npm WARN EBADENGINE Unsupported engine {
npm WARN EBADENGINE   package: 'glob@11.0.0',
npm WARN EBADENGINE   required: { node: '20 || >=22' },
npm WARN EBADENGINE   current: { node: 'v18.19.1', npm: '9.2.0' }
npm WARN EBADENGINE }
npm WARN EBADENGINE Unsupported engine {
npm WARN EBADENGINE   package: 'jackspeak@4.0.1',
npm WARN EBADENGINE   required: { node: '20 || >=22' },
npm WARN EBADENGINE   current: { node: 'v18.19.1', npm: '9.2.0' }
npm WARN EBADENGINE }
npm WARN EBADENGINE Unsupported engine {
npm WARN EBADENGINE   package: 'lru-cache@11.0.1',
npm WARN EBADENGINE   required: { node: '20 || >=22' },
npm WARN EBADENGINE   current: { node: 'v18.19.1', npm: '9.2.0' }
npm WARN EBADENGINE }
npm WARN EBADENGINE Unsupported engine {
npm WARN EBADENGINE   package: 'minimatch@10.0.1',
npm WARN EBADENGINE   required: { node: '20 || >=22' },
npm WARN EBADENGINE   current: { node: 'v18.19.1', npm: '9.2.0' }
npm WARN EBADENGINE }
npm WARN EBADENGINE Unsupported engine {
npm WARN EBADENGINE   package: 'path-scurry@2.0.0',
npm WARN EBADENGINE   required: { node: '20 || >=22' },
npm WARN EBADENGINE   current: { node: 'v18.19.1', npm: '9.2.0' }
npm WARN EBADENGINE }
npm WARN EBADENGINE Unsupported engine {
npm WARN EBADENGINE   package: 'undici@7.2.3',
npm WARN EBADENGINE   required: { node: '>=20.18.1' },
npm WARN EBADENGINE   current: { node: 'v18.19.1', npm: '9.2.0' }
npm WARN EBADENGINE }
