 WARN  Unsupported engine: wanted: {"node":"^20.0.0 || ^22.0.0 || ^24.0.0"} (current: {"node":"v18.19.1","pnpm":"9.4.0"})
packages/abi-coder                       |  WARN  Unsupported engine: wanted: {"node":"^20.0.0 || ^22.0.0 || ^24.0.0"} (current: {"node":"v18.19.1","pnpm":"9.4.0"})
packages/abi-typegen                     |  WARN  Unsupported engine: wanted: {"node":"^20.0.0 || ^22.0.0 || ^24.0.0"} (current: {"node":"v18.19.1","pnpm":"9.4.0"})
packages/account                         |  WARN  Unsupported engine: wanted: {"node":"^20.0.0 || ^22.0.0 || ^24.0.0"} (current: {"node":"v18.19.1","pnpm":"9.4.0"})
packages/address                         |  WARN  Unsupported engine: wanted: {"node":"^20.0.0 || ^22.0.0 || ^24.0.0"} (current: {"node":"v18.19.1","pnpm":"9.4.0"})
packages/contract                        |  WARN  Unsupported engine: wanted: {"node":"^20.0.0 || ^22.0.0 || ^24.0.0"} (current: {"node":"v18.19.1","pnpm":"9.4.0"})
packages/create-fuels                    |  WARN  Unsupported engine: wanted: {"node":"^20.0.0 || ^22.0.0 || ^24.0.0"} (current: {"node":"v18.19.1","pnpm":"9.4.0"})
packages/crypto                          |  WARN  Unsupported engine: wanted: {"node":"^20.0.0 || ^22.0.0 || ^24.0.0"} (current: {"node":"v18.19.1","pnpm":"9.4.0"})
packages/errors                          |  WARN  Unsupported engine: wanted: {"node":"^20.0.0 || ^22.0.0 || ^24.0.0"} (current: {"node":"v18.19.1","pnpm":"9.4.0"})
packages/fuels                           |  WARN  Unsupported engine: wanted: {"node":"^20.0.0 || ^22.0.0 || ^24.0.0"} (current: {"node":"v18.19.1","pnpm":"9.4.0"})
packages/hasher                          |  WARN  Unsupported engine: wanted: {"node":"^20.0.0 || ^22.0.0 || ^24.0.0"} (current: {"node":"v18.19.1","pnpm":"9.4.0"})
packages/logger                          |  WARN  Unsupported engine: wanted: {"node":"^20.0.0 || ^22.0.0 || ^24.0.0"} (current: {"node":"v18.19.1","pnpm":"9.4.0"})
packages/math                            |  WARN  Unsupported engine: wanted: {"node":"^20.0.0 || ^22.0.0 || ^24.0.0"} (current: {"node":"v18.19.1","pnpm":"9.4.0"})
packages/merkle                          |  WARN  Unsupported engine: wanted: {"node":"^20.0.0 || ^22.0.0 || ^24.0.0"} (current: {"node":"v18.19.1","pnpm":"9.4.0"})
packages/program                         |  WARN  Unsupported engine: wanted: {"node":"^20.0.0 || ^22.0.0 || ^24.0.0"} (current: {"node":"v18.19.1","pnpm":"9.4.0"})
packages/recipes                         |  WARN  Unsupported engine: wanted: {"node":"^20.0.0 || ^22.0.0 || ^24.0.0"} (current: {"node":"v18.19.1","pnpm":"9.4.0"})
packages/script                          |  WARN  Unsupported engine: wanted: {"node":"^20.0.0 || ^22.0.0 || ^24.0.0"} (current: {"node":"v18.19.1","pnpm":"9.4.0"})
packages/transactions                    |  WARN  Unsupported engine: wanted: {"node":"^20.0.0 || ^22.0.0 || ^24.0.0"} (current: {"node":"v18.19.1","pnpm":"9.4.0"})
packages/utils                           |  WARN  Unsupported engine: wanted: {"node":"^20.0.0 || ^22.0.0 || ^24.0.0"} (current: {"node":"v18.19.1","pnpm":"9.4.0"})
packages/versions                        |  WARN  Unsupported engine: wanted: {"node":"^20.0.0 || ^22.0.0 || ^24.0.0"} (current: {"node":"v18.19.1","pnpm":"9.4.0"})
Scope: all 38 workspace projects
Done in 569ms
