npm WARN EBADENGINE Unsupported engine {
npm WARN EBADENGINE   package: 'fabric@7.1.0',
npm WARN EBADENGINE   required: { node: '>=20.0.0' },
npm WARN EBADENGINE   current: { node: 'v18.19.1', npm: '9.2.0' }
npm WARN EBADENGINE }
npm WARN EBADENGINE Unsupported engine {
npm WARN EBADENGINE   package: 'cli-truncate@5.1.1',
npm WARN EBADENGINE   required: { node: '>=20' },
npm WARN EBADENGINE   current: { node: 'v18.19.1', npm: '9.2.0' }
npm WARN EBADENGINE }
npm WARN EBADENGINE Unsupported engine {
npm WARN EBADENGINE   package: 'string-width@8.1.0',
npm WARN EBADENGINE   required: { node: '>=20' },
npm WARN EBADENGINE   current: { node: 'v18.19.1', npm: '9.2.0' }
npm WARN EBADENGINE }
npm WARN EBADENGINE Unsupported engine {
npm WARN EBADENGINE   package: 'commander@14.0.2',
npm WARN EBADENGINE   required: { node: '>=20' },
npm WARN EBADENGINE   current: { node: 'v18.19.1', npm: '9.2.0' }
npm WARN EBADENGINE }
npm WARN EBADENGINE Unsupported engine {
npm WARN EBADENGINE   package: 'lint-staged@16.2.7',
npm WARN EBADENGINE   required: { node: '>=20.17' },
npm WARN EBADENGINE   current: { node: 'v18.19.1', npm: '9.2.0' }
npm WARN EBADENGINE }
npm WARN EBADENGINE Unsupported engine {
npm WARN EBADENGINE   package: 'listr2@9.0.5',
npm WARN EBADENGINE   required: { node: '>=20.0.0' },
npm WARN EBADENGINE   current: { node: 'v18.19.1', npm: '9.2.0' }
npm WARN EBADENGINE }
npm WARN EBADENGINE Unsupported engine {
npm WARN EBADENGINE   package: 'nano-spawn@2.0.0',
npm WARN EBADENGINE   required: { node: '>=20.17' },
npm WARN EBADENGINE   current: { node: 'v18.19.1', npm: '9.2.0' }
npm WARN EBADENGINE }
npm WARN EBADENGINE Unsupported engine {
npm WARN EBADENGINE   package: 'ps-list@9.0.0',
npm WARN EBADENGINE   required: { node: '>=20' },
npm WARN EBADENGINE   current: { node: 'v18.19.1', npm: '9.2.0' }
npm WARN EBADENGINE }
npm WARN EBADENGINE Unsupported engine {
npm WARN EBADENGINE   package: 'vite@7.3.1',
npm WARN EBADENGINE   required: { node: '^20.19.0 || >=22.12.0' },
npm WARN EBADENGINE   current: { node: 'v18.19.1', npm: '9.2.0' }
npm WARN EBADENGINE }
npm WARN EBADENGINE Unsupported engine {
npm WARN EBADENGINE   package: 'vitest@4.0.18',
npm WARN EBADENGINE   required: { node: '^20.0.0 || ^22.0.0 || >=24.0.0' },
npm WARN EBADENGINE   current: { node: 'v18.19.1', npm: '9.2.0' }
npm WARN EBADENGINE }
