bun install v1.2.18 (0d4089ea)

+ nodelite-2---HKd6EgcQCJGh2PSjZuUitQBQynKor4wrFbRg4DtAgS1aWO-gU52xpH7M9ScGgXSYmAVS9bIJ8EzuaGw0oNAw--@7.0.3
+ nodelite-2---LApOtY0pEEz1zrd9vy1-zXVaVJJ-EbAF3u0fXIzPJEDtnITsBGbbK0EkM72amhl-R5b-5xx0Y-QhcVOpuulg--@1.4.5
+ nodelite-2--CpweKjqpzTmwRwcYECQcNYbI8V9VSQt0SNFKeEBLgfucbsLssU6Ppq7wUdNXEGb573bMjFhVjKVll8rmV6zMw--@1.1.14
+ nodelite-2--FbBPE1o9QAYvviau-qC5SE3caw21q3xkvWKBtja5vgqOWIHHJ3ioaq1VPfn-Szqctz2bU-oYeKd9-z5BL-PVg--@1.3.3
+ nodelite-2--ImESw0sskqlVR94jB-5-Pxjf-xBwDZF-N5-y2-q4EqD7IARUTSpPfIo8uf39SYpCxyOCtbyYpUrZ3F-k0zT4A--@1.1.21
+ nodelite-2--IxzY9BZOQd-XuYPRmrvEVjF-nqj5kgT4kEq7VofrDoM1MxoRjEWkrCC3EtLi59TVawxTAn-orJwFQcrqEN1-g--@3.0.0
+ nodelite-2--LLMVyas0ljjAtoYiPqYiL8VWXzUUdThrmU5-n20DZv-a-ClRoevUzw5JxU-Ieh5-c87ytoTBV9G1FiKfNJdmg--@18.3.1
+ nodelite-2--LpyBk7L44ZIXwz-VYfglaX-okxezESc6UxDSoyo2Ks6Jxc4Y7sGjpgU9s4PMgqgjj1gZCylTieNamqA1MF7Dg--@1.2.4
+ nodelite-2--NsyUUAZDmo6YVHzL-stxSu3t9YS1iljliy3BSDrXJ-dkn1KYdmtZODGGjLcc9XLgVVpH4KshHB8XmZgMhaBXg--@3.0.1
+ nodelite-2--Pgi-vMuUNkJyExiMBt5IlFoMyKnr5zhJ4Uspz58WOhBF5QoIZkFyNHIbBAtHwzVAgk5RtndVNsDRN61-mmDqg--@4.1.0
+ nodelite-2--Tb-JcjK111nNScGob5MNtsntNM1aCNUDipB-TkwZFhyDrrE47SOx-18wF2bbjgc3ZzCSKW1T5nt5EbFoAz-Vg--@3.0.0
+ nodelite-2--aWOz7yVScEGoKNd4PA10LZ8sk0A-z5-nXQG5giUO5rprX9jgYsTdov9qCchZiPIZezbZH-jRut8nPodFAX4Jg--@1.4.1
+ nodelite-2--djoAN709iY65ETD6LKCtyyEI04XIBP5xVvfmNxsEP0uJB5tyaGBztSryRr4HqMStr9R06PisQE7m9zDTXKu6g--@1.0.20
+ nodelite-2--jfEwNDdQVBCNvjkGit4h6pMOzq8bHkopq458dPt2lMjx-eBQUohZNG9A7DtO-O5ukSbxuaNGXMjHicgwy6rQQ--@1.1.5
+ nodelite-2--wluvCrRhXrhyOmRDJ3q8mux9JkKy5SJ-v8ol2tu4FVjyYvtEzkc-3pK15ET6RKg4b4w4BmTk1-gsCUhf21Ykg--@2.0.0
+ nodelite-2-0-PjqU7geVmo6F734pmPqpyHqiM99olvyecY7zdweCw-6tKEXnrE90pBiBbMMU8s5tICemzpQ3hi5EpxzGW-JA--@8.6.0
+ nodelite-2-0ASV06AAoKCDkS2-xw5RXJywruurpbC4JZSm7nr7MOt1ojAzvyyaO-UxZf18j8FCF6kmzCZKcAgN-yu2gm2XgQ--@4.0.0
+ nodelite-2-0H44vDimn51F0YwvxSJSm0eCDOJTRlmN0R1yBh4HLj9wiV1Dn0QoXGbvFAWj2hSItVTlCmBF1hqKlIyUBVFLPg--@4.0.0
+ nodelite-2-0HEb8R9E8A-jZjvmFCy-J4xhbXy3TV-9XSnGJ3KvTtjlIUy-YQ-p6UYZvi7YbeoeXdyU9-Y3scizK6hkY37baA--@1.1.7
+ nodelite-2-0KpjqXRVvrYyCsX1swR-XTK0va6VQkQM6MNo7PqW77ByjAhoARA8EfrP1N4-KlKj8YS0ZUCtRT-YUuhyYDujIQ--@4.6.2
+ nodelite-2-0NJQ4LFFUuWkE7Oxf0htBKS6zLkkjBH-hM1uk7Ng705ReR8m-uelduy1DBo0PyBXPKVnBA6YBlU94MBGXrSBCw--@1.2.8
+ nodelite-2-0TpaTfihd4QMNwrz-ob2Bp7X04yuxJkjRGi4aKmOqwhov54i6u79oCv7T-C7lo70MKH6BesI3vscD1yb-yzKXQ--@6.1.3
+ nodelite-2-0aO8FkhNZlj-ZIbNi7Lxxr12obT7cL1moPfE4tg1LkX7LlLfC6DeX4l2ZEud1ukP9jNQyNnfzQVqwbwmAATY4Q--@0.2.4
+ nodelite-2-0je-qPKHEMohvfRTCEo3CrPG6cAzAYgmzKyxRiYSSDkS6eGJdyVJm7WaYA5ECaAD9wLB2T4EEeymA5aFVcYXCA--@2.0.3
+ nodelite-2-0kELaGSIDBKvcgS4zkjz1PeddatrjYcmMWOlAuAPwAeccUrPHdUqo-J6LiymHHEiJT5NrF1UVwxY14f-fy4WQw--@1.1.0
+ nodelite-2-0rFg-Rj2Q62NCm62jZw0QX7a3sz6QCQU0LpZdNrJX8byRGaGVTqbrW9jAoIAHyMQqsNpeZ81YgSizOt5WXq0Pw--@1.1.3
+ nodelite-2-0uS76OPgH0hWCPrFKlL8kYVV7ckM7t-36HfbgoFw6Nd0CZVVbQC4PkrR8mBX8LtNUFZO25IQBqV2Hx2ho3FlbQ--@1.22.0-dev.20250409-89f8206ba4
+ nodelite-2-0wDLwCVF5V3x3b1SGXPCDcdsbDHMBe-lkFzBRaHeLvNi-nrrnZ1lA18u-OTWO8iSWU2GxUOCvlXtDuqftc1oiA--@0.5.16
+ nodelite-2-0xO6mYd7JB2YesxDKplafRpsiOzPt9V02ddPCLbY1xYGPOX24NTyN50qnUxgCPcSoYMhKpAuBTjQoRZCAkUDRw--@2.0.2
+ nodelite-2-1C8Obr4GsN3xw--1Ww6PFM84wSQAGsdoTuTWPOj2OizsRDLT4CXTaVjPhkw6ARyDus1B9X-L2LiXHqYYsGnRFw--@0.12.15
+ nodelite-2-1UEWRX6jnOA2y4H5WczZ44gOOjTEmlqv1uNW4GAJEO5-bauCBhv8snY65Iw5-VOS-ghKN9gr2KjnLKxrsvoMVw--@1.1.1
+ nodelite-2-1v7fgQRj6hnSwFpq1Eu0ynr-CDEw0rXo2B61qXrLNdHZmPKgb7fqS1a2JwF0rISo9q77jDI8VMEHoApn8qDoZA--@2.1.0
+ nodelite-2-24e6ynE2H-OKt4kqsOvNd8kBpV65zoxbA4BVsEOB3ARVWQki-DHzaUoC5KuON-BiccDaCCTZBuOcfZs70kR8bQ--@16.13.1
+ nodelite-2-2E9TBm6MDD-xKYe-dvJZAmg3yxIEDNRc0jwlNyDg-4Fil2QcSLjFKGVff0lAf1jjeaArlG-M75Ey-EYr-OJtBA--@4.1.11
+ nodelite-2-2cNEiYDhCWKI-Gs9T0Tiysk136SnR13hhO8yW6BGNyhOC4qYFnwF1nKfD3HFAIXA5c45RrIG1ub11GiXeYd1xA--@2.0.1
+ nodelite-2-2dHfToCj-pzca2Ck724OZ5L0EVrr3eHRNsG-b3xQJLA2hZpVCS99bLAX-hm1IHXDEnzU6by5z-5MIY794-a8NQ--@1.1.1
+ nodelite-2-2qCTHimwdxLfz-YzdGfkqNlH0tLi9xjTnHddPmJwtIG9MGsdbutfTc4P-haPD7l7Cjxf-WZj-we5qfVPvvxfYw--@6.0.0
+ nodelite-2-2qrRsVGSCYasSz1RFOorXwl0H7g7J1frQtgpQgYrt-MOidtPAINHn9CPovQXb83r8ahapdx3Tu0fa-pdFFSdPg--@1.1.11
+ nodelite-2-30iZtAPgz-LTIYoeivqYo853f02jBYSd5uGnGpkFV0M3xOt9aN73erkgYAmZU43x4VfqcnLxW9Kpg3R5LC4YYw--@2.3.0
+ nodelite-2-34R7HTnG0XIJcBSn5XhDd7nNFPRcXYRZrBB2O2jdKqYODldSzBAqzsWoZYYvduky73toYS-ESqxPvkDf-F0XMg--@0.13.1
+ nodelite-2-3BeXMoiOhpOwu62CiVpO6lxfq4eS6KMYfQdMsN-2kUCRNuF2YiEr7u0HLHaQU-O4Xu8YXE3bHVkwaQ85i72EuA--@0.28.9
+ nodelite-2-3LvWJ2q5GerAXYxO2mffLTqOzEu5qnhEAlh48Vnu8WQfnmSwbgagjGZV6BoHKJztENYEDn6QmVd949W4uESRJA--@1.3.8
+ nodelite-2-3UDv-G9CsCKO1WKMGw9fwq-SWJYbI0c5Y7LU1AXYoDdbhE2AHQ6N6Nb34sG8Fj7T5APy8qXDCKuuIHd1BR0tVA--@2.0.4
+ nodelite-2-3Ybi1tAuwAP9s0r1UQ2J4n5Y0G05bJkpUIO0-bI9MhwmD70S5aTWbXGBwxHrelT-XM1k6dM0pk-SwNkpTRN7Pg--@8.5.6
+ nodelite-2-3bYs1rOD33uo8aqJfKP3JWPAibgw8Zm2-L9vBKEHJ2Rg-viTR7o5Mmv5mZcieN-FRYaAOWX5SJATX6k1PWz72g--@3.0.1
+ nodelite-2-3kxEVkEKt0zvcZ3hCRYI8rqrgwtlIOFMWkbclACvjlDw8Li9S2hk-d51OI0nr-gIpdMHNepwgOKqZ-sy0Clpyg--@8.0.3
+ nodelite-2-3yTWghByc50aGS7JlGhk61SPenfE-p1oaFeNwkOOyrscaOkMGrcW9-Cy-QAIOBpZxP1yqDIzFMR0-Np0i0-usg--@5.0.2
+ nodelite-2-52CcUVNFyfb1A2ALocQw-Dd1BQFNmSdkuC3BkZ6iqhdMfQz7JWOFRuJFloOzjk-6WijU56m9oKXFAXc7o3Towg--@1.0.5
+ nodelite-2-55JNKuIW-vq4Ke1BjOTjM2YctQIvCT7GFzHwmfZPGo5wnrgkid0YQtnAleFSqumZm4az3n2BS-erby5ipJdgrg--@1.0.2
+ nodelite-2-5Hh7Y1wQbvY5ooGgPbDaL5iYLAPzMTUrjMulskHLH6wnv-A-1q5rgEaiuqEjB-oxGXIVZs1FF-R-KPN3ZSQYYg--@2.0.3

50 packages installed [526.00ms]
