bun install v1.2.18 (0d4089ea)

+ nodelite-2-ceqxoedUrcayh7Y7ZX6NdbbDzGROiyVBgC4PriJThBKSVPWnnFHZAkfI1lJT8QFkOwH4qOS2SJkS4wvpGl8BpA--@0.18.20
+ nodelite-2-d0II-GO9uf9lfUHH2BQsjxzRJZBdsjgsBiW4BvhWk-3qoKwQFjIDVN19PfX8F2D-r9PCMTtLWjYVCFrpeYUzsw--@3.2.0
+ nodelite-2-dJxPBlzC7NugB2PDLwo9Q8JiTR3M3e4-XANkreKSUxF8vvXKqm1Yfq4Q5dl8budlunRVlUUaDUgFt7eA8D6NLg--@4.1.0
+ nodelite-2-dLmtwB8zkAeO-juAMfnV-sItKjlsw2lKdZVVy6LRr0cBmegxSABiLEpGVmSJJ8O08i4-sGR6qQtb6WtuwJdvVw--@4.0.9
+ nodelite-2-dT9aOXUen9JSsxnMPv-0VqySQf5eDQ6LCk5Sw28kamz8wSOW2bJdlX2Bg5VUIIcV-6XlHpWTIuTPCf-UNIyq8Q--@1.1.10
+ nodelite-2-dWHzHa2WqEXI-O1E9OjrocMTKJl2mSrEolh1Iomrv6U-JuNwaHXsXx9bLu5gG7BUWFIN0skIQJQ-L1rIex4X6w--@1.0.8
+ nodelite-2-dsJ389QImVE3lQvM8Mnk99-j8tiZDM-7706PCqvkQ8sSCnpmWxsgX-g0lj7r5OBVL0U36pIecCTBoIWcM2RuKw--@12.23.6
+ nodelite-2-dzNplnn2Nxle2c2i2rrDhqcB19q9cglCkWnoMTDN9Q9l3PvdjZWd1HfSPjCNWc-p8Q3CT-Es9fWOR0UhAeYQZA--@0.12.10
+ nodelite-2-e3C-RRhGunWYNC3aSF7exsQkdXzQ-M-aYuZHKnw4U7KQwTJotnWsGOIVih0s2qQzmEzOFIJ3-xt7iq67K-p56Q--@4.1.11
+ nodelite-2-e3nRfgfUZ4rNGL232gUgX06QNyyez04KdjFrF-LTRoOXmrOgFKDg4BCdsjW8EnT69eqdYGmRpJwiPVYNrCaW3g--@1.0.1
+ nodelite-2-eAWoPgr4eFEOFfg2WjIsMoqJTW6Z8MTUCgn-GZ3VRpClWBdnbjryiA3ZSNLyxCTmCQx4RmYX6jX1iWHbenUPNQ--@12.23.6
+ nodelite-2-eNv-WrVbKu1f3vbYJT-xtiF5syA5HPIMtf9IgY-nKg0sWqzAUEvqY-xm7OcZc-qafLx-iO9FgOmeSAp4v5ti-Q--@0.27.0
+ nodelite-2-eYm0QWBtUrBWZWG0d386OGAw16Z995PiOVo2B7bjWSbHedGl5e0ZWaq65kOGgUSNesEIDkB9ISbTg-JK9dhCZA--@2.1.1
+ nodelite-2-enxc1h0jA-aq5oSDMvqyW3q89ra6XIIDZgCX9vkMrnz5DFTw-Ny3Li2lFQ-pt3L6MCgm-5o2o8HW9hiJji-xvw--@8.16.3
+ nodelite-2-ewrXRDTAqAXlkl6t-fkXWNAhFX9I-CkKlw6zjEwk86RSPKwZr3xpBRso655aqYafwtnbpHLj6toFzmd6xdVptQ--@1.1.1
+ nodelite-2-eyrF0jiFpY-3drT6383f1qhkbGsLSifNAjA61IUjZjmLCWjItY6LB9ft9YhoDgwfmclB2zhu51Lc7-95b8NRAg--@2.0.1
+ nodelite-2-fL99nxdOWvV4LqjmC-8Q9kW3M4QTtTR1eePs94v5ctGqU8OeceWrSUaRw3JYb7tU3FkMIAjkueehrHPPPGKi5Q--@1.3.8
+ nodelite-2-fMVUDUEx0-uIEDM0Mz3dHznDhfX-znCCDCeIophYb1QGVM7YThSWX-wz11zlYwWFOr74b4QLGg0hrGPJeG2s4A--@8.6.0
+ nodelite-2-fRHTG8g-Gif-kSh50gaGEdToemgfj74aRX3swtiouboip5JDLAyDE9F11nHMIcvOaXeOC6D7SpNhi7uFyB7Uww--@3.6.0
+ nodelite-2-fT-3YFPJzf2WUpqDoQi005GS8EpCi-53VhcLaHUj5fwkPYiZAjk1mSxFvbMA8Uq71L03n-WysuYC-mlKkXxt-Q--@1.4.2
+ nodelite-2-fjquC59cD7CyW6urNXK0FBufkZcoiGG80wTuPujX590cB5Ttln20E2UB4S-WARVqhXffZl2LNgS-gQdPIIim-g--@3.0.2
+ nodelite-2-fnWVljUchTro6RiCFvCXBbNhJc2NijN7oIQxbwsyL0buWJPG85v81ehlHI9fXrJsMNgTofEoWIQeClKpgxFLrg--@1.3.6
+ nodelite-2-fucsC7HjXvkB5R3kTCO7kUjRdrS0BJt3M-FPxmHMBOm8JQi2BsHAHFsy27E0EolP8rp0NzXsJ-jNPyDWvOJZPA--@5.0.0
+ nodelite-2-fyjAACV62oPV925xFCrH8DR5xWhg9KYtJT4s3u54jxp-L-hbpTY2kIeEFFbFe-a-HCE94zGQMZLIpVTPVZDhaA--@1.1.2
+ nodelite-2-g7df9rMFX-SPi34tyGCyUBREQoKkapwdY-T04Qn9TDWfHhAYt4-I0gMVirzK5wEzeUqIjEB-LXC-ypb7Aqno5w--@9.0.1
+ nodelite-2-gHMrgrbCgmT4uK5Um5eVDUohuV9lcs95ZUUN9Px2Y0VIfjTzT2wF8Q3Z4fwLFm7c5Z2OXCm53FHoovj6SlOKdg--@0.3.14
+ nodelite-2-gnGKTpYwqL0Iii09gHobNolvX4Kiq4PKx6eWBCYYix-8cdw-cGo3do906l1NBPKkSWx1DghC1dlWG9L2uGd61Q--@4.0.4
+ nodelite-2-gsc3eZyd2fGqRUThW9-lfjxxsOkz6KNVmRXRgJjP32GL0OnnLJnl3hytKt47CBbiQj2xE2kCw-rnP3UQCThcKw--@1.1.4
+ nodelite-2-gthG3TRD-E3-mA0uDQb9lqBmx1zVosq5kIwxNN6-MRNd085GzD-9VXMPUs-GGZCbZ-GDZdODUq4Pm7CTXK6ipw--@16.1.3
+ nodelite-2-gzUt-qt81nXsFGKIFcC3YnfEAx5NkunCfnDlvuBSSFS02bcXu4Lmea0AFIUwbLWxWPx3d9p8S5QoaujKcNQxcQ--@3.25.76
+ nodelite-2-hFtqIDZTIUZ9BXLb8y4pYGyk6-wekIivNVTcmvk8NoOh-VeRn5y6cEHzbURrWbfp1fIqdVipilzj-lfaadNZmg--@3.0.0
+ nodelite-2-hmbYhX-9MUMF5uh7tOXyK-n0ZvWpad5caBA17GsC6vyuCqaWliRG5K1qS9inmUhEMaOBIW7-whAnSwveW-LtZw--@2.0.1
+ nodelite-2-iBZ4F4wRbyORVsu0jPV7gXkOsGYjGHPmAyv-HiHG8gi5PtC9KI2j1-v8-tlibRvjoWX027ypmG-n0HtO5t7unw--@2.0.1
+ nodelite-2-iFE4hLDuloSWcD7mjdCDhx2bKcIsYbtOTpfH5MHHLSKMOUyjqQXTeZVa289uuwEGEKFoE-BAPbhaU4B774nceg--@0.7.12
+ nodelite-2-iO90scth9WAbmgv7ogoq57O9YpKmFBbmoEoCHDB2xMBY0--KVrqAaCDyCE16dUspeOvIxFFRI-0sEtqDqy2b4A--@3.1.3
+ nodelite-2-ihAqNeUVhe0MAD-X8M5UzqyZ9k3FFZLBTtqo6JLPwV53cbRB-mJwBI0PxcIgqhBBHlEs8G45OTDTMq3gNcLq3A--@5.0.6
+ nodelite-2-ik3ZgC9dY-lYVVM--OISsaYDeg1tb0VtP5uL3ouh1koGOaUMDPpbFIei4JkFimWUFPn90sbMNMXQAIVOlnYKJA--@1.2.6
+ nodelite-2-iwDZqg0QAGrg9Rav5H4n0M64c3mkR59cJ6wQp-7C4nI0gsmExaedaYLNO44eT4AtBBwjbTiGPMlt2Md0T9H9JQ--@6.21.0
+ nodelite-2-j-gKExEuLmKwvz3OgROXtrJ2UG2x8Ch2YZUxahh-s1F2HZ-wAceUNLkvy6zKCPVRkU--ZWQrdxsUeQXmcg4uoQ--@1.1.2
+ nodelite-2-j9ednRT81vYJ9OfVuXG6ERSTdEL1xVsNgqpkxMsbIabzSo3goCjDIveeGv5d03om39ML71RdmrGNjG5SReBP-Q--@1.1.0
+ nodelite-2-jCi-QKUM2r1Ju5a3J64TH2A5SpKAgh0LpknyqdQ4m6DCV0xJ2HG1xARRwNGPQfi1SLdLWZ1OJz6F4OMBBNiGJA--@1.1.2
+ nodelite-2-jQL3lRnocaFtu3V00JToYz-4QkNWswxijDaCVNZRiRTO3HQDLsdu1ZtmIUvV4yPp-rvWm5j0y0TG-S61cuijTg--@1.3.3
+ nodelite-2-jRDZ1IMLttGj41KcZvlrYAaI3CfqpLpfpf-Mfig13viT6NKvRzWZ-lXz0Y5D60w6uJIBAOGq9mSHf0gktF0duw--@4.0.2
+ nodelite-2-jiwQsduEL--M4YBIurjSa-voD86OIytCod0-dbIxFZDLD8NfO1--keXYMfsW8BPcfqwoNjt-y06XcJqAb4KR7A--@1.1.10
+ nodelite-2-jp2L-eY6fn-KgVVQAOqYItbF0VY-YApe5Mz2F0aykSO8gx31bYCZyvSeYxCHKvzHG5eZjc-zyaS5BrBWya2-kQ--@19.2.3
+ nodelite-2-k7Nwx6vuWx1IJ9Bjuf4Zt1PEllcwe7cls3VNzm4CQ1-hgtFUK2bRNG3rvnpPUhFjmqJKAKtjV576KnUkHocg-g--@4.3.5
+ nodelite-2-k9ecfXHmIPuFVI61B9DeLPN0qFHfawM6RsuX48hoqlaKSF61RskNjSm1lI8PhBEM0MRdLxVVm4WmTqJQccH9mA--@10.0.1
+ nodelite-2-k9vJQNBGTxE5AhYDtOYR5rO5fKsspbg51gbcwtbkw2lCdoIILzklulcjJfIDwrtn7XhDeF2M-THwJ2FGrLeV6A--@0.12.4
+ nodelite-2-kGaNbPh1k7AFzgpud-gMdvIm5xuECykRR-JnWKQno9TAXVa6WIVCGTPvYGekIDL4uwCZQSYbUxNBSb1aUo79oA--@4.0.4
+ nodelite-2-kGkGegYIdQsOb4XjsfM97rXsiHaBwco-hFI66oO4s9LU-PLAC5oJ7khdOVFxkhsmlbpUqDAvXw11CluXP-jkHg--@1.1.1

50 packages installed [1006.00ms]
