bun install v1.4.0 (34cbb9a40)

+ nodelite-2-Uo5MC5mfg4OM0jU3up66fmSn6-NE9INK-8-Vn-7sMVcdWg46zfbvvUSjD9EMonVqPi9fbrJH9SXHn48Tr1f2yA--@0.4.2
+ nodelite-2-Up7rBoV77rv29d3uKHUIVubz1BTcgyUK72IvCQAbfbMv584xHcGKCKbWh7i8hPrRJ7qU4Y8IO3IY9m-iTB7P3A--@3.0.4
+ nodelite-2-UpjqSjYZx5FAhceWCRVsW6fX1sEwya1fQ-TKkL53FAlLFR8QKuoKqFlmiL43YUFTcGK3UdEOy3cWTleLQwdSmQ--@3.30.0
+ nodelite-2-UrcABB-4bUrFABwbluTIBErXwvbsU-V7TZWfmbgJfbkwiBuziS9gxdODUyuiecfdGQ85jglMW6juS3-z5TsKLw--@5.2.0
+ nodelite-2-UsZtOYEn4tWU2RGLOXr-o-xjRBftZRlG3dEWoaHr8j4GuypJ3isitGbVyjQKAuMu-xbiop8q224TjiZWc4XTZA--@2.3.0
+ nodelite-2-UvFa-vR-e19XookZF8RzFZBrw2EUkQWxiBW0yYQAhvk3C-QVGl0H3ouca8LDBlBfQKXwmW3huo-59H8rwb1wJw--@3.259.0
+ nodelite-2-Ux4ygGWsu2c7isFWe8Yu1YluJmqVhxqK2cLXNQA5AcC3QfbGNpM7fu0Y8b-z16pXLnFxZYvWhd3fhBY9DLmC6Q--@3.1.1
+ nodelite-2-V-SsTpDqkrWTimiotsyl33ePSjA5-KrithwupuvJ6ztsqPvGv6ge4OredFhPffVXiLN-QUWvE0XcqJaYgt6fOg--@3.0.0
+ nodelite-2-V0hjH4dGPh9Ao5p0MoRY6BVqtwCjhz6vI5LT8AJ55H-4g9-4vbHx1I54fS0XuclLhDHArPQCiMjDxjaL8fPxhw--@4.5.0
+ nodelite-2-V44CbfjNuYhoVmVZ36DDlTfyBNF8dMYzLTcDz5zvoSsx-SViXE8ScMd-kgUMHCtSJZV6izV2x3UzIbGQY-pWsQ--@1.2.11
+ nodelite-2-V6TbZDJ-ZswevgkDNpGt-YqNCiZP9ASfgU-p83uJE6NrGtvSGoOcHLiDCqkMs2-yg7F5qHdLV8d0aS8O26G-KA--@3.0.0
+ nodelite-2-VCjCNfgMsby3tTdo02nbjtM-ewra6jPHmpThenkTYh8pG9ucZ-1P8So4u4FGBek-BjpOVsDCMoLA-iuBKIFXRA--@1.0.1
+ nodelite-2-VFouqOzmUWfIg-tfmpcdV33ewtK-NSwd4ngSe1aG7HFb4BN0ExyY1b8msp-ndFrnlG4V4iC8yXacjFtrwERnaw--@1.0.5
+ nodelite-2-VGQfY-FCc285AhWuwjYxQyUQcYurWlxdKYT4bqwr3Twnd5wP5WSeu52t4tvvuWmljT4EmgEgZCqSieokhtY8hg--@6.2.2
+ nodelite-2-VHC8XgU2fFW7yO1f-b3mxKDje1vmyzFXHWzOYmKEkCEwcLjDtbdLgBQviqj4ZwP4MJkQtRo6Ha2I29lq-B-VxA--@12.0.0
+ nodelite-2-VIMnQi-Z4HT2Fxuwg5KrY174U1VdUIASQVWXXyqtNRtxSr9IYkn1rsI6Tb6HsrHCmB7gVpNwX6JxPTHcH6IoTA--@1.1.0
+ nodelite-2-VJoMs-BWWE7YhzEQyVwvF9n22Eiyr83HotCVrMQzla-OwRovXCgah7AcaEr4hMNj4gJxSdtIbcHGvmJXOoJVHA--@2.1.12
+ nodelite-2-VO5fQUzZtI6C-vx4w-4BWJpg3s-5l-6pRQEHzFRM8WFi4XffSP1Z-4qi7GbjWbvRQEbdIco5mIMq-zX4rPuLrw--@1.0.7
+ nodelite-2-VO9Ht--p3SN7SKWqcrgEzjGbRSJYTx-Q1pTQC0wrWqHx0vpJraQ6GtHx8tvcg1rlK1byhU5gccxgOgj7B0TDkQ--@0.2.13
+ nodelite-2-VQ2MBenTq1fWZUH9DJNGti7kKv6EeAuYr3cLwxUWhIu1baTaXh4Ib5W2CqHVqib4-MqbYGJqiL3Zb8GJZr3l4g--@1.0.6
+ nodelite-2-VRSzKkbMm5jMDoKLbltAkFQ5Qr7VDiTFGXxYFXXowVj387GeGNOCsOH6Msy00SGZ3Fp84b1Naa1psqgcCIEP5Q--@5.0.0
+ nodelite-2-VT0ZI6kZRdTh8YyJw3SMbYm-u-NqfsAxEpWO0Pf9sq8-e94WxxOpPKx9FR1FlyCtOVDNOQ-8ntlqFxiRc-r5qA--@3.2.1
+ nodelite-2-Val9mnv2IWpLbNPqc-pUem-a7Ipj2aHacCwgNfTiK0vJKl0LF-4Ba4-v1oPHFpf3bLYmreq0-l3Gud9S5OH42g--@3.0.0
+ nodelite-2-VbLIA-Kd6f-MDjd-TJBUg2-vNDw66pnvsj2E4RLomjI9dfBuN7d-Yo2UnsqKVyhePjCUZ6xxa2yDuD63IOSIYA--@3.14.2
+ nodelite-2-VgXbyrSNsml4eHWIvxxG-nTL4wgybMTXCV2Un--yEc3aDKKU6nQBZjbeP3Pl3qm9Qg92X-1ng4ffvCeD-zwHgg--@0.2.2
+ nodelite-2-VkQZJbO8zVImzYFteBXvBOZEl1qL175WH8VmZcxF2fZAoudNhNDvHi-doCaAEdU2l2vtcIwa2zn0QK5-I1HQ3Q--@0.1.1
+ nodelite-2-VkndIv2fIB99swvQoA65bm-fsmt6UNdGeIB0oxBs-WhAhdh08QA04JXpI7rbB9r08-nkbysKoya9rtDERYOYMA--@7.0.3
+ nodelite-2-Vo1ab-QXPzZ4tCa8SwIHJFaSzy4R6SHf7BY79rFBDf0idraZWAkYrDjDj8uWaSm3S2TK-hJ7-t1CEmZ7jXw-pg--@3.0.6
+ nodelite-2-Vqs8HTzjpQXZeXdpsfChQTlafcMQaaIwnGwLam1wudSSjlJeQ3bw1j-TLPePgrCnCpUXx7Ba5Pdpf5OBih62NQ--@7.14.0
+ nodelite-2-Vw0lbJ2lvRUqc7-soqygUX216Xb8T3WBZ987oywz6aJqRxcwSVWwr9e-Nqo2m9bxobA9mdbWNNoRY6S9eko1EQ--@4.1.0
+ nodelite-2-VyyPYFlOMNylG45GoAe0xDoLwWuowvf92F9kySqzYh8vmYm7D2u4iUJKa1tOUpS70Ku13ASrOkS4ScXFsTaCNQ--@0.10.0
+ nodelite-2-W0Wvr9HyFXZRGIDgCicunpQ299OKXs9RgZfaukz4qAW-pJhcpUfupc9c-OObPOFueNy8VSrZgEmDtk6Kh4WzDA--@8.0.4
+ nodelite-2-W3Bx6mdkRTGtlJISOvVD-lbqjTlPPUDTMnlXZFnVwi9NKJ6tiAk6LVdlhZMm17VZisqhKcgzpO5Wz91PCt5b0w--@4.3.0
+ nodelite-2-W6--O3JeV9gm3JY6P-vLiC7zzTcJbZhQxXb-p3AvRMpDOPBIg82yXULyZCcwjsihY-bFG-Qw37HkezZbP7fzUg--@0.15.6
+ nodelite-2-W67iLl4J2EXEGTbfeHCffrjDfitvLANg0UlX3wFUUSTx92KXRFegMHUVgSqE-wvhAbi4WqjGg9czysTV2Epbew--@1.13.4
+ nodelite-2-WEi-R0Jmq-IJKydWlKDmryPcmdYSVjL3ekaiEL1L9eo1sUnqMJ-grqmC9cjk7CA7-b2-T397tO5d8YLOH3qYpQ--@6.1.8
+ nodelite-2-WI0DdZ8xFSbgMjR1sFsKABJ-C5OnRrjT06JXbZKexJGrDuPTzZdDYfFlsgcCXCyf-suG5QU2e-y1Wo2V-OapLQ--@1.1.0
+ nodelite-2-WMwm9LhRUo-WUaRN-vRuETqG89IgZphVSNkdFgeb6sS-E4OrDIN7t48CAewSHXc6C8lefD8KKfr5vY61brQlow--@1.1.1
+ nodelite-2-WNLf5Sd8oZxOm-TzppcYk8gVOgP-l58xNy58D0nbUnOxOWRWvlcCV4kUF7ltmI6PsrLl-BgKEyS4mqsGChFN0w--@3.3.8
+ nodelite-2-WPS-HvHQTYnHisLo9McqBHOJk2FkHO-tlpvldyrnem4aeQp4hai3gythswg6p01oSoTl58rcpiFAjF2br2Ak2A--@1.0.2
+ nodelite-2-WPs-bbQw5aCj-x6laNGWLH3wviHtoCv-P3-otBhbOhJgG8qtpdAMlTCxLtsTWA7LH1Oh-bFCHsBn0TPS5m30EQ--@3.0.4
+ nodelite-2-WPsqwxITS2tzx1bzhIKsEs19ABD5vmCVa4xBo2tq-SrV4RNZtfws1EnCWQXM6yh8bD08a1idvkB5MZSBiZsjwg--@4.1.11
+ nodelite-2-WT-d-cgqKkkKySYmqoZ8y3pxx7lx9vVejxW-W4DOFMYVSkErR-w7mf2u8m-y4-xHe7yY9DAXQMWQhpnMuFfScw--@0.33.5
+ nodelite-2-WUj2qlxaQtO4g6Pq5c29GTcWGDyd8itL8zTlipgECz3JesAiiOKotd8JU6otB3PACgG6xkJUyVhboMS-bje-jA--@3.2.0
+ nodelite-2-WUjGcAqP1gQacoQe-OBJsFA7Ld4DyXuUIjZ5cc75cLHvJ7dtNsTugphxIADwspS-AraAUePCKrSVtPLFj-F88w--@2.0.3
+ nodelite-2-WeDYLGPxJb-5EGBoedyJbT0MpoULmwnIPMJMSldkuiMsBAv7N1cRdsTWZWht9vpPOiN3qyiGAtbK2is47-uMFg--@1.1.2
+ nodelite-2-WetobEBbOFt4WutMYNnhkqNG8FDU9ZTLQ7gY0tGdhUKzHo0h-k9TPRZc8WUeKqacZ7gMWMNOjY251izockqWsQ--@3.734.0
+ nodelite-2-WhYv5UEcZrbAtlsnPuChHUAsu-iBPOVaEVsntLBIdpibO0ddy8OzavZz3iL2xVvBZOpolujSliP65Kq0-7KIYw--@2.0.0
+ nodelite-2-Wj7-AMtE9MRnAXa6Su3Lk0LNCfqDYgfwVjwRFVum9U7wsto1imuHqk4kTm7Jni-5A0Hn7dttL6O-zjvUvoo-8A--@2.0.0-rc.21
+ nodelite-2-WkrWp9GR4KXfKGYzOLmTuGVi1UWFfws377n9cc55-tb6DuqyF6pcQ5AbiHEshaDpY9v6oaSr2XCDidGmMwdzIA--@3.0.1

50 packages installed [141.00ms]
