bun install v1.2.18 (0d4089ea)

+ nodelite-2-Rb46I4cGGVBmjamjphe8L-UnvJD-uPPtTkNvX5mZgqdbavhI4EbgIWJiIHXJ8bc-i9EQGPRh4DwEURJ552Do0A--@1.5.0
+ nodelite-2-RbJ5-jmFcNNCcDV5o9eTnBLJ-HszWV0P73bc-Ff4nS-rJj-YaS6IGyiOL0VoBYX-l1Wrl3k63h-KrH-nhJ0XvQ--@4.2.11
+ nodelite-2-RbJRS4UWQFkzHTTwVymMTUv8EqYhOp8dOOviLj2ugtTiXRaRQS7GLGxZTLL1jWhMeoSCf5zmcZkqTl9IiYfXcQ--@1.1.1
+ nodelite-2-RdJUflcE3cUzKiMqQgsCu06FPu9UdIJO0beYbPhHN4k6apgJtifcoCtT9bcxOpYBtpD2kCM6Sbzg4CausW-PKQ--@4.0.0
+ nodelite-2-Re10-NauLTMCudc7T5WLFLAwDhQ0JWdrMK-9B2M8zR5hRExKmsRDCBA7-aV-pNJFltmBFO5BAMlQFi-vq3nKOg--@2.2.2
+ nodelite-2-RpPp0asT-6ufRm--AJVwpViZbGM-MkjQFxJccQRHmISF-22NBtsHqAWmL--pmkPWoIUJdWyeVleTl1wydHATVQ--@3.0.0
+ nodelite-2-RrlKs69MxRGa-l9cMGeI4hzuTSgchOGFHk9lIAuu9EcbSdJ05gDbRsTY67dojAiyUP3ic4PExij5OqDxqSv82Q--@1.29.1
+ nodelite-2-SBrYOvMbDB7cV8ZfNpaiLcgjH-a1c7aK0lK-aNigpf4xWLO8q-o4tcvVurv3c4EOyzn-3dCsYt4GKD42VvJ--A--@7.60.0
+ nodelite-2-SMmC2sactfpJD427WJEDN6PMyznTFMhByK9yLW0gOTtnjzzbsi-Ke-XqsumsavFPwNiXs8jSiYeZTmLCLwO-Fg--@6.0.2
+ nodelite-2-SaLBuwGm3MOViRq2ABk3eLoxwZELpH6zhl3FbAoJ7Vm1gofKx6El1Ib5z23NUEhF9AsGl7y-dzLe5Cw2AArGTA--@3.2.0
+ nodelite-2-SdsKMrI9TdgjdweUSR9MweHA4EJ8YxHn8DFaDisvhVlUOe4BF1tLD7GAj0lIqWVl-dPb-rExr0Btby5loQm20Q--@7.7.3
+ nodelite-2-SjWyZBHJPbqxHOzckOfo8lHisEaJWmwd23XppYFYVh10bU66-Pn5tkVkbkCMZVdbUE5eTCI2nD8OyIP4Z-uwkA--@8.6.0
+ nodelite-2-SzGTfTjR5e9T-sZh5zXqG-oeRQufExxBF6MssXS7HPeZFE98JDhCRZXpSyCfWrWrYrzmnw-RVhlP2AxQm-wkRQ--@16.1.3
+ nodelite-2-T0NIuQpnTvFDATNuHN5roPwSBG83rFsuO-MXXH9-3N1eFbn4wcPjttvjMLEPWJ0RGUYgQE7cGgS3tNxbqCGM7g--@2.1.0
+ nodelite-2-TCglVRtzlffRNxRMEyR36DGBLJpeusFcgMVD9PZEzAKnUs1lKCgX5u9BmC2Yg-LL9MgZDugFFs1Vl-Jp4t-PGw--@1.1.15
+ nodelite-2-TMx7fNbhLk15eqcMt-7Z7S2KF7mfTId-XJDjKE8f-IUcFn0l08-kI4FiYTL-0yuOLmEcbR4Fwe3GJf-NiiMnPA--@8.10.1
+ nodelite-2-TqICwyvJJpBwvGAMZjj4J2n0X8QWp21b9l0o7eXyVJ25YNWYbJDVIyD1bZXE6WtV6RmKJVYmQAKWa0zWOABz2w--@4.1.0
+ nodelite-2-TtpcNJ3XAzx3Gq8sWRzJaVajRs0uVxA2YAkdb1jm2YkPz4G6egUFAyA3n5vtEIZefPk5Wa4UXbKuS5fKkJWdgA--@4.0.0
+ nodelite-2-Tu8jMlcX-9d8-QVzKIvM-uJtp07PKr82IUOYEphaWcoBhIYkoHpLXN3qO59nAI11ripznDsEzEv8nUxBVWajGg--@3.10.1
+ nodelite-2-TwEZ-X-yCJmYfL7TPUOcvBZ4QfoT5YenQiJuX--0th53DE6w0xxLEtfK3iyryQFddXuvkIk51EEgrJQ0WJkOmQ--@7.1.0
+ nodelite-2-U-UORVEq-cTnRIaostJv9AGdV3G6Y-zbVd-12e18jQ5A3c0xL03IhnHuiU4UV69wolOQp5GfR58NW-EgdQhwOA--@0.1.0
+ nodelite-2-UT-q6fwS3c1dHbXv2uFgYJ9BMFHu3fwnd7AYZaEQhXuYQ4hgsxLvsUXzGdKeZrW5xopzDCvuA2N41WJ88I7zIw--@2.15.4
+ nodelite-2-UXWMKhLOwVKb728IUtQPXxfYU-usdybtUrK-8uGE8CQMvrhOpwvzDBwj0QhSL7MQc7vIsISBG8VQ8-IDQxpfQA--@1.2.1
+ nodelite-2-UYqiqemphJcNsFEskc73jQ7B9jgwjWrSayxawS6UVFZGWrAAtkzjxSqnoclCXxWtfwLdzU-vTpcNYhpn43uP1w--@0.18.20
+ nodelite-2-Uak5qklMfzFN5RXltxY6IXRENu-Hgmo9iEgMPOlUs2etSQas2N-hJfbHw37OUy4vldLRXeD0OzL-YRvO2l5acg--@2.0.6
+ nodelite-2-UcjcJOWknrNkF6PLX83qcHM6KHgVKNkV62Y8a5uYDVv9ydGQVwAHMKqHdJje1VTWpljG0WYpCDhrCdAOYH4TWg--@4.2.0
+ nodelite-2-UjgapumWlbMhkBgzT7Ykc5YXUT46F0iKu8SGXq0bcwP5dz-h0Plj6enJqjz1Zbq2l5WaqYnrVbwWOWMyF3F47g--@0.6.1
+ nodelite-2-Um--FxMr9CISWh0bi5Zv0iOD-4cFh5qLeks1qhAopKVAJw3drgKbKySikp7wGhDL0HPeaja0P5ULZrxLkniUVg--@4.1.1
+ nodelite-2-UpS2lUQFi5sKyJSWwM6rO-BnPLvVz1gsyCpPHeZyVuZqi89YH8ksliza4cwaODqKOZyeXmG8juo1ty4QtQofkg--@3.1.1
+ nodelite-2-UrcABB-4bUrFABwbluTIBErXwvbsU-V7TZWfmbgJfbkwiBuziS9gxdODUyuiecfdGQ85jglMW6juS3-z5TsKLw--@5.2.0
+ nodelite-2-UsQUMjcYTsBjTSXw0P3GO0werEQvUY2plgRQuKoCTtkNr45q1DiL51j4m7gxhABzZ0BadoXNsIbg7F3KwiUBbw--@2.2.15
+ nodelite-2-V7-RktU11J3I36Nwq2JnZEM7tNm17eBJz-u25qdxBZeCKiX6BkVSZQjwWIr-IobgnZy-ag73tTZgZi7tr0LrBw--@5.2.2
+ nodelite-2-V8piFfWapM5OmNCXTzVQY-E1rDa53zY-MQ4Y7356v4fFz6vqCyUtIz2rUD44ZEdwg78-jKmMJHj07-C-Z-rcog--@1.1.10
+ nodelite-2-VFMekyQExqIW7xIChcXn4ok29YE3rnuyveW3wZQWWqF4Nv9Wk5rgJ99KzPvHjkmPXF93FXIbBp6YdW3t71-7Vg--@2.0.1
+ nodelite-2-VLvUQ33C-3J-8p-Daf-nYSOsjB4GXp19-S-aGo60m9h1v6XaxjiT82lKVWJCfzhtuZ3yD7i-TPeC-fuKLLOSmg--@3.1.7
+ nodelite-2-VMZBYyQvbGmWyWVea0EHs-BwLgxc-MKi1zLDCONksozI4YJMcTt8ZEuIR4Sb1MMTE8MMW49v0IwI5-b7RmfWlg--@3.1.1
+ nodelite-2-VT2-G1VQs-9oz078bLrYbecdZKs912zQlkelYpuf-SXF-QvZDYJlbx-LSx-meSAwdDFnF8FVXW92AVjjkVmgFw--@1.5.4
+ nodelite-2-Val9mnv2IWpLbNPqc-pUem-a7Ipj2aHacCwgNfTiK0vJKl0LF-4Ba4-v1oPHFpf3bLYmreq0-l3Gud9S5OH42g--@3.0.0
+ nodelite-2-VdQyxFWFT2-FGJgwQnJYbe1jjQoNTS4RjglmSjTUlpUMa95Htx9NHeYW4rGDJzbjvCsl9eLjMQwGeElsqmzcHg--@2.0.1
+ nodelite-2-VpZrUqU5A69eQyW2c5CA1jtLecCsN2U-bD6VilrFDWq5-5UIEVO7nazS3TEcHf1zuPYO-sqGvUvW62g86RXZuA--@2.0.0
+ nodelite-2-VqKjzBLejbSMT4IgbmVgDjpkYrNWUYJnbCGo874u7MMKIWsILRX-OpX-gTk8MqjpT1A-c6HY2dCA77ZN0lkQ2Q--@3.1.0
+ nodelite-2-Vsv7kFaXm-ptHDMZ7izaRsP70GgrW9NBNGswt9OZaVBLlE0SNpDq8eu-VGXyF9r7M0azK3Wy7OlYXsuyYLFzHg--@1.1.1
+ nodelite-2-Vvn3zZrhQZkkBE8LSuW3em98c0FwgO4nxzv6OdSxPKJIEKY2bGbHn-mhGIPerzI4twdxaP8-0-06HBpwf345Lw--@1.1.0
+ nodelite-2-VyyPYFlOMNylG45GoAe0xDoLwWuowvf92F9kySqzYh8vmYm7D2u4iUJKa1tOUpS70Ku13ASrOkS4ScXFsTaCNQ--@0.10.0
+ nodelite-2-W-Adw6ZA6mgvnSnhOki270rwJ42t4XzSK6YWGF--BbVXL6SwCLWfyzBc1lN2m-4RM28KubdBKQ4X5VMoLRNPQw--@0.3.0
+ nodelite-2-WCtabS6t3c8SkpDBUlb1kjOs7l66xsGdKpIPZsg4wR-B3-u9UAum2odSsF9tnvxg80h4ZxLWMy4pRjOsFIqQpw--@1.0.1
+ nodelite-2-WE1ZnhFyBiIjTDW13GbO6JjkiMVVjw5VsvS8ENmvvJsze-caMQ5paxVD44-U68IUVmkXcbsLSoE-VIYsHtbQEw--@1.35.4
+ nodelite-2-WG8wWfDiJlSF5hELjwfjSGOXcBR-ZMhBFCGYe8vERpC39CQYZeq1PQ2kaYHdye3V95d06H89KGMsVCIE4LWo3g--@1.2.13
+ nodelite-2-WPigyYuGhgZ-cTPRXB2EwUw-XvsRA3GqHlsP4qteqrnnjDrApbS7MxcGr-hke5iUoeB7E-gQtrs9I37zAJ0Vjw--@19.2.10
+ nodelite-2-WPs-bbQw5aCj-x6laNGWLH3wviHtoCv-P3-otBhbOhJgG8qtpdAMlTCxLtsTWA7LH1Oh-bFCHsBn0TPS5m30EQ--@3.0.4

50 packages installed [945.00ms]
