bun install v1.4.0 (34cbb9a40)

+ nodelite-2-d65bNlIadxvpb-A2abVdlqKqV563juRnZ1Wtk6s1sIR8uNsXR70xqIzVqxVf1eTqDunwT2MkczEeaezCKTZhwA--@1.0.1
+ nodelite-2-dHwDmrtR-ln8UTHpaIavRSzeIk5-YZTBtLnKwDW3G2t6nAupCiQUvNzNoHBpik63fwUaJPtlnMzXbQrNFWssIA--@4.0.1
+ nodelite-2-dIM5zVoG8xhC6rnSN8uoAgFARwTE7BQs8YwHEvK0VCmfxQXMaOuA1uiR1IPwsW7JyK5iTt7Od-TC9StasS2NPQ--@2.0.0
+ nodelite-2-dMOtzCEd3ABUeSIISmrETiKuyydk1w0pa-gE-uormcTpSYuaNJPbX1NU3JLyscSLjwAQM8bWMhhIlnCqnRvDTw--@8.0.0
+ nodelite-2-dOxs9wrVXHUmA7lc8l-N9NbTJMAaXcYsnNGsMwfXIXQ3rdq-IjWGNYJ52UmNQyRYFcg0jrzRrU16TyGbNjOdNQ--@3.9.2
+ nodelite-2-dOy-3AuW3a2wNbZHIuMZpTcgjGuLU-uBL-ubcZF9OXbDo8ff4O8yVp5Bf0efS8uEoYo5q4Fx7dY9OgQGXgAsQA--@1.1.4
+ nodelite-2-dTZR0KZ0rqIORHFUmG4wFMJwp608gtc2x602hxaFQOmb0L2Ahc--Vcc6QoRWr92VTK7DQmEIqrHbhVCjomTplg--@1.0.2
+ nodelite-2-dYnhHh0nJoMfnkZs6GmmhFknAGRrLznOu5nc9ML-EJxGvrx6H7teuevqVqCuPcPK--3eDrrjQhehXVx9cnkGdw--@0.14.1
+ nodelite-2-dcKFX3jn0MpIaXjisoRvexIJVEKzaq7z2rZKxf-MSr9TkdmHmsU4m2lcLojrj-FHl8mk5VxMmYA-ftRkP-3oKQ--@1.1.1
+ nodelite-2-dcS1ul-9tmeD95T-x28-ehLgd9mENa3LsvDTtzm3vyBEO7RPptvAD-t44WVXaUjTBRcrpFeFlC8WCruUR456hw--@6.0.3
+ nodelite-2-dcyqhDvX1C46lXZcVqCpK-FtMRQVdIMN6-Df5js2zouUsqG7I6sFxitIC-7KYK29KdXOLHdu9zL4sFnoVQnqaA--@1.2.1
+ nodelite-2-ddBvf9PHdy2YY0OUiEl3TV78mH9sckndJR14QAt87KLEbIov81XO0q0QAmvooBxXlqRRP8I9B7XOzZwQG7JkWA--@7.0.14
+ nodelite-2-dgQEX5Amaq-DuUqf26jJqSK9qgixgd6rYDHAv4aTBuA92cTknZlKpPfa86Z-s8Dj8xsAQpFfBmPUHWJBWqS4Bw--@3.0.0
+ nodelite-2-dle9A3yYxlBSrt8Fu-IpjGT8SY8hN0mlaA6GY8t0P5PjIOZemULz-E2Bnm-2dcUOena75OTNkHI76uZBNUUq3A--@8.5.3
+ nodelite-2-dpojBhNsCNN7T82Tm7k26A6G9ML3NkhDsnw9n-eoxSRlVBB4CEtIQ-KTCLI2Fwf3ataSXRhYFkQi3SlnFwPvPQ--@2.2.8
+ nodelite-2-dq-qelQ9akHpcOl-gUVRTxVIOkAJ1wR3QAvb4RsVjS8oVoFjDGTc679wJYmUmknUF5HwMLOgb5O-a3KxfWapPQ--@0.3.0
+ nodelite-2-dqcOFe247I5pKxfuzqfq3seLL5iMYsTgo40Uw7-pKZAntPgFtR7Tmy59P5IVIq-XgB0NQWoIvYDt9TwHkuK8Cg--@1.0.0-beta.2
+ nodelite-2-dqpT8nISx-p9Do3AchvYGV3qYc4-rKr3IBZxlHmpIKam56P47RSHkSF5f13Vu9hebS1jM0HmtJIwLbWz1VIY6w--@1.3.10
+ nodelite-2-drPFnkQJik-O-uPKpqSgr22mpuFHqKdbS835iAQrUC73L2F5WkboIRd63ai-2Yg6I1jzifPFKH2NTK-cfglkIA--@0.5.0
+ nodelite-2-dtKGq0K8EWQBRqcAaePSgKR4Hyjfsz-LkurHSV3Cxk4H-h2fWDeaN2jzABz-ZmOJylgXS7FGeWmbZ6jgYUMdJQ--@1.0.1
+ nodelite-2-dtpw9uQP7W-n3vOtx0CfBD5EWd7EPdIdsQnWTDoFf77e3VUf05uA7R7TGipIo8e4WL2kuPdnsr3hMQn9ziYj5w--@2.2.0
+ nodelite-2-dxrfG8w5Ce-QbT7YID7mWZFKhdhsaTNOYjOkSIMt1qmC4VQnXSDSYVHHHn8k6kJUfIhtLo8t1JJgltlxWdsITw--@6.1.2
+ nodelite-2-e-4odfP2akWQq3WQ8mBkjqqwUcOvjhYmAhfg66IqTdIG15tIY6EOTMx-DhqXlvSDCyBbZPcqHb4-Xe662yPiEw--@2.1.13
+ nodelite-2-e1LleDykUz2Iu-MTYdkSsuWX8lvAjAcs0Xef0lNIu0S2wOAzuTxCJtcd9S3cijlwYF18EsU3rzb8jPVobxDh9Q--@9.3.5
+ nodelite-2-e3C-RRhGunWYNC3aSF7exsQkdXzQ-M-aYuZHKnw4U7KQwTJotnWsGOIVih0s2qQzmEzOFIJ3-xt7iq67K-p56Q--@4.1.11
+ nodelite-2-e3nRfgfUZ4rNGL232gUgX06QNyyez04KdjFrF-LTRoOXmrOgFKDg4BCdsjW8EnT69eqdYGmRpJwiPVYNrCaW3g--@1.0.1
+ nodelite-2-e89uuTLMh0U5cZ9iDpEI2senqPGfbPRTHM-0AaQkcxnpqjkZqDYP8rpfm7edOz8s-pOCOROEy1PIveSW8-fL5g--@13.9.0
+ nodelite-2-eAWoPgr4eFEOFfg2WjIsMoqJTW6Z8MTUCgn-GZ3VRpClWBdnbjryiA3ZSNLyxCTmCQx4RmYX6jX1iWHbenUPNQ--@12.23.6
+ nodelite-2-eBSYY4Y68NNlHbHBMdeDmKNtDgXWhQsJcGqzO3iLUM0GraQFSS9cVgPX5I9b3lbdFKyYoAEGAZF1DwhTaljNAw--@1.8.4
+ nodelite-2-eGuFFw7Upda-g4p-QHvnW0RyTX-SVeJBDM-gCtMARO0cLuT2HcEKnTPvhjV6aGeqrCB-sbNop0Kszm0jsaWU4A--@4.0.1
+ nodelite-2-eHaoauh21twbcl0kkwULhVJ-CzYcy1jUjMikNVMHOQdhr4WIBdExf7PmSgKHKqsSPhpGg6IpTCY2dUX3RycjDg--@3.13.1
+ nodelite-2-eJjuCI5djqU0adTwrHvpDf0xuwNRpwZinCfJ03QjnmIFBM9Ch0u3tn-0EZOhcVNbdEyJ-3yvSVy1dCmmvgtpvQ--@0.1.1
+ nodelite-2-eNTPlAD67BmP31LDINZ3U7HSF8l57TxOY2PmBJ1shpCvpnxBF93mWCE8YHBnXs8qiUZJc9WDcWIeC3a2HIAMfw--@2.2.1
+ nodelite-2-eRnCtTTtGZFpQCwhJiUOuxPQWRXVKYDn0b2PeHfXL6-Zi53SLAzAHfVhVWK2AryC-WH05kGfxhFIPvTF0SXQzg--@1.0.16
+ nodelite-2-eSRppjcPIatRIMC1U6UngP8XFcz8MQWGQdt1MTBQ7NaAmvXDfvNxbvWV3x2y6CdEUciCSsDHDQZbhYaB8QEo2g--@3.3.7
+ nodelite-2-eUdc-Lcm8cYv-14O0gLerjSyeIkf29oKRJAPkkimfJTE5CnaCW6I--1-WtH4zQW9nWkeW03ZRi0rIS-m9eC5CA--@1.2.3
+ nodelite-2-eVRqCvVlZbuw3GrM63ovNSNAeA1K16kaR-LRY-92w0zxQ5-1YzwblUX652i4Xs9RwAGjW9d9y6X88t8OaAJfWQ--@0.3.2
+ nodelite-2-eX2IQ6nFohW4DbvHIOLRB3MHFpYqaqvXd3Tp5e-T-dSH83fxaNJQRvDMhASmkNTsNTVF2-OOopzRCt7xokgPfg--@0.34.3
+ nodelite-2-eXK1UInq2bPmjyX6e3VHIzMLobc4J94i4AWn-Hpq3OU5KkrRC96OAcR3PRJ-pGu6m8TRnBHP9dkXQVsT-COVIA--@1.0.2
+ nodelite-2-eYm0QWBtUrBWZWG0d386OGAw16Z995PiOVo2B7bjWSbHedGl5e0ZWaq65kOGgUSNesEIDkB9ISbTg-JK9dhCZA--@2.1.1
+ nodelite-2-elOQwe6Q8gqZgDA8mrh44qRTQqpIHDcZ3hXTLjBe1i4ph8XpNJnO-aQf3NaG-lriLopI4HMx9VjQLfPQ6vhnoA--@1.3.2
+ nodelite-2-elf6BsTq-AkyNsb2h5cGNst2Mc7dPliVoAPm1fXglC-BM3f2pFA40BaSSv3E5lyHteEawVKLP-8TwiY1DMNb3A--@0.6.4
+ nodelite-2-enIvLvRAFZYXJzkCYG5RKmPfrFArdLv-R-lbQ53BmIMLIry74bjKzX6iHAm8WYamJkhSSEabrWN5D97XnKObjQ--@10.1.1
+ nodelite-2-enhjdwp4D7CXmwLtD6zbcDMbo6-T6WtuuKCY49Xxc6OMOmUWlBEBDREsxxgV2LIdeQPW756-f97GzcgAwp3iLw--@4.1.0
+ nodelite-2-epTbsLuzZ7lPClpz2TyryBfztm7m-28DlEv2ZCQ3MDr5ssiwyOwGH-e5F9CkfWjJ1t4clvI58yF822-GUkjjhw--@1.1.2
+ nodelite-2-es94M3nTIfsEPisRafak-HDLfHXnKBhV3vU5eqPcS3flIWqcxJWgXHXiey3YrpaNsanY5ei1VoYEbOzijuq9BA--@0.4.0
+ nodelite-2-etC7G18aF7KdZguW27GE-wpbrNmYLVT755EsFc8kXpZj8D6AFKxc7OuveinJmiy0bYXAMspJUWsF6CrGpOw6CQ--@3.734.0
+ nodelite-2-ewrXRDTAqAXlkl6t-fkXWNAhFX9I-CkKlw6zjEwk86RSPKwZr3xpBRso655aqYafwtnbpHLj6toFzmd6xdVptQ--@1.1.1
+ nodelite-2-eyrF0jiFpY-3drT6383f1qhkbGsLSifNAjA61IUjZjmLCWjItY6LB9ft9YhoDgwfmclB2zhu51Lc7-95b8NRAg--@2.0.1
+ nodelite-2-ezjmuUvLigH9V4egEaX0SZ-phILx8lb-Zkp1iTqKI-yl-ibPAtVo5o-dLSRAXU9U01LBmaLu3O8Oxd-JpWYCOw--@3.2.1

50 packages installed [121.00ms]
