bun install v1.2.18 (0d4089ea)

+ nodelite-2-rBMvIzlpA8v6E-SJZoo--HAYqsLrkg7MSfIinMPFhmkorw7X-dOXVJQs-QT69zGkzMyfDnIMN2Wid1-NbL3T-A--@1.1.4
+ nodelite-2-rItO-pSdvnvsP4QRB1pmPiNHUskikqtPojZKJPPPAVx9Hj8i8TwMBhofrrAYRhYOOBZH9tgmG5lPqDLuIWPWmw--@7.1.0
+ nodelite-2-rJgTQnkUnH1sFw8yT6VSU3zD3sWmu6sZhIseY8VX-GRu3P6F7Fu-JNDoXfklElbLJSnc3FUQHVe4cU5hj-BcUg--@4.1.1
+ nodelite-2-rRomAK7eIkL-tHY0YPxbc5Dra2gXlI63HL-v1Pdi1a3sC-tJTcFrHX-E86sulgAXeI7rSzDYhPSeHHjqFhqfeQ--@1.30.1
+ nodelite-2-rkfe2pU2NBAYfGaxa3Mqosi7VZEWX5CxKaanRv0vZd4Zhl9fvQrg0VM93dv3xGLGfrHuoTRF3JXH8nb9g-B3fw--@1.3.5
+ nodelite-2-sDvqVY4itsKwwSMEe0jtKgfTh-72Sy3gPmQpjqcQneqQ4PFmr-1I0YA-2-puilhggCe2gJcx5EBAYFkWkdpa5g--@1.1.8
+ nodelite-2-sIMuAMU9IYbE2bkgDby8KLoQKRiBMXn0moXxqLvUmQ7VUu2CvulZLtK8O0x3WQZFvvZhU5sRC2-lOVZdGfudkA--@1.35.1
+ nodelite-2-sNPKHvyjVf7gyjwS4xGTaW-mCnF8wnjtifKBEhxfZ7E-S8tQ0rssrwGNn6q8JH-ohItJfSQp9mBtQYuTlH5QnA--@0.30.17
+ nodelite-2-sPRAnw9CdSsRmEtnsl2WXWdyquogVpB3yZ3dgwJfe8zrOzTsV7cJvmwrKVa-0ma5BoiGJ-BoqkMvawbayKUsqQ--@3.3.2
+ nodelite-2-saHYOzhIQs6wy2sVxTM6bUDsQO4F50V9RQ22qBpEdCW-I--Wmke2HOl6lS6dTpdxVhb88-I6-Hs-438c3lfUow--@2.5.1
+ nodelite-2-seS2Tj26TBVOC2NIc2rOe2y2ZO7efxITtLZcGSOnHHNOQ7CkiUBfw0Iw2ck6xkIhPwLhKNLS8BO-hEpngQlqzw--@1.0.0
+ nodelite-2-shx7oQ0Awen-BRIdkjkvz54PnEEI-EjwXDSIZp86-KKdbafHh1Df-RYGBhn4hbe2-uKC9FnT5UCEdyPz3ai9hQ--@2.0.2
+ nodelite-2-suDmjLVQg78nMK2UZ454hAG-OAW-HQPZ6n--TNDUX-L0-uUlLywnoxJKDou51Zm-zTCjrCl0Nq6J9C5hP9vK-Q--@1.0.7
+ nodelite-2-sxPqmo70LyARJs0w2UclACPUUEqltCkJ6PhKdMIDuJ3gSf-Q--GIe3WKl0Ijb-GyH9lOpUkRAO2wp0GVkLvS9Q--@2.0.1
+ nodelite-2-t2ODlkXBQyn7jkl6TNaw-MtVEVvIGelJDCG41Okq-KwUsJBwQ4XVZsHAVUkK4mBv3ewiAS3PGuUWuY2BoK4ZUw--@1.1.7
+ nodelite-2-t5Fy-nfn-14LuOc2KNYg75vZqClpAiqscVvMygNnlsHBFpSXdJaYtXMcdNLpl-Qvc3P2cB3s6lOV51nqsFq4ag--@7.10.0
+ nodelite-2-tCPWVZWZqWVx2XUsVpJRnH9Mx0ClVOf5YUHerZ5so1OKSlqww4zy1R5ksEdGRcO3tM3zj0PYN6V48TbQCL1RfA--@0.31.4
+ nodelite-2-tJxiiLsmHc9Ax1bz3oaOYBURTXGIRDODBqhveVHonrHJ9--k89qbLl0bcJns-e4t4rvaNBxaEZsFtSfAdquPrw--@1.2.4
+ nodelite-2-tQkJl2GRWh83ui2DiPTJz9wEiMN20syf-5oKfB03yYP7ioZcJwsIK8FjrtLwH1m7C7e-Tt2yYBlrOpdT-dyeIQ--@4.0.3
+ nodelite-2-tVlmA3Vb9n8SZSd-YSbuFR66l87Wiy4du-YE-0hzKQEANA-7cWKH1WgqcEX4pXqxUFQKrWQGHdvEfw00TjFiew--@2.1.15
+ nodelite-2-tY7sVt1yL9ozIxvmbtN5qtmH2krXcBCfjEiCgKGLqunJHvgvZG2Pcl2oQ3kbcZARb1BGEHdkLzcYGO8ynVlieg--@1.2.8
+ nodelite-2-tdQAmyA18i4J7wprpYq8ClcxZy3SC31QMeByyCFyRt7BVHdREQZ5lpzoe5mFEYZUWe-oq8HBvk9JjpibyEV4Jg--@3.2.4
+ nodelite-2-tmMpK00BjZiUyVyvrBK7knerNgmgvcV-KLVyuma-SC-TQN167GrMRciANTz09-k3zW8L8t60jWO1GpfkZdjTaw--@2.2.0
+ nodelite-2-tmbWg6W31tQLeB5cdIBOicJDJRR2KzXsV7uSK9iNfLWQ5bIZfxuPEHp7M8wiHyHnn0DD1i7w3Zmin0FtkrwoCQ--@19.2.0
+ nodelite-2-tsTk4zVjImqdqjS8-AOZg2yNLd1z9S5v-7oUPpXaasDRwEDhB-xnglK1k5cad26lL5-ZIaeREgWWy0bs9y9pPA--@3.8.1
+ nodelite-2-twQoecYPiVA5K-h6SxtORw-Bs3ar-mLUtoPSc7iMXzQzK8d7eJ-R09wmTwAjiamETn1cXYPGfNnu7DMoHgu12w--@2.5.1
+ nodelite-2-uAvq8YA7SaS7v-TrvH-Kwt7LAJihzUqB3FX8VweDsqu3gn5t51M-Bve-V1vVWR9qBAtC6cN68V6b-scxZxDY4A--@1.4.15
+ nodelite-2-uBHU3L3czsIyYXKX88fdrGovxdSCoTGDRZ6SYXtSRxLZUzHg5P-66Ht6uoUlHu9EZod-inXhKo3qQgwXUT-y1w--@0.5.21
+ nodelite-2-uBq4egWHTcTt33a72vpSG0z3HnPuIl6NqYcTrKEg2azoEyl2hpW0zqlxysq2pK9HlDIHyHyakeYaYnSAwd8bow--@16.6.1
+ nodelite-2-uV2QOWP2nWzsy2aMp8aRibhi9dlzF5Hgh5SHaB9OiTGEyDTiJJyx0uy51QXdyWbtAHNua4XJzUKca3OzKUd3vA--@7.0.6
+ nodelite-2-uZhTV-8NBuw0WHkPTrCqDOl0zVe1BIng5ZtHoDk49ME1qqcjYmmLmOf0gELgcRMxN4w2iuIeVso5-6QymSrgmA--@2.0.2
+ nodelite-2-ueDqRbdc4-bkaQT3GIpLQssRlFgWaL-U2z-S31qRwwLWoxHLgry3SIfCwhxeQNbirEUXFa-lq3RL3oBYXtcmIA--@1.1.4
+ nodelite-2-uw6guiW-gcAGPDhLmd77-6lW8QLeiV5RUTsAX46Db6oLhGaVj4lhnPwb184s1bkc8kdVg--h988dro8GRDpmYQ--@0.3.29
+ nodelite-2-v2kDEe57lecTulaDIuNTPy3Ry4gLGJ6Z1O3vE1krgXZNrsQ-LFTGHVxVjcXPs17LhbZVGedAJv8XZ1tvj5FvSg--@4.17.21
+ nodelite-2-vDJMkfCfb0b1A836rgHj-ORuZf4B4-cc2bASQtpeoJLueuFc5DuYwjIZUBrSvx-fO5IrLjLz-oTrB3pcGlhovQ--@1.22.0-dev.20250409-89f8206ba4
+ nodelite-2-vIChWdVG3LG1SMxEvI-AK-FWJthlrqlTu7fbrlywTkkaONwk-UAGaULXRlf8vkzFBLVm0zkMdCquhL5aOjhXPQ--@4.1.12
+ nodelite-2-vPdg-tF6YC-ynuBIJlk1mm7Le0VgW6ub6J2UWnTQ7-D23KXcPI1qy-0vBkgKgd38RCMJavBXpB83HPNFMTb0Fg--@1.1.7
+ nodelite-2-vVC0USHGtMi8-R4Kz8rt6JhEWLxsv9Rnu-lGYbPR8u47B-DCBksq9JarW0zOO7bs37hyOK1l2-oqtbciutL5-Q--@0.25.8
+ nodelite-2-vbavdySgbTTrmFE-EsiqUTzlOr5bzlnJtUv9PynGCAKvfQqjIXbvFdumPM-GxMDfyuGMJaJAU6TO4zc1Jf1i8Q--@7.27.6
+ nodelite-2-vs5t8Apaud9N28kgCrRUdEed4UJ-wWNvicHLPxCa9ENlYuAY31M0ETy5y1vA33YoNPDFTghEbnh6efaE8h4x0Q--@2.0.1
+ nodelite-2-w1vm7AGI8tNXVovOK7TYQHrAGpRF7qQL-ENpT1a743De5Zmay2RbWGKAiYDKIyIuqptns-znCKwNztE2xl1n0Q--@0.1.7
+ nodelite-2-wNB5ooIKHQc-Kui96jE-n69rHFWAVoxn5CAzL1Xdd8FG03cgY3MLO-GF9U3W737fYDSgPWA6MReKhBQBop6Pcw--@1.7.2
+ nodelite-2-wR-XK3D3XcLIZwpbvQwQ5fK-8Ykds1ip7A2Txe0yxncXSdq1L9skcG7blcedkOX-ZcgxGAmLX1FrRGbADwzi0w--@3.0.1
+ nodelite-2-wS-hAgJShR0KhEvPJArfuPVN1-Hz1t0Y6n5jLrGQbkb4urgPE-0Rve-1kMB1v-oWgHgm4WIcV-i7F2pTVj-2iQ--@18.3.1
+ nodelite-2-wgm9Ehl2jpeqP3zw-7mo3kRHFp5MEDhqAdwy1fTGkHAwnkGOVsgpvQhL8B5n1qlb01jV3n-bI0ZfZp5lWA1k4w--@4.0.1
+ nodelite-2-wkQCkSYoOGCRKERFWcxMVMOcYE2K1AaNLU8DXS9arxnLOUEWbOXKXiJUNzEpqZ3JOKpnha3jkFrumEjVliDe7A--@4.0.0
+ nodelite-2-wv8tdUTJ3thSFFFJKtpYKOYiGP2-v96Hvk4Tu8KpCAsTMs6yi-nVmGh1syvSCsaxz45J6Jbw-9DD6g97-NV67Q--@2.1.1
+ nodelite-2-xKvGhPWw3k84Qjh8bI3ZeJjqnyadK-GEFtazSfZv-rKeTkTjOJho6mFqh2SM96iIcZokxiOpg78GazTSg8-KHA--@11.0.5
+ nodelite-2-xQcBGDxJb6jjFCTzvQtfiPn6YvvP2O8U1MDIPNfJQlWMYfktPy-iGsHE7cssjs7y84d9fQaK4UF3RIJaAHSoYA--@1.1.17
+ nodelite-2-xceH2snhtb5M9liqDsmEw56le376mTZkEX-jEb-RxNFyegNul7eNslCXP9FDj-Lcu0X8KEyMceP2ntpaHrDEVA--@1.1.1

50 packages installed [272.00ms]
