bun install v1.2.18 (0d4089ea)

+ nodelite-2-WmoN8qaIAo7WTYWbAZuG8PYEhn5fkz7dZrqTBZ7dtt--lL2Gwms1IcnQ5yHqjDfX8Ft5j4YzDM23f87zBfDe9g--@1.3.0
+ nodelite-2-XM-E4WXl0OqUJFovy6GjmxxFyx9opfCAIUku4dlKRd5YEPqt4kALOkQOp0Of6reHuUkJuiPBEc5k0o4z4lTC8A--@1.1.7
+ nodelite-2-XMQ2rs6FNXasGNfMjzbyroSwKwYbZ-T3IxruSS6U2MJRsSYh3wYtG3o6H00ZlKZ-C-UPOAD97tqgQJNsxyeTXw--@1.1.8
+ nodelite-2-XQLu552iSctvnEcgXw6-Sx75GflAPNED1qx7eBJ-wydBb2KCbRZe-NwvIEEMM83uml1-2WSXpBAcp9IUCgCYWA--@2.1.0
+ nodelite-2-XZr4GnFPbjvf8wip8AAjTrpGNn3Sba600zT-DgsR3NNCMWCt9aD8-nuRah6BHwHWnVP1nfnby07tPmti72SRBw--@1.4.15
+ nodelite-2-Xe6rDdJlkmbFRExpTOmRj9N3MaWmbAgdpSrBQvCFqhezUn4AHqJHbaEnfbVYYiexVSs--tqOdY-DxhjdCiJnIA--@2.0.1
+ nodelite-2-XelQVTDWvqcl3axRfI0xSeoVKzyIFPwsAGSLIsKdJKQMXDYJS4WYrBNF-8J7RdhIcFI2BOHgAifggsvsxp-3-A--@3.0.1
+ nodelite-2-XlOlEbQcE9fmuXxrVTXCTlG2nlRXa9Rj3rr5Ue--tX-nmkgbX720YHh0VR3hBF9xDvwnb8D2shVGOwNx-ulArw--@2.0.1
+ nodelite-2-XnbHrrprsNqZKQhStrSwgRUQzoCI1glLzdw79xiZPoofhGICeZRSQ3dIxAKH1gb3OHfNf4d6f-vAv3kil2eggA--@1.1.2
+ nodelite-2-Xo1--GU0JEN-C-dvcammKHzeM6NqKovG-6921MR6oadee5XPBaKOumrJCXvopJ-Qb5TH7LX-UAywbqrP4lax0g--@4.1.11
+ nodelite-2-XsLw1dEOpkSX-WucdqUhPWP7hDxSvZiY-fsUC14h-FtQ2Ifni4znbBt8punRX-Uj2JG-uDb8nEHVKvrVlvdZ5Q--@1.4.5
+ nodelite-2-Y2Jn2idRrLzUfAKV2LyRImR-y4oa2AntrgID95SHJxuMUrkNXmanDSed71sRNZysveJVt1hLLemQZIady0FpEg--@3.2.1
+ nodelite-2-Y2p-nGf1bF2XMttBnsVPHUWzRRZzqUoJAKmiP10b5umnO6DDrWI0BrGDJy1pOHoOULVmGSfFNkQrAlC5dcj6nQ--@0.1.11
+ nodelite-2-Y8T4vYhEfwJOTbouREvG-3XDsjr8E3kIr7uf-JZ0BYloFsttiHU0WfvANVsR7TxNUJa-WpCnw-Ino-p-DeBhBQ--@1.0.9
+ nodelite-2-YM3-ITh2MJ5MtzaM429anh-x2jiLVjqILF4m4oyQB18W7Ggea7BfqdH-wGMK7dDiMghv-6WG7znWMwUDzJiXow--@1.0.0
+ nodelite-2-YSjEfBXnhUELsO2VzjdtYYD4CfQjvao-lhhrX5XsHD7-cyUNzljF1FHEbgTPN7LH2MClfwRMIsYlqTYpKTTe2A--@1.2.9
+ nodelite-2-YT1GqPSL8kJn20djelMX7-cTRp-Y9w5IZHvfxQTVHrOqa2yMl7i-UfMqKRU5V7mEyKTrUVgJXhNQPVCG8PBLoQ--@2.1.7
+ nodelite-2-YW6sblI7xukSD2TdbbaeQVDysIm-UPJtObHJHKxDEcW2exAtY47j52f8jZXkqE1krdnkhCMGqP3dbniu1Te2Fg--@4.1.11
+ nodelite-2-YgCtzMH0ptvZJslLM1ffsY4EuGaU0cx4XSdXLRFae8bPP4dS5xL1tNB3k2o-N64cHJpwU7dxKli-nZ2lUa5fLg--@1.2.7
+ nodelite-2-YgvUTfwqyc7UXVMrB-SImsVYSmTS8X-tSrtdNZMImM-n7-QTriRXyXim0mBrTXNeqzVF0KWGgHPeiyViFFrNDw--@5.0.0
+ nodelite-2-Yq6lvO9HQyPwev1onK1daHCHqXVLzPhSVjmsNjCa2Zcxy2f7uJD2itDtxknv6FzAKCwD1qQkeVDmX-cev13n-g--@1.1.7
+ nodelite-2-Yw0ECSpJoViF1qTU4DC6NwtC4aWGt1EkzaQB8KPPyCRR8z9TWeV0HbEFGTO-ZY1wB22zmxnJqhPyTpOVCpeHTA--@2.0.2
+ nodelite-2-YyFaikqM5sH0ziFZCN3xDC7zeGaB-d0IUb9CATugHWbd1FRFwWwt4ld4OYMPWu5a3Xe01mGAULCdqhMlPl29Jg--@2.0.4
+ nodelite-2-YyUI6AEuY-Wpt8KWLgZHsIU86atmikuoOmCfommt0LYHiQSPjvX2AcFc38PX0CBpr2RCyZhjex-NS-LPOv6YqA--@3.1.0
+ nodelite-2-Z71C7LGD-YDYo3TV81paUs8f3Zbmkvg6VLRQpKYfzioOE6n7fOhA3ApK-V-2Odolxjoc4ENk8AYCjohCNayd5A--@1.1.15
+ nodelite-2-ZClg6AaYvamvYEE82d3Iyd3vSSIjQ-odgjaTzRuO3s7toCdFKczob2i0zCh7JE8kWn17yvAWhUVxvqGwUalsRA--@5.0.1
+ nodelite-2-ZFkClGpWyI2WUQjdLJ-BaGuV6AVQiJ3uELGk3OYtP-B6yCO7Cmn9vPFXVJkRaGkOJu3m8bQMgtyzNHixULceQA--@1.1.2
+ nodelite-2-ZUKRh6-kUFoAiTAtTYPZJ3hw9wNxx-BIBOijnlG9PnrJsCcSjs1wyyD6vJpaYtgnzDrKYRSqf3OO6Rfa93xsRg--@1.2.0
+ nodelite-2-ZVWUcfwY4E-yPitQJl481FjFo3K22D6qF0DuFH6Y-nbnE11GY5uguDxZMGXPQ8WQ0128MXQD7TnfHyK4oWoIJQ--@0.2.12
+ nodelite-2-Zf5H2Kxt2xjTvbJvP2ZWLEICxA6j-hAmMzIlypy4xcBg1vKVnx89Wy0GbS-kf5cwCVFFzdCFh2XSCFNULS6csw--@1.3.0
+ nodelite-2-ZoFkBBz9zv9GWer7wIjvdRxmh2wyc2oKWw6C6CseWd6-yq1DK-l5lJ-wnsmFwJZbBYqr02mrf8A2q-CVCuM3ZA--@1.1.9
+ nodelite-2-a7Vr4Q-kd-aw96bnJG332W9V9LkJO69JRcaCYDUqjp6-z0w6VcZjgAcTbgFxEPfBgdnAwlh3iwu-hLopa-flJw--@1.2.1
+ nodelite-2-aGTxbpbg8-b5JfU1HXSrbH3wXZuLPJcNEcZQFMxLs3oSzgtVu6nFPkbbGGUvBcUjKV2YyB9Wxxabo-HEH9tcRQ--@0.2.10
+ nodelite-2-aN97NXWF6AWBTahfVOIrB-NShkzi5H7F9r1s9mD3cDj4Ko5f2qhhVoYMibXF7GlLveb-D2ioWay8lxI97Ven3g--@6.0.1
+ nodelite-2-aVx8ztPv7-2ULbArGJ2Y42bG1mEQ5mGjpdvrbJcJFU3TbYybe-QlLS4pst9zV52ymy2in1KpFPiZnAOATxD4-Q--@4.4.0
+ nodelite-2-aeNmHnBxbi2St0au6VBVC7JXFlhLlOnvIIlePNniyUNAClzmtAUEY8-pBiK3iHjufOlwA-c20-8jngo7xcrg8A--@1.2.3
+ nodelite-2-asqfZ4GQS0hD876Uw4qiUb7Tr-V5Q-JZuo2L-BtdrD4U40QU58nIRq3ZSgAzJgT874VLjhGVacaYfrdpXtEvtA--@0.5.3
+ nodelite-2-auHyJ4AgMz7vgS8Hp3N6HXSmlMdUyhSUrfBF16w153rxtLIEOE-HGqaBppczZvnHLqQJfiHotCYpNhl0lUROFQ--@4.10.1
+ nodelite-2-b6jSvxvVnyptAiLjbkWLE-lOnR4lfTtDAl-eUC7RZy-QQWc6wRzIV2CE6xBuMmDxc2qIihtDCZD5NPOFl7fRBQ--@2.2.3
+ nodelite-2-bEqo66MRXsUGxWHV5IP0PUiAWwoEjba4VCzg0LjFJBpchPaTfyfCKTG6bc5F8ucKec3q5y6qOdGyYTSBEvhCrg--@3.0.0
+ nodelite-2-bJFoMATwIGaxxx8VJPeM8TonI8t579oRvgAuT8zFugJsJZgzqv0Fu8Mhp68iecjzG7cnN3mO2dJQ5uUM2EFrgQ--@22.16.5
+ nodelite-2-bKr1DkiNa2krS7qxNtdrtHAmzuYGFQLiQ13TsorsdT6ULTkPLKuu5-GsFpDlg6JFjUTwX2DyhMPG2be8uPrqsQ--@2.0.1
+ nodelite-2-bRISgCIjP20-tbWSPWMEi54QVPRZExkuD9lJL-UIxUKtwVJA8wW1Trb1jMs1RFXo1CBTNZ-5hpC9QvmKWdopKw--@3.1.2
+ nodelite-2-bXE4cR-kVZhKZX-RjPEflHaKVhUVl85noU3v6b8apfQEc1x4A-zBxjZ4lN8LqGd6WZ3dl98pY4o717VFmoPp-A--@2.0.4
+ nodelite-2-bl6mpH3T7I3UFxuvDEXLxy-VuFxBk5bbzplh7tXI68mwMokNYd1t9qPBHlnyTwfa4JGC4zP516I1hYYtQ-vspA--@1.0.7
+ nodelite-2-bpIxvq03if6UNwXZ-HTK71JLh4APvnXntDc6XOX8UVq4XQOVl7lwok0AvIl-b8zgCw3fSaVTZMpAPPagXbKmHQ--@1.1.9
+ nodelite-2-bysYuiVfhxNJuldNXlFEitTVdNnYUc-XNJZd7Qm2a5j1vZHgY-fazadNFWFaMK-2vye0JVlxV3gHmC0WDfAOQw--@2.1.1
+ nodelite-2-c3cVx2y4KqUnwopcO9b-SCdo2O67LwJJ-UyqGfbigahfegL9myoEFoDYZgkT7f36T0bLrM9hZTAaAyH-PCAXjw--@2.0.1
+ nodelite-2-c6fcElNV6ShtZXmsgNgFFV5tVX2PaV4g-MOAkb8eXHvn6sryJBrZa9r0zV6-dtTyoCKxtDy5tyQ5ZwQuidtd-Q--@1.2.0
+ nodelite-2-ccUbYk6CwVdkmCQMyr64dXz42EfHGkPQlBj5p7YVGzq8I7CtjXZJrubAYezf7Rp-bjPseiROqe7G6foFd-lEuw--@2.0.2

50 packages installed [177.00ms]
