bun install v1.4.0 (34cbb9a40)

+ nodelite-2-f3qQ9oQy9j2AhBe-H9VC91wLmKBCCU-gDOnKNAYG5hswO7BLKj09Hc5HYNz9cGI--xlpDCIgDaitVs03ATR84Q--@3.1.3
+ nodelite-2-fDW-EZ6Q9RiO8eFG8Hj-7u-oW-XrPTIChwCOM2-th2A6OblDtYYIpve9m-KvI9Z4C9qSEXlaGR6bTEYHReuglA--@1.0.6
+ nodelite-2-fDlsI-kFEx7gLvbecc0-ohLG50fugQp8ryHzMTuW9vSa1GJ0XYWKnhsUx7oie3G98-r56aTQIUB4kht42R3JvA--@11.0.1
+ nodelite-2-fE-qI43yR5pAMpeqPxGqQq9jDHXEPqXskuxNHERMW0PYMdPyem2Cw6goc5F4qeZO3Hf6uPZgHkvJz2OAq7TbBw--@3.3.19
+ nodelite-2-fJ7cW7fQGCYAkgv4CPfwFHrfd-cLS4Hau96JuJ-ZTOWhjnhoeN1ub1tFmALm--lW5z4WCAuAV9bm05AP0mS6Gw--@11.9.0
+ nodelite-2-fNxRUk1KhjSbnbuBxlWSnBLKLBNun52ZBTcs22H-xEEzM6Ap81ZFTQ4bZBxVQGQgVY0xugKGoRcCbaKjLQ3XZA--@7.1.0
+ nodelite-2-fNzuVyifolSLFL4NzpF-wEF4qrgqaaKX0haXPQEdQ7NKAN-WecoKMHV09YcuL-DHxrUsYQOK3MiuDf7Ip2OXfQ--@4.2.8
+ nodelite-2-fOBV8C1FIu2ELinoILQ-ApxcUKz4ngq-IWUYrxSGjXzzjUALijilampwkMgEtJ-h2njAW3pi853QpzNVCHB73w--@3.0.6
+ nodelite-2-fPcbPKx4zF45jBvQ0z7PCdgejVAPBBCZxwqk1k7krQNfpM07Cfj97-Q6wBzvYqlWXx-zt1S9-m8vnfCe06umbQ--@4.5.0
+ nodelite-2-famxyD5emrGGpFuUlgOP6fVW2h-ZaF405G5KDi3zPHzyjAWys-8W6NAVJtNbkCkhedmvL0xOhvt8feGXyXaw5w--@3.32.1
+ nodelite-2-ffMqzciTDihOKH4Q--9Ond1yb5JP1P5FC-aFPsLK4blea1Fwk2aYctiNCkAh5etDYFswFXS-5LV-vuGkf-PU6A--@7.0.4
+ nodelite-2-fiUIYgIgRjMWznk6iLJz35K2YxSLHzLBA-RC6lBrKfQ8fHbPfvk7Pk9UvpKoHgJjI18MnbPuEju53zcVy6KF1g--@4.0.1
+ nodelite-2-fjquC59cD7CyW6urNXK0FBufkZcoiGG80wTuPujX590cB5Ttln20E2UB4S-WARVqhXffZl2LNgS-gQdPIIim-g--@3.0.2
+ nodelite-2-fluxdy7ryD3MV6h8pTfTYpy-xQzCFC7m89nOH9y94cNqJ1mDIDPut7MnRHI3F6qRmh-cT2fUjG1MLdCNb4hE9A--@1.2.16
+ nodelite-2-fo-QhuU3qE-2TQMQmbVMqaQ6EWbMhi4ABWP-O4AM1NqPBuy0OrApV5LO6BrrgnhtAHS2NH6RrVk9OL181tTi8A--@1.1.3
+ nodelite-2-fsiMgd8toyUba6n1WRmr-qACzXltpdDkPTAaDqc8QqPBUzO--JKwL6bUBseHVi8tu9l-3JOK-tSf7cay-4B3LA--@2.2.0
+ nodelite-2-fucsC7HjXvkB5R3kTCO7kUjRdrS0BJt3M-FPxmHMBOm8JQi2BsHAHFsy27E0EolP8rp0NzXsJ-jNPyDWvOJZPA--@5.0.0
+ nodelite-2-fyjAACV62oPV925xFCrH8DR5xWhg9KYtJT4s3u54jxp-L-hbpTY2kIeEFFbFe-a-HCE94zGQMZLIpVTPVZDhaA--@1.1.2
+ nodelite-2-g-osARvjkBXb6Wo0XvAeXQohVta8i84ACbenPpoSsxTOQH-Ae0-RGP4WZgnMH5pMLpsj4FG7OHmcIcXxpza8eQ--@11.1.1
+ nodelite-2-g25XLYqJuJpt0-YoYz2Rab8ax-hBfbssllcEFh0v0jiwfk2gwTWfRU9KAZUvxIqbV8Nm8EBmrYychDpDcvW1kw--@3.12.2
+ nodelite-2-g6mn5m-Y6GBJ4wxmBYqalK9Sp0CFkUqfNzUy2pJglUginz6ZpWbaWjDB4fbQ-8SHzFjYbtU6Ddlp1pc-PPNDVA--@3.21.0
+ nodelite-2-g7nF-u733-O1InQ-9JnCSbRs0DRJhXdEQUbJsofbOEsQvBzNUBFjbYjBcLWUeoQ2maj0WSIl3-aZoEOL8vqk6Q--@0.13.22
+ nodelite-2-g7nH6P6dyDioJogAAGprGpCtVImJhpPk-roCzdb3fIh61-s-nPsfR6onyMwkCAR-OlC3yBC0lESvUoQEAssIrw--@2.0.0
+ nodelite-2-g9Q1haeby36OSStwb4ntCGGGaKsaVSjQ68fBxoQcutl5fS1vuY18H3wSt3jFyFtrkx-Kz0V1G85A4MyAdDMi2Q--@3.0.0
+ nodelite-2-g9gZnnXVq7gM7v3tJCWV-qw7w-KeOlSHAhgF9RytFyifW6AF61hdT2ucrYhPq9hLs5JIryeupHV3qGk95dH9ow--@0.0.20
+ nodelite-2-gCWUn9547K5bwvOn9l5XGAEjVTTRji4aPTqLzGXHvIr6bIDZKNTA34seMPgM0WmSf-RYBH411VavCejp3PkOeQ--@0.34.3
+ nodelite-2-gDKb8aZMDeD-tZWs9P6-q0J9Mwkdl6xMV8TjnGP3qJVJ06bdMgkbBlLU8IdfOsIsFz2BW1rNVT3XuNEl8zPAvw--@4.0.0
+ nodelite-2-gEhi-jSBhZ2m6wjV530Yy8-fNqG8PAinM3oV7CyO-6c3CEh16Eizm21uHVsyVBEB6RIM8JHIl6AGYCv6Q6Q9Tg--@1.9.4
+ nodelite-2-gIXjKqtFuWEgzFRJA9WCQeSJLZDjgJUOMCMzxtvFq-37KojM1BFGufqsCy0r4qSQmYLsZYMeyRqzIWOMup03sw--@3.3.1
+ nodelite-2-gLXCKdN1-j47AiHiOkJN69hJmcbGTHI0ImLmbYLHykhgeN0jVGola9yVjFgzCUklsZQMW55o-dW7IXv3RCXDzA--@2.7.0
+ nodelite-2-gPXcIEUtw7VlK8f-QcruNXm7q-T5hhvGu9tl63LsJPZ27exB6dtNwvh2HIi0v7JcXJ5emBxB-CJxwaLEdJfA-g--@4.0.1
+ nodelite-2-gQpih-pbq3sP4uXltUeCSbPgZxTNp2gQd8639SaIbQMwgA6oJNHLhIART1fWy6DQACngiRzDVULA2x0ohmkGTQ--@4.20251011.0
+ nodelite-2-gd0sGezQYCbWSbkZr75mln4YBidWUN60-devscpLF5mtRDUpiaTvKpBNrdaCvel1NdR2k6vclXybU5fBd2i-nw--@2.0.0
+ nodelite-2-gdudFPf4QRQ5pzj7HEnu6FhKRi61BfH-Gk5Yf6O0KiSbr1LlVhgjThcvjdu658VE6Nve8vaIWB8-fodmS1rBPQ--@4.0.1
+ nodelite-2-gew4GsXizNgdoRyqmyfMHyAmXsZDk6mHkSxZFCzW9gwlbtOW44CDtYavM-y-72qD-Vq2l550kMF52DT8fOLJqQ--@1.15.9
+ nodelite-2-gkcUx2ROhCiGNAYd2BaTejakXUUNLPnnoJ5-V-mN480pN-OrO8-2V9pqb-IQmpqxLsso93zkM3A4wFHHLBBmPQ--@3.5.8
+ nodelite-2-gphr-v0mv2I3Oxt19VdWRRUxq3sseyUpX9DaHpTUmLj92Y10AGy-XOtV-kbM6L-fDcpx7-ISDFK6T8A-P3lOdQ--@2.1.3
+ nodelite-2-gptHNQghINnc-vTGIk0SOFGFNXw7JVrlRUtConJRlvaw6DuX0wO5Jeko9sWrMBhh-PsYAZ7oXAiOnf-UKogyiw--@2.0.1
+ nodelite-2-grQ1ipham743ch2c3--C8Isk6toJnxJSyDiwUI-IWUCh4CZFD6aYVw6UAY40IpCnjrq5aXGwiv5OZJn6Pr0hvg--@8.0.6
+ nodelite-2-gsyyr9NtfPS1QNWV-YQMcoO5tLStTwp-So2I6jnPWmCFmqY8JEM1csBoq0nbFtuRsjYypC-Bm09pprUyLL-Zjg--@1.1.2
+ nodelite-2-gtI4jzMS4FEaTxq4FZcUJ3tjhMzi442bMvkLJglwrY68zAwGGLI0jtx9NyiC6i-ikwEjgpdZk-J45AeCHUxd0Q--@0.12.43
+ nodelite-2-gtRkzYTGafnm1FPpiNO8VBmJrYMoxhDlGPYDVcijzx3DlF8dhWnowuSBCxLSi-MJMx5hvwrX2A-e-q0QAeHqmw--@3.734.0
+ nodelite-2-guoy26JQktXPcz-0n3GukWIy-JDNKti9v6VEMu6kV2sYBsWuGiTU8OWdg-ADfUbHg3-3DlqySDe7JmdHrktiww--@10.11.1
+ nodelite-2-gv3ZRaISU3fjPAgNsriBRqGWQL6quFx04YMPW-zD8XMLsU32mhCCbfbO6KZFLjvYpCZ8zyDEgqsgf-PwPaM7GQ--@1.5.0
+ nodelite-2-h80JrZu-MHUZCyHu5ciuoI0-WxsCxzxJTILn6Fs8rxSnFPh-UVHYfeIxK1nVGugMqkfC4vJcBOYbkfkwYK0-gw--@4.1.1
+ nodelite-2-h8lQ8tacZYnR3vNQTgibj-tODHI5--l06Au2Pcriv-Gmet0eaj4TwWH41sO9wnHDiQsEj19q0drzdWdeAHtweg--@3.0.0
+ nodelite-2-h9DqehX3zZZDCEm-xbfU0ZmwCGFCAAraPJWMXJ4-v32NjZJilVg3k1TcKsRgIb8IQ-izZSaydDc1OhJCZvs2Dw--@6.1.0
+ nodelite-2-h9huwWjNqYyE2FXZZewWqmCdkw1HeFds5q4Siuoms3hUQC5iPJK3aBmkFZoDSLN4UD0Bl8G22L-NdHpeOr--7A--@3.5.4
+ nodelite-2-hC8F6qTBbuHRI-uqDgqqi6J0R4GtEZcgrZPhFQnMhfJs3MnUTGSnR1NSJCJs5VWlMydu0kJz15M640fJlRsIOw--@4.0.1
+ nodelite-2-hE3x9Sbqy64g-lcFIq7BF9IS1tSOyfBCyHf1xBgevWeFIDTWh647URuCNWoEwtw4HMEhO2MDUQcKf1PFh1dNDA--@3.734.0

50 packages installed [300.00ms]
