bun install v1.4.0 (34cbb9a40)

+ nodelite-2-EPD5q1uXyFxJpCrLnCc1nHnq3gOa6DZBocAIiI2TaSCA7VCJ1UJDMagCzIkXNsUYfD1daK--LTEQ8xiIbrHtcw--@1.0.2
+ nodelite-2-EUos465uvVvMJehckATTlNqGj4UJWkTmdWuDMjqvSUkjGpmOyFZBVwb4knxCm-k2GMTXY-c-5RkdndzFYWeX5A--@4.0.2
+ nodelite-2-EVBHUdUYwj--XqAEiQg2fGi8Reccznba0uyQ3gPejF0pAc390Q-J5aqiTEDfiCM7uJ6WHxTM6lcCqHQBISk2dQ--@3.7.2
+ nodelite-2-Ec-0d38EIuvDF-GZjcMU-Ze6MxntVJYO-fRlCPhCaVUyPY9WTalHJw54tp9sXeJo3tlShWpy41vQRgLRGOuz-w--@2.0.2
+ nodelite-2-EiPU8G6dQG0GFHNR8ljnZFki-8a-cQwEQ-7wpxdChl02Q8HXlwEZWD5lqAF8vC2sEC3Tehr8hy7vErz88LHyUA--@3.4.0
+ nodelite-2-EiarfbpHcvmeyXvXcr6XLaHkNHuGc4g7fBVEiDPwssFJKKfbUzqnnknDxPjyspqUVRcXC08CokS98J1jYobqDg--@3.4.13
+ nodelite-2-Ej1bV5sbrIfH--KnWxjjzFNq9nyP3RIUq2c9Iqq7SmMO-idUR24sqvKH2LUQFTSPy-K7G4sB2m8n7YYlEAfZaw--@4.0.4
+ nodelite-2-EjIevzuJRiRPbVH4mGc8nApb-lVLKVpmUhAaR5R5doKGfAnGJ6Gr3CViAVjP-4FWSxCsybeWQdcgCtbX-7oZug--@3.22.3
+ nodelite-2-EoulkdKF-1xa92q25PbjuDcgJ9RDHYU2Rs3SCIvs2-dSQ3BpmxneNHmA-M7fe60M3PrV7nNGTTNbkK62l6vXiQ--@1.1.0
+ nodelite-2-Er-Iixbc7IEa7r-XLtuG52zoqn-b3Xng-w6aZQ0xGVxzhw5xUFxcRqdPzP6yFi-4HBYRaifaI5fQ1RH8n0ZeOQ--@8.0.1
+ nodelite-2-Er2nc-H7RrMXZBFCEim6TCmMk02Z8vLC2Rbi1KEBggpo0fS6l0S1nnapwmIi3yW--GOJap1Krg4w0Hg80oCqgQ--@4.3.7
+ nodelite-2-EykJT-Q1KjTWctppgIAgfSO0tKVuZUjhgMr17kqTumMl6Afv3EISleU7qZUzoXDFTAHTDC4NOoG-ZxU3EvlMPQ--@4.0.0
+ nodelite-2-F-6Do8W3yu-4n7MpzZtbXwVukcLTFYYDIUtpoR-Jl52UmAr9Hf1CQgkyTI2azv1ZMzj1mVrTBhpBL0q27kFZig--@3.9.2
+ nodelite-2-F-M1tLhO-mlQaOWspE8Wstg-z6PwxwRd8oQ8IXceWz92kfAmalTRf0EjrouQeo7QssEPfCn05B4Ihs1K9WQ-7w--@1.1.7
+ nodelite-2-F1-K8EbfOZE49dtoPtmxUQrpXaBIl3ICvasLh-nJta0xkz-9kF-7uet9fLnwKqhDrmj6g-6K3Tw9yQPUg2ka5g--@2.1.5
+ nodelite-2-F3asv42UuXchdzt-xXqfW1OGlVBe-mxa2mqI0pg5yAHZPvFmY3Y6drSf-GQ1A86WgWEN9Kzh-WrgKa6iGcHXLg--@1.2.0
+ nodelite-2-FCLHtRD-gnpCiCHEiJLOwdmFP-wzCmDEkc9y7NsYxeF4u7Btsn1ZuwgwJGxImImHicJArLP4R0yX4c2KCrMrTA--@1.0.0
+ nodelite-2-FCxlKLNGknS5ba-1lmpYijMUzX2esxW5xQqjWxw2eHFfS2MSdaHVINFmhjo-qN1WhZhNimq0dZATN9pH0IDrpA--@11.0.0
+ nodelite-2-FEMTcTHZozZciLRl6GiiIB4zGm5z5F3F6a6FZCyrfxdKOhFlGkiAqlexWMBzCi4DcRoyiOsuLfW-cjlGWyExOw--@1.1.1
+ nodelite-2-FFQQyu7edu4ufvIZ-OadFpHHOt-eSTBaYaki44c-akjg7qZg9oOQeLlk77F6tSYqjDAFClrHJk9tMf0HdVyOvA--@5.2.0
+ nodelite-2-FGgH2h8zKNim9ljj7dankFPcICIK9Cp5bm-c2gQSYePhpaG5-esrLODihIorn-Pe6FGJzWhXQotPv73jTaldXA--@1.1.1
+ nodelite-2-FJF9gKVNHAljGOgV6zS5ou2N7ZgjOqMMtcPA5lsJEUI5-AZzVDWCmtcowTP80wEtHuupkd7d7M399FA082kXYQ--@2.2.0
+ nodelite-2-FJhYRoDaiatfEkUK8HKlicmu-3SGFD51q3itKDGoSTysQJBnfOcxU5GxnhE1E6soB76MbT0MBtnKJuXyAx-96Q--@1.0.1
+ nodelite-2-FP-p8RB8OWpF3YZBCrP5gtADmtXApB5AMLn-vdyA-PyxCjrCs00mjyUozssO33cwDeT3wNGdLxJ5M--YqtHAJw--@0.5.6
+ nodelite-2-FP1p2-mb0Y5GM9hc-TI9ldDM44VV9GHwdhJQ8xGpArtlt8nxtyKmncOXcgayBD7qk3ohV6W1Eftsr258Eq7gGQ--@0.3.40
+ nodelite-2-FQN4MRfuJeHf7cBbBMJFXhKSDq-2kAArBlmRBvcvFE5BB1HZKXtSFASDhdlz9zOYwxh8lDdnvmMOe--5cdoEdg--@1.0.8
+ nodelite-2-FS-XFBNvn3GTAWq26joslQgWNoFu08F4kl0J4CgdNKADkdSGXQyTCnKteIAJy96Br6YbpEU1LSzV5dYtjMkMDg--@19.1.0
+ nodelite-2-FT1yDzDYEoYWhnSGnpE-4Kj1fLZkDFyqRb7fNt6FdYOSxlUWAtp42Eh6Wb0rGIv-m9Bgo7x4GhQbm5Ys4SG5ow--@4.0.8
+ nodelite-2-FTiCpNxtwiZZHEZbcbTIcZjERVICn9yq-pDFkTl95-AxzD1naBctN7YO68riM-gLSDY7sdrMby8hofADYuuqOA--@6.0.3
+ nodelite-2-FUCf5XMfmW4dtYl69pdS4DbxKy8nj4M7SafBgPllysxmdachynNflAdp-gCsnYWNDnge6tI9onzMp5ARYc1KNw--@1.1.0
+ nodelite-2-FZIXf1ksVyLcfr7M317jbB67XFJhOO1YqdTcuGaq9q5jLUoTikukZ-98TPjKiP2jC5CgmYdWWYs0s2nLSU0-1A--@6.15.5
+ nodelite-2-FbUPjNVm-Qer9aUU56oGNiPeynqDCh33GOYKekzjikBlxWFZfhiW4NA-sOXF0VWzGb5ni9l1U7fy6ycOTSalAA--@5.0.9
+ nodelite-2-Fedw0aZvkhynoPYlA5WXrMCAMm-nSWdZt6lzJQ7Ok8S6Q-VsHmHpRWndVRJ8Be0ZbkfPc5LRYH-5XrzXcEeLRQ--@1.1.3
+ nodelite-2-FicwAUyWnrtnd4QqYAoRlNs44-a1jTL7XDKqm5gJ90wz1DQPlC7U2Rd1Tydpv-E7WAr4sQHuw8Q8M3nZMAyecQ--@1.8.9
+ nodelite-2-FjPxEg7Hw0tz2iTKvi-gYt-luZK0TqhX50hUIBuaYa-Ja-OMuKLp9QHhB5U68F1L55CZNP4vwoNNfXeYWnVEZg--@1.2.8
+ nodelite-2-FjoyLe754PMiYsFaN5C94ttGiOmBNYTf6pLr4xXHAT5uctHb092PBszndLDR5XA-jghQvn4n7JMHl7dmTgbm9w--@7.25.7
+ nodelite-2-FkBMwD-qbGQeMu1cOHnuGB6x4yzPjho8ap5WtbEJ26umhgqVXbhekKUQO-hZEL1vU92a3wHwdp0HAcqAUF5iDg--@1.1.1
+ nodelite-2-Fl70vYtsAFb-C06PTS9dZBo7ihau-Tu-DNCk-OyHhea07S-aeMWpFFkUaXRa8fI-ScZbEI8dfSxwY7gxZ9SAVQ--@1.2.1
+ nodelite-2-FmlW1rCg7hBpEBwFbjHwCW6AmWLQM6g-v0Sn8XbP9NvmSZ2San1FpQeyPtufzOMSIx7Y4dzjlHoifhp-7NkZhw--@1.1.0
+ nodelite-2-FtwrG-euBzaEjYeRqOgly7G0qviiXoJWnvEH2Z1plBdXgbyjv34pHTSb9zoeHMyDy33-DWy5Wt9Wo-TURtOYSQ--@2.0.0
+ nodelite-2-Fu4hJdvzeylCfQPp9SGWidpzrMs7tTrlu6Vb8XGaRGck8QSNZJJp538Wrb60Lax4fPwR64ViY468OIUTbRlGZg--@2.0.3
+ nodelite-2-FvdDqtcRCtz6hThExcFOgW0cWX-xwSMWcRuQe5ZEb2m7cVQOAVZOIMt--v9RxGiD9-OY16qJBXK4CVKWAPalBw--@4.1.5
+ nodelite-2-Fy0gLYAei-Rd6BrXG4baspCnWTUSd0NdokU1pZh4KlfEAEN1i8SPPgfiO5hLk7-2inqtCmqxVJlfqbMVe9k4bw--@3.398.0
+ nodelite-2-G-KcpzXHq24iH0uGG-pF8LyzpFJYGD4RfLjCIBfGdSLXvjLHST31RUiRVrupIBMvIppMgSzQ6l66iAxl03tdlg--@1.1.2
+ nodelite-2-G-lM8VYSor6g9Yptc6hLZ6BF-0cq0pYol1z6wdQUQgJN8tg4HPtzq75lsZtlCSIznL3amgRAxJtd0dUrsAnvaQ--@3.18.2
+ nodelite-2-G6GmLbzVkLW6VScxPAr-RtliEyPhBClfYaIllK1IZv-Z42SVnOpKzhnoe79BpmiFqy1AaC3-LjZX783mrsHCwA--@3.13.9
+ nodelite-2-G6T0ZX48xgozx7587koeX9Ys2NYy6Gmv--P89sEte9V9whIapMNF4idKxnW2QtCcLiTWlb-wfCabAtAFWhhBow--@9.0.5
+ nodelite-2-G8ura3S-3Z2G-mkgNRq8dqaFZAuxfsxpBB8OCTGRTCtp-l-v9nbFNmCUP1BZMts3G1142MsZfn6eeUKrr4PD1Q--@9.0.0
+ nodelite-2-GGP3O9QFD24uGeAXYUjwSTXARoqpZykHadOmA8G5vfJPK0-DC67qa--0qvqrJzL1xc8WQWX7-yc7fwudjPHPhA--@2.2.0
+ nodelite-2-GHTSNSYICQ7scH7sZ-M2rFopRoLh8t2bLSW6BbgrtLsahOIB5iyAVJf9GjWK3cYTDaMj4XdBpM1cA6pIS0Kv2w--@1.0.7

50 packages installed [144.00ms]
