bun install v1.4.0 (34cbb9a40)

+ nodelite-2-shx7oQ0Awen-BRIdkjkvz54PnEEI-EjwXDSIZp86-KKdbafHh1Df-RYGBhn4hbe2-uKC9FnT5UCEdyPz3ai9hQ--@2.0.2
+ nodelite-2-si7QWI6zUMq56bESFvagtmzMdGOtoxfR-Sez11Mobfc7tm-VkUckk9bW2UeffTGVUbOksxmSw0AA2gs8g71NCQ--@8.1.0
+ nodelite-2-silMIRiFjUWlfaDhkgSzpuAyQ6EX-o09Eu8ZBfmFwQMbax7-LQzeIU2CBrICT6Ne4l86ITCGvUCBpCubWYy0Yw--@5.3.0
+ nodelite-2-smSvzOcqKE196rWk0oqJDnz-ox5JM5-OT0PmmJXiUD4q7P5g32O6W5Bg7hMIFUI9clBtngo8kLaX2iMg-GqAzg--@3.5.22
+ nodelite-2-sn2O9k1rPFYVyKd5LAJfo96JlSGVFpa1fS6UuBJfrZadudiw5tAmru-n1x7aMRQ84qDM71Zh1-SzK5QwU0tJfA--@1.1.4
+ nodelite-2-soAheOd7oaTO6eNs6LXnfn0tTqvOoe3zN9FvtIhhrErKz9XPc5sUmh3QWwR45-zKbitOi1HOjfA-gifKhZcfWw--@3.2.2
+ nodelite-2-sqMMuL1rc0FmMBOzCpd0yuy9trqF2yTTVe-E9ogwCSWQCdDEtQUwrZPT6AxqtsFGRNxycgncbP-xmOOSPw5ZUw--@7.3.0
+ nodelite-2-sz-Hqx9zwZDpZIV871WSbUzSqNIsXzghZydypnfgzPKLltVJfkINfUeTct31n-tTSa9ZE1ZOfKdRre1uHHquYQ--@20.1.6
+ nodelite-2-t1mm3AVy-MjUJBZ7zrb-sFC5iya8Vvw3go3mGKtTm269bXGZho7BLA4IgT-0nOS3j-ku6ChVi8NEoQVFoYzJJA--@1.13.0
+ nodelite-2-t1zK-l9UiRqwUNPm-pdIT0qzJlzuVckbTEMVNFhfWkGiBQClstzg-78vedCvLSX0xJEZ6lwZbPpnljL7L6iwMQ--@6.34.1
+ nodelite-2-t4OSOerc-ppK541-Iyn1AS40-2vT-qE-MFMotFkhCgCJbApeRF2ozEdnDN6tGmnl4ybcUuxnp9JWLjwDVlR-4g--@3.734.0
+ nodelite-2-t7hw9pI-WvuwNJXwk5zVHpyhIqzg2qTlklJOf0mVxGSbe3Fp2VieZcduNYjaLDoy6p9uGpQEGWG87WpMKlNq8g--@5.0.0
+ nodelite-2-t8c610b8hPLS6Vwv-rbuSyljZosI1s5-Tosfa0Fk4q7d-Ex6Yj7hLfUFy59GxZAufhUYfGX396fT0gPqAbU1tg--@3.0.7
+ nodelite-2-tFCKxMKDKK3VEdtUA3EBOS9GmSOS4mbrTjh9v3RnK10BphDMOb6-bxTh---ae1AyfHyWb6R54O-iaoAtPMZPCg--@1.1.0
+ nodelite-2-tIbYtZbucOs0BRGqPJkshJUYdL-SDH7dVM8gjy-ERp3WAUjLEFJE-02kanyHtwjWOnwrKYBiwAmM0p4kLJAnXg--@6.5.0
+ nodelite-2-tLRNUXati5MFePdAk8dw7Qt7DpxPB60ofAgn8WRhW6a2rcimZnYBP9oxHiv0OHy-Wz7kPMG-t4LGdt31-4EmGg--@3.1.1
+ nodelite-2-tPOhmDhIUcDjvpDDYyiUdssP84Eqm7n5KxJe5J3-g-s6xoDIPAf-SIn06dhw7VkhxIvLOnhDDrX7tsqMHNEhDg--@2.0.6
+ nodelite-2-tPgeeqCHIwNo8sypKlS3gOPmsS3wP0zHt67JDuL20P4QcXiw-O4Hl7oXiuLnP9yg-rXLQ2sScdV1Kkzde61iSQ--@6.0.9
+ nodelite-2-tUPXtzlGM8FE3P0ZL6DVs-3P58k9nk8-jZeQCurTJylQA8qFYzHFfhBJkuqyE0FifOsQ0uKWekiZ5g8wtr28cw--@3.0.2
+ nodelite-2-tYoDBbtqOVigEDMAcTGsRlMycIIjwMCgD8eR2t0NANeQmgK-lvxNAvYyb6bZDD4frHRhIHkJu2TBRvB0ERkOmw--@1.2.0
+ nodelite-2-tcpGyI9zbizT9JbV6oYE477V6mTlXvvi0T0G3SNIYE2apm-G5huBa1-K89VGeovbg-jycCrfhl3ADxErOuO6Jg--@8.12.1
+ nodelite-2-tdN8qQGvNjw4CHbY-XXk0JgCXn9QiF21a55rBe5LJAU-kDyC4WQn4-awm2Xfk2lQMk5fKup9XgzTZtGkjBdP9Q--@2.8.8
+ nodelite-2-tgp-dl5cGk28utYktBsrFqA7HKgrhgPsg6Z-EfhWI4gl1Hwq8B-GmY-0oXZ6nF8hDVesS-FpnYaD-kOWhYQvyg--@2.1.1
+ nodelite-2-th078hyNqPf4P2K10su-y32zPDjs3lOYVdHvsL9--5K1dnTvLHCK5vgUyLuyn8FchhF7cmHV49D-LZVv65PEpQ--@3.15.2
+ nodelite-2-tmMpK00BjZiUyVyvrBK7knerNgmgvcV-KLVyuma-SC-TQN167GrMRciANTz09-k3zW8L8t60jWO1GpfkZdjTaw--@2.2.0
+ nodelite-2-tq6nO-8KwUF-mHuk1ECaAOSOlz2OB-PmygnvprJzyAHGRVzdcffblaOOWe90M9sGz5MAasXoF-PTcayQj9TKKA--@0.40.0
+ nodelite-2-trLf4SzuuUxfusZADLINj-dE8clK1frKdmqiJNb1Es75fmI5oY6X2mxLVUciLLjxqw-xr72Dhy-lER6dGd02FQ--@7.1.0
+ nodelite-2-ts3regBQyURfCE2BcytLqzm8-MmLlo5Ln-KLoxDVcsZ2gzIwVNnQpQOL-UKV8alUqjSZOlpFZcRNsLRqj-OzyA--@13.9.0
+ nodelite-2-ts6Wi-2j3jQjqi70w5AlN8DFnkSwC-MqmxEzdEALB2qXZYV3X-b1CTfgPLGJNMeAWxdPfU8FO1ms3NUfaHCPYg--@6.0.1
+ nodelite-2-tsaTIkKW9b4N-AEj-SVA-WhJzV7-zMhcSu78mLKWSk7cXMOSHsBKFWUs0fWwq8QyK3MgJBQRX6Gbi4kYbdvGkQ--@7.2.0
+ nodelite-2-twQoecYPiVA5K-h6SxtORw-Bs3ar-mLUtoPSc7iMXzQzK8d7eJ-R09wmTwAjiamETn1cXYPGfNnu7DMoHgu12w--@2.5.1
+ nodelite-2-txsf5fu3anp2ff3-gOJJzRImtrtm-oa9tYLN0iTuINZ--EyVR-nRrg2fKYwvG-pXDofcrvvb0scEbX3NyW-COw--@10.0.7
+ nodelite-2-tzN8e4TX8-kkxGPK8D5u0FNmjPUjw3lwC9lSLxxoB--GtsJG91CO8bSWy73APlgAZzZbXEYZJuxjkHH2w-Ezhw--@4.0.1
+ nodelite-2-tzzskb3bG8LvYGFF-mDTpq3jpI6Q9wc3LEmBaghu-DdCssd1FakN7Bc0hVNmEyGq1bq3RgfkCb3cmQLpNPOroA--@1.2.0
+ nodelite-2-u-o77cdTNZ5ePqHPu8ZcFw1BLlISv-cthN0bR1zJHXmqBjvanFTy2kL-Gmv3eW9HxZiHdqycKVETlYd0mWiqJQ--@0.8.0
+ nodelite-2-u2HRUyWW-lOiA2g0Le0tMmT55FGOEWHwPFt1EPfbLly7uXQExFo5duNKqG2DzmFXIdqOeNd-TpE8baHWJCyP9w--@1.1.2
+ nodelite-2-u4q7PnZlJUojeRe8FJa-njJcMctISGgPQ4PnWsd9268R4ZTtU-tfFYmwkBvgcrK2-QQ8tYFVALVb5fVJykKc5A--@6.8.4
+ nodelite-2-uB80kBFb-tfd68bVleG9T5GGsGPjJrLAUpR5PZIrhBnIaRTQRjqdJSsIKkOP6OAIFbj7GOrcudc5pNjZ-geV2g--@4.0.1
+ nodelite-2-uBDTIBBEdAQryvHdc5W8sS5YX7RQzF683XrHePVdFmAgKiMofU15FLSM0-HU03hKTnazdNRFa0YHS7-ArwoUSQ--@2.1.5
+ nodelite-2-uBHU3L3czsIyYXKX88fdrGovxdSCoTGDRZ6SYXtSRxLZUzHg5P-66Ht6uoUlHu9EZod-inXhKo3qQgwXUT-y1w--@0.5.21
+ nodelite-2-uSLxLgOPRnEU4Jg59lAhUVA-uDx-55NBg4lpfsP2ynazyiJ5LCXmYceJi-VuOqMml7d9W0dB87OldOeLdIxYVA--@3.9.2
+ nodelite-2-uUtx8BFoO1hNxtHjp3eqVPC-mWImGb2exOfGjMLUoipuWgjej-f4o-VP4bUI8U40gu7Teogd5VTeZUkGvJSPOQ--@2.3.0
+ nodelite-2-uV2QOWP2nWzsy2aMp8aRibhi9dlzF5Hgh5SHaB9OiTGEyDTiJJyx0uy51QXdyWbtAHNua4XJzUKca3OzKUd3vA--@7.0.6
+ nodelite-2-uZhTV-8NBuw0WHkPTrCqDOl0zVe1BIng5ZtHoDk49ME1qqcjYmmLmOf0gELgcRMxN4w2iuIeVso5-6QymSrgmA--@2.0.2
+ nodelite-2-uaW0WwXKpL9blXE2o0bRhoL2EGXIrZxQ2ZQ4mgcfoBxdFmQold-qWsD2jLrfZ0trjKL6vOw0j--eAwcALFjKSw--@1.2.0
+ nodelite-2-ueDqRbdc4-bkaQT3GIpLQssRlFgWaL-U2z-S31qRwwLWoxHLgry3SIfCwhxeQNbirEUXFa-lq3RL3oBYXtcmIA--@1.1.4
+ nodelite-2-ueEepnujpqee2o5aIYnvHU6C0A42MNdsIDeqy5BydrkuC5R1ZuUFnm27EeFJGoEHJQgn3uleRvmTXaJgfXbt4g--@8.3.4
+ nodelite-2-ueGLflrrnvwB3xuo-uGob5pd5FN7l0MsLf0Z87o-UQmRtwjvfylfc9MurIxRAWywCYTgrvpXBcqjV4OfCYGCIQ--@5.0.0
+ nodelite-2-ugGHOZU6WbOdeTdbjnaEc-Ms7-WhsUCg-T3PCOIeOT9FG02Ce189yJ--hd7oqL-tVwIhEMYJIqSCgSELFox-QA--@3.4.21
+ nodelite-2-ugo316mmTYBl2g81zDFnZ7cfxlut3o--EQdaP7J8QN2kY6lJ22hmQYCK5EHcJHbrW-dkCGSCPgbG8JtYj6qSrg--@9.0.7

50 packages installed [160.00ms]
