bun install v1.4.0 (34cbb9a40)

+ nodelite-2-Bz5mupy2SVbPHURB98VAcw-aHh4vRV5IPNhILUCsOzRmsTmSQ17jIuqopAentWoehktxGd9e-hbIXq980-1QJg--@3.0.3
+ nodelite-2-C4AkuM3dA58cgZha7zVnuVxBhDsbttIMiytjgsM2XbHAB2faRVaHRle40558FBN-DJcrLNCoqG5mlrpdU4cRtg--@2.0.0
+ nodelite-2-C6oAg451-fQT3EGbWHbCQjYTtbyjNO1uzQgMzwyivcHT3GKNEmu1q3UuREhN-HzHAVtv3ivMVK08QlC-PkYw9Q--@1.1.7
+ nodelite-2-CEbNVoSikAxwDMDPjXlqlFYiZLkDJHwyGu-MfOsJnF3d7f3tds5J3z8s-l9TMXhzfsJCCJEAsD78842mwmg0PQ--@3.1.0
+ nodelite-2-CH8sulzI8VNySWyJP-536fEX-oBnRuIVpw79jrn-0JwgCl7xb6E2JkKrMBT-mUCkZXh4vZZIOt23-QiIRK9Dyw--@5.0.1
+ nodelite-2-CLVZtXtn2ItBIi-zHZ0Sg1Xkb7-PU32bJJ8Bmy7ts3jxXTcbfsEfBivFYYWz1Hur-lalqGAh65Coin0r-HRUfg--@3.5.12
+ nodelite-2-CRT1WTyuQoD771GW56XEZFQ-ZoSfWid1alKGDYMmkt2yl8UXrVR4pspqWNEcqKvVIzg6PAltWjxcSSPrboA4iA--@3.0.7
+ nodelite-2-CUQyKr1e---ZODyD1U3xit6zXwy1a8q2a1S1HKtIlmgvurrEpaw-Y9y6KSIbF8P59cn-NjzHyO-Q2fAyYLQrAA--@2.0.1
+ nodelite-2-CUSRHXyKjzHov8yKsQjGOElXy-3EKpyX56ELnkHH34vDVw1N1XSQ1ZcAvTyAPtGqLTuKP-uxM-aLkSPqF-EtMw--@2.0.3
+ nodelite-2-CUat2d9ITsFc2XsmeiRQO96iWpxSKYFjxvj27Hc7vo87YUHRnfMfnc8jw1EpxEwMcvBD7LsRa6vDNky6AjcrFA--@3.734.0
+ nodelite-2-CXdUiJembsNjuToQvxayPZF9Vqht7hewsvy2sOWafLvi2awflj9mOC6bHIg50orX8IJvWKY9wYQ-zB2kogPslQ--@1.1.0
+ nodelite-2-CYiRhA4bWKemdYi-uwImjPxqWNpqGPNbEBdX1BdONALFIDK7MCUj6FPkzD-z9gJcvDFUQJn9aDVf4UG7OT6Kog--@3.1.2
+ nodelite-2-CasTfvsy-frcFkbXtSJ2Zu9JHpN8TYKxkgJGWbjiZhFivxaeW7rMeZt7QELGVLaYVfFMsKHjb7Ak0nMEe-2Vfw--@1.1.0
+ nodelite-2-Cat63mxsVJlzYvN51JmVXIgNoUokrIaT2zLclCXjRd8boZ0004U4KCs-sToJ75C6sdlByWxpYnb5Boif1VSFew--@6.2.0
+ nodelite-2-CcEtRh-oc9Jc4uWeUwdpG--Mb2YUHKmdaTf0gUr7Wa-bfp4xx70HOb3RuSTJMvqKNB1TkdTfjLdrcz2X4rkkZA--@1.2.0
+ nodelite-2-CdTLvIOPiCNuH71pyDu3rA-Q0n65cmAbXnwWH84rKGiFumFzkmHNT8KHTMEchcxN-Kl8I54xGUhJ7l3E7X396Q--@0.4.0
+ nodelite-2-CiJjW-FL12elS6Pn7-UVjVK8HWHhXMfvHZvOwx-Qkpy340sIhkuzOO6fZEruECDTZhl2Wqn81XdJ1ZQ4pRKpCg--@3.398.0
+ nodelite-2-CiyeOxFT-JZyN5m0z9PfXw4SCBJ6Sygz1Dpl0wqjlhDEGGBP1GnsUVEL0p63hoG1fcj3fHynXi9NYO4nWOL-qQ--@1.3.3
+ nodelite-2-CmHUqtXtFWmG4AHMEr9hIVex-oscK6xcM2V47gq9ijNInxe3M6UBu-dBdkgGP-jYv9N7tzCAjTR8nNIHQXwvWw--@3.8.8
+ nodelite-2-CqC01WZxbLUxoiVdh9B-poPbNpY9U-tO1N9oWHwTl5YAZxcqXmmWJ8KNMFItJCUUWdY3J3xv8LvAuQv2KZ5YdQ--@2.0.3
+ nodelite-2-CsnhKNsyI8Tub6L4sm5ZFsme4puGfc6pYylvXo1AeqaGbjOYyzNv3qZPwvs0oMJ39eryyeOdmxwUIo94IpEhqg--@6.0.0
+ nodelite-2-CvHfCmO2mchox9kjrtzoHkWHxjHZzaFojLc8quxXY7WAAMAg43nuxwv95tATVgQFNDwd4M9S1qFzj40Ul41Kmg--@4.0.0
+ nodelite-2-CyR4rUNG9OYcXDZwMPvJdtb6PHbBDKUc-6Na2BIwZ6dKab1JQqKa4di-RNRY9Myn7JB81vayKwJeQ7jEdmNVDA--@6.3.0
+ nodelite-2-CygL0jhfibw4kmWXG-3sfZMFNjcXo66XUuPC4BqZBk8Rj5vFoxp1vZeMkDLzTIk97Nvo5J5Bh-QnXKhub6AckQ--@3.398.0
+ nodelite-2-D-zkORCbA9f1tdWRK0RaCR3GPv50cMxcrz4X8k5LTSUD1Dkw47mKJEZQNunItRTkWwgtaUSo1RVFRIG9ZXiFYg--@1.1.0
+ nodelite-2-D2S-3GLxWH-uhrNEcoh-fnmYeP8E8-zHl644d-jdA0g2uyXvy3sb0qxotE-ne0LtccHknQzWwZEzhak7oJ0COQ--@0.0.1
+ nodelite-2-D2hP9eA-Sqx1kBZgzxZh0y1trbuU-JoDkiEwqhQ36nodYqJwyEIhPSdMNd7lOm-4io72luTPWH20Yda0xOuUow--@7.27.1
+ nodelite-2-D4OHBjrinH-PFZPvfCXvG28n2LSykWcJ7GIioQL-ok0LON15SdfoUssoHzzOUmVZLbRoREsQXVzA6r8JKsbP6A--@3.2.7
+ nodelite-2-D76uU73ulSXrD1UXF4KE2TMxVVwhsnCgfAyTg9k8P6KGZjlXKrOLe4dJQKI3Bxi5wjesZoFXJWElNWBjPZMbhg--@1.2.2
+ nodelite-2-D8C4IEwKB7zEtiWYVJ3WE-5HDcWlze9mLWQ5hfsBfpePyWCgO3bT--wjb-7pJvcAocrkXo90QrMm85LcpBtrpg--@3.14.1
+ nodelite-2-D9cPgkvLlV3t3IzL0D0YLvGA9Ahk4PcvVwUbN0dSGr1aP0Nrt4AEnTUbuGvquEC0mA64Gqt1fzirlRs5ibXx8g--@1.0.3
+ nodelite-2-D9rRn9y7kLPnJ-hMq7S-nhvoKwwvVJahBi2BPmx3bvbsEdK3W9ii8cBSGjP-72-LnM4n6fo3-dkCX5FeTQruXA--@0.3.5
+ nodelite-2-DB5QA8c-LfqOqIUCpSs3RdOTVroRRdqeHMqBkYrcashSZtOzIv8xbiqHgg7RYxDfkH5F3Y-e0MkuuyGNDVB0BQ--@3.10.8
+ nodelite-2-DBwtEWN2caHQ9-imiNeEA5ys1JoRtRfY3d7V9wkqtbycnAmTvRRmbHKDV4a0EYc678-dia0jrte4tjYwVBaZUA--@4.0.4
+ nodelite-2-DGqD7Hjpi-1or4F-aYAspXKNm5Yili0QDAFAY4QYvpqpgiY6-1jOfqpmByzjxbWd-T9mChbCArXAbDAsTm5oXA--@0.4.17
+ nodelite-2-DJm-CJkZkRjKKj4Zi4BsKVZh3ValV5IR5s7LVZnW-6YMh0W1BfNA8XSs6DLMGYlId5F3KnA70uu2qepcR08Qqg--@2.6.9
+ nodelite-2-DXj75ewm11LIWUk198QSKUTxjyRjsBwk09MuMk5DGK-GDUtyPhhEHOGP-Xwwj3DjQXXkivoBirmOnKrLfc0-9g--@1.0.6
+ nodelite-2-DcRjDCujK-kCk-cUe8Xz8ZSpm8mS3mNNpta-jGCA6USEDfktlNvm1-IuZ9eTcDbNk41BHwpHHeW-N1lKCz4zOw--@1.0.11
+ nodelite-2-Drq--THMvDdzRYrK0oxJmOKiC24ayUV8ahrt8l3oRK51PWt6gdtrIGrlIH3pT-lFh1z93FbAcidtsHcWbnRz8Q--@1.5.0
+ nodelite-2-DtSYaao4mBmX-HDo5YWYdBWQwYIQQshUV-dVxFxK-KM26Wjwp1gZ6rv6OC3oujI6Bfu6Xyg3TwK533AQutsn-g--@2.3.6
+ nodelite-2-DvEy55V3DB7uknRo-4iOGT5fP1slR8wQohVdknigZPMpMstaKJQWhwiYBACJE3Ul2pTnATihhBYnRhZQHGBiRw--@2.0.2
+ nodelite-2-DwwowT9si0vrszKbjm8SXL5O6nE6isHbG7Vos85ohd6T4g4h5AYY4-SUyjyRAjzbEISd6A0-VJXaWz-g4PpbZg--@0.5.2
+ nodelite-2-DyFP3BM-3YHTQOCUL-w0OZHR0lpKeGrxotcHWcqNEdnltqFwXVfhEBQ94eIo34AfQpo0rGki4cyIiftY06h2Fg--@2.0.5
+ nodelite-2-E-XQCRwSbaaiChtv6k6Dwgc-bx-Bs6vuKJHHl5kox-BaKbhiXzqQOwK4cO22yElGp2OCmjwVhT3HmxgyPGnJfQ--@1.1.2
+ nodelite-2-E4TywXY6UsXNRhFrECa5HAvE5-4BFcGyfTyK36gP-pAW1ed7UTK4vKwdr53gAJYwqbfCWC6ATvJa3J3R-9-Qrg--@1.1.5
+ nodelite-2-E5LDX7Wrp85Kil5bhZv46j8jOeboKq5JMmYM3gVGdGH8xFpPWXUMsNrlODCrkoxMEeNi-XZIwuRvY4XNwYMJpw--@1.2.0
+ nodelite-2-EC-0oUMY1Rqm4O6LLrgjtYDvcVYTy7chDnM4Q7030tP4Kwj3u-pR6gP9ygnp2CJMK5Gq-9Q2oqmrFJAz01DXjw--@10.4.0
+ nodelite-2-EFVjAYfzWqWsBMRHPMAXLCDIJnpMhdWAqR7xG6M6a2cs6PMFpl--Z20w9zDW4vkxOFfddegBKq9Rehd0bxWE7A--@1.1.33
+ nodelite-2-EJEIXwCQhto-cBfHdm3ZOeLxd2NlJD-X2F-ZTOxzokuhBtY0IONfC-91hOo5tWQweerojwshSMHRCKzRv1tlwg--@3.734.0
+ nodelite-2-EJUrI8yYh7WOjNOqpoJaf1jlFIH2LvtgAl-YcFqNCa-4hj64ZXmPkAKOFs-ukjz3byN6bdb-AVUqHkI8-uWWMA--@1.1.0

50 packages installed [152.00ms]
