bun install v1.4.0 (34cbb9a40)

+ nodelite-2-auHyJ4AgMz7vgS8Hp3N6HXSmlMdUyhSUrfBF16w153rxtLIEOE-HGqaBppczZvnHLqQJfiHotCYpNhl0lUROFQ--@4.10.1
+ nodelite-2-awConJSVCHVGND6x3tmMaKcQvwXLhjdkmomy2W-Goaui8YPgYgXJZewhg3fWC-DlfqqQuWg8AwqjGTD2nAPVWg--@3.0.0
+ nodelite-2-ax7ZYomf6jqPTQ4-XCpUGyXKHk5WweS-e05MBO4-y3WJ5RkmPXNKvX-bx1behVILVwr6JSQvZAku021CHPXG3Q--@6.0.0
+ nodelite-2-ayCKvm-phCGxOkYRSCM82iDwct8-EonSEgCSxWxD7ve6jHggsFl4fZVQBPRNgQoKiuV-odhFrGzQXZwbifC8Rg--@5.2.0
+ nodelite-2-b-1eJOlsR9K8HJpow9Ok3fiWOWSIcIzXodvv0rQjVoOVNpWMpxf1wZNpt4y9h10odCNrqnYp1OBzRktckBe3sA--@9.0.1
+ nodelite-2-b-zebfKCfRdgNJDknHCob3O7FpeYQN6ZG6YLExMcasDHsCXlsXCEuiPZeLnJLpwa5dvPetGlnGCiMHuLwGvFow--@4.0.0
+ nodelite-2-b4gokeGId57UVRX-eVKej5gXqGlc9-trkORhFJpu9raqZkZhU0zm8Doi05-HaiBsMEIJowL-2WtQ5ItjsngPXg--@4.0.0
+ nodelite-2-b4inOtiaOnYf9KWyO3jAeeCG6FeyfY6ldiEPanbUjWd-xIk5wZeHa8yVwmrJ2vderhu-BQvzCrJI0lHd-wIiqw--@1.1.0
+ nodelite-2-b6Ilus-c3RrdDk-JhLKUAQfzzgLEPy6wcXqS7f-xe1EETvsDP6GORG7SFuOs6cID5YkqchW-LXZbX5bc8j7ZcQ--@6.7.14
+ nodelite-2-b6jSvxvVnyptAiLjbkWLE-lOnR4lfTtDAl-eUC7RZy-QQWc6wRzIV2CE6xBuMmDxc2qIihtDCZD5NPOFl7fRBQ--@2.2.3
+ nodelite-2-b7uo2UCUOYZcnF-3ID0lulOJi-bafxa1xPe7ZPsammBSpjSWQkjNxlt635YGS2MiR9GjvuXCtz2emr3jbsz98g--@1.0.1
+ nodelite-2-bAH5jbK-F3T3Jls4I0SO1hmPR0dKU0a7-SY6n1yzRtG54FLO8d6w-nxLFX2Nb7dBu6cCWXPaAME6cYqFUMmuCA--@7.0.3
+ nodelite-2-bC7ElrdJaJnPbAP-1EotYvqZsb3ecl5wi6Bfi6BJTUcNowp6cvspg0jXznRTKDjm-E7AdgFBVeAPVMNcKGsHMA--@2.6.9
+ nodelite-2-bEqo66MRXsUGxWHV5IP0PUiAWwoEjba4VCzg0LjFJBpchPaTfyfCKTG6bc5F8ucKec3q5y6qOdGyYTSBEvhCrg--@3.0.0
+ nodelite-2-bHOrbyztmyYIi4f1R0s17QsPs1uyyYnGcXeZoGEd227oZjry0q6XQBQxd82X1I57zEfwO8h9Xo-Kl5gX1d9MwQ--@18.19.121
+ nodelite-2-bKr1DkiNa2krS7qxNtdrtHAmzuYGFQLiQ13TsorsdT6ULTkPLKuu5-GsFpDlg6JFjUTwX2DyhMPG2be8uPrqsQ--@2.0.1
+ nodelite-2-bN798gFfQX-viw3R7yrGWRqnrN2oRkEkUjjl4JNn4E8GxxbjtG3FbrEIIY3l8-hrwUwIeCZvi4QuOTP4MErVug--@6.2.1
+ nodelite-2-bNFETTG-pM5ryzQ9Ad0lJOTa6HWD-YsScAR3EnCPZRPlQh77JocYktSHOUHelyhm8IARL-o4c4F1bP5KVOjiRA--@2.1.0
+ nodelite-2-bRISgCIjP20-tbWSPWMEi54QVPRZExkuD9lJL-UIxUKtwVJA8wW1Trb1jMs1RFXo1CBTNZ-5hpC9QvmKWdopKw--@3.1.2
+ nodelite-2-bXE4cR-kVZhKZX-RjPEflHaKVhUVl85noU3v6b8apfQEc1x4A-zBxjZ4lN8LqGd6WZ3dl98pY4o717VFmoPp-A--@2.0.4
+ nodelite-2-bXiZoxTMbsqUJsYDhHPzKc3jw0HFJ-xMsJ49a0f7mp5r9zACxNLeIU0wJ4Uvx37dnYOHKzGliG-rj5l4sph7MA--@3.17.8
+ nodelite-2-bkFqkLhh3pMBUQQkpVgWDWq-lqzc2678eUyDlTBhRqhCHFguYYGM0Efga7tYk4TogG-3x0EEl66-OQ-WGbWB-Q--@7.28.4
+ nodelite-2-blk1va0zol9QOrdZt0rFXo5KMkNPVSp92Eju-Qz8THwKWKRKeE0T8Br-1aW6-Edkyq9xHYgYxn2QtOnUKPUp-Q--@2.0.0
+ nodelite-2-bmkNc7z8Wn6kgjZmVHOX3SowGmVdhYS7yBpMnuMnPzDq-6xwVA604DuOXMZTO1lvq01g-Adfa0pE2UKGlxL1XQ--@2.0.1
+ nodelite-2-bo0NOhofnTHLESiYfsSSw6gyXiPVJJ0UlN2igUXtJk5PmyhWjFzUzTzcnd7B028OB0si9w3LIWM3stqz5271Eg--@3.9.8
+ nodelite-2-bpIxvq03if6UNwXZ-HTK71JLh4APvnXntDc6XOX8UVq4XQOVl7lwok0AvIl-b8zgCw3fSaVTZMpAPPagXbKmHQ--@1.1.9
+ nodelite-2-buRG0fpBtRHSTCOASe6hD258tEubFoRLb4ZNA6NxMVHNw2gOcwHo9wyablzMzOA5z9xA9L1KNjk-Nt6MT9aYow--@0.2.0
+ nodelite-2-bwy0MGW55bG41VqxxypOsdSdGqLwXPI-focwgTYCFMbdUiBAxLg9CFzG08sz2aqzknwiX7Hkl0bQENjg8iLByw--@2.0.3
+ nodelite-2-bzyZ1e88w9O1iNJbKnOlvYTrWPDl46O1bG0D3XInv-9tkPrxrN8jUUTiFlDkkmKWgn1M6CfIA13SuGqOa9Korw--@4.1.0
+ nodelite-2-c1Q99M5ljsIuc4YdaCwfUEXsofakb9c8-Zse2qxTadu8TalLXuAESzLvFAvNVbkmSlvlzIQOLpBCmWI9wTOt-g--@1.1.0
+ nodelite-2-c4FRfUm-dbcWZ7U-1Wq0AwCyFL-3nt2bEw05wfxSz-DWpWsitgmSgYmy2dQdWyKC1694ELPqMs-YzUSNozLt8A--@2.7.0
+ nodelite-2-c6Iinh-RVQKs6jYUFQ64htOU2HUXFQ3TVx-8Tu3EDF19-9vzWi9UukhIMH9rqyyEXIAkk9XL7avt8y2Uyw2dGA--@3.734.0
+ nodelite-2-cCwwcgUBJOsV-ddyh1OGb4gKYWEaTeTsqaAK19hiNINfYV-DO9r4RMlnWAo84sSBfJuj9shUNsxzyoe6K7R92Q--@3.734.0
+ nodelite-2-cE1qsB-VwyQozZ-q1dGxR8LBYNZeofhEdUNGSMbQD3Gw2lAzX9Zb3uIU6Ebc-Fmyjo9AWWfnn0AUCHqtevs-8g--@1.1.0
+ nodelite-2-cEiJEAEoIbWfCZYKWhVwFuvPX1gETRYPw6LlaTKoxD3s2AkXzkCjnp6h0V77ozyqj0jakteJ4YqDJT830-lVGw--@3.0.5
+ nodelite-2-cWMaNwUJnf37C-S5TfCkk-15MwbPRwVYALA2jtjkbHjCmAPiDXyNJy2q3p1KAZzDLHAWyarUWSujUoHR4pEgrA--@3.0.1
+ nodelite-2-cXLGjP0c4T3flZJKQSuziYoq7MlT-rnvfZjfp7h-I7K9BNX54kP9nyWvdbwjQ4u1iWbOL4u96fgeZLToQlZC7w--@1.4.1
+ nodelite-2-cYQ9310grqxueWbl-WuIUIaiUaDcj7WOq5fVhEljNVgRfOUhY9fy2zTvfoqWsnebh8Sl70VScFbICvJnLKB0Og--@1.5.5
+ nodelite-2-ccknvdKH6LDB9ZzZaX8a8cOvFbI441APLHvKrunJE-wezY0skmfuEUK1qnfPApXMs4FMWzZQj2LO9qpzfgBPsQ--@9.1.0
+ nodelite-2-cf6L2Ds3h57VVmkZe-Pn-5APsT7FpqJtEhhieDCvrE2MK5Qk9MyffgQyuxQTm6BChfeZNtcOLHp9IcWRVcIcBQ--@0.7.0
+ nodelite-2-cgwlv-1iFQiFnU96XXgROh8xTeetsnJiDsTc7TYCLFd9--WNkIqPTxiM-8pSd8VIrhXGTf1Ny1q1hquVqDJB5w--@5.0.3
+ nodelite-2-cjkyv4OtNCIeqhHrfS81QWXoCBPExR-J62oyEqepVw8WaQeSqpW2uhuLPh1m9eWhDuOo-jUXVTlifvesOWp-4A--@8.3.2
+ nodelite-2-cl3itr-fk7wbIQc2Gz5Ie8aVeUmPjVX-mRGS5-EXlmzycAKNYTvqf2mlxwObLndtLISmt7IgNjRRhbUUDI8Ang--@3.6.6
+ nodelite-2-cl669nCJTZBsL97OF4kUQm5g5hC2uihk0NxY3WENAC0TYdILVkAyHymAntgxGkl7K-t0cXIrH5siy5S4XkFycA--@8.14.0
+ nodelite-2-cl76xfBQM6pztbrFWRnxbrDm9EOqDr1BF6-qQnnDZG2Co2LjyUktkN9GTJfBAfdae-DbT2nJf2nCGAdDDN7W2g--@2.1.2
+ nodelite-2-cqefuRsh12pWyGsIoBKJA9luFu3mRxCA-ORZvA4ktLSzIuCUtWVxGIuXigEwO5-ywWFMZ2QEGKWvkZG1zDMTag--@1.0.11
+ nodelite-2-csY4qcR7jUwiZmkreNTJhcypQfts2aY2CK-a-rXgXUImZiZiySh0FvwHjRnlqWKvg-y6ae9lHFzDRjBTmqlTIQ--@8.0.6
+ nodelite-2-cv4vSf7HttqXilDnAnvINd53OTl1-bjUYVZrkFnA7nwmY9Ob2POUy0WY0sfqBAe1s5FyKsyceQlqiEGPYNTadg--@1.1.4
+ nodelite-2-d2hhHj34mA2V86doiDfrsy2fNTnUOowGaf9hKb0hIPHqvcnShU4-OSc4Uf1FwHkAdYF3cFXTrj5VGUYbEuvMdw--@2.0.5
+ nodelite-2-d4yd1RrPW-sspEXizq2NSOUivnheac6LPeLSLnaeTbBG9g1KqIqvCzP1TfXEqv2CrWfHEsWtJpX7oyjySSPvDQ--@3.734.0

50 packages installed [130.00ms]
