bun install v1.4.0 (34cbb9a40)

+ nodelite-2---88mFWSJx8lxCzwdAABTJL2MyWB12-eIY7MDL2SqLmAkeKU9qxRvWuSyTjm3FUmpBEMuFfckAIqEaVGUDxb6w--@2.3.0
+ nodelite-2---LApOtY0pEEz1zrd9vy1-zXVaVJJ-EbAF3u0fXIzPJEDtnITsBGbbK0EkM72amhl-R5b-5xx0Y-QhcVOpuulg--@1.4.5
+ nodelite-2---kfrslGQ7TNV2ecmQwMJj-B65g5KVq1-L3SGVZ3tCYGqlzFuFCGBZJtMP99wH3NpEUyAjn0zPdPUg0D-DwrOA--@3.0.0
+ nodelite-2--1VkjdD0QBLPodGrJUeqarH8VAIvQODIbwh9XpP5Syisf7YoQgsJKPNFoqqLQlu-VQ-tVSshMR6loPMn8U-dPg--@0.11.0
+ nodelite-2--2k1EQpnYuVuu3N7atWyG3-xoFWIVJZq4Mz8XNOdScFI0etES75fbny-oU4lKWk-577P1zmg0ioYvpGEDZ3DLw--@3.5.21
+ nodelite-2--38qI9SOr8tfZ4QmJNplMUxqjbe7LKvvZgWdExBOmd-egZTtjLB67Gu0HRX3u-XOq7UU2Nx6nsjvS16Z9uwfpg--@6.13.0
+ nodelite-2--3Pa9wLMvBZipKraq3AtbmTfXW6q9kyvhwOno64f1Fz7kFb8ijQFMGoATS70B2pGEZTlxkUqJFWDiisT6Q6dFg--@3.398.0
+ nodelite-2--51-TKE88Lmm7Gc4-8btclNXWS-g50wXhYJq8HWIBAGUBnoAdRu1aXeh364t-O7wXDAcTJDP8PNuNKWUDWie-A--@4.0.1
+ nodelite-2--6w-C21Pm1A7aZitlI5Ni-2J6FFQN8i1Cvz3kHABAAbw93v-NlvKdVOqz7CCWz-3iv-JplRSEEZ83XION15ovw--@4.1.3
+ nodelite-2--9egpBW8I3CD5XPe0n6BfT5fxLzxrlDzqydF3aviG-9ni1lDC-OvMHcxqEFV0-LANZG5R1bFMWfUrjVsdwxJvA--@0.24.2
+ nodelite-2--AuWwMP-YqiPbsJx5D6TfgRTc4kTLjsh5SOcd4bLsfUg2RcEXrFMJl1DGgdHy2aCfsIA-cr-1JM0xcB2GZji8g--@3.24.5
+ nodelite-2--Ce-Z76y85eSBZiemfU-uEyXkBBa1RdfLRaKD13rnfUV7-nS3ae1VtNlsXgmwQjWv2pmAiSuEKYMbZfVL7q-lQ--@3.0.8
+ nodelite-2--DplQlRS4MXfIf9gfD1BOJpk5RSyGgGXD-R-cumhe8jdjUcq-qlxDawQlSI8hCKupBlvM-3eS1se5xW-SuNAwA--@3.5.21
+ nodelite-2--FPE0rOdziWSrH9athwI1R0HDVbWlEhd-FR-aSDk4uWGmSJ9Z54sdZVDQPZAinJhJXwfT-qnj969mCsT2gfm5w--@1.1.0
+ nodelite-2--I2s3XWBEvLrzts0GnNeA84mUkwo-a7kLUWoaJkW0TOBDG7my95HFYxF9WnqKye7NgpOkCqz4s3oW96xPdIniQ--@3.6.5
+ nodelite-2--IXtbwEk5HTPyEwyKX6hGkYXxM9nbj64B-ilVJnC-R6B0pH5G4V3b0pVbL7DBj4tkhBAppbQUlf6F6Xl9LHu1g--@1.1.0
+ nodelite-2--IxzY9BZOQd-XuYPRmrvEVjF-nqj5kgT4kEq7VofrDoM1MxoRjEWkrCC3EtLi59TVawxTAn-orJwFQcrqEN1-g--@3.0.0
+ nodelite-2--J-FhLdK0zVcILOwt5g-dH4KnkonCtkVJsa2G6JmvbbtZfBEI1gMsO3QMjseL4F-SwfAMt1Vc-0XKYKq-xJ1sw--@2.1.0
+ nodelite-2--JH76XHEgfVihkY-GurohOQ5Z83zVN1nYcQzwCFnCDTh4dG4KwhnZKG-WPw6XJECocY0R-H0ivofeALHvVWJtQ--@3.398.0
+ nodelite-2--KCsg3xSlR-nCK8-8ZYSknYxvXHwubJrU82F3Lm1Fp6789VQ0-3RJKfsmRXjqfaTA--23CvC3hqmqe-2GEt6Kw--@1.6.1
+ nodelite-2--KJGIyHgkGuIq3IEBNftfhW-LfWhXUIY6OmyVWjliu5KH1y0fw7VQ8YndE2O4qZdMSd9SqbnC8GOcZEy0Om7sA--@4.0.0
+ nodelite-2--M6UZxJnejYY8kz0spbY-hP08QJ5rsZ3aNarRQQHc48xV2oelFLX5MhAqizfLEsvyfb0JYrhWoh4z1xZtAmYCg--@3.13.2
+ nodelite-2--Nf7TyzTx6S3yRJObOAV7956r8cr2-Oj8AC5dt8wSP3BQAoeX58NoHyCU8P8zGkNXStjTSi6fzO6F0pBdcYbEg--@3.1.2
+ nodelite-2--NsyUUAZDmo6YVHzL-stxSu3t9YS1iljliy3BSDrXJ-dkn1KYdmtZODGGjLcc9XLgVVpH4KshHB8XmZgMhaBXg--@3.0.1
+ nodelite-2--Pgi-vMuUNkJyExiMBt5IlFoMyKnr5zhJ4Uspz58WOhBF5QoIZkFyNHIbBAtHwzVAgk5RtndVNsDRN61-mmDqg--@4.1.0
+ nodelite-2--QU2zd6OTD8XWIJCbffaiQeH9U73qIqafo1x6V1snCWYGJf6cVE0cDR4D8xRzcEnfI21IFrUPzPGtcPf8AC-Rw--@5.0.1
+ nodelite-2--Srv4dswyQNBfohGpz9o6Yb3Gz3SrUDqBH5rTuhGR7ahtlbYKnVxw2bCFMRljaA7EXHaXZ8wsHdodFvbkhKmqg--@0.0.1
+ nodelite-2--T1flHdgpqDDlJZ2Lkil-rLiRy684WMLc74xUnjJH48GQdfJo-pudlTRreZmKwzP8-tGdKf83wlbAdOCzlJOGQ--@6.0.1
+ nodelite-2--Tb-JcjK111nNScGob5MNtsntNM1aCNUDipB-TkwZFhyDrrE47SOx-18wF2bbjgc3ZzCSKW1T5nt5EbFoAz-Vg--@3.0.0
+ nodelite-2--UIKatOtyZ3kN4A7AQmqZKzg-6es9jKyeWbfrenb2rDb3I9W4ZrVZT8q1zDrI-G-849I6Eq0ybzV1mmEC9zoDg--@1.3.0
+ nodelite-2--UgQT-4o59cZfH6Cp7G0hwmqEQ0wE-AdIwhikdwnhWI9Dp8CgSY081-Q3O67-wq3VJu8mgUEB93J9EHHn70fOw--@0.94.0
+ nodelite-2--WKqsK294HMSc2jEbNgpHpd0JfIBhp7rEV4aqXWqFr6AlXov-SlcgB1Fv01y2kGe3Gc8nMW7VA0SrGuSkRfIEg--@4.4.0
+ nodelite-2--X10CCvG57nAqYbTGteiSzRFQcMYm7DLfCRMeEfiWQ9Bq2ladat17XsMSvkvwcfpOSlsoepWf3P5dErERUSOQQ--@0.3.2
+ nodelite-2--aE8hCfKlQeA8LmyeyQvQF3eBiLRGNlfBJEvWH7ivp9sBqs7TNqBL5X3v157rM4IFETqDnIOO-z5M-biZbo9Ww--@7.0.0
+ nodelite-2--cduIZ2KbesDhbykV02K25A5xIVrquSPz4UxxYBemRlAT2aW8dhwUgLDwej7q-RJUHKk4nALYcR1puecDvbdqw--@6.7.0
+ nodelite-2--djoAN709iY65ETD6LKCtyyEI04XIBP5xVvfmNxsEP0uJB5tyaGBztSryRr4HqMStr9R06PisQE7m9zDTXKu6g--@1.0.20
+ nodelite-2--h1lkLKhZMTYjog1VEpJNG7NZJWcuc2DDk-qsqSTRRCOXiLjeQ1d1-udrUGhqMxUgAlwKNZ0cf2uqan5GLuS2A--@2.2.1
+ nodelite-2--hEMZSLuTeXlrPqpajusZn2R8qs-OrH2Xstllr3GOCnJz7ATwniD69DT7Il49L1j2HJEtX4EpleRX9OMhdoWHg--@0.6.3
+ nodelite-2--i0fl686zaJbDQLNKrkCbMyDm6FQMt4jg323k7HuqitoANm9sE23Ql8yOK3Wusk34HSLKDChhMux05FnP6KUkw--@1.1.2
+ nodelite-2--iWb8qaHLYKrNvGRbiYRHSdKRWhto5XlZUEBwDjYNf-ly5SVYG6zEoYIdxvf5R3zyeP16w4PLBn3rH1xc74Rag--@5.2.0
+ nodelite-2--jHxFIzoMXdqPzTaCpFzAAWhpkSjZPF4Vsn6jAfNpmbH-ymsmd7Qc6VE9BGn0L6YMj6uwpQLxCECpus4ukKS9Q--@0.5.0
+ nodelite-2--lP4-6lKUBfQjZ2pdxThZvLUAafmZb8OAxFb8XXtiQmS35INgr85hdOGoEs124ez1FCnZJt6jau-T-alh58QFQ--@2.2.2
+ nodelite-2--nxncfwHM5SgAtrVzgpzJOI1ol0PkumhVo469KCf9lUi21IGcY90G98VuHm9VRrUypmAzawAHO9bs6hqeADaVg--@4.1.0
+ nodelite-2--qYq6LfbiGo97Zz9fioX83HCiIYYFNs8zAsVCMQrIakoNYylIzWuoD-anAD3UzvvR6cnswmfRFJFq-zYYq-k7Q--@2.1.12
+ nodelite-2--sKqDBQqb036hh4NPaUiEkYFkTUGYzRsn3EuFhyfQfMy6oGHEUJDurLP9Ufb5dasr-XiAmPNMr6wa9afjQB-Gw--@5.0.0
+ nodelite-2--t2xK8oQEpxYEM-350mMHSx7eZNoOX6SpjqD-p-lDpVwpYVXjkTCfy0N60xyjelZ2AOa8NAg-12uhAX3MuAR0g--@0.0.2
+ nodelite-2--tv3z-SPp-gqTIcImN9o0hqE9xyfQjI1XD9pL6NuKjua9B1y7mNYv0S9cP-QEbA4ppVgGZEmKOvHX5G5Ei1CVA--@0.4.0
+ nodelite-2--uw1inIHVPQoaVuHzRyXd21icM-cnt4CzD5rW-NC1wjOUSTOs-Te7FOv7AhN7vS9x-oIyhLP5PR1H-phQAHu5Q--@1.4.4
+ nodelite-2--xiil2lFhtTRzXkx8F053AV46QnIw6e7MV8od5Mi68E1ICOjCeCHw2XfLnDEUHnT9WGUIkwcqavXjfwuJbGlpg--@2.2.0
+ nodelite-2--ys997U96po4Kx-ABpBCqhA9EuxJaQWDQg7295H4hBphv3IZg0boBKuwYpt4YXp6MZ5AmZQnU-tyMTlRpaSejg--@1.0.4

50 packages installed [161.00ms]
