bun install v1.4.0 (34cbb9a40)

+ nodelite-2-wgm9Ehl2jpeqP3zw-7mo3kRHFp5MEDhqAdwy1fTGkHAwnkGOVsgpvQhL8B5n1qlb01jV3n-bI0ZfZp5lWA1k4w--@4.0.1
+ nodelite-2-whLdWMYL2TwI08hn8-ZqAbrVemu0LNaNNJZX73O6qaIdCTfXutsLhMkjdENX0qhsQ9uIimo4-aQOmXkoon2nDQ--@1.1.2
+ nodelite-2-wkQCkSYoOGCRKERFWcxMVMOcYE2K1AaNLU8DXS9arxnLOUEWbOXKXiJUNzEpqZ3JOKpnha3jkFrumEjVliDe7A--@4.0.0
+ nodelite-2-wkw9yd1kEXOPnvEeEV1Go1MmxtBJL0RR79aOTAApecWFVu7w0NNXNqhcWgvw2YgZDYadliXkl14pa3WXw5jlCQ--@3.0.6
+ nodelite-2-wmxyUBGHaYUqul0wZiset4M39SMtDBOtUr2KpDuftKNN74Do9Y36Go6Eqzj9tL0mIPpr31ulB5UUtxcsCeGXsQ--@4.0.4
+ nodelite-2-wnD1HyVqpJUI2-eKZ-eo1UwghftP6yuFheBqqe-bWCotBjC2K1YnteJILRMs3SM4V-0dLEW1SC27MWP5y-mwmw--@4.1.2
+ nodelite-2-wnD2ZE-l-SPC-uoS0vXeE9L1-0wuaMqKlfz9AMUo38JsyLSBWSFcHR1Rri62LZc12vLr1gb3jl7iwQhgwpAbGQ--@3.0.7
+ nodelite-2-woHRUZ-iF23GBP1dkDQMh1QBad9dmr8-PAwNA54VrSOVYgI12MAcE14TqnDdQOdzyEonGzMepYnqBMYdsoAr8Q--@0.16.25
+ nodelite-2-wpxZs9NoxZaJESJGIZTyDEaYpl0FKSA-FB9aJiyemKhMwkxQg63h4T1KJgUGHpTqPDNRcmmYLugrRjJlBtWvRA--@4.1.0
+ nodelite-2-wrAwOeXp1RRMFfQY8Sy7VaGVmPocaLwSFOYCGKSyo8qmJ--yaafCl5BCA1IQZWqFSRBrKDYFeR9d-VyQzfH-jg--@4.4.0
+ nodelite-2-wxfUjg9WebH-CUDX-CdbRlh5SmfZiy-hpkxaRI16Y9W56Pa75sWgd-rvFilSgrauD9NyFymP--JFV3KwzIsJeg--@2.9.0
+ nodelite-2-wzsgA6WOq-09wrU1tsJ09udeR-YZRaeArL9e1wPbFg3GG2yDnC2ldKpxs4xunpFF9DgqCqOIra3bc1HWrJ37Ww--@0.2.2
+ nodelite-2-x-xEleCFLH28c3bQeQIyeZf8lFXyDFVn1SgcBiR2Tw-r4IAWlk1fzxCEZ6NxQAjF2Nwtczoen3OA2qR-UawQ8Q--@0.2.1
+ nodelite-2-xFdR6tkm0MWvBfO8xXCSsinYxHcqkQUlcHeSpMC2ukzOb6lwQAfDmW-Qt0AvlGd8HpsS28qKsB-oPeJn9I39jg--@1.0.36
+ nodelite-2-xHT2P4S5eeCYECyKNPhr4cbEL9tc8w83SPwRC373o9uEdrvGKTZoJVAGxpOsZckMlEh9W23Pc72ew918RWQOBQ--@1.0.2
+ nodelite-2-xHlTOmuCSotIA8TW1mDIM6X2O1SiX5P9IuDtqGonFhEK0qgRI4yeC6vMxEV2dgyr2TiD-2PQ10o-cOhdVAcwfg--@2.0.0
+ nodelite-2-xIp7-apCFJuUHdDLWe8O1HIkb0kQrOMb-0u6FXQjemHn-ii5LrIzU6bdECnsiTF-GjZkMEKg1xdiZwNqDYlZ6g--@1.9.0
+ nodelite-2-xKvGhPWw3k84Qjh8bI3ZeJjqnyadK-GEFtazSfZv-rKeTkTjOJho6mFqh2SM96iIcZokxiOpg78GazTSg8-KHA--@11.0.5
+ nodelite-2-xNe42KjdyA4kfUKLLPGzME9zkH7Q3rOZ5huFihWNWOQFxnItxPB3-67yBI8-qBfY8nwBRx5GHn4VprsoluVMGw--@0.2.2
+ nodelite-2-xNn4Pqkj2puRhKdKTm8t1YHC-BAjx6CEwRFXntTaRf-x16aqka6ouVoutm-QdkISTlT7e2zU7U4ZdlDLJd2Mcw--@2.0.0
+ nodelite-2-xOIXegDpts9t3RSHdIN0iYQpdts0FZ3LbpYJIYVvdEHo9OpDS-ElnDzCGtwZLguvZlwc5s1LAKuKopDUsAEMkw--@3.6.19
+ nodelite-2-xQTCus6Q9LwUuALW-S76OL0jcWtMOVu14q-GoLnWPUM7QeUw963oQcLhF7oq0CtaLLKyl4GOUfcwc773Zmwwng--@3.734.0
+ nodelite-2-xYfnw62CKG8nLkZBfWbhWwDw02CHty86jfPcc2cr3ZfeuK9ysoVPPEUxf21bAD-rWAgk52SuBrLJlefNy8mvFg--@0.1.4
+ nodelite-2-xaPcckj-BbJhYLsv8gOqezc8EdMcKKe-gk8v47B0KPvgABDrQ0qmNPAiT-gh9n9Foe0bUkEv2qzj42uU5q1WRg--@1.0.0-beta.42
+ nodelite-2-xbbCH5dCYU5T8LcEhhuh7HJ88HXuW3qsI3Y0zOZFKfZEHcpWiHU-Jxzk629Brsab-mMiHQti9wMP-845RPe3Vg--@0.4.1
+ nodelite-2-xceH2snhtb5M9liqDsmEw56le376mTZkEX-jEb-RxNFyegNul7eNslCXP9FDj-Lcu0X8KEyMceP2ntpaHrDEVA--@1.1.1
+ nodelite-2-xeXHBQkn2ISSXxbJWD828PFjtyg--UrMDo7W4Ffcs7-YWCquxU8YjV1KoxuiL-eJ5pg3ll-bC6flVv61L3LKZg--@2.1.2
+ nodelite-2-xelSayHH36ZgE7ZWhli7pW34hNbNl8Ojv5KVmkJD4hBdD3th8Tfk9vYasLM-mXWOZhFkgZfxhLSnrwRr4elSSg--@4.0.3
+ nodelite-2-xi6IyHML-c9-Q3W0S4fCQJOym42pyurFiJUHEcEyHS0CeKzia4yZDEsLlqOFykxOdHpNy0NmvVO31vcSqAxJCg--@1.30.1
+ nodelite-2-xj68wMTvGXVOKonmog6LwyJKrYXZPvlwabaryTjLh9LuvovB-KAH-kvi8Gjj-7rJjsFi23nkUxRQv1KqSroMqA--@2.1.2
+ nodelite-2-xkjOecfnKGkSsOwtZ5Pz7Us-T6mrbPQrq0nh-aCO5V9nk5NLWmasAHumTKjiPJPWANe-kAZ84Jc8ooJkzZ88Sw--@4.4.1
+ nodelite-2-xtNHJxpWYNst-sMNn4Jv-vkODuFsJ-APr4FBeoFUdIa-Izjl4ZFHsYA2PUyu-ygIpQCkof8yZLL9U1-VpiyyIw--@2.3.2
+ nodelite-2-xxf9rum9KtOdwdRkiApWL-9hZEMWE90FHh8yS1-KJAiWYh-iGWV1FquPjoO9VUHQ-VIhsCXNNyZ5Sf4--RVZBA--@3.5.21
+ nodelite-2-xyFwyhro-JEof6Ghe2iz2NcXoj2sloNsWr-XsERDK-oiPCfaNhl5ONfp-jQdAZRQQ0IJWNzH9zIZF7li91kh2w--@2.3.1
+ nodelite-2-xztv7hMNJyAYw2FXZDm4OCtw-jotJv0BPp5-9dljKrJ0us-2dDEEYKAvVcxzdzRpSe7VOtXSdsoFf0XCCPmxtQ--@4.2.0
+ nodelite-2-y-CcFFwelSXpLZk-7fMB2mUbGtX9lKycf1MWJ7CaTIERyitVlyQx6C-sxcROU2BAJ24OiZyK-8wj2i8AlBoS3A--@1.2.4
+ nodelite-2-y-cTCACu92FyA5fgQSAI8A1H429g7aSK2HsO7K4XYUWc4dY5IUz55JSDIYT6-VsOLfGy8vmvQYC2hfb0iF16Uw--@20.16.11
+ nodelite-2-y11nGElTIV-CT3Zv9t7VKl-Q3hTQoT9a1Qzezhhl6Rp21gJ-IVTW7Z3y9EWXhuUBC2Shnf-DX0antecpAwSP8w--@20.2.9
+ nodelite-2-y3b8Kpd8OAN444hxfBbFfj1FY-RjtTd8tzYwhUqNYXx0fXx2iX4maP4Qr6qhIKbQXI02wTLAda4fYUbDagTUFw--@2.1.0
+ nodelite-2-yEFYrVhod-hdNyx7g5Bnkkb0G6si8HJurOoOEgC8B-O0uXLHlaey-65KRv6cuWBNhBgHKAROVpc7QyYqE5gFng--@1.0.0
+ nodelite-2-yPVavfyCcRhmorC7rWlkHn15b4wDVgVmBA7kV4QVBsF7kv-9TKJAbAXVTxvTnwP8HHKjRCJDClKbciiYS7p0DQ--@11.1.0
+ nodelite-2-yQ3rwFWRfwNUY7H5vpU0wfdkNSnvnJinhF9830Swlaxl03zsOjCfmX0ugac-3LtK0lYSgwL-KXc8oYL3mG4YFQ--@4.3.6
+ nodelite-2-yQbXgO-OSZVD2IsiLlro-7Hf6Q18EJrKSEsdoMzKePKXct3gvD8oLcOQdIzGupr5Fj-EDe8gO-lxc1BzfMpxvA--@3.0.3
+ nodelite-2-yRCk-GD8g-BhdDgxd3I0a0c8Ni4Wyo6ERzfSoBkPkwQ4X2E2nkopmraM9D0fXw4UcIr4bnmvADzkHXtBN0XrBg--@3.0.0-beta.21
+ nodelite-2-yXJmeNaw3DnnKAOKJE51sL-ZaYfWJRl1pK9dr19YFCu0ObS231AB1-LbqTKRAQ5kw8A90rA6fr4riOUpTZvQZA--@3.3.2
+ nodelite-2-yY1UDz6bC9rDvCWHpx12aIBGRG7krurX0p0Fm6pT547LwDIZZiNr8a-IHDogorAdreULSEzP82Nlv5SZkHZcjA--@1.1.0
+ nodelite-2-yZbBqeM6TkpP9du-I2pUZnJsRMGGvOuIrhjzC1AwHwW-6he4mni6Bp-m8ijn0iOuZuPI2BfkCoSRunpyjnrQKg--@7.28.4
+ nodelite-2-yaOH-Pk-VEhBWWTlhI-qXxDFXlejDGcQipMlyxda9nthulaxLZUNcUqFxokp0vcYnvteJln5FNQDRrxj3YcbVw--@1.0.0
+ nodelite-2-yhlQgA6mnOJUKOsRUFsgJdQCvkKhcz8tlZG5HBQfReYZy46OwLcY-Zia0mtdHsOo9y-hP-CxMN0TU9QxoOtG4g--@8.1.0
+ nodelite-2-yi8swmWbO17qHhwIBNeeZxTceJMeBvWJaId6dyvTSOwTipqeHhMhOrz6513r1sOKnpvQ7zkhlG8tPrpilwTxHQ--@0.30.18

50 packages installed [106.00ms]
