bun install v1.4.0 (34cbb9a40)

+ nodelite-2-A1pf6fzh6eYkK0L4Qp7g9jzJSDrM6nN0bOn5T0IbY4Yo3w-YkWlHFkJP7mzknMXjqusHFHlKsK2N-4OLsK2MRA--@2.1.3
+ nodelite-2-A2Hz85pu8BJJaYFdX8yb1yocqigyqBzn-OVaVgm-Kwi-DkN8vhN2kbDVEfADo6jXf5hPKquMLGA3UINA64UZ7A--@4.1.3
+ nodelite-2-A3Tzx1tkDHlBT-IgxmsMCHbV8LM7SwwCozq2ZjJRx0nqw3MCrrcxQFXldHeX-gdUMO-0Oocb7HGSnVODTq-0EA--@3.398.0
+ nodelite-2-A3We5UfEjG8Z7VkDv6uItWw6HY2bBSBJT1KtVESn6EOoOr2jAxNhxWCLY3jDE2WcuHXByWju74ck3ZgLwL8xmA--@2.1.0
+ nodelite-2-A3ilkwJ83xLwAYAI733hHthJ4DO0zXjQOvCWS9QYklWQTBEj0RllyRkrfGd2jypgNDZuAbDS-iFMsV-GuuaTHw--@39.4.2
+ nodelite-2-A6q9R-7cEa-qoQsBkdslXWvD7ztNLLQ9AhBhVN9QvzrmrH5B4ymUwcTU8lWl22ykH7RRwfonLeLXJL4C--L2oQ--@3.12.0
+ nodelite-2-A721nlt0DSCDit0wKvhcrXFTG5Vv1qkEVkeKvobmETZy6piKvwh0aaN8iQno5AFuZaj1iOZeNjZ-20TsDJR-4A--@3.8.0
+ nodelite-2-A9-lCBZoaMJlVKcRBz2YByCG-Cp2t6nAnMnNba-XiWxnj6r4JUFqfsgwocMBZU9LPtdxC6wB56ySYpc7LQIoJg--@1.1.0
+ nodelite-2-ABOzCsZrWzf78ysswmguJbx3McQUja7yeGj6-vZo4JVsZNlxAN-E9rs381ExBRI0KzVo6iBTeX5De8eMZPJXig--@3.31.0
+ nodelite-2-ADVjpOOkjz1hhkZLlBiYA9cR2Anf8F4HqZUO6e5eDcPQd0Txw5fxLzzxnEkSkfnD0wziSGiv7sYhk-ktvbf1uw--@2.1.0
+ nodelite-2-AKpaYlHn8t4SVbOHCy-b5-KKgvR4vrsD8vbvrbiQJps7fKDTkjkDry6ji0rUJjC0kzbNePLwzxq8iypo41qeWA--@1.5.1
+ nodelite-2-AM6TzwYqGChO45oiuPqwL2t20-HdMC1rTPAesnBCgPCSF1x3oN9MVUwQV2iyz4xqWrctwK5RNC8LV22kaQCNYg--@7.25.7
+ nodelite-2-AOIgSQCepiJYwP3ARnGx-5VnTu2HBYdzbGP45eLw1vr3zB3vZLeyed1sC9hnbcOc9-SrMyM5RPQrkGz4aS9Zow--@5.1.2
+ nodelite-2-APMBEanjybaPzUrfqU0IMU5I0AswKMH7k8OTLs0vvV4KZpExkTkY87nR-zpbuTPj-gARop7aGUbl11pnDfW6xg--@2.1.3
+ nodelite-2-AQK8T9GSKFREFlN1DBXTYsLjs7YV2tZcJ7zUWxbjMoQmj8dDSFRrzhLCbHPZWA1TMV3vACqfCxLEZcwf2wxV6Q--@0.13.5
+ nodelite-2-ASJqOugUF1bbzI35STMBUpZqdfYKlJugy6JBziGi2EE-AL5JPJGSzvpeVXojxrr0ViUYoToUjb5kjSEGf7Y83Q--@8.0.0
+ nodelite-2-ATwv86xlbmfD9n9gKRiwuPpWgPENAWCLwYCGz9ugTJlsO2kOzhOkvoyV-UD-tJ0uT7YRyD530x6ugNSffmvIiQ--@3.21.0
+ nodelite-2-AVbw3UJ2e9bq64vSaS9Am0fje1Pa8pbGqTTsmXfaIiMpnr5DlDhfJOuLj9Sf95ZPVDAUerDfEk88MPmPe7UCQg--@1.0.1
+ nodelite-2-AXSQu-2n1UIQekY8euBJlvFYZIw0PHY63jUzGbrOma4wPxzznJXTXkri-QcHeBNaFxiiOljKxxJkVSoB3PjbyA--@3.21.0
+ nodelite-2-AXfN-lGotSQwu6HNcEsIASo7kWXZ5HYWvfOmSNKDsEqC4OashTp8alTmaz-F7TC2L083SFv5RdB-qU3Vs1kZqw--@5.2.0
+ nodelite-2-AXpTFDzomabvi-FmxDDTwmnuqRBDfy2i0nzjKwVPM3ch94EucPbiAk3-18iZOX-A-o2mBO4jKc1DmB0ifQF2Rw--@5.0.4
+ nodelite-2-AYnb1nQyY49te-VRAVgmzfcgjYS91mY5P0TKUDCLEM-gNnA-3T6rWITXRLYCpahpqSQbN5cE-gHpnPyXjHWxcw--@1.0.6
+ nodelite-2-AceJYLLXt1Y2XIcOPi6LEJSs4G-ubeYW3LqOCQbhfIgMaNqKfQMIfagDnPeJX9FVmPFSlgoCBxb1pTJW2vjCAQ--@3.12.8
+ nodelite-2-AfsUq1-YiuoprhcBUD9vDPyWaigAwctQNW1fMb8dROL-i-12B-Zekj8Ml-jbU69-kIVtfL0Jl7-0Bo9KK3X0xQ--@3.7.8
+ nodelite-2-AifT7QEbW9Nri4tAwR5M-uzpBuqfZf-zwaEM-QkzEjj7NBuFD2rBuy0K3dE-8wltbezDV7JMA0WfnCPYRSYbXA--@0.2.11
+ nodelite-2-AjoQnylw4-5G6SmfhZRsli7EuIK7ZMhmbxtU0jkpciTlVV8H01OsFOgS1d8zaTXMfkWamEfMouy8oH-L7B9YcQ--@1.20251008.0
+ nodelite-2-AlcaJBi-pqqJBIQ8U9Mcpc9i8Aqxn88Skv5d-xBX006BY5u8N3mGLHa5Lgppa7L-HfwgwLgZ6NYs-Ag6uUmJRA--@2.11.0
+ nodelite-2-AsK1lStK3nB9Cn6S6ODb1ktGh7SRejsNVQVKX3t5d3tgOaX-aX1Iwy8FzM-ZEN8uCloeRifUGIY9uQFygg5mSw--@3.398.0
+ nodelite-2-Au9nRL8VNUut-XSzbQA38-M78dzP4D-eqg3gfJHMIHHYa3bg067xj1KxMUWj-VULbiZMowKngFFbKczUrNJ1mg--@1.0.0
+ nodelite-2-B-gBuNg5SiMTrPkC-A2-cW0RszwxYmn6VYxB-inlBStS5nx6xHIt-ehKRhIMhqusl7a8LjQoZnjCs5vhwxOQ1g--@8.17.1
+ nodelite-2-B0kHv7qX6E7-kdc5nsaqjdGZ1KwNKSUQDWGy7XkTYT7wFsOpkEyaJ1Vq79TjwrrtuLRgizrTV7PPuC4rRQo-vw--@3.1.1
+ nodelite-2-B4FFZ6q-T2jhhksgkbEW3HBvWIfDW85snkQgawt07S7J5QXTk6BkNV-0yAeZrM5QpMAdYlocGoljn0sJ-WQkFw--@2.1.0
+ nodelite-2-B8XBPsn4vT-KJAGqDzbwztd-6Yte3P4V7iafm24bxgDe-mlRuK6xmWPuCNrKt2vDafZ8MfJLlchDG-vYafQEjQ--@1.7.1
+ nodelite-2-B9-wizE4WngqQftFPmdaMYlXoJlJOYxGQOanC77fq9k8-Z0v5dDSVh-3glErdIROP--s-jgb7ZuxKfB8nVyo0g--@4.2.5
+ nodelite-2-BAE4cr9EDiZyYzwIHEk7JTBJ9CzlPuM4PchfcA5ao1dWXb25nv6hYsoDiBq2aZK9E3dlt3WB78uI96UESD-8Mw--@3.21.0
+ nodelite-2-BGcItUBWSMRgOCe-SVZJ-S7yTRG0eGt9cXAHev72yuGcY23hnLA7Bky5L-xLyPINoSN95geovfBkqoTlNZYa7w--@4.1.0
+ nodelite-2-BLI3Tl1TW3Pvl70l3yq3Y64i-awpwXqsGBYWkkqMtnbXgrMD-yj7rhW0kuEDxzJaYXGjEW5ogapKNMEKNMjibA--@2.0.2
+ nodelite-2-BNGbWLfd0eUPabhkXUVm0j8uuvREyTh5ovRa-dyow-BqAbZJyC-5fU-IzQOzmAKzYqYRAISoRhdQr3eIZ-PXqg--@1.1.2
+ nodelite-2-BOWEBeppWhLn-no-JxUL-ghTfANTjT7kg3Ww2rPqTUY9R4yHPXxJ9JhMe3Z03LN3aPwiwlpDIUcVw1xDyHqEhw--@2.5.0
+ nodelite-2-BR7VvDCVHO-q2xBEWskxS6DJE1qRnb7DxzUrogb71CWoSficBxYsiAGd-Kl0mmq-MprG9yArRkyrQxTO6XjMzA--@6.3.1
+ nodelite-2-BUuBvgThEiAXh2DWu93XsT-a3aWrGqolGlqqw5VU1kG7p-ZH2cuDlM1sRLNnY3QcBS69UIz2mcKhMxDsdewhjg--@1.1.0
+ nodelite-2-BWB9mIukO1wjEOo1Ojgl6LrG4avcaC7T-ZP6ptmAaW4xluhSIPZhY--PI5YKzlk-jsm-4sQZB45Bt1OfMeQa3w--@2.3.0
+ nodelite-2-BXANzRFkX-XcC1q-d27NKvlJ1yf7PSAgi8JG6dt8EfbHFHi4neau7mufcSca5zRhwOL8j9s6EqsxmT-s--E6Sw--@3.0.4
+ nodelite-2-BeHZVMNXhM3WV3XE2yghO0fRxhMOt8BTN972p5piYEQUvKeSHmS8oeGcs6Ahgx5znBclqqqq37ZfioYANiTqJA--@0.40.0
+ nodelite-2-BfNqNW6KA83Nexspgb9DZuz578R7HT8MZw1CfK9I6Ah4QReNWEJsXWHN-SdmOVLNGmTPDi-fDT535Df5PzMLbQ--@1.1.9
+ nodelite-2-BjasUjixPFdS-NKkypcyyN5Pmg83Olst0-c6vGov0diwTEo6mgdqVR6hxcEgFuh4QrAs7Rc-9KuGJ9TVCj0Zzg--@1.2.2
+ nodelite-2-BpdYkt9EvGl8OfWHDQPISVpcl5xZthb-XPsbELj5AQXxIC8IriDZIQYjBJPEm5rS420sjZ0TLEzRcq5KdBhYrQ--@0.1.0
+ nodelite-2-BrpvfNAE3dcvq7ll3xVumzjKjZQ5tI1sEUIKr3Uoks0XUl45St3FlatVqef9prk4jRDzhW6WZg-3bk93y6pLjA--@2.0.0
+ nodelite-2-Bt-SSVU8eBG27zChVewOicYs7Xsdt40qm4-UpHyX7k0-O9NliPc-x77k1-FEsPsjKPZGJvtRZM1vO-geW0OhGw--@3.2.2
+ nodelite-2-BvHCDrKfbG5Yhbpj4vsbuPV2GgcpHiAkLeIlcA1LtfpMz3jrqizP1-OguSNSj1MwBHEiN-jwNisXLGdajGDQJA--@2.2.0

50 packages installed [511.00ms]
