bun install v1.4.0 (34cbb9a40)

+ nodelite-2-hFoiJiTl63nn-kstHGBtewWSKnQLpyb155KHheA1l39uvtO9nWIop1p3udqPcUd-xbF1VLMO4n7OI6p7RbngDg--@2.0.1
+ nodelite-2-hIP3EEPs8tB9AT1L-NUqtwOAps4mk2Zob89MWXMHjHWg9milF-j4osnnQLXBCBFBk-tvIG-tUc9mOUJiPBhPXA--@1.0.4
+ nodelite-2-hIS4idWWai69NezIdRt2xFVofaF4j-6INOpJlVOLDO8zXGpUVEVzIYk12UUi2JzjEzWL3IOAxcTubgz9Po0yXw--@5.2.1
+ nodelite-2-hNngCeKxIUQiEUN3GPJOkz4wF-YvdUdbNL9hsBcMQTkKzboD7T-q3OYOuuPZLUE6dBxSGpwhk5mwuDud7JVAow--@3.7.8
+ nodelite-2-haPVm1EkS9pgvHrQ-F3Xy-hgcuMV0Wm9vfIBSiwZ05k-xgb0PkBQpGsAA-oWdDobNaZTH5ppvHtzCFbnSEwHVw--@0.33.5
+ nodelite-2-hjcS1mhfuyi4WW8IWtjP7brDrG2cuDZukyrYrSauoXGNgx0S7zceP07adYkJycEr56BOUTNPzbInooiN3fn1qw--@5.6.3
+ nodelite-2-ho7XuGjLaJ2hWHoK8yFnsUGy2Y5uDpqSTq1FkHLK4-oqKtyUU1AFbOOxY4IpC9f0fTLjwYbslUz0Po5BpD1wrA--@0.3.3
+ nodelite-2-hoA4zm61q1mNTpksiSWp2nEl1dt3j726HdRhiNgVJQMj7mLp7dprtF57mOB6JvEk-x9d2bsuL5hlqZbBuHQylQ--@2.2.0
+ nodelite-2-hpEVKE-M3uUkTjw2WrX1NrH-B3rqDJFUa-ViNK2eVranLY4ZwFqbqaYXSzHupOF3ecSjJJv2C103JrwFvx6TPQ--@3.12.6
+ nodelite-2-hsBTNUqQTDwkWtcdYI2i06Y-nUBEsNEDJKjWdigLvegy8kDuJAS8uRlpkkcQpyEXL0Z-pjDy5HBmMjRCJ2gq-g--@5.3.2
+ nodelite-2-htwQXkbdF13uwwDevz9BEzL5ABK-1sJpVQXywwGSH973AVOvisHNfpcB8A8761G6XgHoS2kHPqc9DqHJ2gp--Q--@3.1.2
+ nodelite-2-hvTm77Pf-pMBhuBm760Li0BVIO38jv1IBws1xFm1NoL26PU-fe-FMW5-VZWyANR6nYL65joaJKZqOdTQMkO9IQ--@3.9.10
+ nodelite-2-hvpoI6korhJMnej285dSg6nu1-e6uxs7zG3BYAm5byqDsgJNWwxzM6z6iZiAgQR4TJ30JmBTOwqZUw3WlyH3AQ--@4.0.0
+ nodelite-2-hwawtob9DryoGTpixy1D3ZXbGgJu1Rhr-ySH2PvTLHvkZuQ7sRT4oQwMh0hbqZH1weAooedEjRsbrWcGLCeyVQ--@0.4.0
+ nodelite-2-hymDOu5B53XvN4QT9dBmZxPX4CWhBPPLguTZ9MMFeFa-Kg0xWVfylOVNlJji-E7yTZWFd-q9GO5TxDLq156D7g--@3.9.0
+ nodelite-2-i-2XbnSz-uxRCU6-NdVJgKWDTM427-MqYbkQzD321DuCQJUqOuJKIA0IM2-W2xtYHdKOmZ4dR6fExsd4SXL-WQ--@5.0.1
+ nodelite-2-i27uPV7SxK1GOn7TLTRxTorxchYa5ur9JHgtl6TxZ1MHuyb9ROAnXxEeu4q4H1836Xb7lL2PGPsaa5Jl3p-R6g--@1.1.6
+ nodelite-2-i5gWKSP7QQGz59z85ZjOGtIfXK1ZgRLEwbt7-dkmuujhTuMBWygQqrb2EGRf8vRZH1Xvp0fYENUZx7NjgvxsIg--@3.9.4
+ nodelite-2-i6UzDscO-XfAcNYD75CfICkmfLedpyPDdozrLMmQc5ORaQcdMoc21OnlEylMIqI7U8eniKrPMxxtj8k0vhmJhA--@2.0.0
+ nodelite-2-iAvUotm021kM33eCdNfwIN--F77-IADDSs58i-MDaOqFrVjZo9bAal0NK7HurRuWLLpF1iLX7gbWrjHjeo-YFg--@5.2.0
+ nodelite-2-iCuPHDFgrHX7H2vEI-5xpz07zSHB00TpugqhmYtVmMO6518mCuRMoOYFldEBl0g187ufozdaHgWKcYFb61qGiA--@1.1.11
+ nodelite-2-iG0TIdqv8xJ3Lt9O8DrPRxw1MRLjNpoqiSGU03P-wNLP-s0ra0udPJ1J2Tx5M0J3H-cVyEgpbn8xUKRY9j59kQ--@0.6.4
+ nodelite-2-iG3905Alv9pINbQ8-MIsshgqYMbWx-NDQWpxbIW3W0MkSH3iAqdVpSCteYidYX9G-jv2Um1nW3y360ib20bvNg--@3.398.0
+ nodelite-2-iKuQcq-NdHqlAcwUY0o-HL69XQrUaQdMjmStJ8JFmUaiiQErlhrmuigkg-CU4E2J0IyUKUrMAgl36TvN67MqTw--@0.5.0
+ nodelite-2-iRDPJKUPVEND7dHPO8rkbOnPpyDygcDFtWjpeWNCgy8WP2rXcxXL8TskReQl6OrB2G7-UJrags1q15Fudc7G6w--@7.0.3
+ nodelite-2-iROhcgy3vge6zsviPtoTLHale0nYt1PLhuMmJweQwJ0U23ZYyYhV5xgHtAd0OBEXuqT6rjYbJFvKOJZmJOwpNQ--@0.1.3
+ nodelite-2-iTEA0vY6RBPuEzkwUTVzSHDATo1aF6bdLLspI68mQ-BTbi5UQEGjpjyzdKOVcSYApDtFU6M6vypZ1t4vIEnHvw--@1.0.11
+ nodelite-2-iWHdj-B1ethnHRTwZj-C1obmmuCzquH29EbcKr0qIjA9NfDeBDJ7vs-WOHsFeLeflE4o-dHfYndJloMKHUkWUA--@6.18.1
+ nodelite-2-iYyACpW3iW8Fw-ZybQK-drQre-ns-tKpXbNESfrhNnPLIklLbXr7MYJ6gPEd0iETGLOK-SxMjVvKb-ffmk-FEw--@7.25.7
+ nodelite-2-iclAHeNqNm68zFtnZ0e-1L2yUIdvzNoauKU4WBA3VvH-vPFieF7qfRlwUZU-DA9P9bPXIS90ulxoUoCH23sV2w--@1.1.2
+ nodelite-2-idsIggNXUKkk0-BExUn1dQ92sfysJrje03Q0bv0e-KPLrvyqZF8MnBpFz8UNfYDwB3Ie7Z0TByjWfzxt7vseaA--@25.1.0
+ nodelite-2-ieGu42u-Qsa4TFktmaKEwM6MQH0pOWnaB3htzh0JRtx84-Mebc0cbZYN5bC-6WTZ4-77xrL9Pn5m7CV6VIkV7A--@8.1.0
+ nodelite-2-igM2RRCf3k8TvZoxR2oguuw4z1xasOnA31joCqHIyLkeWrvAc2Jgay5ISQ2ZplinkoGaJ6orCz56Ey456c5ESA--@1.0.4
+ nodelite-2-inxQMyrzX0UBW9Mhraq0nZ4HjHdygQvllzloT1E-RlDd61lr3RbmJR6pLsrbKOTtSvDIBJpCso1xEdHCFNmA0Q--@3.5.31
+ nodelite-2-iph2XUy8UzIfdJFWo1r0Zng9uWj3253yvW9gljhtu-y-LNmNvSnJxQk1f3D2BC5WmcoPZqTS3UsycT3mLPSzWA--@3.734.0
+ nodelite-2-iq6eVVI64nQQTRYq2KtEg2d2uU7LElhTJwsH4YzIHZshxlgZms-wIc4VoDQTlG-IvVIrBKG06CrZnp0qv7hkcQ--@7.1.0
+ nodelite-2-itvL5h8RETACmOTFc4UfIyB2RfEHi71Ax6E-PivVxq9NseKbOWpeyHEOIbmAw1rs8Ak0VursQNww7lf7YtUwzg--@9.0.0
+ nodelite-2-iwDZqg0QAGrg9Rav5H4n0M64c3mkR59cJ6wQp-7C4nI0gsmExaedaYLNO44eT4AtBBwjbTiGPMlt2Md0T9H9JQ--@6.21.0
+ nodelite-2-j1ycUVz5JmqhaL6mDZgDNZqBilOB8PBW096sDPFaTtuYreDx2HOd1igxiIvwlvPESZwsJP7FVM3mYnaoXtpKPA--@3.7.2
+ nodelite-2-j2Zq4NyQYG5XMST4cbs02Ak8iJUdxRM0XI5QyxXuZOzKOINmWurp3smXu3y5wDcJrptwpSjgXHzIQxR0omXljQ--@0.2.15
+ nodelite-2-j3fVLgvTo527anyYyJOGTYJbG-vnnQYvE0m5mmkc1TK-nxAppkCLMIL0aZ4dblVCNoGShhm-kzE4ZUykBoMg4g--@6.12.6
+ nodelite-2-j44kbR1QL26l6dMunZ1uhKBFteVGLVCBGNUD2sUaMnic-rbTviVuoK0CD1l9FTW31EueWvFFswCKMH7Z-M3JRA--@1.4.19
+ nodelite-2-j5-WBUdhccJsmH5-H0K6RncjDtoALSEr6jbkaZu-bjw6hOPOhHycr6vEUujl-HBK8kjUfWcoCJXxP6e4lUlMZw--@1.1.7
+ nodelite-2-j9DGrQLm-Uhl2tCzcbLhy5kXsgkHUrjJHg4fFAeoMRwJmJerT9aw4FEhIbZStWN8A3qMwOp1uzHr4UL8AInxtA--@2.0.0
+ nodelite-2-jCC-Q7rAQGLQBkHjkPAeDuGYuMbc4neifjlNRiyZ9as1z4gg63H8MteoWYYk6K4vCKKxSixgt8MfI29XWMOWPQ--@3.1.2
+ nodelite-2-jCi-QKUM2r1Ju5a3J64TH2A5SpKAgh0LpknyqdQ4m6DCV0xJ2HG1xARRwNGPQfi1SLdLWZ1OJz6F4OMBBNiGJA--@1.1.2
+ nodelite-2-jJ0bqzaylmJtVnNgzTeSOs8DPavpbYgEr-b0YL8-2GO3xJEhInFmhKMUnEJQjZumK7KXGFhUy89PrsJWlakBVg--@1.1.4
+ nodelite-2-jJD50LtlD2dodAEO653i3YF04NWak6jN3ky-Ri3Em3mGR39-glWiboM-IePaRbgwSfqM1TpGXfAg8ohn-4dTgA--@20.19.1
+ nodelite-2-jLquJeA5ZNqDT64UpTc9XJ7kQYltUlNcgxZ37-v4mHe0UZ7QohCKdKQhXHONb0h2jjNUpp2HOZI8J9--jOpzxA--@3.7.22
+ nodelite-2-jLxQjefH9VI5P9UQuqB6qNKnvFt1Ky1TPIzHGsIlCi7sZZoMR8SdYbBGRvM0y-Jtb-ez4ieBzmiAUcpmPYpyOw--@3.5.6

50 packages installed [132.00ms]
