bun install v1.4.0 (34cbb9a40)

+ nodelite-2-3MuREsazwBxghKb2sQQHvie-uuK4dX4-ckFYiSoffzJQd0YHxaGxf8cr4NOSCQCUesWu8D3Y0SzlnHGboVSkpA--@3.738.0
+ nodelite-2-3QItJOXp2AP1uv7waBkao5nCvhEv-QmJAd38Ybq7wNI74Q-BBmnLn4EDKz6yI9xGAIQoUF87qHt-kc1IVxB4zQ--@0.6.0
+ nodelite-2-3UDv-G9CsCKO1WKMGw9fwq-SWJYbI0c5Y7LU1AXYoDdbhE2AHQ6N6Nb34sG8Fj7T5APy8qXDCKuuIHd1BR0tVA--@2.0.4
+ nodelite-2-3UcJXu37JrTkRyP4GJPDBU7NmDTInrEdOe-bVzA1j4EegzdkJmLBkLg5cLDAbpiEHB-xIsvbJdx6dxeMuc-H3g--@3.9.2
+ nodelite-2-3VhUGN3w2eYxnTzHn-ikMI-fp-96KoRSVK9-kMTcFqj1NRDh2IhQCKvYxDnWePKRXY-AqH-Fuiyb7VHSzBjHfA--@4.3.4
+ nodelite-2-3X3M1PZcHtgQbnwizL-xU8CAgbYbeLHrrDwL9xxcZZrV5J-e7loJm1XrXozHjSkl44J0Zg0SgA8rXbh83kCkcQ--@0.8.6
+ nodelite-2-3Ybi1tAuwAP9s0r1UQ2J4n5Y0G05bJkpUIO0-bI9MhwmD70S5aTWbXGBwxHrelT-XM1k6dM0pk-SwNkpTRN7Pg--@8.5.6
+ nodelite-2-3aS-fP28urrMW2KTjb6z9iFow6jO8n3MFfineGbndvzGZit3taZhKWtTorf-Gp5RpFDDafeHlhfsGlDCXvUnJA--@5.0.1
+ nodelite-2-3ah7sa-Cwr9iiYEERt9JfZKPw4A2UlbY8RbbnH2mGCE8NwHkhmlZt2VsH0oDA3P08X3jJd29ohBDtX-TbD9AsA--@3.5.21
+ nodelite-2-3giAOQvZiH5F9bMlMiv8-GSPMeqg0dbaeo58-0SlA9sxSqZhnUtxzX9-2FzyhS9sWQf5S0GJE0AKBrFqjpeYcg--@1.9.0
+ nodelite-2-3lSpxGgvnmZznmBkCRnVREPUFJv2wrv9iAoFDvADJc0ypmdOxdUtcLeBgBJ6zE0PMeTKnxeQzyk0xTBq4Ep7zw--@7.28.3
+ nodelite-2-3oJbGBUWuS6ahSnEq1eN2XrCyf4YsWI8OyCvo7c64zQJNplk3mO84t53o8lfTk-2ji59g5ycfc6qQ3fdHliHuA--@16.18.11
+ nodelite-2-3oSeUO0TMV67hN1AmbXsK4yaqU7tjiHlbxRDZOpH0KW9-CeX4bRAaX0Anxt0tx2MrpRpWwQaPwIlISEJhYU5Pw--@1.0.2
+ nodelite-2-3p2Rgm-a1cK0r-UVkx5F-K9v-EplfjAeIFCGOPYPO4lZ0jtg4iSQXt-YGTSLWaf4x7NG6Z4-uKFcylcTZjeqDA--@1.2.4
+ nodelite-2-3sUqbMEc77XqpdNO7FRyRog-eW3ph-GYCbj-rK-uYyRMuwsVy0rMiVtPn-QJlKFvWP-1PYpapqYn0Me2knFn-A--@4.3.1
+ nodelite-2-3tPRkv1EtkDpzlgyKyI8pGsGZAGPEaXeu0DOj5DI25Ja91bdAYddYHbADRYVrZMRbfW-1l5YwXVDKohDJNQxkQ--@8.5.12
+ nodelite-2-3wdGidZyq5PB084XLES5TpOSRA3wjXAlIWMhum2kRcv-41Sn2emQ0dycQW4uZXLejwKvg6EsvbdlVL-FYEct7A--@4.0.0
+ nodelite-2-3z0blhicHLfwi2UgkZYRPioSgVTo9PV5GP5ducFH6FaHy0IAJRg-ixj5gTR1gnT-glAIC8xv4w2VL1LoZfs-Jg--@6.1.0
+ nodelite-2-40X5UOb-0CEFnZVEHyN260HlSSUxPES-arrUphOumGWgXERHfwCD0kNBVILgQSij8iliYVwlc0V7M5bcLP9vPg--@16.16.0
+ nodelite-2-41Cifkg6e8TylSpdtTpeLVMqvSBEVzTttHvERD741-pnZ8ANv0004MRL43QKPDlK9cGvNp6NZWZUBlbGXYxxng--@7.0.0
+ nodelite-2-47qPchRCykZC03FhkYAhrvwU4xDBFIj1QPqaarj6mdM-hgUzfPHcpkHJOn3mJAufFeeAxAzeGsr5X0M4k6fLZQ--@16.4.7
+ nodelite-2-4FbRdAX-bSdmo4AUFuS0WNiPz8NgFt-r8ThgNWmlrjQjt1Q7ZR9-zTlce2859x4KSXrwIsaeTqDoKQmtP8pLmQ--@2.0.1
+ nodelite-2-4NDmHShyi1hrVRsJCdRZT-FIpy--5PFbVbQLRYX-pjpu5cYqHBj9s6n5RI6gGDXEBHAIFi63g9FC6Isgr66l1Q--@0.0.12
+ nodelite-2-4PSd46sFzqpLHSGdaSViAb1mk55sCUMpJg-X8ittXaVocQsV3QLG-uydSH8RyL0ngHX5fy3D70LcCzlB15AgHw--@1.0.0-beta.42
+ nodelite-2-4RkU9EsI6ZpBve5fseQlGNUWKMa1RLPQ1dnjnQoe07ldfIzcsGb5hC5W0Dm7u423KWzawlrpbjXBrXCEv9zazQ--@5.2.0
+ nodelite-2-4UEqdc2RYGHZc7Doyqkrqiln3p9X2DZVxaGbwhn2pi7MrRagKaOcIKe8L3OxYcbhXLgLFUS3zAYuQjKBQgmuNg--@18.0.0
+ nodelite-2-4Z8dn6Upk0qk4P74xBhZ6Hd-w0mPEzOOLxy4xiPXOXqjF7jZS0VAKk7-x-H6FyY2zCkYJqePf1G5KmkmNJ4RBA--@1.1.0
+ nodelite-2-4fCk79wshMdzMp2rH06qWrJE4iolqLhCUH-OiuIgU--RB0-94NlDL81atO7GX55uUKueo0txHNtvEyI6D7WdMw--@0.6.3
+ nodelite-2-4fKZygS8cH1yCyuabAXGUAsyi1b2-o-OKgu-RUb-znIYOxPRxdkytJEx-0wGcpBE1pX6vUgh5jwWOKRGvuA-7Q--@4.4.5
+ nodelite-2-4lLa-EcQCB0cJkyts-FpIRx5G-llPxfP6VQU5KByHEhLxY3IJCH0f0Hy1MHI8sClTvsIb8qwRJ6R-ZdlDJ-leQ--@2.8.0
+ nodelite-2-5-fP8P8MFNC-AyZCDxrB2pkZFPGzqQWUzpSeuuVLvm8VMcorNYavBqoFcxK8bQz4Qsbn4oUEEem4wDLfcysGHA--@7.0.15
+ nodelite-2-50UEfZq1KR0Lfk2Tr6xb-MUIZH3h10oNC0OTy9g7WELcs5Fgy-mKN1vEhuKTkKbdo8vr5F9GXstu2eLhApfQ3A--@1.3.0
+ nodelite-2-52fh8y8b2776R2VrfZPpUBJYC9oTP7XDy-zZuZTxPEd7Ywk0JNUl5F92y6ru22yPkS13sdhrNM-Op-V-KulmAg--@3.19.3
+ nodelite-2-55JNKuIW-vq4Ke1BjOTjM2YctQIvCT7GFzHwmfZPGo5wnrgkid0YQtnAleFSqumZm4az3n2BS-erby5ipJdgrg--@1.0.2
+ nodelite-2-58lmxKSA4BNyLz-HHMUzlOEpg09FV-ev6ZMe3vJihgdxzgcwZ8VoEEPmALCZG9LmqfVoNMMKpttIYTVG6uDY7A--@4.0.2
+ nodelite-2-5996BeBpnj-yKXYysz-UuhFQxGFPvaZZ3zNBd052wz-i-TVFVGSqqYJ6cwZyO1AfBR8zOT0ZIiK4EC3ETwSvtQ--@3.1.0
+ nodelite-2-5BFChNbcYtcY9MBStcDev7WZRHf0NpTrk8yfSoedWctB3jfWkFd1HECBvdc8w3mUQshF2MumLHtAhRO7IFtGGQ--@1.2.6
+ nodelite-2-5HVP2MKaP6L-G6YaxPNjuL0BPrq9orG3TsrZ9YXbA3vDw-ACI4MEsnoDpn6ZNm7GnZgtAcONJyPhOP8tNJQavQ--@2.0.1
+ nodelite-2-5Qcll1z7IKgHr5g485ePDdHcNQY0k2dtv-bjYy0iuyGxQw2qSOiiXUXJ-AYQpg3HNoUMHqAruX478Jeev7UULw--@12.0.0
+ nodelite-2-5S7Va8hKfV7W5U6g3aYxXmlPoZVAwUMy9AOKyF2fVuZa2UD3qZjg578OrLRt8PcNN1PleVaL-5-yYATNL0ICUw--@7.4.3
+ nodelite-2-5UgwZmohpixwNMVkMvn9K1ceJe6TzlRlAfuYoQDUuOkk62-JVJNDLAPKIf5YMRc7d2B0rmfgaZLMtbREb0Zvkw--@3.25.6
+ nodelite-2-5Znbx9HVJb7EV9EJXJrUj-cs116QIBwX-hxkyaiLaaDL2w5S-z1rjtV-d0Jv7382FCtzAtfv-9llVuxZYPVqXA--@0.22.3
+ nodelite-2-5bl2LG1Ah-7E5cMSC-q-h3IpVHMeOkG0yLRyQT1p2aMJkSrZG7RlXHPuAgb7EyaFeidKEnnd-fNaLLaKlHGzDQ--@2.2.0
+ nodelite-2-5cvg6CtKwfgdmVqY1WIiXKc3Q1bkRqGLi-2W-6ao-6Y7gu-RCwRuAhGEzh5B4KlszSuTLgZYuqFqo5bImjNKng--@2.0.0
+ nodelite-2-5dgndWOriYSm5cnYaJNhalLNDKOqFwyDB-rr1E9ZsGciGvKPs8R2xYGCacuf3z6K1YKDz182fd-fY3cn3pMqXQ--@6.1.0
+ nodelite-2-5gTmgEY-sqK6gFXLIsQNH19lWb4ebPDLA4SdLP7dsWkIXHWlG66oPuVvXSGFPppYZz8ZDZq0dYYrbHfBCVUb1Q--@4.0.3
+ nodelite-2-5jOT2boTSVkMnQ7LTrd6n-18kqwjmuYqo7JUPe-tRCY6O7dAuTFMtTPauYYrMPpox9hlN0uOx-FL8XvEfG9-mQ--@2.0.0
+ nodelite-2-5l4VyZR86LZ-lDxZTR6jqL8AFE2S0IFLMP26AbjsLVADxHdhB-c0GUsH-y39UfCi3dzz8OlQuPmnaJOMoDHQBA--@1.2.0
+ nodelite-2-5oJg84os6NMQNl27T9LnZkvvqzvAnHu03ShCnoj6bsJwS7L8AO4lf-C-XjK-nvzEqQB744moC6V128RucQd1jA--@1.4.0
+ nodelite-2-5qucVt2XcuGMcEGgWI7i-yZpmpByQ8J1lHhcL7PwqCwu9FPP3VUXzT4ltHe5i2z9dePwEHcDVOAfSnHsOlCXRA--@1.0.5

50 packages installed [236.00ms]
