bun install v1.4.0 (34cbb9a40)

+ nodelite-2-7iN8iPMDzOMHPUYllBEsQdWVB6fPDMPqwjBaFrgr4Jgr--okjvzAy-UHlYYL-Vs0OsOrMkwS6PJDkFlJwoxUnw--@7.5.1
+ nodelite-2-7jWUBV5yGN3rqMMj7CZufl-291QAhvrrGpDNE4k-02ZchL0npisiYYqULF71jCEKoIiHvK-Q2e6IkDwPziT7-w--@3.13.0
+ nodelite-2-7rKUyy33Q1yc98pQ1DAmLtwX109F7TIfWlW1Ydo8Wl1ii1SeHieeh0HHfPeL2fMXK6z0s8ecKs9frCuLJvndBg--@4.4.1
+ nodelite-2-7rVi2KMfwfWFl-GpPg6m80IVMWXLRjO-PxTq7V2CDhoGak0wzYzFgUY2m4XJ47OGdXd8eLE8EmwfAmdjw7lC1g--@1.6.11
+ nodelite-2-7ylylesZQ-PV29jhEDl3Ufjo6ZX7gCqJr5F7PKrqc93v7fzSymt1BpwEU8nAUXs8qzzvqhbjhK5QZg6Mt-HkBg--@1.2.4
+ nodelite-2-8-9WqebbFzpX9OR-Wa6O29asIogeRMzcGtAINdpMHHyAg10f05aSFVBbcEqGf-PXw1EjAZ-q2-bEBg3DvurK3Q--@2.0.1
+ nodelite-2-83yeghZ2xxin3Nj8z1NMd-NCuca-gsYXswywDy5bHvwlWL8tpTQmzGeUuHd9FC3E-SBEMvzJRwWEOz5gGes9Qg--@10.0.2
+ nodelite-2-88JUN06ipLwsnv-dVn-OIYOvAuvBMy-Qoi6O7mQHxdPXpjy-Cd6xRkWwux7DKO-4sYILtLBRIKgsdpS2gQc7qw--@3.0.0
+ nodelite-2-8C--PKKTaAYE2quDtOUwny-eQpNn9YGby7T80wntbVWSGvw0aUT9M0YgLdLkUgIQzQwaB1ZTr80rwLVKyohHig--@0.1.1
+ nodelite-2-8JZt9ElZ5kyTnO94muPxIGS8oyElRJaiJO8EzV6ZSyGQ1Is8xwl4Q45qU5UOg-bGH4AikWziz0iN4sFLWs8PGw--@2.0.0
+ nodelite-2-8Ofs-AUQh8MaEcrlq5xOX0CQ9ypTF5dl78mjlMNfOK08fzpgTHQRQPBxcPlEtIw0yRpws-Zo-3r-5WRby7u3Gg--@1.0.0
+ nodelite-2-8Qi4nQcCTbLnK9WoMjdC9NiTG6-E38RNICU6sUNqK0QFxCYgoARqVqxdFmWkdonVsvGqWhmm7MO0jyTqLqwj0Q--@0.24.2
+ nodelite-2-8Unqkvk1RYc6yq2WBYRj4hdnsAxVze8i7iPfQr8e4uSP3tRv0rpZcbGUDvxfQQcdwHt-e9PrMvGCsa8OqG9X3w--@0.12.1
+ nodelite-2-8VLmW2B-gjFbU5uMeqtQM6Nj0-F1bro80xQXCW6CQBWgosFWXTx77aeOF5CAIAmbOK64SdMBJdNr6J41yP5mvQ--@3.0.0
+ nodelite-2-8VbfWfHLbbwu3-N6OKsOMpBdT4kXPDDB9cJk2bJ6mh9ucxdlnNvH1e-roYkKmN9Nxw2yjz7VzeO9oOz2zJ04Pw--@8.18.0
+ nodelite-2-8VhliFJAWRaUiVvREIiW2NXXTmHs4vMNnSzuJVhscgmGav3g9VDxLrQndI3dZZVVdp0ZO-5v0xmX516-7M9cng--@2.3.0
+ nodelite-2-8g7s9lPolyDFtijyh3Ob459tpezPuZbkXoFgJwBTHjPZ7ap-TvOJTvLk56CFwxVBVz2BxCzWJqxYyy3FUdeLoA--@0.5.1
+ nodelite-2-8i-LZ0vf6ZgII5Z9XmUvrCyEzocvWT-TeR2VBUVlzIH6Tyv57E20mPZ1bCS-tbejgUgmjrEh7q-0F0bibskAmw--@3.5.21
+ nodelite-2-8iUql50EUR-uUcdRQ3HDqa6EVyo3docL8g5WJ3FNcWmu62IbkGUue-pEyLBW8VGKKucTPgqeks4fIU1DA4yowQ--@3.0.1
+ nodelite-2-8j-1QmAbPvLZow5Qpi6NCaN8FB60p-6x8-vfNqOk-hC-HuvFZhL4-WfekuhQLiqFZXOgQdrs3B-XxEmCc6b3FQ--@2.7.3
+ nodelite-2-8kYso8d806ypnSq3-Ly0QEw90V5ZoHh10yH0HnrzOCr6DKAPI6QVHvwleqMkVQ0m-fc7EH8ah0BB0QPuWY6zJQ--@0.34.3
+ nodelite-2-8mRTjvCtVET8-rxvmzRNRR0hH2JjV0DFOmwXPrISmTIJEfnCBugpYYGAsCj8t41qd-RB5gbheSQ-6aKZCQvFLQ--@4.0.1
+ nodelite-2-8nWq2nLTAwd02jTqJExUYFSD-fKq6VH9Y-oG2accc-kdI0V98Bag8d5a4gi3XHz73rDWa2PvTtvcWYquKqSENA--@2.0.1
+ nodelite-2-8nneRWKCg3rMtF69nLQJnOYUcbafYeFSjqkw3jCRLsqkWFlHaoQrr5mXmofFGOx3DKn7UfmBMyov8ySvLRVldA--@2.6.12
+ nodelite-2-8q7VEgMJW4J8tcfVPy8g09NcQwZdbwFEqhe-WZkoIzjn-3TGDwtOCYtXGxA3O8tPzpczCCDgv-P2P5y00ZJOOg--@1.4.1
+ nodelite-2-8sLjZwK0R-JlxlYcTuVnyT2v-htpdrjDOKuMcOVdYjt52Lh8hWRYpxBPoKx-Zg-bcjc3wx6fmQevMmUztS-ccA--@7.1.0
+ nodelite-2-8uSpZZocAZRBAPIEINJj3Lo9HyGitllczc27Eh5YYojjMFMn8yHMDMaUHE2Jqfq05D-wucwI4JGURyXt1vchyg--@5.1.1
+ nodelite-2-8vDa8Qxvr--d94hSh5P3IJwI5t8-c0KsMp-g8bNw9cY2icONa5aPfvKeieW1WlG0WQYwwhJ7mjui2xtiePQSXw--@10.5.0
+ nodelite-2-97-BJ3iXHww3djw6hYIfErCZFee7qCtrneuLa20UXFCOTCfBM2cvQHjWJ2EG0s0MtdNwInarqCTz35i4wWXHsQ--@1.5.0
+ nodelite-2-973driJZvxiGOQ5ONsFhOF-DtzPMOMtgC11kCpUrPGMTgqp2q-1gwzCquocrN33is0VZ5GFHXZYMM9l6h67v2Q--@7.0.1
+ nodelite-2-97r92D23GKCOjGIGMeW9nt--KlfM3GeWH39Czcmd2-D5y3k6z4j0avbsfx2OttCtJszrnENjw3GraYGYI2KosQ--@3.8.15
+ nodelite-2-9G6PbJ03uwxLHKQ3P42cMTi85lDRvGLB2rSGOiQqtXELat6uI4n8cNz9yjfVHRPIu-MsK6TE418Giruvgptckg--@3.5.12
+ nodelite-2-9IQDaPvPqTx3RjG2eQCK5GYZITo203BxKunGI80AGYicu1ySFTUyugicAaTZWRzFWh9DSnzkgNeMNbDWBbSs0w--@0.16.11
+ nodelite-2-9KQPoO6mZCi7jcIStSnlOWn2nEF3mNmyr3rIAsGnAbQKYbRLyqmeSc39EVgtxXVia-LMT8j3knZLAZAh-xLmrw--@19.2.2
+ nodelite-2-9Kr-j4O16ISv8zBBhJoi4bXOYNTkFLOqSL3UDB0njXxCXNezjeyVrJyGOWtgfs-q2km1gwBcfH8q1yEGoMYunA--@1.0.2
+ nodelite-2-9RYxmgjVIxUpIsGKPIF7uRoHWOEz8muwaYiStCVeyiYBPmarvZoIYtTXcwSMN-vEs7heVN5uGCL6-bfdY4-WiA--@3.8.6
+ nodelite-2-9Ri-o0JYgehTaVBBDoMqIl8GXtbWg711O3srftcHhZ0dqnETqLaoIK0x17fUw9rFSlK-0NlsKe0Ahhyl5pXE2g--@3.1.0
+ nodelite-2-9S6m9Sukh1cZNknO1CWAr2QAWsbKLafQiyM5gZ7VgXHeuaoUwffKN4q6NC4A-Mf9iiPlOXQEKW-Mv-mh9-3YFA--@2.0.1
+ nodelite-2-9TOQ7781sZvddgO8nxueKi3-yGvkY35kotA0Y6BWRajAv8jjmigQ1sBwz0UX47pQMYXJPahSKEKYFgt-rXdcug--@4.0.0
+ nodelite-2-9WXSPC5fMv61vaupRkCKCxsPxBocVnwakBEkMIHHpkTTg6icbJtg6jzgtLDm4bl3cSHAca52rYWih0k4K3PfHw--@1.4.0
+ nodelite-2-9WXswnqINnnhOG-5SLimUlzuU1hFJUc8zkwyD59Sd-dPOMf05PmnYG-d6Q7HZ-KmgkZJa1PxRso6QdM3sTNHig--@1.6.1
+ nodelite-2-9WmIKF6mkvA0SLmA2Knm9-qj89e-j1zqgyn8aXGd7-nAduPoqgI9lO57SAZNn-Byzo5P7JhXTyg9PzaJbH73bA--@2.4.1
+ nodelite-2-9a4-uxlTWJ4-a5i0ooc1rU7C7YOw3wT-UGqdeNNHWnOF9qcMBgLRS-4IYUqbczewFx4mLEig6gawh7X6mFlEkA--@1.6.1
+ nodelite-2-9eQs3h9mg9TtM8tyR8-Q7lyBXssXEelem20ZVvQ2eQyB6-ibHaXKh8lkUipuX1w6KU5JVr2VMYr-Q8G0B-5USw--@0.13.23
+ nodelite-2-9fLAAXKAL3xEIFdKdzG5rUSvSiZTLLTCc6JKq1z04DR4zY7DbAPcRvNm3K1inVhTiQCs19ZRAgUerHiVKMZZIA--@15.4.8
+ nodelite-2-9fSjSaos-fRIVIp-xSJlE6lfwhES7LNtKaCBIamHsjr2na1BiABJPo0mOjjz8GJDURarmCPGqaiVg5mfjb98CQ--@1.3.0
+ nodelite-2-9kY-CygyYM6j02t5YFHbNz2FN5QmYGv9zAjVp4lCDjlCw7amdckXlEt-bjMhUIfj4ThGRE4gCUH5-yGnNuPo5A--@6.9.0
+ nodelite-2-9r-yi9-mgU33AKcj6IbT9oRCO78WriSj6t-cF8DWBZJ9aOGPOTEDvdUDz1FwKim7QXWwmHqtdHnRJfhAxEG46Q--@2.3.8
+ nodelite-2-9tTaPJLSiejZKx-Bmog4uSubteqTvFrVrURwkmHixBo0G4seD0zUxp98E1DzUBJxLQ3NPwXrGKDiVjwx-DpPsg--@0.10.1
+ nodelite-2-A-znathYxPf-72riFd1r1ovOLqsIIB0jKIoPjyK2kqEIe30-6jF6BC7QNluHuwUmsD2tv1XZVugN8GqfTMOxsA--@1.54.2

50 packages installed [741.00ms]
