bun install v1.4.0 (34cbb9a40)

+ nodelite-2-JzdCNqurrtuu0YW6QaDtR2PIYCKPUWq28csDyMvN4zmGccmE7lz40Is6hc3LA4HFeCI7sekZ-PQMTNmn9I-4Wg--@1.7.23
+ nodelite-2-K03GU3FUlnhBAP0jPb7tN7YJl7LbjZx30Z8h6wgLXusnKF7-BEZvfEbdkN-lO9LfFzxN3S0ZAriDuJ-13dIsLA--@0.18.11
+ nodelite-2-K5zQjDllxWkf7Z5xJdV0-B0WTNqx6vxG70zJE4N0kBs4LovmEYWJzQGxC9bS9RAKu3bgM40lrd5zoLJ12MQ5BA--@3.0.2
+ nodelite-2-KGft0ldl31BZVV--jj-IAIGCxkvvUkkON-ScH6zfoX-l-omX6001ggyRSpI0Io2Hlro0ThXotswCtfzS8UkIiQ--@2.0.0
+ nodelite-2-KIHbLJqu73RGr-hnbrO9uBeixNGuvSQjul-jdFvS-KFSIH1hWVd1ng7zOHx-YrEfInLG7q4n6GHQ9cDtxv-P6g--@2.8.5
+ nodelite-2-KIN-nDJBQRcXw0MLVhZE9iQHmG68qAVIBg9CqmUYjmQIhgij9U5MFvrqkUL5FbtyyzZuOeOt0zdeRe4UY7ct-A--@1.0.1
+ nodelite-2-KK6y-BN8lbaq654j7JgBydev7wuNMcID54lkRav1P0CaE1e47P72AWWPiGKXTJU271ooYzcvTAn-Zt0REnvc7A--@4.0.2
+ nodelite-2-KRRjbVVob2CeBidF24dzufMxBveEUtUu7IM-hpdZKB-gxVROoh4XRLPv9SFmaH89Z7D9To3QoykVZoWD0lan6Q--@3.8.28
+ nodelite-2-KV321z5m-0nuAg83W1dPLy85HpHDk7Sdi4fJbwvacWsEhAh-rZUW4ZfGcXmUIvjZg4ss2bcwNlRhJ7GBEUG08w--@3.1.0
+ nodelite-2-KXDYZ9dszj6bzvnEMRYvxgeTHU74QBFL54XKtP3nyMuJ81CFYtABZ3bAzL2EdFUaEwJOBOgENyFj3R7oTzDyyw--@1.1.0
+ nodelite-2-KvOVV-X1yLBfs9dCBSopq--G1PcgT3lAK07mC4BzXi5E7ahzMAF8oIupDDJ6mievI6F-lAATkbQQlQixJfT3aQ--@2.1.0
+ nodelite-2-KzIbH-9tXat2u30jf-smMwFCsno4wHVdNmzFyL-T-L3UGqqk6JKfVqOFOZEpZSHADH1k40ab6NUIXZq422ov3Q--@6.0.3
+ nodelite-2-L-PqWzfTP9lzzEa6CKs0k2nARxTdZduw3zyh8d2NVBnsyvHjSX4TWse388YrrQKbvI8w20fGjGlhgT96WwKykw--@6.0.1
+ nodelite-2-L0Orpi8qGpRG--Nd-H90vFB-3iHnue1zSSGmNOOCh1GLJ7rUKVwV2HvijphGQS2UmhUZewS9VgvxYIdgr-fG1A--@1.2.2
+ nodelite-2-L18DaJsXSUk2-42pv8mLs5jJT2hqFkFE4j21wOmgbUqsZ2hL72NsUU785g9RXgo3s0ZNgVl42TiHp3ZtOv-Vyg--@9.2.2
+ nodelite-2-L1RBVzLyfE8OXH-1hsJ8p-acNUSirQnWQ6-EgpchV88G6zGBTDPdXiiExei6Z1wR2RxYvxY-XLw6AMNCCt8H3w--@4.0.0
+ nodelite-2-L1kSeviUWL-emq3CUVSgdogoM-D9QMFaqxL-dd0X7PCNWmPXqt-ExtrBjqT0V7HLN03Vs9SuiLrG3zy3JGnE5A--@2.2.0
+ nodelite-2-L1qpleXf9QD6LwLCJ5jddGkgWyuSvWBkJwWAZ6kFkdifdso-sk3L3O1HdmPvCdnCK3IS4qWyPxev01QMnfHSBw--@2.2.0
+ nodelite-2-L2RPSAwUFbgZH20etwrXyVyCBu9OxRSi8T-38QsvnkJyvq2LufW2lDCOzm7t-U9C1mkhJGWYfCuFBCmIuNivrg--@3.5.12
+ nodelite-2-L7vwWlR1kTTQ3oh7g1O0CBF3YCyyTj8NmhLR-phShpyA50HCfBFKVJTpshm9PzLiKmehsrQzTYTpX9HvmC9rhw--@1.1.0
+ nodelite-2-L96fPOVpnclQE0xzdWb-D12VT5FabA7SnZOUMtL1DbXmYiHJMXZvFkIZfiMmTCNJHUeO2K9UYNXoVyfz-QHuOw--@1.0.1
+ nodelite-2-LDQvVDv5Kb50ny2s25Fhm3d9QSZimsoUGBsUioj6MC3qbMUCuC8GPIvk-M6IvXx3lYhAs0lwWUQLb-VIEUCECw--@4.1.0
+ nodelite-2-LHE65TD2YiNsHD3YuXcKPHXPLuYh-gjp12mOfU8jxSrm1f-yJpsb0F-KKljS6U9LJoP0Ux-tCe8iJ2AsPzTdgA--@9.0.4
+ nodelite-2-LHpC8711VFZlDaYUXEBbFBCQ7GS3dVU9mjOhhMhXP6txTV4EhYQg-KGnQuvt-sPAtoUKq7VVUnL6mVtFoL42sA--@10.11.1
+ nodelite-2-LIbTVA0He1g3C55WKEOuKgqgkBA7Fs6PLkEyFEHdoBfASBWYHgu6OOlz3W-KnY4jK8cPyJFXKlPXfC9p-gtadQ--@0.15.1
+ nodelite-2-LPnFhlDpdSH6FJhJyn4M0kFO7vtQ5iPw24FnG0y21q09xC7e8-1LeR31S1MAIrDAHp4m7aas4bEkTDTvMAtebQ--@2.6.1
+ nodelite-2-LRqI9-wdgC25P0URIJY9vwocIzCcksduHQ9OF2joxQoyTNVduwLAFUzjoopuRJbJAReaKrNQKAZKL3uCMugWJA--@2.0.1
+ nodelite-2-LW7RRgSOHHBzWZnigNsDIzu3AiwtjeI2X66v-Wn1P1u-eXssy1-up4ZY-h-t2sU4LU36UvEf-jrZti9c6vRnFw--@3.734.0
+ nodelite-2-Lbgzdk0h4juoQ9fCKXW4by0UJqj-nOOrI9MJ1sSj4nI8aI2eo1qmvQEie4VD1glsS250n15LsWsYtCugiStS5A--@3.0.2
+ nodelite-2-Ld2g8rrAyMYFXBhEqMz8ZAHBi4J4uS1i-CxGMDnjyFWddMXLVcDp051DZfu-t7-ab7Wv6SMqpWmyFIj5UbfFvg--@3.3.0
+ nodelite-2-Lji2XRxqqa5Wg-CHLVfFKBImfJZ4pCSccu9eVWK6w4c2SDFLd8JAn1zqTuSFnsxb7ope6rMsnIHfp-eBbRBRZQ--@5.3.2
+ nodelite-2-LpB-54B--2J5hqQ7imZHfdU31OlgQqx7ZicVlkm9kzg9-w8GKLEcFfJl-t7DCEDueOyBAD6zCCwTO6Fzs0NoEQ--@3.1.1
+ nodelite-2-Lvj1kPRC5IuJBr9DyJ9T9-plkh-EfKLy-12s-mykOy1JaKHDpvj-XGy2YO6YgYVOb8JFtaqloid-5COtje4JTQ--@3.734.0
+ nodelite-2-LwT3pSho9Dljg-wY2KN2mrrh6y3qELfftINERIzBUO9e0N-t0oMTyn3k9iv-ZqgrwGkRnLpNJrsMv9BZlt2yuA--@1.1.1
+ nodelite-2-M0EUka6rb-QC4l9Z3T0nJEzNOO7JcoJlYMrBlyBCiFSXRyxjLKayd4TbQs2FDRWQU1h9FR7QVNHt-PEaoNL5rQ--@8.4.0
+ nodelite-2-M17uBDzMJ9RPCqLMO92gNNUDuBSq10a25SDBI08iCCxmorf4Yy6sYHK57n9WAbRAAaU-DuR4W6GN9K4DFZesYg--@9.0.3
+ nodelite-2-M1uQkMl8rQK-szD0LNhtqxIPLpimGm8sOBwU7lLnCpSbTyY3yeU1Vc7l4KT5zT4s-yOxHH5O7tIuuLOCnLADRw--@3.1.3
+ nodelite-2-M2b-z0HIXiXpGAWOQkO2kpIjaLNUXJ5Q3-GMa3Fkr-B1piFX0VuOynYrtddKVrmXCe-r5t-XcGb0KS29uqv7nQ--@3.12.2
+ nodelite-2-M7BAV6Rlcy5u-m6oPhAPFgJTzAioX-6B0DxyvDlo9l8-T3nLKbrczg2WLUyzd45L8RqfUMyGPzekbMvX2Ldkwg--@4.0.2
+ nodelite-2-MFVzLWRkfFz02GqGPjqSOteLe5kPfElUrXZft1eElnqulqs6RJfVSpOV7mO90gu293tNAeggMWAVSGRPKIYVMg--@3.734.0
+ nodelite-2-ML6o5gBNh5ZGObxmmHjCQA6mZhgi-4e8dBhYS1jcuj35tLmV-pMZe-izYJ58-k-szcyNz7aLixTWADBlgCEm0w--@0.2.5
+ nodelite-2-MMdARuVEQziNTeJD8DgMqmhwR11BRQ-cBP-pLtYdSTnf3MIO8fFeiINEbX36ZdNlfU-7A9f3gUw49B3oQsvwBA--@5.3.0
+ nodelite-2-MNilsvEKLFpV604hwfhVStK0usFY-QmM5zX16bo7EjnAEGofr5YyI37kzopBlZJkHD4t887i-q-C8-tr5Q94cA--@3.0.0
+ nodelite-2-MOqHvMWF9-9MX6nza0KgvFH4HpMU0EF5uUDXqX-BtxtU8NfB0QzRtJ8Oe-6SuS4kbhyzVJwjd97EA4PKrzJ8bw--@1.0.2
+ nodelite-2-MQX56fuL4WHDhT-fvKy9FMJigOymTAcCqw8rteF1wpRBAGhapSJkhT34I4mkfRRMFk1kIV7ijwuX-w1mpRrLjA--@2.0.65
+ nodelite-2-MQYZP76OEOYe7-yA2To-Dl0LNb0cKKnvh5JtvNvDnAvEprn1RuLiay8Oi-rTtXmc2KmBa4VdTcsXsmkbbkeN2Q--@3.8.2
+ nodelite-2-MR04uvD-07cwl-yhVuVWAtw-3GOR-knlL55Nd-wAdblk27GCVt3lqpTivy-tkJcZoNPzTwS1Y-KMojlLDhoTzg--@5.0.0
+ nodelite-2-MRfqT1lZ24r94GuFNcGJXsfijZoWjSMySCT60T6NXtbOzVPuAF3K-pL70Rayq-EWLJjS2NPHND11VTs0VdcE0Q--@3.5.16
+ nodelite-2-MSjYzcWNOA0ewAHpz0MxpYFvwg6yjy1NG3xteoqz644VCo-RPgnr1-GGt-ic3iJTzQ8Eu3TdM14SawnVUmGE6A--@8.0.0
+ nodelite-2-MVosauc-3W2wL4dd4yaJzH5oXw-HOUfptn0-d4-bFghMiJFop7MaqIwFXJNLiRnNYJNQ6L4o7B-53n5wcvoLFw--@1.3.0

50 packages installed [141.00ms]
