bun install v1.4.0 (34cbb9a40)

+ nodelite-2-MX6Zo2adDViYh-GcxxB1dpO43eypOGUOL12rLCOTMQv-DfIbpSJUy4oQIIZhVZkH9e-bZWKMon0XHFEju16tkQ--@2.0.0
+ nodelite-2-MY2-qGx4enyjprQnFaZsHib3Yadh3IXyV2C321GY0pjGfVBu4un0uDJkwgdxqO-Rdx8JMT8IfJIRwbYVz3Ob3Q--@4.0.2
+ nodelite-2-Ma-pZU8PXLOEYzsWf0cn-gY-ME57Wq8f49WTXA8FMHp2Ps9djKw--xYJ1je8Hm0pR2lU9FUGeJRWOtxq6olt4w--@9.2.3
+ nodelite-2-Ma2XC7VS9aV77-clSFylVUnPZRindhB7BbmYiNOdr-CHt-kZNJoPP0cd3QxCnCFyPXC4eybmyE98phEHkqZ5Jw--@4.0.1
+ nodelite-2-MhMAgE-LgAzHcAn1P3p-nQErzJ6DiixSJ1AOt2JlnAKEb5YJg4ATKWCb2IjBLwywt9ZCzfm3KMUzkctZqAoxwA--@3.15.1
+ nodelite-2-Mhhubu4zj1PiXhtgvNbz34zniedtO6PYdD80haMkIjOJwV9aWejxXILr2elHGBMsLfdhH3s9qxux6TL6X8Q6-Q--@0.1.1
+ nodelite-2-MkzxDIREHos8wcy5cCpSo58C4K-RM4HqYq2D1aBgT-G-7LQYvIq-L4Ye5eYMh1DWqXotlfTu0ENWrecpc1Hbkg--@9.0.0
+ nodelite-2-MmWmQ3iPFZr0Iev-BAgVMb3ZyC4KeFc3jFxnNbEPas60e1cIfevbtuyf9nDGIzOaW9PdnDciJm-wFFaTlj5xYw--@1.0.4
+ nodelite-2-MmnduQUuHCoFckZoWnXsTg7JaiLBJrKFj9UI2MbRPGaJeVpsLcVBu6P-IGZovziM-YBsellCmsprgNA-w0CzVg--@3.0.1
+ nodelite-2-MtfMVJiSr2NjzS0Aa90NPTnvTSg6C-JLCV7ma0W6-OMV78vd8OyRpID-Ng9LxzsPbLeuBnWBA1Nq30AtBIDChw--@1.1.0
+ nodelite-2-Mti-f9lpJNcwF4tWV8-OrTTtF1gZi-f8FqlyAdouralcFWFQWF2-NgCHShjkCb-IFBLq9buZwE1xckQU4peSuQ--@2.4.2
+ nodelite-2-MyTziciik1Owz3rqDghu0K3ZtTFvmj-R2ZsLDwbU9N4hKqGX-BKnrI8SytTn8RDqVv5LmA-GhApLngiupTAsXw--@3.11.3
+ nodelite-2-MyqZCTGLDZ77u4k-jqg4UlrzPTPZ49NDlaekU6uuFaJLzPIN1woaRXCbGeqOfxwc3Y37ZROGAJ614Rdv7Olt-g--@4.0.0
+ nodelite-2-N3WMsuqV66lT30CrXNbEjx4GEwlow3v6rr4mCcv6prnfwhS01rkgyFdjPNBYd9br7LpXV1-Emh01fHnq2Gdgrw--@0.0.3
+ nodelite-2-N4YtSYJqghVu4iek2ZUvcN-0aqH1kRDuNqzcycDxhOUpg7GdvLa2F3DgS6yBNhInhv2r-6I0Flkn7CqL8-nIcw--@12.1.3
+ nodelite-2-N65B-3bqL-TI2crrXr-4UivctrAGEjmsib5rPMMPpFp1xAx-w03v8WZ9RDDFYteXoEgY7qZ4HGgl5KBIu1153w--@3.21.0
+ nodelite-2-N7pQzk9CyE7q0bBN-q0J8s6Db279r5kUZc6d7-wWRe9-zXqC52HQovVyu6iXPIDY4BEzzgbVLhVFXrOuGJ22ZQ--@1.0.0-beta.42
+ nodelite-2-N8SpfPUnUp1bK-PMYW8qSWdl9U-wwNWI4QKxOYDy9JAro3WMX7p2OeVRF9v-347pnakNevPmiHhNmZ2HbFA76w--@3.3.11
+ nodelite-2-NGbfmJBp9x8IxyJSd1P-otYK8vonoJactOogrVfFRIAEY1ukil8RSKDz2Yo7wh1oihl51l-r6W4epkeKJHqL8A--@2.0.0
+ nodelite-2-NIxF55hv4nSqQswkAeiOi1r83xy8JldOFDTWiug55KBu9Jnblncd2U6ViHmYgHf01TPZS77NJBhBMKdWj9HQMQ--@3.9.0
+ nodelite-2-NM8-P9n3XjXhIZn1lLhkFaACTOURQXjWhV4BA-RnOv8xvgqtqpAX9IO4mRQxSx1Rlo4tqzeqb0sOlruaOy3dug--@1.0.0
+ nodelite-2-NOKm8xhkzAjzFx8B2v5OAHT-u5pRQc2UCa2Vq9jYL-31o2wi9mxBA7LIFs3sV5VSC49z6pEhfbMULvShKj26WA--@4.1.1
+ nodelite-2-NP0TAY3j4tlMztOp-bBfMlPwC9AQKTjSiTFmc2oQNkx5M4sl3QpPqFPosdt7jZ8M4nItvfCWZrlZGjST4SB83A--@3.1.2
+ nodelite-2-NiSupZ4OeuGwr68lGIeym-ksIZMJodUGOSCZ-FSnTxcrekbvqrgdUxlJOMpijaKZVjAJrWrGs-6Jy8OMuyj9ow--@1.0.3
+ nodelite-2-Nik3Sc0ncrMK4UUdXQmAnRtzmNQTAAXmXIopizwZ1W1t8QmfJj-zL4OA2I7XPTPW5z5TDqv4hRo-JzouDJnX3A--@3.0.2
+ nodelite-2-NlHwttCI-l5gCPR3D1nNXtWABUmBwvZpEQiD4IXSbIDq8BzLIK-7Ir5gTFSGZDUu37K5cMNp0hFtzO38sC7gWA--@0.26.0
+ nodelite-2-Nqcp-t5cTB8BinFkZgXiMJniQH0PsUt2k51FUhbdfeKvc4ACcG2uQniY-8-h1Yv6Kza4Q7lD7PQV0z0oicE0Mg--@1.1.11
+ nodelite-2-NtVysVPkxxrwFGUUxGYhfux8k78pQB3JqYBXlLRZgdGUqTO5wU-UyHop5p70iEbGhB7q5KmiZiU0Y3KlJrScEw--@10.9.1
+ nodelite-2-NuaNSa6flKT5JaSYQzJok04JzTL1CA6aGhv5rfLW3PgqA-M2ChpZQnAC8h8i4ZFkBS8X5RqkDBHA7r4hej3K9A--@1.2.3
+ nodelite-2-O-09Bd4Z1fBrU4VzkhFqVgpPzaGbw6Sm9FEkBT1A-YBXQFGuuSxa1dN2nxgxS34JmKXqYx8CZAwEVoJFImUXIg--@4.3.6
+ nodelite-2-O0KqXAix1TcvZBFt1qoFkHMUNJOSgjJTYS7lFTRKSwgsD27bdW2TM2r9R8DAccWFt5Amjkdt-eOwQMIXPGTm8w--@3.398.0
+ nodelite-2-O1JBJ4HI1rVNKuoa5NXiC5FCrCEkr9KVBoKNlTZU8-cnQselhbEsUfMglAakO2EuwIaM1tIXoNF5J-N5P-6lTA--@3.7.1
+ nodelite-2-O8jcjabXaleOG9DQ0-ARXWZBTfnP4WNAqzuiJK7ll44AmxGKv-J2M4TPjxjY3znBCfvBXFzucm1twdyFybFqEA--@8.0.2
+ nodelite-2-O8x12RzrUF8xyVcY0KJowWsmaJxQbmy0-EtnNtHRpsOcT7dFk5W598coHqBVpmWo1oQQfsCqfCmkZN5DJrZVdg--@1.0.2
+ nodelite-2-OGXo7w5EkB5pPiac7KNzVtfCW2vKBTZNuCctn--TTSOMpe6RZO-n6WEC1AxJINn3-vWLKW49uad3lo-u0WJ9oQ--@4.0.1
+ nodelite-2-OGlZQpz2yfahA-Rd1Y8Cd9SIEsqvXkLVoSw-cgwhnhFMDbsQFeZYoJJ7bIZBS9BcamUW96asq-npPWugM-RQBw--@3.4.3
+ nodelite-2-OH6lveCFfcDjX4dbAvCFSYUjJZjDr-3XJ3xHtjn3Oj5b9RjojQo8npoLeA-bNwkOkrSQ0wgrHzXk4tDRxGKJeg--@5.2.0
+ nodelite-2-OKSjey1U99BTg1ZTiNL1xxOEOrP9U4aRTH7Pf6JFXpqFH8kGdhrDAIA0uogYYzNq65BaQwK-h31fSrIf-yCLCg--@0.1.4
+ nodelite-2-OKrckBy-sMEgYM-sMmqmErVn0kZqrHPJze-Ql3DzYsDDp0hl0L62nx-2122-Bvps1qz645jlcu2tD9lrRSdf8A--@1.1.0
+ nodelite-2-OLETBj6w0OsagBwdXnPdN0cnMfF9opN69co-7ZrbfPGrdpPVNBUj02spi6B1N7wChLQiPn4CSH-zJvXw56gmHw--@2.3.0
+ nodelite-2-OO0pH2lK6a0hZnAdau5ItzHPI6pUlvI7jMVnxUQRtw4owF2wk8lOSabtGDCTP4Ggrg2MbGnWO9X8K1t4-fGMDw--@1.0.0
+ nodelite-2-OOchDgh4F2CchOX94cRVqhvy7b3AFb--rQXyswmzmGakRfkMgoWVjfnLWkRirfLEfuD4ysVW16eXzwt3jHIzKA--@1.7.4
+ nodelite-2-OP1f6GI8MdylL4aUrX6n7OkN93jqmkWyLzQMeQMapVOXKvRFj05STZ4SQ-kNJkXdh3rEzjJWuCsJ6bklTHkJ7Q--@5.1.1
+ nodelite-2-OQtR36ZlnuTxKqoW4Sv6x5YIhOmClRd5pWsjZsddYxpWs517R0HkyiefQPIytCVh4ZcC5x9XaG8KTdd5iRQUfg--@0.1.1
+ nodelite-2-ORF7g6qGnD-YtUG9yx4DFoqCShNMmUKiXuT5oWMHiOvt-4WFbHC6yCwQMTSBMno7AqntNCAzzcnnjowRkTL9eQ--@5.0.1
+ nodelite-2-OX8XqP7-1a9cqkxYw2yXss15f26NKWBpDXQd0-uK-KPqdQhxbPa994hnzjcE2VqQpDslf55723cKPUOGSmMY3g--@3.1.0
+ nodelite-2-OYknTCct6qiwpQDqDdf3iedRdzj6hFlOPv5hMvI-hkWfCKs5mlJ4TXziBG9nyabLwGulrUjHiCq3xCspSzErYQ--@3.21.0
+ nodelite-2-OZs6gsjF4vMp32qrCbiVSkrFmXtG-AZhY3t0iAMrMBiAZyV9oALtXO8hsrHbMXF9x6L3grlFuwW2oAz7cav-Gw--@2.0.1
+ nodelite-2-Oei9OH4tRh0YqU3GxhX79dM-mwVgvbZJaSNaRk-bshkj0S5cfHcgYakreBjrHwatXKbz-IoIdYLxrKim2MjW0Q--@0.4.0
+ nodelite-2-OguPdidb-fbHQSU4Q4ZiLKnzWo8Wwsf5bZfbvu7--a9oTYoqD-fWpe96NuHkoS9h0ccGOTe0C4NGXdtS0iObOw--@9.0.5

50 packages installed [1238.00ms]
