bun install v1.2.18 (0d4089ea)

+ nodelite-2-xi6IyHML-c9-Q3W0S4fCQJOym42pyurFiJUHEcEyHS0CeKzia4yZDEsLlqOFykxOdHpNy0NmvVO31vcSqAxJCg--@1.30.1
+ nodelite-2-xj68wMTvGXVOKonmog6LwyJKrYXZPvlwabaryTjLh9LuvovB-KAH-kvi8Gjj-7rJjsFi23nkUxRQv1KqSroMqA--@2.1.2
+ nodelite-2-xojVWG8s-TGrKT1fC8K2tIWeejJYTAeJuj36zM--yEm-ZrnZUSFGS15BpO-jGZT1ybWvyXmeDJwPYb4dhWlbZQ--@18.0.1
+ nodelite-2-xy3pmLuQqRBZBXDULy7KbaitYqLcmxigw14Q5sj8QBVLqEwXfeybIKVWiqAXTlcvdvb0-xkOtDbfQMOf4lST1w--@1.0.0
+ nodelite-2-yJBmDJr18xy47dbNVlHcgdPrulSn1nhSE6Ns9vTG-Nx9VPT6iV1MD6aQFp-t52zpf82FhLLTXAXr30NuCnxvwA--@1.1.0
+ nodelite-2-yd-dI56KZqawxKZrJ31eENUwqc1QSqg4OZ15rybGjF2ZNwMO-wCyHzAVLRp9qoYJf7kYy0YpZ2b0JCzJ42HZpA--@1.3.2
+ nodelite-2-yiRWEdxXa5QhxzJW4lTk0lRZkbqPsVWdGrhnHLLihZf0xBEtsTUGtxLqK--IY80FX-Ye-rNMnGqBp2pl4yYU8w--@1.4.2
+ nodelite-2-ypdmJU-TbBby2Dxibuv7ZLW3Bs1QEmM7nHjEANfohJLvE0XVujisn1qPJcZxg-qDucsr-bP6fLD1rPS3AhJ7EQ--@1.1.0
+ nodelite-2-yuzZug1nkAAaBlBBikKZTgzCeA-k1uy4ZFwWANOfKw5z5LRhV0gNA7gNkKm7HoK-HRN0wX3EkxGk0fpbWhmB7g--@3.0.4
+ nodelite-2-yzhzuGRmv5QyU9qLNg4GTlYI6STedBWRE7NjxP45CsFYYq9taI0zJXZBMqIC-c8fViNLhmrbpSFS57EoxUmD6Q--@4.1.11
+ nodelite-2-z1HGKcYy2xA8AGQfwrn0PAy-PB7X-GSj3UVJW9qKyn43xWa-gl5nXmU4qqLMRzWVLFC8KusUX8T-0kCiOYpAIQ--@3.2.3
+ nodelite-2-z33Il7l5dKjUgGULTqBsQBQwckHh5AbIuxhdsIxDDiZAzBOrZO6q9ogcWC65kU382AfynTfgNumVcNIjuIua6w--@0.10.2
+ nodelite-2-z4eqJvfiNnFMHIIvXP3CY57y2WJs5g2v3X0zm9mEJkrkNv4rDxu-sg9Jh8EkXyeqBkB7SOcboo9dMVqhyrACIg--@1.1.2
+ nodelite-2-z77-X08YDIrgAes4jl8xhnUu1LNIRp4-E7cv4xHmLOxxUPO-ML7PSrE813b90vj7xvQ1lcf7g2uA9GeMZonjhQ--@2.1.9
+ nodelite-2-zFDAD-tlpf2r4asuHEj0XH6pY6i0g5NeAHPn-15wk3BV6JA69eERFXC1gyGThDkVa1zCyKr5jox1-2LbV-AMLg--@0.0.6
+ nodelite-2-zRkxjtBxxLd2Sc0d-fbnEunsTj46SWXgXciZmHq0kDYGnck-ZSGj9-wULTV95uoeYiK5hRXP2mJ98Uo4cq-LQg--@2.0.1
+ nodelite-2-zg-chbXyeBtMQ1LbD-WSoW2DpC3I0mpmPdW-ynRTj-x2DAWYrIY7qeZIHidozwV24m4iavr15lNwIwLxRmOxhA--@3.1.0
+ nodelite-2-zl6s8LwNyo1P9uw-XJGvZtdFF1GdAkOg8ujOw-4Pyb76874fLps4ueHXDhXWdk6YHQ6OgUtinliG7RsYvCbbBg--@2.3.6
+ nodelite-2-zpe98Q6kvavpCr1NPVSCMebCKfD7CA2NqZ-rykeNhONIJBpc1tFKt9hucLGwha3jNTNI8lHpctWJWoimVF4PfA--@4.0.2

19 packages installed [64.00ms]
