bun install v1.2.18 (0d4089ea)

+ nodelite-2-kHxr2zZpYtdmrN1qDjrrX-Z1rR1kG8Dx-gkpK1G4eXmvXswmcE1hTWBWYUzlraYw1-yZp6YuDY77YtvbN0dmDA--@2.0.0
+ nodelite-2-kRj8B-YHZCc9kQYdWfJB2-oUl9rA99qbowYYBtr4ui4mZyAQ2JpvVBd-6U2YloATfqBhBTSMhTpgBHtU0Mf3Rg--@3.0.1
+ nodelite-2-kX8h7K2srmDyYnXRIppo4AH-wYgzWVCs-eKr3RusRSQ5PvRYoEFmR-I0PbdTjKFAoKqp5-kbxnNTFO9jOfSVJg--@2.9.15
+ nodelite-2-kbeNVZ9Zkc0RFGpfMN3MNfaKNvcLNyxOAAd9O4CBZ-kCBXXscn9s-4I-8ytUER4RDpEYs5-O6Rs4PqiZ-rHr5Q--@1.8.1
+ nodelite-2-kdSefcPdruJiFMVSbn801t4vFK7KB-5gd2fYvrxhuJYg8ILrmn9SKSX2tZdV6V-ksulWqS7aXjBcRXl3wHoD9Q--@1.1.0
+ nodelite-2-kiU694Km3WFLTC75DdqgM-3Jauf3rD9wxeS9XtyWFKsBUeZA337lC-6uUazT7I1DhanZ5gyD5Stf8uf2dbQxOQ--@1.1.10
+ nodelite-2-kivNFO-0OcUNu7jQquLXAxz1FIwZj8nrj-YkOKc5694NbjCvcT6aSZiIzNzd2Kul4o4rTto8QVR9lMNtxD4G1w--@0.4.5
+ nodelite-2-ko-gIFJRv177XgZsZcBwnqJN5x-Gien8qNOn0D5bQU-zAzVf9Zt3BlcUiLqhV9y4ARk0GbT3tnUiPNgnTXzc-Q--@3.0.3
+ nodelite-2-ksCzCD0Fgfh7trPDxr2rSylbwq9iYDkSn8TCDmEJ49ljEUBxDVCzCHv7QNzZOfODanX4-bWQ4WZqLCRWYLfhag--@9.0.1
+ nodelite-2-l2aFy5jALhniG5HgqrD6jXLi-rUWrKvqN-qJx6yoJsgKhblVd-iqqU4RCXavm-jPityDo5TCvKMnpjKnOriy0w--@1.1.0
+ nodelite-2-l3W5D54emV2ues7jjeG1xcyN7S3jnK3zE2zHqgn0CmMsy9lNJwmgcrmaxS-7ipw15FAivzKNzH3d5EcGoFKw0A--@1.2.11
+ nodelite-2-l3jWwYNvrEa6NTCt7BECfCm48GvwuZzkoeG3gBL2w4CHeOXW3eKFmf9UNYkNfYc3mxMrthMnxjIE07MT0zLBQA--@1.4.2
+ nodelite-2-lWyvf-jwu-oS5-hL5eClVd3hNdmwM1kAC0BUvEGD19pajQMIzcNUd-k9GsfQ-FfECvX-JE-e9-btsKH0EjJT6A--@6.0.0
+ nodelite-2-lj-z8v0r6ZtsN-cGNNtemmmfoLAFZnjMbNyLzBafjzikOM-glrjNHPlf6lQDOTccj9n5b0PPihEBbhneMyGs1Q--@3.2.0
+ nodelite-2-lljVXpqXebpsijW71PZaCYeIcE5on1w5DlQy5WH6GLbFryLUrBD4932W-E2BSpfRJWseIL4v-KPgBFxDOIdKpQ--@1.1.0
+ nodelite-2-lyuxPGr-Wfhrlem2CL-UcnUc1zcqKAImBDzukY7Y5F-yQiNdko6-fRLevlw1HgMySw7f611UIY408EtxRSoK3Q--@1.4.0
+ nodelite-2-m9gTwRkhy2lvCPe6QJp4d3G1TYEUHn-FzJUtq9MjH46an1wJU-GdoGC5VLof8RX8Ft-DlpshApkhswDLZzHIcQ--@2.1.3
+ nodelite-2-mEQCMmwJu317oSz8CwdIOdwf3xMif1ttiM8LTufzc3g6kR-9Pe236twL8j3IYT1F7GfRgGcW6MWxzZjLIkuHIg--@6.1.4
+ nodelite-2-mIBnOjgwo9AH3FyKaSWoSu-dYj6VdhJ7frEPiGTeXCdUFHjl9h3mFh2wwhEtINOmYXWhdpf1rY2minFsmaNgVQ--@2.1.15
+ nodelite-2-mNAgZ1GmyNhD7AuqnTG3-VQ26o760-ZYBPKjPvugO8-nLbYfX6TVpJPseBvopbdY-qpZ-lKUnmEc1LeZYS3QAA--@5.3.2
+ nodelite-2-mehfKSMWjjNol8659Z8KxEMrdSJDDot5SXMq00dM8BN4o-CLNXQ0xH2V7EchNHV4RmbZLmmPdEaXZc5H2FXmDg--@1.8.1
+ nodelite-2-mgLPETlrpVV1YRJIglr4Ez47g7Yxjl1lj7YKsiMCb27VJH9W8NVM6Bb9d8kkpG-uAQS5AmbA48q2IAolKKo1MA--@3.0.4
+ nodelite-2-nAP5FBxBJGQ-YfUB-r-O6USFVkWq3gAInkxyEnmvEV5jtSbfDhfa4hwX8CraCnbjMLsE7XSf-K75l9xXY7joWg--@1.2.14
+ nodelite-2-nDV-77Fj6eH1ynwscYTOsbK7rR--Uj0bZXBwJZRfaLEJ1iGBR6kIfNmlNqaqJf649EP0F3NWNdeJi03elllNUQ--@2.0.1
+ nodelite-2-nRCa7CK3VTrM2NmGkIy4cbK7IZlgBE-PYMn55rrXefr5xXDP0LdtfPnblFDoVdcAfslJ7or6iqAUnx0CCGIWQA--@5.2.1
+ nodelite-2-ndfJ-JxxMd3nw31uyKoY2naivF-r29V-Lc0svZxe1JvvIRmi8hUsrMvdOwgS1o6uBHmiz91geQ0ylPP0aj1VUA--@3.0.1
+ nodelite-2-nkc6NpDcvPVpZXxrreI-FOtX3XemeLl8E0qFr6F2Lrm-I8WOnaWNhIPK2Z7OHpw7gh5XJThi6j6ppgNoaT1w4w--@2.9.1
+ nodelite-2-oG62iEk-CYt5Xj2YqI5Xi9xWUeZhDI8jjQmC5oThVH5JGCTgIjr7ciJDzC7MBzYd--WvR1OTmP5Q38Q8ShQtVA--@3.0.2
+ nodelite-2-oJFu94HQb-KVduSUQL7wnpmqnfmLsOA-nAh6b6EH0wCEoK0-mPeXU6c3wKDV83MkOuHPRHtSXKKU99IBazS-2w--@2.8.1
+ nodelite-2-oSXzaWypCMHkPC3NvBEaPHf0KsA5mvPrOPgQWDsbg8n7orZ290M0BmC-jgRZ4vcJ6DTAhjrsSYgdsW-F-MFOBA--@4.0.6
+ nodelite-2-oaMBel6gjolK862uaPQOVTA7q3TZhuSvuMQAAglQDOWYO9A91IrAOUJEyKVlqJlHE0vq5p5UXxzdPfMH-x6xNg--@1.11.13
+ nodelite-2-oj87CgZICdulUohogVAR7AjlC0327U4el4L6eAvOqCeudMDVU0NThNaV-b9Df4dXgSP1gXMTnPdhfe-2qDH5cg--@15.8.1
+ nodelite-2-ojmeN0qd-y0jszEtoY48r0Peq5dwMEkIlCOu6Q5f41lfkswXuKtYrhgoTpLnyIcHm24Uhqx-5Tqm2InSwLhE6Q--@3.1.1
+ nodelite-2-ol6UPyBWqsrO6EJySPz2O7ZSr856WDrEzM5zMqp-FJJLGMW35cLYmmZnl0vztAZxRUoNZJFTCohfjuIJ8I4QBQ--@3.0.1
+ nodelite-2-ouyoW-4JB7WxjeZ2y6KpRvB-dLp7Cp4ro8z0HIVpZVCM7AwFlHa0c4R8Y-a4M3wMqATpYKhC7lSFHQ0T11MEDw--@0.12.2
+ nodelite-2-p1diW6TqL9L07nNxvRMM7hMMw4c5XOo-1ibL4aAIGmSAt9slTE1Xgw5KWuof2uTOvCg9BY7ZRi-GaF-7sfgPeQ--@5.8.3
+ nodelite-2-p3KP5HCf-bvjBSSKuXid6Zqijx7wIfNW-J-maPs-iwR35at5JCbLUT0LzF1cnjbCHWhqzQTIN2Jpe8pRebIEFQ--@3.1.0
+ nodelite-2-pB68nIHmbN6L-4C6MH1DokyR3bYqFwjaSs-sWDHGj4CTcFtQUQMuJftVwWkXq7mNWOybD3KhUv3oWHoGxgP14Q--@1.0.30001727
+ nodelite-2-pZcd1MCJoiKiBR2NRxeCRg13uCXbydPnmB4EOeRrY7480qNWO8IIgQG6zlDkm6uRMsURXPuKq0GWtiM59a5Q6g--@4.4.5
+ nodelite-2-pZvgD5L0IEvX5-9GWyHMf3m8BKiVQwsCMHfoFosXtXBMnaS0ZnIJ9ST4b4NqLVKDEm8QBxoNNGNaBv2JNF6XNA--@0.4.6
+ nodelite-2-piWx3z4wN8J8z3-O5kO74-yr6ze-dKmPnI7vLqfSqI8bccaTGY5xiSGVIJBDd5K5BHlvVLpUB3S2YCfelyJ1bw--@1.30.1
+ nodelite-2-pzJq12tEaaIhqjbzpCuv-OypJY-BPavOofm-dbab-MHLajy277-1lLm6JFcGgF5eskJ6mquGirhXY2GD-8u8Ug--@1.2.3
+ nodelite-2-q-EAIIpF6WpLhKEuQSEVMZNMIY8KhWoAemZ9eylNAih9jxMGAYPPWBn3I9QL-2jZ-e7OEz-tZkX5HwbBR4HohA--@4.1.11
+ nodelite-2-qGNhgYygnefSkAHHrNHqC7p3R8J0-xQDS-cYUud8er-qD9EFGWyCdUDfULHTJQN1d3H3WprzVwMc9MfB4J50Wg--@5.1.0
+ nodelite-2-qIMFpTMZmny-MMIitAB6D7iVPEorVw6YQRWkvarTkT4tBeSLLiHzcwj6q0MmYSFCiVpiqPJTJEYIrpcPzVEIvg--@2.5.1
+ nodelite-2-qKxVopLT-TyA6BX3Ue5NwabOsAzm0Q7kAPwq6L-wWDwisYs7R8vZ0nRXqq6rkueboxpkjvLGU9fWifiX-ZZFxQ--@10.1.0
+ nodelite-2-qOOzS1cBTWYF4BH8fVePDBOO9iptMnGUEZwNc-cMWnTV2nVLZ7VoNWEPHkYczZA0pdoA7dl6e7FL659nX9S2aw--@7.1.2
+ nodelite-2-qSVyDTeMotdvQYoHWLNGwRFJHC-i-ZvdBRYosOFgC-Wg1vx4frN2-RG-NA7SYqqvKNLf39P2LSRA2pu6n0XYZA--@5.1.6
+ nodelite-2-qTAAlrEsl8s4OiEQY69wDvcMIdQN6wdz5ojQiOy6YRMuynxenON0O5oCpJI6lshc6scgAY8qvJ2On-p-CXY0GA--@2.2.0
+ nodelite-2-qjbnuR9Tr-FJOMBqJCW5ehvIo-buZq7vH7qD7JziU98h6l3qGy0a-yPFjwO-y0-T7GFpNgNAvEcPPVfyT8rrPQ--@4.20.3

50 packages installed [291.00ms]
