bun install v1.4.0 (34cbb9a40)

+ nodelite-2-Qp8WbZOBe-blgpuUT-lw2xheLP8q0oatc9UpmiemEICxGvFLYmHm9QowVZGHtJlGbS6A6yJ3iViad-2cVjnOiA--@0.0.2
+ nodelite-2-QwYgloJ0sVNBeBuBs65cIkTbfzV-Q6ZNPCJ99EICFEdJYG50nGIY-uYXp-TbsdJReIuPr0a0kXmCvren3MbRRw--@2.12.0
+ nodelite-2-R3i7L7Ci61PqZQvOrnL9xJeWEbh28UkTVgkj72EvBBn39y4h7ReH--0stv7rRs8p5ozETSKezBbGfu4UsBewWw--@3.1.2
+ nodelite-2-R4nPAVTAU0B9D35-Gk3uJf-7XYbQcyohSKdvAxIRSNghFl4e71hVoGnBNQz9cWaXxO2I10KTC-3jMdvvoKw6dQ--@2.2.0
+ nodelite-2-R79ZZ-0wAxKGu3oYMlz8jy-kbhsNrS7SKZ7PxEHBgJ5-F2mtFW2fK2cOtBh1cHYkQsbzFV7I-EoRKe6Yt0oK7A--@4.1.0
+ nodelite-2-R7cgrWQCEK6pmLsERE1UyXqckSNhZMHOWek4cyoqyMUZtI5FjX4zdiaDrsv7Z93OyN9531-H2NpSLR6YZZ29LA--@0.0.9
+ nodelite-2-R8375j0qwXyIu-7R0tjdF06-sElHqbmdmWC9M2qQHpEVbvE4I5-38KJI7LUUmQMp7NVq4tKHiBMkT0NFM453Ig--@1.0.0
+ nodelite-2-R8Rdn8Hy72KKcebgLiv8jQcQkXoLMOGGv5uI1-k0l-snqkOzQ1R0ChUBCxWMlBsFMekWjq0wRudIweFs7sKT5A--@2.3.0
+ nodelite-2-R8gLRTZeyp03ymzP-6Lil-28tGeGEzhx1q2k703KGWRAI1VdvPIXdG70VJc2pAMw3NA6JKL5hhFu1sJX0Mnn-A--@1.2.1
+ nodelite-2-R9wM2yPmfEMsUmlMlIgSzOyICs0x9uu7UTHoccMyt7BWw8shcGM8HqB355-BZCPBcySvbTYMs62EgEQkNxz2ig--@4.0.0
+ nodelite-2-RAQ3WkPf4KTU1A8RtFx3gWywzVKe00tfOPFfl2NDGqbIFENQO4kqAJp7mhQjNj-33W5x5hiWWUdyfPq-5SU3QA--@5.1.0
+ nodelite-2-RApLLOcINYJA-dMVbOju7MYv1Mb2EBp2nH4HdDzXTSyaR5optlm6Otrz1euW3HbdOR8UmmFK06TD-A9frYWv-g--@1.1.1
+ nodelite-2-RF0Fw-rO5AMf9MAyaRXI4AV0Ulj5lMHqVxxdSgiVbixSCXoEmmX-jk0CuJw4-3SqroYO9VoUh-HcuJivvtJemA--@7.7.2
+ nodelite-2-RGwwWnwQvkVfavKVt22FGLw-xYSdzARwm0ru6DhTVA3umU5hZc28V3kO4stgYryrTlLpuvgI9GiijltAjNbcqA--@4.4.3
+ nodelite-2-RHxMLp9lnKHGHRng9QFhRCMbYAcVpn69smSGcq3f36xjgVVWThj4qqLbTLlq7Ssj8B-fIQ1EuCEGI2lKsyQeIw--@2.0.0
+ nodelite-2-RMr0FhtfXemyinomL4hrWcYJxmX6deFdCxpJzhDttxgO1-bcCnkk-9drydLVDmAMG7NE6aN-fl4F7ucU-90gAA--@1.1.2
+ nodelite-2-RR3i96ohZGde--4WSe-dJsxOX6vxIg9TimLAS3i4EhBAFx8Sm5SmqVfR8E87DPSR31nEAjZfbt91OMZWcNgdZw--@2.0.0
+ nodelite-2-RRECPsj7iu-xb5oKYcsFHSppFNnsj-52OVTRKb4zP5onXwVF3zVmmToNcOfGC-CRDpfK-U584fMg38ZHCaElKQ--@2.0.1
+ nodelite-2-RSn9F68PjH9HqtltsSnqYC1XXoWe9Bju5-213R98cNGttag9q9yAOTzdbsqvIa7aNm5WffBZFpWYr2aWrklWAw--@3.0.0
+ nodelite-2-RTVQofdj961ej4--fEkppFf4KXqKGMTCqJYghx3G0C-MYXbg7MGl7LjfNGtJcboRE8pfHHQ-TUWBDA7RIAPPlQ--@3.398.0
+ nodelite-2-RWmIqhcFf1lRYBvNmr7qTNuyCt-7-ns2jbpp1-PalgE-rDQcBT0fioSMUpJ93irlUhC5hrg4cYqe6U-0ImW0rA--@1.1.0
+ nodelite-2-RbJ5-jmFcNNCcDV5o9eTnBLJ-HszWV0P73bc-Ff4nS-rJj-YaS6IGyiOL0VoBYX-l1Wrl3k63h-KrH-nhJ0XvQ--@4.2.11
+ nodelite-2-RbJRS4UWQFkzHTTwVymMTUv8EqYhOp8dOOviLj2ugtTiXRaRQS7GLGxZTLL1jWhMeoSCf5zmcZkqTl9IiYfXcQ--@1.1.1
+ nodelite-2-RbwvSJQsuN9TB04AQbGULYfOGE-RnSFk-FLQ5b0NmDf5Kx2q-lABZbHQPKCO1vZ6Fiwkplu-yb9pGdLy1iGseQ--@1.0.3
+ nodelite-2-Rc5E7oe2YZ72N--S3QXGzbnXgqNrTESv8KKxABR20q2FLch9gHLo0JLyYo2hZ238bZ9Gx6cWhj9VO0IgwbMjCw--@12.23.24
+ nodelite-2-RdJUflcE3cUzKiMqQgsCu06FPu9UdIJO0beYbPhHN4k6apgJtifcoCtT9bcxOpYBtpD2kCM6Sbzg4CausW-PKQ--@4.0.0
+ nodelite-2-RdR9FQrFwNBNXAr4GixM8YaRZRJ5PUWbKYbE5eOsrwAjJW0q2REGcf79oYPsLyskQCZG1PLN-S-K1V00joZAoQ--@2.0.11
+ nodelite-2-Re10-NauLTMCudc7T5WLFLAwDhQ0JWdrMK-9B2M8zR5hRExKmsRDCBA7-aV-pNJFltmBFO5BAMlQFi-vq3nKOg--@2.2.2
+ nodelite-2-Rfkk-Mp-DL7JVje3u18FxFujQlTNR2q6QfMSMB7AvCBx91NGj-ba3kCfza0f6dVDbw7YlRf-nDrn7pQrCCyQ-w--@2.0.2
+ nodelite-2-RkhPPp2zrqDAQA-2jNhnztcPAlv64XdhIp7a7454A5ovI7Bukxgt7MX7udwAu3zg1DcpPU0rz3VV1SeaqvY4-A--@2.0.5
+ nodelite-2-RklQSKjz5V-69rKjxQV70q4u34qzmUZVtWGUJLVvHxPsPxCtxPPRLYY-gdQDkGjTQYol-dR9xyvi2QGk3OWTKA--@0.20.0
+ nodelite-2-RmkhL8CAyCRPXCE28MMH0z2PNWQBNk2Q09ZdxM9IOOXwxwZbN-qbWaatPkdkWIKL2ZVDImrN-pK5HTRz2PcS4g--@3.0.0
+ nodelite-2-RosxFpiabojs75IwQ316DGoDRmOqtiAj0tg8wCcbEu4CiLZBs-a9QNtHV7TUfDXmmlgqij-NqzKq-eLelyv9xA--@2.3.2
+ nodelite-2-RpPp0asT-6ufRm--AJVwpViZbGM-MkjQFxJccQRHmISF-22NBtsHqAWmL--pmkPWoIUJdWyeVleTl1wydHATVQ--@3.0.0
+ nodelite-2-RtKW-8j8skk17SYowucwRUjeh4mCtnm5odCL0Lm2NtHQBsYKrNW0od9Rhopu9wF1gHMfHeWF7i90NwBz-U22Kw--@2.2.1
+ nodelite-2-RuCSsD59qVUyux9g6BXQX35TTeJU7U34bilfPeDA9p8-dvo1WDDoRgooBmAUn4Xaxh2H7hVH0qTSJ0ZlPk4SQw--@0.5.1
+ nodelite-2-RuMffC89BOWQoY0WKGpIhn5gX3iI54O6nRA0yC124NYVtzjmFWBIiFd8M0x-ZdX0P9R4lADg1mgP8C7PxGOWuQ--@3.0.3
+ nodelite-2-Rvqc3nOpwseCyj-rgjlJDYAgyfw7OC1tTkKn2ivhaMGcYt8FSBlahHOZak2i3QwkRXUXgGgzeEe2RuqeEHuHgA--@1.2.2
+ nodelite-2-RwNA9Z-7PrK06rYLIzFMlaF-l73iwpzsqRIFgbMLbTcLD6cOao82TaWefPXQvB2fOC4AjuYSEndS7N-mTCbkdQ--@2.0.1
+ nodelite-2-Rwk3j-TlYZhn3HQ6PyXUV0XP9Uv42jqZGNegt0BXlxjE6G3-LwHjbQZAGHhCnCPdaA6Tvd3ma-7QzLlLkJxAWA--@3.1.8
+ nodelite-2-Rx-WycZ60HOaqLKAi6cHRKKI7zxWbJ31MhntmtwMoaTeF7XFH9hhBp8vITaMidfljRQ6eYWCKkaTK-ykVJHP2A--@2.0.0
+ nodelite-2-S0ze2R9GH-fu41FA7pbSqNWObo-kzwf8rN--IGlW-4tC6oACOs8B--bh-i9bVyNnwCcuksbFwsBme5OCKXCwIw--@2.0.0
+ nodelite-2-S1bJDnqLftzHXHP8JsT5II-CtHWQrASX5K96REjWjlmWKrviSOLWmM7QnRLstAWsu1VBBV1ffV6DzCvxNP0UJQ--@4.7.1
+ nodelite-2-S48WzZW777zhNIrn7gxOlISNAqi9ZC-uQFnRdbeIHhZhCA6UqpkOT8T1G7BvfdgP4Er8gF4sUbaS0i7QvIfCWw--@4.0.1
+ nodelite-2-S5GL-W37chvV8knv9v0JRv0L6hKo732qqabCCHXzOpYxkLIkV4f-y3cHdEzFWzpZ0O0Gkg7WgeYo160xOdBKYg--@3.15.2
+ nodelite-2-S8KoZgRZN-a5rNwqTxlZZePjT-4cnm0ROV70LedRHZ0p8u9fRID0hJUZQpkKLzro8LfmC8sx23bY6tVNxv8pQA--@2.1.1
+ nodelite-2-SDobKBbPIOe0cVL7QxMzGkuUGHvWTdihi9zOrrWaWUgFKe15cwEcwfWmgrcNzjT6kHnNmWuTajPHoIzUjYNYYQ--@13.9.0
+ nodelite-2-SEQu7vl8KjNL2eoGBLF3-wAjpsNfA9XMlXAYj-3EdaNfAlxKthD1xjEQfGOUhllCGGJVNY34bRr6lPINhNjyZw--@1.1.1
+ nodelite-2-SG21kZHGC3XRTSUhtofZkBzZTJNM5ecCi0SK2IMKmSXR8vO3peL-kb1O0z7Zl83jKtutG4k5Wv-W7V3-YHvzPA--@3.0.1
+ nodelite-2-SJ1amZAJUiZS-PhsVLf5tGydlaVB8EdFpaSO4gmiUKUOxk8qzn5AIy4ZeJUmh22znIdk-uMAUT2pl3FxzVUH-Q--@1.0.3

50 packages installed [140.00ms]
