bun install v1.2.18 (0d4089ea)

+ nodelite-2-5S7Va8hKfV7W5U6g3aYxXmlPoZVAwUMy9AOKyF2fVuZa2UD3qZjg578OrLRt8PcNN1PleVaL-5-yYATNL0ICUw--@7.4.3
+ nodelite-2-5bZ-3CjhAd9eChYTHsjy6TGxpOFSKgKKJPJxr293jTbfry2KDoWkhBb6TcPVB4NmzaPhMs1Frm9AZH7OD4Cjzw--@2.0.1
+ nodelite-2-5ijLkak6ZMylXsaImpZ8u4Rlf5grRmoc0p0QeX9VJtlrM4f5m3nCTX8tWga-zOA8PZYIR-t0p2Mnvd7InrJ6yQ--@1.2.5
+ nodelite-2-5yXvWDEgqeiYiBe1lbxYF7UMAIm-IcopxMHrMQDq3nvKcjPKIhZklUKL-AE7J7uApI4kwe2snsK-eI6UTj9EHg--@5.0.3
+ nodelite-2-6-7nlbMVX-PVDCwaIQ8nTOPveOcFLSt8GcXdx8hD0bt39uWxYT88uXzqTd4fTvqta7oeUJqudepapKNt2DYJFw--@0.9.0
+ nodelite-2-6DIBgBQaTKDJyxnXaLiLR8wBpQQcGWuAESkRBX-t6OwA8YsqP-iVSiond2EDy6Y-dsGk8rh-jtax3js5NeV7JQ--@1.10.3
+ nodelite-2-6FlzubTLZG3J2a-NVCAleEhjzq5oxgHyaCU9yYXvcLsvoVaHJq-s5xXI6-XXP6tz7R9xAOtHnSO-tXtF3WRTlA--@2.1.3
+ nodelite-2-6JOcJ5Tm08dOHAbdR3GrvP-yUUfkjG5ePsHYczMFLq3ZmMkAD98cDgcT2iA1lJ9NVwFd4tH-iSSoe44YWkltEA--@1.1.2
+ nodelite-2-6Jw4sE1maoRJo3q8MsSIn2onJFbLTOjY9hlx4DZXmOKvLRd1Ok2kXmAGXaafL2-ijsJZ1ClYbl-pmqr9-k4iUQ--@5.18.2
+ nodelite-2-6U55IW5i6Vut2ryKEhrZKg55490k9d6qdGXZoNSf98oQgDj5D7bqTnVJotQ6UW3AS6QfbW6KSLa7-e1gy-a07g--@12.23.6
+ nodelite-2-7--dFhtcx3353uBaq8DDR4NuxBetBzC7ZQOhmTQInHEd6bSrXdiEyzCvG07Z44UYdLShWUyXt5M-yhz8ekcb1A--@3.0.0
+ nodelite-2-79Dv-3mDF7i-2ajj7SkypSKHhl1cbln1OGavqrsF7p6mbUv11xpqpacPsGDCTRvCSjEEIez2ef1NveSVL3b0Ag--@3.10.0
+ nodelite-2-7Imdmg37joOloTnj-DPrab9hIaQcDdJ5RwSzcauo-wMOSAgO-A-I-8b3hsGGs6PWQz70m-jkPgdqWsfNKtwwDQ--@2.7.5
+ nodelite-2-7NW-2PS4RN85rv-ozpAezP-kSLPZeWkxqcA6RA-CFXqWp2YR2e5q5E6Hym1qBgVBkoAQa3lWFdX3b-jEs-vvrQ--@1.4.15
+ nodelite-2-7cfaOQuCS27HD7DX-6ib2OrnW-b4ZBwDNnCcT0uTyidcmyWb03FnQqJybDBoCnpdxwBSfA94UAYlRCt7mV-TbA--@1.7.2
+ nodelite-2-7qJHGxpQgQr9-vmeS1PktEwvNAF7TI4iJDi8Pu2CFZ9YUGHZH4fOP5TfYlZ4aVxfopnELiE4BS4FBjyK7V1-xQ--@0.0.10
+ nodelite-2-7rVi2KMfwfWFl-GpPg6m80IVMWXLRjO-PxTq7V2CDhoGak0wzYzFgUY2m4XJ47OGdXd8eLE8EmwfAmdjw7lC1g--@1.6.11
+ nodelite-2-82hOAu7y0dbVuFfmO4bYF1XEwYk-mEbM5E-b1jgci-udUBEE-R7LF5Ip0CCEmXe8AybRM8L-04eP-LGZeDvkiw--@0.562.0
+ nodelite-2-88JUN06ipLwsnv-dVn-OIYOvAuvBMy-Qoi6O7mQHxdPXpjy-Cd6xRkWwux7DKO-4sYILtLBRIKgsdpS2gQc7qw--@3.0.0
+ nodelite-2-8I8TjW5KMOKsZQTvoxjuSIa7foAwPWGOts-6o7sgjz41-qMD9VQHEDxi6PBvK2l0MXUmqZyNpUK-T2tQaaElvw--@7.0.1
+ nodelite-2-8QmQKqEASLd5nx0U1B1okLElbUuuttJ-AnYmRXbbbGDWh6uS208EjD4Xqq-I9wK7u0v6O08XhTWnt5XtEbR6Dg--@1.2.1
+ nodelite-2-8guHBZCwKnFhYdHr2ysuRWErTwhoN2X8XELRlrRwpmfeY2jjuUN4taQMsULKUVo1K4DvZl-0pgfyoysHxvmvEw--@4.0.7
+ nodelite-2-8nIiYQxOpgUicEL04YFojJmvC4DNO4KoyXsEIqN44-g6gNBr6hmVpWk3uyAt4CaTiRGDwoU-alfqNNeonLAFOQ--@0.44.3
+ nodelite-2-9N9IomZ-YuGGZZmQec1MbgxtlgougxTodVwDzzEouPKo3qFWvymFHWcnDi2vzV1ff6kas9ucW-o3yzJK9YB1AQ--@2.0.1
+ nodelite-2-9Ri-o0JYgehTaVBBDoMqIl8GXtbWg711O3srftcHhZ0dqnETqLaoIK0x17fUw9rFSlK-0NlsKe0Ahhyl5pXE2g--@3.1.0
+ nodelite-2-9ZhXKM-rw350N1ovuWHbGxnGh-SNJ4cnxHiM0rxE4VN41wsg8P8zWn9hv-buK00RP4WvlOyr-RBDiptyxVbkZQ--@1.2.0
+ nodelite-2-9hQc4-GNVtJAIEPEqlYqW5RiYdrr8ea5XQ0ZOnD6fgru-83kqT15mq2OCcbe8KnjRZl5vF3ks69AKz3kh1jrhg--@2.1.4
+ nodelite-2-9r-yi9-mgU33AKcj6IbT9oRCO78WriSj6t-cF8DWBZJ9aOGPOTEDvdUDz1FwKim7QXWwmHqtdHnRJfhAxEG46Q--@2.3.8
+ nodelite-2-9w5XhD0KPOrm92OTTE0SysH3sYzHsSTHNvZgUBo-VZ80VdYyB5RneDbc0dKpURS24IxkoFRu-hI0i4XyfFwY6g--@1.3.7
+ nodelite-2-A5P-LfWGFSl6nsckYtjw9da-19jB8hkJ6ACTGcDfEJ0aE-l2n2El7dsVM7UVHZQ9s2lmYMWlrS21YLy2IR1LUw--@1.0.0
+ nodelite-2-AAB9hiomQs5DXWcRB1rqsxGUstbRroFOPPVAomNk-3XHR5JyEZChOyTWe2oayKnsSsr-kcGqF-z6yuH6HHpN0A--@2.0.1
+ nodelite-2-ASFQhgY4ElXh3nDcOMTkQero4b1lgubskNlhIfJrsH5OKZXDpUAKBlNS0Kx81jwOBp-HCeZqmoJuihTv57-jvQ--@0.25.8
+ nodelite-2-AXJdLo8kgMbimY95O2aKQqsz2iWi9jMgKJhRBAxECE4IFxfcazB2LmzloIoibJI3C12IlY20-KFaLv-71bUJeQ--@19.2.4
+ nodelite-2-AZkcAA5vnN-v4PDqKyMR5lx7hZttPDgClv83E--FMNhR2TMcLUhfRUBHCmSl0oi9zMgDDqRUJkSxO3wm85-XLg--@1.1.2
+ nodelite-2-Ap-fNYwKTYJ9pzqW-Xe2HtMRbQ-EeWkj2qykZ6SuEV4iS-o1bZI5ssJbk4D2r8XuDuOBVz-tIx2JObtuqU-5Zw--@1.2.7
+ nodelite-2-BLI3Tl1TW3Pvl70l3yq3Y64i-awpwXqsGBYWkkqMtnbXgrMD-yj7rhW0kuEDxzJaYXGjEW5ogapKNMEKNMjibA--@2.0.2
+ nodelite-2-BLP14oBOvZWXgfdJf9ao-VD8O30uE-x7PaV--QtACLX329WcRSJRO5YJ-Bcvu0Q-c-lei41TjSiFf6pXqnpbQA--@16.1.3
+ nodelite-2-BjasUjixPFdS-NKkypcyyN5Pmg83Olst0-c6vGov0diwTEo6mgdqVR6hxcEgFuh4QrAs7Rc-9KuGJ9TVCj0Zzg--@1.2.2
+ nodelite-2-Btj2BOOO83o3WyH59e8MgXsxEQVcarkUOpEYrubB0urwnN10yQ364rsiByU11nZlqWYZm05i-of7io4mzihBtQ--@2.1.2
+ nodelite-2-CHhPh-UNHD2GTXNYhPWLnU8ONHdI-5DI-4EYIAOaiD63rHeYlZvyh8P-in5999TTSFgUYuKUAjzRI4mdh-p-2A--@2.15.4
+ nodelite-2-CPYZ24Mhirm-g6D8jArmLzjYu4Eyg3TTUHswR26QgzXBHBe64BO-RHOJKzmF-Dxb4y4f9PKyJdwm-O-AhNkb-Q--@1.1.14
+ nodelite-2-CUSRHXyKjzHov8yKsQjGOElXy-3EKpyX56ELnkHH34vDVw1N1XSQ1ZcAvTyAPtGqLTuKP-uxM-aLkSPqF-EtMw--@2.0.3
+ nodelite-2-CmBKiL6NNo-OqgmMn95Fk9Whlp2mtvIv-KNpQKN2F4SjvrEesubTRWGYSg-BnWZOnlCaSTU1sMpsBOzgbYhnsA--@2.0.11
+ nodelite-2-CsnhKNsyI8Tub6L4sm5ZFsme4puGfc6pYylvXo1AeqaGbjOYyzNv3qZPwvs0oMJ39eryyeOdmxwUIo94IpEhqg--@6.0.0
+ nodelite-2-CvexbZtbov6jW2eXAvLukXjXUW1TzFaivC46BpWc-3BpcCysb5Vffu-B3XHMm8lVEuy2Mm4XGex8hBSg1yapPg--@7.5.4
+ nodelite-2-D-ZkRyj-ywJC6b2IrAN3-tpbReMUqmuRLlcKFoY-o0-EPQN9Ev-e8tV-D3-9scvu-tarxwLErNwS73C3yzxs-g--@1.5.19
+ nodelite-2-DIS8z4PfJRbIyfVFDVnK9rO3eYDtse4Omcm6bt0oEr5-jtLgysmjuBl1frJ9E-EQZrFmKx2A8m-s5s9CRXIzhw--@1.7.4
+ nodelite-2-DRh5K-ka5eJic8CjH7td8QpYEV6Zo10gfRkjHCO3weqZHWDtAaSTFtl4-VMqOJ4N5jcuhZ9-l-yy8rVgw7BQeQ--@24.2.1
+ nodelite-2-Ddb-kVXlXst9d-R9PfTIxh1EdNkgoRe5tOX6t01f1lYWOvJnSPDBlG241QLzcyPdoNTsblLUdujGSE4RzrTZGQ--@1.0.2
+ nodelite-2-DgZQp241c8oO6cA1SbTEWiXeoxV42vlcJxgH-B3hi1AiqqKruZR3ZGF8In3fj4--y-7rHvlOZLZtgJ-4ttYGZg--@2.0.1

50 packages installed [387.00ms]
