bun install v1.4.0 (34cbb9a40)

+ nodelite-2-lNS9hL2aS2NZgNW7BBj-6EBl4rOf8l-tQ0eRY6JWCI8jI2kc53gSoqbjojU0OnAWhzoXiOjFyGsHcDGePB3lhA--@0.1.5
+ nodelite-2-lNaJgI-2Q5URQBkccEKHTQOPaXdUxnZZElQTZY0MFUAuaEqe1E-Nyvgdz-aIyNi6Z9MzO5dv1H8n58-GELp3-w--@1.4.0
+ nodelite-2-lRCJv-Vi3Vlwmbd6K-oQ0KhLHMAysN8lXoCI7XeHlxaajk06u7G-UsFSO01NAs5iYuWKmVZjmiOzJ0OJmGsMwg--@1.9.4
+ nodelite-2-lSipaiq3rmHguHa3QFF4YcCM3VJOrY9oq2sow3qlhFY-nBSTF-nrO82MUQRPrxHQXA58J5G1UnU2WuJfi465BA--@4.0.1
+ nodelite-2-lY7CDW43ECgW9u1TcT3IoXHflywfVqDYze4waEz812jR-bZ8FHDsl7pFQoSZTz5N-2NqRXs8GBwnAwo3ZNxqhQ--@3.24.2
+ nodelite-2-lYt2o1dd6dK8Bb4GRh08RG-2u64bSA1cqtRqtw4jEMgxC7Q17RFcIumBbChErndSdLzafEG-UBwV6shOfig6yw--@3.42.0
+ nodelite-2-lhd-wF-Lk98HZoTCtlVraHtfh5XYijIjalXck7saUtuanSDyLMxnHhSXEDJqHxD7msR8D0uCmqlkwjCV8xvwHw--@2.1.0
+ nodelite-2-lkX1HJXwyMcprw-5YUZc2s7DrpAiHB21-V-E1rHUrVNokkvB6bqMzT0VfV6-86ZNabt1k14YOIaT7nDvOX3Iiw--@0.4.1
+ nodelite-2-llQsMLSUDUPT44jdrU-O37qlnifitDP-ZwrmmZcoSKyLKvtZxpyV0n2-bD-N4tBAAZ-gJEdZU7KMraoK1-XYAg--@2.0.7
+ nodelite-2-llTrboQYw5H4THfhN4U3qCnSZ1SOJ60ohhz-SzU0ADGtwlc533DtklQP0vSFaQuCPDn3BPpOd1GbbnUtwNjsrw--@6.7.1
+ nodelite-2-lqjrjmaOoAnWfMmBPL-XNnynZh2-swxiX3WUE0s4yEHI6m-AwrK2UZOimIRl3X-4QctVqS8AiZjFqyOGrMXb-w--@2.1.1
+ nodelite-2-luIXeE2LJbQnnzotY1f2U2m7xuQNj2DA8Vq4ce1BY9ebRZaoPB1-8eZ6nXpLzsxuW5spQxr7LdCg-CApZwkqkw--@2.2.6
+ nodelite-2-lyuxPGr-Wfhrlem2CL-UcnUc1zcqKAImBDzukY7Y5F-yQiNdko6-fRLevlw1HgMySw7f611UIY408EtxRSoK3Q--@1.4.0
+ nodelite-2-m-5laWdBaxIZK2ko0OwcCHJZJ5V1MgEIt8QVQ3k4-kOkN9ICjevOYmba751pHoTnbOYB7zQd6D2OT3EYEEsUcA--@3.398.0
+ nodelite-2-m4n-Su3K01d15dmdWO1LlqecdSPKuNjuokrJLdiQ485kW-hRHbXW1QP6tJL75myhw-XhX5YhYAR-jrwnGjXiMw--@0.5.3
+ nodelite-2-m6F1R3z8jjlf2imQHS2Qez5sjKWQzbuuhuJ-FKYFRZvPE3PuHcSMVZzfsLhGVOkfd20obL5SWEBew5ShlquNxg--@4.0.0
+ nodelite-2-m7bpKCD4QMlFCjA-nKTs23fuvoVFoA83brRKmObCUNmi-9tVu8Ve3w4YQAnJu4q3Tjf5fr685HYIC-IA2zHRSg--@1.2.2
+ nodelite-2-m9gTwRkhy2lvCPe6QJp4d3G1TYEUHn-FzJUtq9MjH46an1wJU-GdoGC5VLof8RX8Ft-DlpshApkhswDLZzHIcQ--@2.1.3
+ nodelite-2-mEQCMmwJu317oSz8CwdIOdwf3xMif1ttiM8LTufzc3g6kR-9Pe236twL8j3IYT1F7GfRgGcW6MWxzZjLIkuHIg--@6.1.4
+ nodelite-2-mGh7NLisOXskBU62DxLS--nwmLlCYHYAkCzdo4DZ9-fzrpP41hAdOqaN4DO6tQfenHb4pYb0-shw29k4-6I2yQ--@1.1.30
+ nodelite-2-mIYp-091eYfPFezKX7ZPTWqrmSXq-ih6-LcUyKvLmeLQGhlPtot33kuEOd4U-xAA7sFfj21-OtCpIZx0g5SpvQ--@15.4.11
+ nodelite-2-mKKb915TF-OC5ptj5bJ7WFRPdYtuHv0yTRxK2tJvi-BDqbkiG7h7u-9SI89nRAYcmap2xHQL9D-QG-6wSrTtXg--@2.0.0
+ nodelite-2-mMGnE4E1otdEutV5vLUdCxRJygHB5ozUBxsPB5qhitewssrS-qGruq9bmvIRkkGsNeK5ZWLfYRld18UHGTIifQ--@10.7.14
+ nodelite-2-mMdWTT9XKN7yNth-6N6g2GuKuJTsKMDHlQFUDacb-heQRRWOTIZ42t1rMHnQu4jYxU1ajdTeJM-9eEETlqToMA--@10.1.0
+ nodelite-2-mQUvGU6aUFQ-rNvTIAcZuWGRT9a6f6Yrg9bHs4ImKF-HZCEK-plBvnAZYSIQztknZF2qnzNtr6F8s0-IuptdlQ--@6.1.1
+ nodelite-2-mUMFITpJUW3LcKvFok176eI5zXAUomVtahb9IQBwLzkqFYOrMJvWAvoV4yuxrJ8TlQBG8gyEnkb9SnhZvjg67w--@3.734.0
+ nodelite-2-mVGyPBzkkGQsPoxQUbxlEfRjrj6FPyA3u3u2VXGr9hT8wilsoQdZdvKpMBFMB8Crfhv5dNkKHIW0Yyuc7eABqA--@2.5.0
+ nodelite-2-miD1nyT4m4uopZaDdO2uXU-LLHliKNYL9kB1C1wJHrunHLm-rpkb5QVSokqgw9hFqEZakrdlb-VGWX8aYZTslQ--@6.36.1
+ nodelite-2-mki5uBvhHzO8kYYix-WRy2WX8S3B5wdVSc9D6KcU5lQNglP2yt58-VfLuAK49glRXChosY8ap2oJ1qgma3GUVA--@1.1.0
+ nodelite-2-mplynKqc1C2hTVYxd0PU2xQAc22TI1vShAYGksCCfxbn-dFwnHTNi1bvYsBTkhdUNtGIf5xNOg938rrSSYvS9A--@2.8.2
+ nodelite-2-muH7gBL9sI1nciMZV67X5fTKKBLtwpZ5VBp1vsOQzj1MhrBZ4wlVCm3gedKZWLp0Oyel8sIGfeiz54Su-OVT-A--@3.24.1
+ nodelite-2-mv00Te6nmYbRp5DCwclxtt7yV-joXJPGS7nM-97GdxvuttCOfgI3K4U25zboyeX0O-myI8ERluxQe5wljMmVIw--@1.0.0
+ nodelite-2-mxIojEAQcuEvT-lyXq-jf-3cO-KoA6z4CeNDGGevTybECPOMFCnQy3OPahluUkbqgPNGw5Bi78UC7Po6Lhy-NA--@4.0.0
+ nodelite-2-n-SLa4h342oyeGykZdch7Y3GNCNliRPL4k5wkeZ-5eQZs-c6-ZG1SHCJQoy7bZcmxiMyaXs9HoFmv1PEKrZgWg--@1.0.0-beta.42
+ nodelite-2-n02Vykv5uA3eHGM-Z2dQrcD56kL8TyDb2p1-0P83PClMnC-nc-anbQRhIOWnSq4Ke-KvDPrY3C9hDtC-A3eHnQ--@1.9.5
+ nodelite-2-n13RO1BUy8u6-kzDQ2--BRj4Y5EAiQPt-aV-Tb2HNTmToNr4Mu3dE1kFlaTVTxQzAT3hvIRlVEU-OMvF8LCFJw--@1.1.2
+ nodelite-2-n2huDr9h9yzd6exQVnH-jU5mr-Pfx08LRXXZhkLLetAMESRj-anQsTAh940iMrIetKAmry9coFuZQ2jY8-p3WA--@5.0.0
+ nodelite-2-n5r4HFbMmWsB4twG7tJLDN9gmBUeSPcsBZiWSE4DnYz9mJMAFqr2ID7-eGC9kpEnxExJ1epttwR59LEWCk8mtA--@1.54.2
+ nodelite-2-n5yolOs0TQQBRUFImrRfs--6X4p3Q4n1dUEqt-H58Vx7OW6RF-foWEgmTVDhIWJIMXOuNNL0apKH2S16en9eiA--@12.23.23
+ nodelite-2-nB8y4nQl8PshahLpGKZOq1sb0xrMVFSn6at7u-qOsBZTlZRzaapISGENcB6mOkoezbClZyiMwEF-dGY8AZ00rA--@7.6.1
+ nodelite-2-nBF-F1rAZVCu-p7rjzgA-Yb4lfYXrpl7a6VmJrU8wF9I1CKvP-QwPNZHnOlwbTkY6dvtFIzFMSyQXbLoTQPRpA--@5.2.0
+ nodelite-2-nCe6fQ-ppm1bQuw5iKoeJ0MJfz2os7Ic3GBjOkLOPtavbD1ONoyE3ygjBfz2ythFWm4YnRm6OxW-8p-m9uCoIA--@5.0.1
+ nodelite-2-nEDASdbKFKPXN2O6lOlTgrEEOO9NHIeO-HVvZnkqc8h5U9g3BIhWsvzFo-UcUbliMHvKNPD-zVxDrkP1Sbgp8Q--@2.2.0
+ nodelite-2-nF1jg0L-18b5HvTcYzwyFgfZQQMELJINFqI0mi4yRKaX7T5a3aGp5RVLGGju-6tAGTuFbfBoEhkhU3kkxexPYQ--@3.398.0
+ nodelite-2-nFR0zLpU2YCaRxwoCJvL6UvCH2JFyFVIvwTLsIf21AuHlMskA1hhTdk-LlYJtOlYt9v6dvszD2BGRqBL-iQK9Q--@7.2.3
+ nodelite-2-nG96G3Wp6acyAgJqGasjODb-acrI7KltPiRxzHPXnP3NgI28bpQDRv53olbqGXbfcgF5aiiHmO3xpwEpS5Ld9g--@0.7.34
+ nodelite-2-nGqtvLrj5w0naR6tDPfB4cUmYCqouzyQiz6C5y-LtcDllJdrcc6WaWW6iXyIIOErTa-XRybj28aasdn4LkVk6Q--@2.0.1
+ nodelite-2-nLTrUKm2UyiL7rlhapu-Zl45FwNgkZGaCpZbIHajDYgwlJCOzLSk-cIPAnsEqV955GjILJnKbdQC1nVPz-gAYQ--@2.2.0
+ nodelite-2-nLbCWqQNgUiwwtFsen1AdzAtvuLRsQS8rYgMuxCrdKf9kOssamGLuPwyTY9wyYblNr9-1XM8v6zoDTPPSIeANg--@5.2.0
+ nodelite-2-nMCcUW06KSqEXA0xp-LiRqDpIE59BVYbjZLe0HUisJAlswfihHYSsAjYTzV0lcE1thfh8uh-LqUHGdQ8qq8rfA--@2.2.3

50 packages installed [199.00ms]
