bun install v1.2.18 (0d4089ea)

+ nodelite-2-Dh7l57ianaEoIpzbp0PC9UKAdCSVklD8E5Rpw7ETfbTl3FqcOOgq5q2LVDhgGCkaBv7p24JXikPdvhhmHvKMsw--@11.1.2
+ nodelite-2-DpLKbNU4WylpxJykQujfCcwYWiV-Jhm50Goo0wrVILAv5jOr9d-H-UR3PhSCD2rCCEIg0uc-G-muBTwD54JhDQ--@1.0.4
+ nodelite-2-E-XQCRwSbaaiChtv6k6Dwgc-bx-Bs6vuKJHHl5kox-BaKbhiXzqQOwK4cO22yElGp2OCmjwVhT3HmxgyPGnJfQ--@1.1.2
+ nodelite-2-E91vHJD61jekHHR-RF-E83T-CMoaLXT7cwYA75T4gim4FZjnM6hbJjVIGg7chqlSqRsSvQ3izGmOjHy1SQzcGQ--@1.12.10
+ nodelite-2-EJKb8oMUXVHcWZTDepnr-WNbfnXKFNf9duMesmr4S8SXTJBJ9M4Yok08pu9vxdJwdlGRhVumk9mEhkEvKGifwA--@3.0.0
+ nodelite-2-EPD5q1uXyFxJpCrLnCc1nHnq3gOa6DZBocAIiI2TaSCA7VCJ1UJDMagCzIkXNsUYfD1daK--LTEQ8xiIbrHtcw--@1.0.2
+ nodelite-2-EcmOpxsZ96CvlP03NghtH1EsLtr0n9Tm4lPUJUBccV9RwUOneqSycg19n5HGzCf-10LozMRSObtVr3ee1WoHtg--@2.0.1
+ nodelite-2-F-M1tLhO-mlQaOWspE8Wstg-z6PwxwRd8oQ8IXceWz92kfAmalTRf0EjrouQeo7QssEPfCn05B4Ihs1K9WQ-7w--@1.1.7
+ nodelite-2-F90uYnlBsLPU1UbSLciLsWQmk8-hdWa6SFw4GXaIdNWxFxI5ITKVdAG64f-Twaa9ic6xE7pqxPyUmodrGjT4pQ--@0.1.2
+ nodelite-2-FCxlKLNGknS5ba-1lmpYijMUzX2esxW5xQqjWxw2eHFfS2MSdaHVINFmhjo-qN1WhZhNimq0dZATN9pH0IDrpA--@11.0.0
+ nodelite-2-FJhYRoDaiatfEkUK8HKlicmu-3SGFD51q3itKDGoSTysQJBnfOcxU5GxnhE1E6soB76MbT0MBtnKJuXyAx-96Q--@1.0.1
+ nodelite-2-FWyyY60MeTNyeSRpkM2Iry0G9hpr7-9kD40mD-cGQEuilcZYS4okz8SN2Q6rLCJ8gbCt6fN-rC-6tMGS99LaxQ--@2.0.1
+ nodelite-2-FdW9r-jQZhSeohs1Z3sI1yxFQNFvMcnmfuj4WBMUTxOrAyLMaTcE1aAMBiTlbMNaXvBCQuVi0R7hd8udDSP7ug--@1.0.5
+ nodelite-2-Fedw0aZvkhynoPYlA5WXrMCAMm-nSWdZt6lzJQ7Ok8S6Q-VsHmHpRWndVRJ8Be0ZbkfPc5LRYH-5XrzXcEeLRQ--@1.1.3
+ nodelite-2-Fh9rGN0MoI4ZFUNyfFVNU4y9LUz93u9-0K-yLgA2bwRojxM8JU1DyvvMBabnZPBgMWREAJvU2jjVzq-LrFUglw--@1.1.7
+ nodelite-2-FkBMwD-qbGQeMu1cOHnuGB6x4yzPjho8ap5WtbEJ26umhgqVXbhekKUQO-hZEL1vU92a3wHwdp0HAcqAUF5iDg--@1.1.1
+ nodelite-2-Fu4hJdvzeylCfQPp9SGWidpzrMs7tTrlu6Vb8XGaRGck8QSNZJJp538Wrb60Lax4fPwR64ViY468OIUTbRlGZg--@2.0.3
+ nodelite-2-FxEMIkJKnodyA1OaCUoEvbYRkoZlLZ4d-eXFu9Fh8CbBBgP5EmZxrfTRyN0qpXZ4vOvqnE5YdRdcrmUUXuU-dA--@2.6.5
+ nodelite-2-G2w6Nw7ZOVSzcQmsdLc0doMe64O-Sbuc2bVAbgMz6oP-6-pRStKRiVRV4bQfHp5AHYAKEGhEdVHTM-R3FDgi5w--@12.23.6
+ nodelite-2-G4qppLgKu-k6FwRpHiGiKPaPTFcG3g4wNVX-Qsfu-RqQM30E7Tyu-TEgxcL9PNLF5pdRLwQdE3YKKf-KF2Dzlw--@1.0.9
+ nodelite-2-GG2AQYWoLgL877gQIKeRPGO1xF9-eG1ujIb5soS5gPvLQ1y2o8FL90w2QWNdf9I361Mpp7726c-lj3U0qK1uGw--@4.0.2
+ nodelite-2-GTVAlRVrQrSw3cEARM0nAx73ixrWDPNZAruETn3oHCNP6SbZ-hNxdxp-u7VkIEv3-sFoLq1PfcHrl7Pnp0CDpw--@1.1.12
+ nodelite-2-GWkBvjiSZK87ELrYOSESUYeVIc9mvLLf-nXalMOS5dYrgZq9o5OVkbZAVM06CVxYsCwH9BDZFPlQTlPA1j4ahA--@5.0.1
+ nodelite-2-GZW464g1SH7ag3Y7hXjf8RoUuAFIqklOAq3MRl4OaWabTFJY9PN-E1YklhXLh-OQ3fM9yS2nOkCoS-WLZ6kvxQ--@4.0.2
+ nodelite-2-GiyAHdorqGtUYG5fe4BfTf5lmtSLhrXoHeNlMsR80JOiOZxOrIOv9QaIR8RnqlleJ6D8R9cqvZKR9lfJcWcapg--@7.10.0
+ nodelite-2-GsCCIZDE-p3i96vtEqx-7dBUGXrc7zeSK3wwPHIaRThS-9OhWIXRqzs4d6k1SVU8g91DrNRWxWUGhp5KXQb2VA--@2.1.0
+ nodelite-2-H2-S7Pm8a9CL1uhp9OvjwrBh5Pvx0H8qVOxNu8Wed9Y7qv56MPtq-GGM8RJpq6glYJn9Wspr8uw7l55uyinNeg--@3.6.0
+ nodelite-2-HPwpGIzkl28mWyZqG52jiqDJ12waP11Pa1lGoiyUkIEuMLBP0oeK-C89esbXrxsky5we7dfd8U58nm0SgAWpVw--@1.1.1
+ nodelite-2-HlrDpj0v-JBIvQex1mXHq93Mht5qQmfyci-ZNwGClnAQldSfxI6h0Vupte1dSR4ueNv4q7qp5kTnmLOBIQnGow--@16.1.3
+ nodelite-2-HnMTdXEVuuyzx63ME0ut4-sEMYW6oouHWNGUZc7ddvUWIcfCva-AMoqEW-3wnEllriMWBa0RHspCYnfCWJQYmA--@2.2.5
+ nodelite-2-HpMh8-oahmIdOuS5aFKKY6Pyog-FNaZV-XyJOq7b4YFwsFHe5yYfdbIalI4k3vU2nSDql7YskmUseHsRrJqIPA--@2.7.1
+ nodelite-2-I30RydO-bnn2PQztvo25tswPH-wFBjehVGtmagkU78yMdwTwVf12wnAOF-AeP8S2N8xD-5UPbGhkUfPyvT-mwQ--@2.2.6
+ nodelite-2-I6UNVBAoYbvuWkkU3oosC8yxqH21f4-Jc4DK71JLG3dT2mdlGe1z-ep-LQGXaKaOgcvUrsQoPRqfgtMcvZiJhg--@8.15.4
+ nodelite-2-IInvU7fabl34qmi9gY8XOVxhYyMyuH2xUNpb2q8-Y-7552KlejkRvqvD19nMoUW-uQGGbqNpA6Tufu5FL5BZgw--@7.3.0
+ nodelite-2-IM1zzRV4W3HtVgftdQiiOmA0AdJlCtMLe00FXaHwgt3rAnNsIyDqshvkIW3hj-iu5hu8ERP7KIYki6NkqDxAwQ--@1.1.10
+ nodelite-2-IOZfZ3nPvN6lXpJTBCunFQPRSvK8MDgSc1FB85xnIpUKOw9en0dJj8JmCAxV7BiZdtYlUpmrQjoTFkVYtdoWzQ--@1.1.14
+ nodelite-2-IOc8uWeOZgnb3ptbCURJWNjWUPcO3ZnTTdzsurqERrP6nPyv-paC55vJM0LpOlT2ne-Ix-9-CRG1MNLlyZ4GjQ--@2.7.1
+ nodelite-2-IQ7TZdoaqbT-LCpShg46jnZVlhWD2w6iQYAcYXfHARZ7X1t-UGhhceQDs5X0cGqKvYlHNOuv7Oa1xmb0oQuA3w--@6.0.10
+ nodelite-2-IUFAccz1JyKcf-RjB552PlWwxjeCJB8-4KxT7EhBHOJM-mN7LdW-B3kacJXILm32xawcMMjb2i0cIZpo-f9kiQ--@1.2.7
+ nodelite-2-IV3Ou0jSMzZrd3pZ48nLkT9DA7Ag1pnPzaiQhpW7c3RbcqqzvzzVu-L8gfqMp-8IM2MQtSiqaCxrrcfu8I8rMA--@0.0.1
+ nodelite-2-IXLKFnaYvFg-KkeV5QfOX7tRnwHXp127koOFUjLWMTrRv5Rny3DQcAtIFFeA-Cli4HHM8DuJCXAUsgnFVJndlw--@0.1.7
+ nodelite-2-IaOQ9puYtjrkq7Y0Ygl9KDZnrf-aiUJYUpVf89y8kyaxbRG7Y1SrX-jaumrv81vc61-kiMempujsM3Yw7w5qcw--@2.0.0
+ nodelite-2-Il0-boE7w-XebUHyBjroE-DbByORGR9KKmITzbR7MyQ4akpORYP-ZmbhAr0DG7RmmBqoOnZdy2QlvajJ2QA59g--@1.1.1
+ nodelite-2-Ir--ZpE9fDsNH0hQ3C68uyThDXzYcim2EqcZ8zn8Chtt1iylPT9xXJB0kPCnqzgcEGikO9RxSrh63MsmVCU7Fw--@5.1.5
+ nodelite-2-IwfBptatlO-QCJUo19AqvrPNqlVMpW9YEL2LIVY-Rpv2qsjCGxaDLNRgeGsQWJhfItebuJhsGSLjaBbNSQ-ieg--@4.0.4
+ nodelite-2-J6f-9hUp-ldTZqKRSg7Vw5V6MqjATc-3E4gf3CFNcuZNWD8XdyI6zQ8GqH7f8169MM6P7hMBRDVGnn7oHB9kXQ--@2.0.1
+ nodelite-2-JQ5TuMi45Owi4-BIMAJBoSQoOJu12oOk-gADqlcUL9JEdHB8vyjUSsxqeNXnmXHjYKMi2WcYtezGEEhqUI-E2g--@0.5.15
+ nodelite-2-JTF99U-6XIjCBo0wqkU5sK10glYe27MRRsfwoiq5zzOEZLHU3A3KCMa5X-azekYRCJ0HlwI0crAXS-5dEHTzDg--@1.1.3
+ nodelite-2-JbbpPhp38UmXDDAu60RJmbeme37Jbgsm7NrHGgzYYFKmblzRUh6Pa641dII6LsjwF4XlScDrde2UAzDo-b9KPw--@2.1.4
+ nodelite-2-Jg8wNT1MUzIvhBFxViqrEhWDGzqymo3sV7z7ZsaWbZNDLXRJZoRGrjulp60YYtV4wfY8VIKcWidjojlLcWrd8Q--@0.34.5

50 packages installed [896.00ms]
