bun install v1.4.0 (34cbb9a40)

+ nodelite-2-5uC6DDlmeqiOwCPmK9jMSdOuZTh8bU39Ys6yidB-UTt5hfZUPGAypSgFRiEp-jbi9qH40BLDvy85jIU88wKSqw--@1.0.1
+ nodelite-2-5uYhsJH8VJBTv7oslg4BznJYhDoRI6waYCxMmCdnTrcCrHA-fCFKoTFz2JKKE0HdDFUF7-oQuhzumXJK7paBRQ--@1.2.4
+ nodelite-2-5yXvWDEgqeiYiBe1lbxYF7UMAIm-IcopxMHrMQDq3nvKcjPKIhZklUKL-AE7J7uApI4kwe2snsK-eI6UTj9EHg--@5.0.3
+ nodelite-2-6-7nlbMVX-PVDCwaIQ8nTOPveOcFLSt8GcXdx8hD0bt39uWxYT88uXzqTd4fTvqta7oeUJqudepapKNt2DYJFw--@0.9.0
+ nodelite-2-61g9pCh0Vnh7IutZjtLGGpTA355-OPn2TyDv-6ivP2h-AdAVX9azsoxmg2-M6nZeQZNYBEwIcsne1mJd9oQItQ--@2.2.0
+ nodelite-2-65P7iz6X5yEr1cwcgvQxbbIw7Uk3gOy5dIdtZ4rDveLqhrdJP-Li-Hx6tyK0NEb-2GCyneCMJiGqrADCSNk8sQ--@5.0.1
+ nodelite-2-67ueh2IRGst-51p0n6FvPrnRjAGHY5F8xdjkgrYE7DDzpJe6qA07RYQ9VcoUeo5ATOjSOiWpSL3SWBRRbempMw--@10.1.1
+ nodelite-2-6BLOQUscTpZeGljvyQXlWOItQyU71kCdGz7Pi8H8zdw6BI0g3m43iL4xKUVPWtG-qrrL9DTjpdn8eYuCQSRpow--@0.2.0
+ nodelite-2-6BjspCO9VriYy12z356nL6JBS0GYeEcA457YyRzD-dD6XYCQ75NKhcOHUMHentOE7OcVCIXXDvOm0jKFfQG2Gg--@0.2.4
+ nodelite-2-6DnInpx7SJ2AK3-CTUE-ZM0vWTUboZCegxhC2xiIydHR9jNuTAASBrfEpHhiGOZw-nX51bHt6YQl8jsGo4y-0w--@0.7.1
+ nodelite-2-6FlzubTLZG3J2a-NVCAleEhjzq5oxgHyaCU9yYXvcLsvoVaHJq-s5xXI6-XXP6tz7R9xAOtHnSO-tXtF3WRTlA--@2.1.3
+ nodelite-2-6Jw4sE1maoRJo3q8MsSIn2onJFbLTOjY9hlx4DZXmOKvLRd1Ok2kXmAGXaafL2-ijsJZ1ClYbl-pmqr9-k4iUQ--@5.18.2
+ nodelite-2-6KU6qO7DZ7GJkaCgwBNtplXCvGkJToU86ybBAUdavvgsCiG8lSSvYxr9MhwmQ-udpzywHsl4RpGJsYWG1pDOcA--@2.0.0
+ nodelite-2-6KyUGaVzRE4xAz1LKHbNh1q5wzxe58pdTHFSnxNe6nk1SCoHw7NfI4h2s2m6LgJ0megFxsT0Ir8aHaFyyxmbgg--@3.8.2
+ nodelite-2-6UyXfjVaTBTJtKNG4-9Z8PSpKE6XgSyEb8iwaqDcy-uKrd-DGYHTWkUdnQDyzm727V7p21WUMhsqz5oy65kPcQ--@1.0.7
+ nodelite-2-6WTZ-IxCY-T6BALoZHaE4ctp9xm-Z5kY-pzYaCHRFeyVhojxlrm-46y68HA6hr0TcwEssoxNiDEUJQjfPZ-RYA--@4.4.0
+ nodelite-2-6ZYMOEnmVsdCeTJVE0W9ZD-pVnE8h9Hma-iOwwRDsdQoePpoX56-8B6z3P9VNwppJuBKNRuFDRNRqRWexT9G9Q--@1.3.3
+ nodelite-2-6aU-Rwsezw7VR8-nyvKTx8QpWH9FrcYiXXlqC4z5d5XQBDRqtbfsRjnwGyqbi3gddNtWHuEk9OANUotL26qKUw--@2.7.0
+ nodelite-2-6eZs5Ls3WtCisHWp9S2GUy8dqkpGi4BVSz3GaqiE6ezub0512ESztXUwUB6C6IKbQkY2Pnb-mD4WYojCRwcwLA--@3.0.0
+ nodelite-2-6h60VfI3uBQUxHqTyMymMZnEbNl1XmEGtOxxKYL7stY2o601COo62AWAYBQR9lZbYXYSBoxag8UpPRXK-9fqSQ--@3.0.1
+ nodelite-2-6hY4Kl4HPBvtfS62asS-R22JzNNy8vi-Ssev7x6EobfCp-9QIB2hKvI2EtbdJ0VSQacxVNtqhE-NmF-NZ0gm6g--@3.6.5
+ nodelite-2-6hxeJYaL110a9b5TEJSj0gojyHQAmA2ch5Os-ySCiA1QGdS697XWY1pzsrSjqA9LDEEgdB-KypIlR59RcLuHYw--@1.7.0
+ nodelite-2-6j1W9l1iAs-4xYBI1SYOVZyFcCis9b4KCLQ8fgAGG07QvzaRLVVRQvAy85yNmmZSjYjg4MWh4gNvlPujU-5LpA--@1.8.1
+ nodelite-2-6kZKyUajlDuqlHKVX1w7gyslj9MPIXzIFiz-rGu35uC1wMi-kMhQwGhl4lt9unC9Vb9INnY9Z3-ZA3-FhASLaw--@3.2.2
+ nodelite-2-6mDvHUFSjyT2B2yeNx2nUgMxh9LtOWvkhIU3uePn2I2oyNymUAX1NIsdgviM4CH-JSrp2D2hsMvJOkxY-0wNRA--@19.2.2
+ nodelite-2-6pbFeN0dAsCOrFGUKU39CNjft20zCAjLfMqfkRWisL-JkUHI2nq6odUJF5jJTsU1C-1951-3oFOmVxPX-K-akQ--@3.1.4
+ nodelite-2-6sE5nyvDloULiyOMbOTJEEgWL32w-VHkZQs8S02Lnn8Y-O5aQhjOEXwWzvR7SsBE-exxlSpY2EsWZgqHbtLatg--@2.3.2
+ nodelite-2-6vaNInhu-CHxtONf3zw3vq4SP2DOQhjBvIa3rNcG0-P7eKWlYH6Peu7rHizSloRU2EwMz6GraLieis9Ac9-p1w--@1.3.3
+ nodelite-2-7--dFhtcx3353uBaq8DDR4NuxBetBzC7ZQOhmTQInHEd6bSrXdiEyzCvG07Z44UYdLShWUyXt5M-yhz8ekcb1A--@3.0.0
+ nodelite-2-7-Ey1mAgYqFAx2h0RuoxcQT5-MlG3GTV0TQrgr7-ZliKsm-MNDxVVutlWaziMq7wJNAz8MTqz55XLpWvva6StA--@7.28.3
+ nodelite-2-72RFADWFqKmUb2hmmvNODKL3p9hcB6Gt2DOQMis1SEBaV6a4MH8soBvzg-95CYhCKPFedut2JY9bMfrDl9D23g--@5.28.4
+ nodelite-2-72fSenhMw2HZMTVHeCA9KCmpEIbzWiQsjN-BHcBbS9vr1mtt-vJjPdksIBNUmKAW8TFUDPJK5SUU3QhE9NEXDw--@1.1.3
+ nodelite-2-77yfbCbQMtgtTylO9itEAdpPXSog3ZxMe09AEhm0dU0NLTalV70ghDZFR-Nfi1C60jnJoh-Re4090-DuZh2Omg--@4.0.0
+ nodelite-2-78UEvebzz-rJIxLvE7ZtDd-vIQ0RHv-3Mh5DR96p7cS7HsBhYIICDBCu8csTNWNO6tBWfqXPWekRuj2FNOGOZg--@2.0.0
+ nodelite-2-7Bv8RF0k6xjo7d4A-PxYLbUCfb6c-Vpd2-mB2yRDlew7Jb5hEXiCD9ibfO7wpk8i4sevK6DFny9h7EYbM3-sHg--@10.4.5
+ nodelite-2-7D-qOz--Y4X-rzSB6jKxKUsQnphO046ei8qxG59mtM3RG3DHgTK81HrxrmoDVINJb8NKT5ZsRbwHvQ6B68Iyhg--@7.0.0
+ nodelite-2-7F-yz2IphV39hiS2zB4QYVkivrptHHh0K8qJJd9HhuWSdvf8AN7NpebW3CcDZDBQsUPMoDKWsY2WWgW7bqOcfA--@7.1.0
+ nodelite-2-7F7UDJnwbU9IjfoAdl6f3Hho5-WB7rwcydUOjUux0p7YVWh-fTjIFjfAGyIir7MJhPapun1D0t97QQ3-8jXVcg--@3.8.6
+ nodelite-2-7HSX4QQb4CspciLpVFwyRe79O3xsIZDDLER21kERQ71oaPodF8jL725AgJMFAYbooIqolJoRLuM81SpeUkpkvA--@6.1.0
+ nodelite-2-7MptL8U0cqcFdzIzwOTHoilX9x5BrNqye7Z-LuC7kCMRio1EMSyqRK3BEAUD7sXRq4iT4AzTVuZdhgQ2TCvYLg--@3.3.3
+ nodelite-2-7NzBL0rN6fMUW-f7A6Io4h40qQlG-xGmtMxfbnH-K7TAtt8JQWVQK-6g0UXKMeVJoyV5EkkNsErQ8pVD3bLHbA--@5.6.2
+ nodelite-2-7QpOqPQAZNXDXv6vsRex4R8dLniL0E-80OPK4PPFsrCh9btEyhN9Begh4i1T-5lL28hmYkztLOkTQ2N5J3hgRQ--@3.398.0
+ nodelite-2-7UvmKalWRt1wgjL1RrGxoSJW-0QZFIegpeGvZG9kjp8vrRu55XTHbwnqq2GpXm9uLbcuhxm3IqX9OB4MZR1b2A--@1.3.0
+ nodelite-2-7V-KqSvMiHp8yWDuwfww06XleMWVVB9b9tURBx-G7UTADuo5hYPuowKloz4OzOqbPezxgo-fdQ1522WzPG4OeA--@3.0.0
+ nodelite-2-7XHNxH7qX9xG5mIwxkhumTox-MIRNcOgDrxWsMt2pAr23WHp6MrRlN7FBSFpCpr-oVO0F744iUgR82nJMfG2SA--@1.1.2
+ nodelite-2-7XJ9cPU-yI2QeLS-FCSlqNFZJq8arvswefkZrYI1yQBbftw6FyrZOxYSh-9S7z7TpeWlRt9zJ5IhM1WIL334jA--@1.6.8
+ nodelite-2-7dFHNmqeFSEt2ZBsCriorKnn3Z2pj-fd9kmI6QoWw4--DL-icEBfc0U7qJCisqrTsKTjw4fNFy2pW9OqStD84g--@1.3.2
+ nodelite-2-7emPTl6Dpo6JRXOXjLRxck-FlLRX5847cLKEn00PLAgc3g2hTZZgr-e4c2v6QpSmLeFP3n5yUo7ft6avBK-5jQ--@1.1.2
+ nodelite-2-7hWZS0NRpEsNV8vWJzg7FEz6V8MaLNeJOmwmghqUXTpzk16V1LLZhdo-4QvE--zv4cVci0OviuJFnqhEfoV3-g--@0.11.1
+ nodelite-2-7iKXR--4TpLK194pVjKiasIyqMtTYJsgKgM242Y9uzt5dhHnUDvMNb-3xIhRJ9QhvqGii-5cRUt4fJn3dtXNHQ--@2.2.0

50 packages installed [183.00ms]
