bun install v1.4.0 (34cbb9a40)

+ nodelite-2-jNtbu-u97wiyEBJlJ9kmdw7tAr5Vy0Aj5CgQmo-6pxWNQhXZDPsRr1UWPN4v3Zf82s2H3kF51IbzZ4jMWAgPlQ--@3.5.21
+ nodelite-2-jQL3lRnocaFtu3V00JToYz-4QkNWswxijDaCVNZRiRTO3HQDLsdu1ZtmIUvV4yPp-rvWm5j0y0TG-S61cuijTg--@1.3.3
+ nodelite-2-jRDZ1IMLttGj41KcZvlrYAaI3CfqpLpfpf-Mfig13viT6NKvRzWZ-lXz0Y5D60w6uJIBAOGq9mSHf0gktF0duw--@4.0.2
+ nodelite-2-jRR5wdylq8CkOe6hei19GGZnxM6rBGwFl3Bg0YItGDimvjGtAvdZk4Pu6Cl4u4Igsws4a1fd1Vq3ezrhn4KmFw--@7.1.3
+ nodelite-2-jSCU7-VB1loIWBZe14aEYHU--1UMEHoaO7qxCOVJOw9GgH72VAWppxNcjU-x9a2k3GSIBXNKxXQFqRvvZ7vr3A--@3.0.0
+ nodelite-2-jY8CSxmpWLOxS-t8W-FG3Xigc0RDQA9bKMY-EwILvsesiRniiVMejYTE4wumNc2f4UbAa4WsHqe3J1QS1sli-A--@2.0.0
+ nodelite-2-jZNtiFl-1aY73yS3UGQkutD0UbhTt68qnRpw2Pifmz5wV9h8gOVsN70v-Lq-f1rKaU-W8pxRe8y8Q9FX1AOe1Q--@2.0.1
+ nodelite-2-jeC1axXpnb0-2nn-Y1LPuLdgXBLH7aDcHu4KEKfqw3CUhX7ZpfBSlPKyqXE6btIgEzfWtrX3-tyBCaCvXvMkOw--@2.9.3
+ nodelite-2-jg-97EGIcY9AGHJJRaaPVgetKDsrTgbRjQ5Msgjh-DQKEFl0DtyRr-VCOyD1T2R1MNeWPK-u7JoGhlDZnKBAfA--@9.0.8
+ nodelite-2-jhIXaOzy1sb8IyocaruWSn1TjmnBVs8Ayhcy83rmxNJ8q2uWKCAj3CnJY-KpGSXCueAPc0i05kVvVKtP1t9S3g--@11.1.0
+ nodelite-2-jlKVFYaH3RX5KvQ7a-SAMQuPccZCzxLkeYkBE64u1Zvi7YhJ8hkTMHG-fmZMbk1rHlseE2wfBdk0Rlya3MvoNQ--@3.10.2
+ nodelite-2-jrbSQrYCho0yDaaf92qWgd-7nAeap5LtHTI51KXqmpIFCceKU3K9-vIVTUH72bOJngBMqa4kyu1VJhRcSrk-CQ--@2.5.1
+ nodelite-2-jtD6YG370ZCIi-9GTaJKQxWTZD045-4R4hTk-x1UyoqadyJ9x9CgSi1RlVDQF8U2sxLLSnFkCaMihqljHIWgMg--@0.1.2
+ nodelite-2-jtmJMyt1xMD-d8OtbVJ2gFZOSKc-ueYJZPW20ULW1GOp-q-YIM0wNh-u8ZFao9UaIGz4WoPW8hC64qlWLIfoDA--@2.2.0
+ nodelite-2-jttmRe7bRse52OsWIMDLaXxWqRAmtIUccAQ3garviCqJjafXOfNMO0yMfNpdD6zbGaTU0P5Nz7e7gAT6cKmJRw--@4.4.2
+ nodelite-2-jxayLKShrEqqzJ0eumQbVhTYQM27CfT1T35-gCgDFoL82JLsXqTJ76zv6A0YLOgEnLUMvLzsDsGIrl8NFpT2gQ--@1.0.0
+ nodelite-2-jypE3FpC5U7lealzpGVq1Jie5Ay5jYv-UkOLxPhOpffjCd98A-Ex08M6GyINMDO7KCBaF5p8pbdl693hf0DwNg--@1.0.16
+ nodelite-2-k-vGaX4-Yla3WzyMCvTQOXYeIHvqOKtnqBduzTHpzpQZzAskKMhZ2K-EnBiSM9zGSoIFeMpXKxa4dYeZIQqewQ--@2.0.4
+ nodelite-2-k4MGaQl5TGo-iipqb2UDG2UwjXziSWkh0uysQelTlJpX1qGlpUZYm8PnO4DxG1qBomtJUdYJ6qR6xdIah10JLg--@4.0.9
+ nodelite-2-k7ndgKhwoQveBL--1tqGJYNz097I7WOvwbmmU2AR5-magtbjPWQTS1C5vzGkBC8Ym8UWRzfKUzUUqFLypY4Q-w--@9.0.1
+ nodelite-2-k92I-b08q4wvFscXCLvqfsHCrjrF7yiXsQuIVvVE7N82W3-aqpzuUdBbfhWcy-FZR3-4IgflMgKLOsvPDrGCJA--@1.0.6
+ nodelite-2-k9ecfXHmIPuFVI61B9DeLPN0qFHfawM6RsuX48hoqlaKSF61RskNjSm1lI8PhBEM0MRdLxVVm4WmTqJQccH9mA--@10.0.1
+ nodelite-2-kDqEU5sCP55Oabl6E7m5N-vZRoc0iWqgDVhEKifcHzPzjqCegcO4amfrYVL9PmPZpl4G0yjkpTpUO-Ui8CzO8A--@6.10.3
+ nodelite-2-kEBmG8KyqtxJZv-ygbEim-KCGtIq1fC22Ms3S4ziXmYKm8uyoLX0MHONVKwp-9opg390VaKRNt4a7A9NwmpNhw--@1.3.1
+ nodelite-2-kERHXvpSaB4aU3eANwidg79K8FlrN77m8G9V-0vOR3HYaRifrlwMEpT7ZBJqLSEIHnEgJTHcWK82wwLwwKwtag--@0.5.2
+ nodelite-2-kGaNbPh1k7AFzgpud-gMdvIm5xuECykRR-JnWKQno9TAXVa6WIVCGTPvYGekIDL4uwCZQSYbUxNBSb1aUo79oA--@4.0.4
+ nodelite-2-kGkGegYIdQsOb4XjsfM97rXsiHaBwco-hFI66oO4s9LU-PLAC5oJ7khdOVFxkhsmlbpUqDAvXw11CluXP-jkHg--@1.1.1
+ nodelite-2-kHt7kzLoS9VBZfUsiKjv43mr91ea-U05EyKkEtqp7vNbHxmaVuEqN7XxeEVnGrMtYOAxGrDElSi96K7EgO1zCA--@2.1.0
+ nodelite-2-kHxr2zZpYtdmrN1qDjrrX-Z1rR1kG8Dx-gkpK1G4eXmvXswmcE1hTWBWYUzlraYw1-yZp6YuDY77YtvbN0dmDA--@2.0.0
+ nodelite-2-kISKhqN1k48TaMPbLgq9jj7mO2jvbJdhirvfu4JW3jhFhENnkY0oCwTPvR4Q6Ne2as6GFAMo2XZDZq4rxC7YDw--@3.398.0
+ nodelite-2-kJJfVbI-lZE1PZYDI5VPxp8zXPO9rtxOkhpZ0jMKha56AI9y2gGVC6bkukStQf0ka5Rh15BA5m7cCCH4jmHqkw--@3.2.0
+ nodelite-2-kLjThirJMkWKutUKbZ8ViqFc09tDQhlbQo2MNuVeLWbRauqYP96Sm6nzlQ24F0HFjUNZ4i9-AgldJ9H6DZXi7g--@7.0.1
+ nodelite-2-kRj8B-YHZCc9kQYdWfJB2-oUl9rA99qbowYYBtr4ui4mZyAQ2JpvVBd-6U2YloATfqBhBTSMhTpgBHtU0Mf3Rg--@3.0.1
+ nodelite-2-kTUIGKQ-mDPFoJ0oVfcmyJn4iBDRptjNVIzwIFR7tqWXdVI9xfA2RMwY-gbSpJG3lkdWNEjLap-NqVHZiJsdfg--@2.0.1
+ nodelite-2-kVscqXk4OCp68SZ0dkgEKVi6-8ij300KBWTJq32P-dYeWTSwK41WyTxalN1eRmA5Z9UU-LX9D7FWSmV9SAYx6g--@2.0.3
+ nodelite-2-kbpaSSGJTWdAY5KPVeMOKXSrPtr8C8C7wodJbcsd51jRnmD-GZu8Y0VoU6Dm5Z4vWr0Ig-1NKuWRKf7j5aaYSg--@5.1.2
+ nodelite-2-keS03Am07aOn7RuNaRsMOyh0jscyhDn95asCVy4lxhl9A9TFk1Jw0o2L6q6cWRj1gFiKeacj-otG5H8ZKQQ2Wg--@3.14.1
+ nodelite-2-kja8j7PjmncONqaTsB8fQ-wE2mSU2DJ9D4XKoJ5PFWIdRMa6SLSN1ff4mOr4jCbfRSsxR4keIiySJU0N9T5hIQ--@4.6.0
+ nodelite-2-ko-gIFJRv177XgZsZcBwnqJN5x-Gien8qNOn0D5bQU-zAzVf9Zt3BlcUiLqhV9y4ARk0GbT3tnUiPNgnTXzc-Q--@3.0.3
+ nodelite-2-kr5fwBGiGtmz6l0LSJIbno9QrifNMUusivHbnA1H6Dmqy4HZFte3UAICix1VuKo0lMPKQr2rqB-0BkKi-S3Ejg--@6.3.1
+ nodelite-2-ksCzCD0Fgfh7trPDxr2rSylbwq9iYDkSn8TCDmEJ49ljEUBxDVCzCHv7QNzZOfODanX4-bWQ4WZqLCRWYLfhag--@9.0.1
+ nodelite-2-ktPkl6ZfIdGS1tIaGSU-2S5Agf2NvXI9qAgtdMDNva0oLyAZ4RLQb6WecPvofw1J7YKXu0VA5Mu7nlX-FM2weQ--@3.10.2
+ nodelite-2-kym7SodPp8-wloecOpcmSnWJsK7M0E5Wg8UcFA-uO4B9s5d0ywXOEro-8HM9x0rW-TljRzul-14UYz3TleT3ig--@0.2.8
+ nodelite-2-l-BQM7fYntsCI--du-6sEnHOP6a74UixFyOYUyz2DLMXKx-6DEhfR3F2NYGE45XH1JJuIamacb4IZs9S0ZOWLA--@7.1.0
+ nodelite-2-l-qdInaDq1Zpznpmev--52QomsJNZ3JkTl5yrTl02V6NBgJOQ4LY0SFw-8zsMwj3tLe8vqiIuwF6nxaEwgf6mg--@4.0.1
+ nodelite-2-l0OE8wL34P4nJH-H2ffoaniAokM2qSmrtXHmlpvYr5AVVX8msAyW0l8NVJFDxlSK4u3Uh-f41cQheDVdnYijwQ--@5.0.10
+ nodelite-2-l3LCuF6MgDNwTDKkdYGEihYjt5pRPbEg46rtlmnSPlUbgmB8LOIrKJbYYFBSbnPaJexMKtiPO8hmeRjRz2Td-A--@1.0.3
+ nodelite-2-l4Sp-DRseor9wL6EvV2-TuQn63dMkPjZ-sp9XkghTEbV9KlPS1xUsZ3u7-IQO4wxtcFB4bgpQPRcR3QCvezPcQ--@1.0.2
+ nodelite-2-l8uuYi3ClX9xmHYRhs8mIlOvSqO-AtJdgZZSdhyX4IYo0gm3pcbfsK3wHbnb6ZyqGPgYrdVPI-VIO9dfFtk-OA--@2.8.1
+ nodelite-2-lDNc4gZ6kVZcrABeeQZPTTnP-1ykNylSvFzAC-Hq1fs8-s54xLRvoENWIyG-yK19N9TIGEoA0AOFG8PoAun43g--@3.14.1

50 packages installed [1249.00ms]
