bun install v1.4.0 (34cbb9a40)

+ nodelite-2-yjZMHpUHgl4Xl5gRlolVuxDkm4HgSJqT93Ri1Uz8kGrQb-5iJ8dkXJ20M2j-Y4iV5QzS2c5SeTxVSKX-2eMI0g--@4.0.14
+ nodelite-2-ylfGR7PyTd-Rm2PqQowG08BCKA22QuX8NzrL-LxAAvazN10DMwdJ2fWwAzRj05FI-M8vNFGm3cv9Wq-GFWCBLg--@0.2.2
+ nodelite-2-ynL1p5Z-woPVSwgMGqeDrx6HrJfGIDzFyESFkyqJKilGW1-h-8yVY29Khn0LaU6wHBRwZ13ntG6reiHWK6jyzw--@1.1.5
+ nodelite-2-yp-e5N9V3C6bwBeAC4n796kc86M4gJCdlVhiMTxIrJG5UHDMh-PJANf9heqORJbt1nrCbDwIlAZKjANIaVBbvw--@3.0.0
+ nodelite-2-ypGJsmGtdXUOeM5u93TyeIEfEhM6s-ljAhrk5vAvSx8uyY-02OvrZnA0YNGUrPXfpJMgI1ODd3nwz8Npx4O4cg--@2.0.0
+ nodelite-2-ypdmJU-TbBby2Dxibuv7ZLW3Bs1QEmM7nHjEANfohJLvE0XVujisn1qPJcZxg-qDucsr-bP6fLD1rPS3AhJ7EQ--@1.1.0
+ nodelite-2-yqYn1JhPczigF94DMS-shiDMjDowYO6y9-wB-4WgO0Y19jWYk0lQ4tuG5KI7kj4FTp1wxPj5IFfcrz-s1c3jjQ--@1.4.3
+ nodelite-2-ysT8mhdixWK6Hw3i1V2AeRqZ5WfXg1G43mqoYlM2nc6388Fq5jcXyr5mRsqViLx-GJYdoL0bfXD8nmF-Zn-Iow--@1.0.3
+ nodelite-2-yy9cOoBnx58TlsPrIxauKIFQTiyH-0MK4e97y4sV9ERbI-zDxw7i2hxHLCIEGIE-8PPvDxGhgzIOTSOWcs6-MQ--@1.0.2
+ nodelite-2-yzMTt9lEb8Gv7zRioUilSglI0c0smZ9k5D65677DLWLtWJaXIS3CqcGyUFByYKlnUj6TkjLVs54fBl6-TiGQDQ--@4.0.1
+ nodelite-2-yzhzuGRmv5QyU9qLNg4GTlYI6STedBWRE7NjxP45CsFYYq9taI0zJXZBMqIC-c8fViNLhmrbpSFS57EoxUmD6Q--@4.1.11
+ nodelite-2-z4eqJvfiNnFMHIIvXP3CY57y2WJs5g2v3X0zm9mEJkrkNv4rDxu-sg9Jh8EkXyeqBkB7SOcboo9dMVqhyrACIg--@1.1.2
+ nodelite-2-z4ro0Hma--p4nL2IJx5iUa7NwxeXbzSoZ0se5uTYjG1rUUMszg-wqQh-AQoL-eiULn7rs18JY9wwNbVIkRNKWA--@3.14.0
+ nodelite-2-zBdtR4K-wbj10bWPpIOF9DW-eFYQu8miU5ypunh0t4Bvt83ZPlEWgT5Dq-0G6uwEXumZKjfb5BZxYUZQ2Hzn-Q--@0.4.13
+ nodelite-2-zFObLMyZeEwzAoKCyu1B91U79K2t7ApXuQfo8OuxwXLDgcKxuwM-YvcbIhm6QWqz7mHUH1TVytR1PwVVjEuMig--@3.2.0
+ nodelite-2-zGrWOxZ0--0ovPY7PvBU2gIS9tmhSUUt30jAcNV0Bq0gb2S98gwfjIs1vxlmH5zM7-4YxLamT6ChlqqAJmPPjA--@3.21.0
+ nodelite-2-zJ2mQYM18rEFOudeV4GShTGIQ7RbzA7ozbU9I-XBpm7kqgMywgmylMwXHxZJmkVoYkna9d2pVXVXPdYTP9ej8Q--@0.5.2
+ nodelite-2-zLWaC-5aWpMrHKpoDF6nqpNtBhlAYKF-7-9yMN7GpdR8CzohnWfGtMznPybnwSS8saaXBMxIGwJqR4HmRp6b3g--@2.2.0
+ nodelite-2-zPMVc3ZYlGLNk4mpK1NzP2wg0ml9t7fUgDsayR5Y5rSzxQilzR9FGu-EH2jQOcKSAeAfWeylyW8juy3OkWRvNA--@3.0.0
+ nodelite-2-zRpUiDwd-xk6ADqPMATG8vc9VPrkck7T07OIx0gnjmJAnHnTVXNQG3vfvWNuiZIkwu9KrKdA1iJKfsfTVxE6NA--@1.0.1
+ nodelite-2-zVdUENQpdtn9jbpD9SCFK4-aSiavRb9BxEtw9ZGUR1TYo6bBHbIoi7VkrFQ0-RwZlzx0wRBaRmPclj8iAoJCLA--@3.0.1
+ nodelite-2-zaJYxz2FtcMb4f-g60KsRNFOpVMUyuJgA51Zi5Z1DOTC3S59-OQiVOzE9GZt0x72uBGWKsQIuBKeF9iusmKFsg--@5.0.0
+ nodelite-2-zauLjrfCG-xvoyaqLoV8bLVXXNGC4JqlxFCutSDWA6fJrTo2ZuvLYTqZ7aHBLZSMOopbzwv8f-wZcVzfVTI2Dg--@3.1.0
+ nodelite-2-zbB9rCJAT1rbjiVDb2hqKFHNYLxgtk8NURxZ3IZwD3F6NtxbXZQCnnSi1Lkx-IDohdPlFp222wVALIheZJQSEg--@4.3.0
+ nodelite-2-zbaF9Wp-NsZtKLE4uVmL3FyfFwlpDyuymQM1kPbeT0mVOHKDQQNjnnfslB3REg3oZprmNFJuh3pkHBk2qAaizg--@0.27.10
+ nodelite-2-zeZPenDhkP-RXYMFG3exhNOe2Qukg2l2KpIjxq9o66meELiTULoIXjCmgPoWcM8zzrue06SBdTsaJDHfDl2vdA--@3.734.0
+ nodelite-2-zgVZuo2WcZgfUEmsn6eO3kINexW8RAE4maiQ8QNs8CtpPCSyMiYsULR3HQYkm3w8FIA3SberyMJMSldGsW-U3w--@5.4.1
+ nodelite-2-zptv57P3GpL-O0I7VdMJNBZCu-BPHVQUk55Ft8-QCJjTVxrnJHuVuX-0Bl2A6--2oyR-ZMEuFKwmzqqZ-U5nPQ--@4.1.1
+ nodelite-2-ztqyC3kLto0e9WbNp0aeP-M3kTt-nbaIveGmUxAtZa-8iFgKLUOD4YKM5j-f3QD89bra7UeumolZHKuOXnTmeQ--@3.3.1
+ nodelite-2-zuElgEjPDbqHigkF4AGOYztbMGKUlYRa3fUst4KjS1Jeq6LW4ojiiULfypog0S5SQ2hChX3B2PcRjs6lBLEtJQ--@0.5.2
+ nodelite-2-zuVdFrMJiuCDQUMCzQaD6KL28MjnqqN8XnAqiEq9PNm-hCPTSGfrXCOfwj1ow4LFb-tNymJPwsNbVePc1xFqrQ--@1.2.0
+ nodelite-2-zvjsUo-bkYn2vjT-EtLWu3eD6me-uun-Hws1IyWej-fKFAqiBPwyeyCgU7qjkiPQSXqk1U9--HG9IQ6Iiz-eBw--@3.734.0
+ nodelite-2-zvmVru9uB0josBVpr946OR8ui7nJEdzZobwLOOqHb-OOD88W0Vk2SqLwoVOj0fM6IPCCO6TaV9CvQvJMWwukFQ--@5.0.1
+ nodelite-2-zw4SRzoUkd-cl-ZoE15A9o1oQd920Bb0iOJMQkQhl3jNc03YqVjAhG7scf9C5KWRU-R13Orf588uCC6525o02g--@2.0.3
+ nodelite-2-zymm5-u-sCsSWyD9qNaejV3DFvhCKclKdizYaJUuHA83RLjb7nSuGnddCHGv0hk-KY7BMAlsWeK4Ueg6EV6XQg--@3.0.0
+ nodelite-2-zz06S8t0ozoDXMG-ube26zeCTNXcKIPJZJi8hBrF4idCLms4CG9QtK7qBl1boi5ODzFpjswb5JPmHCbMpjaYzg--@0.2.1
+ nodelite-2-zzNR-SdQSDJzc8joaeP8QQoCQr8NuYx2dIIytl1QeBEZHJ9uW6hebsrYgbz8hJwUQao3TWCMtmfV8Nu1twOLAw--@0.3.31

37 packages installed [85.00ms]
