bun install v1.4.0 (34cbb9a40)

+ nodelite-2-SJ31y-Q-zAyShtXJc8x83i9TYdbAfHZ--tUZnvjJJqFjzsdUnKsxPL6IEtBlxKkU7yzer--GQtZSV4GbldL3YA--@1.1.1
+ nodelite-2-SMJOdDP6LqTkD0Uq8qLi-gMwSt0imXLSV080qFVwJCpH9U6Mb-SUGHAXM0KNbcBPguytWyvFxcHgMLe2D2XSpw--@8.6.3
+ nodelite-2-SN3-h7SzRsusVQjQ4v10LaVsDc81jyyR0DD5HnsQitm-I5WDpaSr2nRHtyloPFU48jlql1XX-S04T2DLQM7Y3g--@3.10.8
+ nodelite-2-SNMk0OONlQ01uk8EPeiBvTW7W4ovpL5b1O3t1sjpPgfxOQ6BqQJ6XjxinDPR79Z6HdcD5zBBwr5ssiTlgdNztQ--@2.0.2
+ nodelite-2-SR2VnIEdVNCJbP6y7kVTJgPLifdr8WEU440fQec7qHoHOUz-oJ2jmNRqdDQ3rbiStOXb2mCDGTuwsK5OPUgYlQ--@2.1.0
+ nodelite-2-SRYOLR7CXPgNze8akZwjoGBoN1ThNZoqpOgfnOxmWsklTGVfJiGJoC-Lod7aNMGA1jSsKWM1-HRX43OP6p9-6Q--@1.2.0
+ nodelite-2-SS-jx45GF1QjgEXQx4NJZV9ImqmO2NPz5FNsIHrsDjh2YsHnawpan7SNQ1o8NuhrbHZy9AZhIoCUiCeaW-C80g--@10.2.2
+ nodelite-2-SXlyk6I5eUGBd2v8Ie7tF6ADHE9kCR6mBEuPyH1nUZ0h6Xx6nZI29i12sJKQmzbDyr2tUHMhhTt51Z6blbkTTQ--@3.5.21
+ nodelite-2-SYVnVFswQER-zu1laSya563s-F8VDGt7o35d4utbamowvUNLLMovFqwCLSocpZTz3MgaSRA1IbqRWZv97dtErQ--@11.10.0
+ nodelite-2-Sb487aTOCr9drQVL8pIxOzVhafOjZN9UU54hiN8PU3uAiSV7lx1yYNpbNmex2PK6dSJoNTSJUUswT651yww3Mg--@4.1.1
+ nodelite-2-Sb7KJoWEaQ-e4XIY-xRbjKvbP1luome98ZXevpD-zVSyGjEcfIroebizP6K1yMHCWP-043xH6GUkgEqWPoVGjg--@3.7.16
+ nodelite-2-SbKbANkN603Vi4jEZv49LeVJMn4yGwsbzZworEoyEiutsN3nJYdbO36zfhGJ6QEDpOZIFkDtnq5JRxmvl3jsoQ--@2.1.1
+ nodelite-2-Sdr5lOagCn5tt-zKsaW-U2-iwr6bI9p08wOkCp6-eL6iMbgdtc2R5Ety66rf87PeohR0ExI84Txz9GYv5ou3iQ--@4.0.2
+ nodelite-2-Snk314V5ayFLhp3fkUREub6WtjBfPdCPY1Ln8-8munuLuiYhsABgBVWsozAG-MWMbVEvcdcpbi9R7ww22l9Q3g--@2.0.0
+ nodelite-2-SoeEpHuqdZcpLxZr5uzpB6A-ICmzBOfluwMm59Bm6vDuiSRSv4M-z8hvS-YCRw4ZyGO5BhJ5oeJnrurSigg3Vw--@1.0.6
+ nodelite-2-Sp1ablJ0ivDkSzjcaJdxEunN5-XvksFJ2sMBFfq6x0ryhQV-2b-KwFe21cMpmHtPOSij8K99-wSfoEuTObmuMQ--@1.0.2
+ nodelite-2-SxnDqf3vobdm50OLyAKfqZetv6zzwnSqwIwd3jrbopxxHKqNIM-I0xcYjD6Tn-mPig-u7iRKb9q3QnEooFTlmg--@3.734.0
+ nodelite-2-SzIsMFVPCbXE1Z1TLfpdfiwJ1xnIkcL1-CjGilmUKkNk5uT7rYX1xCJqWCjXI0vAU1xM4Qn-T3n8de4fw6HRBg--@3.11.0
+ nodelite-2-TE4cpj49jJNB-oHyh-cRVEgNZaoPaxd4vteJNB0yGidOCVR0jCw-hjPVsT8Q8FRmj8Bd3bFZt8Dh7xGCT-xMBQ--@5.0.1
+ nodelite-2-TJ6oZS-3r2Xu4emVse1YPB3Dq3d8RkZDKcPr71Nj-lJsdAP1c7oFzYqEn1IBc915TsgLl2xIJNuxCz-gLbLE0w--@4.0.1
+ nodelite-2-TKr-LIDX2pkBJXFLzpyPyljzYK3MtmllMUMODTQJIUfDGncESaqB90db9IAUcz4AZAJFdd8U9zOp9ty1458rxg--@2.0.0
+ nodelite-2-TPJXq8JqFaVYm2CWmPvnP2Iyo4ZSM7-QKcSmuMLDObfpH5fi7RUGmd-rTDf-rut-saiDiQEeVTNgAmJEdAOx0w--@1.0.2
+ nodelite-2-TQ92mBOW0l3LeMeyLV6mzy-kWr8lkd-hp3mTg7wYK7zJhuBStmGMBG0BdeDZS-dZx1IukaX6Bk11zcln25o1Aw--@1.1.0
+ nodelite-2-TR3KfrTZTYLPB6jUjfx6MF9WcWrHL9su5TObK4ZkYgBdWKPOFoSoQIdEuTuR82pmtxH2spWG9h6etwfr1pLBqQ--@3.3.1
+ nodelite-2-TYwgljcDv-YrV0MZFFvYFQHCfGgbPMR6nuqLabBdmZoFH3EP1gvw8t0vae326Ne3PszQkbXfVBjCnf3ZVCr0bA--@1.1.9
+ nodelite-2-TdrF7fW9Rphjq4RjrW0Kp2AW0Ahwu9sRGTkS6bvDi0SCwZlEZYmcfDbEsTz8RVk0EHIS-Vd1bv3JhG-1xZuAyQ--@8.2.0
+ nodelite-2-TkRKr9sUTxEH8MdfuCSP7VizJyzRNMjj2J2do2Jr3Kym598JVdEksuzPQCnlFPW4ky9Q-iA-ma9BGm06XQBy8g--@1.6.18
+ nodelite-2-TmnEAEAsBJVZM-AADELsK76llnwcf9vMKuPz8JflO1frO8Lchitr0fNaN9d-Ap0BjKtqWqd-J17qeDnXh8CL2A--@7.0.3
+ nodelite-2-Tpb8Z7r7XbbtBTrM9UhpkzzaMrqA2VXMT3YChzYltwV3P3pM6t8wl7TvpMnSTosz1aQAdVib7kdoys7vYOPerw--@3.0.0
+ nodelite-2-Tpp60P6IUJDTuOq-5Z8cdskzJujfwqfOTkrwIwj7IRISpnkJnT6SyJ4PCPnGMoFjC9ddhal5KVIYtAt97ix05A--@2.0.0
+ nodelite-2-TqELu4mOuSIKQCqj63fGVs86Yh-vBx5nHRpWKNUNhB2nPTpfbziTs5c1X358be3peVWA4wPxW7Nt53KIg1tnNw--@3.310.0
+ nodelite-2-TqICwyvJJpBwvGAMZjj4J2n0X8QWp21b9l0o7eXyVJ25YNWYbJDVIyD1bZXE6WtV6RmKJVYmQAKWa0zWOABz2w--@4.1.0
+ nodelite-2-TwAZM-zE5Tq3lrEHvOlvwgj1XLWQCtaaibSN11Q-gGBAS7Y1uZSWwXXRe4iF6OXnaq1riyQAPFOBtYc77Mxq0g--@10.0.0
+ nodelite-2-Tx7lYTPwQFRe-wQEHMR6Drh-S-X0ToAEq1Ava9QyxV1riwtepzRLojpNDELFb3YQVVYbX7FEiBMCJLMkmIIY-A--@3.735.0
+ nodelite-2-U1rAE1fxmReCIr6D2o-4ROqAQX-GffZpyMt3d7njtGDr2pUNmAKRWa49gsNVhCh2vVAuf3wXzWwNr2YN8PAXIw--@4.0.1
+ nodelite-2-U5Nf2kx9gDhJRxdDUm5gjfyUlt-uUfOvM1vDW2UA62cA6-2k2cavMLc2wNlXOb-twFtl6p0joYKHG7T4xnEFkg--@3.9.0
+ nodelite-2-U9bFFjX8tFiATgtkJ1zg25-KviIXpgRvRHS8sau3GfhVzThRQrOeksPeT0BWW2MNZs1OEWJ1DPXOQMn0KKRkvg--@3.1.4
+ nodelite-2-U9nH88a3fc-ekCF1l0-UP1IosiuIjyTh7hBvXVMHYgVcfGvt897Xguj2UOLDeI5BG2m7-uwyaLVT6fbtCwTyzw--@1.0.4
+ nodelite-2-UASk9zi-crv9WteK-NU4PLvOoL3OuE6BWVKNF6hPRBtYBDXQ2u5iu3O59zUlJiTVvkyuycnqrztsHVJwcK9K-Q--@1.1.1
+ nodelite-2-UEZIS3-by4OC8vL3P2dTXRETpebLI2NiI5vIrjaD-5UtrkFX-tNbwjTSRAGC--7CAo2pIcBaRgWmcBBHcsaCIw--@1.0.1
+ nodelite-2-UJnjoFsmxfKUdNYdWgOB0mWUypuLvAfQPH1-pyvRJs6euowbFkFC6P13w1l8mJyi3vxYMxc9kld5jZEGRQs6bw--@3.0.3
+ nodelite-2-UM7L6AW-k8edhSBUEPZAqiWNRNadfOKK7BrCXyBiG79zTz0zPcXRR-N-gzkDn7EMSawDeyK1SHYUuoSltTactg--@3.11.2
+ nodelite-2-UOiS2in6-Q0FK0R0q6UY9vYpQ21mr-Qn1KOnte7vsACuNJf514WvCCUHSRCPcgjPT2bAhNIJdlE6bVap1GKmeg--@0.1.7
+ nodelite-2-USm05zrsFxYLPdWWq-K3STlWiT-3ELn3RcV5hJMghpeAIhxfsUIg6mt12CBJBInWMV4VneoV7SfGv8xIwo2qNQ--@5.1.4
+ nodelite-2-UWlehEdqu36jmh4h5CWJ7tARp1OEVKGHKm6-dg9qMq5RKUTV5WJrGgaZ3dN2m7WFAXDbjlHzvJvL-IUpy84Ktw--@1.2.4
+ nodelite-2-UXWMKhLOwVKb728IUtQPXxfYU-usdybtUrK-8uGE8CQMvrhOpwvzDBwj0QhSL7MQc7vIsISBG8VQ8-IDQxpfQA--@1.2.1
+ nodelite-2-Ub1Wu79R9sgxM7h4HeEdjOgOKDHwduvYcnDqsSddGXgpkL8ADjsy2YUQ0hHY5VnzA4BxK36bLp4mzSna8Qvj1w--@3.15.0
+ nodelite-2-Ub2ncQv-fwD70-l4ou27b4YzfNaCJOvyX4HxXU15m7mpYY-rjuWzsLIPZHJL253Z643RpbcP1oeIJlQ-SKW67g--@2.1.0
+ nodelite-2-UetHRB5Bqo5egVYlS21roWBcICmyk8CKh2htsidO-bFGAjl2e7Te-rY0borhNrMclr0xezHlPuLpEs1dvgLS2g--@0.2.0
+ nodelite-2-UjgapumWlbMhkBgzT7Ykc5YXUT46F0iKu8SGXq0bcwP5dz-h0Plj6enJqjz1Zbq2l5WaqYnrVbwWOWMyF3F47g--@0.6.1

50 packages installed [199.00ms]
