bun install v1.4.0 (34cbb9a40)

+ nodelite-2-pR4yQ9DHz6itqswtHCm26mw45FSNfQ9rEQjosaZErhn5J3J2sIViQiz8rDaezjKAhFGpmsoczYVBgGHzFw-stA--@1.6.4
+ nodelite-2-pS-ROfCXAGLWCOc8egcBvT0kf27GoWMqtdarNfDcjb6YLuV5cM3ioG45Ys2qOVqeqSbjaKg72vU-Wby3eddPsA--@2.0.0
+ nodelite-2-pSIwfrT1a6sIoDASCSpFwOasEwKTZWDw-iBdtnqKO7v6FeOzYJ7U53cPzYFVR3geGGXgVHaH-CdngrrAzqUGxg--@1.1.1
+ nodelite-2-pTeKnmhVdSIfG3vysgDm6jsKc7Do1vXdy-4aqp7j8AEzXllf8RZjSgRSUhtvFYFQCr27fDZ117V3WPQUYtgmCw--@0.24.5
+ nodelite-2-pZvgD5L0IEvX5-9GWyHMf3m8BKiVQwsCMHfoFosXtXBMnaS0ZnIJ9ST4b4NqLVKDEm8QBxoNNGNaBv2JNF6XNA--@0.4.6
+ nodelite-2-pb-MYmXstAkysRFx8piNI1tGFNQIFA3vkE3Gq4EuA1dF6gHp--vgZqsCGJapvy8N3Q-4o7FwvquPJcnZ7RYy4g--@4.0.0
+ nodelite-2-pbnl5XzGBdrFU-wT4jqmJVPn2B6UHPBOhzMQkY-SPUPB6QtUXtmBHBIwCbXJol93mOpGMnQyP--BB19q04xj7g--@1.0.0
+ nodelite-2-pgRc4hJ4-sNjWCSS9AmnS40x3bNMDTknHgL5UaMBTMyJnU90EgWh1Rz-MC9eFu4BuN-UwZjKQuY-1v3rM7HMfg--@1.2.2
+ nodelite-2-phJfQVBuaJM5raOpJjSfkiD6BpbCE4Ns--LaXl6wGYtUBY83nWS6Rf9tXm2e8VaK60JEjYldbPif-A2B1C2gNA--@2.2.4
+ nodelite-2-piUTHyp2Axx3p-kc2CIJkYSv0BAaheBQmbACZgQSSfWUumWNW-R1lL-H9PDBxKJkvOeEX-hKYEFiwO8xagL8AQ--@4.0.2
+ nodelite-2-piWx3z4wN8J8z3-O5kO74-yr6ze-dKmPnI7vLqfSqI8bccaTGY5xiSGVIJBDd5K5BHlvVLpUB3S2YCfelyJ1bw--@1.30.1
+ nodelite-2-pjy2bYhSsufwWlKwPc-l3cN7-wuJlK6uz0YdJEOlQDbl6jo-YlPi4mb8agUkVC8BF7V8NuzeyPNqRksA3hztKQ--@1.0.0
+ nodelite-2-pk-k0oK0PVXdlT4oRp4lwh-unuKB7Ng4iZ2HB-EZ7QCEQizX360Rp-F4aRpgpRgdP2ufB35N-1KppHmYjqIGSg--@2.5.9
+ nodelite-2-pnAi91oOk8g8ABQKGF5-M9qxmmOPxaAnopyTHYfqYEwJhyFrbbBtHuSgtKEoH0jpcxx5o3hXqH1mNd9-Oi-8iQ--@2.6.3
+ nodelite-2-pnkghhqfmSH7hhdlFpu2M3V-6EjP2R0XbKVbmP77JSli12DdInxR1c4Oiw9V5f-jgxQhVczQQTt74cFYbLzI-Q--@1.0.0
+ nodelite-2-pu0K1jCIdnQ12aWNaAVU5bzi7Bd1w54J3ECgANPmYLtQKP0HBj2cE-5coBD66MT10xbtIuUr7tg0Shbsvk0mDA--@1.4.2
+ nodelite-2-puehA3YKku3osqPlNuzGDUHq8WpwXupUg1V6NXdV38G-gr-gkBwFC8g1b--YcIvp8gnqVIus-eJCH-eGsRmJNw--@4.0.0
+ nodelite-2-pxQJQzB6djGPXh08dacEloMFopsOqGVRKFPYvPOt9XDZ1HasbgDZA74CJGreSU4G3Ak7EFJGoiH2auq-yXISgA--@13.2.0
+ nodelite-2-q-310vW8zmymYHALr1da4HyXUQ0zgiIwIicEfotYPWGN0OJVEN-58IJ3A4GBYcEq3LGAZqKb-ugvP0GNB9CEAA--@3.0.1
+ nodelite-2-q-EAIIpF6WpLhKEuQSEVMZNMIY8KhWoAemZ9eylNAih9jxMGAYPPWBn3I9QL-2jZ-e7OEz-tZkX5HwbBR4HohA--@4.1.11
+ nodelite-2-q0iDP3VsZzqJyje8xJWEJCNIu3lktUGVoSy1KB0UWym2CL1siV3artm-u1DFYTLejpsrdGyCSWBdGNjJzfDPjg--@4.0.0
+ nodelite-2-q3PN0lbUdv0pmurkBNdJH3pfFvOTL-Zp0lquqpvcjfKzt6Y0j49EPHAmVHCAS4Ceq-Y-PejWTzyiVpoY71-D6g--@1.0.12
+ nodelite-2-q5ZuyAn5jSOeI0Ys99951TaGcF4O7u1SSBVxPMwVVXOU8ZhToCNx-WG3n-JDYHEjqdo7sbsVRaPA7LkBzBGf5w--@3.17.0
+ nodelite-2-q8VFxR9A2MRfBr6-55Q3umyoN7ya836FzRXajPB6-Vvuv0zOPL-qltd9rIMzG-DbRLAIlREmnLsplEF-kotXKA--@3.5.12
+ nodelite-2-q9-pAFPTfftHXRytmZ7GzLFFrEGavqapFc06XxzZFcSIGERXMerXxCitjOG1prVDR9QdjqotF40SWvbqcCpf8g--@2.2.0
+ nodelite-2-qAK-WrqWLNCP22UDdBTMPH5f41elVDlsNyat180A33dWxuUDyNpg6fPi-FyTZwRriVjg0L8gnjJn2F9XAoF0qw--@0.1.2
+ nodelite-2-qGNhgYygnefSkAHHrNHqC7p3R8J0-xQDS-cYUud8er-qD9EFGWyCdUDfULHTJQN1d3H3WprzVwMc9MfB4J50Wg--@5.1.0
+ nodelite-2-qIBZhqxqI6fjLDYFTBIa4eivDMnP-OZqsNwmQ3xNLE4Cxwc-zfQEfbs6tzAo2Hjq-bh6q5F-Z8-cksrLFYWQQw--@2.1.0
+ nodelite-2-qMCMfhY040cVHT43K9BFygqYbUPFZKHOg7K73mtTWJRb8pyP3fzf4Ixd5SzdEJQ6MRUg-WBnOLxghZtKKurENQ--@4.0.0
+ nodelite-2-qMlSxKbpRlAridDExk92nSobyDdpPijUq2DW6oDnUqd0iOGxmQjyqhMIihI9-zv4LPyZdRje2cavWPbCbWm3eA--@7.27.1
+ nodelite-2-qN60BAwdMVdofckX7AlohVJ2x9UvjTNoKVXCL2LxFk1l7757EJqf1nySdMkPQer0bt8kQ5lQiyZ9-2NvrFBuwQ--@6.2.4
+ nodelite-2-qOOzS1cBTWYF4BH8fVePDBOO9iptMnGUEZwNc-cMWnTV2nVLZ7VoNWEPHkYczZA0pdoA7dl6e7FL659nX9S2aw--@7.1.2
+ nodelite-2-qQKT4zQxXl8lLwBtHMWwaTcGfFOZviOJet3Oy-xmGk2gZH677CJM9EvtfdSkgWcATZhj-55JZ0rmy3myCT5lsA--@4.1.1
+ nodelite-2-qSVyDTeMotdvQYoHWLNGwRFJHC-i-ZvdBRYosOFgC-Wg1vx4frN2-RG-NA7SYqqvKNLf39P2LSRA2pu6n0XYZA--@5.1.6
+ nodelite-2-qYg9KP24dD5qka9J47d0aVky0N-b4fTU89LN9iDnjB5waksiC49rvMB0PrUJQGoTmH50XPiqOvAjDfaijGxYZw--@5.0.0
+ nodelite-2-qepMx2JxAa5jjfzxG79yPPq-8BuFToHd1hm7kI-Z4zAq1ftQiP7HcxMhDDItrbtwVeLg-cY2JnKnrcFkmiswNA--@0.0.1
+ nodelite-2-qfqtYan3rxrnCk1VYaA4H-Ms9xdpPqvLZa6xmMgFvhO32x7-3J-ExcTd6qpxM0vH2GdMI-poehyBZvqfMTto8A--@1.7.2
+ nodelite-2-qgTkjNT1CfKMoP0rcasmlH2r1DAiYicWsDsufxl940sT2wHNEWWv6FMWIQXWhVdmC1d-HYfbhQx60KYyAtKxjg--@1.1.15
+ nodelite-2-qiLX-xhEEFKUAJ6FiBMbes3w9ATzyk5W7Hvzpa-SLYdxNtng-gcurvrI7TbACjIXlsJyr05-S1oUhZrc63evQA--@1.4.1
+ nodelite-2-qkMCxSR24v2vGkhYDo-UzxfJN3D4syqSjyuTFz6C7XcpU1pASPRieNI0Kj5VP3-503mOfYiGY891ugBX1GlABQ--@1.6.11
+ nodelite-2-qmdMpYn8CpYR7z3fxkL6fgkDvMaAEFKtmYu3XDi6hWW2BT-rLl7T4Y4QpafEIR4wkcmCxcJf9me9FmxKpv3i9g--@1.9.8
+ nodelite-2-qnEovoOp5Np2JDGonIDL6Ayihw0RhnRh6vxPuHo4RDn1UOzwEo4AeIfpL6UGIrsceWrCMiVPgwRjbHu4vYFc3g--@1.0.3
+ nodelite-2-qnv-LhufdQCHoNk3YQv16hABMgDumd6Pc6qofBjzNDDnNXFI3gbef3eFnKfO0fVTOwCt4agpKu2MIH6upG-dVg--@1.3.46
+ nodelite-2-qpCAvRl9stuOHveKsn7HncJRvv501qIacKzQlO--Lwxc9-0q2wLyv4Dfvt80-DPn2pqOBsJdDiogXGR9-OvwRw--@7.2.0
+ nodelite-2-qr8AqgD3DJPJcGvLcJKQo2tAc8OnXRcfxhOJCPF-fcfn5bBGz7VCcO7t-qETOPxpWK1mgysXvVT-j-xWaHeMWA--@3.5.21
+ nodelite-2-quJQXlTSUGL2LH9SUXo8VwsY4soanhgo6LNSm84E1LBcE8s3O0wpdiRzyR9z-ZZJMlMWv37qOOb9pdJlMUEKFQ--@5.0.1
+ nodelite-2-qwZ4xf1v1m7Rc9XiORly31YaChvKt6oNVHuqqZcoED-7O-ToyNVGobKsIAopY9ODcWpEDKEBAbrSOCBHtNQvew--@6.1.7
+ nodelite-2-qz-fxrqgNxG0dYew5l7qR3c7wdgRu1XVUHGnGYX7rg5HM4p9SWaRmJwfgR3J0SgyUKayLmzQIun-N6rWRgiRKw--@1.1.4
+ nodelite-2-qz3o9CHXmJJPGBdqzab7qAYuW8kQGKNEuoHFYrBwV6hWIMcpAmxDLXojcHfFr9US1Pe6zUswEIJIbLI610fuqA--@0.2.0
+ nodelite-2-r-ouGWQmIeHyYSP1e5luET-oiR7N7cLrAlWsrAfYRWHxqXOSNQloQnZJ3PLHrKFT02fsrQhx2rHaK2LfKeyN3A--@3.5.15

50 packages installed [139.00ms]
