bun install v1.4.0 (34cbb9a40)

+ nodelite-2-IEn-pegP1aManZuckezWCO-XZQDplx1366JoVhTpMpBB1sPey-SbveZQUosKiKiGYjg1wH4pMlNgXbCiYgihQA--@2.12.2
+ nodelite-2-IGa5FXd003Ug1qAZmyE8wF3sJ81xGLSqTqtQ6jaVfkeZ4i5kS2mwQF61yhVqojRnenVew5PldLyRgvdl4YYuSw--@10.11.1
+ nodelite-2-IGjKp-o0NL3Bso1PymYURCJxMPNAf-ILOpendP9f5B6e1rTJgdgiOvgfoT8VxCAdY-Wisb9uhGaJJf3yZ2V9nw--@10.1.0
+ nodelite-2-IGrgWLuip4O2nq5CugXy4GI2V8kx4sFVy5Hd4vF7AR2gxS0N9s7nEAVUyeMtZKZvzrxVsHt73XdTsno1tClIkQ--@5.0.1
+ nodelite-2-IHk53BVw6MPMi2Gsn-hCng8rFA3ZmR3Rk7GllxDUW9qFJl-hiSvskn7XldkECapQVkIg-1dHpMAxI9xSTaLLSA--@2.2.0
+ nodelite-2-IJRyXal45mIsshZI5XJne-intjusslUP1F-FHVBIyMGEqbYtIq1Irdx5vdWBBg58smviPDycmDeV6txsfkv1RQ--@15.4.11
+ nodelite-2-IJdWBbTcMQ6DA0gdNhh-BwrLkDR-ADW5Kr1aZmd4k3DIF6ezMV4R2NIAmT08wQJ3yUK82thHWmC-TnK-wpMMIA--@2.2.0
+ nodelite-2-IQOkD3hbR5KrN93MtcYuad6YPuTSUhntLHDuLEbFWE-ff2-XSZNdZG-LcbbIW5AXKg-WFIfYItIzVoHngHXZzA--@3.2.3
+ nodelite-2-IRUxE4BVsHWXkV-SFOut4qTlagw2aM8T5-vnTsmrHJvVoKueJHRc-JaFND7QDDc61kLYUJ6qlZM3sqTSyx2dTw--@4.8.2
+ nodelite-2-IRZSRuzJiynemAXPYtPe5BoI-RESNYR7TYm50MC5Mqbd3Jmw5y790sErYw3V6SryFJD64b74qQQs9wn5Bg-k3g--@1.13.2
+ nodelite-2-IRZXT2NAcOlKlCcGnzRH4w82AuBXam5I7lw84qfCRbNDDycvFNBwIVMHu3JMOcGUTCkzj7QDElaNKYirsWDwFQ--@0.159.0
+ nodelite-2-IRqXKlaXwgSMAMtpNzZa1ZAe8m-Sa1770Dhk8VkSsP9LS-iHD62Zd8FQKs8fbPiagBE7BzoFX23cxFnwshpV6w--@2.0.2
+ nodelite-2-ITWT1Wqjubf2CJthb0BuT9-bpzBfXeMokH-AAa5EJQgbv9aPMVfnM76iFIZVFf50hYXGbtiV71BHAthNWd6-dw--@2.3.0
+ nodelite-2-IV3Ou0jSMzZrd3pZ48nLkT9DA7Ag1pnPzaiQhpW7c3RbcqqzvzzVu-L8gfqMp-8IM2MQtSiqaCxrrcfu8I8rMA--@0.0.1
+ nodelite-2-IVvcNLEFbiL17qiGRGzyfx-u9K6lA5w6wcQSIgv2h4JG3ZAFIY1Be9ITTSPuARIxRpzW54s8OvcF6PdonBbDzg--@0.0.10
+ nodelite-2-IWWudWionjVT2JNl-xin9zuoR-I5-f84myt8uzCCKj2PACEjitZvXYwwnqhnLMPPWYI8FQ5dncGKg0zUgRL5zQ--@0.17.1
+ nodelite-2-IaOQ9puYtjrkq7Y0Ygl9KDZnrf-aiUJYUpVf89y8kyaxbRG7Y1SrX-jaumrv81vc61-kiMempujsM3Yw7w5qcw--@2.0.0
+ nodelite-2-IayShXAgj-QMXgB0IWmKx-rOPuGMhqm5w6jvFxmVenXKIzRqTAAsbBPT3kWQeGANj3jGgvcvv4yK6SxqYmikgw--@1.0.5
+ nodelite-2-IchNf6dN4tHoMFIn-7OE8LWZ19Y6q-67Bmf6vnGREv8RSbBVb9LPJxEcnwrcwX6ixSvaiGoomAUvu4YSxXrVgw--@0.8.1
+ nodelite-2-IeFXVi4YS1K0wVZzXNrbaaUvIJ3qdY--Ih4eHFhWA9SwGR9UDX7Ck8abvL57C4cv3wwMvUE0OG69Qc3NCcTe-A--@1.1.1
+ nodelite-2-Igfg8lKu3dRVkTSEm98QpZUvKEOa71jDX4vKRcvJVyRc3UgN3j7vFMf0s7xLQhYmKa8kyJGQgUJDOV5V3neVlQ--@4.0.1
+ nodelite-2-IhvVTcfli5o-UDlGACXxjlor2afGlMQA8pNR3faH0bBUay1Fmm3IWktVw9Xwmk-KraV2RTAg9e-E6p8DOQZfiw--@3.7.17
+ nodelite-2-Il0-boE7w-XebUHyBjroE-DbByORGR9KKmITzbR7MyQ4akpORYP-ZmbhAr0DG7RmmBqoOnZdy2QlvajJ2QA59g--@1.1.1
+ nodelite-2-IlsXEHOjtKhpN8r-tRFj2nDyTmHvcfNeu-nrRIcXE17ROeatXchkojffa1SpdqW4cr-Fj6QkEf-Gn4zf6KKvEQ--@3.0.0
+ nodelite-2-Ir--ZpE9fDsNH0hQ3C68uyThDXzYcim2EqcZ8zn8Chtt1iylPT9xXJB0kPCnqzgcEGikO9RxSrh63MsmVCU7Fw--@5.1.5
+ nodelite-2-IrtvNvjxC1o06taBAVJznEnkiHxLFTzgonUdy8hzFVeDun0uTjxxrRGVaNFqkU1wJR3RBPEfsxmU6jDWPofrTQ--@2.0.0
+ nodelite-2-IwfBptatlO-QCJUo19AqvrPNqlVMpW9YEL2LIVY-Rpv2qsjCGxaDLNRgeGsQWJhfItebuJhsGSLjaBbNSQ-ieg--@4.0.4
+ nodelite-2-IzL8ZoEDIBRWEzlCcRhOaCupYyN5gdIK-Q6fbFdPDg6HqX6jpkItn7DFIpW9LQzXG6Df9sA7-OKnq0qlz-GaQg--@0.3.5
+ nodelite-2-J7p63hRiAjw1NDEww1W7i37-ByIrOWO5XQQAzZ3VOcL0PNybwpfmV-N05zFAzwQ9USyEcX6t3UO-K5aqBQOIHw--@3.1.2
+ nodelite-2-J8bbNyKKXl5qYcR36TIO8W3mVGVHrmmxsd5PAItGkmyzwJvybiw2IVq5nqd0i4LSNSkB-sx9VHllbfFdr9k1JA--@1.0.5
+ nodelite-2-J8j-nZ-CdWmIeFIGXEFbFPtpiYacFMDR8GlHK3IyHQJMCaVRfGx9NT-Hxivv1ckLWPvNdZqndbr-7lVhrf-Svg--@6.0.1
+ nodelite-2-J8xLz7q2OFulZ2cyGTLE1TbbZcjpno7FaN6zdJNrgAdrJ-DZzh-uFR6YrTb4C-nXakvud8Q4-rbhoIWlYQbUFQ--@12.20.55
+ nodelite-2-JA--kQgZtbuY83m-xT-tXJkmJncGMTFT-C-g2h2R9uxkYIrE2yy9sgmcLhCnw57-WSD-Eh3J97FPEDFnbXnDUg--@0.2.2
+ nodelite-2-JBFCmNenZdUCc-TRNCtXVM6N8y-nDQHAcpj5BlwXG-gnogjam1NunulB9ia68mnqYI446giMfpqeBFFkOleh-g--@7.0.1
+ nodelite-2-JFSL6xhONsq-hKM8xroIPhM5-FOhiQ1cov0lZxhzZWj6Ai3UAjucy3zyIFDr9MgP1KfCYNdvyaUq9-o-HWvEDg--@3.734.0
+ nodelite-2-JLyh7xT1kizaEvcaXOQwOc2-Yhw6KZOvPf1S8401UyLk86CU79LN3vl7ztXGm-pZ-YjoyAJ4rxmHwbkBXJX-yw--@6.2.1
+ nodelite-2-JNAzZcXrCt42VGLuYz0zfAzDfAvJWW6AfYlDBQyDV5DClI2m5sAmK-OIO7s59XfsRsWHp02jAJrRadPRGTt6SQ--@10.4.3
+ nodelite-2-JQ5TuMi45Owi4-BIMAJBoSQoOJu12oOk-gADqlcUL9JEdHB8vyjUSsxqeNXnmXHjYKMi2WcYtezGEEhqUI-E2g--@0.5.15
+ nodelite-2-JQTRVuiusQLNNLe2W9tnzBlV-GvSVcozLl4XZHk5swnRZ-v6jp8TqR8P7sqmJsQqblDZ3EztcWmLDbhRje--8g--@2.2.1
+ nodelite-2-JTF99U-6XIjCBo0wqkU5sK10glYe27MRRsfwoiq5zzOEZLHU3A3KCMa5X-azekYRCJ0HlwI0crAXS-5dEHTzDg--@1.1.3
+ nodelite-2-JU3teHTNjmE2VCGFzuY8EXzCDVwEqB2a8fsIvwaStHhAWJEeVd1o1QD80CU6-ZdEXXSLbSsuLwJjkCBWqRQUVA--@2.3.1
+ nodelite-2-JV-yugV2uzW5iMRSiZAyDtQd-nxtUnjeLt0acNdw98kKLrvuRVyB80tsREOE7yvGVgalhZ6RNXCmEHkUKBKxew--@1.3.8
+ nodelite-2-JV679P5r4DftbqyNBRt7Nw9mP7dxaKPfikjyQuvUoEOa06wBLbM-hU9RJUPRvqK-Un6lgBDAmXD9NNf4N2xpdw--@3.7.2
+ nodelite-2-JWaCR7wJVggj-ldmM-cb-DXFg47CXR55lznJhZBh4XVqJjMKwaOOqpT5vNN7kpC1wUpXicGNuDnJDN1S--6dhQ--@3.21.2
+ nodelite-2-JZOSA7Mo9sNGB8-UjSgzdLtokWAky1zbztM3WRLCbZ70-3cTANmQmOdR7y2g-J0e2WXywy1yS468tY-IruqEww--@1.0.0
+ nodelite-2-JcQDsBdg49Yky2w2ld20IHAlwr8d-d8N6NiOXbtuoPCqzbsiJgF633mVUw3x4mo0H5ypataQIX7SFu3yy44Mpw--@5.1.2
+ nodelite-2-JlCMO-ehdEIKqlFxk6IfVoAUVmgz7cU7zD-h9XZ0qzeosSHmUJVOzSQvvYSYWXkFXC-IfLKSIffhv0sVZup6pA--@5.26.5
+ nodelite-2-JmXMZ6wuvDmLiHEml9ykzqO6lwFbof0GG4IkcGaENdCRDDmMVnny7s5HsIgHCbaq0w2MyPhDqkhTUgS2LU2PHA--@0.1.4
+ nodelite-2-Jo6dJ04CmSjuznwJSS3pUeWmd-H0ffTlkXXgwZi-eq1UCmqQwCh-eLsYOYCwY991i2Fah4h1BEMCx4qThGbsiA--@6.0.0
+ nodelite-2-JvdAWfbXeIGaZ9cILp38HntZSFSo3mWg6xGcJJsd-d4aRMOqauag1C63dJfDw7OaMYwEbHMOxEZ1lqVRYP2OAw--@1.1.1

50 packages installed [640.00ms]
