bun install v1.2.18 (0d4089ea)

+ nodelite-2-Jl-bCv8HxKnlTLVrcDE8zTMJ09R9-ukw4qBs-oZClOfoQk-cOTbDn-NceXfV7j09YPVQUryJPHurafcSg6EVKA--@1.2.4
+ nodelite-2-Jtc2612XINuBjIl-QTWsV5UvE8UHuNblcO3vVADSrKsrc6RqGX6lOW1cEo3CM2v0XG4Nat8nI-YM7-f26VxXLw--@3.4.7
+ nodelite-2-K0kHzM6afW-MbeWYWLjoHQv1sgg2Q9EccHEDzSkxiP-EaagNzCm7T-WMKZ3rjMbvIpvBiZgwR3dKMygtA4mG1Q--@2.0.1
+ nodelite-2-KKPvhOmJMmzWj-yjeO4LywkQ85vOJyhru7AZk--c4B6OUh-odQ--SiIJBSbTG2lm1CuV5gV5vXZnf-2AMlu3Zg--@2.7.5
+ nodelite-2-Ka-9Trutv7G8M6WT6SeiRWz792K5qEqIGEGzXKhAE6xOWAY6pPH8U-9IY3oCMv6kqTmLsv7Xh-2w2RigkePMsg--@0.7.1
+ nodelite-2-KcKCqiftBJcZr--7ykoDIEwSa3XWowTfNPo92BYxjXiyYEVrUQh2aLyhxBCwww-heortUFxEJYcRzosstTEBYQ--@4.4.1
+ nodelite-2-KzIbH-9tXat2u30jf-smMwFCsno4wHVdNmzFyL-T-L3UGqqk6JKfVqOFOZEpZSHADH1k40ab6NUIXZq422ov3Q--@6.0.3
+ nodelite-2-L-PqWzfTP9lzzEa6CKs0k2nARxTdZduw3zyh8d2NVBnsyvHjSX4TWse388YrrQKbvI8w20fGjGlhgT96WwKykw--@6.0.1
+ nodelite-2-LKYU1iAXJXUgAXn9URjiu-MWhyUXHsvfp7mcuYm9dSUKK0-CjtrUwFAxD82-mCWbtLsGjFIad0wIsod4zrTAEQ--@4.0.2
+ nodelite-2-M1uQkMl8rQK-szD0LNhtqxIPLpimGm8sOBwU7lLnCpSbTyY3yeU1Vc7l4KT5zT4s-yOxHH5O7tIuuLOCnLADRw--@3.1.3
+ nodelite-2-M9-ELqF6fy8FwmkpnF0S3YKOqMyoWJ4-CS5Efg2ct3oY9daQvd-Pc71FpGZsVsbl3Cpb-IIcjBDUnnyBdQbq4w--@5.0.1
+ nodelite-2-MEFcXdkP3dLo8uumGI5xN3lDFNsRtrjbOEKDLD7yv76v4wpnEq2Lt2qeHaQOr34I-wPN3s3-N08WkQ-CW37Xiw--@5.5.0
+ nodelite-2-MEzd8HPKxVxVenwAa-JRPwEC7QFjoPWuS5NZnBt6B3pu7EG2Ge0id1oLHZpPJdn3OQK-BQDiw9zStiHBTJQQQQ--@0.34.5
+ nodelite-2-MI1qs7Lo4Syw0EOzUl0xjs2lsoeqFku44KpngfIduHBYvzm8h2-7K8YMQh1JtVVVrUvhLpNwqVi4DERegUJhPQ--@25.9.23
+ nodelite-2-MR04uvD-07cwl-yhVuVWAtw-3GOR-knlL55Nd-wAdblk27GCVt3lqpTivy-tkJcZoNPzTwS1Y-KMojlLDhoTzg--@5.0.0
+ nodelite-2-MYsBzfPki4gthY5HnYN7jgInhAZ7Ac1cYDoRWFomwGHWEX7odTEzbtg9kf-QSo7XEsEAqlQugA6gJ2WS2DEa3g--@1.5.0
+ nodelite-2-MkKCwxlXTgz6CFoJx3pCwn07GKp36-aZyu-u2Ln2VrA5DcdyCZkASEDBTd8x5whTQQL5CiYf4prXKLcgQdv29g--@1.1.1
+ nodelite-2-N8SpfPUnUp1bK-PMYW8qSWdl9U-wwNWI4QKxOYDy9JAro3WMX7p2OeVRF9v-347pnakNevPmiHhNmZ2HbFA76w--@3.3.11
+ nodelite-2-NcV1JjO5oDzoK26oMzbILE6HW7uVXOHLQvHshBUW4UMdZGfiY6v5BeQwh9a9tCzv-CeefZQHJt5SRgK154RtiA--@3.0.2
+ nodelite-2-NeaCX6WW2L8cRCSqy3bInlo5ojjQqu2fD3D-9W5qb5irwxhEyWKXeH2vZ8W9r6VxaMPUan-4-7NDwZMtouZxEw--@1.21.0
+ nodelite-2-Nqcp-t5cTB8BinFkZgXiMJniQH0PsUt2k51FUhbdfeKvc4ACcG2uQniY-8-h1Yv6Kza4Q7lD7PQV0z0oicE0Mg--@1.1.11
+ nodelite-2-NuAESUOUMrlIXOfHKzD6bpPu3tYt3xvjNdRIQ-FeT0lNb4K8WR70CaDxhuNguS2XG-GjkyMwOzsN5ZktImfhLA--@1.1.1
+ nodelite-2-O5hkiFIcjjszPIYyUSyvScyvrBoV3NOEEZx-pMlsu44TKzWNkLVBBxnxJz42in5n3QIolYOcBYFCPZZ0h8SkwQ--@0.1.13
+ nodelite-2-ODz16-1iIbGUfFEfKx2HTPKizg2MN39uIOV8MXeHnmdd3i-N9Wt7vU46wbHsqA0xoaQyXVcs0KIlBdOA2Y95bw--@1.1.14
+ nodelite-2-Ob0nuZ3PKt-n0hORHyvoD9uZhr-Za8sFoP-OnMcnWK5lngSzALgQYKMr9RJVOWLqQYuyn6ulqGWSXdwf6F80lQ--@2.0.1
+ nodelite-2-OguPdidb-fbHQSU4Q4ZiLKnzWo8Wwsf5bZfbvu7--a9oTYoqD-fWpe96NuHkoS9h0ccGOTe0C4NGXdtS0iObOw--@9.0.5
+ nodelite-2-OkeDaAZ-bQCxeFAozM55PKcKU0yJMPGifLwV4Qgjitu-5MoAfSQN4lsLJeXZ1b8w0x--Emda6MZgXS1jvsapng--@3.0.0
+ nodelite-2-OnAnH8Ujmy59JcyZw8JSbK9cGpdVY44NKgSM7E9Eh7DiLS2E9RNQf0dONaGDzEG9yjEl5hcqeIsj4hfRkLH-Bg--@2.0.1
+ nodelite-2-Oo-0REFV59-rz3gfJNKQiBlwfHaSESl1pcGyABQsnnIfWOFt6JNj5gCog2U6MLZ--IGYD-nA8nI-mTShREReaA--@1.1.3
+ nodelite-2-Ou9I5Ft9WNcCbXrU9cMgPBcCK8LiwLqcbywW3t4oDV37n1pzpuNLsYiAV8eODnjbtQlSDwZ2cUEeQz4E54Hltg--@0.34.5
+ nodelite-2-OuLGC46TjB5BbN1dH8JULVVZY4WTdkF7tV9Ys6wLL1rubZnCMstOhNHueU5bLCrnRuDhKPDM4g6sw4Bel5Gzqg--@0.3.12
+ nodelite-2-P-Vu1qXfzediirmHOC3xKGAYeZtPcV9g76X-xg2FD4tYgR71ewMA35Y3sCz3zhiN-dwefRpJX0yBcgwi1fXNQA--@2.6.0
+ nodelite-2-PEGlAwrG8yXGXRjW32fGbg66JAlOAwbObuqVoJpv-mRgoWDQfgH1wDPvtzWyUSNAXBGSk8h755YDbbcEy3SH2Q--@2.0.2
+ nodelite-2-PJR-bOmMOPH8AtcTGAyYNiuJ3-Fcoj2XN-gBEWzDIKh254XO-mM9XoXHk5GNEhodxeMznbg7BlRojVbKN-gC6g--@1.0.4
+ nodelite-2-PS08Iboia9mts-2ygV3eLpY5ghnUcfLV-EXTOW1E2qYxJKGGBUtNjN76FYHnMs36RmARn41bC0AZmn-rR0OVpQ--@8.4.31
+ nodelite-2-PT6XReJ-D07JvGoxQMkT6qji-jVNfX-h364XHZOWeRzy64sSFr-xJ5OX7LI3b4MPQzdL4H8Y8M0xzPpsVMwA8Q--@3.0.0
+ nodelite-2-PnpQQMuxlwYdocC8fIJqVXvkeViHYzotI-NJrCuav0ZYFoq912ZHBk3mCeuj-5-VpodOjPe1z0Fk2ihgzlXqjQ--@36.9.2
+ nodelite-2-Ps3T8E8dZDam6fUyNiMkekK3XUsaUEik-idO9-YjPtfj2qruF8tFBXS7XhtE4iIXBLxhmLjP3SXpLhVf21I9Lw--@3.0.2
+ nodelite-2-Q632iLLrtCAVOTO65dh2-mNbQir-QNTVBG3h-QdZBpns7mZ0RYbLRBgGABPbpU9351AgYy7SJf1WaeVwMrBFPQ--@1.21.0
+ nodelite-2-Q69XzrtAhuyfHo-5-HMgr1lAiPP-G40OMFAnws7xcFEYqcypZmdW8eGXaOUIeOl1dzPJBPENXgbjsOyhg2nkrg--@4.1.11
+ nodelite-2-QGYKEuUsYT9ykKBCMOEDLsU5JRObWQusAolFMeko-tYPufNkRffBAQjIE-99jbA87xv6FgmjLtwjh9wBWajwAA--@13.2.0
+ nodelite-2-QTYuDesS0VtuHNNvMh-CjlKJ4LJickCMUAqjlE3-j8w-RlRpwyX3apEQKGFzbZGdo7XNG1tXa-bQqIE7HIXT2w--@1.1.1
+ nodelite-2-QUNFEOPELfmvv-4xiNg2sRYeS-P84pTW0TCgP5zc9FpXetHY0ab7SxKyAQCNCc1eK0459uoLI1y5oO5Vc1dbhA--@2.0.1
+ nodelite-2-Ql87qFHB3s-De2ClA9e0gsnS6zXG27SkTiSJwjCc9MebbfapQfuPzumMIUMi38ezPZVNFcHI9sUIepeQfw8J8Q--@0.1.3
+ nodelite-2-Qp8WbZOBe-blgpuUT-lw2xheLP8q0oatc9UpmiemEICxGvFLYmHm9QowVZGHtJlGbS6A6yJ3iViad-2cVjnOiA--@0.0.2
+ nodelite-2-RDBrHEMSxVFLg6xvnXmb1Ayr2WzLAWjeSATAoxwKYJV94TeNavgoIdA0a9ytzDSVzBy2YKFK-emCPOEibLeCrg--@2.0.3
+ nodelite-2-RHxMLp9lnKHGHRng9QFhRCMbYAcVpn69smSGcq3f36xjgVVWThj4qqLbTLlq7Ssj8B-fIQ1EuCEGI2lKsyQeIw--@2.0.0
+ nodelite-2-ROY9fvHhwOD9ySfrF0wmvu--bKCQ6AeZZq1nJNtbDC-kk5DuSuNX-n6YWYF-SYy7bSba4D4FSz8DJeKY-S-r-g--@9.2.0
+ nodelite-2-RWmIqhcFf1lRYBvNmr7qTNuyCt-7-ns2jbpp1-PalgE-rDQcBT0fioSMUpJ93irlUhC5hrg4cYqe6U-0ImW0rA--@1.1.0
+ nodelite-2-Raob77KdtLGm49iC6nuOX9qy6Mg16idkgC7Y1mHmvG2WBYoauHpzxYNlfmFskQKeiztrJIwPhPzBhjFwjenNCA--@3.4.12

50 packages installed [1197.00ms]
