bun install v1.4.0 (34cbb9a40)

+ nodelite-2-WmRHqNVwn3kI3rKk1LsKcVgPBG6iLTBGC1iYOV3GQegwJ3E8yjzHytPt26VNzOWr1qu0xE03nK0Ug8S7T7oufw--@4.0.1
+ nodelite-2-WrkBL1W7TXN508PA9wRXPFtzmGpVSW98gDaHEaa8GolAPHMPa5t2QcC-z-cFpglzrcVv8SA277zu9Z8tELdZhg--@3.398.0
+ nodelite-2-WtySTkS4OKev5JtpHXnib4Gxiurzh5NCGvWrFaZ34m6JehfTUhKZvn9njTfw48t6JumVQOmrKqpmGcdwxnhqBQ--@2.0.1
+ nodelite-2-Wv5eU4WixfJ4M-fqvJUQqliWPbw7-VldRlgoJhqAlPwlNyLlHYwv5tlA64AySDXHGcSMIbzcS38LaHm44wt0AQ--@3.0.0-alpha.35
+ nodelite-2-WyujUJL8e1B6Z4PBfAqC-aGY1-C7T0w20Gih3yrvJSk97gpiVfB-y7c46T4Nunk-ZngLq0rOIdeVeIklk0R3OA--@2.4.0
+ nodelite-2-X66H9aah9hisLLSnGuzRYba6vckuFtGE-a5DcHLliI-YlqKrGoxhisD5XbX44KyoeRzoNlGr94eTsMVHFAzPOw--@4.0.2
+ nodelite-2-XCuKFP5PS55gnMVu3dty8KPatLqUoy-ZYzDzAGCQ8JNFCkLXzmI7vNHCR-XpbZaMWQK-vQubr7PkYq8g470J-A--@2.0.0
+ nodelite-2-XDUI0IVYVSwjMXxM6P4Dfti7AH-Y4oS-TB-sglZ-EXc7cqLwGAmp1NlMrcUjj7ks6R5WTZuWKv44FBbLpwU3sA--@1.1.4
+ nodelite-2-XDgqnJcaCkDez7qolvk-PDbs-ceJvgkNkxkOlc9uDWqxfDJxtvCZ-14MP-1qr4IBwGIgKVHzMDYDXvqVhSWLzg--@1.2.5
+ nodelite-2-XHw6rgjlTqc85e3zjsWo3U0EVwjN5MOYtrolCKc-lc2ItNdcY3OlMhpsU9-6jHwg-U3VCSWkGvwAz9hg7krd8Q--@3.14.5
+ nodelite-2-XJfwUVUKDHF5ugKwIcxEgc9k8b7HbznCp6eUfWgu710hMPNIO4aw4-zB5RogDQz8nd6gyCDpU9O-m6qYEWY6yQ--@0.25.24
+ nodelite-2-XW3-vWuIXHa-2Uwcc2ABSfcCledmXhhQPlGbfcRXbiUQI5Icjcg19BGCZVKKInYbvUCut-ufbbLLPFC5cbb1hw--@1.1.0
+ nodelite-2-Xa4Nw17FS9ApQFJ9umLiJS4orGjm7ZzwUrwamcGQuHSzDyth9boKDaycYdDcZDuqYATXw4HFXgaqWTctW-v1HA--@1.11.1
+ nodelite-2-Xf0nWe6RseziFMu-Ap9biiUbmplq6S9-p-7w7YXP-JBHhrUDDUhwa-vANyubuqfZWTveU--DYVGsDG7RKL-vEw--@2.0.2
+ nodelite-2-XmsIl2z1n-TsYFLIdYam2rmFwf9OC-Sh2avkbmVMDuBZIe7hSpM0cYnWPAo7nHOVx8zTuwDZGByfcqLdnzp3Vw--@1.1.6
+ nodelite-2-XnAIvQ8eM-kC6aULx6wuQiwVsnzsi9d3WxzV3FpWTGA19F621kwdbsAcFKXgKUHZWsy-mY6iL1sHTxWEFCytDA--@2.0.1
+ nodelite-2-XnbHrrprsNqZKQhStrSwgRUQzoCI1glLzdw79xiZPoofhGICeZRSQ3dIxAKH1gb3OHfNf4d6f-vAv3kil2eggA--@1.1.2
+ nodelite-2-Xni35NKzjgMrwevysHTCArtLDpPvye8zV-0E4EyYn43P7-7qvQwPh9BGkHewbMulVntbigmcT7rdX3BNo9wRJg--@1.14.1
+ nodelite-2-Xo1--GU0JEN-C-dvcammKHzeM6NqKovG-6921MR6oadee5XPBaKOumrJCXvopJ-Qb5TH7LX-UAywbqrP4lax0g--@4.1.11
+ nodelite-2-XqoSHeCGjVClAmoGFG3lVFqQFRIrTVw2OH3axRqAcfaw-gHWIfnASS92AV-Rl-mk0MupgZTRHQOjxY6YVnzK5w--@3.0.0
+ nodelite-2-Xs1hdnE-DyKgeHJeJznQmYMIBG3TKIHJJT95Q58nHLSrElKlGQqDTR2HQ9fx5CN-Gk6Vh-kupBTDLU11-nDk-g--@19.1.0
+ nodelite-2-XsLw1dEOpkSX-WucdqUhPWP7hDxSvZiY-fsUC14h-FtQ2Ifni4znbBt8punRX-Uj2JG-uDb8nEHVKvrVlvdZ5Q--@1.4.5
+ nodelite-2-Xwag0TULqriaugXqVdDiGZ5wuZpqABZlpwQ2Ho4GDyiu-R2Xjkp-9-zcFxL7uzeLl-QCPrflnvpVYyS3ouT7Zw--@10.0.2
+ nodelite-2-Xy5XK1AFWW2nlY-biWZXu6-krgbaf2dg0q492D8M5qthsnU2H-UgFeZLbM76FnH7s6RO-xhQRkj-T6KBO3JzgQ--@3.3.0
+ nodelite-2-Y38VPSHcqkFrCpFnQ9vuSXmquuv5oXOKpGeT6aGrr3o3Gc9AlVa6JBfUSOCnbxGGZF--0ooI7KrPuUSztUdU5A--@6.0.1
+ nodelite-2-Y4ffJF0yELdwZ0BKgonqn3SumIgRn1WKyYCVHD-TDM7qRFChdGRypyt20-efHs26fmJeyBAIIv2laICj5uimiw--@0.2.9
+ nodelite-2-Y9VzoRDSJtgFMUCoiZBDVo084VQ5hfpXxVE-NgkdNsjiDBByiImMZKKhxMwCbdHvhlENG6a833CbFkOQvTricw--@1.1.1
+ nodelite-2-YA9hcvRn3oYBdLK0PdWRsw5ehrqmfdCwfz68sSAxi2OB6L7B3jJEhrqlLfMvxnWfsZcUdbR6QI6NfkY1Y4e2zg--@1.0.4
+ nodelite-2-YAA2cu48EkJZdAMHC0dqo9kialOcRStbtiY4nJPaht7Ptrhcvpo-eDChaM6BIs8kL6a8Z5l5poiqLnXcNduOkA--@1.1.8
+ nodelite-2-YAIe-uI8GUXX8F-0Pzr53YeC5c-bjqbzDFlV8NKfdlCPa6-Jp4B-IlYVjIooBj9-94QvbQdjylegvYWK-iPwlg--@3.6.20
+ nodelite-2-YAKxaiGsSQJ38VzKH86-BPRC4rh-b1Jpa-JneA5LRE7skmLPNAyeG8kPJj-oo4STLvlrs8vkf-iYyc3A5stYCQ--@1.1.2
+ nodelite-2-YHlZCB6lMTllWDtSPHz-ZXTsi8S00usEV6v1tjq8tOUZzw7DpSDWVXjXDre6ed1w-pd495ODpHZYSdkRTsa0HA--@3.2.2
+ nodelite-2-YJDaCJZEnBmcbw13fvdAM9AwNOJwOzrE4pqMqBq5nFiEqXUqHwlK4B-3pUw6JNvfSPtX05xFHtYy-1ni01eGCw--@7.0.1
+ nodelite-2-YTM2BPg0v1RvmP8keHenJBmlx8FXUKsdYIEX7x6QWRd1hKlcDwphfjzvt0InX9wiLiPHsT5EoBTpuUk8SXc0Mg--@3.12.13
+ nodelite-2-YVGIj2kamLSTxw6NsZjoBxfSwsn0ycdesmc4p-Q21c5zPuZ1pl-NfxVdxPtdHvmNVOQ6XSYG4AUtyt-Fi7D16Q--@7.0.0
+ nodelite-2-YW6sblI7xukSD2TdbbaeQVDysIm-UPJtObHJHKxDEcW2exAtY47j52f8jZXkqE1krdnkhCMGqP3dbniu1Te2Fg--@4.1.11
+ nodelite-2-YWWTjgABSKcvs-nWBi9PycY-JiPJqOD4JA6o9Sej2AtvSGarXxKC3OQSk4pAarbdQlKAh5D4FCQkJNkW-GAn3w--@6.14.0
+ nodelite-2-YZo3K82SD7Riyi0E1EQPojLz7kpepnSQI9IyPbHHg1XXXevb5dJI7tpyN2ADxGcQbHG7vcyRHk0cbwqcQriUtg--@2.1.2
+ nodelite-2-Yc-BQe8SvoXH1643Qez1zqLRmbA5rCL-sSmk6TVos0LWVfNIB7PGncdlId77WzLGSIB5KaWgTaNTs2lNVEI6VQ--@5.5.3
+ nodelite-2-YdbmWhQF5kIxZjWqPIgboVfi8i5XgiYMM7GGKFMTvBei4XjNQfNv8sukT50ITvgnWKKKpOtp0C0h7qixLgb77Q--@4.0.3
+ nodelite-2-Yf2CS10BqK688DRsrKI-EO6B8ff5J86NXe4C-VCysK7UOgN0l1zOTeTukZ3H8Q9tYYX3oaF1961o8vRkFm7Nmw--@3.723.0
+ nodelite-2-YfP-TrvkOCp6j7oqpZxJSvmSeXn-XtbKSOiBOuo-m2zCIhW2ncThmDB9uAUOkpmikDv-LkGKni40RQE8USdGdA--@3.0.0-beta.3
+ nodelite-2-YgvUTfwqyc7UXVMrB-SImsVYSmTS8X-tSrtdNZMImM-n7-QTriRXyXim0mBrTXNeqzVF0KWGgHPeiyViFFrNDw--@5.0.0
+ nodelite-2-Yhpw4T9C6hPpgPeA28us07OJeqZ5EzQTkbfwuhsUg0c237RomFoETJgmp2sa3F-41gfLE6G5cqcYwznmeEeOlQ--@6.3.0
+ nodelite-2-Yi8hcoqsrXGdt0yObxbebHXFOiUA-2v3n53epuOg1QUgOB6c4XzvisBNVXJSl8RYA5KrDuSL2yq9Qmqe5N0ryA--@8.2.2
+ nodelite-2-Yk5mLhHtfIgW2W2WQZWSg5kuMZCVbvhFmC7rV4IO2QqnZdbEFPmQnCcGMAX2z-8Qj3B9hYYNjZOhWym-RwhePw--@4.0.0
+ nodelite-2-YsGpe3WHLK8ZYi4tWDg2Jy3ebRz2rXowDxnld4bkQB00cc-1Zw9AWnC0i9ztDJitivtQvaI9KaLyKrc-hBW0yg--@7.1.1
+ nodelite-2-Yt2pj8Wb5-XsUr2T0DQqFv-DlFpzzWIWnNr9cJATUcWV-xw6ok7YFEg9-7EHtBmsCQxFFJtock1QfZzBw6qLtQ--@3.8.9
+ nodelite-2-Z-R3hN6kXbgBWAuejUNPihylAL1Z5CaFqnIe0nTX8Ej-XlIy3EGtXxn6WtLMO-os2hRkQvm2yvaGMYliUzlJaw--@1.2.2
+ nodelite-2-Z-e78qg2YFnnXcW88A4JmTtm4ADckLno6F7OXotmkQfeuCVaKuYzqAATPhVzl3delXE7CxIV8shofPn3jPc5Og--@1.1.0

50 packages installed [145.00ms]
