bun install v1.4.0 (34cbb9a40)

+ nodelite-2-nMZBOwuzabUO0nLgIcc6rycZEebF6eeUfaiQx9-WSk8e29IbLvPU9feI6tqW4kTo3hvoYAJkMh8n8D0fuISphg--@0.14.10
+ nodelite-2-nTjqfcBFEipKdXCv4YDQWCfmcLZKm81ldF0pAopTvyrFGVbcR6P-VAAd5G7N-0tTr8QqiU0tFadD6FK4NtJwOA--@1.0.5
+ nodelite-2-nWLrdxqCdblixUO-27JtGJJE-txpJlyUy5YN1u53wLZkP0emYCo5zgS6QYft7VUYR42LGgi-S5hdLZTrnyIddw--@1.0.30001668
+ nodelite-2-nZD7m9iCPC5g0pYmcaxogYKggSfLsdxl8of3Q-oIbqCqLLIO9IAF0GWjX1z9NZRHPiXv8Wex4yDCaZsgEw0Y8w--@0.2.3
+ nodelite-2-naH8sld4Pe2ep03qqULEtvYr7EjrLK2QHY8KJR6RJkTUjPGObe1vnx585uzem2hGra-s1q08DZZpfgDVYRbaXA--@3.0.0
+ nodelite-2-nagl3RYrbNv6kQkeJIpt6NJZy8twLB-2vtz6yN9Z4vRKHN4-QZJIEbqohALSgwKdnksuY3k5Addp5lg8sVoVcQ--@1.0.11
+ nodelite-2-nfDwkulwiZYQIGwxdy0RUmowMhKcFVcYXUU7m4QlKYim1rUtg83xm2yjZ40QjDuc291AJjjeSc9b--AWHSgSHw--@2.2.1
+ nodelite-2-nhSMNprz3WmeRvd8iUs5JqkKr0Ncx46JtPxM3AhXes84XpSJfmIwKeWXRpsr53S7kqPkQfPhzrMFUxSNb23qSA--@2.0.0-rc.0
+ nodelite-2-nkSQ0LC7rFRdfkTUGm9pIbAfRb2Aat05u8ouN0FoUl7-I-YVgd0G6iRBN9bOMFUIiBiaKB4KqaZEFzVfUHpwYw--@1.0.11
+ nodelite-2-nrYgjzavGCKJL-48Vt0EL-OlIc5UZLfNGpgyUW9cv3XZwl-kXV0QB-HH0rHZZLfpbBgZ2RBIJR9uD5ieu-6hpQ--@3.398.0
+ nodelite-2-nt6AMGKW1p-70DF-hGBdJB57B8Tspmbp5gfJ8ilhLnt7kkr2ye7hzD6NVG8GGErk2HWF34igrL2CXmNIkzKqKw--@2.1.0
+ nodelite-2-nwoRF1rvRRnnCqqY7updORDsuqKzqYJ28-oSMaJMMgOauh3fvwHqMS7EZpIPqK8GL-g9mKxF1vP-ZjSeNjEVHg--@5.1.0
+ nodelite-2-o-NO-8WrRiQEE4-7nwRJhN1HWpVmJm511pBHUxPLtp0BUISzlBplORYSmTclCnJvQq2tKu-sgl3xVpkc7ZWuQQ--@4.1.5
+ nodelite-2-o-VRiwC2cgmk-WFV0jaETGOtX16VNPp2bSQEzu0whbReqE1BMqsP2ami2Vi3cbGVdKu1kq9gQkDAGKbt0WOHAQ--@4.0.1
+ nodelite-2-o-sd0nMof8kYff-TqcDx3VSrgBTcZpSvYcAHIfHhv5VAuNmisCxjhx6YmxS8PFEpb9z5WKWKPdzf0jM23ro3RQ--@4.0.0
+ nodelite-2-o11tSPTT70nAkGV1fN9wm-hAIiLPyWX6SuGf-9JyTp7S-rC2cFWhR26MvA69nplcjNaXVzB0f-QFrLXXjOqCrg--@3.734.0
+ nodelite-2-o4CoOI6oYGYJ4zXo34U8X9szDe3oGjmHgsMGiZM0j4vtNoT-h80TLnkUcrLZR3-E6HIxqW-G-9WHAVfl0GXK0Q--@4.0.1
+ nodelite-2-o5Roy6tNG4SL-FOkCAN6RzjiakZS25RLYFrcMttJqbdd8BWrnA-fGz57iN5Pb06pvBGvl5gQ0B48dJlslXvoTg--@1.0.10
+ nodelite-2-o5sSPKEkg-DIQNmH43V0-uerLrpzVedkUh8tGNvaeXpfpuwjKenlSox-2O-BTlZUtEe-JG7s5YhEz608PlAHRA--@1.0.1
+ nodelite-2-oGB-UxlgWcgQkgwo8GcEGwemoTFt3FIO9ababBmaGwXIoBKZ-GTy0pP185beGg7Llih-NSHSV2XAs1lnznocSg--@1.2.8
+ nodelite-2-oHlN-w-3MQ3rba9rqFr6V-ypF10LSkdwUysQL7GkXoTgIWeV-tcXGA852TBxH-gsh8UWoyhR1hKcoMJTuWflpg--@1.53.0
+ nodelite-2-oIQLCGWtcFZy2JW77j9k8nHzAOpqMHLQejDA48XXMWH6tjCQHz5RCFz1bzsmROyL6PUm-LLnUiI4BCn221inxA--@0.0.21
+ nodelite-2-oJFu94HQb-KVduSUQL7wnpmqnfmLsOA-nAh6b6EH0wCEoK0-mPeXU6c3wKDV83MkOuHPRHtSXKKU99IBazS-2w--@2.8.1
+ nodelite-2-oLjPqve1tuOl5aRhv8GK5eHpqP1C9fb-Ol-XTLjKfLltE44zdDbEdjPSbU7Ch5rSNsVFqZn97SrMmZLdu1-YMw--@1.4.0
+ nodelite-2-oLxFY2gd2IqnjcYyOXD8XGCftpGtZP2AbHbOkthDkvRywH5ayNtPVy9YlOPcHckXzbLTCHpkb7FB-yuxKV13pQ--@5.0.7
+ nodelite-2-oN17GjFr69chu6sDLvXxdhg0Qe8EZviGSuqzR9qOiKh4MhFYGdBBcqRNzdmYeAdeRzOW2mM9yil4RftUQ7sUOA--@2.4.2
+ nodelite-2-oNh6S2WMHWRZrmutsRmDDfkzKtxF-bc2VxLC9dvtrDIRFln627VsFP6fLMgTryGDljgLPjkrzQSDcPrjPyDJ5w--@2.0.0
+ nodelite-2-oOg7knzhicgQ3t4QCjCWgTmfNhvQbDDnJeVu9v81r7NltNCVmhPy1fJRX27pISafdjL-SVc4d3l48Gb6pbRypw--@2.1.0
+ nodelite-2-oSXzaWypCMHkPC3NvBEaPHf0KsA5mvPrOPgQWDsbg8n7orZ290M0BmC-jgRZ4vcJ6DTAhjrsSYgdsW-F-MFOBA--@4.0.6
+ nodelite-2-oVekP1cKtI-CTDvHWYFUcMtsK-00wmAEfyqKfNdARm8u1wNVhSgaX7A8d4UuIlUI5e84iEwOhs7ZPYRmzU9U6A--@7.6.3
+ nodelite-2-oVlzkg3ENAhCk2zdv7IJwd-QUD4z2RxRwpkcGY8psCVcCYZNq4wYnVWALHM-brtuJjePWiYF-ClmuDr8Ch5-kg--@2.4.1
+ nodelite-2-oX2ruAFQwf-Orj8m737Y5adxDQO0LAB7-S5MnxCdTNDd4p6BsyIVsv9JQsATbTSq8KHRpLwIHbVlUNatxd-1Ow--@3.3.2
+ nodelite-2-odmI-DSKfuWUYeDnGTCEHBbC8-MwnF6yEq874zl6-owoVv0ZsYP8qBHfiJkYqrwg7wQ7Pi40sSAPC1rhesGwzg--@3.398.0
+ nodelite-2-oerepp0mut9VlgTwnG5Ds-lb0C0b2-rQ-hL-rF6q-HGKPfGsCuPvFx1GtwGKCXd49ase88-jVgrhcA9OQbz3kg--@3.734.0
+ nodelite-2-ojmeN0qd-y0jszEtoY48r0Peq5dwMEkIlCOu6Q5f41lfkswXuKtYrhgoTpLnyIcHm24Uhqx-5Tqm2InSwLhE6Q--@3.1.1
+ nodelite-2-okMH7OXXJ7YrN9Ok3-SXrnu4iX9yOk-25nqX4imS2npuvTYDmo-QEZoqwZkYaIDk3jVvBOTOIEgEhaLOynBS9g--@3.14.1
+ nodelite-2-opC-Ok5pRNAzuvq1AG0ar-1owsu842-Ab-4qvU879ippJBHvyY5n2mxF1izXqkPYlGuP-M556uh53jRLJmzTWA--@0.33.5
+ nodelite-2-opyTPaunsklCBpTK8JGef6mfPhLSnyy5a0IN9vKtx3-4aExf-KxEqYwIy3hqkedXIB97u357uLMJsOnm3GVjsw--@0.0.15
+ nodelite-2-ovssysQTa-luh7A5Weu3Rta6FJlFBBbInjOh722LIt6klpU2-HtdUbszju-G4devcvk8PGt7FCLv5wftu3THUA--@1.0.0
+ nodelite-2-oxDR-NTEJ1k-UFVQElaNIk65E-Z83HK1z1WI3lQyhTtnNg4R5oVXaPzK3jcpKG8UHKDVuDQHzn-wsxSz8RP3aw--@3.10.0
+ nodelite-2-p-nXbhSEcu3pZRdkW1OfJhpsVtW1gd4Wa1fnQc9YLiTfAjn0312eMKimbdIQzuZl9aa9xUGaRlP9T-CJE-ditQ--@5.0.1
+ nodelite-2-p18dswChx6WnTSaJCSGx6lTmrGzNNvm2FtXmiO6AuA1V4U5REyoqwmT6kgAsIMdjo07QdAfYXHJ4hnMtfHzWgA--@0.1.1
+ nodelite-2-p1Bw5J5QXDwaexREMbpqy1XYk9wm9Dda-xt6GRH5PNNJ5fEYmRL-TSqt1qdLN3S2FC9W0XceM3F2VpGnD4jNOg--@0.2.0
+ nodelite-2-p2q-t-mhvuOj-UeLlV6566GD-guowlr0hHxClI0W9m7MWYkL1F0hLo-0Aexs9HSPCtR1SXQ0TD3MMKrXZajbiQ--@1.5.0
+ nodelite-2-p2snDhiLaXe6dahss1LddxqEm-SkuDvV8dnIQG0MWjyHpcMNfXKPE--Cc0y-PhxJX3A4xGNeFCj5oc0BUh6deg--@0.10.64
+ nodelite-2-p4YEpTl-VQGrqVE8GIfqTS5LkT5jtjDTbVeZgrkPnX-fiPhsfbTPiZ6g0FNap4-aOGJFGEEZUv2q4vx-rCORww--@3.7.4
+ nodelite-2-p4a9I6X6nu6IhoGmBqAcbJy1mlC4j27vEPZX9F4L4-vZT3Lyq1VkFHw-V-PUcB9Buo-DG3iHkT0x3Qya58zc3g--@2.10.0
+ nodelite-2-p5um32HOTO1kP-w7PRnB-5lQ43Z6muuMuIMffvDN8ZB4GcnjLBV6zGStpbASIMk4DCAvEaamhe2zhyCb-QXXsA--@2.0.3
+ nodelite-2-p92if5Nz619I0w-akJrLZH0MX0Pb5DX39XOwQTtXSdQQOaYH03S1uIQp4mhOZtAXrxq4ViO67YTiLBo2638o9A--@2.2.0
+ nodelite-2-pMZTvIkT1d-TFGvDOqodOclx0QWkkgi6Tdoa8gC8ffGAAqz9pzPTZWAybbsHHoED-ztMtkv-VoYTYyShUn81hA--@1.0.1

50 packages installed [137.00ms]
