bun install v1.4.0 (34cbb9a40)

+ nodelite-2-1IynUYEc-HAwxhi3WDpIpxJbZpMCvvrrmZVqvj9EhpvbH8lls7HhdhiByjL7DkAaWlLIzpC0Xc-VPvy-UxLNjA--@6.2.0
+ nodelite-2-1NNCs6uurfkVbeXG4S8JFT9t19m45ICnif8zWLd5oPSZ50QnwMfK-H3jv408d4jw-7Bttv5axS5IiHoLaVNHeQ--@4.2.0
+ nodelite-2-1OSmLd3awB-t8qdoEOMazZkNsfVTeY4fTsgzcQFdXNq8ToTN4ZGwrMnlda4K6smTFKD-GRV6O48i6Z4iKgPPpw--@11.0.0
+ nodelite-2-1SzA4ns2M1aRlvxErqhLHsBHoS5eI5UUcI2awAMgGUp4LoaoWOKYmvqDY2s-tltuPkh3Yk77YF-r3IRj-Amx4Q--@1.1.2
+ nodelite-2-1UEWRX6jnOA2y4H5WczZ44gOOjTEmlqv1uNW4GAJEO5-bauCBhv8snY65Iw5-VOS-ghKN9gr2KjnLKxrsvoMVw--@1.1.1
+ nodelite-2-1ZJTZebgqllO79ue2bm3rIGud-bOe0pP5BjSRCRxxYkEZS8STV7zN84UBbiYu7jy-eCKSnVIUgoWWE-tt-shMQ--@0.3.6
+ nodelite-2-1bCSESV6Pv-i21Hvpxp3Dx-pSD8lIPt8uVjRrxAUt-nbswYc-tK6Y2btiULjd4-fnq15PX-nqQDC7Oft7WkwcA--@7.5.4
+ nodelite-2-1cDNdwJ2Jaohmb3sg4OmKaMBwuC48sYni5HUw2DvsC8LjGTLK9h-eb1X6RyuOHe4hT0ULCW68iomhjUoKUqlPQ--@1.1.0
+ nodelite-2-1fygroTLlHu66zi26VoTDv8yRgm0Fccecssto-MhsZ0D-DGW2sm8E8AjW7NU5VVTRt5GxbeZ5qBuJr-HyLYkjQ--@1.0.0
+ nodelite-2-1quofZ2RQ9EWdeN34S79-KExV1764-wCUGop5CPL1WGdD0ocPpu91lzPGbwWMECpEpd42kJGQwzRfyov9j4yNg--@4.0.1
+ nodelite-2-1rXeuUUiGGrykh-CeBdu5Ie7OJwinCgQY0bc7GCRxy5xVHy-moaqkpL-jqQq0MtQOeYcrqEz4abc5f0KtU7W4A--@4.2.3
+ nodelite-2-1rkd7G70-o9KkTn5KLmDYXihGoTaIGO9PIIN2ZB7UJxFrWw04CZHPYiMRjYsaDvVV7hP1dYNRLxSANLaBFGpog--@1.9.4
+ nodelite-2-1ugUSr8BHXRnK23KfuYS-gVMC3LB8QGH9W1iGtDPsNWoQbgtXSExkBu2aDR4epiGWZOjZsj6lDl-N-AqqTC3UA--@2.0.0
+ nodelite-2-1v7fgQRj6hnSwFpq1Eu0ynr-CDEw0rXo2B61qXrLNdHZmPKgb7fqS1a2JwF0rISo9q77jDI8VMEHoApn8qDoZA--@2.1.0
+ nodelite-2-1weuGZpP63YWUYjay-E84qqwcnt5yJMM0tep10Up7Q5cS-DGe2IZ0Uj3HNMxGhCINZuR7aO9WBMdKnPit5ZDPA--@2.29.8
+ nodelite-2-1xleWzWNFPfAMmb81gu-4-MV8dXMvc7j2EIjutBpBcKwxdJfeIcQg4k9De18L2rL1-GZg5wA9KykeKTM4MjWow--@1.9.7
+ nodelite-2-1y6DgTy8Jomcpu33N-p5w58l6xyt55Ar2I91RPiIA0xCJBXyUAhXCcmZaDWSANiha7R9a6qJJ2CRomGPZ6f46g--@14.1.0
+ nodelite-2-2-a4WXRc-07uiPR-zJiPGKSOWaNJQNqitkks-6Hhm-haTLJqNVTgY2OWDh2PXvwMNpKB-AlGdhE65Oy6NzUgXg--@3.723.0
+ nodelite-2-200UD8zylvEyL8Bx-z76RJnASR2gRMuxlgFCPAe-Q-679a-r0eK3MBVYMb7vZODZcffZBdob1EGnky78xmVvcA--@1.1.0
+ nodelite-2-28kbwaBjc5yAI1XadbdPYHX-eDnqaUFVikLwrO7FDnKG7lpgxnvk-XGRhX-PN0mOZ-dBSZ-LgunHS-6tYQAzhA--@2.0.0
+ nodelite-2-29Mj9ZqXioJ0bcMnNGooHztnTau5pikZqX3qCRj5bYR3by-ZFFavYoMroh9F7s-MbFm-tsKX-Sf02lYFEdXRjA--@3.16.2
+ nodelite-2-2AT6j-gXe-1ueqbW6fLZJiIw3F8iXGJtt0yDrZaBhAZEG1raiTxKWU-IPqMCzQAXOUCKdA4UDMgacKH25XG2Cw--@1.2.0
+ nodelite-2-2Dl35587xbnzR-GGZqA2MnFs8-kS4wbHQO9BioU0okA-8NRueohNMdrdQmQDdSNK4BfIpFspiZmFkXFNyEAfgw--@3.398.0
+ nodelite-2-2E9TBm6MDD-xKYe-dvJZAmg3yxIEDNRc0jwlNyDg-4Fil2QcSLjFKGVff0lAf1jjeaArlG-M75Ey-EYr-OJtBA--@4.1.11
+ nodelite-2-2HjFcZx1MyQXoPqcBGALwWWmgFVUk2TuKVIQxCbRq7fPyWXIl6VHcakCLurdtYC2Iks7zizvz0Idv48MQ38DWg--@3.1.2
+ nodelite-2-2JAn3z8AR6rjK8Sm8orRC0h-bcl-DqL7tRPdGZ4I1CjdF-EaMLmYxBHyXuKL849eucPFhvBoxMsflfOb8kxaeQ--@3.0.1
+ nodelite-2-2K9QYubXx-NAjv4VLq1d1Ly8pWNC5L3BrixtdkyTegXWJIqY-zLNDhhX-A-ZwWt70tB1S8H4BE8FLYEFyNoOBw--@0.38.3
+ nodelite-2-2N21sPY9Ws53PZvsEpVtNuSW-ScYbQdp4b9qUaL-9QkHUrGFKo56Lg9Emg5s9V-qrtNBmiR01sYhUOwu3H-VOw--@0.30.19
+ nodelite-2-2NlIDTwUWJN0mRPQOdtQBzbUHvdGY2P1VXSyU83Q3xKxM7WHX2Ql8dKq782Q9TgQUNOLEzEYu9bzLNj1q88I5w--@2.1.0
+ nodelite-2-2OJlpeJpCR48CC8r-uKVChzs9Iungj9wkZrl8Z041DWEWvyIHILYKCPNzJghKsivj-S3mLo6BVc7mBNzdxA46w--@3.0.0
+ nodelite-2-2Pq3GQxBgM4-2BlpKYXeaZ47a3tdIcYSW-AYvKgypE3XipxOdQMDG5Sr-NBn7zuJq-thzmtfRb0lB9bTbsmaRw--@3.44.0
+ nodelite-2-2U6yWKrjWjZO8Y5SHQxkFvMVWHQWbS0ufqfAIBROqmIZNubOL7jXCiVdEFekz6MZ9LF2tvYGnOW4jX8OKDGfIw--@3.734.0
+ nodelite-2-2dODhjsRsZog1VHxX9QwUkxq76aBwaEl-L67m8c47V6zZpIgAFODHMxtj5NPM3uz6pUiT4edYGNS5bR99ck3Jg--@1.14.4
+ nodelite-2-2k973OGo2JuAa5-ZlekuQJtitI5CgLMOwgl94BzMCsKZCX-xiqzJYzapl4opFogKHqwJk34vfsaKpfEhd1k5nw--@3.5.12
+ nodelite-2-2kkt-7niJ6MgEPxF0bYdQ6etZaA-fQvDcLKckhy1yIQOzaoKjBBjSj63-aLVjYE3qhRt5dvM-uUyfCg6UKCBbA--@0.3.13
+ nodelite-2-2qCTHimwdxLfz-YzdGfkqNlH0tLi9xjTnHddPmJwtIG9MGsdbutfTc4P-haPD7l7Cjxf-WZj-we5qfVPvvxfYw--@6.0.0
+ nodelite-2-2qtvcBJ1bGY0dYGYh3iM7yGKkk971FujLEDXzuW5wcZsPr1GSEjO-w2iSr3qve6nDDtBImsGoDEnus5FI4-fIw--@3.0.0
+ nodelite-2-2sJGJTaXIIaR1w4iJSNoN0hnMY7Gpc-n8D4qSCJw8QqFWXf7cuAgnEHxBpweaVcPevC2l3KpjYCx3NypQQgaJg--@1.2.0
+ nodelite-2-2xhYT0sfo85FMrUPtHcPo2rrp1lwbDEEzpx7jiH2xXJLqBuy4H0GgXk5ToU8IEwoROtXuL8ND0ttVa4rNqYK3w--@2.0.0
+ nodelite-2-2xuYLLs0fBadLIk4I1ObjMiCnOyLPEMPf24A1HtHQvhKGDnGlvT63F2rU2Xw8lxCjgHnzveMPnOJEbwIy64RCg--@0.1.8
+ nodelite-2-2yyAR8qBkN3YuheJanUpWC5U3bb5osDywNB8RzDVlDwDHbocAJveqqj1u8-SVD7jkWT4yvsHCpWqqWqAxb0zCA--@1.2.8
+ nodelite-2-3-3dHz-EvS-C4YEQ8eEihZFVxRVZODsMEHsp48tvXTaIs1Qxb4kf3Nkaf9E3k-6rpM2CUrF59K1P8LvhXob48w--@0.4.31
+ nodelite-2-30iZtAPgz-LTIYoeivqYo853f02jBYSd5uGnGpkFV0M3xOt9aN73erkgYAmZU43x4VfqcnLxW9Kpg3R5LC4YYw--@2.3.0
+ nodelite-2-341lBBkiY1DfDNKai-wXM3aujNBkXR7tq1URPQDL9wi3AUbI80NR74uF1TXHMm7po1AcnFk8iu2S2IeU---A-Q--@3.0.0
+ nodelite-2-3Belt6tdc8bPgAtbcmdtNJlirVoTmEb5e2gC94PnkwEW9jI6CAHUeoG85tjWP5WquqfavoMtMwiG4P926ZKKuQ--@0.3.9
+ nodelite-2-3CNZ2DnrpByG9Nqj6Xo8vqbjT4F6N-tb4Gb28ESAZjYZ5yqvmc56J--kuIwkaAMOyblTQhUW7PxMkUb8Q36N3Q--@4.0.0
+ nodelite-2-3IHv7ANSPNO6OwWgwULlHbP9-tFV9kQDu6-nL9jysfPkGj0GgtrOsyBb-iU931c7wSMo1OD-XNujCnRzDD968w--@0.8.1
+ nodelite-2-3JNjBfOWpj-mYfjXJHB4Txc-7E4LVq32bwzE7m28GN79-M1f76XHflUaSUkhOriprPDzev9cX-M-dEB80DNDKA--@4.0.1
+ nodelite-2-3KKrV5ZVI8if87DVSi1vDeByYrkGzg4mEfeu4alwgmmIeARiBLKCZS2uw5Gb6nU9x9Yufyj3iudm6i7nl52PFw--@8.0.0
+ nodelite-2-3M2DZsOFwM5qI15wrMmNF5RJe1-ARijt2HM3TbzBbPSuBHOQpoidE-Pa-XEaVN-czbHf81ETRoG1ltztP2em8w--@3.5.21

50 packages installed [164.00ms]
