bun install v1.4.0 (34cbb9a40)

+ nodelite-2-Z1NL3Tb1M9wH4XESsCDEksWoKTdlUafKc4pt0GRwjUyXaCFZ-dc3g2erqB6zm3szA2IUSi7VnPI-o-9jnxh9hw--@3.0.3
+ nodelite-2-Z5duk4RN-3zuVO7Jq0pGLJ3qynpxUVsh7IbUbGj88-uV2ApSAn6kWg2au3iJb-0Zi7kKtqffIESgNcRXWZWmSA--@1.2.1
+ nodelite-2-Z7tMw1ytTXt5jqMcOP-OQteU1VuNK9Y02uuJtKQ1Sv69jXQKKg5cibLwGJow8yzZP-eAc18EmLGPal0bp36rvQ--@2.0.0
+ nodelite-2-Z8Yj5z7FroAsR6UVML-XUdlpoqEe9Dnle8c2h8-xWwIC2feTfIBhjLhRVxfbpbM1pLgBSNEcZ7U8fwq5l7ESVQ--@3.398.0
+ nodelite-2-Z94uZp0tGJuxds3iEAZBqGU2QiaBHP4YytLUjwZWx-oUeohCsLyUm33yp4MMBmhkuPqSbQCXq5hDet6JGUgHWA--@4.0.1
+ nodelite-2-ZBH3EfWZ-RfhTj01dH8L17uT7iNbXWS8u77-fUpHgtrm0pwNVhx0TYVnLU1YpazQ-3WVpvWhmBB8sWwD1FlD-g--@3.26.0
+ nodelite-2-ZBxxZ5sL2HghephhpGAQdoskxplTwr7ICaehZwLIlfL6acuVgZPm8yBNuRAFBGEqtD-hmUeq9eqLg2ys9Xr-yw--@2.1.0
+ nodelite-2-ZDY-bPm5zTTF-YpCrAU9nK0UgICYPT0QtT1NZWFv4s--TNkcgVaT0g6-4R2uI4MjQjzysHB1zxuWL50hzaeXiw--@2.1.35
+ nodelite-2-ZDZgfZgbz1ydWOFs1mH7QFfX3ioJrmb3Y-lkoubQE0HWXLZzyYNvhhKyFJRS1QJ40IofLSBHriwbQb-tsUnGlw--@3.8.0
+ nodelite-2-ZSpFm0-uHa8zTvKBDjLFWLo8dkr4MBsiDLz0g3gMUwqgLHz9rTaRRGYDgvZPtBJgYCBKXkS9fzmoySgr8CO6Cw--@2.0.0
+ nodelite-2-ZT55BDLV0yv0RBm2czMiZ-SqCGO7AvmOM3G-w2xhVPH-te0aKgFjmBvGlL1dH-ql2tgGO3MVrbb3jCKyvpgnxA--@5.0.0
+ nodelite-2-ZTTX0MWrsQ2ZAhA1cejAwDLycFsd7I7nVtnkT3Ol0aqodaKW-0CTZDQ1uBv5whptCnc8e8HeRRJxRs0kmm-Qfw--@1.7.3
+ nodelite-2-ZUKRh6-kUFoAiTAtTYPZJ3hw9wNxx-BIBOijnlG9PnrJsCcSjs1wyyD6vJpaYtgnzDrKYRSqf3OO6Rfa93xsRg--@1.2.0
+ nodelite-2-ZVWUcfwY4E-yPitQJl481FjFo3K22D6qF0DuFH6Y-nbnE11GY5uguDxZMGXPQ8WQ0128MXQD7TnfHyK4oWoIJQ--@0.2.12
+ nodelite-2-ZW3FPWIc7K1sH9E3nxIGB3y3dZkpJlMnkk7z5tu1nSkBoCgw2nSRTFHI5pB-3CQaJM0pdzMF3paf9ckKMSE9Tg--@1.2.0
+ nodelite-2-ZWc51jO3qegGkVh8Hwpv636EkbesNV5ZNQPCtRa-0qytRYPEs9IYT9qITY9buezqUH5uqyzlWLcufrzU2rffdg--@4.1.0
+ nodelite-2-ZWj0fHEMyWkHzKYUr2Bs-4zU6XLmq9HsgBURm7g5pAVfyn49DgUiNgY2d4lXRlYSiCif9YBGpQleewkcqddc7g--@2.2.1
+ nodelite-2-ZX99e6tRweoUXqR-VBrslhda51Nh5MTQwou5tnUDgbtyM0dBgmhEDtWGP-xbKn6hqfPRHujUNwz5fy-wbbhnpw--@1.1.0
+ nodelite-2-Zf5H2Kxt2xjTvbJvP2ZWLEICxA6j-hAmMzIlypy4xcBg1vKVnx89Wy0GbS-kf5cwCVFFzdCFh2XSCFNULS6csw--@1.3.0
+ nodelite-2-ZhEfvUwNliOQROcAk34WJWVYTlTa4694kSVhDSjW6lE1bMataPnIN8A0ycukEzBXmd8ZSoBcQLn6lKGl7XIJ5w--@3.723.0
+ nodelite-2-ZjMPFEfVx5j-y2yF35Kzx5sF7kDzxuDj6ziH4FFbOp87zKDZNx8yExJIb05OGF4Nlt9IHFIMBkRl41VdvcNdbQ--@2.6.7
+ nodelite-2-Zk92HM6a8KFdyPzslhLCOmrrsvJ28-vFBisgiKMwVhe96cWlax1m9i4ktmO43xaUpSZkn06DRD-2k0d1x-Uwjw--@4.5.1
+ nodelite-2-ZkDsAOcxsUMZ4Lz5fVciOehNcJ-Gb8gTzcA4yl3wnc273BAybYWrQ-Ks-OjCjSEpjvQkDSeZbybK9qj2VHHdGA--@7.2.0
+ nodelite-2-Zn8AZb-j54KKUCckmcOzKCSCKpIpMVBc60zYaajD8Dq-1g4UN6TfAFi-uDa5o-6rf-I-5xDZjZpdzwfuhlC0xQ--@1.2.2
+ nodelite-2-ZnRMshKF43aBxVWPWvbj21-7TQCvhuULWJ4gNIKYpRlQt5xGRhLx66tMp8pya2UkGHTSlhpXwmjqltDYHhw7Vg--@1.2.0
+ nodelite-2-ZngG79nLFxE-GYmpwX6E-Rma2MMkzdoJPRI3iWk3dgqnGMMzpPnUp-cvjDsU3UHF7xDVusC5BT6pjWN0uxCIFQ--@3.9.3
+ nodelite-2-Zrjxi5qwGEcUsJ0ru7fRtW74WcTS0rbLcehoFB-rN1GRi2hbLcFaYs4PwVA5diLeAJH0gszv3x4Hr-S87MfbKQ--@3.734.0
+ nodelite-2-ZuOtqqmkV9RE1-4odd-MhBpibmCxNP6PJhH-h2OqNuotTX7-XHPZQJv2pKvWMplFH9SIZZhitehh6vBH6LO8Pg--@4.4.18
+ nodelite-2-Zw-AmoVRZNfQdis1-cYu0Zo6OWk-SQNEDzGKgRjC8nTopghZw2AtfcY6R9MWLR04gsZBkTNYPE8Pahm9i4Z-aA--@6.0.7
+ nodelite-2-ZySD7Nf91aLB0RxL4KGrKHBXl7Eds1DAmEdcoVawXnLD7SDhpNgtuII2aAkg7a7QS41jxPSZ17p4VdGnMHk3MQ--@1.0.0
+ nodelite-2-a-RAk2BfKk-WFGhhOCAYqSiFLc34k8Mt-6NWRI4joER0EYUzXIcFivjjnoD3-XU1DggLn-tZc3DOAgke7l8a4A--@0.35.0
+ nodelite-2-a0bjuP2pJYPKEiedz2Us1W1aSz0iHRuyeQEdBOyL6Z6VUa6hIMq9H60kvseir2T85cOa4QggizuRV7mcO6bU5w--@3.20.6
+ nodelite-2-a4UGQaWPH59mOXUYnAG2ewncQS4i4F43Tv3JoAM-s2VDAmS9NsK8GpDMLrCHPksFT7h3K6TOoUNn2pb7RoXx4g--@3.1.1
+ nodelite-2-aGTxbpbg8-b5JfU1HXSrbH3wXZuLPJcNEcZQFMxLs3oSzgtVu6nFPkbbGGUvBcUjKV2YyB9Wxxabo-HEH9tcRQ--@0.2.10
+ nodelite-2-aIL5Fx7mawVa300al2BnEE4iNvo1qETxLrPI-o05L7z6go7fCw1J6EQmbK4FmJ2AS7kgVF-KEZWufBfdClMcPg--@1.8.1
+ nodelite-2-aJEUyzZ6TzlsX2s5B4Of7lN7EQtAxvtradMMglCQDyaTFgse6CmtmdJ15ElnVRlCg1vpNyVtbem0PWzlNieZsA--@2.0.1
+ nodelite-2-aN97NXWF6AWBTahfVOIrB-NShkzi5H7F9r1s9mD3cDj4Ko5f2qhhVoYMibXF7GlLveb-D2ioWay8lxI97Ven3g--@6.0.1
+ nodelite-2-aOswhVOLYhMNeqykt4P7-ukQSpGL0ynZYaEyFDVHE7fl2xgluU3yuE9MdgYNfw6EmaNidoFMIQ2iTh1ADrnT6A--@6.10.7
+ nodelite-2-aQv37pIMSlueybId-2PVSP6NPnmurFDVmZwzc7jszd2KAF8qd4VBbvNYPXWQq90WIARjsdVkPbw29pszmHws3Q--@6.4.9
+ nodelite-2-aU5EJuIN2WDemCcAp2vFBfp-m4EAhWJnUNSSw0ixs7-kXbd6Pg64EmwJkNdFhB8aWt1sH2CTXrLxo-iAGV3oPQ--@1.54.0
+ nodelite-2-abv-qOcuPfk3URPfDzmZU1LKmuw8kT-0nIHvKrKgFrwifol-doWcdA4ZqsWQ8ENrFKkd67Mfpo-LovbIUsbt3w--@2.0.0
+ nodelite-2-aeNmHnBxbi2St0au6VBVC7JXFlhLlOnvIIlePNniyUNAClzmtAUEY8-pBiK3iHjufOlwA-c20-8jngo7xcrg8A--@1.2.3
+ nodelite-2-af3qATX-m4Rnd9-wHcjJ4w2ijq-rAVP3CCinJQvFv1kgSu1W6jypUmvleJxcewdxmutM8dmIRZFxO-IQBZmP2Q--@0.5.10
+ nodelite-2-aisnrDP4GNe06UcKFnV5bfMNPBUw4jsLGaWwWfnH3v02GnBuXX2MCVn5RbrWo0j3pczUilYblq7fQ7Nw2t5XKw--@1.1.0
+ nodelite-2-ak9Qy5Q7jYb2Wwcey5Fpvg2KoAc-ZIhLSLOSBmRmygPsGwkVVt0fZa0qrtMz-m6tJTAHfZQ8FnmB4MG4LWy7-w--@4.0.0
+ nodelite-2-amQa0Ep2m6hE2g72AugUItjbuM8X8cGQnFoHk0pGfrFeT9GZhzN5SW8nRsiGKK7Aif4CrACPENkA6P-Lw6fHGQ--@5.0.0
+ nodelite-2-anK8SWmNphkXdaKgz5hJvGa7l00qmcaUQoMYsBwDlSKFKjc6gjGXPDw3FNL3Nbwq5L8gE-RCbGqTw49FK5Qyvg--@2.0.0
+ nodelite-2-anNG-V-Efn-YZY4pRzbACnKxNKoBng2VTFydVu8RRs5hQjikP8CQfaeAV59VFSCzKNp90mXiVXW2QzV56rwMrg--@22.18.10
+ nodelite-2-andOOdJkgRJF9vBi5VWRmFodK-GT-5X1lLeNUmb4qOX8-MVfX-RbK72LDeIhd7xC7rSCFHj3WvZ198rK4q0k3w--@3.4.27
+ nodelite-2-arkwnxoMl1m83cMPNJ8HXyQgBBgHRQBaRyg1K-BjLB5QTXzFTnRQo9P-CJvb8J80wL-SkWgpl-07o33-qXP-WA--@3.738.0

50 packages installed [178.00ms]
