bun install v1.4.0 (34cbb9a40)

+ nodelite-2-OkTL9umf-He2DZkUq8f8J9of7yL6RJKI24dVITBmNfZBmri9zYZQrKkuXiKhyfPSu8tUhnVBB1iKXevvnlR4Ww--@8.3.0
+ nodelite-2-OlYOlZIsfEVZm5HCSR8aSg02T2lbUWOsCQoPKfTXJwDzcHQBrVBGdGXb89dv2Kw2ToZaRtudp8O3ZIYoaOjKlA--@10.1.4
+ nodelite-2-OpZ3zP-jT1PI7I8nemJX4AKmAX070ZkYPVWV-AaKTJl-tXCTGyVdC1a4SL8RUQYEwk-f34ZX8UTykN68FwrqAA--@1.5.0
+ nodelite-2-OqbOk5oEQeAZ8WXWydlu9HJjz9WVdEIvamMCcXmuqUYjTknH-sqsWvhQ3vgwKFRR1HpjvNBKQ37nbJgYzGqGcg--@2.1.0
+ nodelite-2-P-tGofNLAtH0-e87M8sZc-juAtbOcnV6z2nA2MwB2OzUVVXGINJHAF2cK0ZUyXC9d8a7RL0-rQWkP4vXDA-gBw--@3.2.1
+ nodelite-2-P2bGufFpFdYcWvqpyqqmalRtwFUNUA8vHjJR5iGqbfR6mp65qKOLcUd6lTr4S9Gn-enynSrSf3p3FVgVAf6bXA--@2.3.1
+ nodelite-2-P38-v1l6HjuB2aFUewt7ueAW5IvKkFcv5dalPtbMGRhLeyivBOHwbCyuRKgVs7z7ClTpu9EaViEGki2jEQqEsQ--@3.734.0
+ nodelite-2-P5QaN9hJSQQKJShzzpBT13FzOSPyHbqdoIBUd2DJdgvnECCyO6LmAOWSV-O8se2TaZJVwSXjL-v9yhb-a9JeJg--@0.6.6
+ nodelite-2-P8BjAsXvZS-VIDUI11hHCQEv74YT67YUi5JJFNWIqL235sBmjX4-qx9Muvls5ivyNENctx46xQLQ3aTuE7ssaQ--@3.1.0
+ nodelite-2-PBu00mtt95jbKFi6Llk9aik8bnR3tR-oQP1o3TSi-iG---Q2RTIzCEgKkHG8BB86kxMNW6O8wku-Lmi-QFR6jA--@3.10.8
+ nodelite-2-PCqQV3c4CoVm3kdPhyeZ07VmBRdH2EpMFA-pd9OASpOEC3aXNGoqPDAZ80D0cLpMBxnmk0-yNhGsEx31hq7Gtw--@5.0.0
+ nodelite-2-PDEfEF102G23vHmPhLyPboFCD-BkMGu-GuJe2d9-eH4FsCwvgBpnc9n0pGE-ffKdph38s6foEZiEjdgHdzp-IA--@1.0.0
+ nodelite-2-PDFG5DjHxSEjOXk9TQYYVjZDqlZTFaDBfhQixHnQOEVDDNHUbEh-hstAjcQJaA6FQdZTD1hquXTK0rVBLADR1g--@6.8.2
+ nodelite-2-PEGlAwrG8yXGXRjW32fGbg66JAlOAwbObuqVoJpv-mRgoWDQfgH1wDPvtzWyUSNAXBGSk8h755YDbbcEy3SH2Q--@2.0.2
+ nodelite-2-PJR-bOmMOPH8AtcTGAyYNiuJ3-Fcoj2XN-gBEWzDIKh254XO-mM9XoXHk5GNEhodxeMznbg7BlRojVbKN-gC6g--@1.0.4
+ nodelite-2-PKsK2FSrQCyxcGHsGrLDcK0lx-0Ke-6e8KFFozA9-fIQLhQzPaRvJFdcz7-Axg3jUH-Mq-NI4xa5u-UT2tQskA--@1.0.0
+ nodelite-2-PMXmW2y1hDDfTSRc9gaXIuCCRpuoz3Kaz8cUelp3smouvfT632ozg2vrT6lJsHKKOF59YLbOGfAWGUcKEfRMQw--@6.4.3
+ nodelite-2-PO9AvJLEsNLO-EYhF4zB-v10hOjsJe5kJW-S6tTbRv-TW7gf1Qer4mfjP9h3-y9h8ZiPvOrenxnEgDtFgaM5zw--@2.7.6
+ nodelite-2-PRWFHuSU3eDtQJPvnNY7Jcket1j0t5OuOsFzPPzsekD52Zl8qUfFIPEiswXqIvHWGVHOgX-7G-vCNNhehwxfkQ--@4.3.4
+ nodelite-2-PRp66vJ865SSqOlgqS8hujT5U4AOgMfhrwYIuIhfKaoSCZcirrmASQr8CX7cUg-RMih-hgznrjp99o-W4pJLHQ--@9.0.2
+ nodelite-2-PS08Iboia9mts-2ygV3eLpY5ghnUcfLV-EXTOW1E2qYxJKGGBUtNjN76FYHnMs36RmARn41bC0AZmn-rR0OVpQ--@8.4.31
+ nodelite-2-PTTBIjNRnrdJOIRTDGNifY2d--kA7GUAwRFJNOEwSNG4FW-Bq9awqLiflw0JkpyB0VNIwou6lqKPHZVLsGWOXA--@3.4.4
+ nodelite-2-PXfjYTYBVvMPYCLDWj-xIOA9ITFbbhWCHzLcqUCJ5TPGm4JO4cxpGb7x3K8Q1K1ADgNgfBxLsDcTMVRydtZB9A--@1.0.2
+ nodelite-2-PXwfBhYu0hBCPw8Dn0E-WDYb7af3dSLVWKi3HGv84IdF4TyFoC0ysxFd0Goxw7nSv4T-PzEJQxsYsEiFCKo2BA--@4.0.8
+ nodelite-2-PgTgs-BlvHxOu8QuEN7wi5A0OmXaBcHpmCSTehcs6Uuu9IkDIEo13Hy7n898RHfrQ49vKCoGeWZSaAK01nwVig--@6.5.0
+ nodelite-2-PnNN7os0-yd1XvXAy23CFOmTbMaDxgxXtTKHybrJ39Y8kGzBATgBFibWJKH6BhytLI-Zyszs87xCOBNyBig6vQ--@3.0.0
+ nodelite-2-PpOwAdQ-YlXQ2vj8a3h8IipDuYRi3wceVQQGYWxNINccq40Anw7BlsEXCMbt1Zt-OLA6Fq9suIpIWD0OsnISlw--@4.1.0
+ nodelite-2-PtG0gJxw-iE9492pqy9V-ZbnfRnycIxTAxknKQCOGRyFYfDvYSs0-uyFCHoQPl7HEZoNNA7q-fr0LBZXMRzv7g--@0.8.1
+ nodelite-2-Px5puVllX5L2aBjbcfXpiG5xXeq6OE8RckryTeP2Zq-0PgYrCGJXmC6LblWgknKSJs11Je2W4U2NOWFj3t-QXQ--@0.1.2
+ nodelite-2-PxyQYKhWaU3LiZEpeKRaekVonZIbWdKAwgnqm0CSAxy1MFufmYEC5SM5Mc9uiK2DoHcbAL3d1jyaQ2fSDAJL8w--@4.3.0
+ nodelite-2-PyfyWrH4ZkW0TM1ColiiHj4NRF8hUM61H0UzAkHLhRNnKFxi6hI-oqNrwqPnyk93hrpkpTRHC7Fl5T0BRwuzVg--@0.9.4
+ nodelite-2-Q0cRPcBGzNGmC8dBuHyoPR7N3057KTS5g-vZfQ53k8WwmilXBtemFJPLsogJbspuewQ-QJ3o2HYsp2pne7-iNw--@3.9.2
+ nodelite-2-Q0n9HRi4m6JuGIV1eFlmvJB7ZEVxu93IrMyiMsGC0lrMJMWzRgx6WGquyfQgZVb31vhGgXnfmPNNXmxnOkRBrg--@2.0.0
+ nodelite-2-Q2bCAAR6zXNVtJgifsU16ZjKGqdw-DyecKNgIgi7dlqw04fqDu0mnq-JmGphqheypVc64CYq3azSuCpAdFk2-A--@4.0.1
+ nodelite-2-Q69XzrtAhuyfHo-5-HMgr1lAiPP-G40OMFAnws7xcFEYqcypZmdW8eGXaOUIeOl1dzPJBPENXgbjsOyhg2nkrg--@4.1.11
+ nodelite-2-QCkQoOnJF8L107gxfHL0uavn7WD9b3dpBcFX6HtfQYmjw2YzWxGuFQ0N0J6tE9oguCBJn9KOvfqYDCMPHIZrBA--@7.3.3
+ nodelite-2-QGYKEuUsYT9ykKBCMOEDLsU5JRObWQusAolFMeko-tYPufNkRffBAQjIE-99jbA87xv6FgmjLtwjh9wBWajwAA--@13.2.0
+ nodelite-2-QRAY2jC1BomFQHYDMcZtClqHR55EEnB96V7Xbk-UiBodsuFc5kujybzt87-qj1KqmJozFhk6n4KiT1HKwAkcfg--@1.8.12
+ nodelite-2-QSxg29lfr-xcev6kSz7MAlmDnzbP1eI-Dwn3Tp1ip0KT5CUELsxkekFEMVBEoykI3oV39hKT4TKZzBNMbcTZYQ--@1.1.1
+ nodelite-2-QTYuDesS0VtuHNNvMh-CjlKJ4LJickCMUAqjlE3-j8w-RlRpwyX3apEQKGFzbZGdo7XNG1tXa-bQqIE7HIXT2w--@1.1.1
+ nodelite-2-QW95TCTaHmsYfHDybGMwO5IJIM93I-6vTRk-daHTWFPhwh-C8Cg7j7XyKrwrj8Ib6vYXe0ocYNrmzY4xAAN6ug--@4.0.0-beta.3
+ nodelite-2-QYqzpfwO3-CWf3XP-Z-tkQsfaLL-EnUlXWVkIk5FUPc4sBdTehEqZONuyRt2P67PXAk-NXmTBcc97zw9t1FQrw--@3.0.3
+ nodelite-2-QaKxh0eNIi2mE9p2vEdzfagOKHCcj1pJ56EEHGQOVxp8r9-iszLUUV7v89x9O1p-T-NlTM5W7jW6-cz4Fq1YVg--@4.0.0
+ nodelite-2-QakrKIGniGuRVfWBdMsDea-dx1PNE739QJ7gCM41s9q-qaCYTHCdsIBXQVVXry3mfWAiaM9kT22Hyz53Uw8mfg--@1.17.5
+ nodelite-2-QfAUtd-vFdAtFQcC8CCyYt1fYWxSqAiK2cSD6zDB8N3cpsEBAvRxp9zOGg6G-SHHJYAT88-az-IuDGALsNVbGg--@1.9.3
+ nodelite-2-Qgzu8kfBvo-cA4962jnP1KkS6Dop5NS6g7R5LFYJr4b8Ub94PPQXUksCw9PvXoeXPRRddRNC5C1JQUR2SMGtnA--@4.0.3
+ nodelite-2-QjMLR0A3WwFY2aZdV0okfFEJB5TRjkggXZjxP3A1RsWsNHNu3YPv8btmtc6iCFZ0Rul3FE93OYogvhOUClU-ng--@0.3.0
+ nodelite-2-QjVjwdXIt408MIiAqCX4oUKsgU2EqAGzs2Ppkm4aQYbjm-ZEWEcW4SfFNTr4uMNZma0ey4f5lgLrkB0aX0QMow--@5.5.0
+ nodelite-2-QkEyUiLhsJoZkbumGZlswmAhA7CBU02Wrz7zvH4SrcifbsqwlXShVXg65f3v-ts57W3dqyamEriMhij1Z3Zz4A--@6.4.1
+ nodelite-2-Qntc3jrtwwrsAC-X8wms8zhrTr0sFXnyEGhZd9sLtsJ-6gGQKFzNB-wWbOcpJd7BR8ThNCoKt76BuQahfMvpeA--@2.2.0

50 packages installed [144.00ms]
