bun install v1.4.0 (34cbb9a40)

+ nodelite-2-r2annK27lIW5w9Ho5NyQgqs0MmgZSTIKXWpVCJaLC1q2kZrZkcqnmHkCHMEmv8XLvsLlurKMPT-kbKkRkm-xVA--@1.1.4
+ nodelite-2-r44fkS-vsEgKCuEuTV-TIk0t0m5ZlXHNjSDYEUvzLStbbfUFiNus-YG4UCa0wOk9R7VuQI67badsvvPeVPCGDQ--@3.398.0
+ nodelite-2-r4Sc6leeUTn3P6gk20aFMj2ntPwn6qpDZqWvYmAG6NgvFTIlj4WtrAudLi65qYoaGdXYViXYw2pkmn7QnIFasA--@2.0.0
+ nodelite-2-r6Pi-yC1nUCuq6V7xDxfMKDkwla4qnqpJVohd7cTsWRDKlRzHJJX-YaDp-6yKrDaNH9UY6cBhj9ryL8QJWY63w--@2.5.43
+ nodelite-2-rBJeI5CXAlmy1pV-617WB9J63U6XcazHHF2f2dbJix4XzpUF0RS3Zbj0FGIOCAva5P-d-GBOYaACQ1w-0azUkg--@0.1.2
+ nodelite-2-rBMvIzlpA8v6E-SJZoo--HAYqsLrkg7MSfIinMPFhmkorw7X-dOXVJQs-QT69zGkzMyfDnIMN2Wid1-NbL3T-A--@1.1.4
+ nodelite-2-rG1YujF7O-lszX8fd5u6qkFTuv4FwHXjWvt1CCvCxXwQLSY96LaCW88oVKg7WoEYQh54y--Fk57F-Wh9Gv9nVQ--@0.40.0
+ nodelite-2-rJgTQnkUnH1sFw8yT6VSU3zD3sWmu6sZhIseY8VX-GRu3P6F7Fu-JNDoXfklElbLJSnc3FUQHVe4cU5hj-BcUg--@4.1.1
+ nodelite-2-rKQcJ-o1nKNgeoYRHKOS07tAMNd3YSN0uHaJOZYjBAgxfV7TUE7JE-z4BzZdQwb5hKaYbayKN5KrYV7ODb2rAA--@6.1.0
+ nodelite-2-rKS0dryllaZJqrr3f-EAf2liz8CBEfmL5XACj-Z1TAig6GIYe1QuA3BtkX0cV9OkMugXdX8e3cbA7nD10ORRqg--@3.5.29
+ nodelite-2-rLfVLB4FgQneDr0dv1oddCVZmKjcJ6yX6mS4pU82Mq-Dt9a3cLZQ62pDBL4AUO-uVrCvtWz3ZFUL2HFAFJ-BXQ--@4.1.0-beta.10
+ nodelite-2-rONPWMC7PeExE077uLE4oqWrZ1IvAfz3oH9LibVAcVCopJiA9R62uavnbEzdkVmJYI6M6Zgkbeb07-tWjlq2XA--@1.2.1
+ nodelite-2-rRomAK7eIkL-tHY0YPxbc5Dra2gXlI63HL-v1Pdi1a3sC-tJTcFrHX-E86sulgAXeI7rSzDYhPSeHHjqFhqfeQ--@1.30.1
+ nodelite-2-rRqJg-6gd538VHvR3PSrdRBb-1Vy2YfzHqzvbhGIQpDRKIa4FgV-54b5Q1xYSxOOwKvjXweS26E0Q-nAMwp2pQ--@2.4.1
+ nodelite-2-rbku49cWloU5bSMI-zaRaXdQHXnthP6DZ-vLnfdSKyL4zUzuWnomtOEiZZOd-ioQ-avFo-qau3KPTc7Fjy1uPA--@3.1.0
+ nodelite-2-reYkTUJAZb9gUuZ2RvVCNhVHdg62RHnJ7WJl8ftMi4diZ6NWlciOzQN88pUhSELEwflJht4oQDv0F0BMlwaYtA--@6.1.0
+ nodelite-2-rfJIms6AkMyQ7ZgKrMZgGfPwGcB-t1JoEwbc1PAmXcAvFI-hzF6YF7ZFDXiq38ucFsP9PnHmbXIzM9w4ccl18A--@3.0.8
+ nodelite-2-ri8giqXSZOrznZDCCOE4U36wSkOhy-hrFK7yo-YVcpxTqqp3d3eisfKMqbDsgqBW-XTHycTU-xeAf0u9NqrfpQ--@4.4.4
+ nodelite-2-rkFIrQOKZGS6i1D3gKJ8skJ0RlXqDvb1IyAphksaFOMzkn3v3I1eJ8m7OkLj0jf1McP63rcCEoLlkAn-HjcTRw--@4.0.1
+ nodelite-2-rp3So07KcdmmKbGvgaNxQSJr7bGVSVk5S9Eq1F-ppbRo70-YeaDxkw5Dd8NPN-GD6bjnYm2VuPuCXmpuYvmCXQ--@5.2.1
+ nodelite-2-rpMgcsh7o0GuCDUXKPvww-muLA1pDJaFrpq-CCHtpQJYz8xopu4D1hPcKRoDD0YlF8gZaqTNIRa4VRBWyhyy7Q--@6.5.6
+ nodelite-2-ruv7Ae4J5dUYULmeXw1gmb7rYRz57OWCPM57pHojnLq-3Z1CK2lNSLTCVjxVk1F-TZHwOZZrOWi0ur95BbLxNQ--@7.28.2
+ nodelite-2-rwu-ClNdSMpkSrUb-d6BRsSkLUq1fmfsY6TOpYzTwvwkg1-NRG85KBy3kq--A8LKQwX6lsu-aWad-2khvuXrqw--@22.0.0
+ nodelite-2-s0xOFh602ybTWuDrV-i6fV7Pz7vYghsY7F-RpYL-5IX9qCZ5C1FWFePpVktQAZghnd3ljH8hS8DULPeDfVLCrg--@4.1.10
+ nodelite-2-s3-eVwNeJuXUwuMbusncZNViuhv2LjVJ1nMwTqSA0XAC7gjKhqqxRdJPhR8-YrkoZ9IiIbFk-yK6ACe-xlF-hw--@2.3.0
+ nodelite-2-s45V7nfb5g7dbS7JK6XZDcapicVrMMvX2uYgOHP16QuKH-JA285oy6HcxlKqwUNaFY-UC6EvQ8QZUOo19cBKSA--@15.4.8
+ nodelite-2-s8UhlNe7vPKomQhC1qFelMokr-Sc3AgNbso3n74mVPA5LTZwkB9NlXf4XPamLxJE8h0gh73rM94xvwRT2CVInw--@1.3.6
+ nodelite-2-sFAphGQIqyQZfP2ZBsSHV7xQvo9Py0rV0dW7W3IMRdS-zDuNb2l3no78CvUaWKGfzFjI4FTrLdUSj86IGb2hRA--@6.18.4
+ nodelite-2-sGhTPMuXqZ1rVOk32RylztWkfXTRhuS7vgAKv0zjqk8gbsHkJ7xfFf-jbySxt7tWObEJwyKaHMikV-WGDiQm8g--@6.6.4
+ nodelite-2-sGkPx-VjMtmA6MX27oA4FBFELFCZZ4S4XqeGOXCv68tT-jb3vk-RyaKWP0PTKyWtmLSM0b-adUTEvbs1PEaH2w--@2.1.2
+ nodelite-2-sGnvb5dmrJaKEZ-LDIpguvdX3bDlEllmv4-ClQ9awcmCZrlx5jQyyMWFM5kBI-EyNOCDDiKk8il0zeuX3Zlg-w--@1.7.3
+ nodelite-2-sHCWTtxwNn3L3fH8qAfnF3WbUZycW93SM1j3NFDzXBiz8D6F5UTTy8G1-WFEaiCdvCVRJWj6N2R4Xq6HdiHmDg--@2.0.1
+ nodelite-2-sIADe7ojwqTyvEQBe1nc-GXB9wdHhi9UwyX0lTyttmUWDJLP655ZYE1WngnNyXREme8I27KCaUhyhZWRXL0q7Q--@2.3.0
+ nodelite-2-sKCNYNzXG6l8qg0Oo7y8WcDKcpbgw0qwZsxNpdZilFTR4EavRow2TlcwuPSVN99jqAjhz0M4VXvTdSGdtJ2VfQ--@4.20251008.0
+ nodelite-2-sKJf1-ceQBr4SMkvQnBDNDtf4TXpVhVGateu0t918bl30FnbE2m4vNLX-VWe-dpjlb-HugGYzW7uQXH98HPEYw--@3.0.0
+ nodelite-2-sNPKHvyjVf7gyjwS4xGTaW-mCnF8wnjtifKBEhxfZ7E-S8tQ0rssrwGNn6q8JH-ohItJfSQp9mBtQYuTlH5QnA--@0.30.17
+ nodelite-2-sNi3DL0-k64-LO3A256M-m3CDdG6V7WKWHdAiBBMUN8S3hK3aMPhwnPik2A-a2ONN-9doY9UxaLfgqsIRg69QA--@4.0.0
+ nodelite-2-sPPJyTyoAqsBh76JinBAxStOcbjZvyWFYKpJ9Uqw-XT0ObshAPPFSGeh8DiQemPs02RwJdrfARPMhyqiX8t59A--@3.10.8
+ nodelite-2-sPU4uV7dYlvtWJxwwxHD0PuihVNiE7TyAbQ5SWxDCB9mUYvOgroQOwYQQOKPJ8CIbE-1ETVlOoK1UC2nU3gYvg--@1.52.0
+ nodelite-2-sRVD3lWVIXWg6By68ZN7vho9a1pQcN-WBFaAAsDDFzlJjvoGx0P8z7V1t72grFJfJhu3YPZBuu25f7Kaw2jN1w--@1.17.1
+ nodelite-2-sSuxWU5j5SR9QQji-o2qMvqRNYRDOcBTgsJ-DeCf4iSN4gW-gNMXM7wFIP-fdXZxoNiAnHUTGjCr-TSWXdRDKg--@8.0.2
+ nodelite-2-sTSfBjoXBp89JvIKIefqw7U2CCebsc74kiY6awiGogKtoSGbgjYE-G--l9sF3MWFPNc9IcoOC4ODfKHfxFmp0g--@1.0.1
+ nodelite-2-saE57nupxk6v3HY35-jzBwYa0rKSy0XR8JSxZPwgLr7ys0IBzhGviA1-TUGJLmSVqs8pb9AnvICXEuOHLprYTw--@5.0.0
+ nodelite-2-saHYOzhIQs6wy2sVxTM6bUDsQO4F50V9RQ22qBpEdCW-I--Wmke2HOl6lS6dTpdxVhb88-I6-Hs-438c3lfUow--@2.5.1
+ nodelite-2-saYhF8ZZNoJDTvJBEWgeBccCg-yvp1CX-ed12yORU3NilJScfc6gfch2oVb4QgxZrGUx3-ZJlb-c-dJbyupxlw--@4.0.0
+ nodelite-2-sbP8GzB1WDzacS8fgNPpHlp6C9VZe-SJP3F90W9rLemaQj2PzIuTEl1qDOYQf58YIpyjViI24y9aPWCjEzY2cg--@1.5.0
+ nodelite-2-scAEJOh3Irm0g95NIn6-tQVf-OICCjsQsC9NBHfQws-Vxw4sfq1tDQut5fhTEvPraXhu-sHxRd9lOtxzyYuNAg--@4.5.1
+ nodelite-2-scnD59RpYD91xngrQQLGkE-6UrHUPzeKZWhhjBSa3HSkwjbQc38-q3RoIVEwxQGRw3M-j5hpNAM-lgV3cVormg--@20.12.14
+ nodelite-2-seS2Tj26TBVOC2NIc2rOe2y2ZO7efxITtLZcGSOnHHNOQ7CkiUBfw0Iw2ck6xkIhPwLhKNLS8BO-hEpngQlqzw--@1.0.0
+ nodelite-2-shrVawQFojnZv6xM40anx4CkoDP-fZsw-ZerEMsW-pyzsRbElpsL-DBVW7q3ExxwusdNXI3lXpuhEZkzs8p5Eg--@1.9.1

50 packages installed [702.00ms]
