bun install v1.4.0 (34cbb9a40)

+ nodelite-2-GQ2EWRpQV8-o-Aw8YqtfZZPfNRWZYkbidE9k5rpl-hC3vtHHBfGm2Ifi6qWV-coDGkrUKZAxE3Lot5kcsRlh-g--@1.0.1
+ nodelite-2-GR6f0hD7XXyNJa25Tb9BuIdN0tdr-0BMi6-CJPH3wJO1JjNG3n-VsSw38AwRdKZABm8lGbPfakLRkYzx2V9row--@3.0.2
+ nodelite-2-GSRP8UH30RIYkcpPILV4pWrKFjRmmNjtUd41HTKWde5GbjJvNYpxqFXw2aIJHjKTw-js3XEtGSNeTaQMVVt3CQ--@3.734.0
+ nodelite-2-GVsDdsbJzzy4S-v3dqWPJ7EfvZJfCHiDqe80IyrF59LYuP-e6U1LJoUqeuqRbwAWoMNoXivMNeNAOf5E22VA1w--@3.29.5
+ nodelite-2-GWSSJGFy4e9GUeCcbIkED-bgAoFyj7XF1mV8rma3QW4NIqX9Kyx79N-PF61H5udOV3aY1IaMLs6pGbH71nlCTA--@1.2.7
+ nodelite-2-GX-ysw4PBCz0PzosHDepZGANEuFCMLrnRTiEy9McGjmkCQYwRq4A-X786G-fjM--OjsWSU1ZrY5qyARZmO-uwg--@3.3.3
+ nodelite-2-GeDxvtjiRuoyWVU9nQneId879zIyNdL05bS7RKiqMkfBSKpHMWHLoRyRqjYWLaXmX-llKO1hTlqHDmatkQAjPA--@1.31.0
+ nodelite-2-GeJop7-u7BYlQ6yQCAY1nBQiRSHR-6OdCEtd8Bwp9a3NK3-fWAVjOaPKJDteB9f6cIJ0wt4IfnScjLG450EpXA--@5.0.0
+ nodelite-2-GlaYyEb07DPxYCKhKzplCWBJtvxZcZMrL-4UkrTSJHHPyZU4mYYTv3qaOe77H7EODLSSopAUFAc6W8U4yqvscg--@4.0.0
+ nodelite-2-GpVkmM8vF2vQUkj2LvZmD35JxeJOLCwJ9cUkugyk2nuhbv3-mJvpLYYt-0-USMxE-oj-ey-lJEnhZw75x-OMcQ--@2.20.3
+ nodelite-2-GrO2l93P8xCWBSTBX9l2BxI78VU-MAAYag-pG8curS3aBGy0--ZlxrQ7PdUOUVMbn5BwkGb6-eRrnf43ipnFEA--@1.8.1
+ nodelite-2-GuBLekbw9jDBDhGur82nuwkxKQ-a3W5H0GfaAthDXcAu-XdpS43VlnxA9E9hllkpSP5ellRDKjLLj7Lu9Wr6xA--@1.0.3
+ nodelite-2-H4g-5e8unII4oQ-KN5IUvTZSzHmj-lLYDkAK15QGYgAxBtE-mHUvEZpPPo7DPUDIyfq8ybWB1bmk7H5kEahubQ--@4.7.1
+ nodelite-2-H5ZhCF25riFd9uB5UCkVKo61m3S-xZk1x4wA6yp-L3RFP6Z-eHH1ymQcGLo7J3GMPfm0V-7m1tryHuGVxpqEBQ--@4.5.0
+ nodelite-2-H7cUpwCQSiJmAHM4c-aFu6fUfrhWXW1ncyh8ftxEPMu6AiYkHw9K8br720TGPZJbk5eOH2bynjZD1yPvdDAmag--@3.4.2
+ nodelite-2-HAGUASw8NT0k8JvIVutB2Y-9iBk7gpgEyAudXwNJmZERdMITGdajOa4VJfD-kNiA3TppQpTP4J-CtcHwdzKBAw--@2.2.0
+ nodelite-2-HBTrKll2hm0VKJNM4ubIv1L9MNo8JuOnm2G3M-wXvb6EYIyDNxxJkhjsqsGpUXJdAOSkacHBDcNh2HsZABNX4A--@3.10.5
+ nodelite-2-HE1I7gxa6yP7ZgXPCFfZSDmVmMtY7SHqzFF55gM-GPegzZKaQWZZ-nYn9C2Cc3JltCMyWe63VPR3tSFDEvuGjw--@4.0.4
+ nodelite-2-HEyaM-hWI7dNmb4NhdlcDLcgJvrilk8G4DQX6qz0i4pBZGC2l4iffuqP8K6ZQjUfz5-6894PzeFuhTORAMd-cg--@3.734.0
+ nodelite-2-HG2DFjYKbpNmVXsa0keLHp-3leGJz1mjh09f2RLGGLQZzSHpkmZWuwJbAvo3QcRY8p80m5-ZdXZdYOSBLlp7Cg--@1.2.0
+ nodelite-2-HGyxoOTYUyCM6stUe6EJgnd4EoewAI7zMdfqO-kGjnlZmBDz-cR5pf8r-cR4Wq60sL-p0IkcjUEEPwS3GFrIyw--@2.1.0
+ nodelite-2-HJBcLa--mPP-3TCcQngj-iW5UqynRosOQdEETXjmdy6Ngw8wBjwIcT6C86J5jufJ6sI8--HYnt-e7pAvp5FO6A--@0.5.0
+ nodelite-2-HJMPY5dUU3EXVS4EkjAFXo-uCrby-YFu-gljKDQnhYWRy5zQ0sJWrOEDcHS8nLoJRCIRD5tiVpCxnUnSb6OoAQ--@0.6.1
+ nodelite-2-HLZ647L27APi6zXkZlzSFZIjpo8po45YiyjMGJZM3gyDY8n7dPGdmxIIljLm4gPt-7rRvutLTTkYJpZVfG5r-A--@4.0.1
+ nodelite-2-HMi5HRoRCTou-3fb3h9oTLyJGBxHfW-HnNE25tAXOvVx-IvwMHK0cx7IR4a2ZU6sh3IX1Z-4ts32PcYBOqka8w--@12.23.24
+ nodelite-2-HMwFiRujE5PjrgwHQ25-bsLJgowjGjm5Z8FVSf0N6PwgJrwxH0QxzHYDcKsTfV3wva0vzrpqMTJS2jXPr5BMEQ--@0.16.7
+ nodelite-2-HPa-FdTB9XGI2H1-keLFZHxl6WNvAI4YalHGtDQTlMnJcoqSab1UwL4l1hGEhs6-GmLHBZIg-YgB--jcbzoOEg--@5.16.9
+ nodelite-2-HPwpGIzkl28mWyZqG52jiqDJ12waP11Pa1lGoiyUkIEuMLBP0oeK-C89esbXrxsky5we7dfd8U58nm0SgAWpVw--@1.1.1
+ nodelite-2-HTUrgRJ7r4dsZKU6GjmpfRK1O76h97Z8MfS1G0FozR-oF2kG6Vfe8JE6zwrkbxigziPHinCJ-gCPjA9EaBDtRw--@6.1.0
+ nodelite-2-HZkzrRcuFN1k70RLqlNK4FnPXKOpkik1-4JaBoHNJn-RnJGYqaa3c5--XtLOXhlKzlRgNvyaLieHTW2VwGN0VQ--@2.3.0
+ nodelite-2-HaL-gEyFVvkf9KFg6484wR9s0qjAXlZ8qWPDkTyKF6-zqjBe-I2mygg3MbpZ--hdi0ToqNUF8cjj7fBy0dg8Ug--@2.0.2
+ nodelite-2-HbIybmz5rhNg-zxKiyVAnvdM3vkzjE6ccrJ620iPL8IXcJEntd3hnBl-ktMwIy12Te-kyrSbUb8UCdnUT4QEdA--@4.0.1
+ nodelite-2-HiInm7bck32khFBHZThTQaAF6e6-qm57F4mYRWdTq8IVeGDzpkbUYibnLxRhk0UZ5ybc6me-nqqPkG-lVmM42Q--@3.1.2
+ nodelite-2-HiLAvlcqhbzhuiOa0Lyct5IIlyIz0PQO5dnMlmQ-ubYM46dPInB-3yQGkfxsk6Q24Y0n3-JmcA1v5iEhmOF5mA--@4.0.1
+ nodelite-2-HnLOCR3vjcY8beoNLtcjZ5-nxn2afmME6lhrDrebokqMap-XbeW8n9TXpPDOqdGK5qcI3oT0GKTW6wC7EMiVqA--@5.1.2
+ nodelite-2-Hp81uTjjdTk3FLh-dggU5NK7EIsVWc5-ZDWrIldmf2rBuPejuZ13CZ-wpVE2SToyi4EiroPTQ1XJcJuZFIxTtw--@2.11.0
+ nodelite-2-HqZ5rWlFjGiV0tDm3UxxgNRqsOTniqoKZu0pIAfh7TZQMGuZK-hH0drySty0si0QXj1ieop4-SkSfPZBPPkHig--@4.2.0
+ nodelite-2-Hrgsx-orqoygnmhFbKaHE6c296J-HTAQXoxEF6gNupROmmGJRoyzfG3ccAveqCBrwr-2yxQ5BVd-GTl5agOwSg--@1.2.1
+ nodelite-2-HtZuh166y0Olbj9bqqySckz0Rw9uHjggJeoGbDx5x-sgezBXlxO6tQSig2RZw5tgObF8mWI8zaPvQMkQZtAODw--@2.7.7
+ nodelite-2-Hu-BMoA1NAdRUuulyvQC0pEqZ4vQbGfn8f7wPXcnqQmM-zct9UliKxsIkLNmz-ku7LElUNqmaiv1TG-aL5ACsw--@1.54.2
+ nodelite-2-HwaJmXO3M1r4S8x2ea2vy8Rw-y-38HRQuK-gNDRQ7w9cJXn6xSl1sIIqKCffULSUjul3wV3I3Nd-GfbmsRReEA--@1.20251008.0
+ nodelite-2-HxJdYWq1MTIQbJ3nw0cqssHoTNU267KlrDuGZ1WYlxDStUtKUhOaJmh112-TZmHxxUfuJqPXSOm7tDyas0OSIQ--@1.3.1
+ nodelite-2-I-DYiZQl6aNbMmjk90J9SOhkzVDZvyA3Vn3wMWCiajkMNjvubFhTfda5DDf2SgFP5l0Yh6TGGH5XumRv9LqL5Q--@3.13.4
+ nodelite-2-I11f6I90neCh56rT-6ieAs3XyDKvEfbj-QmbU5cX3p-SJpRRPN0vxQi5D1hkh0uxDpeClxygSr31NmZsd4sqfg--@3.12.2
+ nodelite-2-I2U4JVEsQenxDAKaVa3VZ-JeJZe0-2DxPWL8Tj8yLKctQJQiZM52pn-GWFpSp8dftjM3pSAHVJZscAnC-y-ySQ--@2.6.0
+ nodelite-2-I3QoeDDeEPZm8yR28JtY-rk880Oqmj43hreIBVTicisFTx-Dl7JpG72g-X7YF8hnQD3IFhkky5i2bPonwrTVPg--@3.5.12
+ nodelite-2-I4diPp9Cq6ieSUH2wu-fDAVQO43xwtulo-fKEidHUwZPnYImbtkTjzIJYcDcJqxgmX31GVqNFURodvcgHcW0pA--@3.1.1
+ nodelite-2-I88TYZWc9XiYHRQ4-3c5rjjfgkjhLyW2luGIheGERbNQ6OY7yTybanSpDXZa8y7VUP9YmDcYa-eyq4ca7iLqWA--@0.2.0
+ nodelite-2-I9tSdCFfvQ7gHJtm90VAKgwdTWXQgVNvLRStEc0z9h-bXBxdvZb-QuiRPERChwFQ9VkK4p4rDqaFo69nDqWkpw--@3.5.16
+ nodelite-2-IBNqXlYHSUSCNNWj-tQN4hFiQy94l7fTxEnJWETXyW69-cjUyjQ7MfeoId3vIV9KBgY8y5M5uf2XulU95OikJg--@4.43.0

50 packages installed [177.00ms]
