bun install v1.4.0 (34cbb9a40)

+ nodelite-2--jKZoMpw0F8GRwl4-eLROPA3cfcXtLApP0QzLmUT-HuPCZWyB7IY9ZrMeKw2O-nFIqPQB3PVM9aYm0F312AXDQ--@1.0.0
+ nodelite-2--jfEwNDdQVBCNvjkGit4h6pMOzq8bHkopq458dPt2lMjx-eBQUohZNG9A7DtO-O5ukSbxuaNGXMjHicgwy6rQQ--@1.1.5
+ nodelite-2--sM3dO2FOzXjKQhJuo0Q173wf2KOo8t4I8vHy6lF9poUp7bKT0-NHE8fPX23PwfhnykfqnC2xRxOnVw5XuGIaA--@3.1.0
+ nodelite-2--veY75JbMK4j1yjvuUxuVsiS-hr-4iHs9FTT6cgTexxdE0Ly-glccBAkloH-DofkjRbZU3bnoj38mOmhkZ0lHw--@5.0.0
+ nodelite-2--vxN46ieWDLU67CmgbArEvOb41zlYFOkOtr9QW9CnTrBLuTyGgkyNWC2y5-khvRw3Br58p2B5ZVSx-PxCTru6g--@8.0.6
+ nodelite-2--xMzlOMY8UHzCehRZzx8TIdzVRCu3O2O-Gb7R8uRX0-ci9cLIjJvi0WfLyR06Ny4fMqMzzUuRADp5ezfJjaO1Q--@4.4.4
+ nodelite-2--yPhxI1ntnDNsiHtzLKYnE3vf9JZ6cAisqVDauhp4CEHxlb4uoOTxOCJ-9s51bIB8U1N1FJ1RXOKTIlD5B-gqw--@2.1.0
+ nodelite-2-06hBdMwUAb2WFTuGG73LSC0wfPu93xWwo5vL2et9eymgmu3Id5vFAHBbajVWiGhPO37qcsdCap-FqXvJGJWPIg--@3.0.0
+ nodelite-2-06okr5cgPzMNBy-Ycse2A6udMi4bqwW-zgBF-rwjcNqWkyr82Mcg8b0vjX8OJpZFy-FKjJmw6wV7t44kK6kW7A--@2.1.2
+ nodelite-2-0ASV06AAoKCDkS2-xw5RXJywruurpbC4JZSm7nr7MOt1ojAzvyyaO-UxZf18j8FCF6kmzCZKcAgN-yu2gm2XgQ--@4.0.0
+ nodelite-2-0AioNCJZ2DPYz5ABT6bddIqlhgwhpHZ-l65YAYo0BCIn0xiDpsnTHz0gnoTGk0OXZW0JRs-cDwL8u-teRdz-8A--@7.0.1
+ nodelite-2-0Fmkebhr6PiseyZlYAOtLS-nb7jLmpqTrJyv61Pe68MKYW6OWdRE2kI70TaYY27u7H0lajqM3hSMMLFq18Z7nQ--@1.1.0
+ nodelite-2-0H44vDimn51F0YwvxSJSm0eCDOJTRlmN0R1yBh4HLj9wiV1Dn0QoXGbvFAWj2hSItVTlCmBF1hqKlIyUBVFLPg--@4.0.0
+ nodelite-2-0KI-607xoxSToH7GjN1FfSbLoU0-btTicjsQSWQlh-hZykN8KpmMf7uYwPW3R-akZ6R-w18ZlXSHBYXiYUPO3g--@1.9.1
+ nodelite-2-0LXunzzAZzo0tEPxV3I297ffKZPlKDrjj7NXphC8V5ak9yHC5zRmxnOe2m-Rd-7ivsOMJe3JZ2JVocoDdQTRBA--@2.5.5
+ nodelite-2-0M-qjp-clUD0R1E5eWQFhxEvWLNaOtGQRUaBn8CUABnSKredagq92hUS9VjOzGsTm37xLfpaxl97AVtbeOsHew--@1.1.0
+ nodelite-2-0NJQ4LFFUuWkE7Oxf0htBKS6zLkkjBH-hM1uk7Ng705ReR8m-uelduy1DBo0PyBXPKVnBA6YBlU94MBGXrSBCw--@1.2.8
+ nodelite-2-0NlcrdBfQbcjWEXdHl3-uSY1272n2ljT1gWL2RIf6aQsQWTZ0gz0rTgRHy0MTXN-y-tICItUERJT4vmTLtIzVg--@3.4.13
+ nodelite-2-0OA1shs1575g1zmO8-rWozdbTnxThFFhOfuoL1m7UV5Dley6FHpueoKB1ECv7B-Qm4dQt6DoEqLg7wsbbQDhmg--@3.4.27
+ nodelite-2-0TNiGstbQmCFwt4akjjBg5pLRTSyj-PkWQ1ZoO2zntmg9yLqSRxwEa4iCfQLGjqhiqBfOJa7W-E8wfGrTDmlZQ--@1.2.3
+ nodelite-2-0YCaSCq2VRIebiaUviZNs0cBz1kg5kVS2UKUfNIx8YVs1cN3AV7NTctO5FOKBA-UT2BPJIWZauYHPqJODG50cg--@6.0.2
+ nodelite-2-0Zt-s3L7Vf1biwWZ29aARiVYLx7iMGnEUl9x33fbB-j3jR81u-O2LbqK-Bm1CDSNDKVtJ-YjwY7TUd5SkeLQLw--@1.0.0
+ nodelite-2-0dEVyRLM-lG4gp1R-Ik5bfPl-1wX00xFwd5KcNH602tzBa09oF7pbTKETEhR1GjZ75K6OJnYFu8II2dyMhONMw--@3.2.0
+ nodelite-2-0dxmVj4gxg3Jg879kvFS-msl4s9F3T9UXC1InxgOf7t5NvcPD97u-WTA5vL-IxWHMn7qSxBozqrnnE2wvl1m8g--@1.2.7
+ nodelite-2-0eW44TGN5SQXU1mWSkKwFstI-22X2bG1nYzZTYMAWjylYURhse752YgbE4Cx46AC-bAvI--dYTPRk1LqSUnu6w--@3.1.0
+ nodelite-2-0eZ4G5fRzIoewtHtwaYyl8g2C-osYOT4KClXgfdNEDAgkbe2TYPqcnw4GAWabqkZCax2ihRGPe9LZnsPdIUIHA--@4.0.2
+ nodelite-2-0elK5-03a1JPWMDPaS726Iw6LpQg80gFut1tNpPfxFuChEEklo2yL823V94SpTZTxmKlXFtFgsP55uh3dErnIg--@2.3.0
+ nodelite-2-0hJU9SCPvmMzIBdZFqNPXWa6dqh7WdH0cII9y-CyS8rG3nL48Bclra9HmKhVVUHyPWNH5Y7xDwAB7bfgSjkUMQ--@2.0.2
+ nodelite-2-0iirZp3uVDjVGt9p49aTaqjk84TrglENEDuqfdlZQ1roC9CWlPk6Avf8EEnZNcAqPonwkG35x4n3ww-1THYAeQ--@4.4.1
+ nodelite-2-0je-qPKHEMohvfRTCEo3CrPG6cAzAYgmzKyxRiYSSDkS6eGJdyVJm7WaYA5ECaAD9wLB2T4EEeymA5aFVcYXCA--@2.0.3
+ nodelite-2-0pfFzegeDWJHJIAmTLRP2DwHjdF5s7jo9tuztdQxAhINCdvS-3nGINqPd00AphqJR-0LhANUS6--7SCb98YOfA--@5.0.8
+ nodelite-2-0qXPGRdZ180TMfejWCPYy7ILszBrAraq4KBhPtcM12ghc5qkncFWWpTm5yXI-vrbm10t7wvtTK08CLZ36CnXlQ--@0.4.7
+ nodelite-2-0qpnzOBLztXHbHQenVB8uNuxTnm-QBFUOmdOSsEn7GnBtyY07-ENTWVFBAnXd-zEgd9-SUG3lRY7hSIBWRgGpQ--@3.0.1
+ nodelite-2-0rcTq621PD5jM-e0a3EJoGC-1TC5ZBCERW82LQuwfGnCa1V8w7dpYH1yNu-SLb6E5dkeCBzKEyLGlFrnr-dUyw--@11.1.0
+ nodelite-2-0sglIs9Wmkzbr8lQwEyIzlDOOC9bGmfVKcJTaxv3vMmd3uo4o4DerC3En0bnmgceeql9BfC8hRkp7cg0fjdVqw--@0.1.6
+ nodelite-2-0ulfdQOM3ysHhCJ1p06l0b0VKlhU0wuQs3thxZQagjcjPrlFRqY215uZGHHJan9GEAXd9MbfPjFJz-qMkVR6zQ--@3.1.0
+ nodelite-2-0wJxfxH1wgO3GrbuP-dTTk7op-6L41QCXbGINEmD-ny-G-eCqGzxyCsh7159S-mgDDcoarnBw6PC1PS5-wUGgw--@4.0.1
+ nodelite-2-0xO6mYd7JB2YesxDKplafRpsiOzPt9V02ddPCLbY1xYGPOX24NTyN50qnUxgCPcSoYMhKpAuBTjQoRZCAkUDRw--@2.0.2
+ nodelite-2-0xZJFNE5XMpENsgfHYTw8FbX4kv53mFLn2i3XPoq69LyhYSCBJtitaHx9QnsVTrsogI4Z3-HtEfZ2-GFPOtf5g--@7.25.7
+ nodelite-2-1-8kFp6Fl4OsSIVTWHnNjLnTL8IqpIb-D3sTSczrKFnrE9VMNWxnrRKNvpUHOJ6zpGD5f62TPm7-17ilTJpiCQ--@2.5.1
+ nodelite-2-123qHRfJBmo2jXDbo-a5YOQrJoHF-GNQTLzQ5-IdK5pWpceK17yRc6ozlWd25FxvGKQbIUs91fDFkXmDHTKcyA--@11.0.2
+ nodelite-2-13sEGBxB6kgaMPGOgCLYibF6r8iv8mgjhuToFrOTU09bBxbFQd8ZoARarCfJN6VomCUbUvMKwjTBLb1vQnN-WA--@2.2.4
+ nodelite-2-147y-6YNh-tlp6nd-2pWq38i9h6mz-EuQ6njIrmW8D1BS5nCqs0P6DG-m6zTGnNz5I-uhZ0SHxBs9BsPrwcKDA--@1.1.0
+ nodelite-2-14fwWQtU3pH4dE0dOpdMiWjddcH-QzKIgk1cl8epwSE7yag43k-AD-m4L6-K7DytAOr9gGBe3-EXj9g7cdostg--@5.0.3
+ nodelite-2-17faEXbYWIRst1aU9SvPZyMdWmqIrduZjVOqCPMIsWFNxs5yQQgFrJL6b2SdiCzyW9mJoDjFtgi53xx7EH-BXA--@2.2.0
+ nodelite-2-18TFr80t5EVgL9x1SwF-YGtfG-l0BS0PRAlCWBDoBEiDQjeKgnNZRVJp-oVBl24sr3Gbfwc-Qpj4OcWTQMsAEg--@1.1.2
+ nodelite-2-19biDANghUm7Fz7L1SNMIhK48tagaWuCOHj4oPPxc7hxPGkTVY2lU-jVZ8tsbTKQPVG7BO2CBDzs7CBwb20t4A--@6.3.0
+ nodelite-2-1AFRvuiGphfF7yWixZa0KwjYH8ulyjDCC0aFgrGRz8-P4kvDFSdXLVfTk5xAN9wEuD1J6z4-myMoYbnHoX07zg--@13.9.0
+ nodelite-2-1FXk9E2Hm-QzZQ7z-McJiHL4NW1F2EzMu9Nq9i3zAaGqibafqYwCVU6WyWAuyQRRzOlxou8xZSyXLEN8oKj24g--@4.9.5
+ nodelite-2-1Im-p5yfoV15ydVY-QlffsWQkQm7iGVI-3V9tCHEUT6SdmukYEpN3G8Y-lWofRBidxzUE2Xd-MbChCXfzLAoAg--@3.738.0

50 packages installed [389.00ms]
