bun install v1.4.0 (34cbb9a40)

+ nodelite-2-ui-NlpILU-6HAQBfJX8BBsDXuKSNrjTSuOYArRblcrErwKFutjrCNb-OExfVRyj9-26F9J-ZmfWT-fKWuDrH3Q--@2.3.0
+ nodelite-2-ui8mCwdK96dtPVrwaCt5k1pimohtJQR-yfvECyDhbuaIybMxa51rr1DefWd1MmC7UtGJkPnS2Txtng9UJKYsFA--@3.738.0
+ nodelite-2-ujc-V6r0HNDviYqIK3rW4ffgYiZ8g5DEHrGJVk4x7kTlLXRDILnKX9vAUYeIsLOoDpDJ0ujpqMkjH4w2ofuo6w--@1.2.0
+ nodelite-2-umcy022ILvb5-3Djuu8LWeqUa8D68JaBzlttKeMWen48SjabqS3iY5w-vzeMzMUNhLDifyhbOwKDSznB1vvrwg--@3.0.1
+ nodelite-2-uorlqlzAKjKQZ5P-kTJr3eeJGSVroLKoHmquUj4zHWuR-hEyNqlXsSKlYYF5F4NI6nl7tWCs0apKJ0lmfsXAPA--@6.0.1
+ nodelite-2-v-J-4Z-1eIJovEBdlV5TYj1IR-ZiohcYGRY-qN-oC9dAfKzVT023N-Bgw37hrKCoVRBvk3bqyzpr2PP5YeTMSg--@4.1.2
+ nodelite-2-v3MXnZAcvnywkTUEZomIActle7RXXeedOR31wwl7VlyoXO4Qi9arvSenNQWne1TcRwhCL1HwLI21bEqdpj8-rA--@0.4.24
+ nodelite-2-v4ARvrip4qBCImOE5rmPUylOEK4iiED9ZyKjcvzuezqMaiRASCHKcRIuvvxL-twvLpkfnEODCOJp5dM4eZilxQ--@2.1.1
+ nodelite-2-v67WcEouB5GxbTWL-4NeToqcZiAWEq90N888fczVArY8A79J0L4FD7vj5hm3eUMua5EpoQ59wa-oovY6TLvRUA--@1.1.0
+ nodelite-2-vBZP4NlzfOlerQTnba4aqZoMhE-a9HY7HRqoOPaETQcSQuWEIyZMHGfVu6w9wGtGK5fED5qRs2DteVCjOH60sA--@2.1.1
+ nodelite-2-vCFztpsl1AYjQn3lH7CwzYiiRAGfnm7-EXaXIt7yS4O6YC8C3FfOBf3jdxcFjE5u8CEfiL4X-4ABkfio10nneg--@3.0.0
+ nodelite-2-vIChWdVG3LG1SMxEvI-AK-FWJthlrqlTu7fbrlywTkkaONwk-UAGaULXRlf8vkzFBLVm0zkMdCquhL5aOjhXPQ--@4.1.12
+ nodelite-2-vIZJlYTii2n1We9nAugXwM2wpcpsC6JigJFBd6vGhStRdRWRoU4yv1Gc98Usbx0FQ-J7GLVIgeG8-1VMTKBdxw--@3.3.6
+ nodelite-2-vK9P5-iUfdl95AI-JVyUuIcVtd4ofvtrOr3HNtM2yxC9bnMbEdp3x01OhQNnjb8IJYi38VlTE3mBXwcfvywuSw--@7.0.6
+ nodelite-2-vKQ5olH5edFZdf5ZrlEgSO1j1DMA4u23TVK5XR1uMhvwnYvVdDF0nHXJUblL-GvzlShQbjhZZ2uvYmDlAbgo9w--@3.5.21
+ nodelite-2-vKivATfr97l2-QBCYAkXYDbrIWPM2IIKEl7YPhjCvKlG3kE2gm-uBo6nEXK3M5-Ffh-FLpKExzOQ3JJoJGFKBw--@3.0.1
+ nodelite-2-vNk6aEwybGtawWmy-PzwnGDOjCkLWSD2wqvjGGAgOAwCGWySYXfYoxt00IJkTF-8Lb57DwOb3Aa0o9CApepiYQ--@0.3.25
+ nodelite-2-vOD1GZez7kPdVA-UQit05QE9dbALfevhK9kqRTsqcPX7FvvZ9eQWSNl1GKmKtmRiAZGThv2agM5AvHRxkH2JSw--@0.4.0
+ nodelite-2-vVfA2IZ9q-J-gEamvj761Oq1FpWgCDaNOOIfbPVp2MVPLEomUr5-Vf7kJGwQ24YxZSlQVar7Bes8kyTo5Dshpg--@1.1.1
+ nodelite-2-vVqVZQyf3WLx2Shd0qJ9xuvqgAyKPLAiqITEtqW0oIUjzo3PePDd6fW9iFz30ef7Ysp-oiWqbhszeGWW2T6Gzw--@1.0.4
+ nodelite-2-vWPAkzpeTIsrurHfMubzMuqEw7vKzFhIJeEK5sEcLunyr1rlADwTzeWrHNbPMl66NAIAi70Dr1yNq-kahQyvMA--@3.11.6
+ nodelite-2-vYt7UD1U9Wg6138shLtLOvdAu-8DsC-ilFtEVHcH-wydcSpNE20AfSOduf6MkRFahL5FY7X1oU7nKVZFtfq8Fg--@2.3.1
+ nodelite-2-vZZio48k7ON0fVS3CUgFatWHoKbbLTK-rT7pzpJ4Bjp5JjkZeasRfrS9wsBdDJK2cJLHMckXZdzPSSr1B8a4oQ--@2.0.0
+ nodelite-2-vavAMRXOgBVNF6nyEEmL3DBK19iRpDcoIwW-swQ-CbGiu7lju6t-JklA1MHweoWtadgt4ISVUsXLyDq34ddcwA--@3.0.0
+ nodelite-2-vbRorB5FUQWvla16U8R-qgaFIya2qGzwDrNmCZuYKrbdSUMG6I1ZCGQRefkRVhuOkIGVne7BQ35DSfo1qvJqFg--@1.0.5
+ nodelite-2-ve2KP6f-JnbPBFyobGHuerC9g1FYGn-F8n1LWTwNxCEzd6IfqTwUQcNXgEtmmQ6DlRrC1hrSrBnCZPokRrDHjw--@6.19.8
+ nodelite-2-vemf7h3hvIDk3MxiiPryysfYgJDg8R72X46dRIeg0-cXKYxjPYou64-DTucSV2z5J6RC5JalINu0jIDaLhEILw--@3.0.0-rc.3
+ nodelite-2-viYIo9PefV-w9dvoIBh1gI44Mvx1BOk67B4BpC2QK77qdY0xZF0Q-vWLt-BII6cLkIc8rLmSIcJaB-OrXXKe1g--@9.3.5-canary.3
+ nodelite-2-viYN1KX9m--hGkJtvYYp-CCLgnJXwiQB39damAO7WMdKWlIhmYTfHjwSbQeUK-20vY154mwezd9HflVFM1wVSw--@1.0.4
+ nodelite-2-vjhkm2nrXoM39G4aP-U4CC5vFv-ZlMRSjbTII0N65J9R0EpgjdGswnHKS1KSjfGAp-9zKSNaojBgi0SxKnGapw--@0.0.3
+ nodelite-2-vjoU8zIfNgvJR3cMitgw7inEoi6bmuVuFawDl5yKtxjAEhDktFdRBpGS3WojD4l3BklBbIK689ssXcGf21LxRA--@2.7.6
+ nodelite-2-vkMXHQ0BcLFysBMWgSBLSk3-leMpFSyyFj8zQtv5ZyUBx8-owVh1-pPEkzmW-DR-Gy-5c8vjLDD9gZjXNKbrpA--@2.3.1
+ nodelite-2-vpeMIQKxczTD-0s2CdEWHcb0eeJe6TFjxb-J5xgX7hScxqrGuyjmv4c1D4A-gelKfyox0gJJwIHF-fLjeaM8kQ--@1.3.0
+ nodelite-2-vpm09aKwq6H9phqRQzecoDpD8TmVyGw70qmWlyq5onxY7tqyTTFVvxMykxQSQKILBSFlbXpypIw2T1Ml7-DDtw--@2.0.1
+ nodelite-2-vq24Bq3ym5HEQm2NKCr3yXDwjc7vTsEThRDnkp2DK9p1uqLR-DHurm-NOTo0KG7HYHU7eppKZj3MyqYuMBf62g--@2.1.5
+ nodelite-2-vsKArQsicm7t0z2GugkCKtZehqUm31oeGBV-KVSorWSy8ZlNAv7ytjFhvaryUiCUJYqs-NoE6AFhpQvBTM6Q4w--@3.0.0
+ nodelite-2-vvmsN0r7rguA-FySiCsbaTTobSftpIDIpPW81trAmsv9TGxg3YCujAxRYp-Uy8xmDgYCzzgulG62H7KYUFmeIg--@6.1.5
+ nodelite-2-vxhUy4J8lyeyinH7Azl1pdd43GJhZH-tP2weN8TntQblOY-A0XbT8DJk1-oCPuOOyg-Ja757rG0CgHcWC8OfMA--@1.0.4
+ nodelite-2-w2--E88NUbqql6uCVAsmMxDQKu7vsKV0KqhlQb0lL-RCq4zy07yXYptVNs13qrnuTfyX7uPXkXrlugvK9R1Ucg--@3.734.0
+ nodelite-2-w7ojc8ejBqr2REPsWxJjrMFsA-ysDCFICn8zEOR9mrqzOu2amhITYuLD8ag6XZf0CFXDrhKqw7-tW8cX66NaDA--@1.2.3
+ nodelite-2-wFH7-SEAcKfJpfLPkrgMPvvwnEtj8W4IurvEyrKsDleXnKLCDw71w8jltvfLa8Rm4qQxxT4jmDBYbJG-z7qoww--@0.1.8
+ nodelite-2-wGxZNV0m0NM-IXub61vkwoq3KD88joG45aYpS4-2ADnZLxnUe-Md1AH-ZMznIv5ZAppCXso7S0Tis3LLK85IGw--@3.738.0
+ nodelite-2-wIkAryiqt-nV5EQKqQpo3SToSOV9J0DnbJqwK7Wv-Trc92zIAYZ4FlMu-JPFW1DfGFt81ZTCGgDEabffXeLyJg--@2.0.0
+ nodelite-2-wK0Ri4fOGjv-XPy8SBHZChl8CM7uMc5VML7SqiQ0zG7-J5Vr-RMQDoHa2CNT6KHUnTGIXH34UDMkPzAUyapBZg--@2.2.1
+ nodelite-2-wKyQRQpjJ0sIp62ErSZdGsjMJWsap5oRNihHhu6G7JVO-9jIB6UyevL-tXuOqrng8j-cxKTWyWUwvSTriiZz-g--@4.2.3
+ nodelite-2-wRlta7GuLWpTqtFfGo-nZyOO1vEvewdNR1R4rTxpC8XU6vG-NDyrFBhwLZsqg1NUoR1noVaXJPC-7ZK47QCySw--@2.2.0
+ nodelite-2-wU87iWZoCbcqrwszsOewEIuq-SU2mSoBE2CcsLwE0I19m0B2gOJr1MVjxWcDQYOzHbR1xCk7AcOBbGFUYOKvdg--@4.0.1
+ nodelite-2-wUi01RrTDTOoGtjEPHsxlzPtVzVc3R-AZ5wfh0dyqMAqolhHAHvG5iQjBCTi2AjQqa77FWWbA3kE3RkD-bDMgQ--@1.2.4
+ nodelite-2-wa7YjyUGfNZngI-vtK0UHAN-lgDCxBPCylVXGp0zu59Fz5aiGtNXaq3DhIov063MorB-VfufLh3JlF2KdTK3xg--@3.0.1
+ nodelite-2-warwspo-UYUPep0Q-vtdVB4Ugn8GGQj8iyB3gnRWsztmUHTI3S1nhdiWNsPUGL0vud7JlRRk1XEu7Lq1KGTnMQ--@1.8.1

50 packages installed [350.00ms]
