Progress: resolved 1, reused 0, downloaded 0, added 0
Packages: +251
++++++++++++++++++++++++++++++++++++++++++++++++++++++++++++++++++++++++++++++++
Progress: resolved 251, reused 1, downloaded 249, added 250
Progress: resolved 251, reused 1, downloaded 250, added 251, done

dependencies:
+ nodelite-2-abv-qOcuPfk3URPfDzmZU1LKmuw8kT-0nIHvKrKgFrwifol-doWcdA4ZqsWQ8ENrFKkd67Mfpo-LovbIUsbt3w-- <- merge-stream 2.0.0
+ nodelite-2-aIL5Fx7mawVa300al2BnEE4iNvo1qETxLrPI-o05L7z6go7fCw1J6EQmbK4FmJ2AS7kgVF-KEZWufBfdClMcPg-- <- etag 1.8.1
+ nodelite-2-ak9Qy5Q7jYb2Wwcey5Fpvg2KoAc-ZIhLSLOSBmRmygPsGwkVVt0fZa0qrtMz-m6tJTAHfZQ8FnmB4MG4LWy7-w-- <- path-exists 4.0.0 (5.0.0 is available)
+ nodelite-2-aN97NXWF6AWBTahfVOIrB-NShkzi5H7F9r1s9mD3cDj4Ko5f2qhhVoYMibXF7GlLveb-D2ioWay8lxI97Ven3g-- <- entities 6.0.1 (8.0.0 is available)
+ nodelite-2-aOIos8bujGN93-8Ox-jPLh7RwVnPEysynVFE-fQZyg6jKELEHwzgKdLRFHUgXJL6kylijVSBC4BvN9OmsB48Rw-- <- parse-json 4.0.0 (8.1.0 is available)
+ nodelite-2-aQIfHDq33ExsN4jP1NWGXhxgQ-wixs60gDiKO-XVMd8Mn0NWPWgc34ZQDTb2jKaUWQ7MuwoitXAsN2XVXNMpAw-- <- @jest/environment 29.7.0 (30.2.0 is available)
+ nodelite-2-aQN24eziWuqK-EdFhhZ2Jr-CZgYxNfsP9r7DT7jCYgJWhZ8HPO39hyHcij14cMv41ZM8j0p8lmBnHYZwYN1Wyg-- <- @effect/language-service 0.23.5
+ nodelite-2-aSff4zPII1u2QD7y-F8oDsz19ew4IGEJg9SVW-bqwpwtfFleiQDMdzA-R-UlWDzfnHFCxxleFT0PMIrR36XLNQ-- <- @babel/plugin-syntax-nullish-coalescing-operator 7.8.3
+ nodelite-2-auHyJ4AgMz7vgS8Hp3N6HXSmlMdUyhSUrfBF16w153rxtLIEOE-HGqaBppczZvnHLqQJfiHotCYpNhl0lUROFQ-- <- get-tsconfig 4.10.1
+ nodelite-2-aW35yZM6Bb-4oJlZncMH2LCoZtJXTRxES17vE3hoRiowU2kWHaJKFkSBDnDR-cm9J-9QhXmREyIfv0pji9ejCQ-- <- decompress-response 6.0.0 (7.0.0 is available)
+ nodelite-2-ax0nv7PUF9NOVPs-lmQ7yIE7IQmAf8LGcXbMvHX5Gm-YJUYNAl340XkGnrimxZ0elXyoQJuN5sbg6C4evKA4SQ-- <- @typescript-eslint/types 8.37.0
+ nodelite-2-ayCKvm-phCGxOkYRSCM82iDwct8-EonSEgCSxWxD7ve6jHggsFl4fZVQBPRNgQoKiuV-odhFrGzQXZwbifC8Rg-- <- parse-json 5.2.0 (8.1.0 is available)
+ nodelite-2-b-YyPmr6ldyNnM6sqYeMWE-bgJcJpO6yS4QD7ymxgH34GBPNDM-THBh8iunyvKIZztiwLH4CJZ0RxTk9emgpjw-- <- @babel/plugin-syntax-class-static-block 7.14.5
+ nodelite-2-b-zebfKCfRdgNJDknHCob3O7FpeYQN6ZG6YLExMcasDHsCXlsXCEuiPZeLnJLpwa5dvPetGlnGCiMHuLwGvFow-- <- @smithy/util-utf8 4.0.0 (4.2.0 is available)
+ nodelite-2-b0P0sZPKtyu8HkeRAfCq0IfURZK-SuwMjY1UXGBU27wpAiTwQAIlq56IbIO-ytk-JjS1fMR14ee5WBBfKi5J6A-- <- aria-query 5.3.0 (5.3.2 is available)
+ nodelite-2-b6Ilus-c3RrdDk-JhLKUAQfzzgLEPy6wcXqS7f-xe1EETvsDP6GORG7SFuOs6cID5YkqchW-LXZbX5bc8j7ZcQ-- <- cac 6.7.14
+ nodelite-2-b94GiNHQNy6JNTrt5w6zNyffMrNkXZb3KTkCZJb2V1xaEGCk093vkZ2jk3tpaeP33-OiXC-WvK9AxUebnf5nbw-- <- lazystream 1.0.1
+ nodelite-2-bAxsR8BVfj60DWXHE3u30oHzfl4G7khkSuPW-qvpd7jFRHm7dLxOjUk1EHACJ-hxLY8phGJ0YhYHZo7jil7Qdg-- <- minizlib 2.1.2 (3.1.0 is available)
+ nodelite-2-bC7ElrdJaJnPbAP-1EotYvqZsb3ecl5wi6Bfi6BJTUcNowp6cvspg0jXznRTKDjm-E7AdgFBVeAPVMNcKGsHMA-- <- debug 2.6.9 (4.4.3 is available)
+ nodelite-2-bd-3Ap2TKXxljCggI0mKPfzCQKeV-TU4yO2h2C6vAihIo8tzseAn2e7klSuiyYYXvgu53zMN1OeYMIQkaQoWnA-- <- @changesets/config 3.1.1 (3.1.4 is available)
+ nodelite-2-bIomtDF5KGpdogkLd9VspvFzk9KfpyyGlS8YFVZl7TGPBHL5snIOnxeshwVgPteQ9b4Eydl-pVbIyE1DcvCWgQ-- <- chownr 2.0.0 (3.0.0 is available)
+ nodelite-2-bkOp-iumZCCbt1K1CmWf0R9pM5yKpDv-ZXtvSyQpudrI9kuFLp-bM2WOPXImuD-ceQuaa8f5pj93Y7zyECIGNA-- <- @eslint/core 0.15.1 (1.2.1 is available)
+ nodelite-2-bN798gFfQX-viw3R7yrGWRqnrN2oRkEkUjjl4JNn4E8GxxbjtG3FbrEIIY3l8-hrwUwIeCZvi4QuOTP4MErVug-- <- ansi-styles 6.2.1 (6.2.3 is available)
+ nodelite-2-bpC7GYwiDYQ4wYLe-FA8lhRjhQCMcQGuSgGGqDkg-QerRWw9CmGRT0iSOVRSZJ29NMLZgIzqaljJ63oaL4NIJQ-- <- path-exists 3.0.0 (5.0.0 is available)
+ nodelite-2-bRISgCIjP20-tbWSPWMEi54QVPRZExkuD9lJL-UIxUKtwVJA8wW1Trb1jMs1RFXo1CBTNZ-5hpC9QvmKWdopKw-- <- @jridgewell/resolve-uri 3.1.2
+ nodelite-2-brv7p5WgH0jmQJr1ZDDfKDOSeWWg-OVypG99A-5vYGPqJ6pxiaHLy8nxtFjBA7oMa01ebA9gfh1uMCFqOuXxvA-- <- simple-get 4.0.1
+ nodelite-2-bSjt9pjaEBnNiGgc9rUiHGKv5l4-TGzDmYw3RhnkJGtLhbnnA-5qJj7x3dNDCRx-PJxu774LlH8lCOlB4hEfKg-- <- unrs-resolver 1.11.1
+ nodelite-2-bTlAFB-FBYMcuX81gbL4OcpH5PmlFHqlCCpAl8AlEzMz5k53oNDvN8p1PNOWLEmI2x4orp3raOFB51tv9X-MFQ-- <- typed-array-byte-offset 1.0.4
+ nodelite-2-buewHzMvYL29jdeQTVILecSaZKnt-RJWjoZCF5OW60Z67-GmSLBkOFM7qh1PI3zFNtJbaZL5eQu1vLfazOwj4g-- <- formdata-polyfill 4.0.10
+ nodelite-2-bV0Tgo9K4hfPCek-aMAn81RppFKv2ySDQeMoSZuvTASywNTnVJCArCZE2FWqpvIatKu7VMRLWlR1EazvVhDyhQ-- <- @humanwhocodes/retry 0.4.3
+ nodelite-2-bVWawvoZoBYpp6yIoQtQXHZjmz35RSVHnUOTefl8Vcjr8snTPY1wnpSPMWekcFwbxI6gtmT7rSYPFvz71ldiOA-- <- pure-rand 6.1.0 (7.0.1 is available)
+ nodelite-2-bWlaZl2qsJKHv9BJgF1g6bQ04wK-7Topq9g59I795W9jpx9lNs9N5LK5NjlEBCDhHncrO0vcoAMuHJR3oWnTeQ-- <- babel-plugin-annotate-pure-calls 0.5.0
+ nodelite-2-bxveV4V8v5Yb4ncFTT3rPSgZBOpCkjfK0y4oVVVJwIuDVBRMDXrPyXRL988i5ap9m9bnyEEjWfm5WkBmtffLfA-- <- @humanwhocodes/module-importer 1.0.1
+ nodelite-2-bzyZ1e88w9O1iNJbKnOlvYTrWPDl46O1bG0D3XInv-9tkPrxrN8jUUTiFlDkkmKWgn1M6CfIA13SuGqOa9Korw-- <- signal-exit 4.1.0
+ nodelite-2-c4FRfUm-dbcWZ7U-1Wq0AwCyFL-3nt2bEw05wfxSz-DWpWsitgmSgYmy2dQdWyKC1694ELPqMs-YzUSNozLt8A-- <- node-fetch 2.7.0 (3.3.2 is available)
+ nodelite-2-c4Vs9t3r54A4Zpl-wo8-PGzZz3JWYsip41H-UrebRLjQ2Hk-ap63IeCgN-HWcYtxtyhRopjp7gW9nOQ2Snbl-g-- <- @effect/eslint-plugin 0.3.2
+ nodelite-2-c9h9dVVMigMPc4bwTvC5dxqtqJZwQPePsWjPlpSOnojbor6pGqdk541lfA7AqFQr5pB1BRdq0juY9db81BwyFw-- <- @types/deep-eql 4.0.2
+ nodelite-2-ca9pw9fomFcKPvFLXhBKUK90ZvGibiGOvRJNbjljY7s7uq-5YO4BOzcYtJqExdx99rF6aAcnRxHmcUHcz6sQsg-- <- esquery 1.6.0 (1.7.0 is available)
+ nodelite-2-cAGWPIyOHU6zlmg88jwm7VRyXnMN7iV68OGAbYDk-Mh-xC-pzVPlQtY6ngoIH-5-tciuhGfvESU8GrHrcxD56w-- <- test-exclude 6.0.0 (7.0.1 is available)
+ nodelite-2-cbqHunsQWnJNE6KhVSMsMeH5H-L9EpymbzqTQ3uLwNCLZ1Q481oWaofqH7nO6V07xlXwY6PhQdQ2IedWx-ZK4Q-- <- spdx-expression-parse 3.0.1 (4.0.0 is available)
+ nodelite-2-cBznnQ9KjJqU67B52RMC65CMarK2600WFnbkcaiwWq3xy-5haFJlshgnpjovMVJ-Hff49d8GEn0b87C5pDQ10g-- <- semver 5.7.2 (7.8.5 is available)
+ nodelite-2-cdGef-drWFoydD1JsMzuFf8100nZl-GT-yacc2bEced5f9Rjk4z-WtFUTBu9PhOi9j-jfmBPu0mMEY4wIdAF8A-- <- process 0.11.10
+ nodelite-2-cgwlv-1iFQiFnU96XXgROh8xTeetsnJiDsTc7TYCLFd9--WNkIqPTxiM-8pSd8VIrhXGTf1Ny1q1hquVqDJB5w-- <- domhandler 5.0.3
+ nodelite-2-chi4NHZlZqZD18a0imDHnZPrDeBbTtVN7GXMwuGdRH9qotxAjYs3aVLKc7zNOG9eddR5Ksd8rvFEBc9SsggPpg-- <- lodash.isarguments 3.1.0
+ nodelite-2-cIiJiPItdC2-Z9n30FmE2ef1y4522kgmOjMIoDtlD16jrOMNTUdB2u-CylLTy3REkWkWTS6w8Ub7skUthkeo5w-- <- react-native 0.80.1 (0.81.5 is available)
+ nodelite-2-cjkyv4OtNCIeqhHrfS81QWXoCBPExR-J62oyEqepVw8WaQeSqpW2uhuLPh1m9eWhDuOo-jUXVTlifvesOWp-4A-- <- acorn-walk 8.3.2 (8.3.5 is available)
+ nodelite-2-cjQ7ZlQ0Mv3b47hABuTevyTuYN4i-loJKGeV9flcCgIK37cCXRh-L1bd3iBHlynerhQ7BhCkn2BPbQUL-rGqFg-- <- @babel/code-frame 7.27.1 (8.0.0-beta.0 is available)
+ nodelite-2-cl669nCJTZBsL97OF4kUQm5g5hC2uihk0NxY3WENAC0TYdILVkAyHymAntgxGkl7K-t0cXIrH5siy5S4XkFycA-- <- acorn 8.14.0
+ nodelite-2-cSFtAPtRhljv69IK0hTVZQ-OfE9nePi-rtJmw5UjHeVyVroEqJXP1sFztKUy1qU-xvz3u-sfYJLa947b7nAN2Q-- <- simple-concat 1.0.1
+ nodelite-2-csOlWGAcRFJaI6m-F2WKdnMKr4HhdhFVBk0H-QbJFMCr-uO2kwohwXQPxw-9OCxp05r5ghVBFSyioixx3gfkNQ-- <- async-limiter 1.0.1
+ nodelite-2-cvwNfbP07pKUfq1uH-S6KJ7dT9K8WOE4ZiAcsrSes-UY55E-0jLYc-vq-DO7jlmqRb5zAggExKm0H7O-CBaesg-- <- @msgpackr-extract/msgpackr-extract-linux-x64 3.0.3
+ nodelite-2-cWd5Cd2kBMRM37dor8N9Ck4X0NzjYM3m8K6HtjodcOdOvzpXfrfhhM56jdseTl5Z4iB-pohzPJpSmFJctmuIpA-- <- @react-native/js-polyfills 0.80.1 (0.81.5 is available)
+ nodelite-2-cYQ9310grqxueWbl-WuIUIaiUaDcj7WOq5fVhEljNVgRfOUhY9fy2zTvfoqWsnebh8Sl70VScFbICvJnLKB0Og-- <- @jridgewell/sourcemap-codec 1.5.5 (1.6.0 is available)
+ nodelite-2-cZn6NDFE7wdTpINgs--ZJ4N49W2vRp8LCKrn3Ob1kYNtOo21vfDoaV5GzBfLU4MovSAB8uNRm4jgzVQZ-mBzPQ-- <- vite 6.3.5 (7.3.6 is available)
+ nodelite-2-d0F6m9itIPaKnrvEMlzE48UjwZaAnFW7Jwibacw9MNdqadjKNpUm9tfJYDwmShJmgqcoqYUX3EMKO1-RWiuuNg-- <- @types/node 18.19.119 (26.4.1 is available)
+ nodelite-2-d2JWLCivmZYTSIoge9MsgFCZrt571BikcWGYkjC1khllbTeDlGqZ2D8vD8E-lJa8WGWbb7Plm8-XJYV7IJHZZw-- <- web-streams-polyfill 3.3.3 (4.0.0-beta.3 is available)
+ nodelite-2-d8waShlpFDinQ5MtvGU9xDAOzKH47-FFoney2baFIoMr952hKOLp1HR7VszoZvOsV-4-RRszNY7D17ba0te0ig-- <- @babel/plugin-syntax-logical-assignment-operators 7.10.4
+ nodelite-2-d9T8ucsEhh8Bi1woXCf-TIKDIROLG5WCkxg8geBCbvk22kzwC5G2OnXVMO6FUsvQlgUUXQ2itephWDLqDzbeCw-- <- es-shim-unscopables 1.1.0
+ nodelite-2-d9xRovfKNz1SKieM0qJdO-PQonjnnIfSNWfHYnBSJ9hkjm0ZPw6HlxscDXYstp3z-7V2GOFHc-J0CYrYTjqCJw-- <- @sindresorhus/is 7.0.2 (7.2.0 is available)
+ nodelite-2-dcS1ul-9tmeD95T-x28-ehLgd9mENa3LsvDTtzm3vyBEO7RPptvAD-t44WVXaUjTBRcrpFeFlC8WCruUR456hw-- <- kind-of 6.0.3
+ nodelite-2-dcyqhDvX1C46lXZcVqCpK-FtMRQVdIMN6-Df5js2zouUsqG7I6sFxitIC-7KYK29KdXOLHdu9zL4sFnoVQnqaA-- <- ieee754 1.2.1
+ nodelite-2-dEYtS7qQP2CjU27QBC5oUOxLE-v5eLkGqPE0ZKEIDGMs4vKWe7IjgLOeauHsR0D5YuuycGRO5oSRXnwnmA78fQ-- <- @vitest/snapshot 3.2.4 (4.0.7 is available)
+ nodelite-2-dfUnCxiN9H4ap84DvD2ubjw-3vUNpstxa0TneY-Paat8a3R4uQZDLSvWjmznAY-DoahqTHl9V46HF-Zs3F29pg-- <- @parcel/watcher 2.5.1 (2.6.0 is available)
+ nodelite-2-dKx12eRCVIzqCxFGplyFKJMPvLEWgmNtUrpTiJIR5u97zEhRG8ySrtboPHZXx7daLxQVrl643cTzbab2tkQjxg-- <- for-each 0.3.5
+ nodelite-2-dOy-3AuW3a2wNbZHIuMZpTcgjGuLU-uBL-ubcZF9OXbDo8ff4O8yVp5Bf0efS8uEoYo5q4Fx7dY9OgQGXgAsQA-- <- color-name 1.1.4 (2.0.2 is available)
+ nodelite-2-dRB78srN-l6gqWulah9SrxeYnxeddIG30-GOqK-9OlLVyLg3HPnr6SqOWTWOXKRwC2eGYCkZ59NNuSgvSrpgOA-- <- node-fetch 3.3.2
+ nodelite-2-dRGXi6Do9ArQZt7205QGWZ1tD6k6xQNY-mAZBAtiaQYvKxFuNyiHYlFnSN8Co4AFCVOozo-U52sVAaHvlcmnew-- <- miniflare 4.20250709.0 (4.20260128.0 is available)
+ nodelite-2-dRLjCWHYg4oaA77cxO64oO-7JwCwnIzkZPdrrC71jQmQtlhM556pwKo5bUzqvZndkVbeFLIIi-9TC40JNF5hNQ-- <- @types/json5 0.0.29
+ nodelite-2-dSOvYwvyLsWBeIRyOeHXp5vPj5l1I011r52FM1-r1jCERv-aFXYk4whgQccYEGYxK2H3ZAIA8nuPkQ0HaUo3qg-- <- @babel/helper-module-transforms 7.27.3 (8.0.1 is available)
+ nodelite-2-dUcDaZtE-zN4RV-xqGrVSMpnEczxd5cIaoDeor7Zst9wOe-HzC-7eAaulywWGYXdDEc9oBPMjayVEDg0ziTLJA-- <- drizzle-orm 0.43.1 (0.44.7 is available)
+ nodelite-2-dW41u5VfLXu8SJh5bwRmyYUbAoSB3c9uQh6L8h-KtsFREPWpbX1lrljJo186Jc4nmci-sGUZ9a0a0J2zgfq2hw-- <- send 0.19.0 (1.2.1 is available)
+ nodelite-2-dwc59FRIsht-HfnTVM0BCjJaEWxdq2YAvEDy4-Hn6CwS3CBWMtFnL3aZGAkQn3XCYxk-YcTDE4jX2Q7bFTwCjA-- <- dependency-tree 10.0.9 (11.2.0 is available)
+ nodelite-2-dWHzHa2WqEXI-O1E9OjrocMTKJl2mSrEolh1Iomrv6U-JuNwaHXsXx9bLu5gG7BUWFIN0skIQJQ-L1rIex4X6w-- <- @types/estree 1.0.8 (1.0.9 is available)
+ nodelite-2-dYOZfUk57hSMPePoIQ1fZWl1Fkj-OshhEVuPacNKWzC1efe56OsHY3l-jCfiAgIICOU3VgOIdoq7ahg7r7n6MQ-- <- electron-to-chromium 1.5.185
+ nodelite-2-dYqgNSZbDwkaJ2ceRd9ojCGjBq-mOm9LmtXnAnEGyHhN-5R7iDW2TRw3h-o-jCFxus3P2LfWIIiwowAjANm7IA-- <- regexp.prototype.flags 1.5.4
+ nodelite-2-dyybb3AcajC7uha6CvhdVRJqaKyn7w2YKqKyAN37NKYgZT36w-iRb0Dymmc5qEJ549c-S31cMMSFd75bteCpCw-- <- @eslint-community/eslint-utils 4.7.0 (4.9.1 is available)
+ nodelite-2-e3nRfgfUZ4rNGL232gUgX06QNyyez04KdjFrF-LTRoOXmrOgFKDg4BCdsjW8EnT69eqdYGmRpJwiPVYNrCaW3g-- <- es-define-property 1.0.1
+ nodelite-2-e5iwyodOHhbMr-yNrc7fDYG4qlbIvI5gajyzPnb5TCwyhjApznQh1BMFou9b30SevY43gCJKXycoCBjMbsuW0Q-- <- function.prototype.name 1.1.8 (1.2.0 is available)
+ nodelite-2-e6-2qtNV99UT6DJSoLbHfkzfyqY84aIuoV8Xlb9-hZAjgpum8iVHprGeAMQ4rF6sKUAxrmY8rfF-vgAwoPc3gw-- <- @ts-graphviz/ast 2.0.7
+ nodelite-2-e7jT4DxYvIDLk1ZHmU-m-mB19rex9sv0c2ftBtjSBv-kVM-902eh0fINUzD7UwLLNR-jU585GxUJ8-EBfAM5fw-- <- @babel/core 7.28.5 (8.0.1 is available)
+ nodelite-2-eDT7iXoBTRZ2n3fLiftuGJFD-yjkiB1GNqzU2KbY1TLYeXeSPVTVgn2eJ5vmRTZ11978jy2Kg2wI7xa9Tyr8ag-- <- @azure/keyvault-keys 4.10.0
+ nodelite-2-edyXfjU6rK7Jt-2Pei4HI4tt2rgOBJ6MM79YbwAp60fU0XIQHEdaDdlVtpVjArVNfnaS0kMUG3WxGINjtDhOyQ-- <- @testcontainers/mssqlserver 10.28.0
+ nodelite-2-eeB5GfMNeevm-GRYq20ShmsaGcmI81kIX2K9XQx5miC8KdHaC6Jm0qQ8ZNeGOi7wYB8OsdxKs-Y2oVuTFuVwKQ-- <- generate-function 2.3.1
+ nodelite-2-eeH5JO-21J78qMvTIDdBXidBd6nG2kZjg5Ohz-1fpa28Z4CcsWUzJ1ZZyFq-3z3N17aZy-ZuBoHljASbL1WfOw-- <- jwa 1.4.2 (2.0.1 is available)
+ nodelite-2-eFuaLoy-Rxalv2kr-lqMlUnrDWV-3j4pljOIJgLIhI058IQfWJ7vXhyEIHu-HtC738klGALYxOKDO0bQP3tg8A-- <- defaults 1.0.4 (2.0.2 is available)
+ nodelite-2-eGuFFw7Upda-g4p-QHvnW0RyTX-SVeJBDM-gCtMARO0cLuT2HcEKnTPvhjV6aGeqrCB-sbNop0Kszm0jsaWU4A-- <- esprima 4.0.1
+ nodelite-2-eHw63TsiGtFEfAd7tOTZ-TLy-i-2ePKS20H84qCQ-aQ60pve05Okon9tKMC-YN3j6XyeFoHnaim7Lt9WVafQsA-- <- pg-cursor 2.15.3
+ nodelite-2-eIz2msL-EzL9UFTFFx7jBTkeZfku0yUAyZZZmJ93H2TYEiroIx2PQjEXcwYtYl8zXCxb-PAmA2hLIt-6ZEkPHw-- <- jest-worker 29.7.0 (30.2.0 is available)
+ nodelite-2-eljcgEDlEns-7AXFosB5K-2nCM4P7FQPkGc-DWLy5rmFEWvZayGrik1d9-QIY5nJ4f9YsVvBkA6kJpHn9rISdQ-- <- is-docker 3.0.0
+ nodelite-2-eLoBxg6wE-rZkJPhU-xRX1WTpkFEwDJEN96oxFrTsqBdbT5ec295Q-CoHrL9IT0DipqKhmGcaZmwOt8OON5x1w-- <- named-placeholders 1.1.3 (1.1.6 is available)
+ nodelite-2-eLoXW-DHyl62zxY4SCaIgnRhuMr6ri4juEYARS8E6sCEqzKpOiE521Ucofdx-KnDZl5xmvGYaaKCk5FEOxJCoQ-- <- stop-iteration-iterator 1.1.0
+ nodelite-2-ens7BiayssQz-uAxGzH8zGXCtiV24rRWXdjNha5V4zSOcxmAZsfGVm-PPFbwQdqEkDnhG-SyR9E3zSHUbOKXBQ-- <- docker-modem 5.0.6
+ nodelite-2-eNTPlAD67BmP31LDINZ3U7HSF8l57TxOY2PmBJ1shpCvpnxBF93mWCE8YHBnXs8qiUZJc9WDcWIeC3a2HIAMfw-- <- exit-hook 2.2.1
+ nodelite-2-enxc1h0jA-aq5oSDMvqyW3q89ra6XIIDZgCX9vkMrnz5DFTw-Ny3Li2lFQ-pt3L6MCgm-5o2o8HW9hiJji-xvw-- <- pg 8.16.3
+ nodelite-2-ePrwPfxAnB-7hgnEr8vpKxL9cmnp7F322t8oqcPshbIQQhDKgFDW4tjhF2wjVbdXF9O-nyuy3sQWd9JGpiLPvA-- <- react-devtools-core 6.1.5
+ nodelite-2-eVRqCvVlZbuw3GrM63ovNSNAeA1K16kaR-LRY-92w0zxQ5-1YzwblUX652i4Xs9RwAGjW9d9y6X88t8OaAJfWQ-- <- is-arrayish 0.3.2 (0.3.4 is available)
+ nodelite-2-eXK1UInq2bPmjyX6e3VHIzMLobc4J94i4AWn-Hpq3OU5KkrRC96OAcR3PRJ-pGu6m8TRnBHP9dkXQVsT-COVIA-- <- is-windows 1.0.2
+ nodelite-2-ez3a2it5Fn6P54W8QkbfIyyIbxlXvcxyWHHvno1Wg0Ej5eiJY5hBb8ExttoIOJJk7V2dZE6prP7iby5q2aQ0Lg-- <- @babel/preset-flow 7.27.1
+ nodelite-2-eZ5H8rcgYazHbKC3PG4ClHNykCSxtAhxSSEM-2mb-7evD2CKF5V7c0dNum7AdpDh0ZdICwZY9sRSn8f-KH96sg-- <- import-fresh 2.0.0 (3.3.1 is available)
+ nodelite-2-f3qQ9oQy9j2AhBe-H9VC91wLmKBCCU-gDOnKNAYG5hswO7BLKj09Hc5HYNz9cGI--xlpDCIgDaitVs03ATR84Q-- <- fast-deep-equal 3.1.3
+ nodelite-2-f7ccFPK3SXFHpx15UIGyRJ-FJQctuKZ0zVuN3frBo4HnK3cay9VEW0R6yPYFHC0AgqhukPzKjq22t5DmAyqGyw-- <- flat-cache 4.0.1 (6.1.7 is available)
+ nodelite-2-fB2V0JFrQSMsCo9HiSq3Ezpdv4iYaXRG1Sx8edX3MwxfyNn83mKiGzOcH-Fkxt4MHxr3y42fQi1oeAInqgX2QA-- <- @vitest/utils 3.2.4 (4.0.7 is available)
+ nodelite-2-fCqPIfOcLE-CGqGPd66c8bZpwAji98tZ4JI9i-mlTNTlsIWslCfpg48s-ypyLxZTump5sypjrKn2-kY7q8oAbA-- <- @azure/logger 1.3.0
+ nodelite-2-fcwX4mndzpLQKBS1DVYhGAcYaYt7vsHNIvQV-WXMvnow5cgjPphq5CaayLaGsjRdSCKZFNGt7-GYAuXaNOiYCA-- <- throat 5.0.0 (6.0.2 is available)
+ nodelite-2-fGxEI7-wsG9xrvdjsrlmL22OMTTiHRwAMroiEeMgq8gzoLC-PQr7RsRDSTLUg-bZAZtF-TVIkHc6-4RIKrui-Q-- <- require-directory 2.1.1
+ nodelite-2-fHNwawoA2LM7FsxhU-1lTRGq9n6-Q8k861eHgN7GKtamYt9Qrxpg-ZSrev8o1WX7fQ2D3Gg3-uvYN15PmsG7Yw-- <- flow-parser 0.275.0
+ nodelite-2-fKzAra0rGJUUBwGBgNkHZuToZcn-TtXHpeCgmkMJMMYx1sQDYaCSyjJBSCa2nH1DGm7s3n1oBnohoVTBaN7Lww-- <- is-wsl 2.2.0 (3.1.1 is available)
+ nodelite-2-fm4idjKla0YahUNgFNLCB0qySdsoPiZP3iQE3rky0mBUtMZ23yDJ9SJdg6dXTSDnulOVqiF3Hgr9nbXvXTQZYA-- <- @babel/plugin-syntax-class-properties 7.12.13
+ nodelite-2-fNzuVyifolSLFL4NzpF-wEF4qrgqaaKX0haXPQEdQ7NKAN-WecoKMHV09YcuL-DHxrUsYQOK3MiuDf7Ip2OXfQ-- <- minipass 4.2.8 (7.1.3 is available)
+ nodelite-2-fo-QhuU3qE-2TQMQmbVMqaQ6EWbMhi4ABWP-O4AM1NqPBuy0OrApV5LO6BrrgnhtAHS2NH6RrVk9OL181tTi8A-- <- @manypkg/get-packages 1.1.3 (2.2.2 is available)
+ nodelite-2-fP8u2pyfqx0K1rGn1R9pyE0-KTn-G7PxktWidOBTqFPLYX0b9ksaMFkhK5vrS3DVun09pckLdlx90QthlW7AmA-- <- jest-haste-map 29.7.0 (30.2.0 is available)
+ nodelite-2-fXSwMQqitTGeHLBC08Eq5yXz2m37E4pJX1qAU1-2cNedz-ifv-bVXft90VeSav5nFO61EcNgwr0aJxbyPaWBPg-- <- @babel/helper-annotate-as-pure 7.27.3 (8.0.0-beta.0 is available)
+ nodelite-2-g1MWMLBiz8FKi1e4w0UyVL3w-iJceWAFBAaBnnGKOpNa5f8TLktkbre1-s6oICydWAm-HRUGTmI---xv2hvXYA-- <- json5 1.0.2 (2.2.3 is available)
+ nodelite-2-g6QUff04oZpHs0eG5p83rFLhHeV00ug-Yf9nZM6fLeUrPguBTkTQOdpAWWspMh55TZfVQDPaN3NQJfbVRAxdIw-- <- reusify 1.1.0
+ nodelite-2-g7nH6P6dyDioJogAAGprGpCtVImJhpPk-roCzdb3fIh61-s-nPsfR6onyMwkCAR-OlC3yBC0lESvUoQEAssIrw-- <- depd 2.0.0
+ nodelite-2-g9Q1haeby36OSStwb4ntCGGGaKsaVSjQ68fBxoQcutl5fS1vuY18H3wSt3jFyFtrkx-Kz0V1G85A4MyAdDMi2Q-- <- slash 3.0.0 (5.1.0 is available)
+ nodelite-2-gDKb8aZMDeD-tZWs9P6-q0J9Mwkdl6xMV8TjnGP3qJVJ06bdMgkbBlLU8IdfOsIsFz2BW1rNVT3XuNEl8zPAvw-- <- path-type 4.0.0 (6.0.0 is available)
+ nodelite-2-ghgmKt5o4Tly5yEG-UJp8qTd0AN7Xalw4XBtDEKP655B699qMEtra1WlXeE6WIvdEG481JvRxULKsInq-iNysw-- <- serialize-error 2.1.0 (8.1.0 is available)
+ nodelite-2-gIXjKqtFuWEgzFRJA9WCQeSJLZDjgJUOMCMzxtvFq-37KojM1BFGufqsCy0r4qSQmYLsZYMeyRqzIWOMup03sw-- <- foreground-child 3.3.1
+ nodelite-2-gkco-qxENJV-8vFcDiiFhuoSvRXb2a-QPqpSoWhVz829VNJfOTnELbBmPmNKFxf3xdNnw4DWCkzkDaavcX-1YQ-- <- app-module-path 2.2.0
+ nodelite-2-gKLcREMhtuZRwRAfqP3RFW-TK4JqApVBtOIftVgjuABpAtpxhPGaDcfvbhNvD0B8iD1oUr-txX35NjcaY6Ns-A-- <- mkdirp-classic 0.5.3
+ nodelite-2-gMd39gIfVb2OgxldxUtOwGJYSH8P1kVFFlJLuut32L6KgUC4gl1dMhn-YC2mGn0bDOiQYSk-uHOdSjuKp58vvA-- <- @opentelemetry/otlp-exporter-base 0.208.0
+ nodelite-2-gNCGbnnnnFAUGKeZ9PdbyeGYJqewpmc2aKHUEMO5nQPWU9lOmv7jcmQIv-qHD8fXW6W7qfuCwX4rY9LNRjXrkQ-- <- is-bun-module 2.0.0
+ nodelite-2-gphr-v0mv2I3Oxt19VdWRRUxq3sseyUpX9DaHpTUmLj92Y10AGy-XOtV-kbM6L-fDcpx7-ISDFK6T8A-P3lOdQ-- <- @changesets/get-dependents-graph 2.1.3 (2.1.4 is available)
+ nodelite-2-gPWxznF6TKmUHrOQjlVo2UbaL2EJ71mb2CCeRs-2qBpi4L-g4LUVc9-3lKQ6DTUZwJswfM7ainGrLO1-fOqa2g-- <- lighthouse-logger 1.4.2 (2.0.2 is available)
+ nodelite-2-gQpnTgkubC6hQgdIcRdYGDSDc-SaujOdyesZQMv6JlfQee-9Mp0Qhnys6WxDWvQnL5WZdT7o2Ul187aSt0Rq-w-- <- vlq 1.0.1
+ nodelite-2-gQxTNE-GAfIIrmHLUE3oJyp5FO6HRBfhjnw4-wMmA63ZGDJnWBmgY-lyQBpnDUkGmAhbSe39tx2d-iTOAfglwQ-- <- bser 2.1.1
+ nodelite-2-gtF186CXhIl1p4pJNGZw8Yc6RlshoePRvE0X91oPGb3vZ8pM3qOS9W9NGPat9LziaBV7XrJWGylNQXkGcnM3IQ-- <- @eslint/eslintrc 3.3.1 (3.3.7 is available)
+ nodelite-2-gXah6aZrcUxjWg2zR2MwouP2eHlCBzdV4pygudehaKXSGW4v2AsRQUK-lwwXhii6KFZcunEnmSUoYp5CXibxtA-- <- object.values 1.2.1
+ nodelite-2-gyPJuv83bHMpocVYoqof5VDiZveEoGoFL8m3BXNb2VW8Xs-rz9kqO8LOQ5DH6EsuvilT1ApazU0pyl-ytbPtlw-- <- is-hexadecimal 1.0.4 (2.0.1 is available)
+ nodelite-2-gytXUbs8k2sXS9PnQptz5o0QnpLL51SwASIORY6XaBKF88nsOT0Zw9szLqlSGQDP-4TljBAD5y98p2U1fqkdsw-- <- @babel/helper-module-transforms 7.28.3 (8.0.1 is available)
+ nodelite-2-gzUt-qt81nXsFGKIFcC3YnfEAx5NkunCfnDlvuBSSFS02bcXu4Lmea0AFIUwbLWxWPx3d9p8S5QoaujKcNQxcQ-- <- zod 3.25.76 (4.3.6 is available)
+ nodelite-2-h-NUaSyG5EyxBIp8YRxo4RMe2-qQgvyowRwVMzhYhBCONbW8PUsg4lkFMrhgZhUe5z3L3MiLDuvyJ-CaPa2A8A-- <- @types/babel__template 7.4.4
+ nodelite-2-h3Fbisa2nKGPxCpm89Hk33lBLsnaGBvctQopaBSOW-uIs6FTe1ATyAnKFJrzVs9vpGdsTe73WF3V4lIsk4Gacw-- <- wsl-utils 0.1.0
+ nodelite-2-h5-1OzzfCC3Ef7VbtKdcv7zsstUQwUDlYpUTvjeUsJAssPgLn7QzbboPtL5ro04Mq0rPOsMzl7q5hIbRs2wD1A-- <- fast-check 3.23.2
+ nodelite-2-h5bgJWpxJNswbU7qCrV0tIKQCaS3blPDrqKWx-QxzuzL1zGUzij9XCWLrSLsJPu5t-eWA-ycetzYAO5IOMcWAQ-- <- lz-string 1.5.0
+ nodelite-2-h5k-5U50IJJFpzfL6nO9jaaumfjO-f2NjK-oYB2Djzm4p9L-3T9qWpZqZ2hAbLPuuYq9wrU08WQyBTL5GbPk5Q-- <- deep-eql 5.0.2
+ nodelite-2-h5PpgXkWitc38BBMYawTYMWJHFZJVnBquFE57xFpjB8pJFiF6gZ-bU-WyI-yqXiFR5mdLsgYNaPe8uao6Uv9Og-- <- is-plain-object 2.0.4 (5.0.0 is available)
+ nodelite-2-h8lQ8tacZYnR3vNQTgibj-tODHI5--l06Au2Pcriv-Gmet0eaj4TwWH41sO9wnHDiQsEj19q0drzdWdeAHtweg-- <- abort-controller 3.0.0
+ nodelite-2-haPVm1EkS9pgvHrQ-F3Xy-hgcuMV0Wm9vfIBSiwZ05k-xgb0PkBQpGsAA-oWdDobNaZTH5ppvHtzCFbnSEwHVw-- <- sharp 0.33.5 (0.34.5 is available)
+ nodelite-2-hCv9AqTQ8ycjpSd3upOJd7vFwW1JaoYQ7tpham03GJ1ca8-65rqn0RpaWpItOAd6ylW9wAw6luXYPJIyPFVOww-- <- anser 1.4.10
+ nodelite-2-heTSIac3iLhsmZhUCjyS3JQEkZELateufzZuBaVM5RHXdSBMb1LPMQf5x-FH7qjsZYDP0ttAc3nnVpUB-wYbOg-- <- undici 7.11.0 (8.10.1 is available)
+ nodelite-2-hFoiJiTl63nn-kstHGBtewWSKnQLpyb155KHheA1l39uvtO9nWIop1p3udqPcUd-xbF1VLMO4n7OI6p7RbngDg-- <- is-stream 2.0.1 (4.0.1 is available)
+ nodelite-2-hHyapA4A3gPaDCNfiqyZUStTMqIkKRshqPIuDOXv1hcBnD4U3l8cP0T1HMCfGRxQ6V64TGCcoswChANyOAwbQg-- <- @emnapi/runtime 1.4.4 (1.8.1 is available)
+ nodelite-2-hiFoqpyZcfNm1yc4u8oWCf9A2c4D3QjCrks3zmoVKVxpQRzmPNar1hUJcBG2RQHvEVGDN-Jm81ZheVLAQMK6-w-- <- fdir 6.4.6 (6.5.0 is available)
+ nodelite-2-hkRX8U1WjJFd8LsDJ2yQ-wWWxaopEsABU1XfkM8A-j0-85JAGppt16cr1Whg6KIbb4okU6Mql6BOj-uup-wKeA-- <- string_decoder 1.3.0
+ nodelite-2-hMQ4CX1p1izmuLYyZqLMO-qGNw10wSv9QDCPfzXfyFrOaCSSoRfqE1Kf1s5an66J5JZC62NewG-mK49jOCtQew-- <- external-editor 3.1.0
+ nodelite-2-ho7XuGjLaJ2hWHoK8yFnsUGy2Y5uDpqSTq1FkHLK4-oqKtyUU1AFbOOxY4IpC9f0fTLjwYbslUz0Po5BpD1wrA-- <- youch-core 0.3.3
+ nodelite-2-hoG9RIv42kdGJiieyElgWcKCTaw5S6Jqwyd1gLSVdsJ3-8MVm8e4yLronThiRJI9DazFAAs9xfB9nWeMQ2DWKA-- <- lmdb 3.4.1 (3.4.2 is available)
+ nodelite-2-hOS089on8RduqdbhvQ5Z37A0ESjsqz6qnRcffsMU3495FuTdqSm-7bhJ29JvIOsBDEEnan5DPu9t3To9VRlMzA-- <- readdirp 3.6.0 (5.1.1 is available)
+ nodelite-2-hr3Wtp-GZIc-6DAGPDcV4-9WoZhjrkXsi5B-07QgX8tsdc6ilr7BFM6PM6rbdAX1kFSDYeZGLipIZZKyQP0O5Q-- <- seq-queue 0.0.5
+ nodelite-2-hsBTNUqQTDwkWtcdYI2i06Y-nUBEsNEDJKjWdigLvegy8kDuJAS8uRlpkkcQpyEXL0Z-pjDy5HBmMjRCJ2gq-g-- <- ignore 5.3.2 (7.0.8 is available)
+ nodelite-2-hsU18Ae8CDTR6Kgu9DYf0EbCr-a5iGL0rytQDobUcdpYOKokk8LEjVphnXkDkgpi0wYVsqrXuP0bZxJaTqdgoA-- <- async-function 1.0.0
+ nodelite-2-htCUDlxyyCLMgaM3xXg0C0LW2xqfuQ6p05pCEIsXuyQ-a1koYKTuBMzRNwmybfLgvJDMd0r1LTn4-E0Ti6C2AA-- <- async 3.2.6
+ nodelite-2-hUrmaWBdVDcxvYqnyh09zunKzROWjbZTiNy8dBEjkS7ehEDQibXJ7XvlmtbwuTclUiIyN-CyXQD4Vmko8fNm8w-- <- why-is-node-running 2.3.0
+ nodelite-2-hwawtob9DryoGTpixy1D3ZXbGgJu1Rhr-ySH2PvTLHvkZuQ7sRT4oQwMh0hbqZH1weAooedEjRsbrWcGLCeyVQ-- <- @changesets/get-version-range-type 0.4.0
+ nodelite-2-hx--upLv5U1rgYfwe1xBQUhRmU41NEvpUvrp8jkrSCdvGSnM5-qdRMtylJ6PG5OFkBaHkbTAKTnd3-YyESRHFw-- <- @babel/plugin-syntax-top-level-await 7.14.5
+ nodelite-2-hXdUTZYIVOt1Ex--jAQi-wTZZpUpwBj-0QsOzqegb3rGMMeJiSEu5xLHnYfBrRV4RH2-OCSOO95Is-7x1WJ4bw-- <- make-dir 4.0.0 (5.1.0 is available)
+ nodelite-2-i-2XbnSz-uxRCU6-NdVJgKWDTM427-MqYbkQzD321DuCQJUqOuJKIA0IM2-W2xtYHdKOmZ4dR6fExsd4SXL-WQ-- <- event-target-shim 5.0.1
+ nodelite-2-i-hbxIE9803Alj-6ytL7UHQxRvZkI9O4Sy-J3HGc4F4oo-2eQAjTSNJ0bfxyse3bH0nuVesCk-3IRLaMtG3H6w-- <- postgres-range 1.1.4
+ nodelite-2-i1h-y50g-0hRbBD-dbnInl3JlJ702aar58snAeX-MxBAPvzXGej7sYoPMhlnykabt0ZzCJNBEyzMlekuQZN7fA-- <- is-relative-path 1.0.2
+ nodelite-2-iBMyeEHxfVnIakwOuDXpVkc54HijNgCyQB2w0VfGQThle6NXn50zU6V-u-LDhxHcDUPojn6Kpga3PTAD8W1bQw-- <- character-entities 1.2.4 (2.0.2 is available)
+ nodelite-2-iG0TIdqv8xJ3Lt9O8DrPRxw1MRLjNpoqiSGU03P-wNLP-s0ra0udPJ1J2Tx5M0J3H-cVyEgpbn8xUKRY9j59kQ-- <- @poppinss/dumper 0.6.4 (0.6.5 is available)
+ nodelite-2-iHZWu-q3IdFZFX36ro-lKBkSvfkztY5Y7HMiPlOUjhupPcG2JMfst2KKEpu5XndviX-3UhFbRngUPNKtgvtZiA-- <- queue 6.0.2
+ nodelite-2-iJt33IQnVRkqeqC7PzBHPTC6fDlRNRW8vjrgqtScAhrmMwe8c4Eo7-fUGTa-XdWrpEgpyKWMYmi2dIwMAYRzPw-- <- @types/mime 3.0.4
+ nodelite-2-iKE9w-Z7xCzUMIZqdBsp6pEQvwuEebH4vdpjcDWnyzaI6yl6O9FHvVpmGelvEHNsoY6wGblkxR6Zty-h00WiSA-- <- safe-push-apply 1.0.0
+ nodelite-2-ikqdkGAAyf-X-gPhXGvfgAytDZtDbr-bkNUJ0N9h5MI-dmdgCs3l6hoHrcUv41sRKew3jIwrp4qQDXiK99Utww-- <- on-finished 2.3.0 (2.4.1 is available)
+ nodelite-2-iND4mcOWhPaCNh54WmK-KoSb35AFqPAUWFMffTQcp52uQt36b5uNwEJTSXntJZBbeGad72Crbi-hvDIv6us-6Q-- <- dockerode 4.0.9
+ nodelite-2-iPAjerrse27-ygGLxw-EBR9agv9Y6uLeYVJMu-QNCoouJ1-1ri0mGrcWpfCqFZuzzx3WjtwxG098X-n4OuRkPg-- <- is-set 2.0.3
+ nodelite-2-iPZK6eYjbxRu3uB4-WZ3EsEIMJFMqAoopl3R-zuq0UjcAm-MO6KCweDgPfP3elTztoKP3KtnVHxTn2NHBSDVUw-- <- locate-path 6.0.0 (7.2.0 is available)
+ nodelite-2-iq6eVVI64nQQTRYq2KtEg2d2uU7LElhTJwsH4YzIHZshxlgZms-wIc4VoDQTlG-IvVIrBKG06CrZnp0qv7hkcQ-- <- strip-ansi 7.1.0 (7.2.0 is available)
+ nodelite-2-iUKgm52T8HOE-makSxjqoWhe95ZJA1-G1sYsGev2JDKUSS14KAgg1LHb-Ba-IPow0xflbnSkOsZcO08C7w1gYw-- <- @js-sdsl/ordered-map 4.4.2
+ nodelite-2-iwDZqg0QAGrg9Rav5H4n0M64c3mkR59cJ6wQp-7C4nI0gsmExaedaYLNO44eT4AtBBwjbTiGPMlt2Md0T9H9JQ-- <- undici-types 6.21.0 (8.3.0 is available)
+ nodelite-2-iwksMs5Bf-wUItfcg-OXrEpravm5rEd9Bf4oyIPL4kVTmJQ7PNDSd6MDYkpSJR1pn7tz-k8Zf2DhTCqX08Ou-Q-- <- @changesets/parse 0.4.1 (0.4.3 is available)
+ nodelite-2-ix-FxPn0MDjeyJ7i-yoHGFt-EX6LyNbxSEhPPXODPL-KB0VPk86UYfL0lMdy-KCnv-fmvIzySwaK5COwqVbWTQ-- <- asn1 0.2.6
+ nodelite-2-j-gKExEuLmKwvz3OgROXtrJ2UG2x8Ch2YZUxahh-s1F2HZ-wAceUNLkvy6zKCPVRkU--ZWQrdxsUeQXmcg4uoQ-- <- @protobufjs/aspromise 1.1.2
+ nodelite-2-j3fVLgvTo527anyYyJOGTYJbG-vnnQYvE0m5mmkc1TK-nxAppkCLMIL0aZ4dblVCNoGShhm-kzE4ZUykBoMg4g-- <- ajv 6.12.6 (8.9.0 is available)
+ nodelite-2-j6PAQ2uUr79PZhBjP5C5fhl8e39FmRnOjsD5lGnWrFU8i2G776tBK7-nP8KuQUTTyAZUwfQqXAgrVH5MbH9CYQ-- <- espree 10.4.0
+ nodelite-2-j6vWzfrGVfyXxge-O0x5sh6cvxAog0a-4Rdd2K36zCMV5eJ---tOAngRO8cODMNWbVRdVlmGZQL2YS3yR8bIUA-- <- es-set-tostringtag 2.1.0
+ nodelite-2-j9ednRT81vYJ9OfVuXG6ERSTdEL1xVsNgqpkxMsbIabzSo3goCjDIveeGv5d03om39ML71RdmrGNjG5SReBP-Q-- <- @protobufjs/eventemitter 1.1.0
+ nodelite-2-jb65zDeHyDjFR1loOVk0HQGM5WNwoGB8aLWy3LKCieMKol0-ProHkhO2X1JxojuN10vbz1qNn09MJ7tNp7qMzw-- <- get-amd-module-type 5.0.1 (6.0.1 is available)
+ nodelite-2-jbzDw1q-BkwKFq9yxhjAJ9rjKldbt5AgIy1gmEIJjEV-WRxQ3B6HcLVkwbjJ3RcMif86BDNKR846KJ0tY0aOJA-- <- @opentelemetry/exporter-trace-otlp-http 0.208.0
+ nodelite-2-jCvmsr-1IUSMUyzOkRcvnVbX3ZYC6g9TDrDbFuFmRDq7PD4yaGbLKNQL6k2jnArV8hjYxh7hVhAZB6s9HDGpZA-- <- react-refresh 0.14.2
+ nodelite-2-jEQoCwk8hyb2AZziIOLhDqpm5-2ww5uIE6lkO-6jcOCusfk6LhMHpXXfBLXTZ7Ydyt0j4VoUQv6uGNYbdW-kBA-- <- es-module-lexer 1.7.0 (2.3.2 is available)
+ nodelite-2-jhIXaOzy1sb8IyocaruWSn1TjmnBVs8Ayhcy83rmxNJ8q2uWKCAj3CnJY-KpGSXCueAPc0i05kVvVKtP1t9S3g-- <- globby 11.1.0
+ nodelite-2-jJ0bqzaylmJtVnNgzTeSOs8DPavpbYgEr-b0YL8-2GO3xJEhInFmhKMUnEJQjZumK7KXGFhUy89PrsJWlakBVg-- <- chownr 1.1.4 (3.0.0 is available)
+ nodelite-2-jl-x31n4-w-wEqm0I2r4CMimukLbLQEYpisys5oCre611CI5fc9TxhqkBBCJ1edDG4Kza0f7CgNz8xVMLZQOmQ-- <- hermes-estree 0.29.1 (0.32.0 is available)
+ nodelite-2-jmTjYU0j60B-vHey6TfR3Z7RD61z-hmxBS3VMSGIrroOWXQEneK1zNuotOUrGyBHQj0yrpsLHPWtigEFd13ndA-- <- ws 6.2.3 (8.5.0 is available)
+ nodelite-2-jn9vOIK-nfqoFCcpK89-VCVaLg1IHE6UVfDOzvqmANaJ-rWCTEdH8RZ1V278nv2jr36BJdyQXIAavBLXpzdlag-- <- node-source-walk 6.0.2 (7.0.1 is available)
+ nodelite-2-jnIre8cbWOyvr8a5F2KuqBnY-SDA4NXr-hzEZJG79Mxm2WiFQz2dzhC8ibtPJS7zkmBEl1mxSwp5HhC1W4qpxw-- <- requirejs-config-file 4.0.0
+ nodelite-2-jRCJlojKnZ3addtTOjdIqoRuPEKBvNXcGYqzO6zWZX8KfKEpnGY5jfggJQ3EjKuu8D4bJRr0y-cYJFmYbImXGw-- <- tmp 0.0.33 (0.2.7 is available)
+ nodelite-2-jSCU7-VB1loIWBZe14aEYHU--1UMEHoaO7qxCOVJOw9GgH72VAWppxNcjU-x9a2k3GSIBXNKxXQFqRvvZ7vr3A-- <- mime 3.0.0 (4.1.0 is available)
+ nodelite-2-jSmxKJNJmHySi6hC42zlZnq00rga4jjxcgNZjY9N5WlOe-iOoGRtdwGsHzQv2RlH2KOYMwGUXhf2zXd32BA9RA-- <- bare-stream 2.6.5 (2.7.0 is available)
+ nodelite-2-jsuVWeIkb6ggzB-wPCsR4e6loj-rM72ohW6IBn2C-5NCvfUVY8s33iFPySSVXqtm5Hu29Ne-9bnA0JmyLmgenA-- <- @typescript-eslint/eslint-plugin 8.37.0
+ nodelite-2-jumlc0BIUrS3qJGgIkWZsyfAM7NCWiBcCDhnd-3NNM5KbBmLTgHVfWBcg6W-rLUsIpzpERPsvwUP7CckAQSOoA-- <- lru-cache 7.18.3 (8.0.5 is available)
+ nodelite-2-jVZGvOxOuNSsuQuLRTh13nU0AogFlw32w-MT-LV6D3sP5WdbW61E77RnkbaO2dUvmPAYrBDJXGn5gGS6tH4j8g-- <- @babel/parser 7.28.0 (8.0.4 is available)
+ nodelite-2-k-vGaX4-Yla3WzyMCvTQOXYeIHvqOKtnqBduzTHpzpQZzAskKMhZ2K-EnBiSM9zGSoIFeMpXKxa4dYeZIQqewQ-- <- inherits 2.0.4
+ nodelite-2-k3Z5tB4LQ8UVHkuMrFOlvb3GgFWdJ9NqAa2YLUU-jTaWJIm-JJnEh4PsMc-6dfT223Y8ACKOaC0qcj7diIhBKw-- <- detective-es6 4.0.1 (5.0.1 is available)
+ nodelite-2-k6E21FzySsSK5a21KRADBd-NGneRegFO5pLHfdQLpRDETUNJueLXs3WCzyQ3tFRDYgbq3KHGXfTbi2bs8WQ6rQ-- <- object.fromentries 2.0.8
+ nodelite-2-k8MHony59I5EPic6EQTCNOuPoVBnoYXkP-20xvwFjN7t0qI3ImyvyBgg-hIVPwC8JaxVjjUZld-cLfBLFDLucg-- <- @eslint/compat 1.3.1 (2.0.1 is available)
+ nodelite-2-k92I-b08q4wvFscXCLvqfsHCrjrF7yiXsQuIVvVE7N82W3-aqpzuUdBbfhWcy-FZR3-4IgflMgKLOsvPDrGCJA-- <- inflight 1.0.6
+ nodelite-2-kbpaSSGJTWdAY5KPVeMOKXSrPtr8C8C7wodJbcsd51jRnmD-GZu8Y0VoU6Dm5Z4vWr0Ig-1NKuWRKf7j5aaYSg-- <- onetime 5.1.2 (7.0.0 is available)
+ nodelite-2-kdSefcPdruJiFMVSbn801t4vFK7KB-5gd2fYvrxhuJYg8ILrmn9SKSX2tZdV6V-ksulWqS7aXjBcRXl3wHoD9Q-- <- @protobufjs/inquire 1.1.0
+ nodelite-2-kFowLnWACt3bEsuVsaRNgwplT8U7kETnaFHaZePlARz4Fg8tZtmRDUmjaD68CGAwc0rwdwNCkWizLYpnyVcs2g-- <- metro-resolver 0.82.5 (0.83.2 is available)
+ nodelite-2-kHt7kzLoS9VBZfUsiKjv43mr91ea-U05EyKkEtqp7vNbHxmaVuEqN7XxeEVnGrMtYOAxGrDElSi96K7EgO1zCA-- <- parse-ms 2.1.0 (4.0.0 is available)
+ nodelite-2-kHxr2zZpYtdmrN1qDjrrX-Z1rR1kG8Dx-gkpK1G4eXmvXswmcE1hTWBWYUzlraYw1-yZp6YuDY77YtvbN0dmDA-- <- shebang-command 2.0.0
+ nodelite-2-kJ10lIMSWMJkLkkCG5gt927SnGZcBuG0s0HHswGzcHTgvtUe7yk5-3zTEr0bafzsodsOq5Gi6FhQeV775nC35Q-- <- @ts-graphviz/adapter 2.0.6
+ nodelite-2-kkywGpCcRYhqQIchaWqZ875wzpS-bMKhz5HnN3p7wveJTkTtyAB-AlnS0f8DFSqYW1T82t6yEAkEcB-A1I3MbQ-- <- parse-entities 2.0.0 (4.0.2 is available)
+ nodelite-2-kN9dJbvnySHULIluDHy32WHRUu3Og7B9sbY7tsFLctQkIqnMh3hErYgdMjTYuqmcXX-lK5T1lnUt3G7zNswmZA-- <- spdx-correct 3.2.0
+ nodelite-2-knxG2q4UC3u8stRGyAVJCOdxFmv5DZiRcdlIaAQXAbSfJya-OhopNotLQrstBhququ4ZpuKbDc-8S6mgXgPFPw-- <- is-unicode-supported 0.1.0 (2.1.0 is available)
+ nodelite-2-kocjix--sSggfJhwXqClZ3i9Y-MI0fp7b-g7kCRm6psy2dsf8uApTRclwG18h8Avm7C9-fnt-O36PspJ-OzoWg-- <- @opentelemetry/semantic-conventions 1.38.0 (1.39.0 is available)
+ nodelite-2-ksWePWBloaWPxJYQ8TL0JHvtci6G5QTKwQ95RcWAa-lzoAKuAOflGdAK92hpHXjkwb8zLxoLNUoNYZgVsaJzvQ-- <- callsites 2.0.0 (3.1.0 is available)
+ nodelite-2-kTPhdZyTQxB-2wpiRcFWrDcejc4JI6tkPuS7UZCG4l6Zvc5kU-gGQ-ozvHTh1XR5tS-UlfAfGuPajjzQjCiHCw-- <- @neon-rs/load 0.0.4
+ nodelite-2-kVIaQE9vrN9RLCQMQ3iyRlVJpTiDUY6woHGb30JDkfJErqrQEmtdWH3gV0PBAfGZgQXoqzXOO0T3K6ioApbbAA-- <- @typescript-eslint/parser 8.37.0
+ nodelite-2-kVscqXk4OCp68SZ0dkgEKVi6-8ij300KBWTJq32P-dYeWTSwK41WyTxalN1eRmA5Z9UU-LX9D7FWSmV9SAYx6g-- <- esutils 2.0.3
+ nodelite-2-kvw3B4G19IXk-BOXnYq-D-VeO9qfHaapMeuS7w7sNUqmGaA6hywdFHMi-VWeR9wUScXM7XjoryTffCZ5B0-8IA-- <- module-definition 5.0.1 (6.0.1 is available)
+ nodelite-2-kY1AZVr2Ra-t-piVaJ4gxaFaReZVH40AKNo7UCX6W-dEwBo-2oZJzqfuN1qLq1oL45o56cPaTXELwrTh8Fpggg-- <- regenerator-runtime 0.13.11 (0.14.1 is available)
+ nodelite-2-l-sSefzHpj5qimhFSE5a8nufZYAM3sBSVMAPtYkmC-4EH2anSGaEMXSD0izRQbu9nfyQ9y5JrVmp7E8oZrUjvA-- <- restore-cursor 3.1.0 (5.1.0 is available)
+ nodelite-2-l4RyHgRqGN4Y3-9JHVrNqO-tN0rV5My76uW5-nuO4K1b6vw5G8d-cmFjP9tRfEsdhZNt0IFdZuK-c2Vr4Nb-Qg-- <- is-obj 1.0.1 (3.0.0 is available)
+ nodelite-2-l4Sp-DRseor9wL6EvV2-TuQn63dMkPjZ-sp9XkghTEbV9KlPS1xUsZ3u7-IQO4wxtcFB4bgpQPRcR3QCvezPcQ-- <- wrappy 1.0.2
+ nodelite-2-l7WfQfX0WK4M0v2RudjuQK4u99BS6yLHYEmdtVPP7lKV013zr9DygFuWNlnbvQ9LR-LS0Egz-XAvGx5U9MX0fQ-- <- @babel/preset-typescript 7.27.1 (8.0.0-beta.0 is available)
+ nodelite-2-lbLLlXxdCZOSJMCInKH2-9V-77ET2J6NPQHpFI0kda61Dd1KglJs-fPQBchizmzYSOJBgdTajhPqBO1xxLywvg-- <- @types/ssh2 0.5.52 (1.15.5 is available)
+ nodelite-2-lhd-wF-Lk98HZoTCtlVraHtfh5XYijIjalXck7saUtuanSDyLMxnHhSXEDJqHxD7msR8D0uCmqlkwjCV8xvwHw-- <- fast-json-stable-stringify 2.1.0
+ nodelite-2-lJjzvrbEeWrhB4P3QBsH7tey117PjLZnDbLiQEKjQ-fNJTjuq4HSqgFA-UNSwZT8D7dxxbnuSBMsa1lrWzKlQg-- <- @babel/generator 7.28.0 (8.0.0-beta.4 is available)
+ nodelite-2-lKwV-1brpG6mBUFHtb7NUmtABCb2WZZmm2wNiOA5hAb8VdCS4B3dtMWyvcoViccwAW-COERjXLt0zP1zXUN26g-- <- minimatch 5.1.6 (9.0.9 is available)
+ nodelite-2-lkX1HJXwyMcprw-5YUZc2s7DrpAiHB21-V-E1rHUrVNokkvB6bqMzT0VfV6-86ZNabt1k14YOIaT7nDvOX3Iiw-- <- glob-to-regexp 0.4.1
+ nodelite-2-lljVXpqXebpsijW71PZaCYeIcE5on1w5DlQy5WH6GLbFryLUrBD4932W-E2BSpfRJWseIL4v-KPgBFxDOIdKpQ-- <- @protobufjs/fetch 1.1.0
+ nodelite-2-lMI7Ny63Hz1b9LGjwUPMqwmZLyxD5zZzUyU7G4zgG0UfxwYizTTFIQKxA-HGti0TnstaNYEpHonwZd-OQI03IA-- <- @tim-smart/openapi-gen 0.3.26 (0.4.13 is available)
+ nodelite-2-lNaJgI-2Q5URQBkccEKHTQOPaXdUxnZZElQTZY0MFUAuaEqe1E-Nyvgdz-aIyNi6Z9MzO5dv1H8n58-GELp3-w-- <- once 1.4.0
+ nodelite-2-lqjrjmaOoAnWfMmBPL-XNnynZh2-swxiX3WUE0s4yEHI6m-AwrK2UZOimIRl3X-4QctVqS8AiZjFqyOGrMXb-w-- <- nth-check 2.1.1
+ nodelite-2-ltIlFK5VxeJ5BurE25OsJIfcx1Q3H-IZg2LjV9d4vmH-5t4c1UCyRQ-HgKLgXuCZShs7qfc-TC95GYZfsUsJUQ-- <- @azure/msal-common 15.8.1
+ nodelite-2-lY6kdGpWHvjoe2vk4WrAapEuBR69EMxZl-RoGRhrFGNYVK8mOPAW8VfbT-ZgrFbXlDNiiaxQnAtgVCZ6jv30EA-- <- @babel/plugin-syntax-json-strings 7.8.3
+ nodelite-2-lyuxPGr-Wfhrlem2CL-UcnUc1zcqKAImBDzukY7Y5F-yQiNdko6-fRLevlw1HgMySw7f611UIY408EtxRSoK3Q-- <- loose-envify 1.4.0
+ nodelite-2-lZhclumE1G6VYD8VHe35wFaIif-CTy5SJIi5-3y4psDgWu4wPDoBhF8NxUOinEc7pHgiTsT6MaBb92rKhhD-Xw-- <- is-number-object 1.1.1
+ nodelite-2-m2bOd0f2RT9k8QJx1JN85cZYyH1RqFBdlwtkSlf4tBDYLCiiZnv1fIIwacK6cqwXavOydf0NPToMQgpKq-dVlA-- <- @standard-schema/spec 1.0.0 (1.1.0 is available)
+ nodelite-2-m3xT8bVFCvx98LuzbvXyuCdT-Hjdd-v8ml4jL4K1QF70Y8clOfCFdgoaEB1FWdcSwcpoFYZTJQaMD9-GQ27efQ-- <- @types/pg-cursor 2.7.2
+ nodelite-2-m6F1R3z8jjlf2imQHS2Qez5sjKWQzbuuhuJ-FKYFRZvPE3PuHcSMVZzfsLhGVOkfd20obL5SWEBew5ShlquNxg-- <- jsonfile 4.0.0 (6.2.1 is available)
+ nodelite-2-m7bpKCD4QMlFCjA-nKTs23fuvoVFoA83brRKmObCUNmi-9tVu8Ve3w4YQAnJu4q3Tjf5fr685HYIC-IA2zHRSg-- <- @poppinss/exception 1.2.2 (1.2.3 is available)
+ nodelite-2-mDAjwmZdh7LTT6pNleZ05Yt65HC3E-NiQzl672vQG38jIrehtJk-J3mNwIg-vShQPcLF-LV7CMnDW6vjj6sfYQ-- <- tar-fs 2.1.4 (3.1.1 is available)
+ nodelite-2-meT17DOuUElMNsL5LZN56d-KBp22hb0EfxWfuPUeoSi54e40v1W4C2V36P75FpsH9fVEfDKpw5Nnkahc8haSsQ-- <- babel-plugin-syntax-hermes-parser 0.28.1 (0.29.1 is available)
+ nodelite-2-mfcwb6IzQyOKTs84CQMrOwW4gQcaTOAWJ0zzJCl2WSPDrWk-OzDaImWFH3djXhb24g4eudZfLRozAvPGw4d9hQ-- <- is-weakset 2.0.4
+ nodelite-2-mGe7UK5wWyh0bKRfupsUchrQGqvDbZDbKJw-kcRGSmdHVYrv-ltd0pnpDTVpiTqnaBru9iEvA8pz8W46v0Amwg-- <- @babel/traverse 7.28.0 (8.0.4 is available)
+ nodelite-2-mHKK3iUXL-3UF6xL5k0PEhKRUBKPBCv--RkEOpjRWxxx27KKRBmmA60A9pgOUvMi8GKhRMPEmjBRPzs2W7O1OA-- <- tsutils 3.21.0
+ nodelite-2-mkcOsPkVvdG7AMZjvWpBlfDoncqFJRRur5mTOmlgFpaK7ISpUpOAGcyOmZ7Da8kdHLE5I3iJoT6cHgsD2LjxqA-- <- @testcontainers/redis 11.8.1
+ nodelite-2-mki5uBvhHzO8kYYix-WRy2WX8S3B5wdVSc9D6KcU5lQNglP2yt58-VfLuAK49glRXChosY8ap2oJ1qgma3GUVA-- <- @manypkg/find-root 1.1.0 (2.2.3 is available)
+ nodelite-2-mKKUkUbhPpQlCOfIuZkvSEgktjPFIsZKRRbC6KWVEMvlzblj3i3asQv5ODsrwt0N3pHAEvjP8KTQPHkp0-6jOg-- <- character-reference-invalid 1.1.4 (2.0.1 is available)
+ nodelite-2-mNAgZ1GmyNhD7AuqnTG3-VQ26o760-ZYBPKjPvugO8-nLbYfX6TVpJPseBvopbdY-qpZ-lKUnmEc1LeZYS3QAA-- <- long 5.3.2
+ nodelite-2-mo5j5X-jIZmJQveBKeS-clAueipV7KgiX1vMgCxam1RNYiqE1w62n0-tJJnHtjW8ZHcQco5gY85jA3mi0L-nSA-- <- @jest/schemas 29.6.3 (30.5.0 is available)
+ nodelite-2-mQw-2fkQbALzQ7V0MY0IqdnXNOeTtP4r0lN9z7AAawCXgqea7bDii20AYrIBrFd-Hx0M2Ocz6S111CaFkUcb0Q-- <- events 3.3.0
+ nodelite-2-mT8iDcrh03qDGRRmoA2hmBJnxpllMR-0-0qlzjqZES6NdiWDcZkCNAk4rPFZ9Q85r27unkiNNg8ZOiwZXBHwcA-- <- chardet 0.7.0 (2.2.0 is available)

Done in 1.8s using pnpm v10.17.1
