Progress: resolved 1, reused 0, downloaded 0, added 0
Packages: +250
++++++++++++++++++++++++++++++++++++++++++++++++++++++++++++++++++++++++++++++++
Progress: resolved 250, reused 0, downloaded 250, added 250, done

dependencies:
+ nodelite-2-cnN7bQUm65UWOy6cbGcCcZ3rpwW8Q-j4OP5aWRhEry4Z2t2aR1cjrbp0BS-KiBN0smvP1caBgAuxutvyvJILzQ-- <- hermes-profile-transformer 0.0.6
+ nodelite-2-cnqkuOtZLapWYZUYM5rVIdv1nXYuFVIltZ6ZJ7nIj585QsjKM5dhL2Fu-lICXZ1OyIAFc7Qy-bvDAtTXqGrlhg-- <- @babel/plugin-transform-block-scoped-functions 7.27.1 (8.0.1 is available)
+ nodelite-2-cq8o4cWH0ibXh9VGi5P20Tu9XF-0fFXl9EUinr9QfTM7a7p0oTA4iJRCQWppXR1Pg8dSM0UCItCkPwsk9qWWYA-- <- @pkgr/core 0.1.1 (0.3.6 is available)
+ nodelite-2-cr2k7u1XJJ4HTOjM9GyOMtbOA47RtUoWRAtt52z43r3AoMs2StYKyjS3URPhzHaf-mn10hY9dZWamga5WPQjhA-- <- i18next-browser-languagedetector 7.1.0
+ nodelite-2-crr9HkVrDiJ0A4zot89oS0Cgv0Oa4OG1Em4jit3P3ZxZSKPMYyMjfwMqgcJna9o625g8oN87rBm8SWWrSTBZxg-- <- react-devtools-core 5.3.2 (6.1.5 is available)
+ nodelite-2-csOlWGAcRFJaI6m-F2WKdnMKr4HhdhFVBk0H-QbJFMCr-uO2kwohwXQPxw-9OCxp05r5ghVBFSyioixx3gfkNQ-- <- async-limiter 1.0.1
+ nodelite-2-ctr6bByzksKRCV0bavi8WoQevU6plSp2IkllIsEqaiKe2mwNNnaluhnRhcsgGZHrrHk57B3lf95MkLMO3STYcg-- <- @nodelib/fs.stat 4.0.0
+ nodelite-2-cumfXOF0-nzZrrN8Rf0t7M-tF6sZc7vhQwYQck9q1-5w2OExlD-b4v4RpMJFaV1Z7WcDRgO6FqvxqxGlwo-RHQ-- <- @babel/plugin-proposal-class-properties 7.18.6
+ nodelite-2-cv8ibvdOJQv2B-nyxP9IIFdxvQznMz8OOr-oR-AaUZym4hjXNL-l1a2UlSQBXrVjo3xxbouMxLb3kBsHoYP2CA-- <- @walletconnect/modal-core 2.6.2
+ nodelite-2-cxh314tzaWwOLqVes2gnnCtvBDcM1UMdn-iFR-UjAn411dPT3tOmqrJjbMd7koZpMAmBM-GqeV4n9ge7JSiJJQ-- <- @vitejs/plugin-vue 5.2.1 (6.0.3 is available)
+ nodelite-2-cyA56iCMHAh5CdzjJIa4aohJyeO1YbwLi3Jc35MmRU6poroFjIGZzUzupGiRPOjgHg9TLu43xbpwXk523fMxKA-- <- is-typedarray 1.0.0
+ nodelite-2-d2S98yCiLxDVmBmE8UjGcfPvNEUbA1U5q5WxaWFUGRzJSVAZqm5W6MbPct0jxnegUZ0niLeNX-IOzEs7wYg9Dg-- <- @babel/plugin-proposal-object-rest-spread 7.20.7
+ nodelite-2-d3qXVTF-s-W-CdJ5A29wywV2n8CQQYahlgz2bFiA-4eVNJbHJodPZ--gXwPGh0bOqA-j8S-6-ckmvLGPk1QpxQ-- <- p-map 3.0.0 (7.0.4 is available)
+ nodelite-2-d65bNlIadxvpb-A2abVdlqKqV563juRnZ1Wtk6s1sIR8uNsXR70xqIzVqxVf1eTqDunwT2MkczEeaezCKTZhwA-- <- gopd 1.0.1 (1.2.0 is available)
+ nodelite-2-d7Uw-eZoloe0EHDIYoe-bQ5WXnGMOpmiZFTuMWCwpjzzkL2nTjcKiAk4hh8TjnGye2TwWOk3UXucZ-3rbmBa8Q-- <- possible-typed-array-names 1.0.0 (1.1.0 is available)
+ nodelite-2-d8waShlpFDinQ5MtvGU9xDAOzKH47-FFoney2baFIoMr952hKOLp1HR7VszoZvOsV-4-RRszNY7D17ba0te0ig-- <- @babel/plugin-syntax-logical-assignment-operators 7.10.4
+ nodelite-2-d9VeXT4SJ7ZeOqGX6R5EM022wpL-eWPooLI-5UpWn2jCT1aosUQEhQP214x33Wkwx3JQMvIm-tIoVOdodFS40g-- <- node-releases 2.0.18 (2.0.54 is available)
+ nodelite-2-dA8WbNeb2a6oQzAQ55YlT5vQAWGV9WXOsi3SskE3bcCdM0P4SDd-24zS-OCacdRq5BkdsRj9q3Pg6YyQoxIGqg-- <- unicode-canonical-property-names-ecmascript 2.0.1
+ nodelite-2-daLGV3Q2MKk8w4evNMKwS8zBE-rcpA800nu1Q5kM08IKijoSnPe9Uo1iIxzPKRkn95IxxsgBMPeYHt3VG4ej2g-- <- hermes-estree 0.19.1 (0.32.0 is available)
+ nodelite-2-dATvCeZN-8wQsGywez1mzHtTlP22H8OEfPrVMLNr4-eGa-ijtLn-6M5f0dY8UKNrC2O9UCU6SSoG3qRKnt7STw-- <- package-json-from-dist 1.0.0 (1.0.1 is available)
+ nodelite-2-dblb9Et4DAtiZ5YSUZHLl4XhH4uK80GhAZrVXdN4O2P4gQ40Wa5UIOPUHlA-nFd2PLblBZWUioLMMAVrgpoYcA-- <- sponge-case 1.0.1
+ nodelite-2-dBpDMdxv9Irdq66304OLfEmQ9tbNRFnFTuZiLo-bD-r332bBmMJ8GBLXklIXXgxd3-v9-KUnZaUR5PJMa75Gsg-- <- netmask 2.0.2
+ nodelite-2-dCIq9FpEcyQyXKCkyzmlPTFNgrCzPudOe-mhvJU5zAtlBnGVy2yKxtfsxK2tQBThwq225jcvBjpw1Gr40uzZCA-- <- foreground-child 2.0.0 (3.3.1 is available)
+ nodelite-2-dcKFX3jn0MpIaXjisoRvexIJVEKzaq7z2rZKxf-MSr9TkdmHmsU4m2lcLojrj-FHl8mk5VxMmYA-ftRkP-3oKQ-- <- create-require 1.1.1
+ nodelite-2-dcS1ul-9tmeD95T-x28-ehLgd9mENa3LsvDTtzm3vyBEO7RPptvAD-t44WVXaUjTBRcrpFeFlC8WCruUR456hw-- <- kind-of 6.0.3
+ nodelite-2-dcyqhDvX1C46lXZcVqCpK-FtMRQVdIMN6-Df5js2zouUsqG7I6sFxitIC-7KYK29KdXOLHdu9zL4sFnoVQnqaA-- <- ieee754 1.2.1
+ nodelite-2-dFcAjpTQFgoLMzC2VwU-C-CbS7uRL0lWmxDITmqm7C-7F0Odmj6s9l6alZc6AELXhrnggM2CeWSXHGOdX2YtwA-- <- https-proxy-agent 5.0.1 (7.0.6 is available)
+ nodelite-2-disdg7gHuTDZtY-ZdkmLpPCk7fxZSu3gBiEGuoC1XYxv9cGx3Z6cpTggCgW6odSOOIXCiDjuGejW-aJKCY-pIQ-- <- @scure/bip39 1.3.0 (1.5.4 is available)
+ nodelite-2-dJs-2XvZp-wgHH8T5J2TqptT9-6uVzIYvA6uFACha-ufvdMBedkfR4b4GbT8jAKLRARiqRTxy3dctnwkTM2tdw-- <- @graphql-tools/optimize 1.4.0 (2.0.0 is available)
+ nodelite-2-djYB-Zx2vLewY8RWlNCUdHjDXs2XOgm602S9E7P-UpHgfeHL00cRiIF-IN-G-aUJ7kGPb6yO-ErDI5V2s8iycA-- <- array.prototype.flat 1.3.2 (1.3.3 is available)
+ nodelite-2-dLaj94s93NYLqjLiyFzVs9X6dWhTdAlEAciC3Moq7gzAc13VJUdCnjjRurNM6uTLFATRHexHCTu-Xp3eW6yoog-- <- @vue/runtime-dom 3.5.13 (3.5.27 is available)
+ nodelite-2-dle9A3yYxlBSrt8Fu-IpjGT8SY8hN0mlaA6GY8t0P5PjIOZemULz-E2Bnm-2dcUOena75OTNkHI76uZBNUUq3A-- <- postcss 8.5.3 (8.5.6 is available)
+ nodelite-2-dLitG79d-GV1Nb-VYcCDFivJeK1hiukt9QjRNVOsUtTy1rR1YJsmpGGTZ3qJos-uw7WmWF4wUwBd9jxjocFC2w-- <- chalk 5.3.0 (5.6.2 is available)
+ nodelite-2-dm9s5Pw7Jc0GvMYbshN6zchCA9RgQlzzEZX3vylR9IqFfS8XciblUXOKfW6SiuJ0e13eDYZoZV5wdrev7P3Nwg-- <- flat-cache 3.0.4 (6.1.7 is available)
+ nodelite-2-dMACeu63HtRLmCG8VKdy4cShCPKaYDR4youZqoSWLxl5Gu99HUw8bw75thbPv9Nip-H-QYX8o3ZJbTdVZZ2TVg-- <- pino 7.11.0 (9.9.5 is available)
+ nodelite-2-dN5I359AVGPnwzJm2jN1k0W9LPZ-ePvoOeVMMfqIMFz53sSwXkxaJoxr50ptnsC771lK95BnTrVSZxq0b9yCGw-- <- regex 5.1.1 (6.0.1 is available)
+ nodelite-2-dnlgjFSVetynI8nzgJ-qF62efpglpWRk8isUEWZGWlJYySCTD6aKvbUDu-zbPeDakk3bg5H4XpitHukgfL1m9w-- <- ts-api-utils 2.0.1 (2.5.0 is available)
+ nodelite-2-dnpW8mmLpWl1AZUYGYZpaAfGw1HFkL0WSlhk5xekx3IJJKn4pLacX2QeIOo0iNkzNQxZfux1AK4Grl1DvtzZEA-- <- @walletconnect/ethereum-provider 2.13.0 (2.16.1 is available)
+ nodelite-2-dOESqjYr96iWYylGObzd39EuNTa5VJxyvVAEm5Jnh7KGo75V43Hk1odPQkNDyXNmUR6k-gEiDVXnjB8HJ3crXw-- <- strip-final-newline 3.0.0 (4.0.0 is available)
+ nodelite-2-dOt21O7lTMhDM-X9mB4GX-DZrZtCUJPL-wlcTqxyrx5IvO0IYtILdtrQGQp-8n5S0gwSVmOf9NQrjMOgfQZlIg-- <- eslint-scope 7.2.2 (9.1.2 is available)
+ nodelite-2-dOWoqflvcydARa360Gvv18DZ-gRuHKi2NU-wU5X1ZFzdYfH29nkiNZsF3mp4OJ3H4yo9Mx8A-uAGNzpzPN3yBA-- <- is-absolute 1.0.0
+ nodelite-2-dOy-3AuW3a2wNbZHIuMZpTcgjGuLU-uBL-ubcZF9OXbDo8ff4O8yVp5Bf0efS8uEoYo5q4Fx7dY9OgQGXgAsQA-- <- color-name 1.1.4 (2.0.2 is available)
+ nodelite-2-dPEtOeMvF9VMcYV-1Wb8CPoVAXtp6MKMlcbAt4ddqmGqUJ6fQZFXkNZNkNlfevtNkGtaSoXf-vNNNSvgrdXwtA-- <- node-forge 1.3.1 (1.3.2 is available)
+ nodelite-2-dpev9ABuLWdEubk-cIaI9cHwRNNDjkBBLXTwI4UCUFdQ5xXKqNXoK4FEciw-vxf-NQ7Cb7sGUyeUtORvHIdRXQ-- <- tree-dump 1.0.2 (1.0.3 is available)
+ nodelite-2-dqaz3u44QbRXQooZLTUKU41ZrzYrcvLISVgbrzbyCMxpmSLJvZ3ZamIJIZ29P6OhZIkNIQKosdeM6t1LYbA9hg-- <- on-exit-leak-free 0.2.0 (2.1.2 is available)
+ nodelite-2-dqId9J8K-vGi5Zr7oo212BGii5m3q5Hxlkwy3WpYuKPklmBEvsbMYYyLxAQpSffdLl-gdW0XUpKWFvYmyoWCoQ-- <- @types/unist 3.0.2 (3.0.3 is available)
+ nodelite-2-dRB78srN-l6gqWulah9SrxeYnxeddIG30-GOqK-9OlLVyLg3HPnr6SqOWTWOXKRwC2eGYCkZ59NNuSgvSrpgOA-- <- node-fetch 3.3.2
+ nodelite-2-dRLjCWHYg4oaA77cxO64oO-7JwCwnIzkZPdrrC71jQmQtlhM556pwKo5bUzqvZndkVbeFLIIi-9TC40JNF5hNQ-- <- @types/json5 0.0.29
+ nodelite-2-drMGNWKdaixZNobeORVIqq7k5DsRC9FnG201K2QjeOoQLmtSDaSsVZdkg6n5jUALJKcAG--zBPJXmv6hy0nWFg-- <- webauthn-p256 0.0.5
+ nodelite-2-ds37W8CytHgwnhGGTi88pcPyR15qoNkOpYwmMMfnWqqWgESapLqvDx6huFjQ5vqWSn2Z06173XNA7LtMOeUh1A-- <- capital-case 1.0.4
+ nodelite-2-dSOvYwvyLsWBeIRyOeHXp5vPj5l1I011r52FM1-r1jCERv-aFXYk4whgQccYEGYxK2H3ZAIA8nuPkQ0HaUo3qg-- <- @babel/helper-module-transforms 7.27.3 (8.0.1 is available)
+ nodelite-2-du4wfLyj4yCZq1VupnVSZmRsPJsNuxoDQFdCFHLaYiEbFBD7QE0a-I4D7hOxrVnh78QE-YipFAj9lXHiXocV-Q-- <- process-warning 1.0.0 (5.0.0 is available)
+ nodelite-2-dvMHbL464C0zI-Yqxbz6kZ5TOEp7GLW-pry-RWndAR8MJQAXZ2rPmIs8tziTZjeIyhSNZgZbCePtfSbdWqStJw-- <- @bundled-es-modules/tough-cookie 0.1.6
+ nodelite-2-dW41u5VfLXu8SJh5bwRmyYUbAoSB3c9uQh6L8h-KtsFREPWpbX1lrljJo186Jc4nmci-sGUZ9a0a0J2zgfq2hw-- <- send 0.19.0 (1.2.1 is available)
+ nodelite-2-dWHzHa2WqEXI-O1E9OjrocMTKJl2mSrEolh1Iomrv6U-JuNwaHXsXx9bLu5gG7BUWFIN0skIQJQ-L1rIex4X6w-- <- @types/estree 1.0.8 (1.0.9 is available)
+ nodelite-2-dwsoQlS7h9hMeYUq1W--23NDcBLV4KqONnITDV9DjfS3q1SgDGVrBdvvTLUotWtPSD7asWDV9-CmsZPy8Hf70A-- <- fast-redact 3.5.0
+ nodelite-2-dwZPq8wx9yV3IX2caLi9q9xZBw2XeIoYqdyihDDDpuHVCEiqadJLwqM3zy-uwf6F1QYQ65A8aOMQg1Uw7LMLNg-- <- @metamask/json-rpc-engine 7.3.3 (8.0.2 is available)
+ nodelite-2-dYnhHh0nJoMfnkZs6GmmhFknAGRrLznOu5nc9ML-EJxGvrx6H7teuevqVqCuPcPK--3eDrrjQhehXVx9cnkGdw-- <- regenerator-runtime 0.14.1
+ nodelite-2-dYqgNSZbDwkaJ2ceRd9ojCGjBq-mOm9LmtXnAnEGyHhN-5R7iDW2TRw3h-o-jCFxus3P2LfWIIiwowAjANm7IA-- <- regexp.prototype.flags 1.5.4
+ nodelite-2-dZ6-mexnaTIbSBZWgou51U6OmzIhYM2VcNdtiTtI7qPNZm35Akpr0f6vtw3w1Kmn5PYo-tZVfh13WrhpS6oLqQ-- <- eslint 8.57.0 (9.9.1 is available)
+ nodelite-2-e-HfNH61Bj1X9-jLc5v1owaLYuHdeHHSQlkhCBiTK8rBvKaULl-beGMxwrMXjpYrv4pz22BlY570vVePA2ho4A-- <- es-abstract 1.23.3 (1.24.2 is available)
+ nodelite-2-e-zv1co8pp55dNdEcCynfj9X7nyUKUXoUEwfXqaZt0omVOmDe9oOTdKStH4GmAw6zxMFs50ZayuMfHDKlO7Tfw-- <- @babel/helper-validator-option 7.25.9 (8.0.0-beta.0 is available)
+ nodelite-2-e0MO3wdXWKrLbL0DgGnUV7WHVuw9OUvL4hjgnPkIeEvESk74gAITi5G606JtZPp39cd8HA9VQzCIvA49LpPN5Q-- <- web-streams-polyfill 3.2.1 (4.0.0-beta.3 is available)
+ nodelite-2-e1zGYRvbffpcHIrnuqT0Dh-gEJtDaxDSoG4JAIpq4oDFyooziLBIiYQv0GBT4FUAnUop5uZ1hiIAj7oAF6sOCA-- <- title-case 3.0.3
+ nodelite-2-e2bDA2WJT0wxseVd4lsDP4-3ONX6HpMXQa1ZhFQ7SU-GjvORCmShbCMltrtIDfkYhVHrOcPtj-KhmDBdPdZD1g-- <- safe-stable-stringify 2.4.3 (2.5.0 is available)
+ nodelite-2-e2BR4lsJkkRlKZ-qCHPw9ZaSxc0MVUd7gtbtaB7aMvHeJVYe8sOB8DBZkP2DtISHGSku9sCK6T6cnY0CtXrOCQ-- <- @swc/counter 0.1.3
+ nodelite-2-e3nRfgfUZ4rNGL232gUgX06QNyyez04KdjFrF-LTRoOXmrOgFKDg4BCdsjW8EnT69eqdYGmRpJwiPVYNrCaW3g-- <- es-define-property 1.0.1
+ nodelite-2-e4a5N8lVvuLgAWgnCrLr2PP0YyDOTHa9H-Rj54dirp61qXnNq46m82bRhNqIA5VccJtWBvPTFRV3TtvHUKPB1g-- <- cross-fetch 4.0.0
+ nodelite-2-e5iwyodOHhbMr-yNrc7fDYG4qlbIvI5gajyzPnb5TCwyhjApznQh1BMFou9b30SevY43gCJKXycoCBjMbsuW0Q-- <- function.prototype.name 1.1.8 (1.2.0 is available)
+ nodelite-2-eaPZai0PiqCi09pPs3pAFfl-zYgGaE6IdXtYvmf0qlcDTd3WCtO7JWCcRd64e0EQrcYgiHibEZnOGsSY4QSgaw-- <- @babel/helper-plugin-utils 7.25.7 (8.0.1 is available)
+ nodelite-2-eBC-3KSekshx19-N40MzjWqJd7KTEdOoLesAfa4IDFI8eRz5a47i5Oszus6zG-cwIXN63YhgLOMSSNJx49sENg-- <- @babel/plugin-syntax-export-default-from 7.27.1
+ nodelite-2-eEgnFxGQ1Ife9bzYs6VLi8-4X6CObHMw9Qr9tPY43iKwsPw8xE8-EFsf-2cFZ5S3esXgpWgtSCtLNS41F-sKPA-- <- use-sync-external-store 1.2.0 (1.6.0 is available)
+ nodelite-2-ef383X5--iZHWAXX0SXQR6ZyQhw-0KtTkrTz61WXRhFM6dhpHulO-RJz79L8S6ugZHJkOOkUrUdxgdF2YiPFnA-- <- @babel/generator 7.26.8 (8.0.0-beta.4 is available)
+ nodelite-2-eFopgKi8AjKf-0U4SemvcYw9zlLpx9njVN8sf6DAkowC2Md0gPU-UNEbH1Wwj407pEKnEds98pKWib1NN1ACoA-- <- @walletconnect/modal 2.6.2
+ nodelite-2-eFuaLoy-Rxalv2kr-lqMlUnrDWV-3j4pljOIJgLIhI058IQfWJ7vXhyEIHu-HtC738klGALYxOKDO0bQP3tg8A-- <- defaults 1.0.4 (2.0.2 is available)
+ nodelite-2-eGuFFw7Upda-g4p-QHvnW0RyTX-SVeJBDM-gCtMARO0cLuT2HcEKnTPvhjV6aGeqrCB-sbNop0Kszm0jsaWU4A-- <- esprima 4.0.1
+ nodelite-2-eh0GgfEkpnoWDq-VY8OyvYhFEzBk6jIYbRKdIlyTiAXIVJ8PyBaKb0rp7oDtoddbdoHWhq8wwr-XZ81F1rpNdA-- <- node-addon-api 5.1.0 (8.5.0 is available)
+ nodelite-2-eh2oHaUKCK58qIeYp19F5V5TbpM52680sB4zNSz29VBQPTWIlE-hCj5P5B1AChxECe-fmZlspAWFuRniep1Skg-- <- @typescript-eslint/type-utils 6.9.1 (8.8.0 is available)
+ nodelite-2-ei5rfKtoRO8OyOIor2Rz5fhzjThwIHJZ3uyDPnDHTXbP0aMQ1RN-6AI5B5d9dBxJOU-BvOAk7ZQ1xphsX8Lrog-- <- uint8arrays 3.1.0
+ nodelite-2-eifa0o-i8dERnngJwKrfp3dEq7ia5XFyoqB17S4gK8GhsQE4-P8nxOfQSE0zQHxzzLo-cmF-7-ywEQ7wK7Fb-w-- <- @puppeteer/browsers 2.10.5
+ nodelite-2-eIz2msL-EzL9UFTFFx7jBTkeZfku0yUAyZZZmJ93H2TYEiroIx2PQjEXcwYtYl8zXCxb-PAmA2hLIt-6ZEkPHw-- <- jest-worker 29.7.0 (30.2.0 is available)
+ nodelite-2-eLHpSK-Y4nhMJ07gDaAzoX-XAKS8PSaojml3M0DM4JpV1LAi5JOJ-p6H-XWrl8L-DzVEvVCW1z3vWAaB9oTsQw-- <- assert 2.1.0
+ nodelite-2-eljcgEDlEns-7AXFosB5K-2nCM4P7FQPkGc-DWLy5rmFEWvZayGrik1d9-QIY5nJ4f9YsVvBkA6kJpHn9rISdQ-- <- is-docker 3.0.0
+ nodelite-2-emOQiHyIliVOIjKVKdsI5MXj312zmRDwmHpyUTZMjfpvxq-UVAHUJIVdVf-lnjjrI-LXBTgMlTWTgHQfmICxjg-- <- @graphql-codegen/plugin-helpers 3.1.2 (6.1.0 is available)
+ nodelite-2-eop-wDAvpItUys0FWkHIKeC9ybYrTGbU41U5K7-bttZZeohvnY7M9dZ5kB21GNWiFT2q1OoPTvncPCgSOVO5ow-- <- lilconfig 3.1.2 (3.1.3 is available)
+ nodelite-2-epTbsLuzZ7lPClpz2TyryBfztm7m-28DlEv2ZCQ3MDr5ssiwyOwGH-e5F9CkfWjJ1t4clvI58yF822-GUkjjhw-- <- use-sidecar 1.1.2 (1.1.3 is available)
+ nodelite-2-eST9RrwlpaoJBDHShc-DS2SG4ATTi2MYNb4OxYkf3n-7eb49LWpnS-HSpVfW4x927qQwgk8A2hGNVaajAEw0EA-- <- @babel/plugin-transform-async-generator-functions 7.27.1 (8.0.1 is available)
+ nodelite-2-eT5MU3f5aVhTqsfIReZ6n41X5sYn4IdQL0nvz6yO-MMlPxw49aSARHLg-MSehQftyjnrE8X6bYregzSumqc6cg-- <- hermes-estree 0.23.1 (0.32.0 is available)
+ nodelite-2-eTIzlVOSUR-JxdDFepEYcBMtZ9Qqdef-rnzWdRZuMbOywu5tO2w2N7rqjoANZ5k9vywhL6Br1VRjUIgTQx4E8w-- <- kleur 3.0.3 (4.1.5 is available)
+ nodelite-2-eTPJc-stDkdtOcrNMZ6mcMK1e6yBbqRBaNW55XA1jU8w-7QdnCF0CmMmOD1m7VSkBR44PWrMHU2l6r8YEQHMgg-- <- @stablelib/hash 1.0.1
+ nodelite-2-eTVLrBSt7fjbDygz805pMnstIs2VTBNkRm0qxZd-M7A5XDdxVRWO5MxGBXZhjY4cqLYLdtrGqRf8mBPmzwSpWQ-- <- cross-spawn 6.0.5 (7.0.6 is available)
+ nodelite-2-eu38-hdgojoyq63s-yTpN4XMBdt5l8HhMhc4VKLO9KM5caLIBvUm4thi7fFaxyTmCKeNnXZ5pAlBwCUnhA09uw-- <- mrmime 2.0.0 (2.0.1 is available)
+ nodelite-2-eu5vhmyYgzZjFIPmkoLo-TU4s-IdsjQ-bEfLj2jcMvyfBD4DcqySKp03TrXjdrHPGO2I3fF7dPZOoCgEi1j2-g-- <- @algolia/client-insights 5.20.1 (5.57.0 is available)
+ nodelite-2-eUuWapzEGWFEpHFxgEaBG8e3n6S8L3MSu0oda755rOfabWPnh0Our1AozNFVUxGFIhbKgd1ksprsoDGMinTOTA-- <- @babel/types 7.26.8 (8.0.4 is available)
+ nodelite-2-eVRqCvVlZbuw3GrM63ovNSNAeA1K16kaR-LRY-92w0zxQ5-1YzwblUX652i4Xs9RwAGjW9d9y6X88t8OaAJfWQ-- <- is-arrayish 0.3.2 (0.3.4 is available)
+ nodelite-2-eW-gHNMlxdSP6dmG6uJip6FXN0EQBwm2clYYd8Wul42Cwu-DK8HEftzsapcNdYe2MfLiIwZqsDk2RDEsTE79hA-- <- pify 5.0.0
+ nodelite-2-eXK1UInq2bPmjyX6e3VHIzMLobc4J94i4AWn-Hpq3OU5KkrRC96OAcR3PRJ-pGu6m8TRnBHP9dkXQVsT-COVIA-- <- is-windows 1.0.2
+ nodelite-2-eXL4nmJT7oCpkZsHZUOJo8hcX3GbsiDOa0Qu9F646fi8dT3XuSVopVqAcEiVzSKKH7UoDti23wNX3qGFxcW5Qg-- <- unc-path-regex 0.1.2
+ nodelite-2-exPif6x5uwLqv1N1irkLG1zZNJkOtj8bZxuVHd71U5Ftuxf2wGNvAJyNBcPbPC-EBzwYEbBDdSFb8EPcjpYxPQ-- <- @octokit/request 8.2.0 (9.2.3 is available)
+ nodelite-2-eXRvHzWyYPBuB4NBy0cmYQjGitUrtqwbvlzP3G6VFnNRbsZQIxQ10PbKKHt8gZ-HW-D-747aDl-QkDqg3KQLMQ-- <- bn.js 5.2.1 (5.2.5 is available)
+ nodelite-2-eXTJmRbm2TIt9MgWTsOH1wEuhew6XGZcMeGKCtLedIg-NCsg1iBePXkceTdK4Fii7pzmN9tGsZhKzZ4h7O-fxw-- <- default-require-extensions 3.0.1
+ nodelite-2-eYm0QWBtUrBWZWG0d386OGAw16Z995PiOVo2B7bjWSbHedGl5e0ZWaq65kOGgUSNesEIDkB9ISbTg-JK9dhCZA-- <- clsx 2.1.1
+ nodelite-2-eyrF0jiFpY-3drT6383f1qhkbGsLSifNAjA61IUjZjmLCWjItY6LB9ft9YhoDgwfmclB2zhu51Lc7-95b8NRAg-- <- ccount 2.0.1
+ nodelite-2-eyy8pcr-YxSYjBoqIFSrlbn9i-xvxUFa8CjzAYo9cFjgGXqq1hyjihcpZvxRLalpaWmueWR81xn7vuKmAFijDQ-- <- eslint-plugin-react-refresh 0.4.19
+ nodelite-2-ez3a2it5Fn6P54W8QkbfIyyIbxlXvcxyWHHvno1Wg0Ej5eiJY5hBb8ExttoIOJJk7V2dZE6prP7iby5q2aQ0Lg-- <- @babel/preset-flow 7.27.1
+ nodelite-2-eZ5H8rcgYazHbKC3PG4ClHNykCSxtAhxSSEM-2mb-7evD2CKF5V7c0dNum7AdpDh0ZdICwZY9sRSn8f-KH96sg-- <- import-fresh 2.0.0 (3.3.1 is available)
+ nodelite-2-f-0cNv3S4v7p8rowAjj0hDCg8Q8P-wBjp5twkNWeBdvd0RDr7BuRBPPk74LCqmjQ82P-1ltLlkmVFSmxTIT7XQ-- <- @safe-global/safe-apps-provider 0.18.3
+ nodelite-2-f3qQ9oQy9j2AhBe-H9VC91wLmKBCCU-gDOnKNAYG5hswO7BLKj09Hc5HYNz9cGI--xlpDCIgDaitVs03ATR84Q-- <- fast-deep-equal 3.1.3
+ nodelite-2-f6PiYeqXQ05lYq3TIfIDu-MtliKUbNwkGApPUvyo6-tc7uaR4cPjPe7DFPr15Uyycg2lZU6btZ575CuQoYh7MQ-- <- @babel/plugin-transform-new-target 7.27.1 (8.0.1 is available)
+ nodelite-2-fBJKiV7F2DxZUkg5EtHKXQdbsbURW3DZKQUWphDum0uRP6eHGGa-He9mc0mypL680pb-e-lDIthRohlv8NCHkg-- <- @babel/plugin-transform-template-literals 7.27.1 (8.0.1 is available)
+ nodelite-2-fC6QCp7Sc5sX6g8Tvbmj4XUTbyrik0akgRy03yjXbQaBWWNWGE7SGtJk98m0N8nzegD-7SggrUlivxo5ax4KWQ-- <- @jest/types 26.6.2 (30.5.1 is available)
+ nodelite-2-fCkfdOk8yRZT8GD9BFqusW3-GggWYZ-rYncOfmgcDtP3ualNHCAg-Robxp2-6xfH1WwPHtGpPwv7mbA3qomtBw-- <- vitepress 1.6.3 (2.0.0-alpha.15 is available)
+ nodelite-2-fcwX4mndzpLQKBS1DVYhGAcYaYt7vsHNIvQV-WXMvnow5cgjPphq5CaayLaGsjRdSCKZFNGt7-GYAuXaNOiYCA-- <- throat 5.0.0 (6.0.2 is available)
+ nodelite-2-fdPKAcujuvEChxDBJ5c-0BTaS6revLV7CJL08e4m3de8qJfNIuCc2nc7XJYOjBoTMJeqSmwXJ0ypE14RCjLwaw-- <- @babel/plugin-transform-numeric-separator 7.27.1 (8.0.1 is available)
+ nodelite-2-fDW-EZ6Q9RiO8eFG8Hj-7u-oW-XrPTIChwCOM2-th2A6OblDtYYIpve9m-KvI9Z4C9qSEXlaGR6bTEYHReuglA-- <- side-channel 1.0.6 (1.1.1 is available)
+ nodelite-2-fEHGKCSmUSDPv4uoj8AlD-joPlq3peND-HRYyxFz4KPw4z926S-b8rIuFs2FYJg3BwsxJf6A9-3eIdLaYC-9Dw-- <- path-key 2.0.1 (4.0.0 is available)
+ nodelite-2-feOM6FaSr6rEABp-eDfVseKyTMDt-KGpeB35SkVn9Tyn0CqvVsY3EwI0v5i8nMHyJnzCIQf7nsy3p41TPkJZhg-- <- iron-webcrypto 1.2.1
+ nodelite-2-fgAN3jGAh-RoxUGZHTSOLJIqUc2wmoBwGR4tbpNAKmmovFoWq0OdRkb0VkldReO2a2iBT-OEulG9XSUc10r3zg-- <- no-case 3.0.4
+ nodelite-2-fGxEI7-wsG9xrvdjsrlmL22OMTTiHRwAMroiEeMgq8gzoLC-PQr7RsRDSTLUg-bZAZtF-TVIkHc6-4RIKrui-Q-- <- require-directory 2.1.1
+ nodelite-2-fj06hw89dpiZzGZtxn-QybifF07nNiZjZ7sazs2aVDcysAZVGjW7-7iFYxg6GLNM47R-thYfLdrXc-2f11Vi9A-- <- @babel/preset-env 7.22.5 (8.0.2 is available)
+ nodelite-2-fKnGuqmTBnIE--KXSzCn4db8RTigUzw1AN0DmdU6hJovUTbYJKyqj-8Mt1c4VfRDnOVJnENmfYkIPZ946UrSAA-- <- ua-parser-js 1.0.35 (1.0.41 is available)
+ nodelite-2-fKzAra0rGJUUBwGBgNkHZuToZcn-TtXHpeCgmkMJMMYx1sQDYaCSyjJBSCa2nH1DGm7s3n1oBnohoVTBaN7Lww-- <- is-wsl 2.2.0 (3.1.1 is available)
+ nodelite-2-fm4idjKla0YahUNgFNLCB0qySdsoPiZP3iQE3rky0mBUtMZ23yDJ9SJdg6dXTSDnulOVqiF3Hgr9nbXvXTQZYA-- <- @babel/plugin-syntax-class-properties 7.12.13
+ nodelite-2-fmfw4XgoDke3kdI6h4xcUz1dG8uaiv5q9gcEwLS4Pnth2kxT-GZ7YehS1JTMGBQmtV7Y4GFGbs2re2NqhdozUg-- <- reflect.getprototypeof 1.0.6 (1.0.9 is available)
+ nodelite-2-fnULvOpxnC5-Vg3NCiWelDsLiUc9bRwAPs--LfTLNvetFCtCTN-yQz15C-fs4AwX1R9K5GLtLfn8QW-dWisaAw-- <- date-fns 2.30.0 (4.1.0 is available)
+ nodelite-2-fo-QhuU3qE-2TQMQmbVMqaQ6EWbMhi4ABWP-O4AM1NqPBuy0OrApV5LO6BrrgnhtAHS2NH6RrVk9OL181tTi8A-- <- @manypkg/get-packages 1.1.3 (2.2.2 is available)
+ nodelite-2-foQZKJig7Ob0BMAYBfcJk8d77QtOe7Wo4ox7ff1lQYoNNAb6jwcY1ncdoy2e9wQZzvNy7ODZCYJkK8kzmcAnAg-- <- @hapi/topo 5.1.0 (6.0.2 is available)
+ nodelite-2-fTIQwLF-Qhuws31iw7Ncl1R3HUDtGwIipiJ9iU-UsDUwMhegFcQKQHd51nZjb7CArq0MvON8rbgCGQYWHUKAdg-- <- @shikijs/vscode-textmate 10.0.1 (10.0.2 is available)
+ nodelite-2-fucsC7HjXvkB5R3kTCO7kUjRdrS0BJt3M-FPxmHMBOm8JQi2BsHAHFsy27E0EolP8rp0NzXsJ-jNPyDWvOJZPA-- <- unist-util-position 5.0.0
+ nodelite-2-fvtKYpnDFk5R-SM6emgWtViw70Sc4sMggGTUGIrfLSu91TQqTII5FLFz89qjQEEffwSsJCSq4glW-dN7gAuieA-- <- @graphql-codegen/visitor-plugin-common 5.7.0 (5.8.0 is available)
+ nodelite-2-fwzkLrSu2fESR-cm4t6vqd7ebNIopz2QHGtjoU-dswQo-P6lwAG04Q98lliE3jkz-XqnbGFLnUcE0q0CVUf92w-- <- @babel/plugin-transform-literals 7.25.7 (8.0.1 is available)
+ nodelite-2-fXSwMQqitTGeHLBC08Eq5yXz2m37E4pJX1qAU1-2cNedz-ifv-bVXft90VeSav5nFO61EcNgwr0aJxbyPaWBPg-- <- @babel/helper-annotate-as-pure 7.27.3 (8.0.0-beta.0 is available)
+ nodelite-2-fyoj6-YdVtlv2ROig-J0fP7hh-wNO1MJGm1NR70Pg7jbkF-jOUL9joorqaCOQh06Y-LfgTagHzC8KqZ3MF782w-- <- @babel/plugin-syntax-flow 7.25.7 (7.27.1 is available)
+ nodelite-2-fz4spIh-znjO2VjL-IdhEpRJ3YN6sMzITSBijk6FK2UvTqruSQW--cCZTSNsMiZNvUeq0CqurF-dAbyiGOY6Wg-- <- crypto-browserify 3.12.0 (3.12.1 is available)
+ nodelite-2-g-M9sqy3oHe477Ar4voQxWtaPIFw1jTdKZuomOjhCcBx9nHUNn0pu6NopuFFrTh-TRZIKEj-76vLWFu9BNKk-Q-- <- dset 3.1.2 (3.1.4 is available)
+ nodelite-2-g0QYk1dZBxGwk-Ngc-ltRH2IBp2f7zBkBMBJZCDerh6EhlhSR6-9irMCuT-09zD6qkarHUSn529sK-yL4S27mg-- <- get-symbol-description 1.0.2 (1.1.0 is available)
+ nodelite-2-g1MWMLBiz8FKi1e4w0UyVL3w-iJceWAFBAaBnnGKOpNa5f8TLktkbre1-s6oICydWAm-HRUGTmI---xv2hvXYA-- <- json5 1.0.2 (2.2.3 is available)
+ nodelite-2-g3FeP20LNwhALb-6Cz6Dd4F2ngze0jz7tbzrD2wAV-o9FeNHe4rL-yK2md0J-fiSf1sa1ADhXqi5-oVwOM-eGw-- <- make-dir 3.1.0 (5.1.0 is available)
+ nodelite-2-g4aaCrDDOsWjbm0PUUeVnkcVd6AKJsVc-MbnPhEotEpkeJQP6b8nzewohQi7-QS8UyPehOhGWn0nOwjvWpmMvQ-- <- babel-plugin-transform-flow-enums 0.0.2
+ nodelite-2-g4L7OYun04N1WyqMNjldFwlfPCLVkgB54A-YCXICZYBsvJJE3kByKv9c9-R-nAfmIfjl2rKYLNyMHboYbZaWaA-- <- @babel/plugin-bugfix-safari-id-destructuring-collision-in-function-expression 7.27.1 (8.0.1 is available)
+ nodelite-2-g6KuKWmFXc0fID8WWH0jit4g0AGBoJhCkJMb1RmbsSEUNvQ-ZC8D6CUZ-GtF8nMzSPXnhiePyyqqipzNNEnHjg-- <- fast-querystring 1.1.2
+ nodelite-2-g7nH6P6dyDioJogAAGprGpCtVImJhpPk-roCzdb3fIh61-s-nPsfR6onyMwkCAR-OlC3yBC0lESvUoQEAssIrw-- <- depd 2.0.0
+ nodelite-2-g8-OnU-L2v-wyiVK-D5fA34J7EH8jZ8DDlvwhRCMxmMj7UCBvxiO1mGeN-36JXIKF4zevU4kRBd8lVgG9vLelA-- <- proc-log 4.2.0 (6.1.0 is available)
+ nodelite-2-g9gZnnXVq7gM7v3tJCWV-qw7w-KeOlSHAhgF9RytFyifW6AF61hdT2ucrYhPq9hLs5JIryeupHV3qGk95dH9ow-- <- @types/web-bluetooth 0.0.20 (0.0.21 is available)
+ nodelite-2-g9Q1haeby36OSStwb4ntCGGGaKsaVSjQ68fBxoQcutl5fS1vuY18H3wSt3jFyFtrkx-Kz0V1G85A4MyAdDMi2Q-- <- slash 3.0.0 (5.1.0 is available)
+ nodelite-2-gbkePEBupNydxCelHCESvFSFM8XPh1Zs-OAVRW-rKpEqPAl5PbOM90Si8mv9bvnR53uPD2s-FiRxdvSejpRJew-- <- @kamilkisiela/fast-url-parser 1.1.4
+ nodelite-2-gDKb8aZMDeD-tZWs9P6-q0J9Mwkdl6xMV8TjnGP3qJVJ06bdMgkbBlLU8IdfOsIsFz2BW1rNVT3XuNEl8zPAvw-- <- path-type 4.0.0 (6.0.0 is available)
+ nodelite-2-gDYaKHJmnj4aWxyj6YHyXVpdQawtVLHU5cb-eztPGczf6cjuTdwve5ZIEfgXqH4e57An1D1AKf8CZ3kYrQRqYA-- <- is-boolean-object 1.1.2 (1.2.2 is available)
+ nodelite-2-gEbkDVGRvjj7-T1ivxrfgygpT7GUd4vmODtYpbs0gZATdkX8-iSnOtZSxiZnsgm1YjTgjI6VKBGSJJevkrclzw-- <- @babel/plugin-transform-dotall-regex 7.27.1 (8.0.1 is available)
+ nodelite-2-geDJjpoZ8N0kWexiwkX8F9NkTsXhetLPVbZFQ-JTW239QNOwvB0gniuR1Wc6f0AMTn7-mFGyXvHTifrCp-GH8Q-- <- isomorphic-unfetch 3.1.0 (4.0.2 is available)
+ nodelite-2-gew4GsXizNgdoRyqmyfMHyAmXsZDk6mHkSxZFCzW9gwlbtOW44CDtYavM-y-72qD-Vq2l550kMF52DT8fOLJqQ-- <- follow-redirects 1.15.9
+ nodelite-2-gEymJYKZtKXzzBzM4jqa9w6Q1Jjm7x2d-sh19AdsD4wqnMPDYyvwpsIc2Q-835kHuo3BEQ7CjelGhfTsoBb2MQ-- <- typed-array-buffer 1.0.2 (1.0.3 is available)
+ nodelite-2-gfygJYZ2gLTDlmbWMI0CE2MwnFzSN-2SZfkMlItC4K-JBlsWVDB0bO6XhqcY13YXE7iMcAJnzTCJjPiTeJJ0Mw-- <- is-wsl 1.1.0 (3.1.1 is available)
+ nodelite-2-ggOQ950-nwbWROq2MOCIL71RE0DdQZsceqrg32UqnhDz8FlO9rL8ONHNsI2R1MH0tkgVIDKI-D0sMiUchsFdWA-- <- @algolia/autocomplete-preset-algolia 1.17.7
+ nodelite-2-ghgmKt5o4Tly5yEG-UJp8qTd0AN7Xalw4XBtDEKP655B699qMEtra1WlXeE6WIvdEG481JvRxULKsInq-iNysw-- <- serialize-error 2.1.0 (8.1.0 is available)
+ nodelite-2-gjcpUc3clBf9-210TRaDWbf-rZZZEshZ-DlXMRCeAjp0xhTrnQsKHypIy1J3d5hKdUzj69t708EHtU8P6bUn0A-- <- os-browserify 0.3.0
+ nodelite-2-gk-Z852D2Wtb--0I-kRFNKKE9dIIVirjoqPoA1wJU-XePVXZfGeBpk45-A1rKO4Q43prqWBNY-MiIeRLbPWUaA-- <- common-tags 1.8.2
+ nodelite-2-gKlH42riwb3KYp0reLsFTokByAKoJdgFCwI-CCiX-k-Jm2mbNs6oOaCjYQSlI1-XBVejwH2KrmCbMAT-GnRDQw-- <- @ethersproject/sha2 5.7.0
+ nodelite-2-gKXj5ALrKWQLsYG9jlTRmR-xKluxHV-Z9QEwNIgCfM1-uwPMCuzVVnh5mwTd-OuBZcwSIMbqssNWRm1lE51QaQ-- <- ansi-escapes 4.3.2 (7.3.0 is available)
+ nodelite-2-gLXCKdN1-j47AiHiOkJN69hJmcbGTHI0ImLmbYLHykhgeN0jVGola9yVjFgzCUklsZQMW55o-dW7IXv3RCXDzA-- <- tslib 2.7.0 (2.8.1 is available)
+ nodelite-2-gm6MTBo-boi3R6298GPXxVIeoD0JU2DFulE8iKpjGHofHBohDLpThTQ6aPFagvW-emyG58t-8-IA2av5uWvHwg-- <- @types/web 0.0.206
+ nodelite-2-gphr-v0mv2I3Oxt19VdWRRUxq3sseyUpX9DaHpTUmLj92Y10AGy-XOtV-kbM6L-fDcpx7-ISDFK6T8A-P3lOdQ-- <- @changesets/get-dependents-graph 2.1.3 (2.1.4 is available)
+ nodelite-2-gptHNQghINnc-vTGIk0SOFGFNXw7JVrlRUtConJRlvaw6DuX0wO5Jeko9sWrMBhh-PsYAZ7oXAiOnf-UKogyiw-- <- universalify 2.0.1
+ nodelite-2-gPWxznF6TKmUHrOQjlVo2UbaL2EJ71mb2CCeRs-2qBpi4L-g4LUVc9-3lKQ6DTUZwJswfM7ainGrLO1-fOqa2g-- <- lighthouse-logger 1.4.2 (2.0.2 is available)
+ nodelite-2-gQpnTgkubC6hQgdIcRdYGDSDc-SaujOdyesZQMv6JlfQee-9Mp0Qhnys6WxDWvQnL5WZdT7o2Ul187aSt0Rq-w-- <- vlq 1.0.1
+ nodelite-2-gQxTNE-GAfIIrmHLUE3oJyp5FO6HRBfhjnw4-wMmA63ZGDJnWBmgY-lyQBpnDUkGmAhbSe39tx2d-iTOAfglwQ-- <- bser 2.1.1
+ nodelite-2-gUAyHVHPPC5wdqX-LG4LWtRYtgjxyX78oanFNTMMyFEfOqdC54s3eE82imuWKbOeqYht2CrNf64Qb8vgmmtZGA-- <- release-zalgo 1.0.0
+ nodelite-2-gv3ZRaISU3fjPAgNsriBRqGWQL6quFx04YMPW-zD8XMLsU32mhCCbfbO6KZFLjvYpCZ8zyDEgqsgf-PwPaM7GQ-- <- @jridgewell/sourcemap-codec 1.5.0 (1.6.0 is available)
+ nodelite-2-gvVzJFlPycKc5dZN4yPkP8w7Dc37BtP1yczEneOb4uq34pXZcvrtRTmWV8W-Ume-XCxKgbjM-nevkyFPMybd4Q-- <- wordwrap 1.0.0
+ nodelite-2-gXah6aZrcUxjWg2zR2MwouP2eHlCBzdV4pygudehaKXSGW4v2AsRQUK-lwwXhii6KFZcunEnmSUoYp5CXibxtA-- <- object.values 1.2.1
+ nodelite-2-gxGWBrTT1JuMx6R-o5PTXMmUnhnVzLQ9SNutD4YqKtI6ap897t3tKECYla6gCWEkplXnlNybEkZg9GEGxKFCgw-- <- camel-case 4.1.2
+ nodelite-2-h-NUaSyG5EyxBIp8YRxo4RMe2-qQgvyowRwVMzhYhBCONbW8PUsg4lkFMrhgZhUe5z3L3MiLDuvyJ-CaPa2A8A-- <- @types/babel__template 7.4.4
+ nodelite-2-h2lUByouOXFAlMec2mILeELUbME5SZRN-7R9Cw2RD2lRQQY08MWMM-PmVVKKJNK1aIwqTo9t-0CvOxwPbRIE2Q-- <- @typescript-eslint/parser 8.23.0
+ nodelite-2-h5bgJWpxJNswbU7qCrV0tIKQCaS3blPDrqKWx-QxzuzL1zGUzij9XCWLrSLsJPu5t-eWA-ycetzYAO5IOMcWAQ-- <- lz-string 1.5.0
+ nodelite-2-h5k-5U50IJJFpzfL6nO9jaaumfjO-f2NjK-oYB2Djzm4p9L-3T9qWpZqZ2hAbLPuuYq9wrU08WQyBTL5GbPk5Q-- <- deep-eql 5.0.2
+ nodelite-2-h5PpgXkWitc38BBMYawTYMWJHFZJVnBquFE57xFpjB8pJFiF6gZ-bU-WyI-yqXiFR5mdLsgYNaPe8uao6Uv9Og-- <- is-plain-object 2.0.4 (5.0.0 is available)
+ nodelite-2-h8lQ8tacZYnR3vNQTgibj-tODHI5--l06Au2Pcriv-Gmet0eaj4TwWH41sO9wnHDiQsEj19q0drzdWdeAHtweg-- <- abort-controller 3.0.0
+ nodelite-2-haPVm1EkS9pgvHrQ-F3Xy-hgcuMV0Wm9vfIBSiwZ05k-xgb0PkBQpGsAA-oWdDobNaZTH5ppvHtzCFbnSEwHVw-- <- sharp 0.33.5 (0.34.5 is available)
+ nodelite-2-haREypq7xkM7ErfgIyA0z-Bj4AGKlMSdlQE2jvJo6huWD1EdkKYV-G-T4nq0YEF2vgTT8kqMFKo1uHn950r4SQ-- <- path-key 4.0.0
+ nodelite-2-hAZsKq7Yy11Zu1DE0OzWjw7nnLZmJZYTDZZyEFHZdUhV8FkH5MCfoU1XMaxXovpyW5nq5scPqq0ZDP9Zyl04oQ-- <- universalify 2.0.0 (2.0.1 is available)
+ nodelite-2-hC7BkxOpf-z0UKhxFSFTPAM4shQzYmZHoELa6-8a-MspcjEP7ukYKpuSUTLDywQditT8yI9idfcKvfZDKQExGw-- <- react-native-webview 11.26.1 (13.15.0 is available)
+ nodelite-2-hCv9AqTQ8ycjpSd3upOJd7vFwW1JaoYQ7tpham03GJ1ca8-65rqn0RpaWpItOAd6ylW9wAw6luXYPJIyPFVOww-- <- anser 1.4.10
+ nodelite-2-hdr1oIb2p6ZSxu3PB2JWWYS7ZQ0qvaZsc3hK8DR8f02kRzc8rjYmxAIvdz-aYC-8F2IjNaB7HMcSDg8nQpJxyg-- <- nodemon 3.1.9
+ nodelite-2-hEzjY-x9u9hPmBom9IIAqdJCwNLax-xrPb51vEPpERoFlIxgmZcHzsT5jKG06nvInKOBGvReAVz80Umed5CczQ-- <- isows 1.0.4 (1.0.6 is available)
+ nodelite-2-hFoiJiTl63nn-kstHGBtewWSKnQLpyb155KHheA1l39uvtO9nWIop1p3udqPcUd-xbF1VLMO4n7OI6p7RbngDg-- <- is-stream 2.0.1 (4.0.1 is available)
+ nodelite-2-hfrc-1tud1xcdVTABC2JiomZJEklMcXYNTVtZLAeqTVWD-qL5jkHKT-1lOtqDdGxt-mB53DTtiz673vfjU8D1Q-- <- @types/node 20.19.0 (26.4.1 is available)
+ nodelite-2-hGdx5N8diu8y-GW-ED39vTZa9Jx1di2ZZ0aapbhH4egN1agIAusj5jXTccfNBwwWF93aJ5oVbRzfteZgjbutKg-- <- @react-native/metro-babel-transformer 0.74.83
+ nodelite-2-hh2WYhq4fi8-b--2Kg9CEge4fDPvHS534aOOvOZeQ3-Vf2mCFsaFBYj0i-iXcAq6I9Vzp5fjMFBlONvayDC1qg-- <- query-string 7.1.3 (9.3.1 is available)
+ nodelite-2-hjlsMBl1aJc5lp8MoCDEZCiYzlgdRAShOjAfRw6X-GlpLpUPU7c3XNLsKFZbQk-1cRzBlJ7CXg3xJAJMrFa1Uw-- <- @babel/plugin-proposal-export-default-from 7.27.1
+ nodelite-2-hjMmLaUXAm1hIuTqOdeYObMslq-q-Xff6QE3Y2P-uoHAg2nmVlLBps2hzh1UJDdMtDTMXOFewK6ky51JQIeECg-- <- recast 0.21.5 (0.23.9 is available)
+ nodelite-2-hJVXfu3E28NmzGk8o1sHhN3om52tRvwYeidbj7xKy2eIIse5IoKX3USlS6Tqt3BHAtflLIkCQBkzVrEEfWUyYQ-- <- socket.io-client 4.8.1 (4.8.3 is available)
+ nodelite-2-hkRX8U1WjJFd8LsDJ2yQ-wWWxaopEsABU1XfkM8A-j0-85JAGppt16cr1Whg6KIbb4okU6Mql6BOj-uup-wKeA-- <- string_decoder 1.3.0
+ nodelite-2-hlq8tAfn0m-61p4BVRcPzIGr6LKiMwo4VM6dGi6pt4qcRkmNzTcWq6eCEjEh-qXjkMDvPlOFFSGwQjoEa6gyMA-- <- semver 7.7.1 (7.8.5 is available)
+ nodelite-2-hMQ4CX1p1izmuLYyZqLMO-qGNw10wSv9QDCPfzXfyFrOaCSSoRfqE1Kf1s5an66J5JZC62NewG-mK49jOCtQew-- <- external-editor 3.1.0
+ nodelite-2-hOS089on8RduqdbhvQ5Z37A0ESjsqz6qnRcffsMU3495FuTdqSm-7bhJ29JvIOsBDEEnan5DPu9t3To9VRlMzA-- <- readdirp 3.6.0 (5.1.1 is available)
+ nodelite-2-hqKPlw8bOu-GRqtYr0-dINAI13HinTVYBDqhwGAPIFmLr5s-qKskzgCiwbsckdrb5LWVFmVZc-UXn80OGiyBzg-- <- @graphql-tools/prisma-loader 8.0.4
+ nodelite-2-hqoBX4dcZ1I33jCSWcXrP-1Ku7kdqXf1oeah7ooKOIiAdKQ-uqftgCFNOSzA5AMS2XIHEYeGFg4cKRCdpxzVOQ-- <- @babel/plugin-transform-member-expression-literals 7.27.1 (8.0.1 is available)
+ nodelite-2-hsBTNUqQTDwkWtcdYI2i06Y-nUBEsNEDJKjWdigLvegy8kDuJAS8uRlpkkcQpyEXL0Z-pjDy5HBmMjRCJ2gq-g-- <- ignore 5.3.2 (7.0.8 is available)
+ nodelite-2-hsqsJsFMsV-aD4s3CWKk85ep-3I9XzYV-IXaSouJMYIoDlgyi11cBhsqYe9-geRfB0YIikBQg6raRaM-nIMP9g-- <- thingies 1.21.0 (2.5.0 is available)
+ nodelite-2-htCUDlxyyCLMgaM3xXg0C0LW2xqfuQ6p05pCEIsXuyQ-a1koYKTuBMzRNwmybfLgvJDMd0r1LTn4-E0Ti6C2AA-- <- async 3.2.6
+ nodelite-2-hUrmaWBdVDcxvYqnyh09zunKzROWjbZTiNy8dBEjkS7ehEDQibXJ7XvlmtbwuTclUiIyN-CyXQD4Vmko8fNm8w-- <- why-is-node-running 2.3.0
+ nodelite-2-hwawtob9DryoGTpixy1D3ZXbGgJu1Rhr-ySH2PvTLHvkZuQ7sRT4oQwMh0hbqZH1weAooedEjRsbrWcGLCeyVQ-- <- @changesets/get-version-range-type 0.4.0
+ nodelite-2-hx--upLv5U1rgYfwe1xBQUhRmU41NEvpUvrp8jkrSCdvGSnM5-qdRMtylJ6PG5OFkBaHkbTAKTnd3-YyESRHFw-- <- @babel/plugin-syntax-top-level-await 7.14.5
+ nodelite-2-hXdUTZYIVOt1Ex--jAQi-wTZZpUpwBj-0QsOzqegb3rGMMeJiSEu5xLHnYfBrRV4RH2-OCSOO95Is-7x1WJ4bw-- <- make-dir 4.0.0 (5.1.0 is available)
+ nodelite-2-hXJCSrkwfA46Vd9Z3q4cpEpHB1rL5NG04--rbqW9d3-CSvtB1tYe8UTpAlixa1vj0m-ULglfEK2UKxMGxCxv5A-- <- @actions/core 1.11.1 (3.0.0 is available)
+ nodelite-2-i-2XbnSz-uxRCU6-NdVJgKWDTM427-MqYbkQzD321DuCQJUqOuJKIA0IM2-W2xtYHdKOmZ4dR6fExsd4SXL-WQ-- <- event-target-shim 5.0.1
+ nodelite-2-i24m8rpwhmPIS4zscNzK6MSEhk0DUWa-8iYQWxhffV8jkI4Phvs3F-quL5xvS0gdQR0FyTCMMH33Y78dDTzzIw-- <- log-symbols 6.0.0 (7.0.1 is available)
+ nodelite-2-i8F-I3wxmt9omnLh3lOg0APQtqxZaMU0x6xuC-9YH4Eg-7fu8SM4YbdwyvV8Z6sy3OMtGFB0SYOjU2STuId4FQ-- <- bun 1.2.3
+ nodelite-2-i9TNZlsq4uoyqSbluIcZkmPL9Bfi3djVxRnofUHwvx-h6SRW3cwgBC5SML7vsDcWyukY0eCzVN980rqP6qNl9g-- <- @shikijs/themes 1.29.2 (3.22.0 is available)
+ nodelite-2-iBdZ57RDvnOR9AGBhML2vFZf7h8vmBjhoaZqODJBFWHVtKkDmKuHai3cx5PgVMrX5YDNp27AofYbAwctSS-vhQ-- <- which-module 2.0.1
+ nodelite-2-iC-8Io04lddc-mVqQ9AZ7OQ2MrUKGN-oIQyq1vemgt46jwCwLfhq7-pwnBnNXXXZb8VTVLKwp9EDkx-ryxIWmg-- <- zod 3.22.4 (4.3.6 is available)
+ nodelite-2-iCsytMg-N9-oFq6n-gFTvUYDZQOMK5kEdeYxmxt91fcJGycfxVP9CnrxoliM0oumFERba2i8ZtwRUCMhvP1LnA-- <- @babel/plugin-transform-modules-amd 7.27.1 (8.0.1 is available)
+ nodelite-2-iCuPHDFgrHX7H2vEI-5xpz07zSHB00TpugqhmYtVmMO6518mCuRMoOYFldEBl0g187ufozdaHgWKcYFb61qGiA-- <- brace-expansion 1.1.11 (5.0.9 is available)
+ nodelite-2-iF-tNDQla22geJdTyJB1wM-qrX9DMRwWrciEPwWLPRWAUEM8sQiyxgckLxWT1f7-9VabJS0jTGGr4QgBuvi6Ww-- <- socks 2.8.5 (2.8.7 is available)
+ nodelite-2-iHZWu-q3IdFZFX36ro-lKBkSvfkztY5Y7HMiPlOUjhupPcG2JMfst2KKEpu5XndviX-3UhFbRngUPNKtgvtZiA-- <- queue 6.0.2
+ nodelite-2-ii4iagi25WusVoiC4B4lq7pbXfAp3D9v5CwfkY33vffw2-pkDjY1D8GaN7spsxvCSx8dkPqOZCEZyfxcmJG2IA-- <- ripemd160 2.0.2 (2.0.3 is available)
+ nodelite-2-iInW14XItCXET01CQFqudPOWP2jYMl7T-QRQT-UNcR-iQncN-F0UNpgd76iFkBPgNQb4-X3LV9tLJYzwh-Gl3A-- <- globals 16.0.0
+ nodelite-2-iIQ8hboBl3o5ufmJ8cuduGad0CQm3ZlsHtujv9Eu16xq89q-BG7Nh5VLxxUgmtpnrePgFkTwXirCTkwJH1v-Yw-- <- @walletconnect/jsonrpc-types 1.0.3 (1.0.4 is available)
+ nodelite-2-iIuLdYpQWZKbiH-RkCGc6iu-VwscP5rCtQ1lyQ7TYuKLrcZoeJVpcLiG8DliXVkUxirW-PWlmS-d6yD51L9jvA-- <- @typescript-eslint/type-utils 8.23.0
+ nodelite-2-iiUQtuXp8p4OdruDawsm1dRRnzUCcsu-lKo8OezESskHtbmZw2Ifej0P99AbJbBAcBw7q4GPI6987Vh05Si5rw-- <- @solana/wallet-adapter-solflare 0.6.28
+ nodelite-2-iKE9w-Z7xCzUMIZqdBsp6pEQvwuEebH4vdpjcDWnyzaI6yl6O9FHvVpmGelvEHNsoY6wGblkxR6Zty-h00WiSA-- <- safe-push-apply 1.0.0
+ nodelite-2-iKGIyMoyJuFnJRSVTZ78POIRvNnwZaWIf8vG4ZS3rQq58MMDrqEX2nnzx0R28V2X8JvmKYiqY9FP2hlJsm8A0w-- <- @istanbuljs/nyc-config-typescript 1.0.2
+ nodelite-2-ikqdkGAAyf-X-gPhXGvfgAytDZtDbr-bkNUJ0N9h5MI-dmdgCs3l6hoHrcUv41sRKew3jIwrp4qQDXiK99Utww-- <- on-finished 2.3.0 (2.4.1 is available)
+ nodelite-2-ilHM5fHhZ89MCp5aAaM9uhfl1c2JdxVxl3McqsdVyVNN6JffnEen8UMCdRTzOhGXNQGo5GNL9QugHrz727Wnng-- <- @vitest/utils 3.0.9 (4.0.7 is available)
+ nodelite-2-imAbBGkb-ebQyxKgzv5Hu2nmROxoDOXHh80evxdoXNOrvAnVx7zimzc1Oo5h9RlfV4vPXaE2iM5pOFbvOCClWA-- <- @jridgewell/gen-mapping 0.3.8
+ nodelite-2-iNEZv4IrLYPv64Q6k7EPpOCE-nuvGiKl7zxdq0WFuRPF5PAE9PRo2JGq-d8crLusM59BRemJ4eOqrFrC4wiQ-A-- <- @shikijs/engine-javascript 1.29.2 (3.22.0 is available)
+ nodelite-2-iNKaX3ZebKIsCvJ-0jd6embf-Aulaa3vNBqZ41kM7iTWjx5qzWKXGHiJUW3-nTpQ18SG11hdF8OAzKrpXkb96Q-- <- @babel/template 7.26.8 (8.0.0-beta.0 is available)
+ nodelite-2-iPAjerrse27-ygGLxw-EBR9agv9Y6uLeYVJMu-QNCoouJ1-1ri0mGrcWpfCqFZuzzx3WjtwxG098X-n4OuRkPg-- <- is-set 2.0.3
+ nodelite-2-ipKRinYpqnPc33OVyFB-GVmclKNoFI3RDQFOC-PaoPb6x2FPj-QsdevV3NHk3JwNv5GdJslIuNHtPIuJCqZlKg-- <- @fuels/react 0.39.2
+ nodelite-2-iPZK6eYjbxRu3uB4-WZ3EsEIMJFMqAoopl3R-zuq0UjcAm-MO6KCweDgPfP3elTztoKP3KtnVHxTn2NHBSDVUw-- <- locate-path 6.0.0 (7.2.0 is available)
+ nodelite-2-iq6eVVI64nQQTRYq2KtEg2d2uU7LElhTJwsH4YzIHZshxlgZms-wIc4VoDQTlG-IvVIrBKG06CrZnp0qv7hkcQ-- <- strip-ansi 7.1.0 (7.2.0 is available)
+ nodelite-2-iqAdEe4wfxGPT9s-VD-EhehBzaTxvWdisbsqiM6dMfk-8FfjrOj8SDBsHzKwmkRcrpMK6h9gLr3XcuBPu0JoFg-- <- @graphql-codegen/typescript-operations 4.4.1 (4.6.1 is available)
+ nodelite-2-iQBE-xC5BV1OxJbp6WG7jq9IWiD-xxlZhLrdwpPkTX3ydmXdvoCpyfJN7acaIBZaOqTfr76pgzqBJflNbeRK-w-- <- @babel/plugin-transform-modules-umd 7.27.1 (8.0.1 is available)
+ nodelite-2-iRDPJKUPVEND7dHPO8rkbOnPpyDygcDFtWjpeWNCgy8WP2rXcxXL8TskReQl6OrB2G7-UJrags1q15Fudc7G6w-- <- cross-spawn 7.0.3 (7.0.6 is available)
+ nodelite-2-itaWrbYbqpGXkGhZPGUulwnhVf5Hpy1xiCFsGqyIGglbBxmG5vSjxQen3-WGOjPpNEv1RtBLKxbmVXm8HpJStQ-- <- array-includes 3.1.8 (3.1.9 is available)
+ nodelite-2-itvL5h8RETACmOTFc4UfIyB2RfEHi71Ax6E-PivVxq9NseKbOWpeyHEOIbmAw1rs8Ak0VursQNww7lf7YtUwzg-- <- cosmiconfig 9.0.0
+ nodelite-2-iTWskWZEtn9SyEf4aBG6rKT8GABZMrTWop1-jopsEOgEcugcXJGKuX5bEbkq9qfzY-XB4MAgCaSPwnNpdsNQ3Q-- <- lit-element 4.0.5 (4.1.1 is available)
+ nodelite-2-iuh7L6jA7JEGu2WxDwtQP1ddOpaJNC4KlDEFfdQajSGgGPNi4OyDc2R7QnbY2bR9QjBVGwgvTdNJZoE7RaxUMA-- <- pbkdf2 3.1.2 (3.1.6 is available)
+ nodelite-2-iwDZqg0QAGrg9Rav5H4n0M64c3mkR59cJ6wQp-7C4nI0gsmExaedaYLNO44eT4AtBBwjbTiGPMlt2Md0T9H9JQ-- <- undici-types 6.21.0 (8.3.0 is available)
+ nodelite-2-iwksMs5Bf-wUItfcg-OXrEpravm5rEd9Bf4oyIPL4kVTmJQ7PNDSd6MDYkpSJR1pn7tz-k8Zf2DhTCqX08Ou-Q-- <- @changesets/parse 0.4.1 (0.4.3 is available)
+ nodelite-2-ixiS0nLNNG5jNQzgZJNoUpBKdo9yTYZMGJ-QgT2jmjR7G7-QHRCc4v6LQ3NgE7EBJq-o0ams3waJwkrlBom8Ig-- <- are-docs-informative 0.0.2
+ nodelite-2-ixmkI62Rbc2-w8Vfxyh1jQRTdRTF52VxwRVHl-ykPAmqG-Nb7-kNn-byLP0LxPgI7zWA16Jt82SybJInmMia3A-- <- eslint-plugin-import 2.31.0 (2.32.0 is available)
+ nodelite-2-iy8JhqlUW9PtZkd4pHM96v6BdJ66Ba9yWSE4z0W4TvSZwLBPkyDsiIU3ENe4SmrzRBs76F7rQXTy1lYC49n6Lw-- <- @babel/helper-replace-supers 7.25.7 (8.0.1 is available)
+ nodelite-2-iYyACpW3iW8Fw-ZybQK-drQre-ns-tKpXbNESfrhNnPLIklLbXr7MYJ6gPEd0iETGLOK-SxMjVvKb-ffmk-FEw-- <- @babel/highlight 7.25.7 (7.25.9 is available)
+ nodelite-2-j2afSsaIENvHZN2B8GOpF566vZ5WVk5opAiMTvWgaQT8DkbOqsTfvNAvHoRGU2zzP8cPoqys-xHTRDWW8L--BA-- <- abab 2.0.6
+ nodelite-2-j3fVLgvTo527anyYyJOGTYJbG-vnnQYvE0m5mmkc1TK-nxAppkCLMIL0aZ4dblVCNoGShhm-kzE4ZUykBoMg4g-- <- ajv 6.12.6 (8.9.0 is available)
+ nodelite-2-j6vWzfrGVfyXxge-O0x5sh6cvxAog0a-4Rdd2K36zCMV5eJ---tOAngRO8cODMNWbVRdVlmGZQL2YS3yR8bIUA-- <- es-set-tostringtag 2.1.0
+ nodelite-2-jCTL-qYcIW2GihbBRHypQ-Us7saWMNZ5fsumsta-qPY0Pmi1ccba-KRQvgctmQsbP69FWemJSs8zVcFaNwdL0w-- <- @whatwg-node/fetch 0.10.3
+ nodelite-2-jCvmsr-1IUSMUyzOkRcvnVbX3ZYC6g9TDrDbFuFmRDq7PD4yaGbLKNQL6k2jnArV8hjYxh7hVhAZB6s9HDGpZA-- <- react-refresh 0.14.2
+ nodelite-2-jDctJ-IVQbZoJykoeHbhXpOlNBqGNcwXJKJog42E5HDPUwQTSdjCHdihjj0DlnheQ7blbT6dHOafNAiS8ooQKA-- <- binary-extensions 2.2.0 (2.3.0 is available)

Done in 1.5s
