Progress: resolved 1, reused 0, downloaded 0, added 0
Packages: +250
++++++++++++++++++++++++++++++++++++++++++++++++++++++++++++++++++++++++++++++++
Progress: resolved 250, reused 0, downloaded 250, added 250, done

dependencies:
+ nodelite-2---5VFTchJDoVj3bhoqi6UeymcD00DAwb1nJwamzPvHEszJ4FpF6SNNbUbOS8yI56qHzdV8eK0qEfOSiodkTdxg-- <- possible-typed-array-names 1.1.0
+ nodelite-2---88mFWSJx8lxCzwdAABTJL2MyWB12-eIY7MDL2SqLmAkeKU9qxRvWuSyTjm3FUmpBEMuFfckAIqEaVGUDxb6w-- <- p-limit 2.3.0 (7.2.0 is available)
+ nodelite-2---HKd6EgcQCJGh2PSjZuUitQBQynKor4wrFbRg4DtAgS1aWO-gU52xpH7M9ScGgXSYmAVS9bIJ8EzuaGw0oNAw-- <- cross-env 7.0.3
+ nodelite-2--2-g0Fds1ERlP6JsakQQDXjZdZMM-rqpamFZJEKh4kwTIn3iDkgKtby0CeNd5ATNZ4Ry1ax15TMx0W2V-miizQ-- <- typescript 5.4.2 (6.0.0-dev.20260130 is available)
+ nodelite-2--2cnTEZeY5z-iXGbLhPrOAaK-Mau5k5eXq9j14CpRTftq0pAJu2MwVRSZhyZWBzx3o6X795Lz6Bpb6R0GKf37g-- <- is-set 2.0.2 (2.0.3 is available)
+ nodelite-2--2GogDQlohXPZe6D6NOgQvXLPSYBqIWMnZ8zzOhn09REE4eyAzb-Hed3jhoM9OkuaJ8P6ZGTTVWQKAi8ieIzfQ-- <- dompurify 3.2.6 (3.3.1 is available)
+ nodelite-2--2K3A4TCP9orP4TNS7u3tGdRFVKqz-E6pX3aGnriPG0jU78of8wsUcqE4QAhWEU0d-WnMSF93Ah3F--vUtK-iQ-- <- postcss-selector-not 5.0.0 (8.0.1 is available)
+ nodelite-2--2UgfLKoaNLhgfhV5Ihnk6wB4ljyW1-7wUIog2puUqajiC29Lp5R-IKDdkebh9jTbTogTbsgB-OY9cEWzG95JQ-- <- @vue/compiler-dom 3.5.17 (3.5.27 is available)
+ nodelite-2--3IjMdb2L9QbBdWiW5e3P2-npwMBaU9mHCSCUzNln0ZCYbcfTsGbTJrU-kGemdH2IWmB2ioZ-zkxtmq6g09fGQ-- <- react 18.2.0 (19.2.8 is available)
+ nodelite-2--5CALsOvbNKnS-ZHMXtuUC7nL8-7F1F2DnHGjSsszX8zCjWSSviphCb-NuS9Nzf4Q03KyyDRBAXhF-8lffME4Q-- <- vitest 0.34.6 (4.0.7 is available)
+ nodelite-2--6erLbBm0-LROX2sPXlUYx-ux5PyE9K-a92Wrt6oA-WDAoFTdpHE5tCYCI5PNzq2y8df4rA-QgHLJuR4jNymsg-- <- terser 5.43.1
+ nodelite-2--6w-C21Pm1A7aZitlI5Ni-2J6FFQN8i1Cvz3kHABAAbw93v-NlvKdVOqz7CCWz-3iv-JplRSEEZ83XION15ovw-- <- ansi-colors 4.1.3
+ nodelite-2--7CHXqGuspUn-Sl5aO7Ea0xWGAtETPXNSAjHo48JfLdPWcMng33Xe4znFvQweqc-uzk5zSOI3H52CYnjCfb5hA-- <- browserify-aes 1.2.0
+ nodelite-2--8TgIGv89rOWyt3eC6lcR1H7hqChAKkpawytlq9P1i-HYugFRVqgoKJ8dhd89fMnlrQTLjA5E97-4sF09QwdoA-- <- @commitlint/ensure 20.2.0 (20.4.1 is available)
+ nodelite-2--bT2uH4E5LGE7h-n3evcS-sQlJXCpIp6ym8OWJ5eV6-67Dsql-LaaT7qJBAt2rzfoa-5QBGBhxDix1dMt2kQKQ-- <- levn 0.4.1
+ nodelite-2--dQSyqPh4x1hlO1swXBiNb2HzTDN1I2IGLQx1GrBuiqFJfoMrnZWwVmatvSiO-Iz8fBUnf-lekwNo4c2LlXItg-- <- husky 8.0.3 (9.1.7 is available)
+ nodelite-2--EUsqGPLsM-j-zdChZjsnX51g4XrHFOIXwfnCVPGlQk-k5giakcKsuxCObBRu6DSm9opw-O6slWbJdghQM4bBg-- <- negotiator 0.6.3 (1.0.0 is available)
+ nodelite-2--f2Go4TognH-KvCISP7OUsHn85hT9nUkxxA9BEWxFn-Oj9o8ZNLm-40hdlgSLyuOimsrTKLUMEorQexp-aPQeA-- <- evp_bytestokey 1.0.3
+ nodelite-2--Fj43pSMwJs4KRrH-938Uf-uAELIgVBmQzg-q1YG10djyfA3TnrU8N8XzqCh-okZdszqBQTZf96idMfE5lnwTA-- <- @sinclair/typebox 0.27.8 (0.34.52 is available)
+ nodelite-2--FQM1EDkTsf63Ub2C6O7GuYFDsSXUwsaZDurV0np41ocwq0jthUAYCmhBX9f-KwlaCgIuWyr-4WlUQUBfKfZog-- <- any-observable 0.3.0 (0.5.1 is available)
+ nodelite-2--h1lkLKhZMTYjog1VEpJNG7NZJWcuc2DDk-qsqSTRRCOXiLjeQ1d1-udrUGhqMxUgAlwKNZ0cf2uqan5GLuS2A-- <- env-paths 2.2.1 (3.0.0 is available)
+ nodelite-2--IXtbwEk5HTPyEwyKX6hGkYXxM9nbj64B-ilVJnC-R6B0pH5G4V3b0pVbL7DBj4tkhBAppbQUlf6F6Xl9LHu1g-- <- math-intrinsics 1.1.0
+ nodelite-2--jHxFIzoMXdqPzTaCpFzAAWhpkSjZPF4Vsn6jAfNpmbH-ymsmd7Qc6VE9BGn0L6YMj6uwpQLxCECpus4ukKS9Q-- <- outdent 0.5.0 (0.8.0 is available)
+ nodelite-2--Jm5M4RvtBFVkKWRu2BLUTNP8-M2a-UwuAX-ae4770q1qVGtfjG-WTCupoZixokjmHiry8uI-dlY8KXYV5HVVQ-- <- pkg-types 1.3.1 (2.3.0 is available)
+ nodelite-2--KAgmVeqXYbTtU2FScx1XS3kNyfZ5TrXY07V96QnUSFqo2gAqlvmaxH67Lj7SWazqsMabf-58ctdTcBgnOLUOQ-- <- pino-abstract-transport 0.5.0 (2.0.0 is available)
+ nodelite-2--kyM18EfinwXZbno9FyUGeFh87KC8HRQBQGildHZbEuRyWFOmv1U10o9BBp8XVZDVNNuQKyIGIu5ZYAAXJ0V2Q-- <- emojis-list 3.0.0
+ nodelite-2--LLMVyas0ljjAtoYiPqYiL8VWXzUUdThrmU5-n20DZv-a-ClRoevUzw5JxU-Ieh5-c87ytoTBV9G1FiKfNJdmg-- <- react-is 18.3.1 (19.1.0 is available)
+ nodelite-2--lP4-6lKUBfQjZ2pdxThZvLUAafmZb8OAxFb8XXtiQmS35INgr85hdOGoEs124ez1FCnZJt6jau-T-alh58QFQ-- <- is-promise 2.2.2 (4.0.0 is available)
+ nodelite-2--N-Q9kV1-F-UeWYoSiULYo4xYSDQlTgb-ayMobAXPwMnLvop7oxKMo9OzIrX5x3eS4L4f2UHhc9axXwY8DpChg-- <- svgo 2.8.0 (4.1.0 is available)
+ nodelite-2--Nf7TyzTx6S3yRJObOAV7956r8cr2-Oj8AC5dt8wSP3BQAoeX58NoHyCU8P8zGkNXStjTSi6fzO6F0pBdcYbEg-- <- bytes 3.1.2
+ nodelite-2--O9Jct8wf--lXxxFc4hc8LsjaSq0HFzzL7cVsw8pRDIPdjKD2mT4ytDZlLuSBZ4cLKZFXIrMGO7DbQCtMJJMKw-- <- ansi-regex 3.0.1 (6.3.0 is available)
+ nodelite-2--OaKK0xYrs3DmxRYqL-yDc-FxFUVYhDlXMhRmv3z915w2HF1tnN1omB354j8VUGO-hbRzyD6Y3sA7v7GS-ceog-- <- to-fast-properties 2.0.0
+ nodelite-2--oDTluR6WEjdXEJMnC2z6A4FRwFoYuvShVVEGsS7ewc0UTi2QtAKMDJuL4BDEVt-5T7MjFo12RP8ghOM75oKJw-- <- is-text-path 2.0.0
+ nodelite-2--OJ9konv95ClSTOJCmMZqpd5-YGsB2S-x6w3E1oaM8UuR5j8nTNHYSz8c9BEPGDOCMQYIEEGlVPj-VY64iTbGw-- <- @csstools/selector-specificity 2.2.0 (5.0.0 is available)
+ nodelite-2--pC9HAB5I-xMlc5FP77qjCnI16ChlJfW0tGa0IUcFn38VJrTV6DeZ60NU5KZBtaOZqjdpwTWohz5HU1RrhiYxQ-- <- @types/chai 4.3.20 (5.2.3 is available)
+ nodelite-2--qNfcoNk70PyS-uxmj3li5NiECO-2YKZZQMbmjTqRI3Qchu8Hig-Q9vgkHpI3alNjr7M-a2St5pw5w5F6NL5-Q-- <- @chevrotain/gast 11.0.3
+ nodelite-2--rodHpRSgiI9o1faq9SZOp-o2QkKQg7T-DK0R5AkbnI-YxvAIEHf2cngjYzLMQSQgUhxym-LFr-UGZx4vK4QdQ-- <- @napi-rs/nice-linux-x64-musl 1.0.1 (1.1.1 is available)
+ nodelite-2--SjF9mxm5JCbe-8grOpXCXMMRzAnE0WWijhhtasdrpJoAFJYd5UgRTj-oCq5W3HJTwbvTOsijEJ0SUGImECD7Q-- <- @commitlint/read 20.2.0 (20.4.0 is available)
+ nodelite-2--sM3dO2FOzXjKQhJuo0Q173wf2KOo8t4I8vHy6lF9poUp7bKT0-NHE8fPX23PwfhnykfqnC2xRxOnVw5XuGIaA-- <- jsesc 3.1.0
+ nodelite-2--Tb-JcjK111nNScGob5MNtsntNM1aCNUDipB-TkwZFhyDrrE47SOx-18wF2bbjgc3ZzCSKW1T5nt5EbFoAz-Vg-- <- cssesc 3.0.0
+ nodelite-2--TQ-x4JdTnDoFEXXb3fDvfGOwnyNV7duH8fXWTPD1ieaBmB8omj7Gw-pMBBu4uI2uJCCU8APDaQJzWuXnTsH4A-- <- eslint-rule-docs 1.1.235
+ nodelite-2--TSkfINHDo4J-ZobQLWiMouQYB-UVYFttRA94FpEzzJ7ZdqcL4uUUQ7WkdkI4DSozGmgBUE-a47L-38PenXhUw-- <- stream-http 2.8.3 (3.2.0 is available)
+ nodelite-2--uarb83brBzPKN38NX1MkB6vb6-mwvR6amUulqAE7ccQw1pEl-bCia9TbdG1lsnFP7lZySvUn37CHyXQdfTwzg-- <- @babel/types 7.23.6 (8.0.4 is available)
+ nodelite-2--UdQxI3jgtSjCykNSlEMuy1jSRQlGC7pqBCPvkG-2dATdWo082zHTTK3uhnAju2-6XpE6B5mZ3z4Z8Ns01S8Gw-- <- @svgr/plugin-jsx 6.5.1 (8.1.0 is available)
+ nodelite-2--udSj47aRl5aKb0memBvcUG9koarqnxNM5yjuREvqwK6T3ap4mn3Zqqc17QrBFTqSMjr3HK1cvStEZpMDpfdyw-- <- @vue/devtools-shared 7.7.7 (8.0.5 is available)
+ nodelite-2--uw1inIHVPQoaVuHzRyXd21icM-cnt4CzD5rW-NC1wjOUSTOs-Te7FOv7AhN7vS9x-oIyhLP5PR1H-phQAHu5Q-- <- end-of-stream 1.4.4 (1.4.5 is available)
+ nodelite-2--WKqsK294HMSc2jEbNgpHpd0JfIBhp7rEV4aqXWqFr6AlXov-SlcgB1Fv01y2kGe3Gc8nMW7VA0SrGuSkRfIEg-- <- lodash.startcase 4.4.0
+ nodelite-2--wluvCrRhXrhyOmRDJ3q8mux9JkKy5SJ-v8ol2tu4FVjyYvtEzkc-3pK15ET6RKg4b4w4BmTk1-gsCUhf21Ykg-- <- @iconify/types 2.0.0
+ nodelite-2--xdLSWxK5QkqG524ONSjvg3V-FkNyCv538OIBdQqPNaAta3AsXj-Bd2FbvR87yMbXO2hFSWiAe-Q6IkVPDw-mw-- <- @svgr/core 6.5.1 (8.1.0 is available)
+ nodelite-2--ys997U96po4Kx-ABpBCqhA9EuxJaQWDQg7295H4hBphv3IZg0boBKuwYpt4YXp6MZ5AmZQnU-tyMTlRpaSejg-- <- call-bound 1.0.4
+ nodelite-2--zYUwiHD8j7gKx2argXEMCUXVST6q-21DFU0sTfNX0URJroCe3b1UF6vLJ3lQDfLNIiiRl2ONp7Nh5UVWS6QnA-- <- @vue/shared 3.3.13 (3.5.27 is available)
+ nodelite-2-0-A9rDy9P7cJ-8w1c9WD9V--9Wj15Ce2MPz8Ri6032usz-NfePxx5AcN3bN-r6ZL6jEo066-yNYB3tn4pQEx-A-- <- uuid 11.1.0
+ nodelite-2-0-DUvqWMValLmha6lr4kD8iAMK1HzV0-aKnCtWb9v9641TnP-MFb7Pc2bxoxQjTXAErryXVgUOfv2YqNllqGeg-- <- tinybench 2.9.0 (5.1.0 is available)
+ nodelite-2-00o4I-DVrefhv-nX0ulyi3biSHCPDe-yLv5o-p6d-UVlirijB8E16FtfwSAi4g3tcqrQ4lRAqQSoFEZJehYEcw-- <- reflect.getprototypeof 1.0.10
+ nodelite-2-03ruubjWyOHlmljCVoxSuNDdmfZDzsrrz0P2LeJsOXr-ZwFQ-0yQIwNCwt-GYhV7Z31fgtXJTAEs-FYlEL851g-- <- @types/eslint 8.56.12 (9.6.1 is available)
+ nodelite-2-04PDPqSlsqIOaaaGZ-41vq5FejI9auqTInicFRndCBgE3bXG8D6W1I-mWhk-1nqbHmyhla-6BUrd5OSiHwKRXw-- <- listr-verbose-renderer 0.5.0
+ nodelite-2-04xDrxQTDTCFwP5H6hRhsRcb9xxv2RzkcsygFzmkSIOJy3PeRJP7sNk3VRIbKXcog561P9oU0-rVH6vDROAgUw-- <- d3-quadtree 3.0.1
+ nodelite-2-0a1F4l73-ZFZOakJnQ3FvkJ2-gSTQWz-r2KE5OdDY0TxPm5h4GkqkWWfM47T7HsbnOtcJVEF4epCVy6u7Q3K-g-- <- resolve-alpn 1.2.1
+ nodelite-2-0ASV06AAoKCDkS2-xw5RXJywruurpbC4JZSm7nr7MOt1ojAzvyyaO-UxZf18j8FCF6kmzCZKcAgN-yu2gm2XgQ-- <- unist-util-stringify-position 4.0.0
+ nodelite-2-0BJzWEfCdTtK2R3EiKKSdkE51-DI-BwnhlnicSW482Ym6-DGHud8K0wGLcdjip1epVX0HKo4c8zzTeV-SkiejQ-- <- postcss-preset-env 7.5.0 (9.6.0 is available)
+ nodelite-2-0by5vtUJs8iFQb5TYUHHPudOR-qXYIMKtiUzvLIZITZUjknFmziyBJuLhVRc-Ds0dREFlskDNJKYIdIzu-9pfw-- <- is-finalizationregistry 1.0.2 (1.1.1 is available)
+ nodelite-2-0dEVyRLM-lG4gp1R-Ik5bfPl-1wX00xFwd5KcNH602tzBa09oF7pbTKETEhR1GjZ75K6OJnYFu8II2dyMhONMw-- <- @edge-runtime/vm 3.2.0 (5.0.0 is available)
+ nodelite-2-0gSFWUPNXNopqtIPQvlD5WgXYI5GY2kP2cCvoT8kczjbfcfuIljTbcWrulD1CIPIX2gt1wghbDy08yE1p--r3w-- <- @babel/helper-module-imports 7.27.1 (8.0.0-beta.0 is available)
+ nodelite-2-0gSo4ml-0j98Y3lngkFEot-zhiCeWsbYIlZ-uZOVgzLyLaUw7wxUL-nCTP0XJvJg1AXulJRI3UJi8GsbDuxdGA-- <- get-intrinsic 1.2.2 (1.3.1 is available)
+ nodelite-2-0hJU9SCPvmMzIBdZFqNPXWa6dqh7WdH0cII9y-CyS8rG3nL48Bclra9HmKhVVUHyPWNH5Y7xDwAB7bfgSjkUMQ-- <- hasown 2.0.2 (2.0.4 is available)
+ nodelite-2-0IDJYhgU8xDv1KY6-VgUwuQkVtmYzRwu-dMjnmdMafXYv86SWqfxkc7qdDvWS38vsjaEtv8e0vGOUQrAiMBLpQ-- <- postcss-custom-properties 12.1.11
+ nodelite-2-0j0cPq3fgxt2dPdFsg4XvO-6L66RC0pZybT9F4dG5TBrLA3jA-1pNkdTXH9IBBVHkgsKrNKenI3n1mPyPlIydg-- <- @changesets/cli 2.29.5 (2.31.1 is available)
+ nodelite-2-0je-qPKHEMohvfRTCEo3CrPG6cAzAYgmzKyxRiYSSDkS6eGJdyVJm7WaYA5ECaAD9wLB2T4EEeymA5aFVcYXCA-- <- dequal 2.0.3
+ nodelite-2-0KpjqXRVvrYyCsX1swR-XTK0va6VQkQM6MNo7PqW77ByjAhoARA8EfrP1N4-KlKj8YS0ZUCtRT-YUuhyYDujIQ-- <- lodash.merge 4.6.2
+ nodelite-2-0mYKnYYe9ZcqMCWhUjItv-oHjvgEsfKvnUTg8sAtnHr3GVy7rGkXCb6d5cSyqrWqL4k81b9CPg3urd-T7aop3A-- <- points-on-curve 0.2.0
+ nodelite-2-0pfFzegeDWJHJIAmTLRP2DwHjdF5s7jo9tuztdQxAhINCdvS-3nGINqPd00AphqJR-0LhANUS6--7SCb98YOfA-- <- y18n 5.0.8
+ nodelite-2-0Pm9hTQ3se5ll1XihRic3FDIku70C-iHUdT-W926rSgHV5QgXsYbKZN8MSC3tJtSkhuROzvsQjAaFENRXr-19A-- <- util 0.10.4 (0.12.5 is available)
+ nodelite-2-0TROgQ1-SxE6KmxWSvXHvRj90-Xo1JvZShofnYF-f6ZsGtR4eES7WfrQzPalmyagfKZCXpVnitiRebZulWsbiw-- <- hash-base 2.0.2 (3.1.2 is available)
+ nodelite-2-0ueD7rPqX8Pn1xJIjay0AZeIuDoF-V-VvMt-uOnn-4ezUKhZM-NokDeP6DwMNyIoYByuN-94IQnt5FEkaN59xQ-- <- postcss-initial 4.0.1
+ nodelite-2-0wJxfxH1wgO3GrbuP-dTTk7op-6L41QCXbGINEmD-ny-G-eCqGzxyCsh7159S-mgDDcoarnBw6PC1PS5-wUGgw-- <- lodash.isstring 4.0.1
+ nodelite-2-0XsVpQLnVCXHJfyEs8tC0zpTVIr5PKKsQtkT29IwupnPTjtPmQ3xT-4yCREF9hYkV-3M3kzcUTSAZT6a6h81tw-- <- string-width 1.0.2 (8.1.0 is available)
+ nodelite-2-1-sA4dwrzBAyeUoQ6oxahHKmrZvsnLCg4RfxW3ZFGGmQkSNQPFNLV9CUEFQP1x9EYXHTo5p6xdhZM1Ne9p-AfA-- <- @eslint-community/eslint-utils 4.4.0 (4.9.1 is available)
+ nodelite-2-115fLhvZVqWwHPbClyntxEVfVDfl9DLLTuJvq3g2O-Oxi8AiNouAHvDSzHS0viUJc-V5vm3eq91Xwqn9dp4jRA-- <- miller-rabin 4.0.1
+ nodelite-2-18f9voByak7bTktR2QgDveglpn9DTbBWPUzSOe9g0N4WR-2eSt6Vrcbf0hmspvMI6YWGywz6B9f7jzpFNJJgnQ-- <- postcss-flexbugs-fixes 5.0.2
+ nodelite-2-1ANGLZ-Nkv1ptFb2pa8oG8Lem4krflKuX-gINiHJHjJUKaJHk-SXk5x6K3J-39-p0h1RQ2saROclJJ-QLvETCQ-- <- irregular-plurals 3.5.0
+ nodelite-2-1APHAyr3-PCamwNw3bXCPp4HFLONZt-yIH0sZp0-469KWNTEy-qN5jQ3GVX6DMZ1UXAi34yVwtTeaG-HpBuuzw-- <- ansi-html-community 0.0.8
+ nodelite-2-1BC0BVFhS-p0qtw6enp8e-8OD0UrK0oFLztSjNzhcKA3WDuJxxAPXzPuPtKkjEY9UUoEWlX-8fgKeu2S8i9JTA-- <- is-callable 1.2.7
+ nodelite-2-1bCSESV6Pv-i21Hvpxp3Dx-pSD8lIPt8uVjRrxAUt-nbswYc-tK6Y2btiULjd4-fnq15PX-nqQDC7Oft7WkwcA-- <- semver 7.5.4 (7.8.5 is available)
+ nodelite-2-1cDNdwJ2Jaohmb3sg4OmKaMBwuC48sYni5HUw2DvsC8LjGTLK9h-eb1X6RyuOHe4hT0ULCW68iomhjUoKUqlPQ-- <- has-symbols 1.1.0
+ nodelite-2-1CUQgtJSLF47NnhN-F9X2ycxUP0kLHQ-JWvNHbeBfwW8CzEGgeskzNnHDyv1ieKTltuR6sdIHV-nmR6kPxQqzQ-- <- @vitest/runner 0.34.6 (4.0.7 is available)
+ nodelite-2-1fMHaBZxLFvWI067AVbGJav1eRY7N8DDvYCTwGBiE-ytKBgP8azTdgyrKyWZ9Mfh09eHWb5PgTSO8wi7U824RA-- <- @chevrotain/regexp-to-ast 11.0.3
+ nodelite-2-1fmkBaCALD72CK2a9i468mA--tr9-1cBxRRMXOUaZqO43oWPR5imcyPjXwuv7PXbCid4ndlP5zWhidQVVa3hmA-- <- postcss-font-variant 5.0.0
+ nodelite-2-1fygroTLlHu66zi26VoTDv8yRgm0Fccecssto-MhsZ0D-DGW2sm8E8AjW7NU5VVTRt5GxbeZ5qBuJr-HyLYkjQ-- <- picocolors 1.0.0 (1.1.1 is available)
+ nodelite-2-1gn1Up5YXka3YYAHGKpbideQ5Yjf1tDa9qYcgysz-cNCXukyLl6DjPXhD3VRwSb8c0J9tA4b2-rHEZtc6R0tlw-- <- @babel/helper-plugin-utils 7.27.1 (8.0.1 is available)
+ nodelite-2-1hnUxxjd83EAxbL4a0JDJoD3Dao3hmjvyvyEV8PzWmLK3B9m9NPlW7GKjFyoWE8nM7HnXzPcmmSyOW8yOddSXw-- <- @svgr/hast-util-to-babel-ast 6.5.1 (8.0.0 is available)
+ nodelite-2-1I-1qpDt4idfgLQG-BNWmrqku-7-2bi5nLf4YwF8y8zXvmfiTBY3PV3ZibfrjBueCByROpuBjLLFCajqkgYoLQ-- <- mark.js 8.11.1
+ nodelite-2-1JGu8oCjVXLa9q9rFTo4MbeeA5FMe00-9C7lN4va606Rdb-HkxXtXsmEDrIraQ11fGz-WvKWa8gMuCKkrXpTsQ-- <- postcss-page-break 3.0.4
+ nodelite-2-1kFmZ1rOm5epu9NZEZm1kckCDGj5UJEf7P1kliH4LKu-RkwpsfqqGmY2OOcUs18lSlQBKLDYBOGxRVtrMN5lpg-- <- @typescript-eslint/types 6.21.0 (8.8.0 is available)
+ nodelite-2-1m0bIFVc7eJWyve9S0RnuRgcQqF-Xd5QsUZAZeQFr1Q3-p9JWoQQEqmVy-DPTNpGXwhgIetAoYF8JSc33q29QA-- <- @types/http-cache-semantics 4.0.4 (4.2.0 is available)
+ nodelite-2-1NB-BKqhtNipMsov4xI-NnhCKp9XG9NamYp5PVm9klAT0fsrNPjaFICsCFhNhwZJKNh7zB-3q8qXz0E9oaMNtQ-- <- confbox 0.2.2
+ nodelite-2-1nh45deeb5olNY7eX82BkPO7SSxR5SSYJiPTrTdFUVYwAl8CKMA5N9PjTYkHiRjisVcxcQ1HXdLhx2qxxJzLNQ-- <- nice-try 1.0.5
+ nodelite-2-1NNCs6uurfkVbeXG4S8JFT9t19m45ICnif8zWLd5oPSZ50QnwMfK-H3jv408d4jw-7Bttv5axS5IiHoLaVNHeQ-- <- postcss-value-parser 4.2.0
+ nodelite-2-1pC6N8qWJbWoPtEjgcL2xyhQOP491EQjeUo3qTKcmV8YSDDJrOepfG8pcC7h-QgnQHYSv0mJ3Z-ZWxmatVrysg-- <- is-finalizationregistry 1.1.1
+ nodelite-2-1POYv7uv2gXoyGFpBCmpDVSNV74IfsWlDW216UPjbWufNf-bSU6GdbDsxdcxtfwb4xlI3yxzOTKClUosxARYrQ-- <- speakingurl 14.0.1
+ nodelite-2-1pqUqRjkhPJ9miNq9SwMfdvi6lBJcd6eFxvfaivQhaH3SgisfiuudvFntdKOmxuee-77l-FPjKrQjWvmPjWrRw-- <- is-fullwidth-code-point 1.0.0 (5.1.0 is available)
+ nodelite-2-1Qed0-Hr2m-YqxnM09CjA2d-i6YZNfF6R2oRAOj36eUdS6qIV-huPJNSEpKbupewFs-ZsJlxsjjPbc0-afW6Lw-- <- is-map 2.0.3
+ nodelite-2-1RWYiq-5UfozGsU6MwJyFX6BtktcT10XRjvcAQmskCtMcW3tPske88lM-nHv7BQG1w9KBXI1zPGuu5PnNCX14g-- <- @types/node 11.15.54 (26.4.1 is available)
+ nodelite-2-1rYdTpyv03iycF1-BhzrzQJCdOuAOtaqHTWJZCWvijKD2N5Xu0TtVC8--1faWqcP9iBCWOmjmhoH94dH82BxPQ-- <- @esbuild/linux-x64 0.21.5 (0.28.2 is available)
+ nodelite-2-1TzA5TvGuh2zUwMJgdfvrBABWZ7y8kBwBhm7BXk8rvdx2SsgcGfz2ruv2GzuGZNvL1aKnK8CQMV-jFOrxNQUMA-- <- @vue/runtime-core 3.3.13 (3.5.27 is available)
+ nodelite-2-1Us1kdkdfKd2unbkBAOV2HHRmbRBYpSuk9nJ7cLD2hP4QmfToiM-VpxNlhJc1eezVwVqSKSBjNSzZsK-fWR-9A-- <- typescript-transform-paths 3.4.7
+ nodelite-2-1v-e3Dl1BknC37cXMhwGomhO8AkYmN41CqyX9xhUDxry1ns3BFQy2lLDRQXJRdVVWB9OHemv-53xaStimvWyuA-- <- styled-components 6.1.19 (6.5.3 is available)
+ nodelite-2-1v7fgQRj6hnSwFpq1Eu0ynr-CDEw0rXo2B61qXrLNdHZmPKgb7fqS1a2JwF0rISo9q77jDI8VMEHoApn8qDoZA-- <- character-entities-html4 2.1.0
+ nodelite-2-1XMJE5fQo1jGH6Y-7ebnwPOBEkIEnT4QF32d5R1-VXdXveM0IBMJt8zfaxX1P3QhVwrYe-576-jkANtSS2mBbw-- <- stackback 0.0.2
+ nodelite-2-1Xve-NMN7FWjY14vLoY5tL3BVEQ-n42YLwaqJIPYhotZ9uBHt87VceMwWQpzmdEt2TNXIorIFG-YeCUUW7RInw-- <- @types/stylis 4.2.5 (4.2.7 is available)
+ nodelite-2-1yD6RmLI1XBfxugvORwlck6f75tYL-iR0jqwsOrOxMZyGYqUuDhJ0l4AXdO1iX-FTs9cBAMEk1gWSEx1kSbylg-- <- find-up 3.0.0 (7.0.0 is available)
+ nodelite-2-1ZJTZebgqllO79ue2bm3rIGud-bOe0pP5BjSRCRxxYkEZS8STV7zN84UBbiYu7jy-eCKSnVIUgoWWE-tt-shMQ-- <- @jridgewell/source-map 0.3.6 (0.3.8 is available)
+ nodelite-2-2-1thGUUWWjLTYTHZWK1n8Yga0ijBz1XAhUXcKy81rd5g6yh7hGqMp45v7cadSbEHc9G3OTv45SyneRN3ps4DQ-- <- @babel/helper-compilation-targets 7.27.2 (8.0.0-beta.0 is available)
+ nodelite-2-2-kNscPhpcxrOigMZzbiWF7dz8ilhb-nIHU3EyZiXWXpeq-au8qJ8VhdftMkty3n7Gj6HIGalQG8oiBNB3AJgA-- <- cacheable-lookup 5.0.4 (7.0.0 is available)
+ nodelite-2-24e6ynE2H-OKt4kqsOvNd8kBpV65zoxbA4BVsEOB3ARVWQki-DHzaUoC5KuON-BiccDaCCTZBuOcfZs70kR8bQ-- <- react-is 16.13.1 (19.1.0 is available)
+ nodelite-2-25ClnWWuw7JbWZcgqY-gJ4FQWadKxGWk-3kR-7kD0tCaDtPPMj7oHu2ToLaVhfpnHrZzYby2w6tUA0eOIuUg8g-- <- points-on-path 0.2.1
+ nodelite-2-269Z39MS6wVJtsoUl10L60WdkhJVdPG24Q4eZTH3nnF6lpvSShEK3wQjDX9JRWAUPvPh7COouPpU9IrqaZFvtQ-- <- @eslint/eslintrc 2.1.4 (3.3.7 is available)
+ nodelite-2-27rHGpeAjnYl-A-qUUiYDa7Yn1WIjof-dFJjYW4gA1Ug-LUGa1P0AexzGZ5NBxTbAlmDgaxSZkLLxtLVqtg8PQ-- <- @commitlint/rules 20.2.0 (20.4.1 is available)
+ nodelite-2-2AT6j-gXe-1ueqbW6fLZJiIw3F8iXGJtt0yDrZaBhAZEG1raiTxKWU-IPqMCzQAXOUCKdA4UDMgacKH25XG2Cw-- <- is-subdir 1.2.0
+ nodelite-2-2EmdH1YvIQiZpltCNgkuiUnyukzxM-R6NDJX31Ke3BG1Nq5b0S2PhX59UKi9vZpPDQVdqn-1IcaAwnzTT5vCjw-- <- get-symbol-description 1.0.0 (1.1.0 is available)
+ nodelite-2-2FbP-uA4Pcx0IbcfKP15IXhqueq73E5U1NWOsD9m3j5mtHqMSMtNXDJ1CpegZcDuYd2Dg-L2Nu3-e40Q-X8t7w-- <- tachometer 0.5.10
+ nodelite-2-2ham8XPWTONajOR0ohOKOHXkm3-gaBmGut3SRuu75xLd-RRaY6vqgh8NBYYk7-RW3u5AtzPQZG8F10LHkl0lAQ-- <- vm-browserify 1.1.2
+ nodelite-2-2jT3nTayyYP7kI6aGutkyfJ7UMGtuguD72OjeGLwVNyfPRBD8zQthlvL-fAbAKk5n9ZNcvFkp-b1lZ7VsYqVJg-- <- @svgr/babel-plugin-transform-react-native-svg 6.5.1 (8.1.0 is available)
+ nodelite-2-2l9gmwiCRqZNWgV-pX1X7z4yP0b3ex-86UmUFgoRt672Ez6cAM2lOQeHFRUTuE6sPpi8XBCGnd8Kh3bMoyHwJw-- <- @commitlint/to-lines 20.0.0
+ nodelite-2-2MPI0t-VV4j-oz1qbMekb4gCW81dewTpM2XJHKnPpZiPGu-1rVWmhTnwcq1vt8AFwWrkNF4RE7OZ9ibnKFYKwg-- <- es5-imcompatible-versions 0.1.90
+ nodelite-2-2NxwbF-hZ0KpepYN0cNbo-FN6XoK7GaHlQhgx-hIZl6Va0bF45RQOOwhLIy8lQDbuCiadSLCBnH2CFYquit5bw-- <- eslint-scope 5.1.1 (9.1.2 is available)
+ nodelite-2-2qCTHimwdxLfz-YzdGfkqNlH0tLi9xjTnHddPmJwtIG9MGsdbutfTc4P-haPD7l7Cjxf-WZj-we5qfVPvvxfYw-- <- unist-util-is 6.0.0 (6.0.1 is available)
+ nodelite-2-2QF-t-auWm0lsy8XtKVPG19v3sSOQlJe-YHZgfjb-KBBHOGSV-J2q-S671rcq9uTBrLAXmZpqJiaQbMT-zNU1w-- <- @types/istanbul-lib-coverage 2.0.6
+ nodelite-2-2sJGJTaXIIaR1w4iJSNoN0hnMY7Gpc-n8D4qSCJw8QqFWXf7cuAgnEHxBpweaVcPevC2l3KpjYCx3NypQQgaJg-- <- destroy 1.2.0
+ nodelite-2-2SM-GZGAEkPp3KWORxQZns4M-WSeXbC2HEvmOIJe3Cmiv6ieAJvdVhDldtHqM5J1Y7MrR1XhkBT-rMlhh9FdqQ-- <- pkg-types 2.2.0 (2.3.0 is available)
+ nodelite-2-2u2WlR-WtNxeOnjGFUMV0az2ekQVeTbVYnTkvIHGslCUnhZ8YpgiUkMHIdqviPUgCANA-u9vH1mZzELCyod2PA-- <- @umijs/bundler-webpack 4.4.11 (4.7.13 is available)
+ nodelite-2-2WJMeRQPHKSPemqk-awGrAiuFfzBmOIPXKizAsVhWH9YJqLZ0H-HS4c8loHGgW6utJ3E-ejXQUsiGaQy2NZ9Fw-- <- @babel/runtime 7.26.10 (8.0.0-beta.0 is available)
+ nodelite-2-2yrTAUZUab9s6CpxkxC4rVgFEVaR6-2Pipvi6qcgvnYiVqZcbDHEoBDhrXzyb7Efh2CCfHQNtcqWcIruDTIUeg-- <- postcss-color-functional-notation 4.2.4 (7.0.7 is available)
+ nodelite-2-2yyAR8qBkN3YuheJanUpWC5U3bb5osDywNB8RzDVlDwDHbocAJveqqj1u8-SVD7jkWT4yvsHCpWqqWqAxb0zCA-- <- minimist 1.2.8
+ nodelite-2-30iZtAPgz-LTIYoeivqYo853f02jBYSd5uGnGpkFV0M3xOt9aN73erkgYAmZU43x4VfqcnLxW9Kpg3R5LC4YYw-- <- @ampproject/remapping 2.3.0
+ nodelite-2-35mSku4ZXK0vfCuHEDAwt55dg2jNajHZ1odvF-8SSr82EsZY4QmXfuWso8oEd8zRhVObSN18aM0CjSdoBX7zIw-- <- doctrine 2.1.0 (3.0.0 is available)
+ nodelite-2-36babpjra5m3gca44V6tSTomeBlPA7cHUynrE2WiQIm3rEGD9xy28MKsx5IdO45EbnpJY7Jrgd00C6Dwt-l-2Q-- <- babel-plugin-import 1.13.8
+ nodelite-2-39nnKffWz8xN1BU-2c79n9nB9HDzo0niYUqx6xyqUnyoAnQyyWpOTdZEeiCch8BBu515t4wp9ZmgVfVhn9EBpw-- <- estraverse 4.3.0 (5.3.0 is available)
+ nodelite-2-3bYs1rOD33uo8aqJfKP3JWPAibgw8Zm2-L9vBKEHJ2Rg-viTR7o5Mmv5mZcieN-FRYaAOWX5SJATX6k1PWz72g-- <- d3-interpolate 3.0.1
+ nodelite-2-3DdaFaU-Zf1AnpLiFDeNCD4TOWe3Zl2RZaTzUvWiIk5ERzcCodOE20Vqq4fzCbNoHURFHT4-us-Lfq-S2zyY4w-- <- copy-to 2.0.1
+ nodelite-2-3Ek9H3X6pj5TgenXYtNWdaBon1tgYCaebd-XPg0keyjEbEfkD4KkmAxkQ-i1vYvxdcT5nscLBfq9VJRmCBcFSw-- <- cipher-base 1.0.6 (1.0.7 is available)
+ nodelite-2-3GKBOn-m2LX9iq-JC1064cSFprJY4jL1jCXTcpnfER5HYE2l-4EfWSGzkPa-ZDBmYI0ZOEj5VHV-eKnPGkHuOg-- <- hachure-fill 0.5.2
+ nodelite-2-3gKm-gCSUipeLsRYZbbdA1BD83lBoWUkZ7G9VFrhWPAU76KwYo5KR8V28bpoPm-ygy0x5-GCbpRQdY7VLYCoIg-- <- human-id 4.1.1 (4.2.1 is available)
+ nodelite-2-3hN7NaskYvMDLQY55gnW3NQ-mesEAepTqlg-VEbj7zzqEMBVNhzcGYYeqFo-TlYz6eQiFcp1HcsCZO-nGgS8zg-- <- gensync 1.0.0-beta.2
+ nodelite-2-3KS2b-kL7fsuk-eJZ7EQdnEmQoaho-r6KUef7hxvltNA5DR8NAUM-8wJMbJyZ4G9-7i3v5zPBIMN5aybAh2-Jg-- <- typed-array-length 1.0.7 (1.0.8 is available)
+ nodelite-2-3NQWGjKTASY1xV5m7Hr0iPeXD9-RDobLll3T9d2AO-g3my8xy5peVyjSag4I50mR1bBSN-Ct12lo-R9tJk0NZQ-- <- @webassemblyjs/utf8 1.13.2
+ nodelite-2-3oSeUO0TMV67hN1AmbXsK4yaqU7tjiHlbxRDZOpH0KW9-CeX4bRAaX0Anxt0tx2MrpRpWwQaPwIlISEJhYU5Pw-- <- balanced-match 1.0.2 (4.0.4 is available)
+ nodelite-2-3ouUOpQhtgrbOa17J7-uxOTpITYWaGP7-AhoR3-A--1e9skrzelGi-dXzEYyvbxubEF6Wn2ypscTKiKJFFn1ag-- <- process-nextick-args 2.0.1
+ nodelite-2-3QbLKy93F0EAIXLh0ogEVR6rOubA9AoZ-WRYhNbFyuB70j3dRdwH9g-qXhLAO0kiYGlg3TxDV-I4rQTr-YNXkA-- <- @webassemblyjs/helper-wasm-bytecode 1.13.2
+ nodelite-2-3R-1M-yS3j5ou80Me59j7F9IMs4PXs3VqRrm0TU3AbKPxlmpoY1TNscJV-oGJXo8qCatFGTfDbY6W6ipGOYXfg-- <- loader-runner 4.3.0 (4.3.2 is available)
+ nodelite-2-3sUqbMEc77XqpdNO7FRyRog-eW3ph-GYCbj-rK-uYyRMuwsVy0rMiVtPn-QJlKFvWP-1PYpapqYn0Me2knFn-A-- <- deepmerge 4.3.1
+ nodelite-2-3vbA7vXYwfe1SYhED--fPUQlWSYTTGmFmQiany-gdbiWgU-iEyQzyymwL9SkJjFFuCS4902BSzewVGsHHmHtXg-- <- d3-polygon 3.0.1
+ nodelite-2-3wdGidZyq5PB084XLES5TpOSRA3wjXAlIWMhum2kRcv-41Sn2emQ0dycQW4uZXLejwKvg6EsvbdlVL-FYEct7A-- <- yallist 4.0.0 (5.0.0 is available)
+ nodelite-2-3Ybi1tAuwAP9s0r1UQ2J4n5Y0G05bJkpUIO0-bI9MhwmD70S5aTWbXGBwxHrelT-XM1k6dM0pk-SwNkpTRN7Pg-- <- postcss 8.5.6
+ nodelite-2-4-wkEYLBbWxqTahEsWrhxepcoVOJ-1z5PGIjPZxRkytcdSUaNjIjBM7Xn8E-pdSuV7SzvWovBFA54FO0JSoqhA-- <- utf8-byte-length 1.0.4 (1.0.5 is available)
+ nodelite-2-41Cifkg6e8TylSpdtTpeLVMqvSBEVzTttHvERD741-pnZ8ANv0004MRL43QKPDlK9cGvNp6NZWZUBlbGXYxxng-- <- is-number 7.0.0
+ nodelite-2-4BAffykYOgO-5nzBWYwE3W90sBgLJoUPRWWcL8wlyiM8IB8ipJz3UMJ9KXQd1RKQXpKp8Tutn80HZtWsu2u76w-- <- @szmarczak/http-timer 4.0.6 (5.0.1 is available)
+ nodelite-2-4bKHcye6EkLgRE8ze0vcdshmEqxeiJM77M0JXjef7lrYZfSlMunrDOCqyLjiZyo1-c0BhUqA2QpFartIjuHIjw-- <- @docsearch/js 3.9.0 (4.5.3 is available)
+ nodelite-2-4BqMbZksRkJQx2zAjrokiGMd07RqOa2IxIrrN10lyBe9xhn9DEvjUK79J6jkeiv9D9hQFXKb6g1jwU62jziJZA-- <- css-prefers-color-scheme 6.0.3 (9.0.1 is available)
+ nodelite-2-4diC9HaTE-KRAMWhDhrGOECgWZxoevMc5TlkObMqNSsVU62PYzXZ-SMTjzyGAFF1YusgxGcSWTEXBhp0CPwQ1A-- <- clean-stack 2.2.0 (5.2.0 is available)
+ nodelite-2-4EzFTRIikzs47RGmdxbeUvLWtGedDUNkTcmzoeyg4sP-dvCexO47AaQL7VKy-gul85TOxw-IBgA8US2xwbToNA-- <- d3-contour 4.0.2
+ nodelite-2-4fCk79wshMdzMp2rH06qWrJE4iolqLhCUH-OiuIgU--RB0-94NlDL81atO7GX55uUKueo0txHNtvEyI6D7WdMw-- <- iconv-lite 0.6.3 (0.7.3 is available)
+ nodelite-2-4fvZhzMeeuBJYZXRXrRIQnvUYfyXwYmLsdiN7XXmVNQKKw1cM8a5WdID0g1hVFZDqT9ZqZEY5pD44p24VS7iZQ-- <- @types/d3-dispatch 3.0.6 (3.0.7 is available)
+ nodelite-2-4gd7VpWNQNB4UKKCFFVcp1AVv-FMOgs9NKzjHKusc8jTMhd5eL1NqQqOpE0KzMds804-yHlglp3uxgluOqAPLw-- <- internal-slot 1.1.0
+ nodelite-2-4gl03wn3hj1HP3yzgdI7d3lCkF95F21Pz4BPGvKHinyQzALR5CapwC8yIi0Rh58DEMQ-SguC03wFj2k0M-mHhw-- <- responselike 2.0.1 (3.0.0 is available)
+ nodelite-2-4hLB8Py4zZce5s4yd9XzopqwVv-yGNhV1Bl8NTmCq1763HeK2-EwVTv-leGeL13Dnh2wfbqowVPXCIO0z4taYw-- <- pako 1.0.11 (2.1.0 is available)
+ nodelite-2-4hm4VPpIecmlg59CHXnRDnqGplJFrbLG4aFEl5vl6cK1u76ws3LLvX7ikFnTDl5vo39sjWD6AaDPYodJp-NNHg-- <- compare-versions 6.1.1
+ nodelite-2-4I7Td01quW-RpocfNayFdFVk1qSuoh0E7JrbRJ16nH01HhKFQ88INq9Sd-nd72zqRySlr9BmDA8xlEJ6vJMrYA-- <- aggregate-error 3.1.0 (5.0.0 is available)
+ nodelite-2-4jbtZXNAsfZbAHiiqjLPBiCl16dES1zI4Hpzzxw61Tk-loF-sBDBKx1ICKKKwIqQ7M0mFn1TmkN7euSncWgHiQ-- <- number-is-nan 1.0.1
+ nodelite-2-4LtOzh58S-5lX4ITKxnAK2USuNEvpdVV9AlgGQb8rJDHaLeHciwG4zlGr0j-SNWlr7x3vO1lDEsuePvtcDNCkw-- <- @webassemblyjs/ieee754 1.13.2
+ nodelite-2-4nZOdMwSPHZ4pTEZzSp0AsTM4K7Qmu40UKW4tJDiOVs20UzYF9l-qUe4s0ftfN0pin06n-5cWWDJXH-sbhAiDw-- <- @types/webpack-sources 3.2.3
+ nodelite-2-4tvttepXG1VaYGrRibk5EwJd1t4udunSOVMdLSAL6mId1ix438oPwPZMALY41FCijukO1L0twNcGsdzS7dHgDg-- <- defer-to-connect 2.0.1
+ nodelite-2-4UGewrYgqDFw9vV6zNV-ADmPAUAfJPKtGvb-VdpQAx25X5f3xXdGdyOEVFwkl8Hl-tl7-xbeHqSEM-D5-TirUg-- <- plur 4.0.0 (5.1.0 is available)
+ nodelite-2-4XaJ2zQdCzROZDivEVIDPkcQn8LMFSa8kj8Gxb-Lnwzv9A8VctNZ-lfivC-sV3ivW8ElJTERXZoPBRrZKkNKow-- <- strip-ansi 4.0.0 (7.2.0 is available)
+ nodelite-2-5-fP8P8MFNC-AyZCDxrB2pkZFPGzqQWUzpSeuuVLvm8VMcorNYavBqoFcxK8bQz4Qsbn4oUEEem4wDLfcysGHA-- <- @types/json-schema 7.0.15
+ nodelite-2-55JNKuIW-vq4Ke1BjOTjM2YctQIvCT7GFzHwmfZPGo5wnrgkid0YQtnAleFSqumZm4az3n2BS-erby5ipJdgrg-- <- has-property-descriptors 1.0.2
+ nodelite-2-571s0T7nZWK6vB67HI5dyUF7wXiNcfaPPPTl6zYCNApANjIvYJTg7hlud--cJpdAhS7dVzqMLmfhfHR3rAcOjQ-- <- buffer-xor 1.0.3
+ nodelite-2-5b0R4txpzjPWVw-cXXUResoD4hb6U-x9BH08L7nw-GN1sezDzPdxeRvpc9c433fZhBan-wusjbCsqwqm4EIBIQ-- <- p-limit 4.0.0 (7.2.0 is available)
+ nodelite-2-5BcGCBfBxB5-XSDSWnhTThfI9jcO5f0Ai2V24gZpG-wXF14BzwxxdDb4g6trdOux0rhibGs385BeFMSmxtS3uA-- <- @svgr/babel-plugin-remove-jsx-empty-expression 8.0.0
+ nodelite-2-5dgndWOriYSm5cnYaJNhalLNDKOqFwyDB-rr1E9ZsGciGvKPs8R2xYGCacuf3z6K1YKDz182fd-fY3cn3pMqXQ-- <- jsonfile 6.1.0 (6.2.1 is available)
+ nodelite-2-5fzRl0apQWrDezmobchoiGTkGw238VWESxZHazfhP3RM7pDSiyXy18QbfYkILoYNTd23HPAfQTJpkUc5QbkwTw-- <- @vueuse/integrations 11.3.0 (14.2.0 is available)
+ nodelite-2-5gvq20T6vfpekVtqrYQsSCFZ1wEg5-wW0-QaZMWkFr6BqD3NfKs0rLCx4rrVlSWJeZb5NBJgVLswK-w2MWU-Gw-- <- encoding-sniffer 0.2.1
+ nodelite-2-5Hh7Y1wQbvY5ooGgPbDaL5iYLAPzMTUrjMulskHLH6wnv-A-1q5rgEaiuqEjB-oxGXIVZs1FF-R-KPN3ZSQYYg-- <- internmap 2.0.3
+ nodelite-2-5IdNxTyhXHv2UlgnPHQ0h-5ypVmkrYHzL8QT-DwFZ--2N-oNV8Ch-BCRmTJ3x6-z9Axo-cXYBc9eprsUVK-Jsg-- <- birpc 2.4.0 (4.0.0 is available)
+ nodelite-2-5JcVt1u5HDmlXkwOD2nslZVllBBc7HDuOICfiZah2Z0is8M8g-ddAEawbmd3VjedfDHBzxCaXLs07QEmb7y54g-- <- @types/source-list-map 0.1.6
+ nodelite-2-5JRxVqC8I8NuOUjzBbvVJAKNM8qoVuH0O77h4WInc-qC2q5IreqKxYwgkga3PfA22OayK2ikceb-B26dztPl-Q-- <- superjson 2.2.2 (2.2.6 is available)
+ nodelite-2-5kcJm-zk-GJDSfw-V-42fJ5fhjL5YbFDl8nVdXkJPLLW-Vf9mTD5Xe0wqIaDnLuL2U6cDNpTr-UQ-v2HWIBhzw-- <- postcss-modules-local-by-default 4.2.0
+ nodelite-2-5KoIu2Ngpyek75jXodFvnafB6DJgr3u8uuK0LEZJjrU19DrMD3EVERaR8sjz8CCGgpZvxPl9SuE1GMVPFHx1mw-- <- is-negative-zero 2.0.3
+ nodelite-2-5l4VyZR86LZ-lDxZTR6jqL8AFE2S0IFLMP26AbjsLVADxHdhB-c0GUsH-y39UfCi3dzz8OlQuPmnaJOMoDHQBA-- <- run-parallel 1.2.0
+ nodelite-2-5m4nQKp-rZRb09LNH59GM4BxTh9251-ylbKIbpe7TpGxfJ-9kv6BLkLBXIjjspbgbnIBNqlI23tRnTWT0snUIw-- <- react-dom 18.3.1 (19.2.8 is available)
+ nodelite-2-5p6WTN0DdTGVQk6VjcEju19IgaHudalcfabD7yhDGeA6bcQnmL-CpveLJq-3hvfwd1aof6L386Ougkx6RfyMIQ-- <- ajv-keywords 3.5.2 (5.1.0 is available)
+ nodelite-2-5qoj1RUiKOMsCCNLV1CBiPYE10sziTsnmNxkAI-rZhiD63CF7IqdFGC-XzjWjpSgLf0LxXX3bDFIh0E18f6UhQ-- <- object-inspect 1.13.1
+ nodelite-2-5uC6DDlmeqiOwCPmK9jMSdOuZTh8bU39Ys6yidB-UTt5hfZUPGAypSgFRiEp-jbi9qH40BLDvy85jIU88wKSqw-- <- tinyexec 1.0.1 (1.0.2 is available)
+ nodelite-2-5xg9rC-wWL8kdDj153qZcsJ0FWiFt0J5RB6LYUNZjwSnesfblqrI-bJ1wBdJ8OQfncgbJG5-2F-qfqnqyzYxyg-- <- @types/d3-time-format 4.0.3
+ nodelite-2-6127fvO-FF2oi5EzSQOAjo1LE3OtNVh11R--8FXa-mHx1ptAaS4cknIjnUA7e6j6fwGGJ17NzaTJFUwOV2zwCw-- <- @svgr/babel-preset 6.5.1 (8.1.0 is available)
+ nodelite-2-61pPlCD9h51VoreyJ0BReideM3MDKMKnh6-V9L08331ipq6Q8OFXZYiqP6n-tbHx4s5I9uRhcye6BrbkizkBDw-- <- unbox-primitive 1.0.2 (1.1.0 is available)
+ nodelite-2-637ln3gXKXOwhalDzinUgY83KzNWZRKbYubaG-fGVuc-dxO64RRljtCTnf5ecMyE1RIdtqpkVcq0IbtU2S8j2Q-- <- d3-geo 3.1.1
+ nodelite-2-65P7iz6X5yEr1cwcgvQxbbIw7Uk3gOy5dIdtZ4rDveLqhrdJP-Li-Hx6tyK0NEb-2GCyneCMJiGqrADCSNk8sQ-- <- to-regex-range 5.0.1
+ nodelite-2-65xXYsT40i9GyWzlHQ5ShZoK7JZdySeOozi-tz2EezDo6c04q6-ckYMeoY7idaie1qp2dT5KoYQ2yky6JuoHnA-- <- postcss-selector-parser 6.0.14 (7.1.6 is available)
+ nodelite-2-68ngA9lg2H6zkZcyp22tsVt38mlhWde8l3eJLWkyLrp4HwMUr3c1s-M2t7-kHIhvMjglIBrFpncX1SzMckomGw-- <- @esbuild/linux-x64 0.17.19 (0.28.2 is available)
+ nodelite-2-6BLOQUscTpZeGljvyQXlWOItQyU71kCdGz7Pi8H8zdw6BI0g3m43iL4xKUVPWtG-qrrL9DTjpdn8eYuCQSRpow-- <- @changesets/errors 0.2.0
+ nodelite-2-6C8nqWur3j98U6-lXDfTUWIfgvZU-EumvpHKcYjujKH7woYyLj2sUmff0tRhrqM7BohUw7Pz3ZB1jj2gW9Fvmg-- <- @types/geojson 7946.0.16
+ nodelite-2-6eZs5Ls3WtCisHWp9S2GUy8dqkpGi4BVSz3GaqiE6ezub0512ESztXUwUB6C6IKbQkY2Pnb-mD4WYojCRwcwLA-- <- normalize-path 3.0.0
+ nodelite-2-6FlzubTLZG3J2a-NVCAleEhjzq5oxgHyaCU9yYXvcLsvoVaHJq-s5xXI6-XXP6tz7R9xAOtHnSO-tXtF3WRTlA-- <- ms 2.1.3
+ nodelite-2-6fPc-R4ihwqP6N-aIv2f1gMH8lOVtWQHoqC4yK6oSDVVocumAsfCqjkXnqiYMhmMwS-mEHLp7Vehlt3ql6lEig-- <- strip-json-comments 3.1.1 (5.0.3 is available)
+ nodelite-2-6FsRAQsxQ61mw-qP1ZzbL9Bc78x2p5OqNgNpnoAFLTrX8n5Kxph0CsnhmKKNXTWjXqU5L0pGPR7hYk-XWZr60Q-- <- minimatch 3.0.8 (9.0.9 is available)
+ nodelite-2-6i9mGWSlqzNMEqpCp93KwRS1uUOodk2OJ6b-sq7ZPDSy2WuI5NFIxp-254TytR8ftefexkWn5xNiHUNpPOfSew-- <- is-weakref 1.1.1
+ nodelite-2-6iBczoX-kDQ7a3-YJBnh3T-KZRxM-iYNPXicqk66-Qfm1b93iu-yOImkg0zHbj5LNOcNv1TEADiZ0xa34B4q6Q-- <- which-builtin-type 1.2.1
+ nodelite-2-6IMTriUmvsjHUjNtEDudZfuDQUoWXVxKHhlEGSk81n4YFS-r-Kl99wXiwlVXtPBtJenozv2P-hxDsw9eA7Xo6g-- <- react-dom 18.2.0 (19.2.8 is available)
+ nodelite-2-6IpQ7mKUxRcZNLIObR0hz7lxsapSSIYNZJwXPGeF0mTVqGKFIXj1DQcMoT22S3ROcLyY-rz0PWaWZ9ayWmad9g-- <- optionator 0.9.4
+ nodelite-2-6IzJLuGi4-R14vwagDHX-JrXmPVtPpn4mffDJ1UdR7-Edm87fl6yi8mMBIVvFtJaNTUvjughmW4hwLhRG7gC1Q-- <- restore-cursor 2.0.0 (5.1.0 is available)
+ nodelite-2-6kZKyUajlDuqlHKVX1w7gyslj9MPIXzIFiz-rGu35uC1wMi-kMhQwGhl4lt9unC9Vb9INnY9Z3-ZA3-FhASLaw-- <- domutils 3.2.2
+ nodelite-2-6npJTkZcO-y2-kr-z0hc4HwNfrrP4kNYh57ek7yCNlrBjWQ1Y0OS7jiZTkgumrvkX5HkEKXFZkkdFNkaW2wmUQ-- <- @typescript-eslint/typescript-estree 6.21.0 (8.8.0 is available)
+ nodelite-2-6oXyTOzbKxGH4steLbLNOu71Oj-C8Lg34n6CqRvqfS2O71BxY6ByfMDRhBytzknj9yGUPVJ1qIKhRlAwO1AovA-- <- @webassemblyjs/floating-point-hex-parser 1.13.2
+ nodelite-2-6qN4hJdMwfYBtE3YBTTHhoeuUrDBPZmbQaxWAqSALV-MeEnR5z1xd8UKud2RAkFoPkmB-hli1TZSnyi84xz1vQ-- <- whatwg-encoding 3.1.1
+ nodelite-2-6Tb2myMioCAgv5kfvP5-PkZZ-ntTpVK39fHY7WkWBgvbeE-VHd-tZuZ4mrC-bxh4cfOZeYKVPaJIZtZXV7GNCQ-- <- find-replace 3.0.0
+ nodelite-2-6tfZ91bOr7bOXnK7PRDCGBLa1H4U080YHNaAQ2KsMGlLEzRbk44nsZF2E1IeRc3vtJHPVbKCYgdFbaGO2ljd8g-- <- got 11.8.6
+ nodelite-2-6XbUAseYE2KtOuGueyeobCySj9L4-66Tn6KQMOPQJrAJEowYKW-YR-MGJZl7FdydUdaFu4LYyDZjxf4-Nmo23Q-- <- safe-array-concat 1.0.1 (1.1.4 is available)
+ nodelite-2-7--dFhtcx3353uBaq8DDR4NuxBetBzC7ZQOhmTQInHEd6bSrXdiEyzCvG07Z44UYdLShWUyXt5M-yhz8ekcb1A-- <- shebang-regex 3.0.0
+ nodelite-2-72fSenhMw2HZMTVHeCA9KCmpEIbzWiQsjN-BHcBbS9vr1mtt-vJjPdksIBNUmKAW8TFUDPJK5SUU3QhE9NEXDw-- <- color-name 1.1.3 (2.0.2 is available)
+ nodelite-2-73QQMKALArI8-7xGLNI-3LylrEYrlKZSb5C9-q3OtOewTnMQi5cT-aE9E41sLCmli3I9PGGmD1yiZydyo4FEPw-- <- eslint-plugin-react 7.33.2 (7.37.5 is available)
+ nodelite-2-76ORR0DO1o1hlKwTbi-DM3EXWGf3ZJYO8cXX5RJwnul2DEg2oyoZyjLNoQM8WsvZiFKCRfC1O0J7iCvie3RZmQ-- <- stream-shift 1.0.3
+ nodelite-2-76SUhtfqR2Ijn-xllcI5P1oyannHNHByD80W1q447gU3mp9G9PSpGdWmjUOHRDPiHYacIk66W7ubDTuPF3BEtQ-- <- tmp 0.2.1 (0.2.7 is available)
+ nodelite-2-773xhDQnZBMFobEiztv8LIl70ch5MSF-jUQVlhwFyBILqq96anmoctVIYz-ZRp0qbCKATTn6ev02M3r7Ga5vqA-- <- querystring-es3 0.2.1
+ nodelite-2-78-PXT1wlLLDgTzDs7sjq9hzz0vXD-zn-7wypEe4fXQxCmdmqfGsEPQxmiCSQI3ajFV91bVSsvNtrJRiW6nGng-- <- find-up 5.0.0 (7.0.0 is available)
+ nodelite-2-7ACyT3wmyp3I61S4fG682L0VA2RGD9otkqGJIwNUMF1SWUombIIk-af1unuDYgMm082aHYwD-mzJvv9Iu8dsgg-- <- globals 15.15.0
+ nodelite-2-7AO748wWnIhNqAuaty2ZWHkQHRSNfPVIsPIfwEOWO22AmaoVrWavlOcMR5nzTLNYvp36X220-maaRsrec1G65A-- <- locate-path 3.0.0 (7.2.0 is available)
+ nodelite-2-7bVbi0huj-wrIAOzb8U1aszg9kdi3KN-CyU19CTI7tAoZYEZoL9yCDXpbXN-uPsuWnP02cyug1gleqq-TU-YCA-- <- is-arguments 1.2.0
+ nodelite-2-7dFHNmqeFSEt2ZBsCriorKnn3Z2pj-fd9kmI6QoWw4--DL-icEBfc0U7qJCisqrTsKTjw4fNFy2pW9OqStD84g-- <- error-ex 1.3.2 (1.3.4 is available)
+ nodelite-2-7dSzzRQ--CKnNI-krKnYRV7JKKPUXMEh61soaHKg9mrWEhzFWhFnxPxGl-69cD1Ou63C13NUPCnmIcrvqCuM6w-- <- yargs 17.7.2
+ nodelite-2-7dUi7RvCoT-xast-o-dLN53oqND4yk0nsHkhRgn9w65C4PofCLOoJ39iSOg-qVDdWQPIEj-eszMHQ-aLVwwQSg-- <- globby 10.0.2
+ nodelite-2-7emPTl6Dpo6JRXOXjLRxck-FlLRX5847cLKEn00PLAgc3g2hTZZgr-e4c2v6QpSmLeFP3n5yUo7ft6avBK-5jQ-- <- depd 1.1.2 (2.0.0 is available)
+ nodelite-2-7FCwGGmx8mD5xQd3RPUvnSpUXHM3BWuzjtpD4TXsfcZ9EL4azvVVUscFYwD9nx8Kh-uCBC00XBtAykoMHwTh8Q-- <- strip-eof 1.0.0
+ nodelite-2-7GDvDSmE-20-WcSMhP17Q1EVWUrLlbxxpMDqG731n8P99JhnQZHR9YvtjPvEHfjFUjvQJvdpKCjlKOX-xe4UVA-- <- cssdb 6.6.3 (8.2.3 is available)
+ nodelite-2-7Gps-XWymbLk2QLYK4NzpMOrYjMhdIxXuIvy2QBsLE6ljuodKvdkWs-cpyJJ3CVIVpH0Oi1Hvg1ovbMzLdFBBg-- <- file-entry-cache 6.0.1 (8.0.0 is available)
+ nodelite-2-7iiOx3SG8-g1MnlzZVDYiaeHe7Ez2Kf2HrJzdmGwkRisT7r4rak0e655AcM-tF9JG-kg5fMNYlLLKglbN7gBqA-- <- @shikijs/engine-oniguruma 1.29.2 (3.22.0 is available)
+ nodelite-2-7JPeVVZHd-jxYdULl87lvjgvWldYu-Bc62s9vD-ED6-QTGjy0jy0US-f6BG53sVMTBJ1lzKZFpYmofBN9eaRiA-- <- @csstools/postcss-is-pseudo-class 2.0.7 (5.0.1 is available)
+ nodelite-2-7Ke1jyybbbPZyZXFxEftUtxFGLMpE2n6A-z--m4CRDlj0hW-o3iYSmh8nFlYMurOiJVDmJRilUQtJr08KfIxlg-- <- focus-trap 7.6.5 (7.8.0 is available)
+ nodelite-2-7lDR1nFGSJHmhq-ScQtp9LTDmNE2yKPoLtwfiu-WQZnj84XL-J-5AZWZXwYcOwbDtUPhtg-y0yxTiP-oGDU6Kw-- <- babel-plugin-transform-define 2.0.1
+ nodelite-2-7MptL8U0cqcFdzIzwOTHoilX9x5BrNqye7Z-LuC7kCMRio1EMSyqRK3BEAUD7sXRq4iT4AzTVuZdhgQ2TCvYLg-- <- fast-glob 3.3.3
+ nodelite-2-7NzBL0rN6fMUW-f7A6Io4h40qQlG-xGmtMxfbnH-K7TAtt8JQWVQK-6g0UXKMeVJoyV5EkkNsErQ8pVD3bLHbA-- <- chalk 5.6.2
+ nodelite-2-7OC4Rl1f9G8IT6rUfi9JrKiXy4bfmHhZ5x2Ceojy0jnd3mHNEvV4JaRygH362ror6-NZ-Nl-n13LPzGiPN8cKA-- <- @vueuse/core 11.3.0 (14.2.0 is available)
+ nodelite-2-7PGFlmtwsEADb0WYyvCMa1t-yke6daIG4Wirafur5kcf-MhUnPms1UeR0CKQdTZD81yESwMHbtn-TR-dMviakQ-- <- set-function-name 2.0.2
+ nodelite-2-7PiHtLll5LdnKIMw100I-8xJXR5gW2QwWYkT6iJva0bXitZKa-XMrSbdmg3r2Xnaidz9Qumd0VPaMrZlF9V9sA-- <- progress 2.0.3
+ nodelite-2-7qE-iP-O-bgF9clE5-UoBFzE65mlBiVj3tKCrlNQ0Ogwm0BjpT-gK4SlLYDMybDh5I3TCTKnPPa0oMG7JDYrhg-- <- has-proto 1.0.1 (1.2.0 is available)
+ nodelite-2-7rKUyy33Q1yc98pQ1DAmLtwX109F7TIfWlW1Ydo8Wl1ii1SeHieeh0HHfPeL2fMXK6z0s8ecKs9frCuLJvndBg-- <- uri-js 4.4.1
+ nodelite-2-7VT13fmjotKpGipCW9JEQAusEPE-Ei8nl6-g4FBAmIm0GOOLMua9NDDo-DWp0ZAxCr3cPq5ZpBqmPAQgDda2Pw-- <- chokidar 3.6.0 (5.0.0 is available)
+ nodelite-2-7vuh85V5cdDofPyxn58nrPjBktZo0u9x1g8WtjQol-jZDaE-fhN-cIvTj11GndBnMnyfrUOG1sZQxCdjKh-DKg-- <- jest-worker 27.5.1 (30.2.0 is available)
+ nodelite-2-7XHNxH7qX9xG5mIwxkhumTox-MIRNcOgDrxWsMt2pAr23WHp6MrRlN7FBSFpCpr-oVO0F744iUgR82nJMfG2SA-- <- function-bind 1.1.2
+ nodelite-2-7xlpfBaQaP-T6Vh8MO-EqXSW5En6INHEvEXQiuff7Gku0PWjU3uf6w-j9o7O-SpB5fOAkrI5HeoNgwjEO0pFsA-- <- magic-string 0.30.5 (0.30.8 is available)
+ nodelite-2-7Yx-SXSOcQq5HiiV3orevHUFn-pmMB4cgbEkDYgnkUWb0WfeQ-wa2yFv6D5ICiCQOVpjA7vYDXrC7AGO8yjDHA-- <- @vitejs/plugin-vue 5.2.4 (6.0.3 is available)

Done in 1.2s
