Progress: resolved 1, reused 0, downloaded 0, added 0
Packages: +250
++++++++++++++++++++++++++++++++++++++++++++++++++++++++++++++++++++++++++++++++
Progress: resolved 250, reused 0, downloaded 249, added 249
Progress: resolved 250, reused 0, downloaded 250, added 250, done

dependencies:
+ nodelite-2-gbKGcRUYIjA3-zCCNaWDciTMFI0dCkvou3TL8Zmy5Nc7sJ47a0jtOeZoTaMxkuqRo9cRhjOdZJXegxYE5FN-xw-- <- @noble/curves 1.9.7
+ nodelite-2-gc8aAifGuDIpZHrPjuHyP4dpQmYXqWw7D1GmDnWeNWP654UEXzVfQ5IHPSK5HaHkwB--p1atpYpSdw-2kOv8iQ-- <- vite-node 3.2.3 (3.2.4 is available)
+ nodelite-2-geDJjpoZ8N0kWexiwkX8F9NkTsXhetLPVbZFQ-JTW239QNOwvB0gniuR1Wc6f0AMTn7-mFGyXvHTifrCp-GH8Q-- <- isomorphic-unfetch 3.1.0 (4.0.2 is available)
+ nodelite-2-gIwR1HrJrrx-vfyOhYmCZ0-JcWqG5kbfG7-d3f-C1LXk2EvzAbHSg3MQ5lO2sMlo9izoAZ04shohfKLVT6crVA-- <- @monaco-editor/loader 1.7.0
+ nodelite-2-gKLcREMhtuZRwRAfqP3RFW-TK4JqApVBtOIftVgjuABpAtpxhPGaDcfvbhNvD0B8iD1oUr-txX35NjcaY6Ns-A-- <- mkdirp-classic 0.5.3
+ nodelite-2-gKXj5ALrKWQLsYG9jlTRmR-xKluxHV-Z9QEwNIgCfM1-uwPMCuzVVnh5mwTd-OuBZcwSIMbqssNWRm1lE51QaQ-- <- ansi-escapes 4.3.2 (7.3.0 is available)
+ nodelite-2-gmBGslpoQJtgnMAvOVqGZpEz9dyoKTCzy2nfz-n8aIFhN-jCE-rCmcxabB6jOOHV-0WNnylOxaxBQPSvcWklhA-- <- strip-ansi 7.1.2 (7.2.0 is available)
+ nodelite-2-gNCGbnnnnFAUGKeZ9PdbyeGYJqewpmc2aKHUEMO5nQPWU9lOmv7jcmQIv-qHD8fXW6W7qfuCwX4rY9LNRjXrkQ-- <- is-bun-module 2.0.0
+ nodelite-2-gnSBQjZA---qDZen-6a2EdHqJ68Z7uybrMf3SPjEGgG4dicklwDVmMC1AeIHxtLVPT7sn6sH1KOO-tS6gwOUeQ-- <- @vue/compiler-core 3.5.27
+ nodelite-2-goh1s1TBrqSqukSc8wrjwWhL0hiJxgA8m4kFxGlQ-8FYQ3C-m11FcTs4YYem7V664AhHVvgoQLk890Ssdsr2IQ-- <- unist-util-visit-parents 6.0.2
+ nodelite-2-gptHNQghINnc-vTGIk0SOFGFNXw7JVrlRUtConJRlvaw6DuX0wO5Jeko9sWrMBhh-PsYAZ7oXAiOnf-UKogyiw-- <- universalify 2.0.1
+ nodelite-2-grHVhrUDxWJxH1sV21Tsn3Rvy55j9JiCqWynGCtQ1UL0dFvVWI-7sUGvt0oIFtJn6aMZrJQ8BBqpWZEtNdrjjQ-- <- @eslint-react/ast 1.31.0 (2.7.2 is available)
+ nodelite-2-grQ1ipham743ch2c3--C8Isk6toJnxJSyDiwUI-IWUCh4CZFD6aYVw6UAY40IpCnjrq5aXGwiv5OZJn6Pr0hvg-- <- @node-minify/terser 8.0.6
+ nodelite-2-guoltQEx-9aMf2gDZ0s62EcV8lsXR-0w8915TC3ITdn2YueuNjdAYh-levpU9nFaoChh9RUS5ZdQMrKfVEN9tw-- <- rrweb-cssom 0.8.0
+ nodelite-2-gXah6aZrcUxjWg2zR2MwouP2eHlCBzdV4pygudehaKXSGW4v2AsRQUK-lwwXhii6KFZcunEnmSUoYp5CXibxtA-- <- object.values 1.2.1
+ nodelite-2-gz76bUyebPZRxIsBHJUd-v-yiyFzm9adHbr8NykP2nm-z-rFyvQneOHajrUejtmnc5tTBeaDPL4X25TnagRk4A-- <- @aws-sdk/util-user-agent-browser 3.972.2
+ nodelite-2-gzUt-qt81nXsFGKIFcC3YnfEAx5NkunCfnDlvuBSSFS02bcXu4Lmea0AFIUwbLWxWPx3d9p8S5QoaujKcNQxcQ-- <- zod 3.25.76 (4.3.6 is available)
+ nodelite-2-h-NUaSyG5EyxBIp8YRxo4RMe2-qQgvyowRwVMzhYhBCONbW8PUsg4lkFMrhgZhUe5z3L3MiLDuvyJ-CaPa2A8A-- <- @types/babel__template 7.4.4
+ nodelite-2-h10LJLDTRAzYgay60Oy7moMookqqSZSviCWkkmHZyaDn-4WURnPp5SKhhfrzPRQcXKrweiOwDSHBgn1tweDssg-- <- @sentry/node 8.55.0
+ nodelite-2-h3Fbisa2nKGPxCpm89Hk33lBLsnaGBvctQopaBSOW-uIs6FTe1ATyAnKFJrzVs9vpGdsTe73WF3V4lIsk4Gacw-- <- wsl-utils 0.1.0
+ nodelite-2-h5-1OzzfCC3Ef7VbtKdcv7zsstUQwUDlYpUTvjeUsJAssPgLn7QzbboPtL5ro04Mq0rPOsMzl7q5hIbRs2wD1A-- <- fast-check 3.23.2
+ nodelite-2-h53dz-pISVrVrfxV1iqXlx5pRg3V2YWFcSQyPyXZRrZoZj4R4DeWRDo1a7dd3CPTcFi3kE-98tuNyD2axyZReA-- <- @smithy/util-body-length-node 4.2.1
+ nodelite-2-h5bgJWpxJNswbU7qCrV0tIKQCaS3blPDrqKWx-QxzuzL1zGUzij9XCWLrSLsJPu5t-eWA-ycetzYAO5IOMcWAQ-- <- lz-string 1.5.0
+ nodelite-2-h5k-5U50IJJFpzfL6nO9jaaumfjO-f2NjK-oYB2Djzm4p9L-3T9qWpZqZ2hAbLPuuYq9wrU08WQyBTL5GbPk5Q-- <- deep-eql 5.0.2
+ nodelite-2-h8lQ8tacZYnR3vNQTgibj-tODHI5--l06Au2Pcriv-Gmet0eaj4TwWH41sO9wnHDiQsEj19q0drzdWdeAHtweg-- <- abort-controller 3.0.0
+ nodelite-2-h9oBFCWrq78NyWWVcSwZarJkZ01c2AyGrzs1crmHZO3QUg9D61Wu4NPjBy69n7JqylFF5y-CsUZYmYEIZ3mR-Q-- <- terser-webpack-plugin 5.3.16 (5.6.1 is available)
+ nodelite-2-hAAP5io-7csFStuOmR782YmTthKBJ9ND3WVL60hcOjvtGFb-HJxH4O5huAcmcZ9v9G8P-JETiZ-G1B8MALnWZQ-- <- @typescript-eslint/eslint-plugin 8.54.0
+ nodelite-2-haREypq7xkM7ErfgIyA0z-Bj4AGKlMSdlQE2jvJo6huWD1EdkKYV-G-T4nq0YEF2vgTT8kqMFKo1uHn950r4SQ-- <- path-key 4.0.0
+ nodelite-2-hB0mJATryhnwSG1zEIblOj-X159CpHyDqXExd3El1LovyVP-rbMccZ8qscNuYwnAsTU1FTZBZboIbSplxxumug-- <- @eslint-react/shared 1.31.0 (2.7.2 is available)
+ nodelite-2-hcg3ZmepS30-7BSFqRvoo3DOMQu7IjqxO5nCDt-zM9XWjb33Wg7ziNT-Qvqbuc3-gWpzO02JubVyk2G4Zvo1OQ-- <- fs-extra 9.1.0
+ nodelite-2-hdF5ZgjTqgAntKkklYw0R03MG2x-bSzTtkxmIRw-sTNV8YXsCJ1tfLAX23lhxhHJlEf3CRCOCGGWw3vI3GaSPw-- <- tr46 5.1.1 (6.0.0 is available)
+ nodelite-2-hFoiJiTl63nn-kstHGBtewWSKnQLpyb155KHheA1l39uvtO9nWIop1p3udqPcUd-xbF1VLMO4n7OI6p7RbngDg-- <- is-stream 2.0.1 (4.0.1 is available)
+ nodelite-2-hFtqIDZTIUZ9BXLb8y4pYGyk6-wekIivNVTcmvk8NoOh-VeRn5y6cEHzbURrWbfp1fIqdVipilzj-lfaadNZmg-- <- estree-util-is-identifier-name 3.0.0
+ nodelite-2-hfYQ16VLPkNi8xE1-V3052S2stM5e-vq3Idpt83sXoDC3R7R1CLgMkK6M6-Qp3G-9GVDNyHCkvohMPdfFTaD4Q-- <- wrangler 4.61.1
+ nodelite-2-hiLguxJWHjjwL6xMBwD903ciAwd7DmK30Y9Axs-etOkftC3ZNN9K44IuRD-EB08amu-Zw6W37x9RecLkOo3pMA-- <- @typescript-eslint/type-utils 8.54.0
+ nodelite-2-hIS4idWWai69NezIdRt2xFVofaF4j-6INOpJlVOLDO8zXGpUVEVzIYk12UUi2JzjEzWL3IOAxcTubgz9Po0yXw-- <- express 5.2.1
+ nodelite-2-hKormJbkJqzQGhziax5PItDUTMAM9uE2XXQmM37dyd4hVM-5aVl7oVxMVUiVQn2oCQFN-LKCZdvSM0pFRqbSmQ-- <- @types/range-parser 1.2.7
+ nodelite-2-hkRX8U1WjJFd8LsDJ2yQ-wWWxaopEsABU1XfkM8A-j0-85JAGppt16cr1Whg6KIbb4okU6Mql6BOj-uup-wKeA-- <- string_decoder 1.3.0
+ nodelite-2-hmbYhX-9MUMF5uh7tOXyK-n0ZvWpad5caBA17GsC6vyuCqaWliRG5K1qS9inmUhEMaOBIW7-whAnSwveW-LtZw-- <- is-alphanumerical 2.0.1
+ nodelite-2-hn4cQfU6GOT-7cFHXBqeBg2TbrMBgdD0kcjLhvSQYYwm3s4B6cjvBfb7nBALJLAXqmU5xajSa7X2NnUud-VCdw-- <- filename-reserved-regex 3.0.0 (4.0.0 is available)
+ nodelite-2-hNngCeKxIUQiEUN3GPJOkz4wF-YvdUdbNL9hsBcMQTkKzboD7T-q3OYOuuPZLUE6dBxSGpwhk5mwuDud7JVAow-- <- js-base64 3.7.8
+ nodelite-2-ho7XuGjLaJ2hWHoK8yFnsUGy2Y5uDpqSTq1FkHLK4-oqKtyUU1AFbOOxY4IpC9f0fTLjwYbslUz0Po5BpD1wrA-- <- youch-core 0.3.3
+ nodelite-2-hoA4zm61q1mNTpksiSWp2nEl1dt3j726HdRhiNgVJQMj7mLp7dprtF57mOB6JvEk-x9d2bsuL5hlqZbBuHQylQ-- <- @smithy/url-parser 2.2.0 (4.2.8 is available)
+ nodelite-2-hOLWVbm7uRza0BYXpIIW5pxfrKe0W-D5lrFiAEYR-pb6w3N2SwSMaJbXdUfSEv-dT4MfHBLtn5js0LAWaO6otw-- <- @types/d3-array 3.2.2
+ nodelite-2-hOS089on8RduqdbhvQ5Z37A0ESjsqz6qnRcffsMU3495FuTdqSm-7bhJ29JvIOsBDEEnan5DPu9t3To9VRlMzA-- <- readdirp 3.6.0 (5.1.1 is available)
+ nodelite-2-hov8bUuiLiyFPGyFPE1lwWhmzYbirOXQNNo40-y3zow8aFVTeyn3VWL0VFFfdNddA8S4Vf0Tc062rzyNr7Paag-- <- @types/minimist 1.2.5
+ nodelite-2-hOzRGSdyKIU4FcTSFYGKdXEjFsncVwHZ43gY3WU5Bz9j5Iadp6Rh6hxLSQ1IWXpKLBKt-d5y1cpSPcV-FcoQ1A-- <- drizzle-kit 0.31.7
+ nodelite-2-hpbDzxUY9BFwX-UeBnxv3Sh1q7HFxj48DTmXchNgRa46lO8uj3-1iEn3MiNUYTg1g9ctIqXCCERn8gYZhHC5lQ-- <- unicode-property-aliases-ecmascript 2.2.0
+ nodelite-2-hqoBX4dcZ1I33jCSWcXrP-1Ku7kdqXf1oeah7ooKOIiAdKQ-uqftgCFNOSzA5AMS2XIHEYeGFg4cKRCdpxzVOQ-- <- @babel/plugin-transform-member-expression-literals 7.27.1 (8.0.1 is available)
+ nodelite-2-hR3GwrRwHUfYwGfrisXPIDP3JcYfBrW7wKE7-Au6wDYl7fm-ka1NEII6kORzxNU556JjfidZeBsO10kYvtV1aw-- <- babel-plugin-polyfill-corejs2 0.4.15
+ nodelite-2-hRF04fqJIP8Abbkq5NKGN0Bbr3JxlQ-qhZufXVr0DvujKy93ZCbXZMHDL4EOtodSbCWxOqR8MS1tXA5hwqCXDg-- <- jwa 2.0.1
+ nodelite-2-hsBTNUqQTDwkWtcdYI2i06Y-nUBEsNEDJKjWdigLvegy8kDuJAS8uRlpkkcQpyEXL0Z-pjDy5HBmMjRCJ2gq-g-- <- ignore 5.3.2 (7.0.8 is available)
+ nodelite-2-hsU18Ae8CDTR6Kgu9DYf0EbCr-a5iGL0rytQDobUcdpYOKokk8LEjVphnXkDkgpi0wYVsqrXuP0bZxJaTqdgoA-- <- async-function 1.0.0
+ nodelite-2-hunMQrEy1T6Jr2uEVjrAIqjwWcQTgOAcIM52C8MY1EZSD3DDNft04XzvYKPqjED65bNVVko0YI38nYeEHCX3yw-- <- semver-regex 4.0.5
+ nodelite-2-hUrmaWBdVDcxvYqnyh09zunKzROWjbZTiNy8dBEjkS7ehEDQibXJ7XvlmtbwuTclUiIyN-CyXQD4Vmko8fNm8w-- <- why-is-node-running 2.3.0
+ nodelite-2-hutraynyn31F-Bifme-Ps9Vq59hKuUCz7H1kDOcBs-2oGguKkWTU50bBWrtz34OUWmIwpBTWDxaRPXrIXkgvmQ-- <- playwright-core 1.56.1 (1.62.1 is available)
+ nodelite-2-hvpoI6korhJMnej285dSg6nu1-e6uxs7zG3BYAm5byqDsgJNWwxzM6z6iZiAgQR4TJ30JmBTOwqZUw3WlyH3AQ-- <- is-promise 4.0.0
+ nodelite-2-hWtVTC2q7hc7xZ-RLbxapMvDMgUnDvKvMOpKal4DrMyfGBUfB1oKaZlIRr6mJL-If3bAP6sV-QneGzF6tJjZDg-- <- @types/caseless 0.12.5
+ nodelite-2-hYm-XLYRMvupxiQzrvXUj7YyvFFVfv5gI0R71AJzudg1g2AI2vyCPPIFEBjk162-wFzti3inBHo7isWFuEVS-A-- <- babel-plugin-polyfill-regenerator 0.6.6 (0.6.8 is available)
+ nodelite-2-hymDOu5B53XvN4QT9dBmZxPX4CWhBPPLguTZ9MMFeFa-Kg0xWVfylOVNlJji-E7yTZWFd-q9GO5TxDLq156D7g-- <- generic-pool 3.9.0
+ nodelite-2-hyrN8ivxfvJ4i0fIJuV4EOlV0WDMz5Ui4StRTgVaAvWeiRCilXgwVvxJKtFQ3TKtHgJscB2YiXKGNJuVwhQMtA-- <- @babel/core 7.27.3 (8.0.1 is available)
+ nodelite-2-i-2XbnSz-uxRCU6-NdVJgKWDTM427-MqYbkQzD321DuCQJUqOuJKIA0IM2-W2xtYHdKOmZ4dR6fExsd4SXL-WQ-- <- event-target-shim 5.0.1
+ nodelite-2-i-hbxIE9803Alj-6ytL7UHQxRvZkI9O4Sy-J3HGc4F4oo-2eQAjTSNJ0bfxyse3bH0nuVesCk-3IRLaMtG3H6w-- <- postgres-range 1.1.4
+ nodelite-2-i2R6zNFDwgEHJyQUtJEk0XFi1i0dPFn-oqjK3-vPCcDeJvW5NQ83V8QbicfF1SupOaB0h8ntgBC2YiE7dfyctQ-- <- is-buffer 2.0.5
+ nodelite-2-i5uvt8C3ikiWeNZSVZNWcfZPItFQOsYTUAOkcUPGd8DqDy1uOUikjt5dG-uRlwyvR108Fb9DOd4GvXfT0N2-uQ-- <- source-map 0.7.6 (0.8.0-beta.0 is available)
+ nodelite-2-i7qRCmY42zmCwnYlh9H2SvLEypEFGye5iRmEMKjcGi7zk9UquigRjFtTLz0TYqr0ZGLZhaMHl-foy1bZR-Cwlw-- <- unenv 2.0.0-rc.24
+ nodelite-2-iAoY-qRhNH8a-hBvm3zKj9qQ4oc2-3w1unPJa2XvTK3XjeLXtzcCingVPw-9e5mn1-0yPqxcBGp9Jf0pkfMb1g-- <- @swc/types 0.1.25
+ nodelite-2-iAvUotm021kM33eCdNfwIN--F77-IADDSs58i-MDaOqFrVjZo9bAal0NK7HurRuWLLpF1iLX7gbWrjHjeo-YFg-- <- @aws-crypto/supports-web-crypto 5.2.0
+ nodelite-2-iBZ4F4wRbyORVsu0jPV7gXkOsGYjGHPmAyv-HiHG8gi5PtC9KI2j1-v8-tlibRvjoWX027ypmG-n0HtO5t7unw-- <- character-reference-invalid 2.0.1
+ nodelite-2-iCsytMg-N9-oFq6n-gFTvUYDZQOMK5kEdeYxmxt91fcJGycfxVP9CnrxoliM0oumFERba2i8ZtwRUCMhvP1LnA-- <- @babel/plugin-transform-modules-amd 7.27.1 (8.0.1 is available)
+ nodelite-2-id-7YRUgoUX6CgV0DtuhirQWodeeA7Lf4i2x71JS-vtA5pRb-hIGWlw-G6MeXvsM-MXrz0VAydTGElX1rAfgPg-- <- @dual-bundle/import-meta-resolve 4.2.1
+ nodelite-2-iG-GYldRf2BQ0UDUAd6JQ-RwzaQy6mXmsk-IzlYyal4A4SNFw54MeH4-tLkF4I5WoWG9SQwuqWzS99jaFQHBuQ-- <- proc-log 6.1.0
+ nodelite-2-iG3905Alv9pINbQ8-MIsshgqYMbWx-NDQWpxbIW3W0MkSH3iAqdVpSCteYidYX9G-jv2Um1nW3y360ib20bvNg-- <- @aws-sdk/credential-provider-web-identity 3.398.0 (3.972.2 is available)
+ nodelite-2-igZpCKV9-E-Mzrpq6YacdTQ0qTiLm85gD6N-IrmyDvQFA4UnU3d5g3m8tMT-6zG-vVkWSU-VxeUyGonL62DuxA-- <- @smithy/util-uri-escape 4.2.0
+ nodelite-2-iInW14XItCXET01CQFqudPOWP2jYMl7T-QRQT-UNcR-iQncN-F0UNpgd76iFkBPgNQb4-X3LV9tLJYzwh-Gl3A-- <- globals 16.0.0
+ nodelite-2-iJ6YNJd0bntJYnX6s52NC4WFYcZeKrPUr1Kmmr5AwZcwCSzVpS7oavAmxMR7pMq7V-D1G4s9F5NJK0xwOsKAlQ-- <- @smithy/eventstream-serde-universal 4.2.8
+ nodelite-2-ik3ZgC9dY-lYVVM--OISsaYDeg1tb0VtP5uL3ouh1koGOaUMDPpbFIei4JkFimWUFPn90sbMNMXQAIVOlnYKJA-- <- aria-hidden 1.2.6
+ nodelite-2-iKE9w-Z7xCzUMIZqdBsp6pEQvwuEebH4vdpjcDWnyzaI6yl6O9FHvVpmGelvEHNsoY6wGblkxR6Zty-h00WiSA-- <- safe-push-apply 1.0.0
+ nodelite-2-ikJRQTk8hw5DEoFVxHG1Gn9T-xcjtdnOKIU1JTmGjZZlg9LST2mBLmcX3-ICIbgJydT2GOc15RnNy5mHmzfSew-- <- mpath 0.9.0
+ nodelite-2-ilTRcmbuXjsMmcZ3HASTe4caH5Tpo93PkTxF9oG2VZsSWsahydmcEHhix9Ik122RcTnZnUzPbmux4wh1swfv7g-- <- @babel/plugin-transform-async-to-generator 7.28.6 (8.0.1 is available)
+ nodelite-2-ilYanEU8vxxBexpJd8cWM4ElSQq4QctCLKih0TSfjIfCQTeyH-6zVrmIJfLPrKTKJRbiG-cfnZbQIjAlJmF1jQ-- <- axe-core 4.11.0
+ nodelite-2-im9DjEDQ55s9fL4EYzOAv0yMqmMBSZp6G0VvFyTMPKWxiSBHUj9NW-qqLmXUwXrrM7AvqSlTCfvqRb0cM8yYqw-- <- iconv-lite 0.7.2 (0.7.3 is available)
+ nodelite-2-iNzslsoeSH2-gmDDKiyMqF64DATUCWj3YJ0wP14kqcsf2TUklwimd-66yYojKwZCA7h2yRNLGug71hCBA2a4sw-- <- pg-connection-string 2.10.1
+ nodelite-2-iO90scth9WAbmgv7ogoq57O9YpKmFBbmoEoCHDB2xMBY0--KVrqAaCDyCE16dUspeOvIxFFRI-0sEtqDqy2b4A-- <- @types/d3-color 3.1.3
+ nodelite-2-iOBWFgUX7caIZiuutICxVgX1SdxwAVFFKwt1EvMYYec-NWO5meOJ6K5uQxhrYBdQJne4KxiqZc-KptFOWFSI9w-- <- slice-ansi 7.1.2
+ nodelite-2-iOKdzTUWEVM4nlxpFudFsWyUiu-Jakkga4OZPEt7CGoSEsAsUgdOZqR6pcgx2STBek9Gm4hcarJpXSzIvZ-hKA-- <- json-schema-to-typescript 15.0.3
+ nodelite-2-iPAjerrse27-ygGLxw-EBR9agv9Y6uLeYVJMu-QNCoouJ1-1ri0mGrcWpfCqFZuzzx3WjtwxG098X-n4OuRkPg-- <- is-set 2.0.3
+ nodelite-2-iPeeDKJSWf4IEOasVVrknXpaBV0IApz-gp7S2bb7Z4Lljbl2MGJRqInZiUrQwV16cpzw-D3S5j5Julj-gT52AA-- <- fast-uri 3.1.0 (3.1.7 is available)
+ nodelite-2-iPZK6eYjbxRu3uB4-WZ3EsEIMJFMqAoopl3R-zuq0UjcAm-MO6KCweDgPfP3elTztoKP3KtnVHxTn2NHBSDVUw-- <- locate-path 6.0.0 (7.2.0 is available)
+ nodelite-2-iQBE-xC5BV1OxJbp6WG7jq9IWiD-xxlZhLrdwpPkTX3ydmXdvoCpyfJN7acaIBZaOqTfr76pgzqBJflNbeRK-w-- <- @babel/plugin-transform-modules-umd 7.27.1 (8.0.1 is available)
+ nodelite-2-iQMncpmEK8R8ncT8HJGsGc9Dsp8xcgYMVSbs5jgnm1lFHTZqMJTUWTDx1LBO8-mK3tPNZWFLBghQEIOULSTHZg-- <- mquery 5.0.0 (6.0.0 is available)
+ nodelite-2-itvL5h8RETACmOTFc4UfIyB2RfEHi71Ax6E-PivVxq9NseKbOWpeyHEOIbmAw1rs8Ak0VursQNww7lf7YtUwzg-- <- cosmiconfig 9.0.0
+ nodelite-2-iUzdXKOgi4JVDDEG-VvoNw50FryRCEm0qAudw12DcZoiNJWl0rN6SYVLcL1xwugMfQncCXieK5UBlG6mhH7iYA-- <- @aws-sdk/middleware-logger 3.972.2
+ nodelite-2-iwDZqg0QAGrg9Rav5H4n0M64c3mkR59cJ6wQp-7C4nI0gsmExaedaYLNO44eT4AtBBwjbTiGPMlt2Md0T9H9JQ-- <- undici-types 6.21.0 (8.3.0 is available)
+ nodelite-2-iyAZCeyD-c1gPyE9qpFu8af0Y-MRtmKOncdGoA2S5EY8iFq99dmmvkNnHiWo-pj0s7yH7l3KPIgee77tKpXPWQ-- <- listr2 8.2.5 (9.0.5 is available)
+ nodelite-2-iyyEpDty1mwW3dGlYXAJqC-azFn5PPvgKVwXayOGBSmKLxhKZ9fg4qIan2ePpp1vJIwfFiO34LAPZgq9SZW9Aw-- <- make-fetch-happen 15.0.3
+ nodelite-2-iZ8Bdb84lWRuGHamRXFyML07r21pcwBrLkHEuHgEY5UbCouBwv7ECknDRKzsQIXMiqpPymqtIf8TC-shYKB5rw-- <- jsdoc-type-pratt-parser 4.8.0 (7.1.0 is available)
+ nodelite-2-j2Zq4NyQYG5XMST4cbs02Ak8iJUdxRM0XI5QyxXuZOzKOINmWurp3smXu3y5wDcJrptwpSjgXHzIQxR0omXljQ-- <- tinyglobby 0.2.15 (0.2.17 is available)
+ nodelite-2-j3fVLgvTo527anyYyJOGTYJbG-vnnQYvE0m5mmkc1TK-nxAppkCLMIL0aZ4dblVCNoGShhm-kzE4ZUykBoMg4g-- <- ajv 6.12.6 (8.9.0 is available)
+ nodelite-2-j5h5LZHWDlm-FQCCmEghQ9FzYXwfZdlOf3FE-X6rK6lrtx0JCAkq-uhMSasoyP4XYKL4P4vRS6WFSos4jxf-UA-- <- @sentry/webpack-plugin 2.22.7 (3.2.2 is available)
+ nodelite-2-j6PAQ2uUr79PZhBjP5C5fhl8e39FmRnOjsD5lGnWrFU8i2G776tBK7-nP8KuQUTTyAZUwfQqXAgrVH5MbH9CYQ-- <- espree 10.4.0
+ nodelite-2-j6vWzfrGVfyXxge-O0x5sh6cvxAog0a-4Rdd2K36zCMV5eJ---tOAngRO8cODMNWbVRdVlmGZQL2YS3yR8bIUA-- <- es-set-tostringtag 2.1.0
+ nodelite-2-j7piyCjAeTDSjzTSQ7DokZtMNwNlEAyxqSZeCS-CXH7fJ4jx3FuJ-mTW3mE-6JLs4VJBbcll0Kjn-KXI5t21Iw-- <- simple-wcswidth 1.1.2
+ nodelite-2-jbqemy51UFSZSp2y0ZmRfckmrzuKww95zT9BYMmuJ8v3altGcqjwoV1tzpOwuHaKrwQrCjIzOib499ymr2f98g-- <- @smithy/util-stream 4.5.10
+ nodelite-2-jCi-QKUM2r1Ju5a3J64TH2A5SpKAgh0LpknyqdQ4m6DCV0xJ2HG1xARRwNGPQfi1SLdLWZ1OJz6F4OMBBNiGJA-- <- @radix-ui/react-context 1.1.2
+ nodelite-2-jCs9ldd7NwzpgXDIf6P3-NrHh9-sD6CQdxHyjQI-h-6rDNo88ypBxxz45UDuZHz9r3tNz7N-VInSVoVdtXEI4A-- <- @noble/hashes 1.8.0 (2.0.1 is available)
+ nodelite-2-jd0f4NHbD6cALCyGElNpGAOtWxSq46l9X-sWB0Nzd5er4Kz2YTm-Vl0qKFT9KUJvD8-fiO8AvoHhFvEatfVixA-- <- esbuild 0.27.0 (0.28.2 is available)
+ nodelite-2-jeC1axXpnb0-2nn-Y1LPuLdgXBLH7aDcHu4KEKfqw3CUhX7ZpfBSlPKyqXE6btIgEzfWtrX3-tyBCaCvXvMkOw-- <- colord 2.9.3
+ nodelite-2-jEQoCwk8hyb2AZziIOLhDqpm5-2ww5uIE6lkO-6jcOCusfk6LhMHpXXfBLXTZ7Ydyt0j4VoUQv6uGNYbdW-kBA-- <- es-module-lexer 1.7.0 (2.3.2 is available)
+ nodelite-2-jGOOV-bV1DhkkUhHiZ3-1GZ67cZyOXaDb7d1rYD6ZiXf5V9tBNOcgqXwRRPvrCbYaFRa1pPMFb3ZjqjWpR3YfA-- <- @aws-sdk/xml-builder 3.972.2
+ nodelite-2-jhIXaOzy1sb8IyocaruWSn1TjmnBVs8Ayhcy83rmxNJ8q2uWKCAj3CnJY-KpGSXCueAPc0i05kVvVKtP1t9S3g-- <- globby 11.1.0
+ nodelite-2-jhuKLIRrhvCPLqwPcx6INqmKeiA5EWrsCOPhrlFSrbrmU4ZMPjj5Ul-oLCMDO98XRUIwVm78xICz4EPCektzeQ-- <- @types/minimist 1.2.2 (1.2.5 is available)
+ nodelite-2-jiLC0ma9XkQT3TKJ9uYvlakm66Pamywo-qwL-oL8HJOvc6TWdZXVfhqJr8CCzbSGUAbDOzlGHJC1U-vRfLQDvw-- <- @babel/plugin-syntax-import-attributes 7.28.6 (8.0.0-beta.0 is available)
+ nodelite-2-jJ0bqzaylmJtVnNgzTeSOs8DPavpbYgEr-b0YL8-2GO3xJEhInFmhKMUnEJQjZumK7KXGFhUy89PrsJWlakBVg-- <- chownr 1.1.4 (3.0.0 is available)
+ nodelite-2-jmsiEIiZ1n7X1Rr5k8wVExBQCg5jy4UXVADItHmNk1zkwEVhBuIUKRu3fqv-hs4nxLISi2DQGlqIOGiFxgbfHg-- <- micromark-util-events-to-acorn 2.0.3
+ nodelite-2-joRpzBAk1Bhi2eGEYBjukEWHOe-IvclOkiJl3DtA91jV6NwQ3MwXA4FHYeqk8BNp-D8bmi9tcNbRu-SozP0jbQ-- <- to-snake-case 1.0.0
+ nodelite-2-jp2L-eY6fn-KgVVQAOqYItbF0VY-YApe5Mz2F0aykSO8gx31bYCZyvSeYxCHKvzHG5eZjc-zyaS5BrBWya2-kQ-- <- @types/react-dom 19.2.3 (19.2.7 is available)
+ nodelite-2-jppVbf8IV9iWWwWTQIxJMAJCWBuuKx71475wHwYytrRGQ2CWiDvYlADQno3tcYpS-T2UUWFQp3nVtYfK-YBQrA-- <- @babel/plugin-transform-modules-commonjs 7.28.6 (8.0.1 is available)
+ nodelite-2-jqdObeR2rxZZbPSGL-3VckHMYtu-f9--KXBsVny6JSX-pa38Fy-bGjuG8eW-H6USNQWhLi8Num--cU2yOCNz4A-- <- form-data 2.5.5 (4.0.6 is available)
+ nodelite-2-jQL3lRnocaFtu3V00JToYz-4QkNWswxijDaCVNZRiRTO3HQDLsdu1ZtmIUvV4yPp-rvWm5j0y0TG-S61cuijTg-- <- use-callback-ref 1.3.3
+ nodelite-2-jrbSQrYCho0yDaaf92qWgd-7nAeap5LtHTI51KXqmpIFCceKU3K9-vIVTUH72bOJngBMqa4kyu1VJhRcSrk-CQ-- <- @smithy/smithy-client 2.5.1 (4.9.3 is available)
+ nodelite-2-jrt5GUaZUU6cmMS-WTJEvGvaB6j1YNKPHPzC2PUi2BjaFbtxURHj6641Az6xN7b665hNniAIdvjxWcRml5yCnw-- <- @swc-node/core 1.14.1
+ nodelite-2-jS-O5Q14UsufqoGhov7dHLOPCzkYJl9QDzusI2Psh4wyYx-izhzvX9P4D69aTxcdfVhEPhjK-wYyn-PzLjKbbw-- <- @smithy/eventstream-codec 4.2.8
+ nodelite-2-jSCU7-VB1loIWBZe14aEYHU--1UMEHoaO7qxCOVJOw9GgH72VAWppxNcjU-x9a2k3GSIBXNKxXQFqRvvZ7vr3A-- <- mime 3.0.0 (4.1.0 is available)
+ nodelite-2-jtD6YG370ZCIi-9GTaJKQxWTZD045-4R4hTk-x1UyoqadyJ9x9CgSi1RlVDQF8U2sxLLSnFkCaMihqljHIWgMg-- <- duplexer 0.1.2
+ nodelite-2-jtmJMyt1xMD-d8OtbVJ2gFZOSKc-ueYJZPW20ULW1GOp-q-YIM0wNh-u8ZFao9UaIGz4WoPW8hC64qlWLIfoDA-- <- @smithy/util-uri-escape 2.2.0 (4.2.0 is available)
+ nodelite-2-jttmRe7bRse52OsWIMDLaXxWqRAmtIUccAQ3garviCqJjafXOfNMO0yMfNpdD6zbGaTU0P5Nz7e7gAT6cKmJRw-- <- lodash.truncate 4.4.2
+ nodelite-2-jTwoImyr-QbOWFFso3YoU3ik0jBBDJ6JTOQiy-J2YxVJdZCc-5u7skhNwiOR3FQIygFqVUPHl7qbbxtjW2K3Qg-- <- terser 5.46.0
+ nodelite-2-jVPgBbH1gCy2Lb7X0AVQ8XAfgg0pJ4nvl8-IiQA6nxOsPvS-0zMJaFSs2ltXe0J6C8dqjcnpyqINDJmU30-uOg-- <- @opentelemetry/sdk-trace-base 1.30.1 (2.2.0 is available)
+ nodelite-2-jvpmny6hlv1zEGMGjwX9d-SrlXzYSyF1S5tObwJ1yBBtdnUOjgLvAAg2gf-Zkn4MLZShBssRO-qMVsSe1JHTBQ-- <- eslint-plugin-react-naming-convention 1.31.0 (2.7.2 is available)
+ nodelite-2-jyH7wtcHiKssDtFPRB-iQdxlDf96m0E39yb0k5uJVhFGleZFoNw1c4aeIcVUPPbXUVJ94wwnMOAqUHyzoEPVMA-- <- @webassemblyjs/helper-buffer 1.14.1
+ nodelite-2-jz-Cfrg9GWOZbQAnDQ4hlVnQky-341Yk5ru8bZSe6sIDTCIg8n9i-u7hSQGSVOF3C7lH6mGtqjkiT9G4wFLL0w-- <- merge 2.1.1
+ nodelite-2-jz4x-TJNFHwHtwuV9vA9rMujcZRb0CEilTEwG2rRSpe-A7Jdkuj8xPKttCgOh-v-lkHy7HsZ64oj-q3xoAFl9A-- <- monaco-editor 0.55.1
+ nodelite-2-k-vGaX4-Yla3WzyMCvTQOXYeIHvqOKtnqBduzTHpzpQZzAskKMhZ2K-EnBiSM9zGSoIFeMpXKxa4dYeZIQqewQ-- <- inherits 2.0.4
+ nodelite-2-k2ENnmBugE-rzQfEcdWHcCY--FM3VLzH9cYEsbdsoqrvzAKRhUZeRNhAZvB8OitQJ1TBed3yqWtdjzS6wJKBwg-- <- @pinojs/redact 0.4.0
+ nodelite-2-k64Lbyb7ycCSXHSLzxVdb2xsKGPMvYZfCICXvDsI8Z65CeWQzTEKS4YmGbnqw-U9RBvLPTsB6UCmwkgsDTGWIw-- <- @mongodb-js/saslprep 1.4.5 (1.5.0 is available)
+ nodelite-2-k6E21FzySsSK5a21KRADBd-NGneRegFO5pLHfdQLpRDETUNJueLXs3WCzyQ3tFRDYgbq3KHGXfTbi2bs8WQ6rQ-- <- object.fromentries 2.0.8
+ nodelite-2-k7ndgKhwoQveBL--1tqGJYNz097I7WOvwbmmU2AR5-magtbjPWQTS1C5vzGkBC8Ym8UWRzfKUzUUqFLypY4Q-w-- <- cliui 9.0.1
+ nodelite-2-k7vvKPbf7J2fZ5klGRD9AeKfUvojuZIQ3BT5u7Jfv-puwXkUBUT5PVyMDfJZpy30CBDXGMgw7fguK-lpOMBvgw-- <- @borewit/text-codec 0.2.1
+ nodelite-2-k92I-b08q4wvFscXCLvqfsHCrjrF7yiXsQuIVvVE7N82W3-aqpzuUdBbfhWcy-FZR3-4IgflMgKLOsvPDrGCJA-- <- inflight 1.0.6
+ nodelite-2-k9PN-cFBmaLWtVz29SkUoqU5O0slLuHJXt-2P-tMVFT-phsSGXGkp9t3rQIqdz0e-06EHNGs3oM6ZX1s2zHxRg-- <- get-tsconfig 4.8.1
+ nodelite-2-kAQTcEN9E8ERLVg5AsGwLNoFb-oEG6engbqAU2P43gD4JEIkNGMHdVQ096FsOAAYpZPB0RSt0zgInKIAS1l5QA-- <- @npmcli/agent 4.0.0
+ nodelite-2-kAY9hTKulTNevM2nlRtxAG2FQ3B2OR6QIrPY3zE5LqJy1oxzmgBGsHLWTcNhWXKchgA0WHW-mZkQrng-pgcCew-- <- @smithy/util-buffer-from 4.2.0
+ nodelite-2-kBeTUtcj-SkyfaW4-KBe0HtsloBJ-mKTPoxpVdA57GZiPerREsUWJOhVj9anXweFiJkm5y8FG1sxFZkZ0SN6wg-- <- parse-package-name 1.0.0
+ nodelite-2-kbpaSSGJTWdAY5KPVeMOKXSrPtr8C8C7wodJbcsd51jRnmD-GZu8Y0VoU6Dm5Z4vWr0Ig-1NKuWRKf7j5aaYSg-- <- onetime 5.1.2 (7.0.0 is available)
+ nodelite-2-kbT5wvNQlx7NaGjzPFu8nVIW1rWqV780O7ZtkjuWaPUgpv2NMFpjYERVi0UYj1msZNyCzGlaCWEtzc-exjMGbQ-- <- @parcel/watcher-linux-x64-glibc 2.5.6 (2.6.0 is available)
+ nodelite-2-kFSyxiEDwv1WLl2fgsq6pPBbw5aWKrsY2-noi1Id0TK0UParSF62oFQFGHXIyaG4pp2tEub-Zlel-fjjZILDsw-- <- @testing-library/react 16.3.0 (16.3.1 is available)
+ nodelite-2-kFxhot-yw9KmpAGSSrF-o-f00aC2uawgNUbhyaM0USS9L7dln1NA77-pLg4lgOaRgXMtfgCENamjqZwIM1Zrig-- <- mongoose-paginate-v2 1.8.5
+ nodelite-2-kG7WrUuAKK0NoyxfQHsVE6j1m01s6kMma64E-OZenQABMQyTJop1DumUWcLwAQ2JzpefU7PDYoRDKl8uZosFjw-- <- @types/busboy 1.5.4
+ nodelite-2-kGaNbPh1k7AFzgpud-gMdvIm5xuECykRR-JnWKQno9TAXVa6WIVCGTPvYGekIDL4uwCZQSYbUxNBSb1aUo79oA-- <- @types/mdast 4.0.4
+ nodelite-2-kGkGegYIdQsOb4XjsfM97rXsiHaBwco-hFI66oO4s9LU-PLAC5oJ7khdOVFxkhsmlbpUqDAvXw11CluXP-jkHg-- <- @radix-ui/react-id 1.1.1
+ nodelite-2-kHqDPdltoXH-X4w1lVmMtddE3Oeqq48nM40FD5ojTd8xYhQpzIDcfE2keMSU5bAgRPJBe225WTUdyUgj1DtbiQ-- <- yjs 13.6.29
+ nodelite-2-kHxr2zZpYtdmrN1qDjrrX-Z1rR1kG8Dx-gkpK1G4eXmvXswmcE1hTWBWYUzlraYw1-yZp6YuDY77YtvbN0dmDA-- <- shebang-command 2.0.0
+ nodelite-2-kig-rMn-QOVRvr7c86gQ8lWXq-Hkv6CbAH1hLu-RG338StTpE8Z0b44SDVaqVu7HGKf27frdmUYEs9hTUX-cLQ-- <- html-entities 2.6.0
+ nodelite-2-kISKhqN1k48TaMPbLgq9jj7mO2jvbJdhirvfu4JW3jhFhENnkY0oCwTPvR4Q6Ne2as6GFAMo2XZDZq4rxC7YDw-- <- @aws-sdk/client-cloudfront 3.398.0 (3.901.0 is available)
+ nodelite-2-kja8j7PjmncONqaTsB8fQ-wE2mSU2DJ9D4XKoJ5PFWIdRMa6SLSN1ff4mOr4jCbfRSsxR4keIiySJU0N9T5hIQ-- <- agentkeepalive 4.6.0
+ nodelite-2-kkBTLk053XlhDCg7OkBQTIMF4puqFibeRO3E3YiVc4PGLnocXMaVpOSCkMqAc1k1kZ09UgGi8DxfQhnFEjUkpA-- <- @sentry/integrations 7.120.4
+ nodelite-2-kLrdPDJE1ckPo94kmPPf9Hfd0DU0Jw6oKYrhe-pwSC0iTUInmTa-w6fw8sGgcfkFJGNdWOUeOaDM4quW4a7OkA-- <- @eslint/config-helpers 0.1.0 (0.7.0 is available)
+ nodelite-2-kn-e44esVfn2Fa-O0CPFcex27fjIL6MkVae0Mm6q-E6f0hWv578YCERbv-4m02cjxvDsPKLnmxral-rR6lBMAg-- <- streamx 2.23.0 (2.28.1 is available)
+ nodelite-2-kN9dJbvnySHULIluDHy32WHRUu3Og7B9sbY7tsFLctQkIqnMh3hErYgdMjTYuqmcXX-lK5T1lnUt3G7zNswmZA-- <- spdx-correct 3.2.0
+ nodelite-2-kNFPyjhh5cKjrUltxs-wFx-ZkbRaxxmZ-X0ZU31SOsxCEtP9VPgtq2teZw1DebupL5GmDaNQ6yKMMVcM41iqDg-- <- fast-glob 3.3.1 (3.3.3 is available)
+ nodelite-2-kNOjDqAh7px0XWNI-4QbzoiR-nTkHAWNud2uvnJquD1-x5a7EQZMJT0AczqK0Qn67oY-TTQ1LbUKajZpp3I9tQ-- <- atomic-sleep 1.0.0
+ nodelite-2-knvyeauYhqjOYvQ66MznSMs83wmHrCycNEN6Ao-2AeYEfxUIkuiVxdEa1qlGEPK-We3n0THiDciYSsCcgW-DoA-- <- expect-type 1.3.0
+ nodelite-2-ko-gIFJRv177XgZsZcBwnqJN5x-Gien8qNOn0D5bQU-zAzVf9Zt3BlcUiLqhV9y4ARk0GbT3tnUiPNgnTXzc-Q-- <- @types/unist 3.0.3
+ nodelite-2-ko7xSIIiayvDiqjNDX6fgH9RlcM6r9vrrvJYTcfGVBor5httx16lhIi0QJZ4-RNPvGtTjyFv4bwRmsixRRwImg-- <- @lexical/clipboard 0.35.0 (0.36.2 is available)
+ nodelite-2-kPSSXE6De1XOR820C90RIo2ogvZG-c3KiHzqUoO-F34Y2shGzesfqv7o57xrxovZJH-MetF5UjroJ-R-3isoiw-- <- @webassemblyjs/wast-printer 1.14.1
+ nodelite-2-kQnEtA3vzucU2BkrIa8-VaSAsP-EJ3CKOvhMuJgOEGg9KDC6OAY6nSnNDVRiVNRqj7Y4SlSzcStaH-5jge8JdQ-- <- micromark-factory-mdx-expression 2.0.3
+ nodelite-2-ks6Vjr-jEw0P1gmOVwutM3B7fWxoWBL2KRDb1JfqGVawBmO5UsvmWOQFGHBPl5yxYz4eERr19E6L7NMv-Fej4w-- <- tsconfck 3.1.6
+ nodelite-2-kTPhdZyTQxB-2wpiRcFWrDcejc4JI6tkPuS7UZCG4l6Zvc5kU-gGQ-ozvHTh1XR5tS-UlfAfGuPajjzQjCiHCw-- <- @neon-rs/load 0.0.4
+ nodelite-2-kVscqXk4OCp68SZ0dkgEKVi6-8ij300KBWTJq32P-dYeWTSwK41WyTxalN1eRmA5Z9UU-LX9D7FWSmV9SAYx6g-- <- esutils 2.0.3
+ nodelite-2-kvzhi7vqKTfkh0PZU-2D2PIllw2ymqJKujUcyPMd9Y75Nv4nPbGJZXNhxsgdQab2BmlDct1YnfQCguEvHr7VsQ-- <- sparse-bitfield 3.0.3
+ nodelite-2-kyDivFZ7ZM0BVOUteVbDFhlRt7Ah-CSPwJdi8hBpkK7QLumUqdLtVfm-PX-hkcnrvr0i77fO5-TjZ94Pe-C9iw-- <- webpack-virtual-modules 0.5.0 (0.6.2 is available)
+ nodelite-2-l0t2KhbOO-I8ZNOl9zypYf1NE0837aO4-CPQNGR-RAxtj8FpdYKjhyUADUXj2gERLQmnhun-teaVs-G7vZJ-TQ-- <- @vercel/blob 0.22.3
+ nodelite-2-l2aFy5jALhniG5HgqrD6jXLi-rUWrKvqN-qJx6yoJsgKhblVd-iqqU4RCXavm-jPityDo5TCvKMnpjKnOriy0w-- <- @standard-schema/spec 1.1.0
+ nodelite-2-l3nz3euub2QMg5ouu5U09Ew9Wf6-wQ8I--ch1loQ0ljmzhmfZYrH9fflS22i-PQEvsPvxCwxgz5q7UB8K1JO4Q-- <- csv-parse 5.6.0
+ nodelite-2-l3W5D54emV2ues7jjeG1xcyN7S3jnK3zE2zHqgn0CmMsy9lNJwmgcrmaxS-7ipw15FAivzKNzH3d5EcGoFKw0A-- <- @radix-ui/react-accordion 1.2.11 (1.2.12 is available)
+ nodelite-2-l4KnYfEyqYJxDwlNVyRfO2E4NTHfMKAWdUuA8J0yve2Dz-E-PdBepY03RvyJpssIpRFwJoCD55wA-mEDs6ByWA-- <- secure-json-parse 4.1.0
+ nodelite-2-l4Sp-DRseor9wL6EvV2-TuQn63dMkPjZ-sp9XkghTEbV9KlPS1xUsZ3u7-IQO4wxtcFB4bgpQPRcR3QCvezPcQ-- <- wrappy 1.0.2
+ nodelite-2-l5XkZK7r7wa9LucGw9LwZyyCUscb4x37JWTPz7swwFE-0FMQAGpiWUZn8u9DzkSBWEcK25jmvubfpw2dnAMdbw-- <- @babel/helper-module-imports 7.28.6 (8.0.0-beta.0 is available)
+ nodelite-2-l63NF9y-cLROq-yqKXSLtcMeeyOfnSQlfMSlzFt-K73oIaD8DGaQWd7Z34X9GPiKqP5rbSh84Hl4bOlLcjiSrQ-- <- strnum 2.1.2
+ nodelite-2-l7WfQfX0WK4M0v2RudjuQK4u99BS6yLHYEmdtVPP7lKV013zr9DygFuWNlnbvQ9LR-LS0Egz-XAvGx5U9MX0fQ-- <- @babel/preset-typescript 7.27.1 (8.0.0-beta.0 is available)
+ nodelite-2-l8D9ODSRWLe2KHJSifWGwBqpTZXIXTeo8mlKjY-E2HAakaTeNpqAyBZ8GSqLzHgw4XmHmC8whvpjJNMbFZN7-g-- <- mlly 1.8.0 (1.8.2 is available)
+ nodelite-2-lae0iWfcDeR7qt7rA88BNiqdvPS5pFVPpo5OfjElwNaT2yyekbM0C9vK-yqBqEmHr6lDkRnYNoTBYlAgJa7a4w-- <- @types/d3-shape 3.1.8 (3.2.0 is available)
+ nodelite-2-lAqbig3uRGTt0sHNIM4vUG9HoM-mRl8K28WuYxyXLCUT6pyzl4Y4i0LZ3jMEsCYZ6zjPZbO9XkG91OSTd4si7g-- <- @xhmikosr/downloader 15.2.0
+ nodelite-2-lBN9zLN-oAf68o3zNXYrdCt1kP8WsiGW8Oo2ka41b2IM5JL-S1CTyX1rW0mb-zSuJun0ZUrDxx4sqvYS2FWzPA-- <- tiny-warning 1.0.3
+ nodelite-2-lDcBsjBSMlj3LXH2v-FW3txlh2pYTjmbOXPYJD93HI5EwuLzI11tdHSIpUMmfq-IOsldj4Ps8M8flhm-pCK4Ew-- <- new-find-package-json 2.0.0
+ nodelite-2-lhd-wF-Lk98HZoTCtlVraHtfh5XYijIjalXck7saUtuanSDyLMxnHhSXEDJqHxD7msR8D0uCmqlkwjCV8xvwHw-- <- fast-json-stable-stringify 2.1.0
+ nodelite-2-lhInBO5bi-Kowe2-aLdBAawijx-q1pQzicSgnkB6dUPc1-RC8QmJHKf2OjvU-NZWitguJHEaEmbV6VWEouT58g-- <- @babel/plugin-transform-sticky-regex 7.27.1 (8.0.1 is available)
+ nodelite-2-lIk-kSt9lGv5hxK6aZNjiUEGZqKmOTpmg0tKiJQI-Ow98fLillxsiZNik5-RcP7mXL929KiTH-D9jGtpDlMbVw-- <- @types/esprima 4.0.6
+ nodelite-2-lkX1HJXwyMcprw-5YUZc2s7DrpAiHB21-V-E1rHUrVNokkvB6bqMzT0VfV6-86ZNabt1k14YOIaT7nDvOX3Iiw-- <- glob-to-regexp 0.4.1
+ nodelite-2-llQsMLSUDUPT44jdrU-O37qlnifitDP-ZwrmmZcoSKyLKvtZxpyV0n2-bD-N4tBAAZ-gJEdZU7KMraoK1-XYAg-- <- proxy-addr 2.0.7
+ nodelite-2-lNaJgI-2Q5URQBkccEKHTQOPaXdUxnZZElQTZY0MFUAuaEqe1E-Nyvgdz-aIyNi6Z9MzO5dv1H8n58-GELp3-w-- <- once 1.4.0
+ nodelite-2-lNDU9VJaOPxUmXcLb-HQFeUgQQPtMI24Gt6hgfuMHRJgMRHMF-qZ4HJD3GDru4sSw9IQl2jPjAYnQrdIeLbwow-- <- noms 0.0.0
+ nodelite-2-lOoVRwADj8hjf7al89tvQ2a1lf53Z-7tiXMgpZJL3maQPDxh0DgLMN62B2MKUOFcoodBHLMbDM6WAbKgNy5Suw-- <- @babel/generator 7.28.6 (8.0.0-beta.4 is available)
+ nodelite-2-lOQK1ucVg-W6n3FhRwwSeUijxe93b51Bfz5PMRMihVf1iVkl82ePQG7V5vwrhzB11v0NtsR25PSZRGiSomJaJw-- <- sqids 0.3.0
+ nodelite-2-lp4qAiMTD4sNWW4DbKLBkfiMZ4jbAboJIGOQr5DvciMRI494OapieI9qiODpOt0XBr1LjIDy1xAGAnVs5supTA-- <- @opentelemetry/semantic-conventions 1.28.0 (1.39.0 is available)
+ nodelite-2-lszvBmB9QURERtyKT2bNmsgxXK0ShJrL-fvqlonCo7e6xBF8nT8xU6pW-PMIbLsz0RxQk3rgH9kd8UmvOzlMJg-- <- sharp 0.34.2 (0.34.5 is available)
+ nodelite-2-lwBCUNMJf7Gujp2syVWMpKRahfbTv5Wq-H3HK1Q1gKH1P2IytPRxssCHvexw9iGwprSyghkKBlbF3fGpEdIJvQ-- <- @lexical/plain-text 0.35.0 (0.36.2 is available)
+ nodelite-2-lX9Ay-6LisTfpLid2zZtIhSEjHMZoAR5hHCR4H7tBz-Zkfr5ea8RcQ7Tk4mi0P76p4cN-Btz16Ffno7YHpKXnQ-- <- @smithy/chunked-blob-reader-native 4.2.1
+ nodelite-2-lyuxPGr-Wfhrlem2CL-UcnUc1zcqKAImBDzukY7Y5F-yQiNdko6-fRLevlw1HgMySw7f611UIY408EtxRSoK3Q-- <- loose-envify 1.4.0
+ nodelite-2-lZhclumE1G6VYD8VHe35wFaIif-CTy5SJIi5-3y4psDgWu4wPDoBhF8NxUOinEc7pHgiTsT6MaBb92rKhhD-Xw-- <- is-number-object 1.1.1
+ nodelite-2-m-5laWdBaxIZK2ko0OwcCHJZJ5V1MgEIt8QVQ3k4-kOkN9ICjevOYmba751pHoTnbOYB7zQd6D2OT3EYEEsUcA-- <- @aws-sdk/middleware-host-header 3.398.0 (3.972.2 is available)
+ nodelite-2-m-M1U1f3ddMCs6Hq2tAsYThTBDaAKFDX3dwDo97GEYzamXi9SqUpjWi-Rrj-gf3X2n8ktwgZrlP1z6E3v-IExQ-- <- lodash.deburr 4.1.0
+ nodelite-2-m-vIdyeCOpdr-QeQCu2EzxX-ohgS8KbnPDgFni4dQsfSCtpz8UqDyY5GjRru8PDKuYn7Fq19j1CQ-nJSsGKOzg-- <- unist-util-visit 5.1.0
+ nodelite-2-m03P-zhBeQd1RGnYxrGyDAPpWX-epKirLrp8e3qevZdVkKtnCrjjWczIbYc8-xd6vcTStVlqfycTx1KR4LOr0g-- <- regenerate-unicode-properties 10.2.2
+ nodelite-2-m0q8x6lwxenh1CrsTby0Jrjq4vzW-QU1OLhTHMQLEdHpmjR1lgahGz--seZI0bXF3XcZw3U3xHfqZSz-JPP2Gg-- <- @xhmikosr/decompress-tar 8.1.0
+ nodelite-2-m5KgiH85xAhhW8Wta0vShLcUvOsh3LLPI2YVwcbio1l7E09NTLL1EyMZFM1OyWowoH0skScNbhOPl4kcBgzTww-- <- estree-util-visit 2.0.0
+ nodelite-2-m6UrgzFVUYawGBh1dUsWR5M2Clqic9RVXC-9f8ceNlv2IcO9j9J-z8UoCLPqtsPBFNzEpfR3xftohbfqDx8EQA-- <- is-arrayish 0.3.4
+ nodelite-2-m80d-iicI7DlBDxyQP6Th7BW-ejDGiF0bgI754-tiwK0lgMkcaIBgvwwVc7OFbY4eUzpGtnig52MhPAEJ7iNYg-- <- @smithy/hash-blob-browser 4.2.9
+ nodelite-2-m9gTwRkhy2lvCPe6QJp4d3G1TYEUHn-FzJUtq9MjH46an1wJU-GdoGC5VLof8RX8Ft-DlpshApkhswDLZzHIcQ-- <- @radix-ui/react-primitive 2.1.3 (2.1.4 is available)
+ nodelite-2-mAHZxIsL2o3ZITFaBVFBnwyDOw-zNLYum6A6nIjpzCGIO8QtC3V76XF2RnZTyLx1wlDTmMDy8jg3Ib52MIjGvQ-- <- geist 1.5.1
+ nodelite-2-mcdpQFV7UDAgLpXEE-jOMqvK4LBoO0uTQg0uvXUewmEFhpiZx5yJSZITHB8w1ZahKdhfZqP5GPEOKLyEq5p8XA-- <- spdx-ranges 2.1.1
+ nodelite-2-mCxBlsHFYh9C-HVpiEacem8FEBnMXgU9gy4zmNC-SXAZNB-1idgp-aulFJ4FgCi7GPEVbfyng092GqL2k2rmow-- <- crypt 0.0.2
+ nodelite-2-mDAjwmZdh7LTT6pNleZ05Yt65HC3E-NiQzl672vQG38jIrehtJk-J3mNwIg-vShQPcLF-LV7CMnDW6vjj6sfYQ-- <- tar-fs 2.1.4 (3.1.1 is available)
+ nodelite-2-mE00Gnza5EEB3Ds0HfMyllZzbBrmLOX3vfWoj9A9PEnTfratQ-BcaJOuMhnkhjXvb2-FkY3VuHqtAGpTPmglFQ-- <- is-unicode-supported 2.1.0
+ nodelite-2-mehfKSMWjjNol8659Z8KxEMrdSJDDot5SXMq00dM8BN4o-CLNXQ0xH2V7EchNHV4RmbZLmmPdEaXZc5H2FXmDg-- <- @emnapi/runtime 1.8.1
+ nodelite-2-mEQCMmwJu317oSz8CwdIOdwf3xMif1ttiM8LTufzc3g6kR-9Pe236twL8j3IYT1F7GfRgGcW6MWxzZjLIkuHIg-- <- defu 6.1.4 (6.1.7 is available)
+ nodelite-2-mET5AIwl7MR2IAKYYoVBBpV0OnkKQ1xGj2IMMeEFIs42QAkEVjRtFZGWmQ28WeU7MP779iAgOaOy93Mn44mn6g-- <- license-checker 25.0.1
+ nodelite-2-mfcwb6IzQyOKTs84CQMrOwW4gQcaTOAWJ0zzJCl2WSPDrWk-OzDaImWFH3djXhb24g4eudZfLRozAvPGw4d9hQ-- <- is-weakset 2.0.4
+ nodelite-2-mgLPETlrpVV1YRJIglr4Ez47g7Yxjl1lj7YKsiMCb27VJH9W8NVM6Bb9d8kkpG-uAQS5AmbA48q2IAolKKo1MA-- <- @types/d3-interpolate 3.0.4
+ nodelite-2-mIYp-091eYfPFezKX7ZPTWqrmSXq-ih6-LcUyKvLmeLQGhlPtot33kuEOd4U-xAA7sFfj21-OtCpIZx0g5SpvQ-- <- @next/env 15.4.11 (16.2.0-canary.9 is available)
+ nodelite-2-mjRn69WuTz4adL0bXGx8Rsyk1086zFJeKmes6aK0xPuK3aaXmDJdLHqwKKMrpm6KAI1MCoUK72d2VeqQbu8YIA-- <- babel-plugin-react-compiler 19.1.0-rc.3
+ nodelite-2-mlaw2aiI3DrimW85ZMn3g7qrtHueidS58IGytZ-mbFpsYLK5wMjCAKZQtt7VatLMtSBG-dn-EY4njbnYXIDKeQ-- <- @aws-sdk/credential-provider-login 3.972.2
+ nodelite-2-mlExGW4w71ebDJviH16lQLtZS32VKqsSfk80GCfUlwT-4-hNRFsoscrF-c--9xinkMzECL1uL9DDwXqFWkruPg-- <- unbzip2-stream 1.4.3
+ nodelite-2-mLs5zAK-ctllYBj-iAQvlDCwoxU-WDOUaJkcFudeiAX6OajC6BKXJUa9a-tbtkC11dz2Ufb7h0lyvIOVn4LADA-- <- util-extend 1.0.3
+ nodelite-2-mlsTRyGaPBjPedk6Bvw-aqbsXDtoAyAzm5MO7JgU-yVRyMQ5O8bD4Kcci7BS85f93veegeCPkL8R4GLClnjLFw-- <- eventemitter3 5.0.4
+ nodelite-2-mlVgR3PGuzlo0MmTdk4cXqXWlwQDLnONTAg6sm62XkMJEiRxN3GL3SffkYvqwonbkJBcrI7Uvv5Zh9yjvn2iUw-- <- p-cancelable 3.0.0 (4.0.1 is available)
+ nodelite-2-mMtDE7Q0nycXdFTTH--ta6EBrBwxBB4Tg8QwsGntzQ1Cq--d838dpXpFjJOqHEeVHUqXpiuj-cBG8-bvz-rPRw-- <- @lexical/selection 0.35.0 (0.36.2 is available)
+ nodelite-2-mOAsxeeKkUKayvZR3HeTYD-fICpCPLJrU5ZjelT-PA6WHtNDBOE436YiaEUvHN454bRM3CebhDsIpieCc4texA-- <- @babel/helper-define-polyfill-provider 0.6.6 (1.0.0 is available)
+ nodelite-2-mplynKqc1C2hTVYxd0PU2xQAc22TI1vShAYGksCCfxbn-dFwnHTNi1bvYsBTkhdUNtGIf5xNOg938rrSSYvS9A-- <- yaml 2.8.2 (2.9.0 is available)
+ nodelite-2-mq8e-laIk94-yFec3DxSjCRD2Z0TAjhVbEJY3UQrlwVo15Lmt7C2wAUbK4bjnTs4APkwsYLTahXRraQXhb1WCg-- <- @babel/helper-replace-supers 7.28.6 (8.0.1 is available)
+ nodelite-2-mQw-2fkQbALzQ7V0MY0IqdnXNOeTtP4r0lN9z7AAawCXgqea7bDii20AYrIBrFd-Hx0M2Ocz6S111CaFkUcb0Q-- <- events 3.3.0
+ nodelite-2-mROwiKLZf-Kwa-2Rol-OOZQn1eyTkPB3ZTwC0ExY6OLFCbgxHYZvBm7xI77NvfZFMKBsmuXfmLJnD4eEftEhrA-- <- file-type 19.3.0
+ nodelite-2-mtVv6UeaaSaWTeZtLo4cx4P5-ING2obSqfWGItIFSunQBrYROfhuVe7wdIrFUs2RH1tn2YYpAJyMaRe-bnTTIQ-- <- @opentelemetry/instrumentation-mongoose 0.46.0
+ nodelite-2-mVGyPBzkkGQsPoxQUbxlEfRjrj6FPyA3u3u2VXGr9hT8wilsoQdZdvKpMBFMB8Crfhv5dNkKHIW0Yyuc7eABqA-- <- @smithy/node-http-handler 2.5.0 (4.4.8 is available)
+ nodelite-2-mxa9E9ITFOt0ban3j6L5MpjwegGz6lBQmM1IJkWeBZGcMxto50-eWdjC-52xDbS2vy0k7vIMK0Fe2wfL9OQSpQ-- <- js-tokens 9.0.1
+ nodelite-2-mxIDAb9Lsm6DoOJ7xH-5-X4y1LU-4Hi50L9C5sIswK3JzULS4bwk1FvjdBgvYR4bzT4tuUQiC15FE2f5HbLvYw-- <- hosted-git-info 2.8.9 (9.0.2 is available)
+ nodelite-2-my9FB4GtghqXqi-lWSVAOPiTzTnnEzdOXCsAC2bb5V7EFNQjVjwy3cSSbUvgYOtDuDibd-ZsCDhz-4eykYOlhQ-- <- graphql-scalars 1.22.2
+ nodelite-2-mZ5xddodpJhEt3RkCjbmUQuXUOaPNTkbMGR0bcS8FE0bJDLMZlhmpgrvPNCYglVw5rsYTpSnv19womw9WWXKQQ-- <- @smithy/service-error-classification 4.2.8
+ nodelite-2-mzR0L8ZDktZjpX4OB46KT-56MAhl4EIazWP--G-HPGuvfdaqg4YsCdtOm6U9-LOFyYDoh4dpnpxZRB9MQQns5Q-- <- validate-npm-package-name 4.0.0 (6.0.2 is available)
+ nodelite-2-n-lahlMWk-aejGuax7DPWtqav8HYnWxQwR-LCG2BgCUmaGcTe9qZCFsmw8TMg9iG75HOwhrJCX9TCJRLH-Yzqg-- <- @smithy/util-waiter 4.2.8
+ nodelite-2-n-ShnvDi6FHbbVfviro-WojiFzv-s8MPMHBczVePfUpDJLwoLT0ht1l4YwBCbi8pJAveEEdnkHyPyTP-mzRfwg-- <- string_decoder 1.1.1 (1.3.0 is available)
+ nodelite-2-n02Vykv5uA3eHGM-Z2dQrcD56kL8TyDb2p1-0P83PClMnC-nc-anbQRhIOWnSq4Ke-KvDPrY3C9hDtC-A3eHnQ-- <- acorn-import-attributes 1.9.5
+ nodelite-2-n1RxDp8UJm6N0IbJLQo-yzLZ2sQCDyl1o0LeugbPWf8-8Fttp29GghsQBjYJVmWq3gBFfe9Hs1spR44vovn2wA-- <- vitest 4.0.15
+ nodelite-2-n2hY8YdoRE1i7r6M0w9DIw5GgZN0G25P8zLCRQ8rjXtTU3vsNFBI-vWK-UIeE6g5MUUz6avwAPXmL6Fy9D-90w-- <- http-proxy-agent 5.0.0 (7.0.2 is available)
+ nodelite-2-n4THUQW27VmQMx-3P-B0Yptl7ydfceUj4ON-AQILAASwgYdZ-2dhfymRMh5egRUrvK5lSmaOm77Ry-lmXPOgBQ-- <- @typescript-eslint/types 8.26.1
+ nodelite-2-n4ZT37wG78iz03xPRKJrHTdZbe3IicyucEtdRsV5yglwc3GyUfbAfpSeD0FJ41NbUNSt5wbhqfp1fS-BgnvDFQ-- <- is-bigint 1.1.0
+ nodelite-2-nAu1WFPQSMNr2Zn9PGSZK9AGn4t-y97lEm-MXTtUDwfP0ksAIX4nO-6ruD9Jwut4C49SB1Ws-fbXsm-yScWOHw-- <- simple-swizzle 0.2.4
+ nodelite-2-nAUSGfSDGOaOAEGwqsRY27GPOea7CNipJPOA7lPbdEpx5Kg3qzdP0AaWC5MlhTWV9s4hFX39nomVZ-C4tnGOJQ-- <- postgres-array 3.0.4
+ nodelite-2-nAYYwfY3qnzX30IkA6AQZjVbtK6duGontcQm1WSG1MD94YLqK0515GNApXkoxKOWMusVssAHWLh9SeaoefYFGw-- <- typed-array-buffer 1.0.3

Done in 1.5s using pnpm v10.27.0
