Progress: resolved 1, reused 0, downloaded 0, added 0
Packages: +250
++++++++++++++++++++++++++++++++++++++++++++++++++++++++++++++++++++++++++++++++
Progress: resolved 250, reused 0, downloaded 250, added 250, done

dependencies:
+ nodelite-2-phAQcr3429nuzG88pMJ1x10bocTDQ5uySNopcpBXjnQYME9KgDHc1Su6xijVFi33teuI9HAMq-eOqyE4IOPKHw-- <- @udecode/plate-selection 48.0.5
+ nodelite-2-phJfQVBuaJM5raOpJjSfkiD6BpbCE4Ns--LaXl6wGYtUBY83nWS6Rf9tXm2e8VaK60JEjYldbPif-A2B1C2gNA-- <- invariant 2.2.4
+ nodelite-2-phPGCwqr2-Qo0fwniCE8e4pKnGu-yFb5nD5Y8bf0EEeiI5GklnACYA9GFy-DrAeRrKHXvHn-1SUsOWgJp6RO-g-- <- typed-array-length 1.0.8
+ nodelite-2-phrYmNiYppR7znFEdqgfWHXR6NCkZEK7hwWDHZUjit-2-U0r6XvkDl0SYnoM51Hq7FhCGdLDT6zxCCOY1hexsQ-- <- @eslint-community/eslint-utils 4.9.1
+ nodelite-2-pits93r8PhnIoU4Vy9bjW39M2jJ6-tdHyja9rrot9uujkN7UTU9SDnE6WNJz-IGyQk3XHX6yNNtrBH6cQzm8Hw-- <- mdast-util-to-hast 12.3.0
+ nodelite-2-pj7nidLrb3Dz9llcUPh6N0Yv1dBYTS9xJqi8u0kI8D5sn72HJMB-fIOhcDQVXXAw-dpVolOAH9FOAbog5JDAMg-- <- @aws-sdk/credential-provider-node 3.952.0 (3.972.3 is available)
+ nodelite-2-pjy2bYhSsufwWlKwPc-l3cN7-wuJlK6uz0YdJEOlQDbl6jo-YlPi4mb8agUkVC8BF7V8NuzeyPNqRksA3hztKQ-- <- unpipe 1.0.0
+ nodelite-2-pjzuKtY64GYfWizNAJ0fr9VqttZkNiK2iS430LtIHzjBEr6bX8Am2zm4sW4Ro5wjWW5cAlRL1qAMTcXbjNAO2Q-- <- get-package-type 0.1.0
+ nodelite-2-pk2B1NWalF9toCRu6gjBzR69syFjP4Od8WRAX-0mmf9lAjCRicLOWc-ZrxZHx-0XRjotgkF9t6iaMJ-aXcOdZQ-- <- @types/istanbul-reports 3.0.4
+ nodelite-2-pkonvlKk8-ZuR0D5tLW8ljt5I8kmxp2XKymhepUeOdCEfKpZaktSArkLHZt76OB1ZvO9bssUsDty4SWhLvZpLg-- <- trim-repeated 1.0.0 (2.0.0 is available)
+ nodelite-2-plHiMNDh6-6wDIg5e3ObNvsO3e70NvqKdUkusppPxW8hsxQOkSYUrByjcqJa7ROKJFXupzJ4yFWG8n8zQwOUrg-- <- @udecode/plate-list 48.0.0
+ nodelite-2-pn6QacGLgvCcwc-syUhKE-qSjV2D1IHDB84RNxWYSt1mW3K-SCtjinZ2p0cETJxAWBjPy3K-1lHwG5BjjPxNlw-- <- @babel/plugin-bugfix-v8-static-class-fields-redefine-readonly 7.29.7 (8.0.1 is available)
+ nodelite-2-poHGpORABojJJucnV9KbOavETW8lBVnphkW77ER5-BQ5Fz7oXSoCNek7IH3vR5nRjdsEz926ibFYX8KtLQmdyw-- <- es-module-lexer 2.3.2
+ nodelite-2-poZa0eXpS--XpoQwGwl79UUdea4ol2ZuCYguVaJS4qzIOMDzbqz8a3erUCOmubSZkaOuGamb3tX790iwOIROww-- <- unist-util-position-from-estree 1.1.2 (2.0.0 is available)
+ nodelite-2-ppj9ouYku-RX0ljtgZd-KMO5mkM2bCqg8H2PYAFWnLsHEIKIdRojqbJ2i3eVHrisuxy7nOFCmngTDdWtUCdXUQ-- <- @babel/runtime-corejs3 7.29.7
+ nodelite-2-ppwTtiJZq0O-ai0z7yfudtBpWIoxM8yE6nHi1X47eFR2EWORqfbu6CnPlNsjeN683eT0qG6H-Pyf9fCcvjnnnQ-- <- npm-run-path 5.3.0 (6.0.0 is available)
+ nodelite-2-pq2bWo9mVD43nbts2wGv17XLiNLya-GklZ8kaDLV2Z08gDCsGpnKn9BFMepvWuHCbyVvY7J5o5-BVvoQbmlJLg-- <- regexpp 3.2.0
+ nodelite-2-psnPaa4ONaA6X9y9xsjLmJXH-2spySH-YQUz59S0cZUTWVbZaUFwLQyHkv8OzZFixKqs-eV3xnWl7nUxCCCIeg-- <- @leancloud/adapter-types 5.0.0
+ nodelite-2-ptGvkwTvGdGfC0hfhKg0MT-TRLRKGtUiWGBInxOm5pz7ssADezahjCUaYuZ8Dr-C05FW0AECIIPt4WBxVINEhA-- <- editions 2.3.1
+ nodelite-2-puq-Gf35oI24FeN11LkoUQFqv9uwNeWpxXZi-Ji3rRIoKAzKnxRaZ-Gkj0vKS9ZCiTESfng1N9LyOyXvo-m-Gg-- <- @babel/template 7.29.7 (8.0.0-beta.0 is available)
+ nodelite-2-pvcNpa0UU69UT341rO6AYy4FVAIkUHuZXRIWbq-zHnsVcRzDDjIAhGuuYoi0d--cwIwtt4pkpKycWEfjdV-vww-- <- bl 1.2.3 (6.1.4 is available)
+ nodelite-2-pxHCpT2ex-0q-HH91-zsdHkw-lXd468DIN2zvfvLtPKLLMo6gQj7oLObq8PhkrxOZb-gGCq03S3Z7PDhS8pduQ-- <- @emotion/babel-plugin 11.13.5
+ nodelite-2-pzJq12tEaaIhqjbzpCuv-OypJY-BPavOofm-dbab-MHLajy277-1lLm6JFcGgF5eskJ6mquGirhXY2GD-8u8Ug-- <- @radix-ui/react-visually-hidden 1.2.3 (1.2.4 is available)
+ nodelite-2-pzqtp31nLv-XFOzXGuvhCb8qhjmTVo5vjVk19XE4CRlSWz0KoeJ3bw9XsA7nOp9YBf4qHjwBxkDzKcME-J29Yg-- <- istanbul-lib-instrument 5.2.1 (6.0.3 is available)
+ nodelite-2-q-7VIQA8lmM1hF-jn-sFSPWGlMkSAeNYcPLmDQx2zzuiDfaLrOmumR8iaUKlenFgh0XRPIUeSPlH3A-AW3Z5pg-- <- renderkid 3.0.0
+ nodelite-2-q-JSVd1Lptzhf5bkYm4ob4iWPjx0KiRe3sRFBNrVqbJkFaBm5vbbowy1mymoPNLRa52-oadOhJ-K49wsSeSjTA-- <- space-separated-tokens 1.1.5 (2.0.2 is available)
+ nodelite-2-q-MB8nYR1KDLrgr4G5yemftpMC7-QLqVndBmEEdqzmNj5dcFOO4Oo8qlwZE3ULT3-Zim1F8Kq4cBnikNhlCMlg-- <- type-fest 0.6.0 (5.4.1 is available)
+ nodelite-2-q-mX6jhk3HrCo39G18MLhiC6f8zJnTA00f30RSuVUWsv45SQUm6r62oXVqrbAgMEybe0yx-GDRvfA6LvSolw6Q-- <- eslint-config-next 12.0.3 (15.4.11 is available)
+ nodelite-2-q-R5GrMek0vzgoomq6rm9OX-3PQve8sLwTirmK30YB3Cu0Bbt9OX9M-SIUnroN5BGJkzwGsFwDaRGD9EwBOlCA-- <- package-json 4.0.1 (8.1.1 is available)
+ nodelite-2-q1b3N5QkRUWUl7iyylaaj3kOpIT0N2i9MqIEQXP73GVsN9cw3fdx8X63cEmWhJGi2PPCF23Ijp7ktmd39rawIA-- <- rfdc 1.4.1
+ nodelite-2-q1mjIoW1VX4IvSocvM-vbTiveKC4k9eLrajNEuSsmjymSDEbpGddtpfOoN7YGAqBK3NG-uqo8ia4PDTt8buCYA-- <- @eslint/js 9.39.2
+ nodelite-2-q3WC4JfdODypvxArsJQROfupPBq9-lMwjKq7C33GhbFYJsufD0yd-ziwD-hJucLeWsnFPWZjsU2DNFqBPE7jwQ-- <- @babel/helper-create-class-features-plugin 7.28.5 (8.0.1 is available)
+ nodelite-2-q4DH1Ha4TTFPdxLsqDXK1d3-ioSL7yL5oCMJZgDYm6i-6CygW5E5xVr-D1HdsGxjt1ZWSfUAs9OxSB-BNelWrQ-- <- @jest/fake-timers 29.7.0 (30.2.0 is available)
+ nodelite-2-q5-jG-YQnSy4nRTV4F7lPepBJZ8qBNJJDBuJdoejDyLXgmL7IEo-Le2JDZudFTFt7mrCqIRaSjws4ygRCTCAXA-- <- coa 2.0.2
+ nodelite-2-q5W7tVM71e2xjHZTlgfTDoPF-SmqKG5hddq9SzR49CH2hayqRKJtQ4mtRlSxKaJlR--9rEM-mnBHf7I2-BQcpQ-- <- ts-dedent 2.2.0
+ nodelite-2-q617Auw3A612guyaFgsbFeYpNP5t2aoUNLwBUbc-0kD1R4t9ixDbyFTHd1nok4epoVFpr7PmeWHrhvuV3XaJ4g-- <- jest-docblock 29.7.0 (30.2.0 is available)
+ nodelite-2-q6nPLFCMTLtfsctAuS0Xh4vaolxSFUWUWR6PZSrXXiRy-SANGllpcqdXFv2z07l0Xz-6Hl40hK0ffNCJPH2n1A-- <- micromark-extension-frontmatter 0.2.2 (2.0.0 is available)
+ nodelite-2-q6tR3RPqIB1pMiTRMFcZwuG5T8vwp-vUvEG0vuI6B-Rikh5BfPp2fQ82c925FOs-b0lcFQ8CFrL-KbilfZFhOQ-- <- before-after-hook 4.0.0
+ nodelite-2-q7j5geK7xs3UJSdm9-iytUNclBnLmYx1EnSeCFXHPeutdqgIMeFeHtUZgS3EhlKxdBEAu8OwtJCwmLrEzpSs7Q-- <- @remix-run/router 1.23.4
+ nodelite-2-q7qL4Mgjs1vByCaTnDFcBnV9HS7GVPJX5vyVoCgZHNSC9rjwIlmbXG5sUuorR5ndfHAIlJ8pVStxvjXHbNvtUg-- <- @jsep-plugin/regex 1.0.4
+ nodelite-2-q7QNVDGTdl702bVFiI5eY4l-HkgCM6at9KhcFbgUAzezHFbOVy4-0O-lCjsABEQwbZPravVfBIiBVGo89yzHFg-- <- typedarray.prototype.slice 1.0.5
+ nodelite-2-q7UtlFicLhetp7K48ZgZiJgchYscMma7XjzX7t23bqEJF8m6-s-viXQEe4oHjrATTIZpX7RG8CKD7BlNZoh9gw-- <- rehype-highlight 6.0.0
+ nodelite-2-qAK-WrqWLNCP22UDdBTMPH5f41elVDlsNyat180A33dWxuUDyNpg6fPi-FyTZwRriVjg0L8gnjJn2F9XAoF0qw-- <- @changesets/should-skip-package 0.1.2
+ nodelite-2-qAZRvPzfdWHtfameEGP2Qvuf838NhergR35o-EuVyB5XvSA98xod5r4utvi4TJ3ywmevm290g9nsCG5MryrdWQ-- <- @ant-design/colors 6.0.0 (7.2.1 is available)
+ nodelite-2-qBkYTYCb76RRxUM6CcZA5KRu8K4SM8ajzVeUgVdMVO9NN9uI-GaVmBg-WKJJGnNokV9SY8FxNOVWGXzqzUidBg-- <- @babel/plugin-transform-parameters 7.27.7 (8.0.1 is available)
+ nodelite-2-qcJu88Q2IWqJsDD529JKMdwGm-dvInW4HvQnRwiH9JtihJvzGOscDtHE3x1pBKeUOTysQ8kVmLnJ2kJu7yhcGA-- <- picomatch 4.0.7
+ nodelite-2-qdUAz0ZZSrAFrBKxne7kUMWt2v-kncnpWwdDD7SGa7OCtcnWADl6lUUiL0r29gBMcoDtPXJijsjS-e-w9cVWuQ-- <- @antv/g-shader-components 2.0.0
+ nodelite-2-qE3Veg1YXzGHQhlA6jzebZN2qVf6NX-A7m7qlhCGG30dJixrAQhYOsJjsnBjJkCSmuOPpCk30145fr8FV0bzog-- <- detect-newline 4.0.1
+ nodelite-2-qeFIXtP4MSoi6NLqO12WfqARWWuCKi2Rn-9hJLEmtB5yTNr9DqFWkJRCf2qShWzPeAMRnOgCrq0sg-KLv5ES9w-- <- bcrypt-pbkdf 1.0.2
+ nodelite-2-qehxGkRj55h-ff8EMaJ-cYhyaKlHIxqYDn682wQD7RNp9UujOQsHog2uS0r2vzr4pW-sXf90NeeayjcNaX3fFg-- <- @babel/helper-validator-identifier 7.29.7 (8.0.4 is available)
+ nodelite-2-qF72kLmPxAw0oN2fwpWIqbXAVyEqUzDHMsbtPvOudIlUzXYFIeQIuxXQCRCFh22B7cixvU0MG7m3MW8FTq-S-A-- <- unist-util-generated 2.0.1
+ nodelite-2-qFOyK5PjiWZd-QQIh-1jhdb9LpxTF0qs7Pm8o5QHYZ0M3vKqSqzsZaEB6oWlxZ-q2sJBMI-Ktgd2N5ZwQoRHfg-- <- own-keys 1.0.1 (1.0.2 is available)
+ nodelite-2-qhsCR-Esx4U4hg-9I19OVUAJkGWtjRYHMRgUMZE2TDdj-Ag-kttZanLupfddNyglzz50cUlmWzUaI37GDfNx-g-- <- is-path-inside 1.0.1 (4.0.0 is available)
+ nodelite-2-qIBZhqxqI6fjLDYFTBIa4eivDMnP-OZqsNwmQ3xNLE4Cxwc-zfQEfbs6tzAo2Hjq-bh6q5F-Z8-cksrLFYWQQw-- <- micromark-extension-gfm-task-list-item 2.1.0
+ nodelite-2-qIj0G9wZbMGNLjLmg1PT6v2mE9AH2zlnADJD-2tC6E00hgmhUOfEB6greHPAfLRSufHqROIUTkw6E-M3lH0PTQ-- <- axobject-query 4.1.0
+ nodelite-2-qj-f8APARXHrM0hraqXYb2-bOVSV4PvJQlNZ-DVj0QrmNM2q2euizkeuVckQ57J-W0mRH6Hvi-k50M4Jul2VRQ-- <- config-chain 1.1.13
+ nodelite-2-qJj60CXt7IU1Ffyc3NJMjh6EkuCFej46zUqJ4J7pqYlThyd9bO0XBTmcOIhSzZJVWfsLks0-nle-j538YAW9RQ-- <- tar-stream 3.1.7 (3.2.1 is available)
+ nodelite-2-qkdCKzLNtrgPFP1Vo-98FRzJnBRGe4ffyCea9IwHB1fyxPOeNTHpLKYGd4Uk9xvNoH0ZoOjwZxNptyMwqrId1Q-- <- dompurify 3.3.1
+ nodelite-2-qLRZzP2-PqhE3OSwvY2jpBbP0WKTZ9opTsn-6IWYI0SKVpbG-imcfNxXPq9fj5XeaUTr7odpsNpK6dmoiM1gJQ-- <- @smithy/protocol-http 5.3.6 (5.3.8 is available)
+ nodelite-2-qMCMfhY040cVHT43K9BFygqYbUPFZKHOg7K73mtTWJRb8pyP3fzf4Ixd5SzdEJQ6MRUg-WBnOLxghZtKKurENQ-- <- slice-ansi 4.0.0 (7.1.2 is available)
+ nodelite-2-qMlSxKbpRlAridDExk92nSobyDdpPijUq2DW6oDnUqd0iOGxmQjyqhMIihI9-zv4LPyZdRje2cavWPbCbWm3eA-- <- @babel/helper-string-parser 7.27.1 (8.0.0-beta.4 is available)
+ nodelite-2-qNeq3bCKnGgLkEXUuFry6dPlGfCdQNZbn7yUAPCInwAJHMU7THJfrBSozkcWq5sNM6RcF3S8XyQL2A52KNR9IA-- <- @babel/plugin-bugfix-safari-class-field-initializer-scope 7.27.1 (8.0.1 is available)
+ nodelite-2-qNJ1gsuo7hH40vlXTVVrADm6pdg30bns-Mo7Nv1SxuXSM1bwF9b4xQ40a6EFT-L1cI-Yylbyi8MPI4G4y7XJzQ-- <- doctoc 2.2.1
+ nodelite-2-qnQ7gVMxGNxsiL4lEuJwe-To8UnK7fAnmbGEEH8RpLouuKbeEm0lhbQVFIrNSuB-G7tVrAlVsZgETT5nljf-Iw-- <- source-list-map 2.0.1
+ nodelite-2-qO4qCFjXqVTrcbPt-hQfhTQ-VhFsqNKOPtytgNKkKxSoEp3XPUQ8ObFuePylOIok5gjn69ry8XiULxCwot3Wfg-- <- path-case 3.0.4
+ nodelite-2-qOOzS1cBTWYF4BH8fVePDBOO9iptMnGUEZwNc-cMWnTV2nVLZ7VoNWEPHkYczZA0pdoA7dl6e7FL659nX9S2aw-- <- minipass 7.1.2 (7.1.3 is available)
+ nodelite-2-qoQprZvz5wQFJwMDqeseRXWv3rqMvhgpbXFfVyWhbx9X47POIA6i--dXefEmZKoAgOaTdaIgNSMqMIU61yRyzA-- <- @types/babel__core 7.20.5
+ nodelite-2-qP1vozQRI-BMOPcjFzrjXuQvdak2pHNUMZoeG2eRbiSqyvbEf-wQtEOTOX1guk6E3t36RkaqiSt8A-6YElNxLQ-- <- is-interactive 2.0.0
+ nodelite-2-qpCAvRl9stuOHveKsn7HncJRvv501qIacKzQlO--Lwxc9-0q2wLyv4Dfvt80-DPn2pqOBsJdDiogXGR9-OvwRw-- <- supports-color 7.2.0 (9.4.0 is available)
+ nodelite-2-qPuWvbLgvDGilKc5BoicRovlT4MtYT6JfJyBOMDsKoiT-GiuP5qyrPCnR9HcPECIJJmZh5jRndyNThnhhb-vlA-- <- parse5-htmlparser2-tree-adapter 6.0.1 (7.1.0 is available)
+ nodelite-2-qQ5m48eI-MFLQ5PxQj4PFaprjyCTLI37ElWMmNs0K8Lk3dVeOdNpB3ks8jc7yM5CDmVC73eMVk-trk3fgmrUpA-- <- @babel/types 7.28.5 (8.0.4 is available)
+ nodelite-2-qQbW94hLHEqCg7nhby4yRC7G2-jYHY4Rguc2bjw7Uug4GIJuu1tvf2uHaZv5Q8zdt-WKJ6qK1FOI6amaWUo5FA-- <- pidtree 0.3.1 (0.6.1 is available)
+ nodelite-2-qQKT4zQxXl8lLwBtHMWwaTcGfFOZviOJet3Oy-xmGk2gZH677CJM9EvtfdSkgWcATZhj-55JZ0rmy3myCT5lsA-- <- js-yaml 4.1.1 (5.4.1 is available)
+ nodelite-2-qrvXUkxBSAFomM3-OEMuDVwjh4wtqK8D2uDZPShzIqOylPst6gor2Cdp6-XrH4dyksAWq-bE2aSDYBTTnj0Rxg-- <- @smithy/util-middleware 4.2.6 (4.2.8 is available)
+ nodelite-2-qsda-H8jTaUaN-x5vzW2rzc-8Rw4TAQ-4KjB46IwK5VH-IlVeeeje-EoZRpiXvIqjFgK84QffqPztGI3VBLG1A-- <- leven 3.1.0 (4.0.0 is available)
+ nodelite-2-qSs4ifwzKJSV39ucNjsvc6WVHs6b7S03sOh2OcHF9UHfVPqWWALUsNUVzhSBiItjRZoLHx7nIarVjqKVusUZ1Q-- <- @babel/helper-validator-identifier 7.28.5 (8.0.4 is available)
+ nodelite-2-qSVyDTeMotdvQYoHWLNGwRFJHC-i-ZvdBRYosOFgC-Wg1vx4frN2-RG-NA7SYqqvKNLf39P2LSRA2pu6n0XYZA-- <- styled-jsx 5.1.6 (5.1.7 is available)
+ nodelite-2-qTxFi6Buiu8-50--3DGIWLHM6QuWsEKugJnnP6iv2Mc4ncxE4A-OJkjuVOA-5X0X1S-nq5VJRa8Lu-nwcvbrKA-- <- @types/prompts 2.4.9
+ nodelite-2-qUHkeCyQFxMXg79wQfTtfndEC-N9ZZg76HJftDJp-qH2tV7Gj4OJi7l-PiWwJ-pWtW8GwSmqsDj-oymhrTWXjg-- <- @types/yargs 17.0.35
+ nodelite-2-quJQXlTSUGL2LH9SUXo8VwsY4soanhgo6LNSm84E1LBcE8s3O0wpdiRzyR9z-ZZJMlMWv37qOOb9pdJlMUEKFQ-- <- ansi-regex 5.0.1 (6.3.0 is available)
+ nodelite-2-qUmqs4kj9a5yBnk3JMLyjtWYN6Mzfcx8uJfi5XAveBniDevmZasdGBba5b4QsvRcAkmvGo5ACmSUmyGiKTLZew-- <- micromark-factory-space 1.0.0 (2.0.1 is available)
+ nodelite-2-qV0OGGBVacduzQHE649JyCneOFI-maT-YKsO-K4Yi3xv2wTPNjM-W2o2gdzMwEAZz7fXNTHAe0NcSg30bIN69g-- <- @babel/plugin-transform-classes 7.29.7 (8.0.1 is available)
+ nodelite-2-qv8s-G47V6Hq-g2kRE5th-ASzzrL7b6l-tap1DHKK25ZQJv3yIFhH96XaQ7NGL-zRW3t-RDbweJf-dJDe5Z5KA-- <- current-script-polyfill 1.0.0
+ nodelite-2-qvwipnozMohxLXG1pOqoLiZKNkC4r4qqRucSoDwXowsNGDSULiqFTRUF05vcZWnwJSG22qTsynQhxbaMtnX9gw-- <- mem 5.1.1 (8.1.1 is available)
+ nodelite-2-qvZ608nBppZ4icQlhQQIAdc6S3Ffj9RGmzwUKUWuEICFnd1LVkN3EktF7ZHAgfcEdvZB5owU9tQgt99e2TlLjg-- <- mdast-util-gfm 2.0.2 (3.1.0 is available)
+ nodelite-2-qwHbBLV7WviBl0rQsOzH6o5lwyOIvwp-BdFnvVxXORldu5TmjFfjzBcWUWS5kWAZhmv-JtiDhSuQCp4sBfbIgg-- <- http-proxy-agent 2.1.0 (7.0.2 is available)
+ nodelite-2-qXdH7UqTvGfdVBINrgKhDsVTJTxactNNxLk7-UMwZhU13lMHaOBlJe9Vqp907ya56Y3-ed2tlqzys7jDkTmW0g-- <- @lezer/highlight 1.2.3
+ nodelite-2-qY60FjREgVZL03vJU6IfMV4GDjGBIoOyvuFdpBDIX9yTlDw0TjxVBQp-P8NvpdIXNJvfWBTNul7fsAQJq2FNpg-- <- html-to-text 9.0.5
+ nodelite-2-qYg9KP24dD5qka9J47d0aVky0N-b4fTU89LN9iDnjB5waksiC49rvMB0PrUJQGoTmH50XPiqOvAjDfaijGxYZw-- <- resolve-from 5.0.0
+ nodelite-2-r-H9MzAWtrv8aSVjPCMFpDMl5q66GqtmmRkRjpHTsp4zBAa-snZyiQNlMONiUmEJcsnaw0wCauJ2GWODr-aFkg-- <- real-require 0.1.0 (0.2.0 is available)
+ nodelite-2-r17GxjhUCjSRy8aiJpr8-UadFIzMzJGexI3Nmz4ADi9LYSFx4gTBp80-NaX-YsXWWLhpZ7v-v-ubEc-bCNfKwg-- <- des.js 1.1.0
+ nodelite-2-r3KHl22433DlN5BpLAlL4b3D8ItoGKAkj91YT6GhP39XuLoBT-YFd9ObKuL-okgiPb5lbwnW-71fM45hHceN9w-- <- slate 0.114.0
+ nodelite-2-r3vXyErRCYJ7wg28yvBY5VSoAF8ZvlcW9-BwUzEtUsjvX-DKs24dIkuwjtuprwJJHsbyUbLApepYTR1BN4uHrg-- <- yaml 1.10.2 (2.9.0 is available)
+ nodelite-2-r46gZQZQV-Kl9oItvl1JZZqJKGr-oEkB08A6BzkiR7593-7IbtuncXHd2YoYeTsG4157ZssMu9KYvUHLcjcDoA-- <- spdy 4.0.2
+ nodelite-2-r4ESw-IlusD17lgQi1O20Fa3qNnsckR126TdUuBgAu7GBYSIPvdNyONd3Zrxh0xCwA4-6w-TDArBPsMvhur-KQ-- <- crypto-browserify 3.12.1
+ nodelite-2-r65nCZhrbXXb6dXOACihYApHw2Q6pV0M3V0PSxd74N0-D8nzAdEAITq2oAjA1jVnKI-tGvEBUpqiMh0-rW6zDQ-- <- mute-stream 0.0.7 (3.0.0 is available)
+ nodelite-2-r6lPcBGxZXlIcymEu7InxDMhdW0KDxpLgoFLcguasxCaJ-SOIZwINatK9KY-tf-ZrlywOKU0UDj3ATXUBfxJXA-- <- wrap-ansi 6.2.0 (9.0.2 is available)
+ nodelite-2-r7qlzkgErKjobAmyNIkkSpizsFPYiUPuJb5pNW1RB4JcYVZhs4lIbVqk8XPk033CV-1z8ss5pkax8SuhGpcG8g-- <- vfile 5.3.7 (6.0.3 is available)
+ nodelite-2-r85E3NdZ-mpYk1C6RjPFEMSE-s1iZMuHtsHAqY0DT3jZczl0diWUZ8g6oU7h0M9cD2EL-PzaYghhCLzR0ZNn5Q-- <- meow 8.1.2 (9.0.0 is available)
+ nodelite-2-r8aOh8j9cGKpgQAqpzrUHnSIc6a59Y3Xf-cv8sy1DrHCkZHzQGEuoq1tARk6qSyDdtQGSDgpb9kFlruzPvrgwg-- <- axios 1.20.0
+ nodelite-2-r8hpEjiQEYlF2QU0df3dS-nxxSIreXQS1qRhMJM0Q5NDdR386C7jb7Hwwod8Fgiuex-k0GFjgft18yvxm5XoCQ-- <- glob 8.1.0 (9.3.5 is available)
+ nodelite-2-r8j8escF-U2FUHo0KOhPUdMzUO-jp9fInva6-ACVAF3Y97Ev-5iNZwiqTghmzNeWwDkOPlYuTcfb1vDaoZKmAQ-- <- @babel/plugin-bugfix-safari-class-field-initializer-scope 7.29.7 (8.0.1 is available)
+ nodelite-2-r8Tayk8HJnX0FztbZN7oVqGccWgw98T-0neJphO91KkmOzug1KkofZURD4UaD5uH8AqcFLfdPErnBod0u71-qg-- <- @types/http-errors 2.0.5
+ nodelite-2-r9oV1mwxxsIGcLV1IQ-tw76MW3doatKze1QFWuC-a7QqJUkhY-bKTSVk6NpKKUGm2LDsE33Va8VqSClfA7vSiQ-- <- @swc/core-linux-x64-musl 1.16.1
+ nodelite-2-raqeBD6NQK4SkWhQzeYKd1KmIG6dllBOTt55Rmkt4HtI9mwdWtJljnrXjAFUBLTSN67HWrOIZ3EPF4kjUw80Bg-- <- undici 5.29.0 (8.10.1 is available)
+ nodelite-2-rBJeI5CXAlmy1pV-617WB9J63U6XcazHHF2f2dbJix4XzpUF0RS3Zbj0FGIOCAva5P-d-GBOYaACQ1w-0azUkg-- <- universalify 0.1.2 (2.0.1 is available)
+ nodelite-2-rBMvIzlpA8v6E-SJZoo--HAYqsLrkg7MSfIinMPFhmkorw7X-dOXVJQs-QT69zGkzMyfDnIMN2Wid1-NbL3T-A-- <- define-data-property 1.1.4
+ nodelite-2-rbxcsg3HhzlcMHVHWDuh9LCjpOVAgqbV78wLGI8tziXY3-qcMQ61qVXIvNKQFuhj75dSfD-o-PYZQ-NUk2A23A-- <- @dnd-kit/modifiers 6.0.1 (9.0.0 is available)
+ nodelite-2-rddelWYNPRrXq6PtNEN2S3f6t9ILzvqaN5pVgi4kqt9jHQaXIial9PznB5iSPVlQSLNaaH22ItWz3EJtQ10-OA-- <- chardet 2.2.0
+ nodelite-2-rDLZYx0zhB0pp8s8gCzoQMUqcpKf74RSD2D--mw4Z3wCiLbOYbVcK8UptiZZHGNKw3pFrXmlReDdhhdQITg8gg-- <- mongodb-level 0.0.3 (0.0.4 is available)
+ nodelite-2-rdVMIi7Q4B0XbXqNUEI-Z4E-pueiu-CS5E6vRCQommzdQ-sgsS4dK42U7GX8oJR-TJOtT-Qv3GkNo6iijUMp3Q-- <- postcss-prefix-selector 1.16.0
+ nodelite-2-rebQ-lz7i0EkoLzUVSrKRzA69zMkwLp95kKMWoMDkkM00Suxz0D7zEQPwRml5fQum24mj7bPvmlgLAmu2JCiYg-- <- node-abi 3.96.0
+ nodelite-2-resueRJzmHG9Q6rI-DfK6Kdv9-Lfls05vzMs1Sk3M2P-3cJa-MakaZyWY8IPfehVuhPJFKrIY1IK4GqbiaiY5w-- <- rc-util 5.44.4
+ nodelite-2-rEvr90Bck4WZt9HHFC4DJMsjvu7x-r6bImz0-BrbWb7A2djJ8hnZMrWnHo9F8ssv0OMErasDhftrfROTyqSDrw-- <- which-typed-array 1.1.19
+ nodelite-2-reYkTUJAZb9gUuZ2RvVCNhVHdg62RHnJ7WJl8ftMi4diZ6NWlciOzQN88pUhSELEwflJht4oQDv0F0BMlwaYtA-- <- detect-indent 6.1.0 (7.0.2 is available)
+ nodelite-2-rfT93uj5s0PRL7EzccGMs3brplhcrghnDoV26NqKhCAS1hVo-WdNsPvE-yb6ilfr5hi2MEk6d5EWJTKdxg8jVw-- <- @types/aria-query 5.0.4
+ nodelite-2-riBm7qDJzx-fpQGPXT6iFE8RTTTujCpMkbQ8KIR625-kFjJyTMD7FtWhrkw8fu5rDTtiz7vg30yMbrMKUpDCtw-- <- @udecode/plate-horizontal-rule 48.0.0
+ nodelite-2-riJjyv1-mHLIPX4RwiK-oW9-4c3TEUeORHKefKAKnZ5kyslbN-HXowtbaVEqt4IMUB7OXlfixcs6gsFeo-jhiQ-- <- bare-events 2.8.2 (2.9.2 is available)
+ nodelite-2-rJgTQnkUnH1sFw8yT6VSU3zD3sWmu6sZhIseY8VX-GRu3P6F7Fu-JNDoXfklElbLJSnc3FUQHVe4cU5hj-BcUg-- <- object-assign 4.1.1
+ nodelite-2-rKQcJ-o1nKNgeoYRHKOS07tAMNd3YSN0uHaJOZYjBAgxfV7TUE7JE-z4BzZdQwb5hKaYbayKN5KrYV7ODb2rAA-- <- @changesets/types 6.1.0
+ nodelite-2-rKtvo6a868b5Hu3heneU-L4yEQ4jYKLtjpnPeUdK7h0yzXGmyBTypknlkCvHFBqfX9YlorEiMM6Dnq-5atfHkw-- <- import-lazy 4.0.0
+ nodelite-2-rkWRY1MPFzjwnEVHsxGemDzqqddw2QbTJlICPD9p9I9LfsO8fdmfQPOX3uKfUaGRDFJbfrtm-sXhVXN4E-bzCA-- <- @typescript-eslint/typescript-estree 4.33.0 (8.8.0 is available)
+ nodelite-2-rNjApaLzuwaOTjCiT8lSDdGN1APCiqkChLMJxJPWLunPAt5fy8xgU9-jNOchV84wfIxrA0lRQB7oCT8jrn-wrQ-- <- chrome-trace-event 1.0.4
+ nodelite-2-rO73L89PJxeYM3s3pPPjiPgVVcymqU490g0YO5n5By0k2Erzj6tay-4lr1CHAAU4JyOWd1rpQ8bCf6cZfHU96A-- <- @types/sax 1.2.7
+ nodelite-2-rp-ezSWaD1m44dPKICGhiskI13nVr7qTloFwDa-IYkhhf5nzwP-zIQcIJh3WIFSBOy-H1PzB40jPjMDksN4F-g-- <- @types/hast 3.0.5
+ nodelite-2-rp3So07KcdmmKbGvgaNxQSJr7bGVSVk5S9Eq1F-ppbRo70-YeaDxkw5Dd8NPN-GD6bjnYm2VuPuCXmpuYvmCXQ-- <- safe-buffer 5.2.1
+ nodelite-2-rpJyN222KWIvHJ-F53XSZv0Zl-accqHR8et1kpaMTD-fLCRxtV8iX8czMzY7sVZupTI3zcUTg8eycS2kNF9l6w-- <- warning 4.0.3
+ nodelite-2-rq9s-JNhf0IChjtDXxllJ7g41oZk5SlXtp0LHwyA5cejwn7vKmKp4pPri6YEePv2PU65sAsegbXtIinmDFDXgQ-- <- acorn-jsx 5.3.2
+ nodelite-2-rRqJg-6gd538VHvR3PSrdRBb-1Vy2YfzHqzvbhGIQpDRKIa4FgV-54b5Q1xYSxOOwKvjXweS26E0Q-nAMwp2pQ-- <- enquirer 2.4.1
+ nodelite-2-rSDcqdJ9KbVyjpBIuCidhvZNIiVt1XaIYp73ycVQRIA5n-j6wQaEk0ChRLMUQ1vkxZe51PTQ9OIhbg6HQMW45A-- <- @changesets/assemble-release-plan 6.0.10
+ nodelite-2-rSqmMJDdLFUsyxR6FMtD00nfQKKLFb1kv-qBbOVKqErvloEIJLo5bDTJTQNTYgeyp78JsA7u-NPi5jT1GR-MuA-- <- @humanwhocodes/gitignore-to-minimatch 1.0.2
+ nodelite-2-rTHRAwvpHWC5PGZF-mJ2ZuTDqwwvVBDRph0Uu5PV9BXwzV7K8-9lsqGJ-XHVLxe8c6bKog5nlzvV-dcYb0d5Ow-- <- @antv/scale 0.5.2
+ nodelite-2-rtjk5ifyMzOna1c7PBu7J1VCt0PvA5wy3o8eMVnxMKb7z8KA7JFecvD04dSn14vj-bBaAbqRsGed5OjtofEnLA-- <- @codemirror/language 6.0.0 (6.4.0 is available)
+ nodelite-2-rtmc-cjLZqnu9dSYosX9EWmSJhTwpACgJQTfj4hgg2JjOD-6SIQalZrt4a3aQeh--oNxkazcaxrhPUj6-g5G-Q-- <- expand-tilde 1.2.2 (2.0.2 is available)
+ nodelite-2-ruPMNRkN3MHP1cWJc9OWr-T-xDP0jhXYCLfJcBuX54hhfIBnaQmAUMfDcG4DM5UMWByBbJY69QSphm3jtDKIkA-- <- pump 2.0.1 (3.0.4 is available)
+ nodelite-2-ruw5xyKs6lrpo9x9rCZqZZnIUntICjQAd0Wsmp396Ul9lN-h-ifgVV1x1gZHi8euej6wTfpqX8j-BFQxF0NS-g-- <- parse5-htmlparser2-tree-adapter 7.1.0
+ nodelite-2-rV0YSoyhK2nZ4vEswT-QwqzqQXw5I6CjoaYMOX0TqBlWhojUf8P94mvI7nuJTeaCkkds3QE4-zS8Ko-GdXuZtA-- <- @unrs/resolver-binding-linux-x64-musl 1.11.1
+ nodelite-2-rVksvsnNCdJ-ohGc6xgPwyN8eheCxsiLM8mxuE-t-mOVqJewPuO1miLpTHQiRgTKCLexL4MeAFVagts7HmNZ2Q-- <- yocto-queue 0.1.0 (1.2.2 is available)
+ nodelite-2-rVprimfGBG3DR-Tq0IQG2DT5PxKth1WIGDmj5yPmlzr4YBe7uyE-Du4oVqTDXZSHGGGXRtTJEGSSePyQCMBglQ-- <- react-dom 19.2.8
+ nodelite-2-rvuRbTarPXmMb79SmzEp8aqXNKcK-y0XaB298IXueQ8I2PsrATcPBCSPyK-dDNa2iWOhKlfNnOjdAOTBU-nkFA-- <- trough 1.0.5 (2.2.0 is available)
+ nodelite-2-rWCD3gyqkMxim5xHoe5J6AL-vmaEVeoBKs7Gr2gXV7iVlNppJXSog9Yr8fm-5GAx-9BFq-ebx-UCXWFdcfAgFA-- <- dumi 2.4.17
+ nodelite-2-rwG-ja1neyLqCuGZ5YYrznA62D4mZXg0i1cIskIUKSiqF3Cje9-wXAls9B9s1Wa2fomMsIv8czB8jZcPmxCXFg-- <- array.prototype.flat 1.3.3
+ nodelite-2-rx-x8AMzKb5Q5lQ95Zoi6ZbJqwCLkqi3XuJXp5P3rT8OEc6sZCJG5AE5dU3lsgRr-F4Bs31jSlVN-j5KrsGu9A-- <- safe-regex 2.1.1
+ nodelite-2-rXSP0bf-5n0Qonsb-SVVfNfIsimO4HEtmnIpPHY8Q1UCzKlQrDMfdobr8nJOOsRgWCyMRqeSBQzmWUMq7zvVig-- <- dezalgo 1.0.4
+ nodelite-2-ry4b1Llo-9zz-PKC-030KUnPITTJAHeOwjfAyyB60eT0AorGLdzp52s31OsPRHRf8NchkgFoG2y6fCfn1IV1Ow-- <- postcss-clamp 4.1.0
+ nodelite-2-ryFAZOX5P2vFkUdzaAtTG88IGnr9qxSdvLRvJySXcUA4B4xVWurUNADu3AnKPksxOZajljqTrDEDcYjeL4lvLw-- <- @loadable/component 5.15.2
+ nodelite-2-rytDAoiXr3-t6OIP3WGlDd0ouCUG1iCWzkcY3--Nreuoi17y6T5i-zRhe6uYfoVcxq6YU-sBtJouuRDsq8vvqA-- <- preact 10.28.0
+ nodelite-2-rZHcgBkbYavBeD9ej6sP56XfG53d51CD4dnaw989YX-nZ-ZJfgRx-9ePKmTNiUiyQvh4mtrMoS3OAWW-yoYtpg-- <- debounce-promise 3.1.2
+ nodelite-2-rZQI7wHfao8qMX3Rd3xqeYSMCL3SoiSQLBATSiVKARdFGCYSRvmViieZjqc58jKgs8Y8i9YvVVhRbHSTA4VBag-- <- @typescript-eslint/type-utils 6.21.0 (8.8.0 is available)
+ nodelite-2-rzS0heiNf8Xn7-mpdSVVSMAWAoy9bfb1WOTYC78Z0UQKeKa-CWS8FOq0lKGNa8DWKAn9gxjCvMLYc5PGXYlK2A-- <- tar-stream 1.6.2 (3.2.1 is available)
+ nodelite-2-rzUyPU-S7rwUflMyLc1ETDeBj0NRuHKKAcvukozwhshr6g6c5d8zh4c2gQjY2bZ0dXeGLWc1PF174P2tVvKhfg-- <- d3-dispatch 3.0.1
+ nodelite-2-rZZVSLle8v0-EY8QAkDWrKhpgt6SA5OtHsgBnsj6ZaLb5dmDVOWUDtQitd9ydxxvEjhewNudS6eTVU7uOyzvXw-- <- css-select 6.0.0
+ nodelite-2-s-HrzLyJBxrpGTYXF15dTgMjAJpEPZT-Yp6NytAtZMRngejxt6Pt5WrfFxLAcsqUDU6sY1Jz6tyHwIicE1U2Xg-- <- react-copy-to-clipboard 5.1.1
+ nodelite-2-s-snB-WGm6uwi0WjsZdaVcuf3KJXlfGl2LcxgwkEwJF0D-BWzVWAZW-XY4bFaiR7s0Jk3FPvlnepg1H1b1UwlA-- <- nanoid 2.1.11 (5.1.6 is available)
+ nodelite-2-s1OmorQNaRHmGR58JGP6HcnR9C4YB7JSVOaazp4vl24Va376MNPNuxV5E7wG9xdhAca-862uOFCJNSBjNvgD1w-- <- @udecode/plate-slash-command 48.0.0
+ nodelite-2-s3jaWicZd0pkP0jf5ysyHUI-RE7MHos6qlToFcGWXVp-ykHOy77OUMrfbgJ9it2C5bow7OIQwYYaHjk9XlBQ2A-- <- @braintree/sanitize-url 6.0.4 (7.1.1 is available)
+ nodelite-2-s3U5ChS21DwU54kMmZ0UJumoS5cg0-rGVZvN6f5Lp6EbAVi0ZyP-qDSHdewfmXKUgNK1j3z45JyzulkDukrjAA-- <- @smithy/config-resolver 4.4.4 (4.4.6 is available)
+ nodelite-2-s4VSOf6yN0rvbRZGxs8Om5CWj6seneMwK3oDb4lWDH0UPhWcxwOWw5-qk24bxq87szX1ydrwylIOp2uG1ojUpA-- <- raw-body 2.5.3 (3.0.2 is available)
+ nodelite-2-s6tfsaQaQi3JNciBH6shVqEDvhGut0SUXr31ag8Pd8BBbVVlcGfWhpPmEOoM6RJ5TFhbypvf5yyRw-VXW1IiWg-- <- is-ci 1.2.1 (3.0.1 is available)
+ nodelite-2-s8PrFFQZxur63NFeuQQF-ta9Lbs4CXLZQFZbqcjiuRdMUNEfj0c7-pINTRlzQld8NxdH4MZ6mvKMEFVZHFqE8Q-- <- @umijs/utils 4.7.13
+ nodelite-2-s8UhlNe7vPKomQhC1qFelMokr-Sc3AgNbso3n74mVPA5LTZwkB9NlXf4XPamLxJE8h0gh73rM94xvwRT2CVInw-- <- make-error 1.3.6
+ nodelite-2-s9whTXInMSgAp-NVXVNuVxVKzGH2qck3aQlVHxDCdAEPgtMKwc4Wq6-QKhgdEdgbLSi9rBTAcPoRa6JpiG4ksg-- <- cose-base 1.0.3 (2.2.0 is available)
+ nodelite-2-saaqOoVEEFaux4v0K8Q7caiauRwjXC4XbD2eH60dxHXbpKxQ8kH9Rf7Jh-nryKpOUSEFxtCdBlSUx0-lO6rwRg-- <- systeminformation 5.27.7 (5.33.8 is available)
+ nodelite-2-saE57nupxk6v3HY35-jzBwYa0rKSy0XR8JSxZPwgLr7ys0IBzhGviA1-TUGJLmSVqs8pb9AnvICXEuOHLprYTw-- <- whatwg-url 5.0.0 (8.7.0 is available)
+ nodelite-2-saHYOzhIQs6wy2sVxTM6bUDsQO4F50V9RQ22qBpEdCW-I--Wmke2HOl6lS6dTpdxVhb88-I6-Hs-438c3lfUow-- <- classnames 2.5.1
+ nodelite-2-salcGninV0nPrwpGNn4VTXBb1SOuXQBiqbrNXoeizJsHrsL6ERFM2Ne3JUSBWRE6aeNJI2ROP-WEEIDUiDe3cg-- <- agent-base 4.3.0 (7.1.4 is available)
+ nodelite-2-sBkD-Xi9DtcChsI3L3u0-N0opgPYnCRPtGcQYrgXmR-hmt-fYfWAL0xRXYU8eWOdfuLgBe0YCW3AFtnRLagq-g-- <- jest-matcher-utils 29.7.0 (30.2.0 is available)
+ nodelite-2-sbtvk8wDN-JvEdabmZExoW-HNr1cB7D-j4LT08rMiuikfA7m-JNJg7ATQcgzs34zHnoScDkY0ZRSl29Fkmk36g-- <- @types/yargs 16.0.11 (17.0.35 is available)
+ nodelite-2-scB3nz4WmG75pV8-3eRUQOHZlNSUhFNq37xnpgRkCCELU3XMvXAxLk1eqWWyE22Ki4Q01Fnsw9BA3cJHDPgn2Q-- <- eslint-plugin-jsx-a11y 6.10.2
+ nodelite-2-scLk3cSH1H9KggSniseb2KNAU5D9FWc3H7BxCSAIdtU9OWIyw0zkEZ9qEKHryRM-SExYXRKNb7tOOVNAsQ3iwg-- <- @stylelint/postcss-css-in-js 0.37.3
+ nodelite-2-sd-Q65fjlWCYWtZKXiKfrUc8d-4jtp-8f0W2NkwzLtoW4bI6UDnWusLWIurHnmurW0XShIRxpwiOX4EoPtXUAg-- <- browserify-sign 4.2.6
+ nodelite-2-sDOLlVbHhXpAUAL0YHDUUwDZf3iN4Bwi4W6a0W0b-QcAezUbRtH4FVb-9J4h-XFPW7l-gQ9F8qC7P-Ec4k8QVQ-- <- @types/crypto-js 4.2.2
+ nodelite-2-sdQSFB7-llfUcQHUQO3-B8ERRj0Oa4w9POWMI-puGtuf7gFywGmkaLCElnudfTiKZV-NvHqL0ifzdrI8Ro7ESA-- <- damerau-levenshtein 1.0.8
+ nodelite-2-sDvqVY4itsKwwSMEe0jtKgfTh-72Sy3gPmQpjqcQneqQ4PFmr-1I0YA-2-puilhggCe2gJcx5EBAYFkWkdpa5g-- <- @radix-ui/react-separator 1.1.8
+ nodelite-2-seS2Tj26TBVOC2NIc2rOe2y2ZO7efxITtLZcGSOnHHNOQ7CkiUBfw0Iw2ck6xkIhPwLhKNLS8BO-hEpngQlqzw-- <- resolve-pkg-maps 1.0.0
+ nodelite-2-sf4i37nQ2LBx4m3wB74y-ubopq6W-dIzXg0FDGjsYnZHVa1Da8FH853wlL2gtUhg-xJXjfk3kUZS3BRoQeoQBQ-- <- totalist 3.0.1
+ nodelite-2-sFEgRRtrcDl2FxVP58Ze--ZK2UQAEvtvvH8rRlig1Ja3o7dDaMHmaBfvJmdGnNEFaLTpQsN8dpvZaTqJSu-Ugw-- <- typedoc 0.26.11 (0.28.14 is available)
+ nodelite-2-sfiVT-u1in19sxo9vv-SDQVbHE2mADScNrpeVsUxBFl14zOMZnfPb6l4hR-lXqe10G13UFVqv5pt8zDbCR4JYQ-- <- rehype-remove-comments 5.0.0
+ nodelite-2-sGnvb5dmrJaKEZ-LDIpguvdX3bDlEllmv4-ClQ9awcmCZrlx5jQyyMWFM5kBI-EyNOCDDiKk8il0zeuX3Zlg-w-- <- @floating-ui/core 1.7.3
+ nodelite-2-sgObCfcfL7BzIK76SS5TnQtc3yo2Oifp-yIpfv6fMfeBOiBJkDWF3A2y9-yqnmJ4JKc2C-nMjSjmgDeTwgN1rQ-- <- next-auth 4.24.13 (5.0.0-beta.25 is available)
+ nodelite-2-shaGl4ttFDpHjYBoMaZpciOtsi-lKvJ3VfcBYk6-PjjbFs6H5GxPAyhbiSqy3Vmx30aos284pd88QzD3rE6iag-- <- @sketch-hq/sketch-file-format-ts 6.5.0
+ nodelite-2-shrVawQFojnZv6xM40anx4CkoDP-fZsw-ZerEMsW-pyzsRbElpsL-DBVW7q3ExxwusdNXI3lXpuhEZkzs8p5Eg-- <- color-string 1.9.1 (2.1.2 is available)
+ nodelite-2-shx7oQ0Awen-BRIdkjkvz54PnEEI-EjwXDSIZp86-KKdbafHh1Df-RYGBhn4hbe2-uKC9FnT5UCEdyPz3ai9hQ-- <- character-entities 2.0.2
+ nodelite-2-si7QWI6zUMq56bESFvagtmzMdGOtoxfR-Sez11Mobfc7tm-VkUckk9bW2UeffTGVUbOksxmSw0AA2gs8g71NCQ-- <- wrap-ansi 8.1.0 (9.0.2 is available)
+ nodelite-2-sI81d3FYRv5sXamUc-M5CsHZ9CchuUQgOAPzo5H4oPAVL5h-mkYGRsBzPsxQX7khTNpWjrAtPoRm5ipx3vvWog-- <- @ant-design/pro-table 3.21.0
+ nodelite-2-sisY2Ln1fj43KBkRtXkesnRHYNdswIkIibvNe-0UKm2GZxjMbqmccpiatoKr-k2qX5VKiLU8xm-tz-74LAho4g-- <- seq 0.3.5
+ nodelite-2-sJ902EfIzn1Fa-qYmjdQqh8tPsoxyBz-8yBKC2HKUxyezKJFwPGOn7pv4WY6QuQW--ySQi5lJjA-ZT9sNWWNTg-- <- @swc/helpers 0.5.1 (0.5.7 is available)
+ nodelite-2-sK3ojFP-jpj1n7Zo5ZKvoxP1MvLyzVG63-gm40Z-qI00avzdPCYxt7RBMgofwAva9gBjbDBWVRB-i-UD-fUCzQ-- <- mdast-util-directive 2.2.4 (3.1.0 is available)
+ nodelite-2-skbBzPggOVYCbnGgV-0dmBdW-s77ZkAOXIC1knS8NagwDjBrNC1LuXtQJeiN6l-m7lzmHtaoUw-ctJKdqkG57Q-- <- @cypress/xvfb 1.2.4
+ nodelite-2-sKJf1-ceQBr4SMkvQnBDNDtf4TXpVhVGateu0t918bl30FnbE2m4vNLX-VWe-dpjlb-HugGYzW7uQXH98HPEYw-- <- has-flag 3.0.0 (4.0.0 is available)
+ nodelite-2-sKq-9r1Mm4efXW1FCk7hFSeJo4QKreL-tTbR0rz-qx-r1Oa2VV83LTA-H-MuCOX7uCIJmQVRKBcbmWoySjAnSg-- <- @octokit/types 16.0.0
+ nodelite-2-sKzpEkf11GpOFuw0Zzjzmt4B4UZwjOcG757PPvrfhxcLFbq0wpsgpOqxpxtxFiCG4DtG93M6XRVbF2oGdev7bg-- <- global-modules 1.0.0 (2.0.0 is available)
+ nodelite-2-sLONn1odmE0Wkbse8pol4WiaEzBV8JU5s3FAMflPpycfUcbSaa1ktXzQ7LCo2SAvOS7gkfmpFjBPtrfbigKh4g-- <- @ant-design/pro-card 2.10.0
+ nodelite-2-sLsyndxK2VwX6yNUOakMb7Sh553ZTe-vVM1XJ-9Z5aW1ytsc8xOIwmyk05NNjN60vkc5-KqoTH6hB4V41LJhng-- <- @babel/plugin-transform-optional-catch-binding 7.29.7 (8.0.1 is available)
+ nodelite-2-snKqtPW01tN0ui7yu9rGv69aJXr-a-Ywvl11sUjNtEcRc-ng-mQriFL0wLXMef74iHa-EkftbDzU9F8iFbH-zg-- <- @emotion/weak-memoize 0.4.0
+ nodelite-2-sNxgpk9793nzSs7bA6JQJGeIuRBQhAaNGG77kzYQgMkrID-lS6SlK07K5LaptscDlSaIgH-GPFzf-d75FVxozA-- <- is-what 3.14.1 (5.5.0 is available)
+ nodelite-2-sNXOfKCn74rt8RICKMvJS7XKV-Xk9kA7DyJr8mJik3S7Cwgy3qlkkmyS2uQB3jiJg6VNdZd-pDBJu0nvG2NlTg-- <- eslint-scope 8.4.0 (9.1.2 is available)
+ nodelite-2-soFhflCVWLfRNOPU3iv5Z9VUdT44xFRbzjLsEzSr5AQmgqPMTHdU3PMT1Cf1ssx8fLNJDA1juftYl-PUcv3MqA-- <- icss-utils 5.1.0
+ nodelite-2-sPhkz0ARKbf4rRQt2hTpAHqn47X3llLkUGn-xEJzLjwY8LRs2p0v7ljvI5EyoRO-mexrNunNECisZs-gw2zz1w-- <- browserify-cipher 1.0.1
+ nodelite-2-sPRAnw9CdSsRmEtnsl2WXWdyquogVpB3yZ3dgwJfe8zrOzTsV7cJvmwrKVa-0ma5BoiGJ-BoqkMvawbayKUsqQ-- <- @esbuild-kit/core-utils 3.3.2
+ nodelite-2-sPU4uV7dYlvtWJxwwxHD0PuihVNiE7TyAbQ5SWxDCB9mUYvOgroQOwYQQOKPJ8CIbE-1ETVlOoK1UC2nU3gYvg-- <- mime-db 1.52.0 (1.54.0 is available)
+ nodelite-2-sPZmqHBe6JIiTfN5q2pEi--TwxmAFHwj-XEuYjTuse78i8KxaqMTTzxPoFKuzRpDpTJ-0NAbpfenkmH2rePtuw-- <- es-get-iterator 1.1.3
+ nodelite-2-sQA-jCb9kNt-neM0anSj6eZhLZUIhQgwDt7cPGjumgLM4rXsfb9kpnlacmvZz3Q5tb80nS-oG-if-NBKrHC-Xw-- <- jest-haste-map 30.2.0
+ nodelite-2-sqpDWlsHn7Ac9GNZQMeUzPQSMzR6Wv0WKRNvQRg0KqHh02fpTz69Qc1QSseNX29bhz1ROIyNyxExfawVKTm1GQ-- <- mdast-util-gfm-footnote 2.1.0
+ nodelite-2-sqQamAnR14VgCr1A618A3sGrygcpK-HEbenA-HiEAkkUwcZIIB-tgWqHFxWgOyDh4nB4JCRimh79dR5Ywc9MDQ-- <- error-ex 1.3.4
+ nodelite-2-sr5k3Lx2yuyvTIFPn9x5-hxvvAObrct32pR-m0d4h4Ueq-mkQBkfmORSodjObiFhJe7UlLhvWCdEhfIPK7h9Hw-- <- @udecode/plate-block-quote 48.0.0
+ nodelite-2-sReKOYJIJf74dhJONhU4e0-shzi1trVbSWDOhKYE5XV2O-H7Sb2Dihwuc7xWxVl-DgFPyTqIN3zMfT9cq5iWDg-- <- lodash.upperfirst 4.3.1
+ nodelite-2-sRu1kpcO9yLtYxBKvqfTeh9KzZEwO3STyX1HT-4CaDzC6HpTGYhIhPIzj9XuKU7KYDwnaeh5hcOwjy1QuJzBPA-- <- ajv 8.12.0
+ nodelite-2-ssE3Vlrys7sdIzs5LOxCzTVMsU7i9oa-IaW92wF32JFb3CVczqOkru2xspuKczHEbG3nvmPY7IFqVmGGHdNbYw-- <- @types/lru-cache 5.1.1
+ nodelite-2-ssuCW0QL1ZB7MjOL0F5o06uy6qreaRsiA8EIGl5rfQstoWrQeKWEtI0yh7dIxvN--Zz0GLFY9IdbSj8GUuY4Kg-- <- domparser-linux-x64-musl 0.0.7
+ nodelite-2-sSuxWU5j5SR9QQji-o2qMvqRNYRDOcBTgsJ-DeCf4iSN4gW-gNMXM7wFIP-fdXZxoNiAnHUTGjCr-TSWXdRDKg-- <- diff 8.0.2 (9.0.0 is available)
+ nodelite-2-sTGoeZnjI8N4KS-sW2AN95gDBErhAguvkw-tWdCjeM8bvxpz5lqrnd0vOJABA1A-Ic3zED7PYoLP-RANLgVotA-- <- @mole-inc/bin-wrapper 8.0.1
+ nodelite-2-sTSfBjoXBp89JvIKIefqw7U2CCebsc74kiY6awiGogKtoSGbgjYE-G--l9sF3MWFPNc9IcoOC4ODfKHfxFmp0g-- <- get-proto 1.0.1
+ nodelite-2-sV7olZNd4RTmqUyfk0FARqy8WRVsqCkgQtuO-P1GkP5oURcqx0VvGqktnByw2zFV63qX5Fa3vdoH4xheahYzKQ-- <- posthog-node 5.17.3
+ nodelite-2-svTf-fzsKHffP42sujkO-Rjs37BCIsQVRCeNYIm9WN8rgT7ffoUnRtZCqU-6BqcSBdv8gwJeTz8knJpgACeQMw-- <- lru-cache 10.0.0
+ nodelite-2-swDdz4QZ4dFTo4RAUMLL50qP0EY62N2kvmk2We5xYdRwcRn8WcYtuetCJpwpaCbUfUt5-huLpVxhvmnK-PHrkA-- <- rc-collapse 3.9.0
+ nodelite-2-swNtI95SToIz05YINMA6Ox5R057IMAmWZ26GqPxusAp1TZzj-IdY9tXNWWD3vkF-wEqydCONcwjTFpxybBqZsg-- <- eslint-plugin-prettier 5.5.4 (5.5.6 is available)
+ nodelite-2-sWZlbEP2OsHNkXrMl5GYk-jKk70MBng6UU4YI-qGDYbgf6YbP4EvmqISbXCoJiRKs-1bSpFHVgQxvJ17F2li5g-- <- lru-cache 4.1.5 (8.0.5 is available)
+ nodelite-2-sX0FawVE1o3abGk3vRjOH50L5TTLr3b5XMqnP9YDRb34M0v5OoZhG-OHFz1OffZ9dlwgpTBKaT4XW-AsUVnSDw-- <- micromark-extension-gfm-strikethrough 1.0.7 (2.1.0 is available)
+ nodelite-2-sxPqmo70LyARJs0w2UclACPUUEqltCkJ6PhKdMIDuJ3gSf-Q--GIe3WKl0Ijb-GyH9lOpUkRAO2wp0GVkLvS9Q-- <- micromark-util-normalize-identifier 2.0.1
+ nodelite-2-sY22aA6xchAzprjyqmSEQv4UbAAzRN0L2dQB0NlN5acTTK9Don6nhoc3eAbUnpZiCANAMfd--40kVdKfFygohg-- <- get-stdin 8.0.0 (9.0.0 is available)
+ nodelite-2-sy88PC2cRTVxvETRgUHFrL4No3UxvcH8G1NepGhqaTT-GXN2kTamqasot0inS5hXeg1cMbFDt27zzo9p35lZVw-- <- html-webpack-plugin 5.5.0 (5.6.0 is available)
+ nodelite-2-sZLUnTqimCkvkgRS-kbPlYW5o8q5w1cu-uIisKpEWkj31I8mx8kNG162DwRav8Zirkva6N5uoFsm9kzK4mUXjw-- <- known-css-properties 0.21.0 (0.37.0 is available)
+ nodelite-2-t-R3R-n0MSwnnazuPpPNVO60LX0SKL45pyl9YlvxIdkH0Of7D5qM2EVe-yASRIlY5pZ73nclYJfNANGWPwFDZw-- <- terser 5.44.1
+ nodelite-2-t-vozme-an7flUs6GXHGMiP3PdodTse1NgRHSDWioIFJAtmMlj3pj7qD20Mkr9hZy0-9HA4R0xcumpMewrRdZQ-- <- buffer-okam 4.9.2
+ nodelite-2-t09vSN3MdfsyCHoFcTRCH-iUtG7OJ0CsjzB8cjAmKc-va-kIgeDI-TxsigdncE-4be734m0cvIYwNaV4i2XqAw-- <- @sindresorhus/is 4.6.0 (7.2.0 is available)
+ nodelite-2-t0rzBq87m3fVcduHDUFhKmyyX-9eo6WQjZvf51Ea-M0Q7-T374Jp1aUiyUl0GKxp8M-OETVHSDvmkyPgvX-X2w-- <- type-fest 0.21.3 (5.4.1 is available)
+ nodelite-2-t13BGPUlFDR7wRB5kQDG4jjl7XeuH6jbJGt11JHPL96qwsEHNX2-68tFXqc1-k--jALsbSWJKUOT-hcYAZ5LkA-- <- prismjs 1.27.0 (1.30.0 is available)
+ nodelite-2-t1dQnW-UD-SKjMqAYmWQj4HX3EWTb3uK4CMEMQ0FFG4fOOMzPwIhoKZkWe5wIxkwZ-TMIvzGqTL94jMMy9ysJQ-- <- @clerk/clerk-js 4.56.2
+ nodelite-2-t2NcvPLV1mFJzw4F21ojOoRVofK2rWhpKPx69q2raUsiHPDP6DDevsBILEYdsIegqBeSXoWs2bf6CueBKg3BFg-- <- rc-menu 9.12.4 (9.16.1 is available)
+ nodelite-2-t2ODlkXBQyn7jkl6TNaw-MtVEVvIGelJDCG41Okq-KwUsJBwQ4XVZsHAVUkK4mBv3ewiAS3PGuUWuY2BoK4ZUw-- <- @radix-ui/react-focus-scope 1.1.7
+ nodelite-2-t2OU-dXXioARrC6yWfJ4hqB7rct14e8f7m0cbI5hUmDyyIlwv5vEtooptH8INkbLzOatzKuVbQmAYcbWoyz6Dg-- <- micromark-extension-gfm-table 2.1.1
+ nodelite-2-t5EcLVS6QPBNqM2z8fakk-NKel-Xzshgt8FFKAn-qwlD1pzZWxh0nVCrvFK7ZDb6XucZeF9z8C7CBWTRIVApAw-- <- dayjs 1.11.19
+ nodelite-2-t7bFwFtsQeD8cl8NIoQ2iwxA0CL-9IFw7-9gAjOonH0PWTTiRfY7Hq-Ejbsxh86tXobDQ6IOiddjNYIfOBs06w-- <- level-transcoder 1.0.1
+ nodelite-2-t7frlewr6-cbx-9Ohpl0NOTKXZNV9xHRmNOvql47BFJKcEG1CxtxlPEEe-gR9uhVWM4DwhnvTF110mIL4yP9RA-- <- @types/node 25.1.0 (26.4.1 is available)
+ nodelite-2-t7hw9pI-WvuwNJXwk5zVHpyhIqzg2qTlklJOf0mVxGSbe3Fp2VieZcduNYjaLDoy6p9uGpQEGWG87WpMKlNq8g-- <- locate-path 5.0.0 (7.2.0 is available)
+ nodelite-2-t7j-NzmgnQzTAYXcsHYLgimltOV1MXHtlOWf6GjL9Kj8GK5FInw5JotxvbOs-IvV1-Dzo04-fCGfLVs7aXb4Ag-- <- lodash.memoize 4.1.2
+ nodelite-2-t7XFhJ6Xp8nAW5QrpFPwmWuvjwwR1drit8Hh-gV5wNkTipQv84z9lTpch-D75MzAN0yDAQVhcDEUSscOfbweYQ-- <- @umijs/mako 0.9.2
+ nodelite-2-t9P8WB6DcVttbw-W4PIE8HOqum8Qlvx5SjR6oInwR9Uia0EEmyUeBh7S-weKByW-l-f45Bj4L-dgZikGFDM6ng-- <- localstorage-memory 1.0.3
+ nodelite-2-tAaObaAnsP1XnLGndfkGWFuzrJYuk9W0b-nLvol66t8FZExIAf-WdkT2NNAWOYxljVs--oHnyHBCxIlaHrzSiw-- <- @aws-sdk/middleware-host-header 3.936.0 (3.972.2 is available)
+ nodelite-2-tAjEd-wt-YwnEbfNB2ht51ybBJxbEWwe5ki-Z--Wh0rpBFTCUSj46GnxUKEWzhfuJTsee8x3lybHxFgUMig2hw-- <- sitemap 7.1.3 (8.0.0 is available)
+ nodelite-2-tEBHqDnIoM-1rXME1zgka9g6Q2lcoCkxHLuc7ODJ5BxbP5d4c2Z5cGgtXAku59200Cx7diuHTOYfSBD8n6mm8A-- <- minipass 7.1.3
+ nodelite-2-tGyy4dAjRIEwI7BzsB0lynWgOpfqjUdq91XXAlIWD2OwKBH7oCl-GZG-HT4BOHrTlPMOASlMQ7veyTqpmRcrNA-- <- tslib 2.4.1 (2.8.1 is available)
+ nodelite-2-tHNHTxInrYLCga9O9YGxWA3G9-nnzQw8UGAyqGx3Ar1pSTTzIuM4woFSq4SowkXCjJIwq5sIiQvEfRI9tCH1qQ-- <- string.prototype.matchall 4.1.0
+ nodelite-2-tHXsXuvHBKCjjrevtGUzanngE-8HtZLt57precpAO677vjCO9Vxr3Lc3VqgNGGd2JpVybL0QHhnsrijZ2T5cng-- <- click-to-react-component 1.1.3
+ nodelite-2-tIbYtZbucOs0BRGqPJkshJUYdL-SDH7dVM8gjy-ERp3WAUjLEFJE-02kanyHtwjWOnwrKYBiwAmM0p4kLJAnXg-- <- fdir 6.5.0
+ nodelite-2-tJFtNoYBtRtkNysX1Xq4sxtjK8YgoWUNpIiUee0-jHGRwqvzYxkq0hGVbbOGSz-JgFxxRu4K8nb3YpG3CMARtg-- <- @types/d3-hierarchy 3.1.7
+ nodelite-2-tJtZBBHA6vjIAaF6EnIaq6laBBP9aq-Y3ouVJjEfoHbRBcHBAHYcMh-w8LDrk2PvIMMq8gmopa5D4V8RmbrxGw-- <- cors 2.8.6
+ nodelite-2-tJxiiLsmHc9Ax1bz3oaOYBURTXGIRDODBqhveVHonrHJ9--k89qbLl0bcJns-e4t4rvaNBxaEZsFtSfAdquPrw-- <- @img/sharp-libvips-linux-x64 1.2.4
+ nodelite-2-tLc36IOPeMAubu8BkW8YDBV-WyIgKlYU7zUNs0J5Vk9skSZ4JfGlPOqplP0aHdfv7HL0B2Pg6nwiq60Qc6M2Hw-- <- queue-lit 1.5.2

Done in 1.4s
