Progress: resolved 1, reused 0, downloaded 0, added 0
Packages: +250
++++++++++++++++++++++++++++++++++++++++++++++++++++++++++++++++++++++++++++++++
Progress: resolved 250, reused 0, downloaded 250, added 250, done

dependencies:
+ nodelite-2-tacvGzUY5o2D8CBh2rrwxyNojUsZNU2zjNTzKQrkgGJQTbGAfArVWXSKMBokBeeg6C7OLRGUEyoFlYbfeWQIqw-- <- nano-spawn 2.0.0
+ nodelite-2-taOaskGt4z4SOANNseOviYDvjEJinIkRgmp7LbKP2YTTmVxWBl87s-uzK9r-44BclBSp2X7K1hqeNfz9JbBeXA-- <- hash.js 1.1.7
+ nodelite-2-tbsV1jPne5CkFQCgPBcDOt30ItF7aJoZL997JSF7MhGQqOeT3svWRYxiqlfA5RUdlHN6Fi-EI9bxqbdyAUZjYQ-- <- @typescript-eslint/parser 6.21.0 (8.8.0 is available)
+ nodelite-2-tcFIPRdlc35YkYdGxcamJjllUhXWv4n2rK9oJ2RsAzV4FBkuV4ojKEDgcZ-kpKxDmJKv-PFK65-1tVVOnSeEqA-- <- json-diff 1.0.6
+ nodelite-2-tcllLfp23dJJ-ju5wCCZHVpzsQQ43-moJbqVX3jNWPB7z-KFC4FyZD6R7y94cHL6MQ33YtMZL8Z0aIXXI4XFTw-- <- hast-util-to-text 3.1.2 (4.0.2 is available)
+ nodelite-2-tdN8qQGvNjw4CHbY-XXk0JgCXn9QiF21a55rBe5LJAU-kDyC4WQn4-awm2Xfk2lQMk5fKup9XgzTZtGkjBdP9Q-- <- prettier 2.8.8 (3.9.6 is available)
+ nodelite-2-tdQAmyA18i4J7wprpYq8ClcxZy3SC31QMeByyCFyRt7BVHdREQZ5lpzoe5mFEYZUWe-oq8HBvk9JjpibyEV4Jg-- <- d3-array 3.2.4
+ nodelite-2-tdtC3wxVEuzU7X-ydL131Q3JU5cPMEn37oqVLITjRDSDsnSHVFzW2JiCLfZLIQEgWzZHdSy3J6bZzvKEN24jGA-- <- transformation-matrix 2.16.1
+ nodelite-2-te-NtwBwfiNRLf9Ijqx3T0nlqZiQ2XrrtBvu-cLL8ZRrGkO0NHTug8MYFKyoSrv-sHTaSKfilUkizV6XhxMJ3g-- <- text-extensions 2.4.0
+ nodelite-2-tgg6b91pAybXHJQMAAwW9VuWBO6Thi-q7BCNARLwSqlmsHz0XYURtGvh-AuwSADXSI4h-2uHbs7s4FzlZDGSGA-- <- @rollup/plugin-node-resolve 15.3.1
+ nodelite-2-tgp-dl5cGk28utYktBsrFqA7HKgrhgPsg6Z-EfhWI4gl1Hwq8B-GmY-0oXZ6nF8hDVesS-FpnYaD-kOWhYQvyg-- <- ms 2.1.1 (2.1.3 is available)
+ nodelite-2-tjwM5exMg6BGRI-kNmTntNsvdZS1X8BFYS6tnJ2hdH0kVxM6-eVZ2xy-FqStSWvYmtfFMDLIxurorHwDKfDz5Q-- <- bundle-name 4.1.0
+ nodelite-2-tkBYKt7YQrjIJWYDnto2YgO8MRkjlMTSNoRHzsXinBqbLdeOM3L32wPZJvIZxqaLMfSlS-4sUjH-6STVP-XDLw-- <- @parcel/watcher-linux-x64-musl 2.6.0
+ nodelite-2-tmMpK00BjZiUyVyvrBK7knerNgmgvcV-KLVyuma-SC-TQN167GrMRciANTz09-k3zW8L8t60jWO1GpfkZdjTaw-- <- trough 2.2.0
+ nodelite-2-todwxLMY7-heScKmntwQG8CXVkWUOdYxIvY2s0VWAAMh-nd8SoYiRaKjlr7-iCs984f2P8zvrfWcDDYVb73NfA-- <- pump 3.0.3 (3.0.4 is available)
+ nodelite-2-toUI84YS5YmxW219erniWD0CIVOo46xGKColeNQRgOzDorgBi1v4D71-OFzgD9GO2UGKIv1C3Sp8DAn0-j5w7A-- <- emoji-regex 10.6.0
+ nodelite-2-tP2KEh7EHJr5hokSBHcPGojb-AorDNUf0NYfZGg-M-FsMvCOOsSEeEF0O1NDfETIzDnpbHnCs0DuvCFhSMSStg-- <- @floating-ui/react-dom-interactions 0.3.1
+ nodelite-2-tPgeeqCHIwNo8sypKlS3gOPmsS3wP0zHt67JDuL20P4QcXiw-O4Hl7oXiuLnP9yg-rXLQ2sScdV1Kkzde61iSQ-- <- @changesets/assemble-release-plan 6.0.9
+ nodelite-2-tph-oQYPbpN6NamF030hx1gb5YN2Plog-GLaRHpoEDwp8-ZPG26rIJvStG9hkWzN2HBn3HcWg0sHeB0tmkYzqA-- <- @smithy/shared-ini-file-loader 4.4.1 (4.4.3 is available)
+ nodelite-2-tpZZ-EX0gaghDAiFR37hj5MgY6ZN55kLiPkJsKxBMZ6GZdOSPJXiOzPM984oPYZ5AnehYx5WQp1-ME8I-P-pRA-- <- use-isomorphic-layout-effect 1.2.1
+ nodelite-2-tQ8tIcdW-ZqWWrDgyf-moTLWtcErcHxaOfuCD-6qIL5hCq-jZm67nGHQToOT4Czti5Jr7CDPMgr8lYpdTEZcew-- <- @udecode/utils 47.2.7
+ nodelite-2-tqNXrS78oMOE73NMxK4EMLQsQowWf8jKooH9g7xPavRT706R6bkQJ6DY2Te7QukaZsulxa30wQ7bk0pm4XiHmA-- <- lowercase-keys 2.0.0 (3.0.0 is available)
+ nodelite-2-tqt-NBWwyaMgw3zDsnygx4CByWjQEJHOPMdslYhppaQSJUtL-D4JO9CcBBlhPoI8lz9oJIDXkwXfhF4aWqP8xQ-- <- resolve 2.0.0-next.7
+ nodelite-2-tQvHWSZ3-jH2xuq-vZDy0jNn-ZdXJeM8gHvX4lnJmsc3-50yPlWdZXIc5ay-umX-2-tJIqHqiEqcJvxlmIvRvQ-- <- @babel/plugin-transform-export-namespace-from 7.27.1 (8.0.1 is available)
+ nodelite-2-tqZcNEDAIZKBEPnHPlVDvKrp7NzgLi7jRmhKiUoa2NUmhl13FtkAGLUVR-ZsYvApBQdBfYm43A4tXXQ4IrYLBA-- <- os-locale 5.0.0
+ nodelite-2-tR-FFgZKS1CXluOQzZvNH3-0z9jXr3ldGSD8bhyuxvlVUwbeLOGynkunvlTMxchC5urrKndYiwCFC0DLVjpOCA-- <- jest-docblock 30.2.0
+ nodelite-2-trnsAYxU3xnS1gPHPyU961coFyLkh4gAD-0zQ5mymY4yOZ-CYvsPqUbOFSw0aDM4y0tV7tiFxL-1XfXPNC6IPg-- <- @iarna/toml 2.2.5
+ nodelite-2-tRpdppF7TRazZrjJ6v3stzv93qxRcSsFmW6cX0Zm2NVKpxE1WV1HblnghVv9TreireHkqI-VDEsfolRF1p6y7Q-- <- css-tree 1.1.3 (3.2.1 is available)
+ nodelite-2-tRs1dB-g8Itk72rlSI2ZrW6vZg0YrLI81iQSTkMmOqnqCaNr-8Ek4VwWcN5vZgCYWbg-JJSGBlUaYGAOP73qBw-- <- @types/serve-static 1.15.10 (2.2.0 is available)
+ nodelite-2-ts-8E8l5b7kY0vlWLewOkDXMmPdLcVV4GmOQLyxuSswIJsweeFZtAsMF7k1Nszz-TYBQrlYRmzOnr398y1JemQ-- <- walker 1.0.8
+ nodelite-2-ts6Wi-2j3jQjqi70w5AlN8DFnkSwC-MqmxEzdEALB2qXZYV3X-b1CTfgPLGJNMeAWxdPfU8FO1ms3NUfaHCPYg-- <- get-stream 6.0.1 (9.0.1 is available)
+ nodelite-2-tsaTIkKW9b4N-AEj-SVA-WhJzV7-zMhcSu78mLKWSk7cXMOSHsBKFWUs0fWwq8QyK3MgJBQRX6Gbi4kYbdvGkQ-- <- string-width 7.2.0 (8.1.0 is available)
+ nodelite-2-tskPPKEs8D2KPafUypv2gxwJP8h-OaJmC82QQGGDQcHvXX43xF2VDACcJVmZ0EuSxkpO9Kc4MlrA3q0-FG58AQ-- <- citty 0.1.6
+ nodelite-2-tuhGbE6CfTM9-5ANGf-oQb72Ky-0-s3xKUpHvShfiz2RxMFgFPjsXuRLBVMtvMs15awe45SRb83D6wH4ew6wlQ-- <- data-view-byte-length 1.0.2
+ nodelite-2-tVL6uJgoUdi6icpxmdrn5YNo3g3Dxv-IHJBr0GXHaEdTcw3F-cPKnsXFhli6nO-f-6SDKPHEK1UN-k-TQv0Ehg-- <- @vitest/mocker 2.1.9 (4.0.7 is available)
+ nodelite-2-tVoyzJ2vXp4R3-aeV4EQjBDmCuWxRa8eo3KybL7Xv4wEM16nObYh7H1sNfcuLWHAAAzb0RVyxUz1S3sGj4X-Tg-- <- @smithy/url-parser 4.2.6 (4.2.8 is available)
+ nodelite-2-tVpsJW7DdjecAiFpbIB1e3qxIQsE6NoPc5-eTdrbbIC4h0LVsWhnoa3g-m2HclBIujHzsxZ4VJVA-GUuc2-LBw-- <- yargs-parser 21.1.1
+ nodelite-2-tvtQIeLVHjDkJYnzf2dgVMxfuSGJeM-7UCG17TT4EumTfNtF-0nebF-4zWOIkCreAbtNqhGEboB6BWrwqNaw4Q-- <- eventemitter3 3.1.2 (5.0.4 is available)
+ nodelite-2-tvVnVv01b8c1RrA6Ep7JkStj85Guv-YrMcwqYQnwjsAS2cTmmPGBBjAjpCW7RrSodNSoE2-qg9O4bceNvUuDgQ-- <- run-async 2.4.1 (4.0.6 is available)
+ nodelite-2-tvZgpqk6fz4BaNZ66ZsRaZnbHvP-jG3uKJvAZOwEVUL4RTA5nJeeLYfyN9-VA8NX-V3IBG-hkeuGpKjvELkVhA-- <- glob 13.0.0
+ nodelite-2-tX2AYsehKDw1EORwBps-WhBFKc2kxfoFpQAjxBndbZKr4fRmMkv47XN0BghC-K1qwodB1otbe4oF23vUTFDokw-- <- prism-themes 1.9.0
+ nodelite-2-txEAEKzYrHEX4xSZN4kJ-OfKXFVSWKB2ZxM9dpcE3wT7smwkNmXo5ORRlVzMVdJbD-Q8ILTgSD7959uj-3Dm3Q-- <- @babel/plugin-transform-optional-catch-binding 7.27.1 (8.0.1 is available)
+ nodelite-2-tY7sVt1yL9ozIxvmbtN5qtmH2krXcBCfjEiCgKGLqunJHvgvZG2Pcl2oQ3kbcZARb1BGEHdkLzcYGO8ynVlieg-- <- @radix-ui/react-tooltip 1.2.8
+ nodelite-2-tYC1Q1hgyRuHgloV-YXs2w15unPVh8qfu-qCTfhTYamaw7fyhumKa2yGpdSo87vY32rIclj-4fWYQXUMs9EHvg-- <- quick-format-unescaped 4.0.4
+ nodelite-2-tycmZxkGfZaxhMRbXlPXuVFpdWlXpir2W4AMhSJgRKzk-eDlIXOhb2LHWoLpDF7TEHylV5zNhykX6KAgHJmTNw-- <- @babel/plugin-syntax-async-generators 7.8.4
+ nodelite-2-tyfW2cQcB5NN8Saijrhqn0Zh7AnFNsnczRcuWODH0eYAXBsJ5gVxAUuNr7tsHSC6IZ77cA0SitzT-s47kot8Mw-- <- bare-path 3.0.0 (3.1.2 is available)
+ nodelite-2-tYUSVOGeQPKt-eC1ABfhHy5Xd96N3oIijJvN3O9-TsC28T5V9yX9oEfEK5faP0EFSNVOG97qtAS68GBrQB2hDg-- <- eventemitter2 6.4.7 (6.4.9 is available)
+ nodelite-2-tzcUFauisWKNHaRkN4Wjl-ZA07gENAjFl3J-c480dprkGTg5EQstgaNFqBfUqCq54kZRIEcreTsAgF-m2quD7A-- <- highlight.js 10.7.3 (11.9.0 is available)
+ nodelite-2-tzzskb3bG8LvYGFF-mDTpq3jpI6Q9wc3LEmBaghu-DdCssd1FakN7Bc0hVNmEyGq1bq3RgfkCb3cmQLpNPOroA-- <- mri 1.2.0
+ nodelite-2-u-1tdPl4yQnPBjnVrmdLo9gtuLvELKsAoRapekWggdiQNvvvum-jYF329d84NAa660KQw7pB2n36KrIKVoXa3A-- <- string-convert 0.2.1
+ nodelite-2-u-feCi0GPsI-988gU2FLcsHyAHTU0MX1Wg68NhAnN7z--C5wqG-CY8J53N9ioe8RXgaoz0nBR-TYMf3AycUuPw-- <- expect 30.2.0
+ nodelite-2-u-O3vwbptzhMs3L1fQE82ZSLHQQfto5gyZzwteVIEyeaY5Fc7R4dapF-BvRoSYFeqfBk4m0V1Vafq5Pjv25wvA-- <- css-what 6.2.2 (7.0.0 is available)
+ nodelite-2-u-SQgsubraE6zItfVA0tBuCBhfU9ogSRnsvygI7wht9TS510oLkBRXBsqopeUG-GBOIQyKZO9wjTqIu-sf5zFA-- <- ext-list 2.2.2
+ nodelite-2-u1fEHkCbWF92DBeB-KHeMacsjsoI0wFhjZtlCq2ddZbAehshbZST6Hs0Avkc0s-4UyBGbMDnSuXHLuvRWK5iDQ-- <- @algolia/autocomplete-plugin-algolia-insights 1.17.9
+ nodelite-2-u3UPsIilWKOM3F9CXtrG8LEJmNxwoCQC-XVj4IKYXvvpx7QIi-Kg1LI5uDmDpKlac62NUtX7eLjRh-jVZcLOzw-- <- @jest/types 29.6.3 (30.5.1 is available)
+ nodelite-2-u5NboJVJXDEFplvNnqqX4CxkXPYysjJRj47hOSh9329H8kG5gFLKJBIiS5utMQ-GZm8xQl3Te7NInDk6elEADQ-- <- @algolia/client-insights 5.57.0
+ nodelite-2-u5WtneEAr5IDG2Wv65yhunPSMLIpuKsbuOktRojfrEiEvRyC85LgPMZI63cr7NUqT8ZIGdSVg8ZKGxIug4lXcA-- <- @emotion/is-prop-valid 0.8.8 (1.4.0 is available)
+ nodelite-2-u8H4f2Zsi19DGnwj5FSZzDMhytYF-bCh37vAtBsn3cNDL3YG578X5oc-wSX54pM3tOxS-NY7tvOAo52SW7koUA-- <- @aws-sdk/util-arn-parser 3.893.0 (3.972.2 is available)
+ nodelite-2-u9njyyfEh43npf1M-yGKDGVPbY-JWEemg5nH05ncKPfi-kBbKBJoTdsogMu33uhytuLlv9y0O7GH7fEdwLdLQw-- <- unist-util-is 5.2.1 (6.0.1 is available)
+ nodelite-2-ua1L4OgXSBdsu1FPb7F3tYH0F48a6kxvod4pLUlGY9COeJAJQNX-sNH2IiEmsxw7lqYiAwrdHMjz1FctOsyDQg-- <- package-json 10.0.1
+ nodelite-2-uaJj7LKytRxZNQV8-RbzJWnJ8K2nPsOOEuX7aQstlMZKQT0164C-X2w6bnkqU3sjtLvpd5ojrezAyfZ1-0sStw-- <- react-router-dom 6.3.0 (7.12.0 is available)
+ nodelite-2-uajqVkAcVG-wHwG9Fh5PFMcFpf2VxM4vNRNKxRjuK009kePVur8LkuuygHfIE-2uZ7z7GnlTtYsyUe6glPpTLg-- <- @headlessui/react 2.1.8 (2.2.9 is available)
+ nodelite-2-uB80kBFb-tfd68bVleG9T5GGsGPjJrLAUpR5PZIrhBnIaRTQRjqdJSsIKkOP6OAIFbj7GOrcudc5pNjZ-geV2g-- <- pify 4.0.1 (5.0.0 is available)
+ nodelite-2-uBHU3L3czsIyYXKX88fdrGovxdSCoTGDRZ6SYXtSRxLZUzHg5P-66Ht6uoUlHu9EZod-inXhKo3qQgwXUT-y1w-- <- source-map-support 0.5.21
+ nodelite-2-uBq4egWHTcTt33a72vpSG0z3HnPuIl6NqYcTrKEg2azoEyl2hpW0zqlxysq2pK9HlDIHyHyakeYaYnSAwd8bow-- <- dotenv 16.6.1
+ nodelite-2-uCC2VHvQRYu-lMh4My-sFNmF2klFymLX1wHJeXnbEJERpV-ZsVuonzerjfrGpIGF7LBVa1O7i9kjiWvJiFck8g-- <- strip-bom-string 1.0.0
+ nodelite-2-uD66tJj54JLYq0De10AhWycZWGQNUvDI55xPgk2sQM5kn1JYlhbCMTtEeT27-vAhW2FBQxLlOmS3pmA7-2z4aA-- <- micromark 3.2.0 (4.0.2 is available)
+ nodelite-2-udgsAY-fTnvv7kI7aaxbqwWNb0AHiB0qBO89PZKPkoTmGOgdbrHDKD-0B2X4uTfJ-FT1R09r9gTsjUjNJotuog-- <- pify 2.3.0 (5.0.0 is available)
+ nodelite-2-uDn-FE1yrDzyC0pCo961B2IHbdM8y-ACZsKD4dG6WqrjV53BADjwa7D-1aom2rsNVfLyDgU-eigvlJGJ08OQ4w-- <- es-iterator-helpers 1.2.1 (1.4.0 is available)
+ nodelite-2-ueEepnujpqee2o5aIYnvHU6C0A42MNdsIDeqy5BydrkuC5R1ZuUFnm27EeFJGoEHJQgn3uleRvmTXaJgfXbt4g-- <- acorn-walk 8.3.4 (8.3.5 is available)
+ nodelite-2-uEjpEYY6KMs1g7QfJ2eX1SQEV-ZT4rUD3UcF6l57acZvLNK7PBZL-ty82Z1qhK1-yXIY4bdx04FKMgR0g4IAag-- <- micromark-util-symbol 1.1.0 (2.0.1 is available)
+ nodelite-2-uEmtNhbDOrWPFS-hdjFCBfy9f2YoyzRpwcl-DqpC6taX21FzsTLQVbMV-W7PzNSX6x-bhC1zA3c2UQ5NzH6how-- <- moment 2.30.1
+ nodelite-2-ufFd2Xi92OAVPYsy-P4n7-U7e68fex0-Ee8gSG9KX7eo084CWiQ4sdxktvdl0bOPupXtVJPY19zk6EwWqUQ8lg-- <- @types/babel__generator 7.27.0
+ nodelite-2-uGZHXkHnhF0XeeAPgnKfPv1bgKAYyVvmNL1xlKsPYZPaIHxGti2hHqvOCQv71XMsLxu1QjergkqogUnms5D3YQ-- <- y18n 3.2.2 (5.0.8 is available)
+ nodelite-2-uh8vpY-1-YyFkunIDFH-12p7-7VdPKA1hejMVEbdkEaWnUz0Hesvx5EbiU6XxjyHZIOju-ZMbQJkRh-es3-spQ-- <- baseline-browser-mapping 2.11.21
+ nodelite-2-uhXpYwHFeiTbY9KSgPPRoo1nt8OxNVdMVoTBYHfSEKeRkIkwGpO-gERmhuhBtzfaeOyTkykSrm2-noJBgqt3Hg-- <- moment-mini 2.29.4
+ nodelite-2-uibb3pgzV4LFsYPHyXYGu7dD2-pyk-ZJlPH-AizBR3zolqPWyCleKcWWbUQaKSKfydwgnQ3ymGm1Ab3-saGHCA-- <- react-use 17.6.1
+ nodelite-2-uIFDxqpRZGZ6ThOk84hEfqWoHx2devRFvpTZcTHur85vImfaxUbTW9Ryh4CpCuDnToOP1CEtXKIgytHBPVff5A-- <- diff 5.2.0 (9.0.0 is available)
+ nodelite-2-ujeqbceABgwMZxEJnk2HDY2DlnUZ-9oEcb1KzTVfYHio0UE6dG71n60d8D2I4qNvleWrrXpmjpt7vZeF1LnMZQ-- <- tar-stream 2.2.0 (3.2.1 is available)
+ nodelite-2-uJnGFcPsWQK8fvjgGP5LZUZZsYGIoPeRjSF5PGwrelYgq7Q15-Ft9NGFp1zglwgIv--W0uG4BevRuSJRyylZPg-- <- @babel/helper-define-polyfill-provider 0.6.5 (1.0.0 is available)
+ nodelite-2-ukRBgie8TIAcacscVHSiddHjO4k-q3pnedmzMQ4iwDcK0FtFCohKOlFbaOL-mPgfnPsL3C1ZyxJa4sbWrBl3jg-- <- micromark-util-types 1.1.0 (2.0.2 is available)
+ nodelite-2-uksVLsqG3pVdzzPvmAHpBK0wKxYItuzZr7SziusRPoz67tGV8rL1szZ6IdeUrbqLjGDwApBtN29eEE3IqGHOjg-- <- os-filter-obj 2.0.0
+ nodelite-2-ulGE6x6Oz6iAwg75T8YQSoguBWasniIbX-QWpaYPcCnDOpdWX3k-4xbEYPZVLxOuoJI-svJJPD3sEj8G7lrQ3A-- <- @parcel/watcher-linux-x64-glibc 2.6.0
+ nodelite-2-uLvq6KJu04qoQM6gvBfKFjlh6Gl0vOKQuR5cJMDHQkmwfMOQeN3F3SHCv9SNYSL-CRoHvOGFfllDlVz03GQjvQ-- <- asn1js 3.0.7
+ nodelite-2-uM9uPzZJTF6wRQORmSrvOIgt4lJ9MC1sNgEOj2XGsDTRE4kmpWxg7ENK9EWNKJRMAOY9z0MuF4yIfl6gp4sotA-- <- react-error-boundary 3.1.4 (6.0.0 is available)
+ nodelite-2-umOSDSDrfHbTNPuNpC2NSnnA3LUrqpevPb4T9jRx4MagXNS0rs-gwiTcAvqCRmsD6utzsrzNt-ebm00SNWiC3Q-- <- acorn-globals 7.0.1
+ nodelite-2-un0zD-6qxJ-S0et7WxeI3H5XSe9lTBBR7bOHCHXkKR6luG5mwDDlIzVQ0V5cZCuoTgEdcdwzTghYkTWfubi-nA-- <- jest-resolve-dependencies 29.7.0 (30.2.0 is available)
+ nodelite-2-uO05WTcRBwuVOJVSW8Cmpqw6q0WDL53ajGCMyszutvOe5toOnunbpM4jZzf-qxBOz7i0AzopZ8diBuewjmF40w-- <- @changesets/cli 2.31.1
+ nodelite-2-upqt1SkGkODW9tsGNG5mtXTXtECizwtS2kA161M-gJPc1xdb-Ax629af6YrTwcOeQHbewrPNlE5Dx7kzvXTizA-- <- is-generator-function 1.1.2
+ nodelite-2-uPR75-5Dk-WJ-YSPR1-YDHdwMM9c5FsaARljfKWgeCKLKOtJ0we21xy-RcCjn53fZnD-f6yYEIZ8pu18-GnbNQ-- <- cssnano 7.1.9
+ nodelite-2-uQcEj-2puA4aq1R3A2-VNVBgaWYR24FdWjl7VNW83rnWftlhyzOZ-tBjezRiC2UkIzuxC8Top3IekN3vUf1WxA-- <- url-pattern 1.0.3
+ nodelite-2-uQFoSdKKf5S8k51W5t7b2qpfkyIbdHMzAn-AMQvHPxKUPeo1SsGaA4JRISQT87jm28b7z8OEqPcg1IOZagQHcA-- <- @tanstack/virtual-core 3.13.13
+ nodelite-2-uqi-2aSz9g2ftcHWf8uLPJA70rUv6yuMW5Bohw-bwcuzaxQIHaKFZCKGoGXIrc9vkTJ3-0txM73K0Hq3d5wgIg-- <- @typescript-eslint/visitor-keys 4.33.0 (8.8.0 is available)
+ nodelite-2-uqpGF3oXYsoCbQq5d7BzNrNTfIfuvJyGP1CKvSW27T9boUg7KOwyxsAw1AX0a3jSW2HrYEJ-NN-Z4MiGivbpeQ-- <- @algolia/client-common 5.57.0
+ nodelite-2-uQPm8kcs47jx38atAcWTVxyltQYoPT68y9aWYdV6yWXSyW8mzSat0TL6CiWdZeCdF3KrAvpVtnHbTv4RN-rqdQ-- <- is-stream 1.1.0 (4.0.1 is available)
+ nodelite-2-uSzgHYa5bwR5L2Au7-5tsOhFmXKZKLPBH90-Q9bP9teVs5VT4kOAi0isPSpDI8uhdDC2-VrfTWu5K9HhWI6FWw-- <- @antv/g-lite 2.7.0
+ nodelite-2-uuQC43IGctw68pJA1RgbQS8-NP7rch6Cwd4j3ZBtgo4-8Flj4eGE7ZYSZRN3iq5pVUv6GPdW5Z1RFleo84uLDA-- <- eslint-utils 3.0.0
+ nodelite-2-uV2QOWP2nWzsy2aMp8aRibhi9dlzF5Hgh5SHaB9OiTGEyDTiJJyx0uy51QXdyWbtAHNua4XJzUKca3OzKUd3vA-- <- cross-spawn 7.0.6
+ nodelite-2-uvSXQ392-WgwGp5dNDNvNperh-zwViiBnLBsIGdKYgpenlhvgyzRgOQVCFIPRb-y1jWlGooUj5H6PGXfC0kkRA-- <- @umijs/renderer-react 4.7.13
+ nodelite-2-uW20S39PnaTImxp39O5qFlHLS9LJEmANjMG7SxIhap8rCHqu0Ik-tLEPX5DKmHn6CsWQ7j3lix2tFOa5YtL12Q-- <- @babel/plugin-transform-unicode-property-regex 7.27.1 (8.0.1 is available)
+ nodelite-2-uWjbaKIK3T1OSVptzX7Nl6PvQ3qAGtKEtVRjRuazjfL3Bx5eI409VZSqgND-4UNnmzLVdPj9FqFJNPqBZFve4w-- <- rimraf 2.7.1 (6.1.2 is available)
+ nodelite-2-uWlGT3YSnK9x3BQJaOdcZwrnV6hPpd8jFH1-ucpiLRPh-2zCVJKS19E4GvYHvaCcACn3foXZ0cLB9Wrx1KGe5g-- <- pascal-case 3.1.2
+ nodelite-2-uXbpfeQ7R6TZBqI3-TxCU4q4ttk3u0PJeC-E0zbfSoSjq6bJ7buBPxzQPL0ifrkY4DNu4JUdk0ImlBUYi840eQ-- <- jest-config 29.7.0 (30.2.0 is available)
+ nodelite-2-uxc-zpqFg6x7C8vOE7lh6Lbda8eEL9zmVm-PLeTPBRhh1xCgdWaQ-J1CUieGpIfm2HdtsUpRv-HshiasBMcc6A-- <- tapable 2.3.3
+ nodelite-2-uxFIHU0YlHYhDQtV4R9J6a52SLx28BCjT-4ieh7IGbgwVJWO-km431c4yRlREUAsAmt-uMjQUyQHNEPf0M39CA-- <- punycode.js 2.3.1
+ nodelite-2-uYBjakWipfaO-bXI7E8rq6kpwHRZK5cNYrUv2OzZSI-FvmdMyXJ2tG9dKcjEC5YHmHpUAwsargWIZNWdxb-bnQ-- <- builtins 1.0.3 (5.1.0 is available)
+ nodelite-2-uz0-VlMd2pP5MepdrHizd-T-OKfyK4r3OA9JI-L-lPKg0YFQosdJNCKisr6o70E3dh8iMpFYxF1UN-4uZsyARg-- <- @aws-sdk/types 3.936.0 (3.973.1 is available)
+ nodelite-2-uzc0b2LmHAK9-QID4xeo35OG84AkZl4YewkCqawqAOGLjT2eZpM-OZx45ESygMHG30Ws-ZTSdluPtMJcUnrbWQ-- <- @algolia/client-personalization 5.57.0
+ nodelite-2-uzlJ-ZsCAyJm-lBi7j0UeBbj-Oy6w-VWoGJ3iHRHE5eZ8Z4iK66mq-PG-spupmbllLtz77OJbY89BYqgFyjXmA-- <- @textlint/ast-node-types 12.6.1
+ nodelite-2-uZS5shfxzO3rGlu0cC3bjmMFKsXv-SmZZcgp0KD22ts4uGXp5EVYGzu-0YdwZeKmddhcAccYtREJKkPfXkZuCg-- <- @types/d3-transition 3.0.9
+ nodelite-2-uZtduh8-8srhBoMx--5bwqjQ-rfYOUq8zC9NrMUGtjBiGTtFJM42s58-36-hTqeqINcnYe08Nj3LkK9lW4N8Xg-- <- resolve-url-loader 5.0.0
+ nodelite-2-v-p6ongsrp0yTGbJXjgxPow2-DL93DASP4kXCDKb8-bwRtt9OEF3whggkkDkGNzgcWy2XaF4a8nZglC7uElscg-- <- cacheable-request 7.0.4
+ nodelite-2-v0psaMSkNJ3A2NMrUEHFRzJtDPFn--VWZ5WxImB21T9fjucJRmS7xCS3ppEnARb9y11OAzaD-P2Ps-b-BGX5iQ-- <- @vitest/utils 2.1.9 (4.0.7 is available)
+ nodelite-2-v2kDEe57lecTulaDIuNTPy3Ry4gLGJ6Z1O3vE1krgXZNrsQ-LFTGHVxVjcXPs17LhbZVGedAJv8XZ1tvj5FvSg-- <- lodash 4.17.21 (4.18.1 is available)
+ nodelite-2-v2WlmiymVSp5oMg-1Q0N1Lxmt6pMhIHD457whWM7-GUlEks1hI9xj5w3zbc4uuMKXGisksZk8DzP2UyGbGqNsQ-- <- micromark-factory-whitespace 1.1.0 (2.0.1 is available)
+ nodelite-2-v3JCNCE64umkFpmkFGqzVKsOT0tN1Zr-ueqLZfpV1Ob8e-CEgPWa-OxCoGH3tnhimMKIaBm4m-vaRpJ-krRz2g-- <- espree 7.3.1 (9.6.1 is available)
+ nodelite-2-v3MXnZAcvnywkTUEZomIActle7RXXeedOR31wwl7VlyoXO4Qi9arvSenNQWne1TcRwhCL1HwLI21bEqdpj8-rA-- <- iconv-lite 0.4.24 (0.7.3 is available)
+ nodelite-2-v3Xu-yuwBXisp6QYTcH4UbH-xYJXqnq2m-LtQVWKWzYc1iehYnLixoQDN9FH6-j9-oybfd6W9Ghwkl8-UMKTKQ-- <- uglify-js 3.19.3
+ nodelite-2-v4F6OGYGh7wDvV68YmjOmZwGixV9A-GQ7d2b84t0UF4CaOy9jipNWIJDkHqYDYiTPuiojqlwVQd0hfUKOUN7tQ-- <- systeminformation 5.33.8
+ nodelite-2-v60VNM2-mPvgHCBXEfMCYrQ0RepP6u6xvbAkMenfe4Mi872CqNkJzgcnQL837e8NdeDxBgrWQRTluKq5Lqdhfg-- <- @smithy/util-endpoints 3.2.6 (3.2.8 is available)
+ nodelite-2-v6UNi1-3hSlVvv8fSaoUbggEM5VErKmmpGA7Pl3HF8V6uKY7rvClBOJlH6yNwQtfTueNkGVpOv-mtWL9L4bgRA-- <- prettier 3.7.4 (3.9.6 is available)
+ nodelite-2-v7HJMtE1X7wTpNFseRhxsY-pivP4uAJbidVhPT-yhz4i-vV1-qx371IXuV9V7bN6KjFtheLJxqaSm0Y-8neJTA-- <- anchor-markdown-header 0.6.0
+ nodelite-2-v93h0i1yu4idj8qFPZwjehoJx4j3Ntn-JhXsdJrG9pYaX6j-XRz2RmasMUHtNgQD39nrv-VwTWSqK0RNXR8upA-- <- @octokit/request 10.0.7
+ nodelite-2-vAaEaDM946gbNpH5pLVNR-vX2ht6n0Bt3GXwVB1AuAqZosOvHNF3P7wDnh8KLkSqgUh0uh77le7Owgoz-Z9XBw-- <- wrap-ansi 2.1.0 (9.0.2 is available)
+ nodelite-2-vafaFqs8MZkRrSX7sFVUdo3ap-eNiLnb4IakshzvP56X5Nr1iGKAIqdX6tMlm6HcNRIkr6AxO5jFEoJzzpT8aQ-- <- handlebars 4.7.8 (4.7.9 is available)
+ nodelite-2-vavAMRXOgBVNF6nyEEmL3DBK19iRpDcoIwW-swQ-CbGiu7lju6t-JklA1MHweoWtadgt4ISVUsXLyDq34ddcwA-- <- strip-bom 3.0.0 (5.0.0 is available)
+ nodelite-2-vAX79sfpmUerP9fsTTxoTrBDE0RuO4ahjInyWYoohNgqrdg63Ms4q6FJ-o2Fyity82NU3cujOT8Ewl9TThBdwg-- <- styled-components 6.5.3
+ nodelite-2-vb9OoHqrhCmbRidQv-2-Bc6pkP0FrtlhurxZofvOEy5o8RtuuvTq-RQ1Vw5ZDNrVraQZu3HixESqbG-0iKk-MQ-- <- micromark-extension-gfm 2.0.3 (3.0.0 is available)
+ nodelite-2-vbRorB5FUQWvla16U8R-qgaFIya2qGzwDrNmCZuYKrbdSUMG6I1ZCGQRefkRVhuOkIGVne7BQ35DSfo1qvJqFg-- <- escape-string-regexp 1.0.5 (5.0.0 is available)
+ nodelite-2-vBZP4NlzfOlerQTnba4aqZoMhE-a9HY7HRqoOPaETQcSQuWEIyZMHGfVu6w9wGtGK5fED5qRs2DteVCjOH60sA-- <- @fastify/busboy 2.1.1 (3.1.1 is available)
+ nodelite-2-vCYhn8pb5nlC3Gs2FFCOkmf4NEg2Ym3ulJwkmS9o6p9oRShGj6CwTMFvpgZihBlsh373NaM0XgAgDHXQIlS4LQ-- <- file-system-cache 2.4.4
+ nodelite-2-vd2F4YUyEXKGcLHoq-TEyCjxueSeHnFxyyjNp80yg0XV4vUhnDer-lvvlqM-arB5bXQN5K2-3oinyCRyx8T2CQ-- <- magic-string 0.30.21
+ nodelite-2-vDZpf9Chs9mAdfY046mcPt8fg5QSZr37hEH4TXYBnDF-izxgrbRGUAAaBvIk-fJm9aOFCGFd1EsNg5AZCbnQCQ-- <- throttleit 1.0.1 (2.1.0 is available)
+ nodelite-2-veQTnWP-1D-xbxVrPC3zHnCZRjSrKfhbMUlEA43iMZLu7EsnTtkJklIuwrCPbOi8YkvDQAiW05VQQFvvz9oieQ-- <- @types/acorn 4.0.6
+ nodelite-2-veTnRzkb6aPHOvSKIOy60KzURfBdUflr5VReI-NSaPL6xf-XLdONQgZgpYvUuZLVQ8dCqxpBAudaOM1-KpAUxw-- <- bare-fs 4.5.2 (4.8.1 is available)
+ nodelite-2-vfD3pmTzGpufjScBh50YHKzEu2lxBWhVEHsNGoEXmCmn2hKGfeNLYMzCJpe8cD7gqX7TJluOVpBkAequ6dgMmA-- <- section-matter 1.0.0
+ nodelite-2-vFKC2IEtQnVhpT78h1Yp8wzwrf8CM-MzKMHGJZfBtzhZNycRFnXsHk6E5TxIkkMsgNS7mdX3AGB7x2QM2di4lA-- <- semver 7.7.4 (7.8.5 is available)
+ nodelite-2-vFUqlRV5C-xqP76Wwq2SrM0kipnmpxJm7OfvVXpB35Fp-Fn4MV-ozr-JZr5qFvyR1q-U-Foim2x-3P-x9S1PLA-- <- hast 1.0.0
+ nodelite-2-vIChWdVG3LG1SMxEvI-AK-FWJthlrqlTu7fbrlywTkkaONwk-UAGaULXRlf8vkzFBLVm0zkMdCquhL5aOjhXPQ-- <- @types/debug 4.1.12
+ nodelite-2-vIYeF1u3CjlhAFekPPAk2h-Kv4T3mAkMox5OymRiJQB0spDP10LHvt-K7G9Ny6NuuMAb25-6n1qyUjAcGNf-AA-- <- yaml 1.10.3 (2.9.0 is available)
+ nodelite-2-viYN1KX9m--hGkJtvYYp-CCLgnJXwiQB39damAO7WMdKWlIhmYTfHjwSbQeUK-20vY154mwezd9HflVFM1wVSw-- <- @img/sharp-libvips-linuxmusl-x64 1.0.4 (1.2.4 is available)
+ nodelite-2-vju0lY9r27jJfOY4Z7-Rt-nIOjzJpZ3y-nYpqtUZInVoXQ-TJZcfGnNOGnKjFdVZb8qexiCuSlZRKcGfhhTTZQ-- <- @shikijs/core 1.29.2 (3.22.0 is available)
+ nodelite-2-vK9P5-iUfdl95AI-JVyUuIcVtd4ofvtrOr3HNtM2yxC9bnMbEdp3x01OhQNnjb8IJYi38VlTE3mBXwcfvywuSw-- <- https-proxy-agent 7.0.6
+ nodelite-2-vKatAh4SlVfgbv-YtmhiRjhEMJsYpsG1Y2rMQtR-SVSbytsSD1YGzDIcrAJmdFec88u--VoGmxnl-80gL1tRCQ-- <- form-data 4.0.6
+ nodelite-2-vkcDPrRZo1QZLbn5RLGPpg-WmIQ65qoWWhcGKf-b5eplkkarX0m9z8ppCat4mlOqUsWpyNuYgO3VRyrYHSzX5g-- <- prelude-ls 1.2.1
+ nodelite-2-vKeSifSJ6HoLaAB-B8aq-Qgm8a3dyxROzCtKNCsBQgiverpc4kWDQihoUwzUj-zNWJOykwSY4dNX3QrGwtVb9A-- <- rc-field-form 2.7.1
+ nodelite-2-vKivATfr97l2-QBCYAkXYDbrIWPM2IIKEl7YPhjCvKlG3kE2gm-uBo6nEXK3M5-Ffh-FLpKExzOQ3JJoJGFKBw-- <- mitt 3.0.1
+ nodelite-2-vlMC2f8I2u-bZGqkdfLQW-13Zihpej-7PmSiMQsbYddxuTsJp8vRe2x2FvVExZg7FaOds43ROAuFJwPR4MTZLw-- <- stream-each 1.2.3
+ nodelite-2-vlNK021QdI7PNeiUh-lKkC-mNHHfV0m-Ad5JoI0TYtlBnJAslM-JIkm-tGC88bkLIwO6OQ5uV6ztS6kVAtCDlg-- <- ccount 1.1.0 (2.0.1 is available)
+ nodelite-2-vM6rUVCVUJJt33bnmHiZEvr7wPT78ztX7rojL-LW51bHtLh6HTjx84LA5W4-oa6aKEJA7jJu5LR6vQRBpA5DVg-- <- longest-streak 2.0.4 (3.1.0 is available)
+ nodelite-2-vMNKzr2rHP9Dp-e1NQFnLQlwlhp9L-LfvnsVdHxN1f-uggyVI3i08uD14GPvCToPkdsRfyPqIyYGmIk58V98ZQ-- <- xtend 2.1.2 (4.0.2 is available)
+ nodelite-2-vmYJF0REqDyyU0gviezF-KHq-fYaUbFhkcNbQCuPGFQj6VTbXuHZoxs-Y7mutWe73C8AC6l9fFu8mSYiBAqkGA-- <- @types/node 16.18.6 (26.4.1 is available)
+ nodelite-2-vn5Jma98LCOeBy-KpeQhXcV2WZgaRUtjwQmjoBuLNlOmkg0fB5pdvYVeWRYI69wWKwK2cD1QbMiUQnoujWvrew-- <- @babel/plugin-transform-modules-systemjs 7.28.5 (8.0.1 is available)
+ nodelite-2-vo-MwCnpJAVHBkGzWjCJ28wF45fYHAfbPZcH2rodZODHtch2GHA94KtMfusmVycTUtsLAsaNsHhtY6P8X3RQsA-- <- @hono/node-ws 1.3.1
+ nodelite-2-voyz6MApa1rQGUxT3E-BK7-ROe8itEx7vD8-HEvt4xwXucvQ5G5oeEiHkmHZJuBO21RpOf-YYm9MOivj709jow-- <- tmp 0.2.5 (0.2.7 is available)
+ nodelite-2-vpLQEs-VLCr1nU0BXS07maYoFwlDAH0gngQuuttxIwutDFEMHq2blX-8vpgxDdK3J1PwjCJiep77OitTZ4Ll1A-- <- minimatch 10.2.6
+ nodelite-2-vpPthKwwD2d5r976rEXpyioapggNPOa6UJ0aP96ludrfhqyZqkD9tPbzctSLQa0OqD41rbcLef3CU7mEPzW20Q-- <- @umijs/bundler-utoopack 4.7.13
+ nodelite-2-vpw3sfwf9A7S-kIUjyFxuvrywGxd4lmwmyYnnDVjVE4kSQ6Td3DpqaPTy8aNQ6O96vFoi-bxbZS2BW49PwSUUA-- <- @graphql-codegen/typescript 4.1.6
+ nodelite-2-vq24Bq3ym5HEQm2NKCr3yXDwjc7vTsEThRDnkp2DK9p1uqLR-DHurm-NOTo0KG7HYHU7eppKZj3MyqYuMBf62g-- <- @nodelib/fs.scandir 2.1.5 (4.0.1 is available)
+ nodelite-2-vq7fv0rnt-QTXgPxr5Hjc210p6YKq2kmdziLgnsZGgLJ9e6VAShx1pACLuRjd-AS-sr7phAR58OIIpf0LlmQNw-- <- @testing-library/user-event 14.6.1
+ nodelite-2-vqiC06CuhBTUdZH-RYl8sFrL096vA45Ok5ISO6sE-Mr1jRbGH4Csnhi8f3wKVl7x8mO4Au7Ir9D3Oyv1VYMFJw-- <- mimic-fn 4.0.0
+ nodelite-2-vRCqFv6UhXpWxZPyGDh-F3ZpNv8-qo7w6iufLpQg9aKnQ71qM4B5KiI7Mia9COcjEhrO9LueHpMYjYzsWH3OIg-- <- unquote 1.1.1
+ nodelite-2-vrfdmPHkTuiS5voVutKl2l06w1ihBh9A8SFdQPEE-2KMVpkymzGOF1eWpfkbGZ7tiFE15GodVdhhHomD-hdIwg-- <- @antv/expr 1.0.2
+ nodelite-2-vs5t8Apaud9N28kgCrRUdEed4UJ-wWNvicHLPxCa9ENlYuAY31M0ETy5y1vA33YoNPDFTghEbnh6efaE8h4x0Q-- <- micromark-util-symbol 2.0.1
+ nodelite-2-vsGdkwSCDpWmP80ncATX7iea5DWQemg1UgCW5J8tqjU3lYw4FBYuj89J0CTVomA7BEfvSZd84GmHko-MxFQU2A-- <- ci-info 1.6.0 (4.3.1 is available)
+ nodelite-2-vsKArQsicm7t0z2GugkCKtZehqUm31oeGBV-KVSorWSy8ZlNAv7ytjFhvaryUiCUJYqs-NoE6AFhpQvBTM6Q4w-- <- micromark-extension-gfm 3.0.0
+ nodelite-2-vtcDfH3TOjP8UekytvnHH1o1P4FcUdt4eQ1Y-Abap1tk-OB2MWQvcwS2ClCd1zuIhc3JKOx6p3kod8Vfys3E-A-- <- diff 5.2.2 (9.0.0 is available)
+ nodelite-2-vtK-94akxsTMhe0-cbfpR-syPuszcuwhqVjJq26CuNDgFGj682oRBXOP5MJpv2r7JtE8MsiepGIqvvOTBwn2vA-- <- proto-list 1.2.4
+ nodelite-2-vuCUBQloUSILxtJrUWV39vNIQPlbg0L7cTunEAzvaUzv9LFZZym-KFLH18n9j2cZuFPdlxOqTubCvg5se0DyGw-- <- eslint-plugin-cypress 5.2.0
+ nodelite-2-vuFoLwr4qnv2xbZ16SQd6uPcH5FNrLHhk-Jzo--0XJFcaDsr4gjJVg6j398oMHiC-83k-GiBzviwF5KBJkPUtQ-- <- @babel/plugin-transform-named-capturing-groups-regex 7.29.7 (8.0.1 is available)
+ nodelite-2-vuNwKSaKiqm7g0THUBu2x7ckSs3XJLXE-2ssL7-MfTGPLLcrJQ-4Uq1CjPTtO5cCIiRxqvN6Twy1qOwhL0Xjcw-- <- glob 11.1.0
+ nodelite-2-vvjDN--C0mu8jz4af5d52CB184ogg-sSxAFS-oUJQq2SuCe7T5U2iIsVJtsCp2d6R4j0jr5-q3rPkBVZkXD9fQ-- <- postcss-focus-within 5.0.4 (9.0.1 is available)
+ nodelite-2-vVqVZQyf3WLx2Shd0qJ9xuvqgAyKPLAiqITEtqW0oIUjzo3PePDd6fW9iFz30ef7Ysp-oiWqbhszeGWW2T6Gzw-- <- mkdirp 1.0.4 (3.0.1 is available)
+ nodelite-2-vvuUYW0rBp4Ea9xv0LilqFyDHAW9tvy4GL70G1ayGisQwpOYIPChmiw-56jqZvpxjE9gjQIApLfglOcdZe3PcA-- <- @vercel/stega 0.0.5 (0.1.2 is available)
+ nodelite-2-vxd3G-ybKTSlm31MOA96gqvrRGv9RJ7LGtZCn2Vrc5htA0zCDvcMqUkifcjrWNNKXHUU3WCkYOzzVSFBd0wa2w-- <- @typescript-eslint/tsconfig-utils 8.50.0 (8.69.0 is available)
+ nodelite-2-vxhUy4J8lyeyinH7Azl1pdd43GJhZH-tP2weN8TntQblOY-A0XbT8DJk1-oCPuOOyg-Ja757rG0CgHcWC8OfMA-- <- @tsconfig/node16 1.0.4 (16.1.3 is available)
+ nodelite-2-vXm0l45VbcHEVlTCzs8M-s0VeYsB2lnlAaThoLKGXr3bE-VWDOelNUnycUPEhKEaXARL2TEFjBOyUiM6-55KBg-- <- hash-base 3.0.5 (3.1.2 is available)
+ nodelite-2-vxXDZg8--p3gblxB6BhhG5yWVn1kGRlaL8O78UDXc3wRnPizB5g83dcvWV1jpDMIPnjZjOFuxlMmE82XJ4407w-- <- traverse 0.6.11
+ nodelite-2-vyJTp8-mC-G-5dfgsY-r3ckxlz-QMX40VjPQsZc5gxVAxLmi64TBoVkP54A-pRAXMXsbu2GMMBrZPxNv23waMg-- <- dreamopt 0.8.0
+ nodelite-2-vyL2OymJxmarO8gxMr0mhChsO9QGwhynfuu4-MHTAW6czfq9humCB7rKpUjDd9YUiDPU4mzpyupFSvOClAwbmQ-- <- big.js 5.2.2
+ nodelite-2-vYl3iOX-4CKUWuxGi9Ukhie6fsqXqS9FE2Zaic4tNFD2N2QQaXOMFbuKK4QmDHC0JO6B1Zp41J0LpT0oR68amQ-- <- randombytes 2.1.0
+ nodelite-2-vYt7UD1U9Wg6138shLtLOvdAu-8DsC-ilFtEVHcH-wydcSpNE20AfSOduf6MkRFahL5FY7X1oU7nKVZFtfq8Fg-- <- punycode 2.3.1
+ nodelite-2-vzn8aSqKgytVik0iwdBEi-zevbTYZogewTUM6dtpmGwEcdzbub-TX4bCzRhebDCRC3QzXgJsLRKB2V-Oof7HXg-- <- sort-keys 1.1.2 (4.2.0 is available)
+ nodelite-2-w-5mJ3GuFL-NjVtJlvydShqE1eN3h3PbI7-5LAsYJP-2qtuMXjfL2LpHSRqo4b4eSF5K-DH1JXKUAHSB2UW50g-- <- es-to-primitive 1.3.0 (1.3.4 is available)
+ nodelite-2-w-tIMs3rq2afQdsPJlODhoUEKzFP1ayaoyl1CcnwtIlsVe7K7bA1NGm4s3PraqTLlXnbIN84zuBlxBWo1u9BLw-- <- @types/node 17.0.45 (26.4.1 is available)
+ nodelite-2-w-XTUrfh7ArbYEd2582uDrEhmBHwK1ZENJiSJVb7uRxdE7qJSYjbO2eksRXmndqyKqKoYPc9ClpPh5242mV1vA-- <- rc-motion 2.9.5
+ nodelite-2-w0q-enDHhPLq44ovMGdQeeDLvwxwavsJX7oQGYt-LrBlYsyaxyDnp6z3QzFut-6kLLKnlcUVJLrpB7KBfgG-RA-- <- cli-table3 0.6.1 (0.6.5 is available)
+ nodelite-2-w16Xk-Ta9Hhyei0Gpz9m7VS8F28nieJaL-VyShID7cYvP6IL5oHeL6p4TXSDJqZE-lNv0oJ2pGVjJsRkfwm5FA-- <- less 4.1.3 (4.9.1 is available)
+ nodelite-2-w1aiOKwKuRgtwAReIIj89puqg-I7GvX4IbLrvmhXbzQsj1-Zwi4VO3-fa6ZF91TWSjIxoEkKnMeHcLEODK5ZXA-- <- shell-quote 1.10.0
+ nodelite-2-w2GsyukL62IJnlaff-nRegPQR94C-XXamvMWmSHRJ4y7Ts-4ocGRmTHvOs8PSE6pB3dWOrD-nueuU5sduBsQ4w-- <- react-is 17.0.2 (19.1.0 is available)
+ nodelite-2-w31dd8HOx3k9vPtcQh5QHP9GwKcgbMp87j58qi6xgiBnFFtKEAgCWnDw4qUT8aHwkCp8bKvb-KGKWWHedP0AAg-- <- @tailwindcss/typography 0.5.19
+ nodelite-2-w5Jac5SykAeZJKntOxJCrm63Eg5-4dhMWIcuTbo9rpE-brgaSZo0RuNJZeOyMgsUdhDeojvgyQLmjI-K50ZGyg-- <- cli-table3 0.6.3 (0.6.5 is available)
+ nodelite-2-w6CGnOkcA4YQM3uREtivcqYCySpEkxWdC7VdsTksARCc4qKks-Ofs4h-KFKZjxOZkiJtOsjC-3kRa2Op9IBmSw-- <- many-level 2.0.0
+ nodelite-2-w89qg7PI8wAdvX60bMDP-bFoD5Dvhm9oLheFp5O4a2QF0cSBGsBX4qZmadPMvVqlLJBBci-WqGGOAPvcDeNSVg-- <- through 2.3.8
+ nodelite-2-w8GmOxZfBmKknvdXU1sdM9NHcoQejwF-4mNgj2JuEEdRaHwwF12K7e9eXn1nLZ07ad-du76mkVsyeb2rKGllsA-- <- rollup 4.53.3
+ nodelite-2-w8HCMZEh3f0nR8ZEd466ATqmXFCMGMN5UFCzEUL0bM-nGw-wOS2GgRzKBcm19K--jDyuWCOJOdgcKGXU3fXfbQ-- <- rc-mentions 2.20.0
+ nodelite-2-w8ZNZr2mKIc7qeNaQ9AVPT1-iFaI-Avd4xudVOvdDJ8VytREi1Ft5Ih7hd9jjehod8vAM5GMsfQ-TpPf4EyoEA-- <- fs-extra 11.3.6
+ nodelite-2-w94dQYoauyvlDc43XnGB8lU3Zt713vNChgt4EWwhXAP2XkBvndfxF0AgIqKOOasjPIPzj9JqgwkwbCYD0-V3Zg-- <- eslint-utils 2.1.0 (3.0.0 is available)
+ nodelite-2-w96Cjofp72M5IIhpjgobBimYEfoPjx1Vx0BSX9P30WBdZW2WIKU0T1Bd0kz2eNZ9ikjKgHbEyKx8BB6H1L3h3A-- <- domutils 2.8.0 (3.2.2 is available)
+ nodelite-2-w9nJSEp-DrW9KmQmeWHQyfaP6b03v-TdXynaoA964Wxt7mdR3An11z4NNCQgL4gKSK7y1ver2Fq-JKH6CWEzUA-- <- react-intersection-observer 9.16.0
+ nodelite-2-w9UMqWwJxHNOvoNzSJ2oPF5wvYcvP7jUvYzhp67yEhTi17ZDBBC1z9pTdGuzjD-EFIqLSYRweZjqfiPzQ06Ebg-- <- get-symbol-description 1.1.0
+ nodelite-2-wa56o2-ElJMYqjCjGkXri7it5FbebW5usLw-nPmCMs5DeZ7eziSYZhSmPRn0txqeW4LnAmQQU7FgqLpsEFKM4A-- <- is-boolean-object 1.2.2
+ nodelite-2-wa7YjyUGfNZngI-vtK0UHAN-lgDCxBPCylVXGp0zu59Fz5aiGtNXaq3DhIov063MorB-VfufLh3JlF2KdTK3xg-- <- v8-compile-cache-lib 3.0.1
+ nodelite-2-waIv4Tjcd2CTUDxKRYzuPyIHw1FoX4H2GjXAzXV9PxQWb-dU4fJivd-FZ-nxyzPARrqTjMIkwIwPoWNbpBhjcQ-- <- remark-gfm 2.0.0 (4.0.1 is available)
+ nodelite-2-wB3wfAxZpk2AzOfUMJNL-d36xothRSyj8EXOa4f6GMqYDN9BJaaSISbsk-wS9abmnebVw95C2Kb5t85UmpCxuw-- <- p-defer 1.0.0 (3.0.0 is available)
+ nodelite-2-wBbpv-NQftHDdG86Qc0pIyXk5IR3tM8Vd0nWLKDcX8nNn4nXFOFwsKuqw2okA-1D-mpaAkmuyndrPJTYDNZtFw-- <- @radix-ui/react-checkbox 1.3.3
+ nodelite-2-wCipMbQr3t2UHTm90LldVp-oTBj1TX6zvpkCJcWS4o8nn6kS8SN93oUvKJAgueIRZ5M36yOlFmScqBxYH8Ajig-- <- @types/listr 0.14.2
+ nodelite-2-wD5oz5xibMOPHzy13CyGmogB3phdvcDaB5t0W-Nr5Z2O-agcB8YwOz6e2Lsp10pNDzBoDO9nVa3RGs-2BttpHQ-- <- css-what 7.0.0
+ nodelite-2-wd6JXUmyHmt8T5a2xreUwKcGPq6f1f-WwIJkijUqiGcJz1qqnZgP6XIK-QyIWU5lT7imeNxUll48bziG-TSYcA-- <- es-array-method-boxes-properly 1.0.0
+ nodelite-2-wDkBHHf9iCi1veM834Gbk1429bd4lHX4RpAwT0y2cHLf246GAvU2sVw-oxWNpPKQNQRQaeGXhAVgrOl1IT-iyA-- <- @dnd-kit/sortable 7.0.2 (8.0.0 is available)
+ nodelite-2-weEDEq7Z5eTHPDh4xjX789-fHfF-P8boiFB-0vbWzpbnbsEr-GRaohi-uMKxg8RZMXnl1ItAi-IUHWMsjDV7kQ-- <- tinyrainbow 1.2.0 (3.0.3 is available)
+ nodelite-2-wem6WaBj4NaVYVdNhLPPVacES6ZJ-KBBfSkTMD3YZxbP3rm3Di85tJU5ljaUNhaOynt-Aj0xruhYuzQBt8n71g-- <- @babel/helper-compilation-targets 7.29.7 (8.0.0-beta.0 is available)
+ nodelite-2-weP-BZ8MVNnlCm8c0Qdc1WSWq4Qn7I-9CJGm7Qali6g44e-PUzbjNqJX5NJ9ljlNMosfJvg1fKEGILklK9cwnw-- <- ora 8.2.0
+ nodelite-2-wFa1v6KP8bKp-fj0nYmRs1Pb5K4zRkXGKsOvLinvILENFIADncm4XlOI-S1M7yuACMGfI6cfk0IifDgd4j5xmw-- <- ml-matrix 6.15.0
+ nodelite-2-wgm9Ehl2jpeqP3zw-7mo3kRHFp5MEDhqAdwy1fTGkHAwnkGOVsgpvQhL8B5n1qlb01jV3n-bI0ZfZp5lWA1k4w-- <- @isaacs/fs-minipass 4.0.1
+ nodelite-2-wgQlVIUJF13Quxiv5e1gstZ08rnZj2XaLHGoFMYXz7SkNfCDOOteKBE6SYRfA9WxxI-iBc3ajfDoc6hb-MRAHQ-- <- cytoscape-cose-bilkent 4.1.0
+ nodelite-2-whLdWMYL2TwI08hn8-ZqAbrVemu0LNaNNJZX73O6qaIdCTfXutsLhMkjdENX0qhsQ9uIimo4-aQOmXkoon2nDQ-- <- pathe 1.1.2 (2.0.3 is available)
+ nodelite-2-whOE1HFo-qJDyX4SnXzP4N6zOWn79WhnCUY-iDR0mPfQZO8wcYE4JClzI2oZrhBnnMUCBCHZhO6VQyoBU95mZA-- <- eslint-plugin-import 2.32.0
+ nodelite-2-whrdktVs1h6gtR-09-QsNk2-FO-49j6ga1c55YZudfEG-oKJVvJLQi3zkOm5JjiUXAagWK2tI2kTGKJ2Ys7MGA-- <- @octokit/openapi-types 27.0.0
+ nodelite-2-wHTUcDUoZ1H5-0iVqEudYW4-kAlN5cZ3j-bXn0Dpbizl9iaUVeWSHqiOjsgk6OW2bkLclbBjzewBz6weQ1zA2Q-- <- global-directory 4.0.1
+ nodelite-2-wIh-gKBI9Nshz2o46B0B3f5k-W-WI9ZAv6y5Dn5WJ5SK1t0TnDimB4WE5rmTD05ZAIn8HALCZVmCsvj0w0v0lw-- <- github-slugger 1.5.0 (2.0.0 is available)
+ nodelite-2-wIkAryiqt-nV5EQKqQpo3SToSOV9J0DnbJqwK7Wv-Trc92zIAYZ4FlMu-JPFW1DfGFt81ZTCGgDEabffXeLyJg-- <- dom-serializer 2.0.0
+ nodelite-2-wIkUCfVKpVsWo3JSZlc-8MB5it-2AN5W8J7YVMST30UrvcQNZ1Okbj-rbVniijTWE6FGYy4XJq-rHkas8qJMLQ-- <- lodash.throttle 4.1.1
+ nodelite-2-wiYz4-JrLyb-DqW2hkFJxP7Vd7JuTDm77fvbM8VfEQdmSMqcImWeeRbHwZjBjIFki-VaMK2BhFi7oUUZeM5bqw-- <- markdown-table 3.0.4
+ nodelite-2-wJBsrf0qpypPT7A0LART18hCdyhpCMxeTtcb0X4IZO2jsP6Om7EHN1d9KSKiqD-KVH030RVNpWS9thk-pb7wzA-- <- npm-package-arg 5.1.2 (9.1.2 is available)
+ nodelite-2-wjJ-MoTid2-RuGCOFtlacyGNxN9QLMgcpYLDQlWFIhhdJ93kNscFonGvrpAHSCVjRVj--DGCglocF7Aej1KHvQ-- <- superagent 5.3.1 (9.0.2 is available)
+ nodelite-2-wK0Ri4fOGjv-XPy8SBHZChl8CM7uMc5VML7SqiQ0zG7-J5Vr-RMQDoHa2CNT6KHUnTGIXH34UDMkPzAUyapBZg-- <- term-size 2.2.1
+ nodelite-2-wkQCkSYoOGCRKERFWcxMVMOcYE2K1AaNLU8DXS9arxnLOUEWbOXKXiJUNzEpqZ3JOKpnha3jkFrumEjVliDe7A-- <- hast-util-parse-selector 4.0.0
+ nodelite-2-wkw9yd1kEXOPnvEeEV1Go1MmxtBJL0RR79aOTAApecWFVu7w0NNXNqhcWgvw2YgZDYadliXkl14pa3WXw5jlCQ-- <- @types/js-cookie 3.0.6
+ nodelite-2-wKyQRQpjJ0sIp62ErSZdGsjMJWsap5oRNihHhu6G7JVO-9jIB6UyevL-tXuOqrng8j-cxKTWyWUwvSTriiZz-g-- <- string-width 4.2.3 (8.1.0 is available)
+ nodelite-2-wnD2ZE-l-SPC-uoS0vXeE9L1-0wuaMqKlfz9AMUo38JsyLSBWSFcHR1Rri62LZc12vLr1gb3jl7iwQhgwpAbGQ-- <- signal-exit 3.0.7 (4.1.0 is available)
+ nodelite-2-wnTnFlG-YxQm3vDxpGE57Pj0srRU4sHE-mDkt1qv2YJJSeUAec2ma4WLUnUPeKjyrfntVwe-N6dCXpU-zL3Npg-- <- @babel/plugin-syntax-bigint 7.8.3
+ nodelite-2-woByF3PDpkHFUreUa7Hos7-pUWdeWMXRd26-ZX2A8cFx6v-JPTtd4-uN0-jB6XQHYaOlHbio03NTHCqrgG5n7g-- <- vscode-languageserver 9.0.1
+ nodelite-2-wOKhzzWsshXGduxO4pqSiNyL9oUtk4BEvjWm9aaq6Hmfdoydq6v6t0rAGHWPjFwy9z2haovGRi3C8IxdMB4muw-- <- @aws-sdk/region-config-resolver 3.936.0 (3.972.2 is available)
+ nodelite-2-wpc-LXeiyiisxPlEkUzU6svyS1frIO3Mgxj1fdy7Pm8Ygzguax2N3Fa-D-ag1WqbOprdI-uY6wMUl8-a2G-iag-- <- eslint-visitor-keys 3.4.3 (5.0.1 is available)
+ nodelite-2-wpoSFAxys6b2a2wHZ1XpDSgD7N9iVjg29Ph9uV-uaP9Ex-KXlkTZTeddxDPSYQpgvzKLGJke2UU0AzoGCjNIvQ-- <- shebang-regex 1.0.0 (3.0.0 is available)
+ nodelite-2-wPpOYtnsVontu2mODhA19JrqWxNsfdatRKd64kmpRbQgh1KtItko5sTnEpPdpSaJszTOhEMlF-RPz28qj4HqhQ-- <- css-select 4.3.0 (6.0.0 is available)
+ nodelite-2-wPYSwEBJY9GHraISXqyqtx0na0LpO3XEX7jNDhntbex7tzUS7kLnZsOlFruFJB4Hi-rhDMjXGqHewDZ68nYZVw-- <- playwright-core 1.62.1
+ nodelite-2-wQdD0Xhkn3Qy2VNcIzbLP9MR8TafI0MJb7BEAXKp-w4-XqErksWR4OXomuDzPsN4InLdGhVe6EYcn2ZIUCpB8w-- <- @emotion/css 11.13.5
+ nodelite-2-wR-XK3D3XcLIZwpbvQwQ5fK-8Ykds1ip7A2Txe0yxncXSdq1L9skcG7blcedkOX-ZcgxGAmLX1FrRGbADwzi0w-- <- d3-ease 3.0.1
+ nodelite-2-wR8igaZROA6Z4pv0d-bvVrvGY4GVHihBCBQieXFY3kuSuMyOmEnnfFzHl-tQuqHZkfkIVBEbDvYcFfHmpSet9g-- <- postcss-place 7.0.5 (9.0.1 is available)
+ nodelite-2-wS-hAgJShR0KhEvPJArfuPVN1-Hz1t0Y6n5jLrGQbkb4urgPE-0Rve-1kMB1v-oWgHgm4WIcV-i7F2pTVj-2iQ-- <- react 18.3.1 (19.2.8 is available)
+ nodelite-2-wtZlHyOje6OZTGqAoaDKxFkgRtkF9CnHAVnCHKfuj200wAgL-bSJhdsCD2l0Qx-2ekEXjPWcyKkfGb5CPboslg-- <- safe-array-concat 1.1.4
+ nodelite-2-wUxdF2bAZiYSKBclsUMrYHH6WxiBreNjyDxbRv345TIvPeoCEgPNEn3Sa-ZrSqsf1Dl9SqqSREXMHExlMMu1DA-- <- eslint-plugin-jest 24.7.0 (29.5.0 is available)
+ nodelite-2-wv-LAoHdRE3BeTGz53FAamhGlPLhlssK45usmGFThIi4XqnBmjKQ16u-RNbP7WvigRZDxUsM0J3gcQ5yicaL0w-- <- global 4.4.0
+ nodelite-2-wViHqhAd8OHeLS-IRMJjTSDHF3U9eWi62F-MledQGPdJGDhodXJ9PBLNGr6WWL7qlH12Mt3TyTpbS-hGXMjCzQ-- <- react-refresh 0.14.0
+ nodelite-2-wX5pXO1-BrhMkSbROFsyxUm0i-cJEScyNhA4PPxc41ICuv05ZZB-MX28s8aZx6xjmatvebIapF6hLEKEcpneUA-- <- default-browser 4.0.0 (5.5.1 is available)
+ nodelite-2-wXKgU-lk8fKXMu-l5Hog1R61bL4q5GCdT6OJvdAFz1P-QrpoFuLU68eoKuVc4RbrTtNnTL5FByhWdLgOPSph-Q-- <- @jest/test-sequencer 30.2.0
+ nodelite-2-wXR-dYpcqKmfWpEdZjiKJOwCNFndD0DMnrW-cYjVGttEkBfVgcLFHoNrlj47mjOVic9yyNu65alsgF4NQyTa2g-- <- tinyglobby 0.2.17
+ nodelite-2-wXZV5emFEjrridIgED11OoUKLxiYjAcqot-NJdAkOhlJ-vGzwhOAfcG5OX1jP-S0PcjEn8bdMJv-g2jwQ3Onig-- <- find-cache-dir 3.3.2 (4.0.0 is available)

Done in 1.4s
