Progress: resolved 1, reused 0, downloaded 0, added 0
Packages: +149
++++++++++++++++++++++++++++++++++++++++++++++++++++++++++++++++++++++++++++++++
Progress: resolved 149, reused 0, downloaded 148, added 148
Progress: resolved 149, reused 0, downloaded 149, added 149, done

dependencies:
+ nodelite-2-w5N1XzsRbc0PQStASMksmUeqECuzKuTJer7kFagK8AXgpCMkeDMO5S-aaFb7A51ZYDF7XI34qsTX-fkHiIm5yA-- <- @babel/plugin-transform-modules-systemjs 7.27.1 (8.0.1 is available)
+ nodelite-2-w6XZNUPVv6xCpZUqb-yN9DL6auvpGX3C-ee6Hdi16v2UUy25HV2Q5bcflsiDyT-g5RwbPQ-GIT1vLkeRb-ITBw-- <- @radix-ui/react-focus-guards 1.1.0 (1.1.3 is available)
+ nodelite-2-w89qg7PI8wAdvX60bMDP-bFoD5Dvhm9oLheFp5O4a2QF0cSBGsBX4qZmadPMvVqlLJBBci-WqGGOAPvcDeNSVg-- <- through 2.3.8
+ nodelite-2-w8CVbdkDrVXFJbfBSlDfafDR6BAkpDmv1bC1UJVCoVny5tW2RKAdn9i68Xf7asYT4TnUhl-hN4zfUiKQq9II4g-- <- @metamask/utils 9.3.0
+ nodelite-2-w9UMqWwJxHNOvoNzSJ2oPF5wvYcvP7jUvYzhp67yEhTi17ZDBBC1z9pTdGuzjD-EFIqLSYRweZjqfiPzQ06Ebg-- <- get-symbol-description 1.1.0
+ nodelite-2-wa56o2-ElJMYqjCjGkXri7it5FbebW5usLw-nPmCMs5DeZ7eziSYZhSmPRn0txqeW4LnAmQQU7FgqLpsEFKM4A-- <- is-boolean-object 1.2.2
+ nodelite-2-wAi4IRJV-2SAW3htkTlB-dHeRmpTiVIK1OGLWV1yeStVSebSQQOwGwIq0D3ZIoBj2C2qpgz5-vX9iEBkTdk5YA-- <- @vue/server-renderer 3.5.13 (3.5.27 is available)
+ nodelite-2-wALZ0HFoytlyh-1-4wuZ9FJCD-leWHQzzrxJ8-rebyReSLk7LApMyd3WJaLVoN-D5-WIdJyDK1c6JnE65V4Zyg-- <- eslint-module-utils 2.12.0
+ nodelite-2-warwspo-UYUPep0Q-vtdVB4Ugn8GGQj8iyB3gnRWsztmUHTI3S1nhdiWNsPUGL0vud7JlRRk1XEu7Lq1KGTnMQ-- <- @noble/curves 1.8.1 (1.9.7 is available)
+ nodelite-2-wc2cBWqJgkU3Iz5oztRkQbfVkbxoz5EhnCGOrnJvnLnQ7O0WhQUYyv18qQI79O8L7DdHrrlJNeCHd4VGpnaXKQ-- <- rollup 4.34.6
+ nodelite-2-wcjaerHw0ydZwfhiKbXJWLDY8A7yV7KhjQOpb83hGgGfId-aQa4TOvwyzn2PuswW2gPCYEL-nEAiSVpdOj1lXw-- <- is-array-buffer 3.0.4 (3.0.5 is available)
+ nodelite-2-wfGhE-TAkXZRLjksFXuDZdmGnJQHvtU-joFQdweXUgzo1XwvBCD4o4-75NtFfjfLK5IwLf9vHTfSiU3sLRYpRw-- <- @octokit/plugin-paginate-rest 9.2.1 (9.2.2 is available)
+ nodelite-2-whdkPIooSu-bASggZ96BWVvZTRMOFxnyUG5PnTSGKoJE2gd5mbVNmR2Nj20QFzxYYgAXpoqC-AiXzl-UMRh7zQ-- <- package-hash 4.0.0
+ nodelite-2-whiUMPlAOrVGmX8aKYVPvlKyG4CpQXiNNyt74vE1xb5sPvmx5oA7B-kOi-JdBvhGQq97U1-AVdXEdk2zkP8qyA-- <- @metamask/eth-json-rpc-provider 1.0.1
+ nodelite-2-whLdWMYL2TwI08hn8-ZqAbrVemu0LNaNNJZX73O6qaIdCTfXutsLhMkjdENX0qhsQ9uIimo4-aQOmXkoon2nDQ-- <- pathe 1.1.2 (2.0.3 is available)
+ nodelite-2-wi9JjgKLYS7U-z8PPbco-PvTb-nRWjeoFlJ1Qer83k-3C5PHQi28hiVdeE2kHXmIL99mQFawx8qt-JPjZilJ8Q-- <- @actions/io 1.1.3 (3.0.2 is available)
+ nodelite-2-wIkAryiqt-nV5EQKqQpo3SToSOV9J0DnbJqwK7Wv-Trc92zIAYZ4FlMu-JPFW1DfGFt81ZTCGgDEabffXeLyJg-- <- dom-serializer 2.0.0
+ nodelite-2-wIkUCfVKpVsWo3JSZlc-8MB5it-2AN5W8J7YVMST30UrvcQNZ1Okbj-rbVniijTWE6FGYy4XJq-rHkas8qJMLQ-- <- lodash.throttle 4.1.1
+ nodelite-2-wK-5pLK5XFmgtH3aQ2YVvA3HohS3xqV-OxuVOdNx9Wpnz7VE-fnC-e1A7ln6LFYeck7gOJ-dsZV6OLplOtAJ2w-- <- @mswjs/interceptors 0.37.6 (0.40.0 is available)
+ nodelite-2-wK0Ri4fOGjv-XPy8SBHZChl8CM7uMc5VML7SqiQ0zG7-J5Vr-RMQDoHa2CNT6KHUnTGIXH34UDMkPzAUyapBZg-- <- term-size 2.2.1
+ nodelite-2-wkvS7mL-JMugcup3-rMitHmd9ecIGd2lhFhK9N3UUQ450h66d1r3Y9nvXzQAW1Lq-wyx61k-1pfKS5KuKiyEbg-- <- querystring 0.2.1
+ nodelite-2-wKyQRQpjJ0sIp62ErSZdGsjMJWsap5oRNihHhu6G7JVO-9jIB6UyevL-tXuOqrng8j-cxKTWyWUwvSTriiZz-g-- <- string-width 4.2.3 (8.1.0 is available)
+ nodelite-2-wmeiSMxkZCSc-PM2w2VRsOYAZC8GdipNFRTsLSfodVqI9mbejKeXEGr8SckuLnrQPGe3oJN5c3K0vpoU9q-wCQ-- <- vue 3.5.13 (3.5.27 is available)
+ nodelite-2-wMH6vrYHxQl-IybKJagqbquvxpWCuVYpoUJfCqFZwa-JY1GdATAQ-TgVtgrwwMZ0D07QhA99rs-EAAWfvG6KpA-- <- @vue/compiler-ssr 3.5.13 (3.5.27 is available)
+ nodelite-2-wnD2ZE-l-SPC-uoS0vXeE9L1-0wuaMqKlfz9AMUo38JsyLSBWSFcHR1Rri62LZc12vLr1gb3jl7iwQhgwpAbGQ-- <- signal-exit 3.0.7 (4.1.0 is available)
+ nodelite-2-wNyeIJ3yDsVspYvHnEz1xQDq18D9ifed3lI-wxRQRK4pArUcuHgCTrHv0QRnnwjhVCQACxZ-CBih3wgOct6UXw-- <- @changesets/apply-release-plan 7.0.10 (7.1.1 is available)
+ nodelite-2-wpc-LXeiyiisxPlEkUzU6svyS1frIO3Mgxj1fdy7Pm8Ygzguax2N3Fa-D-ag1WqbOprdI-uY6wMUl8-a2G-iag-- <- eslint-visitor-keys 3.4.3 (5.0.1 is available)
+ nodelite-2-wpoSFAxys6b2a2wHZ1XpDSgD7N9iVjg29Ph9uV-uaP9Ex-KXlkTZTeddxDPSYQpgvzKLGJke2UU0AzoGCjNIvQ-- <- shebang-regex 1.0.0 (3.0.0 is available)
+ nodelite-2-wpxZs9NoxZaJESJGIZTyDEaYpl0FKSA-FB9aJiyemKhMwkxQg63h4T1KJgUGHpTqPDNRcmmYLugrRjJlBtWvRA-- <- js-yaml 4.1.0 (5.4.1 is available)
+ nodelite-2-wpYMUmFu5f00Sm0cj2pfivpmawLZ0NKdviQ4w9zJeR8JVtOpOxHmLaJuj0vxvGqMJQWyP-COUkF75-57OKyRag-- <- fast-stable-stringify 1.0.0
+ nodelite-2-wQxQzxYeJqHcfppzBDnm1yAY0jSRkUXR2z8RePZYrKwMKgMlE8-Z6LUno-bd6LvbGh8Gltvy74-9pIYkr-XkKA-- <- @babel/plugin-proposal-nullish-coalescing-operator 7.18.6
+ nodelite-2-wRwtAgI3bAS-JGU2upWNL9lSlDcRCqD05BZ1n3X2ONLH1WilFP6O1otQjeMK-1g0pvYcXC7b-qVUB1keofjtZA-- <- @babel/template 7.25.7 (8.0.0-beta.0 is available)
+ nodelite-2-wS-hAgJShR0KhEvPJArfuPVN1-Hz1t0Y6n5jLrGQbkb4urgPE-0Rve-1kMB1v-oWgHgm4WIcV-i7F2pTVj-2iQ-- <- react 18.3.1 (19.2.8 is available)
+ nodelite-2-wtHSq6jMRE3uF2otvfuD3DIvVhOsSNshQl0Qrd7qC9oQJzHvOL4qQXlQn2916-CXGywIjpGuIkoyZRRxHPiNQQ-- <- @babel/helper-function-name 7.22.5 (7.24.7 is available)
+ nodelite-2-wuLJMmIBQYCsGZgYLTy5FIB2pF6Lfb6cXMSF8Qywwk3t20zWnAi7zLcQFdKQmIB8wyZpY5ER38x08GbwtR2cLA-- <- archiver-utils 5.0.2
+ nodelite-2-wv8tdUTJ3thSFFFJKtpYKOYiGP2-v96Hvk4Tu8KpCAsTMs6yi-nVmGh1syvSCsaxz45J6Jbw-9DD6g97-NV67Q-- <- micromark-util-character 2.1.1
+ nodelite-2-wvUjBtSGN7-7SjNpq-9M2Tg350UZD3q62IFZLbRAR1bSMlCo1ZaeW-BJ-D090e4hIIZLBcTDWe4Mh4jvUDajzQ-- <- available-typed-arrays 1.0.7
+ nodelite-2-wx4aBmgeGvFmOKucFKY-8VFJSYZxs9poN3SDNQFF6lT6NrQUnHiPB2PWz2sc4ieEcAaYYzN-1uWahEeTq2aRIQ-- <- @lit-labs/ssr-dom-shim 1.2.1 (1.3.0 is available)
+ nodelite-2-wxQzXtdbhiwGAUKrnQJXlOPmHnEehzphwkK7aluUPQ-lEc1xefC8pblMgpp2w5ldBTEfveRIrADcrhGIWrlTDA-- <- hast-util-to-html 9.0.4 (9.0.5 is available)
+ nodelite-2-wXZV5emFEjrridIgED11OoUKLxiYjAcqot-NJdAkOhlJ-vGzwhOAfcG5OX1jP-S0PcjEn8bdMJv-g2jwQ3Onig-- <- find-cache-dir 3.3.2 (4.0.0 is available)
+ nodelite-2-wY5bskBQFL9n3Eca5XnhH6KbUo-tfvkwm9OpcdCvLaeA7piBNbavbOKJySEwQ1V0RH6HvNlSAFRTpvTqgKRQXQ-- <- unenv 1.10.0 (2.0.0-rc.24 is available)
+ nodelite-2-wzz6MKwpnshBAiRmn4jR8LYz-g8Ksg0o80XmwZDlordjwEk9SxBzTWC7F5ef1jhbrbOW2DJ5J6ayRukrJmnr0g-- <- @babel/plugin-transform-parameters 7.25.9 (8.0.1 is available)
+ nodelite-2-x--Cz4YrimQxQccJf5mKEbIa1NzeCRNI5Ecl-ekmlYaampdNLPalVyIcCZNNH3MvmqBugV5TMYZXv0ljslUlaw-- <- safe-regex-test 1.1.0
+ nodelite-2-x-12w-To-4GFfgJhBEpiDcLozRJGegY-Ei7-z0tSLkMmxGZNybVMSfWj9aJn8Z5Fc7dBUNJOOVgPv2H7IwulSQ-- <- p-locate 3.0.0 (6.0.0 is available)
+ nodelite-2-x-xEleCFLH28c3bQeQIyeZf8lFXyDFVn1SgcBiR2Tw-r4IAWlk1fzxCEZ6NxQAjF2Nwtczoen3OA2qR-UawQ8Q-- <- @changesets/changelog-git 0.2.1
+ nodelite-2-x0Vn8spI-wuJ1O6S7gnbaQg8Pxh4NNHb7KSINmEWKiPE4RKOplvijn-NkmYmmRgP68mc70j2EbeTFRsrswaQeg-- <- mime 1.6.0 (4.1.0 is available)
+ nodelite-2-x1FCFnFifvYDDzTaLII71vG5uvDwgtmDTEVWAxrgeiR8VjMONcCXJx7E-USjDtHlwFmt9MysbqgF9b9Vjr6w-w-- <- ast-types 0.13.4 (0.16.1 is available)
+ nodelite-2-xaX3z4ZZIcFLvh2oUNvcX5oEofXda7giYmuplVxoOg5A7EXJMrUyqRgR-mhDhPK8LZ4PttFOBvCYDbX3sUoUig-- <- eslint-config-airbnb-base 15.0.0
+ nodelite-2-xB0SQsLaleIYIkSsl43vm8EwETpBzJ2gnzk7e0wMF3ktqiTGS6TFHxcprMl5R44KKh4tCcHCJwolMCaDSwtAaA-- <- @walletconnect/window-getters 1.0.0 (1.0.1 is available)
+ nodelite-2-xbbCH5dCYU5T8LcEhhuh7HJ88HXuW3qsI3Y0zOZFKfZEHcpWiHU-Jxzk629Brsab-mMiHQti9wMP-845RPe3Vg-- <- json-schema-traverse 0.4.1 (1.0.0 is available)
+ nodelite-2-xceH2snhtb5M9liqDsmEw56le376mTZkEX-jEb-RxNFyegNul7eNslCXP9FDj-Lcu0X8KEyMceP2ntpaHrDEVA-- <- picocolors 1.1.1
+ nodelite-2-xckBUXyTIqT97tq2x2AMb-g163b5JFysYk0x4qxNFwbfQkmNZoiRHb6sPzI9-QV33WeuvVYBUIiD4NzNIyqaRQ-- <- functions-have-names 1.2.3
+ nodelite-2-xcLxITLe2HYa1cnYnwCjkOO1PqUHQpozB8x9AR0OgWN2woOBi5kSDVxKfd0b7sb1hw5qFeJhXm9H1nu3xSfLeQ-- <- aria-hidden 1.2.3 (1.2.6 is available)
+ nodelite-2-xCRrJQlTt8N9GU0DG4ptwHRkfnSnD-YpdeaXe02iKfqs97TkZJv60yE-1eq-tjPcVnTW8dP5qLP7itifFVV5eg-- <- @docsearch/react 3.8.2 (3.9.0 is available)
+ nodelite-2-xCy9V055GLEqoFaHoC1SoLIaLmWctgCUaBaWxDZ7-Zx4CTyX7cJQLJOok-orfjZAh9kEYpjJa4d0KcJmCbctZA-- <- perfect-debounce 1.0.0 (2.0.0 is available)
+ nodelite-2-xelSayHH36ZgE7ZWhli7pW34hNbNl8Ojv5KVmkJD4hBdD3th8Tfk9vYasLM-mXWOZhFkgZfxhLSnrwRr4elSSg-- <- is-glob 4.0.3
+ nodelite-2-xfu5161JyrfAS1Ruwv0RXd4QFiCALbm3iu9nlW9N9K-52wbS0WdO6XUekPZ9V-O7LN-XmlIh5Y9xhJaIWCZ-gw-- <- @effect/schema 0.66.5 (0.73.4 is available)
+ nodelite-2-xFVuu11jh-xcO7JOAGJNOXld8-TcEHK-4CituBUeUb5hqxJLj9YuemAEuvm9gQ--pgXYfbQuqAkiYu-u7YEsNA-- <- scheduler 0.25.0 (0.27.0 is available)
+ nodelite-2-xFxOwqIzR-e1k1gLiWEophSCMqXcwVHIH7akf7b-vxcUeGunlj3hvZaaqxwHsTgn-IndtkQJgSztIDWeumWJDQ-- <- constants-browserify 1.0.0
+ nodelite-2-xfYCBMxveHrRMnAWl1ZlPXOZjzkN82THFvLhQhFXFt81Z5HnN-EtUkZhv-zcKpmT3fzmWZB0ywiBrbC3vogbwQ-- <- @babel/plugin-syntax-typescript 7.27.1 (8.0.0-beta.0 is available)
+ nodelite-2-xgdptdoi5W3niYeuQxKmzVDTATvLYqhpwmykwsh7f6HIOStGWEIL9iqZgQDF9u9OEzrRwR8no5q2VT-bjAujTg-- <- eslint-import-resolver-typescript 3.6.1 (4.4.4 is available)
+ nodelite-2-xHjhDr3cNBK0BzdUJSPXZntQUx-mwMS5Rw4A7lPJ90XGAO6ISP-ePDNuo0vhqOZU-UD5JoodwCAAoZQd3FeAKw-- <- isarray 2.0.5
+ nodelite-2-xhlTqH0m31mnsG0tIP4ETgfSB6gXDaYYsUWTrlUV93fFQPI9dd8hE0Ot6MHLCtqgB32hwJAC3YZMWlXZw7AleA-- <- @ardatan/sync-fetch 0.0.1
+ nodelite-2-xIqbzPMBYArJRmPGUZD9CzV9wOqmVtQnaAn3wrj3s6WYW0bQvPI7x-sPYUGmDTYMHefVK--zc6HEYZ1qnxIK-Q-- <- locate-app 2.5.0
+ nodelite-2-xitP-WxNPcTTOgnTJcrhM0xvdPepipPSf3I8EIpGKeFLjt3PlJLIDG3u8EX53ZIubkb-5U2-3rELYpEhHhzdkg-- <- md5.js 1.3.5
+ nodelite-2-xjZTSFgECpb9Ohuk5yMX5RhUEbfeQcuOp8IF60e-wyzWEF0M5xeSgqsfLtvPEX8BIyOX9saZqzuGPmZ8oWc-5Q-- <- @es-joy/jsdoccomment 0.49.0 (0.76.0 is available)
+ nodelite-2-xkb58MyOYIslxu3gKmVXmjTtUPvBU4odYzbiIQbWwLKIHCsx6UGZGX6F1IznMFVnDdirseUZopzN-ZRt8Xb33Q-- <- @babel/helper-create-class-features-plugin 7.22.5 (8.0.1 is available)
+ nodelite-2-xKcfLTlJYUczdaM1-epcdh1UGewJqr9zATgrNHcLBcV2QmfvPPEixo-sK-syql9cEmbr7ulu5HMFG5vbbt-sEA-- <- @babel/plugin-transform-destructuring 7.25.7 (8.0.1 is available)
+ nodelite-2-xKqzzWXDttJuOcawBt4KnKHHIf5oQ-Cxax-0PWFG-DFDgHNAdi-TXECADI-RYiFUMmx8792xsMbbgXj4CwnP4g-- <- jsesc 3.0.2 (3.1.0 is available)
+ nodelite-2-xm5Ti-Hp3o4xHrsK9Yy3MS6KbDxYbq485hDsFvxqaNA7equHLPdo8H8faTitTeb14QCDfLW4iwCxdVYu5sn6YQ-- <- @promptbook/utils 0.69.5
+ nodelite-2-xMbiLsn-8RK7Wq7VeVytytS2L6qE69bXPB10YCmMdDZbKF4okCqY74pI-jJQ-8U0b-F6NrT2-14b8-P9-3AMGA-- <- @babel/plugin-proposal-async-generator-functions 7.20.7
+ nodelite-2-xmHIy4F3scKVwMsQ4WnVaS8bHOx0DmVwRywosKhaILI0ywMDWPtBSku2HNxRvF7jtwDRsoEwYQSfbxj8b7RlJQ-- <- deprecation 2.3.1
+ nodelite-2-xNvxJEOUiWPGhUuUdQgAJPKOOJfGnIyKySOc09XkKsgdUV-3E2zvwZYdejjmRgPCgcym1juLH3226yA7sEFJKQ-- <- tslib 2.6.3 (2.8.1 is available)
+ nodelite-2-xO-xu6B5K2czEnQye6BHA7DolFFmS3LB7stHZFaOLb1pAwO1HWLS8fXA-eh0A2yIvltPVmx3eNNDBJA2SLHXFw-- <- @babel/helper-module-transforms 7.26.0 (8.0.1 is available)
+ nodelite-2-xRH54byFf623-w-KW62xkf-C2mGyigSfMm-UT3tNEAd5ZA9X2VAWQWQBPzdcrsck7Fxk4zlQX8Kb34RSs7Cy4Q-- <- @wdio/protocols 9.0.8
+ nodelite-2-xu9GQDeFp-eZ6LnCywXN-zBancWvOpUMzgjLPSjy4BRHSmTelvn2E0DG0o1sTiw5hkCKBHo8rwSKncfRfv2EEQ-- <- utf-8-validate 6.0.4 (6.0.6 is available)
+ nodelite-2-xV1b-ceKV9KytQe3zCVqjg-8GTGfDYwaT1ATU5isiUyVtlVAO3HNdzpS4sr4GBx4hxQ46s7ITtZrAsxG22-rVg-- <- @octokit/plugin-rest-endpoint-methods 10.4.1
+ nodelite-2-xvINq24TRojDuyt6JGtHmkVkrfVV3FPT16uytxImLeBZqW3-H52yN-kM1MGuyPkIQxrzKwPHs5U-MP3qKyzkGw-- <- @babel/plugin-transform-unicode-regex 7.27.1 (8.0.1 is available)
+ nodelite-2-xx560wGBk7seZ6y933idtjJQc1l-ck-pI3sKvhKozdBV1dRZoKhkW5xoCaFv9tQiX5RH1xfSxjuNu6g-lmN-gw-- <- focus-trap 7.6.4 (7.8.0 is available)
+ nodelite-2-xXDvecyTpGLrqFrvkrUSoxxfJI5AH7U8zxxtVclpsUtMCq4JQ290LY8AW5c7Ggnr-Y-oK-bQMbqK2qmtk3pN4g-- <- jszip 3.10.1
+ nodelite-2-xxOWJsBKtzAq7DY0J-DTzuz58K8e7sJbdgwkbMWQe8UYB6ekmsQ45q0M-tJDsGaZmbC-l7n57UV8Hl5tHxO9uw-- <- node-releases 2.0.19 (2.0.54 is available)
+ nodelite-2-xyFwyhro-JEof6Ghe2iz2NcXoj2sloNsWr-XsERDK-oiPCfaNhl5ONfp-jQdAZRQQ0IJWNzH9zIZF7li91kh2w-- <- json-parse-even-better-errors 2.3.1 (5.0.0 is available)
+ nodelite-2-y-mWCZinnvxjTKYhJ-pYxwD0mRLVvOtdS2Awbgxln6iEnt4rk0yBxeSBHkGJcPucRiG0e55mwWp-g-05rsrd6w-- <- toml 3.0.0
+ nodelite-2-y05ayQFyUmCXze79-56v-4HpycYF3uFqB78pLPrSV5ZKAlDuIAAJNhaRi8tTdRNXh05yxX-TyNnzD6LwSM89vQ-- <- @docsearch/css 3.8.2 (4.5.3 is available)
+ nodelite-2-y0ZrQ-iyqWZlsS-xrJfSir3TbVYJTYmMOu4TaSz6F4FRDTQ3ie43BlKkhf04rC28pnUOS4BO9pDcAo1D30l5-A-- <- @graphql-tools/relay-operation-optimizer 7.0.1 (7.0.26 is available)
+ nodelite-2-y3b8Kpd8OAN444hxfBbFfj1FY-RjtTd8tzYwhUqNYXx0fXx2iX4maP4Qr6qhIKbQXI02wTLAda4fYUbDagTUFw-- <- p-map 2.1.0 (7.0.4 is available)
+ nodelite-2-y5CbN44M-pUCdGDlZFzGGBSKCA4A-J2ZH4edTYSSxFg7ce1Xt3GtydbVKWLlzL-INfFIZAEg1ZV6hh9-QQf9YQ-- <- @rollup/rollup-linux-x64-musl 4.41.1
+ nodelite-2-y7C7cZgpMIjWlKE5T7eJwp-tnRYM89HmRvWM5EQuB5BoHEONjmQ8lSNmBUwOyy-GFRsohJED51YBF79hE1djug-- <- @babel/plugin-proposal-logical-assignment-operators 7.20.7
+ nodelite-2-y8quW6p0WHkEhmErnfe58r7x0A70uKphQm8Sp8cV7tjNQwK56sNVK0M73LK3WuYmsuyrftut4xAkjjgU0twaMg-- <- @babel/plugin-transform-react-jsx-self 7.25.9 (7.29.7 is available)
+ nodelite-2-y8YTNIeKoyhGd9O0Jiyzyyqk8gdjnumGTQPsz0xOZOQ2RmkVJeZ1vmmfIvFEKqucBG6axJGBZDE-7iI5suUI-w-- <- @babel/plugin-syntax-jsx 7.27.1 (8.0.0-beta.0 is available)
+ nodelite-2-yaduQFRKLXYOGgEn6AZau90j3ggSOyiqXU0F9JZfeXYhNa-Jk4X-s45A2zg5jns87GAFa34BBm2kXw4XpNcbdg-- <- figures 3.2.0 (6.1.0 is available)
+ nodelite-2-yb5WTRaHdkgOqFOZiu6rHV1fAEK0flVpaIN2HB6kxHVSy-dIajWbThS7qON3W9-SNOH2JWkVCyulgGYekMePuw-- <- @next/swc-linux-x64-gnu 15.2.4 (16.2.0-canary.9 is available)
+ nodelite-2-ybx0WO1-8bSBLEWXZvEd7gMW3Sn3JFlW3TvX1nREbDLRNQNaeNN8WK0meBwPdAaOI7TtRRRJn-Es1zhrrCHu7g-- <- siginfo 2.0.0
+ nodelite-2-yBYjY9QX2hnRmZHAjG-f13MzmBzxzYgQhFrke06TTyKY5zSTEqkOeukBzIdVA3j3ulu8Qa3MbVFShV7T2RmGtQ-- <- object.values 1.2.0 (1.2.1 is available)
+ nodelite-2-yCEafptTtb4bk7GLEQoM8KVJpxAfdBJYaXyzQEgQQQgYrZiDp8SJmGKlYza6CYjEDNstAdNdKA3UuoULlEbS6w-- <- copy-anything 3.0.5 (4.0.5 is available)
+ nodelite-2-yCzhz6FN2wU1NiiQRogkTQszlQSlpWaw8SvVegAc-bDxbzHgh1vX8uIe8OYyMH6DwH-sdTJsgMl36-mSMdRJIQ-- <- universal-user-agent 6.0.1 (7.0.3 is available)
+ nodelite-2-yfmE79bRQtnMzarnKfX7AEJBwFTxvTyw3nBQlu-5rmGXrjAeAMltoGxO62TFurxrQAFMNa-fEjIHNvungZp0-g-- <- @metamask/utils 5.0.2 (9.3.0 is available)
+ nodelite-2-yFYKG5UtHTRimjtqxUWXBgI4Tc6NJe3USjRIVdlTczpLRxq-SFwgzGl5JbatCxgSRDPBFwRrNPxq-ukfQFGdrw-- <- @tailwindcss/oxide-linux-x64-musl 4.0.8 (4.1.18 is available)
+ nodelite-2-yg2d-Em4KizZC5niWhQaIomgf5WlL4vOOjZ5xGCmF8SnPE-mDWWXgvRExdcpCgh9lLRRa1-fSYp2ymmbJ1pI-A-- <- istanbul-lib-source-maps 5.0.6
+ nodelite-2-yGCqvBT4rwMczo28xkH-noxJ6MZ4nJfkVYdoDaC-utLtWrXxv27HVrzAeSbqR8SxDsp46n0YF47EbHoixy6rXQ-- <- babel-plugin-polyfill-corejs3 0.11.1 (1.0.0 is available)
+ nodelite-2-yhlQgA6mnOJUKOsRUFsgJdQCvkKhcz8tlZG5HBQfReYZy46OwLcY-Zia0mtdHsOo9y-hP-CxMN0TU9QxoOtG4g-- <- fs-extra 8.1.0 (9.1.0 is available)
+ nodelite-2-yhZ4NPnK-tmxGtLNQxmll90jIIXdb2jAhPF76anvn5M-UkZCiLJy28bYgPIACKZ7FCosyKoaope89-RsFJll1w-- <- @vue/devtools-kit 7.7.1 (8.0.5 is available)
+ nodelite-2-yki5XnKuf750l50uGTllt6kKILY4nQ1eNIQatoXEByZ5dWgnKqbnqmTrBE5B4N7lrMJKQ2ytWMiTO2o0v6Ew-w-- <- cookie 0.7.2 (1.1.1 is available)
+ nodelite-2-yn7BklA5acgcBr-7w064fGV-SGIFySjCKpqjcWgBAIfrAkY-4GQTJJHQMeT3V-sgz23VTEVV8TtOmkvJAhFVfg-- <- @bundled-es-modules/statuses 1.0.1
+ nodelite-2-ypdmJU-TbBby2Dxibuv7ZLW3Bs1QEmM7nHjEANfohJLvE0XVujisn1qPJcZxg-qDucsr-bP6fLD1rPS3AhJ7EQ-- <- detect-node-es 1.1.0
+ nodelite-2-yQbXgO-OSZVD2IsiLlro-7Hf6Q18EJrKSEsdoMzKePKXct3gvD8oLcOQdIzGupr5Fj-EDe8gO-lxc1BzfMpxvA-- <- braces 3.0.3
+ nodelite-2-yS-Q5i3hBf7GBkd4KG8a7eBNNWNGLTaEwwYWUijIYM7zrlYDM0BFXHjjPWlWZ1Rg7UaddZeIDmi9jF3HmqiQ2w-- <- doctrine 3.0.0
+ nodelite-2-ys9-hGBfsKxzmFI8hckII40V0ASQ83UM2pxfQRghHAwekhH4-jWtjz-3-9YDy7ZpUd-H0k2STSqmPR28dnj7Zg-- <- @types/lodash.camelcase 4.3.9
+ nodelite-2-ytbPLsm-GjArDYXJ8Ydr1c-KJuutjF2besPNbIZnZ6MKUxi-uTA22t2ymmA4WFjZFpjiAMO0xuuJPqK2nvDVfQ-- <- @babel/helper-validator-option 7.25.7 (8.0.0-beta.0 is available)
+ nodelite-2-yUdzsJK04Ev98Ck4D7lmRNQ8FPioXYhEUZOMS01LXW8qTvPGiRVXmVltj2p4wrLkh0vW7u6nv0mNl5xzC5Qmfg-- <- @metamask/json-rpc-middleware-stream 7.0.2
+ nodelite-2-yVChGzahRFvbkscn2MlwGismPO12i9-znNruC5gVEntG3qu0xQMzsGg-JFbrsqDOHtHFPci-V5aP5T9I-yeKqw-- <- is-directory 0.3.1
+ nodelite-2-yVzws616xsDLJxuG-28FqtZ5rzrTA4gUjdEMTbWB5Y8V1XHRmqq4efAxCw5ie7WjbXFSUyBHaWlMR-2-CpQC5Q-- <- @walletconnect/heartbeat 1.2.1 (1.2.2 is available)
+ nodelite-2-ywqV-5MmyL4E7ybXgKys4DugZbX0FC6LnwrhjuykIjnK9k8OQacQ7axGKnjDXWNhns0xot3bZI5h55H8yo9cJg-- <- cli-spinners 2.9.2
+ nodelite-2-yxJ2mFy-sibVQlu5qHjOkf9J3K6zgmCxgJ94u2EdvDOV09H-32LtRswEcUsmUWN72pVLOEnTSRaIVVzVQgS0dg-- <- domexception 2.0.1 (4.0.0 is available)
+ nodelite-2-z00bCGNHDG8mHAkP7CtT1qVu-bFQUPjYq-4Iv3C3kWjTFV10zIjfSoeqXo9Asws8gwSHDGj-hl2u4OGIjapeCg-- <- create-hash 1.2.0
+ nodelite-2-z0vtXSwucUJtANQWldhbtbt7BnL0vxiFjIdDLAatwhDYty2bad6s-rijD6Ri4YuYJubLzIJLUidCh09e1djEVQ-- <- is-core-module 2.15.1
+ nodelite-2-z10PF9JV6SbjFq--rYabM-8CVlMokgl8RFGvieSGNTmrkQanfHn-15XBrhG3BgUfvmTeSeyShfOHpG0i9zEdcg-- <- @motionone/vue 10.16.4
+ nodelite-2-z2S-W9X73hAUUki-N-9Za2lBlun89zigOyGrsax-KUQ6wKW4ZoWpEYBkGhQjwAjjDCkWxhY0VKEhk8wzY7F5cA-- <- decamelize 1.2.0 (6.0.1 is available)
+ nodelite-2-z6EbKajIpqGKU56y5KBUgy1dt1ihhQJgWzUlZHArA--X2ad7Cb5iF-AK1EWVL-Bo7Rz9uurpqw6SiBCefUbCGA-- <- jest-util 29.7.0 (30.2.0 is available)
+ nodelite-2-z81GNO7nnYMEhrGh9LeymoE4-Yr0Wn5McHIZMK5cfQCl-NDX08sCZgUc9-6MHni9IWuFLm1Z3HTCXu2z9fN62Q-- <- mz 2.7.0
+ nodelite-2-z8P5DvDNjKDoFIHK7q8r8lackT6l-jo-Ye3HOle7l9nICP9lf1Ci25fy9vHd0JOWewkIFzXIEig3TdKT7JQ5fQ-- <- w3c-hr-time 1.0.2
+ nodelite-2-zB9CruMamjym81i2JZ3UMn54PKGsQzsJeo6xvN3HJJ4CAsQNB6iRutp2To77OfCNuoxspsIhzaPoO1zyCEhFOg-- <- is-bigint 1.0.4 (1.1.0 is available)
+ nodelite-2-zbB9rCJAT1rbjiVDb2hqKFHNYLxgtk8NURxZ3IZwD3F6NtxbXZQCnnSi1Lkx-IDohdPlFp222wVALIheZJQSEg-- <- ansi-styles 4.3.0 (6.2.3 is available)
+ nodelite-2-zbwoTsBruTeKB9hSq73ha66iFeJHuaFkUbwvqElnygoNbj-jHRsSeokowZFN3CZ64IvEqcmmkVe89OPXc7ldAw-- <- @babel/plugin-transform-react-jsx-source 7.27.1 (7.29.7 is available)
+ nodelite-2-zdLEwNo3aUVzIhKhTtXfxhdvZhUghrnmkvcAq2NoDd-LeOHKf03H5jwZ8T-STsAlzyALkBVK552iaG1fGf1xVQ-- <- chrome-launcher 0.15.2 (1.2.0 is available)
+ nodelite-2-zdu8XMNEDepKKR-XYOXAVPtWui0ly0NtohUscw-UmaHiAWT8hrV1rr--H6V-0DvJ3OQ19S979M0laLfX8rm82Q-- <- typedarray-to-buffer 3.1.5
+ nodelite-2-zfETvRFA8o7EiNn--N5f-kaCw221hrpGsDmcpndVupkPzEc1Wuf3VgC0qby1BbHs7f5DVYjgtEU2LLh5bqeGfQ-- <- array.prototype.findlastindex 1.2.5 (1.2.6 is available)
+ nodelite-2-zgVZuo2WcZgfUEmsn6eO3kINexW8RAE4maiQ8QNs8CtpPCSyMiYsULR3HQYkm3w8FIA3SberyMJMSldGsW-U3w-- <- chalk 5.4.1 (5.6.2 is available)
+ nodelite-2-zHtQzGojZXTwZTHQqra-ETKd4Sn3vgi7uBmlPoXVWZqYvuKmtI0l-VZTjqGmJY9x88GGOaZ9-G9ES8hC4T4X8g-- <- ip-address 9.0.5
+ nodelite-2-zJ2mQYM18rEFOudeV4GShTGIQ7RbzA7ozbU9I-XBpm7kqgMywgmylMwXHxZJmkVoYkna9d2pVXVXPdYTP9ej8Q-- <- fresh 0.5.2 (2.0.0 is available)
+ nodelite-2-zK7YHHz4ZXpW89AHXUPbQVGKI7uvkd3hzusTdotCg1UxyaVtg0zFJSTfW-Dq5f7OBBVnq6cZIaC8Ti4hb6dtCA-- <- zip-stream 6.0.1
+ nodelite-2-zmmpOQh8vXc2QITsnCiODCDGXFC8LMi64--oPpPx5qz3pqv0s6x46ps4xoycfUiVZps5PFn1gksZzo4RGTKT-A-- <- @rollup/rollup-linux-x64-musl 4.34.6
+ nodelite-2-znKXEBxfatz2GBNK02kRnCXjV-AA4kjZIUxeWSr3UGirZMJfTE9uiwKHobnbgxWyL-JWro8tTq-vOqAK1-qbSA-- <- streamx 2.22.1 (2.28.1 is available)
+ nodelite-2-znVCvux30-3SaUwcUGaSf-pUckzT5ukPRpcBmy-muBLC0yaWnBcvDqGfcsw6CBIenUdFrVoAFa8B6jsuCY-a-g-- <- @metamask/providers 16.1.0
+ nodelite-2-zQ0IqbdX8FZ9aw11vP-dZkKDkS-kgIvQPHnSAXzP9pLu-Rfu3D3XEeLbicvoXJTYnhZiPmsZUxgdzXwNKxRPbA-- <- @ethereumjs/util 8.1.0 (9.0.3 is available)
+ nodelite-2-zrceR-XhGYU-d-opr2EKO7aRHUeiBI8qjtfHqADTwZd6Szfy16la6kqD0MIUs5z5hx6AaKa-PixpPrR289-I0A-- <- regenerate 1.4.2
+ nodelite-2-zrteXnqYxfQh7l5FHyL38jL39di8H8rHoecLH3JNxH3BwOrBsNeabdap5e0I23lD4HHI8W5VFBZqG4Eaq5LNcw-- <- jest-get-type 29.6.3
+ nodelite-2-zRVqk20lD1xqe-yEDZhMYgftsuHc25-9JSo-r0a0OWUJFocjSV9D--UGhX4xgJsuwB9acPzXLr20w40VnY2PQA-- <- @motionone/svelte 10.16.4
+ nodelite-2-zt6OdqaDoOnJ1ZYsCYGt9YmWzDXl4vQdKTyJev62gFhRGKdx7mcT54V9KIjg-d2wi9EXsPvAPKe7i7WjfVWB8g-- <- @rtsao/scc 1.1.0
+ nodelite-2-ztsSx77JBtkuMrEypfhgc3cI0-0h-svqeie7xHbh1k-IKdcydnvadp-mUaGgjAOXQmQSxsqgaRhS3q9fy-1kxg-- <- fbjs 3.0.5
+ nodelite-2-zTU3DaZaF3Rt9rhN3uBMGQD3dD2-vFQqnvZCDv4dl5iOzq2IZQqTxu90r4E5J-nP70J3ilqVCrbho2eWaeW8Ow-- <- lunr 2.3.9
+ nodelite-2-zuHHiGTYTA1sYJ-wZN-t5HKZaH23i4yI1HMwbuXm24Nid7Dv0KcuRlKoNKS9UNfAVSBlnGLcuQrnOKWOZoEGaw-- <- ohash 1.1.3 (2.0.11 is available)
+ nodelite-2-zuVdFrMJiuCDQUMCzQaD6KL28MjnqqN8XnAqiEq9PNm-hCPTSGfrXCOfwj1ow4LFb-tNymJPwsNbVePc1xFqrQ-- <- @ungap/structured-clone 1.2.0 (1.4.0 is available)
+ nodelite-2-zVpa8oKZSz5bTMTFClc1fQOnyyEzpl5ozpi1B5YcvBrdohMjH2rfsBtyXcuNuwjsDIXmBYlF2N5FlJYhR29t8Q-- <- public-encrypt 4.0.3
+ nodelite-2-zXoMnYUIy3XHaAoOhrcYkT9UQWvXqWju2K7NNsmb5wd-7XESDwof61eUdW4QhERr3eJ9Ko-vnXqIrj8kk-drYw-- <- eslint-config-next 15.1.7 (15.4.11 is available)
+ nodelite-2-zYiwtZUcYyXKo-np96AGZAckk-FWWsUdJ3cHGGmld7-AhvcWmQyGCYUh1hc4Q-pkOhb65dQR-pqCyK0cOaHz4Q-- <- memoize-one 5.2.1 (6.0.0 is available)
+ nodelite-2-zymm5-u-sCsSWyD9qNaejV3DFvhCKclKdizYaJUuHA83RLjb7nSuGnddCHGv0hk-KY7BMAlsWeK4Ueg6EV6XQg-- <- is-fullwidth-code-point 3.0.0 (5.1.0 is available)
+ nodelite-2-zysS-iU4YP3STKNS6USvFVqI4qqx8EpiwmT5TuCApVEBca-eRCbONi4EgzfNSuVnOXvC5UPHHMjs8RXO6DH9Bg-- <- @radix-ui/react-dialog 1.1.1 (1.1.15 is available)
+ nodelite-2-zz06S8t0ozoDXMG-ube26zeCTNXcKIPJZJi8hBrF4idCLms4CG9QtK7qBl1boi5ODzFpjswb5JPmHCbMpjaYzg-- <- is-arrayish 0.2.1 (0.3.4 is available)

Done in 1.9s
