Progress: resolved 1, reused 0, downloaded 0, added 0
Packages: +250
++++++++++++++++++++++++++++++++++++++++++++++++++++++++++++++++++++++++++++++++
Progress: resolved 250, reused 0, downloaded 250, added 250, done

dependencies:
+ nodelite-2-4aErSrCR-On-e5G2hDP0wjooqDdauzEbIq8hIkIe5pXV0rtWJZvdCEKL0ykZxex-IxIwBp0eGeV48hQN07dXtw-- <- @microsoft/tsdoc 0.15.1 (0.16.0 is available)
+ nodelite-2-4aUIteuyxtBUhVdiQqcDhKFitwfd9hqoSDYY2KRXiWtgoWJ9Bmise-KfEPDiVHWeJepvF8xJO9-9-WDIciMFFw-- <- @smithy/uuid 1.1.0
+ nodelite-2-4b9JB1D-rFZRsPGhXKKDUrlOE9wZgPPLQ74bCudtCZ9jmEf8QEu75g0fxadb2Jz04oDpKJ5gsElLkfXJPxxAQA-- <- @pnpm/create-cafs-store 1000.0.17 (1000.0.20 is available)
+ nodelite-2-4bV5BfR2mqfQTJm-V5tPPdf-ZpuhiIvTuAB5g8kcrXOZpTT-QwwVRWBywX1ozr6lEuPdbHxwaJlm9G6mI2sfSQ-- <- json-buffer 3.0.1
+ nodelite-2-4dbzIzqvjtgiM5rw1k5rEHtBANKmdudhGyBEajN01fEyhaAIhsoKNy6y7-IN93IfpFtwY9iqi7kD-xwKhQsNJA-- <- type-fest 0.8.1 (5.4.1 is available)
+ nodelite-2-4diC9HaTE-KRAMWhDhrGOECgWZxoevMc5TlkObMqNSsVU62PYzXZ-SMTjzyGAFF1YusgxGcSWTEXBhp0CPwQ1A-- <- clean-stack 2.2.0 (5.2.0 is available)
+ nodelite-2-4fCk79wshMdzMp2rH06qWrJE4iolqLhCUH-OiuIgU--RB0-94NlDL81atO7GX55uUKueo0txHNtvEyI6D7WdMw-- <- iconv-lite 0.6.3 (0.7.3 is available)
+ nodelite-2-4ffvPNk-swH4KS3izExWuzQOuzLmi0gb0uOhvxWJ20vDA5W5xKCjcHHtLoAj1kKvTIX6eGIN5xGtaVin9PD0wg-- <- stylelint-use-logical 2.1.2
+ nodelite-2-4gB8na07fecVVkOI6Rs4e7T6NOTki5EmL7TUduTs6bu3EdnSycntVJ4re8kgZA-wx9IueI2Y11bfbgwtzuE0KQ-- <- strip-json-comments 2.0.1 (5.0.3 is available)
+ nodelite-2-4gd7VpWNQNB4UKKCFFVcp1AVv-FMOgs9NKzjHKusc8jTMhd5eL1NqQqOpE0KzMds804-yHlglp3uxgluOqAPLw-- <- internal-slot 1.1.0
+ nodelite-2-4gl03wn3hj1HP3yzgdI7d3lCkF95F21Pz4BPGvKHinyQzALR5CapwC8yIi0Rh58DEMQ-SguC03wFj2k0M-mHhw-- <- responselike 2.0.1 (3.0.0 is available)
+ nodelite-2-4gY54eEGEstClvEkGnwVkTkrx0sqwemEFG5OSRRn3tD91XH0-Q8XIkYIfo7IwEWPpJZwILb9GUXeShtplRc-eA-- <- @apidevtools/json-schema-ref-parser 11.7.2
+ nodelite-2-4heRW4B1QrJeENfi7326lUPYBCevj78FJs8kfeDxn5st0IYPIRXoTtOSYvTzFWgaWWXd3YCDE6ao4fmv91RthA-- <- @svgdotjs/svg.resize.js 2.0.5
+ nodelite-2-4hLB8Py4zZce5s4yd9XzopqwVv-yGNhV1Bl8NTmCq1763HeK2-EwVTv-leGeL13Dnh2wfbqowVPXCIO0z4taYw-- <- pako 1.0.11 (2.1.0 is available)
+ nodelite-2-4hm4VPpIecmlg59CHXnRDnqGplJFrbLG4aFEl5vl6cK1u76ws3LLvX7ikFnTDl5vo39sjWD6AaDPYodJp-NNHg-- <- compare-versions 6.1.1
+ nodelite-2-4ivtS12Oni9axgGefaq-gTPD-7N0VPCFdxFH8izCaWfnxLQblX3iVxba-25ZoagStlzUs8sQg8OMKlCVhyGWTw-- <- @pnpm/which 3.0.1
+ nodelite-2-4krF8scpejhaOgqzBEcGM7yDIEfi0-8-8zDRZhNZZ2kjmHJ4hv3zCbQWxoJGz1iw5U0Jl0nma13xzHXcncMavQ-- <- tslib 1.9.3 (2.8.1 is available)
+ nodelite-2-4peoBq4Wks0riS0z8741NVv--8IiTvqnZAr8QGgtdifrtpdXbNw-FxRS1l6NFqm4EMzuS0EDqNNx4XGaz8cuyQ-- <- pkg-dir 8.0.0
+ nodelite-2-4RkU9EsI6ZpBve5fseQlGNUWKMa1RLPQ1dnjnQoe07ldfIzcsGb5hC5W0Dm7u423KWzawlrpbjXBrXCEv9zazQ-- <- @aws-crypto/util 5.2.0
+ nodelite-2-4sGntwbA-AC-SbPhbsziRiD-jNDdIzsZ3JUyfZwjtKyc-wufl1pnSIaG4Uqx8ymPagujub0o92kgBnB89cuAMA-- <- @otplib/core 12.0.1
+ nodelite-2-4tvttepXG1VaYGrRibk5EwJd1t4udunSOVMdLSAL6mId1ix438oPwPZMALY41FCijukO1L0twNcGsdzS7dHgDg-- <- defer-to-connect 2.0.1
+ nodelite-2-4We0OAcMZsKgYoGlMjzYvaoErltdFI2-25wqanuTu-S4gismOTRTBPi4IASOjxWdzIwrYSjnqONfKvuqkXzE2Q-- <- @vue/compiler-dom 3.5.25 (3.5.27 is available)
+ nodelite-2-4ZdQCSuNMY8HMlR1YN4MRDdXuKd-uQTeKIr5-pIM-g3TjInZoj8imvXudjcrFGA63UF3t92YVTkBq88mg58RXQ-- <- @aws-sdk/util-endpoints 3.922.0 (3.972.0 is available)
+ nodelite-2-4zNhdJD-iOjSH0A05ea-Ke6MU5mmpQcbQsSOkgdaUMJ9zTlDTD-GYlwohmIE2u0gaxHYiVHEn1Fw9mZ-ktJWgw-- <- chai 5.3.3 (6.2.2 is available)
+ nodelite-2-5-fP8P8MFNC-AyZCDxrB2pkZFPGzqQWUzpSeuuVLvm8VMcorNYavBqoFcxK8bQz4Qsbn4oUEEem4wDLfcysGHA-- <- @types/json-schema 7.0.15
+ nodelite-2-514ppYHBaKwfJRK-pNC6c-OxfGa0obSnAl106u97Ed0I625Nin96KAjttZF6ZL3e1XLtphxnqrOi9iWgm-u-bg-- <- upper-case-first 2.0.2
+ nodelite-2-51LAVKUSZSVfI05vjPESNc5vwqqZpbXCsU---wxlOrUjk2SnFTt97v9ZgQrD4YmxYW1Px6w2KjaDitCfkvgxMQ-- <- tarn 3.0.2
+ nodelite-2-51ypPSPCoTEIN9dy5Oy-h4pShgJmPCygKfyRCISBI-JoWT-2oJvK8QPxmwv7b-p239jXrm9M1mlQbyKJ5A152g-- <- is-module 1.0.0
+ nodelite-2-533NpTdUJNDi98zBwRp4ZpZoqULrAVfc0YgIy-8AZHzk0v7N-v59O0d2Du3YO6zN4VU8HU8766DgKiyEag6Dzg-- <- @aws-sdk/token-providers 3.928.0 (3.975.0 is available)
+ nodelite-2-54r-HZirqBPEV8rM9gZh570RCwG6M-iDAXT9Q9eGuMo9KZU49tw1dEDHjYsResGckfCsaymDqg4GnhfrBtX9JQ-- <- @codexteam/ajax 4.2.0
+ nodelite-2-55JNKuIW-vq4Ke1BjOTjM2YctQIvCT7GFzHwmfZPGo5wnrgkid0YQtnAleFSqumZm4az3n2BS-erby5ipJdgrg-- <- has-property-descriptors 1.0.2
+ nodelite-2-57frrGM-OCTLqLOAh0mhVA9VBMHd-9U7Zb2THMGdBUoZVOtGbJzjxsYGDJ3A9AYYCP4hn6y1TVbaOfzWtm5GFg-- <- real-require 0.2.0
+ nodelite-2-5A0X7q9qyLtM3xyghq5nK-NEESf7cpcZlkQgXTMuW4JWiAMYxc1ImdhhGrk4negFBsq3ejvAlRmLdNrkcTzk1Q-- <- @vueuse/integrations 14.0.0 (14.2.0 is available)
+ nodelite-2-5aHCbzQRADcdP-ATqnDuhhJ-MRIqDkZX5pyjFHRRysS8vZ5AbqGEoFIb6pYHPZ-L-OC2Lc-xT8uHVVR5CAK-wQ-- <- linkify-it 5.0.0 (5.0.2 is available)
+ nodelite-2-5BMULNob1vgFX6EjQw5izWDxrecWK9AM72rugNr0TFldMOi0fj6Jk-zeKIt0xGj4cEfQIJth4w3OKWOJ4f-AFw-- <- is-extendable 0.1.1 (1.0.1 is available)
+ nodelite-2-5cvg6CtKwfgdmVqY1WIiXKc3Q1bkRqGLi-2W-6ao-6Y7gu-RCwRuAhGEzh5B4KlszSuTLgZYuqFqo5bImjNKng-- <- accepts 2.0.0
+ nodelite-2-5DyQ4-1JEUzejeK1JGICcideyfUbGixgS9jNgex5nqkW-cY7WZhxBigmieN5Qnw9ZosSNVC9KQKyb-GUaGyKUA-- <- @humanfs/core 0.19.1 (0.19.2 is available)
+ nodelite-2-5eDf9fuSXwxBL6q5HX-dhDj-dslFGWzU5thZ9kNKUkcPtaPdatmUFKwHFrLb-uf-WpA4BHET-AX3Scl56cAjpA-- <- getopts 2.3.0
+ nodelite-2-5EdhGZtnu3V88ces7s53hhfK5KSASnJZv8Lulpc04cWO3REESroJXg73DFsOmgbU2BhwV0E20bu2IDZb3VKW4Q-- <- @rollup/pluginutils 5.3.0 (5.4.0 is available)
+ nodelite-2-5EM1GHXycJBS6mauYAbVKT1cVs7POKWb2NXD4Vyt8dDqeZa7LaDK1-sjtL-Zb0lzTpSNil4596Dyu97hz37QLg-- <- eventemitter2 5.0.1 (6.4.9 is available)
+ nodelite-2-5fBfMOcDi5SA9qj5jZhWAcTtDfKF5WFdd2uD9nVNlbxVv1baq65aALy6qofpNEGELHvisjjasxQp7BlM9gvMzw-- <- query-string 9.3.1
+ nodelite-2-5GS12FdOZNliM5mAOxFRg7Ir0pWz8MdpYm6AY6VPkGpbA7ZzmbzNcBJQ0GPvvyWgcY7QAhCgf9Uy89I03faLkg-- <- std-env 3.10.0
+ nodelite-2-5gTmgEY-sqK6gFXLIsQNH19lWb4ebPDLA4SdLP7dsWkIXHWlG66oPuVvXSGFPppYZz8ZDZq0dYYrbHfBCVUb1Q-- <- picomatch 4.0.3 (4.0.7 is available)
+ nodelite-2-5IKx-Y13RsYd-sauPb2x-U-xZikHjolzfuDgTAl-Tdf3Q8rslRvC19NKDLgAJQ6wsqADk10ntlv08nPFw-gO-A-- <- @swc/helpers 0.5.17
+ nodelite-2-5jW-GNLdZMiw-PJ8FYSvOghoApSjsORNIro2fj8j6NHAqJxJjcHekC5-NsKaawoI5LAkU-XDDVjNC71Yz-uS1w-- <- @pnpm/npm-lifecycle 1001.0.0
+ nodelite-2-5kcJm-zk-GJDSfw-V-42fJ5fhjL5YbFDl8nVdXkJPLLW-Vf9mTD5Xe0wqIaDnLuL2U6cDNpTr-UQ-v2HWIBhzw-- <- postcss-modules-local-by-default 4.2.0
+ nodelite-2-5KoIu2Ngpyek75jXodFvnafB6DJgr3u8uuK0LEZJjrU19DrMD3EVERaR8sjz8CCGgpZvxPl9SuE1GMVPFHx1mw-- <- is-negative-zero 2.0.3
+ nodelite-2-5l4VyZR86LZ-lDxZTR6jqL8AFE2S0IFLMP26AbjsLVADxHdhB-c0GUsH-y39UfCi3dzz8OlQuPmnaJOMoDHQBA-- <- run-parallel 1.2.0
+ nodelite-2-5m3bsyrjFWE1xf7nz7YXdN4udnVtXK6-Yfgn5qnahL6bCkf2yKt4k3nuTKAtT4r3IG8JNR2ncsIMdZuAzJjHQQ-- <- node-addon-api 7.1.1 (8.5.0 is available)
+ nodelite-2-5mMeb1TgLWoRKxZ0Xh9RZDfwUUIqRrcxO2uXO-Ezl1N5lqpCiSU5Gk6-1kZediBfBHFtPCdopr2UZ2SgUsKcgQ-- <- postcss-html 1.8.0
+ nodelite-2-5NPgf87AT2STgwa2ntRMr45jTKrYBGkVU36yT0ig-n-GMAa3oPqhZfIQ2kMEimReg0-t9kZViDVZ83qfVUlckg-- <- pac-resolver 7.0.1
+ nodelite-2-5Q2mfq2WfGuFp3uS--0s6baOJLMoVduPYVeNmDYxu5OUA1-cBfvr2RIS7vi62LdNj-urk1hfmj867I3qt6uZ7Q-- <- b4a 1.7.3 (1.8.1 is available)
+ nodelite-2-5QvjGxYVjxO59MGU2lHVYpRWBBtKHnlIAcSe1uNFCkkptUh63NFRj0FJQm7nR67puEruUci-ZkjmEFrjCAyP4A-- <- papaparse 5.5.3
+ nodelite-2-5TF-l7p4-OsnP8BCCvSyZiSPc4x4--p5uPwK8TCnVPJYRmU2aYKMpOXvw8zM5a5JvuuCGN1jmsMwuU2W02ukfA-- <- selderee 0.11.0
+ nodelite-2-5uC6DDlmeqiOwCPmK9jMSdOuZTh8bU39Ys6yidB-UTt5hfZUPGAypSgFRiEp-jbi9qH40BLDvy85jIU88wKSqw-- <- tinyexec 1.0.1 (1.0.2 is available)
+ nodelite-2-5V0UijQWiSBj32blkyPEqIbzc6HO9c1bwnBhx-ay2dzU0FakH-qMdNUT8nF9BvDE-i6I1U8CqCuJiO20vKEdQw-- <- vite-plugin-vue-devtools 7.7.2
+ nodelite-2-5v6yZd4JK3eMI3FqqCouswVqwugaA9r4dNZB1wwcmrD02QkV5H0y7XBQW8QwQqEaZY1pM9aqORSORhJRdNK44Q-- <- gray-matter 4.0.3
+ nodelite-2-5WmZ5-kJgJDjwXXIzr1vDTG-RhF9wzSODQBfkrQ2VVkYALKGvZX1lgVSxEkgicSAFnFhPj5rudJV0zoinqS0bA-- <- @smithy/shared-ini-file-loader 4.4.0 (4.4.3 is available)
+ nodelite-2-5XHYaSyiqADb4RnZ1Bdad6cPp8Toise4TzEjcOYDHZkTCbKgiUl7WTUCpNWHuxmDt91wnsZBc9xinNzopv3JMQ-- <- is-fullwidth-code-point 5.1.0
+ nodelite-2-5XRUFc0WTtUbjfGzEwXc42tiGxQHBmtbUG1h9L2apu4SulCGN3Hqm--9D6FAolf8MYNL7f-YlJl9vy08pj5JuA-- <- file-entry-cache 10.1.4
+ nodelite-2-5YHsflzHP4t1G-8WGPlvKbJEbAJGCgw-Em-dGR1KmBUbr1J36SJBqlHLjR7oob7sco5hWHGQVcr9B2poIVDDTQ-- <- update-check 1.5.4
+ nodelite-2-5zN8sQstmoHcFpaJn6-b7hJDigRf5sso-fuba2DrZbNHk--vOHHo9t7IjoaDuRPkfRR7Qs4IzFfHczpJ9S6Fiw-- <- @types/mapbox__mapbox-gl-geocoder 5.1.0
+ nodelite-2-6-do24VnEyvWcGdHXomlpd0m8bfZePpUKBy7m311n-JuRwug8J4dCanJdTymx--8mi0nlkflZBvJe-dEO-O12Q-- <- @smithy/hash-stream-node 4.2.5 (4.2.8 is available)
+ nodelite-2-6-mh1E2u2YgEsCHdY0Yx5oW-61gZU-1vXaoiHHrpKeuRNNgFvS--jrwHiQhB5apAf5oB7UB7E19ol2R2LKH8hQ-- <- abbrev 2.0.0 (4.0.0 is available)
+ nodelite-2-60BCwRFOZCQhDncwQdxxeOEEkbc5dIMccYLwbxsS4TUNeVECQ-pBJ0j09mrHOl-JJvpRPGwO9SvE4nR2Nb-a4Q-- <- @types/resolve 1.20.2 (1.20.6 is available)
+ nodelite-2-61g9pCh0Vnh7IutZjtLGGpTA355-OPn2TyDv-6ivP2h-AdAVX9azsoxmg2-M6nZeQZNYBEwIcsne1mJd9oQItQ-- <- serve-static 2.2.0 (2.2.1 is available)
+ nodelite-2-61tmh-k7hnKK6b2XbF4GvxmiaF3l2a-xQlZyeoOGBs7mXU3Ie8iCAeAnM0-r70KiqTrgWvBCjMeM-W3JarJqaQ-- <- @pnpm/byline 1.0.0
+ nodelite-2-631UJ6O00eNGfMiWG78ck80dfBab8X6IVFB51jZK5Icd7XAs60Z5y7QdSd-wGIklnWvRbUNloVzhOKKmutxQ6Q-- <- strip-literal 2.1.1 (3.1.0 is available)
+ nodelite-2-65P7iz6X5yEr1cwcgvQxbbIw7Uk3gOy5dIdtZ4rDveLqhrdJP-Li-Hx6tyK0NEb-2GCyneCMJiGqrADCSNk8sQ-- <- to-regex-range 5.0.1
+ nodelite-2-66-V2i5hQanC51vBQKPH4aI8NMAcBW59FVBs-rC7eGHupMyfn34q7rZIE-ETlJ-XTevqfUhVVBgSUNSW2flEUQ-- <- webpack-virtual-modules 0.6.2
+ nodelite-2-67ynC-8UW9Y8Gn1ZZtC3OgcQDGWrJelHmkbgpmmxYUrzVhp-NINtz3wiTzrrBFhPH-8Uy6BxvhMfXhn0ptcMEQ-- <- @aws-sdk/credential-provider-http 3.928.0 (3.972.4 is available)
+ nodelite-2-68s5jYdlvasItOJnCuI2Q9s4q98g0pCyL3HrcKJu8KNugUl8ahgmZYg38ysLTgQjjXX3H8CJLkAvWrclWfcalw-- <- dataloader 1.4.0 (2.2.3 is available)
+ nodelite-2-6aU-Rwsezw7VR8-nyvKTx8QpWH9FrcYiXXlqC4z5d5XQBDRqtbfsRjnwGyqbi3gddNtWHuEk9OANUotL26qKUw-- <- secure-json-parse 2.7.0 (4.1.0 is available)
+ nodelite-2-6BLOQUscTpZeGljvyQXlWOItQyU71kCdGz7Pi8H8zdw6BI0g3m43iL4xKUVPWtG-qrrL9DTjpdn8eYuCQSRpow-- <- @changesets/errors 0.2.0
+ nodelite-2-6BN9trH7bp3qvnrRyzsBz-g3lZxTNZTbVO2EV1CS0WIcDbawYVdYvGflME-9QP0h0pYlCDBCTjYa9nZzMDpyxQ-- <- finalhandler 1.3.1 (2.1.1 is available)
+ nodelite-2-6C8nqWur3j98U6-lXDfTUWIfgvZU-EumvpHKcYjujKH7woYyLj2sUmff0tRhrqM7BohUw7Pz3ZB1jj2gW9Fvmg-- <- @types/geojson 7946.0.16
+ nodelite-2-6cV8WWS5-bTEwkk2RF9WF-QeRxDqsN2rJ-b6OnQYT3jiUqWlAjdESu0EzOX4LkGQiJTOQS4k34axM3FcUKdIaw-- <- @pnpm/exec.pkg-requires-build 1000.0.11
+ nodelite-2-6DIBgBQaTKDJyxnXaLiLR8wBpQQcGWuAESkRBX-t6OwA8YsqP-iVSiond2EDy6Y-dsGk8rh-jtax3js5NeV7JQ-- <- pg-protocol 1.10.3
+ nodelite-2-6DnInpx7SJ2AK3-CTUE-ZM0vWTUboZCegxhC2xiIydHR9jNuTAASBrfEpHhiGOZw-nX51bHt6YQl8jsGo4y-0w-- <- cookie 0.7.1 (1.1.1 is available)
+ nodelite-2-6eZs5Ls3WtCisHWp9S2GUy8dqkpGi4BVSz3GaqiE6ezub0512ESztXUwUB6C6IKbQkY2Pnb-mD4WYojCRwcwLA-- <- normalize-path 3.0.0
+ nodelite-2-6FlzubTLZG3J2a-NVCAleEhjzq5oxgHyaCU9yYXvcLsvoVaHJq-s5xXI6-XXP6tz7R9xAOtHnSO-tXtF3WRTlA-- <- ms 2.1.3
+ nodelite-2-6fPc-R4ihwqP6N-aIv2f1gMH8lOVtWQHoqC4yK6oSDVVocumAsfCqjkXnqiYMhmMwS-mEHLp7Vehlt3ql6lEig-- <- strip-json-comments 3.1.1 (5.0.3 is available)
+ nodelite-2-6FqVXeETqWPoGcfzrXb37E50NP0LXT8kAMu5ooZayhWWdgEY4lBEEcbQNXtkuKQsGduxiIcI4gOTsxTmuq-bSg-- <- compress-commons 6.0.2
+ nodelite-2-6gS8pZzSXdyRHTIqoqSVknxolr1kzfy4-CeDnrzsVz8TTIWUbOBr6gnzOmTYJ3eXQNh4IYHIGi5aIL7sOZ2G-g-- <- @sinclair/typebox 0.34.41 (0.34.52 is available)
+ nodelite-2-6hY4Kl4HPBvtfS62asS-R22JzNNy8vi-Ssev7x6EobfCp-9QIB2hKvI2EtbdJ0VSQacxVNtqhE-NmF-NZ0gm6g-- <- @internationalized/number 3.6.5
+ nodelite-2-6i9mGWSlqzNMEqpCp93KwRS1uUOodk2OJ6b-sq7ZPDSy2WuI5NFIxp-254TytR8ftefexkWn5xNiHUNpPOfSew-- <- is-weakref 1.1.1
+ nodelite-2-6iBczoX-kDQ7a3-YJBnh3T-KZRxM-iYNPXicqk66-Qfm1b93iu-yOImkg0zHbj5LNOcNv1TEADiZ0xa34B4q6Q-- <- which-builtin-type 1.2.1
+ nodelite-2-6iJ49rtBaNJh1QzP-iCyjDXxum-rQLrUFlScLgOWd-Rmlbk7WWohby1uaLU9-jWeHmaggI3ALqO4UU3xtUtiYw-- <- @pnpm/store-controller-types 1004.0.1 (1004.1.0 is available)
+ nodelite-2-6IpQ7mKUxRcZNLIObR0hz7lxsapSSIYNZJwXPGeF0mTVqGKFIXj1DQcMoT22S3ROcLyY-rz0PWaWZ9ayWmad9g-- <- optionator 0.9.4
+ nodelite-2-6iZd9dFv0pcp3gIuS32OPbA7BUgTixTKnkFzqU2OYbrVDqHrY8BEuUOZY9BN83edVSp376y7xIp1qucmL2es8w-- <- @unhead/addons 1.11.20
+ nodelite-2-6j56HdLTwWGO0fJPlrZtdU-B13q8Uwmo18Ck2GnGgN9PCFyKTZ3UbXeEdRFh18i9XQ92eH2VdtpJHpBD3aripQ-- <- @mapbox/point-geometry 0.1.0 (1.1.0 is available)
+ nodelite-2-6kZKyUajlDuqlHKVX1w7gyslj9MPIXzIFiz-rGu35uC1wMi-kMhQwGhl4lt9unC9Vb9INnY9Z3-ZA3-FhASLaw-- <- domutils 3.2.2
+ nodelite-2-6NCPkv1ClwH--BGE9QeoTIl09nuiAt0gS28nn1PvYXsGKRwM2TCbFA2QiilmehPDTXIe684k4rZI1yl3A1PCUw-- <- unplugin 2.3.10 (3.0.0 is available)
+ nodelite-2-6qOwkl1g0fv0DN3Y3ggr2EaZXN71aoAqPp3p-pVaWSBSIo-YjLOWN61Fva43oVyQNPf7kgm8lkudzlzojwE2jw-- <- encode-registry 3.0.1
+ nodelite-2-6sys1vUlhNCqMvJOqPEPSi0jc9tg7aJ--oG1A16H3PXoIt9whtNngD7UzBHUVTH15zunR-vRvMtGNVsogm1KzA-- <- @mapbox/fusspot 0.4.0
+ nodelite-2-6T6lH0H8OG9kITm-Jm6tdooIbogG9e0tLgpY6mphXSm-A9u8Nq1ryBG-Qspiub9LjWlBPsPS3tWQ-Botq4FdxA-- <- minipass-collect 1.0.2 (2.0.1 is available)
+ nodelite-2-6tCUoql-ipWwKtVP-xYiFf1U9QgJ0PUvxN7pTcsQ8Ns3Fnwq1pU5D5s1MhT-XySeLq6GXNvn37U46Ded0TckWg-- <- postcss-discard-comments 7.0.4 (7.0.8 is available)
+ nodelite-2-6tDA8g98We0zd0GvVeMT9arEOnTw9qM03L9cJXaCjrip1OO764RDBLBfrB4cwzNGDj5OA5ioymC9GkizgWJDUg-- <- redent 3.0.0 (4.0.0 is available)
+ nodelite-2-6tfZ91bOr7bOXnK7PRDCGBLa1H4U080YHNaAQ2KsMGlLEzRbk44nsZF2E1IeRc3vtJHPVbKCYgdFbaGO2ljd8g-- <- got 11.8.6
+ nodelite-2-6umCCHcjQrhP5oXhrHQQvLB0bwb1UzHAHdsXy-FjtKoYjUhmNZsQL8NivwM1vDvNEChJabVrUYxUnp-ZdYmy2g-- <- happy-dom 20.0.10
+ nodelite-2-6UvOyczHknpaKjrlKKSlX3rwpOrfJwiMG6qA0NRKJFgbcCAEUxmN9A8JvW4inP46DKdQ0bekdOxwRtAhFiTDfg-- <- @napi-rs/snappy-linux-x64-musl 7.3.3
+ nodelite-2-6wSrQRA-nT1ksZncvCyXo8a7-UIGuVEYnoubLKlJ-7j9MzHfSkDebL5YHBt03mmR7fJ-IRew-9xqsLzAbT0yUQ-- <- @aws-sdk/client-sesv2 3.928.0 (3.975.0 is available)
+ nodelite-2-6xKiQ-cph9KImrRh0VsjH2d8-GXA4FIMlgU4B757iI1ApvcyA9VlouP0yZJha01V-huImO-kKMU7ih-2-E14fw-- <- node-forge 1.3.2
+ nodelite-2-6XQFvXTkbfUOZOKKILFG1PDK2NDQs4azKQl26T0YS5CxqWLgXajbPZ-h4gZekJyRqFU8pvnbAbbs-3TgRPy-GQ-- <- ws 8.17.1
+ nodelite-2-6Y3-rvBF7-PZOc40ybeZMcGln6xJGVeY60E7jy9Mv5iKpMJpHgRE6dKy9ScsVxvfAYuEX4Q9a65DQX90KaQ3bA-- <- @smithy/util-middleware 4.2.5 (4.2.8 is available)
+ nodelite-2-6y7IjGPm8AzlvoUrwAaw1tLnUBudaS3752vcd8JtrpGGQn-rXIe63LFVHm-YMwtqAuh-LJPCFdlLYPWM1nYn6w-- <- mri 1.1.4 (1.2.0 is available)
+ nodelite-2-6yoGqbJcMldVCevkFiHDBTB1V5Hq-G-haPlGIuaFZHpXC0HADB0EN1ryQAAceiW-ryS3niUwvdFbGiqHqBrfVA-- <- @vueuse/metadata 14.0.0 (14.2.0 is available)
+ nodelite-2-6zABk-ECA-QYSCQ1NGiVwwbQerUCZ-TQbp64Q3AgmfNvurHH0j8TtXa1qbShXA6qqkpAj4V5W8pP6mLe1mcMqA-- <- @bcoe/v8-coverage 1.0.2
+ nodelite-2-6ZiOBfCywsD4k1BN9IX0uZhF-tJkV8q8llP64G5Hajs4JOeVLPCwpPVcpXy3BwYiUGgyJzsJJQeOIv7-hDSq8g-- <- prom-client 15.1.3
+ nodelite-2-6zWPyEOFaQBJYcGMHBKTKJ3u6TBsnMFOIZSa6ce1e-ZrrsOlnHRHbabMjLiBYKp-n44X9eUI6VUPaukCXHuG4g-- <- promise-inflight 1.0.1
+ nodelite-2-7--dFhtcx3353uBaq8DDR4NuxBetBzC7ZQOhmTQInHEd6bSrXdiEyzCvG07Z44UYdLShWUyXt5M-yhz8ekcb1A-- <- shebang-regex 3.0.0
+ nodelite-2-7-iqOueLU7uc9NrMfrzbG8hwMqchfVfSzpVlCMeJQe4pyibqyoifDNbKTZvwxZKDvGkB-PdFeKvnGZMoEb8esg-- <- vue-resize 2.0.0-alpha.1
+ nodelite-2-71UV2HRUP-djvHpdyatiuv-Y1o8hI4ZI7bMfuuoACMLR1JJCErM4WXAclNeHd6BgHXkqeqnnAk3wpDkSQWmFXw-- <- node-xmllint 1.0.0
+ nodelite-2-72fSenhMw2HZMTVHeCA9KCmpEIbzWiQsjN-BHcBbS9vr1mtt-vJjPdksIBNUmKAW8TFUDPJK5SUU3QhE9NEXDw-- <- color-name 1.1.3 (2.0.2 is available)
+ nodelite-2-76ORR0DO1o1hlKwTbi-DM3EXWGf3ZJYO8cXX5RJwnul2DEg2oyoZyjLNoQM8WsvZiFKCRfC1O0J7iCvie3RZmQ-- <- stream-shift 1.0.3
+ nodelite-2-77DZwxQmxKnu3aR542U-X8FypNzbfJ-C5XQDk3uWjWxn6151aIMGthWYRXTqT1E5oJvg-ljaa2OJi-VfvCOQ8w-- <- pstree.remy 1.1.8
+ nodelite-2-78-PXT1wlLLDgTzDs7sjq9hzz0vXD-zn-7wypEe4fXQxCmdmqfGsEPQxmiCSQI3ajFV91bVSsvNtrJRiW6nGng-- <- find-up 5.0.0 (7.0.0 is available)
+ nodelite-2-7bQW-gkKa2kKZPeJf6-c6gFK9ARxQfn-FKy9ScTBppyKRWH2KzsmweXUoklqeEiHiNVWaeP5csIdsNq6w7QhzA-- <- @gwhitney/detect-indent 7.0.1
+ nodelite-2-7c3MMjjSZ-qYrx3uc1940GSOzN1Iqjtlqe8uoSg-qdVPYyRb0TILSqqmtlSFuE4mTDECwsm397Ya7iXGzfF7lg-- <- postcss-discard-overridden 7.0.1 (7.0.3 is available)
+ nodelite-2-7EHz6qDZc8RYS5ElPoShMheWvEgERonFCs7IAonWLLUTXW59DP14bCZt89-GKyreYn8g3S83m21FelHKbeDCKA-- <- @babel/helper-replace-supers 7.27.1 (8.0.1 is available)
+ nodelite-2-7fm3l3NAF9WfN6W3JOmf5drwpVqX78JtoGJ3A6W0a6ZnldM41w2fV5D490psKFTpMds8TJse-eHLFFsNHHjHgg-- <- lower-case 2.0.2
+ nodelite-2-7hvf7-GW8e86rW0ptuwS3OcBGDjIi6SZva7hCyWC0yYry2cOPmLIjXAUHI6DK2HsnwJd9ifmt57i8eV2n4YNpw-- <- data-uri-to-buffer 6.0.2
+ nodelite-2-7iJFm9lL3C40HQcqzEfezK2l-dW2CpoVY3b77KQGqc8GXWa6LhhmX5Ckv7alQfUXBuZbjpICZ-Dvq1czlGx7gA-- <- @svgdotjs/svg.draggable.js 3.0.6
+ nodelite-2-7iN8iPMDzOMHPUYllBEsQdWVB6fPDMPqwjBaFrgr4Jgr--okjvzAy-UHlYYL-Vs0OsOrMkwS6PJDkFlJwoxUnw-- <- express-rate-limit 7.5.1
+ nodelite-2-7jdwVIRtsP8MYpdXSwOS0YdD0Du-qOoF-AEPIt88PcCFrZCzx41oxku1jD88hZBwbNUIEfpqvuhjFaMAqMTWnA-- <- path-to-regexp 8.3.0
+ nodelite-2-7JljhfFFf-qUVi-Nzfq4stBpfSt-JJp5xYx0nAJ6-cagAqiVeYP-chawj7iT3jhhpESclAToTi0NjyiTTzK4VQ-- <- @pnpm/resolver-base 1005.1.0
+ nodelite-2-7k2OglWWt6LzvJKwEf1izbGvETvVfPYRBr9JgEYVRnz-R9LeJSp-B51FUMO46wUeEGtZ1jA3E3PtWWLlq3iygA-- <- tsdown 0.15.11 (0.20.1 is available)
+ nodelite-2-7kIufnBqdsBGcSZLPJwqHT3yhk1QTsSlFsVD3kx5ixH-AlgBs9yM1q6DPhXZ8f8gtdqgh7N7-5btRLpQsS2gHw-- <- hdr-histogram-percentiles-obj 3.0.0
+ nodelite-2-7ktyY0rfTM0vo7HvtK6E3UvYnI9qfd6Oz6z--92VhGRveWng3kJwMKeUpqmW-NmwcDNbxHpSlldG-vsUnRFnBg-- <- @azure/storage-blob 12.29.1
+ nodelite-2-7MptL8U0cqcFdzIzwOTHoilX9x5BrNqye7Z-LuC7kCMRio1EMSyqRK3BEAUD7sXRq4iT4AzTVuZdhgQ2TCvYLg-- <- fast-glob 3.3.3
+ nodelite-2-7N-q3lyZ-LVCp7PzuxrJr4KMbBE2hW7BT7YNia330OFxIf4d3r5zVpicP2650l7CPN6RM9zOJRl3NGpqSiw3Eg-- <- map-obj 1.0.1 (4.3.0 is available)
+ nodelite-2-7NzBL0rN6fMUW-f7A6Io4h40qQlG-xGmtMxfbnH-K7TAtt8JQWVQK-6g0UXKMeVJoyV5EkkNsErQ8pVD3bLHbA-- <- chalk 5.6.2
+ nodelite-2-7oUsW8-7eXOW85lV8-kMCFGGzqxI-JtNJYptR8XDgjgTNL8Bcnj3toAfDZiqg4o3XpJRQhDwKZNbKcPdxEFsTw-- <- smtp-server 3.16.1
+ nodelite-2-7oV2qEOr1d4NWNmpXLR35LvCfOkTNymY9oyW-lUHkmCno7aOmIf-hMaydnJBUTBMRCOGZh8YjkFOc8dadEoNGA-- <- @typescript-eslint/typescript-estree 8.46.4
+ nodelite-2-7PGFlmtwsEADb0WYyvCMa1t-yke6daIG4Wirafur5kcf-MhUnPms1UeR0CKQdTZD81yESwMHbtn-TR-dMviakQ-- <- set-function-name 2.0.2
+ nodelite-2-7PiHtLll5LdnKIMw100I-8xJXR5gW2QwWYkT6iJva0bXitZKa-XMrSbdmg3r2Xnaidz9Qumd0VPaMrZlF9V9sA-- <- progress 2.0.3
+ nodelite-2-7qhCVT4MJIoEsNcbhglhdmBKb09QtcmJNiIQGq7js-Khf5FtQQ9bzcAuloeqBeee7XD7JqDeve9KNlQya5tSGQ-- <- hyperid 3.3.0
+ nodelite-2-7rAxByjUMqQ3-bHJy7D6OGXvx-MMc4IqBn-X0fcM1QUcAItpZrBEYhWGem-tzXH90c-G01ypMcYJBO9Y30203g-- <- body-parser 1.20.3 (2.2.2 is available)
+ nodelite-2-7rKUyy33Q1yc98pQ1DAmLtwX109F7TIfWlW1Ydo8Wl1ii1SeHieeh0HHfPeL2fMXK6z0s8ecKs9frCuLJvndBg-- <- uri-js 4.4.1
+ nodelite-2-7RUKfXgSMMkzt6ZuXmqapOurLGPPfgj6l9uRZ7lRGolvk0y2yocc35LdcxKC5PQZdn2DMqioAQ2NoWcrTKmm6g-- <- estree-walker 3.0.3
+ nodelite-2-7sj4Q3EPvMjS5z9JaNOZ8gvT6HZvDeg-RjEP0ebbfpAo1V095ivkzpKqV-mDIK-ioBwOKj-bOhTtNuueTjVCfw-- <- @tus/server 2.3.0
+ nodelite-2-7SpgZmU7R-dDnSmvXE1mfDtnHLHQSisdySVR7lO8ceAXvM0otZeuQQ6C8LrS5d-aYyP-QZ0hI0L-dIPrm4YlFQ-- <- vite-hot-client 2.1.0
+ nodelite-2-7VPMEPuYznPSoR21NE1zvd2Xna6c-CloiZCfcMXR1Jny6PjX0N4Nsa38zcBFo-FMK-BlA-FLKbJCQ0i2yxp-Xg-- <- buffer-builder 0.2.0
+ nodelite-2-7VT13fmjotKpGipCW9JEQAusEPE-Ei8nl6-g4FBAmIm0GOOLMua9NDDo-DWp0ZAxCr3cPq5ZpBqmPAQgDda2Pw-- <- chokidar 3.6.0 (5.0.0 is available)
+ nodelite-2-7Vv6asjS4gMOuILabD3l739tsaxFQmC-a7pLZm02zyvs8p977bL3zEgq3yDk5rn9B0PbYgIv--jmHcuUab4RhA-- <- copy-anything 4.0.5
+ nodelite-2-7xgomUX6ADmcYzFik0HzAxh-73YlKR9bmFzf51CZwR-b6YtzU2m0u49hQCqV6SvlqIqsaxovfwdvbnsw3b-zpg-- <- help-me 5.0.0
+ nodelite-2-7XHNxH7qX9xG5mIwxkhumTox-MIRNcOgDrxWsMt2pAr23WHp6MrRlN7FBSFpCpr-oVO0F744iUgR82nJMfG2SA-- <- function-bind 1.1.2
+ nodelite-2-7ylylesZQ-PV29jhEDl3Ufjo6ZX7gCqJr5F7PKrqc93v7fzSymt1BpwEU8nAUXs8qzzvqhbjhK5QZg6Mt-HkBg-- <- lines-and-columns 1.2.4 (2.0.4 is available)
+ nodelite-2-7ZvoFTiCnGxBtDqJ--Cu6fWtZtc7Y3x-QOirG15wztbdngGSkht27o2pyGWrVy0b4WAy3jbKmnoK6g5VlVNUUw-- <- strnum 2.1.1 (2.1.2 is available)
+ nodelite-2-8-9WqebbFzpX9OR-Wa6O29asIogeRMzcGtAINdpMHHyAg10f05aSFVBbcEqGf-PXw1EjAZ-q2-bEBg3DvurK3Q-- <- argparse 2.0.1
+ nodelite-2-82GZUjRS0p-jganf6q1rEO25VSoHH0hKPCTrgillPjdI-3bgBhAE1QzHrHTizjpRvy6pGAvKjDJtk2pF9NDq8w-- <- eslint-config-prettier 10.1.8
+ nodelite-2-82V7YHcle8lhgIGqEWwtXYN5cy0QM-OHq3ypGhQTbvHR57DF0vMHMjjVSQKFfVXBe-yWCBZTyOuzvK7DFFnx5Q-- <- @mapbox/geojson-normalize 0.0.1
+ nodelite-2-831qok9r2t8AlxLko40y2ebgSDhenenCatLVeW-uBtnHPyhHOvG0C7TvfgecV-wHzIm5KUICgzmVpWS-IMEAeg-- <- @sec-ant/readable-stream 0.4.1
+ nodelite-2-8EG5YPRgmTB-YxYBM3VXy8zHD9SWHUJLIGPhDovo3Z8VOgvP-O7UP5vl0J4BBPWYD9vxtBabzW1EuEZ-Cqs14g-- <- @vue/compiler-sfc 3.5.24 (3.5.27 is available)
+ nodelite-2-8F0OI5dpWIA5IGG5NHUg9staDwz-ZPxZtvGVf01j7vHqSyZ0raHY-78atOVxRqb73AotX22uV1pXt3gYSstGag-- <- zhead 2.2.4
+ nodelite-2-8fEvK-WPE3wUAcDvqDQG1Vk3ANLR8Px979te96m84CbKAjBVf25rPYSzb4xU4hlTyho7VhOGnh5i62D-JVF0JQ-- <- @smithy/service-error-classification 4.2.5 (4.2.8 is available)
+ nodelite-2-8guHBZCwKnFhYdHr2ysuRWErTwhoN2X8XELRlrRwpmfeY2jjuUN4taQMsULKUVo1K4DvZl-0pgfyoysHxvmvEw-- <- eventemitter3 4.0.7 (5.0.4 is available)
+ nodelite-2-8HSq6Q2uJum8NUSP900s1NcfUnNQeTO0FqgEbMgO-xse-B-6A7Zn6chX-6ZA1r1p5P5LfaSOKqjQmf09BiakzQ-- <- @vueuse/router 14.0.0
+ nodelite-2-8iLN1XSE1rl4MuxvQ-5OSk-Zb5El7NJZ1td6Tn-8dQQHIjp59Lwl6bd0-nzw6SKm2wSSriH2v-I9LPzUic7EOg-- <- @smithy/property-provider 4.2.5 (4.2.8 is available)
+ nodelite-2-8iUql50EUR-uUcdRQ3HDqa6EVyo3docL8g5WJ3FNcWmu62IbkGUue-pEyLBW8VGKKucTPgqeks4fIU1DA4yowQ-- <- ajv-formats 3.0.1
+ nodelite-2-8KG5RD0GVP4ydEzRn-I4BNDuxDtqVbOdm8675T49OIG-NGhaK0pjPX7ZcDlvKYbA-ulvVK3ztfcF4uBdOxuJbQ-- <- @npmcli/fs 1.1.1 (5.0.0 is available)
+ nodelite-2-8lD-t2KrrScJ-7KXCSyfhT3-hRq78rC0wBFqNJXv3mZyn6hW2ypM05JmlSvtqRbeq6jqA94oHbxAr2vYsJ8vDA-- <- sync-child-process 1.0.2
+ nodelite-2-8LS0JInaQMCRoQ7YUytAo-xUu5W2XnQxV2HI-6uM6U7CITS1RqPElr30V6uIqyMKM9lJGRVFy5-4CuzcixNYSg-- <- sentence-case 3.0.4
+ nodelite-2-8Mf2cbV7x1cXPUILADGI3wuhfqWvtiLA1iclTDbFRZkgRQS0NqsPZphna9V-HyTEadheuPmjaJMsbzKQFOzLug-- <- prebuild-install 7.1.3
+ nodelite-2-8mGnNUVNrqEdTnrlcaDxs4sAZg0No6njO-FuhQd4L56nUbJO1tHxOoKDH3mmMJg7f-BhEj-1KjU5W9kZ9zM-kQ-- <- rolldown-plugin-dts 0.17.3 (0.21.8 is available)
+ nodelite-2-8oF6nj02qX7eE-6-wFT5NluXRHc05AgdCC3fJnkjiJooq8u7BcLmxaYYSwc2AfEkWRMRi6Eyvvbeqk4U4412Ag-- <- @azure/msal-common 15.13.0
+ nodelite-2-8Ofs-AUQh8MaEcrlq5xOX0CQ9ypTF5dl78mjlMNfOK08fzpgTHQRQPBxcPlEtIw0yRpws-Zo-3r-5WRby7u3Gg-- <- negotiator 1.0.0
+ nodelite-2-8OtRdlSFbF-NDKg3CYQZPbI41JUwRPHIOB1f3fc3AG0Wb7CecSuuUG5EG-IsCmTHyzF6cyKpcjR-jcv62U3w6w-- <- @types/mapbox__mapbox-gl-draw 1.4.9
+ nodelite-2-8OwmbklUNzwezjGInmZ-2clQmExQPvomqjL7LFqOYqtmuxRgQYqOD3mHaU-MvZn5FLUeVxVfQjwLZW-n-JFuqg-- <- seedrandom 3.0.5
+ nodelite-2-8P--tA8DVPk-3XURk2rwcKgYwFvwGwmJH-wJqQiSKwXZtf-LiZK-hbUZmPj-9KzM-OVSwe4o85KTp5x9DUZTjw-- <- @smithy/hash-blob-browser 4.2.6 (4.2.9 is available)
+ nodelite-2-8p0AUk4XODgIewSi0l8Epjs-EVnWiK7NoDIEGU0HhE7-ZyY8D1IMY7odu5lRrFXGg71L15KG8QrPmum45RTtdA-- <- readable-stream 2.3.8 (4.7.0 is available)
+ nodelite-2-8pmmfutrMlPHukLp-Th9asmk21tBXMVGxskZCzkRVWt1d8Z0SrXjUUQ3vn9KcBj1bJRd5msk6yfEFM0UYHBRdg-- <- stylelint-config-standard-scss 15.0.1
+ nodelite-2-8q7VEgMJW4J8tcfVPy8g09NcQwZdbwFEqhe-WZkoIzjn-3TGDwtOCYtXGxA3O8tPzpczCCDgv-P2P5y00ZJOOg-- <- merge2 1.4.1
+ nodelite-2-8QmQKqEASLd5nx0U1B1okLElbUuuttJ-AnYmRXbbbGDWh6uS208EjD4Xqq-I9wK7u0v6O08XhTWnt5XtEbR6Dg-- <- define-properties 1.2.1
+ nodelite-2-8r3mkIM-2-PpjHoOtiAW8Rg3jJLHaV7xPwG-YRGrv6FP0wwk-toTpATxWYOW0BKdWwl82VT2tFYi5DlROa0Mxg-- <- strip-literal 3.1.0
+ nodelite-2-8Rf9Y83NBReMnx0gFzA8JImQACstCYWUplepDa9xprwwtmgEZUF0h-i5xSA625zB-I37EtrswSST6OXxwaaIJQ-- <- has-unicode 2.0.1
+ nodelite-2-8SFQbg-0hQ9xy3UNTB0YEnsNBbWfhf7RtnzpL7TkBiTBRfrQ9Fxcnz7VJsleJpyp6rVLvXiuORqjlHi5q-PYuA-- <- busboy 1.6.0
+ nodelite-2-8sLjZwK0R-JlxlYcTuVnyT2v-htpdrjDOKuMcOVdYjt52Lh8hWRYpxBPoKx-Zg-bcjc3wx6fmQevMmUztS-ccA-- <- postcss-selector-parser 7.1.0 (7.1.6 is available)
+ nodelite-2-8tlueuTgV5n7inQCkhyptrB3jo2AO80uGrps-XTYZivv5MFQKKBj3CIWIGMI2fRY5LEduIiazOhAWdFknY1O9w-- <- @smithy/smithy-client 4.9.3
+ nodelite-2-8uSpZZocAZRBAPIEINJj3Lo9HyGitllczc27Eh5YYojjMFMn8yHMDMaUHE2Jqfq05D-wucwI4JGURyXt1vchyg-- <- execa 5.1.1 (9.6.1 is available)
+ nodelite-2-8uYXI3Gw35MhiVYhG3s295oihrxRyytcRHjSjqnqZVDDy-xcGBRny7-Xj1Wgfhv5QzRtN2hB2dVRBUX9XW3UcQ-- <- @types/content-disposition 0.5.9
+ nodelite-2-8vXOvuE167CtIc3OyItco7N-dpRtBbYOsPsXCz7X-PMnlGjYjSGuZJgM1Y7mmew7BKf9BqvLX2tnOVy1BBUsxQ-- <- get-func-name 2.0.2
+ nodelite-2-8WB3Jcas3swSvjIeA2yvCJ-Miyz5l1ZmB6HFb9R1317dt9LCQoswg-BGrmAmkWVEszSrrg4RwmO46qIm2OEnSA-- <- camelcase 8.0.0
+ nodelite-2-8wb9Yw966OSxApiCt0K3yNJL8pnNeIv-OEq2YMidz4FKP6nonSRoOXc80iXY4JaN2FC11B9qsNmDsm-ZOfMROA-- <- jju 1.4.0
+ nodelite-2-8wk06DIwhTf16SRJ51PKuWzu-Cm8KuLopQmx-aIUkoCGS-EjaeVtX8oG8lI-MfgSrsHStczRozb3WLI9m-BPTA-- <- @pnpm/store-controller-types 1004.1.0
+ nodelite-2-8Y75pvTYkLJW2hWQHXxoqRgV7qb9B-9vFEtidML-7koHUFapnVJAZ6cKs-Qjz5Aw3aZWHMC6u0wJE3At-nSGwA-- <- uc.micro 1.0.6 (2.1.0 is available)
+ nodelite-2-8yYZ9TCbBKoBkzHtVNMF6PV1RJEUvMlhvmS3GxH4UvXMEHlS45jFyqFy0DU-K42jBs5slOaA78xGqqqWAx3u6A-- <- @inquirer/editor 4.2.22 (4.2.23 is available)
+ nodelite-2-8zGqypfENjCIqGhgXToC8aB2r7YrBX-AQAfIPs-Mlk-BtPTztOvTS01NRW-3Eh60J-a48lt8qsCzirQ6loCVfA-- <- raw-body 2.5.2 (3.0.2 is available)
+ nodelite-2-9-aCRt7teItSIMbnGvOY-FhtJnW2ZBUbfD-ug29a-ZbobDfTwmtrmtgEIWdXryFaRbT03HHfaJ3a--lTw4osuw-- <- @aws-sdk/middleware-flexible-checksums 3.928.0 (3.972.2 is available)
+ nodelite-2-9-KXeZUKKJwqCXUdBxFJ3vPh467OCckSBmYDwSK-EtV090K-iMJ7zx2S3HLVDIWFQdqMIsZWbnaGiba18aWhaA-- <- js-beautify 1.15.4
+ nodelite-2-92olbatybjsHTGB2CUnAM7s0mU-27gcMfLNA7t09UftndUdxywlQKur3fzXEPpfLrgZD3I2Bt8-UmiL7YDEgXQ-- <- path-temp 2.0.0 (2.1.0 is available)
+ nodelite-2-94Bdh3cC2PKrbgSOUqTiGPWVZeSiXfKOVZNJniWoqrWrRkB1CJzBU3NEbiTsPcYy1lDsANA-THzS-9WBiy5nfQ-- <- sirv 2.0.4 (3.0.2 is available)
+ nodelite-2-94hK0Hh8rPqQl2xXc3HsaBoOXKV20MToPkcXvwbISWLEs-64sBq5kFgn2kJDHb1Pry9yrP0dxrCI9RRci7RXKg-- <- smart-buffer 4.2.0
+ nodelite-2-95Pu1QXQvruGEhv62XCMO3Mm90GscOCClvrIUwCM0PYOXK3kaF3l3sIHxx71ThJfcbM2O5Au6SO3AWCSEfW4mQ-- <- truncate-utf8-bytes 1.0.2
+ nodelite-2-973driJZvxiGOQ5ONsFhOF-DtzPMOMtgC11kCpUrPGMTgqp2q-1gwzCquocrN33is0VZ5GFHXZYMM9l6h67v2Q-- <- pretty-ms 7.0.1 (9.3.0 is available)
+ nodelite-2-97PMG-aywoYpB4IvbvUJi0RQi8vearvU0oov1WW3k0WZPBMrTQVqekSX5CjSG-M4Q3i6A-0FKXC7RyAoAUUSPw-- <- flatpickr 4.6.13
+ nodelite-2-97qShzy1AiyxvPNIkLWoGua7xoQzzPjQ0HAH4B0rWKo7SZ6USuPcrUiAFrws0UH8RrbWmgq3LMTObhPIHbbBeQ-- <- ssri 8.0.1 (9.0.1 is available)
+ nodelite-2-9a4-uxlTWJ4-a5i0ooc1rU7C7YOw3wT-UGqdeNNHWnOF9qcMBgLRS-4IYUqbczewFx4mLEig6gawh7X6mFlEkA-- <- ufo 1.6.1 (1.6.4 is available)
+ nodelite-2-9AvErXXQTd6l7TDd5EmM-nxbOGyhnmdbp-8c3pw-tjaiSXW9usME90ET-CRG1LN1Y9tPMtz-p83z4Q97B4DDpw-- <- tedious 18.6.1
+ nodelite-2-9BCxFwvbGg-RsZK9tjXd8s4UcwR0MWeFQ1XEKIQVVvAGJyINdrqKMcTRyLoK8Rse1GjzLV9cwjWV1olXRWEXVA-- <- @socket.io/component-emitter 3.1.2
+ nodelite-2-9ByhssR2fPVsNZj478qUUbKfmL0-t5BDVyjShtyZZLiK7ZDAArFFfopyOTj0M05wE2tJPisA4iTnnXl2YoPvOA-- <- graceful-fs 4.2.10
+ nodelite-2-9cwHL2EsJBdi8NY22pngYYWzkTDhld6fAD6jlaeloNGciNSJL6bLpbxVgXl96X00Jtc6YWQv96YA-0sxex-k1A-- <- @vue/shared 3.5.24 (3.5.27 is available)
+ nodelite-2-9dgM-cZBnNvjzaMYHVoxxfPj2QXt22Ev7SuuPrs-xav0ukGB0S6d4ydZdEiM48kLx5kDV-QBPrpVnFyefL8kkQ-- <- is-async-function 2.1.1
+ nodelite-2-9fSjSaos-fRIVIp-xSJlE6lfwhES7LNtKaCBIamHsjr2na1BiABJPo0mOjjz8GJDURarmCPGqaiVg5mfjb98CQ-- <- get-intrinsic 1.3.0 (1.3.1 is available)
+ nodelite-2-9G8cA-tuMS75-6G-TzW8OtLzmBDMo8p1JRxN5AZ-LAp8uxGA8V8GZm4GQ4-N5QNQEnLmg6SS7wyuSmbKepiKqA-- <- raw-body 3.0.1 (3.0.2 is available)
+ nodelite-2-9gGx6GTtCQM73BgmHQXfDmLtfjjTUDSyoxTCbp5WtoixAhfgsDirWIcVQ-IHpvI5Vgd5i-J5F7B9cN-WlVbC-w-- <- is-symbol 1.1.1
+ nodelite-2-9HBM2XnwDj7fnu0551HkGdrUrrqmYq-WC5iv6nbY2WdicXdGbhR-gfbZOH73Aqj4351alY1-aoG9rCNfiwS1RA-- <- @codemirror/language 6.11.3
+ nodelite-2-9hSetMI7ECqbFiKICrNa4w70deTUfArtwXykPUvSHWOdzOlfa9ajglu7mNCntlvxycTiOAXkQGwjQCzzDEMRMg-- <- @otplib/preset-v11 12.0.1
+ nodelite-2-9ie8ItPR6tjY5uYJh8K-Zrv-RMZ5VOlOWvtZdEHYSTFKZfIBPQa9tOAEeAWhd-AnIneLJ22w5fjOYtoutpWq5w-- <- log-update 6.1.0
+ nodelite-2-9Kr-j4O16ISv8zBBhJoi4bXOYNTkFLOqSL3UDB0njXxCXNezjeyVrJyGOWtgfs-q2km1gwBcfH8q1yEGoMYunA-- <- cookie 1.0.2 (1.1.1 is available)
+ nodelite-2-9kY-CygyYM6j02t5YFHbNz2FN5QmYGv9zAjVp4lCDjlCw7amdckXlEt-bjMhUIfj4ThGRE4gCUH5-yGnNuPo5A-- <- table 6.9.0
+ nodelite-2-9LkiTwjUh6rT555DtE9rTX-BKByPfrMzEAtnlEtdEwr3Nkffwiihqe2bWADg-OQRjt9gl6ICdmB-ZFDCGAtSow-- <- retry 0.12.0 (0.13.1 is available)
+ nodelite-2-9MjtBhrMqUJRbUuCWT5SgE9esvIbnh5H6KbS-YDjFW7NDQ9kXbVULjM8IheuMris27bgF84pzfQkCBPBtqftqg-- <- @pnpm/read-project-manifest 1001.1.4
+ nodelite-2-9MWKevR7Hz8kNzzPLfX4EAtGM2b8mr50HPDBvio96bURP-9C-HjdH3sBlLSNNrvRAr5-k-svoH457gB5IKpmwQ-- <- @azure/core-tracing 1.3.1
+ nodelite-2-9NThjpgZnifTkJpzTZ7Eue85S49QwpNhZTq6GRJwObb6jnLFNGB7Qm73V5HewTROPyxD0C29xqmaI68bQtV-hg-- <- split2 3.2.2 (4.2.0 is available)
+ nodelite-2-9NykojV5Uih4lgo5So5dtw-f0JgJX30KCNI8gwhz2J9A15wD0Ml6tjHKwf6fTSa6fAdVBdZeNOs9eJ71qCk8vA-- <- sourcemap-codec 1.4.8
+ nodelite-2-9OdaqO5kwqR-1kVgHAhsp5vPNU0hnxRa26rBFNfNgM7M6pNtgzeBn3s-xbyCQL3dcjzOatcef6UUHpB-6MaETg-- <- unique-slug 5.0.0 (6.0.0 is available)
+ nodelite-2-9QNk5KwDF-Bvz-PyObkmSYjI5ksVUYtjW7AU22r2NKcfLJcXp96hkDWU3-XndOsUb-AQ9QhfzfCT2O-CNWT5Tw-- <- symbol-tree 3.2.4
+ nodelite-2-9qny7Z9DsQU8Ou39ERsPU4OZQlSTP47ShQzuKZ6PRXpYLtIFgl-DEBYEXKlvcEa-9tHVcK8CF81Y2V72qaZhWA-- <- npm-run-path 6.0.0
+ nodelite-2-9rrA30MRRP3gBD3HTGnC6cDFpaE1kVDWxWgqWJUN0RvDNAo-Nz-9GxB-nHOH0ifbVFy0hSA1V6vFDvnx54lTEQ-- <- local-pkg 0.5.1 (1.1.2 is available)
+ nodelite-2-9T9UjW3r0UW5c1Q7GTwllptXwhvYmEzFhzMfZ9H7FQWt-uZePjZPjBP-W1ZEyZ1twGWom5-56TF4lPcqjnDHcg-- <- brace-expansion 1.1.12 (5.0.9 is available)
+ nodelite-2-9tTaPJLSiejZKx-Bmog4uSubteqTvFrVrURwkmHixBo0G4seD0zUxp98E1DzUBJxLQ3NPwXrGKDiVjwx-DpPsg-- <- @tybys/wasm-util 0.10.1
+ nodelite-2-9u-sniCrY3D5WdsERHzHE4G2YCXqoG5FTHUiCC4SIbr6XcLZBY05ya9EKjYek9O5xOAwjGq-1JdGBAS7Q9ScoA-- <- readable-stream 3.6.2 (4.7.0 is available)
+ nodelite-2-9vEt7gE16EW7Eu7pvZnR0abW9z6ufzhXxGXZEVU9IqPdlsUiMwJeJfRtq0zePUmnbHGT9zajca7mX8zgoayo4A-- <- color-name 2.0.2
+ nodelite-2-9VICUg0DSJsCAw1smftmB-c41x4s7bQJdX39WZ8y5DWmsMccFOSe-EXm18nMxjFuVRuyYXaMCQi-3G4S7Zj-BA-- <- @pnpm/fetching-types 1000.2.0
+ nodelite-2-9VNNnU3CXHy9XednJ3wzQp6SwNwT3XaM26oS4Rp391GsxVYA-0oDR2J194YCIWf7jNRCYKjUCOduxdceLrx-xw-- <- @fortawesome/free-regular-svg-icons 5.15.4 (6.4.2 is available)
+ nodelite-2-9XOjCjvioLjwlq4S4yXzhvBmAXj5tG-jvva0uqedEsQ9VD8kZ-YT7ap23i0bIXOtow-di4-u3i6u26nDqEfY4Q-- <- @inquirer/expand 4.0.22 (4.0.23 is available)
+ nodelite-2-9z9TLbfC-AjAi1PQyWX-OErjIaJmdFlbDHcD-cAMYKY6Bh5VlsAtCeGyRMrXwIlMEQPukvnWt3gZBLwTAIMKzQ-- <- @vue/devtools-core 7.7.7
+ nodelite-2-9ZhXKM-rw350N1ovuWHbGxnGh-SNJ4cnxHiM0rxE4VN41wsg8P8zWn9hv-buK00RP4WvlOyr-RBDiptyxVbkZQ-- <- postgres-interval 1.2.0 (3.0.0 is available)
+ nodelite-2-A-9jP-IUmuQsNdsLdcg6Yt7voiMF-D4K83ew0OpJtpu-l34ef7LaohWV0Rc6KNvzw6ZDizkqfyB5JznZnzuKQA-- <- known-css-properties 0.36.0 (0.37.0 is available)
+ nodelite-2-A-po2d-dVoY7cYajycYI43ZbYMXukuopIsqCjh5QzsBCipDtdofHntljDlpccMjIfTy6UOkg-5KPriwYch2bXA-- <- @hapi/address 5.1.1
+ nodelite-2-A0QJhug0Ly64Ii3eIqHu5X51ebln3k4yTUkY1j8drqpWHVreg-VLijN48cZ1bYPiqOQuqpkIKnzr-Ul8V-p6Cw-- <- caniuse-lite 1.0.30001751 (1.0.30001810 is available)
+ nodelite-2-A2is4PLG-eeSfoTMA95-s4pvAoSo2mKtiM5jlHkAVewmiO8ISFTFKZjH7UAM1Atli-OT-7JHOrJRJiMKUZKYBw-- <- domexception 4.0.0
+ nodelite-2-A5P-LfWGFSl6nsckYtjw9da-19jB8hkJ6ACTGcDfEJ0aE-l2n2El7dsVM7UVHZQ9s2lmYMWlrS21YLy2IR1LUw-- <- @img/colour 1.0.0
+ nodelite-2-A6p-pu-6fyBcA1TRz-GqWYPViplrftcW2gZC9q79ngNCKAeR-X3gcEdXQHl4KNXV-3wgIJ1CPkJQ3IHM6lcsyA-- <- default-browser-id 5.0.0 (5.0.1 is available)
+ nodelite-2-A7wkrsHu2-I4Zpa0NMuPGkWDVV7QGGytxGyUq3opSXgAexHo-vBPlGoDXoRlSdex0cV-aTMRPjoGIfdmNlHwyg-- <- sass-embedded-linux-musl-x64 1.93.3 (1.97.3 is available)
+ nodelite-2-ACOhlONEXdCTVwKieBIQLSi2tQZ8eKinhcr9JpZSUAL8Qy0ajIgRtsLxG-lwPOW3JEKqPyw-UaHmTWhUzpP4kA-- <- pm2-sysmonit 1.2.8
+ nodelite-2-AKpaYlHn8t4SVbOHCy-b5-KKgvR4vrsD8vbvrbiQJps7fKDTkjkDry6ji0rUJjC0kzbNePLwzxq8iypo41qeWA-- <- base64-js 1.5.1
+ nodelite-2-AMJjt1ECBffF7CEON-Y0rekRLS6KsePU6PRP08UqYW4UGFRnTXNrByUzYK1h8AC7UWTZdQ9O3Oq9kFIhm0SFEw-- <- postcss-ordered-values 7.0.2 (7.0.4 is available)
+ nodelite-2-AN04xbWGrSTDmVwlI4-GTlIIwMFk-XEv7uL8aa57zuvRy6s4hdBed-lVq2fAZ89XDa7Us3ANXcE3Tvqvja1kTA-- <- tar 7.5.4 (7.5.7 is available)
+ nodelite-2-ANHlY4Rb5kHw40D0NJ6moaVfOCMrp9Gpd1R-AIQYg2ko4-jzcJ-TVXYYF6kXJqQwITvEZP4yEthjM7U6rYlljQ-- <- wgs84 0.0.0
+ nodelite-2-AO2ac6pjRB3SJmGJo-v5-aK6Omggp6fsLrs6wN9bd35ulu4cCwaAU9-7ZhXjeqHVkaHThLuzH0nZr0YpCDhygg-- <- abbrev 3.0.1 (4.0.0 is available)
+ nodelite-2-AOhh6Bg5QmFIXdViHbMc2tLDsBIRxdkIaIddPslJF9Z5De3APBScuqGP2uThXnIpqFrgoxMNC6km7uXNIMLHXA-- <- bare-events 2.8.0 (2.9.2 is available)
+ nodelite-2-AOIgSQCepiJYwP3ARnGx-5VnTu2HBYdzbGP45eLw1vr3zB3vZLeyed1sC9hnbcOc9-SrMyM5RPQrkGz4aS9Zow-- <- glob-parent 5.1.2 (6.0.2 is available)
+ nodelite-2-APMBEanjybaPzUrfqU0IMU5I0AswKMH7k8OTLs0vvV4KZpExkTkY87nR-zpbuTPj-gARop7aGUbl11pnDfW6xg-- <- mathml-tag-names 2.1.3
+ nodelite-2-ARBedLm9YlbvQomnmq91Os7ck6efydTSpRP3nuOKCvgJOHNrhRoJDSKtee8kcL1Vf7nz6U-PMBL-hTvR3bTVQg-- <- vue-router 4.6.3
+ nodelite-2-ARDJmphmdvUk6Glw7y9DQ2bFkKBHwQHLi2lsaH6PPmz-Ka9sFOBsBluozhDltWmnv9u-cF6Rt87znRTPV-yp-A-- <- uc.micro 2.1.0
+ nodelite-2-ARhCpm70fzdcvNQfPoy49IaanKkTlRWF2JMzqhcJbhSFRZv7nPTvZJdcY7301IPmvW--p0RgIWnQDLJxifsQ7g-- <- quick-lru 4.0.1 (7.3.0 is available)
+ nodelite-2-ATHLtwoTNDloHRFFxFJdHnG6n2WUeFjaR8XQMFdKIv0xkXjrER8-iG9iu265jOM95zXHAfv9oTkqhrfbIzosrQ-- <- p-limit 7.2.0
+ nodelite-2-AURm5f0jYEOydBj7VQlVvDrjeFgthDdEF5H1dP-6mNpoXOMo1quQqJ4wvJDyRZ9-pO3kGWoOdmV08cSv2aJV6Q-- <- safe-array-concat 1.1.3 (1.1.4 is available)

Done in 1.5s using pnpm v10.34.5
