Progress: resolved 1, reused 0, downloaded 0, added 0
Packages: +250
++++++++++++++++++++++++++++++++++++++++++++++++++++++++++++++++++++++++++++++++
Progress: resolved 250, reused 0, downloaded 250, added 250, done

dependencies:
+ nodelite-2-n2huDr9h9yzd6exQVnH-jU5mr-Pfx08LRXXZhkLLetAMESRj-anQsTAh940iMrIetKAmry9coFuZQ2jY8-p3WA-- <- url-join 5.0.0
+ nodelite-2-n4ZT37wG78iz03xPRKJrHTdZbe3IicyucEtdRsV5yglwc3GyUfbAfpSeD0FJ41NbUNSt5wbhqfp1fS-BgnvDFQ-- <- is-bigint 1.1.0
+ nodelite-2-n8fOixwDD6b-ObinzTrp1ZKFzbgvKZvuz-TvejnLn1aQfC6r52XEx85FmuC-3HI-JM7coBRXUvNqEU2PHVrHpg-- <- cli-truncate 2.1.0 (5.1.1 is available)
+ nodelite-2-n96joW3HCKBmPeESR172BxVE-m8V9SdidQm4kKb9jOZ1Ota-tnam2386TeI6795TWwgjDQJPK3HZNKcX6Gb-Bg-- <- @lexical/selection 0.36.2
+ nodelite-2-nAYYwfY3qnzX30IkA6AQZjVbtK6duGontcQm1WSG1MD94YLqK0515GNApXkoxKOWMusVssAHWLh9SeaoefYFGw-- <- typed-array-buffer 1.0.3
+ nodelite-2-nBF-F1rAZVCu-p7rjzgA-Yb4lfYXrpl7a6VmJrU8wF9I1CKvP-QwPNZHnOlwbTkY6dvtFIzFMSyQXbLoTQPRpA-- <- get-stream 5.2.0 (9.0.1 is available)
+ nodelite-2-ndfJ-JxxMd3nw31uyKoY2naivF-r29V-Lc0svZxe1JvvIRmi8hUsrMvdOwgS1o6uBHmiz91geQ0ylPP0aj1VUA-- <- d3-timer 3.0.1
+ nodelite-2-nekiGu2NDb1BcVofVcEKMIwzlx4NjHlcjhoxxKBNLtz15Y1z7MYf549DFvkHSId02Ax6kGwWntIBPC3l-JZcmw-- <- @types/node 20.9.0 (26.4.1 is available)
+ nodelite-2-nEvqG-0jeRmqaUMuwzlfMKwcIVffy-9KGbAGyoa26iu6eSngAYQ512bMXuqqPrlTyfqdlB9FVINs93j534UJrg-- <- @rollup/rollup-linux-x64-musl 4.50.1
+ nodelite-2-nK28WOo-QIjBkDduTINE4JkF-UJJKyf2EJxvJKfblDpyg0Q-pkOHNTL0Qwy6NP6FhE-EnzV73BxxqcJaXY9anw-- <- object.assign 4.1.7
+ nodelite-2-nnbWWOkoWyUsTjKrhgD0dcz22mdkSnpYqbEjIm2nhwhuxlSkpywJmBo8h0ZqJdkp73mb90SssHkN4rsRaBAfAA-- <- mute-stream 0.0.8 (3.0.0 is available)
+ nodelite-2-nPdaFdQ0h-GEigbPClz11D0v-ZJEwxmeVZGeMo3Z5StPtUTkA9o1lD6QwoirYiSDzbcwn2XcjwmCp68W1IS4TA-- <- cli-truncate 4.0.0 (5.1.1 is available)
+ nodelite-2-nPUB5km40q9e8UfN-Zc24eLlzdSf9OfKByBw9CIdw4H1giPMeA0OIJvbchsCu4npfI2QcMVBsGEBHKZ7wLTWmQ-- <- is-generator-function 1.1.0 (1.1.2 is available)
+ nodelite-2-nt-N2dzIutVRxARx1nghPKGv1xHikU7HKdfafKkLNLindmPU-ch3U31NOCGGA-dmPcmb1VlofO0vnKAcsm0o-Q-- <- whatwg-mimetype 3.0.0 (5.0.0 is available)
+ nodelite-2-nuBEDgQfm1ccRp-8bCQrx1frohyufl4JlbMMZ4P1wpeOfDhF6FQkxZJ1b-e-PLwr6X1Nhw6OLme5usuBWYBvuQ-- <- @webassemblyjs/ast 1.14.1
+ nodelite-2-nWJ91DjeOkej-TA8pXQ3myruKpKEYgqvpw9lz4OPHj-NWFNluYrjbz9j01CJ8yKQd2g4jFoOkINCTW2I5LEEyw-- <- unbox-primitive 1.1.0
+ nodelite-2-o-NO-8WrRiQEE4-7nwRJhN1HWpVmJm511pBHUxPLtp0BUISzlBplORYSmTclCnJvQq2tKu-sgl3xVpkc7ZWuQQ-- <- kleur 4.1.5
+ nodelite-2-o5Roy6tNG4SL-FOkCAN6RzjiakZS25RLYFrcMttJqbdd8BWrnA-fGz57iN5Pb06pvBGvl5gQ0B48dJlslXvoTg-- <- argparse 1.0.10 (2.0.1 is available)
+ nodelite-2-o6E5qJV5zkAbIDNhGSIlyOhScKXgQrSRMilfph0clDfM0nEnBOlKlH4sWDmG95BW-CvwNz0vmm7dJVtU2KlMiA-- <- ospath 1.2.2
+ nodelite-2-o97AE4syN71M-lxrCtQByzphAdlYluKPDBzDVzMmfCobUjjhAryZV0AIpRPrxN0eAkxXO6ZLEScmt-PNhj2OTw-- <- @babel/plugin-transform-template-literals 7.25.9 (8.0.1 is available)
+ nodelite-2-oaMBel6gjolK862uaPQOVTA7q3TZhuSvuMQAAglQDOWYO9A91IrAOUJEyKVlqJlHE0vq5p5UXxzdPfMH-x6xNg-- <- dayjs 1.11.13
+ nodelite-2-oGB-UxlgWcgQkgwo8GcEGwemoTFt3FIO9ababBmaGwXIoBKZ-GTy0pP185beGg7Llih-NSHSV2XAs1lnznocSg-- <- @nodelib/fs.walk 1.2.8 (3.0.1 is available)
+ nodelite-2-oIPzksmTg4-MriiaYGO-okXDT7ztn-w3Eptv--gSIdMdKsJo0u4CfYNFJPy-4SKMuCqGw2wxnA-URMg3t8a-bQ-- <- deep-is 0.1.4
+ nodelite-2-oJFu94HQb-KVduSUQL7wnpmqnfmLsOA-nAh6b6EH0wCEoK0-mPeXU6c3wKDV83MkOuHPRHtSXKKU99IBazS-2w-- <- tslib 2.8.1
+ nodelite-2-ojmeN0qd-y0jszEtoY48r0Peq5dwMEkIlCOu6Q5f41lfkswXuKtYrhgoTpLnyIcHm24Uhqx-5Tqm2InSwLhE6Q-- <- path-key 3.1.1 (4.0.0 is available)
+ nodelite-2-oJoftv0LSuaDZE3Le4DbKX-KS9G36NzOeSap90UIK0yMA-NhKJhqlSGtNDORNRaIbQfzjXDrQa0ytJ6mNRGz-Q-- <- @types/yauzl 2.10.3
+ nodelite-2-oKlSFMcMwpUg2ednkhQ454wfWiU-ul3CkJe-PEHcTKuiX6RpbehUiFMXu13HalGZxfUwCQzZG747YXBn1im9ww-- <- call-bind 1.0.8 (1.0.9 is available)
+ nodelite-2-okMH7OXXJ7YrN9Ok3-SXrnu4iX9yOk-25nqX4imS2npuvTYDmo-QEZoqwZkYaIDk3jVvBOTOIEgEhaLOynBS9g-- <- js-yaml 3.14.1 (5.4.1 is available)
+ nodelite-2-oKnbhFyRIXpUuez8iBMmyEa4nbj4IOQyuhc-wy9kY7-WVPcwIO9VA668Pu8RkO7-0G76SLROeyw9CpQ061i4mA-- <- chalk 4.1.2 (5.6.2 is available)
+ nodelite-2-oMA2dcrw6u0YfxJQXm342bFKX-E4sG9rbTzO9ptUcR-e8A33cHuvStiYOwH7fszkZlZ1z-ta9AAoPk2F4qIOHA-- <- restore-cursor 5.1.0
+ nodelite-2-on2ZJVVDXRADWE6jnQaX0ioEylzgBpQk8r55NE4wjXW1ZxO-BgDlY6DXwj20i0V8eB4SenDQ00WEaxfiIQPcxg-- <- portfinder 1.0.32 (1.0.37 is available)
+ nodelite-2-oNknIB0TbURU5pqJFVbOOFspVlrpVwo2H1-HUIsVDvp5VauGGDP1ZEvO8Nn5xyMEs3dakajOxlmkNW7kNgSm6A-- <- @babel/plugin-transform-spread 7.25.9 (8.0.1 is available)
+ nodelite-2-oOdAkwqUfW1WqpwSYJce06wvt6HljgY3fGeM9NcVA1HaYOij3mZG9Rkysn0OHuyUAGMbEbARIpsG-LPVlBJ5-Q-- <- @vue/compiler-core 3.5.13 (3.5.27 is available)
+ nodelite-2-oPtTM4oerL-UXmx-93ytZVN82RrlY-wPUV8IeDxFrzIjXOLF1pN-EmKPLbubvKHT2HC20xXsCAH2Z-CKV6Oz-g-- <- postcss-load-config 6.0.1
+ nodelite-2-oqB6WHdKTGl3q-ItQhpLSnWWOpjUJLsOCLVyeFgeTktkBSCiurvPOsyt93gibI9CmuKvTUEtWmG5VhZD-5T-KA-- <- @babel/plugin-transform-named-capturing-groups-regex 7.25.9 (8.0.1 is available)
+ nodelite-2-orU1lsu4PxLEcDWfjVCNGIedOSF-YtZ-XMrd1PZb90E68khWCNzD8y1dtxtgd0hyBIQk8XggteKN-38VQLvzuw-- <- @vitest/runner 4.0.7
+ nodelite-2-oruZaFkjorTpF32kDSI5-75ViwGeZginGGy2NoOSg3Q9bnwlnmDm4HLnkl0RE3n-njDXR037aY1-x58Z-zFdwQ-- <- espree 9.6.1
+ nodelite-2-oSXzaWypCMHkPC3NvBEaPHf0KsA5mvPrOPgQWDsbg8n7orZ290M0BmC-jgRZ4vcJ6DTAhjrsSYgdsW-F-MFOBA-- <- lodash.isplainobject 4.0.6
+ nodelite-2-ot0WnXS9fgdkgIcePe6RHNk1WA8-muPa6cSjeR3V8K27q9BB1rTE3R1p7Hv0z1ZyAc8s6Vvv8DIyWf681MAt0w-- <- supports-preserve-symlinks-flag 1.0.0
+ nodelite-2-oVekP1cKtI-CTDvHWYFUcMtsK-00wmAEfyqKfNdARm8u1wNVhSgaX7A8d4UuIlUI5e84iEwOhs7ZPYRmzU9U6A-- <- semver 7.6.3 (7.8.5 is available)
+ nodelite-2-oWv4T4yJ52iKrufjnyZPkrN0CH3QnrUqdB6In1g5Fe1mia8GmF36gnfNySxoZtxD5-NmYw1EElVXiBk93UeskA-- <- html-encoding-sniffer 3.0.0 (6.0.0 is available)
+ nodelite-2-oxVHkHR-EJf2CNXnWxRLW6mg7JyCCUcG0DtEGmL2ctUo1PNTin1PUil-r--4r5MpVgC-fn1kjsx7mjSujKqIpw-- <- keyv 4.5.4 (5.6.0 is available)
+ nodelite-2-p3EcsicXjit7SaskXHs1hA91QxgTw46Fv6EFKKGS5DRFLD8yKnohjF3hxoju94b-OcMZoQukzpPpBE9uLVKzgQ-- <- is-typed-array 1.1.15
+ nodelite-2-p3KP5HCf-bvjBSSKuXid6Zqijx7wIfNW-J-maPs-iwR35at5JCbLUT0LzF1cnjbCHWhqzQTIN2Jpe8pRebIEFQ-- <- d3-path 3.1.0
+ nodelite-2-p41ogyeMUrw3jWclHWTQg1k05DSVXPLcVxRTYsXUk-ZooOCZLcoYgPZ-HL-D-N-uQPOtcp1me1WhBEaX02mhWg-- <- whatwg-encoding 2.0.0 (3.1.1 is available)
+ nodelite-2-p4a9I6X6nu6IhoGmBqAcbJy1mlC4j27vEPZX9F4L4-vZT3Lyq1VkFHw-V-PUcB9Buo-DG3iHkT0x3Qya58zc3g-- <- yauzl 2.10.0 (3.4.0 is available)
+ nodelite-2-p4zeefM72gpmEe2fkUr-OnOXpWEf8nAgk7ZYVqqfFiyIG7oFfVZcCrU64hWn5xp4tQ9LkV4bTIa5rD0KANpKNA-- <- @babel/plugin-proposal-optional-chaining 7.21.0
+ nodelite-2-p92if5Nz619I0w-akJrLZH0MX0Pb5DX39XOwQTtXSdQQOaYH03S1uIQp4mhOZtAXrxq4ViO67YTiLBo2638o9A-- <- entities 2.2.0 (8.0.0 is available)
+ nodelite-2-pb-MYmXstAkysRFx8piNI1tGFNQIFA3vkE3Gq4EuA1dF6gHp--vgZqsCGJapvy8N3Q-4o7FwvquPJcnZ7RYy4g-- <- resolve-from 4.0.0 (5.0.0 is available)
+ nodelite-2-pbnl5XzGBdrFU-wT4jqmJVPn2B6UHPBOhzMQkY-SPUPB6QtUXtmBHBIwCbXJol93mOpGMnQyP--BB19q04xj7g-- <- better-path-resolve 1.0.0
+ nodelite-2-pemlzrSESWbdAloYml3bAJMEfNh1Z7EduzqPKprCH5S341frlpYnUEW0H72dLxa6IsYr-mPno20GiSm-h9dEdQ-- <- @testing-library/dom 10.4.0
+ nodelite-2-pGjwhsmsp4kL2RTz08wcOlGN83otlqHeD-Z5T8GXZB--YcpQ-dgo-lbU8ZsGxV0HIvqqxo9l7mqYwyYMD9bKDg-- <- detect-libc 1.0.3 (2.1.2 is available)
+ nodelite-2-pgRc4hJ4-sNjWCSS9AmnS40x3bNMDTknHgL5UaMBTMyJnU90EgWh1Rz-MC9eFu4BuN-UwZjKQuY-1v3rM7HMfg-- <- set-function-length 1.2.2
+ nodelite-2-pN-yOAvcC-5rQ5nERGuwrjLlYvLTbCibnZ1I7B1LaiAz9BRBlE9GMgE-eqV30P7aJQUf7Ddimy-RsbYO-GrVGg-- <- schema-utils 3.3.0 (4.3.3 is available)
+ nodelite-2-pnS36gyMWz1yq-3Z2jv0gUxjJfas5j0GZOM4rFTzDAHjRVc5q3Ua4ElwekdcLaPPGpUlcg3jghIGWa2pSeoPvA-- <- @lexical/history 0.36.2
+ nodelite-2-ppwTtiJZq0O-ai0z7yfudtBpWIoxM8yE6nHi1X47eFR2EWORqfbu6CnPlNsjeN683eT0qG6H-Pyf9fCcvjnnnQ-- <- npm-run-path 5.3.0 (6.0.0 is available)
+ nodelite-2-promo4eFwuiW-TfGxhi-0x3czqTYJkG8qB17ZUJiVF10Xm7NLVRSLUsfRTU-6h1e24VvRnXCx-hG7li58lkzog-- <- @types/markdown-it 14.1.2
+ nodelite-2-pSyv7bSTC7ig9Dcgbw9AuRNUb5k5V6oDudjZoMBSr13qpLBG7tB-zgCkARjq7xIUgdz5P1Qe8u-rSGdouOOIyQ-- <- slice-ansi 3.0.0 (7.1.2 is available)
+ nodelite-2-pVIECanWFC61Hzl2-oOCtoJ3F17kglZC-6N94eRWycFgBH35hHx0Li604ZIzhseh97mf2p0cv7vVrOZGoqhlEg-- <- fix-dts-default-cjs-exports 1.0.1
+ nodelite-2-pWbUJLdETVA8lQNJecMxoXfH6x-mO2UQo8rSmZ-QqxcbyA3hfeprFgIT--HW2nlHChWeIIMwS2Fq-gEARkhTkg-- <- d3-drag 3.0.0
+ nodelite-2-py07lI0wjxAC-DcfK1S6G7iANonniZwTISvdPzk9hzeH0IZIshbuuFxLIU96OyF89Yb9hiqWn8M-bY83KY5vzA-- <- es-abstract 1.23.9 (1.24.2 is available)
+ nodelite-2-pYOyu624-6HDbY-qkjILpQGnpvZOusItCk-rvF5-V-6NkcgTKnbOldpIy22tBnxoaLtlM9nXgoqAcW29-B7CIw-- <- happy-dom 20.0.2
+ nodelite-2-q-1rj5D0-zayJB2FraXdaWxbhWiNKDvu8naDT2dl1yTlvJp4BLtOcp2a5BvgGNQpYYJzau7tf1WgKv3b-7mqpQ-- <- undici 6.21.1 (8.10.1 is available)
+ nodelite-2-q1b3N5QkRUWUl7iyylaaj3kOpIT0N2i9MqIEQXP73GVsN9cw3fdx8X63cEmWhJGi2PPCF23Ijp7ktmd39rawIA-- <- rfdc 1.4.1
+ nodelite-2-q54ra2QutYDZpuSnFjmeagmEiN9IMo56-zz5dDNitzKD23oFRw77cWo4TsrAdmdkPiEn8mxlrTqxnkujDbEGww-- <- remixicon 2.5.0
+ nodelite-2-qAK-WrqWLNCP22UDdBTMPH5f41elVDlsNyat180A33dWxuUDyNpg6fPi-FyTZwRriVjg0L8gnjJn2F9XAoF0qw-- <- @changesets/should-skip-package 0.1.2
+ nodelite-2-qEcY-KJYlWyLH9vNbsr6-5j59AXk5ni5aakf8ldzBvGde6Iz4sxZGkJyWSAueTG7QhOvNRYb1lDdFmL5Td0QKA-- <- which-typed-array 1.1.18
+ nodelite-2-qeFIXtP4MSoi6NLqO12WfqARWWuCKi2Rn-9hJLEmtB5yTNr9DqFWkJRCf2qShWzPeAMRnOgCrq0sg-KLv5ES9w-- <- bcrypt-pbkdf 1.0.2
+ nodelite-2-qFOyK5PjiWZd-QQIh-1jhdb9LpxTF0qs7Pm8o5QHYZ0M3vKqSqzsZaEB6oWlxZ-q2sJBMI-Ktgd2N5ZwQoRHfg-- <- own-keys 1.0.1 (1.0.2 is available)
+ nodelite-2-qIj0G9wZbMGNLjLmg1PT6v2mE9AH2zlnADJD-2tC6E00hgmhUOfEB6greHPAfLRSufHqROIUTkw6E-M3lH0PTQ-- <- axobject-query 4.1.0
+ nodelite-2-qM-6m6hQZzDcZF3onzIhZeDHDO43bkNNlOX0i8n3lR6zLbu0GN2d8qfM-IERJZYauhAHSLHy39NF0Ctdvcid7g-- <- @babel/plugin-transform-optional-catch-binding 7.25.9 (8.0.1 is available)
+ nodelite-2-qMCMfhY040cVHT43K9BFygqYbUPFZKHOg7K73mtTWJRb8pyP3fzf4Ixd5SzdEJQ6MRUg-WBnOLxghZtKKurENQ-- <- slice-ansi 4.0.0 (7.1.2 is available)
+ nodelite-2-qmdSIPC4bDJXgZTCR7XosJiNKySV7O215tsPtDN9iEO-7q-76b-ijtgRu--epFXSJhijtTCCGp3DWS549P3xKw-- <- mlly 1.7.4 (1.8.2 is available)
+ nodelite-2-qnPOcmmmnD0MfMg9DjU1-onORFyRpDXkMMl2IJg9mECY6RnxL3wN0TCCc92b2sXt1jt8DgjAUUsZYGUGTdYIXA-- <- @changesets/apply-release-plan 7.0.7 (7.1.1 is available)
+ nodelite-2-qOOzS1cBTWYF4BH8fVePDBOO9iptMnGUEZwNc-cMWnTV2nVLZ7VoNWEPHkYczZA0pdoA7dl6e7FL659nX9S2aw-- <- minipass 7.1.2 (7.1.3 is available)
+ nodelite-2-qpCAvRl9stuOHveKsn7HncJRvv501qIacKzQlO--Lwxc9-0q2wLyv4Dfvt80-DPn2pqOBsJdDiogXGR9-OvwRw-- <- supports-color 7.2.0 (9.4.0 is available)
+ nodelite-2-qqnD1yMU6tk-jnaMosogGySTZP8YtUgAffA9nMN-E-rjxcfRQ6IEk7IiozUjgxKoFHBGjTLnrHB-YC45r-59EQ-- <- es-module-lexer 1.6.0 (2.3.2 is available)
+ nodelite-2-qSs4ifwzKJSV39ucNjsvc6WVHs6b7S03sOh2OcHF9UHfVPqWWALUsNUVzhSBiItjRZoLHx7nIarVjqKVusUZ1Q-- <- @babel/helper-validator-identifier 7.28.5 (8.0.4 is available)
+ nodelite-2-qTl3VF7BvOupTR85Zc561sPEgxyUSNSvTQ9fit7DEMP7yPgvvIGm5Zfa1dOM-kOwWGNviK9uFM9ra77-OjK7lQ-- <- vite 7.2.1 (7.3.6 is available)
+ nodelite-2-quJQXlTSUGL2LH9SUXo8VwsY4soanhgo6LNSm84E1LBcE8s3O0wpdiRzyR9z-ZZJMlMWv37qOOb9pdJlMUEKFQ-- <- ansi-regex 5.0.1 (6.3.0 is available)
+ nodelite-2-qW8fXCb72L6H2BWiuhZdSJ6hiShHUog08gh6KvBqLjhK6Et9DxfDnMDvx6yyO3iCdnEhDfUJviRvaMAAXb0dNg-- <- y-prosemirror 1.3.5
+ nodelite-2-qwEgpPIJ3AgXdEtRTr88hODbXRdt14VAwLj27PTSqexB5V7Ra1Jy7iQDhqRwBCoUomVywBsWYxkSuDisSRG-9w-- <- @tiptap/extension-document 2.14.0
+ nodelite-2-qWeTREPoT7I0bifpPUXtxkZJ1XJzxWtfoWWkdVGqa-eCr3SHW-Ocp89o8vLvbUuQnadybJpjOKu4V-RwO6sGng-- <- filter-obj 5.1.0
+ nodelite-2-qxQJTx2ryR0Dw0ITYyekNQWpz6f8dGd7vffGNflQQ3Iqj9NJ6qiZ7ELpZsJ-QBhIVAiDfXdag3-Gp8RvWa62AA-- <- split-on-first 3.0.0
+ nodelite-2-qYg9KP24dD5qka9J47d0aVky0N-b4fTU89LN9iDnjB5waksiC49rvMB0PrUJQGoTmH50XPiqOvAjDfaijGxYZw-- <- resolve-from 5.0.0
+ nodelite-2-r-oZUH7aMFui1ypZnAvZmn0KSqAUgE1-tUXIWaqUCa1758ts-Jio84GZuzsvUkme98kv0WFY8--n0J1Z-vsIsQ-- <- @octokit/graphql 7.1.0 (9.0.3 is available)
+ nodelite-2-r1-Kju9Y8OxRRdvna-nxpQIsMsRQn9dhhAZt94FLDeu0Hij2hnOozW8iqnHBgvu-KdnJppCveQwK4odwfw-aWQ-- <- @changesets/git 3.0.2 (3.0.4 is available)
+ nodelite-2-r6lPcBGxZXlIcymEu7InxDMhdW0KDxpLgoFLcguasxCaJ-SOIZwINatK9KY-tf-ZrlywOKU0UDj3ATXUBfxJXA-- <- wrap-ansi 6.2.0 (9.0.2 is available)
+ nodelite-2-rBJeI5CXAlmy1pV-617WB9J63U6XcazHHF2f2dbJix4XzpUF0RS3Zbj0FGIOCAva5P-d-GBOYaACQ1w-0azUkg-- <- universalify 0.1.2 (2.0.1 is available)
+ nodelite-2-rBMvIzlpA8v6E-SJZoo--HAYqsLrkg7MSfIinMPFhmkorw7X-dOXVJQs-QT69zGkzMyfDnIMN2Wid1-NbL3T-A-- <- define-data-property 1.1.4
+ nodelite-2-rD5d-IL3XPfBOrHRHxt-b-0X1jbIbWONGiad-3sX0ZYQD3PandtCWboH40r-J5tFksebuY12dVYyYQKgLpDBOQ-- <- @tiptap/extension-strike 2.14.0
+ nodelite-2-reYkTUJAZb9gUuZ2RvVCNhVHdg62RHnJ7WJl8ftMi4diZ6NWlciOzQN88pUhSELEwflJht4oQDv0F0BMlwaYtA-- <- detect-indent 6.1.0 (7.0.2 is available)
+ nodelite-2-rfT93uj5s0PRL7EzccGMs3brplhcrghnDoV26NqKhCAS1hVo-WdNsPvE-yb6ilfr5hi2MEk6d5EWJTKdxg8jVw-- <- @types/aria-query 5.0.4
+ nodelite-2-rg9zJN-G4n2nfJl5MW3BMygZX56zKPNVEYYqq7adpmMh4Jn2QNEwhvQlFy6jPVdcod7txZtKHWnyZiA3a0zP7A-- <- jiti 2.4.2 (2.7.0 is available)
+ nodelite-2-rHny566nGZHq61zRLwQ9BPG55W-O-eDKwUJl-LhrLiVWwzpvAl9QQYixtoxJKOY48VK41PKwxe3bgDYgNs-Fhg-- <- @tiptap/extension-text 2.14.0
+ nodelite-2-rJgTQnkUnH1sFw8yT6VSU3zD3sWmu6sZhIseY8VX-GRu3P6F7Fu-JNDoXfklElbLJSnc3FUQHVe4cU5hj-BcUg-- <- object-assign 4.1.1
+ nodelite-2-rkOSPOw-AXbgtwUga3U4u8RpoK9FEFWBNAlTpcnkLFjL5CT-oyHNuUUC-xx6XefEJ16r38r8Bc-lfp6rYuHeJQ-- <- @babel/traverse 7.26.5 (8.0.4 is available)
+ nodelite-2-rKQcJ-o1nKNgeoYRHKOS07tAMNd3YSN0uHaJOZYjBAgxfV7TUE7JE-z4BzZdQwb5hKaYbayKN5KrYV7ODb2rAA-- <- @changesets/types 6.1.0
+ nodelite-2-rMYPYvCzsXywIsldgLaSoPlw5PfoB-ssr7hY4pLfcodrA5M-eArza1a9VmTiNIBNMjOGr1Ow9mTyU2o69U6U9Q-- <- is-utf8 0.2.1
+ nodelite-2-rNjApaLzuwaOTjCiT8lSDdGN1APCiqkChLMJxJPWLunPAt5fy8xgU9-jNOchV84wfIxrA0lRQB7oCT8jrn-wrQ-- <- chrome-trace-event 1.0.4
+ nodelite-2-rp3So07KcdmmKbGvgaNxQSJr7bGVSVk5S9Eq1F-ppbRo70-YeaDxkw5Dd8NPN-GD6bjnYm2VuPuCXmpuYvmCXQ-- <- safe-buffer 5.2.1
+ nodelite-2-rq9s-JNhf0IChjtDXxllJ7g41oZk5SlXtp0LHwyA5cejwn7vKmKp4pPri6YEePv2PU65sAsegbXtIinmDFDXgQ-- <- acorn-jsx 5.3.2
+ nodelite-2-rRqJg-6gd538VHvR3PSrdRBb-1Vy2YfzHqzvbhGIQpDRKIa4FgV-54b5Q1xYSxOOwKvjXweS26E0Q-nAMwp2pQ-- <- enquirer 2.4.1
+ nodelite-2-rVksvsnNCdJ-ohGc6xgPwyN8eheCxsiLM8mxuE-t-mOVqJewPuO1miLpTHQiRgTKCLexL4MeAFVagts7HmNZ2Q-- <- yocto-queue 0.1.0 (1.2.2 is available)
+ nodelite-2-rvZUv-7MoBYTiDmFPBrhL7Ujx9Sk-q9wwm22x8c8T5IJaR-Wsyc7TNxbVxo84kZoRJZZMazowFLqpankBEQrGg-- <- tough-cookie 5.1.0 (6.0.2 is available)
+ nodelite-2-rwG-ja1neyLqCuGZ5YYrznA62D4mZXg0i1cIskIUKSiqF3Cje9-wXAls9B9s1Wa2fomMsIv8czB8jZcPmxCXFg-- <- array.prototype.flat 1.3.3
+ nodelite-2-rzUyPU-S7rwUflMyLc1ETDeBj0NRuHKKAcvukozwhshr6g6c5d8zh4c2gQjY2bZ0dXeGLWc1PF174P2tVvKhfg-- <- d3-dispatch 3.0.1
+ nodelite-2-s3O3waFUrMV8P-XaF--ZTp1X9XBZW1a4B97ZnjQF2KYWaFD2A8KyFBsrsfSjEmjn3RGWAIuvlneuZm3CUK3jbA-- <- @eslint-community/eslint-utils 4.4.1 (4.9.1 is available)
+ nodelite-2-s5EDrE6bW97LtxOcGj1Khcx5AaXwiMmi4toFWRDP9-y0Woo6pXC-iyPu-KuhKtfSrNFd7jJB--fkOtZy6aIC6Q-- <- @babel/plugin-transform-unicode-escapes 7.25.9 (8.0.1 is available)
+ nodelite-2-s5XwpQYCqGerXl-Pu6VDL3x0j2d82eiV77UJ8a2mDHAW7j9SWRqQ2y1fNo1Z74CdcYipl5Z41zvjj4Nfzq36rw-- <- @babel/plugin-transform-react-jsx 7.25.9 (7.29.7 is available)
+ nodelite-2-saLsH7WeYYPiD25LDuLRRY-i-6HaPYr6G1OUlN39otzkSTxKnubR9RTxS3-Kk50s1g2JTgFwWQDQyplC5-SHZg-- <- pirates 4.0.6 (4.0.7 is available)
+ nodelite-2-sdeUoAawceQdgIfTI-sdcwkiK2KU-2cbEYA0agzM2uqaUy2UpnnGHtWTHVEtS0ES4zHU0eMFRGN-oQgDxlD66A-- <- vscode-languageserver-protocol 3.16.0 (3.17.5 is available)
+ nodelite-2-sf4i37nQ2LBx4m3wB74y-ubopq6W-dIzXg0FDGjsYnZHVa1Da8FH853wlL2gtUhg-xJXjfk3kUZS3BRoQeoQBQ-- <- totalist 3.0.1
+ nodelite-2-sgcHRkiBY9i4zWYBwlVyAjEM9sAzs4wYVwJUdnbDLnVG3QwAaia1Mk5P8M7kraTOZN-vBET7n8KyB0YXCbFRLQ-- <- @changesets/get-dependents-graph 2.1.2 (2.1.4 is available)
+ nodelite-2-sGhTPMuXqZ1rVOk32RylztWkfXTRhuS7vgAKv0zjqk8gbsHkJ7xfFf-jbySxt7tWObEJwyKaHMikV-WGDiQm8g-- <- @vue/devtools-api 6.6.4 (8.0.5 is available)
+ nodelite-2-sGnvb5dmrJaKEZ-LDIpguvdX3bDlEllmv4-ClQ9awcmCZrlx5jQyyMWFM5kBI-EyNOCDDiKk8il0zeuX3Zlg-w-- <- @floating-ui/core 1.7.3
+ nodelite-2-si7QWI6zUMq56bESFvagtmzMdGOtoxfR-Sez11Mobfc7tm-VkUckk9bW2UeffTGVUbOksxmSw0AA2gs8g71NCQ-- <- wrap-ansi 8.1.0 (9.0.2 is available)
+ nodelite-2-skbBzPggOVYCbnGgV-0dmBdW-s77ZkAOXIC1knS8NagwDjBrNC1LuXtQJeiN6l-m7lzmHtaoUw-ctJKdqkG57Q-- <- @cypress/xvfb 1.2.4
+ nodelite-2-sKJf1-ceQBr4SMkvQnBDNDtf4TXpVhVGateu0t918bl30FnbE2m4vNLX-VWe-dpjlb-HugGYzW7uQXH98HPEYw-- <- has-flag 3.0.0 (4.0.0 is available)
+ nodelite-2-sKzpEkf11GpOFuw0Zzjzmt4B4UZwjOcG757PPvrfhxcLFbq0wpsgpOqxpxtxFiCG4DtG93M6XRVbF2oGdev7bg-- <- global-modules 1.0.0 (2.0.0 is available)
+ nodelite-2-sNPKHvyjVf7gyjwS4xGTaW-mCnF8wnjtifKBEhxfZ7E-S8tQ0rssrwGNn6q8JH-ohItJfSQp9mBtQYuTlH5QnA-- <- magic-string 0.30.17
+ nodelite-2-sPU4uV7dYlvtWJxwwxHD0PuihVNiE7TyAbQ5SWxDCB9mUYvOgroQOwYQQOKPJ8CIbE-1ETVlOoK1UC2nU3gYvg-- <- mime-db 1.52.0 (1.54.0 is available)
+ nodelite-2-sReKOYJIJf74dhJONhU4e0-shzi1trVbSWDOhKYE5XV2O-H7Sb2Dihwuc7xWxVl-DgFPyTqIN3zMfT9cq5iWDg-- <- lodash.upperfirst 4.3.1
+ nodelite-2-sTSfBjoXBp89JvIKIefqw7U2CCebsc74kiY6awiGogKtoSGbgjYE-G--l9sF3MWFPNc9IcoOC4ODfKHfxFmp0g-- <- get-proto 1.0.1
+ nodelite-2-sVDA58zAw4eWAffKOaQH5-5j3XeayukzDk-ewSsnv3p4yJEZHCCzMDiZM8e0OUrRvmpGZ85jf4yDHkHsgBNr9Q-- <- @types/linkify-it 5.0.0
+ nodelite-2-t0rzBq87m3fVcduHDUFhKmyyX-9eo6WQjZvf51Ea-M0Q7-T374Jp1aUiyUl0GKxp8M-OETVHSDvmkyPgvX-X2w-- <- type-fest 0.21.3 (5.4.1 is available)
+ nodelite-2-t1jXDPEd82sC6vZVE-12-CB52uuiydCIcRfwdh21xNgBMckToKO9S0K6XEp4ROtrKQdlIH2JDVPfpUBvVrYN8Q-- <- @tiptap/extension-list-item 2.14.0
+ nodelite-2-t4yC-vtgnkYjNSKlFx1jkAhH8LgTo2N-7Qvi83kdEaUtMDiwpbLAktKDaAMlRcJ5eSxZkH74eEGt1ky31d7kfQ-- <- @types/react 18.3.18 (19.2.9 is available)
+ nodelite-2-t7hw9pI-WvuwNJXwk5zVHpyhIqzg2qTlklJOf0mVxGSbe3Fp2VieZcduNYjaLDoy6p9uGpQEGWG87WpMKlNq8g-- <- locate-path 5.0.0 (7.2.0 is available)
+ nodelite-2-t7ZQ7g5trIgSRYhI9pIJtRl64KHotutUJsh4Eze5l7olJv-mRSg4-MmbZ0tv1eeqRbdvo--trvJD-Oc5DmW2cA-- <- @babel/plugin-transform-dotall-regex 7.25.9 (8.0.1 is available)
+ nodelite-2-tbhNuIxNcVb21pInl3ZSjksLCvgdZy9KwJ8brv993QtIVKJBBkYXz4q4ZbAv31GdnC-R90np23L5FbEBlthAEw-- <- @babel/helpers 7.26.0 (8.0.0-beta.0 is available)
+ nodelite-2-tdN8qQGvNjw4CHbY-XXk0JgCXn9QiF21a55rBe5LJAU-kDyC4WQn4-awm2Xfk2lQMk5fKup9XgzTZtGkjBdP9Q-- <- prettier 2.8.8 (3.9.6 is available)
+ nodelite-2-tdQAmyA18i4J7wprpYq8ClcxZy3SC31QMeByyCFyRt7BVHdREQZ5lpzoe5mFEYZUWe-oq8HBvk9JjpibyEV4Jg-- <- d3-array 3.2.4
+ nodelite-2-te-NtwBwfiNRLf9Ijqx3T0nlqZiQ2XrrtBvu-cLL8ZRrGkO0NHTug8MYFKyoSrv-sHTaSKfilUkizV6XhxMJ3g-- <- text-extensions 2.4.0
+ nodelite-2-tIbYtZbucOs0BRGqPJkshJUYdL-SDH7dVM8gjy-ERp3WAUjLEFJE-02kanyHtwjWOnwrKYBiwAmM0p4kLJAnXg-- <- fdir 6.5.0
+ nodelite-2-tJ1w35ZRUiM5FeTzT7DtYWAFFv37ZLqSRkGi2oeCK1gPhvaWjkAtfXvLmvE1pRfxxp9aQo6ba-Pvg1dKj05D4g-- <- cosmiconfig-typescript-loader 6.1.0 (6.2.0 is available)
+ nodelite-2-tnUA4RsrmflIM6W6RFTLFSXITtl0wKjgpnLgXyowocVPrbYrLUXSBXDgTs8BlbmIzIdlBySRQjINYs2BAkiLtw-- <- @babel/helper-module-imports 7.25.9 (8.0.0-beta.0 is available)
+ nodelite-2-tPgeeqCHIwNo8sypKlS3gOPmsS3wP0zHt67JDuL20P4QcXiw-O4Hl7oXiuLnP9yg-rXLQ2sScdV1Kkzde61iSQ-- <- @changesets/assemble-release-plan 6.0.9
+ nodelite-2-ts9KSdroZisdvKMWVAVCXiKqnqNfXz4-IbrBG8-BWx-TR5le-jfenvoBuIZ6UWM9nz47W7AbD9qYfAwfWMIwzA-- <- package-manager-detector 0.2.8 (1.6.0 is available)
+ nodelite-2-tsaTIkKW9b4N-AEj-SVA-WhJzV7-zMhcSu78mLKWSk7cXMOSHsBKFWUs0fWwq8QyK3MgJBQRX6Gbi4kYbdvGkQ-- <- string-width 7.2.0 (8.1.0 is available)
+ nodelite-2-tuhGbE6CfTM9-5ANGf-oQb72Ky-0-s3xKUpHvShfiz2RxMFgFPjsXuRLBVMtvMs15awe45SRb83D6wH4ew6wlQ-- <- data-view-byte-length 1.0.2
+ nodelite-2-tUPXtzlGM8FE3P0ZL6DVs-3P58k9nk8-jZeQCurTJylQA8qFYzHFfhBJkuqyE0FifOsQ0uKWekiZ5g8wtr28cw-- <- pump 3.0.2 (3.0.4 is available)
+ nodelite-2-tVpsJW7DdjecAiFpbIB1e3qxIQsE6NoPc5-eTdrbbIC4h0LVsWhnoa3g-m2HclBIujHzsxZ4VJVA-GUuc2-LBw-- <- yargs-parser 21.1.1
+ nodelite-2-tvVnVv01b8c1RrA6Ep7JkStj85Guv-YrMcwqYQnwjsAS2cTmmPGBBjAjpCW7RrSodNSoE2-qg9O4bceNvUuDgQ-- <- run-async 2.4.1 (4.0.6 is available)
+ nodelite-2-tY-msAuJo6ARbK6SPIxZrPBms3xPbfwBrulZe0Wtr-DIY9lje2HeV1uoebShn6mx7SjCHif6EjMvoREj-gZ-SA-- <- @octokit/auth-token 4.0.0 (6.0.0 is available)
+ nodelite-2-tYUSVOGeQPKt-eC1ABfhHy5Xd96N3oIijJvN3O9-TsC28T5V9yX9oEfEK5faP0EFSNVOG97qtAS68GBrQB2hDg-- <- eventemitter2 6.4.7 (6.4.9 is available)
+ nodelite-2-tzzskb3bG8LvYGFF-mDTpq3jpI6Q9wc3LEmBaghu-DdCssd1FakN7Bc0hVNmEyGq1bq3RgfkCb3cmQLpNPOroA-- <- mri 1.2.0
+ nodelite-2-uB80kBFb-tfd68bVleG9T5GGsGPjJrLAUpR5PZIrhBnIaRTQRjqdJSsIKkOP6OAIFbj7GOrcudc5pNjZ-geV2g-- <- pify 4.0.1 (5.0.0 is available)
+ nodelite-2-uBHU3L3czsIyYXKX88fdrGovxdSCoTGDRZ6SYXtSRxLZUzHg5P-66Ht6uoUlHu9EZod-inXhKo3qQgwXUT-y1w-- <- source-map-support 0.5.21
+ nodelite-2-udgsAY-fTnvv7kI7aaxbqwWNb0AHiB0qBO89PZKPkoTmGOgdbrHDKD-0B2X4uTfJ-FT1R09r9gTsjUjNJotuog-- <- pify 2.3.0 (5.0.0 is available)
+ nodelite-2-umqzocjDgNRGTuO7Q8CU32dkHkECqI8ZdMZ5Swb6QAM0t5rnlrN3lGo1hdpscRd3WS8T6DKYK4ephgIH9iRh3w-- <- @floating-ui/dom 1.6.13 (1.7.4 is available)
+ nodelite-2-uMXCuQ3BItDUbAMhIXw7UPXRfAlOAvZzdK9BWpE60MCn-Svt3aLn9jsPTi-WNGlRUu2uI0v5S7JiIUsbsvh3fw-- <- @floating-ui/core 1.6.9 (1.7.3 is available)
+ nodelite-2-ur5UIdyw5Y7yEj9wLzhqXiy6GZ3Mwx0yGI-5sMn2r0N0v3cKJvUmFH5yPP-WXh9e0xfyzyJX95D8l088DNFj7A-- <- opener 1.5.2
+ nodelite-2-utCYNzRSQIZNPIcGZdQc92UVJYAhtGAteCFg0yRaFm8f0P-CPtyGyHXJcGXnffjCybUCEx3FQ2G7U3-o9eIkVQ-- <- corser 2.0.1
+ nodelite-2-uV2QOWP2nWzsy2aMp8aRibhi9dlzF5Hgh5SHaB9OiTGEyDTiJJyx0uy51QXdyWbtAHNua4XJzUKca3OzKUd3vA-- <- cross-spawn 7.0.6
+ nodelite-2-uwp2Tip5aPmH-NRUwTcfLb-W32WXjpFejTIOWZFw-v7-KnpCDKG66u4DLcurQpiYTiYwQ9B7KOeMJvLCu-OvbA-- <- @esbuild/linux-x64 0.27.2 (0.28.2 is available)
+ nodelite-2-uxFIHU0YlHYhDQtV4R9J6a52SLx28BCjT-4ieh7IGbgwVJWO-km431c4yRlREUAsAmt-uMjQUyQHNEPf0M39CA-- <- punycode.js 2.3.1
+ nodelite-2-v2kDEe57lecTulaDIuNTPy3Ry4gLGJ6Z1O3vE1krgXZNrsQ-LFTGHVxVjcXPs17LhbZVGedAJv8XZ1tvj5FvSg-- <- lodash 4.17.21 (4.18.1 is available)
+ nodelite-2-v2ZsoEuVHYy8ZIlYqwPe-39Cy-cFDzp4dXPaxNvkEuouymu-2Jbz0PxpKarJHYJTmv2HWT3O382qY8l4jMWthw-- <- find-up 6.3.0 (7.0.0 is available)
+ nodelite-2-v3MXnZAcvnywkTUEZomIActle7RXXeedOR31wwl7VlyoXO4Qi9arvSenNQWne1TcRwhCL1HwLI21bEqdpj8-rA-- <- iconv-lite 0.4.24 (0.7.3 is available)
+ nodelite-2-v61XqUMiueJROUv66BVIOi0Fv-CUuZuZMl5NkRoCVxLAnMexZ0A3kMe7vvZ0nulxMuMp0Mk6S5hNh48yki08ZA-- <- @babel/plugin-transform-typeof-symbol 7.25.9 (8.0.1 is available)
+ nodelite-2-vavAMRXOgBVNF6nyEEmL3DBK19iRpDcoIwW-swQ-CbGiu7lju6t-JklA1MHweoWtadgt4ISVUsXLyDq34ddcwA-- <- strip-bom 3.0.0 (5.0.0 is available)
+ nodelite-2-vbRorB5FUQWvla16U8R-qgaFIya2qGzwDrNmCZuYKrbdSUMG6I1ZCGQRefkRVhuOkIGVne7BQ35DSfo1qvJqFg-- <- escape-string-regexp 1.0.5 (5.0.0 is available)
+ nodelite-2-vd2F4YUyEXKGcLHoq-TEyCjxueSeHnFxyyjNp80yg0XV4vUhnDer-lvvlqM-arB5bXQN5K2-3oinyCRyx8T2CQ-- <- magic-string 0.30.21
+ nodelite-2-vDZpf9Chs9mAdfY046mcPt8fg5QSZr37hEH4TXYBnDF-izxgrbRGUAAaBvIk-fJm9aOFCGFd1EsNg5AZCbnQCQ-- <- throttleit 1.0.1 (2.1.0 is available)
+ nodelite-2-veYYhQa-D1QBKznvhUHxb8faxlrwUnxseDAbAp457E0wLNio2bOSKnjYDhMj-YiAq61xrMGhQk9iXVk5FzgQMw-- <- import-fresh 3.3.0 (3.3.1 is available)
+ nodelite-2-vHRF2L6iT3rwj1jub-K5tYcTT-mEYDUppgNPXwp8fmLpui9f7Yeq3OEtTLVF012j39QnV-KEQpNqoN7CWU7Y9Q-- <- y-protocols 1.0.6
+ nodelite-2-vHyLade6wTgI2u1ec3WQBxv-2BrTERV28UXQu9LO6lZ9pYeMk34vjXFLOxo1A4UBA8XTL4njRQZdno-yYaSmWw-- <- caniuse-lite 1.0.30001695 (1.0.30001810 is available)
+ nodelite-2-vi3NW0E8AJombTvt8beMwkL1R-fdRWl4QSNRNMhVQKWm36-X0KF0unGNAY4mqUF06mnwVWZcIcerrCnfn9025g-- <- eslint-plugin-html 6.2.0
+ nodelite-2-vkcDPrRZo1QZLbn5RLGPpg-WmIQ65qoWWhcGKf-b5eplkkarX0m9z8ppCat4mlOqUsWpyNuYgO3VRyrYHSzX5g-- <- prelude-ls 1.2.1
+ nodelite-2-vKiQ8RRtkl9P-r--oefh25C3fhybptkHKCZSPlcXiJux2tJF55GnEj3BVn4A5gKfq9NWWXXrxkHBwVPUfH0opw-- <- periscopic 3.1.0 (4.0.2 is available)
+ nodelite-2-vM--6G3Ox3mxPv9eilhrDqylELCc8kEP1aQ4xUuOw7vCidjNtGggOa1ERnnpV2dCa2A9E8y4FHtN4Xh29stXQg-- <- @tiptap/extension-heading 2.14.0
+ nodelite-2-vN6saax7lrA2yA-Pak3sCxuD6F5InBjn9IcrIKQPjpsLvuHYLVroTxjdlVRHjjBWxKOqIwpTXDkOssYT4BFdRw-- <- @babel/plugin-transform-regexp-modifiers 7.26.0 (8.0.1 is available)
+ nodelite-2-vNk6aEwybGtawWmy-PzwnGDOjCkLWSD2wqvjGGAgOAwCGWySYXfYoxt00IJkTF-8Lb57DwOb3Aa0o9CApepiYQ-- <- @jridgewell/trace-mapping 0.3.25
+ nodelite-2-voyz6MApa1rQGUxT3E-BK7-ROe8itEx7vD8-HEvt4xwXucvQ5G5oeEiHkmHZJuBO21RpOf-YYm9MOivj709jow-- <- tmp 0.2.5 (0.2.7 is available)
+ nodelite-2-vpeMIQKxczTD-0s2CdEWHcb0eeJe6TFjxb-J5xgX7hScxqrGuyjmv4c1D4A-gelKfyox0gJJwIHF-fLjeaM8kQ-- <- get-east-asian-width 1.3.0 (1.6.0 is available)
+ nodelite-2-vq24Bq3ym5HEQm2NKCr3yXDwjc7vTsEThRDnkp2DK9p1uqLR-DHurm-NOTo0KG7HYHU7eppKZj3MyqYuMBf62g-- <- @nodelib/fs.scandir 2.1.5 (4.0.1 is available)
+ nodelite-2-vqiC06CuhBTUdZH-RYl8sFrL096vA45Ok5ISO6sE-Mr1jRbGH4Csnhi8f3wKVl7x8mO4Au7Ir9D3Oyv1VYMFJw-- <- mimic-fn 4.0.0
+ nodelite-2-vs5t8Apaud9N28kgCrRUdEed4UJ-wWNvicHLPxCa9ENlYuAY31M0ETy5y1vA33YoNPDFTghEbnh6efaE8h4x0Q-- <- micromark-util-symbol 2.0.1
+ nodelite-2-vvBJ-If4jKM4tPz9JdY2kGOgWmCowUYOi5Ycv8dyLnEE8FgpYYUo1mgJZxcdtGGP3aG8rAQulGLyyXGSLkIMTQ-- <- @changesets/pre 2.0.1 (2.0.2 is available)
+ nodelite-2-vwDcDNsgMPDGP0nMqzahDWE5-MLcX8sv96-wfX7as7LoF-kr97Bo-7fI00lXY4wUXYfVmwIIyG80fGZ1uvt2qg-- <- @babel/plugin-transform-regenerator 7.25.9 (8.0.2 is available)
+ nodelite-2-vwztYuUf1uf-1zQxfzRfO5yzfNKhTtgOByCruuiQQxWQXnPb8Itaube5ylofcV0oM0aKal9Mv-S1s1Ky0UYP1w-- <- lib0 0.2.99
+ nodelite-2-vYl3iOX-4CKUWuxGi9Ukhie6fsqXqS9FE2Zaic4tNFD2N2QQaXOMFbuKK4QmDHC0JO6B1Zp41J0LpT0oR68amQ-- <- randombytes 2.1.0
+ nodelite-2-vYt7UD1U9Wg6138shLtLOvdAu-8DsC-ilFtEVHcH-wydcSpNE20AfSOduf6MkRFahL5FY7X1oU7nKVZFtfq8Fg-- <- punycode 2.3.1
+ nodelite-2-w-5mJ3GuFL-NjVtJlvydShqE1eN3h3PbI7-5LAsYJP-2qtuMXjfL2LpHSRqo4b4eSF5K-DH1JXKUAHSB2UW50g-- <- es-to-primitive 1.3.0 (1.3.4 is available)
+ nodelite-2-w0q-enDHhPLq44ovMGdQeeDLvwxwavsJX7oQGYt-LrBlYsyaxyDnp6z3QzFut-6kLLKnlcUVJLrpB7KBfgG-RA-- <- cli-table3 0.6.1 (0.6.5 is available)
+ nodelite-2-w2GsyukL62IJnlaff-nRegPQR94C-XXamvMWmSHRJ4y7Ts-4ocGRmTHvOs8PSE6pB3dWOrD-nueuU5sduBsQ4w-- <- react-is 17.0.2 (19.1.0 is available)
+ nodelite-2-w33E2aCvSDP0tW9RZuNXadXlkHXqFzSkQew-aIa2i-Sj8fThxwovwlXHSPXTbAHwEIhBFXAedUhP2tueAKP8Og-- <- tailwindcss 3.4.17 (4.1.18 is available)
+ nodelite-2-w89qg7PI8wAdvX60bMDP-bFoD5Dvhm9oLheFp5O4a2QF0cSBGsBX4qZmadPMvVqlLJBBci-WqGGOAPvcDeNSVg-- <- through 2.3.8
+ nodelite-2-w96Cjofp72M5IIhpjgobBimYEfoPjx1Vx0BSX9P30WBdZW2WIKU0T1Bd0kz2eNZ9ikjKgHbEyKx8BB6H1L3h3A-- <- domutils 2.8.0 (3.2.2 is available)
+ nodelite-2-w9UMqWwJxHNOvoNzSJ2oPF5wvYcvP7jUvYzhp67yEhTi17ZDBBC1z9pTdGuzjD-EFIqLSYRweZjqfiPzQ06Ebg-- <- get-symbol-description 1.1.0
+ nodelite-2-wAi4IRJV-2SAW3htkTlB-dHeRmpTiVIK1OGLWV1yeStVSebSQQOwGwIq0D3ZIoBj2C2qpgz5-vX9iEBkTdk5YA-- <- @vue/server-renderer 3.5.13 (3.5.27 is available)
+ nodelite-2-wALZ0HFoytlyh-1-4wuZ9FJCD-leWHQzzrxJ8-rebyReSLk7LApMyd3WJaLVoN-D5-WIdJyDK1c6JnE65V4Zyg-- <- eslint-module-utils 2.12.0
+ nodelite-2-wAV9QHOsNbwnWdNW2FYvE1P56wtgSbM-3SZcdGiWQILwVjACCXDCI3Ai8QlCjMDB8YK5zySiXZYBiwGmNY3lnw-- <- dargs 8.1.0
+ nodelite-2-wbfdZ9w5vk0C0oyHqAJbc62-vet5prjj01jjJ8sKn3j9h3MQQlflEdXYvuqRWjHnM12coDEqiC1IRCi0U-EKwQ-- <- @babel/helper-member-expression-to-functions 7.25.9 (8.0.0-beta.0 is available)
+ nodelite-2-weyLBz-Qkc9ZJIE-pX5IGCyShdSq1SetOf7PSp9Vjv1RPPJySNP8NVW9w0SC3elVBCQlc6D76mJO-7PhVEJHag-- <- pkg-pr-new 0.0.32 (0.0.62 is available)
+ nodelite-2-wfGhE-TAkXZRLjksFXuDZdmGnJQHvtU-joFQdweXUgzo1XwvBCD4o4-75NtFfjfLK5IwLf9vHTfSiU3sLRYpRw-- <- @octokit/plugin-paginate-rest 9.2.1 (9.2.2 is available)
+ nodelite-2-wHTUcDUoZ1H5-0iVqEudYW4-kAlN5cZ3j-bXn0Dpbizl9iaUVeWSHqiOjsgk6OW2bkLclbBjzewBz6weQ1zA2Q-- <- global-directory 4.0.1
+ nodelite-2-wI4wRAzGko551Y8eVf6iOY9EouIDTtPb0ByZx-ktDGHwv6bHFimrgJM-2T021txPZ2s4c7bqvHbd-vXG6K948Q-- <- @babel/plugin-transform-logical-assignment-operators 7.25.9 (8.0.1 is available)
+ nodelite-2-wjfQpJvryY3zD61p8jR87mJdyx2FIhEcdXhKUqkja87toMrP-3jtg-Yg29upN-N4Ckf525-uvV7a4tzBlpk6gg-- <- @changesets/read 0.6.2 (0.6.7 is available)
+ nodelite-2-wK0Ri4fOGjv-XPy8SBHZChl8CM7uMc5VML7SqiQ0zG7-J5Vr-RMQDoHa2CNT6KHUnTGIXH34UDMkPzAUyapBZg-- <- term-size 2.2.1
+ nodelite-2-wKyQRQpjJ0sIp62ErSZdGsjMJWsap5oRNihHhu6G7JVO-9jIB6UyevL-tXuOqrng8j-cxKTWyWUwvSTriiZz-g-- <- string-width 4.2.3 (8.1.0 is available)
+ nodelite-2-wmeiSMxkZCSc-PM2w2VRsOYAZC8GdipNFRTsLSfodVqI9mbejKeXEGr8SckuLnrQPGe3oJN5c3K0vpoU9q-wCQ-- <- vue 3.5.13 (3.5.27 is available)
+ nodelite-2-wMH6vrYHxQl-IybKJagqbquvxpWCuVYpoUJfCqFZwa-JY1GdATAQ-TgVtgrwwMZ0D07QhA99rs-EAAWfvG6KpA-- <- @vue/compiler-ssr 3.5.13 (3.5.27 is available)
+ nodelite-2-wnD2ZE-l-SPC-uoS0vXeE9L1-0wuaMqKlfz9AMUo38JsyLSBWSFcHR1Rri62LZc12vLr1gb3jl7iwQhgwpAbGQ-- <- signal-exit 3.0.7 (4.1.0 is available)
+ nodelite-2-wnJA4BnEjOSyFMvjZdpiOwhSq9uDoK8e-kpRJDTaMYzwlkrhG1fwDIZI94CLsLzlCK5cIbMMtFlJlfR57Lavmg-- <- vscode-jsonrpc 6.0.0 (8.2.0 is available)
+ nodelite-2-worNHGKLDetmcEYDvh2stPCrrQRkP20E4l0iIS7F8EvzMqBBi7ltvFN5m1HvTf1P7Jk1txKhvFcmYsCr8O2F1Q-- <- lodash.map 4.6.0
+ nodelite-2-wpc-LXeiyiisxPlEkUzU6svyS1frIO3Mgxj1fdy7Pm8Ygzguax2N3Fa-D-ag1WqbOprdI-uY6wMUl8-a2G-iag-- <- eslint-visitor-keys 3.4.3 (5.0.1 is available)
+ nodelite-2-wPrq66Llhl7-4AGC6I-cqxT07LhXvWL08LNXz1fENOw0Ap4sRZZ-gZpTTJ5jpurzzzfS2W-Ge9BY3LgLjCShcw-- <- p-locate 6.0.0
+ nodelite-2-wpxZs9NoxZaJESJGIZTyDEaYpl0FKSA-FB9aJiyemKhMwkxQg63h4T1KJgUGHpTqPDNRcmmYLugrRjJlBtWvRA-- <- js-yaml 4.1.0 (5.4.1 is available)
+ nodelite-2-wQxQzxYeJqHcfppzBDnm1yAY0jSRkUXR2z8RePZYrKwMKgMlE8-Z6LUno-bd6LvbGh8Gltvy74-9pIYkr-XkKA-- <- @babel/plugin-proposal-nullish-coalescing-operator 7.18.6
+ nodelite-2-wR-XK3D3XcLIZwpbvQwQ5fK-8Ykds1ip7A2Txe0yxncXSdq1L9skcG7blcedkOX-ZcgxGAmLX1FrRGbADwzi0w-- <- d3-ease 3.0.1
+ nodelite-2-wS-hAgJShR0KhEvPJArfuPVN1-Hz1t0Y6n5jLrGQbkb4urgPE-0Rve-1kMB1v-oWgHgm4WIcV-i7F2pTVj-2iQ-- <- react 18.3.1 (19.2.8 is available)
+ nodelite-2-wtjswVBd2vaQRrnYZaBCbyDqr232Ed4p2QPtRIUK5FuqHYKGWkEwl08oQM4Tw7DOR0FsasARV5uJFvMZWxdNxQ-- <- prosemirror-gapcursor 1.3.2
+ nodelite-2-wv8tdUTJ3thSFFFJKtpYKOYiGP2-v96Hvk4Tu8KpCAsTMs6yi-nVmGh1syvSCsaxz45J6Jbw-9DD6g97-NV67Q-- <- micromark-util-character 2.1.1
+ nodelite-2-wvUjBtSGN7-7SjNpq-9M2Tg350UZD3q62IFZLbRAR1bSMlCo1ZaeW-BJ-D090e4hIIZLBcTDWe4Mh4jvUDajzQ-- <- available-typed-arrays 1.0.7
+ nodelite-2-wwQAWhWSuHaag8c4q-KN-vCoeOJYshAIvMQwD4GpSb3OiZklFfvAgmj0VCBBImRpuF-aFgIRzllXlVX93Jevww-- <- @polka/url 1.0.0-next.29
+ nodelite-2-wxQzXtdbhiwGAUKrnQJXlOPmHnEehzphwkK7aluUPQ-lEc1xefC8pblMgpp2w5ldBTEfveRIrADcrhGIWrlTDA-- <- hast-util-to-html 9.0.4 (9.0.5 is available)
+ nodelite-2-wzz6MKwpnshBAiRmn4jR8LYz-g8Ksg0o80XmwZDlordjwEk9SxBzTWC7F5ef1jhbrbOW2DJ5J6ayRukrJmnr0g-- <- @babel/plugin-transform-parameters 7.25.9 (8.0.1 is available)
+ nodelite-2-x--Cz4YrimQxQccJf5mKEbIa1NzeCRNI5Ecl-ekmlYaampdNLPalVyIcCZNNH3MvmqBugV5TMYZXv0ljslUlaw-- <- safe-regex-test 1.1.0
+ nodelite-2-x-aeKh-AjAArSauz0GiQZsjT8ciadNMHdkUSwBB9Z6PrKc-4knM4g3UfHml6oDJmKC88a6--cdxnO--P2LkMcg-- <- @typescript-eslint/typescript-estree 8.21.0
+ nodelite-2-x-R72SmW3sSFRm5zrrIjAhCeQSAWoni3CmHEqfQrZIQTM3lVCdehdwuIqaOtfC2slvpdlLa62GYoN8SxT23m6Q-- <- esbuild 0.15.18 (0.28.2 is available)
+ nodelite-2-x0Vn8spI-wuJ1O6S7gnbaQg8Pxh4NNHb7KSINmEWKiPE4RKOplvijn-NkmYmmRgP68mc70j2EbeTFRsrswaQeg-- <- mime 1.6.0 (4.1.0 is available)
+ nodelite-2-xaX3z4ZZIcFLvh2oUNvcX5oEofXda7giYmuplVxoOg5A7EXJMrUyqRgR-mhDhPK8LZ4PttFOBvCYDbX3sUoUig-- <- eslint-config-airbnb-base 15.0.0
+ nodelite-2-xbbCH5dCYU5T8LcEhhuh7HJ88HXuW3qsI3Y0zOZFKfZEHcpWiHU-Jxzk629Brsab-mMiHQti9wMP-845RPe3Vg-- <- json-schema-traverse 0.4.1 (1.0.0 is available)
+ nodelite-2-xceH2snhtb5M9liqDsmEw56le376mTZkEX-jEb-RxNFyegNul7eNslCXP9FDj-Lcu0X8KEyMceP2ntpaHrDEVA-- <- picocolors 1.1.1
+ nodelite-2-xckBUXyTIqT97tq2x2AMb-g163b5JFysYk0x4qxNFwbfQkmNZoiRHb6sPzI9-QV33WeuvVYBUIiD4NzNIyqaRQ-- <- functions-have-names 1.2.3
+ nodelite-2-xCt-TOAc-EOHS1XPnijD3-yzpH6qg2xppZO1YDqGoVsNXfQfzHpOdNuXwrwOU8u4ITXJyDCTyt8w5g1sZv9ynQ-- <- ts-api-utils 2.0.0 (2.5.0 is available)
+ nodelite-2-xcXBfcq0Kaxgj7dwejMbFyq7IOHgpNMtVuDveK7w3ZGwG9owKzhALVwKpTF2yrZmEwl9SWdetf3fxNzJQaVuxw-- <- @typescript-eslint/utils 8.21.0
+ nodelite-2-xelSayHH36ZgE7ZWhli7pW34hNbNl8Ojv5KVmkJD4hBdD3th8Tfk9vYasLM-mXWOZhFkgZfxhLSnrwRr4elSSg-- <- is-glob 4.0.3
+ nodelite-2-xfBaXQd9ryd9dlSDvnvI0lvxfLJlYAZzXomUYzLKtUeOQvOP5piqAWuGtrhWeqaXK9hhoM-iyJc5AV-XfsX3HQ-- <- lodash.uniq 4.5.0
+ nodelite-2-xHjhDr3cNBK0BzdUJSPXZntQUx-mwMS5Rw4A7lPJ90XGAO6ISP-ePDNuo0vhqOZU-UD5JoodwCAAoZQd3FeAKw-- <- isarray 2.0.5
+ nodelite-2-xiun5-3q0w5eRnGYfNlW1uU9W6x5MoFKWwq-0TIRgt09lv7Hcser2QYV8t4muXbEr-Fwo0geYn79Xs4GKywrRQ-- <- prosemirror-trailing-node 3.0.0
+ nodelite-2-xJL-Nkw0OjaUXXQf13B8iKK5pI9QVtN9uOtzNHYuG-o-B7fIEg0DQ-xOe0-RcqwDEI15rud1k7y5xznBKGUXAA-- <- @vitest/snapshot 4.0.7
+ nodelite-2-xKqzzWXDttJuOcawBt4KnKHHIf5oQ-Cxax-0PWFG-DFDgHNAdi-TXECADI-RYiFUMmx8792xsMbbgXj4CwnP4g-- <- jsesc 3.0.2 (3.1.0 is available)
+ nodelite-2-xmapO5PnQvf3lYFWrrOaYPjmdrEIVYOpyjInuiCkCzkUmMQCZDVM3wXjPdMJbgAtQXEPUDVkwpr6dJTLjZgTTQ-- <- @hocuspocus/common 2.15.0
+ nodelite-2-xmHIy4F3scKVwMsQ4WnVaS8bHOx0DmVwRywosKhaILI0ywMDWPtBSku2HNxRvF7jtwDRsoEwYQSfbxj8b7RlJQ-- <- deprecation 2.3.1
+ nodelite-2-xO-xu6B5K2czEnQye6BHA7DolFFmS3LB7stHZFaOLb1pAwO1HWLS8fXA-eh0A2yIvltPVmx3eNNDBJA2SLHXFw-- <- @babel/helper-module-transforms 7.26.0 (8.0.1 is available)
+ nodelite-2-xoTMk0WXceiiIvsaquQQUaLLXSW1KJ159KP87VilruQm0LNNGxWzahxSS6T6i4Zg3ezp4vA4zuwiNUR53qmQAw-- <- @babel/plugin-transform-json-strings 7.25.9 (8.0.1 is available)
+ nodelite-2-xQroKAadK503CrmbzCISvQUjeuvEZzv6U0wlnlVFOi5i3gnzfH4onyQ29f3lzpe0FresAiTAd3aqK0Bi-jLI8w-- <- vitest 4.0.7
+ nodelite-2-xtgkqwdhpKWr3tKPmCkvYmS9xnQK3m3XgxZHwSUjvfTjp7YfXe5tT3GgWi0F2N-ZSMsOeWeZFh7ZZFg5iPhing-- <- tsup 8.5.1
+ nodelite-2-xUtoPkMggbz0MPyPiIWr1Kp4aeWJjDZ6SMvURhimjdZgsRuDplF5-s9hcgGhyXMhs-6vpnuoiZ2kFiu3FMnS8Q-- <- environment 1.1.0
+ nodelite-2-xV1b-ceKV9KytQe3zCVqjg-8GTGfDYwaT1ATU5isiUyVtlVAO3HNdzpS4sr4GBx4hxQ46s7ITtZrAsxG22-rVg-- <- @octokit/plugin-rest-endpoint-methods 10.4.1
+ nodelite-2-xxOWJsBKtzAq7DY0J-DTzuz58K8e7sJbdgwkbMWQe8UYB6ekmsQ45q0M-tJDsGaZmbC-l7n57UV8Hl5tHxO9uw-- <- node-releases 2.0.19 (2.0.54 is available)
+ nodelite-2-xyFwyhro-JEof6Ghe2iz2NcXoj2sloNsWr-XsERDK-oiPCfaNhl5ONfp-jQdAZRQQ0IJWNzH9zIZF7li91kh2w-- <- json-parse-even-better-errors 2.3.1 (5.0.0 is available)
+ nodelite-2-xzLEyKB50yqCUPUJkIsrVvoWNfFUbIZI-RspLWt8u-tIW-BetMBZtgV2LY-2o-tYH8dRvQ-eoPf3NdhQCcLE2w-- <- @types/sizzle 2.3.9
+ nodelite-2-y3b8Kpd8OAN444hxfBbFfj1FY-RjtTd8tzYwhUqNYXx0fXx2iX4maP4Qr6qhIKbQXI02wTLAda4fYUbDagTUFw-- <- p-map 2.1.0 (7.0.4 is available)
+ nodelite-2-y8quW6p0WHkEhmErnfe58r7x0A70uKphQm8Sp8cV7tjNQwK56sNVK0M73LK3WuYmsuyrftut4xAkjjgU0twaMg-- <- @babel/plugin-transform-react-jsx-self 7.25.9 (7.29.7 is available)
+ nodelite-2-yCzhz6FN2wU1NiiQRogkTQszlQSlpWaw8SvVegAc-bDxbzHgh1vX8uIe8OYyMH6DwH-sdTJsgMl36-mSMdRJIQ-- <- universal-user-agent 6.0.1 (7.0.3 is available)
+ nodelite-2-yEw2S-smoVR8DMYQMAWckVW2Sstf7z5-GBZ8zm8NMGhMKb1JFCPZUv5KTTIPnq7ZrKuuZHvjN9-Ef1dRYD8T2A-- <- @tiptap/extension-italic 2.14.0

Done in 1.3s
