Progress: resolved 1, reused 0, downloaded 0, added 0
Packages: +251
++++++++++++++++++++++++++++++++++++++++++++++++++++++++++++++++++++++++++++++++
Progress: resolved 251, reused 1, downloaded 249, added 248
Progress: resolved 251, reused 1, downloaded 250, added 251, done

dependencies:
+ nodelite-2-Kvp459HrV2FEJ1CAsi1Ku-MY3kasH19TFykTz2xWmMeq6bk2NU3XXvfJ-Q61m0xktWwt-1HSYf3JZsTms3aRJg-- <- convert-source-map 2.0.0
+ nodelite-2-KwvoWDeNKPETmozyFE0P2rOLqh39EoQHNjqizrI5B8Vt0ZNS7M56s7dAiAqbYfiAYOuIzIh96z3iR2ktgu3tEg-- <- @babel/plugin-syntax-import-attributes 7.22.5 (8.0.0-beta.0 is available)
+ nodelite-2-Kx-1w86q-epKcmte75LNrEoT-lX8pBpavuAbvJWRXar7Hz8jrtF-e3vY751p0R8H9HdArwaCTNDDzHg-ScJK1Q-- <- prismjs 1.29.0 (1.30.0 is available)
+ nodelite-2-Kx8hMakjX03tiGTLAIdJ-lL0htKnXjEZN6hk-tozf-WOuYGdZBJrZ-rCJRbVCugsjB3jMLn9746NsQIf5VjBMw-- <- load-json-file 4.0.0 (6.2.0 is available)
+ nodelite-2-KxAOL1nUNw2JTYrtviRRjEnykIDhxc84qMBzxvu1MUfQfHTuBlCG7PA6EdVwqpJjH7glw7FqQoFxUJSyBQgu7g-- <- @smithy/protocol-http 5.1.0 (5.3.8 is available)
+ nodelite-2-KzIbH-9tXat2u30jf-smMwFCsno4wHVdNmzFyL-T-L3UGqqk6JKfVqOFOZEpZSHADH1k40ab6NUIXZq422ov3Q-- <- vfile 6.0.3
+ nodelite-2-L-PqWzfTP9lzzEa6CKs0k2nARxTdZduw3zyh8d2NVBnsyvHjSX4TWse388YrrQKbvI8w20fGjGlhgT96WwKykw-- <- unist-util-visit-parents 6.0.1 (6.0.2 is available)
+ nodelite-2-L0jRsrPpjdckP3oPug3-VxNKt2trR8TcabrM6FOAAlvC-9Phcmm-cuAgTlxBqdBR1WJx7Naj9WHw-aOmheSVbw-- <- schema-utils 4.2.0 (4.3.3 is available)
+ nodelite-2-L0Orpi8qGpRG--Nd-H90vFB-3iHnue1zSSGmNOOCh1GLJ7rUKVwV2HvijphGQS2UmhUZewS9VgvxYIdgr-fG1A-- <- tree-kill 1.2.2
+ nodelite-2-L0WhttDl-2BOsybvEOLK7fW3UA0OQ0IQ2d6Zl2x-a6vVRs3bAY0ECOSHHeL5jD-SbOpOCUEi0y1DgHEn9Qn1AQ-- <- magicast 0.3.5 (0.5.1 is available)
+ nodelite-2-L18DaJsXSUk2-42pv8mLs5jJT2hqFkFE4j21wOmgbUqsZ2hL72NsUU785g9RXgo3s0ZNgVl42TiHp3ZtOv-Vyg-- <- emoji-regex 9.2.2
+ nodelite-2-L1RBVzLyfE8OXH-1hsJ8p-acNUSirQnWQ6-EgpchV88G6zGBTDPdXiiExei6Z1wR2RxYvxY-XLw6AMNCCt8H3w-- <- @smithy/util-config-provider 4.0.0 (4.2.0 is available)
+ nodelite-2-L28STB170nwWS63UjtlEOE3dldQApaJXZkOI1uMFfzf3rRuPegHaHesyee-YxQ-W6SvRDQV6UrdOdRiR153wJg-- <- camelcase 5.3.1 (8.0.0 is available)
+ nodelite-2-L2nZTYR1myLNST0O632g0Dx9LyMNHrn6TOt76sYxWLdff3cB22-GZX2UPtJnaqQPdCRoszoY5rcOj4oMTtp5fQ-- <- @parcel/watcher-linux-x64-musl 2.4.1 (2.6.0 is available)
+ nodelite-2-L3sHRo1pXXEqX8VU28kfgUY-YGsk09hPqZiZmLacNib6XNTCM8ubYeT7ryXQw8asB1sKgcU5lkB7ONug08aB8w-- <- common-ancestor-path 1.0.1
+ nodelite-2-L5bGsVkxJbJgdnwyuheIunkGatUF-zssUoxxjACCseZYAVbaqdh9Tsmmlkl8vYan09H7sbvKt4pS8GqKLBrEzA-- <- giget 2.0.0
+ nodelite-2-L7z9BgrNEcYyUYtF-HaEfiS5ebkh9jXqbszz7pC0hRBPaatV0XjSD3-eHrpqFemQfgwiFF0QPIarnIihIDn7OA-- <- @trysound/sax 0.2.0
+ nodelite-2-L8dZSwNLgK7pjTto9PzWRoMbnLq5vsZSTu8-j1P-2GB8qdtGQfn-K1uSvFgYvgh83cbyxT5m43ZZhUMTJDSClQ-- <- postcss-minify-selectors 6.0.4 (7.1.2 is available)
+ nodelite-2-L8etzGUfGv1nxcdzw-s-0MUgfiIetTMttdqCY2ZpTnK26pDB8GsBi-9hHwl8cgDrMz-FF-mIyPKNDKhqDeGvTA-- <- typedoc-docusaurus-theme 1.4.0
+ nodelite-2-L9WMGRfrjOhgHSdOYgCt-yRMsXzLDJSL7BPrOZt73gU0iWO4mpqzqQzOz5srxqTvMBaR0XZTSrVWo4j55Rc6cA-- <- vscode-oniguruma 1.7.0
+ nodelite-2-LA86xeFpTKn270Hbkixqs5n73S-LVM0-VZco8dqd-JT75Dyx3Lcw-MraL7ybjmz786-160K8rPOmhsq0SocoJQ-- <- @smithy/service-error-classification 4.0.2 (4.2.8 is available)
+ nodelite-2-LaNjtRWUBY--zB5nE-NwcaoMylSPk-S-ZHNB1TzdbMJMny6dynpAGt7X-tl-QYq3TIeE6nxHppbo2LGymrG5Pw-- <- p-locate 5.0.0 (6.0.0 is available)
+ nodelite-2-LAOh4z89bGQvl9pFfNF8V146i7o7-CqFPbqzYgP-yYzDIDeS9HaNFtXABamRW-AQzEVODcvE79ljJ-8a9YSdMg-- <- snake-case 3.0.4
+ nodelite-2-Lbgzdk0h4juoQ9fCKXW4by0UJqj-nOOrI9MJ1sSj4nI8aI2eo1qmvQEie4VD1glsS250n15LsWsYtCugiStS5A-- <- mime-types 3.0.2
+ nodelite-2-LCCV0HdSZZZb34qifBsyWlUmok6W7ouER-oQIGBScS8EsZsQbrtFTUrDX4hOl-CS6p7cnNC4td-qrSVGSCTUfQ-- <- @types/node 22.19.1 (26.4.1 is available)
+ nodelite-2-LDJzPVEEEPR-y48z93A0Ed0yXb8pAByGWo-k5YYdYgpY2-2EsOsksJrq7lOHxryrVOn1ejG6oAp8ahvOIQD8sw-- <- path-parse 1.0.7
+ nodelite-2-LDx6oHrK-PhzLKJU9j5S7-Y3jM-mUHvD-DeI1WQmJn652iPC5Y4TBzC9l-5OMOXlyTTA-SmVUPm0HQUwpD5Jqw-- <- cookiejar 2.1.4
+ nodelite-2-LDxTx-2DkFURUd-BU1vUsF-moj0JsoTvl-2tcg2AUOiEzVturhGGx17-IMgGvKUYdZwr33EJHtChCJuhu9Ouvg-- <- unwasm 0.3.9
+ nodelite-2-LElXdjswlqjWrPpJFg1Fx4wpkOCxj1TDHlSV4PlaRxHGWko024xICaa97ZkMfs6DRKlCguiAI-rbXv5GWwXIkg-- <- astring 1.9.0
+ nodelite-2-Lf-9-2r-Tdp5wXDXC4PcIBjTDtq4UKjCPMQhKIuzpJNW0b96kVqSwW0bT7FhRSfmAiFYgP-SCRvdrDozfh0U5w-- <- mdurl 2.0.0 (2.1.0 is available)
+ nodelite-2-LFEh3vY5nyiVI9IY9rko7FtAtS9fjgQySARlccKbnS7BMWFyQF73OT-n8NG22-8xyp57xPIl13gwO-OD63nktg-- <- @npmcli/map-workspaces 5.0.1 (5.0.3 is available)
+ nodelite-2-LHE-8BuR7RYGDKvnrmcuSq3tDcKv9OFEXQt-HpbZhY7V6h0zlUXutnAD82GiFx9rdieCMjkvtcsPqBwgUl1Iiw-- <- array-buffer-byte-length 1.0.2
+ nodelite-2-LHE65TD2YiNsHD3YuXcKPHXPLuYh-gjp12mOfU8jxSrm1f-yJpsb0F-KKljS6U9LJoP0Ux-tCe8iJ2AsPzTdgA-- <- hast-util-raw 9.0.4 (9.1.0 is available)
+ nodelite-2-LHGIUQUrcDIJUej53KJz1BPvUuHrItrR2yrnN0Kl9657cJ0ZT6QJHk9wWPBnQZhYT5KLyZWrk9jaYc2aKDu4yw-- <- pacote 21.0.1 (21.0.4 is available)
+ nodelite-2-LICb2p9CB7FS-0eR1oqWnHhp0FljGLZCWBE9aix0Uye9W8LTQPwMTYVGWQWIw9RdQiDg4-epXQODwIYJtSJaow-- <- p-finally 1.0.0 (2.0.1 is available)
+ nodelite-2-LjFrGOIORqXBU-jwfC9nbkjmQfFldtMIoS6d9z2LG-lkmyNXsJAySPT-2SWXJEoE68-bCWcxKpXH37npftgmow-- <- jscodeshift 17.3.0
+ nodelite-2-LKMrmwCPoLhM45Z00O1ulb6jwyVr2kr3XJp-G-tSEZcbauNnScewcQwtJqXDhXeYPDEjZ8C1SjXm015CirEmGg-- <- @typescript-eslint/parser 8.32.1
+ nodelite-2-LKYqjO-wGwDCfNIEllessCBWfR4MS-sS1WXO-j00KKyOjm7jDW2L6jzUmqASEiv-kkJO39GcoIOvTTfB3yeBUA-- <- @csstools/postcss-hwb-function 4.0.7
+ nodelite-2-LKYU1iAXJXUgAXn9URjiu-MWhyUXHsvfp7mcuYm9dSUKK0-CjtrUwFAxD82-mCWbtLsGjFIad0wIsod4zrTAEQ-- <- xtend 4.0.2
+ nodelite-2-LM4p2csPNvbij6U1f19v6WR56QZ8JcHg3QIJTlSwzFcmx6WSORicYj6I63f9yU1kEUtrpG-kjkiIAkevHpDXrg-- <- @webassemblyjs/ieee754 1.11.6
+ nodelite-2-LMcepvRaS9LYHJGsF0zzmgKCUim-X3N-DQKc4jepAXJ7l8QxJ1PmxJzqplF2Z3FE4PqBAIGyJAQ-w4B5dsqbtQ-- <- @heroicons/react 2.2.0
+ nodelite-2-LMHl3dXhTcfv8gM4kEzIUeTQ-7fpdA0l2tUf34BddXPkz2A5xJ5L-Pchd5BL6rdccM9QGvu0sWZzK1Z1t4wwyg-- <- enhanced-resolve 5.17.1
+ nodelite-2-LmpOGxTfbpgtGVxJrj5k7asXHCgNZp5nLfp-hWc8QQRqtb7fUy6kRY3BO1h9ddF6yIPYUARgxGOwB42DnxIaNw-- <- http-deceiver 1.2.7
+ nodelite-2-LnhVjMWyMQV9ZmeEy26maJk-8HTIbd59cH4F2MJ439k9DqejRisfFNGAPvRYlKETuh9LrImlS8aKsBgKjMA8WA-- <- @svgr/webpack 8.1.0
+ nodelite-2-LnQR4bZ9IADDRSkvpqMGvt-tEJWclzklNgSw48V5EAaAeDd6qGvN8ei6k5p0tvxSR171VmGyHuTiAOfxAbr8kA-- <- is-stream 3.0.0 (4.0.1 is available)
+ nodelite-2-LOHxIOaPYdHlJRtCQfDIVZtfw-ufM8-rVj649RIHzcm-vGwQRXFt6OPqIFWsm2XEMrNIEtWR64sY1LEKD2vAOA-- <- deep-extend 0.6.0
+ nodelite-2-Lp5QX5bH6uuwBlIdr7w7OAcAI50ttyskb--yUr9i-SPvj6RI2dsfIBaK4mDg1qUdM5LeUdvIyqwj3XHjFKAAvA-- <- @aws-sdk/util-user-agent-browser 3.272.0 (3.972.2 is available)
+ nodelite-2-LpB-54B--2J5hqQ7imZHfdU31OlgQqx7ZicVlkm9kzg9-w8GKLEcFfJl-t7DCEDueOyBAD6zCCwTO6Fzs0NoEQ-- <- isexe 3.1.1
+ nodelite-2-LPDZ85aEJyYSd18-DkjNh4-y1ntkE5KwUHWTiqgRxruuZL2F1yuHligVHLvcHY2vMHXttKFpJn6LwfI7cw7ODw-- <- @babel/template 7.27.2 (8.0.0-beta.0 is available)
+ nodelite-2-LPuwb2P-NrQw3XhxGc36-XSvuBPopovXYTR9Ew--Du9Yb-bx5AzBfrIsBoj0EZUifjQU-sHL21sseZ3jerWO-A-- <- array-buffer-byte-length 1.0.0 (1.0.2 is available)
+ nodelite-2-Lq7ieeGvXDXwpoSmOSgLWVdsGGV9J4a77oDTAPe-Ltrqnnm-ETaRlBAQTH5JatEh8KXuE6sddf9qAv1Q2282Hg-- <- tuf-js 4.0.0 (4.1.0 is available)
+ nodelite-2-LqHxduHoaGELJl2uhImHwRQudhCM50pT46rIBNvtT-Oql3nqiS3wOwP-5ten7NpYSXrrVLgtZU3DZmPtWZo16A-- <- @babel/plugin-transform-for-of 7.25.9 (8.0.1 is available)
+ nodelite-2-LriObC2-KYZD3FzCrgWGv-qufdUy4eXrxcLgQMfYXgPbLIecKIsVBaQgUPmxSSLcjmYbDTQbMgr6qr6l-eb7Bg-- <- @types/parse-path 7.0.3
+ nodelite-2-LRqI9-wdgC25P0URIJY9vwocIzCcksduHQ9OF2joxQoyTNVduwLAFUzjoopuRJbJAReaKrNQKAZKL3uCMugWJA-- <- mdast-util-frontmatter 2.0.1
+ nodelite-2-LS9X-dc8KLxXCb8dni79fLIIUA5VyZoyjSMCwTluaXA0o27cCK0bhXkpgw-sTXVpPy-lSO57ilRixqk0vDmtRA-- <- make-dir 2.1.0 (5.1.0 is available)
+ nodelite-2-LtoMMhxAlorcGhmFYI-LhPgbPZCkgP6ra1YL604EeF6U98pLlQ3iWIGMdWSC-vWmPBWBNgmDBAhnAobLROJmwg-- <- @sindresorhus/merge-streams 2.3.0 (4.0.0 is available)
+ nodelite-2-LV76g-C502biUK6AyZ3LK10vDpDyCzZnhZFXkH1L75zHPj68-qc8Zfpx2th-gzwA2MzyK-1g-3EPl62yFnVttQ-- <- @babel/helper-define-polyfill-provider 0.6.2 (1.0.0 is available)
+ nodelite-2-LvBTxu8bQSQkcyKOU-a1btnNFQ1dMAd0R6PyW3arXes06F6QLWLIrd681bxRPIXlrMGR3XYnW9JyML7dP3qgxg-- <- @babel/helper-annotate-as-pure 7.22.5 (8.0.0-beta.0 is available)
+ nodelite-2-LwZy-p3SFs1Pytd-jYct4wpv49HiYCqd9Rlc5ZVdk0V-8Yzv6jR5Blk3TRmPL1ft69TxP0IMZGJ-WPFU2BFhww-- <- pump 3.0.0 (3.0.4 is available)
+ nodelite-2-Lx5zfaFrmakEtWrPwiOITeCmIQ8-KB9KBzEM8wYW09bSaLZJS8Wi8BqP5TskuURWEENaNnDDR95iQ1VCSsmfFA-- <- trpc-nuxt 1.0.2
+ nodelite-2-Lxgux4InO-WRjSAEy3iyDscsnDXR8-3rgNDeZYjPAizFYjUraoNuMl9PuRd9XMgFZgdyQwaUX7-QHmOw5KGFQw-- <- bun-types 1.1.32 (1.3.8 is available)
+ nodelite-2-LyExtJWKxtgVzmgtEHyQtLFpw1KFhQphF9nTG8TpAIVkiI-xQ3FJh75tRFLYl4hkn7BNIIdLJInuDAavX35pMw-- <- externality 1.0.2
+ nodelite-2-LZxhJ6dvBb-f3x8xwWIuyiAHy56nrRG3PeYTpBkkzkYRRQ6tJLu68lEF5VIqMUZiAV7a8-Tb78nEoMCMcqjXBw-- <- @babel/plugin-transform-duplicate-keys 7.25.9 (8.0.1 is available)
+ nodelite-2-M1uQkMl8rQK-szD0LNhtqxIPLpimGm8sOBwU7lLnCpSbTyY3yeU1Vc7l4KT5zT4s-yOxHH5O7tIuuLOCnLADRw-- <- csstype 3.1.3 (3.2.3 is available)
+ nodelite-2-M3BmBhwJRZsSx38lZyhE53Csddgzl5R7xGJNk7CVddZD6CcmwMCH8J-7AprIrQKH7TonKxaCjcv27Qmf-sQ-oA-- <- duplexify 4.1.3
+ nodelite-2-M3vrMct1tY65ModbyeDaMoA-fNJTSPe5qmchhAbtqhDD-iALri0g9LrEpIOwNaoLmm6lO88sfBUADQrSRSGSWA-- <- @docusaurus/plugin-google-gtag 3.7.0
+ nodelite-2-M422h7o-BR3rmCQ8UHi7cyyMqKltdP9Uo-J2fXK-RSAY-wTcKOIRyhTuKv4qn-DJf3g-PL890AzId5KZpX-CBg-- <- hosted-git-info 9.0.2
+ nodelite-2-M6w37eVCMMouJ9V-sdPGnC5H4uDr73--xdq0FBLO3TFFX1-7wiUY6Es328NN-y43tmY-doUdN9g9J21vqB7iLw-- <- validate-npm-package-name 3.0.0 (6.0.2 is available)
+ nodelite-2-M7BAV6Rlcy5u-m6oPhAPFgJTzAioX-6B0DxyvDlo9l8-T3nLKbrczg2WLUyzd45L8RqfUMyGPzekbMvX2Ldkwg-- <- picomatch 4.0.2 (4.0.7 is available)
+ nodelite-2-MATJdZp8sLqDl-68LfQmbP8zKPLQNV6BIZoIgrscFDQ-RsvK-BxeDQOgyxKKoh0y-8h3BqVFnCqQ-gd-reiIXA-- <- setimmediate 1.0.5
+ nodelite-2-MbjN408fEndfiQXbFQ1vnd-1NoLDsnQW41410oQBXiyXDMYH5z505juWa4KUE1LqxRC7DgOgZDbKLxHIwm27hA-- <- language-tags 1.0.9
+ nodelite-2-MbkQQ2CTiBMlA2Dm-5cY-9SWFEN8pzzOXi6rlM5Xxq0Yqbda5ZQy9sU75a673FE9ZK0Zsbr6Y5iP6u9nktfg2g-- <- minipass-sized 1.0.3
+ nodelite-2-McG47rJEWOkXTDioZzQNydAVvZNeEkSyLJ1VWkFwfW-o1knW-QSi8D1KjPn-TnctV-q99lkvJNe1f0E1IjfY2A-- <- log 6.3.1
+ nodelite-2-MciR4AKGHWl7xwxkBa6xUGxQJ4VBOmPTF7sL-iGzuahOFaO0jHCsuEfS80pan1ef4gWId1oWOweIhrDEYLuaOw-- <- @types/node 22.19.7 (26.4.1 is available)
+ nodelite-2-MEzd8HPKxVxVenwAa-JRPwEC7QFjoPWuS5NZnBt6B3pu7EG2Ge0id1oLHZpPJdn3OQK-BQDiw9zStiHBTJQQQQ-- <- @img/sharp-linux-x64 0.34.5
+ nodelite-2-MgR55l4q9KddUDITEzEFYn5ZsGDXMSsU9E-kh7fjRXTIC3RHqfCo8RPRbyReYJh44HQ-yomFkqbOFohXvDCiIQ-- <- @babel/plugin-transform-modules-commonjs 7.26.3 (8.0.1 is available)
+ nodelite-2-MhLuK-2gUcnZe8ZHlaaINnQLl0xRIGRfcGk2yl8xoQAfHrSsL3rYu6FCmBdkdbhc9EPlwyGHewaRsvwRMJtAlA-- <- fraction.js 4.2.0 (5.3.4 is available)
+ nodelite-2-MJu7ypHq6QasgF5YRTjqscSzQp-W11zoUk6kvmlH-fmWEs63Y0Eib13hYFwAzagRJcVY8WVnlV-eBDUGMJ5IbA-- <- uqr 0.1.2
+ nodelite-2-MjYsKHO5O7mCsmRGxWcLWheFqN9DJ-2TmngvjKXihe6efViPqc274-Fx-4fYj-r03-ESvBdTXK0V6tA3rgez1g-- <- is-regex 1.2.1
+ nodelite-2-MkLDDtPhXZIMx83NykdFmOpF7gVWIdd6GBHYb8V-E-PKWvD2pK-qWx9B30oN1iDJ2XBm0SGDjz02S8nDHI9lMQ-- <- @edge-runtime/format 1.1.0 (2.2.1 is available)
+ nodelite-2-MKtmkA0BX87PKaO1NFRTFH-UnkgnmySQOvNxJubsadusqPEC2aJ9MOQiMceZJJ6oitUl-i0L6u0M1IrmAOmgBA-- <- @csstools/color-helpers 5.0.1 (6.1.1 is available)
+ nodelite-2-MlAgiLes-VV9baFS067FTgF7VoRRcTos9f2vZOCK38KUW7Q7jLX2IHnKRMpin9gjGDT1WiVZSi6N7Zgsvd25vQ-- <- runtypes 7.0.1
+ nodelite-2-MM8XIwUjN2bwvCg1QvrMtbBmpcSHrkhFSCu1D11NyPvDQ25HEc4oG5-OcQfd-Tlf-OxmKWERDj0zGE23jQaMwA-- <- @sigstore/protobuf-specs 0.5.0
+ nodelite-2-MMdARuVEQziNTeJD8DgMqmhwR11BRQ-cBP-pLtYdSTnf3MIO8fFeiINEbX36ZdNlfU-7A9f3gUw49B3oQsvwBA-- <- estraverse 5.3.0
+ nodelite-2-MmmL6vxMGP5Bsi-4wRx4mxYlU-LX6M0noOXrDh-x5FfG7-4ZOar-nDxqDadhJtNM88cuWVHZWY59P54JzkGWmA-- <- @aws-sdk/types 3.272.0 (3.973.1 is available)
+ nodelite-2-MmWmQ3iPFZr0Iev-BAgVMb3ZyC4KeFc3jFxnNbEPas60e1cIfevbtuyf9nDGIzOaW9PdnDciJm-wFFaTlj5xYw-- <- @img/sharp-libvips-linux-x64 1.0.4 (1.2.4 is available)
+ nodelite-2-MNFiBKbbqnmvOjkPyOKgHUp3Q6oiokLkI1bEwm5QA28cxMZrv0CbbBGDNmhF6DIXsi1pCQBSs0dX8xjeER1tmA-- <- motion-utils 12.0.0 (12.23.6 is available)
+ nodelite-2-MnLxG39WcvLCl4eUzHr0gNcpHQfWoGqzADCly54aqCofQX6UozOS9Th4RK3ARbM9m7zIRv3qbhggI53dQtx-hQ-- <- @docusaurus/theme-classic 3.7.0
+ nodelite-2-MNT32sqiTFeSbQZP2WZIRQ-mlIpNNq4sua--4hBG4qT5aef2iQe-1-BjezZURPlvucZeSfN1Y6b60l7OgBdyUA-- <- oxc-parser 0.56.5
+ nodelite-2-MnUuEycAemtSaeFSjXKW-aroV7akBbY-Sv-RkyqFjgAe73F-MR0TBWKBRDkmfWq-HiFmdavfZ1G7h4SPZXaCSg-- <- pinkie 2.0.4
+ nodelite-2-MpUEN2OodtUzxvKQl72cUF7RQ5EiHsGvSsVG0ia9c5RbWGL2CI4C7EpPS8UTBIplnlzZiNuV56w-FuNxy3ty2Q-- <- supports-color 8.1.1 (9.4.0 is available)
+ nodelite-2-MPuWL1u9pzOReE3-BntQqenKg10STgXQslupdihzzlsIxpKONazZysHTq8exhcs-mOSqjgxgtWpJ5e2Nuq-SIA-- <- @octokit/graphql-schema 15.0.0
+ nodelite-2-MR04uvD-07cwl-yhVuVWAtw-3GOR-knlL55Nd-wAdblk27GCVt3lqpTivy-tkJcZoNPzTwS1Y-KMojlLDhoTzg-- <- unist-util-visit 5.0.0 (5.1.0 is available)
+ nodelite-2-MrGRLZxLD-Zjj0gdU15dfs-HH-OXvnw-U4jJD8vpcP2CJQapPEv1IWwjc-qMg7ItBlPwSv1hRBbb7LeuANdcnw-- <- @babel/plugin-bugfix-safari-class-field-initializer-scope 7.25.9 (8.0.1 is available)
+ nodelite-2-MSjYzcWNOA0ewAHpz0MxpYFvwg6yjy1NG3xteoqz644VCo-RPgnr1-GGt-ic3iJTzQ8Eu3TdM14SawnVUmGE6A-- <- emoji-regex 8.0.0 (9.2.2 is available)
+ nodelite-2-MslYkZCeMQDxetNkfmmQYgKCy4c-w9pPDfgOBCJOo-RI1RveEUdZQYtOfrC6cIZB7sD7-PHr2VGOcMXlZawrnA-- <- @csstools/postcss-sign-functions 1.1.1
+ nodelite-2-Mti-f9lpJNcwF4tWV8-OrTTtF1gZi-f8FqlyAdouralcFWFQWF2-NgCHShjkCb-IFBLq9buZwE1xckQU4peSuQ-- <- chalk 2.4.2 (5.6.2 is available)
+ nodelite-2-MuEnA0lbSi7JS8XM-WNJlWZkHAAdm7gETHdFK--Q-mChGyj2akEFtdLZh32jSdkWGbRwCW9pn6g3LWDdDeZnBQ-- <- readable-stream 4.3.0 (4.7.0 is available)
+ nodelite-2-MUv6t0FhO5qHnS-W8XCbHmiRWOphNufpE1IVxhK5kuN3Td9FT1x4rx4K42s3RYdMXCXpfWkGSbCSd0Z64xA7Ng-- <- @babel/plugin-transform-shorthand-properties 7.25.9 (8.0.1 is available)
+ nodelite-2-MVHddDVweXZF3awtlAS-6pgKLlm-JgxZ90--NBurBoQctVOOB-zDdVjcyPzQ-0laDGbsWgrRkflI65sQeOgT9Q-- <- open 7.4.2 (9.1.0 is available)
+ nodelite-2-MWDKS3AS1bGCHLBA2VLImJz42f7bJh8wQsTGCzI3j519-CASStoDONUBVz2I-VID0MpiX3SGSnbOD2xUalbE5g-- <- index-to-position 0.1.2
+ nodelite-2-MWufYdFw53ccGjCA-Ol7XJYpAlW6-prSMzuPOTRnJGcGzuhLn4Scrz7qf6o8bROZ514ltazcIFJZevcfbo0x7A-- <- concat-stream 2.0.0
+ nodelite-2-MXcSTerfPa4uqyzStbRoTgt5XIe3x5-42-q1sDuy3R5MDk66URdLMOZe5aPX-SQd-kuYAh0FdP-pO28IkQyTeg-- <- uuid 9.0.0 (9.0.1 is available)
+ nodelite-2-MXf5laXo6c1IbEbegDmzGPwGNTsHZmEy6QGznu5Sh2UCWvueywb2ee-CCE4zQiZstxU9BMoQO9i6zUFSY0Kj0Q-- <- @babel/plugin-syntax-export-namespace-from 7.8.3
+ nodelite-2-MyqZCTGLDZ77u4k-jqg4UlrzPTPZ49NDlaekU6uuFaJLzPIN1woaRXCbGeqOfxwc3Y37ZROGAJ614Rdv7Olt-g-- <- time-span 4.0.0 (5.1.0 is available)
+ nodelite-2-Mz-4-y8udxBKdmzt-UjPACs4G3j5SshJJEFFKxlCGPydG4JAHXxjWjAwjd09tf6oINvl1VfMJo-nB7H2YKQ0dA-- <- @babel/helpers 7.26.9 (8.0.0-beta.0 is available)
+ nodelite-2-Mz-mc7okA73Lyz8zQKJNyr7lIcHLiPYp0-oiqiMNc-t7-Kf2BENs5d63pEj7oPqdjaum6g0Fc8wC78dY1TgtXw-- <- @smithy/signature-v4 5.0.2 (5.3.8 is available)
+ nodelite-2-MZ4iQ6JwHOBQjahnjwaC1ZtIBH-2ohjamzAO3oaHcXYup7qxjF2fixyH-Q71voWHeOkI2q-TnJao-KfXYIZWbw-- <- es-object-atoms 1.0.0 (1.1.2 is available)
+ nodelite-2-N-8UisAXDGk8PFXP4HAzVR9nbfmVJ3zYLAWiTIoqC5v5isinhr-r5uaO8-7r3BMfuNIufIsA7RdpVgacC2cSpw-- <- text-table 0.2.0
+ nodelite-2-N-MeXYoqr3pOgn8xfyRPREN7gHakLYjhsHhWGT3fWAiL4IkAt0iDw14QiiEm2bE30c5XX5q0FtAA3CK5f9-BUg-- <- define-lazy-prop 3.0.0
+ nodelite-2-N25-XsJ2wkPh1EgkFyb-GRgfHDityScfD49Hk1AwJWpfetzgkcEtWdeW4IuPymXlSKhrm5L-SBw49USxo9kBag-- <- @aws-sdk/util-waiter 3.272.0
+ nodelite-2-N3WMsuqV66lT30CrXNbEjx4GEwlow3v6rr4mCcv6prnfwhS01rkgyFdjPNBYd9br7LpXV1-Emh01fHnq2Gdgrw-- <- tr46 0.0.3 (6.0.0 is available)
+ nodelite-2-N8SpfPUnUp1bK-PMYW8qSWdl9U-wwNWI4QKxOYDy9JAro3WMX7p2OeVRF9v-347pnakNevPmiHhNmZ2HbFA76w-- <- nanoid 3.3.11 (5.1.6 is available)
+ nodelite-2-Na1OuceSJeg8j7ZWn5ssMu-Ax3amtOwk76u4h5J4eK2Nx2KB5qt0Z4cOapCsxot9VcEN11ADV5aUSlQF4RhGjQ-- <- @algolia/autocomplete-preset-algolia 1.17.9
+ nodelite-2-NaCwtw8o48B9I6L1zl2p41OHo-2Z4wqYGGIK1Khu5T7yxrn-ATOixn-Udn2m-6kZKB-J7cuT9DbWWhRxqixACg-- <- @vue/reactivity 3.5.13 (3.5.27 is available)
+ nodelite-2-NBcGGFbBA9s1VzD41QXDG-3--t9Mn5t1FpLdhESY6oKY4gYTFpX4wO3sqGUa0Srjtbfj3szX0RnemmrVRUdULA-- <- global-dirs 3.0.1
+ nodelite-2-Nc3IT5yHzflTfbjgqWcCPpo7DaKy4FnpB0l-zCAW0Tc7jxAiuqSxHasntB3D7887LSrA93kDJ9IXovxJYxyLCA-- <- pluralize 8.0.0
+ nodelite-2-Ncd0vyS2eXGOjchIRg6PVCYKetJYrW1BSbbIo-bKdig61TB6nH2RQNF2uP-qMpsI73L-jURLWojcw8JNIKZ3gg-- <- promzard 2.0.0
+ nodelite-2-NcDiDkTLuPR---OCKB0nWafEmhg-Da8aUPLPMQbK-bxKKCm1-S5he-AqYa4PlMCVBalb4-yxIRub6qkEx5yJbw-- <- regexp.prototype.flags 1.5.2 (1.5.4 is available)
+ nodelite-2-NCI2kiDkyR7VeEKm27Kda-iQHyKJe1Bu0FlTbYp3CqJu-9IFe9bLyAjMxf5ZDDbEg-iMPzB5zYyUTSm8wVTKmA-- <- locate-path 2.0.0 (7.2.0 is available)
+ nodelite-2-ND9qDTLc6diwj-Xe5cdAgVTbLVdXbtxTJRXRhli8Mowuaan-0EJOtdqJ0QCHNSSPyoXGx9HX2-VMnKeC34AChA-- <- data-uri-to-buffer 2.0.2 (6.0.2 is available)
+ nodelite-2-NesdBXv4CvVEaFUlqKj-GA4jJMNUzK2NtKOrUNEtTbXaVyNiXjFCSaDajMTedEB0jTAd9ybB0aBvwhgkJUWkWA-- <- @swc/core-linux-x64-gnu 1.11.21
+ nodelite-2-NGbfmJBp9x8IxyJSd1P-otYK8vonoJactOogrVfFRIAEY1ukil8RSKDz2Yo7wh1oihl51l-r6W4epkeKJHqL8A-- <- global-modules 2.0.0
+ nodelite-2-NgbJ-aW9gQl-25-GIEGYcCyi8M-ng2-5X04BMuIgoDfgvp18vDcoNHOQjQsG9418HGNYRxG3vfEXaR1ayD37gg-- <- @sigstore/core 3.0.0 (3.1.0 is available)
+ nodelite-2-Ngha5414LR4gRHURVKC9ZYXsEJhMkm-SJ-44wlzOhavglfdcKKPUsibz5cKY1jpUV7oKECwaxHWpBB8r6h-hOg-- <- @aws-sdk/util-retry 3.272.0
+ nodelite-2-NGhtDFu3jCEm7B4Fy0DpLewdJQOZcQ0rGbwQ--stjnrp2i-rlKeCvos9hOIeCmqwratM47OBxY7uFZzjxHXmrg-- <- string.prototype.trimstart 1.0.7 (1.0.8 is available)
+ nodelite-2-NGnrKwXzSms2qUUih-ILZ5JBqNTSa1-ZmP6flaIp6KmSElgE9qdndzS3cqjrDovwFdmwsGsLdeFgB6suw-1e9g-- <- internal-slot 1.0.7 (1.1.0 is available)
+ nodelite-2-Nhao7eD8ph2DoHolEzQs5CfRpiEP0xa1HBdnFZ82kvqdmbwVBUr2r1QuQ4t1pi-D1ZpqpcO4T-wy-7RxzJ-WPQ-- <- cssnano-preset-advanced 6.1.2
+ nodelite-2-NHQtfOOW68WD8lgypbLA5oT-Bt0xXJhiYvoR6SmmNXZfpzOGXwdKWmcwG8N7PwVVWV3eF-68nmD9BaJSsTBhyQ-- <- dedent 1.5.3 (1.7.2 is available)
+ nodelite-2-Ni79DqeB72ZFq1uH-L6zJ-DKZTkOtPIHovb3YZHQViE-HDouuU4mBrLOLDn5Dde3RF8qw5qVETEjhu9locMLvA-- <- string.prototype.trimend 1.0.7 (1.0.9 is available)
+ nodelite-2-NiSupZ4OeuGwr68lGIeym-ksIZMJodUGOSCZ-FSnTxcrekbvqrgdUxlJOMpijaKZVjAJrWrGs-6Jy8OMuyj9ow-- <- escape-html 1.0.3
+ nodelite-2-NiujjUFB4SwScJq2bwbYUtXbZhBSlY6vYzm--3Q6oC-U-injTqfPYFK8wS9COOmb2lueqp0ZRB4nK1VYeHgNyw-- <- code-block-writer 11.0.3 (13.0.3 is available)
+ nodelite-2-NJ6Yn3FuDinBaBRWl-q5X-s4koRHBrgKAu-yGI6JCBeiu3qrcbJhwT2GeR-EXVfylRk8dpQVJoLEFhK-Mu31NA-- <- es6-symbol 3.1.3 (3.1.4 is available)
+ nodelite-2-Nl03d6T9ky516DGK2YMxrTqvnpUW63TnJMOMonj-Zae0JiPC5BC9xPMSL6L8fiSpA5vP88qfygavVQvnLp-6Cw-- <- @babel/preset-react 7.26.3 (7.29.7 is available)
+ nodelite-2-NlHwttCI-l5gCPR3D1nNXtWABUmBwvZpEQiD4IXSbIDq8BzLIK-7Ir5gTFSGZDUu37K5cMNp0hFtzO38sC7gWA-- <- scheduler 0.26.0 (0.27.0 is available)
+ nodelite-2-NM8-P9n3XjXhIZn1lLhkFaACTOURQXjWhV4BA-RnOv8xvgqtqpAX9IO4mRQxSx1Rlo4tqzeqb0sOlruaOy3dug-- <- json-schema-traverse 1.0.0
+ nodelite-2-NMk1IGZ5I-oHhoXEElcm-xUnL-szL6xflkFZmoEU9xj1qSJXpiS7rsspYo92B4DRCDvZn2erT5LdsCeXAKNCkg-- <- @babel/preset-typescript 7.26.0 (8.0.0-beta.0 is available)
+ nodelite-2-NmLNjm6ucYwtcUmL7JQC1ZQ57LmHP4lT15FQ8D61nak1rO6DH-fz5qNK2Ap5UN4ZapYICE3-0KodcLYSPsPbaA-- <- https-proxy-agent 7.0.2 (7.0.6 is available)
+ nodelite-2-NMt-m9zFMPZe0JcY9gN224Qvk6qLIdqex29clBvc-y75ZBX9YA9wNK3frsYvu2DI1xcCIwxwnX-TlsJ2DSOADg-- <- dom-accessibility-api 0.5.14 (0.6.3 is available)
+ nodelite-2-NnLweV-2A4nCvn4U-m2AoYu0pPKlsmhK9cknG7IMwsjFY1S2jxM-mAhsDxyxfCIGfGaD-dozsyX4b6vkYc83yQ-- <- git-url-parse 14.0.0 (16.0.1 is available)
+ nodelite-2-NOJ6JZCAWr0zlxZt-xqCHNTEKOsrks2HQd4MqhP1qy4z1SkbEP467eNx6TgDKXMvUOb-OENfJCZwM-16n7fRfw-- <- value-equal 1.0.1
+ nodelite-2-NOKm8xhkzAjzFx8B2v5OAHT-u5pRQc2UCa2Vq9jYL-31o2wi9mxBA7LIFs3sV5VSC49z6pEhfbMULvShKj26WA-- <- commander 4.1.1 (9.5.0 is available)
+ nodelite-2-NoZ4roiN7LnbKn9QqE1amc9DJfzvZXxF4xDavcOWt1BPkdx-m-0gJuPM-S0vCe7zTJMYUP0R8pO2XMr-Y8oLIg-- <- tsconfig-paths 4.2.0
+ nodelite-2-NqADB8VjPFLM2V0VvHUewwwsw0ZWBaIdgo-ieHtK3hasLz4qeCRjYcqfB6AQrBggRKppKF8L52-VqdVsO47Dlw-- <- has-tostringtag 1.0.2
+ nodelite-2-NqVDv9TpANUjFm0N8uM5GxL36UgKi9-atZw-x7YFnQ8ckwFGKrl4xX4yWtrey3UJm5nP1kUbnYgLopqWNSRhWw-- <- sax 1.2.4 (1.6.1 is available)
+ nodelite-2-NSBR4kH5oVj1Uwvv970ruUkCV7O1mzgVFO4-rev2cLRda9Tm9HrL70ZPut4rOHgY0FNrUu9BCbXA2sdQ-x0chA-- <- is-weakmap 2.0.1 (2.0.2 is available)
+ nodelite-2-Nsdud2X65Dz-1RHjAIP0t8z5e2ff-IRbei6BqFrl1urT8sDVzM1HMQ-R0XcU5ceRfyO3I6ayeqIfh-6Wb8LGTw-- <- @floating-ui/dom 1.6.5 (1.7.4 is available)
+ nodelite-2-NT7Ejn7Z-LjUH0Gv5KsBCxh7BH3fbLTV0ptHvpeMvrt3cPThHfJfst9Wrb7S8EvJ7vRTFI7z-VAvFVEQn-m5zQ-- <- @babel/plugin-transform-async-to-generator 7.25.9 (8.0.1 is available)
+ nodelite-2-NTOs0FwHw1vimmQM4ebh-wFQvOwkEf-kQL6bSM1Lock-Bv4I89B3hGYoUEPkmvYPkDKyp5UdXJYu-PoTQ3T31Q-- <- @smithy/querystring-builder 4.0.2 (4.2.8 is available)
+ nodelite-2-NuAESUOUMrlIXOfHKzD6bpPu3tYt3xvjNdRIQ-FeT0lNb4K8WR70CaDxhuNguS2XG-GjkyMwOzsN5ZktImfhLA-- <- object-keys 1.1.1
+ nodelite-2-NuaNSa6flKT5JaSYQzJok04JzTL1CA6aGhv5rfLW3PgqA-M2ChpZQnAC8h8i4ZFkBS8X5RqkDBHA7r4hej3K9A-- <- queue-microtask 1.2.3
+ nodelite-2-NuHqBY1PB-D8xU6s-thBgOAiAP7HOYDQ32-BFZILJ8ivkUkAHQnWfn6WhL79Owj1qmUnoN-YPhktdIoucipkAQ-- <- @xtuc/long 4.2.2
+ nodelite-2-NwCl5Y0V6Di0NexvkTqdoVfmjTaQwoLM236r89KEojGmq-jMls8S-zb7yOwAPdXvbwfKDlP-lmXgAL4vKSQT-A-- <- @sigstore/bundle 4.0.0
+ nodelite-2-NWzkk0jSJtTt08-FBFMvXoeZnOJD-jTtsRmBYbAIzJdX6l7dLgR7CTubCM5-eDdPUBvLCeVasP1brfVR-9-EZQ-- <- find-up 2.1.0 (7.0.0 is available)
+ nodelite-2-NXdYc3dLr47pBkpUCHtKSwIOQXLVn8dZEuywboCOJY-osA0wFSLlSawr3KN8qXJEyX66FcONTH8EIlVuK0yyFA-- <- cookie-signature 1.0.7 (1.2.2 is available)
+ nodelite-2-NxNv-kLguCA7p3jE8oL2aEBsrJWgAakBpgmgK6lpPWV-WuOmY6r2-zbAVnP-T8bQlA0nzHXSJSJW0Hq7ylaD2Q-- <- prompts 2.4.2
+ nodelite-2-NXSZIhfJjnXqJgtS7IwutqIF-SOy1Wz5Px4gUY1RWITp3AYTyuJS4xaXr-bIJY1v15XMzrJ5soGnPM-7uigZjA-- <- @types/aws-lambda 8.10.149
+ nodelite-2-Ny5Ot-r7dMnfkcD-YcdtSmM4LVWoLRGWe-A6AqzcN4h6mqE82EU6KMA53wVI50YqgTOIIrNNI6QJr70rPWebcw-- <- docusaurus-preset-shiki-twoslash 1.1.41
+ nodelite-2-NYEsLHh8DgG-PRH2-G9BTuUdtf9ViS-vdoQ0YA5OQdGsfN4ztiwtDWNtBl9EKeqNMFnIu8IKZ0cLxEQ5r5KVMw-- <- postcss-calc 10.1.1
+ nodelite-2-NYFqcft7vVQMZlQPsMdMPy-qU-zDpy95Malpw4GeA9ZZjM6dVXDshXtDmLc0m4WCD6XeZCJqjTfPT1USsdt-rA-- <- postcss-unique-selectors 7.0.0 (7.0.7 is available)
+ nodelite-2-Nyyv1Bj7GgYwj-l46O0nkH1GTKWbO3Ixe7KFcn021aZipkZd-z8Vlu1BwkhqtVgivcKaClaExtWU-lDHkjBzag-- <- @redocly/config 0.20.3
+ nodelite-2-NZmXRnrSLK8MQ9y-CMqE9WSspgB9xA41-LlYR0k967aSZebWr4yNrpxIbov12ICwKy4APSlWXZga9jN5p6puPA-- <- @hapi/validate 2.0.1
+ nodelite-2-NZQZdC5wOE-H3UT28fVGL-ikOZcEzfMGk-c3iN9UGxzWHMa1op7274oyiUVrAG4B2EuFhus8SvkaYnhvW92p9Q-- <- regjsparser 0.13.0
+ nodelite-2-NzUnlZexiaH-46WDhANlyR2bXRopNg4F-zuSA3OpZnllCUgRaOF2znDioDWrmbNVsuZk6l9pMquQB38cfBZwkQ-- <- before-after-hook 2.2.3 (4.0.0 is available)
+ nodelite-2-O-A6LWV5LDHSJD3LjHYoNi4VLsj-Whi7k6zG12xTYaU4cQ8oxQGckXNX8cRHK5yOZ-ppVHe0ZBXGzSV9jXdVbQ-- <- autoprefixer 10.4.21
+ nodelite-2-O11mqxmi7wMKCo6HKFt5AhO4BwY3VV68YU07tgxfz8zJTIxr4BpsezN49Ffwy9j3ZpwwJp4fkRwjRzq3uWE6Rg-- <- utility-types 3.10.0
+ nodelite-2-O18pf7nyvHTckunPWCV1XUNXU1piu01y2b7ATJ0ppkUkk8ocqVWBrYjJBCwHDjD-ZWcfyrA0P4gKhzWGi5EINQ-- <- lilconfig 3.1.1 (3.1.3 is available)
+ nodelite-2-O1Ld7Dr-nqPnmGpdhzLmMTQ4vAsD-rHwMm1NLUmoUFFymBOMKxCCrtDxqdBRYXdeEPEi3SyoR4TizJLQrnKBNA-- <- gzip-size 7.0.0
+ nodelite-2-O7BxrpLDPJWWHv-DLA9DRFWs-iY1uOJZkqUwjS5HSZAGcl0hIVCQ97LTLewiZmZ402JYUrun-8NqFP-hCknlbQ-- <- @algolia/autocomplete-core 1.17.9
+ nodelite-2-O84QOnr0icsbFGLS0O3bI5FswxzRr8-gHwWkDlQFskhSPryQXvrTMxjxGP4-iWYoauLoBvfDpkrOauZ-0iZpDA-- <- wbuf 1.7.3
+ nodelite-2-O8dpsF-r0WV-8MNRKfnmrtCWhuKjxrq2w-jpzBL5UZKTi2LeVWnWOmWRxFlesJONmc-wLAGvKQZEOanko0LFTg-- <- istanbul-lib-coverage 3.2.2
+ nodelite-2-O8jcjabXaleOG9DQ0-ARXWZBTfnP4WNAqzuiJK7ll44AmxGKv-J2M4TPjxjY3znBCfvBXFzucm1twdyFybFqEA-- <- @isaacs/cliui 8.0.2 (9.0.0 is available)
+ nodelite-2-O8x12RzrUF8xyVcY0KJowWsmaJxQbmy0-EtnNtHRpsOcT7dFk5W598coHqBVpmWo1oQQfsCqfCmkZN5DJrZVdg-- <- decode-named-character-reference 1.0.2 (1.3.0 is available)
+ nodelite-2-OA0mILzGc1kCOCSJerOeqDxDQ4HOh-G8NbOJFOTgOCzpw7fCBubk0fEyxp8AgOL-jvLgYA-uV0cMbe43ElF1JA-- <- css-tree 2.2.1 (3.2.1 is available)
+ nodelite-2-OA3KGBCy6KtIvLf8DINC5880o5iBlDX4SxzLQS8HorJAbqluzLRn80UXU0bxZn7UOFhFgpRJDasfwn9nG4FG4A-- <- @fastify/merge-json-schemas 0.2.1
+ nodelite-2-OAlb-T7V4Op9OwdkjmguYRqncdlx5JiofwOAUkmTF-jNdHwzTaTs4sRAGpzLF3oOz5xAyDGrPgeIDFQmDOTiJw-- <- check-error 2.1.1 (2.1.3 is available)
+ nodelite-2-OC1IlG-yoGJdi0Y-7duz-kU-beCwO-Gua01sD6GtOtLi7ByQUpcIqs7UE-xuRPay4cHgOMatWdnDdsIDjnWpPw-- <- @csstools/postcss-logical-viewport-units 3.0.3
+ nodelite-2-OcRE68cOsVMXp1Yvonl-fzkQOyjLSu-8bhPDfQt0e0-Eb283TKP20Fs2MqoPsr9SwA595rRCA-QMzYc9nBP-JQ-- <- cliui 7.0.4 (9.0.1 is available)
+ nodelite-2-OcXjMsGdhL4XnbShKpAcSqPMzQoYkYyhbEaeSko47MjRP9NfEQMhZkXL1DoFlt9LWQn4YttrdnV6X2OiyzBi-A-- <- resolve.exports 2.0.3
+ nodelite-2-OdQr6BNBzwRjNEXMQyaGyZzgg7wzjYKfX2ZBV3E04hUCBDv3GQCHiz9RpqdUIiVrMgJGkXm3tcEh4vFSHreS2Q-- <- @typescript-eslint/scope-manager 8.24.1
+ nodelite-2-Oei9OH4tRh0YqU3GxhX79dM-mwVgvbZJaSNaRk-bshkj0S5cfHcgYakreBjrHwatXKbz-IoIdYLxrKim2MjW0Q-- <- asynckit 0.4.0
+ nodelite-2-OErEqsrxjZTJciZ4Oo-eoZqeW9UIiOcuYKRJA4ZAgV9myA-pOXhhmpfNCKjEH-auVfEYVFJ6y1Tc4r0eIApqiw-- <- @babel/helper-function-name 7.23.0 (7.24.7 is available)
+ nodelite-2-OFBG6oMjZzc78-U3WNPSHs2W9ZJ723ewAcvVJaqS0VgyeUfmzUV8f1sv-iUHA0DtwiR5T5FjOxj6nzEE8LY6VA-- <- @docusaurus/mdx-loader 3.7.0
+ nodelite-2-OGlZQpz2yfahA-Rd1Y8Cd9SIEsqvXkLVoSw-cgwhnhFMDbsQFeZYoJJ7bIZBS9BcamUW96asq-npPWugM-RQBw-- <- jackspeak 3.4.3 (4.2.3 is available)
+ nodelite-2-OGOOP7CjHGH302ynlwDe49-1zELuO5W0hlHEbXxHeM14EFv1Z4Zk-LhvQ-SLS7GCB38p19Lf1Di61C1ycJsSmA-- <- @aws-sdk/middleware-sdk-api-gateway 3.775.0
+ nodelite-2-OH-2E5Fg20h2aPrbe-QL8JZQFko0YZaF-j4mnQ7BGhfavO7OpSLa8a0y9sBwomHdSbkhTS8TQNayBfnW5DwbvQ-- <- ast-types-flow 0.0.8
+ nodelite-2-OH6lveCFfcDjX4dbAvCFSYUjJZjDr-3XJ3xHtjn3Oj5b9RjojQo8npoLeA-bNwkOkrSQ0wgrHzXk4tDRxGKJeg-- <- @aws-crypto/sha1-browser 5.2.0
+ nodelite-2-OIAYXk8-ISY-qTOwkHtKqzAuxchoMiD9Udx-FSGQDuiRR-PJKJHc2NJAXlbhkGwTt-4-nKZxELY1w3ReWOL8mw-- <- type-fest 0.18.1 (5.4.1 is available)
+ nodelite-2-OkoZnxyC4ERN3zLzZaY9Emb7f-MhBOIpePv0Ycok0fJYT-Ouo00UBEIwsVsr0yoow--n5YWlSUgST9GKhNHiRQ-- <- cli-color 2.0.3 (2.0.4 is available)
+ nodelite-2-OkTL9umf-He2DZkUq8f8J9of7yL6RJKI24dVITBmNfZBmri9zYZQrKkuXiKhyfPSu8tUhnVBB1iKXevvnlR4Ww-- <- commander 8.3.0 (9.5.0 is available)
+ nodelite-2-OLETBj6w0OsagBwdXnPdN0cnMfF9opN69co-7ZrbfPGrdpPVNBUj02spi6B1N7wChLQiPn4CSH-zJvXw56gmHw-- <- domelementtype 2.3.0
+ nodelite-2-OLHER70-rZxvDl75xq3xXOfd3e8XIvz8fWY0dqg92UvhZ29zo24vQgfqgHSYhB5ZiuFpSLeriOisAlxAo-1jWg-- <- @hapi/wreck 18.0.1
+ nodelite-2-OljLrQ9SQdOUqTaQxqL5dEfZWrXExyyWsozYlAWFawPVNuD83igl7uJD2RTkNMbniIYgt8l81eCJGIdQF7avLQ-- <- validate-npm-package-name 5.0.1 (6.0.2 is available)
+ nodelite-2-OLUaoqBuyxeTqUvjA3FZFiXUfYC1alp3Sa99gW3EUDz3tZ3CbXDdcZ7qWKBzicrJleIgucoWamWH1saAmH-l2Q-- <- @npmcli/promise-spawn 9.0.1
+ nodelite-2-Om0WPjEwiM9Ru-VhfEDPZJAKWUd0mV1HmNXqp2C29z80aQ2uP9UVhLc7e3aYMIor-S5cVhoPgYQ7RtfeZpYTRw-- <- postcss-gap-properties 6.0.0
+ nodelite-2-OmHLfRIb7IIXsf9-X-pMOlcSV3gzW-MmtPSZTkrz5jCTKzWXd7eRoyOJqewjsaC6KMAxIpNU77FoAd16jOZ21A-- <- @aws-sdk/middleware-flexible-checksums 3.775.0 (3.972.2 is available)
+ nodelite-2-OnAYlL5b7LEkALw87fUVafQw5rVR9RjwGd4KUwNQ6DrrNmaVaUCgLipfVlzrPQ4tWOR9P0IXGNOx50jYCCdSJg-- <- b4a 1.6.7 (1.8.1 is available)
+ nodelite-2-ONdIrbBCFusq1Oy0sC71F5azx8bVkvtZtMJAsv-a6lz5YAmbNnLD6HAB4gptHZVLPR8S2-kVN6Gab7lryq5-lQ-- <- git-up 7.0.0 (8.0.1 is available)
+ nodelite-2-OnKV52-VFFDAim4n0pdI-JAhsolLBdnCKxE6VV5lW5Q-JeVGFN8UM8ur6-A3EAMLsT1ZRm3fDHh-rBoBQpqi2w-- <- postcss-normalize-unicode 7.0.0 (7.0.9 is available)
+ nodelite-2-OnPc-Kt5oy3xTvr-KCUOqE9ptJcWbyQgAUr1ydh9EmbBcmJTaO1kfQCxm-axzJi6sKeDTxL9rX5zvLOhoYIaQw-- <- @swc/core 1.9.1 (1.9.3 is available)
+ nodelite-2-OO0pH2lK6a0hZnAdau5ItzHPI6pUlvI7jMVnxUQRtw4owF2wk8lOSabtGDCTP4Ggrg2MbGnWO9X8K1t4-fGMDw-- <- fs.realpath 1.0.0
+ nodelite-2-Oo82gJDAVcaMdi3nuoKFavkIHBRVqQ1qvMb-9LHk-cF4P6B2m8aP04hGf7oL6wZ9BuGwX1onlLhpuoofSyoQDQ-- <- npm-run-all 4.1.5
+ nodelite-2-OOcg3PMMQx9EXspId5iktsI3eMaXVwlhC8BvNnX6B5w9a4dVgpkQZuU8Hy67TolKcl-iFWq0XX-jbDGN4xWxjQ-- <- @typescript-eslint/utils 8.24.1
+ nodelite-2-OoohrmuUlBs8B8o6MB2Aevn-pRIH9zDALSR-6hhqVfa6fRwG-Qw9VUMSMW9VNg2CFc-MTIfabtdOVl9ODIJjpw-- <- svgo 3.3.2 (4.1.0 is available)
+ nodelite-2-OP35aUorbU3Zvlx7pjsFdu1rGNnD4pgw-CWoYzRY3t2EzoVT7shKHY1dlAy3f41cGIO7ZDPQimhGFTlEYkG-Hw-- <- core-js 3.38.1
+ nodelite-2-OpZ3zP-jT1PI7I8nemJX4AKmAX070ZkYPVWV-AaKTJl-tXCTGyVdC1a4SL8RUQYEwk-f34ZX8UTykN68FwrqAA-- <- statuses 1.5.0 (2.0.2 is available)
+ nodelite-2-OqbOk5oEQeAZ8WXWydlu9HJjz9WVdEIvamMCcXmuqUYjTknH-sqsWvhQ3vgwKFRR1HpjvNBKQ37nbJgYzGqGcg-- <- mimic-fn 2.1.0 (4.0.0 is available)
+ nodelite-2-OqedPIGOfsDlo31UNwYbCFMSaO9m9G-0faIHj5-dZFDMFqPTcx6UwqyOy3COEaEOg-9VsGIpdqn62W5KhoKSpg-- <- websocket-extensions 0.1.4
+ nodelite-2-OqyPZ9u96VohAyMfJykzmivOrY2wfMSf3C5TtFJVgN-Hm6aj-voFhlK-kZEIv2FBh1X6Xp3DlnCOfEQ3B2J86A-- <- thread-stream 3.1.0
+ nodelite-2-Or--kvLxNpeQ9DtSydonMxCx-9ZXOswtwJn17SNLvhptaXYDJvkFFP5zbfU-uLmvnBJlI4yrnXRxpdWH-M5tNA-- <- typed-array-byte-length 1.0.0 (1.0.3 is available)
+ nodelite-2-Orf9Ltr5NeiEuVJS8Rk2XTw3IxNC2Bic3ash7GgYeA8LJ-zmSNpSQ-m5UAhe03lA6KFgklzZ5KTHs4OAMA-SAQ-- <- @clack/core 1.0.0
+ nodelite-2-OrZaX2Mb-rJCpH-6CpSqt9xFVpN--x01XnN2ie9g6P5-3xelLAkXWVADpdz1IHD-KFfEXyE6V0U01OQ3UO2rEg-- <- resolve-cwd 3.0.0
+ nodelite-2-OsQd175SxWkGlzbny8J3K8TnnDD0N3lrIUtB92xwyRpzaenGZhxDvxN-JgU00U3CDZNj9tPuDJ5H0WS4Nt3vKg-- <- @babel/parser 7.27.5 (8.0.4 is available)
+ nodelite-2-Ou9I5Ft9WNcCbXrU9cMgPBcCK8LiwLqcbywW3t4oDV37n1pzpuNLsYiAV8eODnjbtQlSDwZ2cUEeQz4E54Hltg-- <- sharp 0.34.5
+ nodelite-2-Ous0vodHa56FviZucS2E63zkgtgrACj7omjwd-8lTEMEPFFyjfixMZ1ZXenpgCFBBt4EC1J2XsyVS2gkG0eTFA-- <- typed-array-byte-offset 1.0.2 (1.0.4 is available)
+ nodelite-2-OvjF-z51L3ov0OyAU0duzsYuvO01PH7x4t6DJx-guahgTnBHkhJdG7soQeTSFLWN3efnHyibZ4Z8l2EuWwJN3A-- <- @tokenizer/token 0.3.0
+ nodelite-2-OvQ-2pUDKmgfCg--xsTX1wGxfTaszcHVcTctW4UJB4hibJx2HXxxO5UmVgyjMa-ZDsiaf5wWLXYpRWMmBI0QHg-- <- acorn 8.14.1
+ nodelite-2-Owdv-Ft7IjOgm-i0xvNDZ1LrRANRfew4b2prF3OWMQLxLfu3bS8FVhCsrSCMK4lR56Y9ya-AThoTpDCTxCmpRA-- <- read-cache 1.0.0 (1.0.2 is available)
+ nodelite-2-OWND8ei3VtNC9h7V60qff3SVobHr996CTwgxubgyQYEpg290h9J0buyECNNJexkFm5sOajh5G116RYA1c8ZMSw-- <- natural-compare 1.4.0
+ nodelite-2-Ox1pJVrDCyGHMG9CFg1tmrRUMRPRsAWYc-PinY0XzJU4K7y7vjNoLKIQ7BR5UJMCxNN8EM1MNDmHWA-B3aZUuw-- <- hex-rgb 4.3.0
+ nodelite-2-Ox8-ABI-nsLK-c4-oC5dpquXuEIjzfTlJrdQKgQijCsDQoje7inXFAtKDLvvaGvuvE-PVpMLwQcIUL6P9Ob1hQ-- <- @netlify/functions 3.0.4
+ nodelite-2-OxkcBe9i-iQp4vNlXB2nRaTAIu3xtdshqKAUYenGve7MnT1YFsE2FOr92MMF2-5TuNTAJ1jGyls3t16YSfoOYA-- <- @prisma/client 6.8.1
+ nodelite-2-OYTthRfSh55WOItVqwpefPtNt2VdKsq5AnAK6apdtR6yCH8pr0CmSr710J0Mf-WdQy7K-OzMy7K2MgAfdQURDw-- <- just-diff-apply 5.5.0
+ nodelite-2-OYu7XEzjkCQ3C5Ps3QIZsQfNpqoJyZZA99wd9aWd05NCtC5pWOkShK2mkL6HXQR6-Cy2lbNdPlZBpuQHXE63gA-- <- jsesc 2.5.2 (3.1.0 is available)
+ nodelite-2-OzIvbHKKDpi60TnF9t7UUVAF1B4mcqc02z5PIvrm08Wyb-yOcz63GRvEuVxNT18a9E1SrNouhB4W2NNLeD7Ykg-- <- ky 1.7.2 (1.9.0 is available)
+ nodelite-2-OZs6gsjF4vMp32qrCbiVSkrFmXtG-AZhY3t0iAMrMBiAZyV9oALtXO8hsrHbMXF9x6L3grlFuwW2oAz7cav-Gw-- <- type-is 2.0.1
+ nodelite-2-OZSyhzU6vTdW3eV-mz5i6hQwQUhkRs7xwY2d1aqPvTdMe0-2cY7Fwp45PAiwYLEj73i9ro2FxF9qC4DvHGSCgQ-- <- @react-types/shared 3.25.0 (3.32.1 is available)
+ nodelite-2-P-7muTGs2C8yRcgJw-PPt61q7O517tDHiwYEzMWo1GSBCcZedUMT-clz7vUNsSxFphIlJ6QUL4GexQKlfJoVtA-- <- stream-promise 3.2.0
+ nodelite-2-P0CysNDQ7rtVw4QIQtm-MRxV66vKFSvlsQvGYXZWR3qFU0jlMKHZZZgw8e-8DSah4UDKMqnknRDQz-xuQXQ-Zg-- <- commander 5.1.0 (9.5.0 is available)
+ nodelite-2-P4YJBPdPSpWTQ1NU4XYdvHvXJJDxM6YwpS0FZHRgP7YFkdVxsWcpWGy-NVqlAA7PcPCnMacXlRm1y2PFZRWL-w-- <- @octokit/auth-token 6.0.0
+ nodelite-2-P5Nra0qjSncduVPEAr7xhoF5guty49ArDTwzJ-yNuPIbZppyRxFQsRCWrocxIY-CnMVG-qfbU2FmDKyvSGClow-- <- which-typed-array 1.1.13
+ nodelite-2-P8BjAsXvZS-VIDUI11hHCQEv74YT67YUi5JJFNWIqL235sBmjX4-qx9Muvls5ivyNENctx46xQLQ3aTuE7ssaQ-- <- callsites 3.1.0
+ nodelite-2-PBjIUxZHOuj0R15-xuwJYjFi-KZdNFrehocChv4g5hu6aFroHue8m0lBP0POdK2nKzbw0cgV1mws8-V-JAcEkQ-- <- @types/unist 2.0.6 (3.0.3 is available)
+ nodelite-2-PBu00mtt95jbKFi6Llk9aik8bnR3tR-oQP1o3TSi-iG---Q2RTIzCEgKkHG8BB86kxMNW6O8wku-Lmi-QFR6jA-- <- @tanstack/virtual-core 3.10.8 (3.13.13 is available)
+ nodelite-2-PCqQV3c4CoVm3kdPhyeZ07VmBRdH2EpMFA-pd9OASpOEC3aXNGoqPDAZ80D0cLpMBxnmk0-yNhGsEx31hq7Gtw-- <- @csstools/selector-specificity 5.0.0
+ nodelite-2-PCVAQswWemu6UdxsDFFX--gVeYqKAod3D3UVm91jHwynguOwAvYPhx8nNlM--NqRcK6CxxpUafjmhIdKiHibqg-- <- array-flatten 1.1.1 (3.0.0 is available)
+ nodelite-2-PEGlAwrG8yXGXRjW32fGbg66JAlOAwbObuqVoJpv-mRgoWDQfgH1wDPvtzWyUSNAXBGSk8h755YDbbcEy3SH2Q-- <- space-separated-tokens 2.0.2
+ nodelite-2-PJbLjonJK82uCWHjzgBJZuR7zmAOrSvKk1QBxrennDIgtH4uK0TB1PvYmc0XBCigxxtiAVPfWtAdy4lpz8SQGQ-- <- @vitest/mocker 3.1.3 (4.0.7 is available)
+ nodelite-2-PJWHUb1RFevKCwaFA9RlG5tCd-FO5iRh9A8HEtkmBH2Li03iJriB6m6JIN4rGz3K3JLawI7-veA1xzRKP6ISBw-- <- diff 7.0.0 (9.0.0 is available)
+ nodelite-2-POQXvpdL69-CluYsillJ7SUhKvytYjW9vG-GKpnf-xP8UWgYEM-RaMzHHofbALDiKbbP1W8UEYmgGl39WkPZsg-- <- jsonparse 1.3.1
+ nodelite-2-POWDuTznzbIwlEXEvvXoPMS10y0WKXK790soe57tFRfvf4zBHyzE529HpZMqmDdwG9MfFflnyzndUQ8j78ZdSg-- <- @smithy/hash-stream-node 4.0.2 (4.2.8 is available)
+ nodelite-2-PPjh4gyrQnGe97JTalgRGMuU4icsZFnWkzicB-fUtzlKUqvsWBKEpPPfr5a2JiyirZkHxnAqkQMO5Z5B2kK3fA-- <- @babel/plugin-transform-private-methods 7.22.5 (8.0.1 is available)
+ nodelite-2-PQniZph5A6N7uuEOQi-1hnMz-FSOK-8kMFyFO-4DgA1dZ5pcKcn5wiFwHkcTb-BsgVqQa3Jx0VHNnvhlS8JyTg-- <- @aws-sdk/util-base64 3.208.0
+ nodelite-2-PR5H-2vaD8fSq0H-UB9inNbc8KDcVmW6fYAfSWkkn-OAdhTTMVKqXXrZuZBWyFfSD5Ze7VN6acr4hrOQm2bmrA-- <- @react-aria/utils 3.25.3 (3.31.0 is available)
+ nodelite-2-PR9zDb-rOzkRb2VD-EuKB7UC41vU5DIwZ5qqCpk0KJudcWAyi8rvYOhS7-L5aZCspw1stTViLgN5v6FF1p5cgQ-- <- @rollup/plugin-alias 5.1.1 (6.0.0 is available)
+ nodelite-2-PRfWP-8FOldvbApr6xL7mNCw4cJcSTq4GA7tYbgq15mRb0kWKO-wEB2jr-uwjFH3sZvEZneZyCUGTxsv4Sahyw-- <- @eslint/core 1.0.0 (1.2.1 is available)
+ nodelite-2-PRWFHuSU3eDtQJPvnNY7Jcket1j0t5OuOsFzPPzsekD52Zl8qUfFIPEiswXqIvHWGVHOgX-7G-vCNNhehwxfkQ-- <- debug 4.3.4 (4.4.3 is available)
+ nodelite-2-PS08Iboia9mts-2ygV3eLpY5ghnUcfLV-EXTOW1E2qYxJKGGBUtNjN76FYHnMs36RmARn41bC0AZmn-rR0OVpQ-- <- postcss 8.4.31 (8.5.6 is available)
+ nodelite-2-PV0dzCYDNfRi1jCDbJzpW7jNNDRuCOG-jI5ctQcGKt-clZD-YcPS3yIlWuTJMmESC8aevCFmWJy5wjAFgNqN6w-- <- repeat-string 1.6.1
+ nodelite-2-PX1wu0AmAdPqOL1mWhqmlOd8kOIZQwGZw6rh7uby9fTc5lhaOWFLX3I6R1hrF9k3zUY40e6igsLGkDXK92LJNg-- <- obuf 1.1.2

Done in 1.8s
