Progress: resolved 1, reused 0, downloaded 0, added 0
Packages: +250
++++++++++++++++++++++++++++++++++++++++++++++++++++++++++++++++++++++++++++++++
Progress: resolved 250, reused 0, downloaded 249, added 249
Progress: resolved 250, reused 0, downloaded 250, added 250, done

dependencies:
+ nodelite-2---5VFTchJDoVj3bhoqi6UeymcD00DAwb1nJwamzPvHEszJ4FpF6SNNbUbOS8yI56qHzdV8eK0qEfOSiodkTdxg-- <- possible-typed-array-names 1.1.0
+ nodelite-2---88mFWSJx8lxCzwdAABTJL2MyWB12-eIY7MDL2SqLmAkeKU9qxRvWuSyTjm3FUmpBEMuFfckAIqEaVGUDxb6w-- <- p-limit 2.3.0 (7.2.0 is available)
+ nodelite-2---HKd6EgcQCJGh2PSjZuUitQBQynKor4wrFbRg4DtAgS1aWO-gU52xpH7M9ScGgXSYmAVS9bIJ8EzuaGw0oNAw-- <- cross-env 7.0.3
+ nodelite-2---nshmD55c46FuFw26xV-xFAaB5HF9Xdap7HJBBnrKdAd6-GxDBaNA1870O79-9ueg61cZLSVc-OaFlfmObYVQ-- <- pathval 2.0.1
+ nodelite-2---QEw4DIY7WGoukz---A-8dGYPT9l9yIadnmSgZ8Rjr3YVSVDipQSO9CdnJo9ePqFqUUqh-wk9uIaoiAwsiPkA-- <- get-tsconfig 4.14.3
+ nodelite-2--0rgsUXZu4ncpPxRL-lNEptWMOWl9etvPHc-koSRp6MPwpRYAhmk0dUG00J4bxVV3r9uUzfo24wW0knS07SKSw-- <- js-cookie 3.0.1 (3.0.8 is available)
+ nodelite-2--1l2PWJ6pXizHphBorMN7B0d2YjmxZJf1s-bitvLALt7wBid5qbGpHqGGKE-yRdNlCKwl9FbXG1x5wUFZfQwHQ-- <- @leancloud/adapter-types 3.0.0 (5.0.0 is available)
+ nodelite-2--1VkjdD0QBLPodGrJUeqarH8VAIvQODIbwh9XpP5Syisf7YoQgsJKPNFoqqLQlu-VQ-tVSshMR6loPMn8U-dPg-- <- @pkgjs/parseargs 0.11.0
+ nodelite-2--1wdDMGNb4UPeY3Q4L5yLiYe6TXPXubs4NjrgRFw13hPRLJfEMw2Q5OXkee6-IfdqePIeW4Jjwe3aBh7SdKz4Q-- <- @babel/plugin-transform-react-display-name 7.29.7
+ nodelite-2--2B0nQF4UdupuxeKTJA2-Rj1D-uDemo6P4kMwKCpbfpnzeVaWSELTsAw4Lxn3VJD6APtRrZOCuYo-4nHUQfTfg-- <- @types/abstract-leveldown 7.2.5
+ nodelite-2--2K3A4TCP9orP4TNS7u3tGdRFVKqz-E6pX3aGnriPG0jU78of8wsUcqE4QAhWEU0d-WnMSF93Ah3F--vUtK-iQ-- <- postcss-selector-not 5.0.0 (8.0.1 is available)
+ nodelite-2--3NpwQEnRoIBtx4fyhblQDPgJI0H1IEIkX7ShLUjPGA7TtUTvI1oiKi3SR4oBR0hQhQR80l4WAe5RrXBwWMA8w-- <- jest-pnp-resolver 1.2.3
+ nodelite-2--3T8LkH39YIhYHsv-Ec8lF-92nykZpU-XMBvAyXF-uLcTp86pxa5oSJk1vzaRY9N--qgDLYjzJ6OVbtAgDGwfw-- <- @smithy/hash-stream-node 4.2.6 (4.2.8 is available)
+ nodelite-2--4MbiOfumnWlW0Awm4m8JML5o3lR649FD24AaivCmr8BQvIAAXdTITnDMXEg8BqvdP4KOvNsStZrvYfqoev33A-- <- @ant-design/pro-descriptions 2.6.10
+ nodelite-2--4zXKdx7UnO-1jaN4l2lHVD-mFvnlZQP-6ljaJVb4SZiwIKeUnrT5l0gkT8z-n4hKpC-jpOv6O9R-gLtag7pSA-- <- webpack-merge 5.10.0 (6.0.1 is available)
+ nodelite-2--562v9k4aI80m1-VuMHehNJWLOFjBnXn3tdOitzD0il5b7smkSBal4-a3oKiQTbrwMmN-TBUMDvbdoWDehgOww-- <- @antfu/utils 0.7.10 (8.1.1 is available)
+ nodelite-2--5Ba-xGGS6mnwFbXIuQiDPTbuTxuMCooq3arVv7gPZtYpjp-VXH-NkHAP35OOefPhNG-UGqU3vt-LTABwcHX0w-- <- estree-util-attach-comments 2.1.1 (3.0.0 is available)
+ nodelite-2--5CMN3T0R4XTj4DcGaexo-roZSdSFW-0AOOTROrjxzCG1wrWXEsGbRKevjlIL-ZDE4sZlJr5ED4YW0yqmkK-eA-- <- normalize-package-data 2.5.0 (7.0.1 is available)
+ nodelite-2--68kP9yzs4LMp7VNh8gdzMSPZFL44MLGqiHWvttYJe-6qnuVr4Ek9wSBQoveqY-r-LwjCcU29kNVkidwim-kYA-- <- @types/prettier 2.7.3
+ nodelite-2--6bHaC8dSDGALM1HJjOHVXpuastdu2xFoZlC77Jh4cg-33Zcgm-Gxd-1xsnpZK14eyHObSp82-ll5y3SX75liw-- <- nano-css 5.6.2
+ nodelite-2--6KqX-GVUdqPuPPd2LxDDxzX6CAbjJehAAOKlNpqqUpAqPM6HeL8f-o3a-JsyGjn2lv0WY8UsTgUJjU9Ok55NA-- <- shallow-clone 3.0.1
+ nodelite-2--6rB8YXFbAtsUVRphIRQqB0-9c7VaPHCjVtvto-JqwVxgz8Zz-I-f68-JgQ-Pb4VlZb2svA9OtdXnHHsZz7ltg-- <- mississippi 1.3.1 (3.0.0 is available)
+ nodelite-2--6Rz4DK1ETDEM-bWHsPHcaEe7ZaT1EqSXjtSP-L0DijOYuaUhiRiOKcwpZ8P7zR4xXEHc2ITdiCgBm9Tpyv9ug-- <- @babel/plugin-transform-private-methods 7.29.7 (8.0.1 is available)
+ nodelite-2--6w-C21Pm1A7aZitlI5Ni-2J6FFQN8i1Cvz3kHABAAbw93v-NlvKdVOqz7CCWz-3iv-JplRSEEZ83XION15ovw-- <- ansi-colors 4.1.3
+ nodelite-2--7CHXqGuspUn-Sl5aO7Ea0xWGAtETPXNSAjHo48JfLdPWcMng33Xe4znFvQweqc-uzk5zSOI3H52CYnjCfb5hA-- <- browserify-aes 1.2.0
+ nodelite-2--9egpBW8I3CD5XPe0n6BfT5fxLzxrlDzqydF3aviG-9ni1lDC-OvMHcxqEFV0-LANZG5R1bFMWfUrjVsdwxJvA-- <- esbuild 0.24.2 (0.28.2 is available)
+ nodelite-2--9RehP0EFeNxCyD53aeSFvF3OU6V0zcoZNRCXxvISl-nnlFcIZxSYdGhPaq8NDJTGlA4Ej5-NlkGopRSuuAwfw-- <- ngraminator 3.0.2
+ nodelite-2--aCDEGatGvZ2BIk-HmLf4ifCJFwvKFNb9-JeZPMulfgFracn9QFcAf5GO8B-mweUjSoblS5In0cWhqpfs-5PQA-- <- typedarray 0.0.6 (0.0.7 is available)
+ nodelite-2--Ad8-nIOV7Rl--6f1BdKxFSMgmoqEoYbHRpPcx3JEfv8VRsQe9Z4mCXeJBzxs7mbHY-XOZZuXlRNfhpVPbs6ZA-- <- @types/tough-cookie 4.0.5
+ nodelite-2--aE8hCfKlQeA8LmyeyQvQF3eBiLRGNlfBJEvWH7ivp9sBqs7TNqBL5X3v157rM4IFETqDnIOO-z5M-biZbo9Ww-- <- rehype-raw 7.0.0
+ nodelite-2--aesDUJVQDs6UJ2bOBbDlaGAPCfHmU0MbrMTlQlfpwNplWueqtgVAZ3L57oZ2ZGHRWUHiRwZGPjXMBM3O2LELw-- <- @antv/g-plugin-dragndrop 2.1.1
+ nodelite-2--An1OCBN93thpBAGyfsK2pcf0jvju1SAtKkL2Ny--B5Sy6sqgzXDQH1cZxWbF96Wuk-bn41MDA9bLd4VVAw6rw-- <- @babel/plugin-syntax-import-assertions 7.29.7
+ nodelite-2--aTqmnRta7x7MCCpExk7HQL2O4owCT2h8NT--9I1OQ9vt29Pa0BzSAkR5lwFUcQ7491yVi-3CXU9jQ5o0Mn2Sw-- <- dagre 0.8.5
+ nodelite-2--bjOqmgETBYB5BoEeGVea8dmvHb2m9GLy1E9W43yeyfP6QQCZGFNa-XRceJEuDB6zqr-gKpIAmlLebMpykw-MQ-- <- p-map 4.0.0 (7.0.4 is available)
+ nodelite-2--BNo06dnrzdNNqCm1X6YUaVv0DKk8Q-JYcoZfOkLhYWNCXzlwTSRq8zGWayT1csjcpNXV9CQTBRRbmTLZac5cA-- <- @babel/plugin-transform-private-property-in-object 7.29.7 (8.0.1 is available)
+ nodelite-2--bQy5WOI2V6LJZpPVxY-yp66XdZ2yifu0Mc1aP5CQKgjn4QM5IN2i5fAZ4xKop47pr8rpVhiAeu-nDQa12C8-g-- <- @babel/preset-typescript 7.28.5 (8.0.0-beta.0 is available)
+ nodelite-2--bT2uH4E5LGE7h-n3evcS-sQlJXCpIp6ym8OWJ5eV6-67Dsql-LaaT7qJBAt2rzfoa-5QBGBhxDix1dMt2kQKQ-- <- levn 0.4.1
+ nodelite-2--CmxIZ-L2vNcEfvNtLdU0ZQ6mbq3FZnwAP2PPTiKP-1QOoKwlKlPgb8UKV0Dds7QVaMnHm-FwSft2VB0s-SLjQ-- <- cjs-module-lexer 2.1.1
+ nodelite-2--crtS5QjFRqFCoQmvGduwYWEBng99ZvmFvF-cUJkGYF1L1BfU8C6Zp9T7f5vPAwyLkUExpvK-ANVZmGU49qi4Q-- <- registry-url 6.0.1
+ nodelite-2--d51FFIfPsSmCIRNp7E6pozM9z1GYPIkSy1urQ8s-o4TC22BZ7DqfHFWiqBD23bc7J3vV1Fc9O4QIHBlfuit8A-- <- mdast-util-gfm-task-list-item 0.1.6 (2.0.0 is available)
+ nodelite-2--d9sfos4yxzpwkDkuN7k2SqFKtYNmCTzgfEpz82x34IM9-zc8KGxQoXg1liNC-izpRM-MBdt44Nmx41ZWqk-FQ-- <- fast-fifo 1.3.2
+ nodelite-2--Dgp31WjD-iwg9KIRAMgNkfQivkJKMcYBrIBmho1e8ep-O0HgWSp48g70tBIWi-Lfem-Ky2schF7O8XCFouczw-- <- @ant-design/pro-field 3.1.0
+ nodelite-2--dQSyqPh4x1hlO1swXBiNb2HzTDN1I2IGLQx1GrBuiqFJfoMrnZWwVmatvSiO-Iz8fBUnf-lekwNo4c2LlXItg-- <- husky 8.0.3 (9.1.7 is available)
+ nodelite-2--dwUY4L35XFYEzE-OAL3sarJdUioVovq-8f7lcIJ7wnmnYQV5UD1Y-lcwaMSyaQ6Bj3JMj1XSTjZbNLHn-19yA-- <- update-notifier 7.3.1
+ nodelite-2--e0cEGrR2bIWQD7pRl3dl9dcyRGeC9hoW0OCvUTT-hjY0EfUrkd6G8ZanVghPMpDuY5usxq9GVcvrT8KNXLWvA-- <- @umijs/history 5.3.1
+ nodelite-2--EUsqGPLsM-j-zdChZjsnX51g4XrHFOIXwfnCVPGlQk-k5giakcKsuxCObBRu6DSm9opw-O6slWbJdghQM4bBg-- <- negotiator 0.6.3 (1.0.0 is available)
+ nodelite-2--f2Go4TognH-KvCISP7OUsHn85hT9nUkxxA9BEWxFn-Oj9o8ZNLm-40hdlgSLyuOimsrTKLUMEorQexp-aPQeA-- <- evp_bytestokey 1.0.3
+ nodelite-2--Fj43pSMwJs4KRrH-938Uf-uAELIgVBmQzg-q1YG10djyfA3TnrU8N8XzqCh-okZdszqBQTZf96idMfE5lnwTA-- <- @sinclair/typebox 0.27.8 (0.34.52 is available)
+ nodelite-2--Foi8vKY2EVbed-1eZx0gJEEwHAIxogrySI7rULcRIvhZzbvoE-b5qG5Ghc0WKAFKOHA9SD1x7RsFlOYdutIiQ-- <- @babel/preset-typescript 7.29.7 (8.0.0-beta.0 is available)
+ nodelite-2--g8ENReyr8YsOc6fv-NVJs2vFdHBnBNdfE49rshrTzDWOlUx4Gq7KOS2GD8eqhy2j-Ejq29-SbKH8yjkAqXqoA-- <- uvu 0.5.6
+ nodelite-2--gaNz3R92t-dcrfCw-96pDopcmec7oCcAQ3l-M-Zxr82KT4DljD37CpgrnXV-pJC263JkW572pdbP3hP-KjcIg-- <- @napi-rs/nice-linux-x64-gnu 1.1.1
+ nodelite-2--gDffFXRW6sl-HCwbta7zK4uNqbPjv4YJEAdz7Vu-FLQHe77eZ4bvbJGi4hE0QPeJlMYMA3piXEr1UL3dAwx7Q-- <- atomically 2.1.0
+ nodelite-2--gfBXl6sxXMPe8tKQm7qzLnUy5DUPJPKIyRHwtpCpyUEYjHYRJC-5gjUvdkuO2c3JllrPtHXH5UJJK8LRYl5yQ-- <- lottie-web 5.13.0
+ nodelite-2--gGivxi8JPKWNm-W0jSmzcMPpfpPLc3dY-6GxhX2hQ9iGj3aDfklV4ET7NjKpSinLpJ5vafa9iiGIEZg10SfBw-- <- hoist-non-react-statics 3.3.2
+ nodelite-2--GLC9lZdVp05ozRik5KsuODR-N7j-W-2TbfdFL3iS-7un-gnP6hC8RDOZd6WhpZp7drXQ9guKiTAxkZQwzS8DA-- <- @aws-sdk/middleware-ssec 3.936.0 (3.972.2 is available)
+ nodelite-2--h1lkLKhZMTYjog1VEpJNG7NZJWcuc2DDk-qsqSTRRCOXiLjeQ1d1-udrUGhqMxUgAlwKNZ0cf2uqan5GLuS2A-- <- env-paths 2.2.1 (3.0.0 is available)
+ nodelite-2--hI6AJ522jV4-9iQ1lCmwiqBQDDDYQZQVSDRY-Gt5-Mh2i9rqiG6A9ltMFAAqw0fSkjgfFIMI6e0fAyssQ71xw-- <- sylvanas 0.6.1
+ nodelite-2--HlytyjlPKnIG8XuRG8WvmBP8xs8P71y-SKKS6ZXWoEgLuePxtDoUEiH7WkdePWrQ5JBpE6aoVqfZfJUQkjXwA-- <- dlv 1.1.3
+ nodelite-2--hS-Y0u3aOfIETiaiirUFwDBDzmXPvO-jAfKTitUngIPzdKc6Z0LoFjM-CK5PL4C-eKwHohlHAb6H0VFfmmUsw-- <- remove-trailing-separator 1.1.0
+ nodelite-2--hunigyNpc4RCjC0VaW3f5RCUZVM2-WQ65qP7z083Gmvac7or2LI50XVNOtE4YPgBpV0yxYiAgorAPGniCoJmg-- <- @jest/schemas 30.5.0
+ nodelite-2--i67Bmhfj9V4KfDeS1-Tz3iF32btKZB2AAx-cYMqDSRFP7r3-ZdGbjCo-c6qkyViN9ygDuBjzageuPGJtKGe5A-- <- @changesets/get-github-info 0.7.0
+ nodelite-2--I6B-IkJc1o-2tiURyz-ivu-O0nKNEArIUB5O7zBrlDVJr22SCLH3xTeEry428LvFhRzIA1g8izguxJ-gbNcVQ-- <- exit-x 0.2.2
+ nodelite-2--IGJ6-Dka158JnP5n5YFMOszjDWrXggGz1LaK-guZq9vZTmniaKlHcsscvkAhn9y4U-BU3JuUdYvtAMcv30y4A-- <- eslint-config-prettier 8.10.2 (9.1.0 is available)
+ nodelite-2--imKNG4EbWNrVjoNC-1H5-9GFy-tqjGBHCaSsN-P2RnPqjsLmv6UD3Ej-Kj8nBWaRAwyk7kK5ZUc-OEatnTR3A-- <- jiti 1.21.7 (2.7.0 is available)
+ nodelite-2--iWb8qaHLYKrNvGRbiYRHSdKRWhto5XlZUEBwDjYNf-ly5SVYG6zEoYIdxvf5R3zyeP16w4PLBn3rH1xc74Rag-- <- @aws-crypto/crc32c 5.2.0
+ nodelite-2--iwzCJ7C5v5KgcBuueqVoNiHVoQpwiUK5XFLjf0affFTep-Wcw93tPvmb8tqujDNmzhBDPddnWV-qgWSXgq-Hg-- <- find-versions 5.1.0 (6.0.0 is available)
+ nodelite-2--IXtbwEk5HTPyEwyKX6hGkYXxM9nbj64B-ilVJnC-R6B0pH5G4V3b0pVbL7DBj4tkhBAppbQUlf6F6Xl9LHu1g-- <- math-intrinsics 1.1.0
+ nodelite-2--IxzY9BZOQd-XuYPRmrvEVjF-nqj5kgT4kEq7VofrDoM1MxoRjEWkrCC3EtLi59TVawxTAn-orJwFQcrqEN1-g-- <- chownr 3.0.0
+ nodelite-2--jfEwNDdQVBCNvjkGit4h6pMOzq8bHkopq458dPt2lMjx-eBQUohZNG9A7DtO-O5ukSbxuaNGXMjHicgwy6rQQ-- <- @radix-ui/react-presence 1.1.5
+ nodelite-2--jHxFIzoMXdqPzTaCpFzAAWhpkSjZPF4Vsn6jAfNpmbH-ymsmd7Qc6VE9BGn0L6YMj6uwpQLxCECpus4ukKS9Q-- <- outdent 0.5.0 (0.8.0 is available)
+ nodelite-2--jKZoMpw0F8GRwl4-eLROPA3cfcXtLApP0QzLmUT-HuPCZWyB7IY9ZrMeKw2O-nFIqPQB3PVM9aYm0F312AXDQ-- <- node-domexception 1.0.0
+ nodelite-2--Jm5M4RvtBFVkKWRu2BLUTNP8-M2a-UwuAX-ae4770q1qVGtfjG-WTCupoZixokjmHiry8uI-dlY8KXYV5HVVQ-- <- pkg-types 1.3.1 (2.3.0 is available)
+ nodelite-2--jNbxhh8CkrZYxMk9X3GRYM2-Myr1xCCj-eHbJ9Vp-PCdNHS0TUl5QQFT6UbM-aTFRCzs5jiBTKYzBRpe5uYbQ-- <- @rushstack/ts-command-line 5.3.13
+ nodelite-2--K1NIO8I-F9-wNulfVvu23QYd0Pe9-OCqRrim4NoYIf1VoEDL90Ve4ClzpyqBLc7NpGGWRvYNCKZ1BE-Jpf8dQ-- <- @types/lodash 4.17.25
+ nodelite-2--k9mJ2-rQMiRmQUcjn-qznch260leIXY8r4FyYKKyRBO-s5UoeMAHGkCJyE1R-4wrIhTJONfyloY55SkE7ve3A-- <- size-sensor 1.0.3
+ nodelite-2--KAgmVeqXYbTtU2FScx1XS3kNyfZ5TrXY07V96QnUSFqo2gAqlvmaxH67Lj7SWazqsMabf-58ctdTcBgnOLUOQ-- <- pino-abstract-transport 0.5.0 (2.0.0 is available)
+ nodelite-2--kmGVjcT9RGYzoDwdwEqEvGgKe3BYq-O1iGzjFubaNgZHwYHP6lsF2Yghf4kEuv9BV7tYDZ913aBW9am6YKong-- <- @babel/helper-optimise-call-expression 7.29.7 (8.0.0-beta.0 is available)
+ nodelite-2--KujNpO-PT63F7Hlpu4h3pE3TokKRHN26JYmQpPyjkRD-N57R7bPDNojMXdi7uveAKjYB7yQnartCxZnFWr0Xw-- <- enquire.js 2.1.6
+ nodelite-2--kyM18EfinwXZbno9FyUGeFh87KC8HRQBQGildHZbEuRyWFOmv1U10o9BBp8XVZDVNNuQKyIGIu5ZYAAXJ0V2Q-- <- emojis-list 3.0.0
+ nodelite-2--L3ccpzibovGXFK-Ap-f8LOS0ahMrHTf3xu7mMLSpEGU0EO9ucaysSylKo9eRDFNhWve-y275iPmIZ4z39a9iA-- <- stable-hash 0.0.5
+ nodelite-2--l4BpEGBGgaPQt4V21MTAfEE1Erp6Vlu4X1JfmAjJwJ6oak32o807Lwttcu7ZFKN1jq-Dr0xOZty68-AAPe20Q-- <- umi 4.7.13
+ nodelite-2--l6rNN5fYHNhZZy41RXsYptCjA2Igmq4EG7kZAYFQI1E1VTXarr6ZPXBg6eq7Y6eK4FEhY6AJlyuFIb-v-S0VQ-- <- string-length 4.0.2 (5.0.1 is available)
+ nodelite-2--Lhy3TQTuzXI5hevh8sBGqbmurHbbIjAi0Z4S63nthVLmLxfbj4T54a4CfZrXIrt9iP4mVAPYMo-v99taj3wjQ-- <- object.groupby 1.0.3
+ nodelite-2--LLMVyas0ljjAtoYiPqYiL8VWXzUUdThrmU5-n20DZv-a-ClRoevUzw5JxU-Ieh5-c87ytoTBV9G1FiKfNJdmg-- <- react-is 18.3.1 (19.1.0 is available)
+ nodelite-2--LpyBk7L44ZIXwz-VYfglaX-okxezESc6UxDSoyo2Ks6Jxc4Y7sGjpgU9s4PMgqgjj1gZCylTieNamqA1MF7Dg-- <- @img/sharp-libvips-linuxmusl-x64 1.2.4
+ nodelite-2--lzGpEWL-8PfI0BmBOPRwp0c-wFNX1RdUML3jK-RcSBA9T8mZDdQpqYBKtCFTOfQbwPqWEOpjqW-Fnayc0969g-- <- cli-boxes 3.0.0
+ nodelite-2--MKAJEOfaBe5SmV6t34p80MMKhjvUz0vRrvVJbPT0WElzaOJ-1xs-D-KDv-tD-NE5ujfrChEcshd4fLn0wpiqg-- <- @dnd-kit/utilities 3.2.2
+ nodelite-2--mrRod8xqpA-IHSLyGCQ2s8SPHiCDEeQJSep1jqLYeEUClOFG2Qsh-4FU6G9VeqpZnGW-Su8LQGc4YKni5rYSQ-- <- through2 2.0.5 (4.0.2 is available)
+ nodelite-2--Mtaq-wf-HxXpvhzFYzrzCqNRcA958sW--7JOFC8nPrZcvfi-TrzOaaGbvt27ltJB2NQbHVAg5a1wUCsyMH7NA-- <- @types/js-yaml 3.12.10 (4.0.9 is available)
+ nodelite-2--Nf7TyzTx6S3yRJObOAV7956r8cr2-Oj8AC5dt8wSP3BQAoeX58NoHyCU8P8zGkNXStjTSi6fzO6F0pBdcYbEg-- <- bytes 3.1.2
+ nodelite-2--NsyUUAZDmo6YVHzL-stxSu3t9YS1iljliy3BSDrXJ-dkn1KYdmtZODGGjLcc9XLgVVpH4KshHB8XmZgMhaBXg-- <- mkdirp 3.0.1
+ nodelite-2--NYs2QeMWy-GWFOEm9xnn6HCDp0l7QBD7ml8zLUmJ-93Q5NF0NocErnwkTkXVFNiX3-fpC6afS8Dhb-gz7R7eg-- <- uuid 8.3.2 (9.0.1 is available)
+ nodelite-2--O1ifRjkvYIkBqASKWgLxrpEhQAAE7hY77ALLUufSk5717KfOShg6IbqLmdsLMPdUiFvA2kTs0R7YZy-l0IzZQ-- <- @jest/console 30.2.0
+ nodelite-2--O9Jct8wf--lXxxFc4hc8LsjaSq0HFzzL7cVsw8pRDIPdjKD2mT4ytDZlLuSBZ4cLKZFXIrMGO7DbQCtMJJMKw-- <- ansi-regex 3.0.1 (6.3.0 is available)
+ nodelite-2--obSblOQmRhcyBt62furQqRAQpNyWXo8BuQ5bN7dG8wmwQ-vwHKp-rCFD4CrTP8CsDQD1sjoZ94K417XEUk8IQ-- <- meow 9.0.0
+ nodelite-2--oDTluR6WEjdXEJMnC2z6A4FRwFoYuvShVVEGsS7ewc0UTi2QtAKMDJuL4BDEVt-5T7MjFo12RP8ghOM75oKJw-- <- is-text-path 2.0.0
+ nodelite-2--OJ9konv95ClSTOJCmMZqpd5-YGsB2S-x6w3E1oaM8UuR5j8nTNHYSz8c9BEPGDOCMQYIEEGlVPj-VY64iTbGw-- <- @csstools/selector-specificity 2.2.0 (5.0.0 is available)
+ nodelite-2--OUdGJlgjOBZDfxnDjYYG6zp487z0JGNQq3cYQYg5f5hKR-syHMsaztzGeml-4kGG55CSpKSpWTY-jYGgsHLgA-- <- isobject 2.1.0 (4.0.0 is available)
+ nodelite-2--P9NcVH9yBhrOkcnaFkAbWJifDO8Ii-CTIxy9gE6trSQvo2OH--TKQIP5MICEoWvgXpVhZ6botj7P63Krl1-gg-- <- html2sketch 1.0.2
+ nodelite-2--pC9HAB5I-xMlc5FP77qjCnI16ChlJfW0tGa0IUcFn38VJrTV6DeZ60NU5KZBtaOZqjdpwTWohz5HU1RrhiYxQ-- <- @types/chai 4.3.20 (5.2.3 is available)
+ nodelite-2--peqiBB-n07gQGLsWaHho3WfvUyRscw0gYTsEFMhrIe-nWLkYaf5SbKYjGYqtRV3aPwykJgF2VEMo1ac4bnsGA-- <- read-cache 1.0.2
+ nodelite-2--Pgi-vMuUNkJyExiMBt5IlFoMyKnr5zhJ4Uspz58WOhBF5QoIZkFyNHIbBAtHwzVAgk5RtndVNsDRN61-mmDqg-- <- is-plain-obj 4.1.0
+ nodelite-2--pjZsA1b4RPHbeWZQn66SWS8nZZWLQQ23oE3Eam7aroEFGEvwKAsJfZ9ytiEMycfzXWpca4FA9QIOehf7PocBQ-- <- earcut 2.2.4
+ nodelite-2--PQtykJFVw90QICG7zyPDMIyueOXKL7jOJVoX5pILnb3Ux-7QqynOxfVvarE-K-yi7BZyOSY4r-OZNWSWRiEwQ-- <- tsd 0.33.0
+ nodelite-2--pyBZWSLD2n0dcHE3hq8s8ZvcETHtEuF-3E7XVt0Ig2nvsVQXdghHVcEkIWjy9A0wKfTn97a-PSDYohKIlnP-w-- <- @types/mime 1.3.5 (3.0.4 is available)
+ nodelite-2--q-t7Ekv1EDY2l6Gda6LLiX14rU9TV20Wa3ofeQmwPFZbOMo9DXrLbOjFaaclkXKWidIaopwAObQDqwWtGUjqg-- <- at-least-node 1.0.0
+ nodelite-2--qfkC2DtkDj4tHPu-AFKVfR-C30O1vYdvsGYaR13W-1cczPrrcjdvYCj0VLFuRMN-lP1xvpNZHCRNM4fBzn1jg-- <- @motionone/generators 10.18.0
+ nodelite-2--QHIrsYpd6Kfk7xakK4svpDI5mmXP0gfvCoJdGpZQ2TOrQZmsW0QxjaiLn8wbIKjtm4BTSqLoix4lxYYOnLJ-w-- <- next-themes 0.3.0 (0.4.6 is available)
+ nodelite-2--qNfcoNk70PyS-uxmj3li5NiECO-2YKZZQMbmjTqRI3Qchu8Hig-Q9vgkHpI3alNjr7M-a2St5pw5w5F6NL5-Q-- <- @chevrotain/gast 11.0.3
+ nodelite-2--QPTL7OBJQ5ac09UDRa3EQes4gt1FTEG-8jZ-4v5IVzx-Cv7dLxlVIvfvSVRiiX2drWyXeBjkMSR8hvOWSog5g-- <- @jest/environment 30.2.0
+ nodelite-2--QU2zd6OTD8XWIJCbffaiQeH9U73qIqafo1x6V1snCWYGJf6cVE0cDR4D8xRzcEnfI21IFrUPzPGtcPf8AC-Rw-- <- write-file-atomic 5.0.1 (6.0.0 is available)
+ nodelite-2--rFeCpNJQbhSZjGVwO9RFV3xPqbnERS8MmIQzCtD-zl6gpJuV-bMLuN92oG3F7d8oDEHHRrujSXNUr8fpjntKw-- <- commander 13.1.0
+ nodelite-2--RVXdLvJxLg4QKvMoM5WlwNR9ViO9z8B-qPcc-C0Sa-teJY7QG7kJ441DwzOjMYEY7GmU4dj5EcGHIkKZiQZCA-- <- @react-dnd/shallowequal 4.0.2
+ nodelite-2--Sg6GCR-wy1oSmQDFq4LQDAhm3ETKnorxN-y5nbLULOR3P0c14f2Wurzj3-xqPXtasLFfHd5iRFQ7AJt4KH2cw-- <- @istanbuljs/schema 0.1.6
+ nodelite-2--sKlQJCBYVY9Ers9hqzKou4H6V5UWc-M59TH2dvkt-84itfnq7uFOMLpOiOS4ujvHP4etln18fmIxA5R5fll0g-- <- mdurl 1.0.1 (2.1.0 is available)
+ nodelite-2--sM3dO2FOzXjKQhJuo0Q173wf2KOo8t4I8vHy6lF9poUp7bKT0-NHE8fPX23PwfhnykfqnC2xRxOnVw5XuGIaA-- <- jsesc 3.1.0
+ nodelite-2--Srv4dswyQNBfohGpz9o6Yb3Gz3SrUDqBH5rTuhGR7ahtlbYKnVxw2bCFMRljaA7EXHaXZ8wsHdodFvbkhKmqg-- <- concat-map 0.0.1
+ nodelite-2--Tb-JcjK111nNScGob5MNtsntNM1aCNUDipB-TkwZFhyDrrE47SOx-18wF2bbjgc3ZzCSKW1T5nt5EbFoAz-Vg-- <- cssesc 3.0.0
+ nodelite-2--TQ-x4JdTnDoFEXXb3fDvfGOwnyNV7duH8fXWTPD1ieaBmB8omj7Gw-pMBBu4uI2uJCCU8APDaQJzWuXnTsH4A-- <- eslint-rule-docs 1.1.235
+ nodelite-2--TSkfINHDo4J-ZobQLWiMouQYB-UVYFttRA94FpEzzJ7ZdqcL4uUUQ7WkdkI4DSozGmgBUE-a47L-38PenXhUw-- <- stream-http 2.8.3 (3.2.0 is available)
+ nodelite-2--UdQxI3jgtSjCykNSlEMuy1jSRQlGC7pqBCPvkG-2dATdWo082zHTTK3uhnAju2-6XpE6B5mZ3z4Z8Ns01S8Gw-- <- @svgr/plugin-jsx 6.5.1 (8.1.0 is available)
+ nodelite-2--v57oAaoYNnO3hIu5Z-tJRZjq5aHM2zDve9YZ8HngVHbhk66RStobhb1sqPMIPEleV6cNKYK4eGrAbE9Ulbl2g-- <- vite 4.5.14 (7.3.6 is available)
+ nodelite-2--veY75JbMK4j1yjvuUxuVsiS-hr-4iHs9FTT6cgTexxdE0Ly-glccBAkloH-DofkjRbZU3bnoj38mOmhkZ0lHw-- <- escape-string-regexp 5.0.0
+ nodelite-2--vhHoDrdbb-zerV4noQk1DHaUMNzWFWPpPYjVTwW2186k5BEJIecAMChYkghRrBVJ3KPWP1-JnZwOd72F3d4rQ-- <- @aws-sdk/util-user-agent-node 3.947.0 (3.972.2 is available)
+ nodelite-2--vlFKAoH5Cgt3Ie-JLhRbwOsCQePABiU3tJ1egGvyQ-33R-vcwM2Zl2QR-LzjsBeItPt3oSVXapn-m4nQDvpzw-- <- lilconfig 3.1.3
+ nodelite-2--vxpCXddiX8NGfGO-mTafwjq4aFa-71pvamip0--IQk3zG8cbCj0fifNPrjjF1XMXUne91jL9OoxmdykoEtifQ-- <- rechoir 0.8.0
+ nodelite-2--W6cISkXFa1jXsDEdYA8HeevQT-FULhxzR99pxphltZcVaugps53THCeiWA8SguxxpSp3gKPiuYfSWopkLQ4hw-- <- @babel/helper-globals 7.28.0 (8.0.0 is available)
+ nodelite-2--wDTkki6wBTjwylwAGjpLKYklKo9YgjZwAU77-7ME5mBoS32Q4nAwoqhA2lSge6fobLW3Tap6uc5xfwaL2p0Sw-- <- rc-table 7.54.0
+ nodelite-2--wJN0-DKkmRUMXjZUXYZpD1NEQzQAAn9QWfGwo-Ai8gnzqH7tvqS7oNVdTjKqOcPyVIdZdyCMoqN66Ia789e7g-- <- @typescript-eslint/project-service 8.49.0 (8.69.0 is available)
+ nodelite-2--WKqsK294HMSc2jEbNgpHpd0JfIBhp7rEV4aqXWqFr6AlXov-SlcgB1Fv01y2kGe3Gc8nMW7VA0SrGuSkRfIEg-- <- lodash.startcase 4.4.0
+ nodelite-2--wluvCrRhXrhyOmRDJ3q8mux9JkKy5SJ-v8ol2tu4FVjyYvtEzkc-3pK15ET6RKg4b4w4BmTk1-gsCUhf21Ykg-- <- @iconify/types 2.0.0
+ nodelite-2--WoovN-ppKolQOFIAajxi7Lu9kInbPxFuTBVEavFcL8eAfVstoc5MocPmqBeAdBOJV00uaVjegzH4-MA0DN-uA-- <- micromark 2.11.4 (4.0.2 is available)
+ nodelite-2--xdLSWxK5QkqG524ONSjvg3V-FkNyCv538OIBdQqPNaAta3AsXj-Bd2FbvR87yMbXO2hFSWiAe-Q6IkVPDw-mw-- <- @svgr/core 6.5.1 (8.1.0 is available)
+ nodelite-2--XRlFseT8B3L9KyjxxLjfXSLMuErKDsd8DBNrsaxoViABMEZlOSCstwmw0qpoFX3-U6yWU1yhLudAe6-lETGGA-- <- istextorbinary 2.6.0
+ nodelite-2--XSoyS05OdBbhFuELhgTCpFNHkpBOJqtsZfUFFpe5QTw-9Sjbh8zitxhQkYAo6wV7e1Vb8cAPvpCk9jGam-82g-- <- is-document.all 1.0.0
+ nodelite-2--y956gpUo9ZNCb99YjxG7OaslxZWHfCHAUUfshwqOXmxUIvqLjVO581BT-gM59-QV9tFe6-CGG53tsA1Y7RSdg-- <- traverse 0.6.7
+ nodelite-2--yPhxI1ntnDNsiHtzLKYnE3vf9JZ6cAisqVDauhp4CEHxlb4uoOTxOCJ-9s51bIB8U1N1FJ1RXOKTIlD5B-gqw-- <- micromark-extension-gfm-footnote 2.1.0
+ nodelite-2--ys997U96po4Kx-ABpBCqhA9EuxJaQWDQg7295H4hBphv3IZg0boBKuwYpt4YXp6MZ5AmZQnU-tyMTlRpaSejg-- <- call-bound 1.0.4
+ nodelite-2--ZEdQlBoRg9m2NnzvEeLgtvBMO4tkFBw5SQIUgLICgTrumLoU7lr-Oghi6km2PFj-dbUt2u1oby2w3BDO9YQnA-- <- @babel/plugin-transform-regenerator 7.28.4 (8.0.2 is available)
+ nodelite-2--zP8pRz28ahYSVk4fsfhl3T1X3FvCAi7Q3YQ8H2LZEvTojYYrJtO2AXFsojehU6HGVnIAq-QIjd3He6ot8-gvA-- <- @antv/layout 1.2.14-beta.8 (2.0.0-beta.0 is available)
+ nodelite-2--zUx-yOsIrG4Y43Eh2peDeKCxlRt-gET6aHfaKpuq267qXdYDFViVHfMaLyygZOnl0kGWxFIgsBy8QFuTLUXEQ-- <- @humanfs/node 0.16.7 (0.16.8 is available)
+ nodelite-2-0-A9rDy9P7cJ-8w1c9WD9V--9Wj15Ce2MPz8Ri6032usz-NfePxx5AcN3bN-r6ZL6jEo066-yNYB3tn4pQEx-A-- <- uuid 11.1.0
+ nodelite-2-0-DUvqWMValLmha6lr4kD8iAMK1HzV0-aKnCtWb9v9641TnP-MFb7Pc2bxoxQjTXAErryXVgUOfv2YqNllqGeg-- <- tinybench 2.9.0 (5.1.0 is available)
+ nodelite-2-0-xS39c91WjPAZOWsvi1--zjx6kAp4kxWwctR6kuU6p133w8RU0D2dSCvZC19uQyharg-sAvYxGYWl01BbZZfg-- <- @ant-design/icons 5.6.1
+ nodelite-2-00n6YnVHKrinT9t0d9-5yZC6UBNJANpYEQvL2LlX6Ab9lnmxzIRcEmTPuyGScvl1-jKuCICX1Z0Ab1pPKKdikA-- <- identity-obj-proxy 3.0.0
+ nodelite-2-00o4I-DVrefhv-nX0ulyi3biSHCPDe-yLv5o-p6d-UVlirijB8E16FtfwSAi4g3tcqrQ4lRAqQSoFEZJehYEcw-- <- reflect.getprototypeof 1.0.10
+ nodelite-2-00UbgGwV8bSgUv34igBDbTOtKhqoRMy9bFjNehT40bXg6585PNIct8HhXZ0SybqB9rWtXj9crcku8ndDn-gIqQ-- <- eslint-import-resolver-typescript 2.7.1 (4.4.4 is available)
+ nodelite-2-01gwBFreYydzmU9BmZxpVk6svJJHrVxEN3IOiGl6VO93bVKYETJ0sIth6DASI6mIFdt7NmfX9UiByRzsYHGU9w-- <- js-sha1 0.6.0 (0.7.0 is available)
+ nodelite-2-02AQ3vLhuH3FisaMM-i-9sm4OXGSq1UhOOCpTLLQtHdL3tZt7qil69r8M8iDkZYyC0HCFylcYoP-8IO7ddta1A-- <- hast-util-to-string 2.0.0 (3.0.1 is available)
+ nodelite-2-03W6IhuhjqTlpzh-ojut-pDB2LPRygyWX8ExpgHtQA8H-3K7-1vKmcINx5UzeOX1se6YEsBsOHQ1CRzf3fOwTQ-- <- @jest/core 30.2.0
+ nodelite-2-03xHM-p0IB6Dy-dl9LNkChCjCmdxnnvTGfQAuZSNG2GNayqUrQ2Pks5h7og83Kw-f77DB4x5fSvRQc2YL3-50g-- <- @udecode/plate-node-id 48.0.6
+ nodelite-2-04xDrxQTDTCFwP5H6hRhsRcb9xxv2RzkcsygFzmkSIOJy3PeRJP7sNk3VRIbKXcog561P9oU0-rVH6vDROAgUw-- <- d3-quadtree 3.0.1
+ nodelite-2-05uiToBVfPhepcQWE1ZQBR-Io3-tb3gEotZjnI4tTzzPk16NffN6YABgwFQCLmzZefbDcmwWqJWc2XT47q7Znw-- <- @commitlint/config-validator 18.6.1 (20.4.0 is available)
+ nodelite-2-05WQkdpL9COIMz4LjTxGpPNCdlpyimKppYNoJ5Di5EUObifl8t4tuLuUBBZEpoLYOmfvIWrsp9fCl0HoPRVTdA-- <- @babel/runtime 7.28.6 (8.0.0-beta.0 is available)
+ nodelite-2-06IyK09H3wi4cGbhDBwp5gUGo0IKtnYa8tyTiephirPCK6fbobVGiXMMI5zLQ4aKEYP3wZ3ArU44o-8KMrSG-Q-- <- @babel/plugin-transform-react-jsx-source 7.29.7
+ nodelite-2-07ny-LHRzQXepkGg6w0mFY41fVUNBrL2Roj---7V1txKugfjm-Ci-qSND03r2RhlJhJYMcTn9AhhSSqQp0Ysyw-- <- @typescript-eslint/visitor-keys 5.62.0 (8.8.0 is available)
+ nodelite-2-07z8uv2wMyS51kKhD1KsdXJg5WQ6t93RneqRxUHnskXVtlYYkLqM0gqStQZ3pj073g687jPCHrqNfCzawLYh5g-- <- duplexify 3.7.1 (4.1.3 is available)
+ nodelite-2-08kcGqnYf-YmjoRhfxyu-CLxBjUtHLXLXX-vUfx9l2LYzG3c1m61nrpyFUZI6zeS-Li-wWMMidD9KgrqtGq3mA-- <- aws-sign2 0.7.0
+ nodelite-2-08yq36Ikn4kx4YU6RD7jWEv27v4V-PUsOGa4n-as8Et3CuODMJQ00ENeAVXAeydX4Z2j1XHZF1K2sX4mGl18fA-- <- style-value-types 5.0.0
+ nodelite-2-0a1F4l73-ZFZOakJnQ3FvkJ2-gSTQWz-r2KE5OdDY0TxPm5h4GkqkWWfM47T7HsbnOtcJVEF4epCVy6u7Q3K-g-- <- resolve-alpn 1.2.1
+ nodelite-2-0a5EOkAUp8D4moMi2W8ZF8jcga7BgZd91O-yabJCFY8az-XSzeGyTKs0Aoo897iV1Nj6guFq8orWDS96z91oGg-- <- toposort 2.0.2
+ nodelite-2-0ASV06AAoKCDkS2-xw5RXJywruurpbC4JZSm7nr7MOt1ojAzvyyaO-UxZf18j8FCF6kmzCZKcAgN-yu2gm2XgQ-- <- unist-util-stringify-position 4.0.0
+ nodelite-2-0aVxM3RH6DaiLcjj-b0KrIBZhSX1373Xci4l3cW5xiUWPctZ59zQ7jj4rqcJQ-Z8JuN-4wX3FpJSa3RssVvCug-- <- @jest/snapshot-utils 30.2.0
+ nodelite-2-0B3bhxR6snWXJZtR-RliHTDPRgn1sNHOR0yVtq-IiQFyuOVjFS-wuio-R4gSNkyYmKmJB4wGZv2NZanmKmTnNA-- <- babel-preset-jest 29.6.3 (30.2.0 is available)
+ nodelite-2-0bDNnY-u6pPwHDMoF0FieU354oBi0a8rD9FcsLwzcGWbc8KS8KPIi7y-s13OlVY-gMWc-9xEMUgNE6Qm8ZllYQ-- <- attr-accept 2.2.5
+ nodelite-2-0BfJq4NSfQXd-SkFdrvFbG7addhYSBA2mQwISr46pD6E5iqkWg02RAs8vyTT-j0RTnoYmeXauBuSv1qKwR179g-- <- axios 0.18.1 (1.9.0 is available)
+ nodelite-2-0BJzWEfCdTtK2R3EiKKSdkE51-DI-BwnhlnicSW482Ym6-DGHud8K0wGLcdjip1epVX0HKo4c8zzTeV-SkiejQ-- <- postcss-preset-env 7.5.0 (9.6.0 is available)
+ nodelite-2-0cF7RFM2edNoiIS1ODJp0-Gzv4-xSXhwoR0YCza-OWpJWtn4wmo9DvK91aLlH9-uUnwIriP7ZiC3WitmyhuzBw-- <- @webgpu/types 0.1.72
+ nodelite-2-0cjqjyfj-Gls30ntq45SsBtqF3dfJQCeqQPyGz58Pk8OgrAr5YiB7ZvDzjCA94p4r6DCI4qLm7FKobqBjf515w-- <- @smithy/middleware-content-length 4.2.6 (4.2.8 is available)
+ nodelite-2-0CWcCECdMVc2Rw3U5w9ZjqX6ga6ubk1xDVKxtBQPK7wis-0F2r9T6k4ydGYhecl7YUBxBVxhL5oisPsNxAPe2g-- <- osenv 0.1.5
+ nodelite-2-0Drusm6MVRXSOJpGbaSVgcQsuB4hEkMpHXaVstcPmhu5LIedxs1xNK-nIxmQIU-RPC0-1-o0AVZfBTkTNJOdUw-- <- electron-to-chromium 1.5.267
+ nodelite-2-0Dtt3Bgj34-yKFzE5N9V6-HYyP3gb-E3TLs-hMr-wGgkCIzYa-7G4hNrE-P-en52OJT-pLUgmba9DQF3AB-2LQ-- <- reduce 1.0.3
+ nodelite-2-0fr-mIH1dlO-x7TlcMy-bIDqKPsw-70tVyeHW787goQjhmqaZe10uwLujubK9q9Lg6Fiho1KUKDYz0Z7k7g5-g-- <- type-detect 4.0.8 (4.1.0 is available)
+ nodelite-2-0FU2hZ5Hh6iQnarpRtQurM-aAvp3RIbfvgLHrcqJYzhXyV2KFruhuChf9NC6waAhiUR7FFtlugkI4p7f2Fqlow-- <- execall 2.0.0
+ nodelite-2-0fzj9JxOLfJ-XGLhR8ze3unN0KZCgZwiSSDz168VERjK8Wl8kVSdcu2kspd4s4wtAa1y-qrVRiAA0WclVsu0ng-- <- getpass 0.1.7
+ nodelite-2-0ghuzq67LI9bLXpOX-ISfve-Mq33a4aFRzoQYhnnok1JOFpmE-A2TBGkNVenOGEeSBCjIiWcc6MVOG5HEQv0sA-- <- regexpu-core 6.4.0
+ nodelite-2-0gSFWUPNXNopqtIPQvlD5WgXYI5GY2kP2cCvoT8kczjbfcfuIljTbcWrulD1CIPIX2gt1wghbDy08yE1p--r3w-- <- @babel/helper-module-imports 7.27.1 (8.0.0-beta.0 is available)
+ nodelite-2-0H44vDimn51F0YwvxSJSm0eCDOJTRlmN0R1yBh4HLj9wiV1Dn0QoXGbvFAWj2hSItVTlCmBF1hqKlIyUBVFLPg-- <- mdast-util-to-string 4.0.0
+ nodelite-2-0HCFSepIpLTkLcsi86GG3mTUzxV5jpmbv97hTETW3yzrAij8aqlD36toB1D0daVFJM8NK6GvKO0gslVQmm-zZA-- <- @babel/plugin-transform-literals 7.27.1 (8.0.1 is available)
+ nodelite-2-0HEb8R9E8A-jZjvmFCy-J4xhbXy3TV-9XSnGJ3KvTtjlIUy-YQ-p6UYZvi7YbeoeXdyU9-Y3scizK6hkY37baA-- <- @radix-ui/react-separator 1.1.7 (1.1.8 is available)
+ nodelite-2-0hJU9SCPvmMzIBdZFqNPXWa6dqh7WdH0cII9y-CyS8rG3nL48Bclra9HmKhVVUHyPWNH5Y7xDwAB7bfgSjkUMQ-- <- hasown 2.0.2 (2.0.4 is available)
+ nodelite-2-0hYQ8SB4Db5zvZB4axdMHGwEaQjkZzFjQiN9LVYvIFB2nSUHW9tYpxWriPrWDASIxiaXax83REcLxuSdnGPZtw-- <- @bcoe/v8-coverage 0.2.3 (1.0.2 is available)
+ nodelite-2-0IDJYhgU8xDv1KY6-VgUwuQkVtmYzRwu-dMjnmdMafXYv86SWqfxkc7qdDvWS38vsjaEtv8e0vGOUQrAiMBLpQ-- <- postcss-custom-properties 12.1.11
+ nodelite-2-0je-qPKHEMohvfRTCEo3CrPG6cAzAYgmzKyxRiYSSDkS6eGJdyVJm7WaYA5ECaAD9wLB2T4EEeymA5aFVcYXCA-- <- dequal 2.0.3
+ nodelite-2-0JNhgFoPvP6U6lE-UdVsSq99tn6DhjjpAj5MxG49ewd2mOBVtwWYIT8ClyABhq198aXXODMU6Ox8DrGy-CpTZQ-- <- lowlight 3.3.0
+ nodelite-2-0K65Lea881pHotoGEa5gDlMxt3pctLi2RplBb7Ezh4rRdLEOtgi7n4EwK9lamnUCkKBqaeKRVebTq6BAxSkpXQ-- <- language-subtag-registry 0.3.23
+ nodelite-2-0KI-607xoxSToH7GjN1FfSbLoU0-btTicjsQSWQlh-hZykN8KpmMf7uYwPW3R-akZ6R-w18ZlXSHBYXiYUPO3g-- <- ipaddr.js 1.9.1 (2.2.0 is available)
+ nodelite-2-0KmCH1EaOND787Jz6VRMYtLNZmqfT0JPjdUfxhyOxFfnBRfrjyfZgIa6CQoAJLEUMWv57PccWS8wRHVUUk2Yiw-- <- @ant-design/pro-provider 2.16.2
+ nodelite-2-0KpjqXRVvrYyCsX1swR-XTK0va6VQkQM6MNo7PqW77ByjAhoARA8EfrP1N4-KlKj8YS0ZUCtRT-YUuhyYDujIQ-- <- lodash.merge 4.6.2
+ nodelite-2-0kSuKjAS0TrGLJ0M--8MaFkGsQhZpB6pxOmvS3K8FYI72K--YmdfoW9X2qPsAKh1mkwxGD5zib9s1FIFed6E8g-- <- @types/sinonjs__fake-timers 8.1.1 (8.1.5 is available)
+ nodelite-2-0LrrStPOdJj-SPCCrGhzryycLjwcgUSHBtxNA8aIDxf0GLsRh1cKYhB00Gd1lDOS4yGH69-SNn13-TWbVHETFQ-- <- csso 5.0.5
+ nodelite-2-0LRYNcKW2t-bWJmiKYhPIUVwz4iMNpC3aPh3UdvfUS8B-68kHpdht7pPcuawb08057rXuyuxZXavcVpoVL01AA-- <- @vweevers/length-prefixed-stream 1.0.0
+ nodelite-2-0M-L3LAD8-nm554LOla9Ayx0j0tmFZ0FBcoQ7F1VuVHpM-XpiC8RcDzBQB8W5-hA8L22THxELzeF-2WcUzvcLg-- <- playwright 1.62.1
+ nodelite-2-0mYKnYYe9ZcqMCWhUjItv-oHjvgEsfKvnUTg8sAtnHr3GVy7rGkXCb6d5cSyqrWqL4k81b9CPg3urd-T7aop3A-- <- points-on-curve 0.2.0
+ nodelite-2-0NJQ4LFFUuWkE7Oxf0htBKS6zLkkjBH-hM1uk7Ng705ReR8m-uelduy1DBo0PyBXPKVnBA6YBlU94MBGXrSBCw-- <- @radix-ui/react-popper 1.2.8
+ nodelite-2-0OefsLiXXAjKGoQbdvaFT7YU5aV84OysxQ2kY4ptyWtQYKFBsrA-7XLyp54zUfefA2-p-e5wB-WgxVWbmsWNUg-- <- @umijs/bundler-esbuild 4.7.13
+ nodelite-2-0pE4RQ4UQi1jKY6p7u6i1Tkzqmu-d--tHS7Q7rKunWLB9WyilBTpHHpXzPNMDj5hTbK0B0PTLSz07yqMBiF6xg-- <- axios 0.30.2 (1.9.0 is available)
+ nodelite-2-0pfFzegeDWJHJIAmTLRP2DwHjdF5s7jo9tuztdQxAhINCdvS-3nGINqPd00AphqJR-0LhANUS6--7SCb98YOfA-- <- y18n 5.0.8
+ nodelite-2-0Pm9hTQ3se5ll1XihRic3FDIku70C-iHUdT-W926rSgHV5QgXsYbKZN8MSC3tJtSkhuROzvsQjAaFENRXr-19A-- <- util 0.10.4 (0.12.5 is available)
+ nodelite-2-0Q4Uk8WF7BUwqXHuAjc23vmopWJw5WH7w2tqBoUOZpOjW-ZnR44GXXd1r82RvnmI2GZge3ivrYXk-BE2-VtW2g-- <- jest-worker 30.2.0
+ nodelite-2-0qjDhes9UTSxirt-dYzrv20hs8SUhcIOvlEioj5-XucVrBHihnAk6Om7Vzk-VZ2nRE7tcShm-6lH1xSkJ3XMpg-- <- @next/eslint-plugin-next 13.5.11 (16.2.0-canary.9 is available)
+ nodelite-2-0quDb7s97CfemeJAnW9wC0hw78MtW7NU3hqtCD75g2vFlDLt36llsYD7uB7SUzojLMP24N5IatXf7ylGXiGG9A-- <- html-void-elements 2.0.1 (3.0.0 is available)
+ nodelite-2-0R9ikRb668HB7QDxT1vkpuUBtqc53YyAwMwGeUFKRojY-NWKvdZ-9UYtRfGmhqNbRkTSVpMbmyhXipFFv2cb-A-- <- data-uri-to-buffer 4.0.1 (6.0.2 is available)
+ nodelite-2-0rFg-Rj2Q62NCm62jZw0QX7a3sz6QCQU0LpZdNrJX8byRGaGVTqbrW9jAoIAHyMQqsNpeZ81YgSizOt5WXq0Pw-- <- @radix-ui/react-focus-guards 1.1.3
+ nodelite-2-0RHKZz7wwffvkU-2MFVT2NnjK44ssLEV-m0CAJaS2Ksmorrwj7WxH00jO0SOCW26-tINUnJHToXblDs33I38YQ-- <- react-router-dom 6.30.6 (7.12.0 is available)
+ nodelite-2-0rnQWcFwZr7eO0513HahrWafsc3CTFioEB7DRiEYCUM-70QXSY8f3mCST17HXLcPvEhzH-Ty-Bxd72ZZsr-yvw-- <- find-pkg 0.1.2
+ nodelite-2-0rSmRBzXgDzIsD6mGdJgevzgezI534Cer5L-vyMX0kHzT-jiB43jRhd9YUlMGYLQy2zprNmoT8qasCGtY-QaKw-- <- eslint-visitor-keys 2.1.0 (5.0.1 is available)
+ nodelite-2-0S5SrIUJ9LfpbVl4Yzij6VipUdafHrOTzvmfazSw-jeZrZtQK303OPZW-obtkaw7jQlTQppy0UvZWm9872PbRw-- <- reserved-words 0.1.2
+ nodelite-2-0SbpwG7q6eEnVH-Shj86LFDM-zvVT6ToVodZLKawPxwzMqXBhrSNMdPQn9Al7w2522NesL-apR64npY7FnI2vA-- <- @clerk/backend 0.31.3
+ nodelite-2-0sglIs9Wmkzbr8lQwEyIzlDOOC9bGmfVKcJTaxv3vMmd3uo4o4DerC3En0bnmgceeql9BfC8hRkp7cg0fjdVqw-- <- postcss-resolve-nested-selector 0.1.6
+ nodelite-2-0sVXIohTfLqVIW3kb-0n6IiWF3Ifj5nm2XaSrLq2DI6fKIGa2fYAZdk917rUneaeLVpYfFcyXE2ft0fe3remsA-- <- cyclist 1.0.2
+ nodelite-2-0u-TldDbKD8bFCQ-4f5-mNRrXwZ8hg2w7ZR8wa16e8z9XpePWl3eGEcUD0OXpEH-VJH-2G3gjUtR3ZOiBe2S-w-- <- string.prototype.repeat 1.0.0
+ nodelite-2-0ueD7rPqX8Pn1xJIjay0AZeIuDoF-V-VvMt-uOnn-4ezUKhZM-NokDeP6DwMNyIoYByuN-94IQnt5FEkaN59xQ-- <- postcss-initial 4.0.1
+ nodelite-2-0ulfdQOM3ysHhCJ1p06l0b0VKlhU0wuQs3thxZQagjcjPrlFRqY215uZGHHJan9GEAXd9MbfPjFJz-qMkVR6zQ-- <- mdast-util-gfm 3.1.0
+ nodelite-2-0UpIXPtdDtMXfnV2OJAVMLpj3H-92vmkA6lpSRakmycJvj3VUy6Xs1dM8tXRugupykr5WB-LpiVl0J8LMVg2mg-- <- @babel/plugin-transform-regenerator 7.29.8 (8.0.2 is available)
+ nodelite-2-0V5l4Cizzvqt5D44aTXbFZz-FtyXV1vrDN6qrelxtfYQKW0KO0W2T-hkE8xvGa-540LkZlkaUjO4ailYTFtHVQ-- <- follow-redirects 1.5.10 (1.7.0 is available)
+ nodelite-2-0wUoCcLp-5Ev5pDW2OriHC2MJCbwLwuRx-gAqMTOkGKJJiBCLjtrvy4PWUGn6MIVefecRpzoOZ-UV6iGdOr-Cw-- <- hermes-estree 0.25.1 (0.32.0 is available)
+ nodelite-2-0wVnp9dxJ72ZUJDV27ZfbSj6iHLoytYZmh3rFcxNnvsJF3ktkzLDZPy-mA17HGsaQT3-DQsWYX1f1QGWkCoVUg-- <- @babel/plugin-syntax-private-property-in-object 7.14.5
+ nodelite-2-0xiIyBsLlr8quN-WyuxooNW9RJ0Dpr8uOnH-xrCVO8GLUcwHISwj1AG0k-LFzteTkAA0GbX0kj9q6Dk70PTiPA-- <- @svgr/plugin-jsx 8.1.0
+ nodelite-2-0xO6mYd7JB2YesxDKplafRpsiOzPt9V02ddPCLbY1xYGPOX24NTyN50qnUxgCPcSoYMhKpAuBTjQoRZCAkUDRw-- <- bail 2.0.2
+ nodelite-2-0XsVpQLnVCXHJfyEs8tC0zpTVIr5PKKsQtkT29IwupnPTjtPmQ3xT-4yCREF9hYkV-3M3kzcUTSAZT6a6h81tw-- <- string-width 1.0.2 (8.1.0 is available)
+ nodelite-2-0yayqDxWQbqk3ojkYqUKqaAQ6AfNKeKWRNA8kR0WXzAsdHpP4BIaOmMAG87JGuO6qcobyW4GjxHd9PmhEd-T9w-- <- cliui 3.2.0 (9.0.1 is available)
+ nodelite-2-0YiBEOxWqKkSQWL9nNGGEgndoeL0ZpWrbLMNL5u-Kaxrli3Eaxlt3ZtIDktEvXt4L-R9r3ODr2zKwGM-2BjxVw-- <- babel-jest 30.2.0
+ nodelite-2-0YIpccoX8m-k00O7mDDMdJpbr6mf1yWo2dfmxt5A8XVZVVMz2SSKaEbMCeJRvgQ0IaSlqhjT47p4hVIRRy90xw-- <- @azure/core-lro 2.7.2
+ nodelite-2-0ypsOQt9D4e3hziV8O4elD9uN0z-jtUEfxVRtNaAAtXIyUx9m-SzlO020i8YNL2aL-E6blOvvHQcin6HZlFy-w-- <- picomatch-browser 2.2.6
+ nodelite-2-0yuvsqSCv8LbaOKhnsQ-T5JhyFlCYLPXK3U2sgV10zoKQwzs-MyfuQUOZQ1V-6OCOJsK-TRgNVrPuPDqtdMFtA-- <- module-error 1.0.2
+ nodelite-2-0ZIR9PasPxGXmRsEF8jsDzndzHDj7tIav-JUmvIFB-WHswliFnquxECT-De7GR4yg99ky-NlRKJT82G1y271bw-- <- multimap 1.1.0
+ nodelite-2-0Zt-s3L7Vf1biwWZ29aARiVYLx7iMGnEUl9x33fbB-j3jR81u-O2LbqK-Bm1CDSNDKVtJ-YjwY7TUd5SkeLQLw-- <- file-uri-to-path 1.0.0 (2.0.0 is available)
+ nodelite-2-0zvM5iSLKrc-NQl84pZSjGo66aTGd57C1idmlWmE87lkMcXrTxg1uXa-nXomxJytoje9trP0NDLvw4bZ-Z-XCQ-- <- micromark-extension-gfm-task-list-item 0.3.3 (2.1.0 is available)
+ nodelite-2-0Zx3Ntdpu-z9Wlm7JKUBOzS9EunwKAb4KdGUQQxDqh5Lc3ta5uBoub-FgmVuzwnmBu9U1Os8UuwVTH0Lgu-P5w-- <- @aws-sdk/util-endpoints 3.936.0 (3.972.0 is available)
+ nodelite-2-1-8bxygjTsNfvQe0-0pNBesTOlSHtOeG6b6LYbvsZCCHDKYZ40zcQo6YTnZBWrBSLWOCbrHljLdEmGMYebu7aQ-- <- smart-buffer 1.1.15 (4.2.0 is available)
+ nodelite-2-10FVt-X55AjRAYI9BrdISN9-AQWHqldOeZDUoLyif1Kn05a56xVBXb8ZouL8pZ9jem8QpXaOt8TS7RHUIS-GPA-- <- @babel/plugin-transform-private-methods 7.27.1 (8.0.1 is available)
+ nodelite-2-115fLhvZVqWwHPbClyntxEVfVDfl9DLLTuJvq3g2O-Oxi8AiNouAHvDSzHS0viUJc-V5vm3eq91Xwqn9dp4jRA-- <- miller-rabin 4.0.1
+ nodelite-2-11Ndz7Nv-mvAC1j0ktTa7fAb0vLyGGX-rMHNBYQviQDGU0Hw7lhctJANqbPhu9nV9-izT-IntTgZ7Im-9LJs9g-- <- extsprintf 1.3.0 (1.4.1 is available)
+ nodelite-2-11qO63A-czwguQFJCaTdICvbaxn0pJzz-XghLlv-OT7WyToDxAMR0Xb3-26-l0y0hQJywwNbj-SLSQlGBHE1OA-- <- cssnano-preset-default 7.0.17
+ nodelite-2-138NHPS8bmgqCYVCdbv2GVFhXntemNHWGw9AN8iJSzr3jizXMmWJd2LTBppr4hZJUbyW1A1tPZ3CQXZUaexMVA-- <- video-react 0.16.0
+ nodelite-2-14-H1aX7hzBBmmh7sGPd-AOMkkIrHM3Z1PAyGgZigA1H1p5O5ANnMyWzvpAETtG68-dC4pC0ncy3-PPGzXZHPg-- <- localforage 1.10.0
+ nodelite-2-16AMiW26DbXWBbr3B8wNozKM0ydMLB892vaOaJW-fPJdnT8vJk5sdkQcU-isqUxyCE0cEoa8wZOcbgDuC4b6Og-- <- @babel/helper-remap-async-to-generator 7.29.7 (8.0.1 is available)
+ nodelite-2-18f9voByak7bTktR2QgDveglpn9DTbBWPUzSOe9g0N4WR-2eSt6Vrcbf0hmspvMI6YWGywz6B9f7jzpFNJJgnQ-- <- postcss-flexbugs-fixes 5.0.2
+ nodelite-2-19JydJWI7-DtR4feV-pu4Mn1I5TAc0xojuxVgZdXIyfmTLfUaFnk4OloWK1bKbPtkgGKLr2lnbnCXmpZEcEp9g-- <- probe.gl 3.6.0
+ nodelite-2-19YVAg7T-WTrxggPukVq7DjTv6-PJ867TmhCvBsYwmbFCsZd344rq2Ld1p0wo8f8Qrrhgp82c6FJRqdXWtSEhg-- <- own-keys 1.0.2
+ nodelite-2-1A8za6ws41LQgv9HrE-66jyC5yuSjQ3L-KOpFtoBilsAK2iA2wuS5rTt1OCzIvtS2V7nVmedsUU-DGRcjBmOYA-- <- duplexer3 0.1.5
+ nodelite-2-1ANGLZ-Nkv1ptFb2pa8oG8Lem4krflKuX-gINiHJHjJUKaJHk-SXk5x6K3J-39-p0h1RQ2saROclJJ-QLvETCQ-- <- irregular-plurals 3.5.0
+ nodelite-2-1APHAyr3-PCamwNw3bXCPp4HFLONZt-yIH0sZp0-469KWNTEy-qN5jQ3GVX6DMZ1UXAi34yVwtTeaG-HpBuuzw-- <- ansi-html-community 0.0.8
+ nodelite-2-1BC0BVFhS-p0qtw6enp8e-8OD0UrK0oFLztSjNzhcKA3WDuJxxAPXzPuPtKkjEY9UUoEWlX-8fgKeu2S8i9JTA-- <- is-callable 1.2.7
+ nodelite-2-1CQdP5RzxeXuEfytbAD5TgreY1c9OacjtCdO8-n9m05tpzBABoNBof0hcjzw1dtrWFH7deyUgfwCl1TAN3yBWQ-- <- @aws-sdk/credential-provider-sso 3.952.0 (3.972.2 is available)
+ nodelite-2-1Dly4xqlulvPD3fZUQJLY-FUIeqN3N2MM3uqe4rCJftAvOjFa3jFGfctOgluGx4ahPbUCsZkmJILiP0Vi4T6lQ-- <- xdg-basedir 3.0.0 (5.1.0 is available)
+ nodelite-2-1FlR-gjXK7X-AsAHso35MnyN5KqGwJRi-31ft6x0M194ht7S-rWAvd7PHss9xSKMzE0asv1pyIHaJYq-BbacAQ-- <- onetime 6.0.0 (7.0.0 is available)
+ nodelite-2-1FXk9E2Hm-QzZQ7z-McJiHL4NW1F2EzMu9Nq9i3zAaGqibafqYwCVU6WyWAuyQRRzOlxou8xZSyXLEN8oKj24g-- <- typescript 4.9.5 (6.0.0-dev.20260130 is available)
+ nodelite-2-1JGu8oCjVXLa9q9rFTo4MbeeA5FMe00-9C7lN4va606Rdb-HkxXtXsmEDrIraQ11fGz-WvKWa8gMuCKkrXpTsQ-- <- postcss-page-break 3.0.4

Done in 1.6s
