Progress: resolved 1, reused 0, downloaded 0, added 0
Packages: +250
++++++++++++++++++++++++++++++++++++++++++++++++++++++++++++++++++++++++++++++++
Progress: resolved 250, reused 0, downloaded 249, added 249
Progress: resolved 250, reused 0, downloaded 250, added 250, done

dependencies:
+ nodelite-2---88mFWSJx8lxCzwdAABTJL2MyWB12-eIY7MDL2SqLmAkeKU9qxRvWuSyTjm3FUmpBEMuFfckAIqEaVGUDxb6w-- <- p-limit 2.3.0 (7.2.0 is available)
+ nodelite-2---HKd6EgcQCJGh2PSjZuUitQBQynKor4wrFbRg4DtAgS1aWO-gU52xpH7M9ScGgXSYmAVS9bIJ8EzuaGw0oNAw-- <- cross-env 7.0.3
+ nodelite-2---JzXx1HctfgPj-XtsCTbRkxiaOfAXGZZLEvs7jgp04WgWRSZ5u97WRCePNPvy-sCfOEH-2zw2ZK36Z7oQRGhQ-- <- @rspack/binding 1.1.8 (1.2.0-alpha.0 is available)
+ nodelite-2---kfrslGQ7TNV2ecmQwMJj-B65g5KVq1-L3SGVZ3tCYGqlzFuFCGBZJtMP99wH3NpEUyAjn0zPdPUg0D-DwrOA-- <- abbrev 3.0.0 (4.0.0 is available)
+ nodelite-2---oorEZjL6sbPcKUaCdIGlIUeH26mgzimjBB77G6XRgnDl-L5wOnpyBGRe-Mmf5CVW3PwEBE1NjiMZ-ssFh4wA-- <- @types/parse-json 4.0.0 (4.0.2 is available)
+ nodelite-2---VG5MSdqzV2WzuzYal5Q9d-U-g0gnSbZms7LIEWZKIuybth4n1dQzQs-4V3C0OZVPm5N-8Kd8alrbJiRTNVJw-- <- @effect/platform-node 0.60.5
+ nodelite-2--1VkjdD0QBLPodGrJUeqarH8VAIvQODIbwh9XpP5Syisf7YoQgsJKPNFoqqLQlu-VQ-tVSshMR6loPMn8U-dPg-- <- @pkgjs/parseargs 0.11.0
+ nodelite-2--2cnTEZeY5z-iXGbLhPrOAaK-Mau5k5eXq9j14CpRTftq0pAJu2MwVRSZhyZWBzx3o6X795Lz6Bpb6R0GKf37g-- <- is-set 2.0.2 (2.0.3 is available)
+ nodelite-2--2XoHLSbY49LNQgZoAJRX-SyUwC767Cz46pgx4T-j1YGKSrMzAxCOk59b12QoFNnN50Gtd9HkT3ukZn2nzrIVw-- <- miniflare 4.20250508.2 (4.20260128.0 is available)
+ nodelite-2--4G-XmakeBAsvJuDugJvtyF1x-XJT4FMocynNpxrvEBViirpfUn2PgNpCHedfWhF4WokNsO-OvMKrmJOIJsI5A-- <- esbuild-register 3.5.0 (3.6.0 is available)
+ nodelite-2--4zXKdx7UnO-1jaN4l2lHVD-mFvnlZQP-6ljaJVb4SZiwIKeUnrT5l0gkT8z-n4hKpC-jpOv6O9R-gLtag7pSA-- <- webpack-merge 5.10.0 (6.0.1 is available)
+ nodelite-2--5CMN3T0R4XTj4DcGaexo-roZSdSFW-0AOOTROrjxzCG1wrWXEsGbRKevjlIL-ZDE4sZlJr5ED4YW0yqmkK-eA-- <- normalize-package-data 2.5.0 (7.0.1 is available)
+ nodelite-2--5nt5AAniqsCnu2cEQQdpzCAh33kVx8n0VoFidKpB1dVVLAN-F-bgVOqOJqOnEnrhp222clB5p3vUlD-1QAnfg-- <- type 1.2.0 (2.7.3 is available)
+ nodelite-2--6KqX-GVUdqPuPPd2LxDDxzX6CAbjJehAAOKlNpqqUpAqPM6HeL8f-o3a-JsyGjn2lv0WY8UsTgUJjU9Ok55NA-- <- shallow-clone 3.0.1
+ nodelite-2--6UZ2qgEyH2aqzYZgQPxEnz33NJ2gNsnHA2o5-o4wW9bLM-JYQitNP9xPhsXwC08hMMovfGe-8retsdDsczPRg-- <- react-error-overlay 6.0.11
+ nodelite-2--6w-C21Pm1A7aZitlI5Ni-2J6FFQN8i1Cvz3kHABAAbw93v-NlvKdVOqz7CCWz-3iv-JplRSEEZ83XION15ovw-- <- ansi-colors 4.1.3
+ nodelite-2--7LYcYGBYoNqTp1Rv7Ny1YjUo5E0-ftkQtraH3vkfAGgVHc-ouWdC8okAwQgQR7EVIdW6JTzTmhKFwzb-4okAQ-- <- cacache 20.0.1
+ nodelite-2--9Dz8sakS9pe7f2cBocpJXdeVjMopUDLgZs1yWeu7h--WqSbjUYv-JAJwKwXw1HV6gq1jyWjxuyn24E2GhoEcQ-- <- @smithy/fetch-http-handler 5.0.2 (5.3.9 is available)
+ nodelite-2--aCDEGatGvZ2BIk-HmLf4ifCJFwvKFNb9-JeZPMulfgFracn9QFcAf5GO8B-mweUjSoblS5In0cWhqpfs-5PQA-- <- typedarray 0.0.6 (0.0.7 is available)
+ nodelite-2--aE8hCfKlQeA8LmyeyQvQF3eBiLRGNlfBJEvWH7ivp9sBqs7TNqBL5X3v157rM4IFETqDnIOO-z5M-biZbo9Ww-- <- rehype-raw 7.0.0
+ nodelite-2--AuWwMP-YqiPbsJx5D6TfgRTc4kTLjsh5SOcd4bLsfUg2RcEXrFMJl1DGgdHy2aCfsIA-cr-1JM0xcB2GZji8g-- <- zod-to-json-schema 3.24.5 (3.25.1 is available)
+ nodelite-2--bjOqmgETBYB5BoEeGVea8dmvHb2m9GLy1E9W43yeyfP6QQCZGFNa-XRceJEuDB6zqr-gKpIAmlLebMpykw-MQ-- <- p-map 4.0.0 (7.0.4 is available)
+ nodelite-2--bKPPcgZVUziECqDc-0HkT87-0zhaWSZHNXqF8FLd2lQcptpmUFwoCSWjCdOng9Gdq-afKArPdEg-0ZW461Eng-- <- electron-to-chromium 1.4.615 (1.5.90 is available)
+ nodelite-2--BpdSx-yCQGnCvecbyXdxHDkuk55-G3xwnC0GqY4gmQ3j-A-g8kzzgB4Nk-SINjqn6-waqw3EgbVF2QKExkRxQ-- <- vscode-uri 3.1.0
+ nodelite-2--bT2uH4E5LGE7h-n3evcS-sQlJXCpIp6ym8OWJ5eV6-67Dsql-LaaT7qJBAt2rzfoa-5QBGBhxDix1dMt2kQKQ-- <- levn 0.4.1
+ nodelite-2--c6rf4UJlmHlC9b5BaNvzAcFv7HZ2QHaV0D4-HNlBdvFnvQq8RI4kYdhyPCl7Xj-oWvTWQ8ujhqS53LIgAe6KQ-- <- @hapi/hoek 9.3.0
+ nodelite-2--crRMj8-j-Nq5s8QcvegseuyeZPxpQCZb6HNk3Sos3BlZyAknRjoyJPFWkpNn8v0-P3WiwqFF8P-zQo4eqiNuw-- <- playwright-core 1.51.1 (1.62.1 is available)
+ nodelite-2--crtS5QjFRqFCoQmvGduwYWEBng99ZvmFvF-cUJkGYF1L1BfU8C6Zp9T7f5vPAwyLkUExpvK-ANVZmGU49qi4Q-- <- registry-url 6.0.1
+ nodelite-2--d7-PpE-jyPX1hDQZYG-NaFD-Nd2ris6r8fPTBAjE8z-U41n-bib3vze8x7rKs5H1uEw5ppe9IojewouHk0klQ-- <- postcss-normalize-url 7.0.0 (7.0.3 is available)
+ nodelite-2--d9sfos4yxzpwkDkuN7k2SqFKtYNmCTzgfEpz82x34IM9-zc8KGxQoXg1liNC-izpRM-MBdt44Nmx41ZWqk-FQ-- <- fast-fifo 1.3.2
+ nodelite-2--dbF1tHwZpXcbOJdVOkzLDxZP1ailvSxM6ZweXTegylPny803bFhA-vqBYw4s31NSAk4S2Qz-AKXK9a4wkdjcQ-- <- ws 7.5.10 (8.5.0 is available)
+ nodelite-2--Do9fmNgCsQ-K4rCz0STI7lYB4phTtEXqqCAs3gZW0pnK7lWNkvWd5iW545GSmApm4AzmQXmSqXPO565B4WVrw-- <- @typescript-eslint/type-utils 8.24.1
+ nodelite-2--dPCrG1s3ePpWm6yBbxZq5Be1dXGLyLn9Z791chDC3NFrpkVbWGzkBwPN1knaciexFXgRJ7hzdnwZ4stHSDmjg-- <- sort-keys 2.0.0 (4.2.0 is available)
+ nodelite-2--DTO8GYwbMCwbywjimwZMHp8AuYXOS2JZFWoi2AlPOS3ebnII9w-NLpNZtA7A0YLaVDw-O7KFCeoIV7OPvM7hQ-- <- es-get-iterator 1.1.2 (1.1.3 is available)
+ nodelite-2--dwlO9w8vfKgiADxpxUbZOWlL5zKoRIsCymYoh1IPuBsXODKanKnfuZRr32DEqT0--3Av1VjfNZU9yhxtEfIeA-- <- @csstools/postcss-stepped-value-functions 4.0.6
+ nodelite-2--DyMEOrDgLKKIG0fmvtz-4dUX-3Ghozwgm6iPp8KRhvn-eQf9-Q7GWxVNMk3-uCPWfdXYC4ExGBckIXdFEfH1w-- <- webpack-sources 3.2.3 (3.5.1 is available)
+ nodelite-2--E57AYkoeQ25qkxMj5PBOVgF8Kiu-h7cYS30Z5-R7WaiCCBfLq58ZI-dSeaEKb9WVJV5n-03QwrN3IeWIFllvw-- <- pkg-dir 3.0.0 (8.0.0 is available)
+ nodelite-2--E8dDe9dsbLyh2qrZ64PEPadOQ0F4gbl1sUJOrmph7xOiIxfY8vwab-4bFLh4Y88-Hk-ujKcrQKc-ps0mv873A-- <- bare-events 2.5.0 (2.9.2 is available)
+ nodelite-2--EUsqGPLsM-j-zdChZjsnX51g4XrHFOIXwfnCVPGlQk-k5giakcKsuxCObBRu6DSm9opw-O6slWbJdghQM4bBg-- <- negotiator 0.6.3 (1.0.0 is available)
+ nodelite-2--EzkxvLNfiUeKMgy-3luqfsCWFRXLb7U6wNQTk60tovuckwB15B191tJWvpp4HjiQWdJkCxO3Wbvc6jlk3Xb2Q-- <- @babel/types 7.27.1 (8.0.4 is available)
+ nodelite-2--FbBPE1o9QAYvviau-qC5SE3caw21q3xkvWKBtja5vgqOWIHHJ3ioaq1VPfn-Szqctz2bU-oYeKd9-z5BL-PVg-- <- tiny-invariant 1.3.3
+ nodelite-2--FE3sFPYuXCpuVeHQ-Qag1b45clR2o54QoonE-gKHv9gukxQ8oJJZPR7o3-ydDTK6racnCJXxOyT1T93FCJMIg-- <- @hapi/pez 6.1.0
+ nodelite-2--Fj43pSMwJs4KRrH-938Uf-uAELIgVBmQzg-q1YG10djyfA3TnrU8N8XzqCh-okZdszqBQTZf96idMfE5lnwTA-- <- @sinclair/typebox 0.27.8 (0.34.52 is available)
+ nodelite-2--gGivxi8JPKWNm-W0jSmzcMPpfpPLc3dY-6GxhX2hQ9iGj3aDfklV4ET7NjKpSinLpJ5vafa9iiGIEZg10SfBw-- <- hoist-non-react-statics 3.3.2
+ nodelite-2--GPzk8PlG0sPpzdU5ZvIRMPidzAnZDl-s9L-y13iodqvb8leL53bTannOrQ-Im7UkpsmFU5Ily5U60LWixnmLg-- <- @eslint/config-helpers 0.2.2 (0.7.0 is available)
+ nodelite-2--gsuRkVn8tpotXgnBteXQc-gM6pMsWAYuRW3PFnUoidV9wPAVG09SumW9DNGW8DBL537zwmGGbSsXckzanJndw-- <- @tanstack/query-sync-storage-persister 5.80.2
+ nodelite-2--h1lkLKhZMTYjog1VEpJNG7NZJWcuc2DDk-qsqSTRRCOXiLjeQ1d1-udrUGhqMxUgAlwKNZ0cf2uqan5GLuS2A-- <- env-paths 2.2.1 (3.0.0 is available)
+ nodelite-2--HcYgtUSiJiot-XWGLOlGxPYUG65--31V8oqk17vZLW1xlCoR4PampyePljOxY2n8-3jz9-tIFzICsyGujJZoA-- <- @yarnpkg/parsers 3.0.2 (3.0.3 is available)
+ nodelite-2--HlytyjlPKnIG8XuRG8WvmBP8xs8P71y-SKKS6ZXWoEgLuePxtDoUEiH7WkdePWrQ5JBpE6aoVqfZfJUQkjXwA-- <- dlv 1.1.3
+ nodelite-2--hnE-qP5ZoGpol0a5mDi45bOd7t3tjYJBjsgCsivow7D48cJeV5l05RD82lPqi7gRiphZM37rnhW1l6ZoCNNnQ-- <- @vue/shared 3.5.13 (3.5.27 is available)
+ nodelite-2--hSoy-QHluxmC9kCIJyL-uyFmLmc-e5CFR5Wa-bpIhIj85LVb9ZH2nVnqrHoSvKogwODv0ClqZkmiSSaIH5LTA-- <- yaml 2.7.0 (2.9.0 is available)
+ nodelite-2--iqjT8xmXhhYv4-uiYd8FNQsraMFZIfxVSqxxVSZP0WbbSAWvBXAul0m-zu-7Vv4O-3WtApy9pmaTMiumEZgfg-- <- @babel/plugin-transform-react-jsx-source 7.25.9 (7.29.7 is available)
+ nodelite-2--iWb8qaHLYKrNvGRbiYRHSdKRWhto5XlZUEBwDjYNf-ly5SVYG6zEoYIdxvf5R3zyeP16w4PLBn3rH1xc74Rag-- <- @aws-crypto/crc32c 5.2.0
+ nodelite-2--IXtbwEk5HTPyEwyKX6hGkYXxM9nbj64B-ilVJnC-R6B0pH5G4V3b0pVbL7DBj4tkhBAppbQUlf6F6Xl9LHu1g-- <- math-intrinsics 1.1.0
+ nodelite-2--IxzY9BZOQd-XuYPRmrvEVjF-nqj5kgT4kEq7VofrDoM1MxoRjEWkrCC3EtLi59TVawxTAn-orJwFQcrqEN1-g-- <- chownr 3.0.0
+ nodelite-2--JA0DCvc5XvFAxwx6f-e68gQu-7Z9ud584VLmcgto28eB8FqSFZwtrLwB5Kcp70eIoWP-HXqz4wpo8rD8gpsTw-- <- postcss-discard-duplicates 6.0.3 (7.0.4 is available)
+ nodelite-2--JFzI441OAB9O7VnLA-RtSNZvQ0NCFZDOtp6QPFo1iIyawyXg0YI3CYM9HBy1WvwCRHnPep-BvI1-dGPKoXx-Q-- <- postcss-normalize-positions 6.0.2 (7.0.4 is available)
+ nodelite-2--jKZoMpw0F8GRwl4-eLROPA3cfcXtLApP0QzLmUT-HuPCZWyB7IY9ZrMeKw2O-nFIqPQB3PVM9aYm0F312AXDQ-- <- node-domexception 1.0.0
+ nodelite-2--Jm5M4RvtBFVkKWRu2BLUTNP8-M2a-UwuAX-ae4770q1qVGtfjG-WTCupoZixokjmHiry8uI-dlY8KXYV5HVVQ-- <- pkg-types 1.3.1 (2.3.0 is available)
+ nodelite-2--kP8CAwxzLVEeFrMm4kMmy4CCDlpipyA7MYLVrdJIkV0fYF0UaigQHRsxHiuY-GEea-bh4KSv3TIlgr-2UL6bw-- <- expect-type 1.2.1 (1.3.0 is available)
+ nodelite-2--kppl-R-LO5VmhYSEWARUFjodS25D68gvj8W7z0I7OWhUla5xWu8KL6CtB2V0R6yqhnRgbcaREMr4EEM6htLPQ-- <- is-yarn-global 0.4.1
+ nodelite-2--kyM18EfinwXZbno9FyUGeFh87KC8HRQBQGildHZbEuRyWFOmv1U10o9BBp8XVZDVNNuQKyIGIu5ZYAAXJ0V2Q-- <- emojis-list 3.0.0
+ nodelite-2--Lhy3TQTuzXI5hevh8sBGqbmurHbbIjAi0Z4S63nthVLmLxfbj4T54a4CfZrXIrt9iP4mVAPYMo-v99taj3wjQ-- <- object.groupby 1.0.3
+ nodelite-2--LLMVyas0ljjAtoYiPqYiL8VWXzUUdThrmU5-n20DZv-a-ClRoevUzw5JxU-Ieh5-c87ytoTBV9G1FiKfNJdmg-- <- react-is 18.3.1 (19.1.0 is available)
+ nodelite-2--LLQB8XGr3I5LZN-GuAHo-GpDJegQwuPARLChlMICNdwW7OwV2izlCSCxN6cqpL0sMXmbKbFcItJgdQq5EBXTw-- <- @inquirer/rawlist 4.1.11
+ nodelite-2--lP4-6lKUBfQjZ2pdxThZvLUAafmZb8OAxFb8XXtiQmS35INgr85hdOGoEs124ez1FCnZJt6jau-T-alh58QFQ-- <- is-promise 2.2.2 (4.0.0 is available)
+ nodelite-2--LpyBk7L44ZIXwz-VYfglaX-okxezESc6UxDSoyo2Ks6Jxc4Y7sGjpgU9s4PMgqgjj1gZCylTieNamqA1MF7Dg-- <- @img/sharp-libvips-linuxmusl-x64 1.2.4
+ nodelite-2--lzGpEWL-8PfI0BmBOPRwp0c-wFNX1RdUML3jK-RcSBA9T8mZDdQpqYBKtCFTOfQbwPqWEOpjqW-Fnayc0969g-- <- cli-boxes 3.0.0
+ nodelite-2--m8M-2BJUpoJdgAHoG-baCwBT-tf2VraSfkBgl0Y00qIWt41DJ8R5B8nsEw0I58YwF5IZH6z24-2TobDKnqSWw-- <- toad-cache 3.7.0
+ nodelite-2--mdqabuAT3o-ihBGjL94PUbTSPSRJ0eeVTdgADzow0wRJ0rN4A27EOrtlK56MYiO1fDvlO3jVTCxQtQmK9dZ1g-- <- @smithy/node-http-handler 4.0.4 (4.4.8 is available)
+ nodelite-2--mrRod8xqpA-IHSLyGCQ2s8SPHiCDEeQJSep1jqLYeEUClOFG2Qsh-4FU6G9VeqpZnGW-Su8LQGc4YKni5rYSQ-- <- through2 2.0.5 (4.0.2 is available)
+ nodelite-2--N0ngpO3e7cRUWOJAS7qw0IZIVc6XPrW4MlFBdD066F2L4k1L6ker3hLqSq7iXxU5tgS4WGkIUElWn5vogAEnw-- <- ini 5.0.0 (6.0.0 is available)
+ nodelite-2--Nf7TyzTx6S3yRJObOAV7956r8cr2-Oj8AC5dt8wSP3BQAoeX58NoHyCU8P8zGkNXStjTSi6fzO6F0pBdcYbEg-- <- bytes 3.1.2
+ nodelite-2--NsyUUAZDmo6YVHzL-stxSu3t9YS1iljliy3BSDrXJ-dkn1KYdmtZODGGjLcc9XLgVVpH4KshHB8XmZgMhaBXg-- <- mkdirp 3.0.1
+ nodelite-2--NYs2QeMWy-GWFOEm9xnn6HCDp0l7QBD7ml8zLUmJ-93Q5NF0NocErnwkTkXVFNiX3-fpC6afS8Dhb-gz7R7eg-- <- uuid 8.3.2 (9.0.1 is available)
+ nodelite-2--OaKK0xYrs3DmxRYqL-yDc-FxFUVYhDlXMhRmv3z915w2HF1tnN1omB354j8VUGO-hbRzyD6Y3sA7v7GS-ceog-- <- to-fast-properties 2.0.0
+ nodelite-2--ONj2bpOQfsCKZE2T9VGMyVVdGcGUpr7u3SVfvkJlvhTRmDCfY25k4Jc8fubB9DclAPR4-w8uVtDZmdRgdAHig-- <- postcss-lab-function 7.0.7
+ nodelite-2--ORaOBttdUm1E2Uu-obAyCguiI7MbBvsLTndc3gyK3zU-SYLoZXlyCP9Xgy0gikkGufFLTZXCXD6-4BsufnmHA-- <- h3 1.15.1 (1.15.5 is available)
+ nodelite-2--OWZQfAYyio6YkJb3HLxDrvnx6SWWDbC0zVPfBRzUk0-nqoDyf6dNxQi3eArPe8rJ473nobTMQ-8Zk-LxJ-Yuw-- <- @types/mdx 2.0.13
+ nodelite-2--OxDN6OtAk5KBpGb28T-HZc2M-ADtvRxXrKKbUwtsLgdoxgX13hyy7ek6bFRl5-aBs2yZzB0c4CnQfAtVypW-g-- <- typed-array-length 1.0.6 (1.0.8 is available)
+ nodelite-2--Oxm7q9hDoLMyJOYfUYBuHQo-dkAloi33apOPP56pzj-vsdJDzr-j1NISE5pyaAuKL4A3UD34qd0lx5-kfKp2g-- <- vite 6.4.1 (7.3.6 is available)
+ nodelite-2--Pgi-vMuUNkJyExiMBt5IlFoMyKnr5zhJ4Uspz58WOhBF5QoIZkFyNHIbBAtHwzVAgk5RtndVNsDRN61-mmDqg-- <- is-plain-obj 4.1.0
+ nodelite-2--PmQX0PiAYPMeVYe237LJAYvOMYW1j2rH5YROyS3b4CTVJum34HfRvKvAzozHAQG0TnHNdUfY9nCeUyRAs--cw-- <- @szmarczak/http-timer 5.0.1
+ nodelite-2--poHZJJVjx3L-zVD6g9KgHfYnb443oi7wLu-XKojDviHy6HOEOA6z1Trk5aR1dGcmPenJEgb2sK2I80LeS3MIg-- <- @sideway/formula 3.0.1
+ nodelite-2--q-t7Ekv1EDY2l6Gda6LLiX14rU9TV20Wa3ofeQmwPFZbOMo9DXrLbOjFaaclkXKWidIaopwAObQDqwWtGUjqg-- <- at-least-node 1.0.0
+ nodelite-2--qALLI5cQncuetYOXp4yScwYvqh8c6SMXee3B-M7oTZxOgtESP0l4j-fXdEJoZ-EdMxkGWIj-aSEyjXkOdmd7g-- <- vue-bundle-renderer 2.1.1
+ nodelite-2--QBBXBCvifc56fsbuxZQ6Sic3wqqc3WWaqxs58gvJrcOuN83HGTCwz3oS5phzU9LthRNE9VrJCFCLUgHeeFnfA-- <- unicorn-magic 0.3.0
+ nodelite-2--qJyx4xiKra8mZrcwhjMRMUhD5NR1R8esPkzIYxX96JiecFoxAXFuz-GpR3-ev4PE1WamHip78wV0vcmPQtp8w-- <- cacheable-lookup 7.0.0
+ nodelite-2--QU2zd6OTD8XWIJCbffaiQeH9U73qIqafo1x6V1snCWYGJf6cVE0cDR4D8xRzcEnfI21IFrUPzPGtcPf8AC-Rw-- <- write-file-atomic 5.0.1 (6.0.0 is available)
+ nodelite-2--RJOAO7o7HI6lEa4ASbFFLHGU9iPK876BhsVfnl54MvApPVYWQ9sHO0anOUim2S5lQTwd-6ghuH3rFYSq--rdw-- <- @aws-sdk/util-endpoints 3.782.0 (3.972.0 is available)
+ nodelite-2--S6kzefN-E1vkSsKx8kmQuqeQsvCKCd1fraCM7zXm4SFoggI099Tr4G8U81-5gtMdUeMQ4ipdQffbKLX0-7dBQ-- <- @babel/plugin-transform-modules-umd 7.22.5 (8.0.1 is available)
+ nodelite-2--sKqDBQqb036hh4NPaUiEkYFkTUGYzRsn3EuFhyfQfMy6oGHEUJDurLP9Ufb5dasr-XiAmPNMr6wa9afjQB-Gw-- <- @smithy/chunked-blob-reader 5.0.0 (5.2.0 is available)
+ nodelite-2--sM3dO2FOzXjKQhJuo0Q173wf2KOo8t4I8vHy6lF9poUp7bKT0-NHE8fPX23PwfhnykfqnC2xRxOnVw5XuGIaA-- <- jsesc 3.1.0
+ nodelite-2--Srv4dswyQNBfohGpz9o6Yb3Gz3SrUDqBH5rTuhGR7ahtlbYKnVxw2bCFMRljaA7EXHaXZ8wsHdodFvbkhKmqg-- <- concat-map 0.0.1
+ nodelite-2--t3n4ypZ-iDvNiydjaAQ1mhnD1lm-jOK8Bdtodnv-1SpcqWWQPaDJgu41eHisDlKe9NTan7aRV3FU-Px2bQNNQ-- <- @octokit/graphql 7.0.0 (9.0.3 is available)
+ nodelite-2--t5DZ6mO-QFh78PByMq1fGSAub-agLJZDRfJRMeOSNCt8s9YVlTjmGpIPwPhvXTGUIJk-WszlT0rQa1W33yzNA-- <- @npmcli/node-gyp 4.0.0 (5.0.0 is available)
+ nodelite-2--Tb-JcjK111nNScGob5MNtsntNM1aCNUDipB-TkwZFhyDrrE47SOx-18wF2bbjgc3ZzCSKW1T5nt5EbFoAz-Vg-- <- cssesc 3.0.0
+ nodelite-2--TMG8SboeiQbZJWRlfTCqMs2DD3SZgWp0kDQePz9yUuCnDfDh-92gf7-PxGhzXTKBIPASIHxFcZndoNbp6QOLQ-- <- serve-placeholder 2.0.2
+ nodelite-2--tTrYOC7PPI1nUAgx34hUpqXuyJG-DTHJTnIULG4rDygi4xu-tfgmq1e1cIRwRzwZgo4NLySi-ricLkZkw4i5A-- <- spdx-exceptions 2.3.0 (2.5.0 is available)
+ nodelite-2--tv3z-SPp-gqTIcImN9o0hqE9xyfQjI1XD9pL6NuKjua9B1y7mNYv0S9cP-QEbA4ppVgGZEmKOvHX5G5Ei1CVA-- <- @cloudflare/kv-asset-handler 0.4.0 (0.4.2 is available)
+ nodelite-2--u76oB43nOHrF4DDWRLWDCtci7f3QJoEBigemIdIeTi1ODqjx6Tad9NCVnPRwewWlKkVab5PlK8DCtPTyX7S8g-- <- @adobe/css-tools 4.0.1 (4.4.4 is available)
+ nodelite-2--uj-sVvxE4SFYUmc4VnMHGkVx-m-jkWzsqAawAghK8BFm5KXP8WAJ475osnO0xhqhptlZLWJDXcxGDht-sVm-g-- <- @vercel/og 1.0.0
+ nodelite-2--uw1inIHVPQoaVuHzRyXd21icM-cnt4CzD5rW-NC1wjOUSTOs-Te7FOv7AhN7vS9x-oIyhLP5PR1H-phQAHu5Q-- <- end-of-stream 1.4.4 (1.4.5 is available)
+ nodelite-2--veY75JbMK4j1yjvuUxuVsiS-hr-4iHs9FTT6cgTexxdE0Ly-glccBAkloH-DofkjRbZU3bnoj38mOmhkZ0lHw-- <- escape-string-regexp 5.0.0
+ nodelite-2--vlFKAoH5Cgt3Ie-JLhRbwOsCQePABiU3tJ1egGvyQ-33R-vcwM2Zl2QR-LzjsBeItPt3oSVXapn-m4nQDvpzw-- <- lilconfig 3.1.3
+ nodelite-2--vPs-gj7nue5pq78-bi58sa0SohFgjXg49T6YMyWav-0xUz29rhlSXXZJBfdv8BXacG1IOqQaIOaGGHVoPTiWg-- <- tupleson 0.23.1
+ nodelite-2--Vyi-GCCOHnrJ2VPS-6aPoXN2k2jgUzDRhTFLjjTBn23qyXJXkjUWQgTL-mXpF5-A8ixLdCc6kWsoeOjKGejKQ-- <- mini-css-extract-plugin 2.9.1 (2.9.4 is available)
+ nodelite-2--W6cISkXFa1jXsDEdYA8HeevQT-FULhxzR99pxphltZcVaugps53THCeiWA8SguxxpSp3gKPiuYfSWopkLQ4hw-- <- @babel/helper-globals 7.28.0 (8.0.0 is available)
+ nodelite-2--W7VmiVINB-ywl1HGXJXmrqkOhpKrIiVZV6tQuV54ZyQC7MMuBt81Vc336GMLoHBq5hV-F9eXgt5Mnx0Rha5Fg-- <- cookie-es 1.2.2 (2.0.0 is available)
+ nodelite-2--X4WAlOisVWQMikjbcvY2e0rwPsKQ9F688lksZhBcPycBBuii3O7m8FACbDMWDojpAqvjIncrG8J0XHKyQfVeA-- <- @webassemblyjs/wast-printer 1.12.1
+ nodelite-2--xGlezI6xfGO9NwuJlnwz-K14qD1kCSAGtacBHnGzeAIuJGazcp45KP5NuyARXoKb7cwulAGWVsbeSxdG-cb0Q-- <- @npmcli/fs 4.0.0 (5.0.0 is available)
+ nodelite-2--XJ368cyBJ7fzLMwLKv1e4vLxOju2MNAIokcr7meSaNcVbWz-CPcW22cP04mwxOErdA5mwjA8Q6w-cdAQxVn7Q-- <- protocols 2.0.1 (2.0.2 is available)
+ nodelite-2--XTFxK2jJF-EJJ5SoAzXk3qwIDfvFc5-g-bD274LZ7uY7LE8sTfG6Z8rOanPl2ZEvZWqNvmEdtXC25cE54VcoA-- <- @npmcli/git 7.0.1
+ nodelite-2--Y3BJLcwd40pExmdar8MH2UGGvCBrqNN7hauOMckrEX2Ivcbv3IMhrbGX4od1dnF880Ed8y-E9aStZCIQi0EGw-- <- @swc/core 1.11.21
+ nodelite-2--y956gpUo9ZNCb99YjxG7OaslxZWHfCHAUUfshwqOXmxUIvqLjVO581BT-gM59-QV9tFe6-CGG53tsA1Y7RSdg-- <- traverse 0.6.7
+ nodelite-2--yFHK0aGjFEgDJjEKP0pWCplsPFPhwyfwevf-pVxiN0tmE4L9LmwWxWukdJSHdoCli4VgQLehjJtwQBnqmsKcw-- <- file-type 16.5.4
+ nodelite-2--yPhxI1ntnDNsiHtzLKYnE3vf9JZ6cAisqVDauhp4CEHxlb4uoOTxOCJ-9s51bIB8U1N1FJ1RXOKTIlD5B-gqw-- <- micromark-extension-gfm-footnote 2.1.0
+ nodelite-2--ys997U96po4Kx-ABpBCqhA9EuxJaQWDQg7295H4hBphv3IZg0boBKuwYpt4YXp6MZ5AmZQnU-tyMTlRpaSejg-- <- call-bound 1.0.4
+ nodelite-2--z585740YHURLl9DN2jCWe6OW7zKYm6VoQ93H0sxZ1cwHQEQrUn5BJrEnkWhfzUdyO-BLGjnKUZ9iz9hKloFDw-- <- typedoc 0.27.9 (0.28.14 is available)
+ nodelite-2--ZR0RxqxU-xxDGzbzosMjh4W6NdYFMqq2nvo2b8SLi7rsl-4jkL8S5stIikorNkdR50oVDvqb-3JT05WM-CRRA-- <- @parcel/watcher-wasm 2.4.1
+ nodelite-2--ZT-iBxVUQ1asugqnD6oWoRiS25AkjNfG085dKJGtGxkdwLQrMKU5wJr2bOOFAXzKcTuqq-7fZlTMgG3SRfIYQ-- <- http-proxy-agent 7.0.0 (7.0.2 is available)
+ nodelite-2-0-A9rDy9P7cJ-8w1c9WD9V--9Wj15Ce2MPz8Ri6032usz-NfePxx5AcN3bN-r6ZL6jEo066-yNYB3tn4pQEx-A-- <- uuid 11.1.0
+ nodelite-2-0-DUvqWMValLmha6lr4kD8iAMK1HzV0-aKnCtWb9v9641TnP-MFb7Pc2bxoxQjTXAErryXVgUOfv2YqNllqGeg-- <- tinybench 2.9.0 (5.1.0 is available)
+ nodelite-2-00o4I-DVrefhv-nX0ulyi3biSHCPDe-yLv5o-p6d-UVlirijB8E16FtfwSAi4g3tcqrQ4lRAqQSoFEZJehYEcw-- <- reflect.getprototypeof 1.0.10
+ nodelite-2-028laaOKptN5vHJf9-Arr-HiJekMd41hOEZYvNsrsXqJ7YPYuX2bQxh31fkZzGmq3YqHRJzYFFAVYvKfMPKqyg-- <- @babel/plugin-transform-unicode-regex 7.22.5 (8.0.1 is available)
+ nodelite-2-05HumSy3LWfXpmJ9cr6HzwhAavrHkJ1ZRCmNE2qJMihdM5YcWreWPfyN0yKT2ZjCM92au3ZkuodjBxOibxM67A-- <- @hapi/teamwork 6.0.0
+ nodelite-2-05WQkdpL9COIMz4LjTxGpPNCdlpyimKppYNoJ5Di5EUObifl8t4tuLuUBBZEpoLYOmfvIWrsp9fCl0HoPRVTdA-- <- @babel/runtime 7.28.6 (8.0.0-beta.0 is available)
+ nodelite-2-06hBdMwUAb2WFTuGG73LSC0wfPu93xWwo5vL2et9eymgmu3Id5vFAHBbajVWiGhPO37qcsdCap-FqXvJGJWPIg-- <- @aws-crypto/supports-web-crypto 3.0.0 (5.2.0 is available)
+ nodelite-2-06kgtea-bGreF5eKYgI-36A6pLXggY7oR4p1pq4SmdFBn1ReOL5D8RhG64VrqfTTKNucqqtBAwEj8aB88mcqrg-- <- duration 0.2.2
+ nodelite-2-06okr5cgPzMNBy-Ycse2A6udMi4bqwW-zgBF-rwjcNqWkyr82Mcg8b0vjX8OJpZFy-FKjJmw6wV7t44kK6kW7A-- <- @floating-ui/react-dom 2.1.2 (2.1.6 is available)
+ nodelite-2-0725fmH-yYi8ugsjszLci-lLnGBK6cG-WSxM7edY2OXJEU7gr2JiGBoieL2h9mhTych1vFsEfXsAsGGDJ-Rd5w-- <- fastify-plugin 5.0.0 (5.1.0 is available)
+ nodelite-2-08pj8ATpzMR0Y80x50yJHn37NF6vjrqHutASaX5LiH5npS9XPvrUmscd9MF5R4fuYRHOxQR1FfMIlF7AzwoPqw-- <- p-pipe 3.1.0
+ nodelite-2-0a1F4l73-ZFZOakJnQ3FvkJ2-gSTQWz-r2KE5OdDY0TxPm5h4GkqkWWfM47T7HsbnOtcJVEF4epCVy6u7Q3K-g-- <- resolve-alpn 1.2.1
+ nodelite-2-0a5EOkAUp8D4moMi2W8ZF8jcga7BgZd91O-yabJCFY8az-XSzeGyTKs0Aoo897iV1Nj6guFq8orWDS96z91oGg-- <- toposort 2.0.2
+ nodelite-2-0aO8FkhNZlj-ZIbNi7Lxxr12obT7cL1moPfE4tg1LkX7LlLfC6DeX4l2ZEud1ukP9jNQyNnfzQVqwbwmAATY4Q-- <- inline-style-parser 0.2.4 (0.2.7 is available)
+ nodelite-2-0ASV06AAoKCDkS2-xw5RXJywruurpbC4JZSm7nr7MOt1ojAzvyyaO-UxZf18j8FCF6kmzCZKcAgN-yu2gm2XgQ-- <- unist-util-stringify-position 4.0.0
+ nodelite-2-0dxmVj4gxg3Jg879kvFS-msl4s9F3T9UXC1InxgOf7t5NvcPD97u-WTA5vL-IxWHMn7qSxBozqrnnE2wvl1m8g-- <- @speed-highlight/core 1.2.7
+ nodelite-2-0eJJY6hXLGf1udHwfNftBqH-g73EU4B504nZeKpz1sYRKafAghwxEJunB2O7rDZkL4PGfsMVnTXZ2EjibbqcsA-- <- on-exit-leak-free 2.1.2
+ nodelite-2-0Gni6D4UcLTbv9c57DfxDGdr41XfgUjqWZu492f0cIGr16zDU06BWP-RAEvOuo7CQ0CNjHaLlM59YJJFm3NWlw-- <- pinkie-promise 2.0.1
+ nodelite-2-0gSFWUPNXNopqtIPQvlD5WgXYI5GY2kP2cCvoT8kczjbfcfuIljTbcWrulD1CIPIX2gt1wghbDy08yE1p--r3w-- <- @babel/helper-module-imports 7.27.1 (8.0.0-beta.0 is available)
+ nodelite-2-0H44vDimn51F0YwvxSJSm0eCDOJTRlmN0R1yBh4HLj9wiV1Dn0QoXGbvFAWj2hSItVTlCmBF1hqKlIyUBVFLPg-- <- mdast-util-to-string 4.0.0
+ nodelite-2-0H5uoJLm14S-oKV3Keihxvh8RV-vrid-6Gv-2qhuzbqHanawga8tYnsdpjEyt36ucJjqlby2-Md2ObWjA02UXQ-- <- @docusaurus/babel 3.7.0
+ nodelite-2-0hJU9SCPvmMzIBdZFqNPXWa6dqh7WdH0cII9y-CyS8rG3nL48Bclra9HmKhVVUHyPWNH5Y7xDwAB7bfgSjkUMQ-- <- hasown 2.0.2 (2.0.4 is available)
+ nodelite-2-0Ia46fDOaT7k4og1PDW4YbodWWr3scS2vAr2lTbsplOt2WkKp0vQbkI9wKis-T5LV-dqPjO3bpS-z6GTJB82LA-- <- globby 14.1.0
+ nodelite-2-0IdswzpG9-sgxvGu7KTwSeqfV0hvciaHMoZvGklfZa2txpcUqAg4ASp7uxrNaUo-G2a1fTUMOtP9351Cnl8DBg-- <- @rspack/binding-linux-x64-musl 1.2.0-alpha.0
+ nodelite-2-0ilKFI6QQF5nxDZLFn2dMjvc4hjg-Wkg7rHd3jK6-A4a1Hl9VFdQWvgB1UMGoU94pad1P-8N7fMcEnLnSiju8A-- <- schema-utils 2.7.0 (4.3.3 is available)
+ nodelite-2-0JCqzSKnStlRRQfCdowvqy3cy0Dvtlb8xecj-H8JFZuCze4rwjPZQOgvFvn0Ws-usCHQFGpyr-pB9adaGwXn4Q-- <- universal-user-agent 7.0.2 (7.0.3 is available)
+ nodelite-2-0je-qPKHEMohvfRTCEo3CrPG6cAzAYgmzKyxRiYSSDkS6eGJdyVJm7WaYA5ECaAD9wLB2T4EEeymA5aFVcYXCA-- <- dequal 2.0.3
+ nodelite-2-0Ju4-6A8iOnpL-Thra7dZsSlOHYAHIeMxfhWQRI1-VLcT3WDBZKKtQt-QkBOsiIN9ZpuvHE6cGZ0x4glCMmfiA-- <- semver-diff 4.0.0
+ nodelite-2-0KI-607xoxSToH7GjN1FfSbLoU0-btTicjsQSWQlh-hZykN8KpmMf7uYwPW3R-akZ6R-w18ZlXSHBYXiYUPO3g-- <- ipaddr.js 1.9.1 (2.2.0 is available)
+ nodelite-2-0KpjqXRVvrYyCsX1swR-XTK0va6VQkQM6MNo7PqW77ByjAhoARA8EfrP1N4-KlKj8YS0ZUCtRT-YUuhyYDujIQ-- <- lodash.merge 4.6.2
+ nodelite-2-0lht7OugA5x3iJLOWFhWK-5ehONdprk0ISXqVFn-NFrDu-cuc8iADFrGQz5BnRK7LLU3JmkbXSxaqX--mXYtUA-- <- data-view-buffer 1.0.1 (1.0.2 is available)
+ nodelite-2-0LrrStPOdJj-SPCCrGhzryycLjwcgUSHBtxNA8aIDxf0GLsRh1cKYhB00Gd1lDOS4yGH69-SNn13-TWbVHETFQ-- <- csso 5.0.5
+ nodelite-2-0oIyUfKoI3mSqMvsxBdclDwxXKXAUA8v-apZbc-iSyARYou1o8ZGDxbUYyLFoW2arqS2jDGqJuZvv1d-io1axg-- <- @babel/types 7.23.0 (8.0.4 is available)
+ nodelite-2-0pfFzegeDWJHJIAmTLRP2DwHjdF5s7jo9tuztdQxAhINCdvS-3nGINqPd00AphqJR-0LhANUS6--7SCb98YOfA-- <- y18n 5.0.8
+ nodelite-2-0pYVBnDKZO2fnSPCrgM-6WMc7eS20Fbok-0r88fp-YtWVLZrp4CkafFGIp-W0VKw4a22sgebPT99y-FDNMdP4w-- <- @babel/helper-module-imports 7.22.15 (8.0.0-beta.0 is available)
+ nodelite-2-0QFuWDHOQmz7t66gfpfNO6aEjoFrdhkJaej-AOqb4kqWZVbPWFZifXZzkxyQBB1OwTbkhdT3LNpMFxwkTvf-2w-- <- @sigstore/tuf 4.0.0 (4.0.1 is available)
+ nodelite-2-0qWUglt9JEqLFr3w1I1pbrChn1grhaiAR2ocX1PP-flRmxgtwTzPFFFnfIlD6aMOLQZgSuCRlidD70lvx8yhzg-- <- ansis 3.17.0 (4.2.0 is available)
+ nodelite-2-0QYC8b24HWY8zjRnDTL6RiHfDbAWn63qb4LMj1Z4b076A4une81-z03Kg7l7mn-48PUTqoLptSXez8oknU8Clg-- <- espree 10.3.0
+ nodelite-2-0R9ikRb668HB7QDxT1vkpuUBtqc53YyAwMwGeUFKRojY-NWKvdZ-9UYtRfGmhqNbRkTSVpMbmyhXipFFv2cb-A-- <- data-uri-to-buffer 4.0.1 (6.0.2 is available)
+ nodelite-2-0rcTq621PD5jM-e0a3EJoGC-1TC5ZBCERW82LQuwfGnCa1V8w7dpYH1yNu-SLb6E5dkeCBzKEyLGlFrnr-dUyw-- <- fs-extra 11.1.0
+ nodelite-2-0S9TQMmDHlqAZ2ITT95irXKfxN9bncq8ZCoJhun3nHL-lLUxd2NKBJYoNGWH7S0hz6fRQwWlAWn-ILM0C70KZQ-- <- @babel/compat-data 7.23.2 (8.0.0-beta.0 is available)
+ nodelite-2-0TCO2TvL43-oOdyVVGHDItwxD1UMKP2ZYpT6gXmhFOqfAJtZxTzJ9hkn34iAF-b6YzyJ4Um89QIt9z-ajmAEeg-- <- @giscus/react 3.1.0
+ nodelite-2-0u-TldDbKD8bFCQ-4f5-mNRrXwZ8hg2w7ZR8wa16e8z9XpePWl3eGEcUD0OXpEH-VJH-2G3gjUtR3ZOiBe2S-w-- <- string.prototype.repeat 1.0.0
+ nodelite-2-0UfuJS0EsXbRvKnwcLjFtJy-Sxc5J5jhLHnFhy7u4zih97Hz6tJkLU-O-FMMrNZrosUPxDi6sYxJ-EA8jDiAog-- <- @babel/plugin-transform-duplicate-named-capturing-groups-regex 7.25.9 (8.0.1 is available)
+ nodelite-2-0uGYQ1WQL1M5kKvGRXWQ3uZCHtLTO8hln3oBjIusM75WoesZ909uQJs-Hb946i2SS-Gsrhkaa6iAO17jRIv6DQ-- <- node-mock-http 1.0.0 (1.0.4 is available)
+ nodelite-2-0UQ55f51JBkOFa-fvR76ywRzxiPwQS3Xe8oe5bZRphpv-dIMeerW5Zn5e4cUy4COJwVtJyU0R79RMnw-aCqmGA-- <- child-process-ext 2.1.1 (3.0.2 is available)
+ nodelite-2-0VnamPPYHl4uaU-nSFeZZpR21QAWRz-sRv4iW9-v-GS-J5U5iZB5BNN6J0RMoOvdx2gWM2-ZFMIm58q24e4UYA-- <- ps-tree 1.2.0
+ nodelite-2-0vOQd9eLNBL18EGl5yYaO44GhixmImes2wiYn9Z3sag3QnehWrYWlB9AFtMxCL2Bj3fyxgDYkxGFEU-chlYssw-- <- json-refs 3.0.15
+ nodelite-2-0vzE-lAiG7hZl1-9I8yzKLx3aR9Xbof3fBHKunvMfOCYAtMhrsnccJY2iTURb9EZd5-pLuiNV9-c-GZJOHsgIw-- <- postcss 8.4.39 (8.5.6 is available)
+ nodelite-2-0WBUlSL4lhD9rA5k1e5D8EN5wCEyZD6HJk0jIvRxl-FDVOMlJ7DePHYWGGVc5QRqrJ3-06FTXM0bxjmJpmTPSA-- <- postcss-svgo 7.0.1 (7.1.3 is available)
+ nodelite-2-0wUoCcLp-5Ev5pDW2OriHC2MJCbwLwuRx-gAqMTOkGKJJiBCLjtrvy4PWUGn6MIVefecRpzoOZ-UV6iGdOr-Cw-- <- hermes-estree 0.25.1 (0.32.0 is available)
+ nodelite-2-0wVnp9dxJ72ZUJDV27ZfbSj6iHLoytYZmh3rFcxNnvsJF3ktkzLDZPy-mA17HGsaQT3-DQsWYX1f1QGWkCoVUg-- <- @babel/plugin-syntax-private-property-in-object 7.14.5
+ nodelite-2-0wZ1IRqGGhMP76gLqz8EyfBXKk0J2qo2-H3fi4mcUP-KtTocoX08nmIAHl1Z2kJIZbZee8KOpBCSNPRgauucjw-- <- zod 4.2.1 (4.3.6 is available)
+ nodelite-2-0X8I4-9-G03X5-5NnrfopG-YEln2XU8heDh7YqBaiq2SeaKIG3n66ShZPjIolmVuLBQ0BEm3yS8o1mlCLHdW7A-- <- postcss-merge-longhand 7.0.0 (7.0.7 is available)
+ nodelite-2-0XavAZbNJ5sDrCbkpWL8mia0o5WPOd2YGtxrEiZkBK9FjLppIUK2TgxK6qGD2P3hUXTJNNPVibrerKcx5WkR1g-- <- webpack-dev-server 4.15.2 (5.2.1 is available)
+ nodelite-2-0xiIyBsLlr8quN-WyuxooNW9RJ0Dpr8uOnH-xrCVO8GLUcwHISwj1AG0k-LFzteTkAA0GbX0kj9q6Dk70PTiPA-- <- @svgr/plugin-jsx 8.1.0
+ nodelite-2-0xO6mYd7JB2YesxDKplafRpsiOzPt9V02ddPCLbY1xYGPOX24NTyN50qnUxgCPcSoYMhKpAuBTjQoRZCAkUDRw-- <- bail 2.0.2
+ nodelite-2-0xtkGhWCC9MGt-EzgnvbbbKhqWjl1--rncmhTh5qCpbYguXh6S-qwePfv-JQ8jePXXmqingylxoC49pCkSPIbA-- <- sort-css-media-queries 2.2.0
+ nodelite-2-0ylN3U5htO1SJTmy2YI78PZZjLkKUGg7EKgukb2CRi0kzyoDr0cfjHAzi7kozVhj2V3SxN1oyKqZ2NSo40z00g-- <- @npmcli/package-json 7.0.2
+ nodelite-2-0ZrskXVEHSWIqZM-sQZ4EV3jZJXRkio-WCxaqKZP1g--CEWEPSfeZFcms4XeKBCHU0ZKnIkdJeU-kF-eRp5lBg-- <- @babel/types 7.28.6 (8.0.4 is available)
+ nodelite-2-0Zt-s3L7Vf1biwWZ29aARiVYLx7iMGnEUl9x33fbB-j3jR81u-O2LbqK-Bm1CDSNDKVtJ-YjwY7TUd5SkeLQLw-- <- file-uri-to-path 1.0.0 (2.0.0 is available)
+ nodelite-2-1-22obknhoj56PcE-pZPp6AbWDdY55M81-ofpPW3Ltlp9Eh4zoFFLswvZmNpRTb790CY5tsNfgbYeNOqIARJfQ-- <- birpc 2.2.0 (4.0.0 is available)
+ nodelite-2-1-ugc8djfn93rTE3WRKdCzGGt-EtiYKxITMO4Wiv6q5JL1gl9ePt4kBsl1S499nbosspfctIQTpYIhSmHA3WAg-- <- joi 17.7.0 (18.0.1 is available)
+ nodelite-2-14Kso-eIt5-qfIBmhEL9L1IfyUqswjSTqO2mY7KOzUZ9SZbwn3rpxmtkhmATkRjD7XIlLKaxBkI7tU9Zjzj8Kw-- <- @aws-sdk/util-utf8 3.254.0
+ nodelite-2-188iM4hAHQ0km23TN-adso1q5hhwKqUpv-Sd6p5sOuh6FhQnRNW3IsiIpvxqahtBabsJ2SLZgmGSpcYK4wQYJw-- <- vitest 3.1.3 (4.0.7 is available)
+ nodelite-2-1APHAyr3-PCamwNw3bXCPp4HFLONZt-yIH0sZp0-469KWNTEy-qN5jQ3GVX6DMZ1UXAi34yVwtTeaG-HpBuuzw-- <- ansi-html-community 0.0.8
+ nodelite-2-1BBa1E-z0O9ye5fZprPtdqnc0BFzxIxTTOO-tQFmyC-hj1O3jL4TfmLBw0WEwjAokdLwpclkvGgDJwTIh0-22w-- <- lit 3.2.1
+ nodelite-2-1BC0BVFhS-p0qtw6enp8e-8OD0UrK0oFLztSjNzhcKA3WDuJxxAPXzPuPtKkjEY9UUoEWlX-8fgKeu2S8i9JTA-- <- is-callable 1.2.7
+ nodelite-2-1C0C-eNaeN8OcHQa193aRgYexyJtU8XwbdieEjClw-J9d94E41LwT6ivKH0WT-fYwYWB0Zp3I3IZ7tI-BbUbrg-- <- cssnano-preset-default 6.1.2 (7.0.9 is available)
+ nodelite-2-1cDNdwJ2Jaohmb3sg4OmKaMBwuC48sYni5HUw2DvsC8LjGTLK9h-eb1X6RyuOHe4hT0ULCW68iomhjUoKUqlPQ-- <- has-symbols 1.1.0
+ nodelite-2-1CPmv8iobE2fyRMV97dAcMVegvvWKxmq94hkLiAkUGwKVTyDLw33K-ZxiFrREKmmps4rIw6grcCFCnTMSZ-YiA-- <- browserslist 4.24.3 (4.28.8 is available)
+ nodelite-2-1DuwbVvADvS5mGnXbE-c9NfA8QRcZ6iKquqjjmR10k6o-zzsRVesil54DKexiowcFCPdr-Q0qaMgB01-SQ1u6g-- <- @webassemblyjs/wasm-edit 1.12.1
+ nodelite-2-1F05O7AYjymAtqbsFETboN1NvBdcnzMerO-zlMyJBEz6WkMdejvGWw9p05iTSjC85RLlBseHHQpYaM4gzJkBGg-- <- @babel/plugin-transform-block-scoping 7.25.9 (8.0.1 is available)
+ nodelite-2-1FlR-gjXK7X-AsAHso35MnyN5KqGwJRi-31ft6x0M194ht7S-rWAvd7PHss9xSKMzE0asv1pyIHaJYq-BbacAQ-- <- onetime 6.0.0 (7.0.0 is available)
+ nodelite-2-1fmkBaCALD72CK2a9i468mA--tr9-1cBxRRMXOUaZqO43oWPR5imcyPjXwuv7PXbCid4ndlP5zWhidQVVa3hmA-- <- postcss-font-variant 5.0.0
+ nodelite-2-1fqeluvxgnn86MOh66u8FjbtJpAFv5wgCT9Iw8rcBqQcCo5tO8eiJw7NNTrvt9n4CRBVq7CstiS922oPgyGLrw-- <- decompress-unzip 4.0.1
+ nodelite-2-1fygroTLlHu66zi26VoTDv8yRgm0Fccecssto-MhsZ0D-DGW2sm8E8AjW7NU5VVTRt5GxbeZ5qBuJr-HyLYkjQ-- <- picocolors 1.0.0 (1.1.1 is available)
+ nodelite-2-1gxPBJpI-pcjQhKgIU91II6Wkay-dLcN3M6rf2uwP8hRur3HtQXjVrdAK3sjC0piaEuxzMwjXChcETiJl47lAQ-- <- dot-prop 9.0.0
+ nodelite-2-1h-Lnq9yajKY2PEbBadPXj3VxsDDu844OnaAo52UVmIzIvwwtBPIuNvkjuzBlTWpfJyUbG3ez0KSBibQkj4ojg-- <- tunnel 0.0.6
+ nodelite-2-1JGu8oCjVXLa9q9rFTo4MbeeA5FMe00-9C7lN4va606Rdb-HkxXtXsmEDrIraQ11fGz-WvKWa8gMuCKkrXpTsQ-- <- postcss-page-break 3.0.4
+ nodelite-2-1kervM2cnlgPs2a8Vt-Qbe5cQ--N7rkYo-2rz2BkqJZIHQwaVuJgQH38REHrAi4uM0b1fqxMkWYmese94iMp3w-- <- postcss-color-hex-alpha 10.0.0
+ nodelite-2-1KP64yqDPQ3rupxNv7oXhf7KdhHHgaqbKuspVoiN93TT0xrBjql-Svjkdjq-Qh-7GSMmgQs3AfvBT0heE35thw-- <- zod-validation-error 3.4.1 (4.0.2 is available)
+ nodelite-2-1KROIZWo6bcMrZEwiH2UrXDyalAa0uqzWCxCJj6lPOvTve2WkfgCytoDTPaMnodXh1WrXOq0haVYHj99ynJlsg-- <- unist-util-visit-parents 3.1.1 (6.0.2 is available)
+ nodelite-2-1lfMEm2IEr7RIV-f4lUNPOqfFL-pO-Xw3fJSqmjX9AbXcXcYOkCe1P6-9VBZB6n94af16NfZf-sSk0JCBZC9aw-- <- whatwg-url 14.0.0
+ nodelite-2-1m0bIFVc7eJWyve9S0RnuRgcQqF-Xd5QsUZAZeQFr1Q3-p9JWoQQEqmVy-DPTNpGXwhgIetAoYF8JSc33q29QA-- <- @types/http-cache-semantics 4.0.4 (4.2.0 is available)
+ nodelite-2-1nELpMV40JDLJ6rpVVFX48R1jsBFIQ6RnEQDsLFGmzOjPWTOMlZqUcXcvRx8VmYV-TqnS1l784Ofz-ZEb-wEOQ-- <- @docsearch/css 3.8.3 (4.5.3 is available)
+ nodelite-2-1nh45deeb5olNY7eX82BkPO7SSxR5SSYJiPTrTdFUVYwAl8CKMA5N9PjTYkHiRjisVcxcQ1HXdLhx2qxxJzLNQ-- <- nice-try 1.0.5
+ nodelite-2-1NNCs6uurfkVbeXG4S8JFT9t19m45ICnif8zWLd5oPSZ50QnwMfK-H3jv408d4jw-7Bttv5axS5IiHoLaVNHeQ-- <- postcss-value-parser 4.2.0
+ nodelite-2-1oIoAsODUs6IHQZkLQGO15uGEbK3EAl5wi9SS8hs45VgsxQfMnxvt-L-zIr7ifZFIH14cfAeVe2uCTa-SPRa3g-- <- postcss-merge-idents 6.0.3
+ nodelite-2-1orQ9MT1vHFGQxhuy7E-0gECD3fd2fCC-PIX--jgmU-gI3EpRocXtmtvxCO5x3WZ443FLTLFWNDjl5MPJf9u-Q-- <- oauth 0.10.0
+ nodelite-2-1OSmLd3awB-t8qdoEOMazZkNsfVTeY4fTsgzcQFdXNq8ToTN4ZGwrMnlda4K6smTFKD-GRV6O48i6Z4iKgPPpw-- <- remark-stringify 11.0.0
+ nodelite-2-1pC6N8qWJbWoPtEjgcL2xyhQOP491EQjeUo3qTKcmV8YSDDJrOepfG8pcC7h-QgnQHYSv0mJ3Z-ZWxmatVrysg-- <- is-finalizationregistry 1.1.1
+ nodelite-2-1PI-WPZ5TWXrfj3CIoKyUycYynYJgZjuQo8U-sphneOtjsgrttYybdqESFReQrdWJ-LKt6NEdbYzmmfDBmjX2A-- <- @smithy/eventstream-serde-config-resolver 4.1.0 (4.3.8 is available)
+ nodelite-2-1POYv7uv2gXoyGFpBCmpDVSNV74IfsWlDW216UPjbWufNf-bSU6GdbDsxdcxtfwb4xlI3yxzOTKClUosxARYrQ-- <- speakingurl 14.0.1
+ nodelite-2-1Qed0-Hr2m-YqxnM09CjA2d-i6YZNfF6R2oRAOj36eUdS6qIV-huPJNSEpKbupewFs-ZsJlxsjjPbc0-afW6Lw-- <- is-map 2.0.3
+ nodelite-2-1qerRejLSYxEWdyVPLDMMeKFPLA-37yZAsdwJy9ThHFQR78-v3b5spSbk67VHGLr2mAn4FVHu0aGJ6p7iWotSg-- <- docusaurus-plugin-typedoc 1.4.2
+ nodelite-2-1Qhm9e0RbS1Xf4CZqUbQyUMkDLd7GrsRXWIvm9b86-vgeV8-WnjO3CMue9D51nYgcyQORhYXv6uVjAYCWbUExA-- <- @aws-sdk/fetch-http-handler 3.272.0
+ nodelite-2-1qny3OExCf0UvUV-5wpYKf2YwPcOqXzkwKKSmKHiE6ZMQs5heeE-c8eXK-PNllPvmjgAbfnsbpkGZWy8cBpn9w-- <- redis-errors 1.2.0
+ nodelite-2-1rXeuUUiGGrykh-CeBdu5Ie7OJwinCgQY0bc7GCRxy5xVHy-moaqkpL-jqQq0MtQOeYcrqEz4abc5f0KtU7W4A-- <- color 4.2.3 (5.0.2 is available)
+ nodelite-2-1UBwzgYiCIDFs8A0rM2QdBFo8Wd8UQ0HrSTu-MNI--2zN3NoHRj2fhplurAyuxTYUXu3Oohugq1jAn5s05u1MQ-- <- log-node 8.0.3
+ nodelite-2-1uEe95xksV1O0CYKXo8vQvN1JEbtJp7lb7C5U9HMsIp6IVwntkH-oNUzyVNQSd4S1sYk2FpSSW44FqMc8qee5w-- <- upath 2.0.1
+ nodelite-2-1uRHzPB-Vzu57ocybfZ4jh5Q3SdlH7XW23J5sQoM9LhE9eIOlzxer-3XPSsycvih3rboRsvt0QCmzSrqyOYUIA-- <- tailwindcss 3.4.6 (4.1.18 is available)
+ nodelite-2-1UWOyC50xI3QZkRuDj6PqDtpm1oHWtYs-NQGwqL-2R11eN3Q81PHAHPM0SWW3BNQm53UDwS--Jv8L4CCVLM1bQ-- <- ast-walker-scope 0.6.2
+ nodelite-2-1v7fgQRj6hnSwFpq1Eu0ynr-CDEw0rXo2B61qXrLNdHZmPKgb7fqS1a2JwF0rISo9q77jDI8VMEHoApn8qDoZA-- <- character-entities-html4 2.1.0
+ nodelite-2-1VKTZJCwBrvbd-Wn3AOgQP-2Av-TfTCOlE4AcRJE72W1ksZXbAx8PPBR9RzgTeSPzlPMHrbANMH3LbltH73wxQ-- <- get-tsconfig 4.13.0
+ nodelite-2-1vUQX-IdDMVPj4k8kOxgUqlcK518yluMuGZwqlr44FS1ppZB-5GWh4rZG89erpOBOJjU-OBsnCVFfapsRz6nEA-- <- jose 4.15.9 (6.1.3 is available)
+ nodelite-2-1W07cM9gS6DcLperZfFSj-bWLtaPGSOHWhPiGzXmvVJbRLdG82sH-Kn8EtW1VqWVA54AKf2h5k5BbnIbwF3h6w-- <- bl 4.1.0 (6.1.4 is available)
+ nodelite-2-1XMJE5fQo1jGH6Y-7ebnwPOBEkIEnT4QF32d5R1-VXdXveM0IBMJt8zfaxX1P3QhVwrYe-576-jkANtSS2mBbw-- <- stackback 0.0.2
+ nodelite-2-1y1ucxTtTIGDSNSNxriQY8msinilhe9gGvQpUDYW9gboyC7WQJPDw66imy258V6osdtdi-xoHzVCbCz3WhosMQ-- <- @aws-sdk/credential-provider-sso 3.782.0 (3.972.2 is available)
+ nodelite-2-1y6DgTy8Jomcpu33N-p5w58l6xyt55Ar2I91RPiIA0xCJBXyUAhXCcmZaDWSANiha7R9a6qJJ2CRomGPZ6f46g-- <- @octokit/types 14.1.0
+ nodelite-2-1yD6RmLI1XBfxugvORwlck6f75tYL-iR0jqwsOrOxMZyGYqUuDhJ0l4AXdO1iX-FTs9cBAMEk1gWSEx1kSbylg-- <- find-up 3.0.0 (7.0.0 is available)
+ nodelite-2-1Yjs2SvM8TflER-OD3cOjhWWOZb58A2t7wpE2S9XfBYTiIl-XFhQG2bjy4Pu1I-EAlCNUzRDYDdFwFYUKvXcIA-- <- @aashutoshrathi/word-wrap 1.2.6
+ nodelite-2-1ymej8b5LouPx9Ox0Dw-qAO2dVdfpRFq28e5Y0jJEU8ZrLdy0vOSkkIInwmxErFGhg6SALro60ZrwYFVTUDo4Q-- <- conventional-commits-filter 3.0.0 (5.0.0 is available)
+ nodelite-2-1zbWpsZkChnemJsRm-G2EyjuPueNPkjBEfp08ET1uCv0CUL-5AK1IZvFtEsw7ZyEqojIydye3mwt6k8isULj4A-- <- @tsconfig/node-lts 18.12.2
+ nodelite-2-1ZJTZebgqllO79ue2bm3rIGud-bOe0pP5BjSRCRxxYkEZS8STV7zN84UBbiYu7jy-eCKSnVIUgoWWE-tt-shMQ-- <- @jridgewell/source-map 0.3.6 (0.3.8 is available)
+ nodelite-2-1zL-9AjNk6fNcCp5krt3HxM80kFr-MskqH2Gbz60GzXsjsAVZ38xM5WFVZMEPL8VbmTqDvBiwPm7HvK972lADg-- <- @ark/schema 0.36.0
+ nodelite-2-2-1thGUUWWjLTYTHZWK1n8Yga0ijBz1XAhUXcKy81rd5g6yh7hGqMp45v7cadSbEHc9G3OTv45SyneRN3ps4DQ-- <- @babel/helper-compilation-targets 7.27.2 (8.0.0-beta.0 is available)
+ nodelite-2-2-AwEFQDFEy30iOLjrvHDIH7e4HEWH-f1Yl1bI5XMqzuoCUqwYCdxachgsgv0og-JdVZUhbfjcJAoHj5L1753A-- <- type-fest 4.35.0 (5.4.1 is available)
+ nodelite-2-2-DEJbNBoPROPkgTDNe8-1YXWcqxbN5DTjASVIOx8HS-pITXushyNiBV56RB08zuptzz8gT3YfkqriTBVycepg-- <- @rollup/plugin-inject 5.0.5
+ nodelite-2-2-kNscPhpcxrOigMZzbiWF7dz8ilhb-nIHU3EyZiXWXpeq-au8qJ8VhdftMkty3n7Gj6HIGalQG8oiBNB3AJgA-- <- cacheable-lookup 5.0.4 (7.0.0 is available)
+ nodelite-2-2-QbHjFRfGB74v-pYWjd5OhU3TDIC2Gv-YKUTk-tCvAz0pkn-Mz6P3uByuBimLOcPvN2jYdScl3xGFSrx0jEcA-- <- get-pkg-repo 4.2.1
+ nodelite-2-24e6ynE2H-OKt4kqsOvNd8kBpV65zoxbA4BVsEOB3ARVWQki-DHzaUoC5KuON-BiccDaCCTZBuOcfZs70kR8bQ-- <- react-is 16.13.1 (19.1.0 is available)
+ nodelite-2-25g5atgiVNTIv0LBDTg1H74Hvayx0ajtJPLLcYE3whFv75J0pWNtOBzaXJQgDTmrX1bx5U9YC2w-n65BN1HwRQ-- <- @types/http-proxy 1.17.15
+ nodelite-2-26lTNXoVRdAnsaDXPpvCNUq-OVWEVC6bx7Vvz9rC53F2bagUWW4u4ii2-h8Fejfh7RYqPxn-libeFBBck9muEw-- <- @babel/plugin-transform-arrow-functions 7.22.5 (8.0.1 is available)
+ nodelite-2-28iF6xPQrP8Oa6uxE6a1biz-lWeTOAPKggvjB8HAs6nVMKZwf5bG--632Dx614hIWgUPkgivRfG-a8uAXGTIbA-- <- pretty-time 1.1.0
+ nodelite-2-28kbwaBjc5yAI1XadbdPYHX-eDnqaUFVikLwrO7FDnKG7lpgxnvk-XGRhX-PN0mOZ-dBSZ-LgunHS-6tYQAzhA-- <- micromark-factory-whitespace 2.0.0 (2.0.1 is available)
+ nodelite-2-29FkPLFjn4TPEa3RE7GpW-qbE8tlsu3jntNYNfcGsc49LphF1PQIiD-vMZ1z1xVOKt-93khA9tc2JBs3kBjA7w-- <- @babel/helper-create-regexp-features-plugin 7.22.15 (8.0.1 is available)
+ nodelite-2-2Ac2RgzDe-cn48GvOe3M-o82pEFewD3UPbyoUHHdKasHwJKjds4fLXWf-Ux5kATBKN20oaFGu-jbElp1pos0mg-- <- tsconfig-paths 3.15.0 (4.2.0 is available)
+ nodelite-2-2BjRTZxTPvheOvGbBslFSYOUkr-SjPtOnrLP33f-VIWLzezQpZcqVg7ja3L4dBXmzzgwT-a029jRx5PCi3JuiA-- <- abstract-logging 2.0.1

Done in 1.8s
