Progress: resolved 1, reused 0, downloaded 0, added 0
Packages: +250
++++++++++++++++++++++++++++++++++++++++++++++++++++++++++++++++++++++++++++++++
Progress: resolved 250, reused 0, downloaded 250, added 250, done

dependencies:
+ nodelite-2-JgvFtb0R8tFyGRRzPZhX4mX-bgllh0v8WP7VxlRXWrh829ONZCi-Bv8OGH4QeQjmFIvZ7hgdQBRXHPf2TYgvsA-- <- eslint-config-next 15.4.11
+ nodelite-2-Jl-bCv8HxKnlTLVrcDE8zTMJ09R9-ukw4qBs-oZClOfoQk-cOTbDn-NceXfV7j09YPVQUryJPHurafcSg6EVKA-- <- @radix-ui/react-slot 1.2.4
+ nodelite-2-JlCMO-ehdEIKqlFxk6IfVoAUVmgz7cU7zD-h9XZ0qzeosSHmUJVOzSQvvYSYWXkFXC-IfLKSIffhv0sVZup6pA-- <- undici-types 5.26.5 (8.3.0 is available)
+ nodelite-2-JmQSYYpPUqX5Jyn1mXaRwOda1uQ8HP5KAT-oDSLCzt1BYRhQU0-hDtsB1ufZfEEzMZ9aAVmsBw8-FWsIXlClWw-- <- minipass-flush 1.0.5
+ nodelite-2-JmXMZ6wuvDmLiHEml9ykzqO6lwFbof0GG4IkcGaENdCRDDmMVnny7s5HsIgHCbaq0w2MyPhDqkhTUgS2LU2PHA-- <- imurmurhash 0.1.4
+ nodelite-2-Jrb8sLm6k8-L7520irBrvCtdLxNtrG7arIxe9TCeMJt-HxqMGJdbIjw8wILzkEHLMIi4MecF2FbXCln7OT1Tag-- <- @aws-sdk/credential-provider-ini 3.972.2
+ nodelite-2-Js0m9cx-qOgDxo0eMiFGEueWztz-d4-M3rGlmKPT-T4IS-jP4ylw3Nwpu6cpTTP8R1MAC1kF4VbdLt3ARf209w-- <- update-browserslist-db 1.2.3 (1.3.2 is available)
+ nodelite-2-JsXDL70gQ-1Vc2W-KUFfkAJzgb4puKwwKehNLuB-HrNKWf91O736kGfxn4KujXCCSuh6mRRL4XEB0PkAFjWS0A-- <- @cacheable/utils 2.3.3
+ nodelite-2-Jt0vHyM-jmUBqojB7E1NIYadt0vI0Qxjxd2TErW94wDz-E2LAm5vKMXXwg6ZZBTHPuUlDgQHKXvjGBdfcF1ZDQ-- <- brace-expansion 2.0.2 (5.0.9 is available)
+ nodelite-2-K-BG6eIky-SBpzfHZv-dd-9JBFiS4SWV7FIujVyJRux6e45-73RaUHXLmIR1f7WOMaQ0U1km6qwklRQxpJJY0w-- <- reselect 5.1.1
+ nodelite-2-K0kHzM6afW-MbeWYWLjoHQv1sgg2Q9EccHEDzSkxiP-EaagNzCm7T-WMKZ3rjMbvIpvBiZgwR3dKMygtA4mG1Q-- <- micromark-util-classify-character 2.0.1
+ nodelite-2-K1A6z8tS3XsmCMM86xoWdn7Fkdn9m6RSVtocUrJYIwZnFVkng-PvkEoWtOWmP-Scc6saYWHWZYbndEEXxl24jw-- <- @asamuzakjp/css-color 3.2.0 (6.0.7 is available)
+ nodelite-2-K4jVyjnBdgvc86Y6BkaLZEN933SwYOuBFkdmBu9ZfkcAbdVbpITnDmjvZ-aQjRXQrv5EPkTnD1s39GiiqbngCw-- <- which-collection 1.0.2
+ nodelite-2-K5pXYOm9wqY1RgjpL3YTkF39tni1XajUIkawTLUo9EZEVUFga5gSQJF8nNS7ZwJQ02y-1YCNYcMh-HIf1ZqE-w-- <- is-weakmap 2.0.2
+ nodelite-2-K5zQjDllxWkf7Z5xJdV0-B0WTNqx6vxG70zJE4N0kBs4LovmEYWJzQGxC9bS9RAKu3bgM40lrd5zoLJ12MQ5BA-- <- raw-body 3.0.2
+ nodelite-2-K7Juri8gtgXVcDfZttFKVmhglp7epKb1K4pgrkLxehjqkrgPhfG6OO8LHLkfaqkbpjNRnra018XwAr1yQFWGcA-- <- postgres-date 2.1.0
+ nodelite-2-K8wx7eJ5TPvEjuiVSkv167EVboBDv9PZdDoF7BgeQnBLVvZWW9clr2PsQHVJDTKaEIH5JBIwHujGcHp7GgI2eg-- <- jsonwebtoken 9.0.1 (9.0.3 is available)
+ nodelite-2-Ka-9Trutv7G8M6WT6SeiRWz792K5qEqIGEGzXKhAE6xOWAY6pPH8U-9IY3oCMv6kqTmLsv7Xh-2w2RigkePMsg-- <- class-variance-authority 0.7.1
+ nodelite-2-KaFVRjoqLyF6YXCbVLNad-eS4-OfPQQn2yOd7zF-h5T-CSL2v8NpN6a5TPvtbXthAGw5nG-PuTtq-DdIZr-cRQ-- <- unist-util-position-from-estree 2.0.0
+ nodelite-2-Kcj-TagJLwoY-5w9JGEFV0dclQdyqw9-VMndxOJKtoFSjfZhLXhYjzsQEeyza03rwHx2vFEGvrJWJBXKleRvZg-- <- @typescript-eslint/type-utils 8.26.1
+ nodelite-2-Kd6kAHTA6-nUpp8mySPqj3en3dm0tdMIgbttnQ1xFMVpufoj-ADi8pXLBsd4xzTRHQa7t-Jv8W5UnCuW4kuWMQ-- <- @reduxjs/toolkit 2.11.2
+ nodelite-2-KHPsfX-FoVbUGbyYvk1q9MMQHLPeRZhRJZdO45Q4YjvFkv4hMNghCWTvy7rdKessBsmtz4euWCWAB6-tVpI1Iw-- <- @types/tedious 4.0.14
+ nodelite-2-KIL7eQPfHQRC8-XluaIw7BHUwwqL19bQn4hzNgdr-1wXoU0KKj6rufu47lhY7KbJR2C6T6-PfyN0Ea7wkSS-qQ-- <- has-proto 1.2.0
+ nodelite-2-KIN-nDJBQRcXw0MLVhZE9iQHmG68qAVIBg9CqmUYjmQIhgij9U5MFvrqkUL5FbtyyzZuOeOt0zdeRe4UY7ct-A-- <- dunder-proto 1.0.1
+ nodelite-2-KIy5nylvC5le1OdaaoCJ07L-8iQzJHGH6pWDuzS-d07Cu7n1MZ2x26P8ZKIWfbK02-XIL8Mp4RkWeqdUCrDMfg-- <- strtok3 10.3.4
+ nodelite-2-KIYLCCJghfHZxqjYBE7rEy0OBuTd5xCHS7tHVgvCLkx7StIoaxwNW3hCALgEUjFfeRk-MG-Qxmp-vtETEF3tRA-- <- is-inside-container 1.0.0
+ nodelite-2-KK8xQ1mkzZeg9inewmFVDNkg3l5LUhoq9kN6iWYB-CC9YMG8HA-c1Q8HwDe6dEX7kErrEVNVBO3fWsVq5iDgtw-- <- untildify 4.0.0
+ nodelite-2-Kl9Bc6D0zTUcFUvkNuQh4eGXPKKNDOJQXVyyM4ZAQPMveniJdxi8XMJwLo-xSoW3MIq81bD33lcUe9kZpl0MCw-- <- @babel/plugin-transform-destructuring 7.28.5 (8.0.1 is available)
+ nodelite-2-KmfKL3b6G-RXvP8N1vr3Tq1kL-oCFgn2NYXEtqP8-L3pKapUA4G8cFVaoF3SU323CD4XypR-ffioHmkti6-Tag-- <- esrecurse 4.3.0
+ nodelite-2-KMReFUr0B4t-D-OBkjR3KYqvocp2XaSzO55UcB6mgQMd3KbcE-mWTyvVV7D-zsdEbNnV6acZUutkiHQXvTr1Rw-- <- anymatch 3.1.3
+ nodelite-2-Ko0uX15oIUS7wJ3Rb30Fs6SkVbLmPBAKdlm7q9-ak9bbIeFf0MwuBsQV6z7-X768-cHsfg-WlysDWJcmthjsjQ-- <- bignumber.js 9.3.1
+ nodelite-2-KPA58d68KgGil15oDqXjkUBEBYc00XvbPj5-X-dyzeo-lWm9Nc25pQRlf1D-gv4OpK7NM0J1odrbu9JNNGvynA-- <- multipasta 0.2.7
+ nodelite-2-KpNARQA3Iwv-jTA0utUVVbrh-Jlrr1Fv0e56GGzAFOXN7dk-FviaDW8LHmK52DlcH4WP2n6gI8vN1aesBFgo9w-- <- lru-cache 5.1.1 (8.0.5 is available)
+ nodelite-2-KQQR9yN7R5-OSwaK0XQoj22pwHoTlgYqmUscPYoknOoWCWfj-5-ABTMRi69FrKU5ffPVh5QcFikpWJI-P1ocHA-- <- tinyexec 0.3.2 (1.0.2 is available)
+ nodelite-2-Kr-LPIUVKz2qkx1HAMH8q1q6azbqBAsXJUxBl-ODDuVPX45Z9DfwB8tPjTi6nNZ8BuM3nbJxC5zCAg5elnBUTQ-- <- @eslint/eslintrc 3.3.3 (3.3.7 is available)
+ nodelite-2-KrMOL-sH69htCIXCaZ4JluJ35bchuCCznyPyrbN8JXSGQfwBI1SuIEMZNwvy8L8ykj29t6sa5BAAiL7fNoLZ8A-- <- @stripe/stripe-js 4.10.0 (7.3.1 is available)
+ nodelite-2-Kvp459HrV2FEJ1CAsi1Ku-MY3kasH19TFykTz2xWmMeq6bk2NU3XXvfJ-Q61m0xktWwt-1HSYf3JZsTms3aRJg-- <- convert-source-map 2.0.0
+ nodelite-2-Kwqwc-jSSlcpRjULAOVbndqEy2GBzo6OBmmuBVINWUaJLJ8Kczz3vIsDUWLfWz-kTEw9FHBSiL0WCtYLVAXSLg-- <- sass-embedded-linux-x64 1.97.3
+ nodelite-2-KyLTWwgcR9Oe4d9HwCwNM2l7-J0dUQwn-yf7S0EnTtb0eVS4RxO0eUSvxPtzT4F3SY-C4K6fqdv-DO27sJ-v-w-- <- sharp 0.32.6 (0.34.5 is available)
+ nodelite-2-KZxYo1BUkWD2TVFLr0MQoM8vUUigWD3LlD83a-75BqC-4qE0Hb1Vo5v1FgcfaNXvfXzr-5EhQ6ing-CaBijTlw-- <- minizlib 3.1.0
+ nodelite-2-L-B1lc-TViYk4DcpGxtAVbx0ZyiKM5ktoIyafGkH6zg-tj-mA-NE--aPYKG0k8kCHSHVJrpLpcAlOBEXQ3SavA-- <- @emotion/cache 11.14.0
+ nodelite-2-L-gAA-hyCSuzTF1ftlzUSI-IKr2POHsv1Dd78GfqkR83KMNuswWD61JxGV2L7nRwBBBSDr6R1gCkdTmoN7W4ag-- <- @rolldown/pluginutils 1.0.0-beta.11 (1.0.0-rc.3 is available)
+ nodelite-2-L18DaJsXSUk2-42pv8mLs5jJT2hqFkFE4j21wOmgbUqsZ2hL72NsUU785g9RXgo3s0ZNgVl42TiHp3ZtOv-Vyg-- <- emoji-regex 9.2.2
+ nodelite-2-L1kSeviUWL-emq3CUVSgdogoM-D9QMFaqxL-dd0X7PCNWmPXqt-ExtrBjqT0V7HLN03Vs9SuiLrG3zy3JGnE5A-- <- @smithy/querystring-builder 2.2.0 (4.2.8 is available)
+ nodelite-2-L1qpleXf9QD6LwLCJ5jddGkgWyuSvWBkJwWAZ6kFkdifdso-sk3L3O1HdmPvCdnCK3IS4qWyPxev01QMnfHSBw-- <- @smithy/util-middleware 2.2.0 (4.2.8 is available)
+ nodelite-2-L8jSWTze7K2mTg0vos-RuLRS5soomksDPoJLXIslC7c8Wmut3bx7CPpJijDcBZtxQ5lrbUdM-s0OlNbz0DCDNw-- <- eslint-module-utils 2.12.1
+ nodelite-2-LA4ZjwlnUblHVgq0oBF3Jl-6h-Nvs5fzBLwdEF4nuxnFdsfajde4WfxtJr3CaiH-F6ewcIB-q4jQ4UzPyid-CQ-- <- node-gyp-build 4.8.4
+ nodelite-2-LaNjtRWUBY--zB5nE-NwcaoMylSPk-S-ZHNB1TzdbMJMny6dynpAGt7X-tl-QYq3TIeE6nxHppbo2LGymrG5Pw-- <- p-locate 5.0.0 (6.0.0 is available)
+ nodelite-2-LB-3xiNzc034zHfCtgs4ITWhq6Xvdo8bsq7amR058jZlf2aXXDrN9SV4si4z2ya9QX4tz6r4eZJwDkXOp14-AQ-- <- @opentelemetry/instrumentation-kafkajs 0.7.0
+ nodelite-2-Lbgzdk0h4juoQ9fCKXW4by0UJqj-nOOrI9MJ1sSj4nI8aI2eo1qmvQEie4VD1glsS250n15LsWsYtCugiStS5A-- <- mime-types 3.0.2
+ nodelite-2-LBrd7MiJZ9McsOgxqWX7AaxrDjcFVjWH-tIKJd7pnR7McaslGYOP1QmmiBXdJH-H-yLCT-rcQ7FaPBUxRGUtrg-- <- @date-fns/tz 1.2.0 (1.4.1 is available)
+ nodelite-2-LbrmJOMUSdEVxIKvdcJzQC-nQhe8FUZQTXQy6-I75skNgn3OoQ0DZA8YnFa7gp8tqtL3KPf1kmo0R5DoApeSGQ-- <- source-map 0.5.7 (0.8.0-beta.0 is available)
+ nodelite-2-Lde1oNoIdzVzdkNEAWZ1dZ5orIbff80YPdHx20mrHwHrVNNTjNr8E3xz9BdpcGqRQbAEa-fkrCb-fRFTl-6sQw-- <- @webassemblyjs/leb128 1.13.2
+ nodelite-2-LDJzPVEEEPR-y48z93A0Ed0yXb8pAByGWo-k5YYdYgpY2-2EsOsksJrq7lOHxryrVOn1ejG6oAp8ahvOIQD8sw-- <- path-parse 1.0.7
+ nodelite-2-LDODD4TMYx7XXdpwxAVRAIAuB0bzv0s-ywFonY46k126qzQHT9ygyoa9tncmOiQmmDrik65UYsEkv3lbfqQ3yQ-- <- gaxios 6.7.1
+ nodelite-2-LffYTvPjODiP6PT16oNeUQJzNVyJl1cjIebq-rWWBF-3eDst5JGEFSc5cWxyRCJ0Mxl-KyIkqRxk1XPEs9x8TA-- <- @tailwindcss/oxide-wasm32-wasi 4.1.18
+ nodelite-2-LgQMM4WXU3QI-SYgEc2liRgznaD5ojbmY3sb8LxyguVkIg5FxdpTkvk72te2R38-TGKxH634oLxXRGY6d7AP-Q-- <- enhanced-resolve 5.18.4
+ nodelite-2-LgVTMpQtIopCi79SJeDiP0TfWi5CNEc-L-aRdTh3yIvmZXTnheWpKjSZhnvMl8iXbC1tFg9gdHHDMLoV7CnG-w-- <- lodash 4.17.23 (4.18.1 is available)
+ nodelite-2-LHE-8BuR7RYGDKvnrmcuSq3tDcKv9OFEXQt-HpbZhY7V6h0zlUXutnAD82GiFx9rdieCMjkvtcsPqBwgUl1Iiw-- <- array-buffer-byte-length 1.0.2
+ nodelite-2-LI9u--laYG4Ds1TDKSJW2YPrIlcVYOwi2fUC6xB43lueCjgxV4lffOCZCtYFiH6TNOX-tQKXx97T4IKHbhyHEQ-- <- @jridgewell/remapping 2.3.5
+ nodelite-2-LIPT8Y6EbNaHdV7lS9Ki6nnK0G1fP4bhzlMU1fgbOEJkR-yOA6FCORnPhjbQyeRTjG-ALPXdqCMRxTGwroL9CQ-- <- @hyrious/esbuild-plugin-commonjs 0.2.6
+ nodelite-2-LjdcbuBeLcdETCrPn9i8AYAZ1eCtu4ECAWtP7UleOiZ9LzVxRzzUZEoZ8zB24nhkQnDWyET0I-3sWokSDS3E7g-- <- stable-hash 0.0.4 (0.0.5 is available)
+ nodelite-2-LJWA9kSvMolR51oDE6PN3kALBNaUdkxzAGcexw8gjMA8xr5zUqK0JiR3CgARSqanYF3Z1YHvsErb1KDgh-v7Rg-- <- semver-truncate 3.0.0
+ nodelite-2-LKYU1iAXJXUgAXn9URjiu-MWhyUXHsvfp7mcuYm9dSUKK0-CjtrUwFAxD82-mCWbtLsGjFIad0wIsod4zrTAEQ-- <- xtend 4.0.2
+ nodelite-2-LM424h7aaKcMlqHnQWgTzO-GRNLyjcNnMpqm8SygEtFRVW693XS-XGXYvjORlmJtsyjo84ej1FMb3U2HE5eyjg-- <- @oxc-resolver/binding-linux-x64-musl 11.16.4
+ nodelite-2-LnQR4bZ9IADDRSkvpqMGvt-tEJWclzklNgSw48V5EAaAeDd6qGvN8ei6k5p0tvxSR171VmGyHuTiAOfxAbr8kA-- <- is-stream 3.0.0 (4.0.1 is available)
+ nodelite-2-LOHxIOaPYdHlJRtCQfDIVZtfw-ufM8-rVj649RIHzcm-vGwQRXFt6OPqIFWsm2XEMrNIEtWR64sY1LEKD2vAOA-- <- deep-extend 0.6.0
+ nodelite-2-LpB-54B--2J5hqQ7imZHfdU31OlgQqx7ZicVlkm9kzg9-w8GKLEcFfJl-t7DCEDueOyBAD6zCCwTO6Fzs0NoEQ-- <- isexe 3.1.1
+ nodelite-2-Lpo8kgb-igvMIPeNV2rsYKTgaORYdO1XGVZ4Qz3akwOj0ySGYMPlQWa8BaLn0G63D1aSaAQ5ldR06wCpChQCjA-- <- @types/react 19.2.9
+ nodelite-2-LS9X-dc8KLxXCb8dni79fLIIUA5VyZoyjSMCwTluaXA0o27cCK0bhXkpgw-sTXVpPy-lSO57ilRixqk0vDmtRA-- <- make-dir 2.1.0 (5.1.0 is available)
+ nodelite-2-LsiILbtBETkDz8I9p1dQ0uyRUWuaQzd-cuEeS1hoRSyW5E5XGmTzlwY1OrNzzakGowI9Dr-I8HVaw4hTtnxy8g-- <- unist-util-is 6.0.1
+ nodelite-2-LUd5euvbMLpwOF8m6ivPCbhQeSiYVNb8Vs0fQ8QjXo0JTkEHpz8pxdQf0gStltaPpw0Cca8b39KxvK9cfKRiAw-- <- events-universal 1.0.1
+ nodelite-2-LxccF392NN37ISGxIurUljZSh1YWnphO34V5a0-T7FVQG2u9bhAXRTJpgmQ3483woVhkraQZFF7cbRrpbw-F4Q-- <- @prisma/instrumentation 5.22.0
+ nodelite-2-LYfpUkmqwl0h9A2HL09Mms427Q1RZWuOHsukfVcKRq9q95iQxdw0ix1JQrqbcDR9PH1QDwf5Qo8OZb5lksZ8Xg-- <- which-typed-array 1.1.20
+ nodelite-2-LYJWzXuO2ZjKsvQwrLkNZiS2TsjwYkKjlDgtugzejquTBQ-o-nfSn-MmVx6EkYLOYizaJemmZbz3IBh-u732FA-- <- @lexical/hashtag 0.35.0 (0.36.2 is available)
+ nodelite-2-Lz1J5IZdTjLYTVIcDP5DVDgi1xlgsF3p1cnvmbfKbjCRhQpftN2e2J4NFfRRvPD54W9-bZ8l5VipPXtTYK7aEg-- <- @aws-sdk/credential-provider-node 3.972.2 (3.972.3 is available)
+ nodelite-2-LZA0oaPOc2fVo82Txf3gw-AkEd38szODlptMYejQUhndHMLQ9M059uXR-AfS7DNo0NpINvSqDsvyaCrBVkptWg-- <- tar-fs 3.1.1
+ nodelite-2-M1HQyIXcBGtVywBt8WVdim-lrNaK7VHp99Qt5pSNziXznKHViIBbXWtfRTpEFpF-c4FdfxNAsCCwPp5phBYJtw-- <- array-find-index 1.0.2
+ nodelite-2-M1uQkMl8rQK-szD0LNhtqxIPLpimGm8sOBwU7lLnCpSbTyY3yeU1Vc7l4KT5zT4s-yOxHH5O7tIuuLOCnLADRw-- <- csstype 3.1.3 (3.2.3 is available)
+ nodelite-2-M3BmBhwJRZsSx38lZyhE53Csddgzl5R7xGJNk7CVddZD6CcmwMCH8J-7AprIrQKH7TonKxaCjcv27Qmf-sQ-oA-- <- duplexify 4.1.3
+ nodelite-2-M9-ELqF6fy8FwmkpnF0S3YKOqMyoWJ4-CS5Efg2ct3oY9daQvd-Pc71FpGZsVsbl3Cpb-IIcjBDUnnyBdQbq4w-- <- redux 5.0.1
+ nodelite-2-Ma4zSuYSlGNRlCLO-EAzLnCmJK2vdstgv-n7aUP--IKZrOfWHOJVdSJtuub8RzHTj3ahD37k5OKJWvzf16TQyQ-- <- @babel/preset-env 7.27.2 (8.0.2 is available)
+ nodelite-2-MADQgmZT1eKjp06jpI2yozxaU9uVs4GzzgSL-uEq7bVcJ9V1ZXQkeGNql1fsSI0gMy1vhvNTNbUqrx-pZfJVmg-- <- @tokenizer/inflate 0.2.7 (0.4.1 is available)
+ nodelite-2-MAQUJuIo7Xqk8EVNP-6d3CKq9c80hi4tjIbIAT6lmGW9W6WzlHiu9PS8uSuUYU-Do-j1baiFp3H25XEVxDIG2g-- <- inspect-with-kind 1.0.5
+ nodelite-2-MbjN408fEndfiQXbFQ1vnd-1NoLDsnQW41410oQBXiyXDMYH5z505juWa4KUE1LqxRC7DgOgZDbKLxHIwm27hA-- <- language-tags 1.0.9
+ nodelite-2-MbkQQ2CTiBMlA2Dm-5cY-9SWFEN8pzzOXi6rlM5Xxq0Yqbda5ZQy9sU75a673FE9ZK0Zsbr6Y5iP6u9nktfg2g-- <- minipass-sized 1.0.3
+ nodelite-2-Mcc5wHehp9aXz1ax6bZUyY5afg9u2rv5cqQI3mRrYkGC8rW2hM02jWuwjtL--LS5qinSyhj2QfLyNsuc-VsExg-- <- streamsearch 1.1.0
+ nodelite-2-McnNiV1l8RYeY8tBgEpuodCC1mLUdbSN-CYBL7kJsJNInOP8UjDDEwdk6Mw60vdLLrr5NHKZhMAOSrR2NZuQ-w-- <- tunnel-agent 0.6.0
+ nodelite-2-MEzd8HPKxVxVenwAa-JRPwEC7QFjoPWuS5NZnBt6B3pu7EG2Ge0id1oLHZpPJdn3OQK-BQDiw9zStiHBTJQQQQ-- <- @img/sharp-linux-x64 0.34.5
+ nodelite-2-MHzkWQcEmjzzVW9j2q8LGjwGWpG2mjwaaB0BNQwst3FIjqsg8Ct-mIZlvSPJvfi9y2AC8mi-ktxbFVL9pZ1I4A-- <- @babel/plugin-transform-dynamic-import 7.27.1 (8.0.1 is available)
+ nodelite-2-MJYfvHwtGp870aeusDh-hg9apvOe2zmpZJpyt-BMtzUWlVqbhFmMK6bOBXLBUPd7iRtIF9fZplDc7KrPN3PN7w-- <- pg-pool 3.11.0
+ nodelite-2-MjYsKHO5O7mCsmRGxWcLWheFqN9DJ-2TmngvjKXihe6efViPqc274-Fx-4fYj-r03-ESvBdTXK0V6tA3rgez1g-- <- is-regex 1.2.1
+ nodelite-2-MKFs9P6nJ-LAeHLU3V0cODEOgyThJ3OAnmOlsZsxux6sfQs3HRXR5bBn7xG5DjckEFhTAxsXi7k7cd0pCMxpJw-- <- @types/pg 8.10.2
+ nodelite-2-MkKCwxlXTgz6CFoJx3pCwn07GKp36-aZyu-u2Ln2VrA5DcdyCZkASEDBTd8x5whTQQL5CiYf4prXKLcgQdv29g-- <- @radix-ui/number 1.1.1
+ nodelite-2-MmaX6HeSvyPbWGwFq7mXdo0uQZLGBYCwziiLIGq5JVX--bdI3SAq6bP98trV5eTWfLuvsMcIC1YJOF2vfteLFA-- <- @google-cloud/projectify 4.0.0
+ nodelite-2-MMdARuVEQziNTeJD8DgMqmhwR11BRQ-cBP-pLtYdSTnf3MIO8fFeiINEbX36ZdNlfU-7A9f3gUw49B3oQsvwBA-- <- estraverse 5.3.0
+ nodelite-2-MmDBvu0-GmADyQWHolcZuIWffgfnuTo4xpr2I-Qw5Ox0gt-e1Be7oYqJM4te5ylL6mzlcoicnHVDvP27zft8tg-- <- @xhmikosr/decompress 10.2.0
+ nodelite-2-MnA-YT8fwfJPgBx3m60MNqakm30XOkyIoH1y6huTQvC0PwZG7ki8NacLBcrPbNoo8vEZy7Jpuk7-jMO-CUovTQ-- <- agent-base 7.1.4
+ nodelite-2-MpUEN2OodtUzxvKQl72cUF7RQ5EiHsGvSsVG0ia9c5RbWGL2CI4C7EpPS8UTBIplnlzZiNuV56w-FuNxy3ty2Q-- <- supports-color 8.1.1 (9.4.0 is available)
+ nodelite-2-MSjYzcWNOA0ewAHpz0MxpYFvwg6yjy1NG3xteoqz644VCo-RPgnr1-GGt-ic3iJTzQ8Eu3TdM14SawnVUmGE6A-- <- emoji-regex 8.0.0 (9.2.2 is available)
+ nodelite-2-MTfQT-CRQz5g24ayXdjg53V0mhucZth4PESoA5IhvaWVDTOQLfo8qI9vzqHcPsdd2v6sqfTYqF5L-l-pea5Uyw-- <- @smithy/eventstream-serde-browser 4.2.8
+ nodelite-2-Mti-f9lpJNcwF4tWV8-OrTTtF1gZi-f8FqlyAdouralcFWFQWF2-NgCHShjkCb-IFBLq9buZwE1xckQU4peSuQ-- <- chalk 2.4.2 (5.6.2 is available)
+ nodelite-2-MTyJk98sHvSs-cvZ4nOauwTTG1JeonDjSGvGGUNHreGQns-Mpt6WX-dVzWBHgg-dYZhkC4X-zTDfkTU-Vy9y7Q-- <- @babel/plugin-transform-duplicate-keys 7.27.1 (8.0.1 is available)
+ nodelite-2-Mw558oeA9fFbv65-y4mHtXDs9bPnFMZAL-jxdPFUpOHHIXX91mcgEHbS5Lahr-pwZFR8A7GQleRWeI6cGFC2UA-- <- @types/chai 5.2.3
+ nodelite-2-MXcSTerfPa4uqyzStbRoTgt5XIe3x5-42-q1sDuy3R5MDk66URdLMOZe5aPX-SQd-kuYAh0FdP-pO28IkQyTeg-- <- uuid 9.0.0 (9.0.1 is available)
+ nodelite-2-MyqliTZGuOm3-5ZRSaaBGP3USLw6-EGykkwZns2EPC5g8jJ4z9OrdZY9apkl3-UP9-sdz76YYkwCKP5gh8iY3g-- <- @emotion/hash 0.9.2
+ nodelite-2-MzHym-wOi8CLUlKCQu12de0nwcq9k9Kuv43j4Wa--CsCpJwps2eeBQwD2Bu8snkxTtDKDx4GwjuR9E8yC8LNrg-- <- @azure/core-rest-pipeline 1.22.2
+ nodelite-2-MzMFlSLBqNF2gcHWO0G1vP-YQyfvrxZ0bF-u7mzUdZ1-xK4A4sru-nraZz5i3iEIk1l1uyicaDVTB4QbbEkAYg-- <- @types/eslint-scope 3.7.7
+ nodelite-2-N-MeXYoqr3pOgn8xfyRPREN7gHakLYjhsHhWGT3fWAiL4IkAt0iDw14QiiEm2bE30c5XX5q0FtAA3CK5f9-BUg-- <- define-lazy-prop 3.0.0
+ nodelite-2-N-wH1vcn4oYawbJ13Y-FxcQrWk63jhfNa7jef0ih7PHSIHX2LB7GWE1rkPrOnka9kwMxb6hMl19p7lidA-EHmQ-- <- @babel/plugin-transform-shorthand-properties 7.27.1 (8.0.1 is available)
+ nodelite-2-N1EhvLtHzOvj7QQOUCCS3NrPJP8c5W6ZXCHDn7Yialuy1iu4r5EmIYkXlKNqT99Ciw-W0mDqWoR6HWMZlFP3hw-- <- @babel/helper-create-regexp-features-plugin 7.28.5 (8.0.1 is available)
+ nodelite-2-N2WFfK12gmrK1c1GXOqiAJ1tc5YE-R53zvQ-t5P8S5XhnmKYVB5eZEiLNZKDSmoG8wqqbF9EXYBBW-nef19log-- <- file-entry-cache 11.1.2
+ nodelite-2-N3WMsuqV66lT30CrXNbEjx4GEwlow3v6rr4mCcv6prnfwhS01rkgyFdjPNBYd9br7LpXV1-Emh01fHnq2Gdgrw-- <- tr46 0.0.3 (6.0.0 is available)
+ nodelite-2-N4SUp-ZWaMGEcglpVFIzKez0GQEiBdfFDgcnqwv9O1mePZgos8N1cZCzNgGtPGo-w0ym04MjJcDnsw1sorEzgA-- <- tstyche 3.5.0 (6.0.0-beta.5 is available)
+ nodelite-2-N7kHdlgsO-v-iD-dMoJKtsSqs5Dz-dXZVebRgJw23LDk-jMi-974zyiOYDziY2JPp8xivq9BmUGwIJMiuSBi7w-- <- focus-trap 7.5.4 (7.8.0 is available)
+ nodelite-2-N8SpfPUnUp1bK-PMYW8qSWdl9U-wwNWI4QKxOYDy9JAro3WMX7p2OeVRF9v-347pnakNevPmiHhNmZ2HbFA76w-- <- nanoid 3.3.11 (5.1.6 is available)
+ nodelite-2-N8uEMrMPL0cu-bdboEWpQYb-0i2K5Qn8eCsxzOmxSggJbbQte7ljMRoXm917AbntqTGOzdTu-vP3KOOzoC70HQ-- <- @corex/deepmerge 4.0.43
+ nodelite-2-N9iozRybwAQ2dn9Fot9kI6-w9vos2oTXLhtK7ovGqwZjlOcxu6XhPlpLpC-INsxktqHinn5gS2DXDjDF2kG5sQ-- <- @smithy/invalid-dependency 4.2.8
+ nodelite-2-NBdYIb90J7LfOI32dOewKI1r7wnkiH6m920puQ3qHUeZkxNkQiFnXVWoE6YtFSv6QOiPPf7ys6i-HWWecDz7sw-- <- @poppinss/dumper 0.6.5
+ nodelite-2-Nc3IT5yHzflTfbjgqWcCPpo7DaKy4FnpB0l-zCAW0Tc7jxAiuqSxHasntB3D7887LSrA93kDJ9IXovxJYxyLCA-- <- pluralize 8.0.0
+ nodelite-2-NcdALwpXkTm5Zvvbk7owOUSvVvBKDgKP5-ewfXEznmQFfs4ZRmanOeKBTjRVjka3QFoN6XJ-9F3USqfHqTaU5w-- <- is-buffer 1.1.6 (2.0.5 is available)
+ nodelite-2-NcV1JjO5oDzoK26oMzbILE6HW7uVXOHLQvHshBUW4UMdZGfiY6v5BeQwh9a9tCzv-CeefZQHJt5SRgK154RtiA-- <- @types/d3-ease 3.0.2
+ nodelite-2-Ne2YiiGN8bmrmJJEuTWTLJR32nh-JdL1-PSicowtNb0WFpn59GK8-lfD61bVtzguz7b3PBt74nxpv-Pw5po5Rg-- <- type-fest 0.7.1 (5.4.1 is available)
+ nodelite-2-NEgUnEcBiP5HrPzufUkBzJOD-Sxsco3rLNo1F1TNf7ieU8ryUzBhqba8r756CjLX7rn3fHl6iLEwPYuqpoKgQQ-- <- google-logging-utils 0.0.2
+ nodelite-2-Nem3jZ6G9AJEBzzDVvwSKV-wLdpADz8LDg-woo9diJTHj1FOjWNzCwb8wMxpEFLM88TWv5Tq8Z1mQepNmC5WIQ-- <- @uploadthing/shared 7.1.1
+ nodelite-2-NGbfmJBp9x8IxyJSd1P-otYK8vonoJactOogrVfFRIAEY1ukil8RSKDz2Yo7wh1oihl51l-r6W4epkeKJHqL8A-- <- global-modules 2.0.0
+ nodelite-2-Nh5PhEOeY6PrnxNPsEHRr9eimxLwgLlpmguQaHKBinFYA-RU9-kOYVOQqOrTsCL-KSxrLLl1gD8Dk5BFW-7l-w-- <- @azure/core-client 1.10.1
+ nodelite-2-NiSupZ4OeuGwr68lGIeym-ksIZMJodUGOSCZ-FSnTxcrekbvqrgdUxlJOMpijaKZVjAJrWrGs-6Jy8OMuyj9ow-- <- escape-html 1.0.3
+ nodelite-2-NK4vN-2Z-GbfGS4BamtbbVk1rcu5RmqaYGiyHJQrA09AoxdZPHDF3W-EhgI0YSK8p3vRo-VNCtbSJFPON7FWMQ-- <- @cloudflare/unenv-preset 2.12.0
+ nodelite-2-NKfW6bec6GfKc0SGx1e07QZY9PE99u0Bft-0rzSD5k3sO-vwkVUpDUKVm5Gpp5Ue3YfShPFTX2070tDs5kB9Ng-- <- find-root 1.1.0
+ nodelite-2-NLKLTT7jnUe9GpQAVkPTJO-cs2FjlQDt5fArIYS7h-Iw-CvamzgGYGFRVD2SE05nOHCMwafUSi42If8esGFV-g-- <- @aws-sdk/credential-provider-process 3.972.2
+ nodelite-2-NM8-P9n3XjXhIZn1lLhkFaACTOURQXjWhV4BA-RnOv8xvgqtqpAX9IO4mRQxSx1Rlo4tqzeqb0sOlruaOy3dug-- <- json-schema-traverse 1.0.0
+ nodelite-2-NMv9ASNARoKksWtsq-SHakpYAYnhBrQgGD8zkLYk-jaK8jUGn08CfEdTRgYhMypUQAfzSP8W6gNLe0q19-t4VA-- <- @types/better-sqlite3 7.6.13
+ nodelite-2-NqADB8VjPFLM2V0VvHUewwwsw0ZWBaIdgo-ieHtK3hasLz4qeCRjYcqfB6AQrBggRKppKF8L52-VqdVsO47Dlw-- <- has-tostringtag 1.0.2
+ nodelite-2-Nqcp-t5cTB8BinFkZgXiMJniQH0PsUt2k51FUhbdfeKvc4ACcG2uQniY-8-h1Yv6Kza4Q7lD7PQV0z0oicE0Mg-- <- @radix-ui/react-dismissable-layer 1.1.11
+ nodelite-2-NQho9U68TGMEU639YkXnVMV3GEFFULmmaWdlu1E9qzyIePOHsoSnagTGSDv1Zi8DCNN6btxOSdgmy5E-hsZwhA-- <- @smithy/url-parser 4.2.8
+ nodelite-2-Nr-hEN-0geQkzhbdgQVPoqr47lZbm-5fCUmO70722xJZd0Mvb59-33QLImGj6F-DkK3xgDi1YVysP8whD6FQAw-- <- @babel/plugin-transform-json-strings 7.28.6 (8.0.1 is available)
+ nodelite-2-Nr1QJIbW-afYYGzYvrF70LtaHrIRtd4TNAglX8BvlfxJLZ45SAmueIKYl5tWoNBPzp65ymXGFK0Bb1vZUpuc9g-- <- @aws-crypto/sha256-js 1.2.2 (5.2.0 is available)
+ nodelite-2-NuAESUOUMrlIXOfHKzD6bpPu3tYt3xvjNdRIQ-FeT0lNb4K8WR70CaDxhuNguS2XG-GjkyMwOzsN5ZktImfhLA-- <- object-keys 1.1.1
+ nodelite-2-NuaNSa6flKT5JaSYQzJok04JzTL1CA6aGhv5rfLW3PgqA-M2ChpZQnAC8h8i4ZFkBS8X5RqkDBHA7r4hej3K9A-- <- queue-microtask 1.2.3
+ nodelite-2-NUH8R4O6FkN8HKMojzbGg-5pNjsfTjlMmeFclyPfPaXXUrbr5TzhWgbf7t92wfrpCHRgpjyz7ffASIS3wX28aA-- <- @smithy/core 3.21.1 (3.22.0 is available)
+ nodelite-2-NuHqBY1PB-D8xU6s-thBgOAiAP7HOYDQ32-BFZILJ8ivkUkAHQnWfn6WhL79Owj1qmUnoN-YPhktdIoucipkAQ-- <- @xtuc/long 4.2.2
+ nodelite-2-NUPRluOfOiTKBKvWPtSD4PhFvWCqOi0BGStNWs57X9js7XGTprSmFoz5F0tWhR4WPjNeR9jXqdC7-UpSJTnlRg-- <- chai 6.2.2
+ nodelite-2-NW2r5T6ksUKXCabzhL9z-h206HQw-NJkcLm1GPImRQ8IzfXwRGqjVhKJGauHirT0DAuyy6hjdnMZaRoAcy0Klw-- <- redux-thunk 3.1.0
+ nodelite-2-NwrtjCg-lZoqhFU8fOwl4ay2ei8PaqCBOUV3-ektPY9trO1yQ1oXEfmHAhKArUVUr-hOHvy5f6AdP17dCM0zMw-- <- slide 1.1.6
+ nodelite-2-NxNv-kLguCA7p3jE8oL2aEBsrJWgAakBpgmgK6lpPWV-WuOmY6r2-zbAVnP-T8bQlA0nzHXSJSJW0Hq7ylaD2Q-- <- prompts 2.4.2
+ nodelite-2-NZQZdC5wOE-H3UT28fVGL-ikOZcEzfMGk-c3iN9UGxzWHMa1op7274oyiUVrAG4B2EuFhus8SvkaYnhvW92p9Q-- <- regjsparser 0.13.0
+ nodelite-2-NZyJarBfL7nWwIq-FDL6Zp-yHEhePMNnnJ0y3qfieCrmNvYct8uvtiV41UvlSe6apAfk0fY1FbWx-NwfmpvtTg-- <- acorn 8.15.0
+ nodelite-2-O000MLDBDdk-EohJPFUqvnp4qnHeYkVP5B0xEG0D-L7cOKP9kefu2DXn8dj74cQfsEzUqh-sr1RzFqiL1o-PpA-- <- @emotion/react 11.14.0
+ nodelite-2-O03wg-IYuV-VtnK2h-KXEt9VIbMUFbk3ERG0Iu4FhLZw0EP0T9znqrYDGn6ncbEsXUFaUjiVAWXHzxwt3lhRPQ-- <- read-installed 4.0.3
+ nodelite-2-O0KqXAix1TcvZBFt1qoFkHMUNJOSgjJTYS7lFTRKSwgsD27bdW2TM2r9R8DAccWFt5Amjkdt-eOwQMIXPGTm8w-- <- @aws-sdk/middleware-signing 3.398.0 (3.598.0 is available)
+ nodelite-2-O4L094N2-dZ7xqVdrXhh9r1KODPJpFms8B5sGdJLPy664AgvXsreZUyCQQNItZRDlYug4xStLjNp-sz3HvBowQ-- <- is-fullwidth-code-point 4.0.0 (5.1.0 is available)
+ nodelite-2-O5kPr7AW7wYd-BBiOezTwnVAnmSNFY-J7hlZD2X5IOxVBetjcHAiTXhzj0gMrnojQlwy-UT1-Y3H3vJ3UlmvLA-- <- http-status 2.1.0
+ nodelite-2-O8jcjabXaleOG9DQ0-ARXWZBTfnP4WNAqzuiJK7ll44AmxGKv-J2M4TPjxjY3znBCfvBXFzucm1twdyFybFqEA-- <- @isaacs/cliui 8.0.2 (9.0.0 is available)
+ nodelite-2-Ob0nuZ3PKt-n0hORHyvoD9uZhr-Za8sFoP-OnMcnWK5lngSzALgQYKMr9RJVOWLqQYuyn6ulqGWSXdwf6F80lQ-- <- micromark-factory-whitespace 2.0.1
+ nodelite-2-OC3ucK988teMf-Ak-O-ZJ0N2ukcgrEurypp8ePyJFWq83VzwRAmHxxr-XxrMpxO-FIwI4a7m-Fzv3tWGJv0wPA-- <- graphql-http 1.22.4
+ nodelite-2-OcRE68cOsVMXp1Yvonl-fzkQOyjLSu-8bhPDfQt0e0-Eb283TKP20Fs2MqoPsr9SwA595rRCA-QMzYc9nBP-JQ-- <- cliui 7.0.4 (9.0.1 is available)
+ nodelite-2-Oei9OH4tRh0YqU3GxhX79dM-mwVgvbZJaSNaRk-bshkj0S5cfHcgYakreBjrHwatXKbz-IoIdYLxrKim2MjW0Q-- <- asynckit 0.4.0
+ nodelite-2-OF8fFQSkbL7vJY9rfuegK1R7sPgQ6kFMkDamiEccNUvieQ-3urzfDFI616oPl8V7T9zRmnTkSjMOImYCAVRVuw-- <- @libsql/hrana-client 0.7.0
+ nodelite-2-OH-2E5Fg20h2aPrbe-QL8JZQFko0YZaF-j4mnQ7BGhfavO7OpSLa8a0y9sBwomHdSbkhTS8TQNayBfnW5DwbvQ-- <- ast-types-flow 0.0.8
+ nodelite-2-OH6lveCFfcDjX4dbAvCFSYUjJZjDr-3XJ3xHtjn3Oj5b9RjojQo8npoLeA-bNwkOkrSQ0wgrHzXk4tDRxGKJeg-- <- @aws-crypto/sha1-browser 5.2.0
+ nodelite-2-OHawaAbjwx6rqICCKgSG0SAnT05bzd7ppyKLVUITZpANBaaMFBAsaNkto3LoQ31tyFP5kNujE8Cdx85G9VzOkw-- <- bowser 2.13.1
+ nodelite-2-OkeFHPlQj2c-Y5bQGkX14pxhDWUGUFt3LRHhjcDKsSCw6lrxKcxN3WFZN0qbJwKNydP-knL5nxvfgKiCLpTLRA-- <- @aws-sdk/nested-clients 3.975.0
+ nodelite-2-OkTL9umf-He2DZkUq8f8J9of7yL6RJKI24dVITBmNfZBmri9zYZQrKkuXiKhyfPSu8tUhnVBB1iKXevvnlR4Ww-- <- commander 8.3.0 (9.5.0 is available)
+ nodelite-2-OM4cAF3D6VtH-WkLtWvyNC56EZVXsZdU3iqaMG2B4WvYrlqU831pc4UtG5yp0sE9z8Y02wVN7PjW5Zf9Gt0f1Q-- <- core-js-compat 3.48.0
+ nodelite-2-OnAnH8Ujmy59JcyZw8JSbK9cGpdVY44NKgSM7E9Eh7DiLS2E9RNQf0dONaGDzEG9yjEl5hcqeIsj4hfRkLH-Bg-- <- micromark-util-combine-extensions 2.0.1
+ nodelite-2-OO0pH2lK6a0hZnAdau5ItzHPI6pUlvI7jMVnxUQRtw4owF2wk8lOSabtGDCTP4Ggrg2MbGnWO9X8K1t4-fGMDw-- <- fs.realpath 1.0.0
+ nodelite-2-OOchDgh4F2CchOX94cRVqhvy7b3AFb--rQXyswmzmGakRfkMgoWVjfnLWkRirfLEfuD4ysVW16eXzwt3jHIzKA-- <- @floating-ui/dom 1.7.4
+ nodelite-2-OOCM2C-QIURhJMuKaekP3TRBxBKxG-TWWA0TL2J6nXUtDnuCtccy49LUJF8xPFXMX-0LMcxFpCo8M9cGY1W6rQ-- <- @opentelemetry/core 1.30.1 (2.2.0 is available)
+ nodelite-2-OqbOk5oEQeAZ8WXWydlu9HJjz9WVdEIvamMCcXmuqUYjTknH-sqsWvhQ3vgwKFRR1HpjvNBKQ37nbJgYzGqGcg-- <- mimic-fn 2.1.0 (4.0.0 is available)
+ nodelite-2-OqyPZ9u96VohAyMfJykzmivOrY2wfMSf3C5TtFJVgN-Hm6aj-voFhlK-kZEIv2FBh1X6Xp3DlnCOfEQ3B2J86A-- <- thread-stream 3.1.0
+ nodelite-2-Orov6g6BB1sDfYgzWfTHDOxamtX1bE-zo104Dh9e6fqJ3PooipYyfJ0pUmrZO2wAvO8YbEyeFrkV91XTsGMSrw-- <- stylis 4.2.0 (4.4.0 is available)
+ nodelite-2-Orxzlfb9c67A15cq2JQEyVc7wEsmFBmHjZWZYQMUyJ1qivXyMwdyNOs9odi79hze-2zqdTtu1E19IM-FtqZ10g-- <- @google-cloud/promisify 4.0.0
+ nodelite-2-Ou9I5Ft9WNcCbXrU9cMgPBcCK8LiwLqcbywW3t4oDV37n1pzpuNLsYiAV8eODnjbtQlSDwZ2cUEeQz4E54Hltg-- <- sharp 0.34.5
+ nodelite-2-OvjF-z51L3ov0OyAU0duzsYuvO01PH7x4t6DJx-guahgTnBHkhJdG7soQeTSFLWN3efnHyibZ4Z8l2EuWwJN3A-- <- @tokenizer/token 0.3.0
+ nodelite-2-Ow9nuGZE-qp1u4JIPvg-uCiUr7xGQWdff7JQSk5VGYTAZMDe2q8lxJ10ygv10qmSj031Ty-6FNJpLO4o1Sgc-w-- <- yauzl 3.2.0 (3.4.0 is available)
+ nodelite-2-OWND8ei3VtNC9h7V60qff3SVobHr996CTwgxubgyQYEpg290h9J0buyECNNJexkFm5sOajh5G116RYA1c8ZMSw-- <- natural-compare 1.4.0
+ nodelite-2-OxDFAAdyiJ-H0b8zR9rFCu3BIb78LekBXOphOYG3snV4ULhKFX387pBPpqZ9HLiRTejBWBxYEahkw79tuIgdAA-- <- @vercel/git-hooks 1.0.0
+ nodelite-2-OxObL9tbhgwvSlnKSCpGIh7wnuaqvOj5jRExGjEyCU2Ke8ctf22HjT-jw7GEi9ttLzNTUmTEU3YIzqKGeqN-og-- <- slate-history 0.86.0 (0.93.0 is available)
+ nodelite-2-OZs6gsjF4vMp32qrCbiVSkrFmXtG-AZhY3t0iAMrMBiAZyV9oALtXO8hsrHbMXF9x6L3grlFuwW2oAz7cav-Gw-- <- type-is 2.0.1
+ nodelite-2-P1Cz1dWaFfR4IR-U13mqqiGsLFf1KbayybWwdd2vfctdV6hDpUkgCY0nKOLLTMSoRd-jJNjtbqzf13K8DCCXQw-- <- @sindresorhus/is 7.2.0
+ nodelite-2-P2bGufFpFdYcWvqpyqqmalRtwFUNUA8vHjJR5iGqbfR6mp65qKOLcUd6lTr4S9Gn-enynSrSf3p3FVgVAf6bXA-- <- @smithy/middleware-retry 2.3.1 (4.4.7 is available)
+ nodelite-2-P63Zd-JUGq-PdrM1lv0Wv5SBYeA2-CORvbrXbngriYY0jzLUWfQMQQxOhjONEz-wlHOAxOdY7CY65rgQdTjq2w-- <- @types/connect 3.4.36 (3.4.38 is available)
+ nodelite-2-P8BjAsXvZS-VIDUI11hHCQEv74YT67YUi5JJFNWIqL235sBmjX4-qx9Muvls5ivyNENctx46xQLQ3aTuE7ssaQ-- <- callsites 3.1.0
+ nodelite-2-PAJdDJusoxnwm1VwW07VWwUN1sl7smmC3OKggvndJFadxxDRyFJBX-ggnu-KE4kQAB7a3Dp8f-YXC1FlUprWmA-- <- check-error 2.1.3
+ nodelite-2-PCqQV3c4CoVm3kdPhyeZ07VmBRdH2EpMFA-pd9OASpOEC3aXNGoqPDAZ80D0cLpMBxnmk0-yNhGsEx31hq7Gtw-- <- @csstools/selector-specificity 5.0.0
+ nodelite-2-PdHt7hHUJKxvTCgbKX9C1V-ftOcjJQgz8BZwNfV5c4B6dcGqlpelTbJ999jBGZ2jYiPAwcX5dP6oBwVlBlUbxw-- <- stubs 3.0.0
+ nodelite-2-PDUI9R1BVjqu7AUDsRBbKMtwmjWcn4J3le-5LpcFgWULN3LvHC5rkc9gCVxbrsrGmO1jfPybN5s6h4Jy-OnkAA-- <- @typescript-eslint/types 8.54.0
+ nodelite-2-PHI5f1O0EP5xJ9gQmFGMS6IZcrVvTjpXjz7Na41gTE7eE2hK11lg04CECCYEEjdc17EV4DO-fkGEtt7TpTaTiQ-- <- napi-postinstall 0.3.4
+ nodelite-2-PIeMbHqMt4DnUP3MA-Flc0HElYjMXArsw1qwJZcm9sqR8mq3l8NYizFMty0pWwE-tzIGH3EKK5-jes5mAr85yw-- <- isomorphic.js 0.2.5
+ nodelite-2-PiU42r-xO4UbUS1buo3LPJkjlO7430Xn5SVAhdpzzsPHsjbYVflnnFdATgabnLude-Cqu25p6N-g2lw-PFsa4w-- <- spdx-exceptions 2.5.0
+ nodelite-2-Pj1MSezEncE-5riuwsk8peMncuz5HR72Yr1-RdZhMZvUxoxAR-tkwD3aPcK6ddQJTagd2TGwhdr9SHuDLtONew-- <- @sentry/react 7.120.4 (8.55.0 is available)
+ nodelite-2-PMqfeJxLcNPMDgvPbbLl-2Vpin-luxqTGPpW3NAQVLbRrFRzTa4rNAASYeIGjRV9Ytuhzny39SpyU04EQreF-A-- <- @smithy/util-middleware 4.2.8
+ nodelite-2-PnNN7os0-yd1XvXAy23CFOmTbMaDxgxXtTKHybrJ39Y8kGzBATgBFibWJKH6BhytLI-Zyszs87xCOBNyBig6vQ-- <- @aws-crypto/sha256-js 3.0.0 (5.2.0 is available)
+ nodelite-2-PO9AvJLEsNLO-EYhF4zB-v10hOjsJe5kJW-S6tTbRv-TW7gf1Qer4mfjP9h3-y9h8ZiPvOrenxnEgDtFgaM5zw-- <- turbo 2.7.6
+ nodelite-2-POaGMcXnozzqBUyJM3HLUZ9GR6OKJWPGJEmhtTnxZXt8B6JcJ-6K3xRJ5H-j8oovVLz8Wg6vFxAHv8lvuASxMg-- <- @aws-sdk/xml-builder 3.972.0 (3.972.2 is available)
+ nodelite-2-Pp6GSwGP-NrPIrxVFAIkOQeyw8lFenOHijQWkUTrDvrF4ALqylP2C-KCkeS9dpUM3KvYRQhna5vt7IL95-ZQ9w-- <- use-sync-external-store 1.6.0
+ nodelite-2-PpOwAdQ-YlXQ2vj8a3h8IipDuYRi3wceVQQGYWxNINccq40Anw7BlsEXCMbt1Zt-OLA6Fq9suIpIWD0OsnISlw-- <- find-up 4.1.0 (7.0.0 is available)
+ nodelite-2-PS08Iboia9mts-2ygV3eLpY5ghnUcfLV-EXTOW1E2qYxJKGGBUtNjN76FYHnMs36RmARn41bC0AZmn-rR0OVpQ-- <- postcss 8.4.31 (8.5.6 is available)
+ nodelite-2-Ps3T8E8dZDam6fUyNiMkekK3XUsaUEik-idO9-YjPtfj2qruF8tFBXS7XhtE4iIXBLxhmLjP3SXpLhVf21I9Lw-- <- @types/d3-timer 3.0.2
+ nodelite-2-PSkbLUoxOFRzJYjjxHJt9xro7D-iilgMX-C9lawzVuYiIdcihh9DXmVibBe8lmcFrRi-VzlPjBxbN7rH24q8-Q-- <- tinyrainbow 3.0.3
+ nodelite-2-PTcKLUNvBqnY2U6E5bdOQcSM-oVP-PmrDY9NzowJjislEjwP-C4an2303MCVS2Mg9d3AJpIGdUFIQQWbPds0Sw-- <- @webassemblyjs/wasm-opt 1.14.1
+ nodelite-2-PUNzFwQeQ5oHiiTUO7GO-EJXGEtuun2Y1A59rLnZBBj-vNEOWt-3ERTiG1-zt7dVeJEM-4vDX-7XQ-qanuvPMg-- <- react-hook-form 7.54.1 (7.69.0 is available)
+ nodelite-2-PwwhEakHVKTdRNVOw--Gyh0-MzlCl4R6qKvkhuvLtPMggI1WAHt9sOwZxQLSGpUaDnrdyDsomoRgNnCfKNSXXg-- <- is-date-object 1.1.0
+ nodelite-2-PX1wu0AmAdPqOL1mWhqmlOd8kOIZQwGZw6rh7uby9fTc5lhaOWFLX3I6R1hrF9k3zUY40e6igsLGkDXK92LJNg-- <- obuf 1.1.2
+ nodelite-2-PXwfBhYu0hBCPw8Dn0E-WDYb7af3dSLVWKi3HGv84IdF4TyFoC0ysxFd0Goxw7nSv4T-PzEJQxsYsEiFCKo2BA-- <- micromatch 4.0.8
+ nodelite-2-PYjyFOLKQ9y57JvQ6QLo8dAgNqswh8M1RMJYdQduT6xbWSgK36P-Z-v-p888pM69jMMfS8Xd8F6I1kQ-I9HUGg-- <- arg 5.0.2
+ nodelite-2-PYls-2S9l0FF-2n0wHaEJsEU8x7CmBagiH7zYOsxbBlLIHEsqUIQ4MlIAbV9Zg6xwT8jlYdlRIyBTHmO3yM7kQ-- <- @stripe/react-stripe-js 3.7.0
+ nodelite-2-PYn05ET2USfBAeXF6NZfWl0O32KVyE8ncQ-ngysrh3hoIV7l3qGGH7ubeFx-D8VWQ682qYhwGygUzQv2j1tGGg-- <- @miniflare/watcher 2.14.4
+ nodelite-2-Pzz-j7wiKibTHVfPDhqjdlhL-GqP-Nsd6mbeG56uc8BsmZGHBrz5TrwLAQXE1mWBliiEDs9fsh0W62CsX-Qy1g-- <- @aws-sdk/middleware-endpoint-discovery 3.972.2
+ nodelite-2-Q0n9HRi4m6JuGIV1eFlmvJB7ZEVxu93IrMyiMsGC0lrMJMWzRgx6WGquyfQgZVb31vhGgXnfmPNNXmxnOkRBrg-- <- encodeurl 2.0.0
+ nodelite-2-Q57JGpH6T4dkYHo9tKXONgLtxzsh1ZEW5M9A-OwKrZFyEpLqWgjhcZ3hIuVvDlhb426iDF1f9FPToV-mi5rpeA-- <- @opentelemetry/instrumentation-connect 0.43.0
+ nodelite-2-QaKxh0eNIi2mE9p2vEdzfagOKHCcj1pJ56EEHGQOVxp8r9-iszLUUV7v89x9O1p-T-NlTM5W7jW6-cz4Fq1YVg-- <- whatwg-mimetype 4.0.0 (5.0.0 is available)
+ nodelite-2-Qb1gy5OrP5-zDf2Bvnzdl3jsTf1qXVMazbvCoKhtKqVs4-YK4ozX4gKQJJVyNe-cajNPn0KoC0MC3FUmaHWEmQ-- <- pretty-format 27.5.1 (30.2.0 is available)
+ nodelite-2-Qd8eBPkUFL4eAONgGjycZXj1jFCBW8Fd-xF0PzdTlBCWQIV1xnUT7B93wUANtW3KGjl3TRcOyxwSx-u-jyKw-Q-- <- @swc/core 1.15.3
+ nodelite-2-QfAUtd-vFdAtFQcC8CCyYt1fYWxSqAiK2cSD6zDB8N3cpsEBAvRxp9zOGg6G-SHHJYAT88-az-IuDGALsNVbGg-- <- color-convert 1.9.3 (3.1.2 is available)
+ nodelite-2-QGpRVpzSaUs30JBSGPjOg4Uveu384erbHBoT1zeONvyCfwQxIkUshLAOqN-k9EjGviPRmWTTe6aH2qySWKTVSw-- <- @types/node-fetch 2.6.13
+ nodelite-2-QGWAepm9qxpaIs7UM9FvUSnCGlb8Ua1RhyM4-veAxLwt3gMat-LSGrZixyuj4I6-Kn9iwvqCyPTtbdxanYoWYg-- <- @babel/plugin-transform-regexp-modifiers 7.28.6 (8.0.1 is available)
+ nodelite-2-Qgzu8kfBvo-cA4962jnP1KkS6Dop5NS6g7R5LFYJr4b8Ub94PPQXUksCw9PvXoeXPRRddRNC5C1JQUR2SMGtnA-- <- chokidar 4.0.3 (5.0.0 is available)
+ nodelite-2-QiM9D0NiU5jV6J6tjE1g7b4Z2tcUnKs1OPUi4iMb2zH-7jwlcUrASghgkFk9GtzqNNq8rTQJtT8AzjBAvLoNMw-- <- object-to-formdata 4.5.1
+ nodelite-2-QjVjwdXIt408MIiAqCX4oUKsgU2EqAGzs2Ppkm4aQYbjm-ZEWEcW4SfFNTr4uMNZma0ey4f5lgLrkB0aX0QMow-- <- supports-color 5.5.0 (9.4.0 is available)
+ nodelite-2-QNINVDhxpZ5QnP3aviNHQFlRogQZDfYlCkQT-7tJnErPQbDhysondEjhikuANxgMsZrkGeiAxXy4jguEGsDrWQ-- <- @smithy/protocol-http 5.3.8
+ nodelite-2-Qntc3jrtwwrsAC-X8wms8zhrTr0sFXnyEGhZd9sLtsJ-6gGQKFzNB-wWbOcpJd7BR8ThNCoKt76BuQahfMvpeA-- <- @smithy/middleware-stack 2.2.0 (4.2.8 is available)
+ nodelite-2-QNVT3-Lxx99nMQWJWF7K4N6apUEuT0KlZA3mx-mVaoGj3smm-8rc8ezz15J1pcbcjDK0V15rpHetVfya08r76Q-- <- @vitejs/plugin-react 4.5.2 (5.2.0 is available)
+ nodelite-2-Qp8WbZOBe-blgpuUT-lw2xheLP8q0oatc9UpmiemEICxGvFLYmHm9QowVZGHtJlGbS6A6yJ3iViad-2cVjnOiA-- <- @radix-ui/react-use-effect-event 0.0.2
+ nodelite-2-Qphch25abbMNtekmEGJmeRUhLDbe-QfiWTiqpKYkpCOWY64v9eyl-KRRLmqOFA2AvKPpc9DC6-u2n76tQLBoaA-- <- webpack 5.104.1
+ nodelite-2-QQtaxnoDJeAkDvDKWCLiwIXkTgRhwYDEQCghU9Z6q03iyek-rxRh-2lC3HB7P8sWT2xC-y5JDctPLBIGzHKbhw-- <- prettier 3.5.3 (3.9.6 is available)
+ nodelite-2-QrWXB-ZQSVPmIWIhtEO9H-gwHaMGYiF5ChvoJ-K9ZGHG-sVsa6yiesAD1GC-x46sET00Xlwo1u49RVVVzvcSkw-- <- commander 7.2.0 (9.5.0 is available)
+ nodelite-2-Qteup0SqU15kdocexFNAJMvCJEfa2xUKNV4CC1xsVMrIIqEy3SQ-rqyxCWNzfrd3-ldy6HMlD2e0JDVpDg2qIA-- <- eslint-plugin-react 7.37.5
+ nodelite-2-QTHzsGd1EhbZs4AsQ20JX1rC3cOlt-IWJruk893DfLRr57lcnOeMaWG4K0JrRta4mIJZKth2Au3mM3u03-JWKw-- <- vfile-message 4.0.3
+ nodelite-2-QTYuDesS0VtuHNNvMh-CjlKJ4LJickCMUAqjlE3-j8w-RlRpwyX3apEQKGFzbZGdo7XNG1tXa-bQqIE7HIXT2w-- <- @radix-ui/react-use-rect 1.1.1
+ nodelite-2-QUNFEOPELfmvv-4xiNg2sRYeS-P84pTW0TCgP5zc9FpXetHY0ab7SxKyAQCNCc1eK0459uoLI1y5oO5Vc1dbhA-- <- micromark-util-chunked 2.0.1
+ nodelite-2-QVWlX2e50heYJcCPG0iWtf8r0xjEYfz-OYLGDYH-IyjWezzPNxz63qNFOu0l4YftGWuizFVZHHs8PrLU5p2IDA-- <- execa 6.1.0 (9.6.1 is available)
+ nodelite-2-QW95TCTaHmsYfHDybGMwO5IJIM93I-6vTRk-daHTWFPhwh-C8Cg7j7XyKrwrj8Ib6vYXe0ocYNrmzY4xAAN6ug-- <- web-streams-polyfill 4.0.0-beta.3
+ nodelite-2-QwYgloJ0sVNBeBuBs65cIkTbfzV-Q6ZNPCJ99EICFEdJYG50nGIY-uYXp-TbsdJReIuPr0a0kXmCvren3MbRRw-- <- @smithy/types 2.12.0 (4.9.0 is available)
+ nodelite-2-QZjmEOC-IT1uk6Rx0sX22V6uHWVwbdbxf1faPqJ1QhLdGgsRGCZoyaQBm-piRdJy-D2um6hM1UP7ZEeQ4EkP-Q-- <- get-east-asian-width 1.4.0 (1.6.0 is available)
+ nodelite-2-R3pbpkcIqv2Pm3dUwgjclDRVmWpTJW2DcMzcIhEXEx1oh-CEMObMm3KLmRJOdvhM7o4uQBnwr8pzRK2sJWIqfg-- <- has-bigints 1.1.0
+ nodelite-2-R4nPAVTAU0B9D35-Gk3uJf-7XYbQcyohSKdvAxIRSNghFl4e71hVoGnBNQz9cWaXxO2I10KTC-3jMdvvoKw6dQ-- <- p-try 2.2.0
+ nodelite-2-R5R9tb2AXs2IRLNKLBJDynhkfmx7mX0vi8NkhZb3gUkPWHn6HXk5J8iQ-dql0U3ApfWym4kXXmBDRGO-oeOfjg-- <- @opentelemetry/semantic-conventions 1.39.0
+ nodelite-2-R79ZZ-0wAxKGu3oYMlz8jy-kbhsNrS7SKZ7PxEHBgJ5-F2mtFW2fK2cOtBh1cHYkQsbzFV7I-EoRKe6Yt0oK7A-- <- p-locate 4.1.0 (6.0.0 is available)
+ nodelite-2-R7uiTjECzvOsWSfdM0QKFNBVFcK27aHOUwdvK53BcW8zqnGdYp0Fbj82cy54-2A4P2tFM22J5kRfe1R-lM-1yg-- <- resolve-dir 1.0.1
+ nodelite-2-R8ja-Pyrv0OGAvAXQhSTmWyPJPml-0TMqXlO5w-AsMEiwb2fg3WkOvob7UxFSL3OIttFSGSRFKQsOhJ-X6HQdQ-- <- @babel/plugin-transform-optional-catch-binding 7.28.6 (8.0.1 is available)
+ nodelite-2-R8Rdn8Hy72KKcebgLiv8jQcQkXoLMOGGv5uI1-k0l-snqkOzQ1R0ChUBCxWMlBsFMekWjq0wRudIweFs7sKT5A-- <- @smithy/util-utf8 2.3.0 (4.2.0 is available)
+ nodelite-2-RCd8eur5wzDLgFBvbBhoFQ1bw1wxHJiN88MQ82IiJBs6OGXTWaf0oFgLbK06qJvnVUqL13t3jEnlYPHPNdgBWw-- <- @aws-sdk/util-format-url 3.972.2
+ nodelite-2-RDBrHEMSxVFLg6xvnXmb1Ayr2WzLAWjeSATAoxwKYJV94TeNavgoIdA0a9ytzDSVzBy2YKFK-emCPOEibLeCrg-- <- micromark-core-commonmark 2.0.3
+ nodelite-2-RDvF6wTulMPjrNdCoYRC8gNR880JNGT8uB-REUpC2Ns4pRqQJhGz90wh7rgdXDPpCczF3VGktDuFGVnz8zP7HA-- <- @types/lodash 4.17.23
+ nodelite-2-RFPahj0sXcmUyjrObAK-DOWtMvMIFV328n4qZJhgX3x2RqkQgOTU2mCUmiFR0CzM6AzChlRSUErjiJeEt8BaQA-- <- csv-stringify 6.5.2
+ nodelite-2-RGwwWnwQvkVfavKVt22FGLw-xYSdzARwm0ru6DhTVA3umU5hZc28V3kO4stgYryrTlLpuvgI9GiijltAjNbcqA-- <- debug 4.4.3
+ nodelite-2-RHxMLp9lnKHGHRng9QFhRCMbYAcVpn69smSGcq3f36xjgVVWThj4qqLbTLlq7Ssj8B-fIQ1EuCEGI2lKsyQeIw-- <- isexe 2.0.0 (3.1.1 is available)
+ nodelite-2-RIDh866U8agLgiIcdpB-COKnlCreHJLfIhWC3LVflku5YHfpnsIKigRZeFfMfCc4dVcqNVfQQ5gO-afOck064A-- <- rollup 4.52.3

Done in 1.2s using pnpm v10.27.0
