Progress: resolved 1, reused 0, downloaded 0, added 0
Packages: +219
++++++++++++++++++++++++++++++++++++++++++++++++++++++++++++++++++++++++++++++++
Progress: resolved 219, reused 0, downloaded 219, added 219, done

dependencies:
+ nodelite-2-ua8BhapfP0JUJKC-zV9yHHDW-rDoDxP4Zhn3AkA6-xT6gY7jYXJiaeyBZznYVujhZZET-UgcbZiQ7sN3WqcImg-- <- del 6.1.1 (8.0.1 is available)
+ nodelite-2-uaW0WwXKpL9blXE2o0bRhoL2EGXIrZxQ2ZQ4mgcfoBxdFmQold-qWsD2jLrfZ0trjKL6vOw0j--eAwcALFjKSw-- <- send 1.2.0 (1.2.1 is available)
+ nodelite-2-ub9iytsEbT7Yw-Pd29mSo-cNQpaEu67zR1VVcXDiYjSFwzeBxNdTd0FMnSslLQXiRj8uGPzwsaoefrMD5XAmdw-- <- magic-string-ast 0.7.1
+ nodelite-2-ueeb9YybpjhivjbHP2LdFDAjbS948fGEPj-ACAMs4xCMmh72OCOMQWBQKlaN4ZNQ04yfLSDLSx1tGRIoWimObQ-- <- typedarray 0.0.7
+ nodelite-2-ueEepnujpqee2o5aIYnvHU6C0A42MNdsIDeqy5BydrkuC5R1ZuUFnm27EeFJGoEHJQgn3uleRvmTXaJgfXbt4g-- <- acorn-walk 8.3.4 (8.3.5 is available)
+ nodelite-2-ueGLflrrnvwB3xuo-uGob5pd5FN7l0MsLf0Z87o-UQmRtwjvfylfc9MurIxRAWywCYTgrvpXBcqjV4OfCYGCIQ-- <- pkce-challenge 5.0.0 (5.0.1 is available)
+ nodelite-2-ueGtURysonT0MujCObPCR57-mgZluMEXCrbc2FBgKAD-DoAt38tNwSGsmLldk2O6nTr7lr6ClbVSgWrLwgY6Xw-- <- @histoire/shared 0.17.17
+ nodelite-2-ugFTXCtDZunbzasqBxrK93Ik-DRYsO6S-fedkWEMKqt04xZ4csmnmwGDBAb07QWNaGMAmnTIemsYZCksjATwsA-- <- destr 2.0.5
+ nodelite-2-ugZxsxmtTln604yeYd29EGrNhazN2lywetzpKhfmQjW-VJmhpDmWbiX-h0zL8V91R0UXkhb3KtPmyq9PZw3aYw-- <- p-defer 3.0.0
+ nodelite-2-uHJgbwAMwNFf5mLst7IWLNg14x1CkeqglJb-K3doi4dw6q2IvAAmM-Y81kevy83wP-Sst-nutFTYOGg3d1lsxg-- <- globrex 0.1.2
+ nodelite-2-uiCSwv0vRldMhkYRN1BDMLxn1g9KWku8lq8WutybWvKPvYg-xvHHX3s2LiVOerCP45Kys5o8DILSENQc-uaF-w-- <- @pnpm/workspace.spec-parser 1000.0.0
+ nodelite-2-uj3JIX-dpFseqd-DJx8Gy3PcRAJhlEZ2IrlFOc4LUxBX-PNMEQ198x7LCOE2Q5oT9Vw8nyc4CIL78xSqPr6iag-- <- stylelint-config-standard 38.0.0 (39.0.1 is available)
+ nodelite-2-ujeqbceABgwMZxEJnk2HDY2DlnUZ-9oEcb1KzTVfYHio0UE6dG71n60d8D2I4qNvleWrrXpmjpt7vZeF1LnMZQ-- <- tar-stream 2.2.0 (3.2.1 is available)
+ nodelite-2-ujSMe1OWVn55euT1ihwCI1ZcAaAU3nxUiDwfDQldc51ZXaB9m2AyOn6-jh1BLe2t-G8xd6uKG1UBF2aZJeg2SQ-- <- nwsapi 2.2.22
+ nodelite-2-ulkCYfFbYj01ie1MDOyxv2F6SpRN1TOj7fQxbP07D6HmeR-gr2JLSmINKjga2emB-b1L2KGrFKBTc-e00p54nw-- <- @assemblyscript/loader 0.19.23
+ nodelite-2-umOSDSDrfHbTNPuNpC2NSnnA3LUrqpevPb4T9jRx4MagXNS0rs-gwiTcAvqCRmsD6utzsrzNt-ebm00SNWiC3Q-- <- acorn-globals 7.0.1
+ nodelite-2-umPSgYwZkdFoUrH5hIq5kf0wPSXiro51nPw0j2K-c83KflkPSTBGMz6NJvMB-07VlL0y7VPo6QJcDjcgKTTm3w-- <- csscolorparser 1.0.3
+ nodelite-2-uNaeirEPvpZWSgzwsPGtU2zVSTrn-8L5q-IexZmH0eH6SA73CmAA5U4GwORTxQAZs95TAXLNqeLoPPNO5gZfWg-- <- unique-string 2.0.0 (3.0.0 is available)
+ nodelite-2-uo-LFT1t7mXuLy-E-PdJWCiZk-lSLGw2BJ8AJQqx-zJPhU1nKGPkeo95jV8grrrnqL3zNWGt7zABHE7TKRAfGw-- <- @pnpm/default-reporter 1002.0.11
+ nodelite-2-uPgKMmM9fmn7I-Zi6YBqctOye4SlJsHKcisjHIMWpb2YKZRc36GpKyNuQ03JcT-oNXg1m7Uv4wU94EVltn8-cw-- <- @types/base-64 1.0.2
+ nodelite-2-upqt1SkGkODW9tsGNG5mtXTXtECizwtS2kA161M-gJPc1xdb-Ax629af6YrTwcOeQHbewrPNlE5Dx7kzvXTizA-- <- is-generator-function 1.1.2
+ nodelite-2-uTHDOpVQTMjcGgrqFPSb8iO2m1DUvo-WbGqoXQz8Y1CeBYQ0FXf2z1gLRaBtHjlRz7zZUBHxjVB5VTLzYkvftg-- <- vue 3.5.24 (3.5.27 is available)
+ nodelite-2-uV2QOWP2nWzsy2aMp8aRibhi9dlzF5Hgh5SHaB9OiTGEyDTiJJyx0uy51QXdyWbtAHNua4XJzUKca3OzKUd3vA-- <- cross-spawn 7.0.6
+ nodelite-2-uWC0fssc-hs1TGGVkkghiaFkkS7NkTxfnCH-Hdg-yTehTpMcehpok4PgUKKdyCH-9ldu6FhiHRv84Ntqj1vVcw-- <- @azure/identity 4.13.0
+ nodelite-2-uWkjJ-2Nt-LO9Z-JyKZbMusL8Dkh97uUBTv3AJQ74y07lVahLY4eEFsPsE97pxYBwr8nnjMAIch5eqI0gPShyw-- <- stream-json 1.9.1
+ nodelite-2-uWlGT3YSnK9x3BQJaOdcZwrnV6hPpd8jFH1-ucpiLRPh-2zCVJKS19E4GvYHvaCcACn3foXZ0cLB9Wrx1KGe5g-- <- pascal-case 3.1.2
+ nodelite-2-uxFIHU0YlHYhDQtV4R9J6a52SLx28BCjT-4ieh7IGbgwVJWO-km431c4yRlREUAsAmt-uMjQUyQHNEPf0M39CA-- <- punycode.js 2.3.1
+ nodelite-2-v-J-4Z-1eIJovEBdlV5TYj1IR-ZiohcYGRY-qN-oC9dAfKzVT023N-Bgw37hrKCoVRBvk3bqyzpr2PP5YeTMSg-- <- human-id 4.1.2 (4.2.1 is available)
+ nodelite-2-v-p6ongsrp0yTGbJXjgxPow2-DL93DASP4kXCDKb8-bwRtt9OEF3whggkkDkGNzgcWy2XaF4a8nZglC7uElscg-- <- cacheable-request 7.0.4
+ nodelite-2-v-TSnFVXI8vzX9-w3DU2Ol-UlTZcu3m0kXTjTT4KlAdwSvwutcByYwyYn9hwerPWfPkT2JfpoX0KgvCEi8Q-SA-- <- @changesets/get-github-info 0.6.0 (0.7.0 is available)
+ nodelite-2-v-Z8bvMCajtx4mEXmOo7QEsIzlIOqRXTIwgUfsFOF9gEsespdbD0AkPIka1bSXZ8Y8oZ-2IVDQZePkTfEHZl7Q-- <- focus-trap 7.6.6 (7.8.0 is available)
+ nodelite-2-v05I2k7xN8zXvPD9N-z-uhXPaj0sUFCe2rcWZIpBsqxfP7xXFQ0tipAd-wjj1YxWyWtUS5IDJpOG82JKt2EAVA-- <- readdir-glob 1.1.3
+ nodelite-2-v1plID3y9r-lPhviJ1wrXpLeyUIGAZ2SHNYTEapm7-8A9nLPoyvVp3RK-EPFqn5kEznyWgYZNsRtYYIWbuG8KA-- <- crypto-random-string 2.0.0 (4.0.0 is available)
+ nodelite-2-v29LyzHa0bmNtefreBvL25sETo--YAyjVGldAbJCIBsynAiAtLSXR0Ypf0XA5bU6DnipsnL2XAwJXxiv484-sA-- <- @pnpm/fetching.binary-fetcher 1002.0.0
+ nodelite-2-v2kDEe57lecTulaDIuNTPy3Ry4gLGJ6Z1O3vE1krgXZNrsQ-LFTGHVxVjcXPs17LhbZVGedAJv8XZ1tvj5FvSg-- <- lodash 4.17.21 (4.18.1 is available)
+ nodelite-2-v3MXnZAcvnywkTUEZomIActle7RXXeedOR31wwl7VlyoXO4Qi9arvSenNQWne1TcRwhCL1HwLI21bEqdpj8-rA-- <- iconv-lite 0.4.24 (0.7.3 is available)
+ nodelite-2-vACy7vhpMPhjEJhULNxrdR0D943TkA-MigMpJCHmBHvMXxRStRi-dPtTlfQ3uDwWSzRpT8z-7ImjZVf8JWBocQ-- <- @oxc-project/types 0.95.0
+ nodelite-2-vAfasCOe6AIK70iP5UD11Ac4siNUNJ9i-9PZ3NKx07sG6sUxeag1LWdNrMWeKKYBLlzuK-Gn65Yd5nyL6ds-nw-- <- @vitest/spy 3.2.4 (4.0.7 is available)
+ nodelite-2-vavAMRXOgBVNF6nyEEmL3DBK19iRpDcoIwW-swQ-CbGiu7lju6t-JklA1MHweoWtadgt4ISVUsXLyDq34ddcwA-- <- strip-bom 3.0.0 (5.0.0 is available)
+ nodelite-2-vay5-oQJdsNHmliWoZfHPoVZZRmnSWhug0BYT34njkYTPqClh3DNWLkZNJBVSjsNMrg0CCrBfoKkjZQPM-QVUw-- <- @vue/compiler-core 3.5.25 (3.5.27 is available)
+ nodelite-2-vbRorB5FUQWvla16U8R-qgaFIya2qGzwDrNmCZuYKrbdSUMG6I1ZCGQRefkRVhuOkIGVne7BQ35DSfo1qvJqFg-- <- escape-string-regexp 1.0.5 (5.0.0 is available)
+ nodelite-2-vd2F4YUyEXKGcLHoq-TEyCjxueSeHnFxyyjNp80yg0XV4vUhnDer-lvvlqM-arB5bXQN5K2-3oinyCRyx8T2CQ-- <- magic-string 0.30.21
+ nodelite-2-vdTshSQ2JsRCgT8eKZWNJIL26C6bVqy1SOmuCMlKHegVeo8KYRobRrefOdUq9OozSPUUiSxrylteeRmLOMFfWg-- <- safe-execa 0.1.2 (0.1.4 is available)
+ nodelite-2-veUkJynLEjhV-sZyDaJd-l3n3peFhZEzoncIwtsjwIjyQuWHmtBHSSKaAYmS6UhKD0Eh--akAOqPQ2CH1AGZXg-- <- @pnpm/workspace.find-packages 1000.0.43
+ nodelite-2-vf6IHUX2SBcA-5--4883dsIjpBTqmfBjmYiWK1savxQmFk4JfBMLa7ynTYOs1Rolp-T1betJxHiGD3g1Mn8lUQ-- <- fast-json-patch 3.1.1
+ nodelite-2-vfD3pmTzGpufjScBh50YHKzEu2lxBWhVEHsNGoEXmCmn2hKGfeNLYMzCJpe8cD7gqX7TJluOVpBkAequ6dgMmA-- <- section-matter 1.0.0
+ nodelite-2-vGSDXOJFZgOPTatSI1ly7Gwyy-d-R9zh2TO3y0JZ0uut5qQ88p9IaWaZYIWSSqtdekNM4CGok-JppxbAff4KcQ-- <- @smithy/core 3.18.0 (3.22.0 is available)
+ nodelite-2-vhF7kEU9EXWXh-HdAwKJ2m3xaOnTTmgcdXcF2pim8g4GvI7eRrk2YRuV5nUlZnd-NbCIX4-Ja2OZu5EjJL06Ww-- <- @tanstack/vue-virtual 3.13.12 (3.13.13 is available)
+ nodelite-2-vHL6w3ecZsky-8P5MD-eFfaGTyCeOHUIFYMGpQGbrBTSmNNoxv0if69rEZ5giu36weC5saFuznL411gRX7bJDw-- <- @hono/node-server 1.19.9
+ nodelite-2-vhPtuoHoxE5JGWPSPBqEyTXcjI4MAn8GllR-Vs8FfpAQu2sQRd4PJc3e8kc9vdbdhYHx1C9HmbECgtGLK30z4w-- <- @ngneat/falso 8.0.2
+ nodelite-2-vjLE0bTF2HcQ7gQdgQ4c-Dl0n2o-oA0JICseJSYkQluDIE-LA9oHfTAE8ziJr03oeya7iVQ-b-d21Ez5hKsVsw-- <- editorjs-toggle-block 0.3.16
+ nodelite-2-vK9P5-iUfdl95AI-JVyUuIcVtd4ofvtrOr3HNtM2yxC9bnMbEdp3x01OhQNnjb8IJYi38VlTE3mBXwcfvywuSw-- <- https-proxy-agent 7.0.6
+ nodelite-2-vkcDPrRZo1QZLbn5RLGPpg-WmIQ65qoWWhcGKf-b5eplkkarX0m9z8ppCat4mlOqUsWpyNuYgO3VRyrYHSzX5g-- <- prelude-ls 1.2.1
+ nodelite-2-vKivATfr97l2-QBCYAkXYDbrIWPM2IIKEl7YPhjCvKlG3kE2gm-uBo6nEXK3M5-Ffh-FLpKExzOQ3JJoJGFKBw-- <- mitt 3.0.1
+ nodelite-2-vMJzPewAlRyOgxV2dU0Cuz2O8zzzx9VYtbJOaBgXFeLc4IV-Eg50n4LowmehOOR61S8ZMpc2K5Sa7g6A4jfkUw-- <- axios 1.12.2
+ nodelite-2-vnMCM6xZTb1WDmLvtG2lE-2p-t9hDEIvTWJsu6FejkE62vB7gDhvzrpFR4Cw2to-9JNQxVnkAKVPA1KPB98vWg-- <- pino 9.7.0 (9.9.5 is available)
+ nodelite-2-voyz6MApa1rQGUxT3E-BK7-ROe8itEx7vD8-HEvt4xwXucvQ5G5oeEiHkmHZJuBO21RpOf-YYm9MOivj709jow-- <- tmp 0.2.5 (0.2.7 is available)
+ nodelite-2-vq24Bq3ym5HEQm2NKCr3yXDwjc7vTsEThRDnkp2DK9p1uqLR-DHurm-NOTo0KG7HYHU7eppKZj3MyqYuMBf62g-- <- @nodelib/fs.scandir 2.1.5 (4.0.1 is available)
+ nodelite-2-vqiC06CuhBTUdZH-RYl8sFrL096vA45Ok5ISO6sE-Mr1jRbGH4Csnhi8f3wKVl7x8mO4Au7Ir9D3Oyv1VYMFJw-- <- mimic-fn 4.0.0
+ nodelite-2-vrN-B7DBIoTTZjnPNewwhx6cBA-H-IS7rfW68n7XxC1y7uoiGQBxaKzqucGUgavX15dJgiGztLJ8vxuEzwqBdA-- <- strnum 1.1.2 (2.1.2 is available)
+ nodelite-2-vsbgFHMFQrJBJKrUFJNZ2pgBeBkC2IvvoHjz1to0-0Xk7sII24T0qFOiJzG6Fu3zJoq-0yI4rKWi7WhApW-EFA-- <- postcss-normalize-whitespace 7.0.1 (7.0.3 is available)
+ nodelite-2-vtEhXh-gNjI9Yg1u4jX-0YVPMvxzHuGgCm6tC5kZyb08yjGWGnqAjGJvcXbqQR2P3MyMEFnRbpcdFS6PBcLqew-- <- luxon 3.7.2
+ nodelite-2-vtK-94akxsTMhe0-cbfpR-syPuszcuwhqVjJq26CuNDgFGj682oRBXOP5MJpv2r7JtE8MsiepGIqvvOTBwn2vA-- <- proto-list 1.2.4
+ nodelite-2-vuNwKSaKiqm7g0THUBu2x7ckSs3XJLXE-2ssL7-MfTGPLLcrJQ-4Uq1CjPTtO5cCIiRxqvN6Twy1qOwhL0Xjcw-- <- glob 11.1.0
+ nodelite-2-vVqVZQyf3WLx2Shd0qJ9xuvqgAyKPLAiqITEtqW0oIUjzo3PePDd6fW9iFz30ef7Ysp-oiWqbhszeGWW2T6Gzw-- <- mkdirp 1.0.4 (3.0.1 is available)
+ nodelite-2-vXji10ZwgxRG6xGQ93SIBUQEltWYTs3do-FSEn3qrRWUuavrqIUhh1oMEPmhKARF0pokW6bNRCvVKI6wq--H6w-- <- @joeattardi/emoji-button 4.6.4
+ nodelite-2-vYl3iOX-4CKUWuxGi9Ukhie6fsqXqS9FE2Zaic4tNFD2N2QQaXOMFbuKK4QmDHC0JO6B1Zp41J0LpT0oR68amQ-- <- randombytes 2.1.0
+ nodelite-2-vYt7UD1U9Wg6138shLtLOvdAu-8DsC-ilFtEVHcH-wydcSpNE20AfSOduf6MkRFahL5FY7X1oU7nKVZFtfq8Fg-- <- punycode 2.3.1
+ nodelite-2-w-5mJ3GuFL-NjVtJlvydShqE1eN3h3PbI7-5LAsYJP-2qtuMXjfL2LpHSRqo4b4eSF5K-DH1JXKUAHSB2UW50g-- <- es-to-primitive 1.3.0 (1.3.4 is available)
+ nodelite-2-w942bTcih8fdJPJmQHFzkS76NEP8Kzzvmw92cXsazb8intwLqPibPPdXf4ANdKV3rYMuuQYGIWtvz9JilB3NFQ-- <- is-path-cwd 2.2.0 (3.0.0 is available)
+ nodelite-2-w9UMqWwJxHNOvoNzSJ2oPF5wvYcvP7jUvYzhp67yEhTi17ZDBBC1z9pTdGuzjD-EFIqLSYRweZjqfiPzQ06Ebg-- <- get-symbol-description 1.1.0
+ nodelite-2-wa56o2-ElJMYqjCjGkXri7it5FbebW5usLw-nPmCMs5DeZ7eziSYZhSmPRn0txqeW4LnAmQQU7FgqLpsEFKM4A-- <- is-boolean-object 1.2.2
+ nodelite-2-wAzU7p6DSlo04pWfCbOcaMq09Nojt0FEsbdxhCBTdC7IguD9ZVl7FP-bvyA0HAHjZGC4JkW7m6WiQaoVMDSuFw-- <- stylelint-config-standard-vue 1.0.0
+ nodelite-2-wB3wfAxZpk2AzOfUMJNL-d36xothRSyj8EXOa4f6GMqYDN9BJaaSISbsk-wS9abmnebVw95C2Kb5t85UmpCxuw-- <- p-defer 1.0.0 (3.0.0 is available)
+ nodelite-2-wbms3J521rrnc-B4xLC3WN5etHAAABxZlkBFmOBnHtdF8zhUW0AImApqQZnVWK0ucJaetALBC3tRNXbDjfIsaQ-- <- make-empty-dir 3.0.2
+ nodelite-2-weP-BZ8MVNnlCm8c0Qdc1WSWq4Qn7I-9CJGm7Qali6g44e-PUzbjNqJX5NJ9ljlNMosfJvg1fKEGILklK9cwnw-- <- ora 8.2.0
+ nodelite-2-wfr-jstw9xNi-0teMHrRW7dsz3Lt5ARhYNZ2ewpadnhaIp5mbALhOAP-EAdsC7t4Z6wqsDVv9-W6gm1Dk9mEyw-- <- async-retry 1.3.3
+ nodelite-2-wgm9Ehl2jpeqP3zw-7mo3kRHFp5MEDhqAdwy1fTGkHAwnkGOVsgpvQhL8B5n1qlb01jV3n-bI0ZfZp5lWA1k4w-- <- @isaacs/fs-minipass 4.0.1
+ nodelite-2-wgoZtxcTta65cnZ1Q6MbAfePVFxfM-gq0saaeytoph7nEa7yMXoi6sCPy4ufO111B9msnw0VOWjPEFCXuAKRHA-- <- @vue/devtools-kit 7.7.7 (8.0.5 is available)
+ nodelite-2-whh0trqRsSqVLNEUCwU59pyJZYpU8AmSWl8M3Jz2Mv5ESPP6kFh4juas2NpZ1iCvy7GlNRffUD1xr84gceimjg-- <- @intlify/core-base 11.1.12
+ nodelite-2-whLdWMYL2TwI08hn8-ZqAbrVemu0LNaNNJZX73O6qaIdCTfXutsLhMkjdENX0qhsQ9uIimo4-aQOmXkoon2nDQ-- <- pathe 1.1.2 (2.0.3 is available)
+ nodelite-2-whOE1HFo-qJDyX4SnXzP4N6zOWn79WhnCUY-iDR0mPfQZO8wcYE4JClzI2oZrhBnnMUCBCHZhO6VQyoBU95mZA-- <- eslint-plugin-import 2.32.0
+ nodelite-2-wIkAryiqt-nV5EQKqQpo3SToSOV9J0DnbJqwK7Wv-Trc92zIAYZ4FlMu-JPFW1DfGFt81ZTCGgDEabffXeLyJg-- <- dom-serializer 2.0.0
+ nodelite-2-wIkUCfVKpVsWo3JSZlc-8MB5it-2AN5W8J7YVMST30UrvcQNZ1Okbj-rbVniijTWE6FGYy4XJq-rHkas8qJMLQ-- <- lodash.throttle 4.1.1
+ nodelite-2-wK0Ri4fOGjv-XPy8SBHZChl8CM7uMc5VML7SqiQ0zG7-J5Vr-RMQDoHa2CNT6KHUnTGIXH34UDMkPzAUyapBZg-- <- term-size 2.2.1
+ nodelite-2-wKyQRQpjJ0sIp62ErSZdGsjMJWsap5oRNihHhu6G7JVO-9jIB6UyevL-tXuOqrng8j-cxKTWyWUwvSTriiZz-g-- <- string-width 4.2.3 (8.1.0 is available)
+ nodelite-2-wlwEkqcsaxvPJML-rDh-2iS824jbREk6DUMUKkEaSlxdYHeS43cClJtsWglvw2RfeXGm6ohKDqsXteJ5sP5enA-- <- diacritics 1.3.0
+ nodelite-2-wM5VPOl2thYD4WamvH4zaIMW8732aE6wTvfvjq0-CzyNxoNCUkW2-BM-OtiipU5w4xBGTWqlzHIxLDj3gfbbog-- <- @pnpm/registry.types 1000.0.1
+ nodelite-2-wMctrWD2HZZLuIlchlkE2dfXJh7J2KDI9Dwl-2abPYg0mswQHfOAyQW3jJg1pY5VfttSINZuKcXoB3FGypVklA-- <- timestring 6.0.0
+ nodelite-2-wnD2ZE-l-SPC-uoS0vXeE9L1-0wuaMqKlfz9AMUo38JsyLSBWSFcHR1Rri62LZc12vLr1gb3jl7iwQhgwpAbGQ-- <- signal-exit 3.0.7 (4.1.0 is available)
+ nodelite-2-wnWtnywepjg-eHIgWR97R7UuM5i-qHLA195qdN9UPKvcMqfn60-67S8sPPW3vDlSEfYHoFkKU8IvpCNty3zQvQ-- <- realpath-missing 1.1.0
+ nodelite-2-wpc-LXeiyiisxPlEkUzU6svyS1frIO3Mgxj1fdy7Pm8Ygzguax2N3Fa-D-ag1WqbOprdI-uY6wMUl8-a2G-iag-- <- eslint-visitor-keys 3.4.3 (5.0.1 is available)
+ nodelite-2-wRLVaroQtOqfg60cxkzUkGKrKMsCP6uYXAOomOIysSMyt1-YM0eUn9LqieAWM8DLcU4-07Fio2YGpPeqUbpP9w-- <- @azure/keyvault-common 2.0.0
+ nodelite-2-wt0tBItmBsOUVZ8-MCrkBMoVfH-EUZeTXwYSekVVYilZlGDYssREUR-sX72mHvl2IrbdCKgpYARXKh3awD2how-- <- @types/diacritics 1.3.3
+ nodelite-2-wuLJMmIBQYCsGZgYLTy5FIB2pF6Lfb6cXMSF8Qywwk3t20zWnAi7zLcQFdKQmIB8wyZpY5ER38x08GbwtR2cLA-- <- archiver-utils 5.0.2
+ nodelite-2-wvUjBtSGN7-7SjNpq-9M2Tg350UZD3q62IFZLbRAR1bSMlCo1ZaeW-BJ-D090e4hIIZLBcTDWe4Mh4jvUDajzQ-- <- available-typed-arrays 1.0.7
+ nodelite-2-wVV3cnIKzxTffaPH8iRnddX1zahbYB1ZEoAxyhoBo3TBCBuK6nZ8M8JYO-RhsCuuBVOw-DEN-t-ENbruwlxn6Q-- <- @types/mailparser 3.4.6
+ nodelite-2-wwQAWhWSuHaag8c4q-KN-vCoeOJYshAIvMQwD4GpSb3OiZklFfvAgmj0VCBBImRpuF-aFgIRzllXlVX93Jevww-- <- @polka/url 1.0.0-next.29
+ nodelite-2-wX1FiFkzuT2H-UUEA8QNXDAA9MMHDsK-3UHj6Dkd5U7kxyigKDA5gyDw78ycTQZAuGCLWyUX5FiXEuVQWafukA-- <- pm2 6.0.14
+ nodelite-2-wywSQkyBeHTYGN8dM-dNhR277QXeYYYbJvs6woNPvCavhJ7uYE5Qielw-3zCzx7dzcMBns0cLIBzDv4Dx3v6kA-- <- @pnpm/store-path 1000.0.5
+ nodelite-2-x--Cz4YrimQxQccJf5mKEbIa1NzeCRNI5Ecl-ekmlYaampdNLPalVyIcCZNNH3MvmqBugV5TMYZXv0ljslUlaw-- <- safe-regex-test 1.1.0
+ nodelite-2-x-xEleCFLH28c3bQeQIyeZf8lFXyDFVn1SgcBiR2Tw-r4IAWlk1fzxCEZ6NxQAjF2Nwtczoen3OA2qR-UawQ8Q-- <- @changesets/changelog-git 0.2.1
+ nodelite-2-x00IRNXNy63jwGkJmzPigoySHbaqpNuzKbBOmzK-g2OdZpQ9w-sxCN-VSB3ja7IAge2OP2qpfxTjeNcyjmW1uw-- <- inherits 2.0.3 (2.0.4 is available)
+ nodelite-2-x0821GxTYib7CIci26oKRtUXuiyXHqcyg1Dvdb7yC3SenCdMChAytII1UIwkbvyIKRZru2H8ZMogrpJ-3-Mu8Q-- <- @pnpm/tarball-fetcher 1003.0.0
+ nodelite-2-x0Vn8spI-wuJ1O6S7gnbaQg8Pxh4NNHb7KSINmEWKiPE4RKOplvijn-NkmYmmRgP68mc70j2EbeTFRsrswaQeg-- <- mime 1.6.0 (4.1.0 is available)
+ nodelite-2-x1FCFnFifvYDDzTaLII71vG5uvDwgtmDTEVWAxrgeiR8VjMONcCXJx7E-USjDtHlwFmt9MysbqgF9b9Vjr6w-w-- <- ast-types 0.13.4 (0.16.1 is available)
+ nodelite-2-x2-IvofHcdIrAm9Q-p06ZD1h6FPcQ32WtCRVodJLDR-WMn8EVHI1kvLxZuGKz-9EY5nAmI6lIQIrpo4tBy5-ug-- <- postcss-minify-selectors 7.0.5 (7.1.2 is available)
+ nodelite-2-x2OtO-AvwEHrEwR0FyyPtfDUiloG3rnVTSZV1W8UteaLL8-MajQd8DpvUb2YVzC--T18aSDv0H9mu-xw0EStoQ-- <- @codemirror/lang-json 6.0.2
+ nodelite-2-x6lyFMJFgf-8dArUfPBtEqieKm8J7Vab-hIiNCCqcziEucJwNgFUF1xwLUuypn-oSB9XvGQa4nxPZ0dyFZzOrQ-- <- @pnpm/network.proxy-agent 2.0.3
+ nodelite-2-xAg7SOnEhrm5zI3puOOKyy1OMcMlIJZYNJY7xLBwSze0UjhPLnWfj2GF2EpT0jmzaJKIWKHLsaSSajf35bcYnA-- <- saxes 6.0.0
+ nodelite-2-xal3CZX1Xlo-k4ApwCFrHVACi9fBqJ7V-mwhBsuf-1IOKbBy098Fex-Wa-5QMubw09pSZ-u8EY8PWgevJsXp1A-- <- sade 1.8.1
+ nodelite-2-xbbCH5dCYU5T8LcEhhuh7HJ88HXuW3qsI3Y0zOZFKfZEHcpWiHU-Jxzk629Brsab-mMiHQti9wMP-845RPe3Vg-- <- json-schema-traverse 0.4.1 (1.0.0 is available)
+ nodelite-2-xceH2snhtb5M9liqDsmEw56le376mTZkEX-jEb-RxNFyegNul7eNslCXP9FDj-Lcu0X8KEyMceP2ntpaHrDEVA-- <- picocolors 1.1.1
+ nodelite-2-xckBUXyTIqT97tq2x2AMb-g163b5JFysYk0x4qxNFwbfQkmNZoiRHb6sPzI9-QV33WeuvVYBUIiD4NzNIyqaRQ-- <- functions-have-names 1.2.3
+ nodelite-2-xCy9V055GLEqoFaHoC1SoLIaLmWctgCUaBaWxDZ7-Zx4CTyX7cJQLJOok-orfjZAh9kEYpjJa4d0KcJmCbctZA-- <- perfect-debounce 1.0.0 (2.0.0 is available)
+ nodelite-2-xDGvUOQjop7RDgxTQ-o4pOol0-3xSZzawTiPKRrHnQWAy0WjhNs-5HdIDJCrqC4MBynmjXgULc6YfioaxZeFgg-- <- otplib 12.0.1
+ nodelite-2-xelSayHH36ZgE7ZWhli7pW34hNbNl8Ojv5KVmkJD4hBdD3th8Tfk9vYasLM-mXWOZhFkgZfxhLSnrwRr4elSSg-- <- is-glob 4.0.3
+ nodelite-2-xeXHBQkn2ISSXxbJWD828PFjtyg--UrMDo7W4Ffcs7-YWCquxU8YjV1KoxuiL-eJ5pg3ll-bC6flVv61L3LKZg-- <- dts-resolver 2.1.2 (2.1.3 is available)
+ nodelite-2-xf1v9oOJRyXfluBhMdpOkr-bsE-Irt-0D5uHtvg6x1eosfmHCsCC6ej-m7FXiWqdo0-ZUI6xSKDhJwc8yfiOPQ-- <- @otplib/preset-default 12.0.1
+ nodelite-2-xfBaXQd9ryd9dlSDvnvI0lvxfLJlYAZzXomUYzLKtUeOQvOP5piqAWuGtrhWeqaXK9hhoM-iyJc5AV-XfsX3HQ-- <- lodash.uniq 4.5.0
+ nodelite-2-xfYCBMxveHrRMnAWl1ZlPXOZjzkN82THFvLhQhFXFt81Z5HnN-EtUkZhv-zcKpmT3fzmWZB0ywiBrbC3vogbwQ-- <- @babel/plugin-syntax-typescript 7.27.1 (8.0.0-beta.0 is available)
+ nodelite-2-xHjhDr3cNBK0BzdUJSPXZntQUx-mwMS5Rw4A7lPJ90XGAO6ISP-ePDNuo0vhqOZU-UD5JoodwCAAoZQd3FeAKw-- <- isarray 2.0.5
+ nodelite-2-xHku1X40RO-fO8yJ8Wh2f2rZWVjqyhb1zgq1yZ8aZRQkv6OOKhKWRUaht3eSCUbAOBaKIgM-ykwFLE-QUxgGeg-- <- error-stack-parser-es 0.1.5 (1.0.5 is available)
+ nodelite-2-xkihq5JPUZqxZbUOrz-fJprx5KZD0vPmesImGpoqFpPwmaFBpxBB4sl8GEwG2tE5-XVekSZw5I1D5NiwNvtwdQ-- <- symlink-dir 6.0.5
+ nodelite-2-xmnLWMtmHJHJBupSWMUEW1gyxuRIeQ1Ov2xa8Tqq77fPr4Ft2AluEwiDMaZIMHoAvpxWKEEt9Si59Li7GIA-bQ-- <- @aws-sdk/middleware-expect-continue 3.922.0 (3.972.2 is available)
+ nodelite-2-xRc4oEhT6eaBpU1XF7AjpOFD-xQmXNB5OVKwp4tqCuBpHLS-ZbBDrc07mYTDqVMg6PfxUjjNp85O6Cd2Z-5HWA-- <- mime-types 3.0.1 (3.0.2 is available)
+ nodelite-2-xRf72lk7xHNvbenA4sp4Of-90QDdRW0CRYT-V-EbqpUXu1xsXtedHai34cTU6VGe7C1hUukxxE9eYTtIpYrx5g-- <- @pnpm/catalogs.types 1000.0.0
+ nodelite-2-xRMsfuQbnRq1Ef-C-RKaENOxXX87Ygl38W1vDfPHRku02TgQr-Qd8iivLtAMcR0KF5-29xlnFihkTlbqFrGOVQ-- <- @types/mime-types 3.0.1
+ nodelite-2-xSUfMu1FT7ccfSXkoLl-QRQBi2rOvi3tiBZU2Tdy3I6cgvZ6SEi9QNey-lqps-sJRnogIS-lq-B1gxxbra2a-w-- <- @smithy/signature-v4 5.3.5 (5.3.8 is available)
+ nodelite-2-xuIq7cIOt09RPRJ19gdi4b-RiNvDFYe5JH-ggNvBqGqpQXcru3PcRmOZuHBKWK1Txf9-cQ-HMVN4d6z46LZP7A-- <- minipass-pipeline 1.2.4
+ nodelite-2-xUtoPkMggbz0MPyPiIWr1Kp4aeWJjDZ6SMvURhimjdZgsRuDplF5-s9hcgGhyXMhs-6vpnuoiZ2kFiu3FMnS8Q-- <- environment 1.1.0
+ nodelite-2-xvsWESUJn0JN421Xb9MQw6AsMHRCUknCe0Wjlxvjud80mU4E6hQf1A6NzQKcYNmYw62MfzEtXc-badstZP3JpQ-- <- as-table 1.0.55
+ nodelite-2-xxHQm8wfCv2e8EmtaDwpMeAHOWqgQDAYg-BJouLXSQt5oTKu9TIXrgNMGSrM2fLvKmECsRd9uUFAAD-hPyootA-- <- @oxc-project/types 0.80.0 (0.95.0 is available)
+ nodelite-2-xy3pmLuQqRBZBXDULy7KbaitYqLcmxigw14Q5sj8QBVLqEwXfeybIKVWiqAXTlcvdvb0-xkOtDbfQMOf4lST1w-- <- postgres-bytea 1.0.0 (3.0.0 is available)
+ nodelite-2-xYfnw62CKG8nLkZBfWbhWwDw02CHty86jfPcc2cr3ZfeuK9ysoVPPEUxf21bAD-rWAgk52SuBrLJlefNy8mvFg-- <- globjoin 0.1.4
+ nodelite-2-xyFwyhro-JEof6Ghe2iz2NcXoj2sloNsWr-XsERDK-oiPCfaNhl5ONfp-jQdAZRQQ0IJWNzH9zIZF7li91kh2w-- <- json-parse-even-better-errors 2.3.1 (5.0.0 is available)
+ nodelite-2-y-52Mcy7aw3gRm7IrcGDFx-bCk4AhRh2eI9luHOQM86nZsqwiRkkq2GekHXBBD-SmPidc8i2PqtYZl-pWJ8Oeg-- <- sanitize-filename 1.6.3
+ nodelite-2-y-hkYGeXAj7wUMjxRbB21g-l6aAEituGXM9Rwl4o20-SX3e8YOSV6BxFXl-dL3Uk0mjSL3kCbNkwURm8-gEDig-- <- superagent 10.2.3
+ nodelite-2-y-SqErxb8h7nE-fiEX07jsbuhrpO9lL8eca7-Y1nuWV2moNlXhyd59iDGcRf6moVyDMbmTNzL40SUyrFU-yDpg-- <- leac 0.6.0
+ nodelite-2-y-WKFlBR8BGXnsNlIHFGPZmyDf3DFMoLhaflAnyZgV6rG6xu-JwesTo2Q9R6XwYmtmwAFCkAk3e35jEdoeh-3g-- <- promise-retry 2.0.1
+ nodelite-2-y11nGElTIV-CT3Zv9t7VKl-Q3hTQoT9a1Qzezhhl6Rp21gJ-IVTW7Z3y9EWXhuUBC2Shnf-DX0antecpAwSP8w-- <- yargs-parser 20.2.9
+ nodelite-2-y1HRYy8s-RlcBvDUwKXSmkODMdx4KSuIvloCnQYJ2LdBBC1asY4HtfhXwe3UWknLakATZDnbzht2Ijw3M1EqFg-- <- on-net-listen 1.1.2
+ nodelite-2-y3b8Kpd8OAN444hxfBbFfj1FY-RjtTd8tzYwhUqNYXx0fXx2iX4maP4Qr6qhIKbQXI02wTLAda4fYUbDagTUFw-- <- p-map 2.1.0 (7.0.4 is available)
+ nodelite-2-y3bGgqKj3QBdxLbLkomlohkvsA8gdAiUQlSBJnBhfn-BPxg4bc62d8TcBW15wavDfgexCgccckhcZvywyQYPOw-- <- rc 1.2.8
+ nodelite-2-y4coMcylgSCdVinjiDBuR8PCC2bLjyGTwEmPb9NHR-QaNU6EUOXcTY-s6VjGMD6ENSEaeQYHCY0GNGS5jfMwPw-- <- cli-boxes 2.2.1 (3.0.0 is available)
+ nodelite-2-y4Mg2tXshplEbSGzx7amzPwKKOCGuoSRP-CjEdwwk0FOGlUbq6lKuoyDZTNZkmxHdJtp54hdfY-JUrdL7Xfdug-- <- commander 10.0.1
+ nodelite-2-y5s1cHwclqwP8h7K2Wj9SfP1q-1S9-jrs5OAegYTLAiuFi7nDvuKqbiXLmUTvYPMpzHcX94wTY2-D604jgTKvA-- <- samlify 2.10.2
+ nodelite-2-y6OAwoSIf7FyjMIv94u-b5rdheZEjzR63GTyZJm5qh4Bi-2YgwLCcI-fPFZkL5PSixOt6ZNKm-w-Hfp-Bciwow-- <- fs-constants 1.0.0
+ nodelite-2-y8YTNIeKoyhGd9O0Jiyzyyqk8gdjnumGTQPsz0xOZOQ2RmkVJeZ1vmmfIvFEKqucBG6axJGBZDE-7iI5suUI-w-- <- @babel/plugin-syntax-jsx 7.27.1 (8.0.0-beta.0 is available)
+ nodelite-2-y98otMI1saoajeik2kLfGyRp11e5U-iJYH-wLCh3aTV-XutbGT9nziKGkgCaMD1ghK7p6htHMm6b6scl9JRUWg-- <- @smithy/querystring-builder 4.2.5 (4.2.8 is available)
+ nodelite-2-ybx0WO1-8bSBLEWXZvEd7gMW3Sn3JFlW3TvX1nREbDLRNQNaeNN8WK0meBwPdAaOI7TtRRRJn-Es1zhrrCHu7g-- <- siginfo 2.0.0
+ nodelite-2-yemi4pMf51WKT7khInJqAvsIGzoqYXblnsz0ql8tM-yi1EKYTY1evX4NAbJrLL-Aanr2HyZeluqU-Oi7MGHokw-- <- ignore-walk 5.0.1 (8.0.0 is available)
+ nodelite-2-yg2d-Em4KizZC5niWhQaIomgf5WlL4vOOjZ5xGCmF8SnPE-mDWWXgvRExdcpCgh9lLRRa1-fSYp2ymmbJ1pI-A-- <- istanbul-lib-source-maps 5.0.6
+ nodelite-2-yhlQgA6mnOJUKOsRUFsgJdQCvkKhcz8tlZG5HBQfReYZy46OwLcY-Zia0mtdHsOo9y-hP-CxMN0TU9QxoOtG4g-- <- fs-extra 8.1.0 (9.1.0 is available)
+ nodelite-2-yi1x3EAWKjQTreYWeSd98431AV-IEE0qoDyOoaHJ7KJ21gv6HtBXHVLX74opVSGqcR8-AbjJBHAHpcOy2bj5Gg-- <- culvert 0.1.2
+ nodelite-2-yIdlVVVHXpmqRhtyovZAcSy0MiPcYWGkoO4CGe--jpP0hmNuihm4XhHbADpK--MsiLHP5MVlv-bcgdF99kSiFQ-- <- @types/node 20.19.23 (26.4.1 is available)
+ nodelite-2-yILWifhaSEEytfXI76kB9xEEiG1AiozaCJZ83A87ytjRiN-jVibXjedjCRNjoZviinhG-4UkalO3mWTd8u5O0Q-- <- read-cmd-shim 4.0.0 (5.0.0 is available)
+ nodelite-2-yjNnPr315-FjS4zIsUxYguYUPP2e1NK4d7E7ZOLiyYCcbFBiTMyID-2wvm2w6-pZ-odMA7cRkjhsPbltwBOrLg-- <- enquirer 2.3.6 (2.4.1 is available)
+ nodelite-2-yki5XnKuf750l50uGTllt6kKILY4nQ1eNIQatoXEByZ5dWgnKqbnqmTrBE5B4N7lrMJKQ2ytWMiTO2o0v6Ew-w-- <- cookie 0.7.2 (1.1.1 is available)
+ nodelite-2-ykRMW8PjVAn-RS6ww5cmK9U2CyH9p4Q88YJwvUslfuMmN98w-2rdGRLPqJYObapBCdzBVeDgYWdJnFPFb7qzpg-- <- @azure/core-auth 1.10.1
+ nodelite-2-yL-sLrpmtDaFEiUj1osRP4TI2MDz1AddJL-jZ7KSqvBuliN4xqYY54IfdN8qD8Toa6g1iloph1fxQNkjOxrrpQ-- <- @eslint/core 0.17.0 (1.2.1 is available)
+ nodelite-2-yLO-86MYOIUr1Jl7SQw23SYT84ggv6aJW0EIRsI3NTHYgnQzmK7Bt2n5ZFupQlB0GJqmKqA5tCue3NKQb-o7Pw-- <- @editorjs/dom 1.0.1
+ nodelite-2-ymXWVrDiCxTBE3-RIrrP533E70eA-9qu7zdWoHuOmGujkYtzf4HQF96b8nwHLqhuf4ykX61IGRIB38CC6-sImQ-- <- @types/methods 1.1.4
+ nodelite-2-yN0WQmuCX63LP-TMvAg31nvT6m4vDqJEiiv2CAZqWOGNWutc9DfDk1NPYYmKUFmaVM2UwDowH4u5AHWYP-jxKw-- <- process-nextick-args 1.0.7 (2.0.1 is available)
+ nodelite-2-ynTsyrFSdE5oZ-O9GEf00kPngmOfVwazR5GKDq6EYfhlpFug3J2zybX56a2PRRpc9P-FuSoGNAwjlbDs9jJBPQ-- <- linkify-it 3.0.3 (5.0.2 is available)
+ nodelite-2-ypGJsmGtdXUOeM5u93TyeIEfEhM6s-ljAhrk5vAvSx8uyY-02OvrZnA0YNGUrPXfpJMgI1ODd3nwz8Npx4O4cg-- <- path-scurry 2.0.0 (2.0.2 is available)
+ nodelite-2-yPVavfyCcRhmorC7rWlkHn15b4wDVgVmBA7kV4QVBsF7kv-9TKJAbAXVTxvTnwP8HHKjRCJDClKbciiYS7p0DQ-- <- commander 11.1.0
+ nodelite-2-ypzHFE-wBzh-BlH6rrBgS5I-Z7RD21pGhZ2rltb--ZrVM1awdZwjx7hE5XfuYgHWk9uvV5HLZN3SloevCAp3Bw-- <- @types/tern 0.23.9
+ nodelite-2-yQbXgO-OSZVD2IsiLlro-7Hf6Q18EJrKSEsdoMzKePKXct3gvD8oLcOQdIzGupr5Fj-EDe8gO-lxc1BzfMpxvA-- <- braces 3.0.3
+ nodelite-2-yTbItCNreRooED33qjunPthRcSjERP1r4MqCZc7wv0u2sUkzTFp45tgUfS5-r7FrZPdmCCNflLhVSP-o-SemsQ-- <- @types/fs-extra 11.0.4
+ nodelite-2-ytQKuwgmrrkDTFP4LjR0ToE2nqgy886GpvRSpU0JAnrdBYppuY5rLkRUYPU1yCryb24SsKBTL-hlDQAEFVwtZg-- <- tsx 4.20.6 (4.21.0 is available)
+ nodelite-2-yvkRyxmFKEOQ4pNXCmJG5AEQNlXJS5LaONXo5-cLdTZdWvsZ1ioJEonLGAosKlMWE8lwUy-bJzMjcw8az73-Fg-- <- is-plain-obj 1.1.0 (4.1.0 is available)
+ nodelite-2-ywqV-5MmyL4E7ybXgKys4DugZbX0FC6LnwrhjuykIjnK9k8OQacQ7axGKnjDXWNhns0xot3bZI5h55H8yo9cJg-- <- cli-spinners 2.9.2
+ nodelite-2-yxtOBWDrdi5DD5o1pmVdq3WMCvnobT0LU6R8RyyVXPvFRd2o79-0NCuQoCjNTeZz9EzA9xS3JxNWfv54RIHFEA-- <- @fortawesome/fontawesome-svg-core 6.7.2 (7.1.0 is available)
+ nodelite-2-yzMTt9lEb8Gv7zRioUilSglI0c0smZ9k5D65677DLWLtWJaXIS3CqcGyUFByYKlnUj6TkjLVs54fBl6-TiGQDQ-- <- @isaacs/balanced-match 4.0.1
+ nodelite-2-z-Uw-vLuy6gQe8cfaFWD7p0wVv8fJl3mbzXh33RS-0oW2wvUqiRXiQ69gLWSLpgB5-6sU-r6BlQR0MBILadqTQ-- <- lodash.get 4.4.2
+ nodelite-2-z0aVlO5e4Wah6p6mouM0UEqtRf1MZZPt4mwzEyU6kusaNL-dlWQgAasF2cK23hwT4cmxkEmr4inULXgpyeExdQ-- <- @fullcalendar/core 6.1.19
+ nodelite-2-z0yWI-4FDrrweS8Zmt4Ej5HdJmky15-L2e6Wgn3-iK5fWzb6T3fhNFq2-MeTRb064c6Wr4N-wv0DzQTjNzHNGQ-- <- mimic-response 3.1.0 (4.0.0 is available)
+ nodelite-2-z2S-W9X73hAUUki-N-9Za2lBlun89zigOyGrsax-KUQ6wKW4ZoWpEYBkGhQjwAjjDCkWxhY0VKEhk8wzY7F5cA-- <- decamelize 1.2.0 (6.0.1 is available)
+ nodelite-2-z4rE2Gxh7tvshQ4hluIT7XcFrgLIQaw9X3A-kTTRdovCz5PMukm-0QC-BKSYPj3omF5Qfypn9O-c5kgpmvYUCw-- <- bowser 2.12.1 (2.13.1 is available)
+ nodelite-2-z6F2D3cOStZvuk2SaP6YrwkNO65iTZcwA2ZkSABegdkAh-lf-Aa-YQndZVfmEXT5vgAp6zv06VQ3ejSVjAny4w-- <- @types/send 0.17.5 (1.2.1 is available)
+ nodelite-2-z7CMFGNrENq5iFB9Bqo64Xk6Y9sg-epq1myIcdHaGnbMTYOxvzsEtdYqQUylB7LxfkvgrrjP32T6Ywciio9UIQ-- <- is-lambda 1.0.1
+ nodelite-2-z8TQwaBXXQIvG6i2g3e9cgMwUUXu9Ib7jo2qRRggdhwKpM56Dw3PM3wmexn-EGaaOZ7az0K7sjc3-gcGW7sz7A-- <- @lezer/highlight 1.2.2 (1.2.3 is available)
+ nodelite-2-za5vTLuPF9nmrVOovYQwNEWE-PwJCM-yHMAj4xN1WWUvtq9OElsvKiPL0CR9rO8xhrYqL7NpI7IknqR8r6eYOg-- <- wellknown 0.5.0
+ nodelite-2-zbB9rCJAT1rbjiVDb2hqKFHNYLxgtk8NURxZ3IZwD3F6NtxbXZQCnnSi1Lkx-IDohdPlFp222wVALIheZJQSEg-- <- ansi-styles 4.3.0 (6.2.3 is available)
+ nodelite-2-zBF6vZJn1IaMpg3xUF25VK3gd3l8zwE0ZLRX7dsQyQi-jp4E8mMDJNGDYnYse-bQhYwWERTxVwHpi3dMOq7RKQ-- <- @types/send 1.2.0 (1.2.1 is available)
+ nodelite-2-zBPfuzoI8xyBtR2P6WQj63Rz8i3AmfAaJLuNG8dWsfvPe8lO4aCPYLn879mEgHndZH1zQ2oXmG8O1GGzzaoZiw-- <- @smithy/util-utf8 4.2.0
+ nodelite-2-zcAG-lvU0fMziNeGXpPyCyCJYp5ZVrPElEE4t14jAmViaihohocZ-dDkcRIyAomox8pQsuZnv1EyHR-pOhmUWw-- <- @pnpm/ramda 0.28.1
+ nodelite-2-zCnTtlxNoAiDc3gqY2aYAWFx7XWWiasuF2K8Me5WbN8otHKTUKBwjPtNpRs-rbUZm7KxWAaNj7P1a-p52GbVug-- <- extend-shallow 2.0.1 (3.0.2 is available)
+ nodelite-2-zFObLMyZeEwzAoKCyu1B91U79K2t7ApXuQfo8OuxwXLDgcKxuwM-YvcbIhm6QWqz7mHUH1TVytR1PwVVjEuMig-- <- supports-hyperlinks 3.2.0
+ nodelite-2-zgfER9s-ftkGKUZgc0xbx8T7-HMO4AV5-YuYiFc-AtgcO5T0v8AxYYNQ-ltzuzDZgNkYJaFspm5MMYLjQzrkmw-- <- graphql-ws 6.0.6
+ nodelite-2-zHPGN3S55sihSQo0dBbK0A5qpi2R31z7HZDZnry3ifOyj8bZZnpZND2gpmhnRGO1V-d555RwBqIK5W4Mrmv3ig-- <- argon2 0.44.0
+ nodelite-2-ziinF4N8GYUXrxxKyoIX6GAaqzmc7Ck4j5U-hxqkNPLK3vlxrFJAGUkBWuTb8OmBLqklPo8d8UMmAVA3ZmM6BA-- <- dir-is-case-sensitive 2.0.0
+ nodelite-2-ziiuSjJzw9fZSVab6dQs2H5jiGh0vPcQq4-a9H1rMil8D3EFvHj-HqFlO0tNNvPWCGmiAPYF9KN9MJWtowC-nw-- <- @pnpm/npm-resolver 1004.4.1
+ nodelite-2-ziQuVzQZBROpKpfeDwmrG-Vvlr0YWmY-ZAk99XD-mGEBuEojoFekL41NCsdhyNUtZI7DPOoIWIR7vQQK9xwluw-- <- postcss-colormin 7.0.4
+ nodelite-2-zJ2mQYM18rEFOudeV4GShTGIQ7RbzA7ozbU9I-XBpm7kqgMywgmylMwXHxZJmkVoYkna9d2pVXVXPdYTP9ej8Q-- <- fresh 0.5.2 (2.0.0 is available)
+ nodelite-2-zK-rCH-I0DMKpPBLCElXGI7za3EnXeQFdiK6CTP02Tt1N1L-bMLghZY7cXozlx9M2bx4Q0zrY9ADYP3eI8haIw-- <- graceful-git 4.0.0
+ nodelite-2-zK0TB7Xd6JpCLmlLmufqykGE--TlOePD6qKClNW7hHDKFh-J7-7gCWGR7joEQEW1bKq3a3yUZSObOoWLFQ4ohg-- <- read-pkg-up 7.0.1 (8.0.0 is available)
+ nodelite-2-zK7YHHz4ZXpW89AHXUPbQVGKI7uvkd3hzusTdotCg1UxyaVtg0zFJSTfW-Dq5f7OBBVnq6cZIaC8Ti4hb6dtCA-- <- zip-stream 6.0.1
+ nodelite-2-zkVhZUA3y8mbz652WrL5x0fB0ehrBkulWT3TomAQ9iDtyXZvzKeEA6GPxAItBYeNYl5yngKRX612qHOhvMkDeg-- <- native-promise-only 0.8.1
+ nodelite-2-zLftSaNrKuYl0kR5zm4gxXjHaOI3FAOEaloKmRA5hijmJZvSjmxcokOLlzycb-HXlUFWzXqpIEoyEMCE4i9MvQ-- <- markdown-it-emoji 2.0.2
+ nodelite-2-zOiZqvANjWDUaUS9xMxbMcK-Zccztbe-6ikvUXaG9nsPH3w6qh5UaPGAnirI-WhIbZ8m3OHU0ReyPrknG-ZKeg-- <- @babel/plugin-proposal-decorators 7.28.0 (7.29.7 is available)
+ nodelite-2-zoWr9ObaxALD3DOPfjPSqxt4fnZiWblxHIgeWqW8x7UqDzEtHEQLzji2cuJYQFCU6KmoJikOYAZlrTHHebjx2w-- <- unique-slug 2.0.2 (6.0.0 is available)
+ nodelite-2-zptv57P3GpL-O0I7VdMJNBZCu-BPHVQUk55Ft8-QCJjTVxrnJHuVuX-0Bl2A6--2oyR-ZMEuFKwmzqqZ-U5nPQ-- <- jackspeak 4.1.1 (4.2.3 is available)
+ nodelite-2-zq-ay-9fNIJJtJiZxdTnXS20PllcYMX3OE23ESc4HK-bdYu3cOWYVhsOhVnXALfU-uqJIxn5NBPd9z4v-SfoSg-- <- @emnapi/core 1.6.0 (1.8.1 is available)
+ nodelite-2-zr3HeYmC85hbuFsqvdcQ71gP4AhwrVw2QBIzRA-nWPY5cN8kUSdUGSsg5kSZ-0yXvubzNiNqkqUGyf0vTGSBoQ-- <- @pnpm/fetcher-base 1001.0.0 (1001.0.2 is available)
+ nodelite-2-zrCfk0HUQM8WhxCi3C0waGDKO0-gB4r3LgAUOQB4YTHPNr-m-iubznY0I5G776OqJfsPeLi4bByg4Y1wK29xlg-- <- @pnpm/dedupe.issues-renderer 1000.0.1
+ nodelite-2-zRm2YmzFVqbsmUsyyZnHfJrOlQUcWS-FJ5ZWL8Q1kZh5PnLBrTVZNpakIWwAxpN5gNEi9MmFd5YHocVJp8ps1Q-- <- @rolldown/binding-linux-x64-musl 1.0.0-beta.31 (1.0.0-rc.2 is available)
+ nodelite-2-zRpUiDwd-xk6ADqPMATG8vc9VPrkck7T07OIx0gnjmJAnHnTVXNQG3vfvWNuiZIkwu9KrKdA1iJKfsfTVxE6NA-- <- buffer-equal-constant-time 1.0.1
+ nodelite-2-zrv842me5prXzAqiTkNhHbrFg5zO3CkWm3aw7-U0qgbK5Iz18oZPBMT6gGDdZN3B-s09oRW5Yyxxi6CYpSHuDg-- <- @pnpm/resolving.bun-resolver 1002.0.1
+ nodelite-2-zSMINGVYkdpYSOBmLi0D1Uo7JU9nVdQKrHxC8eYlV-9YKK9WePqAlL7lSlorG-U2Fw1w0hTBmaa-jrQ3UbPHtA-- <- loupe 2.3.7 (3.2.1 is available)
+ nodelite-2-zt6OdqaDoOnJ1ZYsCYGt9YmWzDXl4vQdKTyJev62gFhRGKdx7mcT54V9KIjg-d2wi9EXsPvAPKe7i7WjfVWB8g-- <- @rtsao/scc 1.1.0
+ nodelite-2-ztqyC3kLto0e9WbNp0aeP-M3kTt-nbaIveGmUxAtZa-8iFgKLUOD4YKM5j-f3QD89bra7UeumolZHKuOXnTmeQ-- <- html-tags 3.3.1
+ nodelite-2-zu0evbcRTgjKfrr77-2XX-bU-kuGfjm0LbajJHVIgBWNIDzrhpRxiCPNT8DW5AdmSsq7Mcf9D1bH0aSeSUSM-Q-- <- @fortawesome/free-brands-svg-icons 6.7.2
+ nodelite-2-zwF4bmnyEjZwRhaak9jUWNxc0DoeKBJ7lwSN-LEc8dQXZcUFG6auaaTQJokQWXopLdM3iTx01nQT8E4aL29DAQ-- <- strip-comments-strings 1.2.0
+ nodelite-2-zymm5-u-sCsSWyD9qNaejV3DFvhCKclKdizYaJUuHA83RLjb7nSuGnddCHGv0hk-KY7BMAlsWeK4Ueg6EV6XQg-- <- is-fullwidth-code-point 3.0.0 (5.1.0 is available)
+ nodelite-2-zz06S8t0ozoDXMG-ube26zeCTNXcKIPJZJi8hBrF4idCLms4CG9QtK7qBl1boi5ODzFpjswb5JPmHCbMpjaYzg-- <- is-arrayish 0.2.1 (0.3.4 is available)
+ nodelite-2-zz4qv-sKETv7nAkATqSJ9YMbKD8NXRPuA8d17VdYCuNYrVstB1S6UAMU6aytf5vRa9MESbZN7jLZdcmrOxz4gg-- <- read-ini-file 4.0.0
+ nodelite-2-zzNR-SdQSDJzc8joaeP8QQoCQr8NuYx2dIIytl1QeBEZHJ9uW6hebsrYgbz8hJwUQao3TWCMtmfV8Nu1twOLAw-- <- @jridgewell/trace-mapping 0.3.31

Done in 1.3s using pnpm v10.34.5
