Progress: resolved 1, reused 0, downloaded 0, added 0
Packages: +250
++++++++++++++++++++++++++++++++++++++++++++++++++++++++++++++++++++++++++++++++
Progress: resolved 250, reused 0, downloaded 249, added 0
Progress: resolved 250, reused 0, downloaded 249, added 249
Progress: resolved 250, reused 0, downloaded 250, added 250, done

dependencies:
+ nodelite-2-dyybb3AcajC7uha6CvhdVRJqaKyn7w2YKqKyAN37NKYgZT36w-iRb0Dymmc5qEJ549c-S31cMMSFd75bteCpCw-- <- @eslint-community/eslint-utils 4.7.0 (4.9.1 is available)
+ nodelite-2-dzlvlNlt6AXU7EBSfpAscydQ7gXB-pPGsPnfJnZpiNJBDj7IaJzQlBZYGdEi4R9HmPdBv2XmWJ6YUtoTa7lmCw-- <- type 2.7.2 (2.7.3 is available)
+ nodelite-2-e-HfNH61Bj1X9-jLc5v1owaLYuHdeHHSQlkhCBiTK8rBvKaULl-beGMxwrMXjpYrv4pz22BlY570vVePA2ho4A-- <- es-abstract 1.23.3 (1.24.2 is available)
+ nodelite-2-e-QzoReTZ8IAwhnSdp---7gBZ-F-nBq9y6PomfwORfP7q9nBpK5AMP64kOt0bA-lShBFbBDcgpJ3X4etHg4lzA-- <- postcss-discard-empty 7.0.0 (7.0.3 is available)
+ nodelite-2-e-webMjoGOSYfqLunyzByZj5KKe5oyVg-YSbie99VEaSDE2kimFm0q1f6t-6Jo-VVCQ-jbe2Xy-uX-C4xzWs4w-- <- @csstools/postcss-logical-overscroll-behavior 2.0.0
+ nodelite-2-e-zv1co8pp55dNdEcCynfj9X7nyUKUXoUEwfXqaZt0omVOmDe9oOTdKStH4GmAw6zxMFs50ZayuMfHDKlO7Tfw-- <- @babel/helper-validator-option 7.25.9 (8.0.0-beta.0 is available)
+ nodelite-2-e0MO3wdXWKrLbL0DgGnUV7WHVuw9OUvL4hjgnPkIeEvESk74gAITi5G606JtZPp39cd8HA9VQzCIvA49LpPN5Q-- <- web-streams-polyfill 3.2.1 (4.0.0-beta.3 is available)
+ nodelite-2-e1LleDykUz2Iu-MTYdkSsuWX8lvAjAcs0Xef0lNIu0S2wOAzuTxCJtcd9S3cijlwYF18EsU3rzb8jPVobxDh9Q-- <- glob 9.3.5
+ nodelite-2-e1QtP3YL5tWww8uKaOCQ18UxIT2laNBXHjV-S2WYCiK4udiv8lkG89KRIoCjUagnAmCBurjF4zEVX2ByBbnCjQ-- <- seek-bzip 1.0.6 (2.0.0 is available)
+ nodelite-2-e2BR4lsJkkRlKZ-qCHPw9ZaSxc0MVUd7gtbtaB7aMvHeJVYe8sOB8DBZkP2DtISHGSku9sCK6T6cnY0CtXrOCQ-- <- @swc/counter 0.1.3
+ nodelite-2-e2dttdsJ1ZTpi3B9UYGLw41hifAubg19AtCu-2I-F1QNVclOBr1dYpTdmdyZ84Xiz43BS-tCUkMAZNLv12Pi-A-- <- @babel/plugin-syntax-import-attributes 7.26.0 (8.0.0-beta.0 is available)
+ nodelite-2-e2LSXPqEHVW6aoGbjV9RsSSNDO3A0rZLCBxN24zvxF25WknMPpX8Dm9UxxThyEbaytzggRuZxaGXqaOhxQ514Q-- <- postcss-convert-values 7.0.4 (7.0.7 is available)
+ nodelite-2-e3FBlXLmN-D1S-zHzanP4E-4Z60oFAa3O051qt1pxa7DEJWKAyil6upYVXCWadEnuoqa4Pkc9oUx9zsxYeRv8A-- <- pause-stream 0.0.11
+ nodelite-2-e3nRfgfUZ4rNGL232gUgX06QNyyez04KdjFrF-LTRoOXmrOgFKDg4BCdsjW8EnT69eqdYGmRpJwiPVYNrCaW3g-- <- es-define-property 1.0.1
+ nodelite-2-e48kc2IjU-2Zw8cTb6VZcJQ3lgVbS4uuB1TfCHbiZIP-haNXm-SVyhu-87jts5-3ROpd82GSVCoNs-z8l4ZOaQ-- <- decompress 4.2.1
+ nodelite-2-e4hG1hRwoOdRb37cIMSgzNsxyzKfayW6VOflrwvR--bzrkyxY-31WkbgnQpgtrNp1SdpJvpUAGTa-ZoiPNDuRQ-- <- svg-parser 2.0.4 (2.1.0 is available)
+ nodelite-2-e5ISH9xMYU0DzrT-jl8q2ze9D6eWBto-I8CNpe-VI-K2J-F-k3PdkdTdz4wvGVH4NTpo-NRYTVIuMQEMMcsLqg-- <- mimic-response 4.0.0
+ nodelite-2-e5iwyodOHhbMr-yNrc7fDYG4qlbIvI5gajyzPnb5TCwyhjApznQh1BMFou9b30SevY43gCJKXycoCBjMbsuW0Q-- <- function.prototype.name 1.1.8 (1.2.0 is available)
+ nodelite-2-e68Nev4CxZYCLcrfWhHH4u-N1YocOfTmw67-kVX5Rb7rnguqqLyxPjhHWjSBX8o4bmyuukmNf3wrUSU3--kT7g-- <- @csstools/postcss-color-mix-function 3.0.7
+ nodelite-2-e6tvsZbtHt4kzl82oCajOUxwIN8uMfjhuQ0qxIVRzPekRRjKEzyH9agYPW6toN0cnHpkhPsu51tyZKJOdUl7jg-- <- @rolldown/binding-linux-x64-musl 1.0.0-beta.11-commit.f051675 (1.0.0-rc.2 is available)
+ nodelite-2-e7Mew686owMaPJVNNLs55PUvgz371nKgwsc4vxE49zsODpJEnxgxRo2y-OKrqueavXgZNMDVj3DdHFlaSAeU8g-- <- @standard-schema/utils 0.3.0
+ nodelite-2-e7zcB6TPnVzyUaHMJyLSArKa2AG3h9-4CfvKXKKWNx6hRs-p0a-u7HHTJBgo6KW2m-vqDnuIHK4X-bhmoghAFA-- <- @docusaurus/utils 3.7.0
+ nodelite-2-e9-OK8VhwUSc67diWI8Rb3I0YgI9-SBQtnhe9aEuK6MhZm7ntZZimXgwXnd8W96YTmSOb9M4d8LwhRZyhWr-1A-- <- @slorber/react-helmet-async 1.3.0
+ nodelite-2-e906FRY0-tV27iq4juKzSYPbUj2do2X2JX4EzSca1631EB2QJQUqGbDuERal7LCtOpxl6x3-nvo9NPZcmjkiFA-- <- pino-std-serializers 7.0.0 (7.1.0 is available)
+ nodelite-2-eB5zbQh5h-VenMPM3fh-nw1YExi5nMr6HUCR62ELSP11huvxm-Uir1H1QEyTkk5QX6A58pX6NmaTMceKZ0Eodg-- <- express-rate-limit 7.5.0 (7.5.1 is available)
+ nodelite-2-eDMORYaPNZ4sQIuuYPDHdQvf4gyCF9rEEV-yPxGfwPkRodwEgiMUUXTx-dex-Me0wxx53S-NgUHaP7y3MGlDmg-- <- wide-align 1.1.5
+ nodelite-2-eEgnFxGQ1Ife9bzYs6VLi8-4X6CObHMw9Qr9tPY43iKwsPw8xE8-EFsf-2cFZ5S3esXgpWgtSCtLNS41F-sKPA-- <- use-sync-external-store 1.2.0 (1.6.0 is available)
+ nodelite-2-eFuaLoy-Rxalv2kr-lqMlUnrDWV-3j4pljOIJgLIhI058IQfWJ7vXhyEIHu-HtC738klGALYxOKDO0bQP3tg8A-- <- defaults 1.0.4 (2.0.2 is available)
+ nodelite-2-eG2dWTVw5bzqGRztnHExczNxt5VGsE6OwTeCG3fdUf9KBsZzO3R5OIIIzWR-iZA0NtZ-RDVdaoE2dK1cn6jH4g-- <- pidtree 0.6.0 (0.6.1 is available)
+ nodelite-2-eGK26RsbIkYUns3Y8qKl362juDDYK-wEdPGHGrhzUl6CewZFo55VZ7hg-CyMFU4dd5QQakBN86nBMpRsFpRvbQ-- <- @babel/plugin-transform-flow-strip-types 7.26.5 (7.27.1 is available)
+ nodelite-2-eGuFFw7Upda-g4p-QHvnW0RyTX-SVeJBDM-gCtMARO0cLuT2HcEKnTPvhjV6aGeqrCB-sbNop0Kszm0jsaWU4A-- <- esprima 4.0.1
+ nodelite-2-eHY7nBftgThBqOyHGVN-l8gF0BucP09fMo0oO-Lb0w1OF80dJv-lDVpXG60WMQvkcxAkNybKsrEIE3ZtKGmPrA-- <- thunky 1.1.0
+ nodelite-2-ei8Aos7ja0weRpFzJnEA9UHJ-7XQmqglbRwnf2ATjcB9Wq874VKH9kfjjirM6UhU2-E5fFYadylyhFldcqSidQ-- <- cookie 1.1.1
+ nodelite-2-eiiY8HQeYfYH2Con2berK-To6GrK2RxbPawDkGq4UiCQQfZHb6wX9qQqkbpPqaxQFcl8d9QzZqo0tGE0VcrdwA-- <- es-abstract 1.22.3 (1.24.2 is available)
+ nodelite-2-eIQ4QTrOWyL3LWEe-bu6Taqzq2HQvHcyTMaOrI95P2-LmJE7AsfPfgJGuFLPVqBUE1BC1rik3VIhU-s9u72arA-- <- @mdx-js/mdx 3.0.1 (3.1.1 is available)
+ nodelite-2-eIz2msL-EzL9UFTFFx7jBTkeZfku0yUAyZZZmJ93H2TYEiroIx2PQjEXcwYtYl8zXCxb-PAmA2hLIt-6ZEkPHw-- <- jest-worker 29.7.0 (30.2.0 is available)
+ nodelite-2-ejAj9hfRJ2XMsNHk-v6Fu2dGS-i4UaXBXGemOfQ-JfQ6mdQg-WXtwleQRLLS4OvfDhv8rYnVwH27YJLMyYsxhw-- <- @webassemblyjs/floating-point-hex-parser 1.11.6
+ nodelite-2-eJJDYkhJFFbBBAxeh8xW-weHlkI28n2ZdQV-J-DNfWfSKlGEf2xcfAbZTv3riEXHAhL9SVOTs2pRmXiSTf78xg-- <- objectorarray 1.0.5
+ nodelite-2-ejQ9bCTiilb-aOF2l9fLF9sWGc2QvxepePTGlLIxGZzJpRYKODf1tJlIN51W9ho4tXD2GKbBb10jd3bKm3THKQ-- <- tailwindcss-elevation 2.0.0
+ nodelite-2-eljcgEDlEns-7AXFosB5K-2nCM4P7FQPkGc-DWLy5rmFEWvZayGrik1d9-QIY5nJ4f9YsVvBkA6kJpHn9rISdQ-- <- is-docker 3.0.0
+ nodelite-2-eM-pCBxXO-njtF7vdFsHuqb-ElbxqtI4r5EAvk6grfAFyJ6IvWlSkfZ5T9ozC6xWw3Fj1fGoSmrl0gUs46JVIw-- <- totalist 3.0.0 (3.0.1 is available)
+ nodelite-2-eMbZE2hUnx1WV0pmURZY9XoXPkUYjpc55mb0CrhtdWLtzMQPFvu-rZkTLZFTsdaVQa-Tr4eWAteqcUzoawq-uA-- <- @jest/get-type 30.1.0
+ nodelite-2-enIvLvRAFZYXJzkCYG5RKmPfrFArdLv-R-lbQ53BmIMLIry74bjKzX6iHAm8WYamJkhSSEabrWN5D97XnKObjQ-- <- minimatch 10.1.1
+ nodelite-2-eNTPlAD67BmP31LDINZ3U7HSF8l57TxOY2PmBJ1shpCvpnxBF93mWCE8YHBnXs8qiUZJc9WDcWIeC3a2HIAMfw-- <- exit-hook 2.2.1
+ nodelite-2-ePeK6cc1EcKLEhJFt-AebMCLL-GgSKhuygrZ-GLaKZYEecIgIECf4UaUuaByiGtzckwR4ain9VzUh95T1exYGw-- <- readable-web-to-node-stream 3.0.2 (3.0.4 is available)
+ nodelite-2-ePLRrbt3fgjXI5VFZOLbvkLD5ZRuxGKm-wJ3ujCqBtL3NanDHPo-5zicR5uEKAPiIjBYF99BM4K4okvMznjkVA-- <- lightningcss 1.28.2 (1.31.1 is available)
+ nodelite-2-er295DKPVsV82j5kw1Gjt-ADA-XYHsajl82cGNQG2eyoPkvgUhX-nDIyelzhIWbbsXP39EHcI6l5tYs2FYqYXQ-- <- http-cache-semantics 4.1.1 (4.2.0 is available)
+ nodelite-2-eRnCtTTtGZFpQCwhJiUOuxPQWRXVKYDn0b2PeHfXL6-Zi53SLAzAHfVhVWK2AryC-WH05kGfxhFIPvTF0SXQzg-- <- fastest-levenshtein 1.0.16
+ nodelite-2-eRoFWQw-Yv2tuYlK2pjFS2jGXSxSppAs3hSQjfxVKxM5amECzIgYYc1FEI8ZmhSh-Ig-FrKEz43NLRKJjYCZVg-- <- find-my-way 9.3.0 (9.4.0 is available)
+ nodelite-2-eSPVcuJJGVYrFYu2hEq8g8WWdJav3sdrI4o2c6z-rjnYDd3xH9j9E7deZQCzFn4QvGPouLngH3dQ-QVTxv5bOQ-- <- @smithy/middleware-stack 4.0.2 (4.2.8 is available)
+ nodelite-2-eSRppjcPIatRIMC1U6UngP8XFcz8MQWGQdt1MTBQ7NaAmvXDfvNxbvWV3x2y6CdEUciCSsDHDQZbhYaB8QEo2g-- <- nanoid 3.3.7 (5.1.6 is available)
+ nodelite-2-eTIzlVOSUR-JxdDFepEYcBMtZ9Qqdef-rnzWdRZuMbOywu5tO2w2N7rqjoANZ5k9vywhL6Br1VRjUIgTQx4E8w-- <- kleur 3.0.3 (4.1.5 is available)
+ nodelite-2-eTVLrBSt7fjbDygz805pMnstIs2VTBNkRm0qxZd-M7A5XDdxVRWO5MxGBXZhjY4cqLYLdtrGqRf8mBPmzwSpWQ-- <- cross-spawn 6.0.5 (7.0.6 is available)
+ nodelite-2-eU-GGrZgccNJcsDH5LkXR3PB9M958hxc7sbA8DFJjrv9j4L2P-eZfKhM-QD6wyzpiv-b1BpK0XrYCxkovtjSLw-- <- git-remote-origin-url 2.0.0
+ nodelite-2-eu38-hdgojoyq63s-yTpN4XMBdt5l8HhMhc4VKLO9KM5caLIBvUm4thi7fFaxyTmCKeNnXZ5pAlBwCUnhA09uw-- <- mrmime 2.0.0 (2.0.1 is available)
+ nodelite-2-eVRqCvVlZbuw3GrM63ovNSNAeA1K16kaR-LRY-92w0zxQ5-1YzwblUX652i4Xs9RwAGjW9d9y6X88t8OaAJfWQ-- <- is-arrayish 0.3.2 (0.3.4 is available)
+ nodelite-2-eW-gHNMlxdSP6dmG6uJip6FXN0EQBwm2clYYd8Wul42Cwu-DK8HEftzsapcNdYe2MfLiIwZqsDk2RDEsTE79hA-- <- pify 5.0.0
+ nodelite-2-eXTggHWSooYhq49F2opQhuHWgzucfF2YgODK4e1566GQs5BIfP30B0oenwBJHfWxAs2fyPB1s7Mg949zLf61Yw-- <- ci-info 3.8.0 (4.3.1 is available)
+ nodelite-2-exvchtjNURJJkpqjQ3-opdbfeT2wPKvrbnGnyRkrwW5o3FH1LaST1tkiNviT6OXTexGaVc2DahbdniQHVtQ7pA-- <- @module-federation/sdk 0.5.1 (0.8.4 is available)
+ nodelite-2-eY93IVpod-zG3uMF22Unl8h9KkrcKIRs2EGar8hwLZZDU1lkjph303V9HZBwufh2s736U6VXuhD109LYqPoffg-- <- preact 10.11.3
+ nodelite-2-eYm0QWBtUrBWZWG0d386OGAw16Z995PiOVo2B7bjWSbHedGl5e0ZWaq65kOGgUSNesEIDkB9ISbTg-JK9dhCZA-- <- clsx 2.1.1
+ nodelite-2-eyrF0jiFpY-3drT6383f1qhkbGsLSifNAjA61IUjZjmLCWjItY6LB9ft9YhoDgwfmclB2zhu51Lc7-95b8NRAg-- <- ccount 2.0.1
+ nodelite-2-eznFTw6rdBhAijXFIlBOMJJd-lXTvqbrBIS4Iu80r2KTVIo4g-7fLy4NKp-8-UnSt5Ox6mJtAlKBU-Sf5080TQ-- <- @hapi/podium 5.0.1
+ nodelite-2-f-gEpIKMR9faW-JgAgPK1D7mekkFoqbmiwvNzuhsHetni20QSgzg9Vhn0g2JSJkkfehQnqdUAx7-e15qS1lPxg-- <- which 6.0.0
+ nodelite-2-f00CExZhD6lNw2vTZbcnmfxVgaVKzUw6IRsIFX3JTT8GdsoABc1WnhhGwL1i8YPJ3sSWw39fv7XPtvLb-3Uitw-- <- postcss-minify-selectors 7.0.0 (7.1.2 is available)
+ nodelite-2-f0KEEe05NvUnat-boPTZ0dgaLZ4SfSouXUgv5noUiefG2ajgKjmETo9ZJyuqsl7dfl2aHlLJUiki6B4ZYldiiw-- <- @types/sockjs 0.3.33 (0.3.36 is available)
+ nodelite-2-f1NpFjNI9O4VbKMOlA5QoBq-vSQPORHcTZ2feJpFkTHJ9eQkdlmZEKSjcAhxTGInC7RlEyScT9ui67NaOsjFWA-- <- npm-package-arg 12.0.2
+ nodelite-2-f2UbFQEk7LXgWpi5ntcO86OeA-cC80fuDDDaX-fZ2ZGel-AF7leRQqBBW1eJNiiQkrZlAoM6P-VYP5P6bOlDEQ-- <- file-type 4.4.0 (8.1.0 is available)
+ nodelite-2-f3qQ9oQy9j2AhBe-H9VC91wLmKBCCU-gDOnKNAYG5hswO7BLKj09Hc5HYNz9cGI--xlpDCIgDaitVs03ATR84Q-- <- fast-deep-equal 3.1.3
+ nodelite-2-f4-e--ANGk3tHuwRW0uh2YuBR50I4h1ZjGQ-5uD8sWfinHTivQsnieR5cz24t8M6Vx4rYvZ5v-IEKZhYpzQm9Q-- <- @ianvs/prettier-plugin-sort-imports 4.4.0
+ nodelite-2-f4RqJKBUe5rQkJ2eJEJBXSticB3hGbN9j0yxxMQFqIW89Jp9WYFtzfTcRlstDKVUTRzSOTLKRfO9vIztenwtxA-- <- is-builtin-module 5.0.0
+ nodelite-2-f7ccFPK3SXFHpx15UIGyRJ-FJQctuKZ0zVuN3frBo4HnK3cay9VEW0R6yPYFHC0AgqhukPzKjq22t5DmAyqGyw-- <- flat-cache 4.0.1 (6.1.7 is available)
+ nodelite-2-fcwX4mndzpLQKBS1DVYhGAcYaYt7vsHNIvQV-WXMvnow5cgjPphq5CaayLaGsjRdSCKZFNGt7-GYAuXaNOiYCA-- <- throat 5.0.0 (6.0.2 is available)
+ nodelite-2-fDlsI-kFEx7gLvbecc0-ohLG50fugQp8ryHzMTuW9vSa1GJ0XYWKnhsUx7oie3G98-r56aTQIUB4kht42R3JvA-- <- xmlbuilder 11.0.1
+ nodelite-2-fEB-I1-gAmfAyxZcX1-ZUwLeAuuf8VIg67CTznZE0MqVFumWkh8xWtn58I4dxdVf080wn7gzWoF8vndOViJe9Q-- <- @babel/plugin-transform-object-rest-spread 7.22.15 (8.0.1 is available)
+ nodelite-2-fEHGKCSmUSDPv4uoj8AlD-joPlq3peND-HRYyxFz4KPw4z926S-b8rIuFs2FYJg3BwsxJf6A9-3eIdLaYC-9Dw-- <- path-key 2.0.1 (4.0.0 is available)
+ nodelite-2-feOM6FaSr6rEABp-eDfVseKyTMDt-KGpeB35SkVn9Tyn0CqvVsY3EwI0v5i8nMHyJnzCIQf7nsy3p41TPkJZhg-- <- iron-webcrypto 1.2.1
+ nodelite-2-ffLxe7dXSuGoA6jb3Qx2SClIV1aLHfJQ6RhGhzYHjQgv7dL6fdUOSIIGgzmu2mRKs-WFSujp6c8WgKquco6w3w-- <- workerd 1.20250508.0 (1.20260128.0 is available)
+ nodelite-2-fgAN3jGAh-RoxUGZHTSOLJIqUc2wmoBwGR4tbpNAKmmovFoWq0OdRkb0VkldReO2a2iBT-OEulG9XSUc10r3zg-- <- no-case 3.0.4
+ nodelite-2-fGxEI7-wsG9xrvdjsrlmL22OMTTiHRwAMroiEeMgq8gzoLC-PQr7RsRDSTLUg-bZAZtF-TVIkHc6-4RIKrui-Q-- <- require-directory 2.1.1
+ nodelite-2-fHdvsTR1dHkWKev9eNyhTo4EFwbUvJ8ka9SgeWkMPYFX4WoI7ViVBms3PjlQYgw5TLvNQso3GUB-b-8t3yo-dg-- <- remark-emoji 4.0.1
+ nodelite-2-fjquC59cD7CyW6urNXK0FBufkZcoiGG80wTuPujX590cB5Ttln20E2UB4S-WARVqhXffZl2LNgS-gQdPIIim-g-- <- extend 3.0.2
+ nodelite-2-fjVOsItJ1u5YY6E9FnS56UDwZgqEQUrWFnouRiPtK123LUuqUI9FH4redZoKWlE1PB0ir1Z3tnqy8eFYzPO38Q-- <- @module-federation/runtime-tools 0.8.4
+ nodelite-2-fkxoPuFGvxyrH-OQzyTkX2LUEamrF4jZSmxjAtPPHHGO0dqsQ8tTKjnIS8SAnPHdk2I03BDtSMR5K-4loKg79Q-- <- @npmcli/installed-package-contents 3.0.0 (4.0.0 is available)
+ nodelite-2-fKzAra0rGJUUBwGBgNkHZuToZcn-TtXHpeCgmkMJMMYx1sQDYaCSyjJBSCa2nH1DGm7s3n1oBnohoVTBaN7Lww-- <- is-wsl 2.2.0 (3.1.1 is available)
+ nodelite-2-fm4idjKla0YahUNgFNLCB0qySdsoPiZP3iQE3rky0mBUtMZ23yDJ9SJdg6dXTSDnulOVqiF3Hgr9nbXvXTQZYA-- <- @babel/plugin-syntax-class-properties 7.12.13
+ nodelite-2-fMyMQbKCxX51YxR7YGCzPjLsU3yDzXFkP4oi1-Mt5Ixnk7GO-7uUTj8mrCHUwuvozWzI-V7QSJR9cZYnwNOZPg-- <- process-utils 4.0.0
+ nodelite-2-fNVRE7ufJiAA3XUrha2omTA39M6IXIc6GIZLvlbsm8QOQCYvpq-LkMNGyFlB1d8hTDzsAXa3OKtybdMAYsV-fw-- <- @octokit/plugin-paginate-rest 14.0.0
+ nodelite-2-fNzuVyifolSLFL4NzpF-wEF4qrgqaaKX0haXPQEdQ7NKAN-WecoKMHV09YcuL-DHxrUsYQOK3MiuDf7Ip2OXfQ-- <- minipass 4.2.8 (7.1.3 is available)
+ nodelite-2-foQZKJig7Ob0BMAYBfcJk8d77QtOe7Wo4ox7ff1lQYoNNAb6jwcY1ncdoy2e9wQZzvNy7ODZCYJkK8kzmcAnAg-- <- @hapi/topo 5.1.0 (6.0.2 is available)
+ nodelite-2-fPMfXjGQEV9Xsq-8MTSgUf255gawYRbjwMyDbcvDhXgV7enSZA0hynz6vMPnpAb5iONEzBHBPsT-0zes5Z301g-- <- lodash.ismatch 4.4.0
+ nodelite-2-fqe8naHt46e0yIdkjUZYqddSXfej3AHajX-CSO5X7oy0EmPc6o5Xh-RClNoHjnieWz9AW4kZxW9yyFMhVB1QLA-- <- babel-loader 9.2.1
+ nodelite-2-fRHTG8g-Gif-kSh50gaGEdToemgfj74aRX3swtiouboip5JDLAyDE9F11nHMIcvOaXeOC6D7SpNhi7uFyB7Uww-- <- date-fns 3.6.0 (4.1.0 is available)
+ nodelite-2-fSaXafEE9CVHPweLYw4J0emp1t8zYTXyzN3UuG-lylqkvYd7RMrsOQ8TYx5RF231be0vqtFC6jnx3UmpJmKBYg-- <- @babel/plugin-transform-object-rest-spread 7.25.9 (8.0.1 is available)
+ nodelite-2-fTIQwLF-Qhuws31iw7Ncl1R3HUDtGwIipiJ9iU-UsDUwMhegFcQKQHd51nZjb7CArq0MvON8rbgCGQYWHUKAdg-- <- @shikijs/vscode-textmate 10.0.1 (10.0.2 is available)
+ nodelite-2-fTLj4D79M-mepcw3dgFBTIDYpbcB9Sm0bpm4ppXPaO-U-PKFFyV9MGRvS0gvGw62sd10kT5lRMKXAADb9pWy8g-- <- @babel/plugin-transform-literals 7.22.5 (8.0.1 is available)
+ nodelite-2-fucsC7HjXvkB5R3kTCO7kUjRdrS0BJt3M-FPxmHMBOm8JQi2BsHAHFsy27E0EolP8rp0NzXsJ-jNPyDWvOJZPA-- <- unist-util-position 5.0.0
+ nodelite-2-fusrlIMLeRvTFYLUjJ9KzlGC3N-6MOPJ68HNj-yJv2nz7zq8t4HEviLms2gkdRPUS7F5rZ5n-pYx9r88m6IE1g-- <- youch-core 0.3.2 (0.3.3 is available)
+ nodelite-2-fvr49XlCGoUj2Pp730AItckfjat4WNb0lb3kfrLWffd-RLeoGAMsq7UOy04PAPtoL01uKwcp6u8nhzpgpDYr3w-- <- @types/express-serve-static-core 4.17.34 (5.0.6 is available)
+ nodelite-2-fwSOJsbbNzZ-CUFpqFBqYfYNLj1NbMPm8MMCIzHjC83iSJRBEGmDUxU-WP661BaBQImeC2yHwXtz-P-O9o-XEg-- <- default-gateway 6.0.3
+ nodelite-2-fX2MWpamkW0hZxMEg0-mYnA40LTosOSa5TqZ9GYIBzyJa9C3QUaMPSE2xAi-buNr8u89SfD9wHSQVBzrRa-SOQ-- <- copy-webpack-plugin 11.0.0
+ nodelite-2-fxlS1kkIjx8-vy2SjuCB94q3htSNrufYTXubwiBFeaQHbH6Ipi43gFJq2zCMt6PHhImH3Xmr0NksKDvchWlpQQ-- <- @eslint/config-array 0.20.0 (0.23.5 is available)
+ nodelite-2-fXPjQaFJTYYtMoX4R2v6ezWiRicPa-XFRPVI40hqbyYOrg-Zdlq3MTppE9F2cqGh4XOZD25CuXHJr9Pws2uZcw-- <- @swc/html 1.10.3
+ nodelite-2-fy7aCbo9y7WHt-9G03EYc471Dd5kIaM8PNP4z6AEQYr9a9X8c4inwNs6tePxAEfRHwVQi0CZ7kuVdn6-MjWx1A-- <- @algolia/client-insights 5.20.2 (5.57.0 is available)
+ nodelite-2-fYASnYi600CsH-j9EQov7lECAniYiBFiiAtBNuZYLA2leLe9qOvZzqYHFjtIj6gD2VMoMLP14834LFWvr4IfDw-- <- avvio 9.1.0
+ nodelite-2-fZ-tmZ1O5aXW-T5nLzZLbxWAHdQTLLXalOECMNAmhoEQSfqZjtaeMjpsXH4C5qVhrICTkVQeQFujB1lKzIHljA-- <- git-semver-tags 5.0.0 (5.0.1 is available)
+ nodelite-2-fZmsRiDNv07K6s2KkKFTiD2aIvECa7--PKyD5NC32tpRw46qZA3sOz-aM--V9V0GDHxVTKLziveV4JhzBHDp9Q-- <- errx 0.1.0
+ nodelite-2-fzNUyS1yOYa7mOjpci-bR-u-ESvdar6hk8XNK-TRR0fiGTp2QT5N-ducP0n3rfH-m9I7H-EQU6lsa2BrgxkEjw-- <- postcss-focus-within 9.0.1
+ nodelite-2-fZtbhtvI9I48xDSywd-somNqgUHl2L2cstmXCCif0itOf96jeW18MBSyrLuNicYQVkvpOxkZtkzujiTJ9LW5Jw-- <- strtok3 6.3.0 (8.1.0 is available)
+ nodelite-2-g-21plo58sfteWjaO0ZNVb-uEOkJNjAaHhbejrnBmu011l-eNDScmkbjCC3l4FKb10ViaGU4aOkFznSu2zRHgA-- <- @babel/plugin-transform-dynamic-import 7.22.11 (8.0.1 is available)
+ nodelite-2-g-55ssRPUjShh-xkfx9UPDXqhckHEsHr4Vd9zX55oSdGZc-MD0m3sferOkwWtp98bv-kcVfEHtRJgBVJzelrzg-- <- tiny-glob 0.2.9
+ nodelite-2-g-osARvjkBXb6Wo0XvAeXQohVta8i84ACbenPpoSsxTOQH-Ae0-RGP4WZgnMH5pMLpsj4FG7OHmcIcXxpza8eQ-- <- remark-rehype 11.1.1
+ nodelite-2-g-Q1aTSDOxFpchXC4i8ZWvxA1lnPqx-JHqcpIw0-LX9T8x-GBbi6YnlN5nhaKIFkT8oFsscUKgDJYxfwfS6QsQ-- <- get-port 5.1.1 (7.1.0 is available)
+ nodelite-2-g0QYk1dZBxGwk-Ngc-ltRH2IBp2f7zBkBMBJZCDerh6EhlhSR6-9irMCuT-09zD6qkarHUSn529sK-yL4S27mg-- <- get-symbol-description 1.0.2 (1.1.0 is available)
+ nodelite-2-g1MWMLBiz8FKi1e4w0UyVL3w-iJceWAFBAaBnnGKOpNa5f8TLktkbre1-s6oICydWAm-HRUGTmI---xv2hvXYA-- <- json5 1.0.2 (2.2.3 is available)
+ nodelite-2-g2Es97uwFk7omkWiH9JmtLWSA8lTUFVseIyzqbjqJEEx7qN-Hg6jbBdDvelqtakamppaJtGORQ64hEJ5S6ojSg-- <- @tanstack/query-core 5.80.2 (5.90.2 is available)
+ nodelite-2-g3FeP20LNwhALb-6Cz6Dd4F2ngze0jz7tbzrD2wAV-o9FeNHe4rL-yK2md0J-fiSf1sa1ADhXqi5-oVwOM-eGw-- <- make-dir 3.1.0 (5.1.0 is available)
+ nodelite-2-g5T11tnI36jVClQlMlt4qKDLlWnG5pP9CSM4GhdRciTNMRgkfpo5cR6b4rGIOYPgRRuFAvwjPQ-Yk-ql4dyhbw-- <- @babel/plugin-transform-modules-amd 7.25.9 (8.0.1 is available)
+ nodelite-2-g6T-p7QO8npa--hNx9ohv1E5pVCmWrVCUzUXJyLdMmftX6ER0oiWY-w9knEonLpnOp6b6FenKnMfR8gqwWdwig-- <- smob 1.5.0 (1.6.2 is available)
+ nodelite-2-g7nH6P6dyDioJogAAGprGpCtVImJhpPk-roCzdb3fIh61-s-nPsfR6onyMwkCAR-OlC3yBC0lESvUoQEAssIrw-- <- depd 2.0.0
+ nodelite-2-g7WdPqDNaqA60CmBrr0cORTrsOit77hbsTj7xE2l71YhBn79sxdm7WMK7wfhcaafkbpIh7jv5ef5TOpf1Xv9Lg-- <- @docusaurus/module-type-aliases 3.7.0
+ nodelite-2-g8MCVkvg2GnrrG-j-WplOTx1nAmjSwYOMSOQI0qfxf8D4NmYZqJuG3f85yWK64XXQv6pKcXZsfMkOPs9B6B52A-- <- rolldown 1.0.0-beta.11-commit.f051675 (1.0.0-rc.2 is available)
+ nodelite-2-g9Q1haeby36OSStwb4ntCGGGaKsaVSjQ68fBxoQcutl5fS1vuY18H3wSt3jFyFtrkx-Kz0V1G85A4MyAdDMi2Q-- <- slash 3.0.0 (5.1.0 is available)
+ nodelite-2-gaNvAS7TZ897-rVaZ0nMtAyxNyi-pdbjbAwUpFQpN70GqnVfOiXpeUUMKRBmzXaSQ8DdTX4-0ms62r2K-hE6mQ-- <- merge-descriptors 1.0.3 (2.0.0 is available)
+ nodelite-2-gBD-NANosNCOp6RsYTsjo2vhr5eYA3BEuogk6cxY0QdhllkkTaJFYtTXv46xd6qhBVMbMMqcSdtqey-UQU3--w-- <- @hapi/heavy 8.0.1
+ nodelite-2-gBEQEIMRh5f60KCm7QKQ2WfvhB2gLUr9b72sqUdIZ2EG-xuPgaIlCBeSicvjmjBvYZwOjoOEnmIkcx2GHp-HWw-- <- @react-stately/utils 3.10.4
+ nodelite-2-gcANaAnd2QDZFmHFEOF4k7uc1J-6a6z3DJMd-QwEyxLoKGiptJRwid582r7QIsFlFMIZ3SnxfS52S4hm2DHkuQ-- <- treeverse 3.0.0
+ nodelite-2-gd3ypIPfOMr9h5jIKq8E3sHOTCjeirnl0WK5ZdS1AW0Odt0b1PaWaHdJ4Qk4klv-YB9aJBS7mESXjFoDQPu6DA-- <- dom-converter 0.2.0
+ nodelite-2-gDKb8aZMDeD-tZWs9P6-q0J9Mwkdl6xMV8TjnGP3qJVJ06bdMgkbBlLU8IdfOsIsFz2BW1rNVT3XuNEl8zPAvw-- <- path-type 4.0.0 (6.0.0 is available)
+ nodelite-2-gDYaKHJmnj4aWxyj6YHyXVpdQawtVLHU5cb-eztPGczf6cjuTdwve5ZIEfgXqH4e57An1D1AKf8CZ3kYrQRqYA-- <- is-boolean-object 1.1.2 (1.2.2 is available)
+ nodelite-2-gE8g7-fejx48PW20QLvIYuNOG5d-3MIjDP4WrIRUpUvrwz-wXDiF7Y-XxOU0-DnCaQMZySsTqOCBS4j8-nJiyg-- <- rolldown-plugin-dts 0.13.9 (0.21.8 is available)
+ nodelite-2-gEymJYKZtKXzzBzM4jqa9w6Q1Jjm7x2d-sh19AdsD4wqnMPDYyvwpsIc2Q-835kHuo3BEQ7CjelGhfTsoBb2MQ-- <- typed-array-buffer 1.0.2 (1.0.3 is available)
+ nodelite-2-gfFQZrcTc8CnKXp6Y4-CBT3fTc0OVuDofpre4aEeEpSBPV5X5v4-Vmx-8snU7RLPrNHPKSgLxGo9YuQzz20o-w-- <- jsonc-parser 3.2.0 (3.3.1 is available)
+ nodelite-2-ghqLa3Q4X9qaQiUyspWxxoU1fY2nwfSJqhOH-COqyCp7Vgj4oM1EM1L0YNSQUF16T2tAoOWg8woXGq0EH5Y6wQ-- <- nitropack 2.11.7
+ nodelite-2-gIXjKqtFuWEgzFRJA9WCQeSJLZDjgJUOMCMzxtvFq-37KojM1BFGufqsCy0r4qSQmYLsZYMeyRqzIWOMup03sw-- <- foreground-child 3.3.1
+ nodelite-2-gK5GVzDkJK1SI1zwHf32Mqxf2tSJkNx-eYcNly5-nHvWqXUJYUkWBQtKauoESz3ymezAI--ZwT855x5p5eop-Q-- <- tsx 4.19.4 (4.21.0 is available)
+ nodelite-2-gklfI-n-9rTh8nYaSJXlCo3nOKqMNkxuGpTn-Qm0gstL3ywTr9-WRKznE-oy6fvfolH6dF-QM4nCo8yPLdvGJg-- <- postcss-minify-font-values 6.1.0 (7.0.3 is available)
+ nodelite-2-gKXj5ALrKWQLsYG9jlTRmR-xKluxHV-Z9QEwNIgCfM1-uwPMCuzVVnh5mwTd-OuBZcwSIMbqssNWRm1lE51QaQ-- <- ansi-escapes 4.3.2 (7.3.0 is available)
+ nodelite-2-grAEuupr-C1rALFnXTv6ZQhFuL1D8G5y8CN04RgrO4FIPMrtm-mcZzFG7dcBm-nq-1ppNixu-Jd78aeJOYxlGA-- <- @octokit/graphql 9.0.3
+ nodelite-2-gScRMn0bS5fH-IuwyIFgnh9zBdo4DV-6GhygmWM9HyNJSgS0hScp1f5vjtm7oIIOiT9trXrShAkLFSc2IqKNgw-- <- object-hash 2.2.0 (3.0.0 is available)
+ nodelite-2-gSTTEQ670cJNoaeIp9KX6lZmm8LJ3jPB5yJmX8Zq-wQxOsAFXV3qjWzHas3YYk1qesuVIyYWWUpZ0vSE-dTSGg-- <- stylehacks 6.1.1 (7.0.6 is available)
+ nodelite-2-gtF186CXhIl1p4pJNGZw8Yc6RlshoePRvE0X91oPGb3vZ8pM3qOS9W9NGPat9LziaBV7XrJWGylNQXkGcnM3IQ-- <- @eslint/eslintrc 3.3.1 (3.3.7 is available)
+ nodelite-2-gUD-epcRms75Cw8RT1pUdHugZYM5ce64ucs2GEISABwkRsOQr0q2wm-MV2TKThycIe5e0ytRweW2RZxclogCdQ-- <- load-json-file 6.2.0
+ nodelite-2-gv3ZRaISU3fjPAgNsriBRqGWQL6quFx04YMPW-zD8XMLsU32mhCCbfbO6KZFLjvYpCZ8zyDEgqsgf-PwPaM7GQ-- <- @jridgewell/sourcemap-codec 1.5.0 (1.6.0 is available)
+ nodelite-2-gv7320KBUFJz1RnylIg5WWYPRXKZ884AGkYpgpWW02TH66Dl-HaC1t1CKd0z3R4b6hdYEcmrNZHUmfCP-1u3-g-- <- @babel/helper-annotate-as-pure 7.25.9 (8.0.0-beta.0 is available)
+ nodelite-2-gvVijfZvn7R-2qyPX8mAuKcFGDf6Nc61GdvGafQsHL0sBIxfKzA-usWn4GFC-bk-QdwPUD4kWFJLhElipq-0VA-- <- locate-path 7.2.0
+ nodelite-2-gvVzJFlPycKc5dZN4yPkP8w7Dc37BtP1yczEneOb4uq34pXZcvrtRTmWV8W-Ume-XCxKgbjM-nevkyFPMybd4Q-- <- wordwrap 1.0.0
+ nodelite-2-gwsOE28k-23GP1B6vFl1oVh-WOzmawBrKwo5Ev6wMKzPkaXaCDIQKzLnvsA42DRlbVTWorkgTKIviAKCWkfUwA-- <- is-plain-obj 3.0.0 (4.1.0 is available)
+ nodelite-2-gXah6aZrcUxjWg2zR2MwouP2eHlCBzdV4pygudehaKXSGW4v2AsRQUK-lwwXhii6KFZcunEnmSUoYp5CXibxtA-- <- object.values 1.2.1
+ nodelite-2-gxGWBrTT1JuMx6R-o5PTXMmUnhnVzLQ9SNutD4YqKtI6ap897t3tKECYla6gCWEkplXnlNybEkZg9GEGxKFCgw-- <- camel-case 4.1.2
+ nodelite-2-gxtyfqMg7GKyhQmb056K7M3xszy-myH8w-B4RT-QXBQsvAOdc3XymqDDPHx1BgPgsdAA5SIifona89YtRATDzw-- <- didyoumean 1.2.2
+ nodelite-2-gytXUbs8k2sXS9PnQptz5o0QnpLL51SwASIORY6XaBKF88nsOT0Zw9szLqlSGQDP-4TljBAD5y98p2U1fqkdsw-- <- @babel/helper-module-transforms 7.28.3 (8.0.1 is available)
+ nodelite-2-gyyPk6rgonLFEDGoeRgQNaEUvdJ4ktTmmUh-h2t7s-M8oPpIPxgNACWa-6ESR57kXstwqPiCut0V8NRpcwgU7A-- <- htmlparser2 6.1.0 (9.1.0 is available)
+ nodelite-2-gzFEZPoOkY0HqGdyeBXR3JP218Owr683u7KOZazTK7tQZBE8s2yhg06W1tshOqk7R7SWvw9gkw2TQogKpIW8Xw-- <- @csstools/postcss-gamut-mapping 2.0.7
+ nodelite-2-gZkVCQR1gy-oUXr-kxJMLDjla434KmSOKbx5iGD30Ql-AkJQ-YlPKECJy2nhqOsHLjGHzoDTXNSjhnvWhzKk7g-- <- superagent 7.1.6 (9.0.2 is available)
+ nodelite-2-gZmQKe1QrfkkMjCn8Qv9cpyJFyogTYqkP5WCobX5RNaHsJzIV-6NvAnlnouOcwKr29QrxLGDGcqYuJ-ae98s1A-- <- java-invoke-local 0.0.6
+ nodelite-2-gzUt-qt81nXsFGKIFcC3YnfEAx5NkunCfnDlvuBSSFS02bcXu4Lmea0AFIUwbLWxWPx3d9p8S5QoaujKcNQxcQ-- <- zod 3.25.76 (4.3.6 is available)
+ nodelite-2-h-NUaSyG5EyxBIp8YRxo4RMe2-qQgvyowRwVMzhYhBCONbW8PUsg4lkFMrhgZhUe5z3L3MiLDuvyJ-CaPa2A8A-- <- @types/babel__template 7.4.4
+ nodelite-2-h4iyfMpQUdub1itwTn6y7z2a3EtPuer1paKfsIbZErv0LBbZYGq6haiPUPJys-LetPqgcX3ft33O16XuS03Anw-- <- @octokit/types 11.0.0
+ nodelite-2-h5-1OzzfCC3Ef7VbtKdcv7zsstUQwUDlYpUTvjeUsJAssPgLn7QzbboPtL5ro04Mq0rPOsMzl7q5hIbRs2wD1A-- <- fast-check 3.23.2
+ nodelite-2-h5bgJWpxJNswbU7qCrV0tIKQCaS3blPDrqKWx-QxzuzL1zGUzij9XCWLrSLsJPu5t-eWA-ycetzYAO5IOMcWAQ-- <- lz-string 1.5.0
+ nodelite-2-h5k-5U50IJJFpzfL6nO9jaaumfjO-f2NjK-oYB2Djzm4p9L-3T9qWpZqZ2hAbLPuuYq9wrU08WQyBTL5GbPk5Q-- <- deep-eql 5.0.2
+ nodelite-2-h5PpgXkWitc38BBMYawTYMWJHFZJVnBquFE57xFpjB8pJFiF6gZ-bU-WyI-yqXiFR5mdLsgYNaPe8uao6Uv9Og-- <- is-plain-object 2.0.4 (5.0.0 is available)
+ nodelite-2-h5x5ga-hh82COe-GoD4-gKUeV4T3iaYOxqLt41GRKApinPI7DMidhCmNVTjKfhCWFJIGXaFJee07XczdT4jdZQ-- <- @tufjs/models 4.0.0 (4.1.0 is available)
+ nodelite-2-h70rUM-3PNFuaBDTLe8wF-cdWu-dOZmb7pJt8Z2sedYbAcQVQV-tEchueg3GWxwqS0cxtbxmaHEdkNACqcvsow-- <- css-declaration-sorter 7.2.0 (7.4.0 is available)
+ nodelite-2-h8lQ8tacZYnR3vNQTgibj-tODHI5--l06Au2Pcriv-Gmet0eaj4TwWH41sO9wnHDiQsEj19q0drzdWdeAHtweg-- <- abort-controller 3.0.0
+ nodelite-2-h8QJa8xSb1WD4fpKBDcATDNGXghFj6-3GRWG6dhmRcu0RX1Ubasur2Uvx5aeEwlf0MwblEC2bMzzMQntxnw-Cw-- <- @types/connect-history-api-fallback 1.3.5 (1.5.4 is available)
+ nodelite-2-hAfEXm1zU-ELvucxqQ7I8SszwQ4znWMbNv6PLMndN83JJN41EPuS93AIyh2N-gJ6x8QFhzSO6b7q2e6oClDI8A-- <- @smithy/middleware-content-length 4.0.2 (4.2.8 is available)
+ nodelite-2-haPVm1EkS9pgvHrQ-F3Xy-hgcuMV0Wm9vfIBSiwZ05k-xgb0PkBQpGsAA-oWdDobNaZTH5ppvHtzCFbnSEwHVw-- <- sharp 0.33.5 (0.34.5 is available)
+ nodelite-2-haREypq7xkM7ErfgIyA0z-Bj4AGKlMSdlQE2jvJo6huWD1EdkKYV-G-T4nq0YEF2vgTT8kqMFKo1uHn950r4SQ-- <- path-key 4.0.0
+ nodelite-2-hAZsKq7Yy11Zu1DE0OzWjw7nnLZmJZYTDZZyEFHZdUhV8FkH5MCfoU1XMaxXovpyW5nq5scPqq0ZDP9Zyl04oQ-- <- universalify 2.0.0 (2.0.1 is available)
+ nodelite-2-hcFKyUG57yWGAzu1CMt-dPzYZuv-jAJUT85bL8mrXvNe6hWj6yEHEc4EdcgiA6Z3oi1-9wXJdZPXF2dZNgwgOg-- <- filenamify 4.3.0 (7.0.1 is available)
+ nodelite-2-hcg3ZmepS30-7BSFqRvoo3DOMQu7IjqxO5nCDt-zM9XWjb33Wg7ziNT-Qvqbuc3-gWpzO02JubVyk2G4Zvo1OQ-- <- fs-extra 9.1.0
+ nodelite-2-hcVC3wYEziELGGmEEXue7D75zbwIIVUMWAVbHItGPx0ziyXxrOMQx4rQEVEV45Ut-1IotuEvwqPopzIOkDMf0A-- <- tslib 2.1.0 (2.8.1 is available)
+ nodelite-2-hdN1wVrZbb29eBGiGjJbeP8JbKjq1urkHJ-LIP-NY48MZ1QVXUsQBV1G1zvYFHn1XE06cwjBsOI2K3Ulnj1YXQ-- <- map-obj 4.3.0
+ nodelite-2-hDqYB1J-R0HtZg4iPH3LEnldoaBsar6bYp0EonBmNQ9t5CO-1CqgCul2ZtFveW1ReA5SQuze9GPSU7-aecERhw-- <- @hapi/catbox 12.1.1
+ nodelite-2-hdsUxulXCi5STId78vRVYEtDAjq99ICAUktLTeTYsLoTE6Z8dS0c8pWNCxwdrk9YfJeobDZc2Y186hD-5ZQgFQ-- <- cacache 19.0.1
+ nodelite-2-hf940oGH5hfTREtqX-W5np5bduxqwDCOGec0P6FK1zISdXAFe-j04nOFRyRT1V97-Fn5cESvwNZ0r2kx6jc3Lw-- <- @aws-sdk/client-iam 3.782.0 (3.975.0 is available)
+ nodelite-2-hfMp2BoF0qOk3uc5V20ALGDS2ddjQaLrdl7xrGXvAIow7qeWRM2VA2HuCHkUKk9slq3VwEwLNK3DFBqDfPGYtg-- <- regenerator-transform 0.15.2
+ nodelite-2-hFoiJiTl63nn-kstHGBtewWSKnQLpyb155KHheA1l39uvtO9nWIop1p3udqPcUd-xbF1VLMO4n7OI6p7RbngDg-- <- is-stream 2.0.1 (4.0.1 is available)
+ nodelite-2-hFtqIDZTIUZ9BXLb8y4pYGyk6-wekIivNVTcmvk8NoOh-VeRn5y6cEHzbURrWbfp1fIqdVipilzj-lfaadNZmg-- <- estree-util-is-identifier-name 3.0.0
+ nodelite-2-hhVRaaGbEDpb99AHBTaNJf6oXpnU4B7evBi7rt3ShiOh5JEnWsBWYsldywE9L0twVTLPBY9jT-zY6YODXP3TEg-- <- cssnano 7.0.0 (7.1.9 is available)
+ nodelite-2-hiCAjWWm2PeBFp5cjkxqyam-XADjiS-e7GzwC34TbZn3LisS0uoweLojj9tD11NnnUhyhbLteUvu5-rotOLwrg-- <- @aws-sdk/credential-provider-process 3.272.0 (3.972.2 is available)
+ nodelite-2-hIS4idWWai69NezIdRt2xFVofaF4j-6INOpJlVOLDO8zXGpUVEVzIYk12UUi2JzjEzWL3IOAxcTubgz9Po0yXw-- <- express 5.2.1
+ nodelite-2-hjk7qKIqhyzhhUvRT683TYQOFa-4cQKwQy7ALvTpODswN40MljzNDa0YldevS6tGbxwaEKVn502JmY0dP7qEtQ-- <- @babel/plugin-transform-parameters 7.22.15 (8.0.1 is available)
+ nodelite-2-hjMgRy5hb8uJJjUcdWunWVcoi9bGpJp8p5Ol1229PoN6aytsLwNMgmdftO23wnCLMfVmTwZDWMPNq-D1SY60JQ-- <- @babel/plugin-syntax-typescript 7.25.9 (8.0.0-beta.0 is available)
+ nodelite-2-hkRX8U1WjJFd8LsDJ2yQ-wWWxaopEsABU1XfkM8A-j0-85JAGppt16cr1Whg6KIbb4okU6Mql6BOj-uup-wKeA-- <- string_decoder 1.3.0
+ nodelite-2-hkT3yDPFbs95mNCy1-7qNKC6Pro--ibzYxtM2iqEigpf0sVw-bg4Zh9-snjsBcf990vfIsg5-1U7VyiyBb3etg-- <- confbox 0.2.1 (0.2.2 is available)
+ nodelite-2-hlq8tAfn0m-61p4BVRcPzIGr6LKiMwo4VM6dGi6pt4qcRkmNzTcWq6eCEjEh-qXjkMDvPlOFFSGwQjoEa6gyMA-- <- semver 7.7.1 (7.8.5 is available)
+ nodelite-2-hmbYhX-9MUMF5uh7tOXyK-n0ZvWpad5caBA17GsC6vyuCqaWliRG5K1qS9inmUhEMaOBIW7-whAnSwveW-LtZw-- <- is-alphanumerical 2.0.1
+ nodelite-2-hMQ4CX1p1izmuLYyZqLMO-qGNw10wSv9QDCPfzXfyFrOaCSSoRfqE1Kf1s5an66J5JZC62NewG-mK49jOCtQew-- <- external-editor 3.1.0
+ nodelite-2-hNfzcOV8W4NdualtqBFPyVO-54DSJuZGY9qT4pRroB6S9e3iiido2ISIC5h9R2sPJ8H3FHCIiEnsv1lPXO3KtQ-- <- array-flatten 2.1.2 (3.0.0 is available)
+ nodelite-2-hOS089on8RduqdbhvQ5Z37A0ESjsqz6qnRcffsMU3495FuTdqSm-7bhJ29JvIOsBDEEnan5DPu9t3To9VRlMzA-- <- readdirp 3.6.0 (5.1.1 is available)
+ nodelite-2-hoYicJZaqISMAI3JfaDr1qMNi48OctWuOih1m80bkYow-ayPw6Jj52tqWJ6GEoFTk1gBqfanSoI1iY99Z5-ekQ-- <- @octokit/endpoint 11.0.0
+ nodelite-2-hpr-J05B2FVYUAXHeK1YyI267J-dDDhMU6B6civm8hSY1jYJnBXxzKDKDswzJmtLHryrjhnDjqqp-49t8FALew-- <- postcss-import 15.1.0 (16.1.1 is available)
+ nodelite-2-hsLVFE5SjA6TCisWeJXFKniGGOpBgMLmerfO2aCyCU5s7nJ-rpAepqmFifv-GCbSbueEeAJJnmSQ2rKC-g8Fcw-- <- spdy-transport 3.0.0
+ nodelite-2-htnV-mHX32DF81amCDrwIDr8nrp1PTm-3wfBN9-v8QJOLEioOCOG7qNyq0nHeFiWbT3Eb7gsPwEmV64UCQ1jzw-- <- @babel/helper-create-regexp-features-plugin 7.19.0 (8.0.1 is available)
+ nodelite-2-htyl8TWnKL7K-ESFa1oW2UB5lVDxuF5DpM7tBi6Hu2LNL3mWkIzNLG6N4zoCUP1lCKNxWy-3iu8mS8MvToGd6w-- <- @pnpm/config.env-replace 1.1.0 (3.0.2 is available)
+ nodelite-2-hUrmaWBdVDcxvYqnyh09zunKzROWjbZTiNy8dBEjkS7ehEDQibXJ7XvlmtbwuTclUiIyN-CyXQD4Vmko8fNm8w-- <- why-is-node-running 2.3.0
+ nodelite-2-hvpoI6korhJMnej285dSg6nu1-e6uxs7zG3BYAm5byqDsgJNWwxzM6z6iZiAgQR4TJ30JmBTOwqZUw3WlyH3AQ-- <- is-promise 4.0.0
+ nodelite-2-hvXcZvCaaEbCZcVzcY7E1uXN9xWZfFvkNHwbe-n4OkRhFWrs1J1QV-4U1BN06tXLdaS4DazEGXwgqnu-VMcmqw-- <- @next/swc-linux-x64-gnu 15.5.7 (16.2.0-canary.9 is available)
+ nodelite-2-hx--upLv5U1rgYfwe1xBQUhRmU41NEvpUvrp8jkrSCdvGSnM5-qdRMtylJ6PG5OFkBaHkbTAKTnd3-YyESRHFw-- <- @babel/plugin-syntax-top-level-await 7.14.5
+ nodelite-2-hXdUTZYIVOt1Ex--jAQi-wTZZpUpwBj-0QsOzqegb3rGMMeJiSEu5xLHnYfBrRV4RH2-OCSOO95Is-7x1WJ4bw-- <- make-dir 4.0.0 (5.1.0 is available)
+ nodelite-2-hXGLYpdhiNElzN770-H2nlx-jRog8TyynpTVzdlc6bndktjKWyZyiCsuDAlpd-j-W-WNqfcyAWz9HxxIGfZm1Q-- <- @rollup/rollup-linux-x64-gnu 4.52.5
+ nodelite-2-hXXvrjtx2PLYx4qruKl-kyRSLc52V-cCvMxRjmKwoA-CBbbF5GfIBtR6kCvl0fYGqTUPKB-1ktVmTHqMOzgCBg-- <- webpack-merge 6.0.1
+ nodelite-2-hyss7iIlH-zLHaehT-xwiymtPOpsiwIIRlCAOwBB04ta5Tt-lNItADdlXw3jAWZ96VJ2jlhl-c-PNIQPKNfvcA-- <- @babel/plugin-transform-modules-systemjs 7.25.9 (8.0.1 is available)
+ nodelite-2-hzSUW2q06EqL1gKM-a-obYHLIO6ct2hwPuviqTTOcfFVc61UbfJ2Q32-uGL-HCPxKqrdGB5QUwIe7UqlDgwsOQ-- <- url 0.10.3 (0.11.4 is available)
+ nodelite-2-i-2XbnSz-uxRCU6-NdVJgKWDTM427-MqYbkQzD321DuCQJUqOuJKIA0IM2-W2xtYHdKOmZ4dR6fExsd4SXL-WQ-- <- event-target-shim 5.0.1
+ nodelite-2-i1SLeK-DzNnQ3LL-CswPCa-E5u4lh1k6IAEphON8F-cXt0t9euTshDru0q7-IqMa1PMPz5RnHuHscF8-ZJsStg-- <- @babel/core 7.26.0 (8.0.1 is available)
+ nodelite-2-i2tDNA0O5IrMO757lfrdQZCc2jPNDVntV0m--4whiDfWaTKfMNgR7Qz0NAeGz-nRqF4m5-6CLzbP4-liHt12Ew-- <- prettier 3.3.3 (3.9.6 is available)
+ nodelite-2-i32H2R6IItX-bQ2p4-v2gGO2jA80jQoJO2m1xjU9rYWQW3-ErWy4I5YIuQHTBfb6hSdAHbaRfqPDgbv9J2rjEg-- <- @aws-sdk/middleware-user-agent 3.782.0 (3.972.4 is available)
+ nodelite-2-i4zfNrGMt9SB4xRK9L83rlsFCgdGANfeDAYacO1pkqcE7cRHPdWHwnKZVz7WY17Veq-FvyYsRAU--Ga-qDFIww-- <- stylehacks 7.0.4 (7.0.6 is available)
+ nodelite-2-i6FDiBeJUGLDKADw2Gb01UtUNb12yyXAqC-mmRWuYl-m-U9GS7s8us5ONmGkGpUUo7-iAYzI2ePVfOZTYvUifA-- <- @vitest/pretty-format 3.1.3 (4.0.7 is available)
+ nodelite-2-iAB-JbDEGXhyIUavoDl9WP-Jj106Kz9DEn1DPgYw5ruDn0e3Wgi3sKFm55sASdGBNOQB8F59d9qQ7deqrHA8wQ-- <- async 3.2.4 (3.2.6 is available)
+ nodelite-2-iaiDuDI2aIFft7XkcwMzDWLqo7LVDixd2sR6B4wxJut9xcp-Ev9bO4EFg4rm6S9QxATLBj5OPxdeocgmhjwKaw-- <- @types/event-source-polyfill 1.0.5
+ nodelite-2-iAoY-qRhNH8a-hBvm3zKj9qQ4oc2-3w1unPJa2XvTK3XjeLXtzcCingVPw-9e5mn1-0yPqxcBGp9Jf0pkfMb1g-- <- @swc/types 0.1.25
+ nodelite-2-iAvUotm021kM33eCdNfwIN--F77-IADDSs58i-MDaOqFrVjZo9bAal0NK7HurRuWLLpF1iLX7gbWrjHjeo-YFg-- <- @aws-crypto/supports-web-crypto 5.2.0
+ nodelite-2-iAxbsDeUkn8E-4-QalT7T3WvlyTfmsoez-19lbbcsxZdOEMfBukd8LA30KYez2UR5xkKFzbcqXIZy5RisCbaxw-- <- concurrently 9.0.0 (9.2.1 is available)
+ nodelite-2-iBZ4F4wRbyORVsu0jPV7gXkOsGYjGHPmAyv-HiHG8gi5PtC9KI2j1-v8-tlibRvjoWX027ypmG-n0HtO5t7unw-- <- character-reference-invalid 2.0.1
+ nodelite-2-iclAHeNqNm68zFtnZ0e-1L2yUIdvzNoauKU4WBA3VvH-vPFieF7qfRlwUZU-DA9P9bPXIS90ulxoUoCH23sV2w-- <- methods 1.1.2
+ nodelite-2-iCuPHDFgrHX7H2vEI-5xpz07zSHB00TpugqhmYtVmMO6518mCuRMoOYFldEBl0g187ufozdaHgWKcYFb61qGiA-- <- brace-expansion 1.1.11 (5.0.9 is available)
+ nodelite-2-icUt1NvfhGLar5lSWH3tHNzablaA5js3HVHacQimfP8ViEBOQv-L7DKEuHdbTZ0SKCO1ogTJTIL1Gwk9S6Qvcg-- <- electron-to-chromium 1.5.237
+ nodelite-2-iDf05JDQ7I0b7JEA-9IektxN-80a2MZ1ToohfmNS3rfeuQnIKI3IJlIafD0xu4StbtQTghx9T3Maa97ytkXenQ-- <- @algolia/autocomplete-shared 1.17.9
+ nodelite-2-idsIggNXUKkk0-BExUn1dQ92sfysJrje03Q0bv0e-KPLrvyqZF8MnBpFz8UNfYDwB3Ie7Z0TByjWfzxt7vseaA-- <- @octokit/openapi-types 25.1.0
+ nodelite-2-ieGu42u-Qsa4TFktmaKEwM6MQH0pOWnaB3htzh0JRtx84-Mebc0cbZYN5bC-6WTZ4-77xrL9Pn5m7CV6VIkV7A-- <- nopt 8.1.0 (9.0.0 is available)
+ nodelite-2-iETxpjK6YoRWJG5o6hXLwvjYAoW-FEZn9os0PD-b6AP6xQwsa-Y7lCVgIixBbUPMfhu-i2LtdeAqVTgGlQarfA-- <- regexp-tree 0.1.27
+ nodelite-2-ifLaO34EbbPj0Xgro4G5lP5asESjwHracYJvVaPIyXMuiuXLlhic3S47cBdTb-jfODkTE5YtGCLt3Ay3-J97sA-- <- @octokit/types 13.10.0
+ nodelite-2-iHZWu-q3IdFZFX36ro-lKBkSvfkztY5Y7HMiPlOUjhupPcG2JMfst2KKEpu5XndviX-3UhFbRngUPNKtgvtZiA-- <- queue 6.0.2
+ nodelite-2-iiA-PVXn5T3dlZT8woKrnr0kB15XLtmkFWHV2-ox-980W-7vQLP1gdgcU-lrX-qA09Z-0w0wN-n0C88RLd4nvw-- <- @unkey/api 2.0.0-alpha.7
+ nodelite-2-iJ4-RczbJMkD0712mGktuGpm-U4By4FfDonL7N-9tATGIF4imikjOuagyMY53tnZq3NP6BcmlrHhEKAfGWjh7Q-- <- unist-util-visit 2.0.3 (5.1.0 is available)
+ nodelite-2-ijbtkn-F3Pvzb6jHypHRyve2QApOCZDR25D-VnkY2G-lBNcXCTsnsCxgY4k4PkVB7zfwzYbY3O9Lcqe3xufS5g-- <- birpc 2.3.0 (4.0.0 is available)
+ nodelite-2-ijVRTXBgnHT33aWnDtmlG-LJD-5vhc9AKTJPquGG5NKXjpKNjc62woIhFtrAcWdBobt8kqjCoaJ0q6sDQoX7aQ-- <- @next/eslint-plugin-next 15.3.2 (16.2.0-canary.9 is available)
+ nodelite-2-iKE9w-Z7xCzUMIZqdBsp6pEQvwuEebH4vdpjcDWnyzaI6yl6O9FHvVpmGelvEHNsoY6wGblkxR6Zty-h00WiSA-- <- safe-push-apply 1.0.0
+ nodelite-2-il5RF8AP85XC0CMjHF4cnVT9nT-v-ocm6qlZQpSiAR9qBbQMGkFKloBZwm7PcnOdiUX97yHgsKM7uDCCWCu3tg-- <- @oxc-project/types 0.72.2 (0.95.0 is available)
+ nodelite-2-iLo82l82ilMiVGy342SELjshuWottlb5-VefO3jOQqQRNYnJBFpUSadswDPbRimSgJUZuFwIEYs6AabkP038fA-- <- @react-aria/ssr 3.9.6
+ nodelite-2-imAbBGkb-ebQyxKgzv5Hu2nmROxoDOXHh80evxdoXNOrvAnVx7zimzc1Oo5h9RlfV4vPXaE2iM5pOFbvOCClWA-- <- @jridgewell/gen-mapping 0.3.8
+ nodelite-2-immnxQwOWlrxbnlCIqJWuDpPfrM6tglgMTN1WsyXyGluLMJqhuuxqxllfXaRPkQFS4fcvs66KCEELdazh96U2w-- <- @visx/responsive 3.0.0
+ nodelite-2-io1JpnwtIcvojV7QKDUSIuMN-ikdOUd1ReEnUnMKGfDVridQZ31J0MmIuqwuRjWDZfmvr-Q0MqCcfHM2gTivOg-- <- @redocly/ajv 8.11.2
+ nodelite-2-iO9ZQHkZxHn4mSakYV0vFHAVDyEOIJQrV2uZ06HxEPcx-mt8swXoZHIbaaJ2crJYFfErySgktuTZ3BeLz-XmFA-- <- @types/yargs-parser 21.0.0 (21.0.3 is available)
+ nodelite-2-iombbn8ckOixMtuV1p3f8jN6vqhXefNjJttoPaJDMeIk-yIGhkkL3OrHkEjE9SRsgoAx1vBUU2GtgggjvA5hCA-- <- @poppinss/dumper 0.6.3 (0.6.5 is available)
+ nodelite-2-iPAjerrse27-ygGLxw-EBR9agv9Y6uLeYVJMu-QNCoouJ1-1ri0mGrcWpfCqFZuzzx3WjtwxG098X-n4OuRkPg-- <- is-set 2.0.3
+ nodelite-2-iPZK6eYjbxRu3uB4-WZ3EsEIMJFMqAoopl3R-zuq0UjcAm-MO6KCweDgPfP3elTztoKP3KtnVHxTn2NHBSDVUw-- <- locate-path 6.0.0 (7.2.0 is available)
+ nodelite-2-iq6eVVI64nQQTRYq2KtEg2d2uU7LElhTJwsH4YzIHZshxlgZms-wIc4VoDQTlG-IvVIrBKG06CrZnp0qv7hkcQ-- <- strip-ansi 7.1.0 (7.2.0 is available)
+ nodelite-2-iqGgmBxY9LrblZ0BKLjmrA1mC-cf9A-wYCCqSmD6tMi-xAyVl0-DfixZIHSVDMbCPRPjNmVF0DFGth-IDGelFQ-- <- postcss-reduce-initial 7.0.0 (7.0.9 is available)
+ nodelite-2-iRDPJKUPVEND7dHPO8rkbOnPpyDygcDFtWjpeWNCgy8WP2rXcxXL8TskReQl6OrB2G7-UJrags1q15Fudc7G6w-- <- cross-spawn 7.0.3 (7.0.6 is available)
+ nodelite-2-irWScWRL6nRzYmBOXReIKch75RRhNS86UPUAxXdmW-l0FcAsg0lvAXQCby-1lymxn-o0gVa6Rv-0f03eJOwHxw-- <- postcss-ordered-values 7.0.1 (7.0.4 is available)
+ nodelite-2-iS47YTbdIcvN8Nh-1BFyziyUqmjXz7GVzWu02RaZXqb-e-3Qe1B7IQ4860krOeCGUeJmterAlaM2FRH0Ue0hjw-- <- ts-prune 0.10.3
+ nodelite-2-isyNax3wXoKaulPDZWHQqbmIx1k2tb9fb3GGDBRxCscfYV2Ch7WxPArBsFEG8s-safwXTT7H4QGhaIkTp9447w-- <- universal-user-agent 6.0.0 (7.0.3 is available)
+ nodelite-2-itJW8lvSA0TXEphiRoawsCksnlf8SyvmFzIhltqAHluXd88pkCd-cXJVHTDwdCr0IzwptSm035IHQktUu1QUMg-- <- source-map-js 1.2.0 (1.2.1 is available)
+ nodelite-2-iW5WTTBSC5BfsBJ9daFMPVrLT36MrNiC6fqOZTTaHjBNX6Pfd5p-hSBqe-fEeNd7pc13QiAyGt7VdGMw4eRC4A-- <- postcss-loader 7.3.4 (8.1.1 is available)

Done in 2.7s
