Progress: resolved 1, reused 0, downloaded 0, added 0
Progress: resolved 219, reused 0, downloaded 188, added 0
Packages: +250
++++++++++++++++++++++++++++++++++++++++++++++++++++++++++++++++++++++++++++++++
Progress: resolved 250, reused 0, downloaded 249, added 249
Progress: resolved 250, reused 0, downloaded 250, added 250, done

dependencies:
+ nodelite-2---88mFWSJx8lxCzwdAABTJL2MyWB12-eIY7MDL2SqLmAkeKU9qxRvWuSyTjm3FUmpBEMuFfckAIqEaVGUDxb6w-- <- p-limit 2.3.0 (7.2.0 is available)
+ nodelite-2--0hMx9eYhJvWbgpKV9hN7jg0JcwydpopZE4hgi-KvQtByZXPp04NiCWU0LzcAbP63abZckIHkTQaXVF52mX3xQ-- <- cheerio 1.1.0 (1.2.0 is available)
+ nodelite-2--0LLxhzP0tfiR5hcQebtudP56gUurs2CLkGarnCiB-OqEyUFQ6U3paQi-tgLv0hBJYt2rnr9MNpxz4fiiugstg-- <- micro-ftch 0.3.1
+ nodelite-2--1VkjdD0QBLPodGrJUeqarH8VAIvQODIbwh9XpP5Syisf7YoQgsJKPNFoqqLQlu-VQ-tVSshMR6loPMn8U-dPg-- <- @pkgjs/parseargs 0.11.0
+ nodelite-2--3DDPKHqqIqxUULp8yP4zODUY1i-2xvVWsv8A79xGWdCAG-8sb0hRh0Rk2QyOJUnnbyPUAZYcpBuRe3nS2OIUg-- <- @adraffy/ens-normalize 1.11.0
+ nodelite-2--3DPTxtxABLgmmVpYxrash3DHoq0cMa1jjLYNp3qqokKKhqVEaS4lbnaDKqWU5Dd6C2pEudPPBAEEQ9nUou9OQ-- <- fast-check 3.17.2 (3.23.2 is available)
+ nodelite-2--3ER20CTTbahrCrpYfPn7Xavv9diBROZpoXGVZDWMw4b-X4uuUwAC0ki85tgsdMRONURyIJbcOvS94QsUBYPbQ-- <- logkitty 0.7.1
+ nodelite-2--51-TKE88Lmm7Gc4-8btclNXWS-g50wXhYJq8HWIBAGUBnoAdRu1aXeh364t-O7wXDAcTJDP8PNuNKWUDWie-A-- <- is-absolute-url 4.0.1
+ nodelite-2--5CMN3T0R4XTj4DcGaexo-roZSdSFW-0AOOTROrjxzCG1wrWXEsGbRKevjlIL-ZDE4sZlJr5ED4YW0yqmkK-eA-- <- normalize-package-data 2.5.0 (7.0.1 is available)
+ nodelite-2--62tYiOe6DzS5BqVsNpH-nkGlX45C-Sp6V-NtiN6JQNS1Viay7cWkazmRkrQrdFj2eshDe96SIQNIoMxqhzBOg-- <- remedial 1.0.8
+ nodelite-2--68kP9yzs4LMp7VNh8gdzMSPZFL44MLGqiHWvttYJe-6qnuVr4Ek9wSBQoveqY-r-LwjCcU29kNVkidwim-kYA-- <- @types/prettier 2.7.3
+ nodelite-2--6KqX-GVUdqPuPPd2LxDDxzX6CAbjJehAAOKlNpqqUpAqPM6HeL8f-o3a-JsyGjn2lv0WY8UsTgUJjU9Ok55NA-- <- shallow-clone 3.0.1
+ nodelite-2--6w-C21Pm1A7aZitlI5Ni-2J6FFQN8i1Cvz3kHABAAbw93v-NlvKdVOqz7CCWz-3iv-JplRSEEZ83XION15ovw-- <- ansi-colors 4.1.3
+ nodelite-2--7CHXqGuspUn-Sl5aO7Ea0xWGAtETPXNSAjHo48JfLdPWcMng33Xe4znFvQweqc-uzk5zSOI3H52CYnjCfb5hA-- <- browserify-aes 1.2.0
+ nodelite-2--9egpBW8I3CD5XPe0n6BfT5fxLzxrlDzqydF3aviG-9ni1lDC-OvMHcxqEFV0-LANZG5R1bFMWfUrjVsdwxJvA-- <- esbuild 0.24.2 (0.28.2 is available)
+ nodelite-2--9ZK0rychTH1LUv4iZqJ4ESbmULJMTsv3XlFooPUngpxZkk00q6LqHKJRrsLErmQrVaC7cwQCaRBJa0teK17Lg-- <- @graphql-tools/executor-graphql-ws 1.1.2
+ nodelite-2--Ad8-nIOV7Rl--6f1BdKxFSMgmoqEoYbHRpPcx3JEfv8VRsQe9Z4mCXeJBzxs7mbHY-XOZZuXlRNfhpVPbs6ZA-- <- @types/tough-cookie 4.0.5
+ nodelite-2--B7cRuaxijLeFDJUq5hAzNyef3e3tBDIxyaCNmFtjwnod5AGis3RToNqzFU33vpVcxFhofkpE7Cx-5MYejbMGw-- <- @walletconnect/jsonrpc-http-connection 1.0.8
+ nodelite-2--bjOqmgETBYB5BoEeGVea8dmvHb2m9GLy1E9W43yeyfP6QQCZGFNa-XRceJEuDB6zqr-gKpIAmlLebMpykw-MQ-- <- p-map 4.0.0 (7.0.4 is available)
+ nodelite-2--bT2uH4E5LGE7h-n3evcS-sQlJXCpIp6ym8OWJ5eV6-67Dsql-LaaT7qJBAt2rzfoa-5QBGBhxDix1dMt2kQKQ-- <- levn 0.4.1
+ nodelite-2--c6rf4UJlmHlC9b5BaNvzAcFv7HZ2QHaV0D4-HNlBdvFnvQq8RI4kYdhyPCl7Xj-oWvTWQ8ujhqS53LIgAe6KQ-- <- @hapi/hoek 9.3.0
+ nodelite-2--CcK2UDl0aQ2wtkp3YVWldrpLRNCfVcIOFGlVGKO4R5eajsH393Z1yiXLVQ7vWsj26JOEjeZI0x5sm5P4OGUNQ-- <- @vitest/spy 3.0.9 (4.0.7 is available)
+ nodelite-2--d9sfos4yxzpwkDkuN7k2SqFKtYNmCTzgfEpz82x34IM9-zc8KGxQoXg1liNC-izpRM-MBdt44Nmx41ZWqk-FQ-- <- fast-fifo 1.3.2
+ nodelite-2--dbF1tHwZpXcbOJdVOkzLDxZP1ailvSxM6ZweXTegylPny803bFhA-vqBYw4s31NSAk4S2Qz-AKXK9a4wkdjcQ-- <- ws 7.5.10 (8.5.0 is available)
+ nodelite-2--dIpNdHksXkGHZXARZpL7doUzHqSNxgQ8-kQGxwpJuHnDhGkENxB5PS2QBaTDdEcmyTMjS53CN1rl9n1gR6fmw-- <- metro-symbolicate 0.80.12 (0.83.2 is available)
+ nodelite-2--E57AYkoeQ25qkxMj5PBOVgF8Kiu-h7cYS30Z5-R7WaiCCBfLq58ZI-dSeaEKb9WVJV5n-03QwrN3IeWIFllvw-- <- pkg-dir 3.0.0 (8.0.0 is available)
+ nodelite-2--EUsqGPLsM-j-zdChZjsnX51g4XrHFOIXwfnCVPGlQk-k5giakcKsuxCObBRu6DSm9opw-O6slWbJdghQM4bBg-- <- negotiator 0.6.3 (1.0.0 is available)
+ nodelite-2--f2Go4TognH-KvCISP7OUsHn85hT9nUkxxA9BEWxFn-Oj9o8ZNLm-40hdlgSLyuOimsrTKLUMEorQexp-aPQeA-- <- evp_bytestokey 1.0.3
+ nodelite-2--fHd1U3gSeszCH03UtyUZmprpmcJH6aJKyUTOfY73lKKRR7hVofmV812ahScR0T4xUkBlGjTLeGnsKY0IG6K6Q-- <- @algolia/monitoring 1.20.1 (1.57.0 is available)
+ nodelite-2--Fj43pSMwJs4KRrH-938Uf-uAELIgVBmQzg-q1YG10djyfA3TnrU8N8XzqCh-okZdszqBQTZf96idMfE5lnwTA-- <- @sinclair/typebox 0.27.8 (0.34.52 is available)
+ nodelite-2--FPE0rOdziWSrH9athwI1R0HDVbWlEhd-FR-aSDk4uWGmSJ9Z54sdZVDQPZAinJhJXwfT-qnj969mCsT2gfm5w-- <- @radix-ui/react-use-layout-effect 1.1.0 (1.1.1 is available)
+ nodelite-2--GbIKmo8ioc-NIWIhwdecY0ge-qVBSMdgxGygevmdHj24bsfgtCmcUUcQ5ZzcylGFHsN3k4HB4Cgkl96KVnuew-- <- socket.io-parser 4.2.4 (4.2.7 is available)
+ nodelite-2--gFfDkR8pj4-TrWCGUGWmJIkBwuxPS5F-a5yWjOHQt2hHvNZd5YLzadjmDUtFmMM4y429bnKLa8bYBMHcYdnQA-- <- bare-events 2.5.4 (2.9.2 is available)
+ nodelite-2--h1lkLKhZMTYjog1VEpJNG7NZJWcuc2DDk-qsqSTRRCOXiLjeQ1d1-udrUGhqMxUgAlwKNZ0cf2uqan5GLuS2A-- <- env-paths 2.2.1 (3.0.0 is available)
+ nodelite-2--hnE-qP5ZoGpol0a5mDi45bOd7t3tjYJBjsgCsivow7D48cJeV5l05RD82lPqi7gRiphZM37rnhW1l6ZoCNNnQ-- <- @vue/shared 3.5.13 (3.5.27 is available)
+ nodelite-2--hS-Y0u3aOfIETiaiirUFwDBDzmXPvO-jAfKTitUngIPzdKc6Z0LoFjM-CK5PL4C-eKwHohlHAb6H0VFfmmUsw-- <- remove-trailing-separator 1.1.0
+ nodelite-2--hSoy-QHluxmC9kCIJyL-uyFmLmc-e5CFR5Wa-bpIhIj85LVb9ZH2nVnqrHoSvKogwODv0ClqZkmiSSaIH5LTA-- <- yaml 2.7.0 (2.9.0 is available)
+ nodelite-2--I--4cYPccV8LdmBLiX8CYvf9Sp3vQsrqu2QNXRcrbiWvcx-UdlFiqUJJzxRQxgsZmvhXhn4cSKeSmoFjVdupA-- <- asn1.js 5.4.1
+ nodelite-2--ieB-mDe4MrrKMT8z-mQL8klXydZWGR5Dowt4RAGKbJ3kIGEx3X4ljUo-6V73IXtUPWgfOlU5B9MlGxFO5T-cA-- <- nwsapi 2.2.20
+ nodelite-2--iqjT8xmXhhYv4-uiYd8FNQsraMFZIfxVSqxxVSZP0WbbSAWvBXAul0m-zu-7Vv4O-3WtApy9pmaTMiumEZgfg-- <- @babel/plugin-transform-react-jsx-source 7.25.9 (7.29.7 is available)
+ nodelite-2--IuiUv3OSOFFKoXFMlZHfFzXGqEQbKhncpAcRSAtJmN4pupY4aNblvJ9Wv0SMm7-MSFRy2JLIoYWRSBpSV2yEg-- <- @algolia/recommend 5.20.1 (5.57.0 is available)
+ nodelite-2--IXtbwEk5HTPyEwyKX6hGkYXxM9nbj64B-ilVJnC-R6B0pH5G4V3b0pVbL7DBj4tkhBAppbQUlf6F6Xl9LHu1g-- <- math-intrinsics 1.1.0
+ nodelite-2--jHxFIzoMXdqPzTaCpFzAAWhpkSjZPF4Vsn6jAfNpmbH-ymsmd7Qc6VE9BGn0L6YMj6uwpQLxCECpus4ukKS9Q-- <- outdent 0.5.0 (0.8.0 is available)
+ nodelite-2--jKZoMpw0F8GRwl4-eLROPA3cfcXtLApP0QzLmUT-HuPCZWyB7IY9ZrMeKw2O-nFIqPQB3PVM9aYm0F312AXDQ-- <- node-domexception 1.0.0
+ nodelite-2--JrgthZG6m3ckicaOB74TwQ-tBWsFl3qVQg7mN8ulwSOElJ7gBhKzj2VkCPnZ4NlF6kEquYU-RIYNVAvzd54UA-- <- pkg-types 1.1.3 (2.3.0 is available)
+ nodelite-2--jyW6zbIt9xiLAmkLsLwJDegeFytg6n5yf79dEbkhOflclIM2t1YhEAXQxIuqgDgM-PQ34Zfu3wtgWSgUOReXg-- <- @graphql-codegen/gql-tag-operations 4.0.14
+ nodelite-2--KAgmVeqXYbTtU2FScx1XS3kNyfZ5TrXY07V96QnUSFqo2gAqlvmaxH67Lj7SWazqsMabf-58ctdTcBgnOLUOQ-- <- pino-abstract-transport 0.5.0 (2.0.0 is available)
+ nodelite-2--knKNieu5EKRThQJWwqaJ10a6HE9sSehGeqWN65--wE7j47ZpFhKAnHB-JJFibwwg61I-koxaPsXbXpD-skNOQ-- <- ethers 6.13.5
+ nodelite-2--kSXhY692qiV1MXu6EeOZvg5nECLclxNXcKCxJ3cXQgYuRymRHpdx-t7JXfsK-JLjwA1e1c1-SBrlQYpusC29Q-- <- @metamask/safe-event-emitter 2.0.0 (3.1.2 is available)
+ nodelite-2--LBRo3HrXr5LxmrdYSOCvoAMm7p2jNizNfbIpCgvG4HMsnoprRUOce--8VJ9BDYWW68rqIENE-haVLWPeFZBVQ-- <- typescript-eslint 8.23.0
+ nodelite-2--Lhy3TQTuzXI5hevh8sBGqbmurHbbIjAi0Z4S63nthVLmLxfbj4T54a4CfZrXIrt9iP4mVAPYMo-v99taj3wjQ-- <- object.groupby 1.0.3
+ nodelite-2--LLMVyas0ljjAtoYiPqYiL8VWXzUUdThrmU5-n20DZv-a-ClRoevUzw5JxU-Ieh5-c87ytoTBV9G1FiKfNJdmg-- <- react-is 18.3.1 (19.1.0 is available)
+ nodelite-2--lTU0PxZXn0Dr1NBtC7Y8cR21AJr87dLLU953CWA6pMxxv-UDc7jYAY90upcrie1nRcD6XNG5HOYEDtgW5TxAg-- <- @types/node 22.13.5 (26.4.1 is available)
+ nodelite-2--mrRod8xqpA-IHSLyGCQ2s8SPHiCDEeQJSep1jqLYeEUClOFG2Qsh-4FU6G9VeqpZnGW-Su8LQGc4YKni5rYSQ-- <- through2 2.0.5 (4.0.2 is available)
+ nodelite-2--mycXv8l2fEAjFZ5sjrtjJDmm2ceKGjrNbBr1durRg6VkU9fNUE-gsmQ51hWbHqs-l35W1iM-ZsmOD9Fd6lspw-- <- msw 2.7.3
+ nodelite-2--Nf7TyzTx6S3yRJObOAV7956r8cr2-Oj8AC5dt8wSP3BQAoeX58NoHyCU8P8zGkNXStjTSi6fzO6F0pBdcYbEg-- <- bytes 3.1.2
+ nodelite-2--NsyUUAZDmo6YVHzL-stxSu3t9YS1iljliy3BSDrXJ-dkn1KYdmtZODGGjLcc9XLgVVpH4KshHB8XmZgMhaBXg-- <- mkdirp 3.0.1
+ nodelite-2--NXaZd2MWbbrWHqU4EhXcrDbogeiCDmEbrAN-rMn4Nu2okDjn2MTFDbTIab87oEubQCH4Te1wDkWPKrzXup7-Q-- <- @graphql-tools/executor-http 1.0.9
+ nodelite-2--NYs2QeMWy-GWFOEm9xnn6HCDp0l7QBD7ml8zLUmJ-93Q5NF0NocErnwkTkXVFNiX3-fpC6afS8Dhb-gz7R7eg-- <- uuid 8.3.2 (9.0.1 is available)
+ nodelite-2--OaKK0xYrs3DmxRYqL-yDc-FxFUVYhDlXMhRmv3z915w2HF1tnN1omB354j8VUGO-hbRzyD6Y3sA7v7GS-ceog-- <- to-fast-properties 2.0.0
+ nodelite-2--OxDN6OtAk5KBpGb28T-HZc2M-ADtvRxXrKKbUwtsLgdoxgX13hyy7ek6bFRl5-aBs2yZzB0c4CnQfAtVypW-g-- <- typed-array-length 1.0.6 (1.0.8 is available)
+ nodelite-2--Pgi-vMuUNkJyExiMBt5IlFoMyKnr5zhJ4Uspz58WOhBF5QoIZkFyNHIbBAtHwzVAgk5RtndVNsDRN61-mmDqg-- <- is-plain-obj 4.1.0
+ nodelite-2--poHZJJVjx3L-zVD6g9KgHfYnb443oi7wLu-XKojDviHy6HOEOA6z1Trk5aR1dGcmPenJEgb2sK2I80LeS3MIg-- <- @sideway/formula 3.0.1
+ nodelite-2--qfkC2DtkDj4tHPu-AFKVfR-C30O1vYdvsGYaR13W-1cczPrrcjdvYCj0VLFuRMN-lP1xvpNZHCRNM4fBzn1jg-- <- @motionone/generators 10.18.0
+ nodelite-2--r23W1WF9PKymIET3SdCDfyuZ6tHeflvbZF3mL3cMp4849M1fe1J2eWefeqn2MMbKATstNqRVxtrq6peJ3A-Ew-- <- @graphql-codegen/typed-document-node 5.0.13
+ nodelite-2--RaJa5MpJqPHaSbBw0nrHeyIAd5C4YC9C1LfDbZJqrn5ZwOvHMUTod852XmzX-1S8oi1jTynB4FjicmauZIKwA-- <- @algolia/requester-browser-xhr 5.20.1 (5.57.0 is available)
+ nodelite-2--rFeCpNJQbhSZjGVwO9RFV3xPqbnERS8MmIQzCtD-zl6gpJuV-bMLuN92oG3F7d8oDEHHRrujSXNUr8fpjntKw-- <- commander 13.1.0
+ nodelite-2--Ryf6g3BKoRc7jfp7ad8tM4TtMiaWvbF-1-sQcZPkkS7ag3D5nMBCe2UfOTONtAkaG0tO0ij3C5Lwmf1EiyjHg-- <- astral-regex 1.0.0 (2.0.0 is available)
+ nodelite-2--S0st3t4Ro00bi9gjT1jnK8qTFOU-CwmziA7U9odKyWrCoRJrgmrvogq-Dr1YXlpFxexiGIupGut1VHxr-fxJA-- <- @react-native/babel-plugin-codegen 0.74.83 (0.81.5 is available)
+ nodelite-2--sCcHHbVdk93a0XT19ECtO-gIXoxvdsgQLzb2fE2-5sIZmWQuluYyjPQtrtTHdU1YzTZ7bAPN4sITq2xi1679w-- <- @actions/exec 1.1.1 (3.0.0 is available)
+ nodelite-2--SFtMgoiYP3WoSswuNmxJOCwi06TdWE733D-WPjpXIe4LXGULwEaofiiAy6kbS0-XjM5xF5n3lKuBwN2SnqD9g-- <- @next/env 15.2.4 (16.2.0-canary.9 is available)
+ nodelite-2--sKeecdIVXhFB-66e5yjeKYZ3Lpn52yNG637ElVhciuLGgFc153rC6l6zcuNd9yx5wMrNx35U-h3HsMIEI3xNw-- <- @graphql-tools/delegate 10.0.11
+ nodelite-2--sKlQJCBYVY9Ers9hqzKou4H6V5UWc-M59TH2dvkt-84itfnq7uFOMLpOiOS4ujvHP4etln18fmIxA5R5fll0g-- <- mdurl 1.0.1 (2.1.0 is available)
+ nodelite-2--Sl2UErvtsoajRDKCE5-dBz4DIvHXQQnAxtQTF04OJxY0-DyZXSo5P5Bb7XYWOh81syohlYL24hbDwxedPUJCA-- <- outvariant 1.4.3
+ nodelite-2--sM3dO2FOzXjKQhJuo0Q173wf2KOo8t4I8vHy6lF9poUp7bKT0-NHE8fPX23PwfhnykfqnC2xRxOnVw5XuGIaA-- <- jsesc 3.1.0
+ nodelite-2--Srv4dswyQNBfohGpz9o6Yb3Gz3SrUDqBH5rTuhGR7ahtlbYKnVxw2bCFMRljaA7EXHaXZ8wsHdodFvbkhKmqg-- <- concat-map 0.0.1
+ nodelite-2--t74n8r6wFhw4JEoOj3bN71N1NDLqaawB75uKAsSjeCwIR9AfCxlzZG0etsXtOexkY9KMeZIQ7YwRPqUdNXuqw-- <- @react-native/js-polyfills 0.74.83 (0.81.5 is available)
+ nodelite-2--tMwkBeNxh84syiSwNlYtmUz-Ppc-HfKtdopL-5RB-fd3SV1-5-NPNjMlyLNgFKnpxvKCInQ7dnl6jGHJjeHjg-- <- @react-native-community/cli-platform-android 13.6.6
+ nodelite-2--tTrYOC7PPI1nUAgx34hUpqXuyJG-DTHJTnIULG4rDygi4xu-tfgmq1e1cIRwRzwZgo4NLySi-ricLkZkw4i5A-- <- spdx-exceptions 2.3.0 (2.5.0 is available)
+ nodelite-2--TXh2qmOhclmVPjOnPTpIO4Xr6l2P5EwyXQygenwq4-ZQ-vPsrz-GCRZF9kBeQi6xrGcHv368Si9PGImWQawVg-- <- @vitest/coverage-istanbul 3.0.9 (3.1.3 is available)
+ nodelite-2--UovfmmXGptwGcBQawLzvn2jOfM0t4z3-uKffoBlj724-n3FvBbZ7M0aaBOmkp6pqFYpO4yx8tSVJjx3Fl2jig-- <- @radix-ui/react-dismissable-layer 1.1.0 (1.1.7 is available)
+ nodelite-2--uw1inIHVPQoaVuHzRyXd21icM-cnt4CzD5rW-NC1wjOUSTOs-Te7FOv7AhN7vS9x-oIyhLP5PR1H-phQAHu5Q-- <- end-of-stream 1.4.4 (1.4.5 is available)
+ nodelite-2--W7VmiVINB-ywl1HGXJXmrqkOhpKrIiVZV6tQuV54ZyQC7MMuBt81Vc336GMLoHBq5hV-F9eXgt5Mnx0Rha5Fg-- <- cookie-es 1.2.2 (2.0.0 is available)
+ nodelite-2--WKqsK294HMSc2jEbNgpHpd0JfIBhp7rEV4aqXWqFr6AlXov-SlcgB1Fv01y2kGe3Gc8nMW7VA0SrGuSkRfIEg-- <- lodash.startcase 4.4.0
+ nodelite-2--wluvCrRhXrhyOmRDJ3q8mux9JkKy5SJ-v8ol2tu4FVjyYvtEzkc-3pK15ET6RKg4b4w4BmTk1-gsCUhf21Ykg-- <- @iconify/types 2.0.0
+ nodelite-2--ZR0RxqxU-xxDGzbzosMjh4W6NdYFMqq2nvo2b8SLi7rsl-4jkL8S5stIikorNkdR50oVDvqb-3JT05WM-CRRA-- <- @parcel/watcher-wasm 2.4.1
+ nodelite-2-0-DUvqWMValLmha6lr4kD8iAMK1HzV0-aKnCtWb9v9641TnP-MFb7Pc2bxoxQjTXAErryXVgUOfv2YqNllqGeg-- <- tinybench 2.9.0 (5.1.0 is available)
+ nodelite-2-00o4I-DVrefhv-nX0ulyi3biSHCPDe-yLv5o-p6d-UVlirijB8E16FtfwSAi4g3tcqrQ4lRAqQSoFEZJehYEcw-- <- reflect.getprototypeof 1.0.10
+ nodelite-2-018KRk76HWKeZ5l4oTj2zPpSh-NbGdt0st5S6x0pga6HgrjBOJb24mMDHorFopOOd6YHkLgOZ-zaCjZGPO4aKg-- <- @babel/plugin-transform-parameters 7.27.1 (8.0.1 is available)
+ nodelite-2-06ZWXZx3PHCE-02zn-iIGOKKNgE3kyPd0Yh7IUEIa0bCYI6UmGlsYYghRx8As9TnTNYMCEiy5V0zI4Jb6EY6XA-- <- @iconify-json/simple-icons 1.2.24 (1.2.69 is available)
+ nodelite-2-0a5EOkAUp8D4moMi2W8ZF8jcga7BgZd91O-yabJCFY8az-XSzeGyTKs0Aoo897iV1Nj6guFq8orWDS96z91oGg-- <- toposort 2.0.2
+ nodelite-2-0ASV06AAoKCDkS2-xw5RXJywruurpbC4JZSm7nr7MOt1ojAzvyyaO-UxZf18j8FCF6kmzCZKcAgN-yu2gm2XgQ-- <- unist-util-stringify-position 4.0.0
+ nodelite-2-0by5vtUJs8iFQb5TYUHHPudOR-qXYIMKtiUzvLIZITZUjknFmziyBJuLhVRc-Ds0dREFlskDNJKYIdIzu-9pfw-- <- is-finalizationregistry 1.0.2 (1.1.1 is available)
+ nodelite-2-0fk9zBqO67Nq5M-m45qHCJxylV-DhBlIOVExqgOMiCCrzrhU6tCibRXNqE3jwJLftzE9SNuZtYbpzcO-i9FiKw-- <- strip-json-comments 5.0.1 (5.0.3 is available)
+ nodelite-2-0fr-mIH1dlO-x7TlcMy-bIDqKPsw-70tVyeHW787goQjhmqaZe10uwLujubK9q9Lg6Fiho1KUKDYz0Z7k7g5-g-- <- type-detect 4.0.8 (4.1.0 is available)
+ nodelite-2-0GNJAOsHoBHeNTvl5Vt6IWnpUEcc3uSRxzBri7EDyIcMgYvnY2JL2qdeV5zTMjWQX5OHcD5amcW2HFfDh0gjIA-- <- obj-multiplex 1.0.0
+ nodelite-2-0gNmv4qpS9HaN3-40CLBAnKe0ZfyE4ZWo5xKlC1rVrr0ckkEvJvAQqKaHANdFKsGstoxrY4AItZ7kZSGVoVjgg-- <- preact 10.26.2
+ nodelite-2-0gSFWUPNXNopqtIPQvlD5WgXYI5GY2kP2cCvoT8kczjbfcfuIljTbcWrulD1CIPIX2gt1wghbDy08yE1p--r3w-- <- @babel/helper-module-imports 7.27.1 (8.0.0-beta.0 is available)
+ nodelite-2-0H2XpmghwOtfPpM2LKqHIN7gxy-7G-r1hwJHKLV6uoyXGC-gCojRtoo5NqyKrWpFC8cqyT6wTYCLuG7CxEKilg-- <- react-native 0.74.1 (0.81.5 is available)
+ nodelite-2-0HCFSepIpLTkLcsi86GG3mTUzxV5jpmbv97hTETW3yzrAij8aqlD36toB1D0daVFJM8NK6GvKO0gslVQmm-zZA-- <- @babel/plugin-transform-literals 7.27.1 (8.0.1 is available)
+ nodelite-2-0hJU9SCPvmMzIBdZFqNPXWa6dqh7WdH0cII9y-CyS8rG3nL48Bclra9HmKhVVUHyPWNH5Y7xDwAB7bfgSjkUMQ-- <- hasown 2.0.2 (2.0.4 is available)
+ nodelite-2-0je-qPKHEMohvfRTCEo3CrPG6cAzAYgmzKyxRiYSSDkS6eGJdyVJm7WaYA5ECaAD9wLB2T4EEeymA5aFVcYXCA-- <- dequal 2.0.3
+ nodelite-2-0jkOl0hfojIHHmEHgmNdqv4fmh7300NdpA9FFpF7zaoLvB-QeXOGNLIo86oAveJFrfB1p05kC8hpEMHM8DwWVQ-- <- eslint-plugin-eslint-comments 3.2.0
+ nodelite-2-0KpjqXRVvrYyCsX1swR-XTK0va6VQkQM6MNo7PqW77ByjAhoARA8EfrP1N4-KlKj8YS0ZUCtRT-YUuhyYDujIQ-- <- lodash.merge 4.6.2
+ nodelite-2-0lht7OugA5x3iJLOWFhWK-5ehONdprk0ISXqVFn-NFrDu-cuc8iADFrGQz5BnRK7LLU3JmkbXSxaqX--mXYtUA-- <- data-view-buffer 1.0.1 (1.0.2 is available)
+ nodelite-2-0MuFdBrrJVBjT-gyhkP2BqpD0np1NxNLfQ38xXDlSs-KVVpKI2A6vN7jx2Rve-CyUsvOsMGwp9KKrinv7q9g3A-- <- eslint-plugin-tsdoc 0.3.0
+ nodelite-2-0odtFdXu-XHtjQXJYA3u9G0G8btm0ND5Cu8M7i5vhEcE8-HmF4Lbdqanwyv4uQTr2tx6b7fQRmgLrsnpQlmnig-- <- @ethersproject/logger 5.7.0
+ nodelite-2-0Pf4xBVUnwJdbDgpBlhHNmWDtbVjHTpIFs-JaBuIsC9PKRxjv4KMGCO2Gc8lkVnqMf9B-yaNY-9zmMlO5MyToQ-- <- link-check 5.4.0
+ nodelite-2-0pfFzegeDWJHJIAmTLRP2DwHjdF5s7jo9tuztdQxAhINCdvS-3nGINqPd00AphqJR-0LhANUS6--7SCb98YOfA-- <- y18n 5.0.8
+ nodelite-2-0QYC8b24HWY8zjRnDTL6RiHfDbAWn63qb4LMj1Z4b076A4une81-z03Kg7l7mn-48PUTqoLptSXez8oknU8Clg-- <- espree 10.3.0
+ nodelite-2-0R9ikRb668HB7QDxT1vkpuUBtqc53YyAwMwGeUFKRojY-NWKvdZ-9UYtRfGmhqNbRkTSVpMbmyhXipFFv2cb-A-- <- data-uri-to-buffer 4.0.1 (6.0.2 is available)
+ nodelite-2-0u-TldDbKD8bFCQ-4f5-mNRrXwZ8hg2w7ZR8wa16e8z9XpePWl3eGEcUD0OXpEH-VJH-2G3gjUtR3ZOiBe2S-w-- <- string.prototype.repeat 1.0.0
+ nodelite-2-0wM3YBWtYePOjfyXQH5MWQ8H7sdk5EXSwZvmSLKk2RboVQ2Bu239jycHDz5J-8Blf3K0Qnoy2b6xD-z10MFB-Q-- <- jsc-safe-url 0.2.4
+ nodelite-2-0wVnp9dxJ72ZUJDV27ZfbSj6iHLoytYZmh3rFcxNnvsJF3ktkzLDZPy-mA17HGsaQT3-DQsWYX1f1QGWkCoVUg-- <- @babel/plugin-syntax-private-property-in-object 7.14.5
+ nodelite-2-0xZJFNE5XMpENsgfHYTw8FbX4kv53mFLn2i3XPoq69LyhYSCBJtitaHx9QnsVTrsogI4Z3-HtEfZ2-GFPOtf5g-- <- @babel/code-frame 7.25.7 (8.0.0-beta.0 is available)
+ nodelite-2-0YCaSCq2VRIebiaUviZNs0cBz1kg5kVS2UKUfNIx8YVs1cN3AV7NTctO5FOKBA-UT2BPJIWZauYHPqJODG50cg-- <- regex-recursion 6.0.2
+ nodelite-2-0Zt-s3L7Vf1biwWZ29aARiVYLx7iMGnEUl9x33fbB-j3jR81u-O2LbqK-Bm1CDSNDKVtJ-YjwY7TUd5SkeLQLw-- <- file-uri-to-path 1.0.0 (2.0.0 is available)
+ nodelite-2-1-sA4dwrzBAyeUoQ6oxahHKmrZvsnLCg4RfxW3ZFGGmQkSNQPFNLV9CUEFQP1x9EYXHTo5p6xdhZM1Ne9p-AfA-- <- @eslint-community/eslint-utils 4.4.0 (4.9.1 is available)
+ nodelite-2-10FVt-X55AjRAYI9BrdISN9-AQWHqldOeZDUoLyif1Kn05a56xVBXb8ZouL8pZ9jem8QpXaOt8TS7RHUIS-GPA-- <- @babel/plugin-transform-private-methods 7.27.1 (8.0.1 is available)
+ nodelite-2-113D3mDkZDjo-EeUEHCFy0qniNc1ZpecGiAU7WSo7YDoSzolZIQKpYFHrPpjkB2nuyahcKfrmLXeQlh7gqJYdw-- <- @types/which 2.0.2
+ nodelite-2-115fLhvZVqWwHPbClyntxEVfVDfl9DLLTuJvq3g2O-Oxi8AiNouAHvDSzHS0viUJc-V5vm3eq91Xwqn9dp4jRA-- <- miller-rabin 4.0.1
+ nodelite-2-13gl-iawHV9zvDKciLo1fQ8Bgn2Pvf7OV6amaRVKiq3pjQ3UmEpXxWiAfV8tYjUpeZroBxtyrwtdooQT-i3hzw-- <- @stablelib/sha512 1.0.1
+ nodelite-2-17Gk-eFsFRAZ80p5eKqv89a57uXjd3NgIf1CaXojATPBuujVc-fQSVhBeAU9JCRB-k7J50WQAyWTxK19T9GgbA-- <- ox 0.6.7
+ nodelite-2-1BC0BVFhS-p0qtw6enp8e-8OD0UrK0oFLztSjNzhcKA3WDuJxxAPXzPuPtKkjEY9UUoEWlX-8fgKeu2S8i9JTA-- <- is-callable 1.2.7
+ nodelite-2-1bQeydJF9Nr1eBCMMbC-hdwmRlsv5XYOMu03YSWFwNs0HsAmtSxxF1fyuYPqemVldVyFmlCU7w8UE14LupUSZQ-- <- @babel/plugin-transform-function-name 7.27.1 (8.0.1 is available)
+ nodelite-2-1cDNdwJ2Jaohmb3sg4OmKaMBwuC48sYni5HUw2DvsC8LjGTLK9h-eb1X6RyuOHe4hT0ULCW68iomhjUoKUqlPQ-- <- has-symbols 1.1.0
+ nodelite-2-1dKp2K8UuFn7DFo1qX5c1cyazQv2h2ICwA9esHblEqCYrgf69Nk8N7SODmsfWg94OEaI74IqMoM12t7eIGwFzQ-- <- @graphql-tools/url-loader 8.0.2
+ nodelite-2-1e4Wqeblerz-tMKPIq2EMGiiWW1dIjZOksyHWSUm1rmuvw-how9hBHZ38lAGj5ID4Ik6EdkOw7NmWPy6LAwalw-- <- https-proxy-agent 7.0.5 (7.0.6 is available)
+ nodelite-2-1FlR-gjXK7X-AsAHso35MnyN5KqGwJRi-31ft6x0M194ht7S-rWAvd7PHss9xSKMzE0asv1pyIHaJYq-BbacAQ-- <- onetime 6.0.0 (7.0.0 is available)
+ nodelite-2-1gn1Up5YXka3YYAHGKpbideQ5Yjf1tDa9qYcgysz-cNCXukyLl6DjPXhD3VRwSb8c0J9tA4b2-rHEZtc6R0tlw-- <- @babel/helper-plugin-utils 7.27.1 (8.0.1 is available)
+ nodelite-2-1h-Lnq9yajKY2PEbBadPXj3VxsDDu844OnaAo52UVmIzIvwwtBPIuNvkjuzBlTWpfJyUbG3ez0KSBibQkj4ojg-- <- tunnel 0.0.6
+ nodelite-2-1HlG3oTSuQDOhSnLwJRKeTRSAdFNVB-1djy2ZbS35rBSJ-PFqx9cf9qatinWghC2UbfOYD8AcrtbUQl8WoxabA-- <- @stablelib/poly1305 1.0.1
+ nodelite-2-1HTsf5-QVRmLzcGfldPFvkVsAdi1db1BBKzi7iW3KBUlOICg-nKnFS-jGqDJS3YD8VsWbAh7JiHeBvbsw8RPxA-- <- types-ramda 0.30.1
+ nodelite-2-1I-1qpDt4idfgLQG-BNWmrqku-7-2bi5nLf4YwF8y8zXvmfiTBY3PV3ZibfrjBueCByROpuBjLLFCajqkgYoLQ-- <- mark.js 8.11.1
+ nodelite-2-1kFmZ1rOm5epu9NZEZm1kckCDGj5UJEf7P1kliH4LKu-RkwpsfqqGmY2OOcUs18lSlQBKLDYBOGxRVtrMN5lpg-- <- @typescript-eslint/types 6.21.0 (8.8.0 is available)
+ nodelite-2-1nc6VO4jtFd172BbSnTnDQVr9IYBFl1y4xPzZdtkrkKIncBCkdbgfdRV-MiTkJYAtTxvV12GRZLqBFT1PNK6Yw-- <- @ethereumjs/tx 4.2.0
+ nodelite-2-1nh45deeb5olNY7eX82BkPO7SSxR5SSYJiPTrTdFUVYwAl8CKMA5N9PjTYkHiRjisVcxcQ1HXdLhx2qxxJzLNQ-- <- nice-try 1.0.5
+ nodelite-2-1nMfdFjucm5hKvq0IClqZwK4FJkGXhRrQstOQ3P4vp8HxKrJEMFcY6RdBRVTdfQS-UlnX6gfbPuTvaqx-bDoeQ-- <- preact 10.26.8
+ nodelite-2-1nmYp-rhMDiE7AYkDw-lLwlAzz0AntGIe51F3RfFfEqyQ3feY2eI-NcwC6umIQVOASPMsWJLJScWKSSvzL9IVA-- <- hash-base 3.1.0 (3.1.2 is available)
+ nodelite-2-1NNCs6uurfkVbeXG4S8JFT9t19m45ICnif8zWLd5oPSZ50QnwMfK-H3jv408d4jw-7Bttv5axS5IiHoLaVNHeQ-- <- postcss-value-parser 4.2.0
+ nodelite-2-1pC6N8qWJbWoPtEjgcL2xyhQOP491EQjeUo3qTKcmV8YSDDJrOepfG8pcC7h-QgnQHYSv0mJ3Z-ZWxmatVrysg-- <- is-finalizationregistry 1.1.1
+ nodelite-2-1POYv7uv2gXoyGFpBCmpDVSNV74IfsWlDW216UPjbWufNf-bSU6GdbDsxdcxtfwb4xlI3yxzOTKClUosxARYrQ-- <- speakingurl 14.0.1
+ nodelite-2-1Qed0-Hr2m-YqxnM09CjA2d-i6YZNfF6R2oRAOj36eUdS6qIV-huPJNSEpKbupewFs-ZsJlxsjjPbc0-afW6Lw-- <- is-map 2.0.3
+ nodelite-2-1rhSOfRa6H9w4YwK0yrf5faDaDTb-yLyBUKOCV4xtCDB5VmIPqd-v9yr9o6SAzOAlRxMiRiCic6JVM1-kunVkw-- <- @octokit/types 12.6.0
+ nodelite-2-1rudGyeYY42Dk6texmv7c4VcQ0EsvVbLwZkA-AQB7SxvXxmcD93jcHie8bzecJ-ChDlmAm2Qyu0-Ccg5uhZXCg-- <- browserify-sign 4.2.2 (4.2.6 is available)
+ nodelite-2-1rXeuUUiGGrykh-CeBdu5Ie7OJwinCgQY0bc7GCRxy5xVHy-moaqkpL-jqQq0MtQOeYcrqEz4abc5f0KtU7W4A-- <- color 4.2.3 (5.0.2 is available)
+ nodelite-2-1rYdTpyv03iycF1-BhzrzQJCdOuAOtaqHTWJZCWvijKD2N5Xu0TtVC8--1faWqcP9iBCWOmjmhoH94dH82BxPQ-- <- @esbuild/linux-x64 0.21.5 (0.28.2 is available)
+ nodelite-2-1sK4ILJbCmZOTt9k4vkoulT6-y5CHJ1qUYxqpF1K-DBAd8-ZUL4LlSCxOssuH5m4rUaaN0uS0HlVPvd45zjduQ-- <- @typescript-eslint/types 8.23.0
+ nodelite-2-1To3ekMfzhYxe0Yhkpri-Fedq0SYcfrOfJi3vbLjMwF2qiKPjTGLwZkf2C9ftdQmxES-hmxhBzTwF4KgcOwf8w-- <- @wallet-standard/base 1.0.1
+ nodelite-2-1ugFO1UoirU2esS3juZanS-Fo8C8XYocCuBpfZI5N7ECtoG-zu0wF-uWZASik6CkO6w9n-Iebt4iI4pT0vptpg-- <- @metamask/rpc-errors 6.4.0
+ nodelite-2-1UsH5FzJd9quUsD1qY-zUG4JY3jo3YEMxbMYH9jT6NK3j4iORhlwTK8fYTfAUBhDKjgLfKjAh7aoazNE23oIRA-- <- metro 0.80.12 (0.83.2 is available)
+ nodelite-2-1v7fgQRj6hnSwFpq1Eu0ynr-CDEw0rXo2B61qXrLNdHZmPKgb7fqS1a2JwF0rISo9q77jDI8VMEHoApn8qDoZA-- <- character-entities-html4 2.1.0
+ nodelite-2-1VsFwYMOryIsnTGPG70N1HAXoa8Fa7s-XAtP2Y010tao0omgpM0S6Go0Uc7VJ8g-yHKyIw79leRMwUs35ysQZA-- <- @oven/bun-linux-x64-musl-baseline 1.2.3
+ nodelite-2-1W07cM9gS6DcLperZfFSj-bWLtaPGSOHWhPiGzXmvVJbRLdG82sH-Kn8EtW1VqWVA54AKf2h5k5BbnIbwF3h6w-- <- bl 4.1.0 (6.1.4 is available)
+ nodelite-2-1WsPDsUSMmZH5LeMLegqkPDrsGgsWwk1Exipy2hvB0o-F0ASzbpIctSCcZIK1ykJvtTJULEH-20WOFjMvGnCTg-- <- process-on-spawn 1.0.0 (1.1.0 is available)
+ nodelite-2-1XfIxnUXzyswPAPXo1P3Pdx2mq-pIqZICkWN60Hby0d9Iqb-MEIpqgYVlbflvHdrp2YR-q3jyKWRPJJ100yxaw-- <- valtio 1.11.2 (1.13.2 is available)
+ nodelite-2-1XMJE5fQo1jGH6Y-7ebnwPOBEkIEnT4QF32d5R1-VXdXveM0IBMJt8zfaxX1P3QhVwrYe-576-jkANtSS2mBbw-- <- stackback 0.0.2
+ nodelite-2-1yD6RmLI1XBfxugvORwlck6f75tYL-iR0jqwsOrOxMZyGYqUuDhJ0l4AXdO1iX-FTs9cBAMEk1gWSEx1kSbylg-- <- find-up 3.0.0 (7.0.0 is available)
+ nodelite-2-1z5Hw91VrE3GrpCZE6lE8Dy-jz4kXWesLS7rCSjwOxf5BOcIedAZeTUJRIeIzmmR-PA9CKOkPTYFRJbdgUtrxA-- <- get-graphql-schema 2.1.2
+ nodelite-2-1zccWBMypln0jEE05LzZt-V-8y8AQsQQqxtklqaIyg5nu6OAYFhZxPXinJTSG-kU5qyNmeLgcn9AW7eHiCHVLA-- <- bare-fs 4.1.5 (4.8.1 is available)
+ nodelite-2-1ZJTZebgqllO79ue2bm3rIGud-bOe0pP5BjSRCRxxYkEZS8STV7zN84UBbiYu7jy-eCKSnVIUgoWWE-tt-shMQ-- <- @jridgewell/source-map 0.3.6 (0.3.8 is available)
+ nodelite-2-2-1thGUUWWjLTYTHZWK1n8Yga0ijBz1XAhUXcKy81rd5g6yh7hGqMp45v7cadSbEHc9G3OTv45SyneRN3ps4DQ-- <- @babel/helper-compilation-targets 7.27.2 (8.0.0-beta.0 is available)
+ nodelite-2-2-DEJbNBoPROPkgTDNe8-1YXWcqxbN5DTjASVIOx8HS-pITXushyNiBV56RB08zuptzz8gT3YfkqriTBVycepg-- <- @rollup/plugin-inject 5.0.5
+ nodelite-2-2-mKyZH9K85bzOEfhXDBFZTGd1CTs-5IHpeFQo9luiBG7hghdC851Pj2WAhb6E3R6b9tZj-XKhbg4fum-Kepug-- <- bignumber.js 9.1.2 (9.3.1 is available)
+ nodelite-2-200UD8zylvEyL8Bx-z76RJnASR2gRMuxlgFCPAe-Q-679a-r0eK3MBVYMb7vZODZcffZBdob1EGnky78xmVvcA-- <- @radix-ui/react-focus-scope 1.1.0 (1.1.7 is available)
+ nodelite-2-22MOP1Rh7sAo1BZpDG6R5RFYzR2lYEgwq7HEmyW2qcsOqR2lQKmn-O--xV3YG-0rrhMC6KVX2hU-ZXuaw9a5bw-- <- rgb2hex 0.2.5
+ nodelite-2-24e6ynE2H-OKt4kqsOvNd8kBpV65zoxbA4BVsEOB3ARVWQki-DHzaUoC5KuON-BiccDaCCTZBuOcfZs70kR8bQ-- <- react-is 16.13.1 (19.1.0 is available)
+ nodelite-2-269Z39MS6wVJtsoUl10L60WdkhJVdPG24Q4eZTH3nnF6lpvSShEK3wQjDX9JRWAUPvPh7COouPpU9IrqaZFvtQ-- <- @eslint/eslintrc 2.1.4 (3.3.7 is available)
+ nodelite-2-2Ac2RgzDe-cn48GvOe3M-o82pEFewD3UPbyoUHHdKasHwJKjds4fLXWf-Ux5kATBKN20oaFGu-jbElp1pos0mg-- <- tsconfig-paths 3.15.0 (4.2.0 is available)
+ nodelite-2-2AT6j-gXe-1ueqbW6fLZJiIw3F8iXGJtt0yDrZaBhAZEG1raiTxKWU-IPqMCzQAXOUCKdA4UDMgacKH25XG2Cw-- <- is-subdir 1.2.0
+ nodelite-2-2BNGOimxEz5hmjUG2FwoxCt5HN7BXdaWyFqEwxPTrJzVdABtrL4TiHTcsWSFAxPQ-tOnEaQEJh3qWq71QRMY-w-- <- meros 1.3.0 (1.3.2 is available)
+ nodelite-2-2BShG-d5yoZyXZfVePH91urL5wTG6ASZU9M4o03lKK8u8UW1y08OMttBSOADTcJrnPMpvDXRG3G8fyLh4ovs8w-- <- @babel/plugin-proposal-unicode-property-regex 7.18.6
+ nodelite-2-2G2y--21dhj2R7iHAdd0FIzjGwuKZld-7Pl-bTU6YIkrC2ZMbVUjm-luj6A6V34Rv9XfKJDKpTWu9W4Gse1D9g-- <- serialize-error 11.0.3
+ nodelite-2-2GML2ZsCc5LR7hZYz4AXmjQw8zuy2T--2QntwdnpuYI7jteT6GVYJL7F6C2C57R7gSYrcqVW3lAALefdbhBLDA-- <- core-js-compat 3.43.0
+ nodelite-2-2ham8XPWTONajOR0ohOKOHXkm3-gaBmGut3SRuu75xLd-RRaY6vqgh8NBYYk7-RW3u5AtzPQZG8F10LHkl0lAQ-- <- vm-browserify 1.1.2
+ nodelite-2-2HDnJumw8A-9GecRpTgvfqSbPjEbJ4DPWq5J--OVP1gNMLvbV0MqFsP4canqRNM1LqB7VmWY45Stipb0ZIJ-0A-- <- @shikijs/transformers 2.3.2 (3.22.0 is available)
+ nodelite-2-2HvIEKRoqS62guEC-qBjpvRubdX910WCMuJTZ-I9yvqKU2-12eSL549HMwtabb4oupdj2sMP50k-XJfB-8JE6w-- <- is-interactive 1.0.0 (2.0.0 is available)
+ nodelite-2-2KH4LWGSrJIkVf5tSiBFYuXDAoWRq2MMwgivCf-93dd0GQi8RXLjKA-0EvRnVV5G0hrHczsquXuD01L8s6dmBw-- <- @babel/plugin-transform-react-jsx 7.27.1 (7.29.7 is available)
+ nodelite-2-2KV8NhB5JqC3ky0r9PMCAZKbUHSwtEo4CwCs0KXgruG43gX5PMqDEBbVU4OUzw2MuAWUfsuFmWvEKG5QRfSnJA-- <- copy-to-clipboard 3.3.3
+ nodelite-2-2LuNTFBIO0m7kKIQvvPHN6UE63VjpmL9rnEEaOOaiSPbZK-zUOYIzBAWcED-3XYzhYsd-0mD57VdxAEqqV52CQ-- <- @polka/url 1.0.0-next.24 (1.0.0-next.29 is available)
+ nodelite-2-2MNFrDY8jkFYc9Il9DgLsHhMzuHnOYM1-CUYVWbzu9oT0hC7V7EcYvdCKeoll-Fcci04A-ERZ9wcc7cQ8lTkIA-- <- @inquirer/type 3.0.4 (3.0.9 is available)
+ nodelite-2-2N3BOUU4gYMpTP24s5rF5iP7BDr7uNTCs4ozw3kf-eKfvWSIu93GEBi5m427YoyJoeOzQ5smuu4nNAPGb8idSQ-- <- destr 2.0.3 (2.0.5 is available)
+ nodelite-2-2nk-7SIVb14QrgXFHcm84tD4bKQz0RxPuMT8Ag5KPOq7J5fEmAg0UbXdTOSHqNuHSU28k55qnceesxXRZGzKWA-- <- get-east-asian-width 1.2.0 (1.6.0 is available)
+ nodelite-2-2NlIDTwUWJN0mRPQOdtQBzbUHvdGY2P1VXSyU83Q3xKxM7WHX2Ql8dKq782Q9TgQUNOLEzEYu9bzLNj1q88I5w-- <- escodegen 2.1.0
+ nodelite-2-2PTINUwsRqSd-s8XxKaJWQlUuEMHJQyEuh2edBbW8KNJz0SJPwUSD2zRWqezFEdN7IzAgeuYHFUCF7o8zRdZ0A-- <- yaml-ast-parser 0.0.43
+ nodelite-2-2qCTHimwdxLfz-YzdGfkqNlH0tLi9xjTnHddPmJwtIG9MGsdbutfTc4P-haPD7l7Cjxf-WZj-we5qfVPvvxfYw-- <- unist-util-is 6.0.0 (6.0.1 is available)
+ nodelite-2-2QF-t-auWm0lsy8XtKVPG19v3sSOQlJe-YHZgfjb-KBBHOGSV-J2q-S671rcq9uTBrLAXmZpqJiaQbMT-zNU1w-- <- @types/istanbul-lib-coverage 2.0.6
+ nodelite-2-2sJGJTaXIIaR1w4iJSNoN0hnMY7Gpc-n8D4qSCJw8QqFWXf7cuAgnEHxBpweaVcPevC2l3KpjYCx3NypQQgaJg-- <- destroy 1.2.0
+ nodelite-2-2vkLMVnp-YTZYTNSDIBZojSsjz8sl5PscP3j4GcV6idD8V978SZfwFlk8K0ti0BzRs11mzL0Pj17km597S-eTQ-- <- @react-native/assets-registry 0.74.83 (0.81.5 is available)
+ nodelite-2-2vPPEi-Z7WqML2jZYddDIfy5Dqb0r2fze2zTxNNknZaFpVHU3mFB3R-DWeJWGVx0ecvttSGlJTI-WG-8Z4cDWw-- <- nullthrows 1.1.1
+ nodelite-2-2XUaGVmyQjgyAZldf0D0c14vvo-yv0MhQBSTJcejMMaitsn3nxCB6TmH4G0ZQf-uxROOa9mpanoSm8h6SG-1ZA-- <- @types/yargs 15.0.19 (17.0.35 is available)
+ nodelite-2-2ymg6oRBpebeZi9UUNsgQ89bhx01TcTkmNTGnNO88imTmbSgy4nfujrgVEFKWpMTEGA11EDkTt7mqObTPdigIA-- <- source-map 0.8.0-beta.0
+ nodelite-2-2yTgeWTWzMWkHu6Jp9NKgePDaYHbntiwvYuuJLbbN9vl7DC9DvXKOB2BC3ZZ92D3cvV-aflH0osDfwpHepQ53w-- <- jiti 1.21.6 (2.7.0 is available)
+ nodelite-2-2yyAR8qBkN3YuheJanUpWC5U3bb5osDywNB8RzDVlDwDHbocAJveqqj1u8-SVD7jkWT4yvsHCpWqqWqAxb0zCA-- <- minimist 1.2.8
+ nodelite-2-3-GIFhk3sNuvFAJKU46o26OdzudQlPNBCu1ZQi3cMeMHhty1bhDxu2WrEilVNYaGvqUtR1VSigFcJOiS13dRhQ-- <- change-case-all 1.0.15
+ nodelite-2-3-o9z3X0X0fTupwsYvR03pJ-DjWuqqrfwBgTQzdWDiQSm9KitAyz-9WqsT2JQW7KV2m-bC2ol-zqpW37NHxLaA-- <- text-decoder 1.2.3 (1.2.7 is available)
+ nodelite-2-30iZtAPgz-LTIYoeivqYo853f02jBYSd5uGnGpkFV0M3xOt9aN73erkgYAmZU43x4VfqcnLxW9Kpg3R5LC4YYw-- <- @ampproject/remapping 2.3.0
+ nodelite-2-34wB-Y7MW7bzjKRjUKTa46I2Z7eV62Rkhva-KkopW7Qvv-OSWBqvkSY7vusOPrNuZcUG3tApvdVgNB8POj3SPw-- <- joycon 3.1.1
+ nodelite-2-35mSku4ZXK0vfCuHEDAwt55dg2jNajHZ1odvF-8SSr82EsZY4QmXfuWso8oEd8zRhVObSN18aM0CjSdoBX7zIw-- <- doctrine 2.1.0 (3.0.0 is available)
+ nodelite-2-37L-hd-A1Nyehd-pgfTrLC6w-Ngbu0CIoFh9Vv6v8Cgu5Hih0TLofvlg-J1BNbcTd5eQ2tFKZBDeFMhQaIiTpg-- <- @wdio/config 9.0.8
+ nodelite-2-38IxvKB6NAne3g--MyXMs2Cda-Sz-CEpmm-KLGEM8hx-CvnSRuw51i8ukfwB-B-sESdeTGet1NH1Wj7I0YXswg-- <- @typescript-eslint/scope-manager 6.9.1 (8.8.0 is available)
+ nodelite-2-3cqjOqg6s0XbOjWvmasmqHch-RLxIEk2r-70rzGXuz3iIGQsQheEQyqYCBb5EECoD01Vo2SIbDqW4paLeLTASw-- <- react-remove-scroll-bar 2.3.5 (2.3.8 is available)
+ nodelite-2-3cyDsyHgtmi7I7DfSSI2LDp6SK2lwvtbg0p0R1e0RvTqF5ceGx-K2dfSjm1bKDMVCFEDAQvy-o8c6a7VujOddw-- <- object-is 1.1.5 (1.1.6 is available)
+ nodelite-2-3e04qkoN3LxTMLakdqeWth8nih8usyg-sf1Bgdf9wwUkp05iuK1eSY-QpLvscT--F-gA89-LpUmmgBtesbqI2Q-- <- wait-port 1.1.0
+ nodelite-2-3f0uOEAQwIqGuWW2MVzYg8fV-QNnc-IpuJNG837rLuczAaLVHslWHZQj4IGiEl5Hs3kkbhwL9Ab7Hrsmuj-Smw-- <- tmpl 1.0.5
+ nodelite-2-3faf6gXFI1nX-kud5e2s-8fMjnuWp14XwqHVNCOfl7nVXQlEFAvjQxI1GrGyHckfHm7e6oXdm2eJwJGgPWi0QQ-- <- @wagmi/connectors 5.1.14
+ nodelite-2-3gKm-gCSUipeLsRYZbbdA1BD83lBoWUkZ7G9VFrhWPAU76KwYo5KR8V28bpoPm-ygy0x5-GCbpRQdY7VLYCoIg-- <- human-id 4.1.1 (4.2.1 is available)
+ nodelite-2-3hN7NaskYvMDLQY55gnW3NQ-mesEAepTqlg-VEbj7zzqEMBVNhzcGYYeqFo-TlYz6eQiFcp1HcsCZO-nGgS8zg-- <- gensync 1.0.0-beta.2
+ nodelite-2-3iMJ9q0ao7WE9tWcaYKIptkNBuOIcZCCT0d4MRvuuH88fEoEH62IuQe0OtraD3ebQEoTRk8XCBoknUNc1Y67pw-- <- typed-array-byte-length 1.0.1 (1.0.3 is available)
+ nodelite-2-3Iten7X3Zgwvk6kh6-NRdwN7WbZ760YgFCsF5AxDifltUQzW1RaW-WRmcVtgwFzLjaNu64H-0MPJ13yRa8g3Dw-- <- @types/dom-screen-wake-lock 1.0.3
+ nodelite-2-3ItfzbrhDlINjaP0duwnNsKpDQk3acHI3gVJ1z4fmwMK31k5G9OVIAMLSIaP6w4FaGkaAkN6zaQO9LUvZ1t7VA-- <- undici 5.28.3 (8.10.1 is available)
+ nodelite-2-3iubjl4JX5zD21aFxZwQghqC3lgu-mSs8c3NaiYYNCC-IT5cI-8QuKlgh9s59bu-N3gG988jqMJeCYlKuUv-iw-- <- @wdio/repl 9.0.8
+ nodelite-2-3KS2b-kL7fsuk-eJZ7EQdnEmQoaho-r6KUef7hxvltNA5DR8NAUM-8wJMbJyZ4G9-7i3v5zPBIMN5aybAh2-Jg-- <- typed-array-length 1.0.7 (1.0.8 is available)
+ nodelite-2-3kxQjX1dU9uudwSshyLeEipvrLjBCVthCgeTp6CzE-9JYrlAIaeekVxRpCWsDDfYTfRZRoCeZatCQvwo-wvK8A-- <- @babel/plugin-transform-for-of 7.22.5 (8.0.1 is available)
+ nodelite-2-3lbsNRf-j-A4QuSZfDRA7HRSfWrzO0YjqTJd5kjAq37Zep1CEgaYmrH9Q3GwPiB9cHyd1Y1UwggGhJGoxipbzg-- <- yargs-parser 13.1.2
+ nodelite-2-3oSeUO0TMV67hN1AmbXsK4yaqU7tjiHlbxRDZOpH0KW9-CeX4bRAaX0Anxt0tx2MrpRpWwQaPwIlISEJhYU5Pw-- <- balanced-match 1.0.2 (4.0.4 is available)
+ nodelite-2-3ouUOpQhtgrbOa17J7-uxOTpITYWaGP7-AhoR3-A--1e9skrzelGi-dXzEYyvbxubEF6Wn2ypscTKiKJFFn1ag-- <- process-nextick-args 2.0.1
+ nodelite-2-3oyUquzLq9vairNM4ba8wEtJm-Sn-qT1yh7MIoVltxfMtoX8teDrmj83-jSBXv0-iqKf2DGo4MQJ124KQKeTLA-- <- @web3modal/wallet 5.0.0
+ nodelite-2-3pKJwH184Xo-lnH6oyP1q2pMd7HcypqqmRs91-6-i2CGtWwIKGCkOOMTm-zXbgTEWHw1uNpNi-igc3ePOYHb6w-- <- normalize-path 2.1.1 (3.0.0 is available)
+ nodelite-2-3PYnM29RFXwvAN6Pc-scUfkI7RwhQ-xqyLUyPNlXUp9S40zI8nup9tUSrTLSVnWGBN38FNiGWbwZOB6uR4OGdw-- <- flow-enums-runtime 0.0.6
+ nodelite-2-3sUqbMEc77XqpdNO7FRyRog-eW3ph-GYCbj-rK-uYyRMuwsVy0rMiVtPn-QJlKFvWP-1PYpapqYn0Me2knFn-A-- <- deepmerge 4.3.1
+ nodelite-2-3sX-eOms8kd3q2KZ6DAhKPc0dgm525Gqq5NtWKZ7QYYZEv57OQ54KtblzJzH1lQF-eQxO8KjWGIK9IPUJNus5g-- <- babel-plugin-polyfill-corejs2 0.4.13
+ nodelite-2-3T8LkOmg45BV5FICb15QQMsyUSWrQ8AygVfC7ZG32zOalnqrilm018ZVCw0eapXux8FtA33q8PSRSstjee3jSg-- <- @humanwhocodes/config-array 0.11.14
+ nodelite-2-3T8uNMC3OQTHkFUsFq8r-BwAXLHvU-9O9mE0fBc-MY5iq-8H7ncvO947LmYA6ldWw9Uh8Yhf25zu6n7nML5QWQ-- <- es-set-tostringtag 2.0.3 (2.1.0 is available)
+ nodelite-2-3TzngqyzukYbuuweL1ejJJEPXmSRoOjaUsfBcfdx9RyDZtyP9av-GerV52mF6Lj2zEVkE7ZczpEP4tKJ8anxVQ-- <- @solana/web3.js 1.93.1
+ nodelite-2-3UDv-G9CsCKO1WKMGw9fwq-SWJYbI0c5Y7LU1AXYoDdbhE2AHQ6N6Nb34sG8Fj7T5APy8qXDCKuuIHd1BR0tVA-- <- detect-libc 2.0.4 (2.1.2 is available)
+ nodelite-2-3Ve9cd5ziLByUdigw6zovVeWJjVs8QHVmqOB0sJ0WNeVPcwf4p18GnxMmVvlFmYRloUwf5suNuorea4QzwBIOA-- <- edgedriver 5.6.1
+ nodelite-2-3vKuW0jV8J3XNTzvfyicFR5qvxrSAGl7KIhvgOu5cmWwM7tZRj3fMbj-pfIf4be7aznbc-prBWGjywox-g2Y6Q-- <- keccak 3.0.4
+ nodelite-2-3wdGidZyq5PB084XLES5TpOSRA3wjXAlIWMhum2kRcv-41Sn2emQ0dycQW4uZXLejwKvg6EsvbdlVL-FYEct7A-- <- yallist 4.0.0 (5.0.0 is available)
+ nodelite-2-3WrrOuZiyaaZPWiEt4G3-IffISVC9HYlWueJEBWED4ZH4aIAC2PnkdnuRrR94M-w6yGWn4AglWtJtBI8YqvgoA-- <- bundle-require 5.1.0
+ nodelite-2-3xurFv5tEgii33Zi8Jtp55wEIILR9eh34FAW00PZf-JnSsTmV-ioewSgQl97JHvgjoRGwPShsWm-IdrxB35d0w-- <- strip-bom 4.0.0 (5.0.0 is available)
+ nodelite-2-3XVF7sgyTSI2KWvTf6uLlBJ5iAgRgmvp3bpuOiQJvInd4nZ19ET8lX5unn30SlmRH7hXbBbH-Gxd0m0klJ3Xtw-- <- @motionone/utils 10.18.0
+ nodelite-2-40QW5YalBNfQo5yRYmiw7Yz6TKKVr3h6970B2YE-3fQpsWcrbj1PzJgxeJ19DRQjhMbKPIuMY8rFaXc8moolVw-- <- pngjs 5.0.0 (7.0.0 is available)
+ nodelite-2-41Cifkg6e8TylSpdtTpeLVMqvSBEVzTttHvERD741-pnZ8ANv0004MRL43QKPDlK9cGvNp6NZWZUBlbGXYxxng-- <- is-number 7.0.0
+ nodelite-2-41pvpVbW9rhZPk5xjCX2TPJi2861LEig-YRhUkY-1FQ2IQPS0bKUDYnEqY8XPPbB48h1uIwLnP9iiEfuSl20CA-- <- i18next 23.11.5 (25.3.0 is available)
+ nodelite-2-43r2mRvz-8JRIKnWJ-3j8JtjRKZ6GmjzfaE-qiBJnikNnYv-6bagRJ1kUhNk8R5EX-GkobD-r-sfxCPJsiKBLQ-- <- is-unicode-supported 1.3.0 (2.1.0 is available)
+ nodelite-2-43ZssAJaMusuKWL8sKUBQXHWOpq8d6CfN-u1p4gUzfJkM05C8rxTmYrkIPTXapZpORA6LkkzcUulJ8FqA7Uudw-- <- split-on-first 1.1.0 (3.0.0 is available)
+ nodelite-2-44pxmxAvnnAOwBg4tHPnkfvgjPwbc5QIsSstNU-YcJ1ovxVzCWpSGosPJOZh-a1tdl81fbgnLc9LLv-x2ywbPQ-- <- is-upper-case 2.0.2
+ nodelite-2-47qPchRCykZC03FhkYAhrvwU4xDBFIj1QPqaarj6mdM-hgUzfPHcpkHJOn3mJAufFeeAxAzeGsr5X0M4k6fLZQ-- <- dotenv 16.4.7
+ nodelite-2-481HyvBKKXrKH2VZsSBVsqsqxcnncqpsKz7qgTqnSEToCSyNqc3bGrI6pN6haI9nLawJpIh-oNXCg4JISUi6bg-- <- @oven/bun-linux-x64-musl 1.2.3
+ nodelite-2-4A-SCr-2KLd5jrtOMFzaKjVtAei3-2r-NChoBNoZ3EyP--GlhoaEGoWOZUmFmoITP7zOJyHIMm-DYRd8o3PvHA-- <- @babel/helper-string-parser 7.25.9 (8.0.0-beta.4 is available)
+ nodelite-2-4Bcg1P8xhUuqcii-S0Z9wiHIrQVPMermM1any-MX5GeGD7faD3-msQUDGLol9wOcz4-jbg-WJnGqoJF6LiBdtg-- <- basic-ftp 5.0.5
+ nodelite-2-4GlJ6rZDhQZFE0DPVKh0e9jmZ5egZfxTkp7bcRDuPlJXbAwhxcl2dINPUAsjLdejqaLsCeg8axcLjIbvBjN4pQ-- <- path-root-regex 0.1.2
+ nodelite-2-4GV5sHFG0e-0AD4X-ySy6UJd3jVl1iNsNHdpad0qhABJ11twS3TTBnseqsKurKcsNqCEFeGL3uLpVChpIO3QfQ-- <- react-dom 19.0.0 (19.2.8 is available)
+ nodelite-2-4H8vUNGNjQ4V2EOoGw005-c-dGuPSnhpPBPHBtsZdGZBk-iJb4kguGlPWaZTZ3q5nMtFOEsY0nRDlh9PJyd6SQ-- <- tsx 4.19.3 (4.21.0 is available)
+ nodelite-2-4I7Td01quW-RpocfNayFdFVk1qSuoh0E7JrbRJ16nH01HhKFQ88INq9Sd-nd72zqRySlr9BmDA8xlEJ6vJMrYA-- <- aggregate-error 3.1.0 (5.0.0 is available)
+ nodelite-2-4IehN3V--kkr5YeSSDDQG8QLqO26XpL2XP3GQtqwlT-QYSECAwFztxVHjlbh0-gjJ3XmNLS0zDsbgs9jWKExLg-- <- unicode-match-property-value-ecmascript 2.2.0 (2.2.1 is available)
+ nodelite-2-4J7wRJD3ABAzr8wP-OcIcqq2dlUKp4DVflx--hs5h5ZKydWMI6-D-fAot-yh6g2tHh8fLFTvNOaVN357NvSrOQ-- <- data-view-byte-length 1.0.1 (1.0.2 is available)
+ nodelite-2-4Kh9a6B2bQciAhf7FSuMRRkUWecJgJu9nPnx3yzpsfXX-c50REIqpHY4C82bXP90qrLtXtkDxTZosYO3UpOwlA-- <- @types/cookie 0.6.0
+ nodelite-2-4PFfn4b5ZN6FMNGSZlyb7wUhuN8wvj8t-VQHZdM4JsDcruGJ8L2kf9zao98QIrBPFCpdk27qst-AGTl7pL3ypQ-- <- cross-inspect 1.0.0 (1.0.1 is available)

Done in 3s
