Progress: resolved 1, reused 0, downloaded 0, added 0
Packages: +250
++++++++++++++++++++++++++++++++++++++++++++++++++++++++++++++++++++++++++++++++
Progress: resolved 250, reused 0, downloaded 250, added 250, done

dependencies:
+ nodelite-2---5VFTchJDoVj3bhoqi6UeymcD00DAwb1nJwamzPvHEszJ4FpF6SNNbUbOS8yI56qHzdV8eK0qEfOSiodkTdxg-- <- possible-typed-array-names 1.1.0
+ nodelite-2---88mFWSJx8lxCzwdAABTJL2MyWB12-eIY7MDL2SqLmAkeKU9qxRvWuSyTjm3FUmpBEMuFfckAIqEaVGUDxb6w-- <- p-limit 2.3.0 (7.2.0 is available)
+ nodelite-2---nshmD55c46FuFw26xV-xFAaB5HF9Xdap7HJBBnrKdAd6-GxDBaNA1870O79-9ueg61cZLSVc-OaFlfmObYVQ-- <- pathval 2.0.1
+ nodelite-2--0hMx9eYhJvWbgpKV9hN7jg0JcwydpopZE4hgi-KvQtByZXPp04NiCWU0LzcAbP63abZckIHkTQaXVF52mX3xQ-- <- cheerio 1.1.0 (1.2.0 is available)
+ nodelite-2--1VkjdD0QBLPodGrJUeqarH8VAIvQODIbwh9XpP5Syisf7YoQgsJKPNFoqqLQlu-VQ-tVSshMR6loPMn8U-dPg-- <- @pkgjs/parseargs 0.11.0
+ nodelite-2--5CMN3T0R4XTj4DcGaexo-roZSdSFW-0AOOTROrjxzCG1wrWXEsGbRKevjlIL-ZDE4sZlJr5ED4YW0yqmkK-eA-- <- normalize-package-data 2.5.0 (7.0.1 is available)
+ nodelite-2--6KqX-GVUdqPuPPd2LxDDxzX6CAbjJehAAOKlNpqqUpAqPM6HeL8f-o3a-JsyGjn2lv0WY8UsTgUJjU9Ok55NA-- <- shallow-clone 3.0.1
+ nodelite-2--6w-C21Pm1A7aZitlI5Ni-2J6FFQN8i1Cvz3kHABAAbw93v-NlvKdVOqz7CCWz-3iv-JplRSEEZ83XION15ovw-- <- ansi-colors 4.1.3
+ nodelite-2--AIGTvpVz-FIx5CsM1y-nW0r-qOb-ChRdM8-Cbp-jKWC0Wdw4ldnwPdYOBi5NaALUQnYITirD9XMZX7LdklEzQ-- <- @azure/msal-browser 4.15.0 (4.25.1 is available)
+ nodelite-2--bT2uH4E5LGE7h-n3evcS-sQlJXCpIp6ym8OWJ5eV6-67Dsql-LaaT7qJBAt2rzfoa-5QBGBhxDix1dMt2kQKQ-- <- levn 0.4.1
+ nodelite-2--d9sfos4yxzpwkDkuN7k2SqFKtYNmCTzgfEpz82x34IM9-zc8KGxQoXg1liNC-izpRM-MBdt44Nmx41ZWqk-FQ-- <- fast-fifo 1.3.2
+ nodelite-2--dbF1tHwZpXcbOJdVOkzLDxZP1ailvSxM6ZweXTegylPny803bFhA-vqBYw4s31NSAk4S2Qz-AKXK9a4wkdjcQ-- <- ws 7.5.10 (8.5.0 is available)
+ nodelite-2--djoAN709iY65ETD6LKCtyyEI04XIBP5xVvfmNxsEP0uJB5tyaGBztSryRr4HqMStr9R06PisQE7m9zDTXKu6g-- <- aws4fetch 1.0.20
+ nodelite-2--E-lYl6qu1zqgPEnTrs4WysQtvc-Sh4fC2nByfFExqgYrqkKWp1tWIbe-ELhixnenSpBbLXNi6vbEEJ8M7fiHw-- <- @rollup/rollup-linux-x64-gnu 4.45.1
+ nodelite-2--E57AYkoeQ25qkxMj5PBOVgF8Kiu-h7cYS30Z5-R7WaiCCBfLq58ZI-dSeaEKb9WVJV5n-03QwrN3IeWIFllvw-- <- pkg-dir 3.0.0 (8.0.0 is available)
+ nodelite-2--eawOlIgy680F0kBzPUNFhMZGtJ1YmqM6l4-Crf4IkImjYrO-mqPwRMh352g23uIaQKFItcQ64I7KMaJxHgAVA-- <- node-addon-api 6.1.0 (8.5.0 is available)
+ nodelite-2--EUsqGPLsM-j-zdChZjsnX51g4XrHFOIXwfnCVPGlQk-k5giakcKsuxCObBRu6DSm9opw-O6slWbJdghQM4bBg-- <- negotiator 0.6.3 (1.0.0 is available)
+ nodelite-2--FbBPE1o9QAYvviau-qC5SE3caw21q3xkvWKBtja5vgqOWIHHJ3ioaq1VPfn-Szqctz2bU-oYeKd9-z5BL-PVg-- <- tiny-invariant 1.3.3
+ nodelite-2--Fj43pSMwJs4KRrH-938Uf-uAELIgVBmQzg-q1YG10djyfA3TnrU8N8XzqCh-okZdszqBQTZf96idMfE5lnwTA-- <- @sinclair/typebox 0.27.8 (0.34.52 is available)
+ nodelite-2--GDnfQYsltsjRswQhN9fhv3EMw2sCpUdrdxyWDOUK7eyD--r3gRhzgiQgc-x4MAv2i1iuQ4lxO5mvqM3vj4bwA-- <- js-md4 0.3.2
+ nodelite-2--IXtbwEk5HTPyEwyKX6hGkYXxM9nbj64B-ilVJnC-R6B0pH5G4V3b0pVbL7DBj4tkhBAppbQUlf6F6Xl9LHu1g-- <- math-intrinsics 1.1.0
+ nodelite-2--jHxFIzoMXdqPzTaCpFzAAWhpkSjZPF4Vsn6jAfNpmbH-ymsmd7Qc6VE9BGn0L6YMj6uwpQLxCECpus4ukKS9Q-- <- outdent 0.5.0 (0.8.0 is available)
+ nodelite-2--jKZoMpw0F8GRwl4-eLROPA3cfcXtLApP0QzLmUT-HuPCZWyB7IY9ZrMeKw2O-nFIqPQB3PVM9aYm0F312AXDQ-- <- node-domexception 1.0.0
+ nodelite-2--kqtlepLMptX0OgbYD9aMYbM7EFrMZCL7EoHM8Psmg2FuhXoo-bH64KqOiZGGwa6oS9TPdSEDKBnV2LuB8-5vQ-- <- tiktoken 1.0.21
+ nodelite-2--Lhy3TQTuzXI5hevh8sBGqbmurHbbIjAi0Z4S63nthVLmLxfbj4T54a4CfZrXIrt9iP4mVAPYMo-v99taj3wjQ-- <- object.groupby 1.0.3
+ nodelite-2--LLMVyas0ljjAtoYiPqYiL8VWXzUUdThrmU5-n20DZv-a-ClRoevUzw5JxU-Ieh5-c87ytoTBV9G1FiKfNJdmg-- <- react-is 18.3.1 (19.1.0 is available)
+ nodelite-2--NYs2QeMWy-GWFOEm9xnn6HCDp0l7QBD7ml8zLUmJ-93Q5NF0NocErnwkTkXVFNiX3-fpC6afS8Dhb-gz7R7eg-- <- uuid 8.3.2 (9.0.1 is available)
+ nodelite-2--OaRja3f0IqGG2kptVeYsrZQK9nKRSpfFrKtRBq4uh6nIB8bTBgaGvYQrQoRrQWQMA5dK5yLhDMDc0dvYvCOIQ-- <- @opentelemetry/sdk-trace-node 2.2.0
+ nodelite-2--QU2zd6OTD8XWIJCbffaiQeH9U73qIqafo1x6V1snCWYGJf6cVE0cDR4D8xRzcEnfI21IFrUPzPGtcPf8AC-Rw-- <- write-file-atomic 5.0.1 (6.0.0 is available)
+ nodelite-2--r83VqE55l0WsBf8IhNmc-3z71y2zIPe5kRSuqA5tY-SL-ULzlHUJEMd1szztd0G45JozLwjvrhAzhDPJ-Qo-g-- <- metro-config 0.82.5 (0.83.2 is available)
+ nodelite-2--sM3dO2FOzXjKQhJuo0Q173wf2KOo8t4I8vHy6lF9poUp7bKT0-NHE8fPX23PwfhnykfqnC2xRxOnVw5XuGIaA-- <- jsesc 3.1.0
+ nodelite-2--Srv4dswyQNBfohGpz9o6Yb3Gz3SrUDqBH5rTuhGR7ahtlbYKnVxw2bCFMRljaA7EXHaXZ8wsHdodFvbkhKmqg-- <- concat-map 0.0.1
+ nodelite-2--W6cISkXFa1jXsDEdYA8HeevQT-FULhxzR99pxphltZcVaugps53THCeiWA8SguxxpSp3gKPiuYfSWopkLQ4hw-- <- @babel/helper-globals 7.28.0 (8.0.0 is available)
+ nodelite-2--WKqsK294HMSc2jEbNgpHpd0JfIBhp7rEV4aqXWqFr6AlXov-SlcgB1Fv01y2kGe3Gc8nMW7VA0SrGuSkRfIEg-- <- lodash.startcase 4.4.0
+ nodelite-2--WoovN-ppKolQOFIAajxi7Lu9kInbPxFuTBVEavFcL8eAfVstoc5MocPmqBeAdBOJV00uaVjegzH4-MA0DN-uA-- <- micromark 2.11.4 (4.0.2 is available)
+ nodelite-2--XvmZLLWPe67WXNZo9Oc9CrPj-Tm8QnHR92fFAFdnbzwNdCH1h-7UdpaQgRSBsMY-oW1kHXNUZQLdZ1gHX3ROw-- <- @azure/core-tracing 1.3.0 (1.3.1 is available)
+ nodelite-2--ys997U96po4Kx-ABpBCqhA9EuxJaQWDQg7295H4hBphv3IZg0boBKuwYpt4YXp6MZ5AmZQnU-tyMTlRpaSejg-- <- call-bound 1.0.4
+ nodelite-2-0-A9rDy9P7cJ-8w1c9WD9V--9Wj15Ce2MPz8Ri6032usz-NfePxx5AcN3bN-r6ZL6jEo066-yNYB3tn4pQEx-A-- <- uuid 11.1.0
+ nodelite-2-0-DUvqWMValLmha6lr4kD8iAMK1HzV0-aKnCtWb9v9641TnP-MFb7Pc2bxoxQjTXAErryXVgUOfv2YqNllqGeg-- <- tinybench 2.9.0 (5.1.0 is available)
+ nodelite-2-00o4I-DVrefhv-nX0ulyi3biSHCPDe-yLv5o-p6d-UVlirijB8E16FtfwSAi4g3tcqrQ4lRAqQSoFEZJehYEcw-- <- reflect.getprototypeof 1.0.10
+ nodelite-2-00RbEpvfnyPodlICiGFuiOmyvWaL9nzCRSqZz82BVFsGTiSQnnF0gpD1C8tO6OvtptELbtRuM7BS9f97LcowZw-- <- @lmdb/lmdb-linux-x64 3.4.1 (3.4.2 is available)
+ nodelite-2-03ruubjWyOHlmljCVoxSuNDdmfZDzsrrz0P2LeJsOXr-ZwFQ-0yQIwNCwt-GYhV7Z31fgtXJTAEs-FYlEL851g-- <- @types/eslint 8.56.12 (9.6.1 is available)
+ nodelite-2-04-Eha5NP7Z0A9YgDAzMk5PHR16ZuLVa83b26kH5-cp1qZW4F6FmAURngE7INf4tKOvCE69vYvDEwoNl1tGiWw-- <- bun-types 1.2.18 (1.3.8 is available)
+ nodelite-2-07ny-LHRzQXepkGg6w0mFY41fVUNBrL2Roj---7V1txKugfjm-Ci-qSND03r2RhlJhJYMcTn9AhhSSqQp0Ysyw-- <- @typescript-eslint/visitor-keys 5.62.0 (8.8.0 is available)
+ nodelite-2-090nwYJDmlhwFwEW3QQl-vaNnxsO2yVsd45eTKRBzSzu-hlb1w2K9inVq5b0ngXuLVqQ4ApvsUHHnu-zQNkWAg-- <- tar-fs 2.1.3 (3.1.1 is available)
+ nodelite-2-0B3bhxR6snWXJZtR-RliHTDPRgn1sNHOR0yVtq-IiQFyuOVjFS-wuio-R4gSNkyYmKmJB4wGZv2NZanmKmTnNA-- <- babel-preset-jest 29.6.3 (30.2.0 is available)
+ nodelite-2-0dxmVj4gxg3Jg879kvFS-msl4s9F3T9UXC1InxgOf7t5NvcPD97u-WTA5vL-IxWHMn7qSxBozqrnnE2wvl1m8g-- <- @speed-highlight/core 1.2.7
+ nodelite-2-0fr-mIH1dlO-x7TlcMy-bIDqKPsw-70tVyeHW787goQjhmqaZe10uwLujubK9q9Lg6Fiho1KUKDYz0Z7k7g5-g-- <- type-detect 4.0.8 (4.1.0 is available)
+ nodelite-2-0gSFWUPNXNopqtIPQvlD5WgXYI5GY2kP2cCvoT8kczjbfcfuIljTbcWrulD1CIPIX2gt1wghbDy08yE1p--r3w-- <- @babel/helper-module-imports 7.27.1 (8.0.0-beta.0 is available)
+ nodelite-2-0hJU9SCPvmMzIBdZFqNPXWa6dqh7WdH0cII9y-CyS8rG3nL48Bclra9HmKhVVUHyPWNH5Y7xDwAB7bfgSjkUMQ-- <- hasown 2.0.2 (2.0.4 is available)
+ nodelite-2-0j0cPq3fgxt2dPdFsg4XvO-6L66RC0pZybT9F4dG5TBrLA3jA-1pNkdTXH9IBBVHkgsKrNKenI3n1mPyPlIydg-- <- @changesets/cli 2.29.5 (2.31.1 is available)
+ nodelite-2-0je-qPKHEMohvfRTCEo3CrPG6cAzAYgmzKyxRiYSSDkS6eGJdyVJm7WaYA5ECaAD9wLB2T4EEeymA5aFVcYXCA-- <- dequal 2.0.3
+ nodelite-2-0kELaGSIDBKvcgS4zkjz1PeddatrjYcmMWOlAuAPwAeccUrPHdUqo-J6LiymHHEiJT5NrF1UVwxY14f-fy4WQw-- <- @protobufjs/pool 1.1.0
+ nodelite-2-0KpjqXRVvrYyCsX1swR-XTK0va6VQkQM6MNo7PqW77ByjAhoARA8EfrP1N4-KlKj8YS0ZUCtRT-YUuhyYDujIQ-- <- lodash.merge 4.6.2
+ nodelite-2-0pfFzegeDWJHJIAmTLRP2DwHjdF5s7jo9tuztdQxAhINCdvS-3nGINqPd00AphqJR-0LhANUS6--7SCb98YOfA-- <- y18n 5.0.8
+ nodelite-2-0R9ikRb668HB7QDxT1vkpuUBtqc53YyAwMwGeUFKRojY-NWKvdZ-9UYtRfGmhqNbRkTSVpMbmyhXipFFv2cb-A-- <- data-uri-to-buffer 4.0.1 (6.0.2 is available)
+ nodelite-2-0vGq0yiU1gbjKob2q691ybTg9JX6ShiVXAAfm2jGf3q0hdP6-BruaFjL-ManAR-lj05AvYCH-5bbVo0VtzmjOA-- <- @typescript-eslint/scope-manager 8.37.0
+ nodelite-2-0wJxfxH1wgO3GrbuP-dTTk7op-6L41QCXbGINEmD-ny-G-eCqGzxyCsh7159S-mgDDcoarnBw6PC1PS5-wUGgw-- <- lodash.isstring 4.0.1
+ nodelite-2-0wM3YBWtYePOjfyXQH5MWQ8H7sdk5EXSwZvmSLKk2RboVQ2Bu239jycHDz5J-8Blf3K0Qnoy2b6xD-z10MFB-Q-- <- jsc-safe-url 0.2.4
+ nodelite-2-0wVnp9dxJ72ZUJDV27ZfbSj6iHLoytYZmh3rFcxNnvsJF3ktkzLDZPy-mA17HGsaQT3-DQsWYX1f1QGWkCoVUg-- <- @babel/plugin-syntax-private-property-in-object 7.14.5
+ nodelite-2-0YIpccoX8m-k00O7mDDMdJpbr6mf1yWo2dfmxt5A8XVZVVMz2SSKaEbMCeJRvgQ0IaSlqhjT47p4hVIRRy90xw-- <- @azure/core-lro 2.7.2
+ nodelite-2-0Zt-s3L7Vf1biwWZ29aARiVYLx7iMGnEUl9x33fbB-j3jR81u-O2LbqK-Bm1CDSNDKVtJ-YjwY7TUd5SkeLQLw-- <- file-uri-to-path 1.0.0 (2.0.0 is available)
+ nodelite-2-1-WqvgNMhmlAambTvT3KPtCl-Ibr68VldY2XY40SL1CE0ZXiakFR-cbTspaF5HsnpDMvcYYoJHfl4980NBjGag-- <- @eslint/plugin-kit 0.3.3 (0.7.3 is available)
+ nodelite-2-1-YHvAVTimMM9mmlPvTec9NP4bobA1RkDbMydxG8omqwJJLEW-Iy2C4adsAESIXU3WGLXFHSZUU-C9EoFWl4Zg-- <- @typescript-eslint/tsconfig-utils 8.37.0 (8.69.0 is available)
+ nodelite-2-10FVt-X55AjRAYI9BrdISN9-AQWHqldOeZDUoLyif1Kn05a56xVBXb8ZouL8pZ9jem8QpXaOt8TS7RHUIS-GPA-- <- @babel/plugin-transform-private-methods 7.27.1 (8.0.1 is available)
+ nodelite-2-19eKVv9tugr03IgfXlA9UVUVRbW6IuqRO5B92Dl4a6pT7K8uaGrNS0GkxiZD0BOk6PLuXl5FhWl--eX-pzYdTQ-- <- @types/readable-stream 4.0.21
+ nodelite-2-1BC0BVFhS-p0qtw6enp8e-8OD0UrK0oFLztSjNzhcKA3WDuJxxAPXzPuPtKkjEY9UUoEWlX-8fgKeu2S8i9JTA-- <- is-callable 1.2.7
+ nodelite-2-1cDNdwJ2Jaohmb3sg4OmKaMBwuC48sYni5HUw2DvsC8LjGTLK9h-eb1X6RyuOHe4hT0ULCW68iomhjUoKUqlPQ-- <- has-symbols 1.1.0
+ nodelite-2-1fKrRRCsgAQNkarjHCMKzBKXSJFmzNTiTbhb5E-j5hflRXChEtHvkefjaHlgkNUjfw92-Dq8LTgwQn6RDBFbMg-- <- testcontainers 10.28.0 (11.8.1 is available)
+ nodelite-2-1gn1Up5YXka3YYAHGKpbideQ5Yjf1tDa9qYcgysz-cNCXukyLl6DjPXhD3VRwSb8c0J9tA4b2-rHEZtc6R0tlw-- <- @babel/helper-plugin-utils 7.27.1 (8.0.1 is available)
+ nodelite-2-1iM2zeBvrYmUNTj2vSC-90JTHDth-dfOfiNKkxApWRsTJYNrc8rOdxxIf5vazX-BiAXTeOT0UvWpGI-7qIWQOw-- <- eslint-import-resolver-typescript 4.4.4
+ nodelite-2-1pC6N8qWJbWoPtEjgcL2xyhQOP491EQjeUo3qTKcmV8YSDDJrOepfG8pcC7h-QgnQHYSv0mJ3Z-ZWxmatVrysg-- <- is-finalizationregistry 1.1.1
+ nodelite-2-1pNQf-JazQTMA0BiO5NINUzH0cbLbbl7mntLa4aJNmCCXSj0q03T5ZXXL0zw4G55TjdL9Tz32cznGClf-8zr5A-- <- @opentelemetry/resources 2.2.0
+ nodelite-2-1Qed0-Hr2m-YqxnM09CjA2d-i6YZNfF6R2oRAOj36eUdS6qIV-huPJNSEpKbupewFs-ZsJlxsjjPbc0-afW6Lw-- <- is-map 2.0.3
+ nodelite-2-1qny3OExCf0UvUV-5wpYKf2YwPcOqXzkwKKSmKHiE6ZMQs5heeE-c8eXK-PNllPvmjgAbfnsbpkGZWy8cBpn9w-- <- redis-errors 1.2.0
+ nodelite-2-1rXeuUUiGGrykh-CeBdu5Ie7OJwinCgQY0bc7GCRxy5xVHy-moaqkpL-jqQq0MtQOeYcrqEz4abc5f0KtU7W4A-- <- color 4.2.3 (5.0.2 is available)
+ nodelite-2-1u-07gzrvYDJ-oNXuOG1EXSvXZka-0JSW1q2EYBWerVKMOhvv9JzDGyzmuV7hHbF2Hg3T3S2uiM36sLz1qKsiw-- <- metro-symbolicate 0.82.5 (0.83.2 is available)
+ nodelite-2-1UxuyYGdoQHcGg87Lkqm3FzefucTa0NAiOcuRsDmysep3c1LVCRK2krrUDafMWtjSG04htvAmvg96-SDknOmgQ-- <- nan 2.23.0 (2.28.0 is available)
+ nodelite-2-1W07cM9gS6DcLperZfFSj-bWLtaPGSOHWhPiGzXmvVJbRLdG82sH-Kn8EtW1VqWVA54AKf2h5k5BbnIbwF3h6w-- <- bl 4.1.0 (6.1.4 is available)
+ nodelite-2-1XMJE5fQo1jGH6Y-7ebnwPOBEkIEnT4QF32d5R1-VXdXveM0IBMJt8zfaxX1P3QhVwrYe-576-jkANtSS2mBbw-- <- stackback 0.0.2
+ nodelite-2-1yD6RmLI1XBfxugvORwlck6f75tYL-iR0jqwsOrOxMZyGYqUuDhJ0l4AXdO1iX-FTs9cBAMEk1gWSEx1kSbylg-- <- find-up 3.0.0 (7.0.0 is available)
+ nodelite-2-2-1thGUUWWjLTYTHZWK1n8Yga0ijBz1XAhUXcKy81rd5g6yh7hGqMp45v7cadSbEHc9G3OTv45SyneRN3ps4DQ-- <- @babel/helper-compilation-targets 7.27.2 (8.0.0-beta.0 is available)
+ nodelite-2-25RsLF33BqooOEFNdMcEhMpJy8EoR88zSMrnOQOaM3USnOK2VmaJ1uaQEwPA6AQjrv1lXChScosN6CzbwbO9OQ-- <- bare-fs 4.1.6 (4.8.1 is available)
+ nodelite-2-2Ac2RgzDe-cn48GvOe3M-o82pEFewD3UPbyoUHHdKasHwJKjds4fLXWf-Ux5kATBKN20oaFGu-jbElp1pos0mg-- <- tsconfig-paths 3.15.0 (4.2.0 is available)
+ nodelite-2-2AT6j-gXe-1ueqbW6fLZJiIw3F8iXGJtt0yDrZaBhAZEG1raiTxKWU-IPqMCzQAXOUCKdA4UDMgacKH25XG2Cw-- <- is-subdir 1.2.0
+ nodelite-2-2hkTXtYYnr-NubD-g6KGBS-0mFmBcifAsI0yIWRiRo0PjVs6SSOSOdtzbp6kSGnShDN6G5aWZpKQ2lWRy27mWQ-- <- mdast-util-from-markdown 0.8.5 (2.0.3 is available)
+ nodelite-2-2HvIEKRoqS62guEC-qBjpvRubdX910WCMuJTZ-I9yvqKU2-12eSL549HMwtabb4oupdj2sMP50k-XJfB-8JE6w-- <- is-interactive 1.0.0 (2.0.0 is available)
+ nodelite-2-2JAn3z8AR6rjK8Sm8orRC0h-bcl-DqL7tRPdGZ4I1CjdF-EaMLmYxBHyXuKL849eucPFhvBoxMsflfOb8kxaeQ-- <- webidl-conversions 3.0.1 (8.0.1 is available)
+ nodelite-2-2JvJ9BDkBOwfeY-gXsC0XwEKC0AwisP2W5ABJ6mx14QyXTK12MGDIybDlHieuZt1TEFSMiKfpg7yyqyRWRooJQ-- <- @effect/wa-sqlite 0.1.2
+ nodelite-2-2kkt-7niJ6MgEPxF0bYdQ6etZaA-fQvDcLKckhy1yIQOzaoKjBBjSj63-aLVjYE3qhRt5dvM-uUyfCg6UKCBbA-- <- @jridgewell/gen-mapping 0.3.13
+ nodelite-2-2Nim7dha1KVkaiF4q6Dj-ngPPMdfvLJEOpZk-jKiUAkqKebpGAWQXAq9z1xu9HKu5lWfqw-FASuccEjyznjPaA-- <- glob 11.0.3
+ nodelite-2-2NlIDTwUWJN0mRPQOdtQBzbUHvdGY2P1VXSyU83Q3xKxM7WHX2Ql8dKq782Q9TgQUNOLEzEYu9bzLNj1q88I5w-- <- escodegen 2.1.0
+ nodelite-2-2ORxRN-h40-3-Ylw9LKOtYGfQIoX6grGQlmbvMKqaeZ5-l7oeMvqdJxyG-ax3Poy7VbqMTADI6BwTmO7u10Wrw-- <- mock-xmlhttprequest 8.4.1
+ nodelite-2-2QF-t-auWm0lsy8XtKVPG19v3sSOQlJe-YHZgfjb-KBBHOGSV-J2q-S671rcq9uTBrLAXmZpqJiaQbMT-zNU1w-- <- @types/istanbul-lib-coverage 2.0.6
+ nodelite-2-2sJGJTaXIIaR1w4iJSNoN0hnMY7Gpc-n8D4qSCJw8QqFWXf7cuAgnEHxBpweaVcPevC2l3KpjYCx3NypQQgaJg-- <- destroy 1.2.0
+ nodelite-2-2vPPEi-Z7WqML2jZYddDIfy5Dqb0r2fze2zTxNNknZaFpVHU3mFB3R-DWeJWGVx0ecvttSGlJTI-WG-8Z4cDWw-- <- nullthrows 1.1.1
+ nodelite-2-2yyAR8qBkN3YuheJanUpWC5U3bb5osDywNB8RzDVlDwDHbocAJveqqj1u8-SVD7jkWT4yvsHCpWqqWqAxb0zCA-- <- minimist 1.2.8
+ nodelite-2-2Zks0hf1VLFYI1kbh0I5jP3KHHyCHpkfyHBzsSXRFgl-Bg9mWYfMW8oD-PdMPlEwy5HNsR9JutYy6pMeOh61nw-- <- expect 29.7.0 (30.2.0 is available)
+ nodelite-2-3-o9z3X0X0fTupwsYvR03pJ-DjWuqqrfwBgTQzdWDiQSm9KitAyz-9WqsT2JQW7KV2m-bC2ol-zqpW37NHxLaA-- <- text-decoder 1.2.3 (1.2.7 is available)
+ nodelite-2-30iZtAPgz-LTIYoeivqYo853f02jBYSd5uGnGpkFV0M3xOt9aN73erkgYAmZU43x4VfqcnLxW9Kpg3R5LC4YYw-- <- @ampproject/remapping 2.3.0
+ nodelite-2-35mSku4ZXK0vfCuHEDAwt55dg2jNajHZ1odvF-8SSr82EsZY4QmXfuWso8oEd8zRhVObSN18aM0CjSdoBX7zIw-- <- doctrine 2.1.0 (3.0.0 is available)
+ nodelite-2-37i-OaWTh9qeK4LSHPsyRC7NahnGotNuZvjLSgcPzblpHB3rrCJxAOgI5gCdKm7coonsaX1Of0ILiTcnZjbfxA-- <- @types/normalize-package-data 2.4.4
+ nodelite-2-3Belt6tdc8bPgAtbcmdtNJlirVoTmEb5e2gC94PnkwEW9jI6CAHUeoG85tjWP5WquqfavoMtMwiG4P926ZKKuQ-- <- @jridgewell/trace-mapping 0.3.9
+ nodelite-2-3eBwRyEln6E1MSzcxcVpQIhRG8Q1jLvEqRmCZqS3dsfXEDR-AhOF4d-jHg1qvDCpYaVRZjENPQyrVxAkQqxPgQ-- <- walkdir 0.4.1
+ nodelite-2-3EwLFhZ38J4VyIP6WNtt2kUdW9dokXA9Cr4IVIFHuCpZ3H8-YFOl5JjZHisrn1fATPBmKKqXzDFvh9fUwHz6CQ-- <- @babel/generator 7.28.5 (8.0.0-beta.4 is available)
+ nodelite-2-3f0uOEAQwIqGuWW2MVzYg8fV-QNnc-IpuJNG837rLuczAaLVHslWHZQj4IGiEl5Hs3kkbhwL9Ab7Hrsmuj-Smw-- <- tmpl 1.0.5
+ nodelite-2-3faScn5I-hy9VleOq-qNbAd6pAx7iH5jYBMS9I1HgQVijz-4mv5Bvw5iw1sC-90CODiKo81G-ps8AJrISn687g-- <- unist-util-stringify-position 2.0.3 (4.0.0 is available)
+ nodelite-2-3FnjYuehv9k6ovOEbyOswadCDPX1piCfhV8ncmYtHOjuPwylVWsghTLo7rabjC3Rx5xD4HDx8Wm1xnMF7S5qFQ-- <- minipass 5.0.0 (7.1.3 is available)
+ nodelite-2-3giAOQvZiH5F9bMlMiv8-GSPMeqg0dbaeo58-0SlA9sxSqZhnUtxzX9-2FzyhS9sWQf5S0GJE0AKBrFqjpeYcg-- <- @opentelemetry/api 1.9.0
+ nodelite-2-3gKm-gCSUipeLsRYZbbdA1BD83lBoWUkZ7G9VFrhWPAU76KwYo5KR8V28bpoPm-ygy0x5-GCbpRQdY7VLYCoIg-- <- human-id 4.1.1 (4.2.1 is available)
+ nodelite-2-3hN7NaskYvMDLQY55gnW3NQ-mesEAepTqlg-VEbj7zzqEMBVNhzcGYYeqFo-TlYz6eQiFcp1HcsCZO-nGgS8zg-- <- gensync 1.0.0-beta.2
+ nodelite-2-3KS2b-kL7fsuk-eJZ7EQdnEmQoaho-r6KUef7hxvltNA5DR8NAUM-8wJMbJyZ4G9-7i3v5zPBIMN5aybAh2-Jg-- <- typed-array-length 1.0.7 (1.0.8 is available)
+ nodelite-2-3oSeUO0TMV67hN1AmbXsK4yaqU7tjiHlbxRDZOpH0KW9-CeX4bRAaX0Anxt0tx2MrpRpWwQaPwIlISEJhYU5Pw-- <- balanced-match 1.0.2 (4.0.4 is available)
+ nodelite-2-3ouUOpQhtgrbOa17J7-uxOTpITYWaGP7-AhoR3-A--1e9skrzelGi-dXzEYyvbxubEF6Wn2ypscTKiKJFFn1ag-- <- process-nextick-args 2.0.1
+ nodelite-2-3PYnM29RFXwvAN6Pc-scUfkI7RwhQ-xqyLUyPNlXUp9S40zI8nup9tUSrTLSVnWGBN38FNiGWbwZOB6uR4OGdw-- <- flow-enums-runtime 0.0.6
+ nodelite-2-3UDv-G9CsCKO1WKMGw9fwq-SWJYbI0c5Y7LU1AXYoDdbhE2AHQ6N6Nb34sG8Fj7T5APy8qXDCKuuIHd1BR0tVA-- <- detect-libc 2.0.4 (2.1.2 is available)
+ nodelite-2-3wdGidZyq5PB084XLES5TpOSRA3wjXAlIWMhum2kRcv-41Sn2emQ0dycQW4uZXLejwKvg6EsvbdlVL-FYEct7A-- <- yallist 4.0.0 (5.0.0 is available)
+ nodelite-2-3Xnr-7ZFS1uxeiUDvV02wQ-QDbc55o97tIV5zHScSPJpcLm-r0DFPcoY3tYRp-VZukxuMeKgXYmsXQHO05zQeA-- <- character-entities-legacy 1.1.4 (3.0.0 is available)
+ nodelite-2-3Ybi1tAuwAP9s0r1UQ2J4n5Y0G05bJkpUIO0-bI9MhwmD70S5aTWbXGBwxHrelT-XM1k6dM0pk-SwNkpTRN7Pg-- <- postcss 8.5.6
+ nodelite-2-3zwefSMwHpu8iVUW8YYz227sIv6UFqO31p1Bf1ZH-Vom7CmNyUsXjDBlnNzcuhmOL1XfxZ3nvND42kR23XlbcQ-- <- @js-joda/core 5.6.5
+ nodelite-2-41Cifkg6e8TylSpdtTpeLVMqvSBEVzTttHvERD741-pnZ8ANv0004MRL43QKPDlK9cGvNp6NZWZUBlbGXYxxng-- <- is-number 7.0.0
+ nodelite-2-46ryTE9RZO-rfDd7pEqFl7etuyzekzEhUbTW3BvmeO-BcCMEgq59BKhek3dXDWgAj4oMK6OZi-vRr1wPW6qjEQ-- <- @vitest/mocker 3.2.4 (4.0.7 is available)
+ nodelite-2-4AEiDEBPIZvLQaWlc9liCavE0xRM0dNca41WtBeM3jgFptfUOSG9z0uteLhq6-3rq-WB6jIvUwKDTpXEHPJ2Vg-- <- @babel/plugin-transform-typescript 7.28.0 (8.0.0-beta.0 is available)
+ nodelite-2-4bV5BfR2mqfQTJm-V5tPPdf-ZpuhiIvTuAB5g8kcrXOZpTT-QwwVRWBywX1ozr6lEuPdbHxwaJlm9G6mI2sfSQ-- <- json-buffer 3.0.1
+ nodelite-2-4dbzIzqvjtgiM5rw1k5rEHtBANKmdudhGyBEajN01fEyhaAIhsoKNy6y7-IN93IfpFtwY9iqi7kD-xwKhQsNJA-- <- type-fest 0.8.1 (5.4.1 is available)
+ nodelite-2-4fCk79wshMdzMp2rH06qWrJE4iolqLhCUH-OiuIgU--RB0-94NlDL81atO7GX55uUKueo0txHNtvEyI6D7WdMw-- <- iconv-lite 0.6.3 (0.7.3 is available)
+ nodelite-2-4gB8na07fecVVkOI6Rs4e7T6NOTki5EmL7TUduTs6bu3EdnSycntVJ4re8kgZA-wx9IueI2Y11bfbgwtzuE0KQ-- <- strip-json-comments 2.0.1 (5.0.3 is available)
+ nodelite-2-4gd7VpWNQNB4UKKCFFVcp1AVv-FMOgs9NKzjHKusc8jTMhd5eL1NqQqOpE0KzMds804-yHlglp3uxgluOqAPLw-- <- internal-slot 1.1.0
+ nodelite-2-4iya7Jb76fVpQyLoiVpzUrsjQ12r3dM7fIVz-4NwoYvZOShknRmiv-iu9CClZml5ZLGb0XMcYLutK6w9tgxHDw-- <- rollup 4.45.1
+ nodelite-2-4lLa-EcQCB0cJkyts-FpIRx5G-llPxfP6VQU5KByHEhLxY3IJCH0f0Hy1MHI8sClTvsIb8qwRJ6R-ZdlDJ-leQ-- <- yaml 2.8.0 (2.9.0 is available)
+ nodelite-2-4QqS3LY5PBmTRHj9sAg1HLoPzqAI0uOX6wI-TRqHIcOxlFidy6YEmCQJk6FSZjNLGCeubDMfmkWL-qaLKhSGQA-- <- @jest/create-cache-key-function 29.7.0 (30.5.1 is available)
+ nodelite-2-4RkU9EsI6ZpBve5fseQlGNUWKMa1RLPQ1dnjnQoe07ldfIzcsGb5hC5W0Dm7u423KWzawlrpbjXBrXCEv9zazQ-- <- @aws-crypto/util 5.2.0
+ nodelite-2-4w1UQCa3o-YdfWaLr9jY8LfGowwjwjmwClyFLxIsToiyIdZMq3x9Ti44nDn34DtTPP7PWg96tUONKVmATKhYGQ-- <- eslint-plugin-sort-destructure-keys 2.0.0
+ nodelite-2-4YAVLoF0Sf0UTqlhgQMFU9iQECdah7n-13ANkiuVfRvlK-uI0Etbgd7bVP36dKlG-NXWbhGua8vnGt-sdhvT7A-- <- kysely 0.28.2 (0.28.9 is available)
+ nodelite-2-5-fP8P8MFNC-AyZCDxrB2pkZFPGzqQWUzpSeuuVLvm8VMcorNYavBqoFcxK8bQz4Qsbn4oUEEem4wDLfcysGHA-- <- @types/json-schema 7.0.15
+ nodelite-2-5-MnGvYU0i8MbHH5cg8S-Vl3DL-bqRNYshk1xUO86DilNBaxtTkhH-5FD0-yO03AmlI6-lfNFdk2yOw72EPzpA-- <- eslint-plugin-markdown 4.0.1 (5.1.0 is available)
+ nodelite-2-55JNKuIW-vq4Ke1BjOTjM2YctQIvCT7GFzHwmfZPGo5wnrgkid0YQtnAleFSqumZm4az3n2BS-erby5ipJdgrg-- <- has-property-descriptors 1.0.2
+ nodelite-2-57Bqf3rgq9nPqLrT2d9kf-2WVieTFqsQ6qWHpEng5naIUtc-Iiw9-0bfLLWSAw0GH40iJ4yMjFcFJDtNSYynMA-- <- metro-transform-plugins 0.82.5 (0.83.2 is available)
+ nodelite-2-5b6Y85tPxZZ7QytO-BQzysW31HJku27cRIlkbAXaNx-BdcVi-LlRFmVXzeF6a7JCwJpyw5c4b-YSVImQIrBpuQ-- <- ora 5.4.1 (8.2.0 is available)
+ nodelite-2-5dQJdX1ZS4dINNw51KNsDIL-A06sZQd2hqN2Pldq5SavxAwEJh5NxAx7K-lutKhwp1By5gxd6-9ruVt-9NCvKA-- <- @react-native/debugger-frontend 0.80.1 (0.81.5 is available)
+ nodelite-2-5DyQ4-1JEUzejeK1JGICcideyfUbGixgS9jNgex5nqkW-cY7WZhxBigmieN5Qnw9ZosSNVC9KQKyb-GUaGyKUA-- <- @humanfs/core 0.19.1 (0.19.2 is available)
+ nodelite-2-5gTmgEY-sqK6gFXLIsQNH19lWb4ebPDLA4SdLP7dsWkIXHWlG66oPuVvXSGFPppYZz8ZDZq0dYYrbHfBCVUb1Q-- <- picomatch 4.0.3 (4.0.7 is available)
+ nodelite-2-5gvq20T6vfpekVtqrYQsSCFZ1wEg5-wW0-QaZMWkFr6BqD3NfKs0rLCx4rrVlSWJeZb5NBJgVLswK-w2MWU-Gw-- <- encoding-sniffer 0.2.1
+ nodelite-2-5KoIu2Ngpyek75jXodFvnafB6DJgr3u8uuK0LEZJjrU19DrMD3EVERaR8sjz8CCGgpZvxPl9SuE1GMVPFHx1mw-- <- is-negative-zero 2.0.3
+ nodelite-2-5l4VyZR86LZ-lDxZTR6jqL8AFE2S0IFLMP26AbjsLVADxHdhB-c0GUsH-y39UfCi3dzz8OlQuPmnaJOMoDHQBA-- <- run-parallel 1.2.0
+ nodelite-2-5m3bsyrjFWE1xf7nz7YXdN4udnVtXK6-Yfgn5qnahL6bCkf2yKt4k3nuTKAtT4r3IG8JNR2ncsIMdZuAzJjHQQ-- <- node-addon-api 7.1.1 (8.5.0 is available)
+ nodelite-2-5Mty5y-sOF1YWj1J6GiBodjlDc05CUR8PKXrsnFAiSG0xA-GHeWLovaZPYUDXkH-1iKRf2-M5-OrRgzC7O9b7w-- <- tar-fs 3.1.0 (3.1.1 is available)
+ nodelite-2-5nFxhUrX0PqtyogoYOA8IPswy5sZFTOsBFl-9bNsmDLgsxYTzSZQJDPppDnZPTQbzSEm0hqGjWPzRemQCYbD6A-- <- chai 5.2.1 (6.2.2 is available)
+ nodelite-2-5qucVt2XcuGMcEGgWI7i-yZpmpByQ8J1lHhcL7PwqCwu9FPP3VUXzT4ltHe5i2z9dePwEHcDVOAfSnHsOlCXRA-- <- error-stack-parser-es 1.0.5
+ nodelite-2-5tK7EtrZ0N-OLFMthtqOj4fI2Jeb88C4CAZPu25LDVUgXJ0A3Js4PMGqrn0JU1W0Mh1-Z8wZzYPxqUrXeBboCQ-- <- ci-info 2.0.0 (4.3.1 is available)
+ nodelite-2-60X7qkglvrap8mn1lh2ebxXdZYtUcpd7gsmy9kLaBJ4i-WdY8PqTSdxyA8qraikqKQK5C1KRBKXqznrVapyNaw-- <- @babel/compat-data 7.28.0 (8.0.0-beta.0 is available)
+ nodelite-2-65P7iz6X5yEr1cwcgvQxbbIw7Uk3gOy5dIdtZ4rDveLqhrdJP-Li-Hx6tyK0NEb-2GCyneCMJiGqrADCSNk8sQ-- <- to-regex-range 5.0.1
+ nodelite-2-68s5jYdlvasItOJnCuI2Q9s4q98g0pCyL3HrcKJu8KNugUl8ahgmZYg38ysLTgQjjXX3H8CJLkAvWrclWfcalw-- <- dataloader 1.4.0 (2.2.3 is available)
+ nodelite-2-6B7bWUk27ne-g-wCgFF4MZFi5iy6hWOcBffqETJoab6WURMyZ6nU-EAMn-Vjhl5ishhUvTVSrJ-1uqrxxYQO2Q-- <- @react-native/gradle-plugin 0.80.1 (0.81.5 is available)
+ nodelite-2-6BLOQUscTpZeGljvyQXlWOItQyU71kCdGz7Pi8H8zdw6BI0g3m43iL4xKUVPWtG-qrrL9DTjpdn8eYuCQSRpow-- <- @changesets/errors 0.2.0
+ nodelite-2-6DIBgBQaTKDJyxnXaLiLR8wBpQQcGWuAESkRBX-t6OwA8YsqP-iVSiond2EDy6Y-dsGk8rh-jtax3js5NeV7JQ-- <- pg-protocol 1.10.3
+ nodelite-2-6eZs5Ls3WtCisHWp9S2GUy8dqkpGi4BVSz3GaqiE6ezub0512ESztXUwUB6C6IKbQkY2Pnb-mD4WYojCRwcwLA-- <- normalize-path 3.0.0
+ nodelite-2-6FlzubTLZG3J2a-NVCAleEhjzq5oxgHyaCU9yYXvcLsvoVaHJq-s5xXI6-XXP6tz7R9xAOtHnSO-tXtF3WRTlA-- <- ms 2.1.3
+ nodelite-2-6fPc-R4ihwqP6N-aIv2f1gMH8lOVtWQHoqC4yK6oSDVVocumAsfCqjkXnqiYMhmMwS-mEHLp7Vehlt3ql6lEig-- <- strip-json-comments 3.1.1 (5.0.3 is available)
+ nodelite-2-6FqVXeETqWPoGcfzrXb37E50NP0LXT8kAMu5ooZayhWWdgEY4lBEEcbQNXtkuKQsGduxiIcI4gOTsxTmuq-bSg-- <- compress-commons 6.0.2
+ nodelite-2-6i9mGWSlqzNMEqpCp93KwRS1uUOodk2OJ6b-sq7ZPDSy2WuI5NFIxp-254TytR8ftefexkWn5xNiHUNpPOfSew-- <- is-weakref 1.1.1
+ nodelite-2-6iBczoX-kDQ7a3-YJBnh3T-KZRxM-iYNPXicqk66-Qfm1b93iu-yOImkg0zHbj5LNOcNv1TEADiZ0xa34B4q6Q-- <- which-builtin-type 1.2.1
+ nodelite-2-6IpQ7mKUxRcZNLIObR0hz7lxsapSSIYNZJwXPGeF0mTVqGKFIXj1DQcMoT22S3ROcLyY-rz0PWaWZ9ayWmad9g-- <- optionator 0.9.4
+ nodelite-2-6JOcJ5Tm08dOHAbdR3GrvP-yUUfkjG5ePsHYczMFLq3ZmMkAD98cDgcT2iA1lJ9NVwFd4tH-iSSoe44YWkltEA-- <- @protobufjs/path 1.1.2
+ nodelite-2-6Jw4sE1maoRJo3q8MsSIn2onJFbLTOjY9hlx4DZXmOKvLRd1Ok2kXmAGXaafL2-ijsJZ1ClYbl-pmqr9-k4iUQ-- <- enhanced-resolve 5.18.2
+ nodelite-2-6kK3SUK5Uu56zPq-Las620n5aS9xJq-jMBcNSOmjhNf-MUvdyji4vrMTqD7ptY7-4-CAVEAYDeotUz60LNQHtw-- <- @libsql/isomorphic-fetch 0.3.1
+ nodelite-2-6kZKyUajlDuqlHKVX1w7gyslj9MPIXzIFiz-rGu35uC1wMi-kMhQwGhl4lt9unC9Vb9INnY9Z3-ZA3-FhASLaw-- <- domutils 3.2.2
+ nodelite-2-6nTvAZtpomyz-2pmEmGX1sXNjaqgMplhQkskq2MLrar0ZAIkHMrDhLXkRiK2mvbu9wSWr0V5-IfiTrZqAQMrmQ-- <- detective-cjs 5.0.1 (6.0.1 is available)
+ nodelite-2-6nuzu4xwQtE3332Uz0to-TxDQYRLTKRESSc2hefVT48Zc8JthmN23Gx9lnYhu0FtkRSL1oxny3kJ2aveVhmOVA-- <- eslint-plugin-simple-import-sort 12.1.1
+ nodelite-2-6qN4hJdMwfYBtE3YBTTHhoeuUrDBPZmbQaxWAqSALV-MeEnR5z1xd8UKud2RAkFoPkmB-hli1TZSnyi84xz1vQ-- <- whatwg-encoding 3.1.1
+ nodelite-2-6t10qk83GOG8p0vKmaCr8eiilZwO171AvbROMtvvNiwrTly62t-7XkA8RdIIVbpMhCASAsxgAzdRSwh6nw-5Dg-- <- ast-types 0.16.1
+ nodelite-2-6VPD0Pc1lpTqw0aKoeRTMiB-kWhAoT24PA-ksWSBrFtl5SIRVpZlwN3NNPQjehA2E-91FV3RjLWoVTglWcSV3Q-- <- @babel/plugin-syntax-optional-catch-binding 7.8.3
+ nodelite-2-6zABk-ECA-QYSCQ1NGiVwwbQerUCZ-TQbp64Q3AgmfNvurHH0j8TtXa1qbShXA6qqkpAj4V5W8pP6mLe1mcMqA-- <- @bcoe/v8-coverage 1.0.2
+ nodelite-2-7--dFhtcx3353uBaq8DDR4NuxBetBzC7ZQOhmTQInHEd6bSrXdiEyzCvG07Z44UYdLShWUyXt5M-yhz8ekcb1A-- <- shebang-regex 3.0.0
+ nodelite-2-78-PXT1wlLLDgTzDs7sjq9hzz0vXD-zn-7wypEe4fXQxCmdmqfGsEPQxmiCSQI3ajFV91bVSsvNtrJRiW6nGng-- <- find-up 5.0.0 (7.0.0 is available)
+ nodelite-2-7AO748wWnIhNqAuaty2ZWHkQHRSNfPVIsPIfwEOWO22AmaoVrWavlOcMR5nzTLNYvp36X220-maaRsrec1G65A-- <- locate-path 3.0.0 (7.2.0 is available)
+ nodelite-2-7BRVvE5pPEvk2ukUWNQ-H2XOq43xENWbH0LcdCE14mwgTBEAMoAx-Fc1rdp76SmyZ4Sp48HlV7VedUnP6GA1Tw-- <- detective-postcss 6.1.3 (7.0.1 is available)
+ nodelite-2-7Bv8RF0k6xjo7d4A-PxYLbUCfb6c-Vpd2-mB2yRDlew7Jb5hEXiCD9ibfO7wpk8i4sevK6DFny9h7EYbM3-sHg-- <- glob 10.4.5
+ nodelite-2-7dFHNmqeFSEt2ZBsCriorKnn3Z2pj-fd9kmI6QoWw4--DL-icEBfc0U7qJCisqrTsKTjw4fNFy2pW9OqStD84g-- <- error-ex 1.3.2 (1.3.4 is available)
+ nodelite-2-7dSzzRQ--CKnNI-krKnYRV7JKKPUXMEh61soaHKg9mrWEhzFWhFnxPxGl-69cD1Ou63C13NUPCnmIcrvqCuM6w-- <- yargs 17.7.2
+ nodelite-2-7EHz6qDZc8RYS5ElPoShMheWvEgERonFCs7IAonWLLUTXW59DP14bCZt89-GKyreYn8g3S83m21FelHKbeDCKA-- <- @babel/helper-replace-supers 7.27.1 (8.0.1 is available)
+ nodelite-2-7Gevk-5eGD50-eMD-XDnFnOrruFkL0kSd7jEG4cjmqweDSUhB7i0g8is-nBdVpl-Bx338SqIB2GLKm32M-Vs6g-- <- docker-compose 1.3.0
+ nodelite-2-7HSX4QQb4CspciLpVFwyRe79O3xsIZDDLER21kERQ71oaPodF8jL725AgJMFAYbooIqolJoRLuM81SpeUkpkvA-- <- ansi-regex 6.1.0 (6.3.0 is available)
+ nodelite-2-7KxauUdBmSdWnmpaGFg-ppNjKF8uNLry8LyzjauQDOVONfFLNKrKvQOxZ-VuTIcS-gge-YNahf5RIIQWTSarlg-- <- write-file-atomic 4.0.2 (6.0.0 is available)
+ nodelite-2-7MptL8U0cqcFdzIzwOTHoilX9x5BrNqye7Z-LuC7kCMRio1EMSyqRK3BEAUD7sXRq4iT4AzTVuZdhgQ2TCvYLg-- <- fast-glob 3.3.3
+ nodelite-2-7nJ6v5lnJsXwGprnGXga4wx6d1POjvi5Qmf1ivTRxTjH4Z-9Czja-UCMLVmB9N93GeWOU93XaFaEt6jbuoagNw-- <- promise-limit 2.7.0
+ nodelite-2-7PGFlmtwsEADb0WYyvCMa1t-yke6daIG4Wirafur5kcf-MhUnPms1UeR0CKQdTZD81yESwMHbtn-TR-dMviakQ-- <- set-function-name 2.0.2
+ nodelite-2-7rCnleh0z2CkXhH67J8K1Ytz0b2Y-yxTPL--KOJoa20hfnVQ-3-T6W-KflYI4bRHRagNeXeU2bkNGI3v1oS-lw-- <- js-base64 3.7.7 (3.7.8 is available)
+ nodelite-2-7rKUyy33Q1yc98pQ1DAmLtwX109F7TIfWlW1Ydo8Wl1ii1SeHieeh0HHfPeL2fMXK6z0s8ecKs9frCuLJvndBg-- <- uri-js 4.4.1
+ nodelite-2-7RUKfXgSMMkzt6ZuXmqapOurLGPPfgj6l9uRZ7lRGolvk0y2yocc35LdcxKC5PQZdn2DMqioAQ2NoWcrTKmm6g-- <- estree-walker 3.0.3
+ nodelite-2-7UvmKalWRt1wgjL1RrGxoSJW-0QZFIegpeGvZG9kjp8vrRu55XTHbwnqq2GpXm9uLbcuhxm3IqX9OB4MZR1b2A-- <- any-promise 1.3.0
+ nodelite-2-7VT13fmjotKpGipCW9JEQAusEPE-Ei8nl6-g4FBAmIm0GOOLMua9NDDo-DWp0ZAxCr3cPq5ZpBqmPAQgDda2Pw-- <- chokidar 3.6.0 (5.0.0 is available)
+ nodelite-2-7XHNxH7qX9xG5mIwxkhumTox-MIRNcOgDrxWsMt2pAr23WHp6MrRlN7FBSFpCpr-oVO0F744iUgR82nJMfG2SA-- <- function-bind 1.1.2
+ nodelite-2-7XoWfZqWb-QoR-rAU4VSi0mWnO2vu9-ltS6JZ5ZSZv0eovLVfDfu0-AX4ub33RsJTOth3TiFWSHS5YdztvFnig-- <- @smithy/eventstream-codec 4.0.4 (4.2.8 is available)
+ nodelite-2-7yAQpD2UMJzLi1Dqv7qFYnPbaPx7ZfFK6PiIxQ4PfkGPyNyl2Ugx-a-umUonmKqjhM4DnfbMvdX6otXq83soQQ-- <- fetch-blob 3.2.0
+ nodelite-2-7ylylesZQ-PV29jhEDl3Ufjo6ZX7gCqJr5F7PKrqc93v7fzSymt1BpwEU8nAUXs8qzzvqhbjhK5QZg6Mt-HkBg-- <- lines-and-columns 1.2.4 (2.0.4 is available)
+ nodelite-2-7zjFAPO4-gwyQAAgRRmqeEeyIICSdmCqa3tsVHMdBzaXXRiqopZL4Cyghg-XulGWrtABTpbnYYzzIRffLkP4oA-- <- is-regexp 1.0.0 (3.1.0 is available)
+ nodelite-2-8-9WqebbFzpX9OR-Wa6O29asIogeRMzcGtAINdpMHHyAg10f05aSFVBbcEqGf-PXw1EjAZ-q2-bEBg3DvurK3Q-- <- argparse 2.0.1
+ nodelite-2-87NVngcbVXUahrRTqIK27gD2t5Cu1yuCXxbLcFtCzZGlfyVWWh8mLHkoxzjsB6DDNnvdL-fW8MiwPEJyGJQDgQ-- <- @typescript-eslint/types 5.62.0 (8.8.0 is available)
+ nodelite-2-88Djs5vBvGbHQHf5ZZcaoNHo6Y8BKZkt3cw2iuJIQzLEgH4Ox6Tm4hjFhbqOxyYsgIG-eJbFEHpxRIfEEWv5Ow-- <- @azure/core-auth 1.10.0
+ nodelite-2-8f9ZJCUXyT1M35Jx7MkBgmBMo3oHTTBIPLiY9xyL0pl3T5RwcPEY8cUHr5LBNfu-fk6c2T4DJZuVM-8ZZT2D2A-- <- buildcheck 0.0.6
+ nodelite-2-8K5IFFsQqF9wQNJptGbS6FNKgUTsSRYnTqNCG1vPP8jFdjSv18n2mQfJpkt2Oibo9iBEzcDnDxNwKTzC7svlJw-- <- @emnapi/wasi-threads 1.0.3 (1.1.0 is available)
+ nodelite-2-8kB30R7Hwqf40JPiKhVzodJs2Qc1ZJ5zuT3uzw5Hq-dhNCl3G3l83jfpdI1e20BP348-fV7VIL--FxaXkqBmWg-- <- @types/chai 5.2.2 (5.2.3 is available)
+ nodelite-2-8Mf2cbV7x1cXPUILADGI3wuhfqWvtiLA1iclTDbFRZkgRQS0NqsPZphna9V-HyTEadheuPmjaJMsbzKQFOzLug-- <- prebuild-install 7.1.3
+ nodelite-2-8oAXxL7do8QckID-WZEKaIFuQJFUTLzfVcC48ghkHhNK2RGuQq8Xvf4AVd-TUA0SZtX0q8TGNXZ-eba1ckeGCg-- <- metro 0.82.5 (0.83.2 is available)
+ nodelite-2-8p0AUk4XODgIewSi0l8Epjs-EVnWiK7NoDIEGU0HhE7-ZyY8D1IMY7odu5lRrFXGg71L15KG8QrPmum45RTtdA-- <- readable-stream 2.3.8 (4.7.0 is available)
+ nodelite-2-8PvcXf70gTDZBgt9ptxJ8elBeBjcLOAcOtoO-mPJjtji1-CdGbHgm77om1GrsPxsiE-uXIpNSK64UYaIwQXd4Q-- <- @types/babel__traverse 7.28.0
+ nodelite-2-8q7VEgMJW4J8tcfVPy8g09NcQwZdbwFEqhe-WZkoIzjn-3TGDwtOCYtXGxA3O8tPzpczCCDgv-P2P5y00ZJOOg-- <- merge2 1.4.1
+ nodelite-2-8QmQKqEASLd5nx0U1B1okLElbUuuttJ-AnYmRXbbbGDWh6uS208EjD4Xqq-I9wK7u0v6O08XhTWnt5XtEbR6Dg-- <- define-properties 1.2.1
+ nodelite-2-8VbfWfHLbbwu3-N6OKsOMpBdT4kXPDDB9cJk2bJ6mh9ucxdlnNvH1e-roYkKmN9Nxw2yjz7VzeO9oOz2zJ04Pw-- <- ws 8.18.0
+ nodelite-2-8XkAphELsDnEGrDxUOHB3RGvXz6TeuYSGEZBOjtTtPm2lwhGBjLgOzLHB63IUWfBpNucQjND6d3AOudO-H3RWQ-- <- uuid 10.0.0
+ nodelite-2-8XPvpAA8uyhfteu8pIvQxpJZ7SYYdpUivZpGy6sFsBuKRY-7rQGavedeB8aK-Zkyq6upMFVL-9AW6vOYzfRyLg-- <- log-symbols 4.1.0 (7.0.1 is available)
+ nodelite-2-95wjsKGyUcAd5tFmQBo5Ug-kOj-hFh-8FsXuxluEvdfbgg6xCimhSP9qnyq6-xIg78-jREkBD1-BSqd7NIDDYQ-- <- @azure/msal-node 3.6.3 (3.8.0 is available)
+ nodelite-2-973driJZvxiGOQ5ONsFhOF-DtzPMOMtgC11kCpUrPGMTgqp2q-1gwzCquocrN33is0VZ5GFHXZYMM9l6h67v2Q-- <- pretty-ms 7.0.1 (9.3.0 is available)
+ nodelite-2-9aEbYZ3TbYMznPdcdr3SmIrLXwC-AKZXQeCf9Pgao5CKb8CyHuEX5jzWPTkvregvhRJHcpRO6BFoGW9ycaOkYw-- <- @types/stack-utils 2.0.3
+ nodelite-2-9AvErXXQTd6l7TDd5EmM-nxbOGyhnmdbp-8c3pw-tjaiSXW9usME90ET-CRG1LN1Y9tPMtz-p83z4Q97B4DDpw-- <- tedious 18.6.1
+ nodelite-2-9by4Ij99JUr-MCFBUkDKLWK3G9HVXmabKz9U5MlIAIuvuzkiOicRYs8XJLxX-xahD-mLiiCYDqF9dKAgtzKP1A-- <- run-applescript 7.0.0 (7.1.0 is available)
+ nodelite-2-9dgM-cZBnNvjzaMYHVoxxfPj2QXt22Ev7SuuPrs-xav0ukGB0S6d4ydZdEiM48kLx5kDV-QBPrpVnFyefL8kkQ-- <- is-async-function 2.1.1
+ nodelite-2-9dkvaxAsk-xNXSJzMgFqqMCuFgt2-KsOFek3TMLfo8NCPfWpBmqwyNn5Y-NX56QUYfCtsyhF3ayiboEoUmJk-A-- <- rimraf 6.0.1 (6.1.2 is available)
+ nodelite-2-9fSjSaos-fRIVIp-xSJlE6lfwhES7LNtKaCBIamHsjr2na1BiABJPo0mOjjz8GJDURarmCPGqaiVg5mfjb98CQ-- <- get-intrinsic 1.3.0 (1.3.1 is available)
+ nodelite-2-9gGx6GTtCQM73BgmHQXfDmLtfjjTUDSyoxTCbp5WtoixAhfgsDirWIcVQ-IHpvI5Vgd5i-J5F7B9cN-WlVbC-w-- <- is-symbol 1.1.1
+ nodelite-2-9H6YdfkcK-uOnY-K7-aA2xpzaAgkQn37yzWUMRK7OaPOqOpGS1-n0H5hxT9AUw9EsSjPW8SVyMJwYRtWs3X3ug-- <- @babel/plugin-syntax-numeric-separator 7.10.4
+ nodelite-2-9IkYqtX3YHPCzoVg1Py-o9057a3i0fp7S530UWokCSaFVTc7CwXPRiOjRjBQQ18ZCNafx78YfnG-HALxtVmOGA-- <- cpu-features 0.0.10
+ nodelite-2-9Kr-j4O16ISv8zBBhJoi4bXOYNTkFLOqSL3UDB0njXxCXNezjeyVrJyGOWtgfs-q2km1gwBcfH8q1yEGoMYunA-- <- cookie 1.0.2 (1.1.1 is available)
+ nodelite-2-9LkiTwjUh6rT555DtE9rTX-BKByPfrMzEAtnlEtdEwr3Nkffwiihqe2bWADg-OQRjt9gl6ICdmB-ZFDCGAtSow-- <- retry 0.12.0 (0.13.1 is available)
+ nodelite-2-9sSsi3TBPhmkTCIpVQF0SPiChj1L7Rq9kU2KDG1o6v2XH9cCw086MopjVCD-vuoL5v8S77DTbVopTO8OUiQpIw-- <- madge 8.0.0
+ nodelite-2-9T9UjW3r0UW5c1Q7GTwllptXwhvYmEzFhzMfZ9H7FQWt-uZePjZPjBP-W1ZEyZ1twGWom5-56TF4lPcqjnDHcg-- <- brace-expansion 1.1.12 (5.0.9 is available)
+ nodelite-2-9TOQ7781sZvddgO8nxueKi3-yGvkY35kotA0Y6BWRajAv8jjmigQ1sBwz0UX47pQMYXJPahSKEKYFgt-rXdcug-- <- @smithy/util-buffer-from 4.0.0 (4.2.0 is available)
+ nodelite-2-9u-sniCrY3D5WdsERHzHE4G2YCXqoG5FTHUiCC4SIbr6XcLZBY05ya9EKjYek9O5xOAwjGq-1JdGBAS7Q9ScoA-- <- readable-stream 3.6.2 (4.7.0 is available)
+ nodelite-2-9v9kG0LvzrlcungtnJtpGNxY-fzECQKhK4EGJX2vByejiMX84MFNQw4UxPJl3bFbTMw-Dfs37XaIkCwTZfLh4g-- <- cheerio-select 2.1.0
+ nodelite-2-9ZhXKM-rw350N1ovuWHbGxnGh-SNJ4cnxHiM0rxE4VN41wsg8P8zWn9hv-buK00RP4WvlOyr-RBDiptyxVbkZQ-- <- postgres-interval 1.2.0 (3.0.0 is available)
+ nodelite-2-A6bJB41b4lKFWRKNrWoP2LHsjVzNiaurf7wyj-XtFNTsnPuxwEBWHLty-ZE0dWBKuSK1fvKgrKaNjBS7qbFKig-- <- @esbuild/linux-x64 0.25.6 (0.28.2 is available)
+ nodelite-2-A6p-pu-6fyBcA1TRz-GqWYPViplrftcW2gZC9q79ngNCKAeR-X3gcEdXQHl4KNXV-3wgIJ1CPkJQ3IHM6lcsyA-- <- default-browser-id 5.0.0 (5.0.1 is available)
+ nodelite-2-A9CnAbC6ARNMKcIcrQwq6HeHCjpcBZ5wSx4U01WXCqEKlrzB9F9315WDNHkrs2xbx7YjjSxbUYxuN6EQzpcY2g-- <- @emnapi/core 1.4.4 (1.8.1 is available)
+ nodelite-2-AKpaYlHn8t4SVbOHCy-b5-KKgvR4vrsD8vbvrbiQJps7fKDTkjkDry6ji0rUJjC0kzbNePLwzxq8iypo41qeWA-- <- base64-js 1.5.1
+ nodelite-2-AOIgSQCepiJYwP3ARnGx-5VnTu2HBYdzbGP45eLw1vr3zB3vZLeyed1sC9hnbcOc9-SrMyM5RPQrkGz4aS9Zow-- <- glob-parent 5.1.2 (6.0.2 is available)
+ nodelite-2-ARFxjzizOhPqs1fYC-2NMC3N4jrQ6HvVflnXBTRqNEqJuXwyKLRr9CrJwkRcV-SnZt1sNXgsF6FPm0x57Tq0rw-- <- detective-typescript 11.2.0 (14.0.0 is available)
+ nodelite-2-Atfo14OibSv5wAp4VWNsFYE1AchQRTv9cBGWET4pZWHzYshFSS9NQI6I57rdKn9croWVMbYFbLhJ-yJvmZIIHw-- <- fast-uri 3.0.6 (3.1.7 is available)
+ nodelite-2-AURm5f0jYEOydBj7VQlVvDrjeFgthDdEF5H1dP-6mNpoXOMo1quQqJ4wvJDyRZ9-pO3kGWoOdmV08cSv2aJV6Q-- <- safe-array-concat 1.1.3 (1.1.4 is available)
+ nodelite-2-AVbw3UJ2e9bq64vSaS9Am0fje1Pa8pbGqTTsmXfaIiMpnr5DlDhfJOuLj9Sf95ZPVDAUerDfEk88MPmPe7UCQg-- <- path-is-absolute 1.0.1
+ nodelite-2-AW4DRS3QbBayY-jJmD8437V1Gombjf8RSOUCMFBuo5iHi58AGEgVCKQ-ezHkZZDpAQS75hcBMpLqjpJTjtUL7w-- <- mdast-util-to-string 2.0.0 (4.0.0 is available)
+ nodelite-2-AwAfQ2Wa5bCx9WP8nZL2uMZWod7J7-JSplxbTmBQ5ms6QpqNYm672H0Vu9ZVKVngQ-ii4R-byguVEUZQyeg44g-- <- @types/react 19.1.8 (19.2.9 is available)
+ nodelite-2-AwHV9607xZpedu1NQcjUkua8v7HfOTKfftl6Vc9OGr-jbpiJX6Gpy8E-V9jo-U9UuVYX2PqSUcVNZmu-LTm71Q-- <- metro-cache 0.82.5 (0.83.2 is available)
+ nodelite-2-Az2ZTpuytrtqENulXwO3GGv1Bztugx6TT37NIo7imr-Qo0gsYiGtSdBa2B6fsXhTpVZDNfu1Qn3pk531e3q-nQ-- <- async-lock 1.4.1
+ nodelite-2-AZkcAA5vnN-v4PDqKyMR5lx7hZttPDgClv83E--FMNhR2TMcLUhfRUBHCmSl0oi9zMgDDqRUJkSxO3wm85-XLg-- <- @protobufjs/base64 1.1.2
+ nodelite-2-B-gBuNg5SiMTrPkC-A2-cW0RszwxYmn6VYxB-inlBStS5nx6xHIt-ehKRhIMhqusl7a8LjQoZnjCs5vhwxOQ1g-- <- ajv 8.17.1
+ nodelite-2-B8-vuI31imsp6hzjxOpk-UANBPN6-2RFxmYn5KDSQzHHTGmIvx9x50zX4PPy2mOJO3RjJWizr6sSaGR5xydwcA-- <- tstyche 6.0.0-beta.5
+ nodelite-2-BEnLolu-yuz22S56CU1SUKq3XC3PkwD5wv4ikR4MfGvnRVcmzXR9DwSlW2fEamyTPyXHomBJRzgapeuBvRNzJQ-- <- package-manager-detector 0.2.11 (1.6.0 is available)
+ nodelite-2-BIUXYsbkl5A1aJDdYJCBAo8rCEbAvdquQ8AnLb6z5Lp1u3x5PNgSSx9A-zqYc--Xnr-0DVpls8iQ2cJs-izTXA-- <- @typescript-eslint/project-service 8.37.0 (8.69.0 is available)
+ nodelite-2-BLI3Tl1TW3Pvl70l3yq3Y64i-awpwXqsGBYWkkqMtnbXgrMD-yj7rhW0kuEDxzJaYXGjEW5ogapKNMEKNMjibA-- <- which 2.0.2 (6.0.0 is available)

Done in 1.8s using pnpm v10.17.1
