Progress: resolved 1, reused 0, downloaded 0, added 0
Progress: resolved 227, reused 0, downloaded 191, added 0
Packages: +250
++++++++++++++++++++++++++++++++++++++++++++++++++++++++++++++++++++++++++++++++
Progress: resolved 250, reused 0, downloaded 250, added 250, done

dependencies:
+ nodelite-2-7yi25vDAoHAkbhAzX9dHx2yc6ntS4jQvejrNcC-csQJAXjj15e7VcWfMgLqBNAbOvqi5uIa9huOVwdHbf-sKqg-- <- postcss-custom-media 8.0.2
+ nodelite-2-7ylylesZQ-PV29jhEDl3Ufjo6ZX7gCqJr5F7PKrqc93v7fzSymt1BpwEU8nAUXs8qzzvqhbjhK5QZg6Mt-HkBg-- <- lines-and-columns 1.2.4 (2.0.4 is available)
+ nodelite-2-7zjFAPO4-gwyQAAgRRmqeEeyIICSdmCqa3tsVHMdBzaXXRiqopZL4Cyghg-XulGWrtABTpbnYYzzIRffLkP4oA-- <- is-regexp 1.0.0 (3.1.0 is available)
+ nodelite-2-8-9WqebbFzpX9OR-Wa6O29asIogeRMzcGtAINdpMHHyAg10f05aSFVBbcEqGf-PXw1EjAZ-q2-bEBg3DvurK3Q-- <- argparse 2.0.1
+ nodelite-2-803gmbQdqwdf4olxrX4AJyFBV-RTr3rSmOj0rKwesmzlfhYNDEs--iOcznzpNWlJlIlTJC2QfPFcHB6DlzdVLQ-- <- @babel/helper-string-parser 7.23.4 (8.0.0-beta.4 is available)
+ nodelite-2-83yeghZ2xxin3Nj8z1NMd-NCuca-gsYXswywDy5bHvwlWL8tpTQmzGeUuHd9FC3E-SBEMvzJRwWEOz5gGes9Qg-- <- @shikijs/vscode-textmate 10.0.2
+ nodelite-2-84xBncKNPBK8Ae89F65-SyVcOihrIbm-3N7to-GpRBHEUXGjA3ydWTMpcRW6jmFzkBQ-eqYy-y-J-NBpJWYjBg-- <- algoliasearch 5.32.0 (5.57.0 is available)
+ nodelite-2-856sckF0oP-diXtS4jNsiQw-UuK5fQG8l-a9VVLeSouf1-PPbBE1i1W852zVwKwYCBkFJJB7nCFTbk6UMEXBOQ-- <- @types/d3-geo 3.1.0 (3.1.1 is available)
+ nodelite-2-87lcbR8-MhcWcUiQ-9e-Rwx8MyR2P7qnt15ynUlbm3TU-fjbgz4GsvfSUDTemtCCtVCqb4ZcEFlyPNTh9bBTLw-- <- randomfill 1.0.4
+ nodelite-2-88JUN06ipLwsnv-dVn-OIYOvAuvBMy-Qoi6O7mQHxdPXpjy-Cd6xRkWwux7DKO-4sYILtLBRIKgsdpS2gQc7qw-- <- hast-util-whitespace 3.0.0
+ nodelite-2-8aPsApQfebXnuI-537McwYsDtjVxGm8gTIzQI3FDW6t5t-DAhERxtnbEPN-8RX-uZthoz4eCOgloXaE5cYyNow-- <- cookies 0.8.0 (0.9.1 is available)
+ nodelite-2-8dD6FusOQSrpv9Z1rdNMdlSgQOIP880DHqnohobOmYLElGEqAL-JvxvuxZO16r4HtjTlfPRDC1hbvxC9dPN2nA-- <- marked 15.0.12
+ nodelite-2-8DPaVVE3fd5JKuIC29dqyMB54sA6mfgki2H2-swh-zNJoynC8pMPzOkidqHOSc6Wj032fhl8Z0TVn1GiPpAiJg-- <- @svgr/babel-plugin-replace-jsx-attribute-value 6.5.1 (8.0.0 is available)
+ nodelite-2-8El0M60TcwZ1QMz4-os2MdlQECgGoVHPuLnQBU3m9h3gdNRW9xRmI8iLS4t-22OQlOE6aJvNNlBiCzPHur4H9g-- <- @vue/runtime-dom 3.5.17 (3.5.27 is available)
+ nodelite-2-8gNB7hZtA1iRZcHYFwopmrNFrtkzd2yAGxBkdxAXd-Ntcsr6GY-3AF-VInn21mTNFRaQnu5qJKENnIAxKNl8Yg-- <- @umijs/bundler-esbuild 4.4.11 (4.7.13 is available)
+ nodelite-2-8h2oVEZNktL4BH2JCOI90iD1yXwL6iNW7KcCKT2QZgQJR2vbqDsldCTPRU9NifTCqHZci57XvQQ15YTu-sTYPg-- <- layout-base 1.0.2 (2.0.1 is available)
+ nodelite-2-8lgKz8LmCRYZZQDpRyT2m5rKJ08TnU4tR9FFFW2rxpxR1FzWi4PQ-NfyODchAatHaUgnSPVcx-R5w6NuTBzFiw-- <- cli-cursor 2.1.0 (5.0.0 is available)
+ nodelite-2-8nvh-XBe96aCESrGOqMp-84b13H9cdKbG5P2ejQCh4d4sK9RL4371qou9drQjMhvnPmhWl5hnmqbEE0fXr9Xnw-- <- delaunator 5.0.1
+ nodelite-2-8ODW8TrDuMYvXRwra-Kh7-rJo9BtOfPc6qO8eAfC80CnCvSjSl0bkRM24X6-XBBEyj0v1nRUQ1LyOy3dbqOWXw-- <- koa-compose 4.1.0
+ nodelite-2-8p0AUk4XODgIewSi0l8Epjs-EVnWiK7NoDIEGU0HhE7-ZyY8D1IMY7odu5lRrFXGg71L15KG8QrPmum45RTtdA-- <- readable-stream 2.3.8 (4.7.0 is available)
+ nodelite-2-8q7VEgMJW4J8tcfVPy8g09NcQwZdbwFEqhe-WZkoIzjn-3TGDwtOCYtXGxA3O8tPzpczCCDgv-P2P5y00ZJOOg-- <- merge2 1.4.1
+ nodelite-2-8QA7wrYSHKaYgUxDA5ZC24w-eHm3sYCbp0EzcDwKqN3p6HqtTCGR-GVsPyZW92unff4UlcSh--lmqDWN3ZIq4w-- <- vue-demi 0.14.6
+ nodelite-2-8QmQKqEASLd5nx0U1B1okLElbUuuttJ-AnYmRXbbbGDWh6uS208EjD4Xqq-I9wK7u0v6O08XhTWnt5XtEbR6Dg-- <- define-properties 1.2.1
+ nodelite-2-8sLjZwK0R-JlxlYcTuVnyT2v-htpdrjDOKuMcOVdYjt52Lh8hWRYpxBPoKx-Zg-bcjc3wx6fmQevMmUztS-ccA-- <- postcss-selector-parser 7.1.0 (7.1.6 is available)
+ nodelite-2-8u-hfXFRBD1O0hPUjioLhoWFHRmt6tKA4-vZPyckBr18l1KE9uHrFaFaUi8MDRTpi4uak2goyPTSNJLXX2k2Hw-- <- object.entries 1.1.9
+ nodelite-2-8uSpZZocAZRBAPIEINJj3Lo9HyGitllczc27Eh5YYojjMFMn8yHMDMaUHE2Jqfq05D-wucwI4JGURyXt1vchyg-- <- execa 5.1.1 (9.6.1 is available)
+ nodelite-2-8VhliFJAWRaUiVvREIiW2NXXTmHs4vMNnSzuJVhscgmGav3g9VDxLrQndI3dZZVVdp0ZO-5v0xmX516-7M9cng-- <- regex-utilities 2.3.0
+ nodelite-2-8vXOvuE167CtIc3OyItco7N-dpRtBbYOsPsXCz7X-PMnlGjYjSGuZJgM1Y7mmew7BKf9BqvLX2tnOVy1BBUsxQ-- <- get-func-name 2.0.2
+ nodelite-2-8wb9Yw966OSxApiCt0K3yNJL8pnNeIv-OEq2YMidz4FKP6nonSRoOXc80iXY4JaN2FC11B9qsNmDsm-ZOfMROA-- <- jju 1.4.0
+ nodelite-2-8XPvpAA8uyhfteu8pIvQxpJZ7SYYdpUivZpGy6sFsBuKRY-7rQGavedeB8aK-Zkyq6upMFVL-9AW6vOYzfRyLg-- <- log-symbols 4.1.0 (7.0.1 is available)
+ nodelite-2-8Y9MLU72WFQOW3HArYv16-Wvm6eGmsqbxxM1qxtm0hvSASJbxCm-zQAZe5stqysTlcWo4BJ82KEH1PfgHbJAmQ-- <- @algolia/client-analytics 5.32.0 (5.57.0 is available)
+ nodelite-2-8zGqypfENjCIqGhgXToC8aB2r7YrBX-AQAfIPs-Mlk-BtPTztOvTS01NRW-3Eh60J-a48lt8qsCzirQ6loCVfA-- <- raw-body 2.5.2 (3.0.2 is available)
+ nodelite-2-92-huvxMvYlMzMt0iIOukcwYBFpkYJdpl2xsZ7LrlayO7E8SOv-JJUEK17B-dJIHAOLMfh2dZZ-Y18WgmGtYNw-- <- loader-runner 4.2.0 (4.3.2 is available)
+ nodelite-2-93zYdMES-c1D69yZiKDBj0V24vqNzB-koF26KPaagAfd3P-4gUlh3Dys5ogAK-Exi9QyzlD8x-08Zt7wIKcDcA-- <- @humanwhocodes/object-schema 2.0.3
+ nodelite-2-95Pu1QXQvruGEhv62XCMO3Mm90GscOCClvrIUwCM0PYOXK3kaF3l3sIHxx71ThJfcbM2O5Au6SO3AWCSEfW4mQ-- <- truncate-utf8-bytes 1.0.2
+ nodelite-2-9a4-uxlTWJ4-a5i0ooc1rU7C7YOw3wT-UGqdeNNHWnOF9qcMBgLRS-4IYUqbczewFx4mLEig6gawh7X6mFlEkA-- <- ufo 1.6.1 (1.6.4 is available)
+ nodelite-2-9b8mPpKrfeGRuhFH5iO1iwCLeIIsV6-H1sRfxbkoGXIyQE2BTsPd9zqSqQJ-pv5sJ-hT5M1zvOFL02MnEezFug-- <- @microsoft/tsdoc 0.14.2 (0.16.0 is available)
+ nodelite-2-9dgM-cZBnNvjzaMYHVoxxfPj2QXt22Ev7SuuPrs-xav0ukGB0S6d4ydZdEiM48kLx5kDV-QBPrpVnFyefL8kkQ-- <- is-async-function 2.1.1
+ nodelite-2-9fSjSaos-fRIVIp-xSJlE6lfwhES7LNtKaCBIamHsjr2na1BiABJPo0mOjjz8GJDURarmCPGqaiVg5mfjb98CQ-- <- get-intrinsic 1.3.0 (1.3.1 is available)
+ nodelite-2-9gGx6GTtCQM73BgmHQXfDmLtfjjTUDSyoxTCbp5WtoixAhfgsDirWIcVQ-IHpvI5Vgd5i-J5F7B9cN-WlVbC-w-- <- is-symbol 1.1.1
+ nodelite-2-9N9IomZ-YuGGZZmQec1MbgxtlgougxTodVwDzzEouPKo3qFWvymFHWcnDi2vzV1ff6kas9ucW-o3yzJK9YB1AQ-- <- micromark-util-sanitize-uri 2.0.1
+ nodelite-2-9phl76Cqm6FhSX9Xe1ZUAMLtm1BLkKj2Qd5ApyWkXzsMRaA7dgr81kf4wJmQf-hAvg8EEyJxDo3du-0KlhPiKQ-- <- timers-browserify 2.0.12
+ nodelite-2-9PYGcXrAxitycIjRmZB-Q0JaN07GZIWaTBIGQzfaZv-qr1n8X1XUEJ5rZ-vx6OVD9RRYlrNnXWExQXcmZeD-BQ-- <- @svgr/babel-plugin-add-jsx-attribute 6.5.1 (8.0.0 is available)
+ nodelite-2-9Qn4yBxelxoh2Ow62nP-Ka-kMnOXRi8BXnRaUwezLNhqelnN49xKz4F-dPP8OYLxLxq6JDtZb2i9XznUQbNPTg-- <- handle-thing 2.0.1
+ nodelite-2-9QnLuG-kPVgWvMQ4aODhsBUFKOUmnbUnsSXACv-NCQZcHbeb-v8Lodp8OVxtRULN1-xOyYLLaL6npE6dMq5QTA-- <- ramda 0.28.0 (0.30.1 is available)
+ nodelite-2-9sCtZkO6f-5ML9WcTLcIyV1yz9D1rf0tWc-ulKcvV30s0iZKS-ONyETvoWsr6vnrmW-X-KmuK3gV-w5EWnT37w-- <- postcss-pseudo-class-any-link 7.1.6 (9.0.2 is available)
+ nodelite-2-9T2r9rsvYzm5ndsBE8WgtrMlIT7VbtTfE7b3BQnudUqnBcBo7L758oc-o-pdj-dUV0l5wjwSdjeOH2DZtfv8qw-- <- postcss-image-set-function 4.0.7 (7.0.0 is available)
+ nodelite-2-9T9UjW3r0UW5c1Q7GTwllptXwhvYmEzFhzMfZ9H7FQWt-uZePjZPjBP-W1ZEyZ1twGWom5-56TF4lPcqjnDHcg-- <- brace-expansion 1.1.12 (5.0.9 is available)
+ nodelite-2-9u-sniCrY3D5WdsERHzHE4G2YCXqoG5FTHUiCC4SIbr6XcLZBY05ya9EKjYek9O5xOAwjGq-1JdGBAS7Q9ScoA-- <- readable-stream 3.6.2 (4.7.0 is available)
+ nodelite-2-9UJ2xGDvQ43tYyVMpuHlsgApydB8ZKfVYTsLDhXkFL-6gfkp-U8xTGdh8pMJv1SpZna0zxG1DwsKZsreLbXBxw-- <- undici-types 7.8.0 (8.3.0 is available)
+ nodelite-2-9v9kG0LvzrlcungtnJtpGNxY-fzECQKhK4EGJX2vByejiMX84MFNQw4UxPJl3bFbTMw-Dfs37XaIkCwTZfLh4g-- <- cheerio-select 2.1.0
+ nodelite-2-9YQaSxsAiSwcvS33MBk3wTCVnWK-HhF8VZR2jRxehM16QcVOdHqPn4VPHmRK4lSr38n9JriurInLcP90xsYNfQ-- <- is-date-object 1.0.5 (1.1.0 is available)
+ nodelite-2-A3s5PWiZ9YCXFye1o246KoscMWqf8BsD9eRiJ3He7C9OBaxKhAd5TFCdEx-7VbKtxxTsu--1mMJFrEt572cEyQ-- <- d3-scale-chromatic 3.1.0
+ nodelite-2-Acylog8-luQ8L7il-geoSxhEkazvkslg7PSNKOX59mbB9cOveP5aq9h74Y7YU8yDpJwetzQQrfIwtf4Wp4LKcw-- <- type-detect 4.1.0
+ nodelite-2-AdmX6xUzdNASswsFtmwSt7Vj8po9IuqXm0UXz7QKPuEUmPB4XyjGfaAr2PSuELMwkRMVH1EpIkX5bTZGRB3eCA-- <- cosmiconfig 7.1.0 (9.0.0 is available)
+ nodelite-2-AdWfynhUeX7jz-LTiFU3wwzJembTbdLkQIOLs4n7PyBuxZ3jz4azV1CWbIP8AjUOFmul6uXbmYza-KqyS5CzOA-- <- @algolia/client-insights 5.32.0 (5.57.0 is available)
+ nodelite-2-AEYxH93jGFPn-a2iVAwW87VuUIkR1FVUKB77NwMF7nBTDkDrrT-Hpt-IrCJ0QXhW27jTBDcf5ZY7w6RiqTMw2Q-- <- tslib 2.6.2 (2.8.1 is available)
+ nodelite-2-AGK2yQKIjRuqnc6VkX2Xj5d-QW8xZ87pa1UK6yA6ouUyuxfHuMP6umE5QK7UmTeOAymo-Zx1Fxiuw9rVx8taHQ-- <- node-abort-controller 3.1.1
+ nodelite-2-AhO5QUcj8llrbG09iWhPU2B204J1xnPeL8kQmVorSsy-Sjj1sk8gIyh6cUocGmH4L0UuhAJy-hJMRA4mgA4mFQ-- <- globals 13.24.0
+ nodelite-2-AKpaYlHn8t4SVbOHCy-b5-KKgvR4vrsD8vbvrbiQJps7fKDTkjkDry6ji0rUJjC0kzbNePLwzxq8iypo41qeWA-- <- base64-js 1.5.1
+ nodelite-2-ALnjWlVYkXsVIGlOsuWH1-3udkYFI48Ljihfnh8FZPF2QS9o-PzGLBslO0PjzVoHLZ2KCVgAM8NVkXPJB2aNnQ-- <- d3-brush 3.0.0
+ nodelite-2-AmomSIjP8ZbfGQhumkNvgC33AY7qtMCXnN6bL2u2Js4gVCg8fp735aEiMSBbDR7UQIj90n4wKAFUSEd0QN2Ukg-- <- @webassemblyjs/wasm-gen 1.14.1
+ nodelite-2-An6Ba4pHBiDtyVpSLymUUERMo2cU7s-Obz6BTrS-gxkbnSBNKSuD0AVUc-CpBMrpVPKKfoVz0WQCX-Tnst0i4A-- <- postcss-opacity-percentage 1.1.3 (3.0.0 is available)
+ nodelite-2-AOIgSQCepiJYwP3ARnGx-5VnTu2HBYdzbGP45eLw1vr3zB3vZLeyed1sC9hnbcOc9-SrMyM5RPQrkGz4aS9Zow-- <- glob-parent 5.1.2 (6.0.2 is available)
+ nodelite-2-ApKvfjsSR6tg06xrL434C0WydLr7JewBB3V--39RMHsaXTOG0zmt-OAXeng5M5LBm0ojmxJrpomQVZ1aPvBL4w-- <- d3-transition 3.0.1
+ nodelite-2-AS2h2hzryA95Z5SCy8DykYpdv82hHysDeMTBV5uWII4ljKiS0y2TC5aBQ-tHpCj0PfOy2-IPPY-O86F8uxx2gg-- <- object.getprototypeof 1.0.7
+ nodelite-2-ASA9W1aIy5ygskZYuWams4BzafD12ULvSypmaLJT2jvQ8G0M3I8PRQhC0h7mG0Z3LI05-agZjqSR9-K9yaQQjA-- <- @csstools/postcss-progressive-custom-properties 1.3.0 (4.0.0 is available)
+ nodelite-2-ASsj-tpEDsEiFr1arWrlN6V3mdfjRMZt6LtK-Vp-kreFLnr5QH5-DhvD5nINYZXzwJvXeGq-05iUXcAzVrqWtw-- <- @types/babel__generator 7.6.8
+ nodelite-2-AsUnxuLhRYsisFiaJwvp1QF-I3KjD5FOxut14q-GzovUe6orHLesW2C7d754kRm53h5gqrz6sFl6sxc4BVtE-g-- <- @babel/helper-split-export-declaration 7.22.6 (7.24.7 is available)
+ nodelite-2-Atfo14OibSv5wAp4VWNsFYE1AchQRTv9cBGWET4pZWHzYshFSS9NQI6I57rdKn9croWVMbYFbLhJ-yJvmZIIHw-- <- fast-uri 3.0.6 (3.1.7 is available)
+ nodelite-2-AURm5f0jYEOydBj7VQlVvDrjeFgthDdEF5H1dP-6mNpoXOMo1quQqJ4wvJDyRZ9-pO3kGWoOdmV08cSv2aJV6Q-- <- safe-array-concat 1.1.3 (1.1.4 is available)
+ nodelite-2-AVbw3UJ2e9bq64vSaS9Am0fje1Pa8pbGqTTsmXfaIiMpnr5DlDhfJOuLj9Sf95ZPVDAUerDfEk88MPmPe7UCQg-- <- path-is-absolute 1.0.1
+ nodelite-2-AyeEbWOu-TAXdxlV9wmGcR0-yh2j3vYPGOECcIj2S7MkrLyC7ne-oye2BKTItt0ii2PHk4cDy-95-LshzbXnGg-- <- yocto-queue 1.2.1 (1.2.2 is available)
+ nodelite-2-AyFQ0EVmsOZOlAnxoFOGOq1SQDWAB7C6aqMGS23svWAllfOaxbuFvcT8D1i8z3Gyn8fraVeZNNmN6e9bxxXkKw-- <- vscode-uri 3.0.8 (3.1.0 is available)
+ nodelite-2-AzlgcsCbUMymkADOJtQm3wO9S3ltPfYOFD5033keQn9NJzIbtnZj-UdBJe7DYml-8TdbtHJW3j58SOnKhWY-5g-- <- cose-base 2.2.0
+ nodelite-2-B-gBuNg5SiMTrPkC-A2-cW0RszwxYmn6VYxB-inlBStS5nx6xHIt-ehKRhIMhqusl7a8LjQoZnjCs5vhwxOQ1g-- <- ajv 8.17.1
+ nodelite-2-B-ZM-RXvRqQaAmkMlO-oSe5nMUOaUnyfGYCEHoR8wrXsZR2mA0XVibsxV1bvTwxdRWah1PkQqso2EzhILGHtEQ-- <- elegant-spinner 1.0.1
+ nodelite-2-B0ErZK-66mHtEsR1TkPEEkwdy-WDesimkM5gpZr5Dsg54BiTA5RXtYW5qTLIAcekaS9xfZrzBLF-OAkB3Qn1YQ-- <- d3-array 2.12.1 (3.2.4 is available)
+ nodelite-2-B3OZqYn6k4VaN011D-ve-AA4whM4QkcwcrwaKwAbyyvS-NB1hCWjFIBQxAQQSQir9-RtyAAGuq-4RJmbn2dH4w-- <- @vitest/snapshot 0.34.6 (4.0.7 is available)
+ nodelite-2-B4FFZ6q-T2jhhksgkbEW3HBvWIfDW85snkQgawt07S7J5QXTk6BkNV-0yAeZrM5QpMAdYlocGoljn0sJ-WQkFw-- <- human-signals 2.1.0 (8.0.1 is available)
+ nodelite-2-BapA40NHICOS-USX9SN4tyhq-A2RrN-Ws5F0Z5aMHDp98Fl86lX8Oti8B7uN93L4Ifv4fHOEA-pQw87gmMO-lQ-- <- path-browserify 0.0.1 (1.0.1 is available)
+ nodelite-2-BaXgOuIxz8n8pIq3e7Atg-7s-DpiYrxn4vdot3w9KbnBhcRQq6o3xemQdIfynqSeXeDrF32x-WvfzmOjPiY9lg-- <- typed-array-byte-length 1.0.3
+ nodelite-2-Bc0f62WmHdtRDjf5f3e2STwRAl89N2CLb-9iAwzrv4L2hncrbDwnQD9PCq0gtAt7pOI2leIV08HIBUd4jxD8cw-- <- @csstools/postcss-color-function 1.1.1 (4.0.7 is available)
+ nodelite-2-BcCkm-STipKvbCl6b7QFrMh-vx00vIP63k2eM66MfHJzPr6O2U0jYEViXkHJWqXqQYjdeA9cuCl5KWmlwjDvbA-- <- @svgr/babel-plugin-remove-jsx-attribute 8.0.0
+ nodelite-2-Bdboy-l7tA3OGW6FjyFHWkP5LuByj1Tk33Ljyq0axyzdk9--JSi2u3fP1QSmd1KNwq6VOKYGlAu87CisVir6Pw-- <- json-stable-stringify-without-jsonify 1.0.1
+ nodelite-2-BEnLolu-yuz22S56CU1SUKq3XC3PkwD5wv4ikR4MfGvnRVcmzXR9DwSlW2fEamyTPyXHomBJRzgapeuBvRNzJQ-- <- package-manager-detector 0.2.11 (1.6.0 is available)
+ nodelite-2-BgT2szDXnVypgpNxOK8aL5SGjUdaQbC--WZNjF1Qge3Og2-zhHj-RWhmehLhYyvQwqAmvezruVfOf8-3m74W-g-- <- @types/conventional-commits-parser 5.0.2
+ nodelite-2-BgWVbCI72aIQy937xbawcs-hrVaN-CZ2UwutgaJ36hGqRrLNM-f5LUT-YPRbo8IV-ASeFzXszezV-y2-rq3l8A-- <- validator 13.15.15
+ nodelite-2-BhXM0Au22RwUneMPwSCnyhTOizdWoIEPU9sp0Aqa1PnDMR5Wv2FGXYDjuzJEIX-Eo2Rb8xuYe5jrnm5QowQFkw-- <- meow 12.1.1
+ nodelite-2-BioO1xf3hFwz4kc6iBhI3ieDFompMhrMlnDFC4-0-vd5MokpuAc3R-LYbwTA9A5Yc9pq9UYPqffKpW2ObuwX5A-- <- browserify-des 1.0.2
+ nodelite-2-BjzLgXGnCWjUSYGfH1cpdo41-hgdWETu4YxpezoztawmqsvCeep-8QGfiY6YbDvfgHz-DkjeIkkZVJavB4a3rg-- <- @types/d3-contour 3.0.6
+ nodelite-2-BLI3Tl1TW3Pvl70l3yq3Y64i-awpwXqsGBYWkkqMtnbXgrMD-yj7rhW0kuEDxzJaYXGjEW5ogapKNMEKNMjibA-- <- which 2.0.2 (6.0.0 is available)
+ nodelite-2-BN22B5eaMMI9UMtjrGd5g5eCYPpCPDUy0FJXbYsaT5zYxjFOckS53SQDE3pWkVoWpHXVb3BrYcEN4Twa55B5cA-- <- word-wrap 1.2.5
+ nodelite-2-BNGbWLfd0eUPabhkXUVm0j8uuvREyTh5ovRa-dyow-BqAbZJyC-5fU-IzQOzmAKzYqYRAISoRhdQr3eIZ-PXqg-- <- vary 1.1.2
+ nodelite-2-BNoCY6SXXPQ7gF2opIP4GBE-Xw7U-pHMYKuzjgCN3GwiaIR09UUeKfheyIry77QtrCBlC0KK0q5-TER-tYh3PQ-- <- arraybuffer.prototype.slice 1.0.4
+ nodelite-2-BOHhm8HalujY6lmC3DbqF6uXN-K00uWiEeF22LfEsm9Q93XeJ-plHTepGwf6tqFcF7GA5oGSSAAUock3VvzaCA-- <- @vue/server-renderer 3.5.17 (3.5.27 is available)
+ nodelite-2-BQ5aZNSCpj7D6K2ksrRCTmKRLEpnPvWDiLPfoGyhZ--8YtiK9d-3DBKPJgry359X-P1PfruyYwvnvwFjuEiEIg-- <- @types/keyv 3.1.4
+ nodelite-2-Bq9VSor-kjvW3f9-MiiR4eE3XYgOl7-rS8lnSxbRbF3kS0B2r-Y9w5krBWxZgDxASVZbdYrn5wT4j-Wb0J9qow-- <- enhanced-resolve 5.9.3
+ nodelite-2-BR7VvDCVHO-q2xBEWskxS6DJE1qRnb7DxzUrogb71CWoSficBxYsiAGd-Kl0mmq-MprG9yArRkyrQxTO6XjMzA-- <- semver 6.3.1 (7.8.5 is available)
+ nodelite-2-BrpvfNAE3dcvq7ll3xVumzjKjZQ5tI1sEUIKr3Uoks0XUl45St3FlatVqef9prk4jRDzhW6WZg-3bk93y6pLjA-- <- strip-final-newline 2.0.0 (4.0.0 is available)
+ nodelite-2-BS8PfmtDGnrgYdOonGZQdLZslWIeCGFP9tpan0hi1Co2Zr2NKADsvGYA8XxuG-4UWgJ6Cjtv-YJnB6MM69QGlQ-- <- data-view-byte-offset 1.0.1
+ nodelite-2-BSeNnyus75C4--NQ9gQt1-csTXyo-8Sb-afLAkzAptFuMsod9HFokGNudZpi-oQV73hnVK-sR-5PVRMd-Dr7YQ-- <- cliui 8.0.1 (9.0.1 is available)
+ nodelite-2-BtEeSsoaQjlSPBemMQIrY1MY0uM6vnS1g5fmufYOtnxLGUZM2178PKbhsk7Ffv58IX-ZtcvoGwccYsh0PglkAA-- <- is-string 1.1.1
+ nodelite-2-BuDyupZt65P9D2D2vA-zqcI3G5xRsklm5N3xCwuiy--vKy8i0ifdsQP1sLgO4tZDSCaQUSnmC48khknGMV3D2Q-- <- es-set-tostringtag 2.0.2 (2.1.0 is available)
+ nodelite-2-BvIKpRLeS-8UbfxXxgC33xOumsacaeCKAjAeLyOn7Pcp95HiRbrpl14S-9vaZLolnbssPIUuiUd8IvgkRyt6NQ-- <- @chevrotain/cst-dts-gen 11.0.3
+ nodelite-2-BwR5KP3Es-CSht0xqBcUXS3qCAUVXwpRKsV2-arxeb65atasuXG9LykC9Ab10Cw3s2raH92ZqOeILaQbsB2ACg-- <- @types/command-line-usage 5.0.4
+ nodelite-2-BXANzRFkX-XcC1q-d27NKvlJ1yf7PSAgi8JG6dt8EfbHFHi4neau7mufcSca5zRhwOL8j9s6EqsxmT-s--E6Sw-- <- @changesets/git 3.0.4
+ nodelite-2-BYqTHXTGUIvg7t1r4sJNKcbDZkL92nkXA8YtRpbjFHRHGDL-NtUeiBJMeE60kIFN-Mg8ESaWQvftaYMGJzQZCQ-- <- indent-string 3.2.0 (5.0.0 is available)
+ nodelite-2-Bz5mupy2SVbPHURB98VAcw-aHh4vRV5IPNhILUCsOzRmsTmSQ17jIuqopAentWoehktxGd9e-hbIXq980-1QJg-- <- lodash.isboolean 3.0.3
+ nodelite-2-BZOr3nRQHOntUjTrH8-Lh54smKHoHyur8We1V8DSMVrl5A2malOOwuJRnKRDjSnkoeBh4at6BwEnb5I7Jl31wg-- <- p-cancelable 2.1.1 (4.0.1 is available)
+ nodelite-2-C-CPBqKWnvdcxqIARxyOh4v1UUEOCHpgDa0WYgpKDFMszcrPcffg5uhwSgPCLD2WWxmq6isisz87tzT01tuGhg-- <- is-symbol 1.0.4 (1.1.1 is available)
+ nodelite-2-C-r0eKJUIfiDIfwJhria30-TYWPtuHJXHtI7J0YlOmKAo7ogxP20T0zxB7HZQIFhIyvoBPwWskjxrvAtfjyZfA-- <- vscode-jsonrpc 8.2.0
+ nodelite-2-C3nQxfFZxFRVoJoGKKI8y3MOEo129NQ-FgQ08iye-Mk4zNZZGdjfs06bVTr-DBSlA66Q2VEcMki-cUCP4SercQ-- <- call-bind 1.0.5 (1.0.9 is available)
+ nodelite-2-C8vBJ8DwUCx19vhm7urhTuUsr4-IyP6l4VzNQDv-ryHQObW3TTTp9yB68WpYgRe2bbaGuZ-se74IqFeVnMnLZg-- <- has-ansi 2.0.0 (4.0.1 is available)
+ nodelite-2-CabR-UN630VnsJO-jHWYBC1YVXyMq94KKp6iF5MQgZJs5I8cmjw6oVMO1oDbtBkENSHSSn-UadWlW-OAgdmKrg-- <- @vue/shared 3.5.17 (3.5.27 is available)
+ nodelite-2-Cat63mxsVJlzYvN51JmVXIgNoUokrIaT2zLclCXjRd8boZ0004U4KCs-sToJ75C6sdlByWxpYnb5Boif1VSFew-- <- tabbable 6.2.0 (6.4.0 is available)
+ nodelite-2-CCZCDJuduB9OUkFkY2IgppNZMi2lBQgD2qzwXkEia16cge2pijY-aXi96CJMquDMn3nJdlPV1A5KrJEXwfLNzQ-- <- @eslint-community/regexpp 4.12.1
+ nodelite-2-CdTLvIOPiCNuH71pyDu3rA-Q0n65cmAbXnwWH84rKGiFumFzkmHNT8KHTMEchcxN-Kl8I54xGUhJ7l3E7X396Q-- <- @changesets/write 0.4.0
+ nodelite-2-Ceh-7ox5qe7LJuLHoY0feh3pHuUDHAcRUeyL2VYghZwfpkNIy--8Ocg0a3UuSoYzavmylwuLWQOf3hl0jjMMIw-- <- binary-extensions 2.3.0
+ nodelite-2-CFjzYYAi4ThfiQvizrFQevTTXHtnCqWfe7x1AhgEscTz6ZbLbfoLRLPugTQyBth6f8ZERVUSyWHFD-7Wu4t1XQ-- <- debug 3.2.7 (4.4.3 is available)
+ nodelite-2-CgH3s1a96LipHCmSUmYFPwY7MNx8C3avkq7i4Wl3cfa662ldtUe4VM1TPXX70pfmrlWTb6jLqTYrZyT2ZTJBgA-- <- @babel/code-frame 7.23.5 (8.0.0-beta.0 is available)
+ nodelite-2-CiyeOxFT-JZyN5m0z9PfXw4SCBJ6Sygz1Dpl0wqjlhDEGGBP1GnsUVEL0p63hoG1fcj3fHynXi9NYO4nWOL-qQ-- <- parseurl 1.3.3
+ nodelite-2-CPDqTOG2K4Ni2o4J5wixkLVNwgctKXFu6oBpVJlpNq7f38lh9I80pRTouZSJ2MAebPJlINU-KTFSXyQfBUlymA-- <- eslint-plugin-vue 9.19.2 (9.32.0 is available)
+ nodelite-2-CTM5kuWR3sx9IFamcl5ErfPl6ea-N8IYwiJ-vpeB2g-1iknv7zBl5uPwbMbRVznRVbrNY6lGuDoE5b30grmbqg-- <- parse-asn1 5.1.7 (5.1.9 is available)
+ nodelite-2-CtuThmgHNg7zIZWAXi3AsyIzA3n4xx7aNyjwC2VJldO2LMVDhFK-63xGqq6CsJH4rTAt6-M-N4GhZiDYPx9eUw-- <- scheduler 0.23.0 (0.27.0 is available)
+ nodelite-2-Cxwpt2SfTzTtXcfOlzGEee8O-c-MmUgGrNiBcXnuWxuFJHe6a5Hz7qwhwe5OgaSYI0IJvkLqWX1ASG-cJOkEiA-- <- ansi-styles 5.2.0 (6.2.3 is available)
+ nodelite-2-CYcENa-FtcUKLmhhqyctpclsq7QF38pKjZHsGNiSQF5r4FtoKDWabFDl3hzaEQMvT1LHEysw5twgLvpYYb4vbw-- <- flat-cache 3.2.0 (6.1.7 is available)
+ nodelite-2-D-kj5JNu6oo2EIy-XL-26JEDTlIbB8hw85G8StOE6L74RQAVVP5rej6wxCNqyMbR4RkPfqvezVbPw81Ngd6Kcw-- <- postcss 8.4.32 (8.5.6 is available)
+ nodelite-2-D2FR03Vir7FIu45XBY20mTb--ZSWB00sjU9jdQXt83gDrI4Ztz5Fs7-yy74g2N5SVQY4xY1qDr4rNddwYRVX0g-- <- os-tmpdir 1.0.2
+ nodelite-2-D2hP9eA-Sqx1kBZgzxZh0y1trbuU-JoDkiEwqhQ36nodYqJwyEIhPSdMNd7lOm-4io72luTPWH20Yda0xOuUow-- <- @babel/helper-validator-identifier 7.27.1 (8.0.4 is available)
+ nodelite-2-D5qGUYwjvnNNextdU59--fI-spnwtTFmyQP0h-PfIOSkNfpU6AOICUOkm4i0OnSk-NyjdPJrxCDro0sJsWlRpQ-- <- @types/jsonfile 6.1.4
+ nodelite-2-D7eujBWkLa3p2sIpJA0d1pr7es-a7m0vFAnZLlCEKq-Ij2k0MLi9Br2UPxoxdYystm5K1yeBGzub0FlYUEWj2Q-- <- z-schema 5.0.5
+ nodelite-2-D9cPgkvLlV3t3IzL0D0YLvGA9Ahk4PcvVwUbN0dSGr1aP0Nrt4AEnTUbuGvquEC0mA64Gqt1fzirlRs5ibXx8g-- <- sprintf-js 1.0.3 (1.1.3 is available)
+ nodelite-2-Dbl4A-VfiVGLgQv29URL9xshU8XDY1GeLy-fsaZ1AA8JDSfjvr5P5-pzRbWqRSBxk6-DW7MIh8lTM-PaGnP2kg-- <- npm-run-path 3.1.0 (6.0.0 is available)
+ nodelite-2-DBwtEWN2caHQ9-imiNeEA5ys1JoRtRfY3d7V9wkqtbycnAmTvRRmbHKDV4a0EYc678-dia0jrte4tjYwVBaZUA-- <- lodash.isinteger 4.0.4
+ nodelite-2-DCXu6Ifhqcks7TZKY3Hxp3y6qphY5SJZmrWMDrKcERSOXWQdMhU9Ig-PYrzyw-ul9jOIyh0N4M0tbC5hodg8dw-- <- fast-levenshtein 2.0.6 (3.0.0 is available)
+ nodelite-2-DDfANUiiG2wC1qawP66qlTugJeL5HyzMpfr8lLK-jMQirGzNod0B12cFB-9q838Ru27sBwfw78-rdoU7RERz6A-- <- is-array-buffer 3.0.5
+ nodelite-2-DlL-XwOy3NxAQ8xuC0okPgK46iuVNAK01YN7RueYBqqFeGsBjV9XmCAzAdgt-667bCl5kPh9EqKKDwnaPG1I7A-- <- normalize-url 6.1.0 (8.1.1 is available)
+ nodelite-2-DMD0KiN46eipeziST1LPP-STfDU0sufISXmjSgvVsoU2tqxctQeASejWcfNtxYKqETM1UxQ8sp2OrSBWpHY6sw-- <- available-typed-arrays 1.0.5 (1.0.7 is available)
+ nodelite-2-Dp6zGqpTdETdR63lehJYPeIOqpiNBNtc7BpWSLrOje7UaIsE5aY92r-AunQA7rsXvet3lrJ3JnZX29UPTKXyKQ-- <- pathval 1.1.1 (2.0.1 is available)
+ nodelite-2-DpLKbNU4WylpxJykQujfCcwYWiV-Jhm50Goo0wrVILAv5jOr9d-H-UR3PhSCD2rCCEIg0uc-G-muBTwD54JhDQ-- <- globalthis 1.0.4
+ nodelite-2-DQVmHEy-EKIgggvnGRLx21hSqnr1smUS9Aq8tfxiiot8UR0-pXKHN9k78-qQ7etyQTFj5em5nruODON7dBeumw-- <- @vue/compiler-sfc 3.3.13 (3.5.27 is available)
+ nodelite-2-DR33HMMr8EzwuRL8Y9D3u2BMj8-RqSE850jfGu59kS7tbmPLzGkZmVSfyCFSDxuZiEY6Rzt3T2NA-qU-NwVj1w-- <- iterator.prototype 1.1.2 (1.1.5 is available)
+ nodelite-2-Dr3sfKRP6oTcjf2JmUmFJfeVMvXBdegxB0iVQ5eb2V10uFJUCAS8OByZdVAyVb8xXNz3GjjTgj9kLWsZTqE6kw-- <- chokidar 3.5.3 (5.0.0 is available)
+ nodelite-2-DVj4CQIYYow0BlaelwK1pHl5n5cRSJfM60UA0zK891sVInoPri2Ekj7-e1CT3-3qxXenpI-nBBmQAcJPJgaj4w-- <- fast-glob 3.2.12 (3.3.3 is available)
+ nodelite-2-DWG1pus72FcNeXkM12tx-xtExyH-c9I1z-2aXlObH3i9YA7-WZEVaiHzHl03thpvAgWTRaH64MpfHxozfF7Dvg-- <- @changesets/get-release-plan 4.0.13
+ nodelite-2-DX8nKgqcGwsc0eJSqYt5lwP4DH5FlHnmuWWBRy7X0NcaGR0ZtuyeESgMwTYVEtxmsNGY-qit4QYT-MIYTOTPeA-- <- @xtuc/ieee754 1.2.0
+ nodelite-2-DyFP3BM-3YHTQOCUL-w0OZHR0lpKeGrxotcHWcqNEdnltqFwXVfhEBQ94eIo34AfQpo0rGki4cyIiftY06h2Fg-- <- get-caller-file 2.0.5
+ nodelite-2-DZLEEqFWQFiyK6h5YIeynKx7JlvCYWL0cImfSRXZ9l4Sg2efkFGTuFf6vzXjK1cq6IYkU-Eg-JizXw-TD2vRNw-- <- @humanwhocodes/config-array 0.13.0
+ nodelite-2-E-iruNOY8VV9s4JEbe1aNEm6MiszPRr-UfcHMz0TQh1BXSxHK-ASV1R6W4HpjBhSeS-54PIsAMCBmwD06LLsqQ-- <- JSONStream 1.3.5
+ nodelite-2-E-XQCRwSbaaiChtv6k6Dwgc-bx-Bs6vuKJHHl5kox-BaKbhiXzqQOwK4cO22yElGp2OCmjwVhT3HmxgyPGnJfQ-- <- buffer-from 1.1.2
+ nodelite-2-E7uGkTzkk1d0ByLeSc6ZsFS79Axg-m1P-VsgYsxHgiuc3tFSj-MjMIwe90FC4lOAZzNBdY7kkO2P2wKdsQ1vgQ-- <- define-data-property 1.1.1 (1.1.4 is available)
+ nodelite-2-EaET7As5CeuhTzvXTQCRZeBUcisoYPDDcXvgTE-2jmmypKp0RC7LxKj-yzqeh-1qFTZI7oDGFcL1PHRuQuketQ-- <- @changesets/apply-release-plan 7.0.12 (7.1.1 is available)
+ nodelite-2-ECkTw8TmJwW60lOTR-ZkODISW6RQ8-2CL3COqtiJKLd6MmB45hN51HprHFziKLGkAuTGQhBb91V8cy-KHlaCjw-- <- reflect.getprototypeof 1.0.4 (1.0.9 is available)
+ nodelite-2-EdDDZu4A2OyIK7Lr-2zG-w5jmbuk1DVBnEwREQvBzspBJkCEbRa8GxU1lghYcaGJCnRWibjDXlq779X1-y5xwg-- <- indent-string 4.0.0 (5.0.0 is available)
+ nodelite-2-EJ4UNY-U1t2P-2k6oqotuX2Cc3T6nxJwsM0N0asT7dhrtH1ltUxDn4NalSYmPE2rCkVpcf-X6R0wDwcFpzhd4w-- <- reduce-flatten 2.0.0
+ nodelite-2-EjePK1srD3P08o2j4f0ExnylqRs5B9tJjcp9t1krH2qRi8CCdsYfwe9JgSLurFBWwq4uOlipzfk5fHNvwFKr8Q-- <- diff-sequences 29.6.3
+ nodelite-2-EmKO5V3OLXh1rtK2wgXRansaK1-mtVdTUEiEI0W8RkvgT05kfxaH29PliLnpLP73yYO6142Q72QNa8Wx-A5CqQ-- <- data-view-buffer 1.0.2
+ nodelite-2-EPD5q1uXyFxJpCrLnCc1nHnq3gOa6DZBocAIiI2TaSCA7VCJ1UJDMagCzIkXNsUYfD1daK--LTEQ8xiIbrHtcw-- <- util-deprecate 1.0.2
+ nodelite-2-EtKwoO6kxCL9WO5xipiHTZlSzBm7WLT627TqC-uVRd0HKmq8NXyebnNYxDoBi7wt8eTWrUrKXCOVaFq9x1kgag-- <- graphemer 1.4.0
+ nodelite-2-ETyHEk2VHHvl9b9jZP5IHPavHYk57EhanlRRuae9XCpb-j5bDCbPPMOBfCWhnl-7EDJz0jEMCi-RhccCE8r1-Q-- <- @babel/types 7.27.6 (8.0.4 is available)
+ nodelite-2-EUkvKjqPFUAZyOlhY5gzCxCeI0Aep04LwIRpsZ-mLFelJiUfnK56jo5JMDSE7yyP2kLSb6LtF-S5chMk7uqPqw-- <- d3-shape 1.3.7 (3.2.0 is available)
+ nodelite-2-EV3L1-UQWGor21OmnvojK36mhg-TyIKDh3iFBKBohr5xeXIhNBcx8oWdgkTEEQ-BEFFYdLRuqMfd5L84N1V5Vg-- <- shebang-command 1.2.0 (2.0.0 is available)
+ nodelite-2-EwMkYchxiDiKUhlJGzWsD9b2zvq-r2SSubcRrgP-jujMXFzqvANLt16lJANC-5uZ6hjI7lpRmI6O8JIl-8l1KA-- <- postcss-nesting 10.2.0
+ nodelite-2-Ewyx0c9PmpcsByhSW4r-9zDU7sGjFc86qf-kKtuSCRdhfbk0SNLLkaT5qvcHnRGgc5NP-ly-y-qkXkqONX54CQ-- <- array.prototype.flatmap 1.3.2 (1.3.3 is available)
+ nodelite-2-EykJT-Q1KjTWctppgIAgfSO0tKVuZUjhgMr17kqTumMl6Afv3EISleU7qZUzoXDFTAHTDC4NOoG-ZxU3EvlMPQ-- <- has-flag 4.0.0
+ nodelite-2-EYRDpbLadGtNL0Gph-HoKiYqXLqZ0xSSpR5Dvnu-Ep7ggaCbjRDIus1MMxTS2Qm0koXED4xSlvTZaTnI8cYAsw-- <- @vue/compiler-dom 3.3.13 (3.5.27 is available)
+ nodelite-2-FCLHtRD-gnpCiCHEiJLOwdmFP-wzCmDEkc9y7NsYxeF4u7Btsn1ZuwgwJGxImImHicJArLP4R0yX4c2KCrMrTA-- <- side-channel-list 1.0.0 (1.0.1 is available)
+ nodelite-2-Fd4gABb-ycGAmKou8eMftCupSir5lRxqf4aD-vd0cD2qc4HL07OjCeuHMr8Ro4CoMaeCKDB0-ECBOVWjTwUvPQ-- <- is-path-inside 3.0.3 (4.0.0 is available)
+ nodelite-2-FDT2162gdBrDga3obwijuqe-2PC7w-5Al4C-W-vi9tlbK28rrgn0ZYXWK7dvidbcSrzekVqB8b1jkfAAj4KOcQ-- <- @umijs/mfsu 4.4.11 (4.7.13 is available)
+ nodelite-2-FE8aCmS5Q6eQYcV3gI35O4J789wlQA-7JrqTTpJqn5emA4U2hvwJmvFRC0HODS-3Ye6WioDklgd6scJ3-PLnEA-- <- @webassemblyjs/helper-numbers 1.13.2
+ nodelite-2-FGgH2h8zKNim9ljj7dankFPcICIK9Cp5bm-c2gQSYePhpaG5-esrLODihIorn-Pe6FGJzWhXQotPv73jTaldXA-- <- es-object-atoms 1.1.1 (1.1.2 is available)
+ nodelite-2-FIBA7N3LZ-223U7cJDUYd5shmciFQlYkFXlkKVaHsCPgfVLiO-e12FmQE6Tf9vuyEsFe3dIl8qGWKXgEHL9wmQ-- <- @shikijs/langs 1.29.2 (3.22.0 is available)
+ nodelite-2-Fq0FERJWFEUpB4eSY59wSNwXD4RYqR-nR-WiEVcZW8IWfVBxJJafcgTEZDQo8k3w0sUarJ8RyVbbUF4GQ2LGbQ-- <- piscina 4.9.2 (5.1.3 is available)
+ nodelite-2-FtwrG-euBzaEjYeRqOgly7G0qviiXoJWnvEH2Z1plBdXgbyjv34pHTSb9zoeHMyDy33-DWy5Wt9Wo-TURtOYSQ-- <- http-errors 2.0.0 (2.0.1 is available)
+ nodelite-2-Fu4hJdvzeylCfQPp9SGWidpzrMs7tTrlu6Vb8XGaRGck8QSNZJJp538Wrb60Lax4fPwR64ViY468OIUTbRlGZg-- <- comma-separated-tokens 2.0.3
+ nodelite-2-FveZTNuGw04cxlAiWbzi6zTAL-lhehaWbTtgluJh4-E95DqMwTmha3KZN1aAWA8cFIhHzMZUvLevkw5Rqk-tSQ-- <- content-disposition 0.5.4 (1.0.1 is available)
+ nodelite-2-Fvw-Jemq5fjjyWz6CpKx6w9s7xxqo3-JCyM0WXWeCSOboZ8ABkyvP8ID4CZuChA-wxSx-XSJmdOm8rGVyJ1hdQ-- <- only 0.0.2
+ nodelite-2-FwOEi0Il72iAzlkaHrlemVurgSQRDFbk0OC8dSvD5fSBPHltNh7JtLsxmZUhjYBZo2PpcU-RJvvi6Q0l7O7ogw-- <- @svgr/babel-plugin-svg-dynamic-title 6.5.1 (8.0.0 is available)
+ nodelite-2-FX-9frcub54beBdugHjDCdikxThEqjnR93Qt7PvQTOHxyiNCAlvMrHhclk3cD5VeAaq9fxmfRp-CnWw9rEMBuA-- <- d3-hierarchy 3.1.2
+ nodelite-2-FXMe9GfxTxqd5D6jFsQ-DJ8BJS4E-fT5mqqdjovykEB2oFbTMDVdg1MGFxfQW-FBOGoB--k8swBrgwSHT1cUXQ-- <- d3-random 3.0.1
+ nodelite-2-Fy45PhibiNXkm0cK5FJCbfO8Y6jUpD-YcHf-BtuI-jvYYqSXKF4muk61jjE8YxCR9y-hDYIWSzHTc-bwhDE6rQ-- <- lightningcss 1.22.1 (1.31.1 is available)
+ nodelite-2-FyyrDHZKEjXDpNJYvVsV960FiqQyXc-LlYmsxl2BcdMb2WPx0OGRVgTg55rPSyLSNMqP52R9r8geSp7apN3Ofg-- <- css-color-keywords 1.0.0
+ nodelite-2-G7Ok5C6E-j4SGfyLCloXTrngQIQU3PWtXGst3yM7Bea9FRURf1S42ZHlZZtsNque2FN2PoUhfZXYLNWwEr4dLQ-- <- string.prototype.trimend 1.0.9
+ nodelite-2-Gd2UZBJDkXlY7GbJxfsE8-nvKkUEU1G38c1siN6QP6a9PT9MmHB8GnpscSmMJSoF8LOIrt8ud-wPtojys4G6-g-- <- safe-buffer 5.1.2 (5.2.1 is available)
+ nodelite-2-GEN39v7TgdxgIoNcdkRE3uiAzQt3UXLyHbRHD6YoL048XAeOomyxaP-Hh--2C6C2wYjxJ2onhJcsQp-L4YEkVQ-- <- cosmiconfig-typescript-loader 6.2.0
+ nodelite-2-GhoY8uYqd6iwUl2kgjTm4CZAf6oo5mHK7BPqx3rKgx893YSsy0LGHV6gfqqQvZt-8xM8xeOnfXBCfqclMKkJ5g-- <- es-iterator-helpers 1.0.15 (1.4.0 is available)
+ nodelite-2-GJ82z3vQbx2BhiUo12w2A3lyBpXPJrGHjQ7iS5aH925098w8ojqiWBhgOUy97JS2PKLmRCTLT0sI-gJI4futig-- <- @types/table 6.3.2
+ nodelite-2-GK3g5RPZWTRSeLSpgP8Xhra-pnjBC56q9FZYe1d5RN3TJ35dbkGy3YqBSMbyCrlbi-CM9Z3Jk5yTL7RCsqboyQ-- <- lodash.mergewith 4.6.2
+ nodelite-2-GLHN-GTAAMEy5BFdvpUfzr9Dr80zQqBrh0fz1mtRMe05hqP45-HfQltu7oTBfduD0UeZs09d-maFtFYAXFWvAA-- <- jest-worker 29.4.3 (30.2.0 is available)
+ nodelite-2-GMat4EJ5161kIy2HevLlr4luNjBgvmj413KaQA7jt4V8B4RDsfpHk7WQ9GVqfYyyx8OS-L66Kox-rJRNklLK7w-- <- get-stream 4.1.0 (9.0.1 is available)
+ nodelite-2-GmQ78prtwYW6EtzXRU1rY-KwOKfz32PD7iJh6Iyqw68GiKuoZ2A6pRtzWONz5VQJbp50mEjXh-7NkumtrAgRKA-- <- @iconify/utils 2.3.0 (3.1.0 is available)
+ nodelite-2-Gmy6FhYlCY7uOElZUSbxo2UCDH8owEk996gkbrpsgGtrJLM3J7jGxl9Ic7Qwwj4ivOE5AWZWRMecDdF7hqGjFA-- <- camelcase 6.3.0 (8.0.0 is available)
+ nodelite-2-Gn-JaSk-Mt9gYubxTtSn-QCV4em9mpAPiR1rqy-Ocu19u-G9J5WWdNoUT4SiV6mFC3y6cxyFcFwdzPM3FgxGAQ-- <- schema-utils 4.3.2 (4.3.3 is available)
+ nodelite-2-GnlH6vxLymXJNMBo7XP1fJIzBFbdYt49CuTwmB-6N53t-kMPRMFKz783LlQ4tv28XoQfMWinAJX6WCGf2IlaIw-- <- resolve-from 3.0.0 (5.0.0 is available)
+ nodelite-2-GpVkmM8vF2vQUkj2LvZmD35JxeJOLCwJ9cUkugyk2nuhbv3-mJvpLYYt-0-USMxE-oj-ey-lJEnhZw75x-OMcQ-- <- commander 2.20.3 (9.5.0 is available)
+ nodelite-2-GQ2EWRpQV8-o-Aw8YqtfZZPfNRWZYkbidE9k5rpl-hC3vtHHBfGm2Ifi6qWV-coDGkrUKZAxE3Lot5kcsRlh-g-- <- parent-module 1.0.1 (2.0.0 is available)
+ nodelite-2-GrwoxYN-uWlzO8uhUXRl0P-kHE4GtVPfYzVLcUxPL7KNdHKj66vvlhiweIHqYYXWlw-T8iLMp42Lm67ghw4WMQ-- <- domhandler 4.3.1 (5.0.3 is available)
+ nodelite-2-GwLTyxkCXjXbxqIhTsMI2Nui8huMPtnxg7krajPJAjnEG-iiOS7i-zCtWGZR9G0NBKbXKh6X9m9UIsYX-N6vvQ-- <- fastq 1.19.1
+ nodelite-2-GX-FuE-uBR6eskOK-4vkXgT6pDkexLokPaz-AbJna9s5Kzp-yl488pKPjhy0obB475ovfT1Wv8ho7U-cHNaRgQ-- <- postcss-double-position-gradients 3.1.2 (6.0.0 is available)
+ nodelite-2-GX-ysw4PBCz0PzosHDepZGANEuFCMLrnRTiEy9McGjmkCQYwRq4A-X786G-fjM--OjsWSU1ZrY5qyARZmO-uwg-- <- flatted 3.3.3 (3.4.4 is available)
+ nodelite-2-GYdjWKDkbRLkZ5geuHs5NY1puJ-PXwP7-fHPRz06Eirsb9ugf6d8kkXav6ADhcODhFFPMIXyxkxSuMf3D6NCFA-- <- htmlparser2 8.0.2 (9.1.0 is available)
+ nodelite-2-GZW464g1SH7ag3Y7hXjf8RoUuAFIqklOAq3MRl4OaWabTFJY9PN-E1YklhXLh-OQ3fM9yS2nOkCoS-WLZ6kvxQ-- <- d3-scale 4.0.2
+ nodelite-2-H--L-UkTV33uf49PH5pCAUBVPNj2nDBXTN-qS1dOwyyg24l3CcicicCA7ca-HMvJBZcFgl5r8e-RR6elsb4Lyw-- <- @types/responselike 1.0.3
+ nodelite-2-H4UfQhZyakIjC74I9d34fGYDwk3XpSr17QhEd0Q3I9Xq1CETHo4Hcuo87WyWHpAF1aSLjLRf5lD9ZGX2qStUvg-- <- command-line-args 5.2.1
+ nodelite-2-H65gsXo1SKjf8zmrJ67eJk8aIRKV5ff2D4uKZIBZShbhGSpEmsQOPW-SKMKYhSTrqR7ufy6RP69rPogdaPh-kA-- <- cosmiconfig 5.2.1 (9.0.0 is available)
+ nodelite-2-H9XNvR8d45Zh7efzhRkSkcDcqVJUWji2Df9rXrxQA-VBUQkk87RTQlfpoIzfgfsWFZTQ3NC-ggRAoQUGMeUySA-- <- @umijs/bundler-utils 4.4.11 (4.7.13 is available)
+ nodelite-2-HaL-gEyFVvkf9KFg6484wR9s0qjAXlZ8qWPDkTyKF6-zqjBe-I2mygg3MbpZ--hdi0ToqNUF8cjj7fBy0dg8Ug-- <- @changesets/pre 2.0.2
+ nodelite-2-HE3jVKlzU9AaMazNufooRJ5ZpWmLIoc90A37WU2JMmeq28w1FQqCZswHZ3xR-SuxYftzHq6WU6KJHvqxKzTxxQ-- <- @types/d3-drag 3.0.7
+ nodelite-2-HG-6Eib6DnJYm-B2ijWFXr4txca-YOuA4K7AsEU0JBrOZSB-RU7oeDyNBPi3c0v0UDDqlkBqM3vBU-auwZlglA-- <- @algolia/client-abtesting 5.32.0 (5.57.0 is available)
+ nodelite-2-HGyxoOTYUyCM6stUe6EJgnd4EoewAI7zMdfqO-kGjnlZmBDz-cR5pf8r-cR4Wq60sL-p0IkcjUEEPwS3GFrIyw-- <- array-union 2.1.0 (3.0.1 is available)
+ nodelite-2-HLhSWOLRi875zjjMG-r-Nv0oCW8umGb0BgEhyX3dDX3egwZtB8PqLnjz3yedt8R5StBrzcg4aBpnh8UA9D1BoQ-- <- @jridgewell/gen-mapping 0.3.3 (0.3.8 is available)
+ nodelite-2-HpGFw18DgFWlncDfjTa2rcQ4W88O1mC8e8yZ2AvQY5KDaktSTwo-KRf6nHK6FRI5FyRyb-5T6-TSxfP7QyGsmQ-- <- builtin-status-codes 3.0.0
+ nodelite-2-HShAsny-zS2TZfaXxD9tYj4HQGlBezXZMZuM-S5PKLLoZkShZiGk9o5CzukI1LVHZvjdvZ2Sj1aW-Ndn2NB-HQ-- <- util 0.11.1 (0.12.5 is available)
+ nodelite-2-HTUrgRJ7r4dsZKU6GjmpfRK1O76h97Z8MfS1G0FozR-oF2kG6Vfe8JE6zwrkbxigziPHinCJ-gCPjA9EaBDtRw-- <- css-what 6.1.0 (7.0.0 is available)
+ nodelite-2-HuQCHOlk1Weat5jzStICBCd83NxiIMwqDg-dHEsoefabn-hJRj5pVdWcPUSpRrwhwxZOsQassMpgN-xRYFBMIg-- <- array.prototype.tosorted 1.1.2 (1.1.4 is available)
+ nodelite-2-HxJdYWq1MTIQbJ3nw0cqssHoTNU267KlrDuGZ1WYlxDStUtKUhOaJmh112-TZmHxxUfuJqPXSOm7tDyas0OSIQ-- <- which 1.3.1 (6.0.0 is available)
+ nodelite-2-I0UBV-XOz1XkIJHEUDMZAbzCThU-H8DxmSfmdGcKPnVhu2VfFqr34jr9777IyaTYvxjedWhqVIilEDsCdP5G6g-- <- get-own-enumerable-property-symbols 3.0.2
+ nodelite-2-I1-F6OW1xl3kW4PaIMC6snxjWgf3qfziq2aqsDoFc-Gt41WbcRv--z8zjw8qGRIJ-I4bUW7ZcKFDHHN-jkH9DQ-- <- vitepress 1.3.4 (2.0.0-alpha.15 is available)
+ nodelite-2-I4q9QU9MQv4oEOz4tAHJtNz1cwuLxn2F3xcc2iV5WdqLPpUnj30aUuxt1mAxYTG-oe8CZMV--6rU4S4gRDzqtQ-- <- @types/yargs-parser 21.0.3
+ nodelite-2-IbqpRpfGE7JDGgXHJeWuCqT-tUqnLvZ14csSwt-S8o4nJo3RtQoE9VR4jB47tP-A8ArkYsh-THuMY6kyRP6kuA-- <- selenium-webdriver 4.16.0
+ nodelite-2-ICP2e-jsHvAj2E2lIHxa5tjXRlKDJo4IdvPvCXbXQGdzSfmSpNVyIKMvoZHjDY9DP0zV17iI85o90vRFXNccRw-- <- xml-name-validator 4.0.0 (5.0.0 is available)
+ nodelite-2-ICsMM1Wk8xSGMowkOmPrzo2Fgmfo4bMHLNX6ytHjajRJUqvHOw-TFapQ-QG75c3X-tTDDhOSRPGC52dDbNM8FQ-- <- git-raw-commits 4.0.0
+ nodelite-2-IG5aDD8S6zlvloDsnzHw0Ut5xczlF-kv2BOTo-iXfPr54Yhi5qbVOgGB1hZaVq4iJ4C-MZ2J0y15IlsV-ZcI0A-- <- @vitest/utils 0.34.6 (4.0.7 is available)
+ nodelite-2-IH5tgjV4jE-GhHkRV0HiVYPDtvfjHQlQfJHs0usq7M30XcSBvOotpmH1IgkcXsO-5gEQZD43B--fc7SRT5S-xw-- <- d3-axis 3.0.0
+ nodelite-2-IInvU7fabl34qmi9gY8XOVxhYyMyuH2xUNpb2q8-Y-7552KlejkRvqvD19nMoUW-uQGGbqNpA6Tufu5FL5BZgw-- <- parse5 7.3.0 (8.0.1 is available)
+ nodelite-2-IKufZ1o4Ut42YUrZSo8-qnMTrFuKkvyoLXUywKz9GJ5BrhOFGhLdkx9sG4KAnVvbY6kEcSFjLQul-DVmBm2bgA-- <- cache-content-type 1.0.1
+ nodelite-2-IkxPpb5rS-d1IiLbHMgfPuS0FgiWTtFIm-Nj-2woXDLTZ7fOT2eqzgYbdMlLweqlHbsZjxEChoVK-7iph7jyQg-- <- cheerio 1.1.2 (1.2.0 is available)
+ nodelite-2-Imagg1vJ3y76Y2ea0871wpabqp613-8-r0mCLEBfdtqC7xMSfj9idOnmBYyMoULfHePJyxMAw3nWhJxzc-LFwQ-- <- @types/d3-random 3.0.3 (3.0.4 is available)
+ nodelite-2-IQ3EbTzGxIigb1I3qPZc1rWJnH0BmSKv5QYTalEwweFvyBDLSAe24zP0le-hyi7ecGfZVlIVAg4BZqb8WBwKqw-- <- @types/cacheable-request 6.0.3
+ nodelite-2-Iqv2fzaTQN28s-FwZAoFq0ZSs-7hMAHJVX-w8PZl3cY19Pxk6jFFalxQoIfW2826i-fDLXv8IiEZRIT0lDuWcg-- <- import-meta-resolve 4.2.0
+ nodelite-2-ISWac8drv4ZGfwKl5slpHG9OwPNty4jOWPRIhBpxOoD-hqITiwuipOQ2bNthAzwA3B4fIjO4Nln74N0S9byq8A-- <- is-shared-array-buffer 1.0.4
+ nodelite-2-IuE6gKSdoUNcvkGIqdtjtcMtZIFyXZhmFd5RUlg97iVEvp1BZKV5ngsAjCjrVy-14uhGBQl9tzmi1Qwq4kqVOg-- <- postcss-gap-properties 3.0.5 (6.0.0 is available)
+ nodelite-2-IwfBptatlO-QCJUo19AqvrPNqlVMpW9YEL2LIVY-Rpv2qsjCGxaDLNRgeGsQWJhfItebuJhsGSLjaBbNSQ-ieg-- <- stringify-entities 4.0.4
+ nodelite-2-IXgzBWvWQwE6PrDI05OvmXUIruQTcoMDzRsOd5CDvHCVLcLHMTSYvOK5Cm46kWqlV3yAbuSpBZdJ5oP5OUoStg-- <- robust-predicates 3.0.2
+ nodelite-2-J-FkSdyD-0mA0N-81tMotaRMfSL9SGi-xpD3T6YApKsc3bGSXJlfXri3VyFOeYkfLRQisDk1W-jIFFKBeUBbBg-- <- https-browserify 1.0.0
+ nodelite-2-J3yBRXCzDu4ULnQwxyToo-OjdMx6akgVC7K6few0a7F-0wLtmKKN7I73AH5T2836UuXRqN7Qg-IIUw--YJksRw-- <- es-shim-unscopables 1.0.2 (1.1.0 is available)
+ nodelite-2-J7f4wutN8mdbV08MJnXibYpCOPHR-yzy-iQ-AsjMv2j8cLavQ8VGagDFUwwTAdF8FmRKVeNpbTTEwNHCW1g94w-- <- ripemd160 2.0.1 (2.0.3 is available)
+ nodelite-2-J7p63hRiAjw1NDEww1W7i37-ByIrOWO5XQQAzZ3VOcL0PNybwpfmV-N05zFAzwQ9USyEcX6t3UO-K5aqBQOIHw-- <- minimatch 3.1.2 (9.0.9 is available)
+ nodelite-2-J8xLz7q2OFulZ2cyGTLE1TbbZcjpno7FaN6zdJNrgAdrJ-DZzh-uFR6YrTb4C-nXakvud8Q4-rbhoIWlYQbUFQ-- <- @types/node 12.20.55 (26.4.1 is available)
+ nodelite-2-JBUUzyOgEwXQY1NuPtvcj-qcBDbDmEvWufhlnXZIm75DEHp-afM1r1ujJpJsV-gSM4t59tpDyPi1sd6ZaPFfsA-- <- safe-regex-test 1.0.0 (1.1.0 is available)
+ nodelite-2-JGZ11QV--ZcfudW2Cz2JVp54-pJNXbsuWRgSh2ZmmZdQBKXqBtIGrwI1Wyx8nlbzAiEFe7FHi4K1zX4--jxTnQ-- <- @vercel/ncc 0.33.3 (0.38.2 is available)
+ nodelite-2-JIYlbt6g8i5jKfJ3xz7rF0LXmv2TkDxBLUkiBeZ7bAx4GnnNMr8xFpGnOxn6GhTEHx3SjRrZEoU-j04prX1ktg-- <- minimalistic-crypto-utils 1.0.1
+ nodelite-2-JJkpE8R-hJKXqVTgUoODwS5wqKtOsmJPEqmp90PDVGygtJ4C0PtOkcEYXwhiVEmef6xeXcIlrT3Yo5aQ4qkHhQ-- <- @vue/runtime-dom 3.3.13 (3.5.27 is available)
+ nodelite-2-JJtkDduxLi9bivAB-cYOVMtbkqdPOhZ-ZI5LC47MIRrDV4Yn2o-ZnW10Nkmr28xRpSpdJ6Sm42Hjf2-REYXm0A-- <- @typescript-eslint/visitor-keys 6.21.0 (8.8.0 is available)
+ nodelite-2-JLBl-KZ0R5qB7mCnud-yyX08jWFw5MsoalJ1pQ4EdFlgj9VdXKGuENGsiCIjegI1W7p91rUlcB-LB5yRJKNTcQ-- <- @webassemblyjs/wasm-parser 1.14.1
+ nodelite-2-JU3teHTNjmE2VCGFzuY8EXzCDVwEqB2a8fsIvwaStHhAWJEeVd1o1QD80CU6-ZdEXXSLbSsuLwJjkCBWqRQUVA-- <- picomatch 2.3.1 (4.0.7 is available)
+ nodelite-2-JVa5ijo-j-sOoHGjw0sxw734b1LhBkQ3bvUGNdxnVXDCX81Yx7TFgnZygxrIIWn23hbfTaMYLwRmAxFyDuFmIw-- <- tty-browserify 0.0.0 (0.0.1 is available)
+ nodelite-2-JWCZW6SKhfhjJxO8Tyiiy-XYB7cqd2S5--WeYHsKdNKFlCBhKbblba1A-HN-90YwtxKc8tCErjffZl--UNmGiw-- <- browserify-sign 4.2.3 (4.2.6 is available)
+ nodelite-2-JZOSA7Mo9sNGB8-UjSgzdLtokWAky1zbztM3WRLCbZ70-3cTANmQmOdR7y2g-J0e2WXywy1yS468tY-IruqEww-- <- boolbase 1.0.0

Done in 2.3s
