Progress: resolved 1, reused 0, downloaded 0, added 0
Packages: +250
++++++++++++++++++++++++++++++++++++++++++++++++++++++++++++++++++++++++++++++++
Progress: resolved 250, reused 0, downloaded 249, added 249
Progress: resolved 250, reused 0, downloaded 250, added 250, done

dependencies:
+ nodelite-2-jatJPT1Zjqvh-1FyJs6qAHL-Dzb7sTb-xr7Q-gM1b-1oBsMsQQ4FkVKb6dFlJvLlVssqkRzV05Jzervt9yhnzg-- <- @babel/traverse 7.25.7 (8.0.4 is available)
+ nodelite-2-jg25NiDV-1fLtSgEgyvVyDunvaNHbuwF9lfNV17gSmPFAlYzdfNBlLtLzXTevwkPj7DhGbmN9VnmJIgLnhvaBw-- <- spdx-license-ids 3.0.20
+ nodelite-2-jhCY95gRDE44qYawWVvhTjTplW1g-JtKTKM3f8xYT1dJtJ8QWv-gqEtKcfmOHfDkSDaMKG0AGBaDTSK8GXLH8Q-- <- @react-native/normalize-colors 0.74.83 (0.81.5 is available)
+ nodelite-2-jhIXaOzy1sb8IyocaruWSn1TjmnBVs8Ayhcy83rmxNJ8q2uWKCAj3CnJY-KpGSXCueAPc0i05kVvVKtP1t9S3g-- <- globby 11.1.0
+ nodelite-2-jlf-foYIKywAt3x-XWKZ-3rz8OSJPiWktjmk891alJUEjiVxKX9LEO92qH3hv4aJ0mN3MWPvGMCy8jQi95xK4w-- <- whatwg-url 14.1.0
+ nodelite-2-jljfR1rGnXXNWnmQg2K3-bvhkxB51Rl32QRaOTuwwjviGrHzIbSc8-x9CpraDtbT7mfyjXObULP4w-adunNwAw-- <- @babel/helper-define-polyfill-provider 0.6.4 (1.0.0 is available)
+ nodelite-2-jmIUGWrAiwu3dZpxntxieC-1n-5c3mjrImkmOSQ2NC5uP6cYO4aAZDdSmRcI5C1oiTmqlZGHC--NmJrKogbP5A-- <- @types/statuses 2.0.5 (2.0.6 is available)
+ nodelite-2-jML7s2NAzMWc--QSJ1a3prpk78cOPchGvXJsC3C6R6PSMoooztvRVQEz89gmBTBY1SPMaqo5teB4uNHPdetShQ-- <- @types/node 22.7.5 (26.4.1 is available)
+ nodelite-2-jmTjYU0j60B-vHey6TfR3Z7RD61z-hmxBS3VMSGIrroOWXQEneK1zNuotOUrGyBHQj0yrpsLHPWtigEFd13ndA-- <- ws 6.2.3 (8.5.0 is available)
+ nodelite-2-jmYNElW7yvO7TV33CjSmvSiE2yco3bV2czu-OzDKdMNVZQWfxCblURLhf-47syQRBntjfLdd-H0egrzIG-oaFQ-- <- punycode 1.4.1 (2.3.1 is available)
+ nodelite-2-jN4h-7e2Ul8v3UK5IZu38NXLMdzVWhY4uEDlnwuUAhwRh26wBQ1-pLD97Uy-Z3dFNBQPcsv60XS9fOM1YDNT6w-- <- @napi-rs/magic-string-linux-x64-musl 0.3.4
+ nodelite-2-jNaQwSho8hT7gF1ifePE8TJc1FULx8jCF16KX3fZPtzXDxKrj0R4VUpHMGcw4MlDknrnZNLOJAVvyiawAkPCRQ-- <- @solana/wallet-adapter-walletconnect 0.1.16
+ nodelite-2-jOMLD2Z7MAhyG8aJpNOpmziMOP4rPLcc95oQPKXBazW82z-CEgPFBQvEpRUa1KeIMUJo4Wsm-q6uzO-Q-4BksQ-- <- globby 14.0.1
+ nodelite-2-jqYfLp7mo9vIyQf8ykW2v7A-2N4QjeCeI5-Dz9XraiO1ign81wjiH7Fb9vSOWvQfNtmSa4H2RoQTrrXivdUZmw-- <- for-each 0.3.3 (0.3.5 is available)
+ nodelite-2-jRCJlojKnZ3addtTOjdIqoRuPEKBvNXcGYqzO6zWZX8KfKEpnGY5jfggJQ3EjKuu8D4bJRr0y-cYJFmYbImXGw-- <- tmp 0.0.33 (0.2.7 is available)
+ nodelite-2-jRDZ1IMLttGj41KcZvlrYAaI3CfqpLpfpf-Mfig13viT6NKvRzWZ-lXz0Y5D60w6uJIBAOGq9mSHf0gktF0duw-- <- vfile-message 4.0.2 (4.0.3 is available)
+ nodelite-2-jRR5wdylq8CkOe6hei19GGZnxM6rBGwFl3Bg0YItGDimvjGtAvdZk4Pu6Cl4u4Igsws4a1fd1Vq3ezrhn4KmFw-- <- agent-base 7.1.3 (7.1.4 is available)
+ nodelite-2-jrseNWipwl9xXZgrzwZF3hhL0eIVxuEtoZOSLmuPuef7FgHjstuTtNJAeT4icA7pzdDV4hZvu54pI2r2f7SmrQ-- <- @solflare-wallet/sdk 1.4.2
+ nodelite-2-jSCU7-VB1loIWBZe14aEYHU--1UMEHoaO7qxCOVJOw9GgH72VAWppxNcjU-x9a2k3GSIBXNKxXQFqRvvZ7vr3A-- <- mime 3.0.0 (4.1.0 is available)
+ nodelite-2-jsEjy9l3yiXEQ-PsXdmBwEPcOxaXWLspKdplFUVI9vq1iZgIekeC0L167qeu86czQaxed3q-Uzuw0swL0irL8A-- <- is-generator-function 1.0.10 (1.1.2 is available)
+ nodelite-2-jSmxKJNJmHySi6hC42zlZnq00rga4jjxcgNZjY9N5WlOe-iOoGRtdwGsHzQv2RlH2KOYMwGUXhf2zXd32BA9RA-- <- bare-stream 2.6.5 (2.7.0 is available)
+ nodelite-2-ju7Wq1kg04I3HtiYIOrUrdfdDvkyO9s5XM8QAj-bN61Yo-Vb4vgJxy5vi4Yxk01gWHbrofpPtpxM8bKger9jhg-- <- encoding-sniffer 0.2.0 (0.2.1 is available)
+ nodelite-2-juGHV1doQdpNT3GSTs9IUN43QJb7KHdF9uqg7Vufs-tG9VTzpFphqF4pm-ICdAABGQxsyNn9CiYA3StkI6jpwA-- <- listr2 4.0.5 (9.0.5 is available)
+ nodelite-2-jumlc0BIUrS3qJGgIkWZsyfAM7NCWiBcCDhnd-3NNM5KbBmLTgHVfWBcg6W-rLUsIpzpERPsvwUP7CckAQSOoA-- <- lru-cache 7.18.3 (8.0.5 is available)
+ nodelite-2-jv-8jaWCl0g2lSBkNSVXdzfBA0npK1HGC2KtWM9FumFRoGS94g3NbCCLVnCYHLjp4GrW2KZeeSTMo5ddtznmGw-- <- is64bit 2.0.0
+ nodelite-2-jWVzBLplnCmoaTr13V9dYbiQ99wvZRd0vNWaDRg-aVYRcjDF3nDksxFDE--fkXnKhpnUUkmx5pK-v8mCtLVqZA-- <- tslib 2.8.0 (2.8.1 is available)
+ nodelite-2-jxayLKShrEqqzJ0eumQbVhTYQM27CfT1T35-gCgDFoL82JLsXqTJ76zv6A0YLOgEnLUMvLzsDsGIrl8NFpT2gQ-- <- es-define-property 1.0.0 (1.0.1 is available)
+ nodelite-2-jy-kkD0iIMDjTucB-5T6KBsnirlhegDH47vHgrj5MejchSQmi-EAMM0xMFeePgV9CJkkAapNakpVUWYgHvtdKg-- <- qrcode-terminal-nooctal 0.12.1
+ nodelite-2-k-6f8dKG3yDz-qCwSM-RKovjMix563SLxQFo0UhRNo239SP6n9u5-eLtKD6EAjwta2JHJ49CsD8pms2HdNiMMQ-- <- @babel/helper-module-transforms 7.25.7 (8.0.1 is available)
+ nodelite-2-k-vGaX4-Yla3WzyMCvTQOXYeIHvqOKtnqBduzTHpzpQZzAskKMhZ2K-EnBiSM9zGSoIFeMpXKxa4dYeZIQqewQ-- <- inherits 2.0.4
+ nodelite-2-k0zdNgqWTGA6aeIRVpvfVob4fL52dTfaehylg0Y4UvSySvOq-Y-BOyPrgpUrA7HylqvU8vIZGsRuXmspskV0Tg-- <- http-proxy-agent 4.0.1 (7.0.2 is available)
+ nodelite-2-k1U0IRzLMo7ZlYIfzRu23Oh6MiIFasgpb9X76eqfFZAqwH44UI4KTBvBYIZ1dSL9ZzChTB9ShHfLkR4pdW5krQ-- <- is-number-object 1.0.7 (1.1.1 is available)
+ nodelite-2-k2d6ACCkiNYz222Fs-iNze30rRJ1iIicW7JuX-7-cozvih6YCkFZH-J6mAFDVgv0dRBaAyr4jDqC95R2y4IADg-- <- readline 1.3.0
+ nodelite-2-k6E21FzySsSK5a21KRADBd-NGneRegFO5pLHfdQLpRDETUNJueLXs3WCzyQ3tFRDYgbq3KHGXfTbi2bs8WQ6rQ-- <- object.fromentries 2.0.8
+ nodelite-2-k6WLKfunuqCYD3t6AsuPGvQWaKwuLLh2-xHNcX4qE-vIfDNXpSqnrhwA7O53R7WVQUnt8dVAIW-YHr7xTgOgGA-- <- compression 1.8.0 (1.8.1 is available)
+ nodelite-2-k92I-b08q4wvFscXCLvqfsHCrjrF7yiXsQuIVvVE7N82W3-aqpzuUdBbfhWcy-FZR3-4IgflMgKLOsvPDrGCJA-- <- inflight 1.0.6
+ nodelite-2-kbpaSSGJTWdAY5KPVeMOKXSrPtr8C8C7wodJbcsd51jRnmD-GZu8Y0VoU6Dm5Z4vWr0Ig-1NKuWRKf7j5aaYSg-- <- onetime 5.1.2 (7.0.0 is available)
+ nodelite-2-kc6S2YS-2yXbtkSMunBtKdah4VFETZ8Oh6ONSmSd9bRxhqTrtARUCBUiWXH3xVPpvR7tz2CSnkuXVE42EcGnMw-- <- swap-case 2.0.2
+ nodelite-2-kcHL86RmNbcQP-Gq-vQUGlArfU6IIcbbnNp32rRIraitomZow-iEoc519rdQmSVusDozMS5DZthkgDdxK-vz6Q-- <- @wdio/logger 8.38.0 (9.0.8 is available)
+ nodelite-2-kcZ6-W5QzcJ3P1Mt-83OUv-oHFqZHIx8DuxG6eZ5RGMERoLqp4BuGjhHLYGK-Kf5XVkQvqBSmAy-nGWN3qDgEA-- <- cosmiconfig 8.3.6 (9.0.0 is available)
+ nodelite-2-kEWdzjOAUMW4hAyrzJ0ZaTOu9OmpyDIQicIh0zg0EEcEkYXZb2TjtBhnHi2ViX7PKwZqF4xwqfAm299-QMP3lg-- <- @babel/generator 7.26.9 (8.0.0-beta.4 is available)
+ nodelite-2-kGaNbPh1k7AFzgpud-gMdvIm5xuECykRR-JnWKQno9TAXVa6WIVCGTPvYGekIDL4uwCZQSYbUxNBSb1aUo79oA-- <- @types/mdast 4.0.4
+ nodelite-2-kGx6qgP482DecPILnIS38bgxIjNransR3-Jh5Lfg9BXJLaXpq-MEGrjHGnJHAqCyfRymnd5cgexHtXJvQtRWQA-- <- @metamask/sdk-communication-layer 0.28.2
+ nodelite-2-kHxr2zZpYtdmrN1qDjrrX-Z1rR1kG8Dx-gkpK1G4eXmvXswmcE1hTWBWYUzlraYw1-yZp6YuDY77YtvbN0dmDA-- <- shebang-command 2.0.0
+ nodelite-2-kkebDLXgDrep5Y0gK1RN3DMUlLqNhg60OAz0lTCqrYeja6DshxLtLkj-zV4mVbBA4mQOEoBmw6g1LZs3dA84-w-- <- @graphql-tools/batch-execute 9.0.4
+ nodelite-2-kkIp7XSkP78ZxJEsSxW3712C6teJVoeHHwgo9zJ380de7IYyJ2ISlxojcH2pC5OFLewESmnRi--XCDIEEVyoug-- <- loupe 3.1.3 (3.2.1 is available)
+ nodelite-2-kKJcS6-WxYq5kshpPaxGHdwf5y98ZwbfuS4EE-NkQzqrDFm5Cj-dP8LofzWvjrrLkZq7Afy7WrQMXdLy8Sx7HQ-- <- @walletconnect/relay-auth 1.0.4
+ nodelite-2-kkKUDVlII2DQiKy7UstOR1ErJP8kUKAQ4oa-SQtM0K-lPdmmjj0YnnxBgtTVYH7mUKtbsxeFC9y0AmK7Yb78-A-- <- @rushstack/eslint-patch 1.10.5
+ nodelite-2-klHuCNxiMZ8MlsOihJhJEBJAiMVqU3Z2nEXWfWnIqjN0gEFS9J9-IxKozWWtQGcgoa1WUZzLjKPTr4ZHNFTFxw-- <- string.prototype.trim 1.2.9
+ nodelite-2-kln2AZ12uii6U59OQXdjLk5nOlh1pHis1R98cDZGFnfaiAbX9V3fxcZ1MMJkB7qFUymTALzyjZoXXdyVmPMfRg-- <- @graphql-codegen/plugin-helpers 2.7.2 (6.1.0 is available)
+ nodelite-2-klXqyaT9trSjIUrcsYIfETAzmOEZL3cBYqOYLJxBHfMFFggmXOv-NYSX-Jbs9mzMVESw-WycLFPRx8ba-b2Ipw-- <- @babel/plugin-transform-object-super 7.22.5 (8.0.1 is available)
+ nodelite-2-kN9dJbvnySHULIluDHy32WHRUu3Og7B9sbY7tsFLctQkIqnMh3hErYgdMjTYuqmcXX-lK5T1lnUt3G7zNswmZA-- <- spdx-correct 3.2.0
+ nodelite-2-kNFPyjhh5cKjrUltxs-wFx-ZkbRaxxmZ-X0ZU31SOsxCEtP9VPgtq2teZw1DebupL5GmDaNQ6yKMMVcM41iqDg-- <- fast-glob 3.3.1 (3.3.3 is available)
+ nodelite-2-kNOjDqAh7px0XWNI-4QbzoiR-nTkHAWNud2uvnJquD1-x5a7EQZMJT0AczqK0Qn67oY-TTQ1LbUKajZpp3I9tQ-- <- atomic-sleep 1.0.0
+ nodelite-2-knxG2q4UC3u8stRGyAVJCOdxFmv5DZiRcdlIaAQXAbSfJya-OhopNotLQrstBhququ4ZpuKbDc-8S6mgXgPFPw-- <- is-unicode-supported 0.1.0 (2.1.0 is available)
+ nodelite-2-kpb3HUqaILBJcRFVhFUs6Trdd4mkrzcGXss-6-mxUd273PfbWqSDHRzMT2234gIg2QYfAjvXLSquP1xECSg09Q-- <- @babel/plugin-transform-spread 7.27.1 (8.0.1 is available)
+ nodelite-2-kpqOvwXnjjN44D89K5ccQC-RUrsy7jB-XLlRrx0D7-2HNcTPqzsb6XgYoErwko6QsV184CA2YgS1fxDiiDZMWA-- <- caching-transform 4.0.0
+ nodelite-2-kqag-Nl-f3GwyK25fhUMYj81BUOrZ9IuJsjIcDE5icNM9FJHAVm3VcUDxdLPoQtTuUylWm6ZIknYJwwaPxsUzg-- <- diffie-hellman 5.0.3
+ nodelite-2-kRj8B-YHZCc9kQYdWfJB2-oUl9rA99qbowYYBtr4ui4mZyAQ2JpvVBd-6U2YloATfqBhBTSMhTpgBHtU0Mf3Rg-- <- trim-lines 3.0.1
+ nodelite-2-kRP7RjSxfTO13NE317ek3mSGzoZlI33nc-i5hs1KaWpK-egs85xg0DJ4p32QEiHnR0mVjuUfhRIun7awqfL7pQ-- <- @next/eslint-plugin-next 15.1.7 (16.2.0-canary.9 is available)
+ nodelite-2-ksWePWBloaWPxJYQ8TL0JHvtci6G5QTKwQ95RcWAa-lzoAKuAOflGdAK92hpHXjkwb8zLxoLNUoNYZgVsaJzvQ-- <- callsites 2.0.0 (3.1.0 is available)
+ nodelite-2-kuonw1YOYYNOve5iHdSahXPOK49GqwA-LZhI6Wz-l0rP57iKyXXIHaRagOBHAPmGwJC6od2Z9zgvZ5loSgMlVg-- <- sonic-boom 2.8.0 (4.2.0 is available)
+ nodelite-2-kvAe552LL41J-hXamlLKVQV5jJlyqUE3shQ8sWktHxa4608ContrhhpBqjvRGX9zUkinap49GJFOUlHjP8b3aQ-- <- @fuels/connectors 0.39.2
+ nodelite-2-kvRdxDsxZjhzUX07ZnLydzS1TU-TJlTUHHY4YLL87e37oUA49DfkLqgy-VjFocowy29cKvcSiu-kIv728jTTVg-- <- is-regex 1.1.4 (1.2.1 is available)
+ nodelite-2-kVscqXk4OCp68SZ0dkgEKVi6-8ij300KBWTJq32P-dYeWTSwK41WyTxalN1eRmA5Z9UU-LX9D7FWSmV9SAYx6g-- <- esutils 2.0.3
+ nodelite-2-kY1AZVr2Ra-t-piVaJ4gxaFaReZVH40AKNo7UCX6W-dEwBo-2oZJzqfuN1qLq1oL45o56cPaTXELwrTh8Fpggg-- <- regenerator-runtime 0.13.11 (0.14.1 is available)
+ nodelite-2-kZf-K6hEIrWHI6XqOFUiiMa-79wE-D8Q-NCNAWclkyg3b4d2k7s0QGepNjiABc-aR3N1PAyHL7p6UcLY6LmrnA-- <- util 0.12.5
+ nodelite-2-l-lkXCHS6tQEc5oUpK28xBOZ6-HwaH7YwoYQbLFiYb4nS2-l1tKnZEtEWkD0GuiYdvArf9qBS0XlQGXzPMsNqQ-- <- @babel/core 7.26.8 (8.0.1 is available)
+ nodelite-2-l-sSefzHpj5qimhFSE5a8nufZYAM3sBSVMAPtYkmC-4EH2anSGaEMXSD0izRQbu9nfyQ9y5JrVmp7E8oZrUjvA-- <- restore-cursor 3.1.0 (5.1.0 is available)
+ nodelite-2-l-u1BPmsNsShrDLSSQ66GEiFDDz9--MH2KDgnpxpaqaTl0L7bKgwnClOjuyhpN-rKP2urxtCbIhMpr7wVKnDeQ-- <- @web3modal/solana 5.0.0
+ nodelite-2-l0OE8wL34P4nJH-H2ffoaniAokM2qSmrtXHmlpvYr5AVVX8msAyW0l8NVJFDxlSK4u3Uh-f41cQheDVdnYijwQ-- <- rimraf 5.0.10 (6.1.2 is available)
+ nodelite-2-l0xWZpoPKpppFzMfvVyFmp9vLN7w-ZZJPefUicMCepfJeQ8sMcztloGYY9DfjVPo6tIUDzU5Hw3MUbIjj9AVVA-- <- graphql 14.7.0 (16.8.1 is available)
+ nodelite-2-l3BikUxvPOcn5E74dZiq5BGsTb5yEwhaTSzccU6t4sDOH8NWJCstKO5QT2CvtFoK6F0saL7p9xHAqHOlCPJygA-- <- source-map 0.7.4 (0.8.0-beta.0 is available)
+ nodelite-2-l3LCuF6MgDNwTDKkdYGEihYjt5pRPbEg46rtlmnSPlUbgmB8LOIrKJbYYFBSbnPaJexMKtiPO8hmeRjRz2Td-A-- <- has-symbols 1.0.3 (1.1.0 is available)
+ nodelite-2-l4Sp-DRseor9wL6EvV2-TuQn63dMkPjZ-sp9XkghTEbV9KlPS1xUsZ3u7-IQO4wxtcFB4bgpQPRcR3QCvezPcQ-- <- wrappy 1.0.2
+ nodelite-2-l5pGU97ANyCj48D-pffNkw5AB1R7K2X0vEgCGyHMo21u-Pj-SHvoA35VPta-kqOSZzELXpLxBbOZD4yw7FyCxQ-- <- @wagmi/core 2.13.9
+ nodelite-2-l5x7VUUWbjVFbafGLxPWkYsHIhEvmF85tbIeFZWc8ZPtoMyybuEhL7Jye-ooC4-d48FgOjSJXgsF-AJPYCW8Zw-- <- socks 2.8.3 (2.8.7 is available)
+ nodelite-2-l7WfQfX0WK4M0v2RudjuQK4u99BS6yLHYEmdtVPP7lKV013zr9DygFuWNlnbvQ9LR-LS0Egz-XAvGx5U9MX0fQ-- <- @babel/preset-typescript 7.27.1 (8.0.0-beta.0 is available)
+ nodelite-2-lAy2VqxDAHjVyqeJonCP6TUemrpYdDuKt25a10X6zY2Yn3iFYGnuIDQ64cv3ytyGY6KPyPB-Kp-ZfOkNDG3FQA-- <- @graphql-tools/json-file-loader 8.0.1
+ nodelite-2-lc6npv5PH7hVqozBR7lkBNOGXV9vMwROAPlumdBkX0wTbbzPu-U1hk5yL8p2pt4Xoc-2mkT8t-sow2YrV-M5qg-- <- prettier 3.5.2 (3.9.6 is available)
+ nodelite-2-lDFs9AAIaWP9UCdtWrotXWWF9t8PWgQDcxqgAnpM9rMqxb3Oaq2J0thzPVSxBwdJgyQtkU-sYtFtbM1RSt-iYA-- <- secp256k1 5.0.1
+ nodelite-2-lDSxz9VyyquOrvSuCCnld3256Hmd-QI2lkmkEv7d4mdzkxkK4ddAWW1geQiWrQvWmdsmcnGGlZ7gDGbhEExwqg-- <- @graphql-tools/executor-legacy-ws 1.0.6
+ nodelite-2-lGCRqPMuzbRNDWJOQcUqhNqPvNsIFu6yzXF8J-6K3WCYFd2r5ckbeF7h1cxsnjA7YLSEiWzERCt6-gjZ3tW0ug-- <- geckodriver 4.5.1
+ nodelite-2-lGFf08pbkEac0NYgVf4hdANpAgApRjNByLXB-WBip3qj1iendOIyAwP2GKkKbQMNVy2r1xxDf0ssfWscoiC-Vw-- <- @snyk/github-codeowners 1.1.0
+ nodelite-2-lhd-wF-Lk98HZoTCtlVraHtfh5XYijIjalXck7saUtuanSDyLMxnHhSXEDJqHxD7msR8D0uCmqlkwjCV8xvwHw-- <- fast-json-stable-stringify 2.1.0
+ nodelite-2-lhInBO5bi-Kowe2-aLdBAawijx-q1pQzicSgnkB6dUPc1-RC8QmJHKf2OjvU-NZWitguJHEaEmbV6VWEouT58g-- <- @babel/plugin-transform-sticky-regex 7.27.1 (8.0.1 is available)
+ nodelite-2-lj9PGWvMTVksbWiDT2tW68zGS-cyo4AkZ-QTp0sQT0mjPopCmrSkzxeXkznjqBxzDI6TclZhOJbBmbBLjuOZUw-- <- @babel/plugin-transform-computed-properties 7.27.1 (8.0.1 is available)
+ nodelite-2-lkmPfNdyRgx-z0K7i2cDa3a6SOKXpi3FiaYSo8Zozoxkp-Ga-NXVWxlXtMca4GAc-MnJMVp7yF-31kyFIee-3A-- <- @solana/wallet-adapter-trust 0.1.13
+ nodelite-2-lKwV-1brpG6mBUFHtb7NUmtABCb2WZZmm2wNiOA5hAb8VdCS4B3dtMWyvcoViccwAW-COERjXLt0zP1zXUN26g-- <- minimatch 5.1.6 (9.0.9 is available)
+ nodelite-2-lkX1HJXwyMcprw-5YUZc2s7DrpAiHB21-V-E1rHUrVNokkvB6bqMzT0VfV6-86ZNabt1k14YOIaT7nDvOX3Iiw-- <- glob-to-regexp 0.4.1
+ nodelite-2-lLYsktklSRKprreOm7NXReW8YiX2VBjbgmXYEziOoGf-qsJqAEACaDvoTtUOycwjpaSh-bT8eu0KrJn7UNxiCg-- <- spacetrim 0.11.59
+ nodelite-2-lNaJgI-2Q5URQBkccEKHTQOPaXdUxnZZElQTZY0MFUAuaEqe1E-Nyvgdz-aIyNi6Z9MzO5dv1H8n58-GELp3-w-- <- once 1.4.0
+ nodelite-2-lPHCayd40oW98-I0uvgaHKWCSvkzY27LjWLbtzOm64yQ-G3Q5npjjbdppU65iZXkK1Zt-kH9pfegli0AYfwYYw-- <- isows 1.0.6
+ nodelite-2-lqjrjmaOoAnWfMmBPL-XNnynZh2-swxiX3WUE0s4yEHI6m-AwrK2UZOimIRl3X-4QctVqS8AiZjFqyOGrMXb-w-- <- nth-check 2.1.1
+ nodelite-2-lRfVq8fE8gz6QMBuDM6a-LO3IAzTi05H6gCVaUpir2E1Rwpo4ZUog45KpNXKC-Mn3Yb9UDuHumeFTo9iV-D9FQ-- <- unicorn-magic 0.1.0 (0.3.0 is available)
+ nodelite-2-lT5yCqEBgfoMYpf3F2xQRK7zEr1rhIIZuceDK6-xRkJQ4NMbHTwXqk4NkwDwQMNqXgG9r9fyHnzwNVs6zV5KRw-- <- query-selector-shadow-dom 1.0.1
+ nodelite-2-lTlxriVoy2criHP0JKRhO2VDG9c2ypWCsT237eDiLqi09rmbKoUetyGHq2uOIRoRS--kfoJckS0eUzzkDR-k2Q-- <- markdown-it 13.0.1 (14.1.0 is available)
+ nodelite-2-lWBYIrF7qK5-GjY5Uy--hEgp8OJWOD-rpy74GplYRhEauvbHDeFB8t5hPOZxCZ0Oxf4Cc36tK51-l3ymJysrKw-- <- @babel/core 7.26.9 (8.0.1 is available)
+ nodelite-2-lY6kdGpWHvjoe2vk4WrAapEuBR69EMxZl-RoGRhrFGNYVK8mOPAW8VfbT-ZgrFbXlDNiiaxQnAtgVCZ6jv30EA-- <- @babel/plugin-syntax-json-strings 7.8.3
+ nodelite-2-lyuxPGr-Wfhrlem2CL-UcnUc1zcqKAImBDzukY7Y5F-yQiNdko6-fRLevlw1HgMySw7f611UIY408EtxRSoK3Q-- <- loose-envify 1.4.0
+ nodelite-2-lZBts941cyJyeaooiKxAtzoPHTN-GbQTJFAIdQbRhA4-8whaAraEh47Whw-ZFfrjNSnlAxqfm9i0XVAEkULjCw-- <- eslint-config-prettier 10.0.1
+ nodelite-2-lzD84av1ZQhYUS-jsGqJiCMaJO2dn9u-RTT9n9q6D3SaKVwWqv-7AoRKqBu19bkwyE-iFRl1ymr40QS90jVFYg-- <- @rnx-kit/chromium-edge-launcher 1.0.0
+ nodelite-2-lZhclumE1G6VYD8VHe35wFaIif-CTy5SJIi5-3y4psDgWu4wPDoBhF8NxUOinEc7pHgiTsT6MaBb92rKhhD-Xw-- <- is-number-object 1.1.1
+ nodelite-2-m4DVN9ZqskZoLU5GlWZadwDnYo3vAEydiUayB9widCl9ffWx2IvPnp6n3on5rJmziJSw9Bv-Z3ChDVdMwXCY8Q-- <- @eslint-community/regexpp 4.11.1
+ nodelite-2-m6F1R3z8jjlf2imQHS2Qez5sjKWQzbuuhuJ-FKYFRZvPE3PuHcSMVZzfsLhGVOkfd20obL5SWEBew5ShlquNxg-- <- jsonfile 4.0.0 (6.2.1 is available)
+ nodelite-2-m8475I6W5LTatTZuUz5JJNK42wFRgkJTB0I9tkruMwfqBF2UN2eomkYNVf9RbrsROelCRzSFmugqjKZBFaubsA-- <- @wallet-standard/features 1.0.3
+ nodelite-2-mB9oAsNCm9aM3-SOv4YtBMqZbYj10R7dkq8byBqxGY-ncFwhf2oQzMV-LCRlWoDSEBJ3COiR1yeDvMtsoOsuFQ-- <- @graphql-typed-document-node/core 3.2.0
+ nodelite-2-mbG425zCKr8JZhv-j11382arezwS-70juWMsn8j2lmrGTrP1cUdW0MF15CCIFtJsqyK3Qs-FTmqttRpq81QfSg-- <- @react-native-community/cli-config 13.6.6
+ nodelite-2-mc5VPyTeV-LwiM-DNvoDQfPqwQYhPV-cl5jOBjTgSniyaq8-86aODfMkrE2OduhQ5E00hqrkuL2Fdrgk0w1QJg-- <- @graphql-tools/relay-operation-optimizer 6.5.18 (7.0.26 is available)
+ nodelite-2-mCuXncKXk5iCLhfhwTc0izo0gtEmpz5CtG2y8GiOINBlMVS6v8TMRc5TaLWKS6692m9-dVVfzgeVxR5UxWHTYw-- <- chai 5.2.0 (6.2.2 is available)
+ nodelite-2-mD9ufZhDGhyrSaWQGrU1Q1c5f01TeWtSWy-cDwXYjJcHIj1Y-DG2x0tOflEfCvh5WcnmHNIw4lzDsg1W7iFJEg-- <- @graphql-codegen/visitor-plugin-common 2.13.1 (5.8.0 is available)
+ nodelite-2-mEQCMmwJu317oSz8CwdIOdwf3xMif1ttiM8LTufzc3g6kR-9Pe236twL8j3IYT1F7GfRgGcW6MWxzZjLIkuHIg-- <- defu 6.1.4 (6.1.7 is available)
+ nodelite-2-mf-TCx8wWc9VpuxfP2ht0iSISLZnt0JgWlrOKZiNqyUZWnjIaCIVNQArMHnCZKfEYRg6IM7A-NeJoN8gf-Ws0A-- <- create-ecdh 4.0.4
+ nodelite-2-mg3OPMV4hXywwpoDxu3Qda5xCKQi-vCTZq8S9J-EpkhB2HzKXq4SNFZE3-NK93JYxc8VMSep-lOUSC-RVKaBqw-- <- esbuild 0.21.5 (0.28.2 is available)
+ nodelite-2-mgG-FoWrM4sny8OxDFWCpq-6LwGf9cK-JztVhxZQeZM9ZMXY-lKbdMEQmemNYce0QVAz2-YqUKwhKzOidwbZzg-- <- effect 3.0.3 (3.19.15 is available)
+ nodelite-2-mHkIjWTpYQMPDMtLEEtTVXhae4pEjy7jDBfV7497L0U3VCPQrBl-giZBwA6AgKEX1emYcM2d1WRHWR9N4YhyJA-- <- @metamask/sdk-install-modal-web 0.28.1
+ nodelite-2-mki5uBvhHzO8kYYix-WRy2WX8S3B5wdVSc9D6KcU5lQNglP2yt58-VfLuAK49glRXChosY8ap2oJ1qgma3GUVA-- <- @manypkg/find-root 1.1.0 (2.2.3 is available)
+ nodelite-2-mnkeQ1qP5Ue2wd-aivTD3NHd-lZ96Lu0jgf0pwktLPtx6cTZiH7tyeGRRHs0zX0rbrahXPnXlUnbeXyaBBuIaw-- <- open 10.1.0
+ nodelite-2-mo5j5X-jIZmJQveBKeS-clAueipV7KgiX1vMgCxam1RNYiqE1w62n0-tJJnHtjW8ZHcQco5gY85jA3mi0L-nSA-- <- @jest/schemas 29.6.3 (30.5.0 is available)
+ nodelite-2-mpJRtPgHN2tNAvZ35AMfqeB3Xqeo273QxrHJsbBEPWODRM4r0yB6jfoROqKEYrOn27UtRPpcpHc2UqyBSuUNTw-- <- eslint-plugin-react-hooks 5.1.0 (7.0.1 is available)
+ nodelite-2-mQkU2jY8jJEF7YHjHvsQO8-3ughTL1mcnn96igfhONmR-fUPSKIkefQYpSe8bsly2Ep7oQbn-6VG5-9-0qcArQ-- <- @types/sinonjs__fake-timers 8.1.5
+ nodelite-2-mQw-2fkQbALzQ7V0MY0IqdnXNOeTtP4r0lN9z7AAawCXgqea7bDii20AYrIBrFd-Hx0M2Ocz6S111CaFkUcb0Q-- <- events 3.3.0
+ nodelite-2-mrGpVd0fs7WWLfVsStvgF6iEJnbjDFZh9-emhRDcGWTduTfNHd9CHeUwH3gYIjdbwo4On6hunkztwOaAw0yllQ-- <- is-unc-path 1.0.0
+ nodelite-2-mrqyZKfX5EhL7hvqcV6WG1yYjnjeuYDzDhhcAAUrq8Po85NBQBJP-ZDUT75qZQ98IkUoBqdkExkukOU7Ts2wrw-- <- json-parse-better-errors 1.0.2
+ nodelite-2-mT8iDcrh03qDGRRmoA2hmBJnxpllMR-0-0qlzjqZES6NdiWDcZkCNAk4rPFZ9Q85r27unkiNNg8ZOiwZXBHwcA-- <- chardet 0.7.0 (2.2.0 is available)
+ nodelite-2-muE8Tt8M22638HU31A3CgfSUciwz1fhATfoVai05aPXGor--CdWDCbnlY1yvBPo07njuVOCNGCSp-GTt12lIug-- <- @babel/helpers 7.27.6 (8.0.0-beta.0 is available)
+ nodelite-2-muId7Zzn9ywDsyXgTIafTry2sV3nySZeUDe6YedVd1Hvuuep5AsIlqK-XefWpYTyJG5e503F2xIuT2lcU6rCSw-- <- isomorphic-ws 5.0.0
+ nodelite-2-muWzUw3y5k-9083ZoX9VaJLWEV2Jcgi-Oan0Mmb-fBNMPqP9xVDuy4pOMn-HOiGndgfh-MK7s4bsjkyLJKMnXQ-- <- metro-minify-terser 0.80.12 (0.83.2 is available)
+ nodelite-2-mwqeW5XsA2qAejG46gYdENaxXjx9onRNCfn7L0duuP4hCuTIi-QO7PDK07KJfp1d-izWPrzEJDcSqBa0OZQriA-- <- rimraf 2.6.3 (6.1.2 is available)
+ nodelite-2-mxIDAb9Lsm6DoOJ7xH-5-X4y1LU-4Hi50L9C5sIswK3JzULS4bwk1FvjdBgvYR4bzT4tuUQiC15FE2f5HbLvYw-- <- hosted-git-info 2.8.9 (9.0.2 is available)
+ nodelite-2-myRT3DiWPHqho5PrJaIRyaMv2kgYf0mUVgBNOYMuCH5Ki1yEiQaf-ZJuQ62nvpc44wL5WDbTX7yGJi1Neevw8w-- <- negotiator 0.6.4 (1.0.0 is available)
+ nodelite-2-mzo5dfJYwAn29PeiJ0zvwTo04zj8HDJj0Mn8TD7sno7q12prdbnasKJHhkm2c1LgrhlJ0teaea8860oxi51mGA-- <- async 2.6.4 (3.2.6 is available)
+ nodelite-2-n-ShnvDi6FHbbVfviro-WojiFzv-s8MPMHBczVePfUpDJLwoLT0ht1l4YwBCbi8pJAveEEdnkHyPyTP-mzRfwg-- <- string_decoder 1.1.1 (1.3.0 is available)
+ nodelite-2-n1cw8k1k0x4pgA2-9XrOkFydTerNcJ1zWCO5Nn9scWHTD-5tp8dghT2x1uduQePZTZgd3Tupf-x9BxJjeJi77Q-- <- tinyspy 3.0.2 (4.0.4 is available)
+ nodelite-2-n3s8EwkdFIJCG3BPKBYvskgXGoy88ARzvegkitk60NxRdwltLOTaH7CUiMRXvwYorl0Q712iEjcWB-fK-MrWVw-- <- istanbul-lib-source-maps 4.0.1 (5.0.6 is available)
+ nodelite-2-n4DSx829VRTRByMRGdjQ9iqsN0Bh4OolPsFnaZBLcbi8iXcB-kJ9s7EnRt4wILZNV3kPLHkRVfOc-HvhC3ovDw-- <- bn.js 4.12.2 (5.2.5 is available)
+ nodelite-2-n4ZT37wG78iz03xPRKJrHTdZbe3IicyucEtdRsV5yglwc3GyUfbAfpSeD0FJ41NbUNSt5wbhqfp1fS-BgnvDFQ-- <- is-bigint 1.1.0
+ nodelite-2-n8fOixwDD6b-ObinzTrp1ZKFzbgvKZvuz-TvejnLn1aQfC6r52XEx85FmuC-3HI-JM7coBRXUvNqEU2PHVrHpg-- <- cli-truncate 2.1.0 (5.1.1 is available)
+ nodelite-2-nA2hv5XIhLR3uVzDDfCIknerhx8XUKnstuOERPNNIinXG7v9u-ohXF67vxm4TPTEPU6lm61ZkwP3c9PCB97rhg-- <- is-shared-array-buffer 1.0.3 (1.0.4 is available)
+ nodelite-2-nA9XHtlAkYfJxY7bce8DcN7eKxWWCWkU-1GR9d-U6MbNpfwQp8TI7vqOsBsMcHoT4mBu2kypKoSKnghEzOOq5Q-- <- @adraffy/ens-normalize 1.10.0 (1.11.0 is available)
+ nodelite-2-nAYYwfY3qnzX30IkA6AQZjVbtK6duGontcQm1WSG1MD94YLqK0515GNApXkoxKOWMusVssAHWLh9SeaoefYFGw-- <- typed-array-buffer 1.0.3
+ nodelite-2-nBF-F1rAZVCu-p7rjzgA-Yb4lfYXrpl7a6VmJrU8wF9I1CKvP-QwPNZHnOlwbTkY6dvtFIzFMSyQXbLoTQPRpA-- <- get-stream 5.2.0 (9.0.1 is available)
+ nodelite-2-neHB9xuzh-wk0dIHweyAXv2aPGZIVk3pLMe--RNzINf17fe0OG96QroktYAUm7SM1PBnzTabaLboqqxDyMU-SQ-- <- clone-deep 4.0.1
+ nodelite-2-nFR0zLpU2YCaRxwoCJvL6UvCH2JFyFVIvwTLsIf21AuHlMskA1hhTdk-LlYJtOlYt9v6dvszD2BGRqBL-iQK9Q-- <- glob 7.2.3 (9.3.5 is available)
+ nodelite-2-nG96G3Wp6acyAgJqGasjODb-acrI7KltPiRxzHPXnP3NgI28bpQDRv53olbqGXbfcgF5aiiHmO3xpwEpS5Ld9g-- <- @types/ms 0.7.34 (2.1.0 is available)
+ nodelite-2-nhdT-CRGDZ-bk68ic-Jw1OZ99YCDIKYA5AlVAnBHJvMawSx9YQqQAIj4refNc1-LRieGiuWvhbG3jvPVYho0Dg-- <- @graphql-tools/optimize 2.0.0
+ nodelite-2-nic9tRkjYH0oB2dzr-JoGIm-4Q6SuYeLEiIiZDwBscRMYFJ-tMAz98fuel9ZnbXViA2I0HVSSRRK8DW5fjXStA-- <- @babel/traverse 7.26.8 (8.0.4 is available)
+ nodelite-2-nIh-M6Kh3ZtOmlY00DaUYB4xeeV6F3-ts1l29iwl3-cfyY-OuCfUx-v08zgx8TKPTifXRcjjqVQ4KB2zOYSbyw-- <- @nodelib/fs.walk 3.0.1
+ nodelite-2-njXuliz-cP-67jU2hukkxCNuH1yUi4QfdZZY-sMr5PPrIyXSu5iTb-qYC4BiWWB0vZ-7TbdvYUCeL23zpwCfbg-- <- shiki 1.29.2 (3.22.0 is available)
+ nodelite-2-nK28WOo-QIjBkDduTINE4JkF-UJJKyf2EJxvJKfblDpyg0Q-pkOHNTL0Qwy6NP6FhE-EnzV73BxxqcJaXY9anw-- <- object.assign 4.1.7
+ nodelite-2-nkCWW16lkTidaGZ9kItwMZ5OEkUeXMrY4Okc9IQXrN-p6SAuDYmEiGqMRKl1rnhm6CR1h98uJtn-ODkv0cL7DA-- <- vite-plugin-plain-text 1.4.2
+ nodelite-2-nMIjMrd5Z2nuB2RZCKJfFMjgS3fygbeyGk9PxPPaJR1RIcyN9yn4A63Isovzm3ZtQuEkLBVgMdPup8UeLH7aQw-- <- summary 2.1.0
+ nodelite-2-nnbWWOkoWyUsTjKrhgD0dcz22mdkSnpYqbEjIm2nhwhuxlSkpywJmBo8h0ZqJdkp73mb90SssHkN4rsRaBAfAA-- <- mute-stream 0.0.8 (3.0.0 is available)
+ nodelite-2-nne9-IiQ-hzIhY6pdDnbBtz7DjPTKrY00P-zvPSm5pOFkl6xuGrGnXn-VtTNNfNtAfZ9-1RtehkszU9qcTii0Q-- <- abbrev 1.1.1 (4.0.0 is available)
+ nodelite-2-nolQXZ-4L-bP-UGlkfaIujX9BKxGwmQ9OT4mOt5yvy8iK1h3wqTEJCijzGANTCCl9nWjY41juyAn2K3Q1hLLTg-- <- promise 7.3.1 (8.3.0 is available)
+ nodelite-2-nPewA6m9mR3d6k7WkZ8N8zpTWfenFH3q9pA2PkuiZxINr9DKB2-40wEQf0ixn8VaGuJ78AB6iWOtStI--4FKZQ-- <- superstruct 0.14.2 (2.0.0 is available)
+ nodelite-2-nQHDz4pXjSDC6UfOE1Fw9Q8d6GCAd9KdvMZpfVGWSJztYCarRgSDfOVBY5xwhQXseiyxapkiSJi-5-ja8mRFFA-- <- @esbuild/linux-x64 0.25.3 (0.28.2 is available)
+ nodelite-2-nQyp0o1-mNdbTO1PO6kHkwSrmgZ0MT-jCCpNiwbUjGoRN4dlBhqJtoQuCnEOKzgTVwg0ZWiCoQy6SxMebQVh8A-- <- acorn 7.4.1 (8.8.2 is available)
+ nodelite-2-nsbxwgFXWh9NyYWo-U8atvmMsSdKJprTcICAkvbBffT75qDocbuggBU0SJiVK2MuTrp0q-xvLkTnGMPK1-uA9A-- <- @ethersproject/bytes 5.7.0
+ nodelite-2-nsZd8ZeNUzukXPlJmTBwUAuABDe-9qtVDelJeT-qW0ow3ZS3BsQJtNkan1802aM9Uf68-Y8ljw86Hu0h5IUW3w-- <- ts-toolbelt 9.6.0
+ nodelite-2-nWJ91DjeOkej-TA8pXQ3myruKpKEYgqvpw9lz4OPHj-NWFNluYrjbz9j01CJ8yKQd2g4jFoOkINCTW2I5LEEyw-- <- unbox-primitive 1.1.0
+ nodelite-2-nwoRF1rvRRnnCqqY7updORDsuqKzqYJ28-oSMaJMMgOauh3fvwHqMS7EZpIPqK8GL-g9mKxF1vP-ZjSeNjEVHg-- <- css-select 5.1.0 (6.0.0 is available)
+ nodelite-2-nyRq0xLEj9i2J4UXQ0Mr4KzsooTMbLu0ewHOqdQV7iZE0PfbtKa8poTSF4ZBAQD8hoMHEx-I7zGFCNMI9BTrTA-- <- @jnwng/walletconnect-solana 0.2.0
+ nodelite-2-o-1Vurr42U-qskRSuhBH-VKxMvkkUVTLU6WZQr-L5lGZZLYWyhdzWjW0iGXY7EkwRTjBqvN2EsR81yCTGV-kmg-- <- @algolia/autocomplete-shared 1.17.7
+ nodelite-2-o-AXmE7hpvM8r8MKsx7TI21-eerYYy2DCDkWfoBkv-jNkl61khvDHlQn0cXZa6lrcNZiZkl9oHSMcwLLIrFmpw-- <- metro-source-map 0.80.12 (0.83.2 is available)
+ nodelite-2-o0xCgpNmRohmnoWKQ0Ij8IdddjyBFE4T2kagL-x6M3-4zUgc-4qTOUBoNe4XxDskt1HPKO007ZPiMgLDq2s7Kw-- <- @babel/helper-module-imports 7.25.7 (8.0.0-beta.0 is available)
+ nodelite-2-o1piW0n3tgKIKCwk2vpM-vOV13zjJzvP37Ioze54YlTHE06m4tjEbzg9WsKkvTuyYln2DHjo5pY4qrZGI0otpw-- <- pretty-ms 9.1.0 (9.3.0 is available)
+ nodelite-2-o4BspKnugg-pE45ei0LGHVuBJXwRgruW7oSFAeSZvBKA-sGr0UhOGY3uycOgWInnS3v5yTTfiBA9lHlNRhsvGA-- <- metro-cache-key 0.80.12 (0.83.2 is available)
+ nodelite-2-o50j0JeToy-4K6OZcaQmW6lyXXKhq7csREXcDwk2omFPJEwUNOVtJKvmDr9EI1fAJZUyZcRF7kxGBWmRXudrCQ-- <- yargs-parser 18.1.3
+ nodelite-2-o5Roy6tNG4SL-FOkCAN6RzjiakZS25RLYFrcMttJqbdd8BWrnA-fGz57iN5Pb06pvBGvl5gQ0B48dJlslXvoTg-- <- argparse 1.0.10 (2.0.1 is available)
+ nodelite-2-o5sSPKEkg-DIQNmH43V0-uerLrpzVedkUh8tGNvaeXpfpuwjKenlSox-2O-BTlZUtEe-JG7s5YhEz608PlAHRA-- <- toidentifier 1.0.1
+ nodelite-2-o7-c9bW6zpAdJHTtujeePODAhkuicdAryFsfVKwA-wGw89wJ4GTY484WTucM9hLtDEOpOvI-aHnzqnC5lHp4Rg-- <- string.prototype.includes 2.0.1
+ nodelite-2-o9t-MQM3P4y7M7yNzqAyjp7z-mQGa4NS4CxiyLqFPyFWyc4O-nodLrkrxSaCTrla6M5YOLaT3RpbbqjszB5g3Q-- <- lit-html 2.8.0 (3.2.1 is available)
+ nodelite-2-oaMBel6gjolK862uaPQOVTA7q3TZhuSvuMQAAglQDOWYO9A91IrAOUJEyKVlqJlHE0vq5p5UXxzdPfMH-x6xNg-- <- dayjs 1.11.13
+ nodelite-2-oc-Lxzgzsu8FQyFVa4QFaVKiitTYiiW3frB9KYW5OWdPrqFc7FzxgB20hP4cHMlr-MBzGcLl3jnCOVOydL9mIg-- <- eslint-config-airbnb-typescript 18.0.0
+ nodelite-2-ocnPZQLNpvbedwTy9kNrQEsknEfgvcLMvOtz3sFeWApDq1MXH1TqkCIx58xlpESsfwQOnuBO9beyQuNGzVvuhQ-- <- marky 1.3.0
+ nodelite-2-oD7DNCssUX3plS5gGUZ9JQ63muQB-vxO68X6RzD2wd8gBsYtSPw4BqYFc7KTO6dUizD6gfPirw32yW2pTvy92w-- <- @walletconnect/ethereum-provider 2.16.1
+ nodelite-2-oeVtt7eWQS-Na6F--S4kJ2K2VbRlS9D43mAlMyVpVWovy9o-jfgH8O9agzANzaiLjclA0oYzUXEM4PurhSUChw-- <- stackframe 1.3.4
+ nodelite-2-oFT0FrKHgF53f4vOsZGi2Hh3I35PfSmVs4IBFLFj4dnafP-hIWDLg3VyKmUHfLoLHlyxY4C7DGtmHuJgn-IGww-- <- @babel/plugin-syntax-import-attributes 7.27.1 (8.0.0-beta.0 is available)
+ nodelite-2-oGB-UxlgWcgQkgwo8GcEGwemoTFt3FIO9ababBmaGwXIoBKZ-GTy0pP185beGg7Llih-NSHSV2XAs1lnznocSg-- <- @nodelib/fs.walk 1.2.8 (3.0.1 is available)
+ nodelite-2-oH5UPLMWR3L2wEFLnFJ1TZXqHufiTKAiLfqw5zkhS4dKXLJ10yVztfil-twG8EDTA4F-tvVNw9nOl4ZMslB8rQ-- <- @babel/compat-data 7.26.8 (8.0.0-beta.0 is available)
+ nodelite-2-oIGGmcpTLwPga8Bn6-Z75SVaH1z5dUut2ibSyAMVhmUggWpmDn2dapB0n7f8nwaSiRtepAsfJyfXIO5DCVAODg-- <- readable-stream 4.7.0
+ nodelite-2-oIPzksmTg4-MriiaYGO-okXDT7ztn-w3Eptv--gSIdMdKsJo0u4CfYNFJPy-4SKMuCqGw2wxnA-URMg3t8a-bQ-- <- deep-is 0.1.4
+ nodelite-2-oj87CgZICdulUohogVAR7AjlC0327U4el4L6eAvOqCeudMDVU0NThNaV-b9Df4dXgSP1gXMTnPdhfe-2qDH5cg-- <- prop-types 15.8.1
+ nodelite-2-oJFu94HQb-KVduSUQL7wnpmqnfmLsOA-nAh6b6EH0wCEoK0-mPeXU6c3wKDV83MkOuHPRHtSXKKU99IBazS-2w-- <- tslib 2.8.1
+ nodelite-2-ojmeN0qd-y0jszEtoY48r0Peq5dwMEkIlCOu6Q5f41lfkswXuKtYrhgoTpLnyIcHm24Uhqx-5Tqm2InSwLhE6Q-- <- path-key 3.1.1 (4.0.0 is available)
+ nodelite-2-oJoftv0LSuaDZE3Le4DbKX-KS9G36NzOeSap90UIK0yMA-NhKJhqlSGtNDORNRaIbQfzjXDrQa0ytJ6mNRGz-Q-- <- @types/yauzl 2.10.3
+ nodelite-2-oKlSFMcMwpUg2ednkhQ454wfWiU-ul3CkJe-PEHcTKuiX6RpbehUiFMXu13HalGZxfUwCQzZG747YXBn1im9ww-- <- call-bind 1.0.8 (1.0.9 is available)
+ nodelite-2-okMH7OXXJ7YrN9Ok3-SXrnu4iX9yOk-25nqX4imS2npuvTYDmo-QEZoqwZkYaIDk3jVvBOTOIEgEhaLOynBS9g-- <- js-yaml 3.14.1 (5.4.1 is available)
+ nodelite-2-oKnbhFyRIXpUuez8iBMmyEa4nbj4IOQyuhc-wy9kY7-WVPcwIO9VA668Pu8RkO7-0G76SLROeyw9CpQ061i4mA-- <- chalk 4.1.2 (5.6.2 is available)
+ nodelite-2-oKWePCxqpd6FlLvGV1VU0x7bkPmmCNolxzjMf4NczoDnQcIWrAF-cPtZn5i6n-RfD2d9i0tzpKnG6Yk168yIyw-- <- resolve 1.22.8 (2.0.0-next.7 is available)
+ nodelite-2-oLzEC5-NKFou9P0bMj5-v6Z40evexeE29Z9cummZXZ9QXyMr3lphkURzxjXgPJC5azpxcshoDWV1xE46z--c3Q-- <- qrcode 1.4.4 (1.5.4 is available)
+ nodelite-2-on2ZJVVDXRADWE6jnQaX0ioEylzgBpQk8r55NE4wjXW1ZxO-BgDlY6DXwj20i0V8eB4SenDQ00WEaxfiIQPcxg-- <- portfinder 1.0.32 (1.0.37 is available)
+ nodelite-2-oNcu2QbHqts9BtOWJosOVJapWjBDSxGCpFvikNR5TGDYDQf3JwpIoMzIKrvfoti93cLfPJEG4tH9SPVeyCGgdA-- <- @babel/traverse 7.27.4 (8.0.4 is available)
+ nodelite-2-oO02gcONcD5O1iTLi-6frMJBIwWEHceWGSGqrpCmEL8nogiS6J9PBlE48CaK20-Jx1LuRml9aDftLgdjXT8-Cw-- <- @babel/plugin-bugfix-v8-spread-parameters-in-optional-chaining 7.27.1 (8.0.1 is available)
+ nodelite-2-oOdAkwqUfW1WqpwSYJce06wvt6HljgY3fGeM9NcVA1HaYOij3mZG9Rkysn0OHuyUAGMbEbARIpsG-LPVlBJ5-Q-- <- @vue/compiler-core 3.5.13 (3.5.27 is available)
+ nodelite-2-op4nsTR47R6p0vMUUoYl-a-ljLFVtlfaXkLQmqfLR1qHma1h-ysYk4hEXZ880bf2CYgTskvTa-e196Vd5dDQXw-- <- tinyrainbow 2.0.0 (3.0.3 is available)
+ nodelite-2-opC-Ok5pRNAzuvq1AG0ar-1owsu842-Ab-4qvU879ippJBHvyY5n2mxF1izXqkPYlGuP-M556uh53jRLJmzTWA-- <- @img/sharp-linux-x64 0.33.5 (0.34.5 is available)
+ nodelite-2-oPtTM4oerL-UXmx-93ytZVN82RrlY-wPUV8IeDxFrzIjXOLF1pN-EmKPLbubvKHT2HC20xXsCAH2Z-CKV6Oz-g-- <- postcss-load-config 6.0.1
+ nodelite-2-oruZaFkjorTpF32kDSI5-75ViwGeZginGGy2NoOSg3Q9bnwlnmDm4HLnkl0RE3n-njDXR037aY1-x58Z-zFdwQ-- <- espree 9.6.1
+ nodelite-2-os5Px5PTMYKGS5tzOoyjDxtOtj0jZKnbI1Uwt8-Jsw1HHIA-Ib2UACCGNhQ-un2f8sIbTfLD1WuucNMOy8KZpQ-- <- @solflare-wallet/metamask-sdk 1.0.3
+ nodelite-2-oScf2FqQ9LFVQgA73vr86xl2NaOIX73rh-YFqcOp68CWj56tSfgtGKrEbyhCj0rSijyG9M1CYprTh39fBi5hzA-- <- react-shallow-renderer 16.15.0
+ nodelite-2-ot0WnXS9fgdkgIcePe6RHNk1WA8-muPa6cSjeR3V8K27q9BB1rTE3R1p7Hv0z1ZyAc8s6Vvv8DIyWf681MAt0w-- <- supports-preserve-symlinks-flag 1.0.0
+ nodelite-2-otDA4ldcIx-ZXsKHWmp0YizCweVRZG96J10b0FevjfuncLO1oX59THoAmHkNubYJ-9gWsYsp5k8v4ib6oDv1fA-- <- joi 17.13.3 (18.0.1 is available)
+ nodelite-2-oThy3BCuCha8kDZ8ZkgOg2exvPYUlprMukKQXI1r1pJ47NCvxfkEy8vK-r-hT9nF0Aa4H1WUPZZjHTFtAhGfmQ-- <- @babel/plugin-transform-property-literals 7.27.1 (8.0.1 is available)
+ nodelite-2-ouuZd4-dm2Sw5Gmqy6bGyNNNe1qt9RpmxveLSO7KcgsTnU7RXfsw--bukWGo1abgBiMAic068rclZsO4IWmmxQ-- <- cli-width 4.1.0
+ nodelite-2-oV0jmFtUky6CXfkqehVvBP-LSWJ2sy4vWMioiENyJLePrBO-yKyV9OyJySfAKosh-RYkIl5zJCNZ8-4JncrpdA-- <- which-typed-array 1.1.15
+ nodelite-2-oVekP1cKtI-CTDvHWYFUcMtsK-00wmAEfyqKfNdARm8u1wNVhSgaX7A8d4UuIlUI5e84iEwOhs7ZPYRmzU9U6A-- <- semver 7.6.3 (7.8.5 is available)
+ nodelite-2-oVlzkg3ENAhCk2zdv7IJwd-QUD4z2RxRwpkcGY8psCVcCYZNq4wYnVWALHM-brtuJjePWiYF-ClmuDr8Ch5-kg-- <- on-finished 2.4.1
+ nodelite-2-oWWhcWDLwDfu--BGTZcmXWqpwtkwb5o7fxUIGksMQQDSdPW9prsSnfIOZMlsj4vBOSrcnjIUZMiIjODgGosFhQ-- <- @typescript-eslint/visitor-keys 8.23.0
+ nodelite-2-oX2ruAFQwf-Orj8m737Y5adxDQO0LAB7-S5MnxCdTNDd4p6BsyIVsv9JQsATbTSq8KHRpLwIHbVlUNatxd-1Ow-- <- fast-glob 3.3.2 (3.3.3 is available)
+ nodelite-2-oxl5h2DkFW83hT4DAUJorpah8ou4yvmweUzLJmmr6YV2cezduCdlil1AvU-a-xSsAFo4WUcNA4GoV5Bvq6JffA-- <- hermes-parser 0.23.1 (0.32.0 is available)
+ nodelite-2-oxubd-zJW8-1H02bwzne8lj2EtvgoRU6w245hWMtwjo15IET-YGc01ndFRd42FX02bwo926N-7Jm7NFzS8GOHQ-- <- @oven/bun-linux-x64 1.2.3
+ nodelite-2-oYclrNgRaM9SsBUBVbb8M6DTV7ZHRTKugureoYEncY5c65HOmRzvSiTE3y5CYaPYJA-GVkrhXEoF0M3Ya9PMnw-- <- @noble/curves 1.2.0 (1.9.7 is available)
+ nodelite-2-oyfc0Tx87Cpwva5ZXezSp5V9vht1c7dZBhvuV-y3ctkgMVUmiAGDVeeB0dKhGSyT0v1ZTEQYpe-RXlBVBNuCLA-- <- proxy-compare 2.5.1 (2.6.0 is available)
+ nodelite-2-oyIw69QA-PuS-g7ttZZeEpIPS5CCGiIYitGtNxaChuiK7NPb7FD1dwOEXyekQt9-2FOEqZoYNpRY0NFfx-tO9Q-- <- @graphql-tools/executor 1.2.7
+ nodelite-2-ozlZFogPqoLm8WBr5Z8UckIoE4YQ5KESVcNudyXOR8uqIkliTEgJ3RoketfG6pmzLdeZF0H-wjE9-cCEitBl7Q-- <- @babel/plugin-proposal-numeric-separator 7.18.6
+ nodelite-2-p-4cb332SFCrReJkCYe8Xzm0OWi4Jji5jVdIZRL-PmacmDkFNw6MrrV-gGpiPxLHbV-zKFRywUWbaseT-tZRXg-- <- @noble/curves 1.4.0 (1.9.7 is available)
+ nodelite-2-p-PurYqfUdcJZvtnmAqu5fJgV2kR0uLFQuBKtLeFVTrYEVllI99tiOTSefVNYuip9ELTEkepIIDftNdze76NAQ-- <- motion 10.16.2 (12.23.6 is available)
+ nodelite-2-p-XPfS4q7aIpKVcgmnZKhMNqhltk20hfXtkaIkTfjjmiKMJ5xrt5c743cL03y-K7y1rg3WrIC49xGiEQ4mxdNw-- <- graphql-request 6.1.0
+ nodelite-2-p2q-t-mhvuOj-UeLlV6566GD-guowlr0hHxClI0W9m7MWYkL1F0hLo-0Aexs9HSPCtR1SXQ0TD3MMKrXZajbiQ-- <- bindings 1.5.0
+ nodelite-2-p3EcsicXjit7SaskXHs1hA91QxgTw46Fv6EFKKGS5DRFLD8yKnohjF3hxoju94b-OcMZoQukzpPpBE9uLVKzgQ-- <- is-typed-array 1.1.15
+ nodelite-2-p3EgOdkhCvMxJFd3WTtSChqYFQu2mz69-5tOsljDaL-4QYwnRR7O8M9wFsL3-9XMVcHdnC4Ija2VRxQ-lb-hHQ-- <- @wdio/utils 9.0.8
+ nodelite-2-p3pvU7r1MyyqbTk-WbNJIgJjG2VmTIaB10rI93LzVPrmDJKkzKYMtxxyAvQXR-NS6otuzveI7-7BBq3SjBS2mw-- <- cssom 0.4.4 (0.5.0 is available)
+ nodelite-2-p4a9I6X6nu6IhoGmBqAcbJy1mlC4j27vEPZX9F4L4-vZT3Lyq1VkFHw-V-PUcB9Buo-DG3iHkT0x3Qya58zc3g-- <- yauzl 2.10.0 (3.4.0 is available)
+ nodelite-2-p4zeefM72gpmEe2fkUr-OnOXpWEf8nAgk7ZYVqqfFiyIG7oFfVZcCrU64hWn5xp4tQ9LkV4bTIa5rD0KANpKNA-- <- @babel/plugin-proposal-optional-chaining 7.21.0
+ nodelite-2-p5161BqbuCaSnB8jIbzQHOlpgsPmK5rJVDfDKO91Axs5NC1uu3HRQm6wt9cd9--GtQQIO53JdGXXoyDpTAsgYA-- <- fb-watchman 2.0.2
+ nodelite-2-p5kNHh2KJ0pbQI-H7ZBPCEwkyNcSz7OUkslzsiIWBMPQGFJ-xArMwkV7I-GJcWh-b4m6zbLxE5fk6fqbVK1xGA-- <- metro-cache 0.80.12 (0.83.2 is available)
+ nodelite-2-p632MFB-lJbip2cvtXPBQslpUdiw1sDtQ5y855bOlAGquay-6fZ4h1DcDePeKQDQM3P77ax2a9aNPZxV6y-h1Q-- <- @walletconnect/types 2.11.2 (2.16.1 is available)
+ nodelite-2-p6Fx8B7b7ZhL-gmUsAy0D15WhvDccw3mnGNbZpi3pmeJdxtWsj2jEaI4Y6oo3XiHfzuSgPwKc04MYt6KgvC-wA-- <- array.prototype.tosorted 1.1.4
+ nodelite-2-p73uL5VCHCO2BZZ6krwwQE3kCzM7NKmis8S--xEC6fQonchbum4eP6kR4DLEjQFO3Wnj3Fuo8NM0kOSjVdHjZQ-- <- string.prototype.trimend 1.0.8 (1.0.9 is available)
+ nodelite-2-p9-Vl3yuHPmkirRrg021XiP-EETmPMQTLr6Ayjj85RLNEbb3Eya-4VI0vAdzQG9SEAl2Lnt7fy5lZyMzjYoZQQ-- <- @babel/plugin-transform-react-display-name 7.27.1 (7.29.7 is available)
+ nodelite-2-p9OkPbZ5G7UT1MofwYFigGebnrzGJacoBSQM0-6bi-PUMVE-qlWDD-OalvQKbwgQzU6dl0xAv6r4X7Jme0RYxA-- <- @babel/plugin-syntax-flow 7.27.1
+ nodelite-2-pb-MYmXstAkysRFx8piNI1tGFNQIFA3vkE3Gq4EuA1dF6gHp--vgZqsCGJapvy8N3Q-4o7FwvquPJcnZ7RYy4g-- <- resolve-from 4.0.0 (5.0.0 is available)
+ nodelite-2-pbnl5XzGBdrFU-wT4jqmJVPn2B6UHPBOhzMQkY-SPUPB6QtUXtmBHBIwCbXJol93mOpGMnQyP--BB19q04xj7g-- <- better-path-resolve 1.0.0
+ nodelite-2-pBPWdu6MLKROBX05wSNKcNb--m5Er-KQ9QkB-WVM-pW2Kx9hoSrVTnu3BdkI5eBLZoKu-J6mW-B6i6bJB2ytXQ-- <- @emnapi/runtime 1.4.3 (1.8.1 is available)
+ nodelite-2-pDo3lu8Jhfjqls6GkMgpahsF9kCyayhgykjyLMNFTKWrpVdAQtYyB4muAMWozBB4ig-dtWAmsMxLEI8wuz-DYQ-- <- lodash.isequal 4.5.0
+ nodelite-2-pdr6vh2-LTwIq28zTIQaOaJdrp3550cGhM5PM1DrA70QyWbdysS6B-jAPYQWGoKnNidtg7XJq8R-3tFxr6o72g-- <- @web3modal/siwe 5.0.0
+ nodelite-2-pemlzrSESWbdAloYml3bAJMEfNh1Z7EduzqPKprCH5S341frlpYnUEW0H72dLxa6IsYr-mPno20GiSm-h9dEdQ-- <- @testing-library/dom 10.4.0
+ nodelite-2-pFGrxThWcWQ2MsAz6RtgeWe4NK2kUE1WfsrvvlctdII745EW9I0yflqhe7--M5LEc7bV2c-9-5zc8sFcpL0Drw-- <- colors 1.0.3 (1.4.0 is available)
+ nodelite-2-pFYqmTw68LXVjeWJMST4-borgQP2AyMNbg1BpZh9LbyhUeNkeaPF9gzfPGUAnSMV3qPYdWUwDIjjCLiSDOl7vg-- <- test-exclude 7.0.1
+ nodelite-2-pGjwhsmsp4kL2RTz08wcOlGN83otlqHeD-Z5T8GXZB--YcpQ-dgo-lbU8ZsGxV0HIvqqxo9l7mqYwyYMD9bKDg-- <- detect-libc 1.0.3 (2.1.2 is available)
+ nodelite-2-pgRc4hJ4-sNjWCSS9AmnS40x3bNMDTknHgL5UaMBTMyJnU90EgWh1Rz-MC9eFu4BuN-UwZjKQuY-1v3rM7HMfg-- <- set-function-length 1.2.2
+ nodelite-2-phJfQVBuaJM5raOpJjSfkiD6BpbCE4Ns--LaXl6wGYtUBY83nWS6Rf9tXm2e8VaK60JEjYldbPif-A2B1C2gNA-- <- invariant 2.2.4
+ nodelite-2-piICUB6ei4IlTv1-653yq5-KoqfBYmj9bw6LqXoOneTMDXk5nM1qt12mFW1caG3LlJXEKW1Bp0WggEmIfQB34g-- <- crc32-stream 6.0.0
+ nodelite-2-pjy2bYhSsufwWlKwPc-l3cN7-wuJlK6uz0YdJEOlQDbl6jo-YlPi4mb8agUkVC8BF7V8NuzeyPNqRksA3hztKQ-- <- unpipe 1.0.0
+ nodelite-2-pMZTvIkT1d-TFGvDOqodOclx0QWkkgi6Tdoa8gC8ffGAAqz9pzPTZWAybbsHHoED-ztMtkv-VoYTYyShUn81hA-- <- utils-merge 1.0.1
+ nodelite-2-pPbNbchZBkPMD50K0p3JGcFMNLVUCuU-ABybm-PGNj4JiHrpmNyqqCphBk4i19xXtNV0JhldQJJtbSW5aUvbyA-- <- @babel/helper-skip-transparent-expression-wrappers 7.25.7 (8.0.0-beta.0 is available)
+ nodelite-2-pSyv7bSTC7ig9Dcgbw9AuRNUb5k5V6oDudjZoMBSr13qpLBG7tB-zgCkARjq7xIUgdz5P1Qe8u-rSGdouOOIyQ-- <- slice-ansi 3.0.0 (7.1.2 is available)
+ nodelite-2-pZAE-FJLoyITytdqK0U5s-FIpjN0JP3OzFi-u8Rx-EV5-W-JTWGXG8xFzevE7AjBfDqHv-8vL8qQsIhHnqRkrA-- <- on-headers 1.0.2 (1.1.0 is available)

Done in 2.1s
