Progress: resolved 1, reused 0, downloaded 0, added 0
Packages: +250
++++++++++++++++++++++++++++++++++++++++++++++++++++++++++++++++++++++++++++++++
Progress: resolved 250, reused 0, downloaded 250, added 250, done

dependencies:
+ nodelite-2-G--Pp9c1Ha4FDP-3Sy-Xwg2O4Ahaw3lIZFSX-BL4uWi64CmiETuZPxhKDUD4xBMOUZbBlzvO8HjiK8ePnhBadA-- <- @hapi/bounce 3.0.1
+ nodelite-2-G08Dxvm4iDN3MLM0EsP62EDV9IuhXPR6blNz6Utcp7zyV3tr4HVNINt6MpaRWbxoOHT3Q7YN2P-jaHX8vUbgog-- <- relateurl 0.2.7
+ nodelite-2-G0OnZbMWEs5LhDyqy2UL17vGhSVHkQIfVojMtEWVenvj0V5S84VBgy86kJIuNsGDp2p7sTKlpSIpBUWdC35OKg-- <- @quansync/fs 0.1.3 (1.0.0 is available)
+ nodelite-2-G256wDHI12vE0CJ0uTJMBlfnaN7o7td4GgClvQtuedt-n7vKoUfN0och-LybD6YVGsR5h1xpYjPPPLy2QFqWaA-- <- serverless-offline 12.0.4
+ nodelite-2-G3yCqZDpsNPoQgbDUy3T0E6hqOQ5xigUtBQyrmq3tn2GxlyiL0yyl7H-T8ulQR6kOcHJ9t7-9H4-R2tv8tJbMA-- <- postcss-reduce-idents 6.0.3
+ nodelite-2-G6T0ZX48xgozx7587koeX9Ys2NYy6Gmv--P89sEte9V9whIapMNF4idKxnW2QtCcLiTWlb-wfCabAtAFWhhBow-- <- minimatch 9.0.5 (9.0.9 is available)
+ nodelite-2-G7Ok5C6E-j4SGfyLCloXTrngQIQU3PWtXGst3yM7Bea9FRURf1S42ZHlZZtsNque2FN2PoUhfZXYLNWwEr4dLQ-- <- string.prototype.trimend 1.0.9
+ nodelite-2-G7ZRb40uUgdKOQqPLjfD12ZmGA54PzqDFUv2BKImnC9QIfGhIHKvVML0oN8IUiDq4iRqpq74ABpvOaerfWdong-- <- @babel/helper-create-regexp-features-plugin 7.26.3 (8.0.1 is available)
+ nodelite-2-G8rwsOQJ63XG6BbKj2w5rHeavFjy5zynBA9zsJMMtBoe-Uf757oG12NXz6e6OirF7RCrTVAKFXbLmn1RbL7Qaw-- <- playwright 1.50.1 (1.62.1 is available)
+ nodelite-2-GaETH5wwsX-GcnzhPgKcKjJ6M2Cq3-iZp1WyY-X1CSqrW-jVNM9Y7D8EC2sM4ZG-V8wZlSniJnCKWPmBYAucRQ-- <- write-file-atomic 2.4.3 (6.0.0 is available)
+ nodelite-2-GaHYm-c0O9MjZRu0ongGBRbinu8gVAMd2UZjji6jVmqKtZluZnptXGWhz1E8j8D2HJ3f-yMxKAUC0b-57wncIw-- <- @kwsites/promise-deferred 1.1.1
+ nodelite-2-GaqWWShW4kv-G9IEucWScBx9G1-vsFZZJUO-tD26M8J8z3Kw5RDQjaoZe03YAClgeS-SWPOcb4nkFBTEi5DUEA-- <- mdn-data 2.0.30 (2.27.1 is available)
+ nodelite-2-GatB4-2DTpgWPday-mnUkoumP54u-MDM-5u44KF9hIu8jF0uafZtQLcdfIKkIcUNuF-fBojpLEHZS-56JqPeXQ-- <- @smithy/invalid-dependency 4.0.2 (4.2.8 is available)
+ nodelite-2-GBzP8zOc7CGWyFQS6dv1lQz8VVpz5C2yRszbXufwG-9zhStTIH50EtD87NmWbTMwXDvZLNg8GIpb1UFdH93JCA-- <- @nuxt/devalue 2.0.2
+ nodelite-2-GCfE1mtsHGOELCU8e-Z7YWzpmybrx--dSTfLrvY8qRmaY6zXTKWn6WQIjaAFw069icm6GVMNkgu0NzI4iPZUNw-- <- istanbul-lib-report 3.0.1
+ nodelite-2-GCggjexbmSLaFhqsojeugBpeaRIgWNTcgKVq-0qIteFEqY2A-b9QidYadrWlnbWQUrW5fn-mCvf3tr7OeBFTyg-- <- @babel/plugin-transform-dynamic-import 7.25.9 (8.0.1 is available)
+ nodelite-2-Gcnl4Bd-hRO9P9icCP-RVVT2o8SFlPXofuCxvA2SaZuH45whSvf5p8x5oih5ftLiVhEI4sp5xDY-R-b3zJBh5w-- <- launch-editor 2.9.1
+ nodelite-2-GCPAHLvrIH13-c0SuacwvRYj2SxJXQ4kaVTT5xgL3kPrz56XxkF21IGhjSE1-W0aw7gpBWRGXLCPnPby6lSpmQ-- <- xdg-basedir 5.1.0
+ nodelite-2-Gd2UZBJDkXlY7GbJxfsE8-nvKkUEU1G38c1siN6QP6a9PT9MmHB8GnpscSmMJSoF8LOIrt8ud-wPtojys4G6-g-- <- safe-buffer 5.1.2 (5.2.1 is available)
+ nodelite-2-GDhwkLfywWL2s6vEjyhri-eXmfH6j1L7JE27WhqLeYzoh-A3DBaYGEj2H-HFZCn-kMfim73FXxEJTw06WtxQwg-- <- readdirp 4.1.2 (5.1.1 is available)
+ nodelite-2-GeWyHz8ao2gBiUW4OJnQDxXQnFgZQwwQk05t-CVVgNBN7-rK8XZ7xY6YhLVv9tH3VppWWmr9DCl3MwemB-i-Og-- <- @gerrit0/mini-shiki 1.27.2 (3.15.0 is available)
+ nodelite-2-GfisEZEJvzKrmGWkvfhgzcz-BllN1USeqD2V6tg14OAOgaCD2Z-PUEuxnAZ-nPvmaHRG7a8y77p1T-IRQ4D1Hw-- <- clean-regexp 1.0.0
+ nodelite-2-GFn91inaUa2oHLak8awSIigYz0cU0Payr1rcFsrkf5OJ5eSPxElyZfKh0f2p9FsTiZWXQdWGJeXZICEfXXYSXQ-- <- @lit/reactive-element 2.0.4
+ nodelite-2-GGP3O9QFD24uGeAXYUjwSTXARoqpZykHadOmA8G5vfJPK0-DC67qa--0qvqrJzL1xc8WQWX7-yc7fwudjPHPhA-- <- @smithy/is-array-buffer 2.2.0 (4.2.0 is available)
+ nodelite-2-GHTSNSYICQ7scH7sZ-M2rFopRoLh8t2bLSW6BbgrtLsahOIB5iyAVJf9GjWK3cYTDaMj4XdBpM1cA6pIS0Kv2w-- <- call-bind 1.0.7 (1.0.9 is available)
+ nodelite-2-GihNqNpGHorUrO7Qa9JbAl0dbLnqJVrV8OXe2Zm5-Y4wFkZQDfTreBzVmiRfJVfE4mClXdihHnbpyyO9FSX4HA-- <- @octokit/plugin-request-log 4.0.1 (6.0.0 is available)
+ nodelite-2-GJgLTZ7vYb-JtPSSZ10hsOYIvEYsjbNU-zPdIHcUaWVNUEPivzxku31865sSSud0Da0W4lEeOPlmw93zLQchuQ-- <- sockjs 0.3.24
+ nodelite-2-Gk8NlF062-T9CqNGn6h4tls3k6T1--nXdOcSZVikNVtlRdYpA7wRJJMoXmuvOnLW844rPjdQ7JgXCYM6PPC-og-- <- rimraf 4.4.1 (6.1.2 is available)
+ nodelite-2-GkTSn9K1GrTYoTUqlUs36k6nJnzjQaFBTTEIqUYmzBcsGsoJM8xG7EAx2WLHWAA4QzFjcwWUSHQ3vM3Fbw50Tg-- <- @rvf/set-get 7.0.1
+ nodelite-2-GLCzC8D0A0YDG5u3F5U03Vb9j5tcOEFhr8oc6PDk0k0vm5VwtZOE6LvK7hcCSoAB4HXyOUM0sQuXrbaAh9OwXA-- <- @aws-sdk/middleware-recursion-detection 3.775.0 (3.972.2 is available)
+ nodelite-2-GMM8gGmqI7guS-llMFk1bJDkKfn3v3C4KHK9Yg1ey5qcHcOlKb0QvcMrgzvxo-T03-4szNh5lghY-fEC98Kq9g-- <- @babel/plugin-transform-class-static-block 7.22.11 (8.0.1 is available)
+ nodelite-2-GmNAzx88u3k2-sBTZrJSDauR0ccpE24omTQCVmaTTZFz1du6AasspjaUPMJ2ud4RslZpoFKyf-6MSPETLojc6w-- <- postcss-discard-overridden 7.0.0 (7.0.3 is available)
+ nodelite-2-GmqrO8WJ1NuzJ2DrziEI2o57jKAVIQNf8a18W3nCYU3H7PNWqCCVTeH6-NQE93CIllIgQS98rrmVkYgTX9fFJQ-- <- write-file-atomic 6.0.0
+ nodelite-2-Gmy6FhYlCY7uOElZUSbxo2UCDH8owEk996gkbrpsgGtrJLM3J7jGxl9Ic7Qwwj4ivOE5AWZWRMecDdF7hqGjFA-- <- camelcase 6.3.0 (8.0.0 is available)
+ nodelite-2-GmYiltypkHHtihFwPRxlaorG5R9VAHuk-vbszVoRTGXnAsY60wYLkh-E2XiFmdZmqrisw-9FaazS1i5SbdWYgA-- <- @octokit/rest 20.1.2 (22.0.1 is available)
+ nodelite-2-GNur7VXJ29NtJhY8PYgv3Fv1Zxbx0XZhDUj--7Wp40CAXRFsLgXScZIRh2U30TECYaihboZ7BD-xugv8MQPDoA-- <- @rspack/binding-linux-x64-gnu 1.2.0-alpha.0
+ nodelite-2-GNzQvQTOIP6RyTfE2Qxb8ZVlNmw0n88vp1szwWRimP02mnTsx3Wtn5qRdqY9w2XduFNUgvOwhNnQsjwCp-kqaQ-- <- tapable 2.2.1 (2.3.3 is available)
+ nodelite-2-GOehvd5PO2FeZ5T4c-RxobeT5a1PiGpF4u9-3-UvrMU4bhnVqzJY7hm39wg8PDCqkU91fWGH8qjWR4bn-wgq9w-- <- json-cycle 1.5.0
+ nodelite-2-GopVGCpVS1UKH75VKHGuQFqS1Gusej0z4FyQkPdwjil2gNIv-LNsqBlboOzpJFZKVT95GkCyWJbBSdFEFUWI2A-- <- dotenv-expand 10.0.0
+ nodelite-2-Gp-eKWeUWVNiiBdmUM2qLkBv-VLSJKoWAO-aKmyxxwjjmWhE0FrfA1NQ1a3g-NGMhRbAfQdaYswRAKsul70ISg-- <- @aws-sdk/middleware-recursion-detection 3.272.0 (3.972.2 is available)
+ nodelite-2-Gp56rIc3R8ab032nXMUitmc7YIb4nAi8DQ6Qt47tuL0Ssn9LIOm-o2FQmqPu3jX4z0TsqgzWwkmVygxcq-yHYg-- <- @tsconfig/esm 1.0.3
+ nodelite-2-GpSwvyXOcOOlV70vbnzjj4fW5xW-FdUF6nQEt1ENy7m4ZCczi1--buVUPAqmGfqznsORNFzUMjctTIp8a9tuCQ-- <- @yarnpkg/lockfile 1.1.0
+ nodelite-2-GpVkmM8vF2vQUkj2LvZmD35JxeJOLCwJ9cUkugyk2nuhbv3-mJvpLYYt-0-USMxE-oj-ey-lJEnhZw75x-OMcQ-- <- commander 2.20.3 (9.5.0 is available)
+ nodelite-2-GQ2EWRpQV8-o-Aw8YqtfZZPfNRWZYkbidE9k5rpl-hC3vtHHBfGm2Ifi6qWV-coDGkrUKZAxE3Lot5kcsRlh-g-- <- parent-module 1.0.1 (2.0.0 is available)
+ nodelite-2-GRbEOUqCxemTAk-b32F2xa8wDTs-Z1QHOkbhJDQTvv-6G3ZkbJ-frYWsTcc7cBB3Fu4wy4XlLCuNtJuMn7Gsvw-- <- sort-keys-length 1.0.1
+ nodelite-2-GrwoxYN-uWlzO8uhUXRl0P-kHE4GtVPfYzVLcUxPL7KNdHKj66vvlhiweIHqYYXWlw-T8iLMp42Lm67ghw4WMQ-- <- domhandler 4.3.1 (5.0.3 is available)
+ nodelite-2-GSL3aowiF7wa-WtSFwnUrludWFoNhftq8bUkH9pkzjpN2XSPOAYEgg6e0sS9s0rZwgJzJiQRPU18A6clnoW5wQ-- <- selfsigned 2.1.1 (2.4.1 is available)
+ nodelite-2-GUYESQlxZRAdhs3UhbB6pVRNUELQOHXwK9ruDkwmCv2aZ5y0SApQzUJCg02p3A7Ue2J5hxvlk1YI53c00NmRyQ-- <- @npmcli/git 6.0.3 (7.0.1 is available)
+ nodelite-2-Gw-FgHtrLM9WP8P5lLcSGh9OQcrTruWCELAiS48ik1QbL0cH-dfjomiRTUE9zzz-D1N6rOLkwXUvVmXZAsNE0Q-- <- sigstore 4.0.0 (4.1.0 is available)
+ nodelite-2-GX-ysw4PBCz0PzosHDepZGANEuFCMLrnRTiEy9McGjmkCQYwRq4A-X786G-fjM--OjsWSU1ZrY5qyARZmO-uwg-- <- flatted 3.3.3 (3.4.4 is available)
+ nodelite-2-Gxc29eLs1fbn6LQ4jSU4vXjlwyZhF5HsGuMAa7gqBP4Rw4yxxltyDUuF5MBclFzDTXO-ACchGQoeela4DSfzdQ-- <- get-port-please 3.1.2
+ nodelite-2-GXg5V7kC9FZE4FkUZA8oo-NrlRb06UwuICzI6tcbzj0-TVgjq-mpUXXzSgKzMS82YByi4dY2Q808njcBCyy6tQ-- <- @docusaurus/plugin-content-docs 3.7.0
+ nodelite-2-GykOvZwgDWZlTQMtp5jrD4BVL-gNn2NVlVafjcFUJ7taY20tqYdwdoWBFy6GBJsNTZe1GkGPkSl5knQAjtgceg-- <- ultrahtml 1.5.3 (1.6.0 is available)
+ nodelite-2-H-y0-IWPdsLLS738P8tDnrQ8Z-dj12zQQ6WC11TIM21C8WFVoIxcqWXf2H3hiTVZjF1AWqoimGwrTWecWrnmRQ-- <- hast-util-to-jsx-runtime 2.3.0 (2.3.6 is available)
+ nodelite-2-H0dkQoCa3b2VEeKQBOxFph-JAbcrQdE7KC0UkqwpLmv2EC4P41QXP-rqo9wYodACiG5-WM5s9oDApTU8utwj9g-- <- iterator.prototype 1.1.5
+ nodelite-2-H1fNTMA57HbkFESSt3Y9-FBICv-0jFceJFPWDePYlR-iMGrwM5ph-Dd4XRQs-8X-PUFURLQgX9ChPfhJ-1uNQw-- <- @octokit/endpoint 9.0.6
+ nodelite-2-H2iMtd0I4Mt5eYiapRdIDjp-XzelXQ0tFE4JS7YFwFevXXMmOp9myNrUvCg0D6ws8iqkRPBfKHgbwig1SmlLfg-- <- html-escaper 2.0.2 (3.0.3 is available)
+ nodelite-2-H4PEsJXfFI-Pt8sjDWbHlQPx4zL-bvSQjcilJmaulGt5mLDorHOHpmdXAJcBcmru7PhYSp-cDMWRko4ZUMFkSw-- <- boxen 6.2.1 (8.0.1 is available)
+ nodelite-2-H66BPQMrv-V16t8xtmq-UC0CBpiTBA60V8ibS1QVReIp8T1z8hwFxqcGzm9K6lgsN7sB5edVH8a-ze6Fqm4weA-- <- regexpu-core 6.2.0 (6.4.0 is available)
+ nodelite-2-H84Fxq0CQJNdPFT2DrfnylZ3cf5K43rGfWK4LJGPpjKHiZlk0-RzwEus3PDDZZg--Er7lCA03MVacueUuXdzfw-- <- @babel/preset-env 7.26.0 (8.0.2 is available)
+ nodelite-2-H9XAx3hc0BQHY6l-IFSWHDySypcXsvsuLhgYLUGywmJ5pswRVQJUHpOsobnLYp2ZUaUlKiKDrgWWhosOwAEM8Q-- <- @hutson/parse-repository-url 3.0.2
+ nodelite-2-HBwaojN0xFRx4yIvpwGqxiV2tUfl7401jlok564NgB9EHS1y6QT17FmKWm4ztqjeVdXLuC4fSvHc5ePpQjoTbw-- <- @babel/helper-optimise-call-expression 7.22.5 (8.0.0-beta.0 is available)
+ nodelite-2-HByXIZTbc4GV5VAUkZ2DXtXv1Qdlnpk3IpuImwSnEzCDBkUMYcec5282hPjn6skZqB25M1TYCmWS91UbhBGxQg-- <- @docusaurus/plugin-svgr 3.7.0
+ nodelite-2-Hc0R8EiuVunUewCse2syVgA2AfSRco3LyAv07B-zCOMa-jpXI9ll-Q21Nc6FAlYPcpNcAXqBzMhNs1CD-pP2bA-- <- @smithy/md5-js 4.0.2 (4.2.8 is available)
+ nodelite-2-HCCIb-CbJIAE6sXn5CjFQXMwkCClcOfPCzTlilJ8cUatfzwHlWQkbtV0zD338u9dZskwvuOYTuuaMaA8J5EI5A-- <- @babel/plugin-transform-unicode-property-regex 7.22.5 (8.0.1 is available)
+ nodelite-2-Hcv-nVC0kZnQ3tD9GVu5xSMR4VVYOteQIr-hwFPVEvPdlXqgGEuRjiheChHgdM-JyqdgNcmzZOX-tnl0JOiI7A-- <- @leichtgewicht/ip-codec 2.0.4 (2.0.5 is available)
+ nodelite-2-HDuk-PuH5monfNuY-ct49mNmkCRK4xJAV9Ts4z9UFc4rzdDnxQLyCMGGc8pKhZhHTVzfanpNwB-lwqevcBwI4w-- <- vue-router 4.5.0 (4.6.3 is available)
+ nodelite-2-HehCEsotFqbPW9sJ8WVYB6UbmIMv7kUUORIF2Nncq4VQvBfNBLibW9YZR5dlYCSUhwcD628pRllm7n-E-YTzJw-- <- socks-proxy-agent 8.0.5
+ nodelite-2-HFM8rkZ-i3zrV-4LQjwQ0W-ez98pApMGM3HUrN04j3CqzPOzl9nmP15Y8YXNm8QHGv-eacOVEjqhmWpkRV0NAw-- <- rechoir 0.6.2 (0.8.0 is available)
+ nodelite-2-HFN59MmQXGHVyYadKLVumYsA9dBFun-ldYxipEjzA4196jpLZd8UjEEBLkbEkvfYreDqJhZxYAWFPtrfhNpj4w-- <- @babel/helpers 7.28.4 (8.0.0-beta.0 is available)
+ nodelite-2-HG0SIB9X4J8bwbxCbnd5FfPEbcXAJYTi1pBJeP-QPON-w8ovSME8iRG-ElHNxZNX2Qh6eYn1GdzJFS4cDFfx0Q-- <- json-schema-ref-resolver 2.0.1 (3.0.0 is available)
+ nodelite-2-HggROJhvHPUX7uqBD-XlajGygMNM1DG0-4OAkk8MBQe4a18QzrRNzZt6XQbRTSG4OaEoyRWhQHvYD3Yps405tQ-- <- @module-federation/webpack-bundler-runtime 0.8.4
+ nodelite-2-HGyxoOTYUyCM6stUe6EJgnd4EoewAI7zMdfqO-kGjnlZmBDz-cR5pf8r-cR4Wq60sL-p0IkcjUEEPwS3GFrIyw-- <- array-union 2.1.0 (3.0.1 is available)
+ nodelite-2-HIlIkGLkvf29YEiS-ImuDZQbP12gWyx5i3C6XrRxMvVdqMroCI9qoVYCoIl17ChN-U89pn9sVwLxhIWj5nEc7g-- <- eslint-plugin-unicorn 62.0.0
+ nodelite-2-HIMbgLnk1Vqvs6B4Wq5ep7mxvj9sGz5d1JJyDNSGNIdA-w2MCz6GTjWTdjqOJV1bEPj-6IkxDvWNFKEBxNt4kQ-- <- bonjour-service 1.0.14 (1.3.0 is available)
+ nodelite-2-HlEoG0IDRoHXzXnkV4in47dzsxdsjdz6-j7MLjaACABX2NfvjFS6XVAnpaDyGesz9gK2SC7MbNwdCHusObKJ9Q-- <- @csstools/postcss-normalize-display-values 4.0.0
+ nodelite-2-HLpt-uLy-pxB-bum-9DzAgiKS8CX1EvbWxI4zlmgGCExImLdiad2iCwXT5Z4c9c3Eq8rP2318mPW2c-QbtjK8A-- <- socks 2.8.7
+ nodelite-2-HM0q6XqQ93psDlqvuViNs-Ea3hAyGDkIdVAHlrEocjjAwGrs1fZ-EdQjS9eUPacnYB7Y8SoDdSY3H8p3ce205A-- <- isomorphic-rslog 0.0.6
+ nodelite-2-HnBegGqXZR12xbcTHlJ9HGxw1OniltT26J5YpfruGqtUHlz-xKf-G2ak9e-t0rVqrjXa9WOhvYPz1ERfMj23AA-- <- @babel/plugin-transform-computed-properties 7.25.9 (8.0.1 is available)
+ nodelite-2-HNjmfLQEVRZmHRET336f20H-8kOozUGwk7yajvsonjNxbj2wBTK1WsQuHkD5yYh9RxFGL2EyDHryOihOwUoKDA-- <- @parcel/watcher 2.4.1 (2.6.0 is available)
+ nodelite-2-HnLOCR3vjcY8beoNLtcjZ5-nxn2afmME6lhrDrebokqMap-XbeW8n9TXpPDOqdGK5qcI3oT0GKTW6wC7EMiVqA-- <- string-width 5.1.2 (8.1.0 is available)
+ nodelite-2-HO9Tkkh34QkTeUmEdNYhMT8hzLid7YlMlATSi1q4q17HE5d9mrrEHJ-o8O2D0cMi182zK1F3v7x0PWFjrhXFew-- <- lit-element 4.1.1
+ nodelite-2-HpIdsdieClTjXLOyYdUPAX-XQASNIwdKt5hoZW08ZOAiI-tbV0ta1oclkpVkW5ANU-xJvk3KkA0FejkjGLXUkg-- <- postcss-logical 8.0.0
+ nodelite-2-HqiDzaLDFCXkcCO-SwoyhRwqYtINFHF7t9BDRq4x90TOKNAJpiqUt9X5lQ08bwxYzc067HUywDjGySpebHcUpw-- <- 2-thenable 1.0.0
+ nodelite-2-HrcgcIESLm9aIR842yhJ5RWan-gebQUJ6E-E5-rf0y9o6oj7w0Br-sWuL6kEQ-o-AdfvR1Je9jG18-gnpwjEyA-- <- @babel/preset-modules 0.1.6-no-external-plugins (0.2.0 is available)
+ nodelite-2-HRDzbaKjC-AOWVXxAU-x54COGeIv9eb-6CkDSQoNTt4XyWoIJvuPsXizxu-Fr23EiekbtZwmh1IcIG-l-a10GQ-- <- pkg-dir 4.2.0 (8.0.0 is available)
+ nodelite-2-Hrgsx-orqoygnmhFbKaHE6c296J-HTAQXoxEF6gNupROmmGJRoyzfG3ccAveqCBrwr-2yxQ5BVd-GTl5agOwSg-- <- range-parser 1.2.1 (1.3.0 is available)
+ nodelite-2-HRQyTk2-YPEkt9TnUPbOpr64Uw3KOicFWPVBb-xiHvd6eBx-qPr9xqfBFDT8P2vWsvvz4jbEkfDe71W3VyNu2w-- <- change-case 5.4.4
+ nodelite-2-HRVVSbCCMbj7-kdWF9Q-bbckjBHLtHMEoJWlkmYzzdwhYMkjkOwubLM6t7NbWKjgKamGDrWL1--KrjUO1t9oAQ-- <- supports-color 10.0.0
+ nodelite-2-HS0bMUSV53-AaRrTBzeytR62hwjMwzjfoPpXuClJXsD8td8keRwqNtqmFzwAFYBYaqKzhiaKusaBDrgsMtjgDg-- <- @aws-sdk/client-lambda 3.279.0 (3.975.0 is available)
+ nodelite-2-Hs59xBNfUIunMFgWAbGX5cq6893IbWg4KnrjbYwX3tx0ztorVgTDA6B2sxf8ejHJ4wz8BqGUMYlnzNBer5NvGg-- <- ignore 7.0.5 (7.0.8 is available)
+ nodelite-2-Hssa3lXfhczG0Qx0XB6NXLQTKrKeWSPDxcHqddCmBVnOQnlgE8Z-omcPHiewvvvZjSw8RgUPQCU5a-rx-vZ1YA-- <- @oxc-project/runtime 0.111.0
+ nodelite-2-HTUrgRJ7r4dsZKU6GjmpfRK1O76h97Z8MfS1G0FozR-oF2kG6Vfe8JE6zwrkbxigziPHinCJ-gCPjA9EaBDtRw-- <- css-what 6.1.0 (7.0.0 is available)
+ nodelite-2-HVQE3AAb-pxF8fQAoiqpvg9i3evqug3hoiwakOyZAwJm-6vZehbkYXZ0l4JxS-I3QxM97v5aaRNhj8v5oBhekw-- <- denque 2.1.0
+ nodelite-2-HwONx0Pr9ucehlrMvFMSuztLiKfwPYkjRDc0ymL5RiGYBk1slX8k3RWy-F01f1T-JLbImthSGMwY04Ojt20nTA-- <- @manypkg/cli 0.22.0
+ nodelite-2-Hx0MOjPh6uK9oq9nVsATZKE-Wlbai7KFjfCuw9UHaguDW3x-HF0O5nIi3ud39TWgrTjTO5nHxmL3R1eANinWHQ-- <- eslint 9.26.0
+ nodelite-2-HxJdYWq1MTIQbJ3nw0cqssHoTNU267KlrDuGZ1WYlxDStUtKUhOaJmh112-TZmHxxUfuJqPXSOm7tDyas0OSIQ-- <- which 1.3.1 (6.0.0 is available)
+ nodelite-2-HxLaGxglkZP7SwjCLZPMsWGKN8Q-h5bjIH9YLFRcsG3Fmh-qsCOZYRLhntvTyP6B-Q7xHPBc2YKODOSfH0rH8g-- <- scale-codec 0.13.0
+ nodelite-2-HYNoHZa2GorYNyqiCaBgsxvcJIn7OHq6inEga-E6Ke3m5JkoqpQbnFssk4jwe-K7AhGa2fcha4wSOf1Kn01dMg-- <- style-to-object 0.4.4 (1.0.9 is available)
+ nodelite-2-Hyph9LseGvAeeXzikV88bczhsrLrIZqDPxO-sSmAunMPaGrBGhfMWzCPYTtiW9t-HzSE2wtV8e5cc5P6r1xMDQ-- <- @babel/plugin-bugfix-v8-spread-parameters-in-optional-chaining 7.22.15 (8.0.1 is available)
+ nodelite-2-HZiAF-TCEyKjju9dgysjiPIWgt--VerGaeEp18mvKLNfgKz1d--82A2USEpNKTze7v3cMFASx3CvL8yYyF7mJw-- <- @aws-sdk/credential-provider-node 3.782.0 (3.972.3 is available)
+ nodelite-2-I-zHAwsKf9FqGoXM4WWRACob9-SNukZTd94DWF57E4toouRulbCxcUh6RKUEOQlYTHJnzkPMySvPNaaSLNfLZw-- <- cli-cursor 3.1.0 (5.0.0 is available)
+ nodelite-2-I0gou-ZdA1vMG7t7gMzL7VYu2xAKU78rW9U1l10MI0nn77pEHq3tQqHQ8hMmXdMpBlkxZOorjI4sO594Z3kKJw-- <- @types/isomorphic-fetch 0.0.39
+ nodelite-2-I0UBV-XOz1XkIJHEUDMZAbzCThU-H8DxmSfmdGcKPnVhu2VfFqr34jr9777IyaTYvxjedWhqVIilEDsCdP5G6g-- <- get-own-enumerable-property-symbols 3.0.2
+ nodelite-2-I0yt8wX529UKIGs2y-9Ybs2CelSvItfmvg-DBIjTnoUSrPxSV7Z0yZ8ShSVtKNaV-wAY-m7bgtyVQLhB00A1NQ-- <- postcss-normalize-positions 7.0.0 (7.0.4 is available)
+ nodelite-2-I19aIingLgR1fmhftnbWWO3dXc0hSxqHQHQb3H8m-K3TnEn-iSeTZZOyvKXWqQESMwuUVnatlCnZdLBZZt2VSA-- <- nprogress 0.2.0
+ nodelite-2-I1XxrZSQ-oErkRR4jYbAyEEu2I0avBvvMM5JN-6EBprOGRCs63ENqZ3vjavq8fBw2-62G5LF5XelKwuJpcvcxw-- <- ret 0.5.0
+ nodelite-2-I2mpX35NWo83hay4wrnzFLk3VuGK1BBwHaqvEdqsCode8iG8slYJRJPICVbCEWlkR3rotlTQ-608JcRU0VqZ5Q-- <- @oxc-parser/binding-linux-x64-gnu 0.56.5
+ nodelite-2-I4dVlUe-WNQAhKSyv15w-dwUh2EPiEl4X2lGYMmNSgF83WzTMAPKGdWEv5tPsCQOb-SOZwz8Vlta2vF-OeDgRw-- <- fastify 5.4.0 (5.7.2 is available)
+ nodelite-2-I5qxpzLv-sJhTVEoLYNcTW-bThDCPsit0vLNKShZx6rLtpilNpmmeTPaeqJb9ZE9dV3DGaeby6Vuhrw38WjeyQ-- <- consola 3.2.3 (3.4.2 is available)
+ nodelite-2-I6WFQIbEKG2IO3vhaMGZDkucbCaUSXMxvHNzDdnfsTCF5tc0UlV3Oe2AhamatQoKFjBi75dSEMrgWq3-RegsOQ-- <- @csstools/postcss-oklab-function 4.0.7
+ nodelite-2-I88TYZWc9XiYHRQ4-3c5rjjfgkjhLyW2luGIheGERbNQ6OY7yTybanSpDXZa8y7VUP9YmDcYa-eyq4ca7iLqWA-- <- eastasianwidth 0.2.0
+ nodelite-2-I8oW2-QL5KJo8zXNWX046M134WchxsXC7SawLPvRQpogCbkyQIaFxPE89A2HiwR7vAK2Dm2ERBAmyjTYGYEpBg-- <- listhen 1.9.0
+ nodelite-2-I8ZuJ-qG92NWX8i5x1Y8qyj3vizhXS31OxjKDu3LKP-7-qBgfIKValiZIEwoVoJKUHlhWtYrktkxV1XsX-pPlg-- <- front-matter 4.0.2
+ nodelite-2-I9jwMn07Sy-IwOj3zVkVik2JTvgpaykDZEigL6Rx6N9LbMywwUSMtxET-7lVoDLLd3O3IXwJwvuuns8UB-HeAg-- <- min-indent 1.0.1
+ nodelite-2-I9XlJawFdSMvWjDt6wksMCrgns5ggLNfFwFvnShsleWruvXM514Qxk8V246efTw-eo9JABvVz-u3q2RiAowKxQ-- <- @eslint/js 9.26.0
+ nodelite-2-IBTdIkzZNOpqm7q3dRqJvMaldXjDHWkEDfrwGEQTs5eaQMWV-djAhR-wahyNNMAa-qpbDUhBMVt4ZKNwpPm7xQ-- <- ini 6.0.0
+ nodelite-2-IbyN-9KslkqcXa8AO9fxpk97PA4pzewvpi2B3Dwy9u4zpV32QicaEdgmF3eSQUzdRk7ttDHQejNgAEr4XoeH4A-- <- postgres 3.4.4 (3.4.7 is available)
+ nodelite-2-IchNf6dN4tHoMFIn-7OE8LWZ19Y6q-67Bmf6vnGREv8RSbBVb9LPJxEcnwrcwX6ixSvaiGoomAUvu4YSxXrVgw-- <- @cspotcode/source-map-support 0.8.1
+ nodelite-2-Ie9z-WINcxxLp27BKOCHGde4ITq9UklYKDzVo1nhk5sqGEXU3FpkwP5GM2voTGJkGd9B3Otl-Q4uwSOeSUtOBA-- <- pkg-dir 7.0.0 (8.0.0 is available)
+ nodelite-2-IF4PcGgzAr6XXSff26Sk--P4KZFJVuHAJZj3wgO3vX2bMdNVp-QXTP3P7CEm9V1IdG8lDLY3HhiqpsE-nOwpPw-- <- oidc-token-hash 5.0.3 (5.2.0 is available)
+ nodelite-2-IfczIefYOd2Omac9J1MH8YKmhGe4pQor1rg3w9mc6m8DA9fSnBRI7GF0XP8GQiHH5Khlj6MS6J1ZPbt68HDbrQ-- <- arktype 2.0.1
+ nodelite-2-IgJA5DQsQLu-upA3HcdvC6xEMR051ufebBTIXZ5E9-9iiaA7juXWz1ceYj814lnDYP-7eWjZnw0grRJlX4eI6g-- <- @csstools/postcss-exponential-functions 2.0.6
+ nodelite-2-IiDqTOTBQy0sWyeXyGSC5TBJpGFXBkRynjBeXsvbhQFKj2viwJC76Epz35YLU1fpe-Am6Vppb7W7zM4fPQzLsQ-- <- @babel/helper-replace-supers 7.25.9 (8.0.1 is available)
+ nodelite-2-IipSzX-8DptUdXN-GWq3hq5z18MwnpphYdOMm0WndkRGYELzfq7NDP8dMpZT7JGW1uXFrIGxOW2D0Xi--ulByg-- <- @vitest/ui 3.1.3 (4.0.7 is available)
+ nodelite-2-IJdWBbTcMQ6DA0gdNhh-BwrLkDR-ADW5Kr1aZmd4k3DIF6ezMV4R2NIAmT08wQJ3yUK82thHWmC-TnK-wpMMIA-- <- @smithy/util-buffer-from 2.2.0 (4.2.0 is available)
+ nodelite-2-IJUkICM5dP5znhCckHSv30Q4b5-JA5enCtkRHYaOVOAocnH-1BQEYTC5NMfT3AVl-iXKdr3aqQbQn9DxyWknwA-- <- property-expr 2.0.5 (2.0.6 is available)
+ nodelite-2-IMi9FwtH6LMNuLea1bjVMQAsUhFxJnyLSgOp-cpv5hrzWmrUYU5fm0EguNDIIOHUqzXode8F-1qkC-tEo-qN8Q-- <- @csstools/postcss-scope-pseudo-class 4.0.1
+ nodelite-2-ImrHMkcgneGa-HadHAQXPwOrX26sAKuB8qlMxZF-ZCM2B55u8deY-ZVkVuraeKb7YsahMGehPFOfRAF6mvFI5Q-- <- @aws-sdk/credential-provider-web-identity 3.272.0 (3.972.2 is available)
+ nodelite-2-INb7TM37-mAcsGmc9hyyI6-QR3rR1zVRu36B0NeGXKnOOLiZOfER5SA-N7X7k3yUYRzLWafduTDvJAfDswwEww-- <- sonic-boom 4.2.0
+ nodelite-2-IOc8uWeOZgnb3ptbCURJWNjWUPcO3ZnTTdzsurqERrP6nPyv-paC55vJM0LpOlT2ne-Ix-9-CRG1MNLlyZ4GjQ-- <- set-cookie-parser 2.7.1 (2.7.2 is available)
+ nodelite-2-IoDlSLTs3Yq593mb3ZoKWKXMNu3UpObxhgA-Xuid5p4bbfi2jdY1Hj0m1K-0-tEuQTxIGMhQDqGjKb7RuxGpAQ-- <- run-async 4.0.6
+ nodelite-2-IOfwwBF5iczOjp-WeY4YxyjqAFMQoZufdQWDd19SEExbVLNXqvpzSJ-M7Za4-sCPmQ0-GRquoA7bGcINcxew6w-- <- ansi-align 3.0.1
+ nodelite-2-Iq1nJ6D2-yIO4c8HHg4fyVb8mAJieo1Oloy1mLLaB2PvezNedhBVm-QU7g0qM42aiMbRXTxKKwGD17rjKNJYVQ-- <- file-type 5.2.0 (8.1.0 is available)
+ nodelite-2-IQ3EbTzGxIigb1I3qPZc1rWJnH0BmSKv5QYTalEwweFvyBDLSAe24zP0le-hyi7ecGfZVlIVAg4BZqb8WBwKqw-- <- @types/cacheable-request 6.0.3
+ nodelite-2-IqO-DUQHUkPeixNQ8n0JA6102hT9CmaljNTPmQ1u8MEhBo-R4Q8eKLN-vGZxuebwOroDB4cbpjheD4--sKFK4Q-- <- @sideway/address 4.1.5
+ nodelite-2-IrsVwUHhEULx3R8f-aA8AHuEzAorplsab-v8HBzEiIukwq5i-EC-xmOW-HfP1OaDP-2JkgT1yILHN2O3UFIbcA-- <- has-yarn 3.0.0
+ nodelite-2-IrtvNvjxC1o06taBAVJznEnkiHxLFTzgonUdy8hzFVeDun0uTjxxrRGVaNFqkU1wJR3RBPEfsxmU6jDWPofrTQ-- <- mdast-util-gfm-task-list-item 2.0.0
+ nodelite-2-IRUxE4BVsHWXkV-SFOut4qTlagw2aM8T5-vnTsmrHJvVoKueJHRc-JaFND7QDDc61kLYUJ6qlZM3sqTSyx2dTw-- <- node-gyp-build 4.8.2 (4.8.4 is available)
+ nodelite-2-IRZSRuzJiynemAXPYtPe5BoI-RESNYR7TYm50MC5Mqbd3Jmw5y790sErYw3V6SryFJD64b74qQQs9wn5Bg-k3g-- <- object-inspect 1.13.2
+ nodelite-2-IS8JSFsDD33haaKIIFaL7qj3bEIG9GldZfb3ILW0QF3at7TcrIJYy58hrDvFee5T3p3E2aH--wqIr0eha8jB-w-- <- @algolia/client-abtesting 5.20.2 (5.57.0 is available)
+ nodelite-2-ISWac8drv4ZGfwKl5slpHG9OwPNty4jOWPRIhBpxOoD-hqITiwuipOQ2bNthAzwA3B4fIjO4Nln74N0S9byq8A-- <- is-shared-array-buffer 1.0.4
+ nodelite-2-IUoow1YUtvoBBC06dXs8bR8B9vuA3aJfmQNKMoaPG-OFsPmoQvw8xh-6Ye25Gx9DQhoEom3Pcu9MKHerm-NpUQ-- <- validate-npm-package-name 6.0.2
+ nodelite-2-IV3Ou0jSMzZrd3pZ48nLkT9DA7Ag1pnPzaiQhpW7c3RbcqqzvzzVu-L8gfqMp-8IM2MQtSiqaCxrrcfu8I8rMA-- <- client-only 0.0.1
+ nodelite-2-IvIUeV5KrS-VPavfSM-Iu-RE6llrHrYIKY1yfCzyO-lMXHQ-p7uGhonmGVisv6tSBSVgWzMBohTcvkC9vQcQFA-- <- @babel/plugin-transform-property-literals 7.25.9 (8.0.1 is available)
+ nodelite-2-Iw1RHD8vfAWWPzBBIKaojO4GAvQkHOYIpKdAfis-EUSUmSa79QsnXnRqsdcE0mCB0Ylj23yi-ah4-0wh9FsekA-- <- @aws-sdk/middleware-ssec 3.775.0 (3.972.2 is available)
+ nodelite-2-IwfBptatlO-QCJUo19AqvrPNqlVMpW9YEL2LIVY-Rpv2qsjCGxaDLNRgeGsQWJhfItebuJhsGSLjaBbNSQ-ieg-- <- stringify-entities 4.0.4
+ nodelite-2-IwzA-LSfD2vC1-YDYMv-zHP4rDF1usCwllsDpbolT3D4fUepIO7f9K70jjmUewU-LmGUKJcwcVtDCpnKk4BPMw-- <- type-fest 0.4.1 (5.4.1 is available)
+ nodelite-2-IxaQZDMsqfQ2Lz37VvyyEtKLe8FsRZuysmedy-N06TU1RyVppYKXrO4xIhR0F-7ubIBox6Q7nir6fQI3ej39iA-- <- npm-bundled 4.0.0 (5.0.0 is available)
+ nodelite-2-IXuyn5EkouFJscIDuFF5EsiSolseme1s0CZB-QxVugqJLYmKdxI1VfIBOst0SUu4rnk2Z7kqTwmoO1lp3HIfnA-- <- @babel/helper-compilation-targets 7.26.5 (8.0.0-beta.0 is available)
+ nodelite-2-IYSLEQj4LgZZuoVpdSUCw3dIynTWQgPlaRP6iAvMle4My0HdYwr5g5wQAfwOeHQBmYwEkqF70nRpSilr6PoUDg-- <- @vitejs/plugin-vue 5.2.3 (6.0.3 is available)
+ nodelite-2-IZeyIfCfXy0Mevj6bWNg7DG7B8G-S6o6JVpddikZtWyxJguiQ7JYr0SIZ0qWd8pGNuMyVwriWmbWqMnK7Y5PwA-- <- @docusaurus/utils-common 3.7.0
+ nodelite-2-Izi8RQcffqCeNVgFigKli1ssklIbpHnCYc6AknXGYoB6grJqyeby7jv12JUQgmTAnIDnbck1uxksT4dzN3PWBA-- <- assertion-error 2.0.1
+ nodelite-2-IzL8ZoEDIBRWEzlCcRhOaCupYyN5gdIK-Q6fbFdPDg6HqX6jpkItn7DFIpW9LQzXG6Df9sA7-OKnq0qlz-GaQg-- <- @jridgewell/gen-mapping 0.3.5 (0.3.8 is available)
+ nodelite-2-IZtukuUeBbhgOcaW2s06OXTzVNJR0ybm4W5xC1opWFFJMZbwRj5LCk-ByYH7WdZPZTt8KnFwA8pvjN2yqcPlgw-- <- @babel/helper-remap-async-to-generator 7.25.9 (8.0.1 is available)
+ nodelite-2-J-58u5Ic5T1QjP-LDV9g3Cx4CNOgB5vz-kM6-OxHHhFACdcDeKhBXjQmB7fnIZM12YSTvsL0Opwco83DmacW2g-- <- postcss-unique-selectors 7.0.3 (7.0.7 is available)
+ nodelite-2-J-rEIZU8w6FOfLNz-hNKsnY-fFHWnu9MH4yRbSZF3xbbGHovcetXPs7sD-9p8L6CeNC--I9bhRYAOsBt2u7-OA-- <- unenv 2.0.0-rc.15 (2.0.0-rc.24 is available)
+ nodelite-2-J1-4Fr2W3pLZsfxkFazK-9kr96LhEYqoeBszLmFjb6AjYs-g9oDAw3J5oQignLKk3rC9XHW-ebPTZ9FaW5u5pg-- <- @csstools/postcss-media-minmax 2.0.6
+ nodelite-2-J2lsPDen2mFs3cOA1gIBd0wsHEhum2vTnuKIRwmj3HJJcIz-XgeNdzvgSOioIXOJgURIpcDaK05jwaDG1rhDwg-- <- @oxc-project/runtime 0.72.2 (0.95.0 is available)
+ nodelite-2-J3yBRXCzDu4ULnQwxyToo-OjdMx6akgVC7K6few0a7F-0wLtmKKN7I73AH5T2836UuXRqN7Qg-IIUw--YJksRw-- <- es-shim-unscopables 1.0.2 (1.1.0 is available)
+ nodelite-2-J6f-9hUp-ldTZqKRSg7Vw5V6MqjATc-3E4gf3CFNcuZNWD8XdyI6zQ8GqH7f8169MM6P7hMBRDVGnn7oHB9kXQ-- <- mdast-util-mdx-expression 2.0.1
+ nodelite-2-J7p63hRiAjw1NDEww1W7i37-ByIrOWO5XQQAzZ3VOcL0PNybwpfmV-N05zFAzwQ9USyEcX6t3UO-K5aqBQOIHw-- <- minimatch 3.1.2 (9.0.9 is available)
+ nodelite-2-J8bbNyKKXl5qYcR36TIO8W3mVGVHrmmxsd5PAItGkmyzwJvybiw2IVq5nqd0i4LSNSkB-sx9VHllbfFdr9k1JA-- <- strnum 1.0.5 (2.1.2 is available)
+ nodelite-2-J9-gTWBGVuFZ01oVA6vdb4DAjf1XbDhK6sLsu3OS9qmLrS6KB5ygpeHiM3miIbj1qgSJ96GYszXFWv6ErJ8QEw-- <- @smithy/shared-ini-file-loader 4.0.2 (4.4.3 is available)
+ nodelite-2-JA--kQgZtbuY83m-xT-tXJkmJncGMTFT-C-g2h2R9uxkYIrE2yy9sgmcLhCnw57-WSD-Eh3J97FPEDFnbXnDUg-- <- simple-swizzle 0.2.2 (0.2.4 is available)
+ nodelite-2-Ja-Vfqe3HpuzRsG1oBtWTHk2PGZ7GR-2Vz5iYGelAw8dx32K0y7PjVuxK6z1nMpZOqAFsRUPCkK1YjJ56qJlgw-- <- @emotion/memoize 0.7.4 (0.9.0 is available)
+ nodelite-2-JBcRIIizi-exIA-OUhYkV6jtyeZco0ykCkIRd5sgwIt1Pm4pz-maoaRZpm6SkhPwvif4fCA7xOtJOykhpIV64Q-- <- shiki-twoslash 3.1.2
+ nodelite-2-JBUUzyOgEwXQY1NuPtvcj-qcBDbDmEvWufhlnXZIm75DEHp-afM1r1ujJpJsV-gSM4t59tpDyPi1sd6ZaPFfsA-- <- safe-regex-test 1.0.0 (1.1.0 is available)
+ nodelite-2-JBxkERygn7Bv-GbN5Rv8Ul6LVknS-5Bp6RgDC-O8gEBU-yeH5Ui5C-OlWrTb6qct7LjjfT6Re2NxB0ln0yYybA-- <- @humanwhocodes/retry 0.3.1 (0.4.3 is available)
+ nodelite-2-JdJMaCrGpB5fESVyxwpCx4Jdj2AagLmv3y58Qy4GE6HMVjWz1FeVQk1Ct4Kye7PftcdOo-7U7UKzYBJgqnGeUQ-- <- decompress-tar 4.1.1
+ nodelite-2-JEdGzHwwkrbWoGOlIHqQ5gtprKGOenpDHpxE9zVR1bWbOtYRyPPHMe9FaP6x61CmNaTThSkb0DAJte5jD-DmzQ-- <- which 5.0.0 (6.0.0 is available)
+ nodelite-2-JEjxbSmtPSt1c8XTkVrlujcXdKV1-tvuQ7GwKcAlyiVLeYFQ2VHat8xfrDJsIkhCdF-tZ7CiIR3sy141c6-gPQ-- <- is-npm 6.0.0 (6.1.0 is available)
+ nodelite-2-JfbYLAW7XnYTTbUsmpu0kdBUVe-yKVJZBItEjwyYJiDJuZ9w4eeaqks4HQO-R7objWgS2ymV60GYpI14Ug554w-- <- mdast-util-mdx 3.0.0
+ nodelite-2-JFta737jSP-hdAIEhk1Vs0q0YF5P8fFcj-09pweS8ktuGuZ8pPlykHsk6mPxZ8awDl4TrcxUqJo9l1IhVr-OjQ-- <- postcss-color-rebeccapurple 10.0.0
+ nodelite-2-JG55VADcNb4xFCf75hXkzc1rNeURhlo7ugf6JjiiKRfMsKlDzN9CXHZDyiG6x-zGchpjQS-UAgb1d4nqXqOpmA-- <- postcss-minify-selectors 7.0.4 (7.1.2 is available)
+ nodelite-2-Jg8wNT1MUzIvhBFxViqrEhWDGzqymo3sV7z7ZsaWbZNDLXRJZoRGrjulp60YYtV4wfY8VIKcWidjojlLcWrd8Q-- <- @img/sharp-linuxmusl-x64 0.34.5
+ nodelite-2-Jg99j-2gG2iaz3hijw857AVYekZe2SAskcqlWIZXjji5WStnOpVoat3gQfT-Q5tb2djnCjBtMocY-Su1GfxPBg-- <- @webassemblyjs/wasm-opt 1.12.1
+ nodelite-2-Jif4vfB6FJlUlSbgEMHUyk1j234GTNG9dBJ4XJdOySoj518Xj0oGsNi59cUQF4RRMS9ouBUxDDdyBVfPTypa5g-- <- @webassemblyjs/helper-wasm-section 1.12.1
+ nodelite-2-Jii3aBg-CEDpgnuDxEp-h7BimHcUTDlpEtce89xEumlJ5ef2hqepZ-PWp1DDpYC-VO9fmWVI1IlEaoI5fK9FXQ-- <- @playwright/test 1.50.1 (1.62.1 is available)
+ nodelite-2-JioWUZL1Bm7r8bnCDx2AUggiPwpV7djFfDTWT1aZSyHjN--fVz7XPdW8YVCxvyv9bSWcbbOLV-h4U1zGdwrN3w-- <- @hapi/topo 6.0.1 (6.0.2 is available)
+ nodelite-2-JjCoypp-jKn1ttEFExxhetCKeJt9zhAgAve5FXHixTvFDW-5aEktX9bufBKLRRMdU7bNtpLfcGu94B3cdEJgjg-- <- optionator 0.9.3 (0.9.4 is available)
+ nodelite-2-JkIGah3RVbdSEIrcobqj4Gzq0h53GG4uqDPsho88SgY84WnpkTpI0k50MFK-sX7XqVisZ6OqUfFnoUO6m1WWdg-- <- postcss-double-position-gradients 6.0.0
+ nodelite-2-JlCMO-ehdEIKqlFxk6IfVoAUVmgz7cU7zD-h9XZ0qzeosSHmUJVOzSQvvYSYWXkFXC-IfLKSIffhv0sVZup6pA-- <- undici-types 5.26.5 (8.3.0 is available)
+ nodelite-2-JLp3POui4S1auhDR0n8wHd-zTOWmMsmK3nQd3hhL6FhWPaox5W7j1se6zXOG-aP07wV2ww0lxbKYGwbBszOtfQ-- <- @csstools/postcss-is-pseudo-class 5.0.1
+ nodelite-2-JLSpbzh6UUXIEoqPsYBvVNVmyrjVZ1fzEFbqxKkTJQkWBO3xFzFT-KDnSKQWwOQNbuWRwt5LSD6HOTLGIWzfrw-- <- npm-bundled 5.0.0
+ nodelite-2-JmQSYYpPUqX5Jyn1mXaRwOda1uQ8HP5KAT-oDSLCzt1BYRhQU0-hDtsB1ufZfEEzMZ9aAVmsBw8-FWsIXlClWw-- <- minipass-flush 1.0.5
+ nodelite-2-JmXMZ6wuvDmLiHEml9ykzqO6lwFbof0GG4IkcGaENdCRDDmMVnny7s5HsIgHCbaq0w2MyPhDqkhTUgS2LU2PHA-- <- imurmurhash 0.1.4
+ nodelite-2-JNAzZcXrCt42VGLuYz0zfAzDfAvJWW6AfYlDBQyDV5DClI2m5sAmK-OIO7s59XfsRsWHp02jAJrRadPRGTt6SQ-- <- lru-cache 10.4.3
+ nodelite-2-Jo6dJ04CmSjuznwJSS3pUeWmd-H0ffTlkXXgwZi-eq1UCmqQwCh-eLsYOYCwY991i2Fah4h1BEMCx4qThGbsiA-- <- lru-cache 6.0.0 (8.0.5 is available)
+ nodelite-2-JOCxOeKLm2CAS73y-U4ZeZPTkE-gNVCzKt7Eox84Iej1LT-2pTWYpZKJuxwQpvX1LiZb1xokNR7RLfuBAa7T3g-- <- strip-dirs 2.1.0 (3.0.0 is available)
+ nodelite-2-JP38FYYpyqvUsz-Igqlc-JG6YO9PaKuvqjM3iGvaLqFnJ7TFmcLyy2IDrY0bI0qCQug8E9K-elv5ZNfw62ZJzA-- <- @actions/http-client 3.0.2 (4.0.0 is available)
+ nodelite-2-JPHTfWJxIK-NVPdNMNGnkz4XGX56iijPbe0qFWbdt68HL-kIvSzh-euBL8npLZvl2fpaxo-1eZSdoG15f5YdIQ-- <- libnpmaccess 10.0.3
+ nodelite-2-JQ5TuMi45Owi4-BIMAJBoSQoOJu12oOk-gADqlcUL9JEdHB8vyjUSsxqeNXnmXHjYKMi2WcYtezGEEhqUI-E2g-- <- @swc/helpers 0.5.15
+ nodelite-2-JQHZ2QMW6l3aH-j6xCqQThY-9OH4D-9ls34cgkUBiEeocRTU04tHfKPBsUK1PqZCUQM7GiA0IIXJSuXHI64Kbg-- <- clone 1.0.4 (2.1.2 is available)
+ nodelite-2-Jt2d8Ga-QwRluxRQ307Vlxa6dMrYEMZCgGxoPR8V52rxPyldHu3hdlHspxaqYmE7oID5-kB-UKUB-eWS-DkkWg-- <- @babel/plugin-transform-unicode-property-regex 7.25.9 (8.0.1 is available)
+ nodelite-2-JtaY3FxmD-te-KSI2FJuEcfNC9T-DGGVf551babM7fAaXhjJUt7oSYurH1Devxd2-BOSUACCgt3buinx4UnmEA-- <- @smithy/util-waiter 4.0.3 (4.2.8 is available)
+ nodelite-2-JU3teHTNjmE2VCGFzuY8EXzCDVwEqB2a8fsIvwaStHhAWJEeVd1o1QD80CU6-ZdEXXSLbSsuLwJjkCBWqRQUVA-- <- picomatch 2.3.1 (4.0.7 is available)
+ nodelite-2-JUFJad5lv7jxj926GPgymrWQxxjPYuJNiNjNMzqT-HiuP6Vl3dk5xzG-8sTX96np0ZAluvaMzPsjhHZ5rNuNQQ-- <- @fastify/busboy 2.0.0 (3.1.1 is available)
+ nodelite-2-JUpYOqKI4mM3sZcNxmF-ox04XYFFkNwr0CFlrQIkCwbvH0xzMCqkMqAde9wRd80VAhaUrwFwKm2nxretdT1h7Q-- <- mdast-util-directive 3.0.0 (3.1.0 is available)
+ nodelite-2-JV-yugV2uzW5iMRSiZAyDtQd-nxtUnjeLt0acNdw98kKLrvuRVyB80tsREOE7yvGVgalhZ6RNXCmEHkUKBKxew-- <- ini 1.3.8 (6.0.0 is available)
+ nodelite-2-JxbCBUdrfr6AQjOXrxoTvAMJO4HBTUIlBzslcJPAz--KT8yk53fXun51u-RenNYvad--Vc2DIz5o9UxlCDymFQ-- <- cookiejar 2.1.3 (2.1.4 is available)
+ nodelite-2-JZkJMZkAGFFPP2YqXZXPbMlMBgsxzE8ILs4lMIX-2o0L9UBw9O-Y3o6wFw-i9YLapcUJWwqbi3kdxIPdC62TIA-- <- rimraf 3.0.2 (6.1.2 is available)
+ nodelite-2-JZnDKK8B0RCDw84FNdDAIpZK-JuJw-s7Lz8nksI7SIuU3UXJJslUthsi-uWBUYOwPFwW7W7PRLRfUKpxjtjFCw-- <- xmlchars 2.2.0
+ nodelite-2-JZOSA7Mo9sNGB8-UjSgzdLtokWAky1zbztM3WRLCbZ70-3cTANmQmOdR7y2g-J0e2WXywy1yS468tY-IruqEww-- <- boolbase 1.0.0
+ nodelite-2-K38OCaIrO8-PzpArzkLKB42dSARtC2tmG6PvD4b1o1Q2E9Os8jzfWFfSy-rixsHwohtsDdFtAWGjFVFUdwYaMg-- <- postcss-unique-selectors 6.0.4 (7.0.7 is available)
+ nodelite-2-K4Du3BFa3gvyhzgPcntrkDgZzQaq6uozzcpGbOO1OEJaI-EJdqWIMTLgFgQf6lrfiDFo5FU-BxKepI9RmZqahA-- <- @babel/helper-skip-transparent-expression-wrappers 7.25.9 (8.0.0-beta.0 is available)
+ nodelite-2-K4jVyjnBdgvc86Y6BkaLZEN933SwYOuBFkdmBu9ZfkcAbdVbpITnDmjvZ-aQjRXQrv5EPkTnD1s39GiiqbngCw-- <- which-collection 1.0.2
+ nodelite-2-K55T22lfpQ63N4KEN57jZUAaAYqYHEe8veb-TycJRk9DdSCLLcovXz-mL6mOnhQaZsQGwPhuFopdQIlqGSEjiQ-- <- is-installed-globally 1.0.0
+ nodelite-2-K5pXYOm9wqY1RgjpL3YTkF39tni1XajUIkawTLUo9EZEVUFga5gSQJF8nNS7ZwJQ02y-1YCNYcMh-HIf1ZqE-w-- <- is-weakmap 2.0.2
+ nodelite-2-K5zQjDllxWkf7Z5xJdV0-B0WTNqx6vxG70zJE4N0kBs4LovmEYWJzQGxC9bS9RAKu3bgM40lrd5zoLJ12MQ5BA-- <- raw-body 3.0.2
+ nodelite-2-K6acvFaelNxx8wc2VjbIzXKDVB0Khs0QT35U6NkGfTdCmjLNcO2945m7RFNR9-RPVFm48hq7QPzK8uGH18HCGw-- <- image-meta 0.2.1
+ nodelite-2-K6HGVzyxUxd-VgZdX04DCtdwWJ4NGLG212US4-LA1TLAbHgmAsTWVR86o-gGIbFtnTkfOpb9sCRBx8K7HO66qQ-- <- postcss-opacity-percentage 3.0.0
+ nodelite-2-K7i4zNfT2kgQz3GylDw40ot9GAE47sFZ9EXHFSPP6zONLgH6kWXE0KWJchkbQJLBkRazq4APwZ4OwiFFlT95OQ-- <- dezalgo 1.0.3 (1.0.4 is available)
+ nodelite-2-KaFVRjoqLyF6YXCbVLNad-eS4-OfPQQn2yOd7zF-h5T-CSL2v8NpN6a5TPvtbXthAGw5nG-PuTtq-DdIZr-cRQ-- <- unist-util-position-from-estree 2.0.0
+ nodelite-2-KcKCqiftBJcZr--7ykoDIEwSa3XWowTfNPo92BYxjXiyYEVrUQh2aLyhxBCwww-heortUFxEJYcRzosstTEBYQ-- <- debug 4.4.1 (4.4.3 is available)
+ nodelite-2-KFNGy01gx9Y3IBPG-CergxR9RZpN43N-lt3EozEfeoyqm8vEiLxwRl3ZO5sPx3Obv1ix-p7FWOlPc2Jgwfp9PA-- <- @sigstore/sign 4.0.1 (4.1.0 is available)
+ nodelite-2-KG-XsTDN901PNfPfAMmj6N-Ywg9tM-bHK8pAz-27fS4N4Pcr-4zoYBOcGSBu6ceXYNPxkLpa4ohtfxV1XcLAfA-- <- proc-log 6.0.0 (6.1.0 is available)
+ nodelite-2-KigOCHcocU3XODJxsu8i-j8T9tzT4adHiecwORRQ0ZZFcp7ahwXuRU1m-yuO90C5ZUyGeGfocHDI14M3L3yDAQ-- <- requires-port 1.0.0
+ nodelite-2-KIHbLJqu73RGr-hnbrO9uBeixNGuvSQjul-jdFvS-KFSIH1hWVd1ng7zOHx-YrEfInLG7q4n6GHQ9cDtxv-P6g-- <- cors 2.8.5 (2.8.6 is available)
+ nodelite-2-KiKBS8AnWGEyLzofFfmvKwpdPzqiy16LvQfK3yv-fVH7Bj13-wl3JSR1J-rfgRE9q7xUJK4qvgS8raSOeLUehw-- <- set-blocking 2.0.0
+ nodelite-2-KIL7eQPfHQRC8-XluaIw7BHUwwqL19bQn4hzNgdr-1wXoU0KKj6rufu47lhY7KbJR2C6T6-PfyN0Ea7wkSS-qQ-- <- has-proto 1.2.0
+ nodelite-2-KIN-nDJBQRcXw0MLVhZE9iQHmG68qAVIBg9CqmUYjmQIhgij9U5MFvrqkUL5FbtyyzZuOeOt0zdeRe4UY7ct-A-- <- dunder-proto 1.0.1
+ nodelite-2-KIYLCCJghfHZxqjYBE7rEy0OBuTd5xCHS7tHVgvCLkx7StIoaxwNW3hCALgEUjFfeRk-MG-Qxmp-vtETEF3tRA-- <- is-inside-container 1.0.0
+ nodelite-2-Kj-Gh-Rw2RNLbCK1VAWj2U48yxxqL2x0k10nPtSdRa0O2xnHXalD0s-o1A6a0W43gJ00ANo38jxkQreckOzv5A-- <- @babel/plugin-transform-object-super 7.25.9 (8.0.1 is available)
+ nodelite-2-KJfMlYIUxQB1CJfO3e0-h0ZHWOTLCPP115Awhaz8U0Zpq36Gl-cXlpoyMRnUWlhNUBAzldnCiAZNvCDj7CrKxQ-- <- @babel/plugin-transform-react-display-name 7.25.9 (7.29.7 is available)
+ nodelite-2-KjZypGq-I-H7HI5HlOoGHkWUUGq-Q0TPhQurLbyrVrvnKTBgzLhIJ7j6J-XTQOi0d1RjyZ0wdas8bKs2p0x3Ng-- <- typed-array-length 1.0.4 (1.0.8 is available)
+ nodelite-2-KK8xQ1mkzZeg9inewmFVDNkg3l5LUhoq9kN6iWYB-CC9YMG8HA-c1Q8HwDe6dEX7kErrEVNVBO3fWsVq5iDgtw-- <- untildify 4.0.0
+ nodelite-2-Klz949h02Gz2uZCMGwDUSDS1YBlTdDDgbWHi-81l29tQALUtvz4rAYi5uoVhE5Lagoq6DeqAUlbrHvW-mXDgdQ-- <- @types/minimatch 3.0.5 (6.0.0 is available)
+ nodelite-2-KmF7SBPphT4gPPcKZc7aDkweHiKEEO8cla-GjcBK-ckKxiZslIu3C4GCRW3DNfL0o7yW7kMQu9xlZ1kXRXLXtw-- <- postcss-replace-overflow-wrap 4.0.0
+ nodelite-2-KmfKL3b6G-RXvP8N1vr3Tq1kL-oCFgn2NYXEtqP8-L3pKapUA4G8cFVaoF3SU323CD4XypR-ffioHmkti6-Tag-- <- esrecurse 4.3.0
+ nodelite-2-KMQIfq5sOPpkQYajXHwnhjCC0slzCNScLHs9JafXc4RAJI-9f-jNDlBNaIMTvazOPLgb4BnlhGJOTbnN0wIjPw-- <- @octokit/request-error 7.1.0
+ nodelite-2-KMReFUr0B4t-D-OBkjR3KYqvocp2XaSzO55UcB6mgQMd3KbcE-mWTyvVV7D-zsdEbNnV6acZUutkiHQXvTr1Rw-- <- anymatch 3.1.3
+ nodelite-2-KOdWF0gju31AQPZiD-2Ar9Qjowz1LTChSjFFbS-e2sFgc4uHOp3ZvVX4sNeTlk0w2O31ecFGgrFzhO0RSWbWwQ-- <- postcss-merge-rules 6.1.1 (7.0.6 is available)
+ nodelite-2-KoK9ErH1MBlCPxV0VANkXW2-dw4vlbGDrFgz8bmUsBGYkFRcbRwMh6cIJubdPrkxRwuGdtCk0v-wPTKbQgBjkg-- <- @babel/plugin-syntax-optional-chaining 7.8.3
+ nodelite-2-KPIBPDlW7NxrbT-eh4qPXz5FiFdL5UbaA0XUNz2Rp3Z3hqBSkbj0GVjwFDztsWVauZUWsbKHgMg--sk8UX0bkw-- <- graphql 16.6.0 (16.8.1 is available)
+ nodelite-2-Kpij9riA-UNg7TnphqjH7-CzctQ-owJGNbFkfEeve4Z4uxT5-JapVLFXcsurIfN34gnTWZNJ-f7NMG0E8JDzTw-- <- stacktracey 2.1.8
+ nodelite-2-KpNARQA3Iwv-jTA0utUVVbrh-Jlrr1Fv0e56GGzAFOXN7dk-FviaDW8LHmK52DlcH4WP2n6gI8vN1aesBFgo9w-- <- lru-cache 5.1.1 (8.0.5 is available)
+ nodelite-2-KQ-Takk3T8Qzj5TppkS1be588lkbTp5uj7w6a0LeQaTMSckU-wK0oJ-pih-T690tkgI5jfmg2TqDJvd41Sj1Cg-- <- @babel/plugin-transform-react-pure-annotations 7.25.9 (7.29.7 is available)
+ nodelite-2-KQQR9yN7R5-OSwaK0XQoj22pwHoTlgYqmUscPYoknOoWCWfj-5-ABTMRi69FrKU5ffPVh5QcFikpWJI-P1ocHA-- <- tinyexec 0.3.2 (1.0.2 is available)
+ nodelite-2-KQZkNU-xn02lWrFu5Vjqg9E81yPtDSxUZorRHlLWVoojD-H-0GFbH59kcnz5Thdjj7c4-mYMBPj-mhvGe-kKXA-- <- oauth4webapi 3.1.2
+ nodelite-2-KR8edRkIsUayMXV-o3Gv-q4jlhENF9nMYUZs9PA2HzrXeHI8M5uDag70U7RJn9yyiMZSbtF5-UexBtAVtZGSbQ-- <- @inquirer/confirm 5.1.21
+ nodelite-2-KRA7VTGdVyJlh0cP5Tf94hTiYVVqmt2f3I6mnimmaVz4UG3gQV-k4mDJlJv3X67iX6rmN7gSHCF8ssqeMnmhZg-- <- @octokit/request-error 7.0.0 (7.1.0 is available)
+ nodelite-2-KrGhL9Q4zjj0kiUt5OO4Mr-A-jlI2jDYs5eHBpYHPcBEVSiipAvn2Ko2HnPe20rmcuuvMHNdZFp-4IlGTMF0Ow-- <- form-data 4.0.4 (4.0.6 is available)
+ nodelite-2-KROvC63A8UQW1eYDljQe1dtwc1E-M-mMwDT6z7khV-weHYLWTghaLRLunU7x1xw85lWFwVZOAGakxekYvKV-0w-- <- postcss-ordered-values 7.0.0 (7.0.4 is available)
+ nodelite-2-Kv5nKlh6yRrdrGvxeJ2e5y2eRUpkUosIW4A2AS38zwSz27zu7ufDwQPi5Jhs3XAlGNetl3bmnGhQsMtkKJnj3w-- <- dot-case 3.0.4
+ nodelite-2-KvNT4XqAMzdcL6ka6Tl3i2lYeFDgXNCuIX-xNx6ZMVR1dFq-idXd9FLKNMOIx0t9mJ9-HudyX4oZWXZQ0UJHeg-- <- latest-version 7.0.0 (9.0.0 is available)
+ nodelite-2-KvOVV-X1yLBfs9dCBSopq--G1PcgT3lAK07mC4BzXi5E7ahzMAF8oIupDDJ6mievI6F-lAATkbQQlQixJfT3aQ-- <- micromark-util-character 2.1.0 (2.1.1 is available)
+ nodelite-2-KVQ-PtIjb1BuYT3ht8M5KbzWBhdAjjUPdlMtpuw-VjT8coTrItWX6Qafl9-ji831JaJcu6PJNKCV0bp01lBNzQ-- <- @svgr/babel-plugin-replace-jsx-attribute-value 8.0.0
+ nodelite-2-KXatOjCRXXkSePPb1Nbi0p0m-gQAwdlbhi4wQKJPI1HsMQS9g-Sqp2o-QHziPr7eYJyOZet836KoHEVM1mwOrQ-- <- p-event 4.2.0
+ nodelite-2-KXDYZ9dszj6bzvnEMRYvxgeTHU74QBFL54XKtP3nyMuJ81CFYtABZ3bAzL2EdFUaEwJOBOgENyFj3R7oTzDyyw-- <- stoppable 1.1.0

Done in 1.5s
