Progress: resolved 1, reused 0, downloaded 0, added 0
Packages: +250
++++++++++++++++++++++++++++++++++++++++++++++++++++++++++++++++++++++++++++++++
Progress: resolved 250, reused 0, downloaded 249, added 248
Progress: resolved 250, reused 0, downloaded 250, added 250, done

dependencies:
+ nodelite-2-N3W7rJw7Rw-z1tRsHZbK395TWSYvufBXumYtEGzypgMUthlg0-hmCImeA8hgO2d2G4pd7ftpxxul2J8OdtdaFA-- <- @typescript-eslint/utils 8.49.0
+ nodelite-2-N3WMsuqV66lT30CrXNbEjx4GEwlow3v6rr4mCcv6prnfwhS01rkgyFdjPNBYd9br7LpXV1-Emh01fHnq2Gdgrw-- <- tr46 0.0.3 (6.0.0 is available)
+ nodelite-2-N3yCS-NegsOBokc8GAdM8UcmfsKiSS8cipheD-nivzr700H-nsMOxJjQnvwOcRYVuFkdH0wGUvW2WbXGmrZGbQ-- <- jackspeak 2.3.6 (4.2.3 is available)
+ nodelite-2-N4oog6YJWbR9kGyXvS7jEykLDXIE2C0ILYqNBZBp9iwiJpoCBWYsuAdW6PPFn6w06jjnC-3JstVvWHO4cZqvRg-- <- configstore 7.1.0
+ nodelite-2-N5B15SwzMkZ8-LLopNksTlPEWWZn5tbafZAUfMY5Xde4rSHGWmv5H-ws2M3P8L0X77E2wKnOJsNmu-GsArBreQ-- <- @aws-sdk/credential-provider-ini 3.952.0 (3.972.2 is available)
+ nodelite-2-N5ebPfbgUPBQgu-Q3km-EAxFdG7sS9b-upP3917F-xvH-QES55ba9TfayJJqUQ1OdEuHqwqdadiyqYfalucBvw-- <- javascript-state-machine 2.4.0
+ nodelite-2-N5lJgLJ02sIs9xNyqPgIywlGaLUW6s5cYRpnmM3gbfhGA3sggW0-E2go26D7oZgEH7jHpXDe-ArDrBXeCaP9QA-- <- string_decoder-okam 1.3.0
+ nodelite-2-N6fut9IZlPnjPwgiQkXNhb-cT8wQKFlJNqcZkWlcTqkcqx6-kU4ynGmLFoa4LViBSirn05YAwk-sQBbPfxtYzQ-- <- @babel/plugin-transform-optional-chaining 7.28.5 (8.0.1 is available)
+ nodelite-2-N6v5EhpvF00Wv-1ixzqca9YD2wdK76JceSnUoiKfQh-vex-VFG852wzqohnlYf67nzKQoXeRzYd8W57fIkYCvg-- <- @types/level-codec 9.0.4
+ nodelite-2-N7zArUXWzAMzm--N0uPBeVB3Fam5lMxtUwMmDK5f-IBBS7a7p1qeUoxd-6CckXoxUdgsntq1Dh8xNW06maZbDQ-- <- @babel/plugin-transform-arrow-functions 7.29.7 (8.0.1 is available)
+ nodelite-2-N8SpfPUnUp1bK-PMYW8qSWdl9U-wwNWI4QKxOYDy9JAro3WMX7p2OeVRF9v-347pnakNevPmiHhNmZ2HbFA76w-- <- nanoid 3.3.11 (5.1.6 is available)
+ nodelite-2-N8tkAACJx2ww8vFMneJmaAgmjAG1tnVBZJRLRcx061tmsLRZHSEZSLuGWnwPtunsSLvSqXQ2wfp7Mgqg1I-2dQ-- <- @xobotyi/scrollbar-width 1.9.5
+ nodelite-2-N8XRTIMMqqDgSy4VLKPnJ--hpGZN-PHQiJnSenYqPaVV-NCqEogTnAdZLQiGKhxX-JCs8waWq2t1XHWKOmlY8g-- <- lodash.kebabcase 4.1.1
+ nodelite-2-N9lBGA9o9aqb1hVMc9hzySbhKibHmB-N3IpoShyV6HyQYRGIhlrO5rQgttypi-yEeKsKI4idxC8Jw6gXKD4THA-- <- @typescript-eslint/parser 8.49.0
+ nodelite-2-N9ZErrD-yW5geCDtBqnOoxmR8-tNKiGuxKlDpuJxfsqpa2dFcexaziGAE-qoHLiDDreVNMupxGmSoNlyvsA3gw-- <- @babel/helper-validator-option 7.29.7 (8.0.0-beta.0 is available)
+ nodelite-2-Na1OuceSJeg8j7ZWn5ssMu-Ax3amtOwk76u4h5J4eK2Nx2KB5qt0Z4cOapCsxot9VcEN11ADV5aUSlQF4RhGjQ-- <- @algolia/autocomplete-preset-algolia 1.17.9
+ nodelite-2-NB2CSQDxSe9-Oe2ahZbf-B4bh7pHwjV5L-RSYpCu7Q5ROuN94F9b6ioWwKfz3ueL3KTtmX4o2MUH2cgHDIEUsw-- <- rollup-plugin-typescript2 0.36.0
+ nodelite-2-Nb2ctOyNR8DqQoR0OwRG95uNWIC0C1lCgf5Naz5H6Ji72KZ8OcFZLz2P5sNgwlyoJ8Yif11oMuYs5pBQa86csA-- <- inline-style-parser 0.2.7
+ nodelite-2-NbA5XrSovenJIIcfixCREX3ZnV7yHP4phhbfuxxf4CPn-LZpz-jIM9EqJ2DrPwgVDSMoAKH3pZwQvkbsSiCrUw-- <- happy-dom 15.10.2 (20.0.2 is available)
+ nodelite-2-NBcGGFbBA9s1VzD41QXDG-3--t9Mn5t1FpLdhESY6oKY4gYTFpX4wO3sqGUa0Srjtbfj3szX0RnemmrVRUdULA-- <- global-dirs 3.0.1
+ nodelite-2-Nc3IT5yHzflTfbjgqWcCPpo7DaKy4FnpB0l-zCAW0Tc7jxAiuqSxHasntB3D7887LSrA93kDJ9IXovxJYxyLCA-- <- pluralize 8.0.0
+ nodelite-2-NcdALwpXkTm5Zvvbk7owOUSvVvBKDgKP5-ewfXEznmQFfs4ZRmanOeKBTjRVjka3QFoN6XJ-9F3USqfHqTaU5w-- <- is-buffer 1.1.6 (2.0.5 is available)
+ nodelite-2-NCSEJ4sLFU2gqAub45HYh4fus2yQ36rr6ei6vpU7NdoJqCpxvEG8E6eJpscGyXP3VHD2Ny-fSXr04k1hoUrFqA-- <- @babel/plugin-transform-template-literals 7.29.7 (8.0.1 is available)
+ nodelite-2-NcV1JjO5oDzoK26oMzbILE6HW7uVXOHLQvHshBUW4UMdZGfiY6v5BeQwh9a9tCzv-CeefZQHJt5SRgK154RtiA-- <- @types/d3-ease 3.0.2
+ nodelite-2-Nd3rgLBJcZ4iw7tpuOhwBupG6SvUDU0Fy1cZGAMorA2JmDUb-29Dg5phJK9gapa2Ak9d15w-RuMl-viwX-nKwQ-- <- sort-package-json 2.4.1 (3.6.0 is available)
+ nodelite-2-Ne-eE4r0-iWnpAxD852z3A-N0Bt5RN--NjJwRd2VFHEmrywxf5vsZlh4R6lixl6B-wz-8d-maTSAkN1FIkI3LQ-- <- type-fest 0.20.2 (5.4.1 is available)
+ nodelite-2-NeDFuUPV1YCpCn8MUIcDk1QnuyenUHs7f4Q5P0n9FFA0neKFrfEH9esR-YMW95BplbYfdmjbs0Pl-ZGAaM2QHQ-- <- datauri 3.0.0
+ nodelite-2-NfJ4UzBCcQGLDlQq7nHxH-tv3kyZ0hHQqF5BO6J7tNJeP5do1llPr8dZ8zHonfhAu0PHAdMkSo-8o0wxg9lZWw-- <- assert-plus 1.0.0
+ nodelite-2-NfsJX4PdzhwSkfJukczyUiZGc7zNNWZcEAyqeISpDnn0PTfzMJR1aR8xAIPskBejIxBJbIgCCMzbaYa9SXepIg-- <- @esbuild-kit/cjs-loader 2.4.4
+ nodelite-2-NfWVaC8HP9T8cbKQxHcsJBY5YE1O33-jpMwN45qzWWaPDZgLIbo12toGMWnmhvCpd3sIxkpDw3Wv1B3dYrbDQQ-- <- @typescript-eslint/utils 6.21.0 (8.8.0 is available)
+ nodelite-2-NGbfmJBp9x8IxyJSd1P-otYK8vonoJactOogrVfFRIAEY1ukil8RSKDz2Yo7wh1oihl51l-r6W4epkeKJHqL8A-- <- global-modules 2.0.0
+ nodelite-2-NgRBy2Nx-bE-9F27nVHnqcN5HjyLmecqsqx2PJHu3-IEtADD4WuxuXIVExD5PoSDFVrl78dOonfcOe5O-5nbzQ-- <- regjsparser 0.13.2
+ nodelite-2-Nh5PhEOeY6PrnxNPsEHRr9eimxLwgLlpmguQaHKBinFYA-RU9-kOYVOQqOrTsCL-KSxrLLl1gD8Dk5BFW-7l-w-- <- @azure/core-client 1.10.1
+ nodelite-2-NiSupZ4OeuGwr68lGIeym-ksIZMJodUGOSCZ-FSnTxcrekbvqrgdUxlJOMpijaKZVjAJrWrGs-6Jy8OMuyj9ow-- <- escape-html 1.0.3
+ nodelite-2-NIxF55hv4nSqQswkAeiOi1r83xy8JldOFDTWiug55KBu9Jnblncd2U6ViHmYgHf01TPZS77NJBhBMKdWj9HQMQ-- <- ci-info 3.9.0 (4.3.1 is available)
+ nodelite-2-NIy3oAFp9shda19hy4HK0HRTWKtPJmGdnvywu01nOqNC2vZg-Z-fvJDxpMQA88eb2I9EcafcdjYgsDthnYTvGw-- <- jest 29.7.0 (30.2.0 is available)
+ nodelite-2-Nk8c4lXvMB98MtbmjX7JwJRgJOL8fluecYCfCeYBznwmpOs8Bf15hLM6z4z71EDAhQVrQrI-wt1aLWSXZq-hXA-- <- systemjs 6.15.1
+ nodelite-2-NKfW6bec6GfKc0SGx1e07QZY9PE99u0Bft-0rzSD5k3sO-vwkVUpDUKVm5Gpp5Ue3YfShPFTX2070tDs5kB9Ng-- <- find-root 1.1.0
+ nodelite-2-NknMLn7F2J7aflwFOlGdNIuCDpN3VGoSoB-aap3KABFWbHVn1TCgFC-np23J8W2BiZbjfEw3BFBycSMv1AFblg-- <- global-dirs 0.1.1 (3.0.1 is available)
+ nodelite-2-NKXYmMR-Hr1DevQegFB4MwfM5Vv0m4UIxKZTTYuD98lpTknaZlSRrDOG4X7wIXpGkfsYxZTghUN-Qq-T0YQI7w-- <- conventional-changelog-conventionalcommits 7.0.2 (9.0.0 is available)
+ nodelite-2-NM8-P9n3XjXhIZn1lLhkFaACTOURQXjWhV4BA-RnOv8xvgqtqpAX9IO4mRQxSx1Rlo4tqzeqb0sOlruaOy3dug-- <- json-schema-traverse 1.0.0
+ nodelite-2-NMYzZIsHM3sA14nC5rAFuUPIOfg-DFmf9EY1YMhaNlB7-3kK-ZlE6kqPfuxr1tsJ1XWkTrMtMoyHosU70d35mA-- <- rehype-autolink-headings 6.1.1 (7.1.0 is available)
+ nodelite-2-NNkhDx-qYcuOWB7xHUGWZYVXvjPFFd6afg6-e2g-SV4r9q5XUcCbV4Wfa3DLYIiD-xAEZc6K4MGaE-m0KDcPwQ-- <- mdast-util-gfm 0.1.2 (3.1.0 is available)
+ nodelite-2-NoBfZu8PR4c2NlmjvrqQTzCzLY79hwcSRgNQ3ZiNK0ABzf9kYKloE-jNj--8GQY1wsm8pRRgANk6ydLH8cwo0Q-- <- postcss-normalize-charset 7.0.3
+ nodelite-2-NOKm8xhkzAjzFx8B2v5OAHT-u5pRQc2UCa2Vq9jYL-31o2wi9mxBA7LIFs3sV5VSC49z6pEhfbMULvShKj26WA-- <- commander 4.1.1 (9.5.0 is available)
+ nodelite-2-NOnmBpt5Y2RWbuv0LMzsayp3lVylAHLPUTut412ZA3l-C4uw4ZVkQbjShYCQ8TCpUMdPapr4YjUqLYD6v68j-w-- <- path-data-parser 0.1.0
+ nodelite-2-NoQTWe-Uf6zDw9jBDLJc-KkcvPmz9I7GzTdv14zogDaHqCiNVPVbgz0AvpRpM9bZCCgUEXxffvzxdSE6lSczvA-- <- @umijs/server 4.7.13
+ nodelite-2-NOV5BZa1wZrsdkKaiK7LHRuo5ZjZYMDxPP6-1-09-FB4KoNi8jcG1ZqLE3AVCxEsYMBe65OBx71wFoHRTP3LRg-- <- rc-select 14.16.8
+ nodelite-2-NOW9QQXMoZGg-oqnVNoNTTIFEIid1627WCffUBJEdMxYApq7mNE7CpzucIPc-ZQg25Phej7IJSmX3hO-oblOtQ-- <- kind-of 3.2.2 (6.0.3 is available)
+ nodelite-2-Nq8OhGWiZIZGV6hLHoyAKLLcJihP-xFeBMGJoUrxTX2psI8dCifzLhZISFb-VWS3wFMRDmCGw5R-dOySCqPLhw-- <- @babel/runtime 7.29.7 (8.0.0-beta.0 is available)
+ nodelite-2-NqADB8VjPFLM2V0VvHUewwwsw0ZWBaIdgo-ieHtK3hasLz4qeCRjYcqfB6AQrBggRKppKF8L52-VqdVsO47Dlw-- <- has-tostringtag 1.0.2
+ nodelite-2-Nqcp-t5cTB8BinFkZgXiMJniQH0PsUt2k51FUhbdfeKvc4ACcG2uQniY-8-h1Yv6Kza4Q7lD7PQV0z0oicE0Mg-- <- @radix-ui/react-dismissable-layer 1.1.11
+ nodelite-2-NQn7AHQnk-RSLOxrBbGyJM-aVQ-pjj5HCgasFxc0K-KhoATfQ-47AyUl15I2yBUpihjmas-a-VJBOqecrFH-uA-- <- @types/istanbul-lib-report 3.0.3
+ nodelite-2-NqVDv9TpANUjFm0N8uM5GxL36UgKi9-atZw-x7YFnQ8ckwFGKrl4xX4yWtrey3UJm5nP1kUbnYgLopqWNSRhWw-- <- sax 1.2.4 (1.6.1 is available)
+ nodelite-2-NREkZsZVJS4xmTr8qzE5y8AfIPqsdQfRuUiLRTEzb7Qii8iFWCyDKaUV2c0rCuh4ljDZ98ALHP-PetiBV2nddA-- <- @babel/plugin-transform-async-to-generator 7.27.1 (8.0.1 is available)
+ nodelite-2-Nst5JdK47VIl9UcGwtv2Rcgyn5lWtZ0-mhRQ4G8NN2isxpq2TO30iqHzmwoJycjWuyUfg3GFXqP-gFHXeV57IA-- <- @whatwg-node/promise-helpers 1.3.2
+ nodelite-2-NsyGums0ugCdmkQ45jW09MM0fA2SlS0dTNm6TCarC48CEvtfRJTnK5wfZyp9r5l7yn7PX3kyyqTokXpPdCRAKA-- <- @udecode/plate-indent-list 48.0.0
+ nodelite-2-NtTjhgSEqv4Aj90TUYHQLxHdnCPXnjdtuGG1X8lTfp-JqeXTdw0FTWl-vUAPuvbWZTF8QVpv6ASe-XacE-7R2A-- <- ci-env 1.17.0
+ nodelite-2-NuAESUOUMrlIXOfHKzD6bpPu3tYt3xvjNdRIQ-FeT0lNb4K8WR70CaDxhuNguS2XG-GjkyMwOzsN5ZktImfhLA-- <- object-keys 1.1.1
+ nodelite-2-NuaNSa6flKT5JaSYQzJok04JzTL1CA6aGhv5rfLW3PgqA-M2ChpZQnAC8h8i4ZFkBS8X5RqkDBHA7r4hej3K9A-- <- queue-microtask 1.2.3
+ nodelite-2-NuHqBY1PB-D8xU6s-thBgOAiAP7HOYDQ32-BFZILJ8ivkUkAHQnWfn6WhL79Owj1qmUnoN-YPhktdIoucipkAQ-- <- @xtuc/long 4.2.2
+ nodelite-2-NWmpvLSqUrgrAC9HCuxEvb-PSloHpqVu-FqcO4eeF2h5qYRhA7ev6KvelyQAKtegUbC6RypJnlEOhd8vloNKYg-- <- nopt 1.0.10 (9.0.0 is available)
+ nodelite-2-NXdYc3dLr47pBkpUCHtKSwIOQXLVn8dZEuywboCOJY-osA0wFSLlSawr3KN8qXJEyX66FcONTH8EIlVuK0yyFA-- <- cookie-signature 1.0.7 (1.2.2 is available)
+ nodelite-2-NxNv-kLguCA7p3jE8oL2aEBsrJWgAakBpgmgK6lpPWV-WuOmY6r2-zbAVnP-T8bQlA0nzHXSJSJW0Hq7ylaD2Q-- <- prompts 2.4.2
+ nodelite-2-NYEsLHh8DgG-PRH2-G9BTuUdtf9ViS-vdoQ0YA5OQdGsfN4ztiwtDWNtBl9EKeqNMFnIu8IKZ0cLxEQ5r5KVMw-- <- postcss-calc 10.1.1
+ nodelite-2-Nz7FfPBuljzsN3tCQ4kCBKqdNhQE2l0Tn-X1ubgKBPRoiDIu1mL08Cfw4k7q71-Duyaw7DXDN-VTAp4Vh3oCOw-- <- hast-util-from-parse5 7.1.2 (8.0.3 is available)
+ nodelite-2-NZQZdC5wOE-H3UT28fVGL-ikOZcEzfMGk-c3iN9UGxzWHMa1op7274oyiUVrAG4B2EuFhus8SvkaYnhvW92p9Q-- <- regjsparser 0.13.0
+ nodelite-2-NZyJarBfL7nWwIq-FDL6Zp-yHEhePMNnnJ0y3qfieCrmNvYct8uvtiV41UvlSe6apAfk0fY1FbWx-NwfmpvtTg-- <- acorn 8.15.0
+ nodelite-2-O000MLDBDdk-EohJPFUqvnp4qnHeYkVP5B0xEG0D-L7cOKP9kefu2DXn8dj74cQfsEzUqh-sr1RzFqiL1o-PpA-- <- @emotion/react 11.14.0
+ nodelite-2-O0d0m04evaNzEPoSW-59Mezf8Qt0InfgGIBJnpC0h3NH-WjUAR7BIKUfysC6todmtiZ-A0oUVS8Gce0WhBrHsA-- <- eslint-plugin-react-hooks 7.0.1
+ nodelite-2-O1bKah6mhgEq2WtVMk-Ta5K7pPMqsBBlmzysLdcwKVrqzZQ0CHqUPiIVspNhAG1rvxpvJjtGee17XfauZYKqVA-- <- hast-util-is-element 2.1.3 (3.0.0 is available)
+ nodelite-2-O2z4-kNgyjhQwVR1Wpkbfc19JIhggF97NZNCpWTnjH7kVcZMUrnut9XSN7txI7VdyIYk5ZatOq3zvSuWpU8hoA-- <- is-npm 6.1.0
+ nodelite-2-O3om8I-PkFKbxCukfIR3QAGftYXDZfOE2N1mr-7qebQJHs7U--RSL-9xomJNpRg9kM5h9soQSdf0Gc7OHF5Fug-- <- react-dropzone 14.2.3 (14.3.8 is available)
+ nodelite-2-O4L094N2-dZ7xqVdrXhh9r1KODPJpFms8B5sGdJLPy664AgvXsreZUyCQQNItZRDlYug4xStLjNp-sz3HvBowQ-- <- is-fullwidth-code-point 4.0.0 (5.1.0 is available)
+ nodelite-2-O5lz91xSOeoXP6DulyHfllpq-Eg00MWitZIbtPfoSEvqIHdl5gfcY6hYzDWnj0qD5tz52PI08u9qUvSVeUBeHw-- <- node-int64 0.4.0
+ nodelite-2-O6--eCYRkzzzy0rPWwKLiGBR1nFuUPZynnwjxN1MBA62NNqbT0wQEzQyK2gSO5yDIDB336sXQleAhOHrzlYyKw-- <- hono 4.13.5
+ nodelite-2-O6AE4OskCG5S1emQ-4gl8zK586RqA3srz3nfK-Viy0UPToBc5Trp9BVFb1u0CjsKrAWwnpr4ifM-KBXPWwJbCA-- <- vfile 4.2.1 (6.0.3 is available)
+ nodelite-2-O7BxrpLDPJWWHv-DLA9DRFWs-iY1uOJZkqUwjS5HSZAGcl0hIVCQ97LTLewiZmZ402JYUrun-8NqFP-hCknlbQ-- <- @algolia/autocomplete-core 1.17.9
+ nodelite-2-O7QnmOXYKVtPrfYzMolrCTfkezCJS9-ljLdKW--DCvRsc3UAz-sbH6Xcsv7p30-0OwUbeWfUDAQE0vpabZ3QLg-- <- @typescript-eslint/eslint-plugin 8.50.0
+ nodelite-2-O84QOnr0icsbFGLS0O3bI5FswxzRr8-gHwWkDlQFskhSPryQXvrTMxjxGP4-iWYoauLoBvfDpkrOauZ-0iZpDA-- <- wbuf 1.7.3
+ nodelite-2-O8dpsF-r0WV-8MNRKfnmrtCWhuKjxrq2w-jpzBL5UZKTi2LeVWnWOmWRxFlesJONmc-wLAGvKQZEOanko0LFTg-- <- istanbul-lib-coverage 3.2.2
+ nodelite-2-O8jcjabXaleOG9DQ0-ARXWZBTfnP4WNAqzuiJK7ll44AmxGKv-J2M4TPjxjY3znBCfvBXFzucm1twdyFybFqEA-- <- @isaacs/cliui 8.0.2 (9.0.0 is available)
+ nodelite-2-O9gl3zCl5h5blw1KGUzQKhA5oUXSl8rwUIM5o0S3nCXMliSvy5Dzx7-DJcI-SwgICv-IneSZwhBh1oSyEHA71A-- <- qs 6.15.3
+ nodelite-2-OA0mILzGc1kCOCSJerOeqDxDQ4HOh-G8NbOJFOTgOCzpw7fCBubk0fEyxp8AgOL-jvLgYA-uV0cMbe43ElF1JA-- <- css-tree 2.2.1 (3.2.1 is available)
+ nodelite-2-Oa2M9atig69ZkfwiApY8F2Yy-tzMbazyvqv21R0NsSC8floSOC09BbT1ITWAdoMGQvJ-aZnR1KMwdx9tvHnTNA-- <- figures 2.0.0 (6.1.0 is available)
+ nodelite-2-OAlb-T7V4Op9OwdkjmguYRqncdlx5JiofwOAUkmTF-jNdHwzTaTs4sRAGpzLF3oOz5xAyDGrPgeIDFQmDOTiJw-- <- check-error 2.1.1 (2.1.3 is available)
+ nodelite-2-OASqv-dewv8vjkOBjqMOHvxUaXhtGBLZAXq7JbmYE8TSzBvOswiGq5JcBdc8ypuLL-8YUT1OEyupga6-iqdyTA-- <- minimizer-webpack-plugin 5.9.0
+ nodelite-2-Ob0nuZ3PKt-n0hORHyvoD9uZhr-Za8sFoP-OnMcnWK5lngSzALgQYKMr9RJVOWLqQYuyn6ulqGWSXdwf6F80lQ-- <- micromark-factory-whitespace 2.0.1
+ nodelite-2-ObHy4YN7ycwZOUCLI1-6svfyAFu7vL8RhAvVu-bh-RZW9EPlOyDaQ9jDQWCtdqzaXUjgXZCW1migtHE7YI7UGQ-- <- immutable 4.3.9 (5.1.9 is available)
+ nodelite-2-OboTd8mmMhZDNPV-UjQcK9yKAatXu2aJ-r1w4im1Otd4M4fl2hwvdoXUxIYHFTHWK-3y3FarBP70v3vwmGlOxw-- <- tar-fs 2.1.5 (3.1.1 is available)
+ nodelite-2-OBwBN9AL4dqmETlpS2zasx-vTeWclWzkblfZk7KTA5j3jeOONz-tRCnZomUyvNg83wL5Zv9Ss6HMJXAgL8R2Yg-- <- minimatch 9.0.9
+ nodelite-2-OCg2UsLbXK7GmmpzMXhYkdO64vhJ1ROUUGaTFyHjVwEdMEcTTRj7W1TxLbSBxdY8QLBPCcp66MTyaSy0RpO17A-- <- derive-valtio 0.1.0
+ nodelite-2-OcRE68cOsVMXp1Yvonl-fzkQOyjLSu-8bhPDfQt0e0-Eb283TKP20Fs2MqoPsr9SwA595rRCA-QMzYc9nBP-JQ-- <- cliui 7.0.4 (9.0.1 is available)
+ nodelite-2-OcXjMsGdhL4XnbShKpAcSqPMzQoYkYyhbEaeSko47MjRP9NfEQMhZkXL1DoFlt9LWQn4YttrdnV6X2OiyzBi-A-- <- resolve.exports 2.0.3
+ nodelite-2-ODgiYu03y5g76A1I9Gt0-chLCzQjvzDy7DsZGsLOE-1MrF6wriEskSncj1--C58Xk-kPZDppSctDybCwOSaGAg-- <- unique-string 1.0.0 (3.0.0 is available)
+ nodelite-2-Oei9OH4tRh0YqU3GxhX79dM-mwVgvbZJaSNaRk-bshkj0S5cfHcgYakreBjrHwatXKbz-IoIdYLxrKim2MjW0Q-- <- asynckit 0.4.0
+ nodelite-2-Of-R0wqp83cgHozfIYLbBMnej79U-SVGOOyuB3VVFv1NRM-PSFMK12x9KVtiYzJqmnU5WR2qp0Z5rHb7sWGnFQ-- <- arch 2.2.0 (3.0.0 is available)
+ nodelite-2-OfFZdwtd3lZ-XZzYP-6gTACubwFcHdLRqS9UX3UwpU2dnGQYkPFISRwvM3w9IiB2w7bW5qGo-uAwE4SmXXSKvg-- <- rimraf 5.0.1 (6.1.2 is available)
+ nodelite-2-Ofn-CTFzRGTTxwpNEs9PP93gXShHcTq255nzRYSKe8AkVpZY7e1fpmTfOyoIvjP5HG7Z2ZM7VS9PPhQGW2pOpw-- <- parse5 6.0.1 (8.0.1 is available)
+ nodelite-2-OgLYGVFCNa430WOrj9tYZhQge5yg6vd6JsKredveAqEhdLVQkfrpnQIGjx0L9lLqzL4Kq4J8yNTcfQR-MpBwhg-- <- stopword 3.1.5
+ nodelite-2-OGlZQpz2yfahA-Rd1Y8Cd9SIEsqvXkLVoSw-cgwhnhFMDbsQFeZYoJJ7bIZBS9BcamUW96asq-npPWugM-RQBw-- <- jackspeak 3.4.3 (4.2.3 is available)
+ nodelite-2-OguPdidb-fbHQSU4Q4ZiLKnzWo8Wwsf5bZfbvu7--a9oTYoqD-fWpe96NuHkoS9h0ccGOTe0C4NGXdtS0iObOw-- <- hast-util-to-html 9.0.5
+ nodelite-2-OGXsNHyFLGHGzi-zdPRw-Nv4jQdh7DCgmJAQYHXTIGXX1nW4RFwPyocv-VvemRHqs2QFOH6MDhpkzhiXiI6caA-- <- domparser-rs 0.0.7
+ nodelite-2-OgZ-zoAJgZLUCunsTRQ5LAjOywDv5zzZ2-hQ5aMw1pGXyY2rtE8-chXYUmu3AlVHKpm10KEdG9aMwbI-K76ZGw-- <- @babel/plugin-transform-unicode-property-regex 7.29.7 (8.0.1 is available)
+ nodelite-2-OH-2E5Fg20h2aPrbe-QL8JZQFko0YZaF-j4mnQ7BGhfavO7OpSLa8a0y9sBwomHdSbkhTS8TQNayBfnW5DwbvQ-- <- ast-types-flow 0.0.8
+ nodelite-2-OH6lveCFfcDjX4dbAvCFSYUjJZjDr-3XJ3xHtjn3Oj5b9RjojQo8npoLeA-bNwkOkrSQ0wgrHzXk4tDRxGKJeg-- <- @aws-crypto/sha1-browser 5.2.0
+ nodelite-2-OHawaAbjwx6rqICCKgSG0SAnT05bzd7ppyKLVUITZpANBaaMFBAsaNkto3LoQ31tyFP5kNujE8Cdx85G9VzOkw-- <- bowser 2.13.1
+ nodelite-2-OHsdUcVAQ6pOtg5JYWpCBo9W-GySVuwvP9hueRMW7UqshC0tbfzLv8wjySTPm3tfUZ-21CE9E1pJagOA91Pxew-- <- mkdirp 0.3.0 (3.0.1 is available)
+ nodelite-2-OIAYXk8-ISY-qTOwkHtKqzAuxchoMiD9Udx-FSGQDuiRR-PJKJHc2NJAXlbhkGwTt-4-nKZxELY1w3ReWOL8mw-- <- type-fest 0.18.1 (5.4.1 is available)
+ nodelite-2-OIzUjnxBM4k9DY0DXBMRfU-fTak2tbnmY2o6J5t-vKvqGaa4opRUhgIZEvrerjnktjCxj2dJY706gCwnUZQsNg-- <- @graphiql/react 0.18.0
+ nodelite-2-OJguuwlTYlN0gBZFRPqwOGNWssZjfIUdS7HMYtN8c1KmwpwHFBwTeFZrg9XZa-DFTitWOW5iTAG7tyCUPsCCyw-- <- @babel/plugin-transform-modules-commonjs 7.27.1 (8.0.1 is available)
+ nodelite-2-OjqbQPL1Vec-4l5hnC8WnMNmWwgrT9JvzR2udqIGrGKecZsdwY9GAWZ5482CuD12SXuHNj8aS8epni6ip0Pwog-- <- micromark-extension-gfm 1.0.0 (3.0.0 is available)
+ nodelite-2-OkTL9umf-He2DZkUq8f8J9of7yL6RJKI24dVITBmNfZBmri9zYZQrKkuXiKhyfPSu8tUhnVBB1iKXevvnlR4Ww-- <- commander 8.3.0 (9.5.0 is available)
+ nodelite-2-OLETBj6w0OsagBwdXnPdN0cnMfF9opN69co-7ZrbfPGrdpPVNBUj02spi6B1N7wChLQiPn4CSH-zJvXw56gmHw-- <- domelementtype 2.3.0
+ nodelite-2-OLtyez4vZo-1NjxGhcpDSbHQ-m0IIGnT8BoPamh-7jVlzLJBH98zzuCoUeMxvM6WsNeh8wx8cKvqLiPHEACn0w-- <- micromark-factory-label 1.1.0 (2.0.1 is available)
+ nodelite-2-OmbUcVZgmQw0AvpX5urCAi3KtEuD30DG8W8gpQVzFpCUWUtJ21bmc6a4s2rm2g1oKPIVShy61FGLtKdKLaTG6g-- <- @ariakit/core 0.4.17
+ nodelite-2-OMcX-4IC-uqEPVgGeyfN22LJk6AZrMkRZHxcHBMBvHScDGgwTm2GT2Wkgtocyd3JfZffjj2kYUDXXII0Fk9W0g-- <- from2 2.3.0
+ nodelite-2-OmedEScUMKFfzn1Ir8dBxiLLSOzhKe-dPZwVxcujweSj45aNM7BEGPb9BEVIgVEqEXx6f3-TsXzwIktNgUR02g-- <- react-use 17.6.0 (17.6.1 is available)
+ nodelite-2-OmvfoQ53WLjtA9HeYP9RNrWMJzzAz1JGaSFr1nijg0PVR1JaD-xbJq1mdEIIlxGpXp9eSe-O2LgU9DJmTPd0Eg-- <- https-proxy-agent 2.2.4 (7.0.6 is available)
+ nodelite-2-OnAnH8Ujmy59JcyZw8JSbK9cGpdVY44NKgSM7E9Eh7DiLS2E9RNQf0dONaGDzEG9yjEl5hcqeIsj4hfRkLH-Bg-- <- micromark-util-combine-extensions 2.0.1
+ nodelite-2-ONJZiimStfZzhKamYvR-xvmgW3uEkAUFSP91y2caTEPhzF6uP2JfPiVZcq66b-YR0C3uitxSV7-T1x8p5bkmMg-- <- yargs 3.32.0 (9.0.1 is available)
+ nodelite-2-ONyr4-AZhKh8yKWInVxU9AXA9EbsyeLcL6V0dJy6M2-62vuvpGm29zzuymbTpdc451GEpDIdAyPLP3r-P61yKQ-- <- @babel/plugin-transform-block-scoping 7.29.7 (8.0.1 is available)
+ nodelite-2-OO0pH2lK6a0hZnAdau5ItzHPI6pUlvI7jMVnxUQRtw4owF2wk8lOSabtGDCTP4Ggrg2MbGnWO9X8K1t4-fGMDw-- <- fs.realpath 1.0.0
+ nodelite-2-Oo82gJDAVcaMdi3nuoKFavkIHBRVqQ1qvMb-9LHk-cF4P6B2m8aP04hGf7oL6wZ9BuGwX1onlLhpuoofSyoQDQ-- <- npm-run-all 4.1.5
+ nodelite-2-OOchDgh4F2CchOX94cRVqhvy7b3AFb--rQXyswmzmGakRfkMgoWVjfnLWkRirfLEfuD4ysVW16eXzwt3jHIzKA-- <- @floating-ui/dom 1.7.4
+ nodelite-2-OoK6239jHPuSQOoS0kfTVKn0b-rVTk0seKq4Gd2UMLtmOVLjDC0ki3e-c90Trqv2gMfvJFqkiljrr568-qddiw-- <- @babel/helper-annotate-as-pure 7.29.7 (8.0.0-beta.0 is available)
+ nodelite-2-OoohrmuUlBs8B8o6MB2Aevn-pRIH9zDALSR-6hhqVfa6fRwG-Qw9VUMSMW9VNg2CFc-MTIfabtdOVl9ODIJjpw-- <- svgo 3.3.2 (4.1.0 is available)
+ nodelite-2-OP2IUU6HeYKJi3i0z4A19kHMQoLVs4Hc-DPqqxI2h-DPZHTm-vjsfC6P0b4jCMy14XizLBqvndQ-UilD7707Jw-- <- fecha 4.2.3
+ nodelite-2-OpcaUTCLmHuVuBcyNckKfH5B0oA4JUavb-M-8n9iAvanJYNQkrVm4pvyX0SUaqkBG4dnWHKt7p50B3ngAG2Rfw-- <- lowlight 2.9.0 (3.3.0 is available)
+ nodelite-2-OpN0zzVdiaiAhxpuuj5efpIS4sY9j7bY6uR5mnj5yPzGkdkjNKSJeUThPb60Jw29QuAZgA4o--iB49kFiaBX6g-- <- prettier 3.9.6
+ nodelite-2-OpZ3zP-jT1PI7I8nemJX4AKmAX070ZkYPVWV-AaKTJl-tXCTGyVdC1a4SL8RUQYEwk-f34ZX8UTykN68FwrqAA-- <- statuses 1.5.0 (2.0.2 is available)
+ nodelite-2-OqbOk5oEQeAZ8WXWydlu9HJjz9WVdEIvamMCcXmuqUYjTknH-sqsWvhQ3vgwKFRR1HpjvNBKQ37nbJgYzGqGcg-- <- mimic-fn 2.1.0 (4.0.0 is available)
+ nodelite-2-Oqluz6zhGX8cyRaTQlFMPw80bSJVG2x-cFb8ZPhUILGgHka9SsokCCOQgpveePerqidZOrT14ipqfJb7ILcW5Q-- <- har-schema 2.0.0
+ nodelite-2-OQtR36ZlnuTxKqoW4Sv6x5YIhOmClRd5pWsjZsddYxpWs517R0HkyiefQPIytCVh4ZcC5x9XaG8KTdd5iRQUfg-- <- @changesets/logger 0.1.1
+ nodelite-2-ORENF39PeXTzM-gQEshuk460Z8N4-6DkjpxlpE7Q3gYy1iBpLrx0FOJz3h62ryrJZ-3zCAUIkT1Pb-8hHWpb3A-- <- @rc-component/trigger 2.3.1
+ nodelite-2-Orov6g6BB1sDfYgzWfTHDOxamtX1bE-zo104Dh9e6fqJ3PooipYyfJ0pUmrZO2wAvO8YbEyeFrkV91XTsGMSrw-- <- stylis 4.2.0 (4.4.0 is available)
+ nodelite-2-OrZaX2Mb-rJCpH-6CpSqt9xFVpN--x01XnN2ie9g6P5-3xelLAkXWVADpdz1IHD-KFfEXyE6V0U01OQ3UO2rEg-- <- resolve-cwd 3.0.0
+ nodelite-2-OS-QTnw1-4vrf-9hh1jc1jnYjzSG4ttTBB8UxOwAnInG3Uo4ssetzC1ihqaIHjLJnA5GGlRl6QlZXOTQhRBUvg-- <- open 9.1.0
+ nodelite-2-Os9ukIvADX-A9sLt6Zse3-nmHtHaE6hqOsjQtNiugFTbKRHYIYtZXNGNK9NChseXy7djFPjndX1tL0sCTlfpAA-- <- jest-cli 30.2.0
+ nodelite-2-Ot1rcwRAaRHNKC9tAqoqNZhjdYBzKk1POgWfhN4uCOE47ebGcLRqXjKkApVDpjifL6u2-55ekkpnFcp-s-OZUw-- <- @csstools/postcss-ic-unit 1.0.1 (4.0.0 is available)
+ nodelite-2-Ot5lU6jK0Eb-sszG8pciXdjMXdBJ5wODvgjR-imihTqsUWF2K6dJ9HST55lgqcs8wWcw6o6wAsUzfcYRhJPXbA-- <- gh-pages 6.3.0
+ nodelite-2-OtuirjxuOqZyDcI0q4WtoyWfkq3nSnbH41JwJQsXJefduWcww1FQe5TL1JfYCU7seUxHzK8rg2nFxUBuqUlZtg-- <- @aws-sdk/nested-clients 3.952.0 (3.975.0 is available)
+ nodelite-2-OU5P5mJyD3OoWYMWY-yIgwvgNS9cFAU10f-DDuvtogcWQOoJIsQ4Hy2McSfUfhKjq8L0FuWVb4Rt7kgA-XK86A-- <- @ewoudenberg/difflib 0.1.0
+ nodelite-2-Ou9I5Ft9WNcCbXrU9cMgPBcCK8LiwLqcbywW3t4oDV37n1pzpuNLsYiAV8eODnjbtQlSDwZ2cUEeQz4E54Hltg-- <- sharp 0.34.5
+ nodelite-2-OvD9ENzPLbegENnYP5UUfJIirTg4-XwMWGaQfQTY0JenxNvvIKP3U3-tAQSPIu-lHxXYSZmpXlUHeqAIdKzBLQ-- <- glob 7.1.7 (9.3.5 is available)
+ nodelite-2-OvjF-z51L3ov0OyAU0duzsYuvO01PH7x4t6DJx-guahgTnBHkhJdG7soQeTSFLWN3efnHyibZ4Z8l2EuWwJN3A-- <- @tokenizer/token 0.3.0
+ nodelite-2-OVVobw2IubN-GSYsxETi-gOe7Ka59EFMR-twOU3Jb2GnKKeMGJB5SGUUrEz3SFVmJASUdZUzy83sLNNQ2gZslg-- <- jest-cli 29.7.0 (30.2.0 is available)
+ nodelite-2-Owdv-Ft7IjOgm-i0xvNDZ1LrRANRfew4b2prF3OWMQLxLfu3bS8FVhCsrSCMK4lR56Y9ya-AThoTpDCTxCmpRA-- <- read-cache 1.0.0 (1.0.2 is available)
+ nodelite-2-OwLUIWZJry80O99zvqXVEioyniJMa-d2GrqpUTqi5-v5D5rOrppJVBPa0yKCblcigC0-aYAzxxqQ1B-DS2RYsg-- <- @typescript-eslint/scope-manager 6.21.0 (8.8.0 is available)
+ nodelite-2-OWND8ei3VtNC9h7V60qff3SVobHr996CTwgxubgyQYEpg290h9J0buyECNNJexkFm5sOajh5G116RYA1c8ZMSw-- <- natural-compare 1.4.0
+ nodelite-2-OWORNpfjMsSSUBVrRBVGECkhWcULOAJz9ZW8uK9qgxD-87M7jHRcvh-A96XXNhXTLmKcoYSQtBEX7lHMO7YRwg-- <- @emotion/unitless 0.7.5 (0.8.1 is available)
+ nodelite-2-OX8XqP7-1a9cqkxYw2yXss15f26NKWBpDXQd0-uK-KPqdQhxbPa994hnzjcE2VqQpDslf55723cKPUOGSmMY3g-- <- debug 3.1.0 (4.4.3 is available)
+ nodelite-2-OXD0RgQ86Tu3MazKo8bnrkDRaDXXMGUqd-kTtLtK1Zb7CRzQcaSRPPPV37SvYTdevXEBVxe0HXylEjs8ibkmCw-- <- @jest/types 25.5.0 (30.5.1 is available)
+ nodelite-2-OxGdvBmJuNKSCMO4NTl1L47VRp6xn2wG4F-2hYzB6tiCb709otOxtEYCSvK80PtjODfXXZu8ds-Nw5kVCjqd2g-- <- comlink 4.4.2
+ nodelite-2-OXwN5b9pCUXNQHJpwwD2qP40byEmSgzj8B4ydSN0uMNYWiFmJ6x6KwUllMmfk8Rwu-HJDFR7U8ubsWBoN0Xp0A-- <- adjust-sourcemap-loader 4.0.0
+ nodelite-2-OZ1y3y0SqSICtE8DE4S8YOE9UZOJ8wO16fKWVP5J1Qz42kV9jcnMVFrEE-noXb-ss3Q4pZIH79kxofzyNNtUNA-- <- default-browser-id 3.0.0 (5.0.1 is available)
+ nodelite-2-OZ4IlER3zmRIoB9AqNhEggVxqIH4ofDns5nRrPS6yQxXE1TPCUpFznBfRQmQa8uC-pXqjMnukiJBxCisIxiLGA-- <- is-regexp 2.1.0 (3.1.0 is available)
+ nodelite-2-Oz5Hwvwak-DCaXVVUtPn4oLMLLy1CdclLKO1LFgU7XzDpVMUU5UjlSLpGMocyQNNk8F6IJW9M-YdooSn2MRI-Q-- <- formidable 2.1.5 (3.5.4 is available)
+ nodelite-2-OZfsI-YRG26XZik-jKMMg37acnBSbUiK-8nETW3uM3mLj-0tMmFXdHQw1e5WEd-IHN8BGOh3te91SNDe2o4RHg-- <- @smithy/eventstream-codec 4.2.6 (4.2.8 is available)
+ nodelite-2-P-Vu1qXfzediirmHOC3xKGAYeZtPcV9g76X-xg2FD4tYgR71ewMA35Y3sCz3zhiN-dwefRpJX0yBcgwi1fXNQA-- <- tailwind-merge 2.6.0 (3.4.0 is available)
+ nodelite-2-P-W9yOX-3oPZSpaYOCQzGqgCQRXn0FFO-V8bWrCQs-wLmvVVxk6CRBXALEvNs9OHIatlnlFokfhuDo2ug01ciw-- <- @types/istanbul-reports 1.1.2 (3.0.4 is available)
+ nodelite-2-P-x1MvlNCXlKbLSOY4cYrdreqPG5hbzkmawbcXLKN-mf6DZW0SdNNkZ-sjwsqVkI4A4Ko2sPZmkZtCKY58w83A-- <- webcrypto-core 1.8.1
+ nodelite-2-P0CysNDQ7rtVw4QIQtm-MRxV66vKFSvlsQvGYXZWR3qFU0jlMKHZZZgw8e-8DSah4UDKMqnknRDQz-xuQXQ-Zg-- <- commander 5.1.0 (9.5.0 is available)
+ nodelite-2-P1TXDHuQMadTMTOBv4oElZMURU4uyEhxhHfn-qOc2iofW9Rd4sZtBGx58Lzk112rIGVEYZT8eUMK4NftpewpRA-- <- @smithy/signature-v4 5.3.6 (5.3.8 is available)
+ nodelite-2-P2bSOMAc-ciLz6DzgjVlGJP9-BrJWu5UDGK70C2iweC5QBIeFf0ZXRvGjEj2uYgrY2MkAAhsSWHDWlFtEroZWw-- <- jsprim 1.4.2 (2.0.2 is available)
+ nodelite-2-P2vSmIu38uIlvdcU7fDkyrxj33gTUy-ABO5ZUbGowxNCopBq-OoD42bP4UmMrJoPyk4Uqf0mu3mtWBhHCZD8yg-- <- parallel-transform 1.2.0
+ nodelite-2-P33hHGdldxGabLFjPPpaTxVolMrzrcegejx-0GxjrIb9Zv48D8yAIA-QTDR2dFl7Uz7urX8aX6-5bCZslr-gWQ-- <- @selderee/plugin-htmlparser2 0.11.0
+ nodelite-2-P4YJBPdPSpWTQ1NU4XYdvHvXJJDxM6YwpS0FZHRgP7YFkdVxsWcpWGy-NVqlAA7PcPCnMacXlRm1y2PFZRWL-w-- <- @octokit/auth-token 6.0.0
+ nodelite-2-P5LUNhtbj6YfI3iJjw5EL9eUAG6OitD0W3fWQcpQjDRc-QIsL0tRNuO1PcDvPccWL1fSTXXdE1ds-l95DV-OFA-- <- @date-fns/tz 1.4.1
+ nodelite-2-P5QaN9hJSQQKJShzzpBT13FzOSPyHbqdoIBUd2DJdgvnECCyO6LmAOWSV-O8se2TaZJVwSXjL-v9yhb-a9JeJg-- <- @changesets/read 0.6.6 (0.6.7 is available)
+ nodelite-2-P7i-bMypneQcoRN-CX79xssvvIJCaw7Fndzbe7-lB0-LyRbVvGVyMUsFmLLbSxtZq4hvFMJ1p8wML-gsulMZWQ-- <- @next/eslint-plugin-next 12.0.3 (16.2.0-canary.9 is available)
+ nodelite-2-P7JD4J-wxHMpGxqIg6SHno2tPkZbBUBLbPpR5-T1DEUvw-mEaINBMaPFZNM7lA-ToSCZ36j6nMHa-5kej-fhGg-- <- @smithy/abort-controller 4.2.6 (4.2.8 is available)
+ nodelite-2-P8BjAsXvZS-VIDUI11hHCQEv74YT67YUi5JJFNWIqL235sBmjX4-qx9Muvls5ivyNENctx46xQLQ3aTuE7ssaQ-- <- callsites 3.1.0
+ nodelite-2-P9J71vT5nLlDeV8FHs5nNxaLbrpfAV5cF5srvbZfpwpcJoM-xZR3hiv-q-SAnuSmuGbXMWud063iIMx-V-EWZQ-- <- import-from 4.0.0
+ nodelite-2-Pb5ijPrZ89GDH8223L4UP8i6QApWxs04RbPQJTeWDV0-keR2E36MeKnyr6LYmUUvqRRI-Iv87SuF1W6ErINzYw-- <- @babel/helper-string-parser 7.29.7 (8.0.0-beta.4 is available)
+ nodelite-2-PbXpve8rKeNcZ9C1mUicC9auIYFyGpkV9-i6g76tLgANwWhtG2v7I4xNBUlkn3lE2-dZF3Pi0ygYGtLc4RXXdA-- <- level-supports 4.0.1
+ nodelite-2-PCVAQswWemu6UdxsDFFX--gVeYqKAod3D3UVm91jHwynguOwAvYPhx8nNlM--NqRcK6CxxpUafjmhIdKiHibqg-- <- array-flatten 1.1.1 (3.0.0 is available)
+ nodelite-2-Pcw1JTvZLSJH83iiGWt6fRcT-BjZlCDRVwYLbUcHzv-CRpB7r0MlSrGbIyQvVSNyGnbt7G4AXuyCiDR3POvZ1A-- <- cross-inspect 1.0.1
+ nodelite-2-PDEfEF102G23vHmPhLyPboFCD-BkMGu-GuJe2d9-eH4FsCwvgBpnc9n0pGE-ffKdph38s6foEZiEjdgHdzp-IA-- <- highlightjs-vue 1.0.0
+ nodelite-2-PdhdWy89SiZogBLaw42zdeqtRJ--zFd2PgQavcICDUgJT5oW10QCRKbJ6bg4r0-UY2M6BWd5tkxuGFRvCkgfHQ-- <- rw 1.3.3
+ nodelite-2-Pdlw-oPxN-aXdmM9R00JVC9WVFoCLTKJvDVLgmJ-qAffBMxsV85l-Lu7sNx4zSzPyoL2euImuEwHhOXdEgNFZQ-- <- pretty-format 29.7.0 (30.2.0 is available)
+ nodelite-2-PEGlAwrG8yXGXRjW32fGbg66JAlOAwbObuqVoJpv-mRgoWDQfgH1wDPvtzWyUSNAXBGSk8h755YDbbcEy3SH2Q-- <- space-separated-tokens 2.0.2
+ nodelite-2-PEIGCY5tSlUt50cqyMXfCzX-oOPqN0vuGqWzbcJ2xvnkzkq46oOpz7dQaTDBdfICb4N14-GARUDw2XV2N4tvzg-- <- ws 8.18.3
+ nodelite-2-PF8GWEL70cHHWpx2jUQXc68r1pyPHIA-St16muk-XRokETzlegj5LriNKg7o4LR0TySug4nHYPJNNRz-W--Niw-- <- d3-regression 1.3.10
+ nodelite-2-PFMVHVPgtFECeu4iZ-4SX6VOQT0-dIpm4jSPLLL6JLSkp9RohGqKBKD0cbiXdeIFS08Forp0UHI6kc0gIHenSA-- <- @smithy/middleware-serde 4.2.7 (4.2.9 is available)
+ nodelite-2-PFTA1gzfp1B1UaiJVyhJZA1rm0-Tzn690frc-L8vNX1Jop4STZgOE6bxUhnzdVSB-vm2GU1tIsuQcA9bxTQpMQ-- <- mdast-util-gfm-task-list-item 1.0.2 (2.0.0 is available)
+ nodelite-2-PgTgs-BlvHxOu8QuEN7wi5A0OmXaBcHpmCSTehcs6Uuu9IkDIEo13Hy7n898RHfrQ49vKCoGeWZSaAK01nwVig-- <- property-information 6.5.0 (7.2.0 is available)
+ nodelite-2-PHI5f1O0EP5xJ9gQmFGMS6IZcrVvTjpXjz7Na41gTE7eE2hK11lg04CECCYEEjdc17EV4DO-fkGEtt7TpTaTiQ-- <- napi-postinstall 0.3.4
+ nodelite-2-PhmXi5XmoyKw1Un4E-opM2KcsJInDvKyuOumcjjw3waw86ZNjHwVUOOWLc4bCzLdcKNaWBH9e99sbWzDQsVaYg-- <- prepend-http 1.0.4 (2.0.0 is available)
+ nodelite-2-PIPnPN7MP3fp2VAi01BVXhCWmD366ZB2Hkq5TlYKtThd4KxUtMmaaNDpFgVCTXtSIqWVZLJntOHRvxg-sIPd8Q-- <- @algolia/requester-browser-xhr 5.57.0
+ nodelite-2-PIR4-OHZ79romx0BVVll-PkwWpJ7e5lsqFa3gFfcrFPWwLXLV39JVUzQV9RKjWerE7B845Hqjj9VYlQeieZ2dA-- <- @rollup/plugin-commonjs 28.0.9 (29.0.0 is available)
+ nodelite-2-PiU42r-xO4UbUS1buo3LPJkjlO7430Xn5SVAhdpzzsPHsjbYVflnnFdATgabnLude-Cqu25p6N-g2lw-PFsa4w-- <- spdx-exceptions 2.5.0
+ nodelite-2-PKA4BeSvBpQKQ8iPOGCSiell-N8P-Tf1DlwqmYhpe2gAhKPHn8EYOxVT-ShuGmhg8lN8XiSlS80yiExKXrURlw-- <- bundle-name 3.0.0 (4.1.0 is available)
+ nodelite-2-PLgQXQ6H2FWCaeRak8vvk1GW462lMxB5s3Jm673N82zI4vqtVUPuZdffdZbPDFRoU8kAhItWFtPCWiPpp4-EDg-- <- pvtsutils 1.3.6
+ nodelite-2-PlXPeEWMXMZ7sPYOHqmDyCJzcfNrUr3fGNKtezX14ykXOEIvyK81d-qydx89KY5O71FKMPaQ2vBfBFI5NHR63A-- <- ajv 8.18.0
+ nodelite-2-PMSmkqxr106Xa156c2M265Z-FTrPl-oxd-rgOQy2tijQeK5TxQ43psO1ZCwhVOSdnn-RzkzlRz-eY4BgJBYVpg-- <- js-yaml 3.14.2 (5.4.1 is available)
+ nodelite-2-PNGcolp9hr4PJdXR4ix7XtixDrClScvtSCYW3rQG106oVMOOI-jFb-0-J3mbeL-53g1Zd6s0kJzaw6Ri68GmAA-- <- @lezer/common 1.5.0
+ nodelite-2-POgTXhjrTfbTV63DiFXav4lBHiICLKKwDeaKn9Nphwj7WH6m0hMMCaJkMyRWjgtPFyRKRVoMXXjczsTQRDEhYw-- <- @pkgr/utils 2.4.2
+ nodelite-2-POQXvpdL69-CluYsillJ7SUhKvytYjW9vG-GKpnf-xP8UWgYEM-RaMzHHofbALDiKbbP1W8UEYmgGl39WkPZsg-- <- jsonparse 1.3.1
+ nodelite-2-Pp6GSwGP-NrPIrxVFAIkOQeyw8lFenOHijQWkUTrDvrF4ALqylP2C-KCkeS9dpUM3KvYRQhna5vt7IL95-ZQ9w-- <- use-sync-external-store 1.6.0
+ nodelite-2-PpOKlgokpQRwUesRwWEp-fHjGGkZEejj83k9gU5iXCbDG-XBA92BqnRKYJdfqfkrRcZRgGuPuXb7DaK-DmxOhw-- <- micromark-extension-gfm-strikethrough 0.6.5 (2.1.0 is available)
+ nodelite-2-PpOwAdQ-YlXQ2vj8a3h8IipDuYRi3wceVQQGYWxNINccq40Anw7BlsEXCMbt1Zt-OLA6Fq9suIpIWD0OsnISlw-- <- find-up 4.1.0 (7.0.0 is available)
+ nodelite-2-PQTyIulDkIDro8P-IHbKCsw7U2xxBYflVzW-FgWdCAePD9xGSidgA76-GeJ6lBKoblyhf9pBY763gbrN-1dI8g-- <- @types/hoist-non-react-statics 3.3.7
+ nodelite-2-PqvZ2B2XEyPEbclp-gV6KO-F1FIFSbIwewRgmROCMBo-aZ6J1w8Qypoj2pEOcg3G2HzLlaP6VUtvwCI8dM3oqQ-- <- jest-runner 30.2.0
+ nodelite-2-PqxSfuorkHz-SPpyngLyg5GCEkOcee9M1bkxiVDr41Pd61mqP1PLOoDPbpl44SB2mQGKwV-In74gqQmGITOhEQ-- <- @rollup/plugin-replace 5.0.7 (6.0.3 is available)
+ nodelite-2-PR9zDb-rOzkRb2VD-EuKB7UC41vU5DIwZ5qqCpk0KJudcWAyi8rvYOhS7-L5aZCspw1stTViLgN5v6FF1p5cgQ-- <- @rollup/plugin-alias 5.1.1 (6.0.0 is available)
+ nodelite-2-PRA911Blj99jR5RMeTunVbNXMF6Lp4vZXnk5GQjcnUWUTsrXtekg-pnmFFI2u-I36Y-2bITGS30GZCXei6uNkA-- <- ajv 8.13.0
+ nodelite-2-PRomU725ABMf-lnQp5HiB7my1kjEbFY0D10N4lXYxK6TIB1gKjIVD5MRThpDaezLgw1D774J8eOeeDB0M6wHrQ-- <- @ant-design/icons-svg 4.6.0
+ nodelite-2-PRSJlHuJkyHDET7Hukykx-hLULkgUBX5q2CutMG5EDI3eJLzJlX634wNll10m3at1uomcDAVudL7Dgh5UOJ7IQ-- <- dumi-afx-deps 1.0.0-alpha.20
+ nodelite-2-PRT7ZORmwu2MEFt4-fv3Q-mEfN4zetKxufQrkShY2oGvUms9r8otu5HfdyIFHkYXjO7laNsoVGmM2MANfuTA8g-- <- os-locale 1.4.0 (5.0.0 is available)
+ nodelite-2-PS08Iboia9mts-2ygV3eLpY5ghnUcfLV-EXTOW1E2qYxJKGGBUtNjN76FYHnMs36RmARn41bC0AZmn-rR0OVpQ-- <- postcss 8.4.31 (8.5.6 is available)
+ nodelite-2-Ps3T8E8dZDam6fUyNiMkekK3XUsaUEik-idO9-YjPtfj2qruF8tFBXS7XhtE4iIXBLxhmLjP3SXpLhVf21I9Lw-- <- @types/d3-timer 3.0.2
+ nodelite-2-PTcKLUNvBqnY2U6E5bdOQcSM-oVP-PmrDY9NzowJjislEjwP-C4an2303MCVS2Mg9d3AJpIGdUFIQQWbPds0Sw-- <- @webassemblyjs/wasm-opt 1.14.1
+ nodelite-2-PugKzOsyXpArk0yWmUwqOZecSO0GH0bPoctLcqNDH9J04pVW3lflYE0ujElBGTloevcxF5MofAOZ7C5l2b-wLg-- <- strip-literal 1.3.0 (3.1.0 is available)
+ nodelite-2-PV0dzCYDNfRi1jCDbJzpW7jNNDRuCOG-jI5ctQcGKt-clZD-YcPS3yIlWuTJMmESC8aevCFmWJy5wjAFgNqN6w-- <- repeat-string 1.6.1
+ nodelite-2-PVtJr5CmLwYAU9PZDMITZoR5iAOShYREoR45EyyLrbntV50mdePTgUn4AmOw90Ifcj-x2kRjdzr1HP3RrNiHGA-- <- @emnapi/runtime 1.7.1 (1.8.1 is available)
+ nodelite-2-PWaYA1L-q9u2u7xYQi-Y3L3Yfnie7XyLeaJICV1MGD6LprsBxcAqGjYyr0eY3p-QdsA-x-Irkt4Qif8D63-Sbw-- <- react 19.2.8
+ nodelite-2-PwvK7BU-CMTJGYQCTZb5RWXIML92lftJLhQz1tBzgKiqGxJaMlBAa48POXaNAC2s4y8jr3EFqrkF9-44neS46w-- <- string.prototype.trim 1.2.11
+ nodelite-2-PwwhEakHVKTdRNVOw--Gyh0-MzlCl4R6qKvkhuvLtPMggI1WAHt9sOwZxQLSGpUaDnrdyDsomoRgNnCfKNSXXg-- <- is-date-object 1.1.0
+ nodelite-2-PX1wu0AmAdPqOL1mWhqmlOd8kOIZQwGZw6rh7uby9fTc5lhaOWFLX3I6R1hrF9k3zUY40e6igsLGkDXK92LJNg-- <- obuf 1.1.2
+ nodelite-2-PXwfBhYu0hBCPw8Dn0E-WDYb7af3dSLVWKi3HGv84IdF4TyFoC0ysxFd0Goxw7nSv4T-PzEJQxsYsEiFCKo2BA-- <- micromatch 4.0.8
+ nodelite-2-PYAthTa2m2VKxuvSD3DPC-Gy-U-sOA1LAuT8mkmRuvw-NACSaeXEQ-NHcVF7rONl6qcaxV3Uuemwawk-7-SJLw-- <- accepts 1.3.8 (2.0.0 is available)
+ nodelite-2-PYjyFOLKQ9y57JvQ6QLo8dAgNqswh8M1RMJYdQduT6xbWSgK36P-Z-v-p888pM69jMMfS8Xd8F6I1kQ-I9HUGg-- <- arg 5.0.2
+ nodelite-2-PYxa28dxJ9g777pGm-7PrbnMeA0Jr7osHP9bS7eJy9DuAjMgdGtxgf0uKMyoIsTWAkIbUW5hSDdJ3urmgXBqxg-- <- jest-watcher 30.2.0
+ nodelite-2-PzE5nJZPz72YUAfo8oTp0u3fqqY7IzlTubneAihqDYAUcBk7ryeCmBbdJBEdaH0bptSOe2VT2Zwcb3UaFyaSWw-- <- canvas 3.2.3
+ nodelite-2-Q-N6JNWvIvPnLDvjlE1OUBLPQHH6l3CltCEsHIujp45zQUSSh8K-gHnaEX45yAT1nyngnINhvWtzN-Nb9D8RAQ-- <- @babel/runtime 7.28.4 (8.0.0-beta.0 is available)
+ nodelite-2-Q-xVJLoGOeIMXZmbUK4HYk-69cQH6LudR0Vu-pRm2YlU-hDV9CiS0gKUMaWY5f2NeUH9C1nV3bsTlCo0FsTV1Q-- <- cross-fetch 3.2.0 (4.0.0 is available)
+ nodelite-2-Q0n9HRi4m6JuGIV1eFlmvJB7ZEVxu93IrMyiMsGC0lrMJMWzRgx6WGquyfQgZVb31vhGgXnfmPNNXmxnOkRBrg-- <- encodeurl 2.0.0
+ nodelite-2-Q1lJssrJ2K96bCj8tocF-HCMy1NwMpFE30is3F4qFAAGfS9XYj6pz8JqfATSEnFhr7D6VAGLMn9apr-yqbSgTQ-- <- tailwindcss-scoped-preflight 3.5.9
+ nodelite-2-Q20sp4mfNf9yEqDL50WwuWZHUrCO4fEyeDCnMGmG5Pr0Cz15Uo7KBs6jq-dq0EgX4DPwwrh9m0X-zPV1ypFvUA-- <- micromark-util-combine-extensions 1.1.0 (2.0.1 is available)
+ nodelite-2-Q3mobPbvEx7XbwhnC1J1r60-5H6EZyNccdzSz0eGexJRwouUtTZxPVRGdqKtxlpD84ScK4-tIGldkqDtCKdI0A-- <- meros 1.3.2
+ nodelite-2-Q4r8ghd80yhO-0j1O3B2BjweX3fiHg9cdOwjJd2J76Q135c-NDxGCqdYKQ1SKBuFfgWbAUzBfvYjPUEeNgqN1A-- <- minimist-options 4.1.0
+ nodelite-2-Q6-nZLe6jxuU80qb-4uJ4t5v2VEZ44lzQjPDhYJNztRQ4wyWc6VF3D3Kb-fAuPetZQnhS3hnajCf9CsWesghLQ-- <- zod-validation-error 4.0.2
+ nodelite-2-Q73XBrzJlGTut2nf5RglSntHKgAG0-KiTJdO5QQblLfr4TdliGwIAha1iZIjwisc3rA5ulzqwwsYC6xrclxVQg-- <- @smithy/service-error-classification 4.2.6 (4.2.8 is available)
+ nodelite-2-Q8qQfPiZ-THO-3ZrOrO0cJJKfpYCagtMUkXbnEfmgUjwXg6z-WBeOyS9APBBPCTSiDV-s4SwQGu8yFsiMRIudg-- <- postcss-selector-parser 6.1.2 (7.1.6 is available)
+ nodelite-2-Q8SskhjF4eUk-xoQkmubwLkoHwOTv6Jj-WGtOVLKkZ0vvM-LipkSXugkn1F--mjWXU32AXLZB3qaz0arUzgtRw-- <- file-name 0.1.0
+ nodelite-2-QAdFbkQagTZ-eKb8zDGqmjvgevgJH3-aQpvvKrXWxNJp3o8-l2cAbbrBd0E04r0Gx6nssPpqWIjnbHFvZu5qsQ-- <- micromark-factory-mdx-expression 1.0.7 (2.0.3 is available)
+ nodelite-2-QDTCU0M0MxR3hQfnlDJfwekQiaanm1ubOD231u73WBckQ-fsamwRLiE2GBz6D3a-xF1NgfiDLJjXBa1hYOYTtQ-- <- dayjs 1.11.23
+ nodelite-2-QE33hToZseCH3jS0qN96O-bSh3kaw-h-Tq7ngyY9eWDUnTlTNUyqfqvCXioLe5Na5jFsL78ra-wuBU4iuEgd4w-- <- common-path-prefix 3.0.0
+ nodelite-2-QHnnIXdmC5GTAtm6i8eeJy5yT9npPlFyxpDm-duiDrTRKRFaAQBduArxlH3DA-hoRCCypzPONxfK9BQNIhIyZA-- <- @ant-design/pro-components 2.8.10
+ nodelite-2-QJv-h939gDpvT-9SiLVlY7tZC3xB2qK57v0J04Sh9wpMb6MP1q8gB21L3WIo8T5P1MSMg3Ep14L7KkDCFG3y4w-- <- langium 3.3.1
+ nodelite-2-QKNsM0o3Xe6ISQU869e-DhG-4CK-48aHYdJZGlFQVTjnbvgpcKyxpzk29fGiO7i-J8VENZ-d2iGnSsvmuHywlA-- <- jest-util 30.2.0
+ nodelite-2-QLcPegTHF11axjfojBIoDygmS2E3Lf-8-jI6wOVmNVenrKSo3mFdSGiIgdSHenczw3wPtlVMQaFVwGmM7BJdtg-- <- path-root 0.1.1
+ nodelite-2-QM8q3zDe58hqUqjraQOmzZ1LIH9SWQJTlEKCH4kJ2oQvLZk7RbQXvtDM2XEq3fwkV9CCvvH4LA0AV-ogFsBM2Q-- <- dot-prop 5.3.0 (9.0.0 is available)
+ nodelite-2-QMUezzXWII9EV5aTFXW1UBVUO77wYPpjqIF8-AviUCThNeSYZykpoTixUeaNNBwmCev0AMDWMAni-f8Hxb1IFw-- <- fs-monkey 1.1.0
+ nodelite-2-QNqXyfVS2wm9hweSYD2O7F0G06uurj9kZ96TRQE5Y9hU7-tgdZwIkbAKc5Ocy1HxEY2kuDQa6cQ1WRs-O5LFKA-- <- @pkgr/core 0.2.9 (0.3.6 is available)
+ nodelite-2-QO-PuPMm2ERxC6vFXEPtmAutOopy5PknD-Oq64gGwxKtk4xwo9Z97t9Av1obPmGU0IyTa6EKYUfTrK2QJS3Ozw-- <- unist-util-find-after 4.0.1 (5.0.0 is available)
+ nodelite-2-QO4GXv0XZfWey4pYFndLUKEAktKkG5kZTdUNaTAkzbuJxn2tNBOr-QtxR2XpWaMhbImT2dPzyLrPXLlPhph34A-- <- micromark-util-sanitize-uri 1.2.0 (2.0.1 is available)
+ nodelite-2-QOSvevhslijgYwRx6Rv7zKdMF8lbRmx-uQGx2-vDc-KI-eBnsy9kit5aj23AgGu3pa4t9AgwbnXWqS-iOY-2aA-- <- camelcase-css 2.0.1
+ nodelite-2-QQZ4kENwpWmyNb98UXRDFXrmtIXuXtt1-bSbda-2KA85-F-rrJP8hZk6QOkCQXM2Th9mUDYdq-PNByPdT9ID4A-- <- ml-array-max 2.0.0

Done in 1.8s
