Progress: resolved 1, reused 0, downloaded 0, added 0
Packages: +205
++++++++++++++++++++++++++++++++++++++++++++++++++++++++++++++++++++++++++++++++
Progress: resolved 205, reused 0, downloaded 205, added 205, done

dependencies:
+ nodelite-2-aGtmf24DW6MLHHG5gCx4zaI3uBq3KRtxeVs0DjFH6Z0rDNbsvTxFASFvdj79pxjxZ8-5u3PIiN3IwEIQkiiuPw-- <- chai 5.1.2 (6.2.2 is available)
+ nodelite-2-ak9Qy5Q7jYb2Wwcey5Fpvg2KoAc-ZIhLSLOSBmRmygPsGwkVVt0fZa0qrtMz-m6tJTAHfZQ8FnmB4MG4LWy7-w-- <- path-exists 4.0.0 (5.0.0 is available)
+ nodelite-2-al6n-QEANGFOMf-dmUMsuS5-r9B06uwlyNjZZql-zv8J7ybHCgoihBNORZCY2mzUuAnomQa2JdhyHKzZxPCrFA-- <- tinypool 1.0.2 (1.1.1 is available)
+ nodelite-2-ar0tjQfObzhSaW3C3QNmTc5ofj0hDoNQ5XWrCy6zDyabdr0TWhCkClp-rywGNj-odAFBVzzJrK4tEq5M4Hmu4w-- <- @typescript-eslint/visitor-keys 8.32.1
+ nodelite-2-b-YwNhb8lk1Zz2-bXXpS-LK9OisiZZ1SNsSLxN1x2OXVEhW2Ckr-7mWE5vrC1ZTiJlD9g19jWszTmJsB-oEpFQ-- <- pseudomap 1.0.2
+ nodelite-2-b1UkfNulgKoWfqyHtzKS5fOZYSJO-77adgL7DLRDr--7jhChN-QcHnbjiQVOz-U-Ts3PGNySq7diAItzDgugfQ-- <- @changesets/types 6.0.0 (6.1.0 is available)
+ nodelite-2-b6Ilus-c3RrdDk-JhLKUAQfzzgLEPy6wcXqS7f-xe1EETvsDP6GORG7SFuOs6cID5YkqchW-LXZbX5bc8j7ZcQ-- <- cac 6.7.14
+ nodelite-2-bCYeRA2rVibKZd-s2625gGnGF-t7DSqDs4dP7CrLA1m7jKWz6pps0LpYLJN8Q64HtmPKJ1hrN3nzPNKFEKOUiQ-- <- is-potential-custom-element-name 1.0.1
+ nodelite-2-bFi65yM-xZgk-u-KRIpekdSYkTB5W1pEf0Lt8Q8Msh7b-eQ7LXVtIB1Bkm4fvclDEL1b2CZkMhv2mOeF8tMdkA-- <- expect-type 1.1.0 (1.3.0 is available)
+ nodelite-2-bHOx97iFI4OClIT35Lok3sJAwM31VbUM--gnMBV16fdbtBhgYu4dxsphBF-0AZZsyAHMrnM0yFcj5gZM1py6uQ-- <- @changesets/changelog-git 0.2.0 (0.2.1 is available)
+ nodelite-2-bi1HRwVRskAjheeYl291n3JC4GgO-Ty4z1nVs5AAsmonJulGxpSektecnNedrwK9C7vpvVtcX3cw00VSLt7U2A-- <- terser 5.27.0
+ nodelite-2-bN798gFfQX-viw3R7yrGWRqnrN2oRkEkUjjl4JNn4E8GxxbjtG3FbrEIIY3l8-hrwUwIeCZvi4QuOTP4MErVug-- <- ansi-styles 6.2.1 (6.2.3 is available)
+ nodelite-2-bqWEnJ1Nt3neqx2q5SFfGS8r-ahumIakg3HcwtNlrVlwXIeNumWn-c7Pn-wKzGhf6SaW6H6uWXLqC30STCMchQ-- <- globals 16.3.0
+ nodelite-2-bwwr76BThfiVwAFZqks5cJ-VoKNM3-2Yg1ZwJslkdmAUQ6S0UNoCoGYFDxdw-u1skfexggdmD2p35kW5Td4Cug-- <- trouter 4.0.0
+ nodelite-2-bxveV4V8v5Yb4ncFTT3rPSgZBOpCkjfK0y4oVVVJwIuDVBRMDXrPyXRL988i5ap9m9bnyEEjWfm5WkBmtffLfA-- <- @humanwhocodes/module-importer 1.0.1
+ nodelite-2-bzyZ1e88w9O1iNJbKnOlvYTrWPDl46O1bG0D3XInv-9tkPrxrN8jUUTiFlDkkmKWgn1M6CfIA13SuGqOa9Korw-- <- signal-exit 4.1.0
+ nodelite-2-c4FRfUm-dbcWZ7U-1Wq0AwCyFL-3nt2bEw05wfxSz-DWpWsitgmSgYmy2dQdWyKC1694ELPqMs-YzUSNozLt8A-- <- node-fetch 2.7.0 (3.3.2 is available)
+ nodelite-2-cl669nCJTZBsL97OF4kUQm5g5hC2uihk0NxY3WENAC0TYdILVkAyHymAntgxGkl7K-t0cXIrH5siy5S4XkFycA-- <- acorn 8.14.0
+ nodelite-2-cLr1J6pe56zjKYajK6SSSre6nl1Gj6xDp1TY0trpgPzjVbgDwd09v2Ws37LABxzkicmUjhEeg-fAUjPJJB1v5Q-- <- @typescript-eslint/eslint-plugin 8.26.0
+ nodelite-2-d2CGZR2o7fS6sWB7DG-3a95bGKQyHMACZ5aW8qGkkqQpUoZV6C0X7Pc7l4ZNMZkfNBf4VWNe9E1jRsf0G146Ew-- <- @humanwhocodes/retry 0.3.0 (0.4.3 is available)
+ nodelite-2-dATvCeZN-8wQsGywez1mzHtTlP22H8OEfPrVMLNr4-eGa-ijtLn-6M5f0dY8UKNrC2O9UCU6SSoG3qRKnt7STw-- <- package-json-from-dist 1.0.0 (1.0.1 is available)
+ nodelite-2-dHvhrbfr4xFQ9-dq-jcVneZMyRYLjggWjk6RVsIiHsP8Rz6yZ8LvZ--iU4TrZF-SXWG-JkNF2OyiZRvzgRDqMg-- <- eslint 9.9.1
+ nodelite-2-dle9A3yYxlBSrt8Fu-IpjGT8SY8hN0mlaA6GY8t0P5PjIOZemULz-E2Bnm-2dcUOena75OTNkHI76uZBNUUq3A-- <- postcss 8.5.3 (8.5.6 is available)
+ nodelite-2-dn1l8LaMea-IjDoHNd9J52uBbInB796CDffS6VdIxvqYCPSG0V0DzHp76GpaWnlhg88uYyPbXCDIowa86ybd5A-- <- @types/semver 7.5.6 (7.8.0 is available)
+ nodelite-2-dnlgjFSVetynI8nzgJ-qF62efpglpWRk8isUEWZGWlJYySCTD6aKvbUDu-zbPeDakk3bg5H4XpitHukgfL1m9w-- <- ts-api-utils 2.0.1 (2.5.0 is available)
+ nodelite-2-dOy-3AuW3a2wNbZHIuMZpTcgjGuLU-uBL-ubcZF9OXbDo8ff4O8yVp5Bf0efS8uEoYo5q4Fx7dY9OgQGXgAsQA-- <- color-name 1.1.4 (2.0.2 is available)
+ nodelite-2-dSYZh7HhCDtCKm4QakX0xFpsRDqjjtZf-kjI-v3T3Nwt5r8-qz-M19F9ySyOqU94SXBmeG9ttTul-YnR4LOxFA-- <- @jridgewell/resolve-uri 3.1.1 (3.1.2 is available)
+ nodelite-2-dYnhHh0nJoMfnkZs6GmmhFknAGRrLznOu5nc9ML-EJxGvrx6H7teuevqVqCuPcPK--3eDrrjQhehXVx9cnkGdw-- <- regenerator-runtime 0.14.1
+ nodelite-2-dyybb3AcajC7uha6CvhdVRJqaKyn7w2YKqKyAN37NKYgZT36w-iRb0Dymmc5qEJ549c-S31cMMSFd75bteCpCw-- <- @eslint-community/eslint-utils 4.7.0 (4.9.1 is available)
+ nodelite-2-eGuFFw7Upda-g4p-QHvnW0RyTX-SVeJBDM-gCtMARO0cLuT2HcEKnTPvhjV6aGeqrCB-sbNop0Kszm0jsaWU4A-- <- esprima 4.0.1
+ nodelite-2-eljcgEDlEns-7AXFosB5K-2nCM4P7FQPkGc-DWLy5rmFEWvZayGrik1d9-QIY5nJ4f9YsVvBkA6kJpHn9rISdQ-- <- is-docker 3.0.0
+ nodelite-2-eu38-hdgojoyq63s-yTpN4XMBdt5l8HhMhc4VKLO9KM5caLIBvUm4thi7fFaxyTmCKeNnXZ5pAlBwCUnhA09uw-- <- mrmime 2.0.0 (2.0.1 is available)
+ nodelite-2-eXK1UInq2bPmjyX6e3VHIzMLobc4J94i4AWn-Hpq3OU5KkrRC96OAcR3PRJ-pGu6m8TRnBHP9dkXQVsT-COVIA-- <- is-windows 1.0.2
+ nodelite-2-eYm0QWBtUrBWZWG0d386OGAw16Z995PiOVo2B7bjWSbHedGl5e0ZWaq65kOGgUSNesEIDkB9ISbTg-JK9dhCZA-- <- clsx 2.1.1
+ nodelite-2-f3qQ9oQy9j2AhBe-H9VC91wLmKBCCU-gDOnKNAYG5hswO7BLKj09Hc5HYNz9cGI--xlpDCIgDaitVs03ATR84Q-- <- fast-deep-equal 3.1.3
+ nodelite-2-f7ccFPK3SXFHpx15UIGyRJ-FJQctuKZ0zVuN3frBo4HnK3cay9VEW0R6yPYFHC0AgqhukPzKjq22t5DmAyqGyw-- <- flat-cache 4.0.1 (6.1.7 is available)
+ nodelite-2-fo-QhuU3qE-2TQMQmbVMqaQ6EWbMhi4ABWP-O4AM1NqPBuy0OrApV5LO6BrrgnhtAHS2NH6RrVk9OL181tTi8A-- <- @manypkg/get-packages 1.1.3 (2.2.2 is available)
+ nodelite-2-fTxvnS1sRMu3-JjXwJG0j-i4RT9u4qJ-lqS-yCGap4lH4zZGzQ7tu-xZqQmcMZq5OBZDL4QRxQzRjkWcGt8IVw-- <- @eslint/config-array 0.18.0 (0.23.5 is available)
+ nodelite-2-g-9rfnvnagiNf-DRMHEVGuGuIBlCIMDFoTA616HaP2l9PlCjGjVhD98PNbVSJvmK4TttqT5mV5tInMhoFgi-aA-- <- error-stack-parser-es 0.1.1 (1.0.5 is available)
+ nodelite-2-g9Q1haeby36OSStwb4ntCGGGaKsaVSjQ68fBxoQcutl5fS1vuY18H3wSt3jFyFtrkx-Kz0V1G85A4MyAdDMi2Q-- <- slash 3.0.0 (5.1.0 is available)
+ nodelite-2-gDKb8aZMDeD-tZWs9P6-q0J9Mwkdl6xMV8TjnGP3qJVJ06bdMgkbBlLU8IdfOsIsFz2BW1rNVT3XuNEl8zPAvw-- <- path-type 4.0.0 (6.0.0 is available)
+ nodelite-2-gptHNQghINnc-vTGIk0SOFGFNXw7JVrlRUtConJRlvaw6DuX0wO5Jeko9sWrMBhh-PsYAZ7oXAiOnf-UKogyiw-- <- universalify 2.0.1
+ nodelite-2-gv3ZRaISU3fjPAgNsriBRqGWQL6quFx04YMPW-zD8XMLsU32mhCCbfbO6KZFLjvYpCZ8zyDEgqsgf-PwPaM7GQ-- <- @jridgewell/sourcemap-codec 1.5.0 (1.6.0 is available)
+ nodelite-2-gZNyh-LdSsI82wBSHLQ3QN5J30P4uHKJ4fXgoGwQxfXwYFTJzDdvIJasZn8rYQtmKhyQuiBj4SSnLuKlxKWq4w-- <- @changesets/cli 2.27.8 (2.31.1 is available)
+ nodelite-2-h5k-5U50IJJFpzfL6nO9jaaumfjO-f2NjK-oYB2Djzm4p9L-3T9qWpZqZ2hAbLPuuYq9wrU08WQyBTL5GbPk5Q-- <- deep-eql 5.0.2
+ nodelite-2-h66W1URKpBS5YMI-V8PyXvTMFT8SupJ1IzoIV8IeBC-ji8WVmrO8dGlTi-2dh6whmdk6BiKJLD-ZBkhWbcg6nA-- <- cssstyle 4.1.0 (5.3.3 is available)
+ nodelite-2-h9LqIQaAv-CYvWzsZ-h3RsrqCStkBHlgo6-TJlFst3cOTlLghBQlJwPOZKQJTKNaD3QIB7aAVQ-gfWbN3NXB7A-- <- playwright-core 1.46.1 (1.62.1 is available)
+ nodelite-2-hHrIjvZsftOsvKSn2TRYl63zvxsgE0K-0mYMoH6gD4omR5IWB2KynivBQczo3-wF1cCkjzvptnI9Q0sPU66ilw-- <- is-core-module 2.13.1
+ nodelite-2-hlq8tAfn0m-61p4BVRcPzIGr6LKiMwo4VM6dGi6pt4qcRkmNzTcWq6eCEjEh-qXjkMDvPlOFFSGwQjoEa6gyMA-- <- semver 7.7.1 (7.8.5 is available)
+ nodelite-2-hMQ4CX1p1izmuLYyZqLMO-qGNw10wSv9QDCPfzXfyFrOaCSSoRfqE1Kf1s5an66J5JZC62NewG-mK49jOCtQew-- <- external-editor 3.1.0
+ nodelite-2-hOS089on8RduqdbhvQ5Z37A0ESjsqz6qnRcffsMU3495FuTdqSm-7bhJ29JvIOsBDEEnan5DPu9t3To9VRlMzA-- <- readdirp 3.6.0 (5.1.1 is available)
+ nodelite-2-hsBTNUqQTDwkWtcdYI2i06Y-nUBEsNEDJKjWdigLvegy8kDuJAS8uRlpkkcQpyEXL0Z-pjDy5HBmMjRCJ2gq-g-- <- ignore 5.3.2 (7.0.8 is available)
+ nodelite-2-hUrmaWBdVDcxvYqnyh09zunKzROWjbZTiNy8dBEjkS7ehEDQibXJ7XvlmtbwuTclUiIyN-CyXQD4Vmko8fNm8w-- <- why-is-node-running 2.3.0
+ nodelite-2-hwawtob9DryoGTpixy1D3ZXbGgJu1Rhr-ySH2PvTLHvkZuQ7sRT4oQwMh0hbqZH1weAooedEjRsbrWcGLCeyVQ-- <- @changesets/get-version-range-type 0.4.0
+ nodelite-2-hXdUTZYIVOt1Ex--jAQi-wTZZpUpwBj-0QsOzqegb3rGMMeJiSEu5xLHnYfBrRV4RH2-OCSOO95Is-7x1WJ4bw-- <- make-dir 4.0.0 (5.1.0 is available)
+ nodelite-2-iCuPHDFgrHX7H2vEI-5xpz07zSHB00TpugqhmYtVmMO6518mCuRMoOYFldEBl0g187ufozdaHgWKcYFb61qGiA-- <- brace-expansion 1.1.11 (5.0.9 is available)
+ nodelite-2-ifCoaXsDrsdkWTtiNJX5uzHDsrck5TzfKKDcuFFTIrrc-BS076qgEIfoIy1VeZqViznfKiysPYTh-QeHtnIsYA-- <- fastq 1.16.0
+ nodelite-2-iPZK6eYjbxRu3uB4-WZ3EsEIMJFMqAoopl3R-zuq0UjcAm-MO6KCweDgPfP3elTztoKP3KtnVHxTn2NHBSDVUw-- <- locate-path 6.0.0 (7.2.0 is available)
+ nodelite-2-iq6eVVI64nQQTRYq2KtEg2d2uU7LElhTJwsH4YzIHZshxlgZms-wIc4VoDQTlG-IvVIrBKG06CrZnp0qv7hkcQ-- <- strip-ansi 7.1.0 (7.2.0 is available)
+ nodelite-2-iRDPJKUPVEND7dHPO8rkbOnPpyDygcDFtWjpeWNCgy8WP2rXcxXL8TskReQl6OrB2G7-UJrags1q15Fudc7G6w-- <- cross-spawn 7.0.3 (7.0.6 is available)
+ nodelite-2-ixkJoqQvAP88E6wLydLGGqCJsrFUnqoH6HnaczB8XmDH1oaWU-xxdptvikTgaEhtZ53Ky6YXiBuUI2WXLMCwjw-- <- is-reference 3.0.3
+ nodelite-2-j3fVLgvTo527anyYyJOGTYJbG-vnnQYvE0m5mmkc1TK-nxAppkCLMIL0aZ4dblVCNoGShhm-kzE4ZUykBoMg4g-- <- ajv 6.12.6 (8.9.0 is available)
+ nodelite-2-j4JKEcncSjFlqIwU5L-rp2N5SIPsdxaRsIv678-TZxZ0SRDJTm8JrxJMjE-XuiEZNEir3S8l0Fa3Ke339WI4qA-- <- spawndamnit 2.0.0 (3.0.1 is available)
+ nodelite-2-j7P6Rgr3mmtdkeDGTe0E-aYyWEWVtc5yFXtHCRHs28-jptDEWfaVOc5T7cblqy1XKPPfCxJc-8DwQ5YgLOZOVQ-- <- @polka/url 1.0.0-next.25 (1.0.0-next.29 is available)
+ nodelite-2-jdvnzt-pZPg8TfclZlTZPiUbbima93ylvQ-wNgHLNmup3obY6heQvgewSu9i2CfS61BnRByv-F9fxQLPoNeHag-- <- @stylistic/eslint-plugin-js 1.8.0
+ nodelite-2-jhIXaOzy1sb8IyocaruWSn1TjmnBVs8Ayhcy83rmxNJ8q2uWKCAj3CnJY-KpGSXCueAPc0i05kVvVKtP1t9S3g-- <- globby 11.1.0
+ nodelite-2-jRCJlojKnZ3addtTOjdIqoRuPEKBvNXcGYqzO6zWZX8KfKEpnGY5jfggJQ3EjKuu8D4bJRr0y-cYJFmYbImXGw-- <- tmp 0.0.33 (0.2.7 is available)
+ nodelite-2-jYMbyXQk3nwP25nRzQQGa1nKLY0KfoOV7VLgwucI0bUO8t8ZLCr6LZmgjXsiKuRDc-5A6doKPr9w2d-FEJ55zQ-- <- @changesets/read 0.6.1 (0.6.7 is available)
+ nodelite-2-kDxDrPNpUgsjDbWBvUo27PzKX4gqeKOlhibaOXDJA6kuBisGqNHv-HwGJrAu8U-dSf8ZEFIeHIPtvSlZI1kULw-- <- @changesets/write 0.3.2 (0.4.0 is available)
+ nodelite-2-kGzZ3LWWQcGIAmg6iWvXn0ei6WDtV26wzHRMwDSzmAbcXrTEXxHy6IehI6-4eT6VRKyMP1eF1VqwrVUmE-LR7A-- <- get-tsconfig 4.10.0
+ nodelite-2-kHxr2zZpYtdmrN1qDjrrX-Z1rR1kG8Dx-gkpK1G4eXmvXswmcE1hTWBWYUzlraYw1-yZp6YuDY77YtvbN0dmDA-- <- shebang-command 2.0.0
+ nodelite-2-kkIp7XSkP78ZxJEsSxW3712C6teJVoeHHwgo9zJ380de7IYyJ2ISlxojcH2pC5OFLewESmnRi--XCDIEEVyoug-- <- loupe 3.1.3 (3.2.1 is available)
+ nodelite-2-kVscqXk4OCp68SZ0dkgEKVi6-8ij300KBWTJq32P-dYeWTSwK41WyTxalN1eRmA5Z9UU-LX9D7FWSmV9SAYx6g-- <- esutils 2.0.3
+ nodelite-2-l3BikUxvPOcn5E74dZiq5BGsTb5yEwhaTSzccU6t4sDOH8NWJCstKO5QT2CvtFoK6F0saL7p9xHAqHOlCPJygA-- <- source-map 0.7.4 (0.8.0-beta.0 is available)
+ nodelite-2-lG7Xa-BmBNwpjmVUbmyKxdQJ3Q6whHjMjzQplOs5Z-Gj7mxPtWakGHqzMqNER68G67kmCX9qX57aRsW5V0VOng-- <- @rollup/rollup-linux-x64-gnu 4.40.2
+ nodelite-2-lhd-wF-Lk98HZoTCtlVraHtfh5XYijIjalXck7saUtuanSDyLMxnHhSXEDJqHxD7msR8D0uCmqlkwjCV8xvwHw-- <- fast-json-stable-stringify 2.1.0
+ nodelite-2-m6F1R3z8jjlf2imQHS2Qez5sjKWQzbuuhuJ-FKYFRZvPE3PuHcSMVZzfsLhGVOkfd20obL5SWEBew5ShlquNxg-- <- jsonfile 4.0.0 (6.2.1 is available)
+ nodelite-2-mg3OPMV4hXywwpoDxu3Qda5xCKQi-vCTZq8S9J-EpkhB2HzKXq4SNFZE3-NK93JYxc8VMSep-lOUSC-RVKaBqw-- <- esbuild 0.21.5 (0.28.2 is available)
+ nodelite-2-mki5uBvhHzO8kYYix-WRy2WX8S3B5wdVSc9D6KcU5lQNglP2yt58-VfLuAK49glRXChosY8ap2oJ1qgma3GUVA-- <- @manypkg/find-root 1.1.0 (2.2.3 is available)
+ nodelite-2-mnkeQ1qP5Ue2wd-aivTD3NHd-lZ96Lu0jgf0pwktLPtx6cTZiH7tyeGRRHs0zX0rbrahXPnXlUnbeXyaBBuIaw-- <- open 10.1.0
+ nodelite-2-mNtXP9LTVBy14ZF3o7JG69gRPBK-2QWtQd0j0oH26HcY-foyJJau6pNUez7QrM5UHnSvwlQcJXKsk0I99B9pOA-- <- @typescript-eslint/parser 8.26.0
+ nodelite-2-mT8iDcrh03qDGRRmoA2hmBJnxpllMR-0-0qlzjqZES6NdiWDcZkCNAk4rPFZ9Q85r27unkiNNg8ZOiwZXBHwcA-- <- chardet 0.7.0 (2.2.0 is available)
+ nodelite-2-n1cw8k1k0x4pgA2-9XrOkFydTerNcJ1zWCO5Nn9scWHTD-5tp8dghT2x1uduQePZTZgd3Tupf-x9BxJjeJi77Q-- <- tinyspy 3.0.2 (4.0.4 is available)
+ nodelite-2-n5M855fKb2SsfMIiFFoVrABHJC8QtHwVx-mHWP3QcEqBHYienj5dHSgjbxtC0WEZXYt4wcD6zrQElDPhFuZgfA-- <- ansi-regex 6.0.1 (6.3.0 is available)
+ nodelite-2-ncTzHV7NvsQZkYe1DW7cbDLm0YpzHmZF5r-iyP3ZnQtMiJ-pjzisCiMNI-Sj-xQF5pXhSHxSB3uDbsBTzY-c2A-- <- yallist 2.1.2 (5.0.0 is available)
+ nodelite-2-nq-eWrOgdtu3jG5Os4TQP3x3cLA8hR8TvJNjD8vnPa20WGycimcparWnLK4jJhElTK6SDyuJo1weMKO-5LpmLA-- <- @babel/parser 7.25.4 (8.0.4 is available)
+ nodelite-2-nqICnvmrwWj4w2x0fOhVj2QEGdlUuwVAwESrUo5HLzWMI1rE5SWfsr9ln-rDqWB6RQ2ZyaMZHUcU7-IRaUJS-Q-- <- @changesets/assemble-release-plan 6.0.4 (6.0.9 is available)
+ nodelite-2-o-NO-8WrRiQEE4-7nwRJhN1HWpVmJm511pBHUxPLtp0BUISzlBplORYSmTclCnJvQq2tKu-sgl3xVpkc7ZWuQQ-- <- kleur 4.1.5
+ nodelite-2-o5Roy6tNG4SL-FOkCAN6RzjiakZS25RLYFrcMttJqbdd8BWrnA-fGz57iN5Pb06pvBGvl5gQ0B48dJlslXvoTg-- <- argparse 1.0.10 (2.0.1 is available)
+ nodelite-2-o8qghlI8NZHU1lLPrpi2-Uq7abh4GGPpYANlalzWxyWteJOCsr-P-oPBA49TOLu5FTZO4d3F9MnWJfiMo4BkmA-- <- w3c-xmlserializer 5.0.0
+ nodelite-2-oahGvuMGQlPw-ivIYBjVSrWAfWLBeku5tpPE2fOPLi-WHffIWbuh2tCjhyQhTBPMf5E9jDEH4FOmTYgYwbKwtQ-- <- globals 14.0.0
+ nodelite-2-oBO82rEjsxLNJincVhLhaxxZdEtV0EFHMK5Kmx5sJ6H9L183dHECjiefOAdnqpIgT5eZwT04PoggUnW88vOBNQ-- <- @vitest/snapshot 2.1.9 (4.0.7 is available)
+ nodelite-2-oGB-UxlgWcgQkgwo8GcEGwemoTFt3FIO9ababBmaGwXIoBKZ-GTy0pP185beGg7Llih-NSHSV2XAs1lnznocSg-- <- @nodelib/fs.walk 1.2.8 (3.0.1 is available)
+ nodelite-2-oIPzksmTg4-MriiaYGO-okXDT7ztn-w3Eptv--gSIdMdKsJo0u4CfYNFJPy-4SKMuCqGw2wxnA-URMg3t8a-bQ-- <- deep-is 0.1.4
+ nodelite-2-ojmeN0qd-y0jszEtoY48r0Peq5dwMEkIlCOu6Q5f41lfkswXuKtYrhgoTpLnyIcHm24Uhqx-5Tqm2InSwLhE6Q-- <- path-key 3.1.1 (4.0.0 is available)
+ nodelite-2-okMH7OXXJ7YrN9Ok3-SXrnu4iX9yOk-25nqX4imS2npuvTYDmo-QEZoqwZkYaIDk3jVvBOTOIEgEhaLOynBS9g-- <- js-yaml 3.14.1 (5.4.1 is available)
+ nodelite-2-oKnbhFyRIXpUuez8iBMmyEa4nbj4IOQyuhc-wy9kY7-WVPcwIO9VA668Pu8RkO7-0G76SLROeyw9CpQ061i4mA-- <- chalk 4.1.2 (5.6.2 is available)
+ nodelite-2-oKWePCxqpd6FlLvGV1VU0x7bkPmmCNolxzjMf4NczoDnQcIWrAF-cPtZn5i6n-RfD2d9i0tzpKnG6Yk168yIyw-- <- resolve 1.22.8 (2.0.0-next.7 is available)
+ nodelite-2-oPcr1yqoXLCkgKtD5eNUPLiN40rYEM39odNpIb6VE6S7-15gJmA1NzVv6zJYusV0e7tzvkU-utBFNa-Kpxmwng-- <- playwright 1.46.1 (1.62.1 is available)
+ nodelite-2-oruZaFkjorTpF32kDSI5-75ViwGeZginGGy2NoOSg3Q9bnwlnmDm4HLnkl0RE3n-njDXR037aY1-x58Z-zFdwQ-- <- espree 9.6.1
+ nodelite-2-ot0WnXS9fgdkgIcePe6RHNk1WA8-muPa6cSjeR3V8K27q9BB1rTE3R1p7Hv0z1ZyAc8s6Vvv8DIyWf681MAt0w-- <- supports-preserve-symlinks-flag 1.0.0
+ nodelite-2-oX2ruAFQwf-Orj8m737Y5adxDQO0LAB7-S5MnxCdTNDd4p6BsyIVsv9JQsATbTSq8KHRpLwIHbVlUNatxd-1Ow-- <- fast-glob 3.3.2 (3.3.3 is available)
+ nodelite-2-oxVHkHR-EJf2CNXnWxRLW6mg7JyCCUcG0DtEGmL2ctUo1PNTin1PUil-r--4r5MpVgC-fn1kjsx7mjSujKqIpw-- <- keyv 4.5.4 (5.6.0 is available)
+ nodelite-2-pb-MYmXstAkysRFx8piNI1tGFNQIFA3vkE3Gq4EuA1dF6gHp--vgZqsCGJapvy8N3Q-4o7FwvquPJcnZ7RYy4g-- <- resolve-from 4.0.0 (5.0.0 is available)
+ nodelite-2-pbnl5XzGBdrFU-wT4jqmJVPn2B6UHPBOhzMQkY-SPUPB6QtUXtmBHBIwCbXJol93mOpGMnQyP--BB19q04xj7g-- <- better-path-resolve 1.0.0
+ nodelite-2-pdgHcYBLCPcLd82aRcuO0kxCDbw-yISlOtkmwmE8Odo1L6hSiZrBOsRl84eYG7DRCab-iHnOkWqExqc4wxk2LQ-- <- @changesets/git 3.0.1 (3.0.4 is available)
+ nodelite-2-pFYqmTw68LXVjeWJMST4-borgQP2AyMNbg1BpZh9LbyhUeNkeaPF9gzfPGUAnSMV3qPYdWUwDIjjCLiSDOl7vg-- <- test-exclude 7.0.1
+ nodelite-2-pGjwhsmsp4kL2RTz08wcOlGN83otlqHeD-Z5T8GXZB--YcpQ-dgo-lbU8ZsGxV0HIvqqxo9l7mqYwyYMD9bKDg-- <- detect-libc 1.0.3 (2.1.2 is available)
+ nodelite-2-ph4AE5BXWIOsSy9stpoeo7bYe-Cy7VfpciIH4RhVZUPItCJmhqWCN0EVzxd8BOHiyNb42vuJc6NWTjJkg91Tuw-- <- tldts 6.1.64 (7.4.11 is available)
+ nodelite-2-pn1ra-0mPObzqoIQn-vUTR3ZZI6UuZ0sHqMK5x2jMLGrs53h0sXhkVuDcrlssHwIMk7FYrMjHBPoUSyyEEDlBQ-- <- prettier-plugin-svelte 3.4.0 (3.4.1 is available)
+ nodelite-2-pO9KhhRcuUyGnJWwyEgnRJTSIZHiT-vMD0kPeD-so0l7mxkMT19g3pjY9GTnHySck-hDzq-dtW-4VgnMkippsQ-- <- @babel/helper-string-parser 7.24.8 (8.0.0-beta.4 is available)
+ nodelite-2-pTgQJ5KC0d2hcY8eyL1IzlBPYjTkyH72XRZPnLyKus2mBfNjQs3klqbJU2VILqZryAZUt9JOb3h-mWMy23-f5A-- <- cross-spawn 5.1.0 (7.0.6 is available)
+ nodelite-2-q4jdx5-5NfB0-qMbXbOmuC6oo7caPnFghJbIAV90cXZqgV8Am3miZhC4p-sQVdacqxfd-3nrle4C8icR3p1AYw-- <- lightningcss-linux-x64-gnu 1.23.0 (1.31.1 is available)
+ nodelite-2-qhUGGDHcpbY2zpjW3SwqchuW8J-5EzlPFud7xNntHKA7f3a-mx5-g-ruJKFHSAiVZYo30PALt-AyhmPUNKH-Og-- <- @svitejs/changesets-changelog-github-compact 1.1.0
+ nodelite-2-qIj0G9wZbMGNLjLmg1PT6v2mE9AH2zlnADJD-2tC6E00hgmhUOfEB6greHPAfLRSufHqROIUTkw6E-M3lH0PTQ-- <- axobject-query 4.1.0
+ nodelite-2-qkf4trmKSIiMTs-E63cxH-ojC2unam7rJ0WrauAzpT3ECNTxGRMlaXxVbfxMUC-w0LaYk6jQ4y-nGR9uBO3tww-- <- tinyglobby 0.2.12 (0.2.17 is available)
+ nodelite-2-qO3aKv3HoQC8QKiNSTuUM1l9o-XX3-c-VTgLHbJWHZGeTPVAg2XwazI9UWzoxjIJCGCV2zU60uqMzjeLZuULqA-- <- vite 5.4.19 (7.3.6 is available)
+ nodelite-2-qOOzS1cBTWYF4BH8fVePDBOO9iptMnGUEZwNc-cMWnTV2nVLZ7VoNWEPHkYczZA0pdoA7dl6e7FL659nX9S2aw-- <- minipass 7.1.2 (7.1.3 is available)
+ nodelite-2-qpCAvRl9stuOHveKsn7HncJRvv501qIacKzQlO--Lwxc9-0q2wLyv4Dfvt80-DPn2pqOBsJdDiogXGR9-OvwRw-- <- supports-color 7.2.0 (9.4.0 is available)
+ nodelite-2-qqnD1yMU6tk-jnaMosogGySTZP8YtUgAffA9nMN-E-rjxcfRQ6IEk7IiozUjgxKoFHBGjTLnrHB-YC45r-59EQ-- <- es-module-lexer 1.6.0 (2.3.2 is available)
+ nodelite-2-quJQXlTSUGL2LH9SUXo8VwsY4soanhgo6LNSm84E1LBcE8s3O0wpdiRzyR9z-ZZJMlMWv37qOOb9pdJlMUEKFQ-- <- ansi-regex 5.0.1 (6.3.0 is available)
+ nodelite-2-qXDmcVlZV4XRtKFzddidpfVP4oMSGhga-xdMc25mv8kaLUHtgzCDhUxkrN8exkGdTlLNaXj7CV3GtON7zuGZ-w-- <- nwsapi 2.2.12
+ nodelite-2-qYg9KP24dD5qka9J47d0aVky0N-b4fTU89LN9iDnjB5waksiC49rvMB0PrUJQGoTmH50XPiqOvAjDfaijGxYZw-- <- resolve-from 5.0.0
+ nodelite-2-r3vXyErRCYJ7wg28yvBY5VSoAF8ZvlcW9-BwUzEtUsjvX-DKs24dIkuwjtuprwJJHsbyUbLApepYTR1BN4uHrg-- <- yaml 1.10.2 (2.9.0 is available)
+ nodelite-2-rAbqEGa8ovJy4pyBxZM70hg4pE6gDgaQ0Sl9M3enG3I0d6H4XSAM3GeNGLKnsBpuijUow064sf7ww1nutC5-3w-- <- zimmerframe 1.1.2 (1.1.4 is available)
+ nodelite-2-rBJeI5CXAlmy1pV-617WB9J63U6XcazHHF2f2dbJix4XzpUF0RS3Zbj0FGIOCAva5P-d-GBOYaACQ1w-0azUkg-- <- universalify 0.1.2 (2.0.1 is available)
+ nodelite-2-reYkTUJAZb9gUuZ2RvVCNhVHdg62RHnJ7WJl8ftMi4diZ6NWlciOzQN88pUhSELEwflJht4oQDv0F0BMlwaYtA-- <- detect-indent 6.1.0 (7.0.2 is available)
+ nodelite-2-rfT93uj5s0PRL7EzccGMs3brplhcrghnDoV26NqKhCAS1hVo-WdNsPvE-yb6ilfr5hi2MEk6d5EWJTKdxg8jVw-- <- @types/aria-query 5.0.4
+ nodelite-2-rp3So07KcdmmKbGvgaNxQSJr7bGVSVk5S9Eq1F-ppbRo70-YeaDxkw5Dd8NPN-GD6bjnYm2VuPuCXmpuYvmCXQ-- <- safe-buffer 5.2.1
+ nodelite-2-rq9s-JNhf0IChjtDXxllJ7g41oZk5SlXtp0LHwyA5cejwn7vKmKp4pPri6YEePv2PU65sAsegbXtIinmDFDXgQ-- <- acorn-jsx 5.3.2
+ nodelite-2-rR-PBcQ1SMQDDyF6X0wxtG8QyLCgUB0eRAGguqRLfkCA87l7yAP7ehq8SNj96OOGTO8OBV70KhuFYcIkHXOg0w-- <- @babel/helper-validator-identifier 7.24.7 (8.0.4 is available)
+ nodelite-2-rRqJg-6gd538VHvR3PSrdRBb-1Vy2YfzHqzvbhGIQpDRKIa4FgV-54b5Q1xYSxOOwKvjXweS26E0Q-nAMwp2pQ-- <- enquirer 2.4.1
+ nodelite-2-ruk0RNChLKz3zKGn2LwXuVoeBcUMh-jaqzN461uMMdxy5H9epZqIBtYj7UiPXRuOpaALXGbmRuZQhmwHhaS04Q-- <- @typescript-eslint/type-utils 8.26.0
+ nodelite-2-rVksvsnNCdJ-ohGc6xgPwyN8eheCxsiLM8mxuE-t-mOVqJewPuO1miLpTHQiRgTKCLexL4MeAFVagts7HmNZ2Q-- <- yocto-queue 0.1.0 (1.2.2 is available)
+ nodelite-2-rWQkqXRESdjXtc-7NRfK9lASQjpXJu1ayp7qi1d23zZorY-wBHVLHHoVcMsEnkqEBWTFqbztO7-QdJFzyEcLTg-- <- @antfu/utils 0.7.8 (8.1.1 is available)
+ nodelite-2-s3O3waFUrMV8P-XaF--ZTp1X9XBZW1a4B97ZnjQF2KYWaFD2A8KyFBsrsfSjEmjn3RGWAIuvlneuZm3CUK3jbA-- <- @eslint-community/eslint-utils 4.4.1 (4.9.1 is available)
+ nodelite-2-saE57nupxk6v3HY35-jzBwYa0rKSy0XR8JSxZPwgLr7ys0IBzhGviA1-TUGJLmSVqs8pb9AnvICXEuOHLprYTw-- <- whatwg-url 5.0.0 (8.7.0 is available)
+ nodelite-2-seS2Tj26TBVOC2NIc2rOe2y2ZO7efxITtLZcGSOnHHNOQ7CkiUBfw0Iw2ck6xkIhPwLhKNLS8BO-hEpngQlqzw-- <- resolve-pkg-maps 1.0.0
+ nodelite-2-sf4i37nQ2LBx4m3wB74y-ubopq6W-dIzXg0FDGjsYnZHVa1Da8FH853wlL2gtUhg-xJXjfk3kUZS3BRoQeoQBQ-- <- totalist 3.0.1
+ nodelite-2-sgcHRkiBY9i4zWYBwlVyAjEM9sAzs4wYVwJUdnbDLnVG3QwAaia1Mk5P8M7kraTOZN-vBET7n8KyB0YXCbFRLQ-- <- @changesets/get-dependents-graph 2.1.2 (2.1.4 is available)
+ nodelite-2-si7QWI6zUMq56bESFvagtmzMdGOtoxfR-Sez11Mobfc7tm-VkUckk9bW2UeffTGVUbOksxmSw0AA2gs8g71NCQ-- <- wrap-ansi 8.1.0 (9.0.2 is available)
+ nodelite-2-sNPKHvyjVf7gyjwS4xGTaW-mCnF8wnjtifKBEhxfZ7E-S8tQ0rssrwGNn6q8JH-ohItJfSQp9mBtQYuTlH5QnA-- <- magic-string 0.30.17
+ nodelite-2-sNXOfKCn74rt8RICKMvJS7XKV-Xk9kA7DyJr8mJik3S7Cwgy3qlkkmyS2uQB3jiJg6VNdZd-pDBJu0nvG2NlTg-- <- eslint-scope 8.4.0 (9.1.2 is available)
+ nodelite-2-sPU4uV7dYlvtWJxwwxHD0PuihVNiE7TyAbQ5SWxDCB9mUYvOgroQOwYQQOKPJ8CIbE-1ETVlOoK1UC2nU3gYvg-- <- mime-db 1.52.0 (1.54.0 is available)
+ nodelite-2-sWZlbEP2OsHNkXrMl5GYk-jKk70MBng6UU4YI-qGDYbgf6YbP4EvmqISbXCoJiRKs-1bSpFHVgQxvJ17F2li5g-- <- lru-cache 4.1.5 (8.0.5 is available)
+ nodelite-2-t7hw9pI-WvuwNJXwk5zVHpyhIqzg2qTlklJOf0mVxGSbe3Fp2VieZcduNYjaLDoy6p9uGpQEGWG87WpMKlNq8g-- <- locate-path 5.0.0 (7.2.0 is available)
+ nodelite-2-tD46wKHd-KJvsmije4bUskNuvWKFcTOIM9tZ-RrmIvcXnbi0YK-cKS9FzFtAm7Oxi2EhV5N2OpfFB348vSQRXA-- <- @rollup/rollup-linux-x64-musl 4.40.2
+ nodelite-2-tdN8qQGvNjw4CHbY-XXk0JgCXn9QiF21a55rBe5LJAU-kDyC4WQn4-awm2Xfk2lQMk5fKup9XgzTZtGkjBdP9Q-- <- prettier 2.8.8 (3.9.6 is available)
+ nodelite-2-tfUOg6DTP4rhQ3VjOO6B4wyrJnGOX85requAXvqYTHsOgb2TFJdZ3aWpT8W2kPoypSGP7dZUyzxJ9ee4buM5Fg-- <- rollup 4.40.2
+ nodelite-2-tiJ1Hvy-V-oMVRTbEOIeemA2XoylimlDQ03CgPPNaHYZbpsc78Hmngnt-WXZfJX1pjQ711V7g0H7cSJThGYfPQ-- <- @typescript-eslint/typescript-estree 8.26.0
+ nodelite-2-tjwM5exMg6BGRI-kNmTntNsvdZS1X8BFYS6tnJ2hdH0kVxM6-eVZ2xy-FqStSWvYmtfFMDLIxurorHwDKfDz5Q-- <- bundle-name 4.1.0
+ nodelite-2-tk2G5R2KRwBd-ZN0zaEXpmzdKyOYksXwywulIX95MBODjSzMIuQnQ3m8JxgbhnL1LeVo7lqQKsYa1O3Htl7K5g-- <- tr46 5.0.0 (6.0.0 is available)
+ nodelite-2-tVL6uJgoUdi6icpxmdrn5YNo3g3Dxv-IHJBr0GXHaEdTcw3F-cPKnsXFhli6nO-f-6SDKPHEK1UN-k-TQv0Ehg-- <- @vitest/mocker 2.1.9 (4.0.7 is available)
+ nodelite-2-tzzskb3bG8LvYGFF-mDTpq3jpI6Q9wc3LEmBaghu-DdCssd1FakN7Bc0hVNmEyGq1bq3RgfkCb3cmQLpNPOroA-- <- mri 1.2.0
+ nodelite-2-uB80kBFb-tfd68bVleG9T5GGsGPjJrLAUpR5PZIrhBnIaRTQRjqdJSsIKkOP6OAIFbj7GOrcudc5pNjZ-geV2g-- <- pify 4.0.1 (5.0.0 is available)
+ nodelite-2-uBHU3L3czsIyYXKX88fdrGovxdSCoTGDRZ6SYXtSRxLZUzHg5P-66Ht6uoUlHu9EZod-inXhKo3qQgwXUT-y1w-- <- source-map-support 0.5.21
+ nodelite-2-uqnl8vGV16KsyflHOzqrYjjArjfXaU6rMPXYy2-ZWoRKCkXtghgB4VwTDXUG-t0OTGeSewNAG31-x1gCTfLt-Q-- <- tldts-core 6.1.64 (7.4.11 is available)
+ nodelite-2-utWOt-GHzuUxnLKxB6dk81RoOeoNeHgbrXiuGk4yyF5qlRz-iIVWu56E2fqGHFrXz0QNUhLB-8nKqvRH66JKGQ-- <- lilconfig 2.1.0 (3.1.3 is available)
+ nodelite-2-uUxNQ3zAHeAx5nRFskBnrWzDUJrrvpCPD5FNAoRvTi0WwremlheES3tg-56PaVtCs5QDRX5CBLxxKMDJMEa1WQ-- <- sass 1.70.0 (1.97.3 is available)
+ nodelite-2-v0psaMSkNJ3A2NMrUEHFRzJtDPFn--VWZ5WxImB21T9fjucJRmS7xCS3ppEnARb9y11OAzaD-P2Ps-b-BGX5iQ-- <- @vitest/utils 2.1.9 (4.0.7 is available)
+ nodelite-2-v3MXnZAcvnywkTUEZomIActle7RXXeedOR31wwl7VlyoXO4Qi9arvSenNQWne1TcRwhCL1HwLI21bEqdpj8-rA-- <- iconv-lite 0.4.24 (0.7.3 is available)
+ nodelite-2-vavAMRXOgBVNF6nyEEmL3DBK19iRpDcoIwW-swQ-CbGiu7lju6t-JklA1MHweoWtadgt4ISVUsXLyDq34ddcwA-- <- strip-bom 3.0.0 (5.0.0 is available)
+ nodelite-2-vD8HJ5raRcWOyymsR6Z3o6-RzfEPCnVLMFJ6vRslO1jt4LO6dUo5Qnpg7y4RkZFM2DMe3WUirkI5c16onjrc6A-- <- rollup 4.22.4
+ nodelite-2-vE7JKRyES09KiunauX7nd2Q9-L7lhok4smP9RZTDeD4MVs72Dp2qNFVz39Nz5a0FVEW0BJR6C0DYrq6unoziZA-- <- pathval 2.0.0 (2.0.1 is available)
+ nodelite-2-veYYhQa-D1QBKznvhUHxb8faxlrwUnxseDAbAp457E0wLNio2bOSKnjYDhMj-YiAq61xrMGhQk9iXVk5FzgQMw-- <- import-fresh 3.3.0 (3.3.1 is available)
+ nodelite-2-vkcDPrRZo1QZLbn5RLGPpg-WmIQ65qoWWhcGKf-b5eplkkarX0m9z8ppCat4mlOqUsWpyNuYgO3VRyrYHSzX5g-- <- prelude-ls 1.2.1
+ nodelite-2-vkrQgEmhokFEOpuTo7NlVXJJMJJGNzxjmkQCTkHSwIOdzQSUukDIJ4038IjdcnIERSIlo4OpLAydWLx52BVyQA-- <- @sveltejs/eslint-config 8.3.3
+ nodelite-2-vNk6aEwybGtawWmy-PzwnGDOjCkLWSD2wqvjGGAgOAwCGWySYXfYoxt00IJkTF-8Lb57DwOb3Aa0o9CApepiYQ-- <- @jridgewell/trace-mapping 0.3.25
+ nodelite-2-vq24Bq3ym5HEQm2NKCr3yXDwjc7vTsEThRDnkp2DK9p1uqLR-DHurm-NOTo0KG7HYHU7eppKZj3MyqYuMBf62g-- <- @nodelib/fs.scandir 2.1.5 (4.0.1 is available)
+ nodelite-2-vqgQZMyIcuIpw9nqFIpTSNyc-wgm-Lu1zKN5vECy74u95Qx-Wa9g27HdgO4NkVAaq-BGA8wUc-qvbvVNs93n6A-- <- @changesets/config 3.0.3 (3.1.4 is available)
+ nodelite-2-vUptKVTpIJhcczKBbgnS-RtcuYMB8-oNzPK2-Hp3hanz8JmpATdmmgLgSaadVREkDm-e2giHwY3ZRkyjSIDDFA-- <- hasown 2.0.0 (2.0.4 is available)
+ nodelite-2-vvBJ-If4jKM4tPz9JdY2kGOgWmCowUYOi5Ycv8dyLnEE8FgpYYUo1mgJZxcdtGGP3aG8rAQulGLyyXGSLkIMTQ-- <- @changesets/pre 2.0.1 (2.0.2 is available)
+ nodelite-2-vYl3iOX-4CKUWuxGi9Ukhie6fsqXqS9FE2Zaic4tNFD2N2QQaXOMFbuKK4QmDHC0JO6B1Zp41J0LpT0oR68amQ-- <- randombytes 2.1.0
+ nodelite-2-vYt7UD1U9Wg6138shLtLOvdAu-8DsC-ilFtEVHcH-wydcSpNE20AfSOduf6MkRFahL5FY7X1oU7nKVZFtfq8Fg-- <- punycode 2.3.1
+ nodelite-2-w28IoSUCJpidD-TGviZwwMJckNESJZXFu7NBZ5YJ4mEUnNraUn9Pm8HSZm-jDF1pDWYKspWE7oVphigUPRakIQ-- <- @types/estree 1.0.7 (1.0.9 is available)
+ nodelite-2-weEDEq7Z5eTHPDh4xjX789-fHfF-P8boiFB-0vbWzpbnbsEr-GRaohi-uMKxg8RZMXnl1ItAi-IUHWMsjDV7kQ-- <- tinyrainbow 1.2.0 (3.0.3 is available)
+ nodelite-2-whLdWMYL2TwI08hn8-ZqAbrVemu0LNaNNJZX73O6qaIdCTfXutsLhMkjdENX0qhsQ9uIimo4-aQOmXkoon2nDQ-- <- pathe 1.1.2 (2.0.3 is available)
+ nodelite-2-wK0Ri4fOGjv-XPy8SBHZChl8CM7uMc5VML7SqiQ0zG7-J5Vr-RMQDoHa2CNT6KHUnTGIXH34UDMkPzAUyapBZg-- <- term-size 2.2.1
+ nodelite-2-wKyQRQpjJ0sIp62ErSZdGsjMJWsap5oRNihHhu6G7JVO-9jIB6UyevL-tXuOqrng8j-cxKTWyWUwvSTriiZz-g-- <- string-width 4.2.3 (8.1.0 is available)
+ nodelite-2-wnD2ZE-l-SPC-uoS0vXeE9L1-0wuaMqKlfz9AMUo38JsyLSBWSFcHR1Rri62LZc12vLr1gb3jl7iwQhgwpAbGQ-- <- signal-exit 3.0.7 (4.1.0 is available)
+ nodelite-2-wpc-LXeiyiisxPlEkUzU6svyS1frIO3Mgxj1fdy7Pm8Ygzguax2N3Fa-D-ag1WqbOprdI-uY6wMUl8-a2G-iag-- <- eslint-visitor-keys 3.4.3 (5.0.1 is available)
+ nodelite-2-wpoSFAxys6b2a2wHZ1XpDSgD7N9iVjg29Ph9uV-uaP9Ex-KXlkTZTeddxDPSYQpgvzKLGJke2UU0AzoGCjNIvQ-- <- shebang-regex 1.0.0 (3.0.0 is available)
+ nodelite-2-wpxZs9NoxZaJESJGIZTyDEaYpl0FKSA-FB9aJiyemKhMwkxQg63h4T1KJgUGHpTqPDNRcmmYLugrRjJlBtWvRA-- <- js-yaml 4.1.0 (5.4.1 is available)
+ nodelite-2-wq0cICSkRLVaf3UGLMGItu-PtdY7oaXaI-RVU-xliKVOtRna3PRY57ZDfztpDL0n11vfymMUnXv8QwYCO7L1wg-- <- @types/node 20.12.7 (26.4.1 is available)
+ nodelite-2-xAg7SOnEhrm5zI3puOOKyy1OMcMlIJZYNJY7xLBwSze0UjhPLnWfj2GF2EpT0jmzaJKIWKHLsaSSajf35bcYnA-- <- saxes 6.0.0
+ nodelite-2-xal3CZX1Xlo-k4ApwCFrHVACi9fBqJ7V-mwhBsuf-1IOKbBy098Fex-Wa-5QMubw09pSZ-u8EY8PWgevJsXp1A-- <- sade 1.8.1
+ nodelite-2-xbbCH5dCYU5T8LcEhhuh7HJ88HXuW3qsI3Y0zOZFKfZEHcpWiHU-Jxzk629Brsab-mMiHQti9wMP-845RPe3Vg-- <- json-schema-traverse 0.4.1 (1.0.0 is available)
+ nodelite-2-xceH2snhtb5M9liqDsmEw56le376mTZkEX-jEb-RxNFyegNul7eNslCXP9FDj-Lcu0X8KEyMceP2ntpaHrDEVA-- <- picocolors 1.1.1
+ nodelite-2-xCy9V055GLEqoFaHoC1SoLIaLmWctgCUaBaWxDZ7-Zx4CTyX7cJQLJOok-orfjZAh9kEYpjJa4d0KcJmCbctZA-- <- perfect-debounce 1.0.0 (2.0.0 is available)
+ nodelite-2-xelSayHH36ZgE7ZWhli7pW34hNbNl8Ojv5KVmkJD4hBdD3th8Tfk9vYasLM-mXWOZhFkgZfxhLSnrwRr4elSSg-- <- is-glob 4.0.3
+ nodelite-2-xIDQRsfg5hNBqHz04H1R3scSVwmI-KUbqjsQKHKQ1DAUSaUjYPReZZmS-5PNiKu1fUvzDd6H7DEDKACSEhu-TQ-- <- @eslint/js 9.9.1
+ nodelite-2-y3b8Kpd8OAN444hxfBbFfj1FY-RjtTd8tzYwhUqNYXx0fXx2iX4maP4Qr6qhIKbQXI02wTLAda4fYUbDagTUFw-- <- p-map 2.1.0 (7.0.4 is available)
+ nodelite-2-ybx0WO1-8bSBLEWXZvEd7gMW3Sn3JFlW3TvX1nREbDLRNQNaeNN8WK0meBwPdAaOI7TtRRRJn-Es1zhrrCHu7g-- <- siginfo 2.0.0
+ nodelite-2-yg2d-Em4KizZC5niWhQaIomgf5WlL4vOOjZ5xGCmF8SnPE-mDWWXgvRExdcpCgh9lLRRa1-fSYp2ymmbJ1pI-A-- <- istanbul-lib-source-maps 5.0.6
+ nodelite-2-yhlQgA6mnOJUKOsRUFsgJdQCvkKhcz8tlZG5HBQfReYZy46OwLcY-Zia0mtdHsOo9y-hP-CxMN0TU9QxoOtG4g-- <- fs-extra 8.1.0 (9.1.0 is available)
+ nodelite-2-yQbXgO-OSZVD2IsiLlro-7Hf6Q18EJrKSEsdoMzKePKXct3gvD8oLcOQdIzGupr5Fj-EDe8gO-lxc1BzfMpxvA-- <- braces 3.0.3
+ nodelite-2-yzmPNpl7TBbMRC5Lj2JlJZNPml0tzqoqP5B1JXycNUwtqma9AKCO0M2wHrdgsHcy1WRW7S9rJknAMtByg3usgA-- <- esrap 2.1.0 (2.2.2 is available)
+ nodelite-2-zbB9rCJAT1rbjiVDb2hqKFHNYLxgtk8NURxZ3IZwD3F6NtxbXZQCnnSi1Lkx-IDohdPlFp222wVALIheZJQSEg-- <- ansi-styles 4.3.0 (6.2.3 is available)
+ nodelite-2-zQ1ijeeCXVEh-aNL0RlmkPkG8HUiDcU2pzQQFjtbntgAczRASFzj4H-6-bV-dy1ntKR14I-DypeuRG1uma98iQ-- <- @babel/types 7.25.4 (8.0.4 is available)
+ nodelite-2-ZSW3ma5GkcQBIpwZTSRAI8N71Uuwgs93IezB7mf7R60tC8ZbJideoDNKjHn2O9KIlx6rkGTTEk1xUCK2E1Y2Yg-- <- enhanced-resolve 5.18.1
+ nodelite-2-ZXRY4jNvVgSVQ8DL3LTcakaAtXwTVUxE81hslsyD2AtoXW-wVob10HkOJ1X-pAlcI7D-2YoZKg5do8G-w6RYgA-- <- @istanbuljs/schema 0.1.3 (0.1.6 is available)
+ nodelite-2-ZXSSqTFIrzduD63btIfEyOmNcBmQvgOVsPNPe0jYtESiXkhd8u2erDLnMxmGrDCwHCCHE7hxwRDCT3pt0esT4g-- <- @vitest/runner 2.1.9 (4.0.7 is available)
+ nodelite-2-zymm5-u-sCsSWyD9qNaejV3DFvhCKclKdizYaJUuHA83RLjb7nSuGnddCHGv0hk-KY7BMAlsWeK4Ueg6EV6XQg-- <- is-fullwidth-code-point 3.0.0 (5.1.0 is available)
+ nodelite-2-ZYP5VBHshaDAiVZxjbRVcFJpc-4xGgT0bK3vzy1HLN8jTO975HEbuYzZJcHoQEY5K1a0z8YayJkyVETa08eNTg-- <- data-urls 5.0.0 (7.0.0 is available)
+ nodelite-2-ZySD7Nf91aLB0RxL4KGrKHBXl7Eds1DAmEdcoVawXnLD7SDhpNgtuII2aAkg7a7QS41jxPSZ17p4VdGnMHk3MQ-- <- delayed-stream 1.0.0

Done in 1.1s
