Progress: resolved 1, reused 0, downloaded 0, added 0
Packages: +251
++++++++++++++++++++++++++++++++++++++++++++++++++++++++++++++++++++++++++++++++
Progress: resolved 251, reused 1, downloaded 250, added 250
Progress: resolved 251, reused 1, downloaded 250, added 251, done

dependencies:
+ nodelite-2-a1p6LF5Jt33O3rZoVRBqdxL350oge54iZWHNI6LJB5tQ7EelvD-Mb1mfBiZNAan0dt4i3VArkFRjA4iObuNykQ-- <- @svgr/babel-plugin-transform-svg-component 6.5.1 (8.0.0 is available)
+ nodelite-2-a4UGQaWPH59mOXUYnAG2ewncQS4i4F43Tv3JoAM-s2VDAmS9NsK8GpDMLrCHPksFT7h3K6TOoUNn2pb7RoXx4g-- <- yallist 3.1.1 (5.0.0 is available)
+ nodelite-2-ab9EmR80F-zQTMNeneUr4cv-jSwPJgIlvEmVwLerwrWVbpLlBuls9XHzIeTFy4cegU2NHBp3va0LKOzU5qFEYQ-- <- reselect 4.1.8 (5.1.1 is available)
+ nodelite-2-abv-qOcuPfk3URPfDzmZU1LKmuw8kT-0nIHvKrKgFrwifol-doWcdA4ZqsWQ8ENrFKkd67Mfpo-LovbIUsbt3w-- <- merge-stream 2.0.0
+ nodelite-2-acGdbYSfp2WheJoJm-EBBBLh-ID8KDc64ISZ9DYtBmC8-Q204PZJLHyzeB5qMzJ5trcOkybd78M4x2KWsUq--A-- <- @babel/highlight 7.23.4 (7.25.9 is available)
+ nodelite-2-adbxcyWV46qiHyvSp50TKt05tB4tK3HcmF7-nxfAdhnox83seTDbwnaqKO4sXRy7roHAIFqJP-Rw-AuEbX61LA-- <- execa 1.0.0 (9.6.1 is available)
+ nodelite-2-aDdvlDder8QmY91H88GzNi9EtQi2TjvQhpCX6B1v-dAZHU1AuLgHvRh54RiOerpEhEW46Tkf-vgAViB-CWC0ag-- <- core-js 3.34.0
+ nodelite-2-ae7SBCbzVNrIjgSbh7wMznPcQel1DNlDtzensnFxpiNpXt1U2ju-bHugH422r-4LAVS1FpW1YCwilmnNsjum9w-- <- regex-recursion 5.1.1 (6.0.2 is available)
+ nodelite-2-ak9Qy5Q7jYb2Wwcey5Fpvg2KoAc-ZIhLSLOSBmRmygPsGwkVVt0fZa0qrtMz-m6tJTAHfZQ8FnmB4MG4LWy7-w-- <- path-exists 4.0.0 (5.0.0 is available)
+ nodelite-2-aN97NXWF6AWBTahfVOIrB-NShkzi5H7F9r1s9mD3cDj4Ko5f2qhhVoYMibXF7GlLveb-D2ioWay8lxI97Ven3g-- <- entities 6.0.1 (8.0.0 is available)
+ nodelite-2-aOIos8bujGN93-8Ox-jPLh7RwVnPEysynVFE-fQZyg6jKELEHwzgKdLRFHUgXJL6kylijVSBC4BvN9OmsB48Rw-- <- parse-json 4.0.0 (8.1.0 is available)
+ nodelite-2-aqD2Q0144Z--RqG52NeHEkZauTAUWJO8c6yTftGJKO3Tja5tUgIfmIl6kExvhtxSDP7fXB6DvzkfMpCd-F3G-Q-- <- string-argv 0.3.2
+ nodelite-2-asOvN6bFlSnxewce2e-DK3p4tltyfC4VM7ZwuTuepI7dEQVcvpyFuBcEARu1-Hxg8DIwytce2n7jrZtRlPrARA-- <- koa-convert 2.0.0
+ nodelite-2-aU6xnDFYT3x17e-f0IiiwlGPTy2jzMySGfUB4fq6z7CV8l85CWHDk5ErhyhpfDHhrOMwGFhSQkhMGHaIotA6Ng-- <- object.values 1.1.7 (1.2.1 is available)
+ nodelite-2-aW35yZM6Bb-4oJlZncMH2LCoZtJXTRxES17vE3hoRiowU2kWHaJKFkSBDnDR-cm9J-9QhXmREyIfv0pji9ejCQ-- <- decompress-response 6.0.0 (7.0.0 is available)
+ nodelite-2-ayCKvm-phCGxOkYRSCM82iDwct8-EonSEgCSxWxD7ve6jHggsFl4fZVQBPRNgQoKiuV-odhFrGzQXZwbifC8Rg-- <- parse-json 5.2.0 (8.1.0 is available)
+ nodelite-2-b1FMfwetIKymC0eioW7mTywihSQE4oLzQn1dB6rZB5fx-3NpNEdAWeCSMB-60-AeT0TCXsxzAlcYVEFCTAksWg-- <- fs-monkey 1.0.6 (1.1.0 is available)
+ nodelite-2-b2AfLP33oEVtWLeNavSBRdyDa8sKlXjN4pdhBnC4HLontOtjILhL1ERAmZObF4PWSyChnnC2vjb47C9WKCFRGg-- <- @microsoft/api-extractor-model 7.28.17 (7.33.11 is available)
+ nodelite-2-b3rppTKm9T-PsVCBEOUR46GWI7fdOs00VKZ1-9c1EWDaDMvjQc6tUwuFyIprgGgTcWoVHSKrU8H31ZHA2e0RHA-- <- safe-stable-stringify 2.5.0
+ nodelite-2-b6Ilus-c3RrdDk-JhLKUAQfzzgLEPy6wcXqS7f-xe1EETvsDP6GORG7SFuOs6cID5YkqchW-LXZbX5bc8j7ZcQ-- <- cac 6.7.14
+ nodelite-2-b7g-y9A0v4mxCW1qUhf3BSVPg--NvGErk-dOkrDaHA0nQIQGAtrOjlX--9OQtRlSCy-x9rfB5N8yC71lH1nvMw-- <- chevrotain-allstar 0.3.1
+ nodelite-2-b8AmV3kfQaqWAuacbPuNbL6vahnOJflOhexLzMMNLga62--nh0JzvJ0aO-5a5MVgUFGS7Hu1P9P03o3fJkDCyw-- <- d3-zoom 3.0.0
+ nodelite-2-bd-3Ap2TKXxljCggI0mKPfzCQKeV-TU4yO2h2C6vAihIo8tzseAn2e7klSuiyYYXvgu53zMN1OeYMIQkaQoWnA-- <- @changesets/config 3.1.1 (3.1.4 is available)
+ nodelite-2-bd2L678uiWATM6m5Z1VzNCErI3jiGzt6HGY8OVICs40JQq-HALfbyNJmp0UDakEY4pMMaN0Ly5om-B1VI--xfQ-- <- delegates 1.0.0
+ nodelite-2-bdok-XvKII3nUpklnV6P2hxtMNrCboOjAcyBuQnWEhO665FwrSNRxU-AqpsyvO6LgGYPspN-lu5CLtw4jPRKNA-- <- normalize-range 0.1.2
+ nodelite-2-bEqo66MRXsUGxWHV5IP0PUiAWwoEjba4VCzg0LjFJBpchPaTfyfCKTG6bc5F8ucKec3q5y6qOdGyYTSBEvhCrg-- <- html-void-elements 3.0.0
+ nodelite-2-bhAXu23DJWsrI45xafYpkQ4NtcKMwWnAC-vKrd2l-nxMFuvOT3XMYTIj2opv8vq8AO5Yh7Qac-nSeP-3zjTK0w-- <- @types/d3-selection 3.0.11
+ nodelite-2-bHtC0iYvWhyaTzvV3CZgPeZQqCOBGyGsVV7v4eevpdkLHfiSrXUdBG-qAuSz4RI70sszvjQ1QSZ98An1yNwpSw-- <- deep-equal 1.0.1 (2.2.3 is available)
+ nodelite-2-bhtUjWd-z6ltJiQwg0dUfxEJ-W-jdqQd8TbWLWyeIJHlnsqmGLRFFd8e5mA0AZi-zx90smXRlN66YMTcaSFifg-- <- stylis 4.3.2 (4.4.0 is available)
+ nodelite-2-bLGGlR1QxBcynn2d5YmDX4MGjlZvy2MRBDRNHLJ8VI6l6-9FUiyTFNJ0IveOSP0bcXgVDPRcfGqA0pjaqUpfVg-- <- sisteransi 1.0.5
+ nodelite-2-bpC7GYwiDYQ4wYLe-FA8lhRjhQCMcQGuSgGGqDkg-QerRWw9CmGRT0iSOVRSZJ29NMLZgIzqaljJ63oaL4NIJQ-- <- path-exists 3.0.0 (5.0.0 is available)
+ nodelite-2-bRISgCIjP20-tbWSPWMEi54QVPRZExkuD9lJL-UIxUKtwVJA8wW1Trb1jMs1RFXo1CBTNZ-5hpC9QvmKWdopKw-- <- @jridgewell/resolve-uri 3.1.2
+ nodelite-2-brOPwM3JnmOa-7kd3NsmOUOwbDAj8FT9xDsG3IW0MgbN9yZV7Oi-s--MNQ-EcSMqw7qfoRyXPoeEWT8zLVdVGg-- <- webpack 5.99.9
+ nodelite-2-bTlAFB-FBYMcuX81gbL4OcpH5PmlFHqlCCpAl8AlEzMz5k53oNDvN8p1PNOWLEmI2x4orp3raOFB51tv9X-MFQ-- <- typed-array-byte-offset 1.0.4
+ nodelite-2-bTupJY4xzGZYI4cEQcPlSjjIEzMvv80h7zXGrXY1Y0KC-n-SLiMv84v7Uy-B6AG1Kiy9FQm2ADChBLo1uEhGtQ-- <- @algolia/client-personalization 5.32.0 (5.57.0 is available)
+ nodelite-2-bwALDxriqfKGfUufKGGepCzu9x7nJQuoRoAFp4AnwehhC2crqrDIAP-uN2qdlsAvSMpeRC3-Yzhqc7hLmle5-g-- <- oniguruma-to-es 2.3.0 (4.3.4 is available)
+ nodelite-2-bwi9HShGu7uaZLOErZgsH2-ojsEdsjerbf2cMXPwmvcgZfVPZ2BVZzCVnwZBxTAYd6Mzbmf6izcUNDkWnBBQ6A-- <- @vue/compiler-core 3.3.13 (3.5.27 is available)
+ nodelite-2-bwZdv0AKLpplFY2KZRX6TvyuN7ojjr7lwkg6ml0roIy9YeuSr7JS372qlNW18UQYzgYK9ziGcerWqZOmEn9VNg-- <- which-boxed-primitive 1.0.2 (1.1.1 is available)
+ nodelite-2-bXE4cR-kVZhKZX-RjPEflHaKVhUVl85noU3v6b8apfQEc1x4A-zBxjZ4lN8LqGd6WZ3dl98pY4o717VFmoPp-A-- <- zwitch 2.0.4
+ nodelite-2-bxveV4V8v5Yb4ncFTT3rPSgZBOpCkjfK0y4oVVVJwIuDVBRMDXrPyXRL988i5ap9m9bnyEEjWfm5WkBmtffLfA-- <- @humanwhocodes/module-importer 1.0.1
+ nodelite-2-bXYxrXFubeYdvB0NhD-NBB3Qi6aZeV20GOWVI47t2dkecCEoneR4NPVcb7abpXDEvejgrUfFtG6vG-zxAKmg-g-- <- @babel/core 7.27.4 (8.0.1 is available)
+ nodelite-2-byy-U7gp-FVwmyzKPYhW2h5l3crpmGsxl7X2s8y43IgxvG4g3QZ6CffDtsNQy1WsmZpQbO-ybo0AlW7TY6DcBQ-- <- object.assign 4.1.5 (4.1.7 is available)
+ nodelite-2-bzyZ1e88w9O1iNJbKnOlvYTrWPDl46O1bG0D3XInv-9tkPrxrN8jUUTiFlDkkmKWgn1M6CfIA13SuGqOa9Korw-- <- signal-exit 4.1.0
+ nodelite-2-c-qwwcHyafOQuVQJj0IlBjf5yYgBI7YPJ77k4fOJYesb41jio65eaJODRUmfYKhTOFBrIZ66kgvGPlNbjuoRdQ-- <- @samverschueren/stream-to-observable 0.3.1
+ nodelite-2-c3cVx2y4KqUnwopcO9b-SCdo2O67LwJJ-UyqGfbigahfegL9myoEFoDYZgkT7f36T0bLrM9hZTAaAyH-PCAXjw-- <- micromark-util-encode 2.0.1
+ nodelite-2-c5AMf34bKdvPhQ7tBGhqkgKNUzMr4WUs-WDtC2ZUGOUncbxKMTvqxYctiseW3-L4bA8ec-GcZ6-A-FW4m8ukng-- <- array-ify 1.0.0
+ nodelite-2-c5EGNOiyxxV5qmTtAB7rbiXxi1ooX1pQKMLX-MIabJjRA0SJBQOjKF-KSVfHkr9U1cADPon0mRiVe-riyaiDUA-- <- watchpack 2.4.4 (2.5.2 is available)
+ nodelite-2-c8J4roPBILnelAsdLr4XOAR-GsTm0GJi4XpcfvoWk3U6KiTCqiFYc63KhRMQQX35jYMp4Ao8Ij9-IZRgMfJp1g-- <- @csstools/postcss-unset-value 1.0.2 (4.0.0 is available)
+ nodelite-2-ca9pw9fomFcKPvFLXhBKUK90ZvGibiGOvRJNbjljY7s7uq-5YO4BOzcYtJqExdx99rF6aAcnRxHmcUHcz6sQsg-- <- esquery 1.6.0 (1.7.0 is available)
+ nodelite-2-cBhpre4ma-U0T1oM5fXg7Dy1Jw7zzwv7lt-GoCpr-hDQJoYnKVPLL4dCvSEFMmQurOQvSrwT7SL-DAlhBI97RQ-- <- ansi-escapes 3.2.0 (7.3.0 is available)
+ nodelite-2-cBznnQ9KjJqU67B52RMC65CMarK2600WFnbkcaiwWq3xy-5haFJlshgnpjovMVJ-Hff49d8GEn0b87C5pDQ10g-- <- semver 5.7.2 (7.8.5 is available)
+ nodelite-2-cdGef-drWFoydD1JsMzuFf8100nZl-GT-yacc2bEced5f9Rjk4z-WtFUTBu9PhOi9j-jfmBPu0mMEY4wIdAF8A-- <- process 0.11.10
+ nodelite-2-cgwlv-1iFQiFnU96XXgROh8xTeetsnJiDsTc7TYCLFd9--WNkIqPTxiM-8pSd8VIrhXGTf1Ny1q1hquVqDJB5w-- <- domhandler 5.0.3
+ nodelite-2-ci2iJH6LeIkvP9eJW6gpueU8cnZhv85ELY8w8WiFtNjMHA5ad6pQLaJo9mEly-9qUyCpvqX8-POVUTf18-HFdw-- <- chevrotain 11.0.3
+ nodelite-2-cjQ7ZlQ0Mv3b47hABuTevyTuYN4i-loJKGeV9flcCgIK37cCXRh-L1bd3iBHlynerhQ7BhCkn2BPbQUL-rGqFg-- <- @babel/code-frame 7.27.1 (8.0.0-beta.0 is available)
+ nodelite-2-cK0pekc1Kjy5w9V2-n-8MkZwusa6EyyxfeQCB799CQRhRt-CqYKiWs5adeu8Shve2ZNffvfC-7J64A2PJo1W-Q-- <- pino-std-serializers 4.0.0 (7.1.0 is available)
+ nodelite-2-cKV8tMCEpQs4hK-ik71d6LrPOnpkpGBR0wzxqr68g2m-LB2GxVYQroAjMJZRVM1Y4BCjCKc3vAamxSzOY2RP-w-- <- brorand 1.1.0
+ nodelite-2-cOZFQQozTha1f4MxLFzlgKYPTyj26picdZTx82hbc-Xf4K-tZOOXSCkMvU4pKioRXGDLJRn0GM7Upe7kR721yg-- <- is-map 2.0.2 (2.0.3 is available)
+ nodelite-2-cQbnVbq0rrBwNAKegIac-t6a8nWoUAn8frnkLFW6YARaRmAQr5-Eoe6Ln2fqkUCZ40KpdrKbpSAmgrkviOxuWA-- <- @docsearch/css 3.9.0 (4.5.3 is available)
+ nodelite-2-cQEEB-jlmyQbyiji-kmh8pUJSDeUmPiWq23kFV0EtW3eM-uAaMLMuoTMajbrtWYWQpPzOMDjYltQ8jxHeHgITg-- <- @commitlint/lint 20.2.0 (20.4.1 is available)
+ nodelite-2-cxWNPesCnQCcMPeenjKKsOCKQZ-L6Tv19DTRIGuLWe32lyzWhihGVJ-rcckZXJxfdKCFvRLS3fpBIsV-ZGX4zA-- <- vscode-languageserver-textdocument 1.0.12
+ nodelite-2-czastdK1e8YByZqezMPFiZ8ahwVMh-ESl9vPgvgdB9AmFMGP5jfpFax74AQgl5zj4XHzqeYAg2l8PuUeRS1MgQ-- <- @babel/traverse 7.23.6 (8.0.4 is available)
+ nodelite-2-d-P3bCeUGmkJNS1QUZSAvoCIW4fkOKK3l2deE7zrp0ypJEy-En2AcypIkqvcFQOcw3F0zt2VfMvNsA9JmExTaw-- <- @vue/compiler-ssr 3.3.13 (3.5.27 is available)
+ nodelite-2-d3qXVTF-s-W-CdJ5A29wywV2n8CQQYahlgz2bFiA-4eVNJbHJodPZ--gXwPGh0bOqA-j8S-6-ckmvLGPk1QpxQ-- <- p-map 3.0.0 (7.0.4 is available)
+ nodelite-2-d65bNlIadxvpb-A2abVdlqKqV563juRnZ1Wtk6s1sIR8uNsXR70xqIzVqxVf1eTqDunwT2MkczEeaezCKTZhwA-- <- gopd 1.0.1 (1.2.0 is available)
+ nodelite-2-d9zaMRSTIKDLhctzH12MtXvJKSSUhaHcjV-2Z-GK-EEY7XKpP5yR4x-N3TAcHTcu963nIr-TMcCb4DBCYX1z6Q-- <- @eslint/js 8.57.1 (9.9.1 is available)
+ nodelite-2-dbeqFTLYEwlFg7UGtcZhCCG-2WayX72zK3Sq323CEX29CY81tYfVhw1MIdduCtpstB0cTOhJswWlM-OEB3Xp-Q-- <- cytoscape 3.32.1 (3.33.1 is available)
+ nodelite-2-dcyqhDvX1C46lXZcVqCpK-FtMRQVdIMN6-Df5js2zouUsqG7I6sFxitIC-7KYK29KdXOLHdu9zL4sFnoVQnqaA-- <- ieee754 1.2.1
+ nodelite-2-dISoDXWWQwUquiKsyZ4Ng-HX2KsPL7LyHKHQwgGFEA3IaKac4Obd-h2a-a6waisAoepJlBcx9paWqjA8-HVjCw-- <- @types/parse-json 4.0.2
+ nodelite-2-dJxPBlzC7NugB2PDLwo9Q8JiTR3M3e4-XANkreKSUxF8vvXKqm1Yfq4Q5dl8budlunRVlUUaDUgFt7eA8D6NLg-- <- d3-time-format 4.1.0
+ nodelite-2-djYB-Zx2vLewY8RWlNCUdHjDXs2XOgm602S9E7P-UpHgfeHL00cRiIF-IN-G-aUJ7kGPb6yO-ErDI5V2s8iycA-- <- array.prototype.flat 1.3.2 (1.3.3 is available)
+ nodelite-2-dKx12eRCVIzqCxFGplyFKJMPvLEWgmNtUrpTiJIR5u97zEhRG8ySrtboPHZXx7daLxQVrl643cTzbab2tkQjxg-- <- for-each 0.3.5
+ nodelite-2-dlcsNBIiWhPkHdOEEKnehA-RNUWDc4UqFtnIXU4uuYDPtA4LDkr7qip2p0VvFAEXNDr0yWZ9PJyIRiGjRLQzwQ-- <- array-includes 3.1.7 (3.1.9 is available)
+ nodelite-2-dLmtwB8zkAeO-juAMfnV-sItKjlsw2lKdZVVy6LRr0cBmegxSABiLEpGVmSJJ8O08i4-sGR6qQtb6WtuwJdvVw-- <- @types/d3-scale 4.0.9
+ nodelite-2-dMACeu63HtRLmCG8VKdy4cShCPKaYDR4youZqoSWLxl5Gu99HUw8bw75thbPv9Nip-H-QYX8o3ZJbTdVZZ2TVg-- <- pino 7.11.0 (9.9.5 is available)
+ nodelite-2-dN5I359AVGPnwzJm2jN1k0W9LPZ-ePvoOeVMMfqIMFz53sSwXkxaJoxr50ptnsC771lK95BnTrVSZxq0b9yCGw-- <- regex 5.1.1 (6.0.1 is available)
+ nodelite-2-dn6wd0uw5GsdswPFfsgMp5NSB0-aDe6fK94YJV-AJDYXL6HVLWBsxeq7js7Ad-mU2K9LAlwpk6kN2D5mwCPVow-- <- mdn-data 2.0.14 (2.27.1 is available)
+ nodelite-2-dOt21O7lTMhDM-X9mB4GX-DZrZtCUJPL-wlcTqxyrx5IvO0IYtILdtrQGQp-8n5S0gwSVmOf9NQrjMOgfQZlIg-- <- eslint-scope 7.2.2 (9.1.2 is available)
+ nodelite-2-dOy-3AuW3a2wNbZHIuMZpTcgjGuLU-uBL-ubcZF9OXbDo8ff4O8yVp5Bf0efS8uEoYo5q4Fx7dY9OgQGXgAsQA-- <- color-name 1.1.4 (2.0.2 is available)
+ nodelite-2-dp3s92-uNI1hWIpPGH3jK2kxE2lMjdXdr-DH8ynZHpd6PUlH6x6cbuXnoMmiNumznqaNO31xu9e79F0uuZ0JFg-- <- layout-base 2.0.1
+ nodelite-2-dqaz3u44QbRXQooZLTUKU41ZrzYrcvLISVgbrzbyCMxpmSLJvZ3ZamIJIZ29P6OhZIkNIQKosdeM6t1LYbA9hg-- <- on-exit-leak-free 0.2.0 (2.1.2 is available)
+ nodelite-2-dqId9J8K-vGi5Zr7oo212BGii5m3q5Hxlkwy3WpYuKPklmBEvsbMYYyLxAQpSffdLl-gdW0XUpKWFvYmyoWCoQ-- <- @types/unist 3.0.2 (3.0.3 is available)
+ nodelite-2-dqJvarLawXsFbNDeJW7zAz8ItJ9cd28YufuuFzh0G8pNHjJMnY08Dv7sYX2uF5UpQOwieAeOExEYAWWfu7ZZUA-- <- is-negative-zero 2.0.2 (2.0.3 is available)
+ nodelite-2-drqDG3cbczxxEJRoOXcOjtdp1J-lyp1mNn0xaznRs8-muBhgQcrnbspox5X5fOw0HnMnbfDzvnEMEtqDEJEo8w-- <- is-obj 2.0.0 (3.0.0 is available)
+ nodelite-2-drXaPSP2EcopukrUXvUXmsQMu3Ey-FuJDc-5oiW4heoCfoE5BdLQyuc7veGeE3aoQaTVqZnh4D5WTWe2vefYKg-- <- @commitlint/top-level 20.0.0 (20.4.0 is available)
+ nodelite-2-ds5mXEqTJ6oxRoqjhWDU83OgzAYjwsCV8Lo-N-oRsNDmx-ZDpqalmrtgOMkHwxsG0iI--3BwWAErYRHtgn0dZw-- <- @webassemblyjs/helper-wasm-section 1.14.1
+ nodelite-2-dSkNGuI7iG3mfvDzUuYZyvk5dD9ocYCYzNU6CYDE6-Xqd-gwme6Z00NS3dUh8mq-73HaEtT7m6W-yUPtU6BZnQ-- <- log-symbols 3.0.0 (7.0.1 is available)
+ nodelite-2-dSOvYwvyLsWBeIRyOeHXp5vPj5l1I011r52FM1-r1jCERv-aFXYk4whgQccYEGYxK2H3ZAIA8nuPkQ0HaUo3qg-- <- @babel/helper-module-transforms 7.27.3 (8.0.1 is available)
+ nodelite-2-dSYZh7HhCDtCKm4QakX0xFpsRDqjjtZf-kjI-v3T3Nwt5r8-qz-M19F9ySyOqU94SXBmeG9ttTul-YnR4LOxFA-- <- @jridgewell/resolve-uri 3.1.1 (3.1.2 is available)
+ nodelite-2-dU-Tx2fsypxTgtLoE36npi3UqcjSSMNYfkqgmoEhtZrraP5VWq0K7FkWVTYa8eMPtnU-G2txVsfdCJTn9uzpuQ-- <- camelize 1.0.1
+ nodelite-2-du4wfLyj4yCZq1VupnVSZmRsPJsNuxoDQFdCFHLaYiEbFBD7QE0a-I4D7hOxrVnh78QE-YipFAj9lXHiXocV-Q-- <- process-warning 1.0.0 (5.0.0 is available)
+ nodelite-2-dvdQgNDNJo-8B2uBQoqdb11eUCE1JQXhvjC-CZtgvZseVd5TYMXnq0-vuUemXbd-Se29cTaUuPX3YIc2xgbvIg-- <- typical 5.2.0
+ nodelite-2-dWHzHa2WqEXI-O1E9OjrocMTKJl2mSrEolh1Iomrv6U-JuNwaHXsXx9bLu5gG7BUWFIN0skIQJQ-L1rIex4X6w-- <- @types/estree 1.0.8 (1.0.9 is available)
+ nodelite-2-dwsoQlS7h9hMeYUq1W--23NDcBLV4KqONnITDV9DjfS3q1SgDGVrBdvvTLUotWtPSD7asWDV9-CmsZPy8Hf70A-- <- fast-redact 3.5.0
+ nodelite-2-dYnhHh0nJoMfnkZs6GmmhFknAGRrLznOu5nc9ML-EJxGvrx6H7teuevqVqCuPcPK--3eDrrjQhehXVx9cnkGdw-- <- regenerator-runtime 0.14.1
+ nodelite-2-dYqgNSZbDwkaJ2ceRd9ojCGjBq-mOm9LmtXnAnEGyHhN-5R7iDW2TRw3h-o-jCFxus3P2LfWIIiwowAjANm7IA-- <- regexp.prototype.flags 1.5.4
+ nodelite-2-dyybb3AcajC7uha6CvhdVRJqaKyn7w2YKqKyAN37NKYgZT36w-iRb0Dymmc5qEJ549c-S31cMMSFd75bteCpCw-- <- @eslint-community/eslint-utils 4.7.0 (4.9.1 is available)
+ nodelite-2-dz0LNoo3ijpTOQqEJLY8nyaapl6umbmDcgj4AD0lgVQ572b2eqA1iGZYTTWhrcrHztWDDRAX2DGYyw2VBjvCvQ-- <- @csstools/postcss-stepped-value-functions 1.0.1 (4.0.6 is available)
+ nodelite-2-e1U46jVP-w7Iut8Jt8ri1YsPOvFpg46k-K8TpCb0P-zjCkjkPnV7WzfDJzMHy1LnA-wj5pLT1wjO901gLXeEhA-- <- d3 7.9.0
+ nodelite-2-e3nRfgfUZ4rNGL232gUgX06QNyyez04KdjFrF-LTRoOXmrOgFKDg4BCdsjW8EnT69eqdYGmRpJwiPVYNrCaW3g-- <- es-define-property 1.0.1
+ nodelite-2-e4hG1hRwoOdRb37cIMSgzNsxyzKfayW6VOflrwvR--bzrkyxY-31WkbgnQpgtrNp1SdpJvpUAGTa-ZoiPNDuRQ-- <- svg-parser 2.0.4 (2.1.0 is available)
+ nodelite-2-e5iwyodOHhbMr-yNrc7fDYG4qlbIvI5gajyzPnb5TCwyhjApznQh1BMFou9b30SevY43gCJKXycoCBjMbsuW0Q-- <- function.prototype.name 1.1.8 (1.2.0 is available)
+ nodelite-2-e8RKaLXMOFii-02mOlqwjbD00KSEKqblnpO9e--1aXS1fPQOpS1YoqdVHBqPjHNoxeF2mimzVqawm2KCbEdtHQ-- <- css-to-react-native 3.2.0
+ nodelite-2-e900nM8RRtGhlV36KGEU9k65K3mPb1WV70OdjfxlG2EAuM1noi-E-BaW-uMhL7bPEssK8QV57vN3esixjUvcXQ-- <- symbol-observable 1.2.0 (4.0.0 is available)
+ nodelite-2-ebDJ9b0e702Yr7pWgB0jzm-CX4Srzz8RcXtLJDJB-BSccqMa36uyH-zUsSYao5-BD1ytv3k3rPYCq4mAE1hsXA-- <- @types/argparse 1.0.38
+ nodelite-2-eDp14z92Gt6JlFgiexImcWWH-Lk07s-FtxcoDaGrE4UVBgpwqOO6AfQM6dXh1pvHxlDFbMJihHc-vj3gBhPjqQ-- <- @algolia/requester-browser-xhr 5.32.0 (5.57.0 is available)
+ nodelite-2-eF2rxCRulEKXHTRiDrDy6erMYWqNw4LPdQ8UQA4huuxaQsVeRPFl2oM8oDGxMFhJUWZf9McpLtJasDDZb-Bpeg-- <- @jridgewell/sourcemap-codec 1.4.15 (1.6.0 is available)
+ nodelite-2-eGuFFw7Upda-g4p-QHvnW0RyTX-SVeJBDM-gCtMARO0cLuT2HcEKnTPvhjV6aGeqrCB-sbNop0Kszm0jsaWU4A-- <- esprima 4.0.1
+ nodelite-2-eiiY8HQeYfYH2Con2berK-To6GrK2RxbPawDkGq4UiCQQfZHb6wX9qQqkbpPqaxQFcl8d9QzZqo0tGE0VcrdwA-- <- es-abstract 1.22.3 (1.24.2 is available)
+ nodelite-2-ekilCSN1jwRvIbgeg-57YFh8qQDNbwDb9xT-qu2DAHbFFZUicIl4ygVaAvzveMhMVr3LnpSKTNnwt8PoOfmKhQ-- <- jiti 2.6.1 (2.7.0 is available)
+ nodelite-2-eLoXW-DHyl62zxY4SCaIgnRhuMr6ri4juEYARS8E6sCEqzKpOiE521Ucofdx-KnDZl5xmvGYaaKCk5FEOxJCoQ-- <- stop-iteration-iterator 1.1.0
+ nodelite-2-eqn4m70P031PF7ZQIvSgy9RSJ5uI2171O-OO-zcRNYpJbvaeKFUlar1aJ7rmgiQtbm0FSPsRewjpdS0Oew7MPA-- <- postcss-dir-pseudo-class 6.0.5 (9.0.1 is available)
+ nodelite-2-er295DKPVsV82j5kw1Gjt-ADA-XYHsajl82cGNQG2eyoPkvgUhX-nDIyelzhIWbbsXP39EHcI6l5tYs2FYqYXQ-- <- http-cache-semantics 4.1.1 (4.2.0 is available)
+ nodelite-2-eSRppjcPIatRIMC1U6UngP8XFcz8MQWGQdt1MTBQ7NaAmvXDfvNxbvWV3x2y6CdEUciCSsDHDQZbhYaB8QEo2g-- <- nanoid 3.3.7 (5.1.6 is available)
+ nodelite-2-eTIzlVOSUR-JxdDFepEYcBMtZ9Qqdef-rnzWdRZuMbOywu5tO2w2N7rqjoANZ5k9vywhL6Br1VRjUIgTQx4E8w-- <- kleur 3.0.3 (4.1.5 is available)
+ nodelite-2-eXK1UInq2bPmjyX6e3VHIzMLobc4J94i4AWn-Hpq3OU5KkrRC96OAcR3PRJ-pGu6m8TRnBHP9dkXQVsT-COVIA-- <- is-windows 1.0.2
+ nodelite-2-eyrF0jiFpY-3drT6383f1qhkbGsLSifNAjA61IUjZjmLCWjItY6LB9ft9YhoDgwfmclB2zhu51Lc7-95b8NRAg-- <- ccount 2.0.1
+ nodelite-2-eZ5H8rcgYazHbKC3PG4ClHNykCSxtAhxSSEM-2mb-7evD2CKF5V7c0dNum7AdpDh0ZdICwZY9sRSn8f-KH96sg-- <- import-fresh 2.0.0 (3.3.1 is available)
+ nodelite-2-f3qQ9oQy9j2AhBe-H9VC91wLmKBCCU-gDOnKNAYG5hswO7BLKj09Hc5HYNz9cGI--xlpDCIgDaitVs03ATR84Q-- <- fast-deep-equal 3.1.3
+ nodelite-2-f4r4yJnbT--qUPI9NR4XLDLq41gQ-uqnPItWG0F5ZkehuNiTTa3EY0S4AqTSUOeJ7-zU41oWPQSNkW5BqPL9bg-- <- cli-truncate 0.2.1 (5.1.1 is available)
+ nodelite-2-fALi2aI6shfg7vM5KiR1wNJnZ7r6UuggVqtDA-xiEdPZQwy-trcQaHnwShLuLdta2rTymCNpxYTiMZX-e09F4g-- <- @types/d3-format 3.0.4
+ nodelite-2-fEHGKCSmUSDPv4uoj8AlD-joPlq3peND-HRYyxFz4KPw4z926S-b8rIuFs2FYJg3BwsxJf6A9-3eIdLaYC-9Dw-- <- path-key 2.0.1 (4.0.0 is available)
+ nodelite-2-fFI4VcYpRHvSLXxP7yiZOMAd331cPfd2p7PFDVbgUsYOfCT3tICVqXWngbjr4m49OvsBwUBQ6O2uQoJvy3RexA-- <- object.hasown 1.1.3 (1.1.4 is available)
+ nodelite-2-UfoeMA6fIJ8wTYFEUjelnaGI67v6-N7qXJEvQuIGa99l4xsCruSYOVSQ0uPANn4dAzm8lkYPaKLrrijLq7x23w-- <- is-core-module 2.16.1
+ nodelite-2-Uick451FoL22-wXqyScX3inW8ZlD-GQO7eFXj3bqb6N-ZtuuF00-CwSNIKLbFCJPrX5V4EdQBSgJ-UVnmLRnug-- <- eslint-formatter-pretty 5.0.0 (6.0.1 is available)
+ nodelite-2-UjgapumWlbMhkBgzT7Ykc5YXUT46F0iKu8SGXq0bcwP5dz-h0Plj6enJqjz1Zbq2l5WaqYnrVbwWOWMyF3F47g-- <- source-map 0.6.1 (0.8.0-beta.0 is available)
+ nodelite-2-UkEhKIg2pD-fjkHQKyJO3yoIvAP3N6RlNFt2dUhcS1FGvCD1cQa1M-PGknCLFIyZdtJOWQjejp7bdNqmN7zwdA-- <- thread-stream 0.15.2 (3.1.0 is available)
+ nodelite-2-UqyYyH5YEXaJrf9S8E23GoJFQZXkBVJ9zYYMPGz919MSX1KuvAcycIuS0ci150HCoPf4XQVhQ84Qf8xRPWxFaQ-- <- koa-static 5.0.0
+ nodelite-2-UtJcAD4yEaGtjPezWuO9wC4nwUnVH-8-Im3yEHQP4b67cXlD-Qr9hdITCU1xDbSEXg2XKNaP8jsReV7vQd00-A-- <- minimalistic-assert 1.0.1
+ nodelite-2-UxhIZQ-QInVdunkDAaiazvvT--fXL5Osr0JZlJulepYu6Jd7qJtDZjlur0emRlT71EN3ScPoE7gvsuIKKNavKw-- <- update-browserslist-db 1.1.3 (1.3.2 is available)
+ nodelite-2-UxKlfCRuCBxSXU4C6t9scbDyWZ4VlaFFdojKtzJuSkuOBQ5CNFum-zZXFwHjo-CxBC1t6zlYPgHIgFjL8ggoEQ-- <- figures 1.7.0 (6.1.0 is available)
+ nodelite-2-V-23sDMr12Wnz7iTcDeJr3O6AIxlnvT-bmaAAAP-Xda35C90p9599p0F1eHR-N1KILWSoWVAiOMFjBBXaXSMxg-- <- http2-wrapper 1.0.3 (2.2.1 is available)
+ nodelite-2-V0hjH4dGPh9Ao5p0MoRY6BVqtwCjhz6vI5LT8AJ55H-4g9-4vbHx1I54fS0XuclLhDHArPQCiMjDxjaL8fPxhw-- <- entities 4.5.0 (8.0.0 is available)
+ nodelite-2-VAH4IvQ7BDFYglMd7BPRDfLgxZZX4O4TFcRDA6EN5X7erNJJq-McIEp8np9aVtxrCJ6qx4GTYVfOWNjcqwZgRw-- <- typical 4.0.0 (5.2.0 is available)
+ nodelite-2-VCjCNfgMsby3tTdo02nbjtM-ewra6jPHmpThenkTYh8pG9ucZ-1P8So4u4FGBek-BjpOVsDCMoLA-iuBKIFXRA-- <- side-channel-map 1.0.1
+ nodelite-2-VE5S6TNa-j8msksl7HwjxMHDM2yNK3XCkusIlpX5kwauBfXuyLAtNg9jCp-iHH61tgI4sb6R-EIMWCqEIdjT-g-- <- d3-chord 3.0.1
+ nodelite-2-VFI2bpJaodz6P7x2uyLiX6RLYpZmOJqNmoCst-Yyd7hQlszyPwG-I9CQJ63nOtKSxpt5M7NH67V6nJL2BwCl7g-- <- koa 2.14.2 (3.1.1 is available)
+ nodelite-2-VfPwgcGABbGAue9-sfrD4PuwFar7gPb1yl1UK1MwXoQPAw0BKSqWfoYCT-ThFrdEVWoI51dBuyCoiNU9bZDZxQ-- <- vue 2.6.11 (3.5.27 is available)
+ nodelite-2-VHskAKYM8RfSFXwee5t5cbN5PZeq1Wrh6qd5bkyiXIf6UQcN6w-A0eXM9r6t8d-GYOh-o6ZhiEnb88LN-Y8m2w-- <- is-fullwidth-code-point 2.0.0 (5.1.0 is available)
+ nodelite-2-VhumSSbBqDTP8p2ZLKj40UjBCV4-v8bUSEpUb4KjRgWk9pbqGF4REFj6KEagidb2f-M6AzC0EmFyDNGaw9OCzg-- <- strip-ansi 3.0.1 (7.2.0 is available)
+ nodelite-2-VHwB3KfrcOOkelEG2ZOfxqLZdfkil8PtJi4P8N2MMXucZq2yLp75ClViUlOVwyoHEDjYU433Aq-5zWP61-RGag-- <- dom-serializer 1.4.1 (2.0.0 is available)
+ nodelite-2-VIMnQi-Z4HT2Fxuwg5KrY174U1VdUIASQVWXXyqtNRtxSr9IYkn1rsI6Tb6HsrHCmB7gVpNwX6JxPTHcH6IoTA-- <- read-yaml-file 1.1.0 (2.1.0 is available)
+ nodelite-2-VJjK0eIijTZf0QSTODEXCqinjBn0joAHQ-aPSBzrv4O2d-QSbsMw-ZeSRx03kV34Hy7NzUvV-7NqfYGRLrASmw-- <- @shikijs/types 1.29.2 (3.22.0 is available)
+ nodelite-2-VLaYcn81dtHVTjEHd8B-pbe9yHWpXKZUC87PzoFmsFrJqgFwDe-qxfp5MlfsfM1V5E-iVt0MmEbWQ7FVIXh-bg-- <- d3-path 1.0.9 (3.1.0 is available)
+ nodelite-2-VLghIWNM6ELQzo7zwmcg0NmTVyWKYjvIeM83yjp0wRDTmUnrM678fQbcKBo6n2CJEF0szoG--ytg-TKla89ALQ-- <- isarray 1.0.0 (2.0.5 is available)
+ nodelite-2-VLvUQ33C-3J-8p-Daf-nYSOsjB4GXp19-S-aGo60m9h1v6XaxjiT82lKVWJCfzhtuZ3yD7i-TPeC-fuKLLOSmg-- <- @types/d3-shape 3.1.7 (3.2.0 is available)
+ nodelite-2-VMZBYyQvbGmWyWVea0EHs-BwLgxc-MKi1zLDCONksozI4YJMcTt8ZEuIR4Sb1MMTE8MMW49v0IwI5-b7RmfWlg-- <- @types/d3-path 3.1.1
+ nodelite-2-VO5fQUzZtI6C-vx4w-4BWJpg3s-5l-6pRQEHzFRM8WFi4XffSP1Z-4qi7GbjWbvRQEbdIco5mIMq-zX4rPuLrw-- <- exsolve 1.0.7
+ nodelite-2-VoaqjbBJKiWtg4yRcKBQ7g7wnGnLV3M8oLvVWwOk2PdYY6PEFegR1vezXR0tw6fZGF9csVakIRjrJiy2veSBFQ-- <- set-function-length 1.1.1 (1.2.2 is available)
+ nodelite-2-VqCUuhcd1iB-dsv8gxPttb5iZh-D0iubSP21g36KXdEuf6I5JiioesUVjpCdHV9MZRUfVFlvwtIUyPfxo5trtw-- <- cross-spawn 6.0.6 (7.0.6 is available)
+ nodelite-2-VqKjzBLejbSMT4IgbmVgDjpkYrNWUYJnbCGo874u7MMKIWsILRX-OpX-gTk8MqjpT1A-c6HY2dCA77ZN0lkQ2Q-- <- d3-time 3.1.0
+ nodelite-2-VqR8m68vM46BNnuZ5NtnGBKIE-DfN0cRIzg9n40EIq9NOv90ayxLBXA8fXC5gquFRGJSTRqBq25Jt2ECLR431Q-- <- cheerio 1.0.0-rc.12 (1.2.0 is available)
+ nodelite-2-VS90XWtsHGqoM0t4KpH053c4ehxZ2E6HtGI7x68YFV0pTo-QmkV-YFA-NnlvK8guxZVNWGQhVNJGC39Q8XF4OQ-- <- css-blank-pseudo 3.0.3 (7.0.1 is available)
+ nodelite-2-Vse0xpR1K9MNlp2j5w1pgWIJtm1a8qS0JwS9goFYcImjlHEmywP9VUF05aGBXzGpDJF86QXk4L0ypBmwPhGArw-- <- css-has-pseudo 3.0.4 (7.0.2 is available)
+ nodelite-2-VsX8eaIewvas0xnvinAe9bw4WfIeODpGYikiWYLH-dma0Jw6KHYqWiWfhQlgOVK8D6PvjubK5Uc4P0iIhIcNVg-- <- has-property-descriptors 1.0.1 (1.0.2 is available)
+ nodelite-2-VSXJLqP1Sqw5sGr273mhvpPRhXwE6NlmMSqBZQw-yZJoAJkOIPPn-uT3teeCBx60Fkt5zEI3FrH2eVT0jXRDzw-- <- mermaid 11.8.1
+ nodelite-2-VT0ZI6kZRdTh8YyJw3SMbYm-u-NqfsAxEpWO0Pf9sq8-e94WxxOpPKx9FR1FlyCtOVDNOQ-8ntlqFxiRc-r5qA-- <- ansi-styles 3.2.1 (6.2.3 is available)
+ nodelite-2-Vw0lbJ2lvRUqc7-soqygUX216Xb8T3WBZ987oywz6aJqRxcwSVWwr9e-Nqo2m9bxobA9mdbWNNoRY6S9eko1EQ-- <- @edge-runtime/primitives 4.1.0 (6.0.0 is available)
+ nodelite-2-VwddBukDzu71offAQR975unBIGqfKZpM-8ZX6ySk8nYhVoo5CYaZyzt3YBvYtRtO-aoGlqxPg-B87NGVZ-fu6g-- <- webidl-conversions 7.0.0 (8.0.1 is available)
+ nodelite-2-W2P2c-VRW1-1tLox0mVUalvnWXxavmv-Oum2aPsRcoDJuob75FC3Y8FbpfLwUegRcxINtGUMPq0tFCvYNTBXNA-- <- @emotion/memoize 0.8.1 (0.9.0 is available)
+ nodelite-2-W3Bx6mdkRTGtlJISOvVD-lbqjTlPPUDTMnlXZFnVwi9NKJ6tiAk6LVdlhZMm17VZisqhKcgzpO5Wz91PCt5b0w-- <- lodash.includes 4.3.0
+ nodelite-2-W5OZiCjXEmk0yZ66ZN82beM5Sz7l7coYxpRkzS-p9PP-ToQry8szKh-61eNktr7EA9DOwvFGhfC605jDHbP6QQ-- <- ws 8.15.1
+ nodelite-2-W67iLl4J2EXEGTbfeHCffrjDfitvLANg0UlX3wFUUSTx92KXRFegMHUVgSqE-wvhAbi4WqjGg9czysTV2Epbew-- <- object-inspect 1.13.4
+ nodelite-2-W8xeTUwaln8i3K-cY1nGXzdnVZlidBcagyNFtBdD5kxnb4TvGKR7FfSIS3mYpwWS1QUCutfKz8IY8RjftB0-1A-- <- which-collection 1.0.1 (1.0.2 is available)
+ nodelite-2-WKgqe5TGVD6zuR3NrKnmbb-NNHIbWOCezQVqqnyQLdtLLXWgiothlUQT23S5qQGE0Z623jp6jxpMjvAqyrcZFQ-- <- koa-node-resolve 1.0.0-pre.9
+ nodelite-2-WkrWp9GR4KXfKGYzOLmTuGVi1UWFfws377n9cc55-tb6DuqyF6pcQ5AbiHEshaDpY9v6oaSr2XCDidGmMwdzIA-- <- dir-glob 3.0.1
+ nodelite-2-WmoN8qaIAo7WTYWbAZuG8PYEhn5fkz7dZrqTBZ7dtt--lL2Gwms1IcnQ5yHqjDfX8Ft5j4YzDM23f87zBfDe9g-- <- @ungap/structured-clone 1.3.0 (1.4.0 is available)
+ nodelite-2-WOBp-EEGUiIsJSp7wcv-y6MO-lV9UoncWqxuFfm8eBwzWNgyfBd6Gz-IeKQ9jCmyhoH99g15M3T-QaVHFjizVA-- <- globals 11.12.0
+ nodelite-2-WPs-bbQw5aCj-x6laNGWLH3wviHtoCv-P3-otBhbOhJgG8qtpdAMlTCxLtsTWA7LH1Oh-bFCHsBn0TPS5m30EQ-- <- @types/hast 3.0.4 (3.0.5 is available)
+ nodelite-2-WPS-HvHQTYnHisLo9McqBHOJk2FkHO-tlpvldyrnem4aeQp4hai3gythswg6p01oSoTl58rcpiFAjF2br2Ak2A-- <- side-channel-weakmap 1.0.2
+ nodelite-2-WpxBCKWPLr4xSsHgz511rFJAM-wS28w2zEO1QDNY5zM-S8ok70NNfztH0xwhqKyaK0OHCbN98LDAZuy1ctxDkA-- <- @types/yargs 17.0.33 (17.0.35 is available)
+ nodelite-2-WqJo7p0TbHDOythNTqYujmaJTvtYRZrjpP8TCvH6Vb9CYJerJNKamKzIWOM4BkQatWj9H2lYulpdAQNBe7QhNA-- <- caniuse-lite 1.0.30001724 (1.0.30001810 is available)
+ nodelite-2-WSzPgsdLtTcQwm4CROfS5ju2Wa1QQcVeT37jFjYzdFz1r9ahadC8B8-a4qxJxM-09F18iumCdRmlr96ZYkQvEg-- <- es-abstract 1.24.0 (1.24.2 is available)
+ nodelite-2-WUj2qlxaQtO4g6Pq5c29GTcWGDyd8itL8zTlipgECz3JesAiiOKotd8JU6otB3PACgG6xkJUyVhboMS-bje-jA-- <- escalade 3.2.0
+ nodelite-2-WUjGcAqP1gQacoQe-OBJsFA7Ld4DyXuUIjZ5cc75cLHvJ7dtNsTugphxIADwspS-AraAUePCKrSVtPLFj-F88w-- <- pathe 2.0.3
+ nodelite-2-WunYko2W1NcdfAFpuLUoucsgULmgDBRkdxHxWQ7mK0cQqwPiy8E1enjuRBrhLtZkB5iScJ1XIPdhVEFK8aOLSg-- <- local-pkg 1.1.1 (1.1.2 is available)
+ nodelite-2-WuyALRjWPDGtt-wzJiadO5AXY-8hZ80hVpe6MyivgraREW751X3SbhRvG3eLKOYN-8VEvqLcf3wdnt44Z4S4SA-- <- quick-lru 5.1.1 (7.3.0 is available)
+ nodelite-2-Wx0Kx52hxE7C18hkMEggYlEifqWZtYaRgouJor-WMdPnQyEK13vgEWyVNup7SoeeoLMsr4kf5h6dOW11I15MUA-- <- ajv-formats 2.1.1 (3.0.1 is available)
+ nodelite-2-WZLiwShhwLRmeV6zH-GkbOFT6Z6VklCItrDioxUnv-u4Ll-8vKeFySoFyK-0ctcRpOmwAicELfmys1sDc-Rw-A-- <- @types/scheduler 0.16.8
+ nodelite-2-X007RyZLsCJVVrjgEFVpLUTZwyOZk3oiL75ZcuYjlIWd6rNJtOjkBwQc5AsRrpbKVkxN6sklw-k-9m2jJYOf8Q-- <- regenerate-unicode-properties 10.1.1
+ nodelite-2-XCHRdUw4lf3SKBaJe4EvgqIuWwkPSo9XoeO8GjQW94Bp7TWv9hNhzZjZ-OH9yf1UmLygb7DIT5GSFQiyt16zYg-- <- katex 0.16.22 (0.16.47 is available)
+ nodelite-2-Xe-AittLbAyV0pabcN7cP7-BenRBNcteM4aSDCtRvGw0d9OL-HG1u-XHLY-kt1q4fyMeZYXyIYrsHuPSiDPosA-- <- @vue/compiler-core 3.5.17 (3.5.27 is available)
+ nodelite-2-Xf0nWe6RseziFMu-Ap9biiUbmplq6S9-p-7w7YXP-JBHhrUDDUhwa-vANyubuqfZWTveU--DYVGsDG7RKL-vEw-- <- require-from-string 2.0.2
+ nodelite-2-Xgp9g-A-cG47sUyRwwYxGM4bR-jDRg5N6it-8-HxCnbT5XNKSKDT9xm4oag-osgqjC2It-vH0yXsomOG6k558g-- <- babel-plugin-styled-components 2.1.4
+ nodelite-2-XIidXV8fDr0kKt28vqki84fRK8VW8eTuIa4PChv2MqKuT6C9UjmSKzen6KaWhWEoYvwxFCa7n-tC1SZ3tyq4SQ-- <- postcss-attribute-case-insensitive 5.0.2 (7.0.1 is available)
+ nodelite-2-Xj6dv-PsbtwyPpEflsejS-oIZxmMlV44zAhG479uYu89MsjcYOhCFnNyKrkJrihbsiasQyY0afoCl-9BLR65bg-- <- internal-slot 1.0.6 (1.1.0 is available)
+ nodelite-2-XjwVfRS6jTMsqYs0EsuJ4LGxXV14zQybNd4L2r0UvbVnSF9Af8x7p5MzbJ90Ioz-9TI41-hTCvznF-loiSzn8w-- <- jsonwebtoken 8.5.1 (9.0.3 is available)
+ nodelite-2-XleUoc9uwGXqjWwXaUTZAmzMcFZ5858QA2vvx1Ur5xIcixXIP-8LnFDgRplU30us6teqdlskFfu-ae4K79Ooew-- <- type-check 0.4.0
+ nodelite-2-XmOWe7eyHYH14cLdVPoyg-GOH3rYX--KpzrylJwSW98t3Nk-U8XOl8FWKOgwtzdb8lXGf6zYwDUzeHMWfxasyg-- <- json5 2.2.3
+ nodelite-2-Xni35NKzjgMrwevysHTCArtLDpPvye8zV-0E4EyYn43P7-7qvQwPh9BGkHewbMulVntbigmcT7rdX3BNo9wRJg-- <- tslib 1.14.1 (2.8.1 is available)
+ nodelite-2-XQ0jAPFkK-u3LcVRcvVHQcTIqD6E2H1fvZMA5dQPSOWb3suUbWbfbRf94pjc0bNzRYLfIrDRQXr7X-LHIm5oHw-- <- esbuild 0.17.19 (0.28.2 is available)
+ nodelite-2-XQAJs7DRN2GpLN6Fb-ZdGFeYZDdGl2Fn3TmFlqEL5JorgWKrQGRUrpGKbgZ25UeZPILuTKJ-OowG2avN8mThBA-- <- @napi-rs/nice-linux-x64-gnu 1.0.1 (1.1.1 is available)
+ nodelite-2-XXOFtyqDjNDAQxVfYxuF7g9Il-IbWmmlQg2MYKOH8ExIT1qg6xc4zyS3HaEEATgs1btfzxq15ciUiY7gjSXRGQ-- <- immediate 3.0.6 (3.3.0 is available)
+ nodelite-2-XXtXpGAq811qBgFVdOU6LoOC67rirwv7qwz-zuz1KxbpAM7QYX6kMvELOdSfhjZ9ntQnsdEOXT2zV7xMYaky6w-- <- import-html-entry 1.15.2
+ nodelite-2-XxwI8EOhVQgWp6iDL-3b0r86f4d6AX6zSU55HfB4ydCEuXLXc5FcYeOu-nnGftS4TEju-11rt4KJPTMgbfmv4A-- <- glob-parent 6.0.2
+ nodelite-2-Y-60-zizpJ3HRH8DCss-q95yr6145JXZo46OTpFvDZWLfRCE4qChOyk1b26nMaNpfHHgxagk9dXT5OP0Tfe-dQ-- <- kolorist 1.8.0
+ nodelite-2-Y-URAVapfbYy2Xp-gb6A0E7iR8xeqOCXsuuaoMn7A5PzrXUK84E1gyiEfq0wQd-GHA6GsoHWwhNq8anb0mleIw-- <- execa 2.1.0 (9.6.1 is available)
+ nodelite-2-Y1JXKrfykRJGdlDwdKlLpLyMIiWqWvuSd17TvZk68PLAOGOoF4Xyav1z0Xhoi-gCYjZVeC5SI-hYFOfvXmGRCA-- <- is-async-function 2.0.0 (2.1.1 is available)
+ nodelite-2-Y2Jn2idRrLzUfAKV2LyRImR-y4oa2AntrgID95SHJxuMUrkNXmanDSed71sRNZysveJVt1hLLemQZIady0FpEg-- <- @types/d3-array 3.2.1 (3.2.2 is available)
+ nodelite-2-Y38VPSHcqkFrCpFnQ9vuSXmquuv5oXOKpGeT6aGrr3o3Gc9AlVa6JBfUSOCnbxGGZF--0ooI7KrPuUSztUdU5A-- <- strip-ansi 6.0.1 (7.2.0 is available)
+ nodelite-2-Y4OZ-ytlatR8AI-8KZfKuL5urKp7qey08ha31L8b3BwewJAoJamTzyvxPR-5D-KkdJCGPq--8TukHBlY10FX9A-- <- @babel/helper-validator-identifier 7.22.20 (8.0.4 is available)
+ nodelite-2-Y4X9zqrCftUhMeH2EptSSERdVKt-nEdijTOacGD-97EKjhQ-Qs8RTlEGABSJNNN8lac9kheH-af7yAkEWlgneA-- <- table 6.8.1 (6.9.0 is available)
+ nodelite-2-Y8KTSIglk9OZEr8zywiIHG-kmQ7KWyjseXs1CbSo8vC42w7hg2HgYTxSWwP0-is7bWDc1H-Fo026CpHFwm8tkw-- <- typed-array-buffer 1.0.0 (1.0.3 is available)
+ nodelite-2-YBjSAiTqM04ZVei6sXighu679a3SqWORA3qZTEqZImnlkDIFtKc6pNutpjyZ8RJTjQtuYfeetkxM11GwoYXMIQ-- <- browserify-rsa 4.1.1
+ nodelite-2-Yc-BQe8SvoXH1643Qez1zqLRmbA5rCL-sSmk6TVos0LWVfNIB7PGncdlId77WzLGSIB5KaWgTaNTs2lNVEI6VQ-- <- hookable 5.5.3 (6.0.1 is available)
+ nodelite-2-YCS-JNFAUyr5vAuhk1DWm1CBxRHW9LbJ2ozWeemrIqpbsqKjHVxYPyi5GC0rjZIT5JxJ3virVTS8wk4i-Z-krw-- <- ajv-keywords 5.1.0
+ nodelite-2-Yd3UES5mWCSqR-qNT93S3UoYUkqAZ9lLg8a7g9rimsWmYGK8cVToA4-sF3RrshdyV3sAGMXVUmpMYOw-dLpOuw-- <- neo-async 2.6.2
+ nodelite-2-YHdEru4o3Rsbjmu6vHy4UKOXZD-Rn2zmkAmLRfPet6-Jz4Ojw8cbWxe1n42VaXQhD3CQUXXTooIy8OkVbUcL-w-- <- @csstools/postcss-hwb-function 1.0.2 (4.0.7 is available)
+ nodelite-2-YHlZCB6lMTllWDtSPHz-ZXTsi8S00usEV6v1tjq8tOUZzw7DpSDWVXjXDre6ed1w-pd495ODpHZYSdkRTsa0HA-- <- jws 3.2.2 (4.0.1 is available)
+ nodelite-2-YJDaCJZEnBmcbw13fvdAM9AwNOJwOzrE4pqMqBq5nFiEqXUqHwlK4B-3pUw6JNvfSPtX05xFHtYy-1ni01eGCw-- <- fs-extra 7.0.1 (9.1.0 is available)
+ nodelite-2-YM3-ITh2MJ5MtzaM429anh-x2jiLVjqILF4m4oyQB18W7Ggea7BfqdH-wGMK7dDiMghv-6WG7znWMwUDzJiXow-- <- semver-compare 1.0.0
+ nodelite-2-YmjsSMDBYsM1CaFiayOVT06-KJeXf0o5M-CAd4o1lTadFAtacTUM49zoYxr-oroopFDfhvN6iEcBxUyc3gvKmw-- <- which-builtin-type 1.1.3 (1.2.1 is available)
+ nodelite-2-YQLXUplAwJgCydQ78IMJywZCceoqk1oH01OERdSAJc-7U2AylwjhSCLDEtqwg811idIS-9fIU5GjG73IgjKMVg-- <- esquery 1.5.0 (1.7.0 is available)
+ nodelite-2-YsGpe3WHLK8ZYi4tWDg2Jy3ebRz2rXowDxnld4bkQB00cc-1Zw9AWnC0i9ztDJitivtQvaI9KaLyKrc-hBW0yg-- <- fill-range 7.1.1
+ nodelite-2-YslZMgtJUyuMbZ-aKvfF3x1f5liK4mWNxghFRv7jqRR9C3R3fAOGTTKvxXDa2Y1s9zSbcpuO0cAxDYsc9SrXoQ-- <- @chevrotain/utils 11.0.3
+ nodelite-2-YUifsXXuknHlUsmlgyY0PKzgPOr7-FjCePfHNt0jxm83wHZi44VDMQ7-fGNkjY3-jV1MC-1CmZbaHzugyeRtpg-- <- css.escape 1.5.1
+ nodelite-2-YVGIj2kamLSTxw6NsZjoBxfSwsn0ycdesmc4p-Q21c5zPuZ1pl-NfxVdxPtdHvmNVOQ6XSYG4AUtyt-Fi7D16Q-- <- wrap-ansi 7.0.0 (9.0.2 is available)
+ nodelite-2-YvjJow9FxbhFFKDSuFnVCe2WxXk1zWc22fFePVNEaWJEu8IrZVlda6N0uHwzZrUM1il7NC9Mlp4MaJYbYd9JSg-- <- @babel/helper-validator-option 7.27.1 (8.0.0-beta.0 is available)
+ nodelite-2-Yw0ECSpJoViF1qTU4DC6NwtC4aWGt1EkzaQB8KPPyCRR8z9TWeV0HbEFGTO-ZY1wB22zmxnJqhPyTpOVCpeHTA-- <- micromark-util-types 2.0.2
+ nodelite-2-YWWTjgABSKcvs-nWBi9PycY-JiPJqOD4JA6o9Sej2AtvSGarXxKC3OQSk4pAarbdQlKAh5D4FCQkJNkW-GAn3w-- <- qs 6.14.0
+ nodelite-2-YyUI6AEuY-Wpt8KWLgZHsIU86atmikuoOmCfommt0LYHiQSPjvX2AcFc38PX0CBpr2RCyZhjex-NS-LPOv6YqA-- <- d3-format 3.1.0 (3.1.2 is available)
+ nodelite-2-YyZM99iHrqLKjmt4LJDj58KI-fYyufRLBSYcqycxf--KpBk9FoewoGX0450m9nB44qrZnovzC2oeP5hUibxc-g-- <- find-up 7.0.0
+ nodelite-2-YZo3K82SD7Riyi0E1EQPojLz7kpepnSQI9IyPbHHg1XXXevb5dJI7tpyN2ADxGcQbHG7vcyRHk0cbwqcQriUtg-- <- safer-buffer 2.1.2
+ nodelite-2-Z14TF2JNG8Lss5-HMqt0--T9JeHXttXy5pH-DBU4vi98ozO2btxzq9MwYDZYnKwU8nRsz--GVFVRDq3DkVuSPg-- <- is-typed-array 1.1.12 (1.1.15 is available)
+ nodelite-2-Z2uID7YJ7oNvAI20O9X0bblw7Qqs8Q2hFy0R9tAfnfLkp5MW0UH9eUvnDSnFwKZ0AvgS1ucqR4KzvVHgnke1VQ-- <- @babel/parser 7.23.6 (8.0.4 is available)
+ nodelite-2-Z5kx79swU5P27WEayXM1tBi5Ze-lbIyiNgU3qyXUOf9b2rgXYyF9Dy9Cx-IQv-Lc8WCG6L82zwUPpSS9hGehIg-- <- function.prototype.name 1.1.6 (1.2.0 is available)
+ nodelite-2-Z7tMw1ytTXt5jqMcOP-OQteU1VuNK9Y02uuJtKQ1Sv69jXQKKg5cibLwGJow8yzZP-eAc18EmLGPal0bp36rvQ-- <- astral-regex 2.0.0
+ nodelite-2-Z942RysHXmJrhqk88FmKBVq-v5tqmSkDz7p54G-MGyjMnCFFnC79XWNbg-Vta8W6Wb2qtSZTSxIGkJrRpCFEiA-- <- browserify-zlib 0.2.0
+ nodelite-2-ZBxxZ5sL2HghephhpGAQdoskxplTwr7ICaehZwLIlfL6acuVgZPm8yBNuRAFBGEqtD-hmUeq9eqLg2ys9Xr-yw-- <- p-filter 2.1.0 (4.1.0 is available)
+ nodelite-2-ZDY-bPm5zTTF-YpCrAU9nK0UgICYPT0QtT1NZWFv4s--TNkcgVaT0g6-4R2uI4MjQjzysHB1zxuWL50hzaeXiw-- <- mime-types 2.1.35 (3.0.2 is available)
+ nodelite-2-Zf5H2Kxt2xjTvbJvP2ZWLEICxA6j-hAmMzIlypy4xcBg1vKVnx89Wy0GbS-kf5cwCVFFzdCFh2XSCFNULS6csw-- <- es-errors 1.3.0
+ nodelite-2-ZGhA37l0e-g2s1Cnzdix0O3aLYm66eF8aufiVteOgnwxgnRP8GoyMj7VWsgWnQbVKXyge7hqrFh2K2TQM6t1Hw-- <- @babel/generator 7.27.5 (8.0.0-beta.4 is available)
+ nodelite-2-ZgO4C7Rd6Hv-5MnyY2KxOYmIlzk4rplVolDt3NbkNR8DndnyX0Q5IR4acJWNTBICQ21j3zySzKbcJaiJpk-4YA-- <- lightningcss-linux-x64-musl 1.22.1 (1.31.1 is available)
+ nodelite-2-ZgrlzuUAjXIOc2JueK0X5sZDjCtgimVp-O5CEqTcs5ShWBa6smhWYbS0x5cVc--rycTDbjjzoP0KTDnUneZGOg-- <- @csstools/postcss-font-format-keywords 1.0.1 (4.0.0 is available)
+ nodelite-2-ZhMwEosbFJkA0YhFnNDgTM4ZxDRsS6HqTo7qsZM08fehyRYIYa0yHu5R6mgo1n-8MgaPBXiPimPD77baVFYg-A-- <- is-what 4.1.16 (5.5.0 is available)
+ nodelite-2-ZMaSKu4THYCU6sV64Lhg6qjf1orxBthaC161plr5KuPHo3CNm8DTHiLw-5Eq2b6TsNP0W0iJrUOFscY6Q450Hw-- <- @types/d3-delaunay 6.0.4
+ nodelite-2-ZMERYes6pDydyuGidse7OsHxtbI7WVeUEozgR-g7rd0xUimYNlvZRE-K2MgZTjWy725IfelLeVcEM97mmtRGXw-- <- is-binary-path 2.1.0
+ nodelite-2-ZMkYO-LkF17QvCPqM0gxw8yUzigAOZOSWSHg91FH6orS7vcEj5dVZTidN2fQ14yBSdg97RqhSNwLUXInd52OTA-- <- console-browserify 1.2.0
+ nodelite-2-ZPMl0ZJbw74iS9LuX9YIAiW8pfM5p3yh2o-NbXHbkFuZzY5jvdi5jFycEOkmBW5H5I7nA-D6f3UcsCLP2vvSEA-- <- conventional-commits-parser 5.0.0 (6.2.1 is available)
+ nodelite-2-ZQBvi1DcpJ4GDqanjucZ2Hj3wEO5pZDS89BWbkcrvdxksJorwUDDZamX9ldFkp9aw2lmBDLgkObEA4DWNJ9FYQ-- <- core-util-is 1.0.3
+ nodelite-2-ZsDfxO51wGAXREY55a7la9LScWpwv9RxIrYABrlvOFBlH-ShPnrtsXeuUIfXKKOVicNxQ-o8JTbJvjS4M89yew-- <- fraction.js 4.3.7 (5.3.4 is available)
+ nodelite-2-ZsEbbZORsyHuO00lY1kV3-t72yp6Ysay6Pd17ZAlNGuGwmWDLCJxFpRs0IzfXfj1o4icJOkUEioexFHzyPurSQ-- <- package-manager-detector 1.3.0 (1.6.0 is available)
+ nodelite-2-ZSW3ma5GkcQBIpwZTSRAI8N71Uuwgs93IezB7mf7R60tC8ZbJideoDNKjHn2O9KIlx6rkGTTEk1xUCK2E1Y2Yg-- <- enhanced-resolve 5.18.1
+ nodelite-2-ZUKRh6-kUFoAiTAtTYPZJ3hw9wNxx-BIBOijnlG9PnrJsCcSjs1wyyD6vJpaYtgnzDrKYRSqf3OO6Rfa93xsRg-- <- gopd 1.2.0
+ nodelite-2-ZuWOtMaHCkN9xoeEMr1ubW2nGWsp4nIql-OPQRstu4ypeZ-zk3YKqQT0CXVe-PYqrKpZAi-J9mTs05TKwjXSRA-- <- @types/d3-polygon 3.0.2
+ nodelite-2-ZUxbzKl0IfJILTS6t7ip5fQQM-J3TJYubDm3nMbgubNNYS62eXeUpoLUC8-7fJNiFYHTrGPQn7hspDUzIHX3UA-- <- @types/glob 7.2.0 (8.1.0 is available)
+ nodelite-2-ZUz-69-SYpFN-g-lUlo2FXcIjRkSu3nDarreVdGGndHEBJ6cXPdKguS8JGxwj5HA5xIbVKSmLgr5b3AWxtRfvQ-- <- roughjs 4.6.6
+ nodelite-2-ZX99e6tRweoUXqR-VBrslhda51Nh5MTQwou5tnUDgbtyM0dBgmhEDtWGP-xbKn6hqfPRHujUNwz5fy-wbbhnpw-- <- side-channel 1.1.0 (1.1.1 is available)
+ nodelite-2-ZYeSaCF3p73RdOKcjj-swRlZfnYpK1EbaDiYICEEp5Q6sUiqFaFQ9qgoshp5CzIyyb-yD09kD9o2zEltCexlgw-- <- @types/d3-force 3.0.10
+ nodelite-2-ZZow9HBI5O6EPgSJLUb8n2NKgmVWTwCvHGwFuJlMjvLFqlGG6pjirPhtdsseaLZjSibD8eegzmYpUZwoIlj2cQ-- <- jsx-ast-utils 3.3.5

Done in 1.7s
