Progress: resolved 1, reused 0, downloaded 0, added 0
Packages: +252
++++++++++++++++++++++++++++++++++++++++++++++++++++++++++++++++++++++++++++++++
Progress: resolved 252, reused 2, downloaded 249, added 250
Progress: resolved 252, reused 2, downloaded 249, added 251
Progress: resolved 252, reused 2, downloaded 250, added 252, done

dependencies:
+ nodelite-2-a-hy-pNsFUTR-Iz8TCJvXudKVLAnz-DyeSUo10I5yvFDQJBFU2s9uqQpoSrJlroHUKoKqzg-epxyP9lqFdzfBQ-- <- call-bind 1.0.9
+ nodelite-2-a-tGSLPtaia2krbRdwR4xbZKO8lU67DjMk-jfY4QKt4PRlKML-2tL-gmAuhNdFDioO6wOq0sXkfnddNFH9mNUA-- <- @smithy/property-provider 4.2.6 (4.2.8 is available)
+ nodelite-2-a-UqTh4kgZg-SlGvfbzDHpgRu7AAQOmmqRHJnxhRZICKFUT91brVhNNt58CMWU9PsBbv3PDCZUHbVxuDiH2mtA-- <- colors 1.4.0
+ nodelite-2-a1p6LF5Jt33O3rZoVRBqdxL350oge54iZWHNI6LJB5tQ7EelvD-Mb1mfBiZNAan0dt4i3VArkFRjA4iObuNykQ-- <- @svgr/babel-plugin-transform-svg-component 6.5.1 (8.0.0 is available)
+ nodelite-2-a4UGQaWPH59mOXUYnAG2ewncQS4i4F43Tv3JoAM-s2VDAmS9NsK8GpDMLrCHPksFT7h3K6TOoUNn2pb7RoXx4g-- <- yallist 3.1.1 (5.0.0 is available)
+ nodelite-2-a54IwgWPaeBCAAsv13YgmALOF1elABB08FxO9i-r4VFk5Vl4pKokRPeX8u5TCgSsPi6ec1otfLjdOpVcgbpshg-- <- markdown-it 14.1.0
+ nodelite-2-a5ERWK1kh38ExDEfoO6qUHJb32rd7aYmPHuyCu3Fta-cnICvYmgd2uhuKXvPD-PXB-gCEYYEaQdIRAjCOwAKNA-- <- oauth 0.9.15
+ nodelite-2-aA4RyPcd3badbdABGDuTXCMTtOneUCAYH-gxoYRTZlIJdF0YPWuGqiAsIrhNnnqdXGswYk6dGujem4w80UJFhg-- <- finalhandler 1.3.2 (2.1.1 is available)
+ nodelite-2-aAA518n6wxxjCfnTAOjQnm7ngNE0FVHxHAw2pxKlIhxrMn0XQjGcXKF0oKWpjBgJOmsaJpVob-v-zr3zxgPWuA-- <- @rushstack/rig-package 0.7.3
+ nodelite-2-aARqgq8roFBj054KvQr5f1sFu0D65G-miZRCuJyJ0G13Zwx7vRar5Zhn2tkQNzIXcBrNVsv-8stehpj-GAjgbg-- <- esbuild 0.19.12 (0.28.2 is available)
+ nodelite-2-aAWcW57uxVNrQZqFXjITpW3sIUQmHGG3qSb9mUah9MgMC4NeWhNOlNjXEYq3HjRAvL6arUviZGGJsBg6z0zsWA-- <- finalhandler 1.1.2 (2.1.1 is available)
+ nodelite-2-abgDPg1106vuZZOvw7cFwdCABddfJRz5akcCcchzTbhyhYnsG31y4AlZEgp315T7W3nQq5P4xeOm186ZiPVFzw-- <- signed-varint 2.0.1
+ nodelite-2-aBl7dZI9ENN6fUGC7mWpMTPNHmWUSNan9tuWN6ahh5ZLNk9baLJOnSMlrQkHcrfFgz2-RigjUVAjdx36VcemKA-- <- color 3.2.1 (5.0.2 is available)
+ nodelite-2-aBSREisdsGH890S2rQqK82qmQYU3uFpSH8wcZWHgHzl3LfzsxAKbLNiAG9mO8v1Y0UICBeClICxPJvyr0rcuxg-- <- @puppeteer/browsers 2.6.1
+ nodelite-2-abv-qOcuPfk3URPfDzmZU1LKmuw8kT-0nIHvKrKgFrwifol-doWcdA4ZqsWQ8ENrFKkd67Mfpo-LovbIUsbt3w-- <- merge-stream 2.0.0
+ nodelite-2-aCj4O5wKyszjMmDT4tZj93kxyydN-K5zPWSCe6-0AV-AA1pqe5ZBIw0a2ZfPQV7lL5-yb5HsUreJ6UFAF1tEQw-- <- cli-cursor 5.0.0
+ nodelite-2-aDdvlDder8QmY91H88GzNi9EtQi2TjvQhpCX6B1v-dAZHU1AuLgHvRh54RiOerpEhEW46Tkf-vgAViB-CWC0ag-- <- core-js 3.34.0
+ nodelite-2-adUCskxrCZ6aT8q9-s-JWXla1QIVKLAg571OP7VQeDvRqSYAUeqxLquQAmO0oiUQKsPDB5dDtYJHYvicJQK3IQ-- <- @leancloud/platform-adapters-weapp 1.6.3
+ nodelite-2-ae7SBCbzVNrIjgSbh7wMznPcQel1DNlDtzensnFxpiNpXt1U2ju-bHugH422r-4LAVS1FpW1YCwilmnNsjum9w-- <- regex-recursion 5.1.1 (6.0.2 is available)
+ nodelite-2-aeNmHnBxbi2St0au6VBVC7JXFlhLlOnvIIlePNniyUNAClzmtAUEY8-pBiK3iHjufOlwA-c20-8jngo7xcrg8A-- <- @radix-ui/react-slot 1.2.3 (1.2.4 is available)
+ nodelite-2-aeQoDkuRWSqQN6nSvVCEFvfXdqo1OQiCmmW1kc9xSdjutPv7BGO7pqY9sQRJpMOGrEdfDgF2TfRXe5eUAD2Waw-- <- katex 0.16.27 (0.16.47 is available)
+ nodelite-2-agJ5B3unGNJ9rJvADMJ5ZiYjBRyDpzKAOk01Kpi1TKhlT1APx3XZk6eN7RtSz1erbWHC2L8T3xLZ81wdtGRZzg-- <- micromark-util-character 1.1.0 (2.1.1 is available)
+ nodelite-2-agNLK89seZEtC5zUHwtut0-tNrc0Xw4FT-Dg-B-VLEo9pAcS9rtTKpek3V6kVcVwsB2YlqMaHdfZL4eLEVYuCg-- <- next 15.5.9 (16.2.0-canary.9 is available)
+ nodelite-2-agTcKlMw-mjBWOnD6kFZttAAGHgi-Nw0CZ2o6JqWSbMlI219lAFLZZCyqByTsvVAJq5XA5H8cA6PrvBRpBWEuQ-- <- playwright-core 1.57.0 (1.62.1 is available)
+ nodelite-2-aGTxbpbg8-b5JfU1HXSrbH3wXZuLPJcNEcZQFMxLs3oSzgtVu6nFPkbbGGUvBcUjKV2YyB9Wxxabo-HEH9tcRQ-- <- @floating-ui/utils 0.2.10
+ nodelite-2-aGv6alnn4HbDEsURzKP-jv13rbi1VxmAYfBNZr5GKF1iohMNWy5tAVoJ1E3cOvzMB1kbUPvCXchM6zSFlRGPhA-- <- @rc-component/qrcode 1.1.3
+ nodelite-2-aGZh6xMo6q9vq1JGcw58lZ1Z0-i0xB2x0XaauNIUXd6O1xXc3RwoWEBlsTQrY4KQ9Jf0s5rgD6SiNkaUdJegTA-- <- @babel/plugin-transform-nullish-coalescing-operator 7.27.1 (8.0.1 is available)
+ nodelite-2-aIL5Fx7mawVa300al2BnEE4iNvo1qETxLrPI-o05L7z6go7fCw1J6EQmbK4FmJ2AS7kgVF-KEZWufBfdClMcPg-- <- etag 1.8.1
+ nodelite-2-aJn6wq13-afZp-jT9QZmwEjDqqvSGp1VT5GVg-f-t6-oVyrgXM6BY1h9BRh-O5p3PlUPAe-WuiEZOmb-49RqoQ-- <- typescript 5.8.2 (6.0.0-dev.20260130 is available)
+ nodelite-2-ak9Qy5Q7jYb2Wwcey5Fpvg2KoAc-ZIhLSLOSBmRmygPsGwkVVt0fZa0qrtMz-m6tJTAHfZQ8FnmB4MG4LWy7-w-- <- path-exists 4.0.0 (5.0.0 is available)
+ nodelite-2-aKttAZnz8YB1VJwPQZtyU8Uk0BfMP63iDMkvjhJzRZVgySmqt-apWSdnoIcZlUoGheBrcqbMC17GGUmur7OT5A-- <- @swc/core-linux-x64-gnu 1.15.3
+ nodelite-2-aKUhyn1QI5Ksbqcr3fFJj16p99QdjUxXAEuFst1Z47DRyoiMwivIH9MV-ARcJOCXVjPfjITciej8ZD2O-6qUmw-- <- @es-joy/jsdoccomment 0.41.0 (0.76.0 is available)
+ nodelite-2-aLkWa0C0vO5b4Sr798E26QgOkss68Un0bLjs7u9qxzPT5CG-8DuNTffWES58YzJs3hrVAOs1wonycqEBqNJubA-- <- @types/js-cookie 2.2.7 (3.0.6 is available)
+ nodelite-2-alTKsjEL0dKH-ru1Iyn7vliS2QRcBp9zZPGoWxUOvRGWPUYgjo-V01is7p04It6KhgrzhJGnIj9GgX8W4bZoCQ-- <- react-merge-refs 1.1.0
+ nodelite-2-amapZFADOJtHvX2URcRfbzG2OFcW-UAwmdK2kht2N2vsH5Py65VxI5yZTlD2DjmxVhTz6htFoVCxROYUJaYOXQ-- <- parse-git-config 0.2.0 (3.0.0 is available)
+ nodelite-2-aN97NXWF6AWBTahfVOIrB-NShkzi5H7F9r1s9mD3cDj4Ko5f2qhhVoYMibXF7GlLveb-D2ioWay8lxI97Ven3g-- <- entities 6.0.1 (8.0.0 is available)
+ nodelite-2-aNovXo9UsZuRNLzHJtp13lHIvinDPfiXBPePpXkSjCbgp--iU2FqE-YxvjIsg6EdyPZsASFbfu-JcBFVsErXIQ-- <- postcss-discard-overridden 7.0.3
+ nodelite-2-aOAQc3E98HteIIsSqm6Xk2FPKIER6-5vyEFMZfo73TqM-VVAIqOkHoPjgKLqSNtVLWScoaM7vY2ZrGEheI79yg-- <- rc-checkbox 3.5.0
+ nodelite-2-aOIos8bujGN93-8Ox-jPLh7RwVnPEysynVFE-fQZyg6jKELEHwzgKdLRFHUgXJL6kylijVSBC4BvN9OmsB48Rw-- <- parse-json 4.0.0 (8.1.0 is available)
+ nodelite-2-aPSJ12d3a3Ea5nyEnLbijCaaYJT2QjQ9iW-zGh5QcZYXmOGWbKVyPSxmVOboZQG-c1M8t6d2O7tqrwzIq8L8qw-- <- @aws-sdk/middleware-logger 3.936.0 (3.972.2 is available)
+ nodelite-2-aqD2Q0144Z--RqG52NeHEkZauTAUWJO8c6yTftGJKO3Tja5tUgIfmIl6kExvhtxSDP7fXB6DvzkfMpCd-F3G-Q-- <- string-argv 0.3.2
+ nodelite-2-aQIfHDq33ExsN4jP1NWGXhxgQ-wixs60gDiKO-XVMd8Mn0NWPWgc34ZQDTb2jKaUWQ7MuwoitXAsN2XVXNMpAw-- <- @jest/environment 29.7.0 (30.2.0 is available)
+ nodelite-2-aQtrEWKwqafNlExcKHQvPGsXR2-vlUqqJtf5XsCQcgsSb5PL4wlujWBYDJuWsP4UnQX1YHDHU8qRlD-1PzTQ-Q-- <- postcss-minify-selectors 7.1.2
+ nodelite-2-arsCikDvlU99zl1g69TcAB3mzZPpxgw0UQnaHeC1Nwb015xp8bknZv5rIfri9xTOcMuaVgvabfIRA7PSZVuZIQ-- <- @types/send 1.2.1
+ nodelite-2-aSff4zPII1u2QD7y-F8oDsz19ew4IGEJg9SVW-bqwpwtfFleiQDMdzA-R-UlWDzfnHFCxxleFT0PMIrR36XLNQ-- <- @babel/plugin-syntax-nullish-coalescing-operator 7.8.3
+ nodelite-2-asLFVfWWtJ90ZyOUHMqk7-S2w2guQKxUI2itj3d92ADHhxUSbCMGi1f1cBcJ7xM1To-pE-Khbwo1yuNbMEPKeA-- <- duplexer2 0.1.4
+ nodelite-2-atfGXWSeCiF4DnKZIfmJfQRkSw9b9gNNXR1kqKjbhG4pGYCOnkp8OcTB8E3NXjBu8NpheSnOeNKz8KT7UNFTmQ-- <- @babel/helper-replace-supers 7.29.7 (8.0.1 is available)
+ nodelite-2-aTyf30K-rqAsNwN76zYrdtx8obu0E4KoUME29B1xj-B3WxgvWkp943vYQ-z8Mv3lw9xHXMHpvSPOBxzAkIa94w-- <- babel-plugin-polyfill-corejs2 0.4.17
+ nodelite-2-aU5EJuIN2WDemCcAp2vFBfp-m4EAhWJnUNSSw0ixs7-kXbd6Pg64EmwJkNdFhB8aWt1sH2CTXrLxo-iAGV3oPQ-- <- mime-db 1.54.0
+ nodelite-2-auFDyzzzGZZZdHz3BtET9VEz0SE-uMEAx7uWfGPucfzEwwe-xH0iVeZibQmANYE-hp9T2-UUZT5m-BKyrDp3Ew-- <- p-timeout 5.1.0 (6.1.4 is available)
+ nodelite-2-aVS0F65LKsdNOtcz6FRCpE4OgsP2OFnW46qNxNIX9h3wuzaNcSQsJysuMwqSibC98HPrf2vCgtxKNwS0DAlgcA-- <- @babel/plugin-transform-modules-commonjs 7.23.3 (8.0.1 is available)
+ nodelite-2-aw1gNayWpdI-jSYVgzN5pL0cfzU02GT3NBpeT-DXbx1-1x7ZKxFPd9bwrzygx-qiwIQiJ1sw-zD8qY-kRvlGHA-- <- @eslint/config-array 0.21.1 (0.23.5 is available)
+ nodelite-2-aW35yZM6Bb-4oJlZncMH2LCoZtJXTRxES17vE3hoRiowU2kWHaJKFkSBDnDR-cm9J-9QhXmREyIfv0pji9ejCQ-- <- decompress-response 6.0.0 (7.0.0 is available)
+ nodelite-2-awConJSVCHVGND6x3tmMaKcQvwXLhjdkmomy2W-Goaui8YPgYgXJZewhg3fWC-DlfqqQuWg8AwqjGTD2nAPVWg-- <- global-prefix 3.0.0
+ nodelite-2-ax7ZYomf6jqPTQ4-XCpUGyXKHk5WweS-e05MBO4-y3WJ5RkmPXNKvX-bx1behVILVwr6JSQvZAku021CHPXG3Q-- <- gzip-size 6.0.0 (7.0.0 is available)
+ nodelite-2-aXFLRo7jo531Jed1LgRqrF0VmRnzM-Qki25PknM3S04gqyxpDaHNFpPba05pHhn-d1N-54qIi0IcY1odrCrF2A-- <- rc-tabs 12.15.0 (15.7.0 is available)
+ nodelite-2-axUuqnUTBuXyHGcJEVVh9pORaN6wC5bYfE7FGzPiaWa3syib9m7g--IT-4VgCOe2Upef43PHzeAvcrVek6QuuA-- <- @babel/plugin-transform-logical-assignment-operators 7.28.5 (8.0.1 is available)
+ nodelite-2-ayCKvm-phCGxOkYRSCM82iDwct8-EonSEgCSxWxD7ve6jHggsFl4fZVQBPRNgQoKiuV-odhFrGzQXZwbifC8Rg-- <- parse-json 5.2.0 (8.1.0 is available)
+ nodelite-2-aylIc7Z9y4yzHYAJNuESG3hfhC-0Ibp-MAMiaOZgNv4pmEdFyfZhhhny4MNiAfWdBQ1RQ2mfDWmM1x8SvGyp8g-- <- mdn-data 2.0.28 (2.27.1 is available)
+ nodelite-2-ayVFHdtZ-hsq1t2Dy24wCmGXGe4q9Gu3smhLYALJrr473ZH27MsnSL-LKUlimp4BWJqMDMLmPpx-Q9R3OAlL4g-- <- @eslint-community/eslint-utils 4.9.0 (4.9.1 is available)
+ nodelite-2-az9BkXND3-d5VgdRRQVkiJb2gOmDU8Qcq4GvjtBmDICNiQ9udFmDk4ZpSB5Qq1OmtDJGlQAfBaS4palFsazQ5g-- <- @azure/core-http-compat 2.3.1
+ nodelite-2-b-1eJOlsR9K8HJpow9Ok3fiWOWSIcIzXodvv0rQjVoOVNpWMpxf1wZNpt4y9h10odCNrqnYp1OBzRktckBe3sA-- <- uuid 9.0.1
+ nodelite-2-b-G6BTMSg-bX-xVCshPTPyAu2tmA0E4X98NSR7eIbeC6ycCqCeE7wjfDIgzEbkzdEVJXRtOG4FbEm-uGbCRouA-- <- micromark-util-resolve-all 1.1.0 (2.0.1 is available)
+ nodelite-2-b-prvQgJt8pieaKYMSJBXHxX-DYwdLsAWxKYqnO5dO2V4oo-TYBZJAUQCVNjTWWsrs6o4VDrNcP9-E70HAhJdw-- <- @floating-ui/dom 0.4.5 (1.7.4 is available)
+ nodelite-2-b-YwNhb8lk1Zz2-bXXpS-LK9OisiZZ1SNsSLxN1x2OXVEhW2Ckr-7mWE5vrC1ZTiJlD9g19jWszTmJsB-oEpFQ-- <- pseudomap 1.0.2
+ nodelite-2-b-YyPmr6ldyNnM6sqYeMWE-bgJcJpO6yS4QD7ymxgH34GBPNDM-THBh8iunyvKIZztiwLH4CJZ0RxTk9emgpjw-- <- @babel/plugin-syntax-class-static-block 7.14.5
+ nodelite-2-b0P0sZPKtyu8HkeRAfCq0IfURZK-SuwMjY1UXGBU27wpAiTwQAIlq56IbIO-ytk-JjS1fMR14ee5WBBfKi5J6A-- <- aria-query 5.3.0 (5.3.2 is available)
+ nodelite-2-b0tGHbfegbhPJpxpiBPU2sCkigAqtM9O121le6bbOlgyV-NyGyCmVfJ6QW9eRjz8CpNfWEOYBIMIGRYkLwsIYg-- <- cssom 0.3.8 (0.5.0 is available)
+ nodelite-2-b1O07XYq8eRuVzBNgJLstU6FYc1tS6wnMtF1I1D9lE8LxZSOGZ7LhxN54yPP6mGw5f2CkXY2BQUL9Fx41qvcIg-- <- get-uri 6.0.5
+ nodelite-2-b2VgNzu3BxxM2nGhZSMzkiaTaCClevKkBCtgpV2Al0eGaEeQgTk5qHedzNxi-SgsvmDbqxWKDAIrxZNVKyDCXw-- <- @types/clear 0.1.0
+ nodelite-2-b2XGFAFdWZWg0phtAWLHCk836A1Xann-I-Dgd3Gk64MHKZO44FfoD1KxyvbSh0qZsIoXQGGlVztIY-oitJPpRQ-- <- fbjs-css-vars 1.0.2
+ nodelite-2-b3mfYUxR388u5Pt0HPcVIUtUDn-k15UfTY9M-ORW-meCR6JLNxoZffiYvXyOYQoRYQNZyX-UFkMCM-mNHxe1qA-- <- postcss-merge-longhand 7.0.7
+ nodelite-2-b3rppTKm9T-PsVCBEOUR46GWI7fdOs00VKZ1-9c1EWDaDMvjQc6tUwuFyIprgGgTcWoVHSKrU8H31ZHA2e0RHA-- <- safe-stable-stringify 2.5.0
+ nodelite-2-b4N1SaOKsG-YeNnyr2DOqlDzf5KkWxw9Jc0UN1Ej367dChDk83kL5T1GlQze5DDUp5gdb3n0Chzy56KLIH3RXQ-- <- @udecode/plate-indent 48.0.0
+ nodelite-2-b63wmnKPaK-6ZZfpYhz9K61oybvbI1aMcIs80--JI1O1rR1vaxHUCNqo3ITu6NU0d4V34yZFoHMn-uoKr-Rwfw-- <- @jest/globals 30.2.0
+ nodelite-2-b6Ilus-c3RrdDk-JhLKUAQfzzgLEPy6wcXqS7f-xe1EETvsDP6GORG7SFuOs6cID5YkqchW-LXZbX5bc8j7ZcQ-- <- cac 6.7.14
+ nodelite-2-b6jSvxvVnyptAiLjbkWLE-lOnR4lfTtDAl-eUC7RZy-QQWc6wRzIV2CE6xBuMmDxc2qIihtDCZD5NPOFl7fRBQ-- <- react-style-singleton 2.2.3
+ nodelite-2-b6suED-5-3rTpUBdG1gupIl8MPFCAMA0QXwmljLhvCUKcUvdE4gWky9zpuGCcXHOsz4J9wPGNWq6OKpmIzz3hQ-- <- flat 5.0.2 (6.0.1 is available)
+ nodelite-2-b6weQyEUKsDGFlACWSIOfveEnImkJyK-FGW6FAG42loyoquvjdtOIqO6yBFzHyqyVVhNgNkQxxx09SFLK28YnA-- <- bin-check 4.1.0
+ nodelite-2-b6YTX108evsvE4YgWyQ921ZAFFQm3Bn-CA3-ZXlNVnPhx-UfsVURoPjfGAPCjBgrqo30yX-C2nZGX96DxvR9Iw-- <- @babel/plugin-bugfix-v8-static-class-fields-redefine-readonly 7.28.3 (8.0.1 is available)
+ nodelite-2-b7g-y9A0v4mxCW1qUhf3BSVPg--NvGErk-dOkrDaHA0nQIQGAtrOjlX--9OQtRlSCy-x9rfB5N8yC71lH1nvMw-- <- chevrotain-allstar 0.3.1
+ nodelite-2-b8AmV3kfQaqWAuacbPuNbL6vahnOJflOhexLzMMNLga62--nh0JzvJ0aO-5a5MVgUFGS7Hu1P9P03o3fJkDCyw-- <- d3-zoom 3.0.0
+ nodelite-2-b9MIk7yhdS1pMCZM8VeNfUlSKVRhsHZNMl5O9SfaX0l0t5wjdgu4IDzGB8bpnGBBOjGST3rRFVsaaEtI4W6f7g-- <- @svgr/babel-plugin-add-jsx-attribute 8.0.0
+ nodelite-2-bC7ElrdJaJnPbAP-1EotYvqZsb3ecl5wi6Bfi6BJTUcNowp6cvspg0jXznRTKDjm-E7AdgFBVeAPVMNcKGsHMA-- <- debug 2.6.9 (4.4.3 is available)
+ nodelite-2-bCYeRA2rVibKZd-s2625gGnGF-t7DSqDs4dP7CrLA1m7jKWz6pps0LpYLJN8Q64HtmPKJ1hrN3nzPNKFEKOUiQ-- <- is-potential-custom-element-name 1.0.1
+ nodelite-2-bEAtp-qrtKucxXSJkD4ebopFZYP0q1-3Vb2WECWv-T8yQEgKxDxJ7ztO285tAMaYZVR6mM1GgI6CCn8FROtL1w-- <- regl 1.7.0
+ nodelite-2-bEN9VHRyXAUOjkKVQVvArFym08BTWB0aJPppZZr0UNyAqWsLaVfAqP7hbaTJjzHifmB5ebnR8Wm7r7yGN-HonQ-- <- estree-util-is-identifier-name 2.1.0 (3.0.0 is available)
+ nodelite-2-bEqo66MRXsUGxWHV5IP0PUiAWwoEjba4VCzg0LjFJBpchPaTfyfCKTG6bc5F8ucKec3q5y6qOdGyYTSBEvhCrg-- <- html-void-elements 3.0.0
+ nodelite-2-bIoJLOmjCO1S9XdY-DcnR5hJxvrDir1PbGChrzXG3vw0-FOliy-fA3dmdhQ441kah4gKv-TwckGzex6wNS5cnQ-- <- postcss-selector-parser 6.1.4 (7.1.6 is available)
+ nodelite-2-bJ-HgKq41nlKvlhccD5kaCr-P-Hu0wPNKPJOH7en-YrJu-9EgqUF-88w5Jb6KNcjOFMhfX4B2asfeAtIGuHObQ-- <- stream-parser 0.3.1
+ nodelite-2-XxtPuC3PGakY6PD7dG66-o8KwJ-LkH2-EKe19Dcw58w53dv4-vSQEkn-SzuyhHE2q4zPgCkxQBxus3VV4ql-Pg-- <- devtools-protocol 0.0.1367902
+ nodelite-2-XxwI8EOhVQgWp6iDL-3b0r86f4d6AX6zSU55HfB4ydCEuXLXc5FcYeOu-nnGftS4TEju-11rt4KJPTMgbfmv4A-- <- glob-parent 6.0.2
+ nodelite-2-XzKOWUmveakZBDgOeOJcAakXfYx30hudYnv--t5C726uYHAgaPAiGPg5IhH50uu1lDivA2MKv7MESMkeb-vRlw-- <- @udecode/plate-dnd 48.0.0
+ nodelite-2-Xzmnb58-Db78gT-CCj-PVCvK-zxbnsw6F-O1oheYszJbBSdEjVhQi3C-Xttzxgi-GLmpvOggRs1RFpiJ8-c34Q-- <- @typescript-eslint/visitor-keys 8.50.0
+ nodelite-2-Y-60-zizpJ3HRH8DCss-q95yr6145JXZo46OTpFvDZWLfRCE4qChOyk1b26nMaNpfHHgxagk9dXT5OP0Tfe-dQ-- <- kolorist 1.8.0
+ nodelite-2-Y-arvbn-rrz3JCKl9C4kVNfTfSm2-mEp5FSz5EsZSANGPSlQrpRI5M4PKF-mJnE52jOO90PnPSc3Ur3bTQw0gA-- <- ts-interface-checker 0.1.13
+ nodelite-2-Y-K3EDuiQN9rTZhBvPRWMLXIKdeD1Rj0nzunfoi0Yyn5WBEbzxXKU9Ub2X41oZBagVWOBU3MuDonFMgPWQFnwg-- <- got 6.7.1 (9.6.0 is available)
+ nodelite-2-Y0AvSwDw8y-nlSNFXMm2g6L51rBGdAQT20J3YSOqxC53Lo3bjWRtr2BKcfYoAf352WYpsZSTURrA0tqhfgudPA-- <- stubborn-fs 2.0.0
+ nodelite-2-Y1IQok9821cC9onCx5otgFfRm7Lm-I-wwxOx738M-WLPZ9Q42m4IG5W0FNX8WLL2gYMZo3JkuXIH2DOpWM-qwA-- <- babel-plugin-istanbul 6.1.1 (7.0.1 is available)
+ nodelite-2-Y1wZESM7VUThYY-4W-X4ySH2maqcA-p7UR-w8VWNWVAd6lwuXXWz-w-Cz43J-dI2I-PS6wD5N-bJUF-gjWvIqg-- <- num2fraction 1.2.2
+ nodelite-2-Y1zNGV-pzQdh7H39l9zgB4PJqjRNqydvdYCDG4HFXM4XuvSaQQlEc91IU1yALL8gUTDomgBAfz3XJdmUS-oo0w-- <- globby 13.2.2
+ nodelite-2-Y22oTqIU4uuPgEemfz7NDJz6OeKf12Lsu-QC-s3BVpda64lTiMYCyGwg5ki4vFxkMwQdeZDl2adZoqUgdFuTgQ-- <- html-encoding-sniffer 4.0.0 (6.0.0 is available)
+ nodelite-2-Y2fmSnZjQdDb9W4w4r1tswlMHylzWIeOKpx0aZH9BgGtACHhrk3OkT52AzwcuqTRBZtvvnTjDBh8eynMulu8Vg-- <- token-types 5.0.1 (6.1.2 is available)
+ nodelite-2-Y38VPSHcqkFrCpFnQ9vuSXmquuv5oXOKpGeT6aGrr3o3Gc9AlVa6JBfUSOCnbxGGZF--0ooI7KrPuUSztUdU5A-- <- strip-ansi 6.0.1 (7.2.0 is available)
+ nodelite-2-Y3W0wlRPK8ZMRbNq97l4M5otioeA5lm1z7bkNkxCka8HSPjR0xRWmpCmc9utiaLP9Jb1eD8BgeIxTW4AIF45Pg-- <- p-is-promise 2.1.0 (3.0.0 is available)
+ nodelite-2-Y3wQdFg2Va6etvQ5I82yUhGdsKrcYox6p7FfL1LbK2J4V01F9TGlepTIhnK24t7koZibmg82KGglhA1XK5IsLQ-- <- mrmime 2.0.1
+ nodelite-2-Y55FLdj3UxkR7Vl3s7Qr4e9m0onSnP8W7d-xQLsoJM40vs6UKHFdygs6SWryasTZYqugMjm3BepCF4CWXDiHgA-- <- popmotion 11.0.3
+ nodelite-2-Y7-KDsb8LjooZpwaqGyulO6DQlksgCncchHGk-sZIY4SBvUocMBEFH5Ur1fI4dV-Jvl0w6cjvucaIi40puRioA-- <- semver 7.8.5
+ nodelite-2-Y7wLWcrLUXwk2noSka166byGCvhMtDRpgHdzCno1UQv-n-Hegp--a2xBWJL1lJarnKD3SWaljD-0z1ztqxuKyQ-- <- git-hooks-list 1.0.3 (4.2.1 is available)
+ nodelite-2-Y7Wt51eKJSyi80hFrJCePGGNo5ktJCslFuboqJsbf57CCPcm5zztluPlc4-aD8sWsKvlwatezpV4U1efk8kpjg-- <- array.prototype.flatmap 1.3.3
+ nodelite-2-Y8-SBAHkZGoNkpzqqfCldijcuUKh7-su31kEBp67cFY09Wy0mTRgtsLYsiIxMJxlu0f6AA5SUTbDR8K0rxnbUw-- <- hast-util-raw 9.1.0
+ nodelite-2-Y9J6ZjXtoYh8RnXVCMOU-ttDmk1aBjunq9vO0ta5x85WDQiQfUF9sIPBITdbiiIVcBo03Hi3jMxigBtsddlXRw-- <- aproba 1.2.0 (2.1.0 is available)
+ nodelite-2-Y9oHXpBcXQgYHOcAEmxjkDilUbSTkgKjoHYed3WaYUH8jngq8lPWDBSpjHblJ9uOgBdy5mh3pzebrScDdYr29w-- <- @smithy/core 3.19.0 (3.22.0 is available)
+ nodelite-2-Yabmi9nSvyOMrlSeGGWDiH7rf3a7sIwplbvo-dlz9WCIjzIQAfy1RMf4S0X3yG724n5Ghu2GmEl5NJIV6O9sZQ-- <- @formatjs/fast-memoize 2.2.7
+ nodelite-2-YAL7wQtbC-RkFkjS3SNGzAhwcpYLGC-rZmFu11--Aa3aXW4Nvi4PIjAIsN4SheEXTyT20QNdFu6B63-3IWmCnA-- <- graphiql 3.0.0-alpha.1
+ nodelite-2-YAXAX2GlOTBotfHksJNretmIpWNie9wPCfCov--sGO30yGTvq-Xr-OXhDE2o2TAwd3UGHl5ckLi9GnSifnldDA-- <- @udecode/plate-reset-node 48.0.0
+ nodelite-2-YbG4eija7g-ajQ0lu4P2WPgKt5zCm743VgKn-buBrXXo1IETftO2r-8VdBPhv8wpTyg3CO-VU1z2wHuL4iohmw-- <- swc 1.0.11
+ nodelite-2-YBjSAiTqM04ZVei6sXighu679a3SqWORA3qZTEqZImnlkDIFtKc6pNutpjyZ8RJTjQtuYfeetkxM11GwoYXMIQ-- <- browserify-rsa 4.1.1
+ nodelite-2-Yc-BQe8SvoXH1643Qez1zqLRmbA5rCL-sSmk6TVos0LWVfNIB7PGncdlId77WzLGSIB5KaWgTaNTs2lNVEI6VQ-- <- hookable 5.5.3 (6.0.1 is available)
+ nodelite-2-Ycl2tv1QrcYgtPZelECuaTUFJAS4ojrBg5-HtpaDTEGCbbQ1vvvz6PLkZV8RdZ15Ji1x5hz6PO2bTbd7CuiBTw-- <- @umijs/core 4.7.13
+ nodelite-2-YcPQ8a0jwYU9bTdJDpXjMi7Brhkr1mXsXrUJvjqM2mQDgkRiz8jFaQGOdaLxgjtUfQgZhKy-O3cG-YwmgKaxLA-- <- @pnpm/network.ca-file 1.0.2
+ nodelite-2-YCS-JNFAUyr5vAuhk1DWm1CBxRHW9LbJ2ozWeemrIqpbsqKjHVxYPyi5GC0rjZIT5JxJ3virVTS8wk4i-Z-krw-- <- ajv-keywords 5.1.0
+ nodelite-2-Yd3UES5mWCSqR-qNT93S3UoYUkqAZ9lLg8a7g9rimsWmYGK8cVToA4-sF3RrshdyV3sAGMXVUmpMYOw-dLpOuw-- <- neo-async 2.6.2
+ nodelite-2-YDAlXsPv3I1n42dv1JpdM7wJ-gSUBfeyPK59ZpBD9jQhK9jVuxpjj3NmWQHOBceA1zEPVX84T2wbdb2SD0UjmA-- <- rc-dropdown 4.2.1
+ nodelite-2-Ye01HXpkZPNcV6FiyoW2fGZDUw4Yc7vT0E9Sad83-bEDiCJ1uXu0S3mr8WLpsz3HaG3x2q0HM6CTuPdcZcluFQ-- <- micromark-util-chunked 1.1.0 (2.0.1 is available)
+ nodelite-2-YEjpl6XJ36FTKmD-kRJJWYvrHeUvm5ykaUS5xK-6oXffQPHeEM4-nXlZPe-Wu0lsgRUcNZiliYNh-y7q9c2y6Q-- <- @smithy/util-config-provider 4.2.0
+ nodelite-2-YF23YMyASIIJXpktBa4vIGLJ5Gs88UB-XePgqPmTa7cDA-JeO3yclbpheQYCHjVHBn-yePzrXuygIL-xbvRYHw-- <- vfile-location 4.1.0 (5.0.3 is available)
+ nodelite-2-YfjXkDK0bcwS0zo8PXptvQdCQfOPPtzGsAzmIv7PnoUGFdIohsR-NVDyjbajMddF-3cWUm-3q9NzP-DUke9a-w-- <- @monaco-editor/react 4.7.0-rc.0
+ nodelite-2-YgBpdJHPyQ2UE5x-hlSXcnejzAvD0b22U2OuAP-8OnlJT-PjWPxtgmGqKKc-RgTM63U9gN0YzrYc71R2WT-hTA-- <- open 10.2.0
+ nodelite-2-YgvUTfwqyc7UXVMrB-SImsVYSmTS8X-tSrtdNZMImM-n7-QTriRXyXim0mBrTXNeqzVF0KWGgHPeiyViFFrNDw-- <- yallist 5.0.0
+ nodelite-2-Yh-RHkjN0ru6LVhSQtTkCRo6HXkfL9trot-2elzM-yXLJmbLm2v6kJc8yftTnwv1zvUob6TEtqI2cYjdqG3U0Q-- <- @types/ramda 0.29.3 (0.30.2 is available)
+ nodelite-2-YHdEru4o3Rsbjmu6vHy4UKOXZD-Rn2zmkAmLRfPet6-Jz4Ojw8cbWxe1n42VaXQhD3CQUXXTooIy8OkVbUcL-w-- <- @csstools/postcss-hwb-function 1.0.2 (4.0.7 is available)
+ nodelite-2-YHs7BmmcsdAI5Ozuf8JZo6PT0mv2GIWC9vMfvUC3dp65M8hn7Ux8CPL-2oBI7juNuj9d0ndhTcznq2ODBps9cQ-- <- node-releases 2.0.54
+ nodelite-2-YhZzI7XlCGKIr9nhG7W4how1bYie-vLDRcJ25gZaoHtz2BpmmS1DU1N0FCgka9ztwC4-lC23gbMT2YL6fLZOwQ-- <- @udecode/plate-break 48.0.0
+ nodelite-2-YIfkD17GocxdmlUVc3ia52QhcWuRIUJonbF8A2CYfcWNV3HzvAqpcPeC0bYUhkK-8e8YO1ARnLKZQE0TlwzorA-- <- @aws-sdk/xml-builder 3.930.0 (3.972.2 is available)
+ nodelite-2-YiGkH6EnGrDGqLMITnGjXtGmNtjoXw9SVUzcaos8RBi7Ps0VBylkq-vOcY9QE5poLasPCR849ucFUkl0UzUyOw-- <- lcid 1.0.0 (3.1.1 is available)
+ nodelite-2-YiqaAuNsheWmUV0Sa8k94kBB0D6RWjwZztyO-trEYS8KzJ6OQB-4686gdrf59wld4hHFIvaxynO3nRxpk1Ij-A-- <- gl-vec2 1.3.0
+ nodelite-2-YJDaCJZEnBmcbw13fvdAM9AwNOJwOzrE4pqMqBq5nFiEqXUqHwlK4B-3pUw6JNvfSPtX05xFHtYy-1ni01eGCw-- <- fs-extra 7.0.1 (9.1.0 is available)
+ nodelite-2-YkEEKN4E2Y2cFpPEwcvAXTAiRGy-P-0mJKYp9aDP1-r42xZgeXTZCf6No1csWRGmh4YQc3kbYtTq-b4c3IRCYg-- <- lottie-react 2.4.2
+ nodelite-2-YKWi9YuCU04B55h25cnOYZHxXYtEvQEbKST5vqRga7hWY9ydd3FZHdeQF8pyh-acWZvppw13M-LMGx0LABUVMA-- <- @azure/core-paging 1.6.2
+ nodelite-2-Yljz7ffyPbrLpLngrMtZ7NduUgVvi6wG9RJ9IUcyCd59YQ911PBJphODUcbOVbqYfxe1wuYf-LJ8PauMRwsM-g-- <- isstream 0.1.2
+ nodelite-2-YmKkfhOAi3wsB1PhJq5Scj3GXMn3WvtQ-JC0xoopuHoXSdmtdStOpFrYaT1kie2YgFBcIe64ROzMYRjCrYOdYw-- <- @vitejs/plugin-react 5.2.0
+ nodelite-2-YmrFTFUdHXblYSa-Xc9OO9FsL-XFcckZy0ycQ6q7VSBsVs5P0uD9vcges5Q9vctGlVdu27w-Ct6IuJ458V0cTQ-- <- @rushstack/ts-command-line 5.1.5 (5.3.13 is available)
+ nodelite-2-YmWxl32SQRw-kIRccSOxzS-Ib8-b5-f9ex0r5PR40jRJg8X1wgM3KrR2In-8zvOGVhRSXgvyQpw9yOSlmfmSnA-- <- @smithy/querystring-parser 4.2.6 (4.2.8 is available)
+ nodelite-2-YNRgAJkH2Jky5ySkIqFXTQiaqcAtJyVE-D5lkN6CdtOqrnkLfGYYrEcKuHOJZlp-MwjSwuD3fZuawI-sic-RBw-- <- hast-util-to-parse5 7.1.0 (8.0.1 is available)
+ nodelite-2-Yp1RXz-2h2qC-Gy7d5mqQcpuCWbXiO6FgYw-jTbSvytZF9wD7fh7od-6WzWR-y9EAnXcJjQZpPkYVmj3T2bj-Q-- <- ws 5.2.7 (8.5.0 is available)
+ nodelite-2-YpgQiITW3JXGntzdUmyUR1V812Hn8T1YVXhCu-wO3OpS4eU9l4YdD3qjyiKdV6mvV29zapkMeD390UVEf2lkUg-- <- decimal.js 10.6.0
+ nodelite-2-YphLGCK8gM1tG1bd54azwyrQRjCFcmgj2S2GoJDNnh4vYtnL38JS8M4gpxzOPNyHdNEpheyWXCTnnTDY3N-NVQ-- <- micromark-util-decode-string 1.1.0 (2.0.1 is available)
+ nodelite-2-YpXaaArg0MvrnJpvduEDYIp7uGOqKXbH9NsHGQ6SxKCOsNAjZF018MmxefFUulVP2KLtiGw1UvZbr--ekjvlDg-- <- rollup 4.53.4
+ nodelite-2-Yqfm-XDx0-Prh3VSeEQCPU81yC-JWZ2pDPFSS4ZdpfZhp4MkFMaDC1UqseovEKwSUpnIL7-vK-Clp7bfh0iD7g-- <- @babel/plugin-syntax-import-meta 7.10.4
+ nodelite-2-YraROyQRg3BI1-Hg8E05B-JPdnTm8EDSVu4P2BxdM-CRiOyfmou809-chGIqo6fQqwjPGQ947nbGncSjmTU1WQ-- <- postcss-minify-gradients 7.0.5
+ nodelite-2-YrwaA0vEKazPBkn0ipTiMpSajYDSe-KjQfrjhcBMxJt-znbvlHd8Pw-Vamaz5EB4Wfhs3SUR3Z9mwRu-P3s3Yg-- <- camelcase-keys 6.2.2 (7.0.2 is available)
+ nodelite-2-Ys6NcjwGkuwkeaWBDqfI3xWuZ7rDiQXlH1o2zLfFzATfEgXcqpk8CkgMfbJD81McqjcJVez25a3kPxCR807evA-- <- rc-virtual-list 3.19.2
+ nodelite-2-Ysg4v6AmF26k9vpfFuTZg8HRfVWzsh1kVfowA23y9j-Gu6dOuahdUVhkLqpObp3JIv27MLSii6noRnuKN8H0Mg-- <- @babel/plugin-transform-unicode-escapes 7.27.1 (8.0.1 is available)
+ nodelite-2-YsGpe3WHLK8ZYi4tWDg2Jy3ebRz2rXowDxnld4bkQB00cc-1Zw9AWnC0i9ztDJitivtQvaI9KaLyKrc-hBW0yg-- <- fill-range 7.1.1
+ nodelite-2-YslZMgtJUyuMbZ-aKvfF3x1f5liK4mWNxghFRv7jqRR9C3R3fAOGTTKvxXDa2Y1s9zSbcpuO0cAxDYsc9SrXoQ-- <- @chevrotain/utils 11.0.3
+ nodelite-2-YTgrn-BrNh6rFIaoDnW6RWS80U4hOUdVocbhpbLsXmI-ikEjSIjrUsAWfJetF2aCX-5vfQ6axrzL6ZkWnQmYtg-- <- @udecode/plate-link 48.0.0
+ nodelite-2-YtOli5Cmzy3q4dP26GraSOeAhqecewG04hoO8DY56CH4KJ9Fvv5qKWUCCo3HZob7esJQHCv6--bnTy72xZZaVQ-- <- jsdoc-type-pratt-parser 4.0.0 (7.1.0 is available)
+ nodelite-2-YTywJG93yxwHLgrYLZjlC75moVEX04LZM4FHfihjHe1FCXm-QaLOFfSf535aXOAd0ArVQMWUAe8ZPm4VtWyXaA-- <- snakecase-keys 5.4.4
+ nodelite-2-YUHSPk-A30YPv-0Qf8i9Mbfe-C0hdPXk1s1jPVToV8pk8BQtpw10ct89Eo7OWkutrwqvT0eicAxlOg3dOAu8JA-- <- property-information 5.6.0 (7.2.0 is available)
+ nodelite-2-YUifsXXuknHlUsmlgyY0PKzgPOr7-FjCePfHNt0jxm83wHZi44VDMQ7-fGNkjY3-jV1MC-1CmZbaHzugyeRtpg-- <- css.escape 1.5.1
+ nodelite-2-YUSOLq9VeRNAo-CTaVmhGDKG-LBtA8KF1X4K5-ykMSwWST1vDxJRB2kv2COgLb1fvpCo-A-y9A0G0znNVmdx4w-- <- lint-staged 15.5.2
+ nodelite-2-YVGIj2kamLSTxw6NsZjoBxfSwsn0ycdesmc4p-Q21c5zPuZ1pl-NfxVdxPtdHvmNVOQ6XSYG4AUtyt-Fi7D16Q-- <- wrap-ansi 7.0.0 (9.0.2 is available)
+ nodelite-2-YvjJow9FxbhFFKDSuFnVCe2WxXk1zWc22fFePVNEaWJEu8IrZVlda6N0uHwzZrUM1il7NC9Mlp4MaJYbYd9JSg-- <- @babel/helper-validator-option 7.27.1 (8.0.0-beta.0 is available)
+ nodelite-2-Yw0ECSpJoViF1qTU4DC6NwtC4aWGt1EkzaQB8KPPyCRR8z9TWeV0HbEFGTO-ZY1wB22zmxnJqhPyTpOVCpeHTA-- <- micromark-util-types 2.0.2
+ nodelite-2-YWnfyRwxL--SsrWYfOpUtz5b3YD-nyfkHvjbcanzk8zgyO4ASD67uVMRt8k5bM4lLMDnXfriRhOpemw-NfT1eA-- <- is-plain-obj 2.1.0 (4.1.0 is available)
+ nodelite-2-Ywtl837OGO9pTLIN-onoWLmDQ4zFUycI1g76vuKGEz6evR-ZTJlJuz3G-fIkb6OVBJ2g0o6CGJzaEjfmEo3AHA-- <- @svgr/plugin-svgo 8.1.0
+ nodelite-2-YWWTjgABSKcvs-nWBi9PycY-JiPJqOD4JA6o9Sej2AtvSGarXxKC3OQSk4pAarbdQlKAh5D4FCQkJNkW-GAn3w-- <- qs 6.14.0
+ nodelite-2-YX6nYnd6fk7zbuvT6oSDMKiZjyngjHoy-fz-vL3Tez38d-G5iGdaDJa2yE7345G6sc4Mm1IGRUIwclvltddhmA-- <- rc-resize-observer 0.2.6 (1.4.3 is available)
+ nodelite-2-Yxn7z7SxgyGWRNa4wzf8AhYYWNrwl5q1Z8ii-CSTTIqVkmGZF1CElX2JI8g5yGoM3GAman9-PVCUFUSJ0kB-8Q-- <- micromark-extension-gfm-footnote 1.1.2 (2.1.0 is available)
+ nodelite-2-YXxSlJBZTP7RS3tWnQw74ooKa6L9b9i9QYXY21eUEvhZ3u9XLfv6OnFsQq6RxkhHygsaUMvYsZRV5rU-OVNZxw-- <- html-minifier-terser 6.1.0 (7.2.0 is available)
+ nodelite-2-YYTXSFulfwytnjAPlw8QHncHJmlvFKtczb8InXaAx9Q0LbfDnfEYDE55omerIJKihhmU61Ft-cAOSzQVaBUmeA-- <- autoprefixer 10.4.23
+ nodelite-2-YyUI6AEuY-Wpt8KWLgZHsIU86atmikuoOmCfommt0LYHiQSPjvX2AcFc38PX0CBpr2RCyZhjex-NS-LPOv6YqA-- <- d3-format 3.1.0 (3.1.2 is available)
+ nodelite-2-YZ3GUyn-o8gfKJlnlX7g7xq4gyO6OSuhGPKaaGssGB2qgDUS0gPgtTvoyZLTt9Ab6dC4hfc9dV5arkvc-OCmrw-- <- cookie 0.5.0 (1.1.1 is available)
+ nodelite-2-YZLjUbyIWox8E9i9C3Tm7ia-W7euPItNWSPX5sCcQTYbnwDb5uNpnLHQCG1f22oZWUhLw4Mv2tFmeWe68CDQRQ-- <- rc-resize-observer 1.4.3
+ nodelite-2-YZo3K82SD7Riyi0E1EQPojLz7kpepnSQI9IyPbHHg1XXXevb5dJI7tpyN2ADxGcQbHG7vcyRHk0cbwqcQriUtg-- <- safer-buffer 2.1.2
+ nodelite-2-Z-vlkSQVc1l8O2UjR3WQ-XdWlhj5q9BMQNLk2iOBch75CqPfrJyGtcWMcnhRlNuDu0Ndtt4kLVO8JI8BrABobg-- <- rc-util 4.21.1 (5.44.4 is available)
+ nodelite-2-Z0DbgELS9-L-75wZbro8xAnT50pBVFQZ-hUEueGDU5FN51YSCYM-jdxsfCiHjwNP-4LCDD0i-graKpeBnOXKRA-- <- utila 0.4.0
+ nodelite-2-Z3J8vhRq7CeLjdC58jLv4lnZ5RKFUJWqH5emvxmv9Hv3BD1T9R-Im713R4MTKwvFaV74ejZ3sM01LyEKk4ugNQ-- <- @babel/preset-react 7.28.5 (7.29.7 is available)
+ nodelite-2-Z6Uz-TYwEqE7ZN50gwn-1LCVo9ZVrpxRPOhOLnncYkY1ZzOYtrX8Fwf-rFktZ8R5mJms6EZf5TqNOMeZmnPq9Q-- <- value-or-promise 1.0.12
+ nodelite-2-Z7tMw1ytTXt5jqMcOP-OQteU1VuNK9Y02uuJtKQ1Sv69jXQKKg5cibLwGJow8yzZP-eAc18EmLGPal0bp36rvQ-- <- astral-regex 2.0.0
+ nodelite-2-Z86EW-fFFh-IFB1fqQ3--7Zpf9t2ebOAxNI-V6Wo7r5gqiqtxmgTlQ1qbqQcjLKYeSHPTsEmvlJUDg-EuL0uHQ-- <- ts-easing 0.2.0
+ nodelite-2-Z942RysHXmJrhqk88FmKBVq-v5tqmSkDz7p54G-MGyjMnCFFnC79XWNbg-Vta8W6Wb2qtSZTSxIGkJrRpCFEiA-- <- browserify-zlib 0.2.0
+ nodelite-2-ZB7wHqaRGVw-9hST-OuFUReG7M8vKeq0-J2egIGLdvjHCmYqGARhzXmtgi-gVeZ5uXFF219aOc3Ls2yLg27tkw-- <- jest-validate 29.7.0 (30.2.0 is available)
+ nodelite-2-Zba82s87IFq9A9XmjiX5uZA-ARWDrB03OHlq-Vw1fSdt0I-4-Kutwy8BP4Y-y-aORMo61FQ0vIb5j44vSo5Pkg-- <- tinypool 1.1.1
+ nodelite-2-ZbgR5aZEdf4UKZVBPYIgaglBmSF2Hi94s2PcIHhRGFjKYu-chjJdYfHn4rt3hB6eCKLJ8giVIIfgMa1ehDfZKA-- <- registry-url 3.1.0 (6.0.1 is available)
+ nodelite-2-ZBxxZ5sL2HghephhpGAQdoskxplTwr7ICaehZwLIlfL6acuVgZPm8yBNuRAFBGEqtD-hmUeq9eqLg2ys9Xr-yw-- <- p-filter 2.1.0 (4.1.0 is available)
+ nodelite-2-ZC5Bd0LgJXgwGqUknZY-vkUQ04r8NXnJZ3yYi4vDmSiZmC-pdSN0NbNRPxZpbtO4uAfDUAFffO8IZoM3Gj8IkA-- <- browserslist 4.28.1 (4.28.8 is available)
+ nodelite-2-ZClg6AaYvamvYEE82d3Iyd3vSSIjQ-odgjaTzRuO3s7toCdFKczob2i0zCh7JE8kWn17yvAWhUVxvqGwUalsRA-- <- json-stringify-safe 5.0.1
+ nodelite-2-ZCuZCnlqNzjb4QprAzXKdpp-gh6KTxSJuw3IBsPnV-7fV4NxC9ckB-vPTt8w7fJA0TaSD7c55BR47JD6MEDyDw-- <- get-tsconfig 4.7.5 (4.8.1 is available)
+ nodelite-2-ZDmNc53-dXdWEv7fqIUSgRQOLYoUom5Z40gmLgmATmYR9NbL6FJJHwakcCpzaeCy-1D0m0n7mT4jj2B-MQPl7A-- <- @changesets/parse 0.4.3
+ nodelite-2-ZDOBqV-qLYJI0YElr8DcENEyARsFQeESqWXH6gZlghYXuPPjvweuDhP4VyEi4BlUBlLRFZVjxoZDMjxhLW766g-- <- @babel/plugin-transform-parameters 7.29.7 (8.0.1 is available)
+ nodelite-2-ZDY-bPm5zTTF-YpCrAU9nK0UgICYPT0QtT1NZWFv4s--TNkcgVaT0g6-4R2uI4MjQjzysHB1zxuWL50hzaeXiw-- <- mime-types 2.1.35 (3.0.2 is available)
+ nodelite-2-ZepiE-6fmozYdWf-9gVp7k56PKHB1YYoDsKeQA1CBlJ-POIhjkcYiv0AGP0w2Jhzftd3AVvZP-K-V-Lpi2ankA-- <- rc-tabs 15.7.0
+ nodelite-2-ZEZWTK5n6Qde0to4vS9Mr5x-0UZoqCxPVR9KRUjU4kA2sO7GEUn1fop0DAwpO6z0Nw-kJON9bDmSxdWxO-TT1A-- <- @rollup/plugin-commonjs 25.0.8 (29.0.0 is available)
+ nodelite-2-Zf5H2Kxt2xjTvbJvP2ZWLEICxA6j-hAmMzIlypy4xcBg1vKVnx89Wy0GbS-kf5cwCVFFzdCFh2XSCFNULS6csw-- <- es-errors 1.3.0
+ nodelite-2-ZFKZkNaEqAP86IghX1X7sE8NNnx6kFNq9mSBRvEHjArutTCJZ3LYg6VH151lXVb1JHpmIcW-7rX25oMoIHuSug-- <- micromark-extension-directive 2.2.1 (4.0.0 is available)
+ nodelite-2-ZgO4C7Rd6Hv-5MnyY2KxOYmIlzk4rplVolDt3NbkNR8DndnyX0Q5IR4acJWNTBICQ21j3zySzKbcJaiJpk-4YA-- <- lightningcss-linux-x64-musl 1.22.1 (1.31.1 is available)
+ nodelite-2-ZgrlzuUAjXIOc2JueK0X5sZDjCtgimVp-O5CEqTcs5ShWBa6smhWYbS0x5cVc--rycTDbjjzoP0KTDnUneZGOg-- <- @csstools/postcss-font-format-keywords 1.0.1 (4.0.0 is available)
+ nodelite-2-ZHG9a1gEhUMX1TvGrLdyWb9kDopCBbTnI8z4JgRMYxsijWipgjSEYoPWqBuIB0DnRnvqlQSEeVmzpeuPm7NdFQ-- <- git-hooks-list 3.2.0 (4.2.1 is available)
+ nodelite-2-ZhMwEosbFJkA0YhFnNDgTM4ZxDRsS6HqTo7qsZM08fehyRYIYa0yHu5R6mgo1n-8MgaPBXiPimPD77baVFYg-A-- <- is-what 4.1.16 (5.5.0 is available)
+ nodelite-2-ZHzx7Z3rdlWL1mECydvpryWN-ETXJiCxdgQKTAH-djzIPe77HdnSizKBDi1TVDXZjXyOj2IqEG-vPw71ULF06w-- <- @mongodb-js/saslprep 1.4.0 (1.5.0 is available)
+ nodelite-2-Zk-eNKV2zbjpKzrsQ-n1G6poVbErQxJ0LBOJXaKZ1EViLzH-hrLu9cdXI4zw9dBQJslwBEpbQ2P1oS7nDxs6jQ-- <- exit 0.1.2
+ nodelite-2-ZKhYLdMgurcHoPY7dvVmTc63eDFNymOT-JsuqwCrQJMTQV3kqKHO24XMvQ-Vg9zdxB43xlBhFbdExVb5sN-TzA-- <- @puppeteer/replay 1.3.2
+ nodelite-2-ZKwONzH4HzHcAZ2VR49PCGTutxcFVVGNPzXUtQ763CCLT-yYcGsIYP-PB49NhvTGUgE-ko1JnchqdUtzjNPE7A-- <- @antv/layout-wasm 1.4.2
+ nodelite-2-Zlzem1ZXhI1iHeeERabLNzBHdOa4VhQbqAcOQaMKuTuyZCpwKbC2R4Dd0Zo3g9EAc-Y4fiarO8HIHRAth7-skw-- <- @iconify/utils 3.1.0
+ nodelite-2-ZMaSKu4THYCU6sV64Lhg6qjf1orxBthaC161plr5KuPHo3CNm8DTHiLw-5Eq2b6TsNP0W0iJrUOFscY6Q450Hw-- <- @types/d3-delaunay 6.0.4
+ nodelite-2-ZMERYes6pDydyuGidse7OsHxtbI7WVeUEozgR-g7rd0xUimYNlvZRE-K2MgZTjWy725IfelLeVcEM97mmtRGXw-- <- is-binary-path 2.1.0
+ nodelite-2-ZMkYO-LkF17QvCPqM0gxw8yUzigAOZOSWSHg91FH6orS7vcEj5dVZTidN2fQ14yBSdg97RqhSNwLUXInd52OTA-- <- console-browserify 1.2.0
+ nodelite-2-ZMp1V8ZFcPG5dIWnQLr3NSI1MiCU7UETdS-A0G8V-XWHvJv3ZsFqutJn1Y5RPmAPX6F3BiE397OqveU-9NCuIA-- <- @jridgewell/source-map 0.3.11
+ nodelite-2-ZMq4gd9ngV5aTMa5p9-UfY0b3skwhHELaDkhEHetMdX0LRkW9kzaym4oo-Eh-Ghm0CCDuMTsRIGM-ytUc1ZYmw-- <- bare-url 2.3.2 (2.5.4 is available)
+ nodelite-2-ZN-4sdnLUbo8EVvVc2ao0GFW6oVrQRPn4K2lglySj7APvSrgzxHiNNK99us4WDMi57xxA2yggblIAMNhXOotLQ-- <- @types/jest 29.5.14 (30.0.0 is available)
+ nodelite-2-ZNjkJ33CqvPNec-6lZBnHqLc3EVGPZ9ySLhYahU9TcuRFdmwXewuj0c4hwSWcGHqEUwcSrKeZ-oGcvPBqXcQcg-- <- @tanstack/query-core 5.102.8
+ nodelite-2-ZnQMnLV4e7hDlUvw8H-U8ASL02SS2Gn6-9Ac3wGGLIe7-je2AeAOxPY-izIPJDfFDb7eDjev0Us8MO1iFRN8hA-- <- @humanwhocodes/object-schema 1.2.1 (2.0.3 is available)
+ nodelite-2-ZnScIV3ag9A4wPX-ZayxL-jZH-euYb6FcUinPcgiQW0-UBtEv0O6Q3lGd3cqJ-GHH-rksEv3Pj99oxJ3u3VIKA-- <- raw-loader 4.0.2
+ nodelite-2-ZohdsbXadjGBSK0-r-d87X0SBmKzOq4-S5nzK6SBgJspFo9-CUDJ7hjayuze-JK7CZQLDMroqytp7pOcFKTxZA-- <- @typescript-eslint/parser 4.33.0 (8.8.0 is available)
+ nodelite-2-ZOQSsnce92GrxSqlnEEseX0gi7GH9zTJZ0p9dtu87WRb-37mMPO2Ilx1s-t9vBHrFhbgweUwb-t7cIn5dxPhZg-- <- unist-util-is 4.1.0 (6.0.1 is available)
+ nodelite-2-ZPMl0ZJbw74iS9LuX9YIAiW8pfM5p3yh2o-NbXHbkFuZzY5jvdi5jFycEOkmBW5H5I7nA-D6f3UcsCLP2vvSEA-- <- conventional-commits-parser 5.0.0 (6.2.1 is available)
+ nodelite-2-ZqaKwjjrAYUYfLG-htGaIIZ4nioX2L70ZUMIFysS3xvBsSG4x-n1V6TXV3N8ZYNuFGlDirFg32T7B6WOUPDYcQ-- <- history 5.3.0
+ nodelite-2-ZQBvi1DcpJ4GDqanjucZ2Hj3wEO5pZDS89BWbkcrvdxksJorwUDDZamX9ldFkp9aw2lmBDLgkObEA4DWNJ9FYQ-- <- core-util-is 1.0.3
+ nodelite-2-ZQmfzsLE2-Y91GF15c65L-slMRVhF6Hycq04D4TwtdGaUAbIXXg9c5pKA5KFU7M4QMaihoobp9JJYpYcaY3zOw-- <- @rushstack/rig-package 0.6.0 (0.7.3 is available)
+ nodelite-2-ZqRXc-tZukToSNmh5C2iWMSoV3X1YUcPbqEM4DkEG5tNQXrQUZCNVGGv3IuicnkMtPfGf3Xtp8WCXs295iQ1pQ-- <- connect 3.7.0
+ nodelite-2-ZS4Bp4r-Zoeq6-NLJpP-0Zzm0pR8whtGPf1XExKLJBAczGMnSi3It14OiNCStjQjM6NU1okjQGSxgEZN8eBYKg-- <- memory-pager 1.5.0
+ nodelite-2-ZsS00x6WvmHq3sQv8oCMwL0f-z3wbXCVuSVTJwCnnmbC-iBdNJGFx1EcbMG4PC6sXRyH69liM4A2WKXzn-kRPg-- <- @changesets/get-dependents-graph 2.1.4
+ nodelite-2-ZssAvH9FjGYlJ-PBVKdSmfyPc3Cz4rTWgZLI4iE-SX8Nt5l3o3oEjv3wwG5VD7xOjktzdwp5coac-kJV9l4jgg-- <- remark-footnotes 3.0.0
+ nodelite-2-Zt1yodBx1UcyiePMSkWnU4hPqhwq7hGi2nFL1LeA3EUl-q2LQx16MISgJ0-z7dnmgvP9QtIleuETGOiOH1RcIw-- <- @babel/code-frame 7.12.11 (8.0.0-beta.0 is available)
+ nodelite-2-ZT55BDLV0yv0RBm2czMiZ-SqCGO7AvmOM3G-w2xhVPH-te0aKgFjmBvGlL1dH-ql2tgGO3MVrbb3jCKyvpgnxA-- <- @isaacs/brace-expansion 5.0.0
+ nodelite-2-ZTgYYLMOXY9qKU-57FAo8F-HA2dGX7bqGc71txDRC1rS4frdFI5R7NhluHxH6M0YItAP0sHB4uqAOcYKxO6uGA-- <- body-parser 1.20.4 (2.2.2 is available)
+ nodelite-2-ZTTX0MWrsQ2ZAhA1cejAwDLycFsd7I7nVtnkT3Ol0aqodaKW-0CTZDQ1uBv5whptCnc8e8HeRRJxRs0kmm-Qfw-- <- http-errors 1.7.3 (2.0.1 is available)
+ nodelite-2-ZTzuqw5Df8fyLXQWrX6hK-4FpNCdKzMcERlxENEGO5aKcLmG7MAszhrMhluUKNKmOS-JAGijDMQDXDCDw1mE-A-- <- git-branch 1.0.0
+ nodelite-2-ZUKRh6-kUFoAiTAtTYPZJ3hw9wNxx-BIBOijnlG9PnrJsCcSjs1wyyD6vJpaYtgnzDrKYRSqf3OO6Rfa93xsRg-- <- gopd 1.2.0
+ nodelite-2-ZuWOtMaHCkN9xoeEMr1ubW2nGWsp4nIql-OPQRstu4ypeZ-zk3YKqQT0CXVe-PYqrKpZAi-J9mTs05TKwjXSRA-- <- @types/d3-polygon 3.0.2
+ nodelite-2-ZUxbzKl0IfJILTS6t7ip5fQQM-J3TJYubDm3nMbgubNNYS62eXeUpoLUC8-7fJNiFYHTrGPQn7hspDUzIHX3UA-- <- @types/glob 7.2.0 (8.1.0 is available)
+ nodelite-2-ZUyT--2JAehfHzjWowqROcwYJKnZkIUGWaTE-VogVrepSl7AFNbQf4-zGfX4zl9Vrj-Jm8scLO0R6UlPDKK4wA-- <- rc-upload 4.11.0
+ nodelite-2-ZUz-69-SYpFN-g-lUlo2FXcIjRkSu3nDarreVdGGndHEBJ6cXPdKguS8JGxwj5HA5xIbVKSmLgr5b3AWxtRfvQ-- <- roughjs 4.6.6
+ nodelite-2-ZvLdcY8P-N8mGQJahJV5G4U88CSvT1rP8ApL6uETe88MBXrBHAkZlSEySdUlyztF7ccb-Znos3TFqaepHxdhBg-- <- fast-content-type-parse 3.0.0
+ nodelite-2-ZVWUcfwY4E-yPitQJl481FjFo3K22D6qF0DuFH6Y-nbnE11GY5uguDxZMGXPQ8WQ0128MXQD7TnfHyK4oWoIJQ-- <- @napi-rs/wasm-runtime 0.2.12 (1.1.1 is available)
+ nodelite-2-ZwEDymm204mTzvdqyUqOdovVr2YRd2NYskrYrF2LXyZ9qDiMAoFESGK8CRphiO7rtbo2Y757k2Nia3x2hGtalA-- <- socks-proxy-agent 3.0.1 (8.0.5 is available)
+ nodelite-2-ZX99e6tRweoUXqR-VBrslhda51Nh5MTQwou5tnUDgbtyM0dBgmhEDtWGP-xbKn6hqfPRHujUNwz5fy-wbbhnpw-- <- side-channel 1.1.0 (1.1.1 is available)
+ nodelite-2-ZXeh8UmH31JdcNsrQ1o9v1IVuva9JFwxIc6zTMxWX7wcmWvVR7Ai9aUEw5LraNKqdkAsb06clpM2sRH4Iy55Sg-- <- @smithy/md5-js 4.2.6 (4.2.8 is available)
+ nodelite-2-ZXRY4jNvVgSVQ8DL3LTcakaAtXwTVUxE81hslsyD2AtoXW-wVob10HkOJ1X-pAlcI7D-2YoZKg5do8G-w6RYgA-- <- @istanbuljs/schema 0.1.3 (0.1.6 is available)
+ nodelite-2-ZXSSqTFIrzduD63btIfEyOmNcBmQvgOVsPNPe0jYtESiXkhd8u2erDLnMxmGrDCwHCCHE7hxwRDCT3pt0esT4g-- <- @vitest/runner 2.1.9 (4.0.7 is available)
+ nodelite-2-ZXUSQYTHdl3uS7IuCehYfMzKyIDBNoAuUblvy5oGO5UJSUTmStUUVPXbA9Qxd173Bgre53yCQczQuHgRWAdvJQ-- <- retry 0.10.1 (0.13.1 is available)
+ nodelite-2-ZYeSaCF3p73RdOKcjj-swRlZfnYpK1EbaDiYICEEp5Q6sUiqFaFQ9qgoshp5CzIyyb-yD09kD9o2zEltCexlgw-- <- @types/d3-force 3.0.10
+ nodelite-2-ZYP5VBHshaDAiVZxjbRVcFJpc-4xGgT0bK3vzy1HLN8jTO975HEbuYzZJcHoQEY5K1a0z8YayJkyVETa08eNTg-- <- data-urls 5.0.0 (7.0.0 is available)
+ nodelite-2-ZySD7Nf91aLB0RxL4KGrKHBXl7Eds1DAmEdcoVawXnLD7SDhpNgtuII2aAkg7a7QS41jxPSZ17p4VdGnMHk3MQ-- <- delayed-stream 1.0.0
+ nodelite-2-ZYvPPOMqUwPoDsbJaR10iQJYnMuZhRTvHYl62ErLIEX7RgFlziSBUUvrt3OVfc47QlHHpzPZYP17g3Fv7oeJkg-- <- long 3.2.0 (5.3.2 is available)
+ nodelite-2-Zz-aZWSj8LE6zoxD-xrjh4VfkIG8Ya6LvYkZqtUQGJPZjYl53ypCaUwWqo7eI0x66KBGeRo-mlBEkMSeSZ38Nw-- <- undici-types 7.16.0 (8.3.0 is available)
+ nodelite-2-ZZKSmDAEFOijERBLkmYfJ-vmk3w-7hOLYDNkRCuRuMJGEmqYNCNLyBBFwWKVMhfwaEF3WOd0Zlw86U-WC--nYw-- <- verror 1.10.0 (1.10.1 is available)
+ nodelite-2-ZZow9HBI5O6EPgSJLUb8n2NKgmVWTwCvHGwFuJlMjvLFqlGG6pjirPhtdsseaLZjSibD8eegzmYpUZwoIlj2cQ-- <- jsx-ast-utils 3.3.5

Done in 2.9s
