Progress: resolved 1, reused 0, downloaded 0, added 0
Packages: +250
++++++++++++++++++++++++++++++++++++++++++++++++++++++++++++++++++++++++++++++++
Progress: resolved 250, reused 0, downloaded 249, added 249
Progress: resolved 250, reused 0, downloaded 250, added 250, done

dependencies:
+ nodelite-2-52CcUVNFyfb1A2ALocQw-Dd1BQFNmSdkuC3BkZ6iqhdMfQz7JWOFRuJFloOzjk-6WijU56m9oKXFAXc7o3Towg-- <- @types/estree-jsx 1.0.5
+ nodelite-2-55--Ku-fd1HY3TVKep-4GqgiR65p09-Xfgebknx8mqy18lTohO-8VFn7AusoZGOVypfRv3yVuYktCvINBBrkKw-- <- @aws-sdk/client-lambda 3.975.0
+ nodelite-2-55JNKuIW-vq4Ke1BjOTjM2YctQIvCT7GFzHwmfZPGo5wnrgkid0YQtnAleFSqumZm4az3n2BS-erby5ipJdgrg-- <- has-property-descriptors 1.0.2
+ nodelite-2-57frrGM-OCTLqLOAh0mhVA9VBMHd-9U7Zb2THMGdBUoZVOtGbJzjxsYGDJ3A9AYYCP4hn6y1TVbaOfzWtm5GFg-- <- real-require 0.2.0
+ nodelite-2-59LZHPdGZVh695Ud9lRzPBVTtlX9ZCV150Er2W43ro37wVof0ctenSaskPPjN7lVTIN8mSZt8PHUNKZuNQUuxw-- <- graphql 16.8.1
+ nodelite-2-5bl2LG1Ah-7E5cMSC-q-h3IpVHMeOkG0yLRyQT1p2aMJkSrZG7RlXHPuAgb7EyaFeidKEnnd-fNaLLaKlHGzDQ-- <- @smithy/middleware-content-length 2.2.0 (4.2.8 is available)
+ nodelite-2-5bZ-3CjhAd9eChYTHsjy6TGxpOFSKgKKJPJxr293jTbfry2KDoWkhBb6TcPVB4NmzaPhMs1Frm9AZH7OD4Cjzw-- <- micromark-factory-title 2.0.1
+ nodelite-2-5C1sg4USs1lfG0GFb2RLXsdpXqBSEhAaA-0kPL01wxzpMqLILNxIxIOKiILz-cdg-pLnOUxFYOR5yhHU666wbw-- <- tsx 4.21.0
+ nodelite-2-5cfhQNH-1VQ2xLQlmzXMqUoiaH0lRBq9-CLW9lTyMbuKLC3-xEK01tHVvyut--mLOn5urSHmkm6I0Lg9MaJSTQ-- <- @clack/core 0.3.5 (1.0.0 is available)
+ nodelite-2-5cvg6CtKwfgdmVqY1WIiXKc3Q1bkRqGLi-2W-6ao-6Y7gu-RCwRuAhGEzh5B4KlszSuTLgZYuqFqo5bImjNKng-- <- accepts 2.0.0
+ nodelite-2-5DyQ4-1JEUzejeK1JGICcideyfUbGixgS9jNgex5nqkW-cY7WZhxBigmieN5Qnw9ZosSNVC9KQKyb-GUaGyKUA-- <- @humanfs/core 0.19.1 (0.19.2 is available)
+ nodelite-2-5EdhGZtnu3V88ces7s53hhfK5KSASnJZv8Lulpc04cWO3REESroJXg73DFsOmgbU2BhwV0E20bu2IDZb3VKW4Q-- <- @rollup/pluginutils 5.3.0 (5.4.0 is available)
+ nodelite-2-5GS12FdOZNliM5mAOxFRg7Ir0pWz8MdpYm6AY6VPkGpbA7ZzmbzNcBJQ0GPvvyWgcY7QAhCgf9Uy89I03faLkg-- <- std-env 3.10.0
+ nodelite-2-5gTmgEY-sqK6gFXLIsQNH19lWb4ebPDLA4SdLP7dsWkIXHWlG66oPuVvXSGFPppYZz8ZDZq0dYYrbHfBCVUb1Q-- <- picomatch 4.0.3 (4.0.7 is available)
+ nodelite-2-5Hh7Y1wQbvY5ooGgPbDaL5iYLAPzMTUrjMulskHLH6wnv-A-1q5rgEaiuqEjB-oxGXIVZs1FF-R-KPN3ZSQYYg-- <- internmap 2.0.3
+ nodelite-2-5hRcqDclY6MTkHXJBc5q79z5luG-IJRlGR01wluMVMM9lYogYc2sfclXTVU5Edp0Ja4viIOCDI1lXhFRlsNTKA-- <- @types/find-node-modules 2.1.2
+ nodelite-2-5IKcdX0nnYavi6G7TtOhwkYzyjfJlatbjMjuLSfE2kYT5pMDOilZ4OvMhi637CcDICTmz3wARPoyhqyX1Y-XvA-- <- consola 3.4.2
+ nodelite-2-5kaZCrbp5mmbz5ulBkDkbY0SsPOjKqVS35VpL9ulMPfSl0J0Xsm-9Evphv9CoIZFwre7aJoa94AY6seMKGVN5Q-- <- unicode-match-property-ecmascript 2.0.0
+ nodelite-2-5KoIu2Ngpyek75jXodFvnafB6DJgr3u8uuK0LEZJjrU19DrMD3EVERaR8sjz8CCGgpZvxPl9SuE1GMVPFHx1mw-- <- is-negative-zero 2.0.3
+ nodelite-2-5l4VyZR86LZ-lDxZTR6jqL8AFE2S0IFLMP26AbjsLVADxHdhB-c0GUsH-y39UfCi3dzz8OlQuPmnaJOMoDHQBA-- <- run-parallel 1.2.0
+ nodelite-2-5lsx1NUDHtSjfg0eHlmYvZKv8-nVqX4ckFbM-FrGcQ-04KWcWFo9P5MxPZYSzUvyzmdTbI7Eix8Q4IbELDqzKg-- <- global-prefix 1.0.2 (3.0.0 is available)
+ nodelite-2-5m3bsyrjFWE1xf7nz7YXdN4udnVtXK6-Yfgn5qnahL6bCkf2yKt4k3nuTKAtT4r3IG8JNR2ncsIMdZuAzJjHQQ-- <- node-addon-api 7.1.1 (8.5.0 is available)
+ nodelite-2-5POEcUuZybH7IdmGsD8wlf0AI55wMecM9rVBTI-qEAy2c1kTOm3DjFYjrBdI2K3BaJjJYfYFeRtM0t9ssnRuxw-- <- es-module-lexer 2.0.0 (2.3.2 is available)
+ nodelite-2-5Q2mfq2WfGuFp3uS--0s6baOJLMoVduPYVeNmDYxu5OUA1-cBfvr2RIS7vi62LdNj-urk1hfmj867I3qt6uZ7Q-- <- b4a 1.7.3 (1.8.1 is available)
+ nodelite-2-5Qcll1z7IKgHr5g485ePDdHcNQY0k2dtv-bjYy0iuyGxQw2qSOiiXUXJ-AYQpg3HNoUMHqAruX478Jeev7UULw-- <- glob 12.0.0
+ nodelite-2-5qucVt2XcuGMcEGgWI7i-yZpmpByQ8J1lHhcL7PwqCwu9FPP3VUXzT4ltHe5i2z9dePwEHcDVOAfSnHsOlCXRA-- <- error-stack-parser-es 1.0.5
+ nodelite-2-5rh-JR4JBC4pGkXLAcYdLHZjXudVxWMXbB6u6-E9lRL5TrGVbHt1TjxGbZ8CkmYw9zjkB7jutzOROArsqtncEA-- <- @babel/plugin-transform-object-rest-spread 7.28.6 (8.0.1 is available)
+ nodelite-2-5suVoXjC14lUN6ZL9OLKIHCNVWCrqGqlmEp-ixdXjvgnEl-kauLvvMO-Xw9NyMc95Joj1AeLVPVMvibBgSoFlA-- <- @babel/plugin-transform-duplicate-named-capturing-groups-regex 7.28.6 (8.0.1 is available)
+ nodelite-2-5UxZqiAgLYGFjS4s9qm5mBVo433u-dSPUFWVWXmLAD4wB65oMCoXaJP1KJa9DIYYMeHu3z4BZcStG3LC593cWA-- <- @opentelemetry/resources 1.30.1 (2.2.0 is available)
+ nodelite-2-5XHYaSyiqADb4RnZ1Bdad6cPp8Toise4TzEjcOYDHZkTCbKgiUl7WTUCpNWHuxmDt91wnsZBc9xinNzopv3JMQ-- <- is-fullwidth-code-point 5.1.0
+ nodelite-2-60vepv88RwcJtSHrD6MjIL6Ta3SOYbgfnkHb-ppAVK-o9mXprRtulx7VlRl3lN3bbvysAfCS7WMVfhUYemB0IQ-- <- @apidevtools/json-schema-ref-parser 11.9.3
+ nodelite-2-61bxqhiRfAACulXSLd-GxqmAedUSrRZIu-cbaT18T1CetkTmtDN15it7i80ru4DVqRK1WMxQhXs-Lf9kajm5Ow-- <- @babel/plugin-transform-react-jsx 7.28.6 (7.29.7 is available)
+ nodelite-2-65P7iz6X5yEr1cwcgvQxbbIw7Uk3gOy5dIdtZ4rDveLqhrdJP-Li-Hx6tyK0NEb-2GCyneCMJiGqrADCSNk8sQ-- <- to-regex-range 5.0.1
+ nodelite-2-67oXFAYr2cDLDVGLXTEABjdBJZ6drElUSI7WKp70NrpyISso3plG9SAGEF6y7zbha-wOzUByWWTJvEDVNIUGcA-- <- @babel/helper-module-transforms 7.28.6 (8.0.1 is available)
+ nodelite-2-6A4vdGj7qKNRF16UIcO8HhHjKW27thsxYci-5r-uVRkdcBEkOEiY8OMPuydLX4QHSrJqGHPJzPRwwVTqbLZJhg-- <- @smithy/signature-v4 5.3.8
+ nodelite-2-6boXK0KkzT5u5xOgF6TKB-CLq9SOpEGmkZw0g5n9-7yg85wab3UzSxB8TxhLJ31L4SGJ6BCFRw-iftTha1CJXA-- <- @csstools/css-syntax-patches-for-csstree 1.0.26 (1.1.12 is available)
+ nodelite-2-6CC9uyBL--48dYizRf7H7VAYCMCNTBeM78x-VTUe9bFEaxBepPJDa1Ow99LqI-1yF7kuy7Q3cQsYMrcjGUcskA-- <- string.prototype.matchall 4.0.12 (4.1.0 is available)
+ nodelite-2-6e0cvXwzOnVWJHq-mskP8DNSrKBr1bULBvnFLpc1KY-d-irZSgZ02TGse5FsafKS5jg2e4pbvK6TPXaF-A6-CA-- <- @esbuild/linux-x64 0.25.4 (0.28.2 is available)
+ nodelite-2-6EIvbE5cNER8sqBu6V7-KeMZIC1664d2Yjt-B9EWUXrsyWpxx4lEZrmvxgSKRC6gX-efDL-UY9OpPZ267io3mg-- <- @typescript-eslint/scope-manager 8.26.1
+ nodelite-2-6eZs5Ls3WtCisHWp9S2GUy8dqkpGi4BVSz3GaqiE6ezub0512ESztXUwUB6C6IKbQkY2Pnb-mD4WYojCRwcwLA-- <- normalize-path 3.0.0
+ nodelite-2-6FlzubTLZG3J2a-NVCAleEhjzq5oxgHyaCU9yYXvcLsvoVaHJq-s5xXI6-XXP6tz7R9xAOtHnSO-tXtF3WRTlA-- <- ms 2.1.3
+ nodelite-2-6fPc-R4ihwqP6N-aIv2f1gMH8lOVtWQHoqC4yK6oSDVVocumAsfCqjkXnqiYMhmMwS-mEHLp7Vehlt3ql6lEig-- <- strip-json-comments 3.1.1 (5.0.3 is available)
+ nodelite-2-6FtHJEvt-pVMIB9IBY-IcCJ6Z5f1iQnytgyfKMhDKgmzYG-TeH-wx1y3l27rshSbLiSanrR9ffZDrEsmjlQF2g-- <- scule 1.3.0
+ nodelite-2-6g7jpbefjHYs821Z-EBJ8r4Z7LT5h80YSWRJaylGS4nW5W5Z2KXzpdnyFarv37O7QjauzVC2E-PABmpkw5-JGA-- <- @sentry/core 8.55.0
+ nodelite-2-6i9mGWSlqzNMEqpCp93KwRS1uUOodk2OJ6b-sq7ZPDSy2WuI5NFIxp-254TytR8ftefexkWn5xNiHUNpPOfSew-- <- is-weakref 1.1.1
+ nodelite-2-6iBczoX-kDQ7a3-YJBnh3T-KZRxM-iYNPXicqk66-Qfm1b93iu-yOImkg0zHbj5LNOcNv1TEADiZ0xa34B4q6Q-- <- which-builtin-type 1.2.1
+ nodelite-2-6IpQ7mKUxRcZNLIObR0hz7lxsapSSIYNZJwXPGeF0mTVqGKFIXj1DQcMoT22S3ROcLyY-rz0PWaWZ9ayWmad9g-- <- optionator 0.9.4
+ nodelite-2-6JHsl1V-a1ZW8D8AFfd4R52fwZPnZ5H4U6DS8m-bWT8qad72NvbOFAC7U2cDtFs2TShqUO3TEiX-EJibtY3ijg-- <- @aws-sdk/util-endpoints 3.972.0
+ nodelite-2-6jQTc5z0KJFtr1UgFpIL3N9XSC3saRaI9PwWtzM2pSqkNGtiNkYY2OSwkOGDK2XcTRcLb1pi-aNkKZz0nxVH4Q-- <- immer 11.1.3
+ nodelite-2-6jvvn-12IC4quLBL1KNokxC7wWTvYncaVUYSoxWw7YykPLuRrnv4qdHcSOywOI5RpkOVGeQRtWM8-q-G6W6qfQ-- <- findup-sync 4.0.0 (5.0.0 is available)
+ nodelite-2-6kK3SUK5Uu56zPq-Las620n5aS9xJq-jMBcNSOmjhNf-MUvdyji4vrMTqD7ptY7-4-CAVEAYDeotUz60LNQHtw-- <- @libsql/isomorphic-fetch 0.3.1
+ nodelite-2-6KS8T24LkEp2QZ-529SKVHQTgvCDUWXE8NtrILUBxZ9e3BiprjC9JSEdMqgh82BUD8s8yv4nnoa4Faiz7lRFpw-- <- @aws-sdk/client-sqs 3.975.0
+ nodelite-2-6LRT0-r6NWQ-RtllrUW2yQfodST0cJnkOmdpHA75vONgBUhpKwiJ4H7AmgfoTET8w29pU6AnntaGOe0LJbOmog-- <- @sentry/types 8.55.0
+ nodelite-2-6lswVVSztmHiRtD6I8hw4qP-nDm1EJbKMRhf3HCYaqud7frGysPv7FYJ5noZQdhQtN2xJnimfMtvQq21pdbzyQ-- <- pg-cloudflare 1.3.0
+ nodelite-2-6oXyTOzbKxGH4steLbLNOu71Oj-C8Lg34n6CqRvqfS2O71BxY6ByfMDRhBytzknj9yGUPVJ1qIKhRlAwO1AovA-- <- @webassemblyjs/floating-point-hex-parser 1.13.2
+ nodelite-2-6pEjquH3rqaI6cYAXYPcz9MS4rY6R4ngRgrgfDshRptUZIc3lw0MCIJIGDj9--mfySOuPTHB4nrSW99BCvOPIA-- <- hermes-parser 0.25.1 (0.32.0 is available)
+ nodelite-2-6penXeZalaV88MM3cGkFZZfOoLGWshWWfdy0tWw-RlVVyhvMaWSBTOvXNeiW3e5FwdS5ePW0LGEu17zT139ktg-- <- es-toolkit 1.44.0
+ nodelite-2-6pNbSMW6OhAi9j-N8V-U715yBQsaWJ7eyEUaOrawX-isg5ZxhUlV1NipNtgaKHmFGiABwt-ZF04Ii-3Xjkg-8w-- <- safe-identifier 0.4.2
+ nodelite-2-6Q7lr06bEHdlfplU6YRbgG1SFBdlsfNC4-lX-SkhiTs0cpJkOElmWls8PxDFv4yY-xKb8Y6SO0OmSX4wgqTZbA-- <- @types/node 22.15.30 (26.4.1 is available)
+ nodelite-2-6qN4hJdMwfYBtE3YBTTHhoeuUrDBPZmbQaxWAqSALV-MeEnR5z1xd8UKud2RAkFoPkmB-hli1TZSnyi84xz1vQ-- <- whatwg-encoding 3.1.1
+ nodelite-2-6s5V71mX8qBUmlgbrfL33xDUwO0fq48rxAu2LBE11WBeGdpCPOsXksQbZJHvHwhrd3QjUusd3mAOM5Gg0mFBLg-- <- ts-pattern 5.9.0
+ nodelite-2-6UyXfjVaTBTJtKNG4-9Z8PSpKE6XgSyEb8iwaqDcy-uKrd-DGYHTWkUdnQDyzm727V7p21WUMhsqz5oy65kPcQ-- <- @redis/json 1.0.7 (5.10.0 is available)
+ nodelite-2-6UzkCs-ejGdZ5mFFC-OCUrv028ab2fp1znZmCZjAOBKiBK2jXD1O-BPSfX8X2qjJ75fZBMSnQn3Rq2mrBJK2mw-- <- @babel/plugin-transform-react-jsx-self 7.27.1 (7.29.7 is available)
+ nodelite-2-6xN0KNO8L-LIA5zu3CJwHkJiB6n65eykBLOb0E-RooiHYgX8CSao6lvQiKT9TBk2gL5g33LL3fmhDodZnt56rw-- <- @google-cloud/storage 7.17.2 (7.18.0 is available)
+ nodelite-2-7--dFhtcx3353uBaq8DDR4NuxBetBzC7ZQOhmTQInHEd6bSrXdiEyzCvG07Z44UYdLShWUyXt5M-yhz8ekcb1A-- <- shebang-regex 3.0.0
+ nodelite-2-7-KSrd8P3EiR78uqo2bqrVhgdVEkslKNDGJZNaPv2pSBb1YyaaduJtcWpoF0Kz2-x3y6-ngPTj5dO3KpKcAiYQ-- <- eslint-plugin-react-web-api 1.31.0 (2.7.2 is available)
+ nodelite-2-70vBT-Ylqpm65RQz2iCG2o0JJCEG-WCNyefTr2xcOcr1CoSee60gNQYUMZZ7YukoKkFLv26I-jjlsvwwp532oQ-- <- @axe-core/playwright 4.11.0
+ nodelite-2-727YkEAPwSIQTv5im8QHz3upqp92JTWhidIC81Tdx4VJYIte-VndKf1qKrfnnhPLiPghStWfvC-iFaMCQu7Nqg-- <- @babel/plugin-syntax-unicode-sets-regex 7.18.6
+ nodelite-2-72fSenhMw2HZMTVHeCA9KCmpEIbzWiQsjN-BHcBbS9vr1mtt-vJjPdksIBNUmKAW8TFUDPJK5SUU3QhE9NEXDw-- <- color-name 1.1.3 (2.0.2 is available)
+ nodelite-2-72RFADWFqKmUb2hmmvNODKL3p9hcB6Gt2DOQMis1SEBaV6a4MH8soBvzg-95CYhCKPFedut2JY9bMfrDl9D23g-- <- undici 5.28.4 (8.10.1 is available)
+ nodelite-2-76ORR0DO1o1hlKwTbi-DM3EXWGf3ZJYO8cXX5RJwnul2DEg2oyoZyjLNoQM8WsvZiFKCRfC1O0J7iCvie3RZmQ-- <- stream-shift 1.0.3
+ nodelite-2-78-PXT1wlLLDgTzDs7sjq9hzz0vXD-zn-7wypEe4fXQxCmdmqfGsEPQxmiCSQI3ajFV91bVSsvNtrJRiW6nGng-- <- find-up 5.0.0 (7.0.0 is available)
+ nodelite-2-7bziOlRqH0hJx80h-3mbicLW7o8qLsH5-RaLR2t-OHM3D0JlWGODQKQ4cxbK7WlvmUxpcj6Kgu6EKqjrGFe3QQ-- <- tw-animate-css 1.4.0
+ nodelite-2-7fiA521aVw8lSPeI4ZOD3vRFkoqkJcS-z4hFo82bFSH-2tNd6eJ5qCVMS5OzDmZh-kaHQeBaeyxK6wljcPtveA-- <- @babel/helper-remap-async-to-generator 7.27.1 (8.0.1 is available)
+ nodelite-2-7gqG38EyHgyP1S-7-xomFtL-ZNHcKv6DwNaCZmJmo1vgMugyF3TCnXVg4t1uk89mLNwnLtnY3TpOpCOyp1-xHQ-- <- @types/uuid 10.0.0
+ nodelite-2-7iKXR--4TpLK194pVjKiasIyqMtTYJsgKgM242Y9uzt5dhHnUDvMNb-3xIhRJ9QhvqGii-5cRUt4fJn3dtXNHQ-- <- @smithy/util-hex-encoding 2.2.0 (4.2.0 is available)
+ nodelite-2-7iN8iPMDzOMHPUYllBEsQdWVB6fPDMPqwjBaFrgr4Jgr--okjvzAy-UHlYYL-Vs0OsOrMkwS6PJDkFlJwoxUnw-- <- express-rate-limit 7.5.1
+ nodelite-2-7jdwVIRtsP8MYpdXSwOS0YdD0Du-qOoF-AEPIt88PcCFrZCzx41oxku1jD88hZBwbNUIEfpqvuhjFaMAqMTWnA-- <- path-to-regexp 8.3.0
+ nodelite-2-7MptL8U0cqcFdzIzwOTHoilX9x5BrNqye7Z-LuC7kCMRio1EMSyqRK3BEAUD7sXRq4iT4AzTVuZdhgQ2TCvYLg-- <- fast-glob 3.3.3
+ nodelite-2-7nJ6v5lnJsXwGprnGXga4wx6d1POjvi5Qmf1ivTRxTjH4Z-9Czja-UCMLVmB9N93GeWOU93XaFaEt6jbuoagNw-- <- promise-limit 2.7.0
+ nodelite-2-7NzBL0rN6fMUW-f7A6Io4h40qQlG-xGmtMxfbnH-K7TAtt8JQWVQK-6g0UXKMeVJoyV5EkkNsErQ8pVD3bLHbA-- <- chalk 5.6.2
+ nodelite-2-7OsC1gNORBEawOa5-j2pXN9vsicaIOH5cPXxoR6fJOmH6-EXpJB2CajXOu1fPRFun2m1lktEFX11-P89hqO-og-- <- @npmcli/fs 5.0.0
+ nodelite-2-7PGFlmtwsEADb0WYyvCMa1t-yke6daIG4Wirafur5kcf-MhUnPms1UeR0CKQdTZD81yESwMHbtn-TR-dMviakQ-- <- set-function-name 2.0.2
+ nodelite-2-7PiHtLll5LdnKIMw100I-8xJXR5gW2QwWYkT6iJva0bXitZKa-XMrSbdmg3r2Xnaidz9Qumd0VPaMrZlF9V9sA-- <- progress 2.0.3
+ nodelite-2-7QpOqPQAZNXDXv6vsRex4R8dLniL0E-80OPK4PPFsrCh9btEyhN9Begh4i1T-5lL28hmYkztLOkTQ2N5J3hgRQ-- <- @aws-sdk/middleware-recursion-detection 3.398.0 (3.972.2 is available)
+ nodelite-2-7rKUyy33Q1yc98pQ1DAmLtwX109F7TIfWlW1Ydo8Wl1ii1SeHieeh0HHfPeL2fMXK6z0s8ecKs9frCuLJvndBg-- <- uri-js 4.4.1
+ nodelite-2-7RUKfXgSMMkzt6ZuXmqapOurLGPPfgj6l9uRZ7lRGolvk0y2yocc35LdcxKC5PQZdn2DMqioAQ2NoWcrTKmm6g-- <- estree-walker 3.0.3
+ nodelite-2-7UeUuIb5SZrNkrUGb2F-iwHM97kn33-huajcVtAaQFCSMUYGNFvjzRPil5C0OIppslPfuOV68M-zsisXx--ZvQ-- <- eslint-plugin-playwright 2.3.0
+ nodelite-2-7VT13fmjotKpGipCW9JEQAusEPE-Ei8nl6-g4FBAmIm0GOOLMua9NDDo-DWp0ZAxCr3cPq5ZpBqmPAQgDda2Pw-- <- chokidar 3.6.0 (5.0.0 is available)
+ nodelite-2-7vuh85V5cdDofPyxn58nrPjBktZo0u9x1g8WtjQol-jZDaE-fhN-cIvTj11GndBnMnyfrUOG1sZQxCdjKh-DKg-- <- jest-worker 27.5.1 (30.2.0 is available)
+ nodelite-2-7wfH4sLbt4M0gCDzGE6vzQBo0bfTKjU7Sfpqy-7gs1qBfYz2vEJH6vXcBKpO3-6Yu1telwd0t9HpyOoLEQQbIQ-- <- nwsapi 2.2.23
+ nodelite-2-7xgomUX6ADmcYzFik0HzAxh-73YlKR9bmFzf51CZwR-b6YtzU2m0u49hQCqV6SvlqIqsaxovfwdvbnsw3b-zpg-- <- help-me 5.0.0
+ nodelite-2-7XHNxH7qX9xG5mIwxkhumTox-MIRNcOgDrxWsMt2pAr23WHp6MrRlN7FBSFpCpr-oVO0F744iUgR82nJMfG2SA-- <- function-bind 1.1.2
+ nodelite-2-7yAQpD2UMJzLi1Dqv7qFYnPbaPx7ZfFK6PiIxQ4PfkGPyNyl2Ugx-a-umUonmKqjhM4DnfbMvdX6otXq83soQQ-- <- fetch-blob 3.2.0
+ nodelite-2-7ylylesZQ-PV29jhEDl3Ufjo6ZX7gCqJr5F7PKrqc93v7fzSymt1BpwEU8nAUXs8qzzvqhbjhK5QZg6Mt-HkBg-- <- lines-and-columns 1.2.4 (2.0.4 is available)
+ nodelite-2-7ZIlPbmaDGxVoxErDZnuFG18WekhbA-g2-i97wGj-wUBeS6pcUeAym8u4BXh-75RXWhgIJhyC11hBzig6MljwA-- <- @smithy/hash-node 4.2.8
+ nodelite-2-8-9WqebbFzpX9OR-Wa6O29asIogeRMzcGtAINdpMHHyAg10f05aSFVBbcEqGf-PXw1EjAZ-q2-bEBg3DvurK3Q-- <- argparse 2.0.1
+ nodelite-2-83HWYisT3IpMaU9LN-VN--nLHVBCSIUKJzGxC5RWUOsK1h3USg7ojL-UXQR3b4o4UBIWCYdD2fxuzM7PQQ1u8w-- <- @vitest/runner 3.2.3 (4.0.7 is available)
+ nodelite-2-84MVSjMEHP-FQRPy3pX9sTVV-INIex71s9TL2Gm5FG-WG1SqXeKyZ0k7-blY-4FdOzI12CBy1vGc4og-eus0fw-- <- typescript 5.7.3 (6.0.0-dev.20260130 is available)
+ nodelite-2-855pvK-VkU7PaKYPc-Jjnmt4EzejQHyhhF33q31qG8x7maDzkeFhAAThdCYay11CISO-qAMwjOBP-fPZe0IPyg-- <- sort-object-keys 1.1.3 (2.1.0 is available)
+ nodelite-2-87GDMS3tsmMSi-3bWOte1UblL-YUTFMV8SZPZ2eSEL17s74Cw-l63rR6NmGVKMYW2GYi85nE--d6Hw5N0bEk2Q-- <- @babel/plugin-bugfix-firefox-class-in-computed-class-key 7.28.5 (8.0.1 is available)
+ nodelite-2-88-qCHZC02up8PwKHk0UQKLLqGGURzS3hFQBZC7PnGwReuoKjHXS1o29H58S-QkXJpkTr2GACbx8j6mUoGjNPA-- <- @opentelemetry/instrumentation-dataloader 0.16.0
+ nodelite-2-8HArjKx-RaAI8uEIgcORbZIPklyh1YLjPSBus8hjRmvLi6DeFzgOcdZ7KwPabKj8mXF8dX0hyfAyGfycz0DbFw-- <- @opentelemetry/api-logs 0.53.0 (0.57.2 is available)
+ nodelite-2-8iUql50EUR-uUcdRQ3HDqa6EVyo3docL8g5WJ3FNcWmu62IbkGUue-pEyLBW8VGKKucTPgqeks4fIU1DA4yowQ-- <- ajv-formats 3.0.1
+ nodelite-2-8JaVTn3pBDkhZgHQ8R0epwWt-BqPSLCjdjXXusK1onwJlRuN69fbvSK66aIKKO7SwVFM6x2J2ox5X8pOaWcUEw-- <- @smithy/util-endpoints 3.2.8
+ nodelite-2-8lD-t2KrrScJ-7KXCSyfhT3-hRq78rC0wBFqNJXv3mZyn6hW2ypM05JmlSvtqRbeq6jqA94oHbxAr2vYsJ8vDA-- <- sync-child-process 1.0.2
+ nodelite-2-8Mf2cbV7x1cXPUILADGI3wuhfqWvtiLA1iclTDbFRZkgRQS0NqsPZphna9V-HyTEadheuPmjaJMsbzKQFOzLug-- <- prebuild-install 7.1.3
+ nodelite-2-8OEwKp5juEvb-MjpIc4hjqfgCNysrS94RIOMXYvpYCdm-jglrKEiAYmiumbmGhCvs-IcInsphYDFwqrjr7398w-- <- pino 9.14.0
+ nodelite-2-8Ofs-AUQh8MaEcrlq5xOX0CQ9ypTF5dl78mjlMNfOK08fzpgTHQRQPBxcPlEtIw0yRpws-Zo-3r-5WRby7u3Gg-- <- negotiator 1.0.0
+ nodelite-2-8p0AUk4XODgIewSi0l8Epjs-EVnWiK7NoDIEGU0HhE7-ZyY8D1IMY7odu5lRrFXGg71L15KG8QrPmum45RTtdA-- <- readable-stream 2.3.8 (4.7.0 is available)
+ nodelite-2-8pgjLUcUjcgDg-2Q4NYXnPbo-vncAY4UmyaCm0jZevERqCHZIaWwdJHkf8XQtu4AxSKCdvrUbT0XUr1IdZzI8Q-- <- esbuild 0.25.4 (0.28.2 is available)
+ nodelite-2-8PvcXf70gTDZBgt9ptxJ8elBeBjcLOAcOtoO-mPJjtji1-CdGbHgm77om1GrsPxsiE-uXIpNSK64UYaIwQXd4Q-- <- @types/babel__traverse 7.28.0
+ nodelite-2-8q7VEgMJW4J8tcfVPy8g09NcQwZdbwFEqhe-WZkoIzjn-3TGDwtOCYtXGxA3O8tPzpczCCDgv-P2P5y00ZJOOg-- <- merge2 1.4.1
+ nodelite-2-8QmQKqEASLd5nx0U1B1okLElbUuuttJ-AnYmRXbbbGDWh6uS208EjD4Xqq-I9wK7u0v6O08XhTWnt5XtEbR6Dg-- <- define-properties 1.2.1
+ nodelite-2-8r3mkIM-2-PpjHoOtiAW8Rg3jJLHaV7xPwG-YRGrv6FP0wwk-toTpATxWYOW0BKdWwl82VT2tFYi5DlROa0Mxg-- <- strip-literal 3.1.0
+ nodelite-2-8RipRLol37bNs2bhoV67fiTEvdTrbMUYcFTiy3-wuuOnUog2QBHCZWXDRijWQfAkhBj2Uf5UnVaiWwA5vdd82w-- <- form-data 4.0.5 (4.0.6 is available)
+ nodelite-2-8SFQbg-0hQ9xy3UNTB0YEnsNBbWfhf7RtnzpL7TkBiTBRfrQ9Fxcnz7VJsleJpyp6rVLvXiuORqjlHi5q-PYuA-- <- busboy 1.6.0
+ nodelite-2-8TV6R3h2j7a91c-1DXdJi3Syo69zzIZbz7Lg5tORM5LEJG7X-E6a1V3drRyBRZq7-utz7A-c4OgYLiLcYGHG6w-- <- @types/react-transition-group 4.4.12
+ nodelite-2-8u-hfXFRBD1O0hPUjioLhoWFHRmt6tKA4-vZPyckBr18l1KE9uHrFaFaUi8MDRTpi4uak2goyPTSNJLXX2k2Hw-- <- object.entries 1.1.9
+ nodelite-2-8uSpZZocAZRBAPIEINJj3Lo9HyGitllczc27Eh5YYojjMFMn8yHMDMaUHE2Jqfq05D-wucwI4JGURyXt1vchyg-- <- execa 5.1.1 (9.6.1 is available)
+ nodelite-2-8VbfWfHLbbwu3-N6OKsOMpBdT4kXPDDB9cJk2bJ6mh9ucxdlnNvH1e-roYkKmN9Nxw2yjz7VzeO9oOz2zJ04Pw-- <- ws 8.18.0
+ nodelite-2-8VLmW2B-gjFbU5uMeqtQM6Nj0-F1bro80xQXCW6CQBWgosFWXTx77aeOF5CAIAmbOK64SdMBJdNr6J41yP5mvQ-- <- @aws-crypto/sha256-browser 3.0.0 (5.2.0 is available)
+ nodelite-2-8XkAphELsDnEGrDxUOHB3RGvXz6TeuYSGEZBOjtTtPm2lwhGBjLgOzLHB63IUWfBpNucQjND6d3AOudO-H3RWQ-- <- uuid 10.0.0
+ nodelite-2-8Z4TGic6xW70FKThA5HYEKKyBpOOsucTOD1DjU3fZxDg-K3zBJcXMFnt-4yQiZnf5-MiOMSXQ9PaEK-Ilh1DeA-- <- @babel/plugin-transform-arrow-functions 7.27.1 (8.0.1 is available)
+ nodelite-2-9-kwVx8QYvt3hPWnmb19tPnh38c6Nihz8Lx3t0g9-4GoIf3-fTgYwM4Z6NxgI-B9elLQA7mLE9PpqcWtOMRDiQ-- <- bare-fs 4.5.3 (4.8.1 is available)
+ nodelite-2-94Bdh3cC2PKrbgSOUqTiGPWVZeSiXfKOVZNJniWoqrWrRkB1CJzBU3NEbiTsPcYy1lDsANA-THzS-9WBiy5nfQ-- <- sirv 2.0.4 (3.0.2 is available)
+ nodelite-2-94hK0Hh8rPqQl2xXc3HsaBoOXKV20MToPkcXvwbISWLEs-64sBq5kFgn2kJDHb1Pry9yrP0dxrCI9RRci7RXKg-- <- smart-buffer 4.2.0
+ nodelite-2-95Pu1QXQvruGEhv62XCMO3Mm90GscOCClvrIUwCM0PYOXK3kaF3l3sIHxx71ThJfcbM2O5Au6SO3AWCSEfW4mQ-- <- truncate-utf8-bytes 1.0.2
+ nodelite-2-9Ag50tKhpTwS6r5wh3MJSAvpSof0UBr39Pto8OnzFT32Z-pAbxAsKHzyvsyMEHVslELvHyO-4-jaQELHk8wDcw-- <- jsox 1.2.121
+ nodelite-2-9Cnda8GS57AQakvRyG0PTejJNlA2xhvyNtEVIMlDWOOeEyBkYWhGPnfrIAnqxLMTSTo6q8g12XVjjev5l1NvMA-- <- @typescript-eslint/utils 8.54.0
+ nodelite-2-9cQH6Z-qa4LrGhzdc3XoHbhrxNcMi9MKjZmYgF-1MNNaJwvdSjv3Xd-jjvrEEbKEf71ZgCA3n7fQbdwd70qCRw-- <- react-datepicker 7.6.0
+ nodelite-2-9dgM-cZBnNvjzaMYHVoxxfPj2QXt22Ev7SuuPrs-xav0ukGB0S6d4ydZdEiM48kLx5kDV-QBPrpVnFyefL8kkQ-- <- is-async-function 2.1.1
+ nodelite-2-9dkvaxAsk-xNXSJzMgFqqMCuFgt2-KsOFek3TMLfo8NCPfWpBmqwyNn5Y-NX56QUYfCtsyhF3ayiboEoUmJk-A-- <- rimraf 6.0.1 (6.1.2 is available)
+ nodelite-2-9fLAAXKAL3xEIFdKdzG5rUSvSiZTLLTCc6JKq1z04DR4zY7DbAPcRvNm3K1inVhTiQCs19ZRAgUerHiVKMZZIA-- <- @next/swc-linux-x64-gnu 15.4.8 (16.2.0-canary.9 is available)
+ nodelite-2-9fSjSaos-fRIVIp-xSJlE6lfwhES7LNtKaCBIamHsjr2na1BiABJPo0mOjjz8GJDURarmCPGqaiVg5mfjb98CQ-- <- get-intrinsic 1.3.0 (1.3.1 is available)
+ nodelite-2-9gGx6GTtCQM73BgmHQXfDmLtfjjTUDSyoxTCbp5WtoixAhfgsDirWIcVQ-IHpvI5Vgd5i-J5F7B9cN-WlVbC-w-- <- is-symbol 1.1.1
+ nodelite-2-9gIVWx2-tysDqUmmM1L0hwadyumqssOL1r8KJipwLx5JVYyxvVRfxvMq7DaWbZZsCqZnu-dZedaZQh4iYTtneA-- <- @vitest/snapshot 3.2.3 (4.0.7 is available)
+ nodelite-2-9hQc4-GNVtJAIEPEqlYqW5RiYdrr8ea5XQ0ZOnD6fgru-83kqT15mq2OCcbe8KnjRZl5vF3ks69AKz3kh1jrhg-- <- @radix-ui/react-primitive 2.1.4
+ nodelite-2-9ie8ItPR6tjY5uYJh8K-Zrv-RMZ5VOlOWvtZdEHYSTFKZfIBPQa9tOAEeAWhd-AnIneLJ22w5fjOYtoutpWq5w-- <- log-update 6.1.0
+ nodelite-2-9jlTlkVideBKwsEnEkqkdg7A3mije1SvmfiqoYnkl1kKJCLA5iH90ywx327PU0p-bdnURAytWUeZPXaEuEl2OA-- <- @lexical/table 0.35.0 (0.36.2 is available)
+ nodelite-2-9knsChgsMzBV5Yh3kkhrZNxH3oCYAfMBkNNaVN4cP2RVlFPe8wYdwwcnOsAbkdDoV9UjFtOXWrWB52M8W4jNeA-- <- @babel/plugin-transform-async-generator-functions 7.28.6 (8.0.1 is available)
+ nodelite-2-9kY-CygyYM6j02t5YFHbNz2FN5QmYGv9zAjVp4lCDjlCw7amdckXlEt-bjMhUIfj4ThGRE4gCUH5-yGnNuPo5A-- <- table 6.9.0
+ nodelite-2-9LkiTwjUh6rT555DtE9rTX-BKByPfrMzEAtnlEtdEwr3Nkffwiihqe2bWADg-OQRjt9gl6ICdmB-ZFDCGAtSow-- <- retry 0.12.0 (0.13.1 is available)
+ nodelite-2-9MWKevR7Hz8kNzzPLfX4EAtGM2b8mr50HPDBvio96bURP-9C-HjdH3sBlLSNNrvRAr5-k-svoH457gB5IKpmwQ-- <- @azure/core-tracing 1.3.1
+ nodelite-2-9N9IomZ-YuGGZZmQec1MbgxtlgougxTodVwDzzEouPKo3qFWvymFHWcnDi2vzV1ff6kas9ucW-o3yzJK9YB1AQ-- <- micromark-util-sanitize-uri 2.0.1
+ nodelite-2-9nfp2hYpCwOjAN-8TZFGhtWEwgvWHXqESH8qT89AT-lWklpLON22Lc8pEtnpsZz7VmawabSU0gCjnj8aC0euHQ-- <- react 19.2.4 (19.2.8 is available)
+ nodelite-2-9O8N4SeG2z--TSM8QA-KTeKFBVCNEz-AGS7gWPJf6KFRzmRWixFRnCnkPHRDwSVZW6QPDO6uT0P2SpWNKCc9-g-- <- @floating-ui/react 0.27.16
+ nodelite-2-9QNk5KwDF-Bvz-PyObkmSYjI5ksVUYtjW7AU22r2NKcfLJcXp96hkDWU3-XndOsUb-AQ9QhfzfCT2O-CNWT5Tw-- <- symbol-tree 3.2.4
+ nodelite-2-9r-yi9-mgU33AKcj6IbT9oRCO78WriSj6t-cF8DWBZJ9aOGPOTEDvdUDz1FwKim7QXWwmHqtdHnRJfhAxEG46Q-- <- react-remove-scroll-bar 2.3.8
+ nodelite-2-9Ri-o0JYgehTaVBBDoMqIl8GXtbWg711O3srftcHhZ0dqnETqLaoIK0x17fUw9rFSlK-0NlsKe0Ahhyl5pXE2g-- <- longest-streak 3.1.0
+ nodelite-2-9T9UjW3r0UW5c1Q7GTwllptXwhvYmEzFhzMfZ9H7FQWt-uZePjZPjBP-W1ZEyZ1twGWom5-56TF4lPcqjnDHcg-- <- brace-expansion 1.1.12 (5.0.9 is available)
+ nodelite-2-9tTaPJLSiejZKx-Bmog4uSubteqTvFrVrURwkmHixBo0G4seD0zUxp98E1DzUBJxLQ3NPwXrGKDiVjwx-DpPsg-- <- @tybys/wasm-util 0.10.1
+ nodelite-2-9u-sniCrY3D5WdsERHzHE4G2YCXqoG5FTHUiCC4SIbr6XcLZBY05ya9EKjYek9O5xOAwjGq-1JdGBAS7Q9ScoA-- <- readable-stream 3.6.2 (4.7.0 is available)
+ nodelite-2-9U4QObUC0FtJl05AsUcodau-RWDytrU6uKgkxu09mLR9HLDAtUMoPuuskm5huQsoktmsYpI-bGmq-iapDcriKA-- <- @babel/plugin-transform-spread 7.28.6 (8.0.1 is available)
+ nodelite-2-9V-QURhsRN40xuHXWjV64yvrzMjcz7ZyNoF2jJFmy9j-SLk0u1OLSZgXi28MrXjymnjEGSR80WCdab3RGMDveQ-- <- eslint 9.22.0
+ nodelite-2-9WRzf6XaAxF4Oi5t-3TqKP5zUjERhasHmLFHin2Yw6ZAp-EP-EVA2dr3BhQrrHWCm5SzTMZf0FcjDnBkO2xFkA-- <- eslint-plugin-perfectionist 3.9.1
+ nodelite-2-9WXswnqINnnhOG-5SLimUlzuU1hFJUc8zkwyD59Sd-dPOMf05PmnYG-d6Q7HZ-KmgkZJa1PxRso6QdM3sTNHig-- <- obliterator 1.6.1 (2.0.5 is available)
+ nodelite-2-9x9-o8krTT2saA9liI4BljNjwAbvUnWf11Wq-i-iZt8nl2UGYnf3TH5uBydE7VALmP7AGwlfszuEeL8BDyb0YA-- <- sort-package-json 2.15.1 (3.6.0 is available)
+ nodelite-2-9YcuJVTOBDjg9LWo23Qp0lTQ3D7fQsQtwle0jVfpbUHy9qBwCEgKuVH4FqFB3VYu0nwdHKiEMA-oXz7oV8X1kw-- <- @smithy/types 4.12.0
+ nodelite-2-9YtLP-wuIL2EwOqyUjwTzWK6CGVnsP13vJ3i0U8S7O-SLAxrsi1jwC2TkHkdqVqfGLQWnk5H-Z-sSPT7SJeGYg-- <- @types/to-snake-case 1.0.0
+ nodelite-2-9z8TZaGM1pfswYeXrUpzPrkx8UnWYdhJclsiYMm6x-w5-nN-8Tf-LnAgfLGQCm59qAOxU8WwHEq2vNwF6i4j-Q-- <- cjs-module-lexer 1.4.3 (2.1.1 is available)
+ nodelite-2-9zhjDpUDOtD-coeADnYEJQ0IeLVCj7w-hqzIutdp5NqS1VqTAanaEfsEcSypyvYv5DX3YOsTUoF-nr2wDXPETA-- <- @opentelemetry/instrumentation-tedious 0.18.0
+ nodelite-2-9ZhXKM-rw350N1ovuWHbGxnGh-SNJ4cnxHiM0rxE4VN41wsg8P8zWn9hv-buK00RP4WvlOyr-RBDiptyxVbkZQ-- <- postgres-interval 1.2.0 (3.0.0 is available)
+ nodelite-2-A-jvoLTAgeRcJaUPQCYOikCJxSws6--jkL7mM-QuZljNd7EA5YqafGA7sVBJRFpcoSsDRUIah1yNiC-7vxZPYg-- <- slate-hyperscript 0.81.3
+ nodelite-2-A1rHYb06zjMGAxdLSkN2fXPBwuSaQ0iO5M-hdyS0Ajj1VBaRp0sPD3dn1FhME3c-JluGFbwSxyCfqdSbtQLAHQ-- <- eslint-import-resolver-typescript 3.10.1 (4.4.4 is available)
+ nodelite-2-A3Tzx1tkDHlBT-IgxmsMCHbV8LM7SwwCozq2ZjJRx0nqw3MCrrcxQFXldHeX-gdUMO-0Oocb7HGSnVODTq-0EA-- <- @aws-sdk/util-user-agent-browser 3.398.0 (3.972.2 is available)
+ nodelite-2-A4zobikRGJTsX9uqVFdafzGkqD30t26ck2LmOzAuLL8b2x6k3TIqRiT2xVvA9fNmFeTX484VpsdgmKNA0bS23w-- <- @babel/plugin-transform-optional-chaining 7.28.6 (8.0.1 is available)
+ nodelite-2-A5EmesHW6rfnZ9ysHQjPdJRni0SRar0tjtG5MNtm9n5TUvsYU8oozprtRD4AqHxcZWWlVuAmQo2nWKfN9oyjTw-- <- expand-tilde 2.0.2
+ nodelite-2-A5P-LfWGFSl6nsckYtjw9da-19jB8hkJ6ACTGcDfEJ0aE-l2n2El7dsVM7UVHZQ9s2lmYMWlrS21YLy2IR1LUw-- <- @img/colour 1.0.0
+ nodelite-2-A7Ob8EdFZJIBjLjeO0DZF4lqR6U7Ydi5-5LIZ0xcI-23lYlsYJAfGn8PrIWTYdZQRNnSRlzhg0zyGu37mVdy5g-- <- @vitest/snapshot 4.0.15
+ nodelite-2-AAB9hiomQs5DXWcRB1rqsxGUstbRroFOPPVAomNk-3XHR5JyEZChOyTWe2oayKnsSsr-kcGqF-z6yuH6HHpN0A-- <- is-decimal 2.0.1
+ nodelite-2-AB6lFlbwwyIqMdHYhwPe-kjOC3Oc5P3nThEoW-AaO2BX3vJDjWPFxYLxokUZOo6RNX20He3AaT8sESs9NJcmEw-- <- husky 9.0.11 (9.1.7 is available)
+ nodelite-2-AdmX6xUzdNASswsFtmwSt7Vj8po9IuqXm0UXz7QKPuEUmPB4XyjGfaAr2PSuELMwkRMVH1EpIkX5bTZGRB3eCA-- <- cosmiconfig 7.1.0 (9.0.0 is available)
+ nodelite-2-AFQu3ZZ9IcdClTknxbug08S9ed-q8F3aYkO5NoZ-6IjQ5UEo1s2HN1GRKNvUslYx2EoVYxd-6xGcp6C7wwtxyQ-- <- @swc/cli 0.7.9
+ nodelite-2-Ag3wB2o37wslZS19hZqorUnrnzSkpOVy-IiiDEiTqNubEYpYuHWIf6K4psgN2ZWKExS4xhVCrRVfb-wfW8fWJA-- <- ipaddr.js 2.2.0
+ nodelite-2-AhHYqwvN62NVLp4lObVXGVluiABTHapoB57EyegZVmazN-hhGhLTn3uZbOofoTw4DSDvVCadzzyChXhOAvy8uQ-- <- flat-cache 6.1.20
+ nodelite-2-AJDdYOdnyRDV5b6ArilzCPPwc1ejkHcoyFarqlPqT7zRYjhavcT3uSrqcMvsgh2CgoPbK3RCwyHaVyxYcP2Arg-- <- d3-format 3.1.2
+ nodelite-2-AjKOeiwAitL-MXxQW2DliT28EKukvvbEWx3LBmJIRN8KfBGZbRTxNYW0kSqi1COiTZ57nZ9NW06S6ux--N1c9A-- <- postcss-scss 4.0.9
+ nodelite-2-AjOC3zfnxd6S4Eiy3jwktJPclqhFHNyd8L6Gycf9WUPoKZpgM5PjkxY1X7uSy61xVpiJDhhk7XT2NVsN3ALTWg-- <- @typescript-eslint/visitor-keys 8.26.1
+ nodelite-2-AKpaYlHn8t4SVbOHCy-b5-KKgvR4vrsD8vbvrbiQJps7fKDTkjkDry6ji0rUJjC0kzbNePLwzxq8iypo41qeWA-- <- base64-js 1.5.1
+ nodelite-2-ALZCOI5m5XyDD9YHCewCrhLFnELeI8xRJfJC4PvGdh9u6PcAyv851UT92JC6BLtJdgB2Fi-o9gPOXMpZkD5pSw-- <- uploadthing 7.3.0
+ nodelite-2-AmIAC-Wtm2AU8lGfTtHsw0Y9Qtftx2YXEEtiBP10xFUtMOA-sHHx6OAddyL52mUKh1vsXQ6-w1mVDptZCyUt4Q-- <- arch 3.0.0
+ nodelite-2-AMlnetc9-CV9asI19zHmrgS-WYsWUwCn2R7RzlbJWD7F9eWYUTGyBmU9o6PxngtLGOiDGPRu-Uc4fhKzbpteZQ-- <- jose 5.9.6 (6.1.3 is available)
+ nodelite-2-AmomSIjP8ZbfGQhumkNvgC33AY7qtMCXnN6bL2u2Js4gVCg8fp735aEiMSBbDR7UQIj90n4wKAFUSEd0QN2Ukg-- <- @webassemblyjs/wasm-gen 1.14.1
+ nodelite-2-AOIgSQCepiJYwP3ARnGx-5VnTu2HBYdzbGP45eLw1vr3zB3vZLeyed1sC9hnbcOc9-SrMyM5RPQrkGz4aS9Zow-- <- glob-parent 5.1.2 (6.0.2 is available)
+ nodelite-2-Ap6G0WQwcU-LHsvLwON1fAQX9Zp0A2Y6Y-cJBl9r-JbW90Zyg4-zbG6zzKa2OTALELarYHmKu0GhpM5EO-7T0g-- <- esquery 1.7.0
+ nodelite-2-APMBEanjybaPzUrfqU0IMU5I0AswKMH7k8OTLs0vvV4KZpExkTkY87nR-zpbuTPj-gARop7aGUbl11pnDfW6xg-- <- mathml-tag-names 2.1.3
+ nodelite-2-ASFBup0Mz1uyiIjANan1jzLQami9z1PoYSZCiiYW2FczPbenXc45FZdBZLzOT-r6-iciuEModtmCti-hjaAk0A-- <- convert-source-map 1.9.0 (2.0.0 is available)
+ nodelite-2-AsK1lStK3nB9Cn6S6ODb1ktGh7SRejsNVQVKX3t5d3tgOaX-aX1Iwy8FzM-ZEN8uCloeRifUGIY9uQFygg5mSw-- <- @aws-sdk/credential-provider-ini 3.398.0 (3.972.2 is available)
+ nodelite-2-AURm5f0jYEOydBj7VQlVvDrjeFgthDdEF5H1dP-6mNpoXOMo1quQqJ4wvJDyRZ9-pO3kGWoOdmV08cSv2aJV6Q-- <- safe-array-concat 1.1.3 (1.1.4 is available)
+ nodelite-2-AUZTa7hQ2KY5L7AmtSiqxlhWxb4ina0yd8hNbl4TWuqnv-pFP0nDMb3YrfSBf4hJVGLh2YEIBfKaBW-9UEl6IQ-- <- @types/prismjs 1.26.5
+ nodelite-2-AVbw3UJ2e9bq64vSaS9Am0fje1Pa8pbGqTTsmXfaIiMpnr5DlDhfJOuLj9Sf95ZPVDAUerDfEk88MPmPe7UCQg-- <- path-is-absolute 1.0.1
+ nodelite-2-AVCn3vDRY-YXu1sP4mRn81ssno6VUqxo29uY2QVfgxXU2TMLvhRIoGwm7RglJ3Gzfuidit5R86CMQ6AvdFTGAw-- <- miniflare 4.20260128.0
+ nodelite-2-AvT9QFpxK0Zd8J0jopedNm-w-2fIzvtPKPjqyw9jwvBaReTTqPBk9Hixaz7KbjimP-QNz605-XnjFcDAL2pqBg-- <- @emnapi/core 1.8.1
+ nodelite-2-AWQt64hkVbDQ-CmM09wnvSk2mVyH4iRROkmYkr3-lmUtFNbE2L-fnw26sckZnUcFCsHPqbkQrcsZAnTcBLbH4w-- <- @aws-sdk/token-providers 3.975.0
+ nodelite-2-AXcZb6vzzrFAUE61HnN4mpLqd-cSIwNQjtNWR0euPm6y0iqx3G4gOXaIDdtdDwZmhwe82LA6-zinmW4UBWVePQ-- <- human-signals 5.0.0 (8.0.1 is available)
+ nodelite-2-AXfN-lGotSQwu6HNcEsIASo7kWXZ5HYWvfOmSNKDsEqC4OashTp8alTmaz-F7TC2L083SFv5RdB-qU3Vs1kZqw-- <- @aws-crypto/sha256-browser 5.2.0
+ nodelite-2-AXJdLo8kgMbimY95O2aKQqsz2iWi9jMgKJhRBAxECE4IFxfcazB2LmzloIoibJI3C12IlY20-KFaLv-71bUJeQ-- <- react-dom 19.2.4 (19.2.8 is available)
+ nodelite-2-AyXVnlCf-xV3K-rNumzKxZqsULyITJH6OVLiW6730JPRqWA7Zc9bvYoVNpN6iOpTU8CasH34SU-ksVJmObFibQ-- <- @opentelemetry/instrumentation-amqplib 0.46.1
+ nodelite-2-B-gBuNg5SiMTrPkC-A2-cW0RszwxYmn6VYxB-inlBStS5nx6xHIt-ehKRhIMhqusl7a8LjQoZnjCs5vhwxOQ1g-- <- ajv 8.17.1
+ nodelite-2-B25YvnJQTGlZcrNv7b0PJBLWq3tl8sql497OHfYYLem7EOMPKKDGJScJAKM-91D4H-mMAsx5gnA-XgKobriuTg-- <- @lexical/overflow 0.35.0 (0.36.2 is available)
+ nodelite-2-B4FFZ6q-T2jhhksgkbEW3HBvWIfDW85snkQgawt07S7J5QXTk6BkNV-0yAeZrM5QpMAdYlocGoljn0sJ-WQkFw-- <- human-signals 2.1.0 (8.0.1 is available)
+ nodelite-2-B5JU3cabzk8c67mRRd3ECmROafjYMXbuzlwtqdM8IbS8ktlTix8aFGb2bAGKrSRIlnfKwovGUUr72JUPyOb6kQ-- <- os-homedir 1.0.2
+ nodelite-2-B9-wizE4WngqQftFPmdaMYlXoJlJOYxGQOanC77fq9k8-Z0v5dDSVh-3glErdIROP--s-jgb7ZuxKfB8nVyo0g-- <- fast-xml-parser 4.2.5 (5.3.3 is available)
+ nodelite-2-BaXgOuIxz8n8pIq3e7Atg-7s-DpiYrxn4vdot3w9KbnBhcRQq6o3xemQdIfynqSeXeDrF32x-WvfzmOjPiY9lg-- <- typed-array-byte-length 1.0.3
+ nodelite-2-BCFkJjgk-WFzP-tcSMXq77ymAPIxsX9lFJWs-2JzuZTLtksJ2o5hvgTdIcZ5-oKzUDMwI0PfWzRBYAydAHF2Mw-- <- @rollup/rollup-linux-x64-musl 4.52.3
+ nodelite-2-BdBGhQBh8IjZ2oIIX6F2-Q3LKm-FDDKi6ccYKcBTeilh6SNdNKveDOLk73BkSJjQLJk6qe4Yh-hHw1UPhCDdrg-- <- @opentelemetry/instrumentation 0.57.2
+ nodelite-2-Bdboy-l7tA3OGW6FjyFHWkP5LuByj1Tk33Ljyq0axyzdk9--JSi2u3fP1QSmd1KNwq6VOKYGlAu87CisVir6Pw-- <- json-stable-stringify-without-jsonify 1.0.1
+ nodelite-2-BeHZVMNXhM3WV3XE2yghO0fRxhMOt8BTN972p5piYEQUvKeSHmS8oeGcs6Ahgx5znBclqqqq37ZfioYANiTqJA-- <- @ast-grep/napi-linux-x64-gnu 0.40.0
+ nodelite-2-BfbWFFEJFQzLCQ5N8VocnCtA8J1CLkNTe2Ms2wocj75dd6VpiqS5Z5quTYcUoo4Yq-DN0rtikODccuv7RU81sw-- <- @babel/plugin-transform-for-of 7.27.1 (8.0.1 is available)
+ nodelite-2-BfHZtG-l9iMm4Ecianu7P8HRD2tBHLtjXinm4X62XBOYzi7CYA7jyqfJzOvXHqzVrVPYqBo2-GvbARMaaJkKVg-- <- file-type 20.5.0
+ nodelite-2-BjasUjixPFdS-NKkypcyyN5Pmg83Olst0-c6vGov0diwTEo6mgdqVR6hxcEgFuh4QrAs7Rc-9KuGJ9TVCj0Zzg-- <- @radix-ui/react-use-controllable-state 1.2.2
+ nodelite-2-BkyJ9OQ4bzpKjE3UhI8BhcG36ZgfB4run8TmlaR4oMFUbl59dfyarNfjveyimrxIso9RhFEja-AJ5nQmbcR9hw-- <- @faceless-ui/scroll-info 2.0.0
+ nodelite-2-BLI3Tl1TW3Pvl70l3yq3Y64i-awpwXqsGBYWkkqMtnbXgrMD-yj7rhW0kuEDxzJaYXGjEW5ogapKNMEKNMjibA-- <- which 2.0.2 (6.0.0 is available)
+ nodelite-2-BlNyXZAt4gWidMw0SRWrhBETY1BpPglFBZI7yzfqukFqgXRh7HUQA28OYeI-nsx9pgNob8TiUduUwShqqvOdEA-- <- @lexical/markdown 0.35.0 (0.36.2 is available)
+ nodelite-2-BM-Thnrw5jm2kKLE5uJkXqqExRUY-toLHda65XgFTBTFYZyopbKjBe29Ii3RbkvlsMoFwD-tHeGaCjjv0gHlyw-- <- pg-numeric 1.0.2
+ nodelite-2-BN22B5eaMMI9UMtjrGd5g5eCYPpCPDUy0FJXbYsaT5zYxjFOckS53SQDE3pWkVoWpHXVb3BrYcEN4Twa55B5cA-- <- word-wrap 1.2.5
+ nodelite-2-BndPH67-JxGExRgiX1dX0w1FvZck5Wa4aal9198SrRhZjH3GxKQUKIBnYJTdj2HDN3UQAS06HlfcSbQj2OHmaw-- <- pino-std-serializers 7.1.0
+ nodelite-2-BNGbWLfd0eUPabhkXUVm0j8uuvREyTh5ovRa-dyow-BqAbZJyC-5fU-IzQOzmAKzYqYRAISoRhdQr3eIZ-PXqg-- <- vary 1.1.2
+ nodelite-2-BNoCY6SXXPQ7gF2opIP4GBE-Xw7U-pHMYKuzjgCN3GwiaIR09UUeKfheyIry77QtrCBlC0KK0q5-TER-tYh3PQ-- <- arraybuffer.prototype.slice 1.0.4
+ nodelite-2-BOWEBeppWhLn-no-JxUL-ghTfANTjT7kg3Ww2rPqTUY9R4yHPXxJ9JhMe3Z03LN3aPwiwlpDIUcVw1xDyHqEhw-- <- @smithy/fetch-http-handler 2.5.0 (5.3.9 is available)
+ nodelite-2-Bq3SmSpyFHaWjPk8If9yc6svM8c56dB5BAtW4Qbw5jHTwwXXcTLoRMkpDJp6VL0XzlWaCHTXrkFURMYmD0sLqg-- <- ansi-regex 6.2.2 (6.3.0 is available)
+ nodelite-2-BR7VvDCVHO-q2xBEWskxS6DJE1qRnb7DxzUrogb71CWoSficBxYsiAGd-Kl0mmq-MprG9yArRkyrQxTO6XjMzA-- <- semver 6.3.1 (7.8.5 is available)
+ nodelite-2-BrpvfNAE3dcvq7ll3xVumzjKjZQ5tI1sEUIKr3Uoks0XUl45St3FlatVqef9prk4jRDzhW6WZg-3bk93y6pLjA-- <- strip-final-newline 2.0.0 (4.0.0 is available)
+ nodelite-2-BrUQ0cPTB-IwXj23HtwHjS9n7O4h9FX94b4xc5zlTHxeLgTAdzYUDyy6KdExAl9lbN5rtfe44xpjpmj9grxs5w-- <- es-iterator-helpers 1.2.2 (1.4.0 is available)
+ nodelite-2-BS8PfmtDGnrgYdOonGZQdLZslWIeCGFP9tpan0hi1Co2Zr2NKADsvGYA8XxuG-4UWgJ6Cjtv-YJnB6MM69QGlQ-- <- data-view-byte-offset 1.0.1
+ nodelite-2-BSHWgDSAiKs50o2Re8ppvp3seVHXSRM44cdSsT9FfNEUUZLOGWVCsiWaRPWM1Znn-mqZ1OfVZ3z3DWEzSp7hRA-- <- asap 2.0.6
+ nodelite-2-BSNDnbyZCXSxgA-1f5UU2GmwhoI0aU5yMxRGO8CdFEcY2BQF9xm-7MqKnYoM1nJDk8nONNWDk9WeSmePFhQdlw-- <- postgres-interval 3.0.0
+ nodelite-2-BtEeSsoaQjlSPBemMQIrY1MY0uM6vnS1g5fmufYOtnxLGUZM2178PKbhsk7Ffv58IX-ZtcvoGwccYsh0PglkAA-- <- is-string 1.1.1
+ nodelite-2-Btj2BOOO83o3WyH59e8MgXsxEQVcarkUOpEYrubB0urwnN10yQ364rsiByU11nZlqWYZm05i-of7io4mzihBtQ-- <- detect-libc 2.1.2
+ nodelite-2-BUwcskRaPvTk6fzVWgDPdUndLjB87KYDrN5EYGetnktoeAvPtO4ONHlAZDnj5VFnUANg0Sjm7j4usBlnoVMHwA-- <- @typescript-eslint/typescript-estree 8.54.0
+ nodelite-2-BvHCDrKfbG5Yhbpj4vsbuPV2GgcpHiAkLeIlcA1LtfpMz3jrqizP1-OguSNSj1MwBHEiN-jwNisXLGdajGDQJA-- <- @smithy/querystring-parser 2.2.0 (4.2.8 is available)
+ nodelite-2-BWB9mIukO1wjEOo1Ojgl6LrG4avcaC7T-ZP6ptmAaW4xluhSIPZhY--PI5YKzlk-jsm-4sQZB45Bt1OfMeQa3w-- <- @smithy/credential-provider-imds 2.3.0 (4.2.8 is available)
+ nodelite-2-C1mDZOX0hnu0ep9dfmuoi03-eOdDoz2yvK79RxbcrVEG1NO1Ph35yW102DHWKN4pk80nwCgeMmSY5L25VE4D9A-- <- spdx-compare 1.0.0
+ nodelite-2-C2wwtsMCR6ZTfO0TqpSM17RLJWyfHmifAfCTjFtOJu15p3M6NO-nHYK5Mt7YMQteuS89mOjB4ng8iwoLEZ6QpQ-- <- @lexical/devtools-core 0.35.0 (0.36.2 is available)
+ nodelite-2-C3iHfuGUXK2u8-ipq9LfjFfXFxAZMQJJq7vLS45r3D9Y2xQ-m4S8zaR4zMLFWh9AsNPXmcFfUDhTEO8UIC-V6Q-- <- kareem 2.6.3 (3.0.0 is available)
+ nodelite-2-C3ZAHugKgovV5YvAMsxhq0gtXuwESUKc5MhEtjBpLoHPLYM-iuwSj3lflFwK3DPm68660rZ7G8BMcwSro7hD5w-- <- @unrs/resolver-binding-linux-x64-gnu 1.11.1
+ nodelite-2-Cc8SMf-nLqp0fi8oAnooNEfwZWFnzMiBHCGmDFYqmgjPylyLmi83b-NiTns-rKGwlErpW0AGPt0sMpkbNlzn8w-- <- @opentelemetry/instrumentation-graphql 0.47.0
+ nodelite-2-CCQBwJIvXMLKxVbO88IukazJD9a4kQ9ZN7-UMGBjBcJYvatpWk-9g870El4cB8-EJxfe-k-y0GmR9CAzkF-Nbw-- <- @smithy/util-hex-encoding 4.2.0
+ nodelite-2-CdzqowRJCeLU72bHvWqwRBBlLcMEtIvGrlvef74kMnV2AolS9Y8xUv1I0U-MNAWMhBlKIoyuEgoJ0t-bbwHbLQ-- <- loupe 3.2.1
+ nodelite-2-Ce0GFnzAOuPyfV5SxjXGn0CubwGcuDB0zcdaPuCSzAa-2vII24JTkH-I6jcbXLb1ctjZMZZI6OjDaLPJQL1S0g-- <- @tailwindcss/postcss 4.1.18
+ nodelite-2-Ceh-7ox5qe7LJuLHoY0feh3pHuUDHAcRUeyL2VYghZwfpkNIy--8Ocg0a3UuSoYzavmylwuLWQOf3hl0jjMMIw-- <- binary-extensions 2.3.0
+ nodelite-2-CFjzYYAi4ThfiQvizrFQevTTXHtnCqWfe7x1AhgEscTz6ZbLbfoLRLPugTQyBth6f8ZERVUSyWHFD-7Wu4t1XQ-- <- debug 3.2.7 (4.4.3 is available)
+ nodelite-2-CMnNRCmlWQqqzlTw6NeaZXzLWI8bydaXDke63JTUCvu8R-fj-ENsLrVBtPDlxQ0wGsYdXGlrUCH8Qi9gJep0yQ-- <- @libsql/linux-x64-gnu 0.4.7
+ nodelite-2-CNd4jim9RFPkObHSjVHlVrxoVQXz7quwNFpz7RY1okNNme49-sVyiTvTRobiLV548Hx-hb1BG-iE7h9493WzFw-- <- postgres-bytea 3.0.0
+ nodelite-2-COROpnaoap1E2F000S62r6A60uHZnmlvomhfyT2DlTcrY1OrBKn2UhH7qn5wTC9zMvD0AY7csdPSNwKP-7WiQw-- <- aria-query 5.3.2
+ nodelite-2-CRT1WTyuQoD771GW56XEZFQ-ZoSfWid1alKGDYMmkt2yl8UXrVR4pspqWNEcqKvVIzg6PAltWjxcSSPrboA4iA-- <- eventsource 3.0.7 (4.1.0 is available)
+ nodelite-2-CVvd6FHg1Z3POpBLxO6E6zr-rSKEQ9L6rZHAaY7lLfhKsWYUBBOuMs0e9o24oopj6H-geRCX0YJ-TJLBK2eHyQ-- <- array.prototype.findlast 1.2.5
+ nodelite-2-CYDD3SOtsHtyXeEORYRx2qBtpDJFjRTGXUtmNEMGyzYOKj1TE3tycdlho7kA1Ufx9OYWZzg52QFBGALTirzDSw-- <- keyv 5.6.0
+ nodelite-2-CZ28GLfOEIFkvCFngN8Sfx5h-Se0zN-h4B7yOsPVCcgtiO7t5jt9xQh2E1UkFep-eb9fjyMfuC5gBypwb07fvQ-- <- @vitest/mocker 4.0.15

Done in 2.3s using pnpm v10.27.0
