Progress: resolved 1, reused 0, downloaded 0, added 0
Packages: +252
++++++++++++++++++++++++++++++++++++++++++++++++++++++++++++++++++++++++++++++++
Progress: resolved 252, reused 0, downloaded 248, added 0
Progress: resolved 252, reused 0, downloaded 252, added 252, done

dependencies:
+ nodelite-2-6d1VWA7FY31CpI4Ki97Fpm36jfURkVbpktizp8aoVViTZRQgr-0ddmlKerALSSlzfwQRBeSq1qwwVcBJK4Sk7Q-- <- ncjsm 4.3.2
+ nodelite-2-6e0cvXwzOnVWJHq-mskP8DNSrKBr1bULBvnFLpc1KY-d-irZSgZ02TGse5FsafKS5jg2e4pbvK6TPXaF-A6-CA-- <- @esbuild/linux-x64 0.25.4 (0.28.2 is available)
+ nodelite-2-6eZs5Ls3WtCisHWp9S2GUy8dqkpGi4BVSz3GaqiE6ezub0512ESztXUwUB6C6IKbQkY2Pnb-mD4WYojCRwcwLA-- <- normalize-path 3.0.0
+ nodelite-2-6fPc-R4ihwqP6N-aIv2f1gMH8lOVtWQHoqC4yK6oSDVVocumAsfCqjkXnqiYMhmMwS-mEHLp7Vehlt3ql6lEig-- <- strip-json-comments 3.1.1 (5.0.3 is available)
+ nodelite-2-6gfrPwh7OuT6gZyJZvd6WbTfrqAo7vm4xCzAXOusKqq-vWdKXphTpj5klHKNmRUU6-QRGlBsyU9mAIPaWHlqJA-- <- @babel/helper-member-expression-to-functions 7.23.0 (8.0.0-beta.0 is available)
+ nodelite-2-6gS8pZzSXdyRHTIqoqSVknxolr1kzfy4-CeDnrzsVz8TTIWUbOBr6gnzOmTYJ3eXQNh4IYHIGi5aIL7sOZ2G-g-- <- @sinclair/typebox 0.34.41 (0.34.52 is available)
+ nodelite-2-6hxeJYaL110a9b5TEJSj0gojyHQAmA2ch5Os-ySCiA1QGdS697XWY1pzsrSjqA9LDEEgdB-KypIlR59RcLuHYw-- <- ext 1.7.0
+ nodelite-2-6i9mGWSlqzNMEqpCp93KwRS1uUOodk2OJ6b-sq7ZPDSy2WuI5NFIxp-254TytR8ftefexkWn5xNiHUNpPOfSew-- <- is-weakref 1.1.1
+ nodelite-2-6iBczoX-kDQ7a3-YJBnh3T-KZRxM-iYNPXicqk66-Qfm1b93iu-yOImkg0zHbj5LNOcNv1TEADiZ0xa34B4q6Q-- <- which-builtin-type 1.2.1
+ nodelite-2-6j1W9l1iAs-4xYBI1SYOVZyFcCis9b4KCLQ8fgAGG07QvzaRLVVRQvAy85yNmmZSjYjg4MWh4gNvlPujU-5LpA-- <- shell-quote 1.8.1 (1.8.3 is available)
+ nodelite-2-6jmooXYIwn9ca5-RylZADJ-EnSxVUS5sjeJ9UPk6RWRzXCmOJCy6dqItPJFpw2cuCangPK4OYr5uhGKcmrm5Qg-- <- @babel/plugin-transform-arrow-functions 7.25.9 (8.0.1 is available)
+ nodelite-2-6oclG6Y3PiDFcoyk8srjLfVKyMfVCKJ27JwNPViuXziFpmdz-MZnZN-aKY0JGXgYuO-VghU0jcOAZgWXZ1Dmrw-- <- @panva/hkdf 1.2.1
+ nodelite-2-6pEjquH3rqaI6cYAXYPcz9MS4rY6R4ngRgrgfDshRptUZIc3lw0MCIJIGDj9--mfySOuPTHB4nrSW99BCvOPIA-- <- hermes-parser 0.25.1 (0.32.0 is available)
+ nodelite-2-6qN4hJdMwfYBtE3YBTTHhoeuUrDBPZmbQaxWAqSALV-MeEnR5z1xd8UKud2RAkFoPkmB-hli1TZSnyi84xz1vQ-- <- whatwg-encoding 3.1.1
+ nodelite-2-6t10qk83GOG8p0vKmaCr8eiilZwO171AvbROMtvvNiwrTly62t-7XkA8RdIIVbpMhCASAsxgAzdRSwh6nw-5Dg-- <- ast-types 0.16.1
+ nodelite-2-6t3foTQI9qne-OZoVQB-8x8rk2k1eVy1gRXhV3oFQ5T6R1dqQ1xtin3XqSlx3-ATBkliTaR-hHyJBm-LVPNM8w-- <- unicode-property-aliases-ecmascript 2.1.0 (2.2.0 is available)
+ nodelite-2-6tCuiszExxzt96HCAppbepS2-73Vw6du7ZMLm6c-DwPJvPbLQ1SsCgD-HIdwV3C1RBETKCluUVSCOnxRzd3JBw-- <- @aws-sdk/client-cognito-identity-provider 3.782.0
+ nodelite-2-6tDA8g98We0zd0GvVeMT9arEOnTw9qM03L9cJXaCjrip1OO764RDBLBfrB4cwzNGDj5OA5ioymC9GkizgWJDUg-- <- redent 3.0.0 (4.0.0 is available)
+ nodelite-2-6tfZ91bOr7bOXnK7PRDCGBLa1H4U080YHNaAQ2KsMGlLEzRbk44nsZF2E1IeRc3vtJHPVbKCYgdFbaGO2ljd8g-- <- got 11.8.6
+ nodelite-2-6u6Plg9nP-J1GRpe-vcjjabo6Uc5YQPAMxsgQyGC-I0RuukiG1wIe3-Vtg3IrSCVJDmqK3j8adrtzXSENRtFgg-- <- @typescript-eslint/eslint-plugin 8.32.1
+ nodelite-2-6udB24Q737UD-SDsKAHI9FCRP7Bqc9D-MQUV02ORQg5iskjtLJlZJNdN4kKtcdtwCeWIwIHDGaUsTsCCAa8sFQ-- <- token-types 4.2.1 (6.1.2 is available)
+ nodelite-2-6vUSIUqBkhZeIpFz0howqKlT1BNjYxOrucvvSICKCEsxVS9MbTJokGkykDrpr-k4Io3WI8tcvrf25-U5Ynf3lw-- <- serverless 3.40.0
+ nodelite-2-6WTZ-IxCY-T6BALoZHaE4ctp9xm-Z5kY-pzYaCHRFeyVhojxlrm-46y68HA6hr0TcwEssoxNiDEUJQjfPZ-RYA-- <- debug 4.4.0 (4.4.3 is available)
+ nodelite-2-6xH-puSoNBXb72VPlZVm7vQ-svQpFyA96qdDBvhB8eNZOE8LtPf9L4oAsfzK-crCL8YZ-19fKYVnM63Sl-Xzlw-- <- @actions/exec 3.0.0
+ nodelite-2-6XQFvXTkbfUOZOKKILFG1PDK2NDQs4azKQl26T0YS5CxqWLgXajbPZ-h4gZekJyRqFU8pvnbAbbs-3TgRPy-GQ-- <- ws 8.17.1
+ nodelite-2-6xWgLZTJXwilVjlnV7ospI3xi-sl8lN8rXXbBD6vYn3UYDlGsag8wrZkKcSI8G6KgqKP7vNFaDgeDnfAABq61g-- <- @babel/plugin-bugfix-v8-spread-parameters-in-optional-chaining 7.25.9 (8.0.1 is available)
+ nodelite-2-6zqls5xFvJbgFjB1B2U6yITtyGBjDBORB7suI4zA4T-sZ1OmkMFlaQSNB-4K0LtXNA1t4OprAFxPisadK5O2ag-- <- npm-package-arg 13.0.1
+ nodelite-2-7--dFhtcx3353uBaq8DDR4NuxBetBzC7ZQOhmTQInHEd6bSrXdiEyzCvG07Z44UYdLShWUyXt5M-yhz8ekcb1A-- <- shebang-regex 3.0.0
+ nodelite-2-71ippSywq5Yb7-tVYyGbkBggbU8H3u5Rz56fH60jGFgr8uHwxs-aSKeqmluIVzM0m0kB7xQjKS6qPfd0b2ZoqQ-- <- mustache 4.2.0
+ nodelite-2-727YkEAPwSIQTv5im8QHz3upqp92JTWhidIC81Tdx4VJYIte-VndKf1qKrfnnhPLiPghStWfvC-iFaMCQu7Nqg-- <- @babel/plugin-syntax-unicode-sets-regex 7.18.6
+ nodelite-2-72fSenhMw2HZMTVHeCA9KCmpEIbzWiQsjN-BHcBbS9vr1mtt-vJjPdksIBNUmKAW8TFUDPJK5SUU3QhE9NEXDw-- <- color-name 1.1.3 (2.0.2 is available)
+ nodelite-2-76ORR0DO1o1hlKwTbi-DM3EXWGf3ZJYO8cXX5RJwnul2DEg2oyoZyjLNoQM8WsvZiFKCRfC1O0J7iCvie3RZmQ-- <- stream-shift 1.0.3
+ nodelite-2-77yfbCbQMtgtTylO9itEAdpPXSog3ZxMe09AEhm0dU0NLTalV70ghDZFR-Nfi1C60jnJoh-Re4090-DuZh2Omg-- <- @smithy/util-uri-escape 4.0.0 (4.2.0 is available)
+ nodelite-2-78-PXT1wlLLDgTzDs7sjq9hzz0vXD-zn-7wypEe4fXQxCmdmqfGsEPQxmiCSQI3ajFV91bVSsvNtrJRiW6nGng-- <- find-up 5.0.0 (7.0.0 is available)
+ nodelite-2-78UEvebzz-rJIxLvE7ZtDd-vIQ0RHv-3Mh5DR96p7cS7HsBhYIICDBCu8csTNWNO6tBWfqXPWekRuj2FNOGOZg-- <- mdast-util-gfm-table 2.0.0
+ nodelite-2-7AO748wWnIhNqAuaty2ZWHkQHRSNfPVIsPIfwEOWO22AmaoVrWavlOcMR5nzTLNYvp36X220-maaRsrec1G65A-- <- locate-path 3.0.0 (7.2.0 is available)
+ nodelite-2-7Bv8RF0k6xjo7d4A-PxYLbUCfb6c-Vpd2-mB2yRDlew7Jb5hEXiCD9ibfO7wpk8i4sevK6DFny9h7EYbM3-sHg-- <- glob 10.4.5
+ nodelite-2-7C4c7bdtd-B7Q-HruZxYhGjwZVvJawvQpilEYlRG1Jncuk1ZNqrFy9bO8SJNieyj3iDh8WPQA7BzzPO7sNAyEA-- <- eslint-plugin-react-hooks 6.0.0-rc.1 (7.0.1 is available)
+ nodelite-2-7CAHcQ58z2chuXPWblnn1K6rLDnDWieghSOEmqQsrBenH0P9InCUtOJYD89pvngljmZlJcz3fcmgYsXFNGa1ZQ-- <- @babel/plugin-transform-exponentiation-operator 7.26.3 (8.0.1 is available)
+ nodelite-2-7D8ETopCt3H-x2BEPMEhzc4dcNtSK7umnRdgfiTGRjcQSVPh5Whq-tDIAtNj2D-PmLgu3e-Hk7jrXkaMCDlxMw-- <- @aws-sdk/credential-provider-node 3.279.0 (3.972.3 is available)
+ nodelite-2-7DFHlPuIxviKYZrOiwVU-PiHLm3lLUR23OMuEEtfEOQTOp9hzQ2JjdY6X5H18RVuUPJqSCI-qNnD5iOLMVE0bA-- <- @csstools/cascade-layer-name-parser 2.0.4
+ nodelite-2-7dFHNmqeFSEt2ZBsCriorKnn3Z2pj-fd9kmI6QoWw4--DL-icEBfc0U7qJCisqrTsKTjw4fNFy2pW9OqStD84g-- <- error-ex 1.3.2 (1.3.4 is available)
+ nodelite-2-7DL7DKYjn5Su--4RXu8puKZm2XBPHyjWLUidaPEkCUBbE7IPcsrkRHggAOOKydH1dASWdcUBxrkOGNxUv5P3Jg-- <- @babel/plugin-transform-reserved-words 7.25.9 (8.0.1 is available)
+ nodelite-2-7dSzzRQ--CKnNI-krKnYRV7JKKPUXMEh61soaHKg9mrWEhzFWhFnxPxGl-69cD1Ou63C13NUPCnmIcrvqCuM6w-- <- yargs 17.7.2
+ nodelite-2-7eDbqKv-OBd11jjdZjUwFGN8sHWkeUqLeHXHQxQ1azja2IM7WIH-z-aLgzR6LhB3-MINNwtjesDpjGqTMj2JKQ-- <- @serverless/utils 6.15.0
+ nodelite-2-7eltJxgVt7X64oHh6wSWNwwbKTCtMfK35hcjvJS0yxEAhPM8oUKdS3-kqaW1vicIltw-kR2unHaa12S9pPALoQ-- <- react-icons 5.4.0 (5.5.0 is available)
+ nodelite-2-7eMk09zQKCO-E-ivsjQv-fDlOupcFUCSC-L2YUPgwhvowVGWbPQHjEFcmjt7QQ4ra5lyowS92SV53Zc6XD4-fg-- <- @smithy/types 4.2.0 (4.9.0 is available)
+ nodelite-2-7emPTl6Dpo6JRXOXjLRxck-FlLRX5847cLKEn00PLAgc3g2hTZZgr-e4c2v6QpSmLeFP3n5yUo7ft6avBK-5jQ-- <- depd 1.1.2 (2.0.0 is available)
+ nodelite-2-7EYDbHE7MxHpv4sxvnVPngw5fuR6pw79SkcrILHJ-iMpuKySNCl5W1qcwPEpU-LgyRXOaAFgH0KhwD18wwg6ug-- <- @svgr/babel-preset 8.1.0
+ nodelite-2-7fm3l3NAF9WfN6W3JOmf5drwpVqX78JtoGJ3A6W0a6ZnldM41w2fV5D490psKFTpMds8TJse-eHLFFsNHHjHgg-- <- lower-case 2.0.2
+ nodelite-2-7FTQQuuLKmN1Ig-h-h-GO-44Q1IlglPlR2es4ab7Yvfx-Uk5xsv-Ykk-MEt-M2Yn-xGmzaLKxGw2lgy2bwuYqg-- <- @vitest/expect 3.1.3 (4.0.7 is available)
+ nodelite-2-7GO6HghkA5fYG9TYnNxi14-7K9f5occMlp3zXAuSxn7CKCxt9xbNWG7yF8hTCSUchlfWSe3uLmlPfigevRItzQ-- <- dotenv 16.0.3
+ nodelite-2-7iiOx3SG8-g1MnlzZVDYiaeHe7Ez2Kf2HrJzdmGwkRisT7r4rak0e655AcM-tF9JG-kg5fMNYlLLKglbN7gBqA-- <- @shikijs/engine-oniguruma 1.29.2 (3.22.0 is available)
+ nodelite-2-7IsIaIDeZn7kffk7qXC3o6Z4UblZJKV3UBpkvRNpr5NSyLji7tvTcvmnMNYuYLyh26mN8W723xpo3i4MlD33vA-- <- @typescript-eslint/scope-manager 8.32.1
+ nodelite-2-7jdwVIRtsP8MYpdXSwOS0YdD0Du-qOoF-AEPIt88PcCFrZCzx41oxku1jD88hZBwbNUIEfpqvuhjFaMAqMTWnA-- <- path-to-regexp 8.3.0
+ nodelite-2-7JHHCbyCsGUxLd0pDbp24yz3zjxw2t673W5oAP6HCEdr-UUhaRhYd3SSnUsGCk-VnPVJVA4mXROzbhI-nyIk-w-- <- @tsconfig/strictest 2.0.1 (2.0.6 is available)
+ nodelite-2-7KxauUdBmSdWnmpaGFg-ppNjKF8uNLry8LyzjauQDOVONfFLNKrKvQOxZ-VuTIcS-gge-YNahf5RIIQWTSarlg-- <- write-file-atomic 4.0.2 (6.0.0 is available)
+ nodelite-2-7L0XUixNEFcLUGPeBF35enCvB9Xl-K6SQsmbrPk1P3mlV9mguWSDQqbOBwY1Ir0OVbD6H-ZOQU7hI-9RtRI0Zw-- <- @aws-sdk/util-buffer-from 3.208.0
+ nodelite-2-7MptL8U0cqcFdzIzwOTHoilX9x5BrNqye7Z-LuC7kCMRio1EMSyqRK3BEAUD7sXRq4iT4AzTVuZdhgQ2TCvYLg-- <- fast-glob 3.3.3
+ nodelite-2-7mz-721AbnJwIVbnaSv1Cz3Am0ZLT-UBwkC92VlxhXv-k-BBQfM2fXElQNC27BVGr0uwUpplYPQM9LnaBMR5NQ-- <- http-proxy 1.18.1
+ nodelite-2-7N-q3lyZ-LVCp7PzuxrJr4KMbBE2hW7BT7YNia330OFxIf4d3r5zVpicP2650l7CPN6RM9zOJRl3NGpqSiw3Eg-- <- map-obj 1.0.1 (4.3.0 is available)
+ nodelite-2-7NXolsK4CAS5-xvdj5OMMbI962hU-wvwoxk-LWR9Ek9bVtyuuYScDN6eS0rUm6TxApFpw7CX1o4uJzcd4AyD3Q-- <- inline-style-parser 0.1.1 (0.2.7 is available)
+ nodelite-2-7PGFlmtwsEADb0WYyvCMa1t-yke6daIG4Wirafur5kcf-MhUnPms1UeR0CKQdTZD81yESwMHbtn-TR-dMviakQ-- <- set-function-name 2.0.2
+ nodelite-2-7PnF4oN3CvZF23ADhA5wRaYEQpJ8qygSkbtTXWBeXWXmEVRXK-1ITciHWwHhsjv1TmW0MgacIv6hEi5pX5NQdA-- <- ini 2.0.0 (6.0.0 is available)
+ nodelite-2-7QaYCf8bqF04dOy7w-eHmJeNExxTYwvKAmlSAH-EaWWUzbT0h5sbF6bktFoX-0F-0qwng5-dWFMyf3gzaM8DsQ-- <- @rollup/plugin-replace 6.0.2 (6.0.3 is available)
+ nodelite-2-7RfTz38MB0n8tzmRHtUh1y0K7609CLBHpYuyZuh9rpf9FyhOd2in-6EHuqu6ul-Jebn1qD1HdYKtAMjb7uiNAQ-- <- satori 0.0.46
+ nodelite-2-7rKUyy33Q1yc98pQ1DAmLtwX109F7TIfWlW1Ydo8Wl1ii1SeHieeh0HHfPeL2fMXK6z0s8ecKs9frCuLJvndBg-- <- uri-js 4.4.1
+ nodelite-2-7RUKfXgSMMkzt6ZuXmqapOurLGPPfgj6l9uRZ7lRGolvk0y2yocc35LdcxKC5PQZdn2DMqioAQ2NoWcrTKmm6g-- <- estree-walker 3.0.3
+ nodelite-2-7rVi2KMfwfWFl-GpPg6m80IVMWXLRjO-PxTq7V2CDhoGak0wzYzFgUY2m4XJ47OGdXd8eLE8EmwfAmdjw7lC1g-- <- xml-js 1.6.11
+ nodelite-2-7t1vR1pVxKx0motd3X9rI3m-xNp78p3sHtP5yo4NP4ARpxyJ0fokBomY8ScaH2D-B-U5o9ARxldJUdMqyBlJcA-- <- @aws-sdk/util-hex-encoding 3.201.0
+ nodelite-2-7UvmKalWRt1wgjL1RrGxoSJW-0QZFIegpeGvZG9kjp8vrRu55XTHbwnqq2GpXm9uLbcuhxm3IqX9OB4MZR1b2A-- <- any-promise 1.3.0
+ nodelite-2-7V-KqSvMiHp8yWDuwfww06XleMWVVB9b9tURBx-G7UTADuo5hYPuowKloz4OzOqbPezxgo-fdQ1522WzPG4OeA-- <- convert-hrtime 3.0.0 (5.0.0 is available)
+ nodelite-2-7VmYAmk4csGv08QzrDKScdzn11jHPFGyqJW39FyPgPuAp3zIaUmuCo1yxw9aGs-NEJuTGQ9Gwqpt93vtJubucg-- <- @npmcli/redact 3.2.2
+ nodelite-2-7VT13fmjotKpGipCW9JEQAusEPE-Ei8nl6-g4FBAmIm0GOOLMua9NDDo-DWp0ZAxCr3cPq5ZpBqmPAQgDda2Pw-- <- chokidar 3.6.0 (5.0.0 is available)
+ nodelite-2-7vuh85V5cdDofPyxn58nrPjBktZo0u9x1g8WtjQol-jZDaE-fhN-cIvTj11GndBnMnyfrUOG1sZQxCdjKh-DKg-- <- jest-worker 27.5.1 (30.2.0 is available)
+ nodelite-2-7vwq-rOHVWjyXxVlR76Agnvhy8I9rpzjosTESvmhNeXOXdZZB15Fl-TI9x1SiHZH5Jv2wTGduSxFDIaq0m3DUw-- <- @sideway/address 4.1.4 (4.1.5 is available)
+ nodelite-2-7x81NCL719oNbsq-3mh-hVrAWmFuEYUqrq-Iw3kUzH8ReypT9QQ0BLoJS7-G9k6N81XjW4qHWtjWwe-9eLy1EQ-- <- open 8.4.2 (9.1.0 is available)
+ nodelite-2-7XHNxH7qX9xG5mIwxkhumTox-MIRNcOgDrxWsMt2pAr23WHp6MrRlN7FBSFpCpr-oVO0F744iUgR82nJMfG2SA-- <- function-bind 1.1.2
+ nodelite-2-7yAQpD2UMJzLi1Dqv7qFYnPbaPx7ZfFK6PiIxQ4PfkGPyNyl2Ugx-a-umUonmKqjhM4DnfbMvdX6otXq83soQQ-- <- fetch-blob 3.2.0
+ nodelite-2-7ylylesZQ-PV29jhEDl3Ufjo6ZX7gCqJr5F7PKrqc93v7fzSymt1BpwEU8nAUXs8qzzvqhbjhK5QZg6Mt-HkBg-- <- lines-and-columns 1.2.4 (2.0.4 is available)
+ nodelite-2-7zjFAPO4-gwyQAAgRRmqeEeyIICSdmCqa3tsVHMdBzaXXRiqopZL4Cyghg-XulGWrtABTpbnYYzzIRffLkP4oA-- <- is-regexp 1.0.0 (3.1.0 is available)
+ nodelite-2-8-9WqebbFzpX9OR-Wa6O29asIogeRMzcGtAINdpMHHyAg10f05aSFVBbcEqGf-PXw1EjAZ-q2-bEBg3DvurK3Q-- <- argparse 2.0.1
+ nodelite-2-81NWa1njQblgZbQHxWHpxxCzNsa3ZwvFqpUg7P-NNUU6f3UU2jBEg4OlF-J6rl8-PQGh1q6-zWScd001YwcA5A-- <- @babel/parser 7.26.9 (8.0.4 is available)
+ nodelite-2-83rnH2nCvclWaPQQKvkJ2pdOjG4TZyEVuFDnlOF6KP08lDaaceVyw-W63mDuafQT-MKHCvXIPpE5uYWeM0rT4w-- <- @fastify/busboy 3.0.0 (3.1.1 is available)
+ nodelite-2-84Ivxmr17KjUupyqzFode6xKhjwuEJDROWKJy-BthkL7Wn6NJ8h4WE6k-exAv6ImS-0oZLRRW5j-aINMHyeGeQ-- <- react-dev-utils 12.0.1
+ nodelite-2-85Y2BjiufFzaMIlvJDvTTB8Fxl2xfLo4HgmHzVBz08w4wDePCTjYw66PdrolO0kzli3yam-YCgRufyo1DdQVTA-- <- @types/responselike 1.0.0 (1.0.3 is available)
+ nodelite-2-86GgN2vzfUu7m9Wcj63iUkuDzFNYFVmjeDm2GzWpUk-opB0pEpMsw6ePCMrhYkumz2C1ihqtZzOMAg7FiXcNoQ-- <- jwt-decode 2.2.0 (4.0.0 is available)
+ nodelite-2-88JUN06ipLwsnv-dVn-OIYOvAuvBMy-Qoi6O7mQHxdPXpjy-Cd6xRkWwux7DKO-4sYILtLBRIKgsdpS2gQc7qw-- <- hast-util-whitespace 3.0.0
+ nodelite-2-8BuReHmbSPd6iRQDQhlyK5-DexY1Hmb4K0GUVo9Te1Yaz8gyOZspBm9qdG1SvebdSIKw3WNlzpdstJ47TJ4bOw-- <- vite-plugin-vue-tracer 0.1.1
+ nodelite-2-8BYqO3GeVNHtx69fdPshN3fnzUNLrWdHhk-icSwigksJGczKSizZ-Z6SBCxTs723Fr5VSNorTIK7a-R2tISvwQ-- <- @babel/plugin-transform-unicode-sets-regex 7.25.9 (8.0.1 is available)
+ nodelite-2-8D43jXtGsYmEeDvm4MWHYUpWf8iiXgWYx3fW7E7Wb7Oe6FWqJPl5K6TuFW0dOwNZzEE5rjlaSJYH9JjrUKJszA-- <- @babel/register 7.25.9 (7.29.7 is available)
+ nodelite-2-8EbVDiu9iN-nESwxeSxDKe0dunta1GOlHufmSSXxMD2z2-tMZpDMpvXQGsc-ajGo8y2uYUmixaSRUc-QPoQ0GA-- <- sucrase 3.35.0 (3.35.1 is available)
+ nodelite-2-8eJ5X0y-gWDsURZnBfH0WabdNm8XMCXHv8ENy-3Z-oQKwaB-EHt5lP9VsTDTf36lKEp0V6DjzjFyFIB-CetL0A-- <- @docusaurus/theme-common 3.7.0
+ nodelite-2-8eluCl-Blx4YOGwMapBvXRKxHXhA8ejDXYzEaK8--gtcm8hRMhSLmXSqDmNUKNc-C8HNSmuyyp-hflhqDAvK2A-- <- deferred 0.7.11
+ nodelite-2-8evxG--iWyWnhng3g5RP-kwn6j-2vKLfew8pVoekn87FcfsDm92zJXKwSrU6pl-m5eAbGFhFF-gCYEQiRdbPlA-- <- algoliasearch 5.20.2 (5.57.0 is available)
+ nodelite-2-8F8fPo32-L9pZ6iESJnFS-Q6R7jvKb5Bn8hsMcOYpkIRV4OQcdvCBQpLS60qol16F0TUAu2NXiE97a-hghex4Q-- <- @prisma/config 6.8.1
+ nodelite-2-8guHBZCwKnFhYdHr2ysuRWErTwhoN2X8XELRlrRwpmfeY2jjuUN4taQMsULKUVo1K4DvZl-0pgfyoysHxvmvEw-- <- eventemitter3 4.0.7 (5.0.4 is available)
+ nodelite-2-8H04Mxsb82ON-aAkPeq8kcBbAtI5Q2a64X-mnRRfPXBq7XeogoQvReqxEfc0B4WPq1KimjezNC8flUtC3Qz6jg-- <- postcss-normalize-display-values 6.0.2 (7.0.3 is available)
+ nodelite-2-8HrF5ZsXk5FAH9dgsx3BlUer73nIhuj-9OrQwEbLTPOBzGkL1lsFCR01am-v-0m2Cmbs1nP12hLDl5FA7EszKA-- <- recursive-readdir 2.2.3
+ nodelite-2-8I2a3LovHTOpm7NV5yOyO8IHqgVsfK4-UuySrXU8YXkSRX7k6hCV9b3HrkKCr3nMpgj-0bmocaJJWpvp1oc7ZA-- <- sax 1.2.1 (1.6.1 is available)
+ nodelite-2-8iUql50EUR-uUcdRQ3HDqa6EVyo3docL8g5WJ3FNcWmu62IbkGUue-pEyLBW8VGKKucTPgqeks4fIU1DA4yowQ-- <- ajv-formats 3.0.1
+ nodelite-2-8jI69toZqqcsnqGGqwGS4Qb1VwLOEp4hz-CXPywcvjs60u3B4Pom-U-7rm4W8tMOYEB-E9wgD0mW1l3r8qlI9Q-- <- @babel/runtime 7.21.5 (8.0.0-beta.0 is available)
+ nodelite-2-8JZt9ElZ5kyTnO94muPxIGS8oyElRJaiJO8EzV6ZSyGQ1Is8xwl4Q45qU5UOg-bGH4AikWziz0iN4sFLWs8PGw-- <- micromark-util-symbol 2.0.0 (2.0.1 is available)
+ nodelite-2-8k2eH6SRAK00NDl1iX5q17RJ8rfl53TajdYxE3ssMLehbg487dEVgsad4pIsZb-QqBgYWIl6JOauMTLGX2Kpkw-- <- boxen 7.0.1 (8.0.1 is available)
+ nodelite-2-8krCNHXvlCgHDpegPzleMq07yMYTO2sXKASmZmquEYWEmCx6J5UTRbp5RwMJkTJGtcQ44YpiUYUiN0b9mzy8Bw-- <- globby 13.1.3
+ nodelite-2-8KyabkmbYrH-9ibcTScQ1xCJC-CGcugdVIwB-53f5sZziXgwUh3iXlAlANMxcZyDEfTHMe6-Z5FofV8nopXP7w-- <- archiver 5.3.1 (7.0.1 is available)
+ nodelite-2-8lP-Yxjv14Vc5MuWBpJsoUCd3hD6V9DgBon2FVYL4jJgbnVQ9fTgYmonchzZJOVNgzEgbxp4OwAf6xz6M-14XA-- <- @babel/plugin-transform-function-name 7.25.9 (8.0.1 is available)
+ nodelite-2-8Mc2HhqPdlIfedsuZoc3yioPuzp6b-L5jRCRY1QzuWZh2EGJVQrGppC6V6cF0bLdbW0-O2YpqCA25aF-1lvipQ-- <- node-fetch-native 1.6.6 (1.6.7 is available)
+ nodelite-2-8Ofs-AUQh8MaEcrlq5xOX0CQ9ypTF5dl78mjlMNfOK08fzpgTHQRQPBxcPlEtIw0yRpws-Zo-3r-5WRby7u3Gg-- <- negotiator 1.0.0
+ nodelite-2-8p0AUk4XODgIewSi0l8Epjs-EVnWiK7NoDIEGU0HhE7-ZyY8D1IMY7odu5lRrFXGg71L15KG8QrPmum45RTtdA-- <- readable-stream 2.3.8 (4.7.0 is available)
+ nodelite-2-8pgjLUcUjcgDg-2Q4NYXnPbo-vncAY4UmyaCm0jZevERqCHZIaWwdJHkf8XQtu4AxSKCdvrUbT0XUr1IdZzI8Q-- <- esbuild 0.25.4 (0.28.2 is available)
+ nodelite-2-8pljkLj4vfz2i7Tf3yB31tRrszjP8-kwIyABGfcZ1GcHlvdUB0Sbx0WzQkOPMqUBxa-bu4--NAyHEpDtZJzlJw-- <- array-unflat-js 0.1.3
+ nodelite-2-8PyWTnn7zBIt9l4hj4UusFs1TyG-9Ulu1zlOAc72L7Sdv9Hsc8E86ot7htY3HXCVhXHB-NO0pVGvZpwsyJvFfw-- <- conventional-changelog-writer 6.0.0 (8.2.0 is available)
+ nodelite-2-8Q7EARjzEnKpt-PCD7e1cgUS0a6X8u5tdSiMqXhojOdoV9TsMsiO-9VLC5vAmO8N7-GmXn7yjR8qnA6bVAEzfA-- <- is-arguments 1.1.1 (1.2.0 is available)
+ nodelite-2-8q7VEgMJW4J8tcfVPy8g09NcQwZdbwFEqhe-WZkoIzjn-3TGDwtOCYtXGxA3O8tPzpczCCDgv-P2P5y00ZJOOg-- <- merge2 1.4.1
+ nodelite-2-8QmQKqEASLd5nx0U1B1okLElbUuuttJ-AnYmRXbbbGDWh6uS208EjD4Xqq-I9wK7u0v6O08XhTWnt5XtEbR6Dg-- <- define-properties 1.2.1
+ nodelite-2-8QqtOQT5ACVlmsvKOJNEaWmRPmcojMOzCz4Hs2BGG-toAp-K38LcsMRyLp349glq5AzJbCEeimEoxaX6v-fLrA-- <- @svgr/core 8.1.0
+ nodelite-2-8Rf9Y83NBReMnx0gFzA8JImQACstCYWUplepDa9xprwwtmgEZUF0h-i5xSA625zB-I37EtrswSST6OXxwaaIJQ-- <- has-unicode 2.0.1
+ nodelite-2-8sHeDOmXC8csczMrYEOf0UTNa4yE2SxV5JGeT-LP1n0OYVDUUFPxG9vdk2AlDlIit4t-Kf0xCtpgXPBwnn-9pw-- <- babel-plugin-polyfill-regenerator 0.5.3 (0.6.8 is available)
+ nodelite-2-8smPlwhga22pwl23fM5ew4T9vfLUCeFXlcqNOCD5M5h8VmNPNUE9j6bQSuRXpDSV11L-E-SwEBQuW8hr6-nS1A-- <- @smithy/config-resolver 4.1.0 (4.4.6 is available)
+ nodelite-2-8TMXEHZXZTFTckQLyBT5aEI8fX11HZcwZseRifvBKKpj0RZDk4F0EEYGxeNSPpUQ7n-PRWyfAEnnZNRdAj-1NQ-- <- @aws-sdk/middleware-location-constraint 3.775.0 (3.972.2 is available)
+ nodelite-2-8u-hfXFRBD1O0hPUjioLhoWFHRmt6tKA4-vZPyckBr18l1KE9uHrFaFaUi8MDRTpi4uak2goyPTSNJLXX2k2Hw-- <- object.entries 1.1.9
+ nodelite-2-8U-MtpkPkkk3Atewj1-RcKIjb5WBimZ-WSLhhR3w6SsIj8XJuKTacSP8g-2JhfSGw0Cb125Y-2zA-IzJZDVbhA-- <- unplugin-utils 0.2.4 (0.2.5 is available)
+ nodelite-2-8U5eiL6BTrPxp-CHbs2yMgP8ftMhR5ww1eIKoWRMlqvltHF8fZn5LRDvTKuxD3DUn-shRbLGqXemcP51oFCsGQ-- <- estree-util-build-jsx 3.0.1
+ nodelite-2-8uSpZZocAZRBAPIEINJj3Lo9HyGitllczc27Eh5YYojjMFMn8yHMDMaUHE2Jqfq05D-wucwI4JGURyXt1vchyg-- <- execa 5.1.1 (9.6.1 is available)
+ nodelite-2-8V9-HQPupnaXMA23c5hvl69zXvTwTzyAYasnkb0Tts4XvO4CliqONMOnvlq26rkhLC3nWDFBJf73LU1e1VZLaQ-- <- pirates 4.0.5 (4.0.7 is available)
+ nodelite-2-8VbfWfHLbbwu3-N6OKsOMpBdT4kXPDDB9cJk2bJ6mh9ucxdlnNvH1e-roYkKmN9Nxw2yjz7VzeO9oOz2zJ04Pw-- <- ws 8.18.0
+ nodelite-2-8VLmW2B-gjFbU5uMeqtQM6Nj0-F1bro80xQXCW6CQBWgosFWXTx77aeOF5CAIAmbOK64SdMBJdNr6J41yP5mvQ-- <- @aws-crypto/sha256-browser 3.0.0 (5.2.0 is available)
+ nodelite-2-8VpnwFWXhnZ-iRSl9mTf-VKOX9wDE8QtN4bj9pBfxwf90H1X7E8T6NkiZD3k-HubYf2J94e7DbeHs7fuCPW5Qg-- <- @aws-sdk/util-body-length-browser 3.188.0
+ nodelite-2-8vpW4WihVfz0DX-7WnnLGm3GuQER--b0IwQG35JlQMlgqnc44M--KbJPsIHA0aJUJVwJAEShgfr5dUbY8WUzaA-- <- @aws-sdk/core 3.775.0 (3.973.4 is available)
+ nodelite-2-8wb9Yw966OSxApiCt0K3yNJL8pnNeIv-OEq2YMidz4FKP6nonSRoOXc80iXY4JaN2FC11B9qsNmDsm-ZOfMROA-- <- jju 1.4.0
+ nodelite-2-8XPvpAA8uyhfteu8pIvQxpJZ7SYYdpUivZpGy6sFsBuKRY-7rQGavedeB8aK-Zkyq6upMFVL-9AW6vOYzfRyLg-- <- log-symbols 4.1.0 (7.0.1 is available)
+ nodelite-2-8YnDaaf7N3k-q5HnTJVuzSyLETjoZjVmHc4AeKAzOvKHEFQKcn64OKBfzHYtE9zGjctNM7V9I0MfnUVLpi7M5g-- <- dataloader 2.2.2 (2.2.3 is available)
+ nodelite-2-8ZYiJ3A-3OkDd093CBT-0UKDWry7ak4BdPTFP2-QEP7cmhouyq-Up709ASSj2cK02BbZiMgk7kYjZNS4QP5qrQ-- <- cssstyle 4.0.1 (5.3.3 is available)
+ nodelite-2-91J35077w9UNaMK1cpMUEFRkNNz0uZjnSwiyBCFuRdaVuivO53wNC9XtWSDNDdcO5cGy87vfJRVAiyoCn-mjqA-- <- @react-aria/focus 3.18.4 (3.21.2 is available)
+ nodelite-2-92Sz6XBlfHlb9tK5UCDzIFAuIkHHpemA9zwUaqvo-w7sFMSmVMGmvKcbptof-eJObq63PGnMhM75x7qxhTR78Q-- <- playwright 1.28.1 (1.62.1 is available)
+ nodelite-2-937dpW009lbV8p1gg1SoUvUnJBnfJKYU6CEJcsdoLnBzI4YP7Y8oT-M0O7WTQwfErTYLCG9t0W1huaexSLx7yA-- <- github-buttons 2.22.1
+ nodelite-2-93uGjlhUD-iNg1iWhUENAtJata6w5nE-V4urXOAlIXdco6xNZtUSfYY8dzp3Udy74aqO-B5UZL80x-YMa5PKRw-- <- @octokit/plugin-enterprise-rest 6.0.1
+ nodelite-2-94Bdh3cC2PKrbgSOUqTiGPWVZeSiXfKOVZNJniWoqrWrRkB1CJzBU3NEbiTsPcYy1lDsANA-THzS-9WBiy5nfQ-- <- sirv 2.0.4 (3.0.2 is available)
+ nodelite-2-94GLSYhLXF2t2LAC7pDwLaM4uCARzxShyAQKsirmlNcpidH89VA4--K1LbJmRMgz5gy65E-QBBWQdUvGLe2Frg-- <- @npmcli/metavuln-calculator 9.0.3
+ nodelite-2-94hK0Hh8rPqQl2xXc3HsaBoOXKV20MToPkcXvwbISWLEs-64sBq5kFgn2kJDHb1Pry9yrP0dxrCI9RRci7RXKg-- <- smart-buffer 4.2.0
+ nodelite-2-97-BJ3iXHww3djw6hYIfErCZFee7qCtrneuLa20UXFCOTCfBM2cvQHjWJ2EG0s0MtdNwInarqCTz35i4wWXHsQ-- <- @emnapi/runtime 1.5.0 (1.8.1 is available)
+ nodelite-2-973driJZvxiGOQ5ONsFhOF-DtzPMOMtgC11kCpUrPGMTgqp2q-1gwzCquocrN33is0VZ5GFHXZYMM9l6h67v2Q-- <- pretty-ms 7.0.1 (9.3.0 is available)
+ nodelite-2-97g6QgOk8zlDRdgq1WxwgTMgEWGVAQvB5Fdpgc1MkNy56la5SKP9GsMXKDOdqwn90-41a8yPwIGk1Y6WVbeMQA-- <- emoji-regex 10.2.1
+ nodelite-2-98Iq6-FIrAEv7ZK3n86Nr8zUZ20394fpyJBBhvQJiywH-JRonk7JWY5tUaSuL8kfY8vM-WCnFoWHJ-2Hsgw9EA-- <- @nx/devkit 22.0.3 (22.3.3 is available)
+ nodelite-2-9BDG5XmJrJQQnJ51VFxXCAtpZ5ebDlAREmO8sxMOVU0aSxN-gocbctjIG5LMh3WBUq-xTlb-jw2LoljBEqraTA-- <- cssdb 8.2.3
+ nodelite-2-9by4Ij99JUr-MCFBUkDKLWK3G9HVXmabKz9U5MlIAIuvuzkiOicRYs8XJLxX-xahD-mLiiCYDqF9dKAgtzKP1A-- <- run-applescript 7.0.0 (7.1.0 is available)
+ nodelite-2-9ByhssR2fPVsNZj478qUUbKfmL0-t5BDVyjShtyZZLiK7ZDAArFFfopyOTj0M05wE2tJPisA4iTnnXl2YoPvOA-- <- graceful-fs 4.2.10
+ nodelite-2-9ca1h0Xjvo9bEkE4UOxgAzLV0jHKe6LMaxo37ND2DAhhAtd0j8pR1Wxz--goMrZO8AEZTWCmyaOsFI-W5AdpCQ-- <- nanotar 0.2.0
+ nodelite-2-9CNg-Ly8QjH4FwCUoE9nl1zeqY1NPK1s1P6Btp4L8lJxn8oZLN-0p6RZhitnyEL0BnVWrcVPfbs0Q3x-O-ucHg-- <- impound 0.2.2
+ nodelite-2-9DGttpmPvIxBb-2uwpVo3dqJ-O6RooAFOS-lB-xDqoE2PVCE8nfoHMdZLpfCQRLwvohzXISPZcgxt80xLfsuwg-- <- @babel/template 7.25.9 (8.0.0-beta.0 is available)
+ nodelite-2-9DPkXtvHydrcOsopiYpUgPHpmj0HWZKMUnL2dZqpvC42lsratuBG06V5ipyno0fUek5VlFsNQ-AcFATSrJXgMA-- <- @napi-rs/wasm-runtime 0.2.11 (1.1.1 is available)
+ nodelite-2-9fSjSaos-fRIVIp-xSJlE6lfwhES7LNtKaCBIamHsjr2na1BiABJPo0mOjjz8GJDURarmCPGqaiVg5mfjb98CQ-- <- get-intrinsic 1.3.0 (1.3.1 is available)
+ nodelite-2-9FzQjJ7MATs1tSpnco1K6ayiYE3figslrXA72G2HQ-n76RzvYlofyi5QM-iX4YRs-pu3yzxlVQSST23-dMDknw-- <- jmespath 0.16.0
+ nodelite-2-9gGx6GTtCQM73BgmHQXfDmLtfjjTUDSyoxTCbp5WtoixAhfgsDirWIcVQ-IHpvI5Vgd5i-J5F7B9cN-WlVbC-w-- <- is-symbol 1.1.1
+ nodelite-2-9GM9ECEHfR8lk5ASOKG4-4ZsEzFqLfhiryIJ2ISePVB92OHLp-yne4m-zn7z9dgvM98TLpiFebjDFQ0UHcqxXQ-- <- @hapi/cryptiles 6.0.1
+ nodelite-2-9H6YdfkcK-uOnY-K7-aA2xpzaAgkQn37yzWUMRK7OaPOqOpGS1-n0H5hxT9AUw9EsSjPW8SVyMJwYRtWs3X3ug-- <- @babel/plugin-syntax-numeric-separator 7.10.4
+ nodelite-2-9jaqR6e7Ohds-aWwmhe6wILJ99xYQbfmK9QQB9CcMjDbTxPZjwEmUQpU91OG05Xgm8BahT5fW-svbsQGjS-zPg-- <- css-box-shadow 1.0.0-3
+ nodelite-2-9JGuzl2M-vPL-pz70gtMF9sHdMFbY9FJaQBi186cHKH3pSzDvzoUJUPV6fqiKIMyXbud9ZLg4F3Yza1vJ1-93g-- <- caniuse-lite 1.0.30001764 (1.0.30001810 is available)
+ nodelite-2-9kqJ-2DkUXiuhoiYIUvIYjGcwle8pcPpdlfkemGvTObzgmYfJ5d0Qm6jwb4NBXP9W1I5tss0VIAnWFumz3mC5A-- <- @typescript-eslint/types 8.24.1
+ nodelite-2-9lCTqxaoa9c9cdkzSSx-q-qaYrCrUPEwTWzLkVYg1-T8ESH3BG9vmb1zRc6ODsBVB0-gnGRSqSr01pxTS1yX3A-- <- @npmcli/run-script 10.0.2
+ nodelite-2-9LkiTwjUh6rT555DtE9rTX-BKByPfrMzEAtnlEtdEwr3Nkffwiihqe2bWADg-OQRjt9gl6ICdmB-ZFDCGAtSow-- <- retry 0.12.0 (0.13.1 is available)
+ nodelite-2-9mj6rm7XVYs4mdLIpbZnHOYdpW42uoiBCTVowg7sP1thUOiANgMb4UtpRivR0pp5iL-ocvUv7X4mZgFRpJEzGw-- <- @babel/plugin-transform-react-jsx-development 7.25.9 (7.29.7 is available)
+ nodelite-2-9N7-2lFziW8W9pBl2TzaNht3-pgMIRP74zizeCSrtnSKVdUl8mAjjOP2OOVQAfZ881P2cNjDj1uAMEdeD50nuQ-- <- @babel/plugin-transform-literals 7.25.9 (8.0.1 is available)
+ nodelite-2-9NThjpgZnifTkJpzTZ7Eue85S49QwpNhZTq6GRJwObb6jnLFNGB7Qm73V5HewTROPyxD0C29xqmaI68bQtV-hg-- <- split2 3.2.2 (4.2.0 is available)
+ nodelite-2-9OdaqO5kwqR-1kVgHAhsp5vPNU0hnxRa26rBFNfNgM7M6pNtgzeBn3s-xbyCQL3dcjzOatcef6UUHpB-6MaETg-- <- unique-slug 5.0.0 (6.0.0 is available)
+ nodelite-2-9Pj7abXoW1RSTcZaL2Hk6G2XyLMlp5ECdVC-Zf2p-KBjC3srijLGgRAXOBjtFrJoIrvxdTKyKDA14bEcbxBaWw-- <- @types/yargs 17.0.14 (17.0.35 is available)
+ nodelite-2-9Qn4yBxelxoh2Ow62nP-Ka-kMnOXRi8BXnRaUwezLNhqelnN49xKz4F-dPP8OYLxLxq6JDtZb2i9XznUQbNPTg-- <- handle-thing 2.0.1
+ nodelite-2-9QNk5KwDF-Bvz-PyObkmSYjI5ksVUYtjW7AU22r2NKcfLJcXp96hkDWU3-XndOsUb-AQ9QhfzfCT2O-CNWT5Tw-- <- symbol-tree 3.2.4
+ nodelite-2-9QnLuG-kPVgWvMQ4aODhsBUFKOUmnbUnsSXACv-NCQZcHbeb-v8Lodp8OVxtRULN1-xOyYLLaL6npE6dMq5QTA-- <- ramda 0.28.0 (0.30.1 is available)
+ nodelite-2-9qny7Z9DsQU8Ou39ERsPU4OZQlSTP47ShQzuKZ6PRXpYLtIFgl-DEBYEXKlvcEa-9tHVcK8CF81Y2V72qaZhWA-- <- npm-run-path 6.0.0
+ nodelite-2-9QT5TDGgx7wD3EEMN3BSUG6ckb6Eh5gSPT5kZoVtUuAonfPmLDJyPhqR4ntPpMYhUKAMVKAg3I-AgzqHMSeLhA-- <- @csstools/postcss-ic-unit 4.0.0
+ nodelite-2-9qzVhcMFU-MnwYHyYpJz4JhGku-4-xEiPTmhn0hj3IxnUYlEF9vbh7OC1KoLAnenS6Fgg43TKNp9xcuMeAi4Zw-- <- postcss-preset-env 10.1.3
+ nodelite-2-9RbEr1Y7FFfptd-1eEdntyjMwLeghW1bHX9GWjXo19vx4ytPQhANltvVxDggzJl7mnWM-dX28kb6cyS-4iQjlQ-- <- postcss-selector-parser 7.0.0 (7.1.6 is available)
+ nodelite-2-9Ri-o0JYgehTaVBBDoMqIl8GXtbWg711O3srftcHhZ0dqnETqLaoIK0x17fUw9rFSlK-0NlsKe0Ahhyl5pXE2g-- <- longest-streak 3.1.0
+ nodelite-2-9sIH3nSUttelJSXUrmGzl7QUBFul0-mB8HRYl3fOlgHbIWG-WnYDXU3v-2zMtAvuzZ-ed00Ei6on975FhBfzrg-- <- @octokit/openapi-types 24.2.0
+ nodelite-2-9tcKgqKbs3xGJ-NtKF2ndOBBLVwPjl1SHxPQkd36r3Dlirw3xWUeGaTbqr7uGZcTaxkVNwc-03SVP7aCdWrTlA-- <- @babel/parser 7.23.9 (8.0.4 is available)
+ nodelite-2-9THPCb2l1GPt7wxhws9LvTR0YG565ZlVgTuqGMwjs590Kch1pXu4GyjEArVijSF5m0OBj3qgdeKmuJXhKXgWFw-- <- drizzle-kit 0.22.7 (0.31.7 is available)
+ nodelite-2-9TOQ7781sZvddgO8nxueKi3-yGvkY35kotA0Y6BWRajAv8jjmigQ1sBwz0UX47pQMYXJPahSKEKYFgt-rXdcug-- <- @smithy/util-buffer-from 4.0.0 (4.2.0 is available)
+ nodelite-2-9u-sniCrY3D5WdsERHzHE4G2YCXqoG5FTHUiCC4SIbr6XcLZBY05ya9EKjYek9O5xOAwjGq-1JdGBAS7Q9ScoA-- <- readable-stream 3.6.2 (4.7.0 is available)
+ nodelite-2-9uBdv-B4EefsuAL-pWqueZyZS2Ba-LxfFeQ9DN14HU4bN8bhaxKdkpjpB6fs9-pSjIBu-FXQHImEg8j-Lw0-vA-- <- pretty-format 30.2.0
+ nodelite-2-9v9kG0LvzrlcungtnJtpGNxY-fzECQKhK4EGJX2vByejiMX84MFNQw4UxPJl3bFbTMw-Dfs37XaIkCwTZfLh4g-- <- cheerio-select 2.1.0
+ nodelite-2-9vXnu27r4zgS-BHP6RCLBOrJoV2xxtLYHT68IVpSOdCkBHGpf1oOJt6blv1y5NRRJBEfAFCvj5NmwSMhETF96w-- <- @rolldown/binding-linux-x64-gnu 1.0.0-beta.11-commit.f051675 (1.0.0-rc.2 is available)
+ nodelite-2-9xYfSJy2IFQw1i6462EJzjChL9e65EfSo2Cw6kl0EFeDp05VvU-anrQk3Fc0d1MbVCq7rWIxeer89O9SUQ-uOg-- <- npm-registry-utilities 1.0.0
+ nodelite-2-9yl91rHw-cpwMCNytUDxwj2XjFpxML0y9HAOH9pNVQDpQrBxHy01Dx-vaMu0N1CKa-RzBD2hB4u--nfc-Sd3Cw-- <- @esbuild/linux-x64 0.25.0 (0.28.2 is available)
+ nodelite-2-9YQaSxsAiSwcvS33MBk3wTCVnWK-HhF8VZR2jRxehM16QcVOdHqPn4VPHmRK4lSr38n9JriurInLcP90xsYNfQ-- <- is-date-object 1.0.5 (1.1.0 is available)
+ nodelite-2-9zAHmwgMWlaN6qRKdrg1uKsBKHvnUU-Py-MOCTuYZBoZsopa90Di10QRjB-YPnVss0BZbG-H5XFwJY1fTxJWhA-- <- @vue/babel-plugin-jsx 1.4.0 (1.5.0 is available)
+ nodelite-2-9zESzOO5aDByvhIAsOy9TbpZ0Ur2AJbUI7UT73kcUTS2mxAMHOBaa1st-jAymNoCtvrit99kkzT1FZuXVcgfIQ-- <- @napi-rs/wasm-runtime 0.2.4 (1.1.1 is available)
+ nodelite-2-9Zi9UP2YmDpgmQVbyOPJClY0dwf58JDyDMQ7uRc4krmc72twNI2fvlBWHLqVekBpPc7h5NJkGVT1zNDxFrqhvg-- <- swc-loader 0.2.6
+ nodelite-2-9ZonPT4ZAK4a-1pUPVPZJapbi7O5qbbJPdYw-NOQWZZbVLdDTYM3A4R9z-DpAM08IDaFGsvPgiGZ82WEwUDWjg-- <- find-cache-dir 4.0.0
+ nodelite-2-A--xtfak4eESMWWydSRFUVvCTQbSwivnGCEf8YGPe2eHU0-Z6znfUTCPF0a7oV3sObSOcrXHlL6Bs9vVctfXdg-- <- srvx 0.10.1
+ nodelite-2-A-Fezp4zxnit6FanDmv9EqXNAi3vt9DWp51-71UEhXukb7QUuvtv9344h91dyAxuTLoSYJFU299qzR3tzwPAhw-- <- cachedir 2.3.0 (2.4.0 is available)
+ nodelite-2-A-IxlMLShx3KjV-HeTcTfaMxdwy690-L-ZADoeaTltLx-CVuzkeVIPuybK3jrRfw7YZnmdKsVVHAlEPIAEUNlA-- <- @hookform/resolvers 5.2.2
+ nodelite-2-A-Si4mrTkQqJ6EXJKv5EYCDQ3NL6nJXxG8VGXePsaiQigsomHYQC9xSpX8qGk7AEZk4b1ssbYIqJ0ISQQ7bfcA-- <- @vercel/nft 0.29.2
+ nodelite-2-A0RVJrX-IUkVZbW3ClroRWurercFhieevHB38sr2-l9eUClMqome3LmEmnhlNy-5Mr2EYN6B2Kaw9wYdd-VHiw-- <- postcss-selector-parser 6.0.16 (7.1.6 is available)
+ nodelite-2-A1B3Bh1UmL0bidM-YX2NsCOTnGJePL9rO-M-Mw3m9f2gUpfokS0hi5Eah0WSUEWZdZhIZtMjkIYS7mDfOqNHbg-- <- get-stream 6.0.0 (9.0.1 is available)
+ nodelite-2-A2NB10xReWC-GSnOivKGZ9rnljIZdEP8WMCQQEnA6DJNI19AUFF-O9QJ9y-cHGLKEms7jH86Y99wShdpzAK-Jw-- <- @aws-sdk/util-defaults-mode-node 3.279.0
+ nodelite-2-A5P-LfWGFSl6nsckYtjw9da-19jB8hkJ6ACTGcDfEJ0aE-l2n2El7dsVM7UVHZQ9s2lmYMWlrS21YLy2IR1LUw-- <- @img/colour 1.0.0
+ nodelite-2-A6k68H9rQp-2-7P7SGO90Csw6nrUEm0Qfjpn9Etc4EboZhhCLs9b66umUsTsSBHus4FDIe5JQxfCUyt1wgNogg-- <- @aws-sdk/credential-provider-process 3.775.0 (3.972.2 is available)
+ nodelite-2-A6p-pu-6fyBcA1TRz-GqWYPViplrftcW2gZC9q79ngNCKAeR-X3gcEdXQHl4KNXV-3wgIJ1CPkJQ3IHM6lcsyA-- <- default-browser-id 5.0.0 (5.0.1 is available)
+ nodelite-2-A873fJfhnJ2siZyUrJ31l34Uqwy4xIFmvPY1oj-Ean5PHcPBYzEsvqvWGaWcfEIr11O5Dlw3p2y0tZWpKHDejQ-- <- micromark-extension-mdxjs 3.0.0
+ nodelite-2-AA3TVj-0A2iuIoQkWEK-tqFjBq2j-6PO6Y0zJcvzLAFhEFIO3HL0vls9hWLncZbAAbK0mar7oZ4V079I-qPMxg-- <- rxjs 7.8.1 (7.8.2 is available)
+ nodelite-2-AAB9hiomQs5DXWcRB1rqsxGUstbRroFOPPVAomNk-3XHR5JyEZChOyTWe2oayKnsSsr-kcGqF-z6yuH6HHpN0A-- <- is-decimal 2.0.1
+ nodelite-2-AbaYw0Nm4mK4qjhns67C-kgxR2YWiwlDBPzxrN8h8C6VtAdCgditAY5Dezu3IJy4XVqAnbrXt9oQJvsn3fyozg-- <- unctx 2.4.1
+ nodelite-2-ABisNUXMeZeDNzCQxPxBCkXexvBrUHV-p7-BXOY-ulxkcjUZO0cp8ekGBwvIh2LbCwnWbyMPNJVtBSdyhM2zYQ-- <- postcss-normalize-charset 7.0.0 (7.0.3 is available)
+ nodelite-2-AbStKxNyWiMDQPGDguG2Kuhlq1Sv539pZSxYbx4UZeYkutpPwXCcgyiRrlV4YH64nIOsKx7XVnOMy9O7rJsXkg-- <- @types/d3-hierarchy 1.1.8 (3.1.7 is available)
+ nodelite-2-Abw8m30arbwxqmeMMha5J11ESpHUNmCeSqSzE8-C4B8jZQtHY4kq7f-upzcNIQ11lsd-uzBEzNG3-dDRi0XOJQ-- <- @aws-sdk/util-middleware 3.272.0
+ nodelite-2-AdmX6xUzdNASswsFtmwSt7Vj8po9IuqXm0UXz7QKPuEUmPB4XyjGfaAr2PSuELMwkRMVH1EpIkX5bTZGRB3eCA-- <- cosmiconfig 7.1.0 (9.0.0 is available)
+ nodelite-2-ADVjpOOkjz1hhkZLlBiYA9cR2Anf8F4HqZUO6e5eDcPQd0Txw5fxLzzxnEkSkfnD0wziSGiv7sYhk-ktvbf1uw-- <- micromark-extension-gfm-strikethrough 2.1.0
+ nodelite-2-AEYxH93jGFPn-a2iVAwW87VuUIkR1FVUKB77NwMF7nBTDkDrrT-Hpt-IrCJ0QXhW27jTBDcf5ZY7w6RiqTMw2Q-- <- tslib 2.6.2 (2.8.1 is available)
+ nodelite-2-AF3r7P5dWxL8MxyITRMlORQNaOA2IkAFaTr4k7BUumjPtRpGDTZpl0Pb1XCO6JeDCBdp126Cgs9sMxqSjgYyRg-- <- compressible 2.0.18
+ nodelite-2-Ag3wB2o37wslZS19hZqorUnrnzSkpOVy-IiiDEiTqNubEYpYuHWIf6K4psgN2ZWKExS4xhVCrRVfb-wfW8fWJA-- <- ipaddr.js 2.2.0
+ nodelite-2-AGOriNp96vNBd3HtU-RzFEc75FfR5ymiYv8E553I71SCeXBiMsVDUtdio1OEFvrPyLIQ9tVR5RxXIFe5PUFjMg-- <- is-root 2.1.0
+ nodelite-2-AHkaJrsUVW6wq6JS8y3JnM-GJF-9cf-k20-iDzlSaJrinEo5-7vRiteOSwBhHRiAyQATN1AmY4hwzxJKPmYf-w-- <- is-data-view 1.0.1 (1.0.2 is available)
+ nodelite-2-AiwGJM8YcNOaobumgtng-6NHuOqC3A7MixFeDafM3X9cIUM-xUXoS5Vfgf-OihAYe20fxqNM9yPBXJzRtZ-4eA-- <- flatted 3.3.2 (3.4.4 is available)
+ nodelite-2-AKpaYlHn8t4SVbOHCy-b5-KKgvR4vrsD8vbvrbiQJps7fKDTkjkDry6ji0rUJjC0kzbNePLwzxq8iypo41qeWA-- <- base64-js 1.5.1
+ nodelite-2-Al-j5OdzwRU1m3falm-sYy9AaB93S1XF1Lgk9Yc6amp80dNxJVplQdQTR4cYdzkGtuQqbzUA8-kaoYYO0RbK6g-- <- @docusaurus/theme-search-algolia 3.7.0
+ nodelite-2-AlcaJBi-pqqJBIQ8U9Mcpc9i8Aqxn88Skv5d-xBX006BY5u8N3mGLHa5Lgppa7L-HfwgwLgZ6NYs-Ag6uUmJRA-- <- bowser 2.11.0 (2.13.1 is available)
+ nodelite-2-ALYone6pm6QmwZoAgeyNksccT9Q4AWZQ6PvfwR37GT6r6FWUPguq6sUmNGSMV2Wr761oQoBxwGGa6DR5o1DC9g-- <- @types/body-parser 1.19.2 (1.19.6 is available)
+ nodelite-2-AMlnetc9-CV9asI19zHmrgS-WYsWUwCn2R7RzlbJWD7F9eWYUTGyBmU9o6PxngtLGOiDGPRu-Uc4fhKzbpteZQ-- <- jose 5.9.6 (6.1.3 is available)
+ nodelite-2-AnGjVslHMm5xw9keusQYvjVWvuS7KWK-OJagaG0-m9QnIjZsrysD2kJP-tr-UJIyYtMCtu8OkUd-Rajb4DqtIQ-- <- @csstools/postcss-media-queries-aspect-ratio-number-values 3.0.4
+ nodelite-2-AOIgSQCepiJYwP3ARnGx-5VnTu2HBYdzbGP45eLw1vr3zB3vZLeyed1sC9hnbcOc9-SrMyM5RPQrkGz4aS9Zow-- <- glob-parent 5.1.2 (6.0.2 is available)
+ nodelite-2-AoJ5YMAcXKYxKhuJGdcvse-Voc6v1RgnsR3nWcYU7q4t6z0Q6T86sv5Zq8VIRbOWWFpvdGE83LtdSMNd-6Y0xw-- <- pretty-error 4.0.0
+ nodelite-2-AOQS2eaQOaaZQoL1u-2rCJIKDruNXVBZSiUD3chnUrsoX5ZTQMaCvXlWNIfxBJuU15r1o7-mpo5223KVtIhAgQ-- <- @vue/compiler-core 3.5.16 (3.5.27 is available)
+ nodelite-2-Apd3owkIeUW5dnk3au9np2IdW2N0zc9NjTjHiH-Mx3zqwSrc-m-ANgJVgk9mnQjMzU-vb7VuxJ0eqdEbp5gYsg-- <- @aws-sdk/middleware-expect-continue 3.775.0 (3.972.2 is available)
+ nodelite-2-APM0Gt1KoXBz0iIkkdB-kfvGOwC4UuJFeG-c-yV7wSc7q96cG-kJ0HiYCnzivD9SB53cLV1MlHFNfOuPaadYSw-- <- rrweb-cssom 0.6.0 (0.8.0 is available)
+ nodelite-2-ARDJmphmdvUk6Glw7y9DQ2bFkKBHwQHLi2lsaH6PPmz-Ka9sFOBsBluozhDltWmnv9u-cF6Rt87znRTPV-yp-A-- <- uc.micro 2.1.0
+ nodelite-2-ARhCpm70fzdcvNQfPoy49IaanKkTlRWF2JMzqhcJbhSFRZv7nPTvZJdcY7301IPmvW--p0RgIWnQDLJxifsQ7g-- <- quick-lru 4.0.1 (7.3.0 is available)
+ nodelite-2-ASB07uLtnDs1o6EHjKpX34BKYDSqnFerfTOJL2HvMqF70LnxpjkzDB8J44oT9pu4AMPkQwf8jl6szgvNd2tRIg-- <- import-local 3.1.0 (3.2.0 is available)
+ nodelite-2-AsF7K0Fx-cNKVyk3a-DW0JLo-Ua598-NxMRvxDnkpCIGFh43-h-v2xyhRUYf6oD8gE4QtL83C7zZVghMjHd-iw-- <- @babel/plugin-transform-new-target 7.22.5 (8.0.1 is available)
+ nodelite-2-ASOXqNvDCE0dAJ-5qixxPeL1aOVGHGW2JwSy7HyjWNbnWTQCl-fDc968HY1jCmZI0-BaYT5CxsOiUhavpG-7eg-- <- postcss-custom-selectors 8.0.4
+ nodelite-2-ASsj-tpEDsEiFr1arWrlN6V3mdfjRMZt6LtK-Vp-kreFLnr5QH5-DhvD5nINYZXzwJvXeGq-05iUXcAzVrqWtw-- <- @types/babel__generator 7.6.8
+ nodelite-2-AsUnxuLhRYsisFiaJwvp1QF-I3KjD5FOxut14q-GzovUe6orHLesW2C7d754kRm53h5gqrz6sFl6sxc4BVtE-g-- <- @babel/helper-split-export-declaration 7.22.6 (7.24.7 is available)
+ nodelite-2-Atfo14OibSv5wAp4VWNsFYE1AchQRTv9cBGWET4pZWHzYshFSS9NQI6I57rdKn9croWVMbYFbLhJ-yJvmZIIHw-- <- fast-uri 3.0.6 (3.1.7 is available)
+ nodelite-2-AUGhbbemXxrZJRD5cDvKtQxLuYaIbNtDTK8YqupCI393Q2KSTreEsLUN3ZxAWFGiKTzL6nKuzfcIvieflUX9qA-- <- get-stream 2.3.1 (9.0.1 is available)
+ nodelite-2-AURm5f0jYEOydBj7VQlVvDrjeFgthDdEF5H1dP-6mNpoXOMo1quQqJ4wvJDyRZ9-pO3kGWoOdmV08cSv2aJV6Q-- <- safe-array-concat 1.1.3 (1.1.4 is available)
+ nodelite-2-AVbw3UJ2e9bq64vSaS9Am0fje1Pa8pbGqTTsmXfaIiMpnr5DlDhfJOuLj9Sf95ZPVDAUerDfEk88MPmPe7UCQg-- <- path-is-absolute 1.0.1
+ nodelite-2-AvHcyZ5JnSfq3ioSyjrBkH9yW4m7Ayk8-9My-DD9onKeu-94fwrMocemO2QAJFAlnnDN-ZDS-ZjAR5ua1-PV-Q-- <- write-file-atomic 3.0.3 (6.0.0 is available)
+ nodelite-2-AXcZb6vzzrFAUE61HnN4mpLqd-cSIwNQjtNWR0euPm6y0iqx3G4gOXaIDdtdDwZmhwe82LA6-zinmW4UBWVePQ-- <- human-signals 5.0.0 (8.0.1 is available)
+ nodelite-2-AXfN-lGotSQwu6HNcEsIASo7kWXZ5HYWvfOmSNKDsEqC4OashTp8alTmaz-F7TC2L083SFv5RdB-qU3Vs1kZqw-- <- @aws-crypto/sha256-browser 5.2.0
+ nodelite-2-AYnb1nQyY49te-VRAVgmzfcgjYS91mY5P0TKUDCLEM-gNnA-3T6rWITXRLYCpahpqSQbN5cE-gHpnPyXjHWxcw-- <- @types/estree 1.0.6 (1.0.9 is available)
+ nodelite-2-AZ5fDMLD8SldlAYlvi8NIqo0-Z8xnXU2ia0jxmuhxAU-Lqt9K-AlmLNJ-zWEnE9x-Zx3qL3-1K20ATgNOr3fAA-- <- postcss-sort-media-queries 5.2.0
+ nodelite-2-AZEHIiBdxgDhQqMQMwP7rFJlHiHN6KuNJK-SGjVYe1s-xoVisKBG7P-WGd3HCRNzh7hc6gffFow9enDT573uHQ-- <- @visx/hierarchy 3.0.0
+ nodelite-2-Azwzvl90HaF0aCz1JrDdXQykFakSSNPaPoiZ9fm5qJIMHioDZEi7OAdRwSm6rSoPtY3Qutnm3L7ogmg3dc-wbQ-- <- proc-log 5.0.0 (6.1.0 is available)
+ nodelite-2-B-6bi5D34-fDYENiH5qOlA0cV2rAGKuWZ9LeyUUehbXy8e0VS9e498yO0Jeeh-iM-6KbfudHTFjXw2MmJD4QRA-- <- address 1.2.1 (1.2.2 is available)
+ nodelite-2-B-gBuNg5SiMTrPkC-A2-cW0RszwxYmn6VYxB-inlBStS5nx6xHIt-ehKRhIMhqusl7a8LjQoZnjCs5vhwxOQ1g-- <- ajv 8.17.1
+ nodelite-2-B-O2DnPc0iG-YXFqOxv2WNuNU97ToWjOomUQ78DouOENWUaM5sVrmet9mcomUGQFwpJd--gvUagXBSdzO1fRKg-- <- @babel/plugin-syntax-flow 7.26.0 (7.27.1 is available)
+ nodelite-2-B4FFZ6q-T2jhhksgkbEW3HBvWIfDW85snkQgawt07S7J5QXTk6BkNV-0yAeZrM5QpMAdYlocGoljn0sJ-WQkFw-- <- human-signals 2.1.0 (8.0.1 is available)
+ nodelite-2-B5UIT3J1W-WuWIU55h0mjlwaqxiE5vYENJXIXZ4VFe05pNYrkKuK0U-6aFcb0pKywYJh7IhfoqUfKVmrJJHZHw-- <- object.hasown 1.1.2 (1.1.4 is available)
+ nodelite-2-B5yCyIlOJFPqUUeiD0cnBJwWJO8lkJs5d8-ze9QDP6SvfiXSz1BF-91-0MeI1d2yxgOhU-O-CvtiZ9jSkHhFAw-- <- @octokit/plugin-rest-endpoint-methods 17.0.0

Done in 1.8s
