Progress: resolved 1, reused 0, downloaded 0, added 0
Packages: +250
++++++++++++++++++++++++++++++++++++++++++++++++++++++++++++++++++++++++++++++++
Progress: resolved 250, reused 0, downloaded 250, added 250, done

dependencies:
+ nodelite-2---88mFWSJx8lxCzwdAABTJL2MyWB12-eIY7MDL2SqLmAkeKU9qxRvWuSyTjm3FUmpBEMuFfckAIqEaVGUDxb6w-- <- p-limit 2.3.0 (7.2.0 is available)
+ nodelite-2--1VkjdD0QBLPodGrJUeqarH8VAIvQODIbwh9XpP5Syisf7YoQgsJKPNFoqqLQlu-VQ-tVSshMR6loPMn8U-dPg-- <- @pkgjs/parseargs 0.11.0
+ nodelite-2--6w-C21Pm1A7aZitlI5Ni-2J6FFQN8i1Cvz3kHABAAbw93v-NlvKdVOqz7CCWz-3iv-JplRSEEZ83XION15ovw-- <- ansi-colors 4.1.3
+ nodelite-2--7FVAwjUrix9P5lycnsYRIQRwFo-DZROD-ZXWLpE--EZWLyuLvyFaRdAPYJSz-nlAdZIZp-LAzlBerQSVYUNFg-- <- eslint-plugin-n 17.16.1 (17.23.2 is available)
+ nodelite-2--bT2uH4E5LGE7h-n3evcS-sQlJXCpIp6ym8OWJ5eV6-67Dsql-LaaT7qJBAt2rzfoa-5QBGBhxDix1dMt2kQKQ-- <- levn 0.4.1
+ nodelite-2--jHxFIzoMXdqPzTaCpFzAAWhpkSjZPF4Vsn6jAfNpmbH-ymsmd7Qc6VE9BGn0L6YMj6uwpQLxCECpus4ukKS9Q-- <- outdent 0.5.0 (0.8.0 is available)
+ nodelite-2--kYRxGDLWzHOB7q-wtSUQlFrtcdUccpfy-X-9iMBpHK8QLLhx2wIPYuS5DYtR9Wa-YlZAbIovy7qVdB1Aq6Lyw-- <- @types/estree 1.0.5 (1.0.9 is available)
+ nodelite-2--OaKK0xYrs3DmxRYqL-yDc-FxFUVYhDlXMhRmv3z915w2HF1tnN1omB354j8VUGO-hbRzyD6Y3sA7v7GS-ceog-- <- to-fast-properties 2.0.0
+ nodelite-2--Srv4dswyQNBfohGpz9o6Yb3Gz3SrUDqBH5rTuhGR7ahtlbYKnVxw2bCFMRljaA7EXHaXZ8wsHdodFvbkhKmqg-- <- concat-map 0.0.1
+ nodelite-2--Tb-JcjK111nNScGob5MNtsntNM1aCNUDipB-TkwZFhyDrrE47SOx-18wF2bbjgc3ZzCSKW1T5nt5EbFoAz-Vg-- <- cssesc 3.0.0
+ nodelite-2--tNWdlWKbpB3WgBN7ijjYkq9X5uhjmcvyjEght4NmH5fAU--zfQzAJ6wumLS-dNcvwEZhKx2Z-skY8m7v0wGSA-- <- @rollup/plugin-commonjs 28.0.1 (29.0.0 is available)
+ nodelite-2--WKqsK294HMSc2jEbNgpHpd0JfIBhp7rEV4aqXWqFr6AlXov-SlcgB1Fv01y2kGe3Gc8nMW7VA0SrGuSkRfIEg-- <- lodash.startcase 4.4.0
+ nodelite-2-0-DUvqWMValLmha6lr4kD8iAMK1HzV0-aKnCtWb9v9641TnP-MFb7Pc2bxoxQjTXAErryXVgUOfv2YqNllqGeg-- <- tinybench 2.9.0 (5.1.0 is available)
+ nodelite-2-03ruubjWyOHlmljCVoxSuNDdmfZDzsrrz0P2LeJsOXr-ZwFQ-0yQIwNCwt-GYhV7Z31fgtXJTAEs-FYlEL851g-- <- @types/eslint 8.56.12 (9.6.1 is available)
+ nodelite-2-0AioNCJZ2DPYz5ABT6bddIqlhgwhpHZ-l65YAYo0BCIn0xiDpsnTHz0gnoTGk0OXZW0JRs-cDwL8u-teRdz-8A-- <- postcss-safe-parser 7.0.1
+ nodelite-2-0hYQ8SB4Db5zvZB4axdMHGwEaQjkZzFjQiN9LVYvIFB2nSUHW9tYpxWriPrWDASIxiaXax83REcLxuSdnGPZtw-- <- @bcoe/v8-coverage 0.2.3 (1.0.2 is available)
+ nodelite-2-0KpjqXRVvrYyCsX1swR-XTK0va6VQkQM6MNo7PqW77ByjAhoARA8EfrP1N4-KlKj8YS0ZUCtRT-YUuhyYDujIQ-- <- lodash.merge 4.6.2
+ nodelite-2-10monEYsBp3scM4-ND4LNH5Rxvh3e-cVeL3jWTgZ2SrQ-BmUoQcopVQvnaMcOnykb1VkxUFuDAN-0FnpTFRy2A-- <- @rollup/plugin-virtual 3.0.2
+ nodelite-2-1cWCk-ZshEkSVEZrm2fSj1Gz8sYvxgUL4Q78-1ZZqeqfuevPTPk033-yUZ3df8BKMohkqqHfzj0HOOrG0KtXTw-- <- @changesets/apply-release-plan 7.0.5 (7.1.1 is available)
+ nodelite-2-1e4Wqeblerz-tMKPIq2EMGiiWW1dIjZOksyHWSUm1rmuvw-how9hBHZ38lAGj5ID4Ik6EdkOw7NmWPy6LAwalw-- <- https-proxy-agent 7.0.5 (7.0.6 is available)
+ nodelite-2-1hqclzwYwjRDFLjcFxOM5AYkkG0rpFPpr1RLPMEuGczoS7YA8gLhy8SWXYRAA-XwfEHpfo3cw5JGioS32fnMRw-- <- immutable 4.3.7 (5.1.9 is available)
+ nodelite-2-1lfMEm2IEr7RIV-f4lUNPOqfFL-pO-Xw3fJSqmjX9AbXcXcYOkCe1P6-9VBZB6n94af16NfZf-sSk0JCBZC9aw-- <- whatwg-url 14.0.0
+ nodelite-2-1rYdTpyv03iycF1-BhzrzQJCdOuAOtaqHTWJZCWvijKD2N5Xu0TtVC8--1faWqcP9iBCWOmjmhoH94dH82BxPQ-- <- @esbuild/linux-x64 0.21.5 (0.28.2 is available)
+ nodelite-2-1XMJE5fQo1jGH6Y-7ebnwPOBEkIEnT4QF32d5R1-VXdXveM0IBMJt8zfaxX1P3QhVwrYe-576-jkANtSS2mBbw-- <- stackback 0.0.2
+ nodelite-2-1Yjs2SvM8TflER-OD3cOjhWWOZb58A2t7wpE2S9XfBYTiIl-XFhQG2bjy4Pu1I-EAlCNUzRDYDdFwFYUKvXcIA-- <- @aashutoshrathi/word-wrap 1.2.6
+ nodelite-2-1ZJTZebgqllO79ue2bm3rIGud-bOe0pP5BjSRCRxxYkEZS8STV7zN84UBbiYu7jy-eCKSnVIUgoWWE-tt-shMQ-- <- @jridgewell/source-map 0.3.6 (0.3.8 is available)
+ nodelite-2-2AT6j-gXe-1ueqbW6fLZJiIw3F8iXGJtt0yDrZaBhAZEG1raiTxKWU-IPqMCzQAXOUCKdA4UDMgacKH25XG2Cw-- <- is-subdir 1.2.0
+ nodelite-2-2JAn3z8AR6rjK8Sm8orRC0h-bcl-DqL7tRPdGZ4I1CjdF-EaMLmYxBHyXuKL849eucPFhvBoxMsflfOb8kxaeQ-- <- webidl-conversions 3.0.1 (8.0.1 is available)
+ nodelite-2-2L2tU3FVwhvU14LndnQCA2frYC8JnPDVKyQtWFPf8IYFMt-ykEN1bPolNhNbCVgOmdzTlWdusCTKA-9nKrf8Ig-- <- @typescript-eslint/utils 8.26.0
+ nodelite-2-2z8JQJWAzPdDd51dRQ-oqIJxe99-hoLIqmf8RMCAJQtYDc535W-Jt2-RTP4bP0aKeBG1F65yjIZuczOXCmbWwg-- <- @typescript-eslint/visitor-keys 8.26.0
+ nodelite-2-30iZtAPgz-LTIYoeivqYo853f02jBYSd5uGnGpkFV0M3xOt9aN73erkgYAmZU43x4VfqcnLxW9Kpg3R5LC4YYw-- <- @ampproject/remapping 2.3.0
+ nodelite-2-36yxDn5H7OFZQla0-jFJmbIKTdZAQHngCedGxiMmpNfEZM0sdEeT-WczLQrjK6D7o2aiyLYDnkw0R3JK0Qv1RQ-- <- flatted 3.2.9 (3.4.4 is available)
+ nodelite-2-3oSeUO0TMV67hN1AmbXsK4yaqU7tjiHlbxRDZOpH0KW9-CeX4bRAaX0Anxt0tx2MrpRpWwQaPwIlISEJhYU5Pw-- <- balanced-match 1.0.2 (4.0.4 is available)
+ nodelite-2-3sUqbMEc77XqpdNO7FRyRog-eW3ph-GYCbj-rK-uYyRMuwsVy0rMiVtPn-QJlKFvWP-1PYpapqYn0Me2knFn-A-- <- deepmerge 4.3.1
+ nodelite-2-3z3vFexKIEnjHE3zCMRo6fn-e44U7T1khUjg-Hp0ZQMCigh28rALD0nPFBcGZuiLC5rLZa2ubQHDRln09JfU2Q-- <- eslint-compat-utils 0.5.1
+ nodelite-2-41Cifkg6e8TylSpdtTpeLVMqvSBEVzTttHvERD741-pnZ8ANv0004MRL43QKPDlK9cGvNp6NZWZUBlbGXYxxng-- <- is-number 7.0.0
+ nodelite-2-4Bfj15dVJdoy3RfZmmo86RK1Fwzn6SstsvK9JS-BaVKqC6QQQQyXekNaC-g-LKNgkQ-2VhGAzm6hO40AhMR3zQ-- <- @eslint/eslintrc 3.1.0 (3.3.7 is available)
+ nodelite-2-4bV5BfR2mqfQTJm-V5tPPdf-ZpuhiIvTuAB5g8kcrXOZpTT-QwwVRWBywX1ozr6lEuPdbHxwaJlm9G6mI2sfSQ-- <- json-buffer 3.0.1
+ nodelite-2-4fCk79wshMdzMp2rH06qWrJE4iolqLhCUH-OiuIgU--RB0-94NlDL81atO7GX55uUKueo0txHNtvEyI6D7WdMw-- <- iconv-lite 0.6.3 (0.7.3 is available)
+ nodelite-2-5-fP8P8MFNC-AyZCDxrB2pkZFPGzqQWUzpSeuuVLvm8VMcorNYavBqoFcxK8bQz4Qsbn4oUEEem4wDLfcysGHA-- <- @types/json-schema 7.0.15
+ nodelite-2-51ypPSPCoTEIN9dy5Oy-h4pShgJmPCygKfyRCISBI-JoWT-2oJvK8QPxmwv7b-p239jXrm9M1mlQbyKJ5A152g-- <- is-module 1.0.0
+ nodelite-2-5dgndWOriYSm5cnYaJNhalLNDKOqFwyDB-rr1E9ZsGciGvKPs8R2xYGCacuf3z6K1YKDz182fd-fY3cn3pMqXQ-- <- jsonfile 6.1.0 (6.2.1 is available)
+ nodelite-2-5l4VyZR86LZ-lDxZTR6jqL8AFE2S0IFLMP26AbjsLVADxHdhB-c0GUsH-y39UfCi3dzz8OlQuPmnaJOMoDHQBA-- <- run-parallel 1.2.0
+ nodelite-2-60BCwRFOZCQhDncwQdxxeOEEkbc5dIMccYLwbxsS4TUNeVECQ-pBJ0j09mrHOl-JJvpRPGwO9SvE4nR2Nb-a4Q-- <- @types/resolve 1.20.2 (1.20.6 is available)
+ nodelite-2-65P7iz6X5yEr1cwcgvQxbbIw7Uk3gOy5dIdtZ4rDveLqhrdJP-Li-Hx6tyK0NEb-2GCyneCMJiGqrADCSNk8sQ-- <- to-regex-range 5.0.1
+ nodelite-2-68s5jYdlvasItOJnCuI2Q9s4q98g0pCyL3HrcKJu8KNugUl8ahgmZYg38ysLTgQjjXX3H8CJLkAvWrclWfcalw-- <- dataloader 1.4.0 (2.2.3 is available)
+ nodelite-2-6BLOQUscTpZeGljvyQXlWOItQyU71kCdGz7Pi8H8zdw6BI0g3m43iL4xKUVPWtG-qrrL9DTjpdn8eYuCQSRpow-- <- @changesets/errors 0.2.0
+ nodelite-2-6DiM4E7v4coTE4uzA8U--WhtPwyhiim3eyjEMFCnUpzbrkK9wJHgKDT2mR-HbtSrd-NubVaYTOpSpjUl8NQeRg-- <- postcss-load-config 3.1.4 (6.0.1 is available)
+ nodelite-2-6E4xmrTw5wtxnLA5wYL3WDfhZ-1bUBGOXV0zQvVRDOtrR8D0p6W7fs3JweNYhwRYeGvd-1CKX2se0-2s7Q-nJA-- <- eslint-scope 8.0.2 (9.1.2 is available)
+ nodelite-2-6eZs5Ls3WtCisHWp9S2GUy8dqkpGi4BVSz3GaqiE6ezub0512ESztXUwUB6C6IKbQkY2Pnb-mD4WYojCRwcwLA-- <- normalize-path 3.0.0
+ nodelite-2-6FlzubTLZG3J2a-NVCAleEhjzq5oxgHyaCU9yYXvcLsvoVaHJq-s5xXI6-XXP6tz7R9xAOtHnSO-tXtF3WRTlA-- <- ms 2.1.3
+ nodelite-2-6fPc-R4ihwqP6N-aIv2f1gMH8lOVtWQHoqC4yK6oSDVVocumAsfCqjkXnqiYMhmMwS-mEHLp7Vehlt3ql6lEig-- <- strip-json-comments 3.1.1 (5.0.3 is available)
+ nodelite-2-6qN4hJdMwfYBtE3YBTTHhoeuUrDBPZmbQaxWAqSALV-MeEnR5z1xd8UKud2RAkFoPkmB-hli1TZSnyi84xz1vQ-- <- whatwg-encoding 3.1.1
+ nodelite-2-6WTZ-IxCY-T6BALoZHaE4ctp9xm-Z5kY-pzYaCHRFeyVhojxlrm-46y68HA6hr0TcwEssoxNiDEUJQjfPZ-RYA-- <- debug 4.4.0 (4.4.3 is available)
+ nodelite-2-7--dFhtcx3353uBaq8DDR4NuxBetBzC7ZQOhmTQInHEd6bSrXdiEyzCvG07Z44UYdLShWUyXt5M-yhz8ekcb1A-- <- shebang-regex 3.0.0
+ nodelite-2-7-bEFN5F9pthG6nOEHNz9yioHxNXK6yl-0GnTy9WOfxN-SvPykkH-Hs6MqTGjo47a9G2q3QXQnzuxG5WXNX4Tg-- <- @sveltejs/vite-plugin-svelte 4.0.0-next.6
+ nodelite-2-78-PXT1wlLLDgTzDs7sjq9hzz0vXD-zn-7wypEe4fXQxCmdmqfGsEPQxmiCSQI3ajFV91bVSsvNtrJRiW6nGng-- <- find-up 5.0.0 (7.0.0 is available)
+ nodelite-2-7ACyT3wmyp3I61S4fG682L0VA2RGD9otkqGJIwNUMF1SWUombIIk-af1unuDYgMm082aHYwD-mzJvv9Iu8dsgg-- <- globals 15.15.0
+ nodelite-2-7Bv8RF0k6xjo7d4A-PxYLbUCfb6c-Vpd2-mB2yRDlew7Jb5hEXiCD9ibfO7wpk8i4sevK6DFny9h7EYbM3-sHg-- <- glob 10.4.5
+ nodelite-2-7Ds8-wAAoV3T-LAKeu39Y5BzXCrGKrcISfgKEqTS4BDN8SFEDQd0S43jiQ8vIa3wUKD07qitZdfzlenSi8-0qQ-- <- eslint-plugin-es-x 7.8.0
+ nodelite-2-7IsIaIDeZn7kffk7qXC3o6Z4UblZJKV3UBpkvRNpr5NSyLji7tvTcvmnMNYuYLyh26mN8W723xpo3i4MlD33vA-- <- @typescript-eslint/scope-manager 8.32.1
+ nodelite-2-7MptL8U0cqcFdzIzwOTHoilX9x5BrNqye7Z-LuC7kCMRio1EMSyqRK3BEAUD7sXRq4iT4AzTVuZdhgQ2TCvYLg-- <- fast-glob 3.3.3
+ nodelite-2-7rKUyy33Q1yc98pQ1DAmLtwX109F7TIfWlW1Ydo8Wl1ii1SeHieeh0HHfPeL2fMXK6z0s8ecKs9frCuLJvndBg-- <- uri-js 4.4.1
+ nodelite-2-7RUKfXgSMMkzt6ZuXmqapOurLGPPfgj6l9uRZ7lRGolvk0y2yocc35LdcxKC5PQZdn2DMqioAQ2NoWcrTKmm6g-- <- estree-walker 3.0.3
+ nodelite-2-7VT13fmjotKpGipCW9JEQAusEPE-Ei8nl6-g4FBAmIm0GOOLMua9NDDo-DWp0ZAxCr3cPq5ZpBqmPAQgDda2Pw-- <- chokidar 3.6.0 (5.0.0 is available)
+ nodelite-2-7XHNxH7qX9xG5mIwxkhumTox-MIRNcOgDrxWsMt2pAr23WHp6MrRlN7FBSFpCpr-oVO0F744iUgR82nJMfG2SA-- <- function-bind 1.1.2
+ nodelite-2-8-9WqebbFzpX9OR-Wa6O29asIogeRMzcGtAINdpMHHyAg10f05aSFVBbcEqGf-PXw1EjAZ-q2-bEBg3DvurK3Q-- <- argparse 2.0.1
+ nodelite-2-87v0ol2sH9GE3cLQLNEy0K-R0pz1nvg76o8M5nhMR0-Q-BBGLnb35P0fVz4CQxHYXaAOhE8HhlkaZfsdUOlHwg-- <- @rollup/rollup-linux-x64-gnu 4.22.4
+ nodelite-2-89B1eP3tnpr9A8L6PZlSjBvnJhWXtYfZhECqlBl1D9Lme9mHO6iWlsprBtVenQvY1HMhax1mWOjhtL3fh-u-pA-- <- @typescript-eslint/types 8.26.0
+ nodelite-2-8i7LzZj7BF8uplX-ZyOlIz86V6TAsSs-np6m1kpW9u0JWi4z-1t-FzcK1aek-ybTnAC4KhBL4uXCNT0wcUIeCw-- <- jsdom 25.0.1
+ nodelite-2-8q7VEgMJW4J8tcfVPy8g09NcQwZdbwFEqhe-WZkoIzjn-3TGDwtOCYtXGxA3O8tPzpczCCDgv-P2P5y00ZJOOg-- <- merge2 1.4.1
+ nodelite-2-8sLjZwK0R-JlxlYcTuVnyT2v-htpdrjDOKuMcOVdYjt52Lh8hWRYpxBPoKx-Zg-bcjc3wx6fmQevMmUztS-ccA-- <- postcss-selector-parser 7.1.0 (7.1.6 is available)
+ nodelite-2-8VbfWfHLbbwu3-N6OKsOMpBdT4kXPDDB9cJk2bJ6mh9ucxdlnNvH1e-roYkKmN9Nxw2yjz7VzeO9oOz2zJ04Pw-- <- ws 8.18.0
+ nodelite-2-94Bdh3cC2PKrbgSOUqTiGPWVZeSiXfKOVZNJniWoqrWrRkB1CJzBU3NEbiTsPcYy1lDsANA-THzS-9WBiy5nfQ-- <- sirv 2.0.4 (3.0.2 is available)
+ nodelite-2-9by4Ij99JUr-MCFBUkDKLWK3G9HVXmabKz9U5MlIAIuvuzkiOicRYs8XJLxX-xahD-mLiiCYDqF9dKAgtzKP1A-- <- run-applescript 7.0.0 (7.1.0 is available)
+ nodelite-2-9eO5McEICxMzJpDW9OnMYSv4Sta3hmt7VtBFz5zR9273suNOydOyq-FrGeGy-KsTRFm8w0SLVhzig2ILFT63Ag-- <- @rollup/plugin-node-resolve 15.3.0
+ nodelite-2-9LK-E7Hv5R9u4g4C3p-jjLstaLe11MDsL21UpYaCNmapvMkYhqCV4A-f-3gyH8QjMyh6l68q9xC85vihY9ahMQ-- <- smob 1.4.1 (1.6.2 is available)
+ nodelite-2-9QNk5KwDF-Bvz-PyObkmSYjI5ksVUYtjW7AU22r2NKcfLJcXp96hkDWU3-XndOsUb-AQ9QhfzfCT2O-CNWT5Tw-- <- symbol-tree 3.2.4
+ nodelite-2-A6p-pu-6fyBcA1TRz-GqWYPViplrftcW2gZC9q79ngNCKAeR-X3gcEdXQHl4KNXV-3wgIJ1CPkJQ3IHM6lcsyA-- <- default-browser-id 5.0.0 (5.0.1 is available)
+ nodelite-2-AjKOeiwAitL-MXxQW2DliT28EKukvvbEWx3LBmJIRN8KfBGZbRTxNYW0kSqi1COiTZ57nZ9NW06S6ux--N1c9A-- <- postcss-scss 4.0.9
+ nodelite-2-AM9aQ-IPrW-6ENLQg3AGY4K1N2TGZdR5e4gu-MmmR2xR3Ll1-dib-nook92g4TV3PXVyeyxdWwtaCAiUL0hMxA-- <- vite-node 2.1.9 (3.2.4 is available)
+ nodelite-2-AOIgSQCepiJYwP3ARnGx-5VnTu2HBYdzbGP45eLw1vr3zB3vZLeyed1sC9hnbcOc9-SrMyM5RPQrkGz4aS9Zow-- <- glob-parent 5.1.2 (6.0.2 is available)
+ nodelite-2-AYnb1nQyY49te-VRAVgmzfcgjYS91mY5P0TKUDCLEM-gNnA-3T6rWITXRLYCpahpqSQbN5cE-gHpnPyXjHWxcw-- <- @types/estree 1.0.6 (1.0.9 is available)
+ nodelite-2-Bc3YwwCB-OzldMxOXJIIvC6cPRWr-LxOp48CdQTOkPyk-t4JWWJbrilwBd7RJzKV8QW7tJkcgAmeuLLJugl5-w-- <- std-env 3.8.0 (3.9.0 is available)
+ nodelite-2-Bdboy-l7tA3OGW6FjyFHWkP5LuByj1Tk33Ljyq0axyzdk9--JSi2u3fP1QSmd1KNwq6VOKYGlAu87CisVir6Pw-- <- json-stable-stringify-without-jsonify 1.0.1
+ nodelite-2-BewmUXImeuRk2YY0PVbxgKAysvhRPUQE0h5QRM--nVWyubKGV0l8qQ5op8-B2DOmwSe63Jivj0BjkPQVf8fP5g-- <- istanbul-reports 3.1.7 (3.2.0 is available)
+ nodelite-2-BLI3Tl1TW3Pvl70l3yq3Y64i-awpwXqsGBYWkkqMtnbXgrMD-yj7rhW0kuEDxzJaYXGjEW5ogapKNMEKNMjibA-- <- which 2.0.2 (6.0.0 is available)
+ nodelite-2-BsWiH1yFGjXXS2yvrf5LyuoSIIbPrGUWob917o-BTKuZ7qJdxX8aJLRxs1fS9n6r7vESrq1OUqb68dANcFXuQQ-- <- @eslint/object-schema 2.1.4 (3.0.5 is available)
+ nodelite-2-BVO83tRo090d6a04cl45Gb761SD79cOT6wKxxWrpsH7Rv8I0SJvc79ijE11vvyxxCMiGUVq-w4NqqPJAHyYfSQ-- <- eslint-plugin-lube 0.4.3
+ nodelite-2-CCZCDJuduB9OUkFkY2IgppNZMi2lBQgD2qzwXkEia16cge2pijY-aXi96CJMquDMn3nJdlPV1A5KrJEXwfLNzQ-- <- @eslint-community/regexpp 4.12.1
+ nodelite-2-Ceh-7ox5qe7LJuLHoY0feh3pHuUDHAcRUeyL2VYghZwfpkNIy--8Ocg0a3UuSoYzavmylwuLWQOf3hl0jjMMIw-- <- binary-extensions 2.3.0
+ nodelite-2-CUgTZL1irw8u29bzrOD-nH85jqyc74D6SshFgujOIA7osm2Rz7dYH77agkx7H4FBNxDq7Cjf-IjaX-8zwFW-ZQ-- <- ts-api-utils 2.1.0 (2.5.0 is available)
+ nodelite-2-CVNliz6KF2yet3HBIkbFJKZmjlt95C8dsNZDnwoS6X98-QJRpsSz9uxo3TziBqdyJQkWwfD3VG9lRzsQNvF24Q-- <- v8-natives 1.2.5
+ nodelite-2-Czj1WaSVpaoj0wbhMzLmWD69anp2WH7FXMB9n1Sy8-ZFF9jolSQVMu1Ij5WIyGmcBmhk7EOndpO4mIpihVqAXw-- <- parse5 7.1.2 (8.0.1 is available)
+ nodelite-2-D2FR03Vir7FIu45XBY20mTb--ZSWB00sjU9jdQXt83gDrI4Ztz5Fs7-yy74g2N5SVQY4xY1qDr4rNddwYRVX0g-- <- os-tmpdir 1.0.2
+ nodelite-2-D9cPgkvLlV3t3IzL0D0YLvGA9Ahk4PcvVwUbN0dSGr1aP0Nrt4AEnTUbuGvquEC0mA64Gqt1fzirlRs5ibXx8g-- <- sprintf-js 1.0.3 (1.1.3 is available)
+ nodelite-2-DCXu6Ifhqcks7TZKY3Hxp3y6qphY5SJZmrWMDrKcERSOXWQdMhU9Ig-PYrzyw-ul9jOIyh0N4M0tbC5hodg8dw-- <- fast-levenshtein 2.0.6 (3.0.0 is available)
+ nodelite-2-DMy-ERcEW2q8Z2Po-WNXuw3c5YaUSFjAO5GsJqfEl7UjvtIuFKO6ZrKvcItdy98dwFI2N1tg3zNIdKaQT-aNdA-- <- micromatch 4.0.5 (4.0.8 is available)
+ nodelite-2-DsSFNIgLSrc89gpq1LJB7Hm1YpuhK086DRDJSNrewcGvYloWW1vZLHBTIvarKZDcAORIy-uWNx8Gad-4oMpkSA-- <- @typescript-eslint/utils 8.32.1
+ nodelite-2-E-XQCRwSbaaiChtv6k6Dwgc-bx-Bs6vuKJHHl5kox-BaKbhiXzqQOwK4cO22yElGp2OCmjwVhT3HmxgyPGnJfQ-- <- buffer-from 1.1.2
+ nodelite-2-E0ntLvsfPqnPwng8b8y4OGuzh-iIOm2z8U3S9zic2TeMLW61u5IH2Q1wu0oSTkfrSzwbDJIB-Lm8O3--8BWMPA-- <- @typescript-eslint/scope-manager 8.26.0
+ nodelite-2-E1B35FwzXXTs9FHNK6bDszs7mtydNi5MIfUWpceJ8Xbfb1gBMscAnwLbEu-B44ed6W3XjL9-ehLPHR1fkf1KLQ-- <- @vitest/spy 2.1.9 (4.0.7 is available)
+ nodelite-2-E385OSk9qDcXhcM9LNSe4sdhx8a9mAPrZ4sMLW-tmxl5ZuGtPUcdFu-MPP2jbgiWAZ6Pfe5soGFMd-0Db5Vrog-- <- package-manager-detector 0.2.0 (1.6.0 is available)
+ nodelite-2-EDyGAwH1gO0Ausm9gV6T2nUvBgXT5kGoCMJPllOaooZ-4VvJiKBdZE7wK18N1deEowhcUptS-5GXZK8U-fvpwA-- <- ts-declaration-location 1.0.7
+ nodelite-2-EK5cY7Q1D8JNhSaPKVK4pwBFvaTmZxEnoKXLG-U9gmdDcihQGNzFlgIvaxezFR4glP1LsuiedwMBqCXH3wZccA-- <- vite 5.4.14 (7.3.6 is available)
+ nodelite-2-EPD5q1uXyFxJpCrLnCc1nHnq3gOa6DZBocAIiI2TaSCA7VCJ1UJDMagCzIkXNsUYfD1daK--LTEQ8xiIbrHtcw-- <- util-deprecate 1.0.2
+ nodelite-2-ETEklSGi5t0QMZuiXoA-Q6vcnxcLQP5vdugSpuAyi6SVGi2clPPp-xgEhuMaHC-zGgn31Kd235W35f7Hykkaww-- <- form-data 4.0.0 (4.0.6 is available)
+ nodelite-2-EtKwoO6kxCL9WO5xipiHTZlSzBm7WLT627TqC-uVRd0HKmq8NXyebnNYxDoBi7wt8eTWrUrKXCOVaFq9x1kgag-- <- graphemer 1.4.0
+ nodelite-2-EV3L1-UQWGor21OmnvojK36mhg-TyIKDh3iFBKBohr5xeXIhNBcx8oWdgkTEEQ-BEFFYdLRuqMfd5L84N1V5Vg-- <- shebang-command 1.2.0 (2.0.0 is available)
+ nodelite-2-EvGK8EJ3DhaHfbRlETOWAS5pO9MZITeauHKJyb8wyajUfQUenkIg2MvLDTZ4T-TgIcm3HU0TFBgWWboAZ30UHg-- <- xml-name-validator 5.0.0
+ nodelite-2-EykJT-Q1KjTWctppgIAgfSO0tKVuZUjhgMr17kqTumMl6Afv3EISleU7qZUzoXDFTAHTDC4NOoG-ZxU3EvlMPQ-- <- has-flag 4.0.0
+ nodelite-2-Fd4gABb-ycGAmKou8eMftCupSir5lRxqf4aD-vd0cD2qc4HL07OjCeuHMr8Ro4CoMaeCKDB0-ECBOVWjTwUvPQ-- <- is-path-inside 3.0.3 (4.0.0 is available)
+ nodelite-2-Fq6SwLujA-DOIvNC2EL-SojJnkKf-rAwJ--APpJJHRyMi1PdKrY3Az-4XNQ51N4RTbItbIByQ0jgd1tayq1aeA-- <- @playwright/test 1.46.1 (1.62.1 is available)
+ nodelite-2-FQN4MRfuJeHf7cBbBMJFXhKSDq-2kAArBlmRBvcvFE5BB1HZKXtSFASDhdlz9zOYwxh8lDdnvmMOe--5cdoEdg-- <- combined-stream 1.0.8
+ nodelite-2-FRKsF7cz96xIIeMZ82ehjC3xW2E-O2-v11udrDYewUbszngYhsGa8z6YUMMzO9QJZzzyd0nGGXnML-TReX6W8Q-- <- tough-cookie 5.0.0 (6.0.2 is available)
+ nodelite-2-FWu1oLHKCrtpO1ypU6J0SbK2d9Ckwysq6bHj-uaCP26DxrPpppCLQRGVuqAxSTvhF00AcvDRyYrLNW7ocBhFFQ-- <- prettier 3.2.4 (3.9.6 is available)
+ nodelite-2-G0N3rjfw-AiiwnGw50KlObIHYWfulVwaCBUBLh2xTW9G1eM9ocE5olXkEYUbwyTmX-azM8duubi-9w5awdCz-g-- <- vite-plugin-inspect 0.8.4 (11.0.0 is available)
+ nodelite-2-G6T0ZX48xgozx7587koeX9Ys2NYy6Gmv--P89sEte9V9whIapMNF4idKxnW2QtCcLiTWlb-wfCabAtAFWhhBow-- <- minimatch 9.0.5 (9.0.9 is available)
+ nodelite-2-G9Ri3qpmF4qef2CV-80dADHKXRAQeQXpQTLx7AiQrBYQHqBjB75oxqj06FCIe5g4hNCqLPnM9fsO4CyiT1sFSQ-- <- lightningcss-linux-x64-musl 1.23.0 (1.31.1 is available)
+ nodelite-2-GCfE1mtsHGOELCU8e-Z7YWzpmybrx--dSTfLrvY8qRmaY6zXTKWn6WQIjaAFw069icm6GVMNkgu0NzI4iPZUNw-- <- istanbul-lib-report 3.0.1
+ nodelite-2-GNzQvQTOIP6RyTfE2Qxb8ZVlNmw0n88vp1szwWRimP02mnTsx3Wtn5qRdqY9w2XduFNUgvOwhNnQsjwCp-kqaQ-- <- tapable 2.2.1 (2.3.3 is available)
+ nodelite-2-GpVkmM8vF2vQUkj2LvZmD35JxeJOLCwJ9cUkugyk2nuhbv3-mJvpLYYt-0-USMxE-oj-ey-lJEnhZw75x-OMcQ-- <- commander 2.20.3 (9.5.0 is available)
+ nodelite-2-GQ2EWRpQV8-o-Aw8YqtfZZPfNRWZYkbidE9k5rpl-hC3vtHHBfGm2Ifi6qWV-coDGkrUKZAxE3Lot5kcsRlh-g-- <- parent-module 1.0.1 (2.0.0 is available)
+ nodelite-2-H0TSyFNDMomMNJQBn8wFV5YC-2eJ-VXECwOadZJT554xP6cODZHPX3H9QMQECxvrgiSOP1pHjy1sMWQVYJOUOA-- <- agent-base 7.1.1 (7.1.4 is available)
+ nodelite-2-H2iMtd0I4Mt5eYiapRdIDjp-XzelXQ0tFE4JS7YFwFevXXMmOp9myNrUvCg0D6ws8iqkRPBfKHgbwig1SmlLfg-- <- html-escaper 2.0.2 (3.0.3 is available)
+ nodelite-2-H9LjLbF6mMHLtJIc-eHR9Na-MifJ3VxtgP-Y-XLn4BF7tDTEN1HNYtH6QMcjP1uxp9sjaFYmW8xqloaCi-ckTg-- <- @changesets/should-skip-package 0.1.1 (0.1.2 is available)
+ nodelite-2-HGyxoOTYUyCM6stUe6EJgnd4EoewAI7zMdfqO-kGjnlZmBDz-cR5pf8r-cR4Wq60sL-p0IkcjUEEPwS3GFrIyw-- <- array-union 2.1.0 (3.0.1 is available)
+ nodelite-2-HnLOCR3vjcY8beoNLtcjZ5-nxn2afmME6lhrDrebokqMap-XbeW8n9TXpPDOqdGK5qcI3oT0GKTW6wC7EMiVqA-- <- string-width 5.1.2 (8.1.0 is available)
+ nodelite-2-HTlk5nmhkm8F6JcdXvHIzaorzCoziNQT9mGxLPVXW8wJF1TiGSL60ZGB4gHWabHOaMmWmhvk2-lPHfnBiT78AQ-- <- dotenv 16.3.2
+ nodelite-2-HxJdYWq1MTIQbJ3nw0cqssHoTNU267KlrDuGZ1WYlxDStUtKUhOaJmh112-TZmHxxUfuJqPXSOm7tDyas0OSIQ-- <- which 1.3.1 (6.0.0 is available)
+ nodelite-2-I88TYZWc9XiYHRQ4-3c5rjjfgkjhLyW2luGIheGERbNQ6OY7yTybanSpDXZa8y7VUP9YmDcYa-eyq4ca7iLqWA-- <- eastasianwidth 0.2.0
+ nodelite-2-IwQk4yfwLdibDlrXVE04jTZYlLnwsTT2PIOQQGNLWfjavGifnk1JD1LcZjZaBTRcxZu2FfPfNLOE04DSu9lqtQ-- <- @sveltejs/acorn-typescript 1.0.5 (1.0.8 is available)
+ nodelite-2-Izi8RQcffqCeNVgFigKli1ssklIbpHnCYc6AknXGYoB6grJqyeby7jv12JUQgmTAnIDnbck1uxksT4dzN3PWBA-- <- assertion-error 2.0.1
+ nodelite-2-IzL8ZoEDIBRWEzlCcRhOaCupYyN5gdIK-Q6fbFdPDg6HqX6jpkItn7DFIpW9LQzXG6Df9sA7-OKnq0qlz-GaQg-- <- @jridgewell/gen-mapping 0.3.5 (0.3.8 is available)
+ nodelite-2-J7p63hRiAjw1NDEww1W7i37-ByIrOWO5XQQAzZ3VOcL0PNybwpfmV-N05zFAzwQ9USyEcX6t3UO-K5aqBQOIHw-- <- minimatch 3.1.2 (9.0.9 is available)
+ nodelite-2-J8xLz7q2OFulZ2cyGTLE1TbbZcjpno7FaN6zdJNrgAdrJ-DZzh-uFR6YrTb4C-nXakvud8Q4-rbhoIWlYQbUFQ-- <- @types/node 12.20.55 (26.4.1 is available)
+ nodelite-2-JCDrsP4Z1Sb9JwG0aJ8Eo2r7k4Ou5MwmThS-6lcIe1ICyb7UBJKGRIUUdqc2ASdE-42lgz6zFUnzAIhtXnBVrQ-- <- known-css-properties 0.37.0
+ nodelite-2-JjCoypp-jKn1ttEFExxhetCKeJt9zhAgAve5FXHixTvFDW-5aEktX9bufBKLRRMdU7bNtpLfcGu94B3cdEJgjg-- <- optionator 0.9.3 (0.9.4 is available)
+ nodelite-2-JlCMO-ehdEIKqlFxk6IfVoAUVmgz7cU7zD-h9XZ0qzeosSHmUJVOzSQvvYSYWXkFXC-IfLKSIffhv0sVZup6pA-- <- undici-types 5.26.5 (8.3.0 is available)
+ nodelite-2-JmXMZ6wuvDmLiHEml9ykzqO6lwFbof0GG4IkcGaENdCRDDmMVnny7s5HsIgHCbaq0w2MyPhDqkhTUgS2LU2PHA-- <- imurmurhash 0.1.4
+ nodelite-2-JNAzZcXrCt42VGLuYz0zfAzDfAvJWW6AfYlDBQyDV5DClI2m5sAmK-OIO7s59XfsRsWHp02jAJrRadPRGTt6SQ-- <- lru-cache 10.4.3
+ nodelite-2-JppheLu7S114aEs157fOZDjFqUDpm7eHdq5E8SSR0gUBTEK0cNSHsrSR5a66xs0z3RWuo46QvA3vawp8BxDHvg-- <- @changesets/get-github-info 0.5.2 (0.7.0 is available)
+ nodelite-2-JU3teHTNjmE2VCGFzuY8EXzCDVwEqB2a8fsIvwaStHhAWJEeVd1o1QD80CU6-ZdEXXSLbSsuLwJjkCBWqRQUVA-- <- picomatch 2.3.1 (4.0.7 is available)
+ nodelite-2-JZnDKK8B0RCDw84FNdDAIpZK-JuJw-s7Lz8nksI7SIuU3UXJJslUthsi-uWBUYOwPFwW7W7PRLRfUKpxjtjFCw-- <- xmlchars 2.2.0
+ nodelite-2-KhRIdGV2U9HOUzxfiHmY8IFHTdqtOhIzCpd8WRdJiE7D-HUcZVD0EgQCVjm-Q9gkUXWgBvMmTtZgIG48wq7sOQ-- <- @vitest/pretty-format 2.1.9 (4.0.7 is available)
+ nodelite-2-KIYLCCJghfHZxqjYBE7rEy0OBuTd5xCHS7tHVgvCLkx7StIoaxwNW3hCALgEUjFfeRk-MG-Qxmp-vtETEF3tRA-- <- is-inside-container 1.0.0
+ nodelite-2-KliWlkieHyEa65aQIkRwUFfHzT5Cn4u3BQQsu3KlkJOs7c1u7ryn84EWaOjEzilbKgttT4OfBURA8Uc4JBSQIw-- <- eslint-plugin-svelte 3.11.0 (3.14.0 is available)
+ nodelite-2-KmfKL3b6G-RXvP8N1vr3Tq1kL-oCFgn2NYXEtqP8-L3pKapUA4G8cFVaoF3SU323CD4XypR-ffioHmkti6-Tag-- <- esrecurse 4.3.0
+ nodelite-2-KMReFUr0B4t-D-OBkjR3KYqvocp2XaSzO55UcB6mgQMd3KbcE-mWTyvVV7D-zsdEbNnV6acZUutkiHQXvTr1Rw-- <- anymatch 3.1.3
+ nodelite-2-KQQR9yN7R5-OSwaK0XQoj22pwHoTlgYqmUscPYoknOoWCWfj-5-ABTMRi69FrKU5ffPVh5QcFikpWJI-P1ocHA-- <- tinyexec 0.3.2 (1.0.2 is available)
+ nodelite-2-L0WhttDl-2BOsybvEOLK7fW3UA0OQ0IQ2d6Zl2x-a6vVRs3bAY0ECOSHHeL5jD-SbOpOCUEi0y1DgHEn9Qn1AQ-- <- magicast 0.3.5 (0.5.1 is available)
+ nodelite-2-L18DaJsXSUk2-42pv8mLs5jJT2hqFkFE4j21wOmgbUqsZ2hL72NsUU785g9RXgo3s0ZNgVl42TiHp3ZtOv-Vyg-- <- emoji-regex 9.2.2
+ nodelite-2-LaNjtRWUBY--zB5nE-NwcaoMylSPk-S-ZHNB1TzdbMJMny6dynpAGt7X-tl-QYq3TIeE6nxHppbo2LGymrG5Pw-- <- p-locate 5.0.0 (6.0.0 is available)
+ nodelite-2-LBgDEGL73aeb-5yAwO9JWsqCuqPdvEdwA-n25Y38F4kv6jqFaLbgIWVuZfsv9Sc9O052eoWWrAjGB75oCQvELw-- <- polka 1.0.0-next.25
+ nodelite-2-Ld2g8rrAyMYFXBhEqMz8ZAHBi4J4uS1i-CxGMDnjyFWddMXLVcDp051DZfu-t7-ab7Wv6SMqpWmyFIj5UbfFvg-- <- foreground-child 3.3.0 (3.3.1 is available)
+ nodelite-2-LDJzPVEEEPR-y48z93A0Ed0yXb8pAByGWo-k5YYdYgpY2-2EsOsksJrq7lOHxryrVOn1ejG6oAp8ahvOIQD8sw-- <- path-parse 1.0.7
+ nodelite-2-LDQvVDv5Kb50ny2s25Fhm3d9QSZimsoUGBsUioj6MC3qbMUCuC8GPIvk-M6IvXx3lYhAs0lwWUQLb-VIEUCECw-- <- @changesets/types 4.1.0 (6.1.0 is available)
+ nodelite-2-M1M6CpiE6ffoigIOWYO9UDP8TMUw9kqb21tf-08IgDYjCsOvCuDt4jQcZmoYxx-w7zlKw9-N0KXfto-I8-FrXA-- <- espree 10.1.0
+ nodelite-2-M7BAV6Rlcy5u-m6oPhAPFgJTzAioX-6B0DxyvDlo9l8-T3nLKbrczg2WLUyzd45L8RqfUMyGPzekbMvX2Ldkwg-- <- picomatch 4.0.2 (4.0.7 is available)
+ nodelite-2-MMdARuVEQziNTeJD8DgMqmhwR11BRQ-cBP-pLtYdSTnf3MIO8fFeiINEbX36ZdNlfU-7A9f3gUw49B3oQsvwBA-- <- estraverse 5.3.0
+ nodelite-2-MSjYzcWNOA0ewAHpz0MxpYFvwg6yjy1NG3xteoqz644VCo-RPgnr1-GGt-ic3iJTzQ8Eu3TdM14SawnVUmGE6A-- <- emoji-regex 8.0.0 (9.2.2 is available)
+ nodelite-2-MSmPM9REYqDGBI8439mA4mWhV5sKmDlBKWIYbA3lRb2PTHACE0mgKwA8yQ2xq9vxDTuk4iPrECBAEW2aoFXY0Q-- <- vitest 2.1.9 (4.0.7 is available)
+ nodelite-2-Mtq29sKDAEYP7aljRgtPOpTvOfbwRWlS6dPRzwjdE-C0R4brX-GUyhHSecbHMFLNBLcJIPt9nl9yG5TZ1weH-Q-- <- typescript 5.5.4 (6.0.0-dev.20260130 is available)
+ nodelite-2-Mu5PJuP7C-EqZIwDtW-bG1tVli1UFhRIyW-dERBVBYk28OviTkribu9S2LpDQ0HF2MbkqnjQIkbbE6HnepdNTQ-- <- dts-buddy 0.5.5
+ nodelite-2-N-8UisAXDGk8PFXP4HAzVR9nbfmVJ3zYLAWiTIoqC5v5isinhr-r5uaO8-7r3BMfuNIufIsA7RdpVgacC2cSpw-- <- text-table 0.2.0
+ nodelite-2-N-MeXYoqr3pOgn8xfyRPREN7gHakLYjhsHhWGT3fWAiL4IkAt0iDw14QiiEm2bE30c5XX5q0FtAA3CK5f9-BUg-- <- define-lazy-prop 3.0.0
+ nodelite-2-N3WMsuqV66lT30CrXNbEjx4GEwlow3v6rr4mCcv6prnfwhS01rkgyFdjPNBYd9br7LpXV1-Emh01fHnq2Gdgrw-- <- tr46 0.0.3 (6.0.0 is available)
+ nodelite-2-N8SpfPUnUp1bK-PMYW8qSWdl9U-wwNWI4QKxOYDy9JAro3WMX7p2OeVRF9v-347pnakNevPmiHhNmZ2HbFA76w-- <- nanoid 3.3.11 (5.1.6 is available)
+ nodelite-2-NIxF55hv4nSqQswkAeiOi1r83xy8JldOFDTWiug55KBu9Jnblncd2U6ViHmYgHf01TPZS77NJBhBMKdWj9HQMQ-- <- ci-info 3.9.0 (4.3.1 is available)
+ nodelite-2-NSWl5BFQWEPi1j4TjVNItzYV7dZXZ-wP6I6ZhrBGpChQhZRUaElihE9uRRkcbRnNb76UMKDF3r-WTmNcGPKsqw-- <- eslint-config-prettier 9.1.0
+ nodelite-2-NuaNSa6flKT5JaSYQzJok04JzTL1CA6aGhv5rfLW3PgqA-M2ChpZQnAC8h8i4ZFkBS8X5RqkDBHA7r4hej3K9A-- <- queue-microtask 1.2.3
+ nodelite-2-O8dpsF-r0WV-8MNRKfnmrtCWhuKjxrq2w-jpzBL5UZKTi2LeVWnWOmWRxFlesJONmc-wLAGvKQZEOanko0LFTg-- <- istanbul-lib-coverage 3.2.2
+ nodelite-2-O8jcjabXaleOG9DQ0-ARXWZBTfnP4WNAqzuiJK7ll44AmxGKv-J2M4TPjxjY3znBCfvBXFzucm1twdyFybFqEA-- <- @isaacs/cliui 8.0.2 (9.0.0 is available)
+ nodelite-2-OAlb-T7V4Op9OwdkjmguYRqncdlx5JiofwOAUkmTF-jNdHwzTaTs4sRAGpzLF3oOz5xAyDGrPgeIDFQmDOTiJw-- <- check-error 2.1.1 (2.1.3 is available)
+ nodelite-2-Oei9OH4tRh0YqU3GxhX79dM-mwVgvbZJaSNaRk-bshkj0S5cfHcgYakreBjrHwatXKbz-IoIdYLxrKim2MjW0Q-- <- asynckit 0.4.0
+ nodelite-2-OGlZQpz2yfahA-Rd1Y8Cd9SIEsqvXkLVoSw-cgwhnhFMDbsQFeZYoJJ7bIZBS9BcamUW96asq-npPWugM-RQBw-- <- jackspeak 3.4.3 (4.2.3 is available)
+ nodelite-2-OQtR36ZlnuTxKqoW4Sv6x5YIhOmClRd5pWsjZsddYxpWs517R0HkyiefQPIytCVh4ZcC5x9XaG8KTdd5iRQUfg-- <- @changesets/logger 0.1.1
+ nodelite-2-OvQ-2pUDKmgfCg--xsTX1wGxfTaszcHVcTctW4UJB4hibJx2HXxxO5UmVgyjMa-ZDsiaf5wWLXYpRWMmBI0QHg-- <- acorn 8.14.1
+ nodelite-2-OWND8ei3VtNC9h7V60qff3SVobHr996CTwgxubgyQYEpg290h9J0buyECNNJexkFm5sOajh5G116RYA1c8ZMSw-- <- natural-compare 1.4.0
+ nodelite-2-P8BjAsXvZS-VIDUI11hHCQEv74YT67YUi5JJFNWIqL235sBmjX4-qx9Muvls5ivyNENctx46xQLQ3aTuE7ssaQ-- <- callsites 3.1.0
+ nodelite-2-PmDi3uwK5nFuXh7XDTlVnS17xJS7vW36is2-w3xcv8SVxiB4NyATf4ctkVY5bkSjX0Y4nbvZCq1-EjtEyr9ktw-- <- fs-extra 11.2.0
+ nodelite-2-PMXmW2y1hDDfTSRc9gaXIuCCRpuoz3Kaz8cUelp3smouvfT632ozg2vrT6lJsHKKOF59YLbOGfAWGUcKEfRMQw-- <- fdir 6.4.3 (6.5.0 is available)
+ nodelite-2-PpOwAdQ-YlXQ2vj8a3h8IipDuYRi3wceVQQGYWxNINccq40Anw7BlsEXCMbt1Zt-OLA6Fq9suIpIWD0OsnISlw-- <- find-up 4.1.0 (7.0.0 is available)
+ nodelite-2-PtVz9nAnuNJuAVeUFvwztjuUgSnJInODAUx47VDwWPXzd5vismPOtPtt83tzNXyOjVQbPRp786D6WFW-M2koIA-- <- typescript-eslint 8.26.0
+ nodelite-2-PXwfBhYu0hBCPw8Dn0E-WDYb7af3dSLVWKi3HGv84IdF4TyFoC0ysxFd0Goxw7nSv4T-PzEJQxsYsEiFCKo2BA-- <- micromatch 4.0.8
+ nodelite-2-QaKxh0eNIi2mE9p2vEdzfagOKHCcj1pJ56EEHGQOVxp8r9-iszLUUV7v89x9O1p-T-NlTM5W7jW6-cz4Fq1YVg-- <- whatwg-mimetype 4.0.0 (5.0.0 is available)
+ nodelite-2-R4nPAVTAU0B9D35-Gk3uJf-7XYbQcyohSKdvAxIRSNghFl4e71hVoGnBNQz9cWaXxO2I10KTC-3jMdvvoKw6dQ-- <- p-try 2.2.0
+ nodelite-2-R79ZZ-0wAxKGu3oYMlz8jy-kbhsNrS7SKZ7PxEHBgJ5-F2mtFW2fK2cOtBh1cHYkQsbzFV7I-EoRKe6Yt0oK7A-- <- p-locate 4.1.0 (6.0.0 is available)
+ nodelite-2-R8gLRTZeyp03ymzP-6Lil-28tGeGEzhx1q2k703KGWRAI1VdvPIXdG70VJc2pAMw3NA6JKL5hhFu1sJX0Mnn-A-- <- @jridgewell/set-array 1.2.1
+ nodelite-2-RbJ5-jmFcNNCcDV5o9eTnBLJ-HszWV0P73bc-Ff4nS-rJj-YaS6IGyiOL0VoBYX-l1Wrl3k63h-KrH-nhJ0XvQ-- <- graceful-fs 4.2.11
+ nodelite-2-RF0Fw-rO5AMf9MAyaRXI4AV0Ulj5lMHqVxxdSgiVbixSCXoEmmX-jk0CuJw4-3SqroYO9VoUh-HcuJivvtJemA-- <- semver 7.7.2 (7.8.5 is available)
+ nodelite-2-Rfkk-Mp-DL7JVje3u18FxFujQlTNR2q6QfMSMB7AvCBx91NGj-ba3kCfza0f6dVDbw7YlRf-nDrn7pQrCCyQ-w-- <- estree-walker 2.0.2 (3.0.3 is available)
+ nodelite-2-RHxMLp9lnKHGHRng9QFhRCMbYAcVpn69smSGcq3f36xjgVVWThj4qqLbTLlq7Ssj8B-fIQ1EuCEGI2lKsyQeIw-- <- isexe 2.0.0 (3.1.1 is available)
+ nodelite-2-RkhPPp2zrqDAQA-2jNhnztcPAlv64XdhIp7a7454A5ovI7Bukxgt7MX7udwAu3zg1DcpPU0rz3VV1SeaqvY4-A-- <- @nodelib/fs.stat 2.0.5 (4.0.0 is available)
+ nodelite-2-RRECPsj7iu-xb5oKYcsFHSppFNnsj-52OVTRKb4zP5onXwVF3zVmmToNcOfGC-CRDpfK-U584fMg38ZHCaElKQ-- <- color-convert 2.0.1 (3.1.2 is available)
+ nodelite-2-RSYAtP31mvYLkAHrOlh25pCNQ5hWnT106VukGaaFfuJrZFkGRX5GhUAdPqpSDXxOhA2c4akmRuplv1mRqnBn6Q-- <- regexparam 3.0.0
+ nodelite-2-Saa1xPByTTq2gdeFZYLLo-RFE35NHZkAbqZeWNd3BpzppeVisAqpDjcp8dyf6uIvEqJRd46jemmyA4iFIeVk8g-- <- serialize-javascript 6.0.2 (7.1.1 is available)
+ nodelite-2-SbKbANkN603Vi4jEZv49LeVJMn4yGwsbzZworEoyEiutsN3nJYdbO36zfhGJ6QEDpOZIFkDtnq5JRxmvl3jsoQ-- <- is-extglob 2.1.1
+ nodelite-2-SEArWKMHhqn-0QzOtclIwH5pXIYQOUEkF8DgICd-105O-GCgd7jxjNod-QPnBCSWvpRHQBGVz5fQ9uScby03zA-- <- lightningcss 1.23.0 (1.31.1 is available)
+ nodelite-2-SgHtMLoqaeeGnd2evZ849ZbACbnwQCIwRH57t18FxcXoZop0uQu0uzlIhJBlF-eWVzuce0sHeqPcDo-evVcg8Q-- <- vitefu 0.2.5 (1.1.1 is available)
+ nodelite-2-SicG-S67JmPTrdcc9Vpu0wSQt7IiuN0dc8iR5VScnnTVPfIaLvKmEGRvIaF0kcn8u5ZqLbormZNTO77bCEvyWw-- <- @changesets/get-release-plan 4.0.4 (4.0.8 is available)
+ nodelite-2-SW13ws7BjaeJ6p7Q6CO2nchbYEc3X3J6WrmTTDto7yMPqVSZTUyY5Tjbid-Ab8gLnATtygYtiDIJGQRRn2ZOiA-- <- locate-character 3.0.0
+ nodelite-2-T1gkAiYYDWYx3V5Bmyu7HcfcvL7mUrTWiM6yOfa3PIphViJ-gFPbvidQ-veqSOHci-PxBcDabeUNCzpOODJZig-- <- http-proxy-agent 7.0.2
+ nodelite-2-TrEMa7JGdVm0UThDJSx7ddw5nVm3UJS9o9CCIZ72B1vSyEZoziDqBYP3XIoi-12lKrJR8rE3jeFHMok2F-Mnsg-- <- rrweb-cssom 0.7.1 (0.8.0 is available)
+ nodelite-2-TS-9KG2CdGXS27S-QxbZXgr8uPsP4yNJYb4BC2-NeFUj80Rni3TeD2qwWmabymxmrLo7JEsytXH1FbpKTbvivw-- <- @changesets/parse 0.4.0 (0.4.3 is available)
+ nodelite-2-TtpcNJ3XAzx3Gq8sWRzJaVajRs0uVxA2YAkdb1jm2YkPz4G6egUFAyA3n5vtEIZefPk5Wa4UXbKuS5fKkJWdgA-- <- escape-string-regexp 4.0.0 (5.0.0 is available)
+ nodelite-2-TYOanM3wGwNGsZN2cVTYPArw454xnXj5qmWF1bEoAc4-cU-ol7GVh7odevjp1FNHduHc3KZMcFduxU5Xc6uJRQ-- <- p-limit 3.1.0 (7.2.0 is available)
+ nodelite-2-U82MsXXiFIrjCK4otLT-o2NA2Cd2g5MLoOVXUZjIOhLurrRxpEXzI8O0KZHr3IjLvlAH1kTPYSuqer5T9ZVBKQ-- <- is-reference 1.2.1 (3.0.3 is available)
+ nodelite-2-U9JedYYjCnadUlXk7e1Kr-aENQhtUaoaV9-gZm1T8LC-YBAPJx3NSPIAurFOC0U5vrdSevnUJS2-wUVxGwPhng-- <- esm-env 1.2.1 (1.2.2 is available)
+ nodelite-2-U9nH88a3fc-ekCF1l0-UP1IosiuIjyTh7hBvXVMHYgVcfGvt897Xguj2UOLDeI5BG2m7-uwyaLVT6fbtCwTyzw-- <- reusify 1.0.4 (1.1.0 is available)
+ nodelite-2-UcVfVfaK4Sc4m7X3dUSoHoozQGBEFeDC-zVo06t98xe8CzHSZZBekNXH-tu0NalHolcJ-QAGqS46Hef7QXBIMw-- <- is-wsl 3.1.0 (3.1.1 is available)
+ nodelite-2-UJCIkTBenHeKT1TTlKMJWy1laZewsRIzYighyYiJKZreqtdxSos-S1t-ktRMQWu2CKqaarrkeszJx1cgC5tGZw-- <- @vitest/expect 2.1.9 (4.0.7 is available)
+ nodelite-2-UjgapumWlbMhkBgzT7Ykc5YXUT46F0iKu8SGXq0bcwP5dz-h0Plj6enJqjz1Zbq2l5WaqYnrVbwWOWMyF3F47g-- <- source-map 0.6.1 (0.8.0-beta.0 is available)
+ nodelite-2-UNopramDEhHJD-VR-ehk8rOslwSfByxPIZyJRfV739NDhN5LF1fa1MqnzKm2lGTQRjNrjK19Q5fhkgIfjlVUKw-- <- human-id 1.0.2 (4.2.1 is available)
+ nodelite-2-UOiS2in6-Q0FK0R0q6UY9vYpQ21mr-Qn1KOnte7vsACuNJf514WvCCUHSRCPcgjPT2bAhNIJdlE6bVap1GKmeg-- <- extendable-error 0.1.7
+ nodelite-2-UQMIo7pb8WRomKR1--MFVLTroIvDVtMX3K6OUir8ynLyzB8Jeriont2bTAtmNPa1ekAgN7YPDyf6V-ygrdU-eQ-- <- ts-api-utils 1.3.0 (2.5.0 is available)
+ nodelite-2-UV6FZMUgePDZrFjrNGIWzDo-vABebuXBhJEqrHxrGiU6HikPy0Z3LfdtciIttEUQfuDdCn8fqh7wiFJjCNwO-g-- <- @rollup/rollup-linux-x64-musl 4.22.4
+ nodelite-2-UXWMKhLOwVKb728IUtQPXxfYU-usdybtUrK-8uGE8CQMvrhOpwvzDBwj0QhSL7MQc7vIsISBG8VQ8-IDQxpfQA-- <- source-map-js 1.2.1
+ nodelite-2-UyLnSehNt62FFhSwjZlHmeokpRK59rcz29j-F1-aDgbkbRTk7wIc9XzdoasMUbRNKDM0qQt--BJ4BrpFeABemw-- <- eslint-visitor-keys 4.2.0 (5.0.1 is available)
+ nodelite-2-V0hjH4dGPh9Ao5p0MoRY6BVqtwCjhz6vI5LT8AJ55H-4g9-4vbHx1I54fS0XuclLhDHArPQCiMjDxjaL8fPxhw-- <- entities 4.5.0 (8.0.0 is available)
+ nodelite-2-VBBaLc1MgL5XpzgIP7ny5Z6Nx3UrRkIViUkPUdtl9aya5amy3De1gsUUSB1g3-3sExYNjCAsAznmukyxCb1GRA-- <- decimal.js 10.4.3 (10.6.0 is available)
+ nodelite-2-VCgMHKV7UtOGcGLGNFSbmdm6kEKjtzo5nnpGU-mnx4OsFY6bZ7QwRF5DUx-Hokw5Lvdyo8dpk8B1m8mliomrNg-- <- svelte-eslint-parser 1.3.0 (1.4.1 is available)
+ nodelite-2-VIMnQi-Z4HT2Fxuwg5KrY174U1VdUIASQVWXXyqtNRtxSr9IYkn1rsI6Tb6HsrHCmB7gVpNwX6JxPTHcH6IoTA-- <- read-yaml-file 1.1.0 (2.1.0 is available)
+ nodelite-2-VwddBukDzu71offAQR975unBIGqfKZpM-8ZX6ySk8nYhVoo5CYaZyzt3YBvYtRtO-aoGlqxPg-B87NGVZ-fu6g-- <- webidl-conversions 7.0.0 (8.0.1 is available)
+ nodelite-2-W9pAhw0ja1Edb5GVdIF1mjZw-ASI0AlShXM83UUGe2DVr5TdAPEA1OA8m-g8zWp9x6On7gqufY-FatDbC3MDQg-- <- commondir 1.0.1
+ nodelite-2-WkrWp9GR4KXfKGYzOLmTuGVi1UWFfws377n9cc55-tb6DuqyF6pcQ5AbiHEshaDpY9v6oaSr2XCDidGmMwdzIA-- <- dir-glob 3.0.1
+ nodelite-2-WY-3TUME0x3KPYdRRxEJJvXRHV4PyPoUsxtZa78lwItwRQRHhd2U9xOscaT-YTf8uCXIAjeJOFBVEh-7FtD8Xg-- <- default-browser 5.2.1 (5.5.1 is available)
+ nodelite-2-Xa4Nw17FS9ApQFJ9umLiJS4orGjm7ZzwUrwamcGQuHSzDyth9boKDaycYdDcZDuqYATXw4HFXgaqWTctW-v1HA-- <- path-scurry 1.11.1 (2.0.2 is available)
+ nodelite-2-XHeJC5Bgvs8LfukDwWZp7yeqin6ns8RTl2B9avbejt6tZqsqvVoWI7ZTQrcNsfKEDWBTnTxM8nMDkO2IFFbd0A-- <- @rollup/plugin-terser 0.4.4
+ nodelite-2-XleUoc9uwGXqjWwXaUTZAmzMcFZ5858QA2vvx1Ur5xIcixXIP-8LnFDgRplU30us6teqdlskFfu-ae4K79Ooew-- <- type-check 0.4.0
+ nodelite-2-XnAIvQ8eM-kC6aULx6wuQiwVsnzsi9d3WxzV3FpWTGA19F621kwdbsAcFKXgKUHZWsy-mY6iL1sHTxWEFCytDA-- <- brace-expansion 2.0.1 (5.0.9 is available)
+ nodelite-2-XTIWOPPcpvyKI6L1NHo0lFlCyznUEyPmPY1mc3KpPVDYulHSTvyeLNVW00QTLIAFNhR3kYnJTQHeGqU4M3n09g-- <- @rollup/pluginutils 5.1.0 (5.4.0 is available)
+ nodelite-2-XXTUwCvisa5oacNGRP9SfNtYBNAMi-RPwBFmblZEF7N7swHYQS6-Zfk7SRwx4D5j3CH211YNRco1DEMNVfZCnQ-- <- file-entry-cache 8.0.0
+ nodelite-2-XxwI8EOhVQgWp6iDL-3b0r86f4d6AX6zSU55HfB4ydCEuXLXc5FcYeOu-nnGftS4TEju-11rt4KJPTMgbfmv4A-- <- glob-parent 6.0.2
+ nodelite-2-Y22oTqIU4uuPgEemfz7NDJz6OeKf12Lsu-QC-s3BVpda64lTiMYCyGwg5ki4vFxkMwQdeZDl2adZoqUgdFuTgQ-- <- html-encoding-sniffer 4.0.0 (6.0.0 is available)
+ nodelite-2-Y38VPSHcqkFrCpFnQ9vuSXmquuv5oXOKpGeT6aGrr3o3Gc9AlVa6JBfUSOCnbxGGZF--0ooI7KrPuUSztUdU5A-- <- strip-ansi 6.0.1 (7.2.0 is available)
+ nodelite-2-Y3AP9EIfYwBb4kWGb-simvPaqQoT5oJuzzj9m0i6FCY6SPvlomY2Ei4UEMm7-FXtlNJbor80ximyslzaQF6xhg-- <- @typescript-eslint/typescript-estree 8.32.1
+ nodelite-2-Y7KbAP984rn1VGMbGqKmBLio9V7y5Je9GvU4rQPCPinCyNfUcToxIXl06d59URp-F3LwinvODxab5N-G6qggkw-- <- @babel/runtime 7.23.8 (8.0.0-beta.0 is available)
+ nodelite-2-YJDaCJZEnBmcbw13fvdAM9AwNOJwOzrE4pqMqBq5nFiEqXUqHwlK4B-3pUw6JNvfSPtX05xFHtYy-1ni01eGCw-- <- fs-extra 7.0.1 (9.1.0 is available)
+ nodelite-2-Yl9BWvEj-1j-8mICIAA04-Sx0wEHNL0n9pSIZFM8n4NWgLFmR3v41qX2k54J-r4LWE2YHTeNNH2WJqEUb3geEA-- <- @sveltejs/vite-plugin-svelte-inspector 3.0.0-next.2
+ nodelite-2-YmybwXUJcgGqgAp6bEsgpPXEg6dcCyPyCSr0CAAueacR-CCBi25G3V8gGQ2kRzQRBNol7VQknxMs9HvVa9Rvfg-- <- @typescript-eslint/types 8.32.1
+ nodelite-2-YQLXUplAwJgCydQ78IMJywZCceoqk1oH01OERdSAJc-7U2AylwjhSCLDEtqwg811idIS-9fIU5GjG73IgjKMVg-- <- esquery 1.5.0 (1.7.0 is available)
+ nodelite-2-YsGpe3WHLK8ZYi4tWDg2Jy3ebRz2rXowDxnld4bkQB00cc-1Zw9AWnC0i9ztDJitivtQvaI9KaLyKrc-hBW0yg-- <- fill-range 7.1.1
+ nodelite-2-YVGIj2kamLSTxw6NsZjoBxfSwsn0ycdesmc4p-Q21c5zPuZ1pl-NfxVdxPtdHvmNVOQ6XSYG4AUtyt-Fi7D16Q-- <- wrap-ansi 7.0.0 (9.0.2 is available)
+ nodelite-2-YZo3K82SD7Riyi0E1EQPojLz7kpepnSQI9IyPbHHg1XXXevb5dJI7tpyN2ADxGcQbHG7vcyRHk0cbwqcQriUtg-- <- safer-buffer 2.1.2
+ nodelite-2-Z-ZeOgVl7bcSYZ-u-rh0fOpvEpq--LZmdbkXyc7syVzjPAhfOa9ebsdTSjEBDU4vs5nC98Kfduj1uFo0qyET3g-- <- aria-query 5.3.1 (5.3.2 is available)
+ nodelite-2-Z2cOr0ksM00MpEfyVE8KXIYPEcBFxdbLSs56L8PO0QQMxt-6bDj45uQfxoc96v05KW3clk7vvgP0qfDit9DmfQ-- <- @vitest/coverage-v8 2.1.9 (4.0.18 is available)
+ nodelite-2-ZBxxZ5sL2HghephhpGAQdoskxplTwr7ICaehZwLIlfL6acuVgZPm8yBNuRAFBGEqtD-hmUeq9eqLg2ys9Xr-yw-- <- p-filter 2.1.0 (4.1.0 is available)
+ nodelite-2-ZDY-bPm5zTTF-YpCrAU9nK0UgICYPT0QtT1NZWFv4s--TNkcgVaT0g6-4R2uI4MjQjzysHB1zxuWL50hzaeXiw-- <- mime-types 2.1.35 (3.0.2 is available)
+ nodelite-2-ZMERYes6pDydyuGidse7OsHxtbI7WVeUEozgR-g7rd0xUimYNlvZRE-K2MgZTjWy725IfelLeVcEM97mmtRGXw-- <- is-binary-path 2.1.0

Done in 1.7s
