Progress: resolved 1, reused 0, downloaded 0, added 0
Packages: +250
++++++++++++++++++++++++++++++++++++++++++++++++++++++++++++++++++++++++++++++++
Progress: resolved 250, reused 0, downloaded 246, added 245
Progress: resolved 250, reused 0, downloaded 250, added 250, done

dependencies:
+ nodelite-2-G0i98epIwiUEiKmMcavmVdhtymW-pCAohMRgybyIME9ygfVu8QheIi-YoQh3ngiThsT0SQzJT4R0sKDEv8Ou0w-- <- xml-lexer 0.2.2
+ nodelite-2-G2Lj61tXDnVFFOi8VZds-SoQjtQC3dgokKdDG2mTm1tx4m50NUHBOZSBwQQHyy0V12A0JTG4icfZQH-xPyh8VA-- <- lowercase-keys 1.0.1 (3.0.0 is available)
+ nodelite-2-G5akfn7eKbpDN-8nPS-cb57YeA1jLTVxjpCj7tmm3QKPdyDy7T-qSC40e9ptydSWvkwjSXw1VbkpyEm39ukeAg-- <- http-signature 1.4.0
+ nodelite-2-G6T0ZX48xgozx7587koeX9Ys2NYy6Gmv--P89sEte9V9whIapMNF4idKxnW2QtCcLiTWlb-wfCabAtAFWhhBow-- <- minimatch 9.0.5 (9.0.9 is available)
+ nodelite-2-G6WalmoUssKF8ZXkni0-n4324K-gG143KPysSQNW-FrR0XyNb3BdRxchGC-Q1FE-F702p7-6KU7r4mv0WSWbzA-- <- prettier-plugin-packagejson 2.5.22
+ nodelite-2-G7Ok5C6E-j4SGfyLCloXTrngQIQU3PWtXGst3yM7Bea9FRURf1S42ZHlZZtsNque2FN2PoUhfZXYLNWwEr4dLQ-- <- string.prototype.trimend 1.0.9
+ nodelite-2-G7r3AhovYtr5YKOWQkta8RKAPb-J9IsO4uVmzjl8AZwfhs8UcUwTiD6gcJYSgOtzyjvQKrKYn41syHbUWMkafA-- <- timed-out 4.0.1
+ nodelite-2-G7sHYigPY17oO5SYWnfD-0MTBwVR781S-JI643e-JhUYgVgWE-61SoW3NH9KWUKyKq5LVh3npif99Wkt6j86Jw-- <- @babel/helper-plugin-utils 7.29.7 (8.0.1 is available)
+ nodelite-2-GaETH5wwsX-GcnzhPgKcKjJ6M2Cq3-iZp1WyY-X1CSqrW-jVNM9Y7D8EC2sM4ZG-V8wZlSniJnCKWPmBYAucRQ-- <- write-file-atomic 2.4.3 (6.0.0 is available)
+ nodelite-2-GaqWWShW4kv-G9IEucWScBx9G1-vsFZZJUO-tD26M8J8z3Kw5RDQjaoZe03YAClgeS-SWPOcb4nkFBTEi5DUEA-- <- mdn-data 2.0.30 (2.27.1 is available)
+ nodelite-2-GBEV4GRADeP-qtB2-6u61stea8mGcOT4mCtrYISZwfu9-ISHFJ-5zOMXYbpBE9RsS5-Gb63DW4FgmnKJ79Kf6w-- <- jest-message-util 29.7.0 (30.2.0 is available)
+ nodelite-2-GbK2cP9nraSSUF9N2XwUwqfzlAFlMNYYl-ShE-V-H8a9uNl-oUqB1w2EL54Jh0OlyRSd8RfWYJ3coVS4TROP2w-- <- prettier-linter-helpers 1.0.0 (1.0.1 is available)
+ nodelite-2-GBX6-V06anH2rRt1sGmYXvAVpBo0tMmJxVvGuMcd-KV-EzMnYFSYBnccCa5IYWJvEigI-vFLKKLLEeO6SyfjcQ-- <- animated-scroll-to 2.3.2
+ nodelite-2-Gc29jkeiLKlVfHvyrIgyUHHE-aYTdXEeLfK42rjr5-1TTVsYwUJz0XkvoIBIqfMjcDg6gXeHb1jTUZ0H-SYIlQ-- <- @algolia/recommend 5.57.0
+ nodelite-2-GCfE1mtsHGOELCU8e-Z7YWzpmybrx--dSTfLrvY8qRmaY6zXTKWn6WQIjaAFw069icm6GVMNkgu0NzI4iPZUNw-- <- istanbul-lib-report 3.0.1
+ nodelite-2-GCPAHLvrIH13-c0SuacwvRYj2SxJXQ4kaVTT5xgL3kPrz56XxkF21IGhjSE1-W0aw7gpBWRGXLCPnPby6lSpmQ-- <- xdg-basedir 5.1.0
+ nodelite-2-GcUgbO4Jsqqg6RxfyTHFiPxdPqF-3LFmQhm7MgCuYQOYuWyqxo5pwRPz5d-u6-WYJdEnWfK4r-jGbyD8TSggXQ-- <- stacktrace-gps 3.1.2
+ nodelite-2-Gd2UZBJDkXlY7GbJxfsE8-nvKkUEU1G38c1siN6QP6a9PT9MmHB8GnpscSmMJSoF8LOIrt8ud-wPtojys4G6-g-- <- safe-buffer 5.1.2 (5.2.1 is available)
+ nodelite-2-GdekYuwLXLxMuFTwAPg5UKGLW-UXzQrZvH-Zj791BQif5T05T0RsaLfHc9q3ZOKi7n-BoprPD9mJ0O0k4xzUlw-- <- registry-auth-token 5.1.0
+ nodelite-2-GDhU9ntwuKyGXdZBUgTIe-vXnWj0fppUEtMDL0-idd5Sta8TGpHssn-eusA9mrPr9qNDym6SxAYZjNvCn-9RBg-- <- extract-zip 2.0.1
+ nodelite-2-GDhwkLfywWL2s6vEjyhri-eXmfH6j1L7JE27WhqLeYzoh-A3DBaYGEj2H-HFZCn-kMfim73FXxEJTw06WtxQwg-- <- readdirp 4.1.2 (5.1.1 is available)
+ nodelite-2-GE1TFSiuFeGsCxmYXZl8HwoPrVlwe4rHPFE8weieGKZqnDORK-Ar3vgWMgW-AOxQ6-2TgLSKx9p6W7O4rC6qgQ-- <- @babel/plugin-bugfix-safari-id-destructuring-collision-in-function-expression 7.29.7 (8.0.1 is available)
+ nodelite-2-GEbrYkbfF7MoNaoh2iGG84Mnf-WZfB0GdGEsM8wz7Expx-LlWf5U8t9nvJKXSp3qr5IsEbK04cBGhol-KwOsWA-- <- napi-build-utils 2.0.0
+ nodelite-2-GfisEZEJvzKrmGWkvfhgzcz-BllN1USeqD2V6tg14OAOgaCD2Z-PUEuxnAZ-nPvmaHRG7a8y77p1T-IRQ4D1Hw-- <- clean-regexp 1.0.0
+ nodelite-2-GfXP1xSzLMcLJI5BM36Vh7GgZBpy-U-X0no-VM3fxayv-p1Jly5HpMofZJraeaMl73b3hvlr-N9zJKvLB-uz9w-- <- react-split-pane 0.1.92
+ nodelite-2-GFZjqU8LAdu1uR72GqrReI-lzNLMlcWtvdz1TKNJiofyo1mfTecFYSZEoEbcLcRMl-KwEldnNQoS4BwO8wtg0A-- <- heti-findandreplacedomtext 0.5.0
+ nodelite-2-GG2AQYWoLgL877gQIKeRPGO1xF9-eG1ujIb5soS5gPvLQ1y2o8FL90w2QWNdf9I361Mpp7726c-lj3U0qK1uGw-- <- parse-entities 4.0.2
+ nodelite-2-GGP3O9QFD24uGeAXYUjwSTXARoqpZykHadOmA8G5vfJPK0-DC67qa--0qvqrJzL1xc8WQWX7-yc7fwudjPHPhA-- <- @smithy/is-array-buffer 2.2.0 (4.2.0 is available)
+ nodelite-2-GhdPgy1el4-ImP05X05Uw4cw2-M93BCUmnEvWZNStlCzEKME4Fkk-YpoA5OiHNQmoS7Cafb8Xa3Pya8m1Qrzeg-- <- @types/estree 1.0.9
+ nodelite-2-GHuDRO12Sypu2cV70d1dkA2EUmXHgntrzbpvOB-Qy-49ypNfGgFQIC2fhhXbnyrJRynDCAARsT7Ou0M6hirpfw-- <- comma-separated-tokens 1.0.8 (2.0.3 is available)
+ nodelite-2-GjmLjWrXg1wqMIO9-ZsRik-s7PLwTaeCHVB7vRxUwLntZc8mzmTsLVr6HW1yLokcnhfURsn5zmSVdi3-xWWu1A-- <- mdast-util-gfm-autolink-literal 0.1.3 (2.0.1 is available)
+ nodelite-2-GK3g5RPZWTRSeLSpgP8Xhra-pnjBC56q9FZYe1d5RN3TJ35dbkGy3YqBSMbyCrlbi-CM9Z3Jk5yTL7RCsqboyQ-- <- lodash.mergewith 4.6.2
+ nodelite-2-GKHFX2nXul2-4Dtfxhozv701jLQHdf6J34YDh2cEkpqoo8le5Mg6-LrdseVLrFarmFygZTlfIhHx-QKfb-QWXw-- <- yup 1.7.1
+ nodelite-2-GkXZ59JfyxsIwNTWFnjmFEI8kZpRNIBfxKjv09-nkAWPt-4aGaEWMM04m4sxgNVWkbt2MdSvE3KF-PfX4nFedQ-- <- @smithy/util-base64 4.3.0
+ nodelite-2-Gl-orGBxYSNphx1-83GYeNy5N0dQsHBQ9PJMriaLQDB51UQHCVLBT-HBdOx5VaYksivSf5Os55TLePbRLlW50Q-- <- @commitlint/to-lines 18.6.1 (20.0.0 is available)
+ nodelite-2-GlhdIUuVakc8SJ6kK0zAFbiGzRFzNnY4jUuEbV9UROo4Y-0Ny4fjvcZFVTeDA4odpFyOQzaw6hXukJSq-f28sQ-- <- get-stream 3.0.0 (9.0.1 is available)
+ nodelite-2-GLHN-GTAAMEy5BFdvpUfzr9Dr80zQqBrh0fz1mtRMe05hqP45-HfQltu7oTBfduD0UeZs09d-maFtFYAXFWvAA-- <- jest-worker 29.4.3 (30.2.0 is available)
+ nodelite-2-GljRxhWvlCNRfZyORiH77FwdFwGcMO620o37EOYC0ORWdq-WYNVqW0w2Juzew4M-L81l6-QS3t5gkkihyRqv9w-- <- is-primitive 3.0.1
+ nodelite-2-GlsNBWiFQFCVi9QVSx7f5AgMeLxe9YCCs5PuP2O2LdjDAA8Jh9eX7lA1Jq-xdXw3Wb3hyvlFNfZIfcRetSzYcA-- <- @jest/expect-utils 29.7.0 (30.2.0 is available)
+ nodelite-2-GmK8AKu8i-s-EChK-uZ5IbrXPcPaQKWaNSGevDT-7o3gFObwSUQwqb1jMqxuo-YPvj0ckGzINI-EO7EHcmJjKg-- <- @types/cors 2.8.5
+ nodelite-2-GmSu5aidb0qtlABPlQMfiufJCmyGQIg-OqOSlP7l3OBqS3HG7-ixcHPQQi5HvEpBePbdt4fcOwUZBqdn46MohQ-- <- @udecode/plate-utils 48.0.5
+ nodelite-2-GMXzWtsc57XAtguZgaQViUOzs0KTkk8ojr3-xAxXLITqf-3EMwxC0inyETfDFjH-Krbhuep0HNbbjI9i-q3F3g-- <- underscore 1.13.7
+ nodelite-2-Gmy6FhYlCY7uOElZUSbxo2UCDH8owEk996gkbrpsgGtrJLM3J7jGxl9Ic7Qwwj4ivOE5AWZWRMecDdF7hqGjFA-- <- camelcase 6.3.0 (8.0.0 is available)
+ nodelite-2-GN-MBozuyz664ycpZY0ecdQE0ND-LSgJKhTLA0-v3arIS3S1Rpf2OJz6A35ReMsm91V5apcmzr5-kM84cvUg-A-- <- docsearch.js 2.6.3
+ nodelite-2-GP6WDNWf-o403jrEp9c5jibKavrtLW--qYGhFxFrG8maXhwTBI7gLLhiBb0o7uFccWN-EOS9aMO6cGHWAO07OA-- <- stylis 4.1.3 (4.4.0 is available)
+ nodelite-2-GpbM3gLF1UUXZvQw6MCyulHkWbRseNO4cyBEZresZRorwl1-SLu1ZdqgVtuwqz8mB6RpwPkm541mYSqrKyJSaA-- <- shortid 2.2.17
+ nodelite-2-GPnf4cuSUZXhx3spjRQLtUoI6--00f9198gcG8hJDBFR4KYfMvLorAk97MU7qeTkyhzhYLR7yLr-E66vH7ZOaw-- <- @zxcvbn-ts/language-common 3.0.2
+ nodelite-2-GpVkmM8vF2vQUkj2LvZmD35JxeJOLCwJ9cUkugyk2nuhbv3-mJvpLYYt-0-USMxE-oj-ey-lJEnhZw75x-OMcQ-- <- commander 2.20.3 (9.5.0 is available)
+ nodelite-2-GQ2EWRpQV8-o-Aw8YqtfZZPfNRWZYkbidE9k5rpl-hC3vtHHBfGm2Ifi6qWV-coDGkrUKZAxE3Lot5kcsRlh-g-- <- parent-module 1.0.1 (2.0.0 is available)
+ nodelite-2-GQDxZ5Jd-Aq-qUxbCm1UtzmL-s--V7zKgE8yMktJiCQXCCFZnMZh9ng-6-Ne6PjNSXH0L9CjeOEREfRnq6Duag-- <- react-error-boundary 4.1.2 (6.0.0 is available)
+ nodelite-2-GQwJ5WZVrKnOJuiYiAF52UNUJXgTZx1NHjFSEB0qEMmSZKAkdMoIzw-Cj6x6NF4AvV23AUqDpFzQkN-eYCYTxw-- <- @jest/test-sequencer 29.7.0 (30.2.0 is available)
+ nodelite-2-GRbEOUqCxemTAk-b32F2xa8wDTs-Z1QHOkbhJDQTvv-6G3ZkbJ-frYWsTcc7cBB3Fu4wy4XlLCuNtJuMn7Gsvw-- <- sort-keys-length 1.0.1
+ nodelite-2-GRj6Ky6sW9vGL6yIjgsHmXZ9YgrdmcQ8nCxPqEGeKc6dkfYg1XDYxGFxADUjNuZyoCd5PUscWAS4N-cFaX6hFg-- <- ml-array-min 2.0.0
+ nodelite-2-GRMWDxpOB6Dgk2E5Uo-3eEBvtOOlimMmpbFiKuLFnQzYDavtLFY3K5ona41jgN-WdRZtG7utuVSVTL4HbZHGkw-- <- cli-width 2.2.1 (4.1.0 is available)
+ nodelite-2-GrwoxYN-uWlzO8uhUXRl0P-kHE4GtVPfYzVLcUxPL7KNdHKj66vvlhiweIHqYYXWlw-T8iLMp42Lm67ghw4WMQ-- <- domhandler 4.3.1 (5.0.3 is available)
+ nodelite-2-Gsb9jf4ido5BhPfani4ggyrKDd3ZK-vTFWmUaZeFg5G3E5nhFmqiTzAIbHqmPs1sARuJawDiGMGR-nY-Gw6-aQ-- <- @smithy/node-http-handler 4.4.6 (4.4.8 is available)
+ nodelite-2-GsCCIZDE-p3i96vtEqx-7dBUGXrc7zeSK3wwPHIaRThS-9OhWIXRqzs4d6k1SVU8g91DrNRWxWUGhp5KXQb2VA-- <- @types/ms 2.1.0
+ nodelite-2-GsVpkFPlycH7-fRR7Dhcmnoii54gV1nz7y4CWyeFS14N-JVBBhY-r8amRHE4BwSYal7BPTDp8isvAlCxyFt3Hg-- <- crypto-random-string 1.0.0 (4.0.0 is available)
+ nodelite-2-GtcpjFvanPfzNQi3eTitsCqtRRmmqzpy-A-yhTR1HaZo1Ly3EA8ZXxlPyHdR8-IuRMYc3E4wdGBewB2QKQjAaA-- <- @babel/plugin-transform-class-properties 7.29.7 (8.0.1 is available)
+ nodelite-2-GtpQYB283KrPp6nRw50q3U9-VfOutZOe103qlN7BPP6Ad27xYnOIWv4lPzo8HCAL-mMZofJ9KEy30fq6MfaK6Q-- <- decode-named-character-reference 1.3.0
+ nodelite-2-GuizBzRvo9YPpyoNMf3ag7AzxbaW85qrRSqTha345KyJbAFPt3-cMzBM0h-RWg7SK-7DdzRLINP3LvQ0hvr4hg-- <- webpack 5.110.3
+ nodelite-2-GVsDdsbJzzy4S-v3dqWPJ7EfvZJfCHiDqe80IyrF59LYuP-e6U1LJoUqeuqRbwAWoMNoXivMNeNAOf5E22VA1w-- <- rollup 3.29.5 (4.9.5 is available)
+ nodelite-2-GWkBvjiSZK87ELrYOSESUYeVIc9mvLLf-nXalMOS5dYrgZq9o5OVkbZAVM06CVxYsCwH9BDZFPlQTlPA1j4ahA-- <- eventemitter3 5.0.1 (5.0.4 is available)
+ nodelite-2-GwLTyxkCXjXbxqIhTsMI2Nui8huMPtnxg7krajPJAjnEG-iiOS7i-zCtWGZR9G0NBKbXKh6X9m9UIsYX-N6vvQ-- <- fastq 1.19.1
+ nodelite-2-Gwnl8dhd1uJ-HXrYyV0eRqfmk9ek1ASE-LWfTCuWMw-d07ogHqp4hEAV28NiecimK6UY9DpSEPh-pXBA5gtTBg-- <- @vitest/utils 0.32.4 (4.0.7 is available)
+ nodelite-2-GX-FuE-uBR6eskOK-4vkXgT6pDkexLokPaz-AbJna9s5Kzp-yl488pKPjhy0obB475ovfT1Wv8ho7U-cHNaRgQ-- <- postcss-double-position-gradients 3.1.2 (6.0.0 is available)
+ nodelite-2-GX-ysw4PBCz0PzosHDepZGANEuFCMLrnRTiEy9McGjmkCQYwRq4A-X786G-fjM--OjsWSU1ZrY5qyARZmO-uwg-- <- flatted 3.3.3 (3.4.4 is available)
+ nodelite-2-GYdjWKDkbRLkZ5geuHs5NY1puJ-PXwP7-fHPRz06Eirsb9ugf6d8kkXav6ADhcODhFFPMIXyxkxSuMf3D6NCFA-- <- htmlparser2 8.0.2 (9.1.0 is available)
+ nodelite-2-GYqKi1aH7PJXxdhTeZBFrg8vUBeKXi-cNprXsC1kpJcbcVnV9wBsrOu1cQEdG0WeQwlfHiy3XvnKfIrJ2R0NzQ-- <- direction 1.0.4 (2.0.1 is available)
+ nodelite-2-GYzX36n1nsciIb0uyH0GHwxwtNwPQIcpxSeiVLDtG-B7jB5xXgchnmL1f-jCX5o-pwnaDBtO60ONSJhEBJfxYA-- <- @babel/preset-env 7.29.7 (8.0.2 is available)
+ nodelite-2-GZnVAMeYv-YHJb17lJ7rX5PYuQPvEA6EotQnPbHi9tGLN3PfexcAd21rqzuO-OrulU2x7TEMDIxtY9MzvvOGbg-- <- @ant-design/pro-form 2.32.0
+ nodelite-2-GZtjxm-J-4TSxuL3FNYjCmLktBTnIw-rVmKSIyKeYAZpmJB2ig9VauCC5xsa82GNKVKDAqpOn3KVzNt0zmrU0g-- <- yargs 17.7.3
+ nodelite-2-GZW464g1SH7ag3Y7hXjf8RoUuAFIqklOAq3MRl4OaWabTFJY9PN-E1YklhXLh-OQ3fM9yS2nOkCoS-WLZ6kvxQ-- <- d3-scale 4.0.2
+ nodelite-2-H--L-UkTV33uf49PH5pCAUBVPNj2nDBXTN-qS1dOwyyg24l3CcicicCA7ca-HMvJBZcFgl5r8e-RR6elsb4Lyw-- <- @types/responselike 1.0.3
+ nodelite-2-H-vuk5TEEVZwrR0lp2zed9OCo1uAILMlx0JEMgC26rzyJJ3N1v6XkwHHXJQdR2doSjcGPM6OKPYoJgf0plJ11Q-- <- header-case 2.0.4
+ nodelite-2-H0dkQoCa3b2VEeKQBOxFph-JAbcrQdE7KC0UkqwpLmv2EC4P41QXP-rqo9wYodACiG5-WM5s9oDApTU8utwj9g-- <- iterator.prototype 1.1.5
+ nodelite-2-H13E9Xl-PxBd8D5-6TVUluSpxGNvFSlN-b3coUp0e0JpuWXXnQDiavIpY3NnvSp4xhEMoXyyBvVfdFX8jglOHQ-- <- @formatjs/icu-skeleton-parser 1.8.16
+ nodelite-2-H2iMtd0I4Mt5eYiapRdIDjp-XzelXQ0tFE4JS7YFwFevXXMmOp9myNrUvCg0D6ws8iqkRPBfKHgbwig1SmlLfg-- <- html-escaper 2.0.2 (3.0.3 is available)
+ nodelite-2-H3QmysEwxxY8oxmFhIFcY9JkuwilUDa6txdAxb797cVr7XFZX27a3SDwcGJmTlV9iGPwdh132r3KKCS5aNL4Gg-- <- monaco-editor 0.31.0 (0.55.1 is available)
+ nodelite-2-H54ZPJnsR9oXM8fRqeT0foAIdtV9tqS9b-DQgzAIg1Okn0CBnJXSbJg5c4yHZNCtmX4lxZ1LudEspytW0V-AyQ-- <- leancloud-realtime 5.0.0-rc.8
+ nodelite-2-H5E-HBgDpr6Q5t-Aj11tL7XkIui1jhbIoArVQnqjgXo5-3YxkN7ZEBcWF4RQlB0T4rrxJQbXS6kiFV6B7XTqUA-- <- @babel/plugin-transform-react-pure-annotations 7.29.7
+ nodelite-2-H7MImA4MS6cw7nbyURtLPO1Tms7C5H602LRETv95z1MxO-7CP7rDVROehUYeYBUYEON94NXXDEPmZuq-hX4sog-- <- htmlparser2 7.2.0 (9.1.0 is available)
+ nodelite-2-H8xz74JDzDw8f0qLxwIaxFMnFkbXTZNWEufOk3WxaLFHV4h0A2FjIDgNk5LzC0am4jssnjdeJJdRs3UFu3582Q-- <- @iconify/utils 2.1.1 (3.1.0 is available)
+ nodelite-2-H9xg1-sfVvyfU7o3zMfBEjQ1gcsdeTMgqHoYdN79tuLqfTtuu7WckRA1R5whDwOzxaZAeMKTYWqP-WCAi0CHsg-- <- @jest/types 30.2.0 (30.5.1 is available)
+ nodelite-2-HaL-gEyFVvkf9KFg6484wR9s0qjAXlZ8qWPDkTyKF6-zqjBe-I2mygg3MbpZ--hdi0ToqNUF8cjj7fBy0dg8Ug-- <- @changesets/pre 2.0.2
+ nodelite-2-HaYzMHvC80r7U-LqAd4hQyopDezC60PO2qF5GuIwALut2cl5rK1VWHsqTp0oqoJJWjiv6uXKqsO-Q2OO0C3MmQ-- <- optics-ts 2.4.1
+ nodelite-2-HdfW9QENMp0j54mgrRqEMJ4oa9CmhvrbRk9ijr1IGqxCmVa8Z8ENftHowCSSC2unAL-Qbglu8k8OLneuNV0jeQ-- <- heti 0.9.6
+ nodelite-2-HdNQYSdRTEBNrginaqzQtTjG0HRMfrra-z6Ok7uL3S87vSlarIVohEsJsSj5edu3MiHoHjAkvPROz5ZjoKai-w-- <- @jest/pattern 30.5.0
+ nodelite-2-Hdw8qdNiqdJ8LqT0iK0sVzkFbzg6fhnQqqfWhBDxcHZvU75-B-ayzTy8x-k5Ix0Y92XOhOUlx74ps-bA6BeYMQ-- <- auto-bind 4.0.0 (5.0.1 is available)
+ nodelite-2-HDz1-IKGtOyWN-QgBiAT0kn-2s6ovOxHyPAFGKVE81VSzJ-mq7RwHFledEvB5F1p4iJvOah-LOKdFuzvRnNLCA-- <- remark 13.0.0 (15.0.1 is available)
+ nodelite-2-HE3jVKlzU9AaMazNufooRJ5ZpWmLIoc90A37WU2JMmeq28w1FQqCZswHZ3xR-SuxYftzHq6WU6KJHvqxKzTxxQ-- <- @types/d3-drag 3.0.7
+ nodelite-2-HeGeDl8HaIGj9fQHo-tv5XKQ2SNEi9-9yl1Bss1jttPqeiASRXhfi0A2wv8yFKCp07kR1gpOI5ge6-CWNm1jPw-- <- @changesets/changelog-github 0.5.2
+ nodelite-2-HehCEsotFqbPW9sJ8WVYB6UbmIMv7kUUORIF2Nncq4VQvBfNBLibW9YZR5dlYCSUhwcD628pRllm7n-E-YTzJw-- <- socks-proxy-agent 8.0.5
+ nodelite-2-HEHNfbars9v4pgpW6SO1KSPkfoS0xVOM-9UzkJltjlsHZmJasxg8aXkuZa7SMf8vKGIBhpUsPluQSqhJFCqebw-- <- acorn-walk 8.3.5
+ nodelite-2-HeiOxGcuwID0AFsNAL0ox3mW6MHH5cstWN1Z3Y-n6H-g12ih7LHdYxWwEA-QmrebctLjo79xz9ouK3MroHwOJw-- <- postcss-html 0.36.0 (1.8.0 is available)
+ nodelite-2-HfaeXiaSlpiSp0I-pvWpecFEHpVysZ9tpDLNkxQbMvMz6gsr7aVZ7FpWP9kt4t7DB-jJXesYS0us1uPZnlRnwQ-- <- rc-textarea 1.10.2
+ nodelite-2-HFN59MmQXGHVyYadKLVumYsA9dBFun-ldYxipEjzA4196jpLZd8UjEEBLkbEkvfYreDqJhZxYAWFPtrfhNpj4w-- <- @babel/helpers 7.28.4 (8.0.0-beta.0 is available)
+ nodelite-2-HGFtf8yhuhGhqO07SV79tRp-br4MnbdjeVxotpn1QBl30pcLLCQjX5b2295ll0fv8RKDKsmWYrl05usHM9CewQ-- <- dedent 1.7.0 (1.7.2 is available)
+ nodelite-2-HGlIQZzrEbAhpJR6-IGdzfbPym94Owr6JZkJ2QCCnOkPVIWMO2xgIVcOKnl8YcpijIo39V7l2qQL5fmtw56cMw-- <- @ant-design/icons 4.8.3 (5.6.1 is available)
+ nodelite-2-HGYWWS-ehqTV3xN10i23tkPkpH46MLCIMFNCaaKNavAXTF1RkqxawEPtnjnGZ6XKSInBKkiOA5BKS-aZiY3AvA-- <- istanbul-reports 3.2.0
+ nodelite-2-HGyxoOTYUyCM6stUe6EJgnd4EoewAI7zMdfqO-kGjnlZmBDz-cR5pf8r-cR4Wq60sL-p0IkcjUEEPwS3GFrIyw-- <- array-union 2.1.0 (3.0.1 is available)
+ nodelite-2-HI3tRLjRxAbBy0VO8dqqm7Hb2mIa8d5bg-NJkyQcOk7V118ObQML8RC5luTF-Zsg4474a-gDvhce7eTnP4GhYw-- <- @jest/fake-timers 30.2.0
+ nodelite-2-HIp-n38R9kQjDEziXyDTuW3vvoxxyxjxFzXLrBr18uB47GnSt-G9D29fqrpM5ZkspMcPICud3XsBJQ4Y2URg8g-- <- harmony-reflect 1.6.2
+ nodelite-2-HJDGx5daxeIvxdBxvG2cb9g4tEvwIk3i8-nhX0yGrYmZUzbkdg8QbDevheDB8gd0--uPj4c1EQua8Q-MViT0-w-- <- es6-promise 4.2.8
+ nodelite-2-HJnTFeRM2kVFVr5gr5kH1XP6K0JcJtE7Lzvtr3FS-so5f1kpsqqqxy5JF-FRaO6H2qmcMfAUIox7AJteieRtVw-- <- @formatjs/ecma402-abstract 2.3.6
+ nodelite-2-HjSDRw6gZE5JMggctHBcjVak08-KEVhSIiDzFnT9S9aegmp85S-bReBVTb4QTFaRNptJ9kuYaNhnbNEOkbKb-A-- <- uuid 3.4.0 (9.0.1 is available)
+ nodelite-2-HK294sl7tbw6F6IeuK16YSBUoorvHpY8RHO-9yFfaJyCDVb6n7PRcezrOEOa2SBCqiYpemh5Jx20ZcjKdFAVng-- <- dnd-core 16.0.1
+ nodelite-2-HkuzLleG2bEVz5nu7ey3SkiBeBvTz8IhY0mJ9W-9BO4xiIi3nVUfB81jFLWS7PMPpeBVgkpW0G1YyrYKi3Hcxw-- <- jest-file-snapshot 0.7.0
+ nodelite-2-HKVLS8dvII-xoKW9kmqxbRKrnWEXfJJr-FZhhJmiqIB0e053QNYFqOBouTMO-k5sID4MvCiUCvv8b9M4h32wIA-- <- esbuild 0.28.2
+ nodelite-2-HLFeCYgz89uk22N5Qg3dvGvsv46B8GLvKKo1zKG4NybA8U2DiEO3w9lqGg29t-tfLRJpJ6iQxnVw4OnB7MoM9g-- <- @types/body-parser 1.19.6
+ nodelite-2-HLpt-uLy-pxB-bum-9DzAgiKS8CX1EvbWxI4zlmgGCExImLdiad2iCwXT5Z4c9c3Eq8rP2318mPW2c-QbtjK8A-- <- socks 2.8.7
+ nodelite-2-HN3W1gRIuN-ZW295c7zi7g9lVBllMgZE40RxCX37wrTPWXCWtpvOZdfnuK-1WNpvZje6XuJeI3Wnb4TJEUem-g-- <- mdast-util-from-markdown 1.3.0 (2.0.3 is available)
+ nodelite-2-HnEQPUchi1eznmDKEYrKUTqrprEq97SrpUYClgUkv7V2zRODD9DFoUsYU-m9ZOetmD5ku7fEMZB-lwy8IT6xVQ-- <- postcss-normalize-string 7.0.3
+ nodelite-2-HnLOCR3vjcY8beoNLtcjZ5-nxn2afmME6lhrDrebokqMap-XbeW8n9TXpPDOqdGK5qcI3oT0GKTW6wC7EMiVqA-- <- string-width 5.1.2 (8.1.0 is available)
+ nodelite-2-HoZ6XY4sHWxA2w0WpzgBwUiR3dv1oo7bS-oCwIpb6n54MclQ-7KXdXsVIChTCygyuHtVuGBO1-i3HzTt699UJQ-- <- workerize-loader 2.0.2
+ nodelite-2-HpGFw18DgFWlncDfjTa2rcQ4W88O1mC8e8yZ2AvQY5KDaktSTwo-KRf6nHK6FRI5FyRyb-5T6-TSxfP7QyGsmQ-- <- builtin-status-codes 3.0.0
+ nodelite-2-HPLmEIYprxCeWDMLYiaaAhsV3yGfIlCqzuVOybE6fjF3SUJmH67nCoMDO-nAvHNHo46OfvpCNu4Rcue82dMNFg-- <- styled-jsx 5.1.7
+ nodelite-2-HpND7MBGctOAkd1GoQoDZCGoCpqNTS5NG1LuhElFet3RdLJkwnyTYZXZhXwtpAQPrI36fqQ3eT6KQrdKDTKu3A-- <- algoliasearch 5.57.0
+ nodelite-2-HPtaa38cPgWvaCFmRNhlc6NG7pv6NUHqjPgVAkWGoB9mQMwYB27-K0CvOM5Czy-qpT3e8XJ6Q4aPAnzpNpzNaw-- <- fast-shallow-equal 1.0.0
+ nodelite-2-HPwpGIzkl28mWyZqG52jiqDJ12waP11Pa1lGoiyUkIEuMLBP0oeK-C89esbXrxsky5we7dfd8U58nm0SgAWpVw-- <- @radix-ui/rect 1.1.1
+ nodelite-2-Hq8o7-6GaZeoFjtpgvRBUknSXNeJiCx7V9Fr94ZMljNiCr9n9L8H8aJqgWOQiDDGdyn29fRNcDdRVJ5fdyihfg-- <- diff-sequences 25.2.6 (29.6.3 is available)
+ nodelite-2-HQbt28KulC5AJzG-cZtj9kvKB93CFCdLvog1WFLf1D-xmMvPGlBstkpTEZfK5-AN9hfJocyBFCNiqyS48bpgzQ-- <- postcss-nested 6.2.0 (7.0.2 is available)
+ nodelite-2-HqmEUIGRJ5fSXchkVgR5F7qn48bDBzv0kWj-Kfu5e6uci4UlEeng4331LnBkWffb--Ei3FOVLxo8JJWMFBDMeQ-- <- @tootallnate/once 2.0.1 (3.0.0 is available)
+ nodelite-2-HR7EVodfFUdQCTIeySw-WDRFJlPcLOJbXfwwZ7Oom6tjsvZ3bOkCDJHehQC3nxJrv7-f9XecwazynjU8e4Vw3Q-- <- immediate 3.3.0
+ nodelite-2-HrcgcIESLm9aIR842yhJ5RWan-gebQUJ6E-E5-rf0y9o6oj7w0Br-sWuL6kEQ-o-AdfvR1Je9jG18-gnpwjEyA-- <- @babel/preset-modules 0.1.6-no-external-plugins (0.2.0 is available)
+ nodelite-2-HRDzbaKjC-AOWVXxAU-x54COGeIv9eb-6CkDSQoNTt4XyWoIJvuPsXizxu-Fr23EiekbtZwmh1IcIG-l-a10GQ-- <- pkg-dir 4.2.0 (8.0.0 is available)
+ nodelite-2-Hrgsx-orqoygnmhFbKaHE6c296J-HTAQXoxEF6gNupROmmGJRoyzfG3ccAveqCBrwr-2yxQ5BVd-GTl5agOwSg-- <- range-parser 1.2.1 (1.3.0 is available)
+ nodelite-2-Hrp5vIK-xr5SkeN2onO32H0MgNZ0f17HRNH39WfL0SYUNOTZ5Lz1TJ8Pajo-87dYGEFlLMm7mIc-k-s6Bvz9HQ-- <- hasha 5.2.2
+ nodelite-2-Hs59xBNfUIunMFgWAbGX5cq6893IbWg4KnrjbYwX3tx0ztorVgTDA6B2sxf8ejHJ4wz8BqGUMYlnzNBer5NvGg-- <- ignore 7.0.5 (7.0.8 is available)
+ nodelite-2-HShAsny-zS2TZfaXxD9tYj4HQGlBezXZMZuM-S5PKLLoZkShZiGk9o5CzukI1LVHZvjdvZ2Sj1aW-Ndn2NB-HQ-- <- util 0.11.1 (0.12.5 is available)
+ nodelite-2-HTEHMNieakEnoe33shBYcZ7NX83ACUjCu8c40iOGEZsngj9zRnkqS9j1pqQPXwobB0ZcVTk27REb7COQ0UR59w-- <- state-local 1.0.7
+ nodelite-2-HUgH65KyejrUFPvHFPbqOY0rsFip3Bo5wb4ngvdi1EpCYWUQDC5V-Y7mZws-DLkr4M--zQJoanu1SP-87Dv1oQ-- <- jsonc-parser 3.3.1
+ nodelite-2-HvdH2LzI-EAZcUwA8-0nKNtWHqS-ZmijLA30RwZA0bo7ToCckjK5MkGhjED9KoRcXO6BaGI3I9UIzSA1FKFPOQ-- <- js-cookie 2.2.1 (3.0.8 is available)
+ nodelite-2-HVJyzUrLIL1c0QmviVh5E8VGyUS7xCFPS6yydaVd1UegW-ibV-CohqTH9MkOLDp5o-rb82DMo77PTuc9F-8GKw-- <- hosted-git-info 6.1.3 (9.0.2 is available)
+ nodelite-2-HWcBoN6NileqtSydK2FqHbS-LoDd2pqrnQHLyJzBj4kOp-ky2MWMN694xOfkK8-SnUsW2DH7EfyVlydKCsm1Zw-- <- es-object-atoms 1.1.2
+ nodelite-2-HX-G7AmJnKkk5Gsgpn17BCsg4jlgWXmfV0N2vWc0F7QN4U73o756H5u3FhDccifZ8CiRqbXchSlcJBWebtKa5Q-- <- @udecode/plate-autoformat 48.0.0
+ nodelite-2-HxJdYWq1MTIQbJ3nw0cqssHoTNU267KlrDuGZ1WYlxDStUtKUhOaJmh112-TZmHxxUfuJqPXSOm7tDyas0OSIQ-- <- which 1.3.1 (6.0.0 is available)
+ nodelite-2-HXlcVUJm2ITDgH34S1BjLMJhpfkXvEOEv-HS9KZweRl0LKlWNzVwFAj-N6pGExsRGsofhgqZP4ArQZJlWvBFDQ-- <- @types/encoding-down 5.0.5
+ nodelite-2-HYhdsT2pNd0LP4Osb0vtQ1iassxIc3Yk1oze7j8dMJFciMkW8e0rdg9E-mOunqtSVHSzvMfwLDIYzPnEDmpk6Q-- <- remote-origin-url 0.4.0 (0.5.3 is available)
+ nodelite-2-HyiHQZUTf0-r0goTCDs-bbVv-LiiQ7AVtz6KIar-8ZrseB9-YJAIo8HQ2IC2QT1y3N1lbW6OqVEsTHjbT6hGSw-- <- @commitlint/top-level 18.6.1 (20.4.0 is available)
+ nodelite-2-HYNoHZa2GorYNyqiCaBgsxvcJIn7OHq6inEga-E6Ke3m5JkoqpQbnFssk4jwe-K7AhGa2fcha4wSOf1Kn01dMg-- <- style-to-object 0.4.4 (1.0.9 is available)
+ nodelite-2-I-WYbGBAiCn7nA6xBrlgPH-MB7HWb4u8pv5S0Pv7OtwNvIFvCCb24YlttKEeUFVurfBCEaOTnuhlqsb7f0Z5Dg-- <- @babel/plugin-transform-shorthand-properties 7.29.7 (8.0.1 is available)
+ nodelite-2-I-zHAwsKf9FqGoXM4WWRACob9-SNukZTd94DWF57E4toouRulbCxcUh6RKUEOQlYTHJnzkPMySvPNaaSLNfLZw-- <- cli-cursor 3.1.0 (5.0.0 is available)
+ nodelite-2-I19aIingLgR1fmhftnbWWO3dXc0hSxqHQHQb3H8m-K3TnEn-iSeTZZOyvKXWqQESMwuUVnatlCnZdLBZZt2VSA-- <- nprogress 0.2.0
+ nodelite-2-I2hSBi7Vvs7BEuJDr5dDHfzb-Ruj3FyvFyh7KLilAjNQw3Be-xgqUBA2W6scVEcL0hL1dwPRtIqEPVUCKkSsyQ-- <- constant-case 3.0.4
+ nodelite-2-I30RydO-bnn2PQztvo25tswPH-wFBjehVGtmagkU78yMdwTwVf12wnAOF-AeP8S2N8xD-5UPbGhkUfPyvT-mwQ-- <- @radix-ui/react-select 2.2.6
+ nodelite-2-I3EurrIQMlRc9IaAZnqRR044Phh2DXY-55o7uJ0V-hYZAcQYSuFWsc9q5PvyDHUSCe1Qxn-iBz-78s86zWnGag-- <- picomatch 3.0.1 (4.0.7 is available)
+ nodelite-2-I3l7FdGRXluAS44-0NguwWlO83J18p0vlr2FYHrJkWdNYhgVoiYo61IXPqaOsL-vNxU1ZqMACzItGK3-KKDsdw-- <- @cypress/request 3.0.9
+ nodelite-2-I3yl4r9QB5ZRY3XuJVEPfc2XhZO6YweFPI-UovAzn-8-hb3oJ6lnysaFcjVpkCPfVWFUDvoZ8kmVDP7WyRtYtQ-- <- base64-arraybuffer 1.0.2
+ nodelite-2-I4q9QU9MQv4oEOz4tAHJtNz1cwuLxn2F3xcc2iV5WdqLPpUnj30aUuxt1mAxYTG-oe8CZMV--6rU4S4gRDzqtQ-- <- @types/yargs-parser 21.0.3
+ nodelite-2-I5z7H3bf-41ktsNVLtpN0wAa336HkqIHQ5BuPLEhTkt1jVSyZpeNKIzTgEWmlxjdg81R0IgUCcaE-Ok3NvrfZg-- <- @babel/traverse 7.29.8 (8.0.4 is available)
+ nodelite-2-I7Xw2ZRUQgTc5h3niFLAIYZ0A0udlmHfg19-W6msjZrHSpCTcAhhD4DVryTI1bePMP-K1u6wZbRoTlZPZ-DULQ-- <- @udecode/plate-basic-marks 48.0.0
+ nodelite-2-I88TYZWc9XiYHRQ4-3c5rjjfgkjhLyW2luGIheGERbNQ6OY7yTybanSpDXZa8y7VUP9YmDcYa-eyq4ca7iLqWA-- <- eastasianwidth 0.2.0
+ nodelite-2-I8bPpDLcHBv1qiIiXDCy71Rt8eQDKJP0sMSWJphDdAcdqiJ1sGpZamavoEIRZmYzjia9LuEb2HlYdDpmoENpvQ-- <- @types/react-dom 19.2.7
+ nodelite-2-I8ZuJ-qG92NWX8i5x1Y8qyj3vizhXS31OxjKDu3LKP-7-qBgfIKValiZIEwoVoJKUHlhWtYrktkxV1XsX-pPlg-- <- front-matter 4.0.2
+ nodelite-2-I9jwMn07Sy-IwOj3zVkVik2JTvgpaykDZEigL6Rx6N9LbMywwUSMtxET-7lVoDLLd3O3IXwJwvuuns8UB-HeAg-- <- min-indent 1.0.1
+ nodelite-2-IAkWFk6UUglOhSemI7UFgNNL-jgg-1YjVEIllFULLgsaHhFnY51pCqAifMNuAd5d9Zp4Nk-xMgrEaGNV0L4Xlg-- <- codesandbox 2.2.3
+ nodelite-2-IAtzIB6sUiWaJYrX9smp3V46pBGbBeLFRGdh25kg1334VcBlD8HzhPeNIWQH9zhGmo2itIe25EHt9dQP7G5hmg-- <- property-information 7.2.0
+ nodelite-2-IB2iFdzOTA-zS4jSVav6z-wGtin08qfj-YyExHB3LF9lnouQht--YyB0KZq9gGz5HNPkddHOzcY8HsUey6ZUlA-- <- stylelint-config-standard 20.0.0 (39.0.1 is available)
+ nodelite-2-IBaDuHiShdZqmfc-TwHu6-d6k2ltNCf3AszxNmjJc1KUfXdEeRJOKyNvLmAHaarhzGmTSVygNdyu8-opXv2gaw-- <- react-icons 4.12.0 (5.5.0 is available)
+ nodelite-2-IchNf6dN4tHoMFIn-7OE8LWZ19Y6q-67Bmf6vnGREv8RSbBVb9LPJxEcnwrcwX6ixSvaiGoomAUvu4YSxXrVgw-- <- @cspotcode/source-map-support 0.8.1
+ nodelite-2-ICP2e-jsHvAj2E2lIHxa5tjXRlKDJo4IdvPvCXbXQGdzSfmSpNVyIKMvoZHjDY9DP0zV17iI85o90vRFXNccRw-- <- xml-name-validator 4.0.0 (5.0.0 is available)
+ nodelite-2-IDxfleLmmbSskfWSUATiN1nfn2rDuvnMOqb5CWR92iIfojA0Ud-ulOAAEQ57LPr9rWmsreUyf5lwyao-7GNNVw-- <- undici 7.29.0 (8.10.1 is available)
+ nodelite-2-IfEDxwoWIjkeXL1eXcDiow4UbKjhLdq6-EuSVR9GMN7KVH3r9gQ83e73hsz1Nd1T3ijd5xv1wcWRYO-D6kCI2w-- <- colorette 2.0.20
+ nodelite-2-IFenVPgF70fSm1keSd2iDBIDIBZkroLeuffXq-wKTzTJlBpesFWojV9lb8mzOfaAzM1sr7HQHuO0vtV0zYekGg-- <- open 6.4.0 (9.1.0 is available)
+ nodelite-2-IfpFq6UM39dUNiphpA6uDezNx-AvWyhwfICWPR3t1VspkgkMZrL-Rk1RbN1bx-aeNYwOrqGJgEgV3yotk-ZUVw-- <- make-dir 5.1.0
+ nodelite-2-IGfuznZ-n7Kp9-nypamBhvwdwLsW6KC8IOaURw2doAK5e98AG3acVLdh0woOnEqCfUtS-Vu882JE4k-DAm3ItQ-- <- core-js-compat 3.47.0
+ nodelite-2-IgieNijUMbkDovyoKObU1DUhm1iwNYE-fuifEoEHfd1oZKZDaONBSkal7Y01shxsM49R4XaMdGez3WnF9UfiCQ-- <- htmlparser2 3.10.1 (9.1.0 is available)
+ nodelite-2-IH5tgjV4jE-GhHkRV0HiVYPDtvfjHQlQfJHs0usq7M30XcSBvOotpmH1IgkcXsO-5gEQZD43B--fc7SRT5S-xw-- <- d3-axis 3.0.0
+ nodelite-2-IInvU7fabl34qmi9gY8XOVxhYyMyuH2xUNpb2q8-Y-7552KlejkRvqvD19nMoUW-uQGGbqNpA6Tufu5FL5BZgw-- <- parse5 7.3.0 (8.0.1 is available)
+ nodelite-2-IJ-CQWond-EmK90Sv-aCE8K0EuuIr9WobRFF8v4E5q6feCfdnmJ7pFVL3iXLuuD2o7vUgbowgHvvixUiClIxuA-- <- @antv/dumi-theme-antv 0.8.0-beta.25
+ nodelite-2-IJ-MSwBWKG-SM3b2SUfdrhC-gu01QkV2KmRQgREThBfSQRoufqRfxfHUxpG1WcaFjP-kojcFyO9Qqtpgt3qLCg-- <- prism-react-renderer 1.3.5 (2.4.1 is available)
+ nodelite-2-IJdWBbTcMQ6DA0gdNhh-BwrLkDR-ADW5Kr1aZmd4k3DIF6ezMV4R2NIAmT08wQJ3yUK82thHWmC-TnK-wpMMIA-- <- @smithy/util-buffer-from 2.2.0 (4.2.0 is available)
+ nodelite-2-IKRVVoAYr4pIx4yIWNsz9mOsboxlNXiu7TNBnem-K-uTHdkyzXWDzHCK7UTolqBbgaBz0tQHsD3YNls0uIIjiw-- <- envify 4.1.0
+ nodelite-2-IKXpvIzjnC9XTAUbVBcMfGS0EPaIXtW6v-zr-RRp-hqULEpo0owZax6wyRwPOJbWbzjYspQwusTsfVr0ifh4uQ-- <- iconv-lite 0.7.3
+ nodelite-2-Il0-boE7w-XebUHyBjroE-DbByORGR9KKmITzbR7MyQ4akpORYP-ZmbhAr0DG7RmmBqoOnZdy2QlvajJ2QA59g-- <- @radix-ui/react-use-escape-keydown 1.1.1
+ nodelite-2-ILlv4k-3f6vfQ4OoP2AGvirOktlQ98ZEL1k9FaQjxa3L1abBgbuTDAdPOpvbGncC0BTVQrl-OM8xZGK6tWXt7g-- <- ansi-regex 4.1.1 (6.3.0 is available)
+ nodelite-2-IlqQ-Gv22xUC1r-WQm4StLkYQmaaTsXAhUVsNE0-xiyf0yRFiH5--q78U3bw6bLKDCTmh0uqKB9eG9-Bt75Dkg-- <- @typespec/ts-http-runtime 0.3.2
+ nodelite-2-Imagg1vJ3y76Y2ea0871wpabqp613-8-r0mCLEBfdtqC7xMSfj9idOnmBYyMoULfHePJyxMAw3nWhJxzc-LFwQ-- <- @types/d3-random 3.0.3 (3.0.4 is available)
+ nodelite-2-IOfwwBF5iczOjp-WeY4YxyjqAFMQoZufdQWDd19SEExbVLNXqvpzSJ-M7Za4-sCPmQ0-GRquoA7bGcINcxew6w-- <- ansi-align 3.0.1
+ nodelite-2-IOVhZSrg-UvVAshDSDtHyFCCBUl-Q3AAJv8iZ6ZjnZ74xzvwuzLXid9IIIPgTnY62SJjfuupMKZsZQRsCvxEgA-- <- jest-resolve 29.7.0 (30.2.0 is available)
+ nodelite-2-IpQVC9WOeXQlCEcFVNXWDIKy92CH1Az37u9K0H3DF-HT56AjhyDVKQQfHUy00nt7bHFe3u0K5-zlwErBeKy5ZA-- <- @aws-sdk/token-providers 3.952.0 (3.975.0 is available)
+ nodelite-2-IPZ167aShDZZUMdRk66cyQAW3qr0WzbHkPdMYa8bzZhlHhO3jALbKdxcaak7W9FfT2rZNpQuUu4Od7ILEpXSaw-- <- minimatch 10.0.3
+ nodelite-2-IQ3EbTzGxIigb1I3qPZc1rWJnH0BmSKv5QYTalEwweFvyBDLSAe24zP0le-hyi7ecGfZVlIVAg4BZqb8WBwKqw-- <- @types/cacheable-request 6.0.3
+ nodelite-2-IQ7TZdoaqbT-LCpShg46jnZVlhWD2w6iQYAcYXfHARZ7X1t-UGhhceQDs5X0cGqKvYlHNOuv7Oa1xmb0oQuA3w-- <- postcss-selector-parser 6.0.10 (7.1.6 is available)
+ nodelite-2-Iqb9NjCCTt6Hf-vOdNIZGdTiH1QSqr27H-Ek9sv-a97gfueI-5h1s3yRi1nngzMUaOOToin5dI1dXKdXiF-u0Q-- <- react-remove-scroll 2.7.2
+ nodelite-2-IraA3kvh0YjOr5EqosSbiH64er8Oz0F7YFqxbMJWLbASzApyGn1yct46YoAWhL2EHna4hPUqNn-6-JU3--XtBw-- <- jest-preview 0.3.2
+ nodelite-2-IrPdXQsk2BbzvCBGBOTmmSH5SodmqZNt4ERAZDmW4CT-tL8VtvinqywuANaFu4bOMWki16nqf0e4oC0QIaDr-g-- <- dotenv 8.6.0 (9.0.2 is available)
+ nodelite-2-IRpyqn9t14uqsFlVI2d7DFMImGMs1Q9218of40bdQQgMePwVdmix33yMNnebXcTzDU5eiV3eUsoxxH5v0x-IQA-- <- @vitest/snapshot 0.32.4 (4.0.7 is available)
+ nodelite-2-IrtvNvjxC1o06taBAVJznEnkiHxLFTzgonUdy8hzFVeDun0uTjxxrRGVaNFqkU1wJR3RBPEfsxmU6jDWPofrTQ-- <- mdast-util-gfm-task-list-item 2.0.0
+ nodelite-2-IRZSRuzJiynemAXPYtPe5BoI-RESNYR7TYm50MC5Mqbd3Jmw5y790sErYw3V6SryFJD64b74qQQs9wn5Bg-k3g-- <- object-inspect 1.13.2
+ nodelite-2-ISqQ2frbiNU9vIJkzg7dlPpznPZ4jOiUQ1uSmB0fEHeowtN3COYRsXr-xexn64NpU13P06jc-L5TgiJXOgrbEg-- <- babel-plugin-polyfill-regenerator 0.6.5 (0.6.8 is available)
+ nodelite-2-IsUTtGxF1hrH6lMWiSl1WbGaiP01eT6kzywdY1U-zLc0MP-nwEnUiS9UI8IaOTUhTeQJLlCEWIbXINBH4YJbBQ-- <- eslint-formatter-pretty 4.1.0 (6.0.1 is available)
+ nodelite-2-ISWac8drv4ZGfwKl5slpHG9OwPNty4jOWPRIhBpxOoD-hqITiwuipOQ2bNthAzwA3B4fIjO4Nln74N0S9byq8A-- <- is-shared-array-buffer 1.0.4
+ nodelite-2-ITOMZn-UkYS4ZFh83xYAOzWStloNzJFO2s8DWrE4lhtGD-AorgnbkiKERe4wQVBydIGPx059g6riW5Btp6Llnw-- <- jest-mock 29.7.0 (30.2.0 is available)
+ nodelite-2-IuE6gKSdoUNcvkGIqdtjtcMtZIFyXZhmFd5RUlg97iVEvp1BZKV5ngsAjCjrVy-14uhGBQl9tzmi1Qwq4kqVOg-- <- postcss-gap-properties 3.0.5 (6.0.0 is available)
+ nodelite-2-IuL-Elrou2ZvCFHs18-CIzy2Nzvo25nZ1-D2eIZlz7c-QUayAcYoiM2BthCjs-EBHVpjYjcuLDAiCWgeIX3X1Q-- <- express 4.22.2 (5.2.1 is available)
+ nodelite-2-IuzSdmADppkZ6DlpycMkm8l9zeEq16fWtLvunEwFiYciR-BHo4E8-xs5piFquG-Za8OWmMqHF8zuRviz2LHvRQ-- <- bytebuffer 5.0.1
+ nodelite-2-IV3Ou0jSMzZrd3pZ48nLkT9DA7Ag1pnPzaiQhpW7c3RbcqqzvzzVu-L8gfqMp-8IM2MQtSiqaCxrrcfu8I8rMA-- <- client-only 0.0.1
+ nodelite-2-IvgIpwmT4M5-QAd3Mn2WiHIDeBqFJ4WA2gcZhRRSZuZ2KmgCqZWZwwIT0hc-kIGxwYeDoCQqf--t6FMVu3ryBg-- <- @antv/g2 5.4.8
+ nodelite-2-IwfBptatlO-QCJUo19AqvrPNqlVMpW9YEL2LIVY-Rpv2qsjCGxaDLNRgeGsQWJhfItebuJhsGSLjaBbNSQ-ieg-- <- stringify-entities 4.0.4
+ nodelite-2-IXgzBWvWQwE6PrDI05OvmXUIruQTcoMDzRsOd5CDvHCVLcLHMTSYvOK5Cm46kWqlV3yAbuSpBZdJ5oP5OUoStg-- <- robust-predicates 3.0.2
+ nodelite-2-Ixm8tFfoKKIPYdCCKYTsqv-Fd4IJ0DQqMyEimo-pxUOMUR9cVPlwTrFt9Avu-3cb6Zp3mAzl-t1MrG2fxxKsxw-- <- babel-plugin-react-compiler 1.0.0 (19.1.0-rc.3 is available)
+ nodelite-2-IXO6OCs9yg8tMKzfPZ1YmheJbZCiEsnBdcB03l0OcfK9prKnJb96siuHCr5Fl37-yo9DnKU-TLpxzTUspw9shg-- <- load-tsconfig 0.2.5
+ nodelite-2-IY3ZD9Tmooqr3TUhc3DUWxiuo8xx1DWLhd5M7hQ-ZWJamqM2BbalrBJb2MisSLoYorOj75U03qULCxQTY9r3hg-- <- @babel/helper-create-class-features-plugin 7.29.7 (8.0.1 is available)
+ nodelite-2-Izi8RQcffqCeNVgFigKli1ssklIbpHnCYc6AknXGYoB6grJqyeby7jv12JUQgmTAnIDnbck1uxksT4dzN3PWBA-- <- assertion-error 2.0.1
+ nodelite-2-IznnlmU5f4WcGTh2ltRu-Ijpmk8wiWXfF0VA4s-HPjHZgvFggk1YaIkbo5krX-zUCzWF8N-l4-W-LNxnvAJ8nw-- <- @types/tar 6.1.13
+ nodelite-2-IzU74r1PK5IMMGZXUVZbmiu4A1uhiPgW5hm1GjcOfr4ZzHaMPpLNJjR7HjXiIOzi25nZDrgFTobHTkV5Q6ITjA-- <- estree-util-to-js 1.2.0 (2.0.0 is available)
+ nodelite-2-J-FkSdyD-0mA0N-81tMotaRMfSL9SGi-xpD3T6YApKsc3bGSXJlfXri3VyFOeYkfLRQisDk1W-jIFFKBeUBbBg-- <- https-browserify 1.0.0
+ nodelite-2-J6f-9hUp-ldTZqKRSg7Vw5V6MqjATc-3E4gf3CFNcuZNWD8XdyI6zQ8GqH7f8169MM6P7hMBRDVGnn7oHB9kXQ-- <- mdast-util-mdx-expression 2.0.1
+ nodelite-2-J6KFFz5QCYUJq3pf0mjEcCJVERbzv71PUIDczuh9JkwGEzced6CO5ADLHB1rbf--oPBtoPfMYNOpGDzCANlbXw-- <- @eslint/eslintrc 0.4.3 (3.3.7 is available)
+ nodelite-2-J7jAaCer3fTQCH6sW2oIs6fcgiuglp1GnbnFKGc1DVA5fjfkXmh-K5mRw1636lTZ4P3wvLVBTcF3aTWtB7AFEQ-- <- unist-util-source 4.0.2
+ nodelite-2-J7n9R3vMmgjDOCY8NPw55jiyaQnH5kBdV2-UXCtZIpnHH3P6nHUKaH7XXEYuWwx-xUJcawa8plLBEjMPU24HzQ-- <- micromark-factory-title 1.1.0 (2.0.1 is available)
+ nodelite-2-J7p63hRiAjw1NDEww1W7i37-ByIrOWO5XQQAzZ3VOcL0PNybwpfmV-N05zFAzwQ9USyEcX6t3UO-K5aqBQOIHw-- <- minimatch 3.1.2 (9.0.9 is available)
+ nodelite-2-J8K9vdivK0Di-b8SBdE7EZxDr88TnATing7XoLw6-nFkXMQ6sVBh92K3NQvZlZU91AIkFRi0w3sztk5Z-vsswA-- <- browser-tabs-lock 1.2.15
+ nodelite-2-J8S0cEdWuQbqD9--tlZxiMuMNmxB8PlEwvYwuxsTmR1G5RXUePEX-SJn7aD0GMLieuZYSwNH0cQuJGwnYunXRQ-- <- has-values 0.1.4 (1.0.0 is available)
+ nodelite-2-J8xewKD-Gk22OZbhpOVSwcs60zhd95ESDwezOFuA3-099925PdHJ7OFHNTGtajL3AlZkykD32HykiMo-BIBI8A-- <- lodash-es 4.18.1
+ nodelite-2-J8xLz7q2OFulZ2cyGTLE1TbbZcjpno7FaN6zdJNrgAdrJ-DZzh-uFR6YrTb4C-nXakvud8Q4-rbhoIWlYQbUFQ-- <- @types/node 12.20.55 (26.4.1 is available)
+ nodelite-2-JBZ-xcb6kkex8XnBd4VHw1ZxjV6kmcwUumSHaIFdka2qzMCo7Klcy4sI6G0XtUpG-vtpislQCc-S9Bc-NLHYMg-- <- rc-footer 0.6.8
+ nodelite-2-JFNbkD1Svwe0KvGi8GOeLcP4kAWQ609twvCdcHxq1oSL8svv39ZuSvajcD8B-5D0eL4-s1Is2D-O6KN3qcTeRA-- <- ufo 1.6.4
+ nodelite-2-JGQaNxpaCJz9Bd1JvVaFIHuWn9S-l3xhN17R0V-vmUDiGE0QngNMXhjlqpwqV-91plWz9Fg-Lt28Lj7p5vjs8A-- <- ascli 1.0.1
+ nodelite-2-JIYlbt6g8i5jKfJ3xz7rF0LXmv2TkDxBLUkiBeZ7bAx4GnnNMr8xFpGnOxn6GhTEHx3SjRrZEoU-j04prX1ktg-- <- minimalistic-crypto-utils 1.0.1
+ nodelite-2-JJCXydOFWMDpCP4q13iEplA503MQO3xLoZiKum-955ZCtHINWnx26CUxVxxFQu-uLb4LW3ge15ZpzIkXKkJ8oQ-- <- @heroicons/react 1.0.6 (2.2.0 is available)
+ nodelite-2-JJtkDduxLi9bivAB-cYOVMtbkqdPOhZ-ZI5LC47MIRrDV4Yn2o-ZnW10Nkmr28xRpSpdJ6Sm42Hjf2-REYXm0A-- <- @typescript-eslint/visitor-keys 6.21.0 (8.8.0 is available)
+ nodelite-2-JJypehWTcty9kxKiqH7TQOetkGdOYjY78RHlI-23qB59cV2wxjFFVf8l7kmuXS4cpGVUNfIjFhVr7A1W7JMtdA-- <- @graphql-codegen/plugin-helpers 6.1.0
+ nodelite-2-JKhqTOwSrqNA1NY5lSztJ1GrBiUodLMmIZuLiDaMRJ-itFd-ABVE8XBjOvIWL-rSqNDC74LCSFmlb-U4UZ4hJQ-- <- y18n 4.0.3 (5.0.8 is available)
+ nodelite-2-JKllNIipPrheRgl--Hm-xuWMw9--xNQ12XJR-OHHgFopOg4zmN3TdlRSyYcv-K90hCFkkIwhlHFUQTfKrm8rxQ-- <- @graphql-codegen/core 2.6.8 (4.0.2 is available)
+ nodelite-2-JLBl-KZ0R5qB7mCnud-yyX08jWFw5MsoalJ1pQ4EdFlgj9VdXKGuENGsiCIjegI1W7p91rUlcB-LB5yRJKNTcQ-- <- @webassemblyjs/wasm-parser 1.14.1
+ nodelite-2-JMxyHE-MGBEII-94670Qe0qWEtFQ7hHo1ux98zGqlo0SE5dS0c-D1G6ENfwTfq0lQN-NFn-onuKBU2JrV-xjPQ-- <- @utoo/pack-shared 1.5.14
+ nodelite-2-JNAzZcXrCt42VGLuYz0zfAzDfAvJWW6AfYlDBQyDV5DClI2m5sAmK-OIO7s59XfsRsWHp02jAJrRadPRGTt6SQ-- <- lru-cache 10.4.3
+ nodelite-2-JNNNl2rj4b5ICpmAcq-WbLH83XswjPbjH4T7yvGzfAGCPh1rw-xVNbtk-FnRslvt9lkCcdn9i1oAoKUuFsOxRw-- <- jest-mock 30.2.0
+ nodelite-2-JPFqXFeZQ7BfS00H58kClY7SPVeHertPE0lNuCyZ26-XlN8TvakYD7b9bGyNmXbT-D3BbtPAAmq90gPWqLkxlQ-- <- lodash.mapvalues 4.6.0
+ nodelite-2-JQ5TuMi45Owi4-BIMAJBoSQoOJu12oOk-gADqlcUL9JEdHB8vyjUSsxqeNXnmXHjYKMi2WcYtezGEEhqUI-E2g-- <- @swc/helpers 0.5.15
+ nodelite-2-JQ84qTuMg4nVkx8ga4A16a1epI9H6uTXAknqxkGF-aFfRLw1xC-Bp24HNLaZhHSkWd3-84t8iXnp1J0kYcZHhg-- <- unicode-match-property-value-ecmascript 2.2.1
+ nodelite-2-JQbbmxZTZehdc2iszGKs5oC3NFnjeay7mtAWrdt7qNtAVK0g19muApzAy4bm9byz79xa2ZnO-BOBC2R8RC5Lww-- <- @types/ws 7.4.7 (8.5.5 is available)
+ nodelite-2-JS7n8byFCEpAi1-rZUOnGoERUmGc6r52H4EEEJMwZumCuimTw15f9TNLj9mi7NIYK5fE8Glhod4aaluRAMaWAw-- <- @udecode/plate-resizable 48.0.0
+ nodelite-2-JSbALU3G-JS4kyBZPqnJ3hxIYwOVRV7r9GNQMS6j5VsQDo5-Es5nddLfr9TQlxZLNHPvKSh-XSB0OuWGfSWFcA-- <- @smithy/middleware-stack 4.2.6 (4.2.8 is available)
+ nodelite-2-JSSdNiS0wgd8GHhBwnMAI18Y8XPhLVN-dNelPfZCXFhy9Lb3NbnFyp9JKxxr54jSUkEJPk3cidvCoHducSaRMQ-- <- @tsd/typescript 5.9.3
+ nodelite-2-JSu31wNXsLjpALaRgIGgQ7LXtkURZdEzcwSKGcqdp-SeZa6-JMoRW-wjrmjo-K2nwzkGzqj3t3f7N9B3FIq8Gw-- <- mongodb-level 0.0.4
+ nodelite-2-JTF99U-6XIjCBo0wqkU5sK10glYe27MRRsfwoiq5zzOEZLHU3A3KCMa5X-azekYRCJ0HlwI0crAXS-5dEHTzDg-- <- @radix-ui/primitive 1.1.3
+ nodelite-2-JU3teHTNjmE2VCGFzuY8EXzCDVwEqB2a8fsIvwaStHhAWJEeVd1o1QD80CU6-ZdEXXSLbSsuLwJjkCBWqRQUVA-- <- picomatch 2.3.1 (4.0.7 is available)
+ nodelite-2-JUL5IluaOdn5w5Afpe-puPa1rj8X6udMlQ9dt4hvMuKmTrBS1Ya6sb4sVgvfe2eU4yDuOfAhik8xhbcCekbg9Q-- <- @react-hook/event 1.2.6
+ nodelite-2-JV-yugV2uzW5iMRSiZAyDtQd-nxtUnjeLt0acNdw98kKLrvuRVyB80tsREOE7yvGVgalhZ6RNXCmEHkUKBKxew-- <- ini 1.3.8 (6.0.0 is available)
+ nodelite-2-JVa5ijo-j-sOoHGjw0sxw734b1LhBkQ3bvUGNdxnVXDCX81Yx7TFgnZygxrIIWn23hbfTaMYLwRmAxFyDuFmIw-- <- tty-browserify 0.0.0 (0.0.1 is available)
+ nodelite-2-JVAfqNPTvNq3sB-VHQJAFxN-sPgKnsKrCwyRt15zwNCdrMMJDdcEOdubuy-DuJYYdm0ox1J4uzEuYKkN-9yhVg-- <- javascript-stringify 2.1.0
+ nodelite-2-JVFFujiZUCguk5tz3LZr4fTQxqpIrj4-Jw3SI7kMljSqtfLxYn-s-TWH0J2s4iNfsDpxPhgFGMotCpmDI4kZ8w-- <- @algolia/client-abtesting 5.57.0
+ nodelite-2-JVYrY42wMG7ddf-wBUQR-uHGbjUHZbLisJ8N62AMm0iTZ0p8YTcZLzdtomU0-H-wa99VbkyvQGB3zxB7NDzgIQ-- <- to-factory 1.0.0
+ nodelite-2-JWaCR7wJVggj-ldmM-cb-DXFg47CXR55lznJhZBh4XVqJjMKwaOOqpT5vNN7kpC1wUpXicGNuDnJDN1S--6dhQ-- <- @react-aria/focus 3.21.2
+ nodelite-2-JWCUYx3Oxdzvw2J9kTAp-DKE8df-BnH-JTSj6JyA4SH40ECdFu7FoJJcrm8G92B7TjofQ6GZGjJs50TRxoH6Wg-- <- unbuild 2.0.0
+ nodelite-2-JWEp48djQA4nbZxmgC02-Wh0eroSUutulROUusYJO9P9zltRbNN80JCBHqRGzjd4cmZCa-r88xgfkjGD0TXsHg-- <- sass-loader 13.2.0 (16.0.5 is available)

Done in 1.8s
