Progress: resolved 1, reused 0, downloaded 0, added 0
Packages: +250
++++++++++++++++++++++++++++++++++++++++++++++++++++++++++++++++++++++++++++++++
Progress: resolved 250, reused 0, downloaded 250, added 249
Progress: resolved 250, reused 0, downloaded 250, added 250, done

dependencies:
+ nodelite-2-4tpQTUOr9BMjtYyNlt0P50mH7xj0Ks2xpo8M943Vykljf99HW6EzulIoJP1N3eKOSScEHzyzi9dm7-cn0RfGwA-- <- hast-util-to-html 8.0.4 (9.0.5 is available)
+ nodelite-2-4tsKHUPLOVkyfEffZo1v6sFHvGFwAIIjt-W8IThbp08DYAsXZck-2pSHEG5W1-gQgEvFLdZkYvmJAbRM2EzMnA-- <- d3-force-3d 3.0.6
+ nodelite-2-4tvttepXG1VaYGrRibk5EwJd1t4udunSOVMdLSAL6mId1ix438oPwPZMALY41FCijukO1L0twNcGsdzS7dHgDg-- <- defer-to-connect 2.0.1
+ nodelite-2-4wFaiLd0bVo4cIoTXI3zKI038NIWE-cr3jvBjejOVYVxV-m8Ltav1USiGzG1fmS5J2RhgEOgXNNK46cRPnRsrg-- <- @babel/helper-validator-identifier 8.0.4
+ nodelite-2-4xTO-M8c82qBcnQc1tgpNtubGUW-Y1tBQ1B0i5CtSoelOLKFYlElIr3bvgREYYO5iRqbMY1YuqZng0GVOI8Qww-- <- mdast-util-from-markdown 1.3.1 (2.0.3 is available)
+ nodelite-2-4xTZr1FUmSoQW4XIWmit3tzQrUTZM-N3P0XV8xROKYF50XfI7xeO90-1bZvNwxIufQ9hDQVRJH5YhgPVF8A-HQ-- <- @esbuild/linux-x64 0.28.2
+ nodelite-2-4zCpzP1fWc7QlqunZ5bSEjxc6yLAlRTnDwKtgXfcI-FxxGoqedDG8V2-xJ60bV2kODqcGB-nATdtap-XYq2NZQ-- <- @octokit/endpoint 11.0.2
+ nodelite-2-4zNhdJD-iOjSH0A05ea-Ke6MU5mmpQcbQsSOkgdaUMJ9zTlDTD-GYlwohmIE2u0gaxHYiVHEn1Fw9mZ-ktJWgw-- <- chai 5.3.3 (6.2.2 is available)
+ nodelite-2-5-fP8P8MFNC-AyZCDxrB2pkZFPGzqQWUzpSeuuVLvm8VMcorNYavBqoFcxK8bQz4Qsbn4oUEEem4wDLfcysGHA-- <- @types/json-schema 7.0.15
+ nodelite-2-5-ybhBZANEJxaH3X5evAFatUxLfEHSr7n6kYJ-1Qd0mUqr4eu9gIf6GDbWHf8RJijHrjjO8G-la14SlL2SeS1Q-- <- flatted 3.4.4
+ nodelite-2-5-YhdpVgmfSmwZyLMftfaiffLRMHjzIRHFHHLdibcSyJm2pasMrKHrO3Ptrt2DRshjvpgjEJJ1zVW14WPq-6QA-- <- @babel/plugin-transform-reserved-words 7.29.7 (8.0.1 is available)
+ nodelite-2-514ppYHBaKwfJRK-pNC6c-OxfGa0obSnAl106u97Ed0I625Nin96KAjttZF6ZL3e1XLtphxnqrOi9iWgm-u-bg-- <- upper-case-first 2.0.2
+ nodelite-2-51ypPSPCoTEIN9dy5Oy-h4pShgJmPCygKfyRCISBI-JoWT-2oJvK8QPxmwv7b-p239jXrm9M1mlQbyKJ5A152g-- <- is-module 1.0.0
+ nodelite-2-52CcUVNFyfb1A2ALocQw-Dd1BQFNmSdkuC3BkZ6iqhdMfQz7JWOFRuJFloOzjk-6WijU56m9oKXFAXc7o3Towg-- <- @types/estree-jsx 1.0.5
+ nodelite-2-53uIX3KR5en8l7Vd8n5DUv90Ae9QDQsyIthaUFVzwV6yU750RjqRznEtNMBT20VthqAdemnJN-hxVdmMHKt7Zw-- <- puppeteer 23.11.1
+ nodelite-2-54-JRvkLIzzDWshCWfuhadfrfZVPiElY8Fcgmg1HroEly-EDSszzhBAsarCux-D-kOslTRquNzuyGSmUSTTHGg-- <- @nicolo-ribaudo/eslint-scope-5-internals 5.1.1-v1
+ nodelite-2-55JNKuIW-vq4Ke1BjOTjM2YctQIvCT7GFzHwmfZPGo5wnrgkid0YQtnAleFSqumZm4az3n2BS-erby5ipJdgrg-- <- has-property-descriptors 1.0.2
+ nodelite-2-55Kcx1MhPZX0zTbVosMQEO5R6-rikNXd9b6RQK4KSPcrSIIwoXTtebIczUrXlwaSrbz4x8XUVThGPob1n8I4QA-- <- protobufjs 5.0.3 (7.5.4 is available)
+ nodelite-2-56D19KOGbE00uKVj3sgIykpwKL179QsVFwx-DCW0u-0-URsryacI4MAdNJl0dh-u2PSsD9FtxPFbHCzJ78qJFQ-- <- mdast-util-gfm-footnote 1.0.2 (2.1.0 is available)
+ nodelite-2-56rxCq7G-XfB4EkXq9Egn5GCqugWvDFjafDOThIdMBsI15iqPqR5r15TfSr1YPYeEI19YeaXMCbY6u88Y76GLQ-- <- postcss 8.4.47 (8.5.6 is available)
+ nodelite-2-571s0T7nZWK6vB67HI5dyUF7wXiNcfaPPPTl6zYCNApANjIvYJTg7hlud--cJpdAhS7dVzqMLmfhfHR3rAcOjQ-- <- buffer-xor 1.0.3
+ nodelite-2-57Zzfw8G6-Gq7axm2Pdo3gW-Rx3h9Yywgn61uE-3elTCOePEHVrn2i5CdfBwA1BLK0Q0WqctICIUSqXZW-VprQ-- <- eslint-plugin-promise 6.6.0 (7.2.1 is available)
+ nodelite-2-58lmxKSA4BNyLz-HHMUzlOEpg09FV-ev6ZMe3vJihgdxzgcwZ8VoEEPmALCZG9LmqfVoNMMKpttIYTVG6uDY7A-- <- diff 4.0.2 (9.0.0 is available)
+ nodelite-2-58S9QDqG0Xx27YwPSt9fJxivjYl432YCwfDMfZ-71RAqUrZef7LrKQZ3LHLOwCS4FLNBplP533Zx895SeOCHvA-- <- arg 4.1.3 (5.0.2 is available)
+ nodelite-2-5aHCbzQRADcdP-ATqnDuhhJ-MRIqDkZX5pyjFHRRysS8vZ5AbqGEoFIb6pYHPZ-L-OC2Lc-xT8uHVVR5CAK-wQ-- <- linkify-it 5.0.0 (5.0.2 is available)
+ nodelite-2-5ai2iksyV8ZXmnZhHH4rWPoxxistEexSi5936zIQ1bnNTW5VnA85B6P-VpXiRM017IgRvb2kKo1a--y-0wSp3w-- <- http-cache-semantics 3.8.1 (4.2.0 is available)
+ nodelite-2-5b0R4txpzjPWVw-cXXUResoD4hb6U-x9BH08L7nw-GN1sezDzPdxeRvpc9c433fZhBan-wusjbCsqwqm4EIBIQ-- <- p-limit 4.0.0 (7.2.0 is available)
+ nodelite-2-5BcGCBfBxB5-XSDSWnhTThfI9jcO5f0Ai2V24gZpG-wXF14BzwxxdDb4g6trdOux0rhibGs385BeFMSmxtS3uA-- <- @svgr/babel-plugin-remove-jsx-empty-expression 8.0.0
+ nodelite-2-5BMULNob1vgFX6EjQw5izWDxrecWK9AM72rugNr0TFldMOi0fj6Jk-zeKIt0xGj4cEfQIJth4w3OKWOJ4f-AFw-- <- is-extendable 0.1.1 (1.0.1 is available)
+ nodelite-2-5bZ-3CjhAd9eChYTHsjy6TGxpOFSKgKKJPJxr293jTbfry2KDoWkhBb6TcPVB4NmzaPhMs1Frm9AZH7OD4Cjzw-- <- micromark-factory-title 2.0.1
+ nodelite-2-5Di9UC0-8h1L6ZD2d7awM7E-T4uA1fJRlx6zk-NvdCCVEoAnFqvHmCuNeIKoCeIixBX-q8uM-6ycDvF8woqosA-- <- ripemd160 2.0.3
+ nodelite-2-5DyQ4-1JEUzejeK1JGICcideyfUbGixgS9jNgex5nqkW-cY7WZhxBigmieN5Qnw9ZosSNVC9KQKyb-GUaGyKUA-- <- @humanfs/core 0.19.1 (0.19.2 is available)
+ nodelite-2-5EdhGZtnu3V88ces7s53hhfK5KSASnJZv8Lulpc04cWO3REESroJXg73DFsOmgbU2BhwV0E20bu2IDZb3VKW4Q-- <- @rollup/pluginutils 5.3.0 (5.4.0 is available)
+ nodelite-2-5EFrOpLL1f29eepx6lHYRlwk5Eeo0PVEMROZQmGAGo-7avjWGPwfgkDdfgP2JCIusiKUG6sHN4FOjd86Q7htLw-- <- @aws-sdk/client-s3 3.952.0 (3.975.0 is available)
+ nodelite-2-5gdGbFon-PszYzqs83S3E5mpi7-y-8M9eC90MRTZfduQOYW76ig6SOSPNe41IG5LoP3FGBn2N0RjVDSQiS94kQ-- <- @babel/plugin-syntax-dynamic-import 7.8.3
+ nodelite-2-5gghUc24tP9HRznNpV2-FIoq3xKkj5dTQqf4v0CpdPbFVwFkWoxOM-o-2OC9ZSvjEMTjfmG9QT-gcvggTwW1zw-- <- graphql 15.8.0 (16.8.1 is available)
+ nodelite-2-5GS12FdOZNliM5mAOxFRg7Ir0pWz8MdpYm6AY6VPkGpbA7ZzmbzNcBJQ0GPvvyWgcY7QAhCgf9Uy89I03faLkg-- <- std-env 3.10.0
+ nodelite-2-5gs5ytaNjBrh5Ow3zrvdUUY-0VxIuWVL4i9irt6friV-BqdCfmV11CQTWMiBYWHbXhco-J1kHfTOUkePhCDvMA-- <- husky 9.1.7
+ nodelite-2-5gTmgEY-sqK6gFXLIsQNH19lWb4ebPDLA4SdLP7dsWkIXHWlG66oPuVvXSGFPppYZz8ZDZq0dYYrbHfBCVUb1Q-- <- picomatch 4.0.3 (4.0.7 is available)
+ nodelite-2-5gvq20T6vfpekVtqrYQsSCFZ1wEg5-wW0-QaZMWkFr6BqD3NfKs0rLCx4rrVlSWJeZb5NBJgVLswK-w2MWU-Gw-- <- encoding-sniffer 0.2.1
+ nodelite-2-5HfK7k5im7LTOB0EqCQmfvy4C13G92Ssj1VTmouTK3AJvyjKTnFuCV0vcMAD-JS-JC4DvDIBRrlAeJIFjh5VWg-- <- react-router 6.30.6 (7.12.0 is available)
+ nodelite-2-5Hh7Y1wQbvY5ooGgPbDaL5iYLAPzMTUrjMulskHLH6wnv-A-1q5rgEaiuqEjB-oxGXIVZs1FF-R-KPN3ZSQYYg-- <- internmap 2.0.3
+ nodelite-2-5hJbfaZdHDAP8JlwplNbXJAat9Vv7L0AbTZzkbPIgjHhC3vrMf5r3a6I1HWFp5i5pXo7J45xyuf5uQGZJxJlCg-- <- @aws-sdk/credential-provider-web-identity 3.952.0 (3.972.2 is available)
+ nodelite-2-5HVP2MKaP6L-G6YaxPNjuL0BPrq9orG3TsrZ9YXbA3vDw-ACI4MEsnoDpn6ZNm7GnZgtAcONJyPhOP8tNJQavQ-- <- mdast-util-gfm-autolink-literal 2.0.1
+ nodelite-2-5IDE0a-lWGdkOvKH892HHAZgbAjcj1mT5QrfA-SVbLJV-BbBMGyKN0W5mhgjekPJJwEQdVNvhl9PwUacY58Usw-- <- @commitlint/cli 18.6.1 (20.4.1 is available)
+ nodelite-2-5IfJHpgTsTZuONKbODctL4kKuQje-bzBRkwHE8UOZ4f89Zeddg-EGZs8PD8NcN4LdM3ygHWYB3ukPAYjvl-qbQ-- <- @typescript-eslint/scope-manager 4.33.0 (8.8.0 is available)
+ nodelite-2-5IKcdX0nnYavi6G7TtOhwkYzyjfJlatbjMjuLSfE2kYT5pMDOilZ4OvMhi637CcDICTmz3wARPoyhqyX1Y-XvA-- <- consola 3.4.2
+ nodelite-2-5IKx-Y13RsYd-sauPb2x-U-xZikHjolzfuDgTAl-Tdf3Q8rslRvC19NKDLgAJQ6wsqADk10ntlv08nPFw-gO-A-- <- @swc/helpers 0.5.17
+ nodelite-2-5J-IhqTi1XPa0DXF83jYOaARrX-41gOewWbkPyjMNRDqgOCqdffGh8L3f-Ek5utaEBZExjSAzcyjmV9SSAWObQ-- <- @babel/plugin-transform-private-property-in-object 7.27.1 (8.0.1 is available)
+ nodelite-2-5jOhFDElqr4DKTrTEbnW8DZ4Hz5LRUEmyrGpCMrD-NphYv3nUnaF08xmSLx1rGGnyEs-kFnhiw6dCgcDqMr5PQ-- <- @types/micromatch 4.0.10
+ nodelite-2-5kaZCrbp5mmbz5ulBkDkbY0SsPOjKqVS35VpL9ulMPfSl0J0Xsm-9Evphv9CoIZFwre7aJoa94AY6seMKGVN5Q-- <- unicode-match-property-ecmascript 2.0.0
+ nodelite-2-5kcJm-zk-GJDSfw-V-42fJ5fhjL5YbFDl8nVdXkJPLLW-Vf9mTD5Xe0wqIaDnLuL2U6cDNpTr-UQ-v2HWIBhzw-- <- postcss-modules-local-by-default 4.2.0
+ nodelite-2-5KiHfsmkqacuKjkRkdV7SsfDJ2EGiPsK92s2MhNSY0craxjTdKTtqKsJaCWp4LW33ZZ0OPUv1WO-TFvNQRiQxQ-- <- util 0.10.3 (0.12.5 is available)
+ nodelite-2-5KoIu2Ngpyek75jXodFvnafB6DJgr3u8uuK0LEZJjrU19DrMD3EVERaR8sjz8CCGgpZvxPl9SuE1GMVPFHx1mw-- <- is-negative-zero 2.0.3
+ nodelite-2-5l4VyZR86LZ-lDxZTR6jqL8AFE2S0IFLMP26AbjsLVADxHdhB-c0GUsH-y39UfCi3dzz8OlQuPmnaJOMoDHQBA-- <- run-parallel 1.2.0
+ nodelite-2-5LC9SOxjSc2HF6vO2CyuTDNivEdoz2IvyJJGj6X8DJ0eFyfszE0QiEd-iXmBvUP3WHxSjFH-vIsA0EN00cgr8w-- <- moment 2.29.4 (2.30.1 is available)
+ nodelite-2-5lsx1NUDHtSjfg0eHlmYvZKv8-nVqX4ckFbM-FrGcQ-04KWcWFo9P5MxPZYSzUvyzmdTbI7Eix8Q4IbELDqzKg-- <- global-prefix 1.0.2 (3.0.0 is available)
+ nodelite-2-5m3bsyrjFWE1xf7nz7YXdN4udnVtXK6-Yfgn5qnahL6bCkf2yKt4k3nuTKAtT4r3IG8JNR2ncsIMdZuAzJjHQQ-- <- node-addon-api 7.1.1 (8.5.0 is available)
+ nodelite-2-5m4nQKp-rZRb09LNH59GM4BxTh9251-ylbKIbpe7TpGxfJ-9kv6BLkLBXIjjspbgbnIBNqlI23tRnTWT0snUIw-- <- react-dom 18.3.1 (19.2.8 is available)
+ nodelite-2-5Ni4CU7XHQi32IJ398EEP4RrB8eV09sXP2ROqD4bksHrnTree52PsxvX8tpL8LvTZ3pFzXyPbNQReSN41CAhOg-- <- @jest/console 29.7.0 (30.2.0 is available)
+ nodelite-2-5NPgf87AT2STgwa2ntRMr45jTKrYBGkVU36yT0ig-n-GMAa3oPqhZfIQ2kMEimReg0-t9kZViDVZ83qfVUlckg-- <- pac-resolver 7.0.1
+ nodelite-2-5o9OIAdKkhN1QItV2oqaE5KMIiXAvDWBDPrD85e58Qlz1c1kI-J0NcqbEG88CoTwJrYe7ntUCVfeUl2UJKbWgA-- <- @types/d3-dispatch 3.0.7
+ nodelite-2-5OQLXpt6qdbttcDG-UxYY7Yjj3e8P7X16LzvpX8pIQPYJ-C2Z1qFGMmcw-1PZMUM3Z8wt8NRfYTvCni93mgsgA-- <- mdast-util-gfm-strikethrough 0.2.3 (2.0.0 is available)
+ nodelite-2-5p6WTN0DdTGVQk6VjcEju19IgaHudalcfabD7yhDGeA6bcQnmL-CpveLJq-3hvfwd1aof6L386Ougkx6RfyMIQ-- <- ajv-keywords 3.5.2 (5.1.0 is available)
+ nodelite-2-5PJiW-eiTPyXXBYGZOYGezMl6qj7keBiZheRwfjJZY26QPHsNrjfJnz0mru6oeqqoTHOni893Jfd6zyUXfQRWg-- <- types-ramda 0.29.10 (0.30.1 is available)
+ nodelite-2-5Q2mfq2WfGuFp3uS--0s6baOJLMoVduPYVeNmDYxu5OUA1-cBfvr2RIS7vi62LdNj-urk1hfmj867I3qt6uZ7Q-- <- b4a 1.7.3 (1.8.1 is available)
+ nodelite-2-5qkif--qhlbt54255O-M2JtUZNlnefOzE12bi7FlApOIYO4pqrZcAwhNCfP4jOGFubez8uoLgY9czWFjYY57ow-- <- @jest/create-cache-key-function 30.5.1
+ nodelite-2-5qOlnZscTn4xxM5MeGXAMOsIOIKIbh9e85zJWfBRVPlRMEVawzoPhINYbRGkBZCI8LxvBe7tJCdWiarA99OZfQ-- <- @types/prettier 1.19.1 (2.7.3 is available)
+ nodelite-2-5TF-l7p4-OsnP8BCCvSyZiSPc4x4--p5uPwK8TCnVPJYRmU2aYKMpOXvw8zM5a5JvuuCGN1jmsMwuU2W02ukfA-- <- selderee 0.11.0
+ nodelite-2-5tK7EtrZ0N-OLFMthtqOj4fI2Jeb88C4CAZPu25LDVUgXJ0A3Js4PMGqrn0JU1W0Mh1-Z8wZzYPxqUrXeBboCQ-- <- ci-info 2.0.0 (4.3.1 is available)
+ nodelite-2-5UgwZmohpixwNMVkMvn9K1ceJe6TzlRlAfuYoQDUuOkk62-JVJNDLAPKIf5YMRc7d2B0rmfgaZLMtbREb0Zvkw-- <- @react-aria/interactions 3.25.6
+ nodelite-2-5umnS0T8JQzQT6HbPyO7Hh9dgd82NmS36DQr-X-YJ9ctFNCiiQd6IJAYYZ33LUwm8M-taCz5t2ui29fHZc4Y6Q-- <- @radix-ui/react-toggle-group 1.1.11
+ nodelite-2-5v6yZd4JK3eMI3FqqCouswVqwugaA9r4dNZB1wwcmrD02QkV5H0y7XBQW8QwQqEaZY1pM9aqORSORhJRdNK44Q-- <- gray-matter 4.0.3
+ nodelite-2-5WEtTy2jXPFypadKNpbNkZ72puZCa6UjSr-7djeecHWOu7iYhSXSnHScT8wBz3Rn8Ena5d5RYRcsyKIeqG1IyA-- <- jest-snapshot 30.2.0
+ nodelite-2-5wg-zB5kXHxpTV5OYwJD3ja6R8yTiqIOkjOhmpEJiowkzRlbEC-BOyMvNUq5fqFIHnMCE9woO7-c3zxEQCKPjw-- <- @antv/scale 0.4.16 (0.5.2 is available)
+ nodelite-2-5wl1j3IhtmE7POTl2W9VGQdbQyBQrRsF3jcYBK-0V353AuO8H2GFZkiFNyTRxL-TDY3HIFCHc3G983Osmg76Lg-- <- @stackblitz/sdk 1.11.1
+ nodelite-2-5xg9rC-wWL8kdDj153qZcsJ0FWiFt0J5RB6LYUNZjwSnesfblqrI-bJ1wBdJ8OQfncgbJG5-2F-qfqnqyzYxyg-- <- @types/d3-time-format 4.0.3
+ nodelite-2-5XHYaSyiqADb4RnZ1Bdad6cPp8Toise4TzEjcOYDHZkTCbKgiUl7WTUCpNWHuxmDt91wnsZBc9xinNzopv3JMQ-- <- is-fullwidth-code-point 5.1.0
+ nodelite-2-5XWB9GbAUSHTn8VPU8-1DBXMuKYT5uOgEjJb8gN3mW0PNW5OPHpSdojoqf-iq1xo7vWzw-P8bAHY0n6ijpXF7g-- <- micromark-extension-gfm-tagfilter 1.0.2 (2.0.0 is available)
+ nodelite-2-5yANTE0tmi5--POym6OgtFmwfDvOXABD9oj-jLQr5GPEyuNEb7jH4wbbANJceJid49jwhi1RddxnhnEAb-doqg-- <- promise-timeout 1.3.0
+ nodelite-2-5yXvWDEgqeiYiBe1lbxYF7UMAIm-IcopxMHrMQDq3nvKcjPKIhZklUKL-AE7J7uApI4kwe2snsK-eI6UTj9EHg-- <- vfile-location 5.0.3
+ nodelite-2-5Z9ZpRzfuH6l-UAvCPAPUo3665Nk2wLaZU3x-TLHKVzIz33-sbJqbtrYoC3KD4-uVOr2Zp-L0LySezP9OHV9yA-- <- stylis 4.4.0
+ nodelite-2-6-cmF2piao-f6wSxUsJLZjck7OQsYyRtcOZS02k7XINSNlz93v6emM8WutDQSXnroG2xwYlEVHJI-cPA7CPM3Q-- <- @typescript-eslint/parser 8.50.0
+ nodelite-2-6-eerH9fEnNmi-hyM1DXcRK3pWdoMQtlkQ-ns0ntzunjKqp5i3sKCc80ym8Fib3iaYhdJUOPdhlJWj1tvge2Ww-- <- signedsource 1.0.0
+ nodelite-2-60atgNek-mdOEMyawYfCClllezS4grO8JY3a83zv2ZDJ0h58cLobsNK8FSkQHn9q8zLbCpeT0drB426g-pEhTw-- <- @leancloud/platform-adapters-browser 1.5.3
+ nodelite-2-60BCwRFOZCQhDncwQdxxeOEEkbc5dIMccYLwbxsS4TUNeVECQ-pBJ0j09mrHOl-JJvpRPGwO9SvE4nR2Nb-a4Q-- <- @types/resolve 1.20.2 (1.20.6 is available)
+ nodelite-2-6127fvO-FF2oi5EzSQOAjo1LE3OtNVh11R--8FXa-mHx1ptAaS4cknIjnUA7e6j6fwGGJ17NzaTJFUwOV2zwCw-- <- @svgr/babel-preset 6.5.1 (8.1.0 is available)
+ nodelite-2-61A5ThoTiDG-C8s8UMZwSorAGwMJ0ERVGj2OjoW5pAalsNOg15-iQiPzrLJ4jhZ1HJzmC2PIHT2oEiH3R5fzNA-- <- package-manager-detector 1.6.0
+ nodelite-2-637ln3gXKXOwhalDzinUgY83KzNWZRKbYubaG-fGVuc-dxO64RRljtCTnf5ecMyE1RIdtqpkVcq0IbtU2S8j2Q-- <- d3-geo 3.1.1
+ nodelite-2-65Emv9fQiQQqphLlRkuQ5ypPsOmWPhtBGCMv61JDPEPMvsx-gzhGf74yw1a78xFKPj6zw4AgQICJoQv0vK9M2w-- <- @types/d3-geo 3.1.1
+ nodelite-2-65P7iz6X5yEr1cwcgvQxbbIw7Uk3gOy5dIdtZ4rDveLqhrdJP-Li-Hx6tyK0NEb-2GCyneCMJiGqrADCSNk8sQ-- <- to-regex-range 5.0.1
+ nodelite-2-68s5jYdlvasItOJnCuI2Q9s4q98g0pCyL3HrcKJu8KNugUl8ahgmZYg38ysLTgQjjXX3H8CJLkAvWrclWfcalw-- <- dataloader 1.4.0 (2.2.3 is available)
+ nodelite-2-69ZjQzPCMvXbMBDq-p3TKXu-GG-yNJxsq6tzhgGgbSjQrSsOEokqhTUastN-KasUxKZpDlcV7YAubngQhcXziQ-- <- @aws-sdk/credential-providers 3.952.0 (3.975.0 is available)
+ nodelite-2-6bc58dPYhCMHHuwxldQxO3RRNZ4eCogZ-st--0-fcC1nr0jiGUtAdBJ2qzmLQWSxbtz42pWt4QQMiZ9HvZf5cg-- <- unixify 1.0.0
+ nodelite-2-6BLOQUscTpZeGljvyQXlWOItQyU71kCdGz7Pi8H8zdw6BI0g3m43iL4xKUVPWtG-qrrL9DTjpdn8eYuCQSRpow-- <- @changesets/errors 0.2.0
+ nodelite-2-6C8nqWur3j98U6-lXDfTUWIfgvZU-EumvpHKcYjujKH7woYyLj2sUmff0tRhrqM7BohUw7Pz3ZB1jj2gW9Fvmg-- <- @types/geojson 7946.0.16
+ nodelite-2-6CC9uyBL--48dYizRf7H7VAYCMCNTBeM78x-VTUe9bFEaxBepPJDa1Ow99LqI-1yF7kuy7Q3cQsYMrcjGUcskA-- <- string.prototype.matchall 4.0.12 (4.1.0 is available)
+ nodelite-2-6CJWHkNRoyZyjV9Rwv2lYONZf1Xm0IuDyNq97nwSsxxP3wf5Bwy15K5rOvVKMtJ127jJBmxFUanSAOjgFRxgrA-- <- chromium-bidi 0.11.0
+ nodelite-2-6EuL879VkRA-1Cz578mKMiKvjPNEuk6-r1JaFzoSWejZmtf7xWbIyw1e3KkxlkzTIt9Taw6JBhEppG7utc1P-w-- <- js-yaml 3.15.2 (5.4.1 is available)
+ nodelite-2-6eZs5Ls3WtCisHWp9S2GUy8dqkpGi4BVSz3GaqiE6ezub0512ESztXUwUB6C6IKbQkY2Pnb-mD4WYojCRwcwLA-- <- normalize-path 3.0.0
+ nodelite-2-6f813C0IsasTZms08kfA8kPAGxbbkYToa8ALaiDIGGECU4i9hj8Plgbx0sNJDrey3EtHO30hmdaxtT0138xZcg-- <- @rc-component/portal 1.1.2
+ nodelite-2-6FlzubTLZG3J2a-NVCAleEhjzq5oxgHyaCU9yYXvcLsvoVaHJq-s5xXI6-XXP6tz7R9xAOtHnSO-tXtF3WRTlA-- <- ms 2.1.3
+ nodelite-2-6fPc-R4ihwqP6N-aIv2f1gMH8lOVtWQHoqC4yK6oSDVVocumAsfCqjkXnqiYMhmMwS-mEHLp7Vehlt3ql6lEig-- <- strip-json-comments 3.1.1 (5.0.3 is available)
+ nodelite-2-6FtHJEvt-pVMIB9IBY-IcCJ6Z5f1iQnytgyfKMhDKgmzYG-TeH-wx1y3l27rshSbLiSanrR9ffZDrEsmjlQF2g-- <- scule 1.3.0
+ nodelite-2-6Fv1DV-TYw--QF5IzQdqsNDjx-wc8TrMBZsqjL9eW01tWb7R7k-mq--VXfJCl7SoD5emsJop9cOByJZfs8hYIw-- <- css-tree 2.3.1 (3.2.1 is available)
+ nodelite-2-6gj2m8cJZ-iSW8bm0FXdGF0YhIQbKrfP4yWTNzxc31U6MOjfEmB1rHvlYvxI1B7t7BCi1F2vYTT6YhtQRG4hxw-- <- oidc-token-hash 5.2.0
+ nodelite-2-6GM1dhvK3gNODkXcEcMCOLEDCLSoZ-sBbro2Ax8HURyasQ4NshagQixkRFdh5niI6E4gmA-jYI-4aT7rRos3ZQ-- <- @babel/plugin-transform-optional-chaining 7.29.7 (8.0.1 is available)
+ nodelite-2-6GP3Pxz4IKyWjAfa747vIu-jilB5z29JWROLqH-b-pXVcpgh6tM06ZIBwSuglgVqzDYURhOK6oEzTrG0bCHitA-- <- core-js-pure 3.50.0
+ nodelite-2-6gS8pZzSXdyRHTIqoqSVknxolr1kzfy4-CeDnrzsVz8TTIWUbOBr6gnzOmTYJ3eXQNh4IYHIGi5aIL7sOZ2G-g-- <- @sinclair/typebox 0.34.41 (0.34.52 is available)
+ nodelite-2-6i-00NBjP4yGPs-caKSyRfpTF-8Torsu0MOW3mMzIbhgISFder8i7xbqgHlLMwJrdiN8ndBV3UA1-AfzPSr-jg-- <- watchpack 2.5.2
+ nodelite-2-6i9mGWSlqzNMEqpCp93KwRS1uUOodk2OJ6b-sq7ZPDSy2WuI5NFIxp-254TytR8ftefexkWn5xNiHUNpPOfSew-- <- is-weakref 1.1.1
+ nodelite-2-6iBczoX-kDQ7a3-YJBnh3T-KZRxM-iYNPXicqk66-Qfm1b93iu-yOImkg0zHbj5LNOcNv1TEADiZ0xa34B4q6Q-- <- which-builtin-type 1.2.1
+ nodelite-2-6IpQ7mKUxRcZNLIObR0hz7lxsapSSIYNZJwXPGeF0mTVqGKFIXj1DQcMoT22S3ROcLyY-rz0PWaWZ9ayWmad9g-- <- optionator 0.9.4
+ nodelite-2-6iR7z9hAJEwrT-D2Ywg6Fx62HSmN86OlcvPdrnq1JBeFr30dMF6l-j7M3VabjHfIi2KMtF8rO0J1rIZEfwMAwg-- <- events-okam 3.3.0
+ nodelite-2-6iSnEK0zlkLKU4heofK-AdmRD4e2SHVpJMtrwnTCzhnaM98ria4rTrOXBBi45BTTYnJtO8txnPsX4fChYXkmeA-- <- @babel/plugin-transform-modules-systemjs 7.29.8 (8.0.1 is available)
+ nodelite-2-6IvRRriEMqnBwD6chtxdLpMYCHWEzN-oL5cyQtjykya19UgzbmKhxmhZgKC-LHxS2nYr9Q-qYPZ5Lr6jOL9-yQ-- <- @babel/plugin-transform-duplicate-keys 7.29.7 (8.0.1 is available)
+ nodelite-2-6IzJLuGi4-R14vwagDHX-JrXmPVtPpn4mffDJ1UdR7-Edm87fl6yi8mMBIVvFtJaNTUvjughmW4hwLhRG7gC1Q-- <- restore-cursor 2.0.0 (5.1.0 is available)
+ nodelite-2-6J72N8UNa462wa-KFODt-PJ3IU60SDpC3QXC1Hjc1BXXpfL2C9R5-AU7jhe0F6GREqVMh4Juu-NY7xn-6dipUQ-- <- eslint-visitor-keys 1.3.0 (5.0.1 is available)
+ nodelite-2-6jvvn-12IC4quLBL1KNokxC7wWTvYncaVUYSoxWw7YykPLuRrnv4qdHcSOywOI5RpkOVGeQRtWM8-q-G6W6qfQ-- <- findup-sync 4.0.0 (5.0.0 is available)
+ nodelite-2-6k5tpdB88G0K7QrH-3yfKO84HK9ggftfUZ51p7fePyCE7-RLLHkWZbID9OFWbXuna-eeCFE7AkKnRMHMxNbz7Q-- <- @rushstack/terminal 0.19.5 (0.24.3 is available)
+ nodelite-2-6KO7iNGcnAMvIJzZPWJOdNHhx3kC4KUEMs43C0tSJORs5SosL-0FdCY6reozLZkUMSu3LqloPIJVba-OAlyA-w-- <- @ant-design/x 1.6.1
+ nodelite-2-6KqECK4ED3JJQEoDrQWnGPQzElA828xAD4qK5ceawNNyP-LcSvzAoLHjFkoTPksZ-kxj6VUtCRH-IHZesLltng-- <- @algolia/client-analytics 5.57.0
+ nodelite-2-6kZKyUajlDuqlHKVX1w7gyslj9MPIXzIFiz-rGu35uC1wMi-kMhQwGhl4lt9unC9Vb9INnY9Z3-ZA3-FhASLaw-- <- domutils 3.2.2
+ nodelite-2-6m-9Z3Gv9wN0WFVasqjCL-06-EFCMTqDEUl-b87HYK2rAPTyfz4ZIuSlPhY51PIQRWx5TaxeF1qmXKe9gfN3sA-- <- jest-diff 26.6.2 (30.2.0 is available)
+ nodelite-2-6m8WBhIp0dfwu0SkgfOxJqh-HpdyfqSSLfKKRZSFbDuEQXDDndb8fTpRWkUrX-uBenkex3MgnVk0J3b3Y5byog-- <- prettier-plugin-organize-imports 3.2.4
+ nodelite-2-6mPKlY-8cSaDHxX502wERADarJsccwlky6yIrOapHH2ZgfoKAV94SbiTKfKEs4EEpdazuc3J72WsqeYk7hp9-Q-- <- postcss-normalize-repeat-style 7.0.4
+ nodelite-2-6npJTkZcO-y2-kr-z0hc4HwNfrrP4kNYh57ek7yCNlrBjWQ1Y0OS7jiZTkgumrvkX5HkEKXFZkkdFNkaW2wmUQ-- <- @typescript-eslint/typescript-estree 6.21.0 (8.8.0 is available)
+ nodelite-2-6nuzu4xwQtE3332Uz0to-TxDQYRLTKRESSc2hefVT48Zc8JthmN23Gx9lnYhu0FtkRSL1oxny3kJ2aveVhmOVA-- <- eslint-plugin-simple-import-sort 12.1.1
+ nodelite-2-6oclG6Y3PiDFcoyk8srjLfVKyMfVCKJ27JwNPViuXziFpmdz-MZnZN-aKY0JGXgYuO-VghU0jcOAZgWXZ1Dmrw-- <- @panva/hkdf 1.2.1
+ nodelite-2-6OiaAaEbLB6dEkRbQyNzFSJv5HDvly3Mc6q-qcPd2uS-g3szR8wAIkh7UndAFKfMypNSTuZ6eCBmgCLR5LacTg-- <- @smithy/eventstream-serde-browser 4.2.6 (4.2.8 is available)
+ nodelite-2-6oXyTOzbKxGH4steLbLNOu71Oj-C8Lg34n6CqRvqfS2O71BxY6ByfMDRhBytzknj9yGUPVJ1qIKhRlAwO1AovA-- <- @webassemblyjs/floating-point-hex-parser 1.13.2
+ nodelite-2-6oYBAi5ikg4Pl-kGsoYtawUMBT2zZMCvPNF7pVLnHZfd1zf38DRiWn-gT01RYCdUqkv7Fhr-C9ot4-tb-2sVvA-- <- @types/node 20.19.43 (26.4.1 is available)
+ nodelite-2-6pEjquH3rqaI6cYAXYPcz9MS4rY6R4ngRgrgfDshRptUZIc3lw0MCIJIGDj9--mfySOuPTHB4nrSW99BCvOPIA-- <- hermes-parser 0.25.1 (0.32.0 is available)
+ nodelite-2-6PMWXpdhshVvFp-FoWYs1EvG1Nj0tvk0dZM-XcK0xMEM1czRVcP6ohqPWHy6qPagSpC8j4-p89WXlT-xXJs-fg-- <- es-abstract-get 1.0.0
+ nodelite-2-6q89fj2z8VBTx9w93kJ5n51hsmtYuFPtZgnc1L8VzRx9ti4EU6EyvF6Nn1H1x3vcCQCF7u2dB2lY4AYJwUW4PA-- <- @emotion/server 11.11.0
+ nodelite-2-6qN4hJdMwfYBtE3YBTTHhoeuUrDBPZmbQaxWAqSALV-MeEnR5z1xd8UKud2RAkFoPkmB-hli1TZSnyi84xz1vQ-- <- whatwg-encoding 3.1.1
+ nodelite-2-6QvTW9mrGeIegrFXdtQi9pk7O-nSK6lSdXW2eqUspN5LWD7UTji2Fqw5V2YLjBpHEoU9Xl-eUWNpDeZvoyOv2w-- <- dom-walk 0.1.2
+ nodelite-2-6R9fqJ5Zcmf-uYaFgdIHmLwNldn5HbK8L5ybn7Uz-ylX-rnOsSp1AHcvQSrCaFN-qNM1wpymHqD7mVasEOlHGQ-- <- needle 2.9.1 (3.5.0 is available)
+ nodelite-2-6tDA8g98We0zd0GvVeMT9arEOnTw9qM03L9cJXaCjrip1OO764RDBLBfrB4cwzNGDj5OA5ioymC9GkizgWJDUg-- <- redent 3.0.0 (4.0.0 is available)
+ nodelite-2-6TDAlDPZxUFCv-fuOkIoXT-V-f3Qbq8e37p-YOiYrUv3v9cc3-6x78VdfPgFVaB9dZYeLUfKgHRebpkm-oP2VQ-- <- image-size 0.5.5 (2.0.2 is available)
+ nodelite-2-6tfZ91bOr7bOXnK7PRDCGBLa1H4U080YHNaAQ2KsMGlLEzRbk44nsZF2E1IeRc3vtJHPVbKCYgdFbaGO2ljd8g-- <- got 11.8.6
+ nodelite-2-6tun4LoZnj7VN6YeegOVb67KBX-7JJsqvj-pv3ZA7F878-eN33AbGa5b-S-wXxS-tcp8nc40xRUrsPlxIyNUPg-- <- cssfontparser 1.2.1
+ nodelite-2-6TyEnHgd6SArQO8UO2OMTxshln3QMWBtPGrOCgs3wVEmQmwyuNtB10IZMfmYDE0riwNR1cu4q-pPcxMVtaG3TA-- <- @playwright/test 1.57.0 (1.62.1 is available)
+ nodelite-2-6uFXyCayocRbqhZOB-6XcuZbkMNimwfVGFji8CTZnCzOHVGvDqzvitu1re2AU5LROliz7eQPhB8CpAMvnx9EjA-- <- @babel/compat-data 7.28.5 (8.0.0-beta.0 is available)
+ nodelite-2-6uiC9OvY71vzSGX8lZvSqscE7ft9nPupJ8fMjrCNRAUy2LREUW42UL-V-NTrogr6rFgRydUrCX4ZitfpSNkSCQ-- <- multipipe 1.0.2
+ nodelite-2-6UMlgQeRAGA-uyYzuQGm7kZB6ZQYFhc7sntgP7Oxwwd6M0Ud-POyb4K3QWT1eXvoifSa80nrAWnXWFGpOvbwkw-- <- react-tracked 1.7.14
+ nodelite-2-6UzkCs-ejGdZ5mFFC-OCUrv028ab2fp1znZmCZjAOBKiBK2jXD1O-BPSfX8X2qjJ75fZBMSnQn3Rq2mrBJK2mw-- <- @babel/plugin-transform-react-jsx-self 7.27.1 (7.29.7 is available)
+ nodelite-2-6VPD0Pc1lpTqw0aKoeRTMiB-kWhAoT24PA-ksWSBrFtl5SIRVpZlwN3NNPQjehA2E-91FV3RjLWoVTglWcSV3Q-- <- @babel/plugin-syntax-optional-catch-binding 7.8.3
+ nodelite-2-6WTxW1EB6yCxV5VFOIPQruWGHqc3yI7hEmZK6h-pyk69Lk-Ut7rLUY6W-ONF2MjBuGjvmMiIpsrVJ2vjrHlslA-- <- superagent 8.1.2 (9.0.2 is available)
+ nodelite-2-6WVLVJiTjqcQauBhn1LkICsR2H-zm62I3h9faTDKt1qP4jn2o72tSvqMwtGFKGTpojce0gJs-76eZ2uCHRZh0Q-- <- @babel/plugin-transform-json-strings 7.27.1 (8.0.1 is available)
+ nodelite-2-6x6dK6zJdpTzF4sQeNYxwtvBzf6Eg4GtlesS94HOvTudUeyK2WXAaIfmDgsyslYrRBeFIlsi54AYsFGUuhmvrQ-- <- side-channel 1.1.1
+ nodelite-2-6xwYfHbajpoF0xLW-iwLkhwgvLoZDfjYfoFNu8ftMoXINzwuymNLd9u-KmwtdT2GbR--Cz66otEGEVVUHX9QLQ-- <- interpret 3.1.1
+ nodelite-2-6zWPyEOFaQBJYcGMHBKTKJ3u6TBsnMFOIZSa6ce1e-ZrrsOlnHRHbabMjLiBYKp-n44X9eUI6VUPaukCXHuG4g-- <- promise-inflight 1.0.1
+ nodelite-2-7--dFhtcx3353uBaq8DDR4NuxBetBzC7ZQOhmTQInHEd6bSrXdiEyzCvG07Z44UYdLShWUyXt5M-yhz8ekcb1A-- <- shebang-regex 3.0.0
+ nodelite-2-727YkEAPwSIQTv5im8QHz3upqp92JTWhidIC81Tdx4VJYIte-VndKf1qKrfnnhPLiPghStWfvC-iFaMCQu7Nqg-- <- @babel/plugin-syntax-unicode-sets-regex 7.18.6
+ nodelite-2-72F2T-PLlphrqLcAotYPp0uJMr5SjP5SL01wfEspJbru5Zs5vQaSHb4VB3ZMJPimgHHCHG7gMOeOB9H3Hdmtxg-- <- @radix-ui/react-menu 2.1.16
+ nodelite-2-72fSenhMw2HZMTVHeCA9KCmpEIbzWiQsjN-BHcBbS9vr1mtt-vJjPdksIBNUmKAW8TFUDPJK5SUU3QhE9NEXDw-- <- color-name 1.1.3 (2.0.2 is available)
+ nodelite-2-737ZY3yNnXy37FHkQxPzt4UZ2UWPWiCZWLvFZ4fu5cueciegX0zGPnrlY6bwRg4FdQOe9YU8MkmJwGhoMybl8A-- <- on-headers 1.1.0
+ nodelite-2-76ORR0DO1o1hlKwTbi-DM3EXWGf3ZJYO8cXX5RJwnul2DEg2oyoZyjLNoQM8WsvZiFKCRfC1O0J7iCvie3RZmQ-- <- stream-shift 1.0.3
+ nodelite-2-773xhDQnZBMFobEiztv8LIl70ch5MSF-jUQVlhwFyBILqq96anmoctVIYz-ZRp0qbCKATTn6ev02M3r7Ga5vqA-- <- querystring-es3 0.2.1
+ nodelite-2-78-PXT1wlLLDgTzDs7sjq9hzz0vXD-zn-7wypEe4fXQxCmdmqfGsEPQxmiCSQI3ajFV91bVSsvNtrJRiW6nGng-- <- find-up 5.0.0 (7.0.0 is available)
+ nodelite-2-78UEvebzz-rJIxLvE7ZtDd-vIQ0RHv-3Mh5DR96p7cS7HsBhYIICDBCu8csTNWNO6tBWfqXPWekRuj2FNOGOZg-- <- mdast-util-gfm-table 2.0.0
+ nodelite-2-7A6S9jSgm-S-7MdtNDSb-IU859vQqJ-QAtcYQcfFC6W8RS4IxIZDldLR0xqCFZ6DCyrQLjLPsxtTNch5jVA4lA-- <- @radix-ui/react-roving-focus 1.1.11
+ nodelite-2-7AAMPcueWELt1p3mi13HR-LHH0TJLT11cnwDJEs3xA4-CK-PLKeO9Kl1oru24htkyUKtkGCvAx4ohB0Ttry8Dw-- <- caniuse-lite 1.0.30001760 (1.0.30001810 is available)
+ nodelite-2-7AeGuCYNGmycyQbCqd-3PWH4eOoX-OiCa0uphp57NVTeAGdJGaAliecxwBDHYQCIvrW7aDBZCYeNTP-WX69mkg-- <- pretty-format 26.6.2 (30.2.0 is available)
+ nodelite-2-7bVbi0huj-wrIAOzb8U1aszg9kdi3KN-CyU19CTI7tAoZYEZoL9yCDXpbXN-uPsuWnP02cyug1gleqq-TU-YCA-- <- is-arguments 1.2.0
+ nodelite-2-7D-x-23-d-3VqZ0QA-LGbZMlGwZjztBygSWWWsfTPoQ1oQ6Q1P6Mr3d0kk42XabyUVw-fha3LqdRsFqeKqvCyA-- <- @babel/plugin-transform-unicode-regex 7.29.7 (8.0.1 is available)
+ nodelite-2-7dPUZQGy--m3-wjVz3ZW5dobSoD-02NxJpoXUX0WIyjfVS3l0c-b--9phIDFA7FHzkYtwtMFgeGZ-Y8jVTeqQQ-- <- term-size 1.2.0 (2.2.1 is available)
+ nodelite-2-7dSzzRQ--CKnNI-krKnYRV7JKKPUXMEh61soaHKg9mrWEhzFWhFnxPxGl-69cD1Ou63C13NUPCnmIcrvqCuM6w-- <- yargs 17.7.2
+ nodelite-2-7EAHlyLHI56VEIdK57uwHdHKIaAGbnXPiw0yWbarQZOKaKpvUIgW0jWRVLiatnM-XXlSwsanIBH-hzGMJulMow-- <- performance-now 2.1.0
+ nodelite-2-7EHz6qDZc8RYS5ElPoShMheWvEgERonFCs7IAonWLLUTXW59DP14bCZt89-GKyreYn8g3S83m21FelHKbeDCKA-- <- @babel/helper-replace-supers 7.27.1 (8.0.1 is available)
+ nodelite-2-7emPTl6Dpo6JRXOXjLRxck-FlLRX5847cLKEn00PLAgc3g2hTZZgr-e4c2v6QpSmLeFP3n5yUo7ft6avBK-5jQ-- <- depd 1.1.2 (2.0.0 is available)
+ nodelite-2-7EYDbHE7MxHpv4sxvnVPngw5fuR6pw79SkcrILHJ-iMpuKySNCl5W1qcwPEpU-LgyRXOaAFgH0KhwD18wwg6ug-- <- @svgr/babel-preset 8.1.0
+ nodelite-2-7FCwGGmx8mD5xQd3RPUvnSpUXHM3BWuzjtpD4TXsfcZ9EL4azvVVUscFYwD9nx8Kh-uCBC00XBtAykoMHwTh8Q-- <- strip-eof 1.0.0
+ nodelite-2-7fiA521aVw8lSPeI4ZOD3vRFkoqkJcS-z4hFo82bFSH-2tNd6eJ5qCVMS5OzDmZh-kaHQeBaeyxK6wljcPtveA-- <- @babel/helper-remap-async-to-generator 7.27.1 (8.0.1 is available)
+ nodelite-2-7fm3l3NAF9WfN6W3JOmf5drwpVqX78JtoGJ3A6W0a6ZnldM41w2fV5D490psKFTpMds8TJse-eHLFFsNHHjHgg-- <- lower-case 2.0.2
+ nodelite-2-7FNeNl8NCE7aINx7WXiKQrPYZWC-hvrTsmk6zmxbI7LTXE7hVek-n8AfVgpe2y82zl3w0HvCHN0bVKMBoJcC0w-- <- @parcel/watcher 2.6.0
+ nodelite-2-7GDvDSmE-20-WcSMhP17Q1EVWUrLlbxxpMDqG731n8P99JhnQZHR9YvtjPvEHfjFUjvQJvdpKCjlKOX-xe4UVA-- <- cssdb 6.6.3 (8.2.3 is available)
+ nodelite-2-7Gps-XWymbLk2QLYK4NzpMOrYjMhdIxXuIvy2QBsLE6ljuodKvdkWs-cpyJJ3CVIVpH0Oi1Hvg1ovbMzLdFBBg-- <- file-entry-cache 6.0.1 (8.0.0 is available)
+ nodelite-2-7hvf7-GW8e86rW0ptuwS3OcBGDjIi6SZva7hCyWC0yYry2cOPmLIjXAUHI6DK2HsnwJd9ifmt57i8eV2n4YNpw-- <- data-uri-to-buffer 6.0.2
+ nodelite-2-7HWQwQ9US-tJSMMzi1aP-KA3QwfjDs8sB4H5GBMRHFNBMQVdgoF6VfIFy2nJR-UHRTkYoGFwWh2pe-QIwSvfOA-- <- transform-markdown-links 2.1.0
+ nodelite-2-7iiOx3SG8-g1MnlzZVDYiaeHe7Ez2Kf2HrJzdmGwkRisT7r4rak0e655AcM-tF9JG-kg5fMNYlLLKglbN7gBqA-- <- @shikijs/engine-oniguruma 1.29.2 (3.22.0 is available)
+ nodelite-2-7j6mrk-qqkSehsM92wQjdIgWM2-BW61u-53G6xmC8i1OmEdKLHbk419QKQUjz6LglWsfqoiHmyMRkP1BGjecNQ-- <- hast-util-parse-selector 2.2.5 (4.0.0 is available)
+ nodelite-2-7JPeVVZHd-jxYdULl87lvjgvWldYu-Bc62s9vD-ED6-QTGjy0jy0US-f6BG53sVMTBJ1lzKZFpYmofBN9eaRiA-- <- @csstools/postcss-is-pseudo-class 2.0.7 (5.0.1 is available)
+ nodelite-2-7KjR1vv6qnicaPMi1iiTcI85CyYwRO-PSFCu6SvqL8jN2Wjt-NIYQTFtFs7fSDCYOstUkEWIQGFUg5YZQfjlcg-- <- filesize 3.6.1 (8.0.7 is available)
+ nodelite-2-7kR78cRrPNB4fjGFZg3Rmj5aah8rQj9KPzuLsmcSn4ipLXQvC04keycTI1F7kJYDwIXtT2-7IDEto842CfZBtw-- <- @formatjs/icu-messageformat-parser 2.11.4
+ nodelite-2-7ktyY0rfTM0vo7HvtK6E3UvYnI9qfd6Oz6z--92VhGRveWng3kJwMKeUpqmW-NmwcDNbxHpSlldG-vsUnRFnBg-- <- @azure/storage-blob 12.29.1
+ nodelite-2-7KxauUdBmSdWnmpaGFg-ppNjKF8uNLry8LyzjauQDOVONfFLNKrKvQOxZ-VuTIcS-gge-YNahf5RIIQWTSarlg-- <- write-file-atomic 4.0.2 (6.0.0 is available)
+ nodelite-2-7m1vEcPCxXYI8HqnL8CKI6siDyD-eIWSwgB3DZA-ZTogxk9I4CDnj4wilt9x---QbHI4YG5YZNmC6458-e9Ktg-- <- intersection-observer 0.12.2
+ nodelite-2-7Mn9RdphTaBHBe2BDZcye0YsTVQ6kh9acTLthw017gtvdK7i6DjIpjfB-o-Yavj3MuL-9ytknugRTOKeKN9r8Q-- <- @udecode/plate-heading 48.0.0
+ nodelite-2-7MptL8U0cqcFdzIzwOTHoilX9x5BrNqye7Z-LuC7kCMRio1EMSyqRK3BEAUD7sXRq4iT4AzTVuZdhgQ2TCvYLg-- <- fast-glob 3.3.3
+ nodelite-2-7MSuj2S7xjOQXAjjkbjBsHkMtb-mDGVW6uI2dBL9snOBCbZmoNgDAeZ0nSn9j3T42UE-g2xVNMn18PJxZvkBEA-- <- micromark-extension-mdx-md 1.0.1 (2.0.0 is available)
+ nodelite-2-7N-q3lyZ-LVCp7PzuxrJr4KMbBE2hW7BT7YNia330OFxIf4d3r5zVpicP2650l7CPN6RM9zOJRl3NGpqSiw3Eg-- <- map-obj 1.0.1 (4.3.0 is available)
+ nodelite-2-7NXolsK4CAS5-xvdj5OMMbI962hU-wvwoxk-LWR9Ek9bVtyuuYScDN6eS0rUm6TxApFpw7CX1o4uJzcd4AyD3Q-- <- inline-style-parser 0.1.1 (0.2.7 is available)
+ nodelite-2-7NzBL0rN6fMUW-f7A6Io4h40qQlG-xGmtMxfbnH-K7TAtt8JQWVQK-6g0UXKMeVJoyV5EkkNsErQ8pVD3bLHbA-- <- chalk 5.6.2
+ nodelite-2-7o1wEA2RyMP7Iu7GNba9vc0RWWGACJOCZBJX2GJWip0ikV-wcOsgVuY9uE8CPiyQhkGFSlhuSkZPavN7u1c2Fw-- <- minimatch 5.1.9 (9.0.9 is available)
+ nodelite-2-7OciHT2lKCewR0mFoBrvZJ4AXTMe-sYOe87289WAViOocEmDjjv8MvIOT2XESuKj9jp8u3SZYUSh89QA4S1kQw-- <- @typescript-eslint/type-utils 8.50.0
+ nodelite-2-7PGFlmtwsEADb0WYyvCMa1t-yke6daIG4Wirafur5kcf-MhUnPms1UeR0CKQdTZD81yESwMHbtn-TR-dMviakQ-- <- set-function-name 2.0.2
+ nodelite-2-7PiHtLll5LdnKIMw100I-8xJXR5gW2QwWYkT6iJva0bXitZKa-XMrSbdmg3r2Xnaidz9Qumd0VPaMrZlF9V9sA-- <- progress 2.0.3
+ nodelite-2-7PnF4oN3CvZF23ADhA5wRaYEQpJ8qygSkbtTXWBeXWXmEVRXK-1ITciHWwHhsjv1TmW0MgacIv6hEi5pX5NQdA-- <- ini 2.0.0 (6.0.0 is available)
+ nodelite-2-7PtBB-6FdsOvZyJtlF3hEPpACq7RQX6BVGsgC7-lfVXnKMvNCu-XY3ykreqG5w-rBNdu2z8LCIKoF3kpHHdHlA-- <- cosmiconfig-typescript-loader 5.1.0 (6.2.0 is available)
+ nodelite-2-7qASPzhKF2l2KLboRZux8CCTRMdGiV08vWmyKzPz22qZ7ZjQBOeY7rNzNoCLSUiftJ7HUq0GERHmxw-t0dCdMw-- <- postcss-selector-parser 7.1.6
+ nodelite-2-7r22r-HxfcRZp79ZjGmsn97zgC1Iajrv0Mm9DIgx3lPfk-Kme2MG--EKdZj1iEBsN0rJRzjWVPGL5YrBdVHchw-- <- @antv/hierarchy 0.7.1
+ nodelite-2-7rKUyy33Q1yc98pQ1DAmLtwX109F7TIfWlW1Ydo8Wl1ii1SeHieeh0HHfPeL2fMXK6z0s8ecKs9frCuLJvndBg-- <- uri-js 4.4.1
+ nodelite-2-7rpKV8YNgCP2R4F9RjWZFcD2R-SO-0R4VHIbY9iZJdH2MzzJ8ZG7h8dZ2m8QkQd1fjx4wrFJGGPJUTYXPV3baA-- <- @aws-sdk/middleware-user-agent 3.947.0 (3.972.4 is available)
+ nodelite-2-7RUKfXgSMMkzt6ZuXmqapOurLGPPfgj6l9uRZ7lRGolvk0y2yocc35LdcxKC5PQZdn2DMqioAQ2NoWcrTKmm6g-- <- estree-walker 3.0.3
+ nodelite-2-7s37a-iWyJiGUeMFF6qBlyZciUkF8odSAnHijbD36YDctLhGKoYltdvuJ-AFfRm6cBLRtRk9cCVPdsEFtt-2rg-- <- @commitlint/execute-rule 18.6.1 (20.0.0 is available)
+ nodelite-2-7TvleQWNM2QLcHqvudt3VYjULVB49uiW6XzEUFmvwHzvsOEF5MwBrIXZDJQvJNFGjJQTzSzZnDoCJ8h-ljyGXA-- <- postcss-less 3.1.4 (4.0.1 is available)
+ nodelite-2-7UvmKalWRt1wgjL1RrGxoSJW-0QZFIegpeGvZG9kjp8vrRu55XTHbwnqq2GpXm9uLbcuhxm3IqX9OB4MZR1b2A-- <- any-promise 1.3.0
+ nodelite-2-7VT13fmjotKpGipCW9JEQAusEPE-Ei8nl6-g4FBAmIm0GOOLMua9NDDo-DWp0ZAxCr3cPq5ZpBqmPAQgDda2Pw-- <- chokidar 3.6.0 (5.0.0 is available)
+ nodelite-2-7vuh85V5cdDofPyxn58nrPjBktZo0u9x1g8WtjQol-jZDaE-fhN-cIvTj11GndBnMnyfrUOG1sZQxCdjKh-DKg-- <- jest-worker 27.5.1 (30.2.0 is available)
+ nodelite-2-7W0vV3rqv5tokqkBAFV1LbR7HPOWzXQDpDgEuib-aJ1jsZZx6x3c2mBI-TJhJzOhkGeaLbCKEHXEXLfirtG2JA-- <- latest-version 9.0.0
+ nodelite-2-7wfH4sLbt4M0gCDzGE6vzQBo0bfTKjU7Sfpqy-7gs1qBfYz2vEJH6vXcBKpO3-6Yu1telwd0t9HpyOoLEQQbIQ-- <- nwsapi 2.2.23
+ nodelite-2-7Wh1DzVQ-tlFjkeo-ujvjSqSJmkt1-8JO-T5xklPlgrh70y7ogx75ODRW0ThWhY7S-6yEDks8TYrtQe-aoboBQ-- <- react-router 6.3.0 (7.12.0 is available)
+ nodelite-2-7x81NCL719oNbsq-3mh-hVrAWmFuEYUqrq-Iw3kUzH8ReypT9QQ0BLoJS7-G9k6N81XjW4qHWtjWwe-9eLy1EQ-- <- open 8.4.2 (9.1.0 is available)
+ nodelite-2-7XHNxH7qX9xG5mIwxkhumTox-MIRNcOgDrxWsMt2pAr23WHp6MrRlN7FBSFpCpr-oVO0F744iUgR82nJMfG2SA-- <- function-bind 1.1.2
+ nodelite-2-7YA7hF6i5eKOfFUzZ-0z6avRG52GpWR8DL-kN47y3f2KhxbBZMhmxe7auOeaTBrW2DenbbZTf1ea9tA2hDpC2Q-- <- micromark-extension-mdxjs 1.0.1 (3.0.0 is available)
+ nodelite-2-7yAQpD2UMJzLi1Dqv7qFYnPbaPx7ZfFK6PiIxQ4PfkGPyNyl2Ugx-a-umUonmKqjhM4DnfbMvdX6otXq83soQQ-- <- fetch-blob 3.2.0
+ nodelite-2-7yi25vDAoHAkbhAzX9dHx2yc6ntS4jQvejrNcC-csQJAXjj15e7VcWfMgLqBNAbOvqi5uIa9huOVwdHbf-sKqg-- <- postcss-custom-media 8.0.2
+ nodelite-2-7ylylesZQ-PV29jhEDl3Ufjo6ZX7gCqJr5F7PKrqc93v7fzSymt1BpwEU8nAUXs8qzzvqhbjhK5QZg6Mt-HkBg-- <- lines-and-columns 1.2.4 (2.0.4 is available)
+ nodelite-2-7z22QmUWiQ-2d0KkdYmANbRUVABpZ9SNYyH5vx6PZ-nE5bcC0l7uFvEfHlyld-HcGBFTL536ClDt3DEcSlEJAQ-- <- defu 6.1.7
+ nodelite-2-7ZgogeTnjuHbo-ct10G9Ffp0mif17idi0IyWNVA-wcwcm7NPOD-WEHVP3n7n3MhXqxoIYm8d6MuZohYWIZ4T3w-- <- dom-accessibility-api 0.6.3
+ nodelite-2-8-9WqebbFzpX9OR-Wa6O29asIogeRMzcGtAINdpMHHyAg10f05aSFVBbcEqGf-PXw1EjAZ-q2-bEBg3DvurK3Q-- <- argparse 2.0.1
+ nodelite-2-8-ikyrN8L8a8Ph4oeHTOJEiranTj18-9-WHCHjKNdEfukI7Rjn8xpYdLJWb2AUJkb9d4eoAqjd5-k-7w81Df0w-- <- @ant-design/pro-utils 2.18.0
+ nodelite-2-82GZUjRS0p-jganf6q1rEO25VSoHH0hKPCTrgillPjdI-3bgBhAE1QzHrHTizjpRvy6pGAvKjDJtk2pF9NDq8w-- <- eslint-config-prettier 10.1.8
+ nodelite-2-83yeghZ2xxin3Nj8z1NMd-NCuca-gsYXswywDy5bHvwlWL8tpTQmzGeUuHd9FC3E-SBEMvzJRwWEOz5gGes9Qg-- <- @shikijs/vscode-textmate 10.0.2
+ nodelite-2-8416Yip--eclTFdHXLKTxZvn70duYVGTvUUWbckCCZoIl3jagqke3GLsFrMs0bsQBikiYpZLD9206Ej4SOdOXQ-- <- rc-pagination 5.1.0
+ nodelite-2-855pvK-VkU7PaKYPc-Jjnmt4EzejQHyhhF33q31qG8x7maDzkeFhAAThdCYay11CISO-qAMwjOBP-fPZe0IPyg-- <- sort-object-keys 1.1.3 (2.1.0 is available)
+ nodelite-2-856sckF0oP-diXtS4jNsiQw-UuK5fQG8l-a9VVLeSouf1-PPbBE1i1W852zVwKwYCBkFJJB7nCFTbk6UMEXBOQ-- <- @types/d3-geo 3.1.0 (3.1.1 is available)
+ nodelite-2-87GDMS3tsmMSi-3bWOte1UblL-YUTFMV8SZPZ2eSEL17s74Cw-l63rR6NmGVKMYW2GYi85nE--d6Hw5N0bEk2Q-- <- @babel/plugin-bugfix-firefox-class-in-computed-class-key 7.28.5 (8.0.1 is available)
+ nodelite-2-87KgUXET09CRjGCi2Ejxy3PULXna63-bMYv72tCAlDJC3Yqwln0HiFJ3VJMst2-mEtNtZu5oFvX4qJGjKsnAgg-- <- @typescript-eslint/utils 8.50.0
+ nodelite-2-87lcbR8-MhcWcUiQ-9e-Rwx8MyR2P7qnt15ynUlbm3TU-fjbgz4GsvfSUDTemtCCtVCqb4ZcEFlyPNTh9bBTLw-- <- randomfill 1.0.4
+ nodelite-2-87NVngcbVXUahrRTqIK27gD2t5Cu1yuCXxbLcFtCzZGlfyVWWh8mLHkoxzjsB6DDNnvdL-fW8MiwPEJyGJQDgQ-- <- @typescript-eslint/types 5.62.0 (8.8.0 is available)
+ nodelite-2-88AGv-A-Uwk2q10BVlRnpTDEJS2KwlJ67k-8JE--c-lnmyqih8S7onEFS-oG-aXpfkeZm5aXRqXrYZmURGdNVQ-- <- @ai-sdk/react 2.0.255
+ nodelite-2-88JUN06ipLwsnv-dVn-OIYOvAuvBMy-Qoi6O7mQHxdPXpjy-Cd6xRkWwux7DKO-4sYILtLBRIKgsdpS2gQc7qw-- <- hast-util-whitespace 3.0.0
+ nodelite-2-8DPaVVE3fd5JKuIC29dqyMB54sA6mfgki2H2-swh-zNJoynC8pMPzOkidqHOSc6Wj032fhl8Z0TVn1GiPpAiJg-- <- @svgr/babel-plugin-replace-jsx-attribute-value 6.5.1 (8.0.0 is available)
+ nodelite-2-8H-wTDqlSwoSnScvV2N-JHfLWOKuh5MVla9hqLjK3nsfyy6Y4kDSYSvkU5YCUEPOSnRXfIyx3Sq-B-IWudTo4g-- <- yargs 17.6.0
+ nodelite-2-8HEWcnkbGpovH9yInoisxaSoIg9Brbul-Ju3Kqe2UsYDUBJD-iQjSgEj0zPcTDPKfPp2fs5xlv1i-JSye-m1-A-- <- import-modules 2.1.0
+ nodelite-2-8Ktj-prEb1RoCPkEOrPMYUN-nCggB7qAWe3a7OpMjWQkh3l2RD5wKRQ-o8Q8YuI9RG-xs95waaI-E6ym-7NsTw-- <- lowlight 1.20.0 (3.3.0 is available)
+ nodelite-2-8LS0JInaQMCRoQ7YUytAo-xUu5W2XnQxV2HI-6uM6U7CITS1RqPElr30V6uIqyMKM9lJGRVFy5-4CuzcixNYSg-- <- sentence-case 3.0.4
+ nodelite-2-8LzC5-bvI45BjpfXU8V5fdU2mfeKiQe1D1gIMn7XUlF3OTUrpdJpPPH4EMAnF0DsHHdSZqCdSss5qCmJKuiO3w-- <- sha.js 2.4.12
+ nodelite-2-8Mf2cbV7x1cXPUILADGI3wuhfqWvtiLA1iclTDbFRZkgRQS0NqsPZphna9V-HyTEadheuPmjaJMsbzKQFOzLug-- <- prebuild-install 7.1.3
+ nodelite-2-8Mz06azhPqiDlxhUaUTjBhNAbib-1MoPr89kgmuV6Ir8ICT2-Q-XSYg6VfL3fq2x8MpSQX8sqyI-NeZ5GsGyXA-- <- natural-compare-lite 1.4.1
+ nodelite-2-8N-vClYyfOH-l4fLkkr9-myAoR6M7akc8ntBJ4DJdWH2b09uVfr71-LTMpNyG19fNqWDg8KEDZhx5wxuqHyGjw-- <- @microsoft/tsdoc-config 0.18.0 (0.18.1 is available)
+ nodelite-2-8PvcXf70gTDZBgt9ptxJ8elBeBjcLOAcOtoO-mPJjtji1-CdGbHgm77om1GrsPxsiE-uXIpNSK64UYaIwQXd4Q-- <- @types/babel__traverse 7.28.0
+ nodelite-2-8Qi4nQcCTbLnK9WoMjdC9NiTG6-E38RNICU6sUNqK0QFxCYgoARqVqxdFmWkdonVsvGqWhmm7MO0jyTqLqwj0Q-- <- @esbuild/linux-x64 0.24.2 (0.28.2 is available)
+ nodelite-2-8QmQKqEASLd5nx0U1B1okLElbUuuttJ-AnYmRXbbbGDWh6uS208EjD4Xqq-I9wK7u0v6O08XhTWnt5XtEbR6Dg-- <- define-properties 1.2.1
+ nodelite-2-8QPrypskfBa7QIMuKHg2TA7BqES6vhBrDLOv8Unb6FcFyd3TjKbc6lcmb9UPQHxfl24sXoJ41ux-H7qQQvfaSQ-- <- @tailwindcss/aspect-ratio 0.4.2
+ nodelite-2-8QQikdH7--R2vurIJSutZ1smHYTcLpRWEOlHnzcWHmBYrOGUysKwSsrC89BCiFj3CbrfJ-nXFdJepOVrY1GCHQ-- <- prop-types 15.7.2 (15.8.1 is available)
+ nodelite-2-8QqtOQT5ACVlmsvKOJNEaWmRPmcojMOzCz4Hs2BGG-toAp-K38LcsMRyLp349glq5AzJbCEeimEoxaX6v-fLrA-- <- @svgr/core 8.1.0

Done in 1.6s
