Progress: resolved 1, reused 0, downloaded 0, added 0
Packages: +251
++++++++++++++++++++++++++++++++++++++++++++++++++++++++++++++++++++++++++++++++
Progress: resolved 251, reused 0, downloaded 250, added 250
Progress: resolved 251, reused 0, downloaded 251, added 251, done

dependencies:
+ nodelite-2-CaaE-nZh205ix-Up4xsnlGmpog5GGm81Upi2--SBHxwNwrccBb3K51LzjZ1U6hgvOlAEUsVWf1xSTzCyKpJ6-Q-- <- dagre-d3-es 7.0.6
+ nodelite-2-CAbnr6Rz4CYQkLYUtSNXxQPUH2gK8f3iWexVlsnMeD-GjlsQ0Xsy1cOX-mN3dtxYomRy21CiOzU8Uhw6OwncEQ-- <- http-signature 1.2.0 (1.4.0 is available)
+ nodelite-2-CC1bOL87PIWSBhDcTrdeLo6eGT7mCFtrg0uIJtqJUFyK-eJnzl8A1niH56uu7KMa5XFrtiV-AQuHO3n7DsHnLQ-- <- wildcard 2.0.1
+ nodelite-2-CCQBwJIvXMLKxVbO88IukazJD9a4kQ9ZN7-UMGBjBcJYvatpWk-9g870El4cB8-EJxfe-k-y0GmR9CAzkF-Nbw-- <- @smithy/util-hex-encoding 4.2.0
+ nodelite-2-CdTLvIOPiCNuH71pyDu3rA-Q0n65cmAbXnwWH84rKGiFumFzkmHNT8KHTMEchcxN-Kl8I54xGUhJ7l3E7X396Q-- <- @changesets/write 0.4.0
+ nodelite-2-CdzqowRJCeLU72bHvWqwRBBlLcMEtIvGrlvef74kMnV2AolS9Y8xUv1I0U-MNAWMhBlKIoyuEgoJ0t-bbwHbLQ-- <- loupe 3.2.1
+ nodelite-2-Ceh-7ox5qe7LJuLHoY0feh3pHuUDHAcRUeyL2VYghZwfpkNIy--8Ocg0a3UuSoYzavmylwuLWQOf3hl0jjMMIw-- <- binary-extensions 2.3.0
+ nodelite-2-CEtCOt55fHmd6DpBc-N7H5NC4vJpcquhzzs9Iw2mRj8bVxo1O5TQI5MXKOMO7-yBOqD-5dKCCRK4Kj1KskZc6Q-- <- parse-github-url 1.0.4
+ nodelite-2-CFjzYYAi4ThfiQvizrFQevTTXHtnCqWfe7x1AhgEscTz6ZbLbfoLRLPugTQyBth6f8ZERVUSyWHFD-7Wu4t1XQ-- <- debug 3.2.7 (4.4.3 is available)
+ nodelite-2-CFsHQgjtW1UChdXgbyJGtnm-O-uLQeZdtbDo8mfUgYXCHSM1wgrVxXm6bSyrUuErEb-4sYVGCzASBRot7zyrow-- <- buffer-alloc 1.2.0
+ nodelite-2-Cg-nQcL1BcoTijEWyx4mkVC56r8dj44bFDvBdygifuS20f3OZCHmFbjF34DPSi07kwlFvqfv-xOLnJ5DquxSGQ-- <- @typescript-eslint/project-service 8.50.0 (8.69.0 is available)
+ nodelite-2-Cg1JyRpCDIF-Dh3nauqygmmCYxogNVZDxSn-9PgkPD1HZ2QiJe4elruVJrGmYRS7muGmZ1hNJq8ySQdPv6GHaw-- <- @zxcvbn-ts/core 2.2.1
+ nodelite-2-Cg7TFGpIr01vOQNODXOOaGz2NpCU5gl8x1qJFbb6hbZxR7XrcE2vtbAsTAbJ7-xwJtUuJEw8K8Zr-AE0LHlesg-- <- babel-plugin-macros 3.1.0
+ nodelite-2-CHvD1nSYOuS-obxGy4u7KstqfN7PM1NG8jCx3LED-8nGshJM11PfzCeocGkLULUaiLg-N-1cGvh4AKX8NmAo9A-- <- @leancloud/platform-adapters-node 1.6.0
+ nodelite-2-CIbCTGGX5CI7tfewBPSYD9ycp2Vb2GW5xnXD1n7GcO9mu37EN7A6DvCHM9MX7pOeS1adMn5D-1yRwI3eABVbcA-- <- @smithy/hash-blob-browser 4.2.7 (4.2.9 is available)
+ nodelite-2-CiJJvcRtIgzadHCYXw7dqEnMNRjhGZlYK05Mj9OyktqV8uVT8fD2BFOB7S1uwBE3Kj2Z-4UyPmFw-Ixgw-LAlA-- <- @types/webidl-conversions 7.0.3
+ nodelite-2-CiyeOxFT-JZyN5m0z9PfXw4SCBJ6Sygz1Dpl0wqjlhDEGGBP1GnsUVEL0p63hoG1fcj3fHynXi9NYO4nWOL-qQ-- <- parseurl 1.3.3
+ nodelite-2-CJ0HCB5tL5fYTEA7ToAq5-kTwd--Borf1-bifxd9iT70QcXr4MRrO3Llf8Ifs70q-SJcGHFtnIE-Nw6giCtECA-- <- fault 1.0.4 (2.0.1 is available)
+ nodelite-2-CJ1QgKmNg3CwvAv-kOFmtnEN05f0D-cn9QntgNOQlQF9dgvVTHj3t-8JPdjqawCHk7V-KA-fbUqzZ9XWhcqPUg-- <- universalify 0.2.0 (2.0.1 is available)
+ nodelite-2-CJAN-O0-yA1CKfRn9SXOGctSpEM7DCon-r-5r2eXFMY2zCCJBasFhcM5I-1kh3Ap11FsQCX-vGHceNPvpWKhoA-- <- err-code 1.1.2 (3.0.1 is available)
+ nodelite-2-CL93wmloq5qsffmFv-bw24MIRbmhHrp53qoh1LDAb-5TtjWEXI-np4xcP-Gw9oWCb2XyWnqHYLDUwiKRoJBA1Q-- <- postcss-normalize-url 7.0.3
+ nodelite-2-Clya5JIij-7C6bRR22-tnGXbc4VKlibKSVj2iHvVeX5iMW7s1SIQlqu699JkODJJIhh-pUu8L0-VLh8xflD-LQ-- <- spdx-expression-parse 4.0.0
+ nodelite-2-CmBKiL6NNo-OqgmMn95Fk9Whlp2mtvIv-KNpQKN2F4SjvrEesubTRWGYSg-BnWZOnlCaSTU1sMpsBOzgbYhnsA-- <- @types/unist 2.0.11 (3.0.3 is available)
+ nodelite-2-CmcQ6uY7b9y694lKdRB8FEel7JbU-40iSAPomu--SjLMntB-2Leay2LO6i8VnJk58MtE9-nQSFIH6jpyRWyYzA-- <- @typescript-eslint/typescript-estree 5.62.0 (8.8.0 is available)
+ nodelite-2-CMgQFLGidYu6CAlY6S2Om2UZiTfZsjC6j4foXcZ0kb4cSmPomdJ2S1PhK0v3fwflGGVuVARGxwkEUWtccHapJA-- <- react-datetime 3.3.1
+ nodelite-2-Co2Y9wX854ts6U8gAAPXfn0GmAyctHuK8n0Yhfjd6t30g7yvKjspvvOo9yG-z52PZRgFErt7Ka2pYnXCjLKEpg-- <- babel-plugin-polyfill-corejs2 0.4.14
+ nodelite-2-COpmrF2NOg4TBWUJ5UVyaCU2A88wEMkUPK4hNqyCkqHbxT92BbvfjoSozkAIIm6XhicGlJHhFdullInrdhwU8Q-- <- hey-listen 1.0.8
+ nodelite-2-COROpnaoap1E2F000S62r6A60uHZnmlvomhfyT2DlTcrY1OrBKn2UhH7qn5wTC9zMvD0AY7csdPSNwKP-7WiQw-- <- aria-query 5.3.2
+ nodelite-2-CQOfddVp4aOvBfCepa-Kj2e7ap-2XBINg1Kn2osdE3oQvrD7KJu-K0sfnLcFLkgCJygbxmuazYdWLKb-drPDYA-- <- antd-style 3.7.1
+ nodelite-2-CSbhY4cFEJRe6-GQzIk5qXZ4Jeg5pcsP7b5peFSDpffpe1cqjASH-n9UTjBwOp6XpMSTwQ8Za2K5V02ueA7Tmw-- <- classnames 2.3.2 (2.5.1 is available)
+ nodelite-2-CUgTZL1irw8u29bzrOD-nH85jqyc74D6SshFgujOIA7osm2Rz7dYH77agkx7H4FBNxDq7Cjf-IjaX-8zwFW-ZQ-- <- ts-api-utils 2.1.0 (2.5.0 is available)
+ nodelite-2-Cvc9WUhxSMEo4McES3P7oK3QaXldCfNWp7pl2NNeiIFlCoLr3kfq9kb1fxftiwk1FLV7CvpvDfonxtzUDeSOPg-- <- jsdom 26.1.0
+ nodelite-2-CVvd6FHg1Z3POpBLxO6E6zr-rSKEQ9L6rZHAaY7lLfhKsWYUBBOuMs0e9o24oopj6H-geRCX0YJ-TJLBK2eHyQ-- <- array.prototype.findlast 1.2.5
+ nodelite-2-CvvS5S9WrXblFXCEJ9nVo-4z-eA7zSC7Z88V1HEJuwlQhlFnYTIjg1xJY-BCUiG2bvICap2tXii4mP22BD108Q-- <- postcss-discard-comments 7.0.8
+ nodelite-2-CWLcCCH7VLu13TgOH-r8p1O-Znwhqv-dbb6lqWy67G-pT1kHmeD--V36AVb-vq8QMIQwVShJ6Ssl5FPh0fuSdw-- <- spdx-license-ids 3.0.23
+ nodelite-2-Cx46iJ9QpwQTjIdq5VJu2QTMMs3QlEjI0x1QbBP5W1-nMzyc2XmimiRR-CbX9TO0cPTeUlxWMOu8mslYsJ8DEw-- <- @jest/types 27.5.1 (30.5.1 is available)
+ nodelite-2-Cxwpt2SfTzTtXcfOlzGEee8O-c-MmUgGrNiBcXnuWxuFJHe6a5Hz7qwhwe5OgaSYI0IJvkLqWX1ASG-cJOkEiA-- <- ansi-styles 5.2.0 (6.2.3 is available)
+ nodelite-2-CYcENa-FtcUKLmhhqyctpclsq7QF38pKjZHsGNiSQF5r4FtoKDWabFDl3hzaEQMvT1LHEysw5twgLvpYYb4vbw-- <- flat-cache 3.2.0 (6.1.7 is available)
+ nodelite-2-CYdFeFexxhv-Bcny-Q0BfOV-ltRlJcd4BBZBYFX-O0u4npJrgZtIcjokegtiSMAvlMTJ-Koq0GBCc--3bueQxw-- <- invert-kv 3.0.1
+ nodelite-2-CYiRhA4bWKemdYi-uwImjPxqWNpqGPNbEBdX1BdONALFIDK7MCUj6FPkzD-z9gJcvDFUQJn9aDVf4UG7OT6Kog-- <- @changesets/config 3.1.2 (3.1.4 is available)
+ nodelite-2-D-sdlJBMJfx7gqoj66PKVmhDDaU6TKA49ptcolxdas29X7AfvLTmfAGLjAcIMBK7UZ2o4lygHIqVckOlQU3xWw-- <- @azure/core-xml 1.5.0
+ nodelite-2-D-zkORCbA9f1tdWRK0RaCR3GPv50cMxcrz4X8k5LTSUD1Dkw47mKJEZQNunItRTkWwgtaUSo1RVFRIG9ZXiFYg-- <- proxy-from-env 1.1.0 (2.1.0 is available)
+ nodelite-2-D0VcalChDMtuRvJIu3U-fwWjf8ZMykz5iZsg77Nuj821vCKI3zCyRLwRdWbsuJ-uRwZhZ002QtCqIkwC-ZkvbA-- <- @babel/plugin-transform-class-properties 7.27.1 (8.0.1 is available)
+ nodelite-2-D1G4AUYGrBEk8vj8MGwf75k9GpN6XL3wg8i42P2jZZwFLXnlr2Pn7r9yuQNbaMCarP7ZQWNJbV6XLeysAIMhTA-- <- @changesets/read 0.6.7
+ nodelite-2-D1mvvtDG0L5ft-jGWkLpG1-m0eQxOfaBvTNELraWj22wSVUMWxZUvYgJYcKh6jGGIkJFhH4IZPQhR4TKpc8mBw-- <- yargs 16.2.0
+ nodelite-2-D2FR03Vir7FIu45XBY20mTb--ZSWB00sjU9jdQXt83gDrI4Ztz5Fs7-yy74g2N5SVQY4xY1qDr4rNddwYRVX0g-- <- os-tmpdir 1.0.2
+ nodelite-2-D2S-3GLxWH-uhrNEcoh-fnmYeP8E8-zHl644d-jdA0g2uyXvy3sb0qxotE-ne0LtccHknQzWwZEzhak7oJ0COQ-- <- isarray 0.0.1 (2.0.5 is available)
+ nodelite-2-D3MRIWXO5yF5c33B1DLh8yqWvJu4gaH9gaKUNeWIZMkwb--j2y-wOe1OB1dyoFvBw3aUCxYZQJJDZK02HOGrDQ-- <- search-index 4.0.0
+ nodelite-2-D4WIMaFtwa2NizOp-dnoFjRez-ClKiC2BqqImwKd1X28nqBtZEyCYJ2ozQrrzlxAFrcrjxo39S6khe9RNDlGzw-- <- @babel/plugin-transform-exponentiation-operator 7.28.5 (8.0.1 is available)
+ nodelite-2-D5J-kHaVb-wKSFcyyV75uCn8fiY4sV38XJoe4CUyGQ-mOU-fMVYUdH1hJC-CJQ5uY3EnW27SbJYS4X8BiLrAFg-- <- clean-css 5.3.3
+ nodelite-2-D5qGUYwjvnNNextdU59--fI-spnwtTFmyQP0h-PfIOSkNfpU6AOICUOkm4i0OnSk-NyjdPJrxCDro0sJsWlRpQ-- <- @types/jsonfile 6.1.4
+ nodelite-2-D6Eujc2zMxKjfa4Zxl4GHMsmhKKZ9VpcqIchJLvwTxad9zWIYulwYItBovpDOoNLISpcZSXoDJ5gaGbQUDqViA-- <- @babel/plugin-transform-react-display-name 7.28.0 (7.29.7 is available)
+ nodelite-2-D7eujBWkLa3p2sIpJA0d1pr7es-a7m0vFAnZLlCEKq-Ij2k0MLi9Br2UPxoxdYystm5K1yeBGzub0FlYUEWj2Q-- <- z-schema 5.0.5
+ nodelite-2-D8Z6Qm8jCvVXtIRkBnqNHX0zJ37rQcFJ9u8WOS6tkYOsRdHBzypCstaxWiu5ZIlqQtviRYbgnRLSoCEvjqcqbA-- <- babel-plugin-istanbul 7.0.1
+ nodelite-2-D9cPgkvLlV3t3IzL0D0YLvGA9Ahk4PcvVwUbN0dSGr1aP0Nrt4AEnTUbuGvquEC0mA64Gqt1fzirlRs5ibXx8g-- <- sprintf-js 1.0.3 (1.1.3 is available)
+ nodelite-2-DaDeUkXZKjdGhgYaHNJTV9pV7Y9B3b644jCLs9Upc3VeNGg6LWARAT6O-Q--COo-2gg-bM5rhpMAtf70WqfBdQ-- <- @csstools/css-parser-algorithms 3.0.5 (4.0.0 is available)
+ nodelite-2-DAPhYzTYrRcXdMjUtUjKvW9z-FNAMTdU0ORyMcbmkwYNbKocDpdk-PX1L1dQgOID--vVs1uBQ7ElrBQfZ0cuiQ-- <- mdast-util-gfm-strikethrough 1.0.3 (2.0.0 is available)
+ nodelite-2-DApq0KJbJOEzAFYjHADNNxAE3KbhxQB1y5Kplb5Waqw6zVbuWatSnMjE5gs8FUgEPmNsnZA3NCWl9NG0ia04Pg-- <- @jest/reporters 29.7.0 (30.2.0 is available)
+ nodelite-2-DCfg-T8fcrhrRKTPjRrw-5LLvdGV7BHySf-1LOZx7TzWZdYRjogNtyNq885z3nNallwr3QUKARjqvHqX1-7t-w-- <- micromark-util-types 1.0.2 (2.0.2 is available)
+ nodelite-2-DCXu6Ifhqcks7TZKY3Hxp3y6qphY5SJZmrWMDrKcERSOXWQdMhU9Ig-PYrzyw-ul9jOIyh0N4M0tbC5hodg8dw-- <- fast-levenshtein 2.0.6 (3.0.0 is available)
+ nodelite-2-DDfANUiiG2wC1qawP66qlTugJeL5HyzMpfr8lLK-jMQirGzNod0B12cFB-9q838Ru27sBwfw78-rdoU7RERz6A-- <- is-array-buffer 3.0.5
+ nodelite-2-De72GdQZzNTUBBChsXueQUnPKDkg-5A5zp7pFDuQAj5UFoENpiACU0wlCvzpAGnTkj--ihpKwKyYewn-XNUbKw-- <- whatwg-url 14.2.0
+ nodelite-2-DeSj6rUyptyv-dL31CBNBReWVUsFVmQWf-m3SRyPhIIVLKsNqvIg1g7fC5tdMqL-iYwffltxGvS9dA6e0Txu5w-- <- ai 5.0.252 (6.0.25 is available)
+ nodelite-2-DEvV2ZF2r2-63V-tK8hQvrR2ZGn10srHbXviTlcv7Kpzw8jWiNTqbVgjO3IY8RxrrOUF8VPMQQFysYYYv0YZxw-- <- prismjs 1.30.0
+ nodelite-2-DeWwawk6r5yR9jFgnDKYt4sLS0LmHJJi3ZOnb5-JdbYwj3nW-FxQnHIjhBKz8YLC7oRNPVM9NQ47I3CVx34eqQ-- <- emittery 0.13.1
+ nodelite-2-DF4XxB6H-Te79JA08-QF-IjIv-j-0gF990WlgAX3SXXU2irfqvBc-xxlAIh6eJWYaKz45MrrGVBFS0Qc4bBz5g-- <- git-repo-name 0.6.0
+ nodelite-2-DFx8xa3cZXTdb-k3kfPeaixecQLgKh5NVBMwD0AQxOzcZawK4oo1Jh9LbrcACUivsCA7TLG8eeWgrDXjTMhRmw-- <- @svgr/babel-plugin-transform-svg-component 8.0.0
+ nodelite-2-DfXN8DfhJ7NH3Oe7cFmu3NCu1wKbkReJ8TorzSAFbSKrlNaQSKfIzqYqVY8zlbs2NLBbWpRiU52GX2PbaBVNkg-- <- glob 10.5.0
+ nodelite-2-DG9pFfwOrzc-hawpmqX-dHYHJG-Bsdb0klhyi1sDneOgGOXy9wQIC8hzyVp1e4NRYDBdxcylvywPkkXCHAzTyQ-- <- css 3.0.0
+ nodelite-2-DgXrc-AZF47-HvAPEmn7Ua-1p10jNoVZVI-LoPiYdtY-OM--nG5yefLHKJwdKqY1adMuHFbeyBaG9j64ML7vTw-- <- react-syntax-highlighter 15.6.6
+ nodelite-2-DgZQp241c8oO6cA1SbTEWiXeoxV42vlcJxgH-B3hi1AiqqKruZR3ZGF8In3fj4--y-7rHvlOZLZtgJ-4ttYGZg-- <- is-hexadecimal 2.0.1
+ nodelite-2-Dh7l57ianaEoIpzbp0PC9UKAdCSVklD8E5Rpw7ETfbTl3FqcOOgq5q2LVDhgGCkaBv7p24JXikPdvhhmHvKMsw-- <- remark-rehype 11.1.2
+ nodelite-2-DhGl4xMVFGVIyMwswXeyzdL4uXD5OGILGX5N8Y-f6W7LhC1Ze2poSNrkF-fedpVDHEEZ-PHFW0vL14I-mm8K3Q-- <- @octokit/core 7.0.6
+ nodelite-2-DhuTmvZWux4H1UOnWMB3sk0sbaCVOoQZjv8u1rDoTV0HTdGem9hkAZtl4JZy8P2z4Bg0nT-YMeOFyVr4zcG5Tw-- <- sucrase 3.35.1
+ nodelite-2-Dj1Okke1C3uKKwQcetra4jSuk0DqbzbYtXipzFlFMZtowbF1x7BKJwB9AayVMyFARvU8EDrZdcax4At-452cAg-- <- style-search 0.1.0
+ nodelite-2-DJR-VvkAvSZW9bTouZue2sSxDwdTN92uHjqeKVm-0dAqdfNykRzQ95tay8aXMBAAPpUiq4Qcug2L7neoRh2Egw-- <- csstype 3.1.1 (3.2.3 is available)
+ nodelite-2-DjssxRGkMvifUOJre00juHoP9DPWuzjxKuMDrhNbk2TdaYYBNMStsNhEOt3idrtI12VQYM-1-iM0KOzXi4pxwQ-- <- vfile-message 2.0.4 (4.0.3 is available)
+ nodelite-2-DLIsRzJVBQu72meAKPkWQOLcujdXT32hwdfnkI1frSiSRMK1MofjKHf-MEx0SB6fjEFXL8fBDv1dKymBlOp4Qw-- <- camelcase 2.1.1 (8.0.0 is available)
+ nodelite-2-DlL-XwOy3NxAQ8xuC0okPgK46iuVNAK01YN7RueYBqqFeGsBjV9XmCAzAdgt-667bCl5kPh9EqKKDwnaPG1I7A-- <- normalize-url 6.1.0 (8.1.1 is available)
+ nodelite-2-DmdYgtezMkh3cpU8-1uyXakv3tJRcmcXxBOcO0tbaozPwpmh4YMsnWrQm9ZmZMfa5ocbxzbFk6O4bDPEc-iAnA-- <- @jest/schemas 30.0.5 (30.5.0 is available)
+ nodelite-2-DMxWJg0rnz7UgxKT0Q1HU-L9BeJI0M6ksor0OgqOnF-aRCDWg-N2641HmVyU9KVIu0OVVWOb2IpC9A-BJRnejg-- <- css-tree 1.0.0-alpha.37 (3.2.1 is available)
+ nodelite-2-DO--toKYPaFn0Z8hQ7Tx-3iT9t77IJo-nDiqTXilgEP-kPNIYdpS9kh3fXuc53ugqwp9pxC1PVjCpV1tQDyqMA-- <- @types/normalize-path 3.0.2
+ nodelite-2-DodISxHtdLKUghDYA-PGK4Qq350-CbBAkdvGLkBFSmWd9WKSg4dijgjB1IiRPTmsUCd-a7KYe-ILHtklYgQyzQ-- <- svgson 4.1.0
+ nodelite-2-DOSwCRqXirTOyheM-4d5YZOrWcdu0LNZ87ewUoywbcb2XR4wKgqiG8vNeYwhjFMbEkfju7wx2GYH0P2gevGvFw-- <- jest-environment-node 29.7.0 (30.2.0 is available)
+ nodelite-2-Dp6zGqpTdETdR63lehJYPeIOqpiNBNtc7BpWSLrOje7UaIsE5aY92r-AunQA7rsXvet3lrJ3JnZX29UPTKXyKQ-- <- pathval 1.1.1 (2.0.1 is available)
+ nodelite-2-DPe5pVFaAsinSaV6QjQ6gdiedWDcRCbUuiQfQa2wmWV7-xC9bGulGI8-TdRmoFkAPaBXk8CrAbnlY2ISniJ47Q-- <- run-applescript 7.1.0
+ nodelite-2-Dph0MzuH-rTQzGPNT9fAnrPmMmjKfST6trxJeK7NQuHRaVw24VzPRWTmg9MpcwOVQZO0E1FBICUlFeNaKPIfHA-- <- cacache 10.0.4
+ nodelite-2-DPi0FmjiSU5EvQV0--GFDOJ9ASQUVFh5kD-OzOnYdi7n3Wpm9hWWGfB-O2blfHcMVTL5WkQXSnRiK9makhrcnw-- <- diff 8.0.4 (9.0.0 is available)
+ nodelite-2-DpKm2Ui-xN7-HQKCtpZxoRWBhZ9Z0kqtygG8XCgNQ8ZlDnxuQmWhj566j8fN4Cu3-JmbhsDo7fcAJq4s9h27Ew-- <- validate-npm-package-license 3.0.4
+ nodelite-2-DpLKbNU4WylpxJykQujfCcwYWiV-Jhm50Goo0wrVILAv5jOr9d-H-UR3PhSCD2rCCEIg0uc-G-muBTwD54JhDQ-- <- globalthis 1.0.4
+ nodelite-2-Dqk7LQKpwLoH3VovzZnkzegqNSuAziQyNZUcrdDM401iY-R5NkGBXGmtO05-yaXQziALuPogeG0b7UAgjnTJTQ-- <- css-select 2.1.0 (6.0.0 is available)
+ nodelite-2-Dr3sfKRP6oTcjf2JmUmFJfeVMvXBdegxB0iVQ5eb2V10uFJUCAS8OByZdVAyVb8xXNz3GjjTgj9kLWsZTqE6kw-- <- chokidar 3.5.3 (5.0.0 is available)
+ nodelite-2-DRAdWfeh-TjmhLJsw91vdiWCnUod9iwvM7xyS02-nF-sLsCR3A8l3pztrSUrWG8DSBqfX7yEk9FM0USaVJ2mSg-- <- postcss-normalize-unicode 7.0.9
+ nodelite-2-DRyW6baWPqKMa9CzeiBjHwjd8XeAyco2Vt8XbcLFjiwCOEKOvy82GJ8QQnJE9ofsxCMPjH4MfH8fCWIHHDKpAQ-- <- @jest/reporters 30.2.0
+ nodelite-2-Ds09qNh8yw3khSjiJjiUInaGX9xlqZDY7JVryGxdxV7NPeuqQfplOpQ66yJFZut3jLa5zOwkXw1g9EI2uKh4Og-- <- define-lazy-prop 2.0.0 (3.0.0 is available)
+ nodelite-2-DS2tm5YBKhPW2PthrRBDr6eufChbwXe0NjtTZcYDfUCXf0OR-W6cIqyKguwHMJ-IyYdey30AfVw9-Lb5KB8U8A-- <- @aws-sdk/middleware-sdk-s3 3.947.0 (3.972.3 is available)
+ nodelite-2-DtCOLG98P007x7wiiOmfI0fi3eIKyWiLTGJ2MDnVi-E04lWGbf-JzrRHMm0rgIIZJGtHpKpbVgLWHrv8xXpc3Q-- <- detect-file 1.0.0
+ nodelite-2-DTcUc8qii-cpHvtOwggMtBRMjKZHXYWdw8syRYu2vtzuq4Wxphqq4NfCs5Zt44L6mA8rfDfj-PHnxFc-FeK6mQ-- <- @playwright/test 1.62.1
+ nodelite-2-DTg4MJbGMWkfi6VZFdNt2-caMbQy4Ou-Op-hJQvGEWcnVfoA1QA-xzRKAzw9jD6-GVOOeYr-mIcuDSdug6F6-w-- <- nanoid 3.3.18 (5.1.6 is available)
+ nodelite-2-DtN1Gj-yI0UiK18nSBsZX8RK0LszGwqfb-cBYWgE-ddyTm8dZnW4tPUhV7QXePsS6-A5hHC-JFpAAK7OEGo5ZQ-- <- @antv/g-math 3.1.0
+ nodelite-2-DuhvCtj4t9Gwrx80dmz2F4t-zKQ4ktN8WrMwOuVzkJfBilwAwGr6v16M5eI8yCuZ63H9TTuEU09Iu2HqkzFPVQ-- <- @next/env 14.2.35 (16.2.0-canary.9 is available)
+ nodelite-2-DUNFN5j7Tln0D-TxzloUjKB-CtVu6myn0JEFak6dG18mNt9YkQ6lzGCdafwofISZ1lLF3xRHJ98VKy9ynkcFaA-- <- iferr 0.1.5
+ nodelite-2-DuRs1gKbBqsMKIZlrffwlug8MHkcnpjs5VPmL1PAh-mA30U0DTotfDZ0d2UUsXpPmPmMMJ6W773MaA3J-lbiWA-- <- strip-ansi 5.2.0 (7.2.0 is available)
+ nodelite-2-DUWJr3-ULp4zXmol-SZkFf3JGsS9-SIv-Y3Rt93-UjPpDpklB5f1er4O3POIbUuUJ3FXgqte2Q7SrU6zAqwk8w-- <- path-is-inside 1.0.2
+ nodelite-2-DvEy55V3DB7uknRo-4iOGT5fP1slR8wQohVdknigZPMpMstaKJQWhwiYBACJE3Ul2pTnATihhBYnRhZQHGBiRw-- <- statuses 2.0.2
+ nodelite-2-DVhcFSQ8YQnMNW34Mk8BSsfc61iC1sAnmcfYoXTAshYHuU50p-6b7x3QYaGctDNKWGvi1ub7mPcSY0bK-aN0qg-- <- @antv/algorithm 0.1.26
+ nodelite-2-DVj4CQIYYow0BlaelwK1pHl5n5cRSJfM60UA0zK891sVInoPri2Ekj7-e1CT3-3qxXenpI-nBBmQAcJPJgaj4w-- <- fast-glob 3.2.12 (3.3.3 is available)
+ nodelite-2-DwuEqgXFBwbmZSRqt3BpQigWNUoqw9Ml2dTWdF3B2zQlQX4OeUE0zyuzX0fX0IbTvjdkZbcBTU3idgpO78qkTw-- <- array.prototype.reduce 1.0.8
+ nodelite-2-DwzsA04LQ10FHTZuL0-grVDk4rFoVH1pjAToYwBrHSxcrBIGQuXrQMtD5U1b0U2XVgKZCTLLP8u2Qxqhy3l2Vg-- <- is-alphabetical 1.0.4 (2.0.1 is available)
+ nodelite-2-DX6CIgiBWNpJIMGFO8BAISFkxiuKitoizooj4BDyee8-SnBn0zwO2FHrNDpqqepj0E-TFTDpmEBCyFuTgC7MOg-- <- rc-drawer 7.3.0
+ nodelite-2-DX8nKgqcGwsc0eJSqYt5lwP4DH5FlHnmuWWBRy7X0NcaGR0ZtuyeESgMwTYVEtxmsNGY-qit4QYT-MIYTOTPeA-- <- @xtuc/ieee754 1.2.0
+ nodelite-2-DXgG0kkgJN45TcyoXL49vJnn55LehnrmoHc7MbKi-QDBvr8dsesqws8UlyIWGHMR-JXgxc1nvY-jDGMlycsUcw-- <- use-merge-value 1.2.0
+ nodelite-2-DxjtyzOHjObRM-sM1knti6or-eOgcGU4xVSb2HNP1TqO4ahsT-rqZg-nyqHWJSvWgKC5cG3QjGFBqxLghiF-Ig-- <- jest-get-type 25.2.6 (29.6.3 is available)
+ nodelite-2-DXtD3ZtEQzc7M8m4cXotyHR-FAS18C64asBYY5vqZexfYryNNnDc02W4hKg3rdQuqOYas1jkseX0-nZXjTXnvQ-- <- underscore 1.13.8
+ nodelite-2-DyFP3BM-3YHTQOCUL-w0OZHR0lpKeGrxotcHWcqNEdnltqFwXVfhEBQ94eIo34AfQpo0rGki4cyIiftY06h2Fg-- <- get-caller-file 2.0.5
+ nodelite-2-DyMjHmpkS2-xcFNtyN00apJYL3ESdp9fTrkDr5-9Qg-GPqFmcWgGsK1akZnttE1XFxJ-VMy4DNNGMGYtmFp1Sg-- <- bubblesets-js 2.3.4
+ nodelite-2-DZ-oLP21ZuWx1vKqnoNv6-tvEK48AQOBRai40CX9dTjGluvT-YZCyY3rryDtyUqCEoyNroy5KKPwX2iQCiRvyw-- <- @babel/plugin-transform-literals 7.29.7 (8.0.1 is available)
+ nodelite-2-Dz2PLp9ZSEhwYkQq02j7Tseq8DxUYmw9btrPpf4kk9jL4JnwlkOj3WyGuidUS-rNL-Caz4rKw4mh-NDlDMP4hw-- <- @umijs/ast 4.7.13
+ nodelite-2-DZLEEqFWQFiyK6h5YIeynKx7JlvCYWL0cImfSRXZ9l4Sg2efkFGTuFf6vzXjK1cq6IYkU-Eg-JizXw-TD2vRNw-- <- @humanwhocodes/config-array 0.13.0
+ nodelite-2-DZZZBvC7sjcYh4MazJSGiWMI2L7E0oCiRHREDzIxi-M2LY79-21iXt6aPLHge82wi5LsuRF5A06Ds3-0mlh6CQ-- <- @smithy/is-array-buffer 4.2.0
+ nodelite-2-E-iruNOY8VV9s4JEbe1aNEm6MiszPRr-UfcHMz0TQh1BXSxHK-ASV1R6W4HpjBhSeS-54PIsAMCBmwD06LLsqQ-- <- JSONStream 1.3.5
+ nodelite-2-E-VlAEzRrsLEb2-dv8yp3bo4scof3l9nR4lrld-Iy5NyVqgVYUJnDAmunkhPMisRI32Qc4iRiz425d8vM--2fg-- <- babel-preset-current-node-syntax 1.2.0
+ nodelite-2-E-XQCRwSbaaiChtv6k6Dwgc-bx-Bs6vuKJHHl5kox-BaKbhiXzqQOwK4cO22yElGp2OCmjwVhT3HmxgyPGnJfQ-- <- buffer-from 1.1.2
+ nodelite-2-E0eIbrFWUhwfXJmsbdjRQFQPrl5pTEoKlz163j1mTqqUnU9PgR4AgB8AIITzuB3vLBdxZXyZ9TDIrwB2OASz4g-- <- humps 2.0.1
+ nodelite-2-E1B35FwzXXTs9FHNK6bDszs7mtydNi5MIfUWpceJ8Xbfb1gBMscAnwLbEu-B44ed6W3XjL9-ehLPHR1fkf1KLQ-- <- @vitest/spy 2.1.9 (4.0.7 is available)
+ nodelite-2-E4t-V-q2T46RY21fpfznd1iSLTvCXKNKo4zJ1QuEFN4SE9gKfu2vb6bgq35LpufkQ-SETWIC7ZAf2GGvTlBaMQ-- <- @smithy/invalid-dependency 4.2.6 (4.2.8 is available)
+ nodelite-2-E5LDX7Wrp85Kil5bhZv46j8jOeboKq5JMmYM3gVGdGH8xFpPWXUMsNrlODCrkoxMEeNi-XZIwuRvY4XNwYMJpw-- <- setprototypeof 1.2.0
+ nodelite-2-E85pfNzMQ9jpKkA7-TJAi4TJN-tBCuWh5rUcS-sv6cFi-1q9LYDwDI5dpUL0u-73EElyQ8d3TEaeW4sPedBqYA-- <- update-browserslist-db 1.2.2 (1.3.2 is available)
+ nodelite-2-E8lTAYNB1KW-FH-VGJuZM1ioAx2E6oVlvQFRrf5P8ZZmsiJXYAD9vTFV7yyEURNzgh1dFqMZuO6tUwcARbqFCA-- <- @babel/parser 7.29.8 (8.0.4 is available)
+ nodelite-2-Ea-diGcw0twB5IlZPO5sgET6fJsLJqPABqTuFWIR-iMPGPZJkATEIWx0wa-aEQ5UY1CBQyP-gkAiLEqn1vBiQA-- <- @babel/plugin-transform-object-super 7.29.7 (8.0.1 is available)
+ nodelite-2-Eb4ELAC23bEQLJmUMYnPWcjD3FZIsmz2svDiXEcxRkQU9r7NRID7pM7C5NPH94wOfiCk0b2Y8rVyFXW0lGQwbA-- <- @aws-sdk/middleware-expect-continue 3.936.0 (3.972.2 is available)
+ nodelite-2-EbcsWawNmcaBjMe-23vWOiK7VcdyZtnBAd4ci019yReDDIK-KUsm-n54W7Tk7joIt9bwgV1UrFaoe3n7wdetVA-- <- @aws-sdk/client-cognito-identity 3.952.0 (3.975.0 is available)
+ nodelite-2-EbDKwO9GpfWP4jN9sGdYwPBU0kdomaPIL2Eu4YwmgP-sJeXT-L7bMwJUBnhzfH8Q2qMBqZ4fJwpCyYsAN3mt2Q-- <- @svgr/hast-util-to-babel-ast 8.0.0
+ nodelite-2-EcmOpxsZ96CvlP03NghtH1EsLtr0n9Tm4lPUJUBccV9RwUOneqSycg19n5HGzCf-10LozMRSObtVr3ee1WoHtg-- <- mdast-util-mdxjs-esm 2.0.1
+ nodelite-2-EcR6r5a8bj6pu3ycsa-E-cKVGuTgZJZdsyUYHOksG-UHIiKfjxzRxYJpyVBwYaQeOvghal9fcc4PidlgzugAQg-- <- clsx 1.2.1 (2.1.1 is available)
+ nodelite-2-EdDDZu4A2OyIK7Lr-2zG-w5jmbuk1DVBnEwREQvBzspBJkCEbRa8GxU1lghYcaGJCnRWibjDXlq779X1-y5xwg-- <- indent-string 4.0.0 (5.0.0 is available)
+ nodelite-2-Edep-X9fGqVNmzKBVsDYIOtD-z1tuezV70LBjdCst9Tqu76lsnvRiZ6oTic1n--BIwX6QDGAO94PN4N2SADvtw-- <- brace-expansion 1.1.18 (5.0.9 is available)
+ nodelite-2-Eet-eeMhkO6TX8mnUteS9zgPbUMQa4I6Kkp5ORiBD5476-m-PIRiumP5tmh5ioJpH7k51Kehawy2UDfsnxxY8Q-- <- tiny-case 1.0.3
+ nodelite-2-EFmR5zppdBp0WQeDVZ-b66CWJipB2q2VLNFMabzDSGR66Z2fQii83G5gTBbgGEnEEA0QRussvrFHxk1HWGJskw-- <- remark-rehype 10.1.0
+ nodelite-2-Egb0oFEga6f-nSgasH3E0M405Pzn6y3-9tOVanv-DLfa1YBIgcv90L18YyWnvXkRbIM17v5Kv6IT2N6g1x5tvQ-- <- webfontloader 1.6.28
+ nodelite-2-EGI2te5ENk1coGeADSIwZ7G2Q8CJS2sF120T7jLw4xFw9n7wIOXHo-kIYRAoVpJAN-kmqZSoO3Fp4JtoNF4ReA-- <- @rollup/plugin-json 6.1.0
+ nodelite-2-EHcyIPBQ4BSGlvjB16k5KgAJ27CIsHY-2JBmCRReo48y9rQ3MaUzWX3KVlBa4U7MyX02HdVj0K7C3WaB3ju7FQ-- <- buffer 5.7.1 (6.0.3 is available)
+ nodelite-2-EIHvdY5bPLuWForiR-AN2Bxngzpuwn1is4asboytXtpTgsArc-WmSJKVLlhdh71u7jFcryDqB2A8lQvj78MkyQ-- <- tabbable 6.3.0 (6.4.0 is available)
+ nodelite-2-EISGqt7sSNWHGI76hC7x1CksiXPahbxEOrC5RjmFRJTqLyEK9-9hZvBbiYn70dw4wuwMKiEMCUlR6ZXTSWQqxA-- <- @emotion/serialize 1.3.3
+ nodelite-2-EjePK1srD3P08o2j4f0ExnylqRs5B9tJjcp9t1krH2qRi8CCdsYfwe9JgSLurFBWwq4uOlipzfk5fHNvwFKr8Q-- <- diff-sequences 29.6.3
+ nodelite-2-EKN1vKAMcZ8MlYMpaNuxN6R9yakzH6uajHcHVTqWJzvu5pWw9DyhbP35HH8MVBQ-dZjAfDxk-A8NiR9KWaXiyQ-- <- eventsource-parser 3.1.1
+ nodelite-2-Elp-iwUx5rN5-Y8xLt5-GRoG20WGoDCQ-1Fb-1LiGtvwbDavuSk0jhD-eZdckHAuzcDzccnkv-rEjyWfRx18gg-- <- @adobe/css-tools 4.4.4
+ nodelite-2-ElU8v92QJ9UrYsKrxDIKCxu6PfNj4Hdcktcn0JX12zqNdqWHB0N-hwOnnBBXvjLd2vApZtuLUGs1QSY-MsXoNA-- <- jest-environment-node 30.2.0
+ nodelite-2-EmKO5V3OLXh1rtK2wgXRansaK1-mtVdTUEiEI0W8RkvgT05kfxaH29PliLnpLP73yYO6142Q72QNa8Wx-A5CqQ-- <- data-view-buffer 1.0.2
+ nodelite-2-EnwXhrlwXMk9gKu5-flx5sv-an57AkRplG3hTK68W7FRDN-k-OWBj65M7719OkA82XLBxrcX0KSHj-X5COhOVg-- <- semver 7.6.0 (7.8.5 is available)
+ nodelite-2-Ep0-yISRWOOv2ZtSBjgnJ7wGKQZ2pqh-2xWxu7R2YqwbTk2Zteuuvassn7hGieaalti37ecyi9dIkUZZQL8uGg-- <- @udecode/plate-core 48.0.5
+ nodelite-2-EPD5q1uXyFxJpCrLnCc1nHnq3gOa6DZBocAIiI2TaSCA7VCJ1UJDMagCzIkXNsUYfD1daK--LTEQ8xiIbrHtcw-- <- util-deprecate 1.0.2
+ nodelite-2-EqhiFU6daOA8kpjOWTL0olhVOF3i7OrFzSYiGsEMB8GcXS-RrzauAERX65xMeNWVqxA6HXH2m69Z9LaKKdisfg-- <- whatwg-fetch 3.6.20
+ nodelite-2-EQsFzMUJkCKGr1ePqlYADkIUmHW1s3ZXr5Yqy6wbGrfUCphpl2maM-kyOIRA2HpP3AaFQTZXD4ldjek-nccddA-- <- fs-extra 11.4.0
+ nodelite-2-EriSTlt5OC9-7SXkRSCAhfSxxoSUgBm33OH-IkwbdpgoqsSsUg7y3uh-IICI-Qg4BBWr3U2i39RpmycbxMq4ew-- <- @eslint-community/regexpp 4.12.2
+ nodelite-2-ERNhMg-i-XgDwPIPF3u24qpajVreaiSuvpb1Uu0jugw7KKcxGyCX8cgp8P5fwTmAuXku6beDHHECdKArjlg7tw-- <- is-installed-globally 0.1.0 (1.0.0 is available)
+ nodelite-2-ESAc-RJvGTFEzRwOTT4-lNDk-GNHMkKbNzsvT0qKRfDyyYTskxB5rnU2njIDYVxXCBHHEI1c0YwHob3WaYujOg-- <- babel-plugin-jest-hoist 29.6.3 (30.2.0 is available)
+ nodelite-2-EsBwpc7hBUJWAsNPBmJy4hxWx12v6bshQsldrVmjxJoc3isbxhOrF2IcCpaXxfvq03NwkI7sbsOLXbYuqF-8Ww-- <- @emotion/weak-memoize 0.3.1 (0.4.0 is available)
+ nodelite-2-ESpb2Tajlatgbmzzukg6zyAhH-sICqJR2CNXNhXcEbz6UGCQfrKCtkxOpJTftWc8RGouroHG0Nud1SJAszvpmA-- <- @rushstack/node-core-library 5.19.1 (5.24.0 is available)
+ nodelite-2-ETBauow1T35Y-WZMkio9jiM0Z5xjHHmJ4XmjZOq1l-dXz3lr2sRn87nJy20RupqSh1F2m3HHPSp8ShIPQJrJ3A-- <- encoding 0.1.13
+ nodelite-2-EtkOujbc4cgvb0mlpQefi4NTPBzhSIevblFevACNLUspmrALgmEBdL-XfnyyITfd8fKBZrZys92zOWcik7j9Tw-- <- @babel/plugin-transform-unicode-sets-regex 7.27.1 (8.0.1 is available)
+ nodelite-2-EtKwoO6kxCL9WO5xipiHTZlSzBm7WLT627TqC-uVRd0HKmq8NXyebnNYxDoBi7wt8eTWrUrKXCOVaFq9x1kgag-- <- graphemer 1.4.0
+ nodelite-2-ETltO2FRR-Pxc7bsgz2XwuzWSPwafl7-v5-5Rria4S579CTas7dya-xsmbkix0q1tYQiuRjVVdfGnCKlH-aOuQ-- <- prettier-plugin-two-style-order 1.0.1
+ nodelite-2-EtU0Hi3GvrTqD56xKmZvV-uCXK2ZbwVNPNLAquVItcAZpUhkXwWlo3Fmj0c2LxgSf2I8IDULeAepwNP1OefLXg-- <- @babel/plugin-proposal-decorators 7.29.7
+ nodelite-2-EuE8L19PBFE3vB1fL4Orv-rFpnZ6nAP2gM-6bPl1GFNWA4jvTSYtdT-NePhEWsj-g5Ry7JWR8Lhb-NUE8aJSUA-- <- @umijs/zod2ts 4.7.13
+ nodelite-2-EuEzTWSTAj9PA5GOAs992GzNh2dGQO52UvAbtSOMvXTxv3Criqb6IOzJUBCmEqrrXSblJIJBbFFv6zPxpreiJw-- <- micromark-util-encode 1.1.0 (2.0.1 is available)
+ nodelite-2-EUkvKjqPFUAZyOlhY5gzCxCeI0Aep04LwIRpsZ-mLFelJiUfnK56jo5JMDSE7yyP2kLSb6LtF-S5chMk7uqPqw-- <- d3-shape 1.3.7 (3.2.0 is available)
+ nodelite-2-EV3L1-UQWGor21OmnvojK36mhg-TyIKDh3iFBKBohr5xeXIhNBcx8oWdgkTEEQ-BEFFYdLRuqMfd5L84N1V5Vg-- <- shebang-command 1.2.0 (2.0.0 is available)
+ nodelite-2-EvGK8EJ3DhaHfbRlETOWAS5pO9MZITeauHKJyb8wyajUfQUenkIg2MvLDTZ4T-TgIcm3HU0TFBgWWboAZ30UHg-- <- xml-name-validator 5.0.0
+ nodelite-2-EVm-rR94FJTZi3zefZ82fLWab-GX14LJN4HrWBcuo6Evmsl9hEfnqxgcHCKb9q-mNf6EVdsjx-qucYFIIB84pg-- <- lower-case-first 2.0.2
+ nodelite-2-EWFL516nP4JAyBtFuJ9B899jT1i49njNbCch3zhpDRcV0dQjA1vgPkKLZWQVyJF8LGVX2avu0z7H6aT6cU7ZdA-- <- @udecode/plate-normalizers 48.0.0
+ nodelite-2-EwhOpyXiOEL-lKzHz9AW1msWFNzGc-z-LzeB3-jnFJpxu-th2yqvzsSWas1v9jgs9-xiXJcD5A8CJxAG2TaghQ-- <- better-sqlite3 11.10.0 (12.4.1 is available)
+ nodelite-2-EwMkYchxiDiKUhlJGzWsD9b2zvq-r2SSubcRrgP-jujMXFzqvANLt16lJANC-5uZ6hjI7lpRmI6O8JIl-8l1KA-- <- postcss-nesting 10.2.0
+ nodelite-2-EykJT-Q1KjTWctppgIAgfSO0tKVuZUjhgMr17kqTumMl6Afv3EISleU7qZUzoXDFTAHTDC4NOoG-ZxU3EvlMPQ-- <- has-flag 4.0.0
+ nodelite-2-Ezda85ToJUBhM6WGaG6veasyym-Tbs3cMAw-ZhOPqXiYsr0jgocBV3j3nx-4lk47plLlIqjwuTm-ywVI-zjJ-A-- <- markdown-table 2.0.0 (3.0.4 is available)
+ nodelite-2-EzlvzE6xQUBrZuuhSAFTdsr4P2bBBHGZwKFemEfq8gIGyIQCxalYfZW-T2ORbtQx5rU69o-WycP3exY-7T1hGA-- <- @ant-design/react-slick 1.1.2
+ nodelite-2-F-1DnUGPopORZi0ni-CvrCgHQ5FyEAHRLSApuYWMmrbSwoN2Mn-7k-Gl38gJnR7yyDZk6WLXwiGod1JOWNDKGw-- <- he 1.2.0
+ nodelite-2-F-i2BKsFrH66iaUFc0woD8sLy8getkwTwtOBjvs56Cx4CgJDeKQeqfz8wAYiSb8JOprWhHH5p77PbmYCvvUuXQ-- <- is-docker 2.2.1 (3.0.0 is available)
+ nodelite-2-F-M1tLhO-mlQaOWspE8Wstg-z6PwxwRd8oQ8IXceWz92kfAmalTRf0EjrouQeo7QssEPfCn05B4Ihs1K9WQ-7w-- <- @radix-ui/react-arrow 1.1.7
+ nodelite-2-F-TKATkzseUExPlfvmwQKGITM3DGTK-vkAsCZoDc5daVygbJBnjEUCbgkAvVFsgfXfX4YIqZ-27G3k3tdXrTxQ-- <- array.prototype.findlastindex 1.2.6
+ nodelite-2-F26gjC0yWN8uAA5m5Ss8ZQf5nDHWGlN-xWZIh8S5SRbsEKBovwZhxGd6LJlbZYxBgCYOtreSUyb8hpXyGC5O4A-- <- jest 30.2.0
+ nodelite-2-F2JHgJQ1iqwnHDcQjVBsq3n-uoaFL-iPW-eAeL7kVxy-2RrWaN4WroKjjvbsoRtv0ftelNyC01bjRhn-bhcf4A-- <- proxy-from-env 1.0.0 (2.1.0 is available)
+ nodelite-2-F2X8g9P1X7uCPZMA3MVf9wcTqlyNp7IhH5qPCI0izhaOIYXaW9L535tGA3qmjRzpH-bZczqq7hVKxTR4NWnu-g-- <- express 4.22.1 (5.2.1 is available)
+ nodelite-2-F3asv42UuXchdzt-xXqfW1OGlVBe-mxa2mqI0pg5yAHZPvFmY3Y6drSf-GQ1A86WgWEN9Kzh-WrgKa6iGcHXLg-- <- pend 1.2.0
+ nodelite-2-F3PH5k5juxom4xktynS7MoFY-NUWH5LC4CnH11YB8NPew-HLpmBLCybSAEyb2F-4pRXhuhWqFesoQd6DAyc2hw-- <- boxen 8.0.1
+ nodelite-2-F6bEyamV9jKGAFBEmlQnesRPGOQqS2-Uwi0Em15xenOxHaf2hv6L8YCVn3rPdPJOiJfPiCnLIRyvwVaqMY3MIw-- <- @types/prop-types 15.7.15
+ nodelite-2-F6yTRuc06xr1h5Qw-ykb2LuFynJ2IxkKfCMf-1xqPffkxh0S09Zc902XCffcsw-XMFq-OzQ1w54fLIDtmRNHnQ-- <- stylelint-config-recommended 3.0.0
+ nodelite-2-F8gPlqpP-HwRPMO-8uOu5wjH110-6q4cgJvgJT6vlpy3BEaDIKlTZrgHKZSp-i1InRpVfh4puY-kvL6MxK930A-- <- d3-octree 1.1.0
+ nodelite-2-FagtKFz74XrTl7y6HCzQpwDfXP0yhxe9lHLD1UZxjvZIcbyRz8zTFF-yYNfSfzU414eDwZ1SrO0Qvtyf-wFMQg-- <- @humanwhocodes/config-array 0.5.0
+ nodelite-2-FBGWi7dP2hpdi8nBoWxSsLvBFewKAg0-uSQwBaof4Y4DPgBabXgpSYC5-lR7VmnIlSpASmCi-ntRWPbv7089Pw-- <- jest-validate 30.2.0
+ nodelite-2-FC-lgizVPfie0kkhqUScwRu1O-lF6NOgJmlCgK--LYxDCTk8sGelYaHDhFcDN-Sn3Cv-3VSa4Byeo-IMCzpMgQ-- <- slice-ansi 5.0.0 (7.1.2 is available)
+ nodelite-2-FCLHtRD-gnpCiCHEiJLOwdmFP-wzCmDEkc9y7NsYxeF4u7Btsn1ZuwgwJGxImImHicJArLP4R0yX4c2KCrMrTA-- <- side-channel-list 1.0.0 (1.0.1 is available)
+ nodelite-2-FCxlKLNGknS5ba-1lmpYijMUzX2esxW5xQqjWxw2eHFfS2MSdaHVINFmhjo-qN1WhZhNimq0dZATN9pH0IDrpA-- <- remark-parse 11.0.0
+ nodelite-2-Fd4gABb-ycGAmKou8eMftCupSir5lRxqf4aD-vd0cD2qc4HL07OjCeuHMr8Ro4CoMaeCKDB0-ECBOVWjTwUvPQ-- <- is-path-inside 3.0.3 (4.0.0 is available)
+ nodelite-2-FdHjjn-Ht5Z2ZRjNOmeCbNq6lq09sUYKpmlF-Aq0XjVNSLTL6fmHlA-3swN2wP2caY9GV-tjSDcIIyS7aN7W0A-- <- postcss-normalize-whitespace 7.0.3
+ nodelite-2-FdSNcu2QQcWnM2VNvSCCDCVS5PpPqpzgFT8-GXzqJuoDd0CBncxCY278u4mhRO7tMgo2JjgJA5aZ-nWSQ-Z-xg-- <- graphql-tag 2.12.6
+ nodelite-2-Fdx-tv6x1zlkJPcWXmMDAG2HBnaR9XPSd5aDWQVsfrZmLVT3lU1cwyxLgRmXR9yrq4NBoEm9BMsfgFzTQAbJYA-- <- @jest/test-result 29.7.0 (30.2.0 is available)
+ nodelite-2-FE8aCmS5Q6eQYcV3gI35O4J789wlQA-7JrqTTpJqn5emA4U2hvwJmvFRC0HODS-3Ye6WioDklgd6scJ3-PLnEA-- <- @webassemblyjs/helper-numbers 1.13.2
+ nodelite-2-Fedw0aZvkhynoPYlA5WXrMCAMm-nSWdZt6lzJQ7Ok8S6Q-VsHmHpRWndVRJ8Be0ZbkfPc5LRYH-5XrzXcEeLRQ-- <- use-sidecar 1.1.3
+ nodelite-2-FFq0lNI0ax-n9IWzWpH8A4JdgYiAp2DDYIZ3rsaav8JDe8I-72CzK6PQW-oom15YDZpV5bYW-9INd6nIJ2ZfZw-- <- make-fetch-happen 2.6.0 (9.1.0 is available)
+ nodelite-2-FFQQyu7edu4ufvIZ-OadFpHHOt-eSTBaYaki44c-akjg7qZg9oOQeLlk77F6tSYqjDAFClrHJk9tMf0HdVyOvA-- <- @aws-crypto/sha256-js 5.2.0
+ nodelite-2-FFw039TmrBqFK8ma-7OL3sDz-VytdtJr044-QUJtH0wK9lb9jLq9tJyIxUwtQJHwar2BqtiA4iCWSwo9JLkzFg-- <- pretty-bytes 5.6.0 (7.1.0 is available)
+ nodelite-2-FGgH2h8zKNim9ljj7dankFPcICIK9Cp5bm-c2gQSYePhpaG5-esrLODihIorn-Pe6FGJzWhXQotPv73jTaldXA-- <- es-object-atoms 1.1.1 (1.1.2 is available)
+ nodelite-2-FGuPw30AdOIUTRMC2OMRtQV-jkVj2cfPqSeWXv1NEAJ1qZ5zb1X6z1mFhbfOB-iy3ssJCD-3KuZ8r8C3uVFlAg-- <- jsonfile 6.2.0 (6.2.1 is available)
+ nodelite-2-Fh0096NC3ZkFx05EP2OXCxJAREVxj1BcW-i6EWqqymcgYKWjyyDpral3fMxVcHXg6oZM7iULer9wGRFvfpl-Tg-- <- jest-circus 30.2.0
+ nodelite-2-Fh9rGN0MoI4ZFUNyfFVNU4y9LUz93u9-0K-yLgA2bwRojxM8JU1DyvvMBabnZPBgMWREAJvU2jjVzq-LrFUglw-- <- @radix-ui/react-collection 1.1.7
+ nodelite-2-FHcKFCZcAha3LwfVBhCQbW2nCNbkZXn7KVUJcsT5-P8YmfsVja0FMPJr0B903j-E69HUphKiV9iQArX8SDYA4w-- <- css-line-break 2.1.0
+ nodelite-2-Fhg21NruxSxYaQETXTSa9guTI9XlUE7M3Kjz8iFh3ihnMKkuUGlL8P8Gn5CQ8O-WWiFPqskoE82TPhqMAIup5Q-- <- @antv/g-webgl 2.1.1
+ nodelite-2-FHKL4w4S5fdt1KjJCwB0178WJ0evnyyQr5kXTM3wrOVpytD0hrkvd-AOOjU9Td8onOejCkmZ-HQRT3CZ3coHHQ-- <- mdast-util-frontmatter 0.2.0 (2.0.1 is available)
+ nodelite-2-FIBA7N3LZ-223U7cJDUYd5shmciFQlYkFXlkKVaHsCPgfVLiO-e12FmQE6Tf9vuyEsFe3dIl8qGWKXgEHL9wmQ-- <- @shikijs/langs 1.29.2 (3.22.0 is available)
+ nodelite-2-FII08DFM4ABh2q5rPYdr0hMtKXRgeZazvXaFYCs7J7uTcWDHUhczab2qOCJLNDugoj8jFag1djb7wS9ehaRYBg-- <- @antv/util 3.3.11
+ nodelite-2-FIqgj2EUvTa7R50u0rGsyTftzjYmv-a3hO345bZNrqabNqjtgiDMgmo4mkUjd-nzU5oF3dClKqFIPUKybUyqoQ-- <- querystringify 2.2.0
+ nodelite-2-FisOhG87cCFqzCgq6FUtSYsTMOHCB-p28zJbSN1QBo4ZGJfg9PEhMjdIV--NDeOnloUUe0Gz6jwBV-L1Ac00Mw-- <- @types/atob 2.1.4
+ nodelite-2-FJ3UgI4gIl-PHZm53knsuSFpE-nESMr7M4v9QcgB7S63Kj-6WqMiFQJpBBYz1Pt-66bZpP3Q7Lye0Oo9MPKEdg-- <- deepmerge 4.2.2 (4.3.1 is available)
+ nodelite-2-FJhYRoDaiatfEkUK8HKlicmu-3SGFD51q3itKDGoSTysQJBnfOcxU5GxnhE1E6soB76MbT0MBtnKJuXyAx-96Q-- <- get-nonce 1.0.1
+ nodelite-2-FkBMwD-qbGQeMu1cOHnuGB6x4yzPjho8ap5WtbEJ26umhgqVXbhekKUQO-hZEL1vU92a3wHwdp0HAcqAUF5iDg-- <- @radix-ui/react-use-callback-ref 1.1.1
+ nodelite-2-Fkoh-I76szMKJnBXWPdFkQJl2r9SjPt3cMzLdOB6eJ4Pnpas8hVoWPYemX-peO0yrrvldgCUVJqOAjUrOLjbxg-- <- @smithy/util-body-length-browser 4.2.0
+ nodelite-2-Fl70vYtsAFb-C06PTS9dZBo7ihau-Tu-DNCk-OyHhea07S-aeMWpFFkUaXRa8fI-ScZbEI8dfSxwY7gxZ9SAVQ-- <- humanize-ms 1.2.1
+ nodelite-2-Fm5XtS7-G8HLcJHCWpES5VmeMyjAKaWeyZU5qPzZC-22mPlJzAsOxymHiWIfuirtPckX3aptWws-K2d0BzniJA-- <- @rushstack/problem-matcher 0.1.1 (0.2.1 is available)
+ nodelite-2-FmDkyzB7aZXDMVx-ODVig-QZDUYA5-pa8a0ljBjBaKEsdsB1l5xCj1-Ex6YE-4K1v5VbSPPfft0tLEGxXg5uqw-- <- @types/xmlserializer 0.6.6
+ nodelite-2-FmeCCAenzH0KH381SPT5FZmiA-TmpndpcaShhfgEN9eCVjnFBqq3l1xrI42y8-PPLI6hypzou4GXw00WHmPBLQ-- <- array-includes 3.1.9
+ nodelite-2-FmgJfu-MOcQ370SD0ev7EI8TlCAfKYU-B4m5T3yXc1CiRN94g-SZPtsCkk506aUDtlMnFZvasDwHHUcZUEaYuA-- <- @types/semver 7.7.1 (7.8.0 is available)
+ nodelite-2-FNb0eEqqUUbnuvxuHqNuKH8qCGKqxu-558Zi8UzOoQk8Z9LdvpONK-v7m3gpKVHrk5Aq-0nNLsKxu-6OYh7Umw-- <- xmlserializer 0.6.1
+ nodelite-2-FnFn-ZBgsVMbGDsTqo8zsnRzydvsGV8vfiWwUo1LD8FTmPTdV-otGSWKc4LJec0oSexFnCYVO4hX8P8qQKaSlg-- <- @next/swc-linux-x64-gnu 14.2.33 (16.2.0-canary.9 is available)
+ nodelite-2-FNhIefhftobCdUJshO7M8uZTA9F4OPGVXqGfZkkD-5soDeOhwO06T-aKTrg0WD8gRg-pyfq-ql3aMymLHCTC4A-- <- rc-tree 5.13.1
+ nodelite-2-FP-p8RB8OWpF3YZBCrP5gtADmtXApB5AMLn-vdyA-PyxCjrCs00mjyUozssO33cwDeT3wNGdLxJ5M--YqtHAJw-- <- mkdirp 0.5.6 (3.0.1 is available)
+ nodelite-2-FQN4MRfuJeHf7cBbBMJFXhKSDq-2kAArBlmRBvcvFE5BB1HZKXtSFASDhdlz9zOYwxh8lDdnvmMOe--5cdoEdg-- <- combined-stream 1.0.8
+ nodelite-2-FqUYQ-8o158GyGTrMFJms9qh3CqTKvAqgqsTnkLI8sKu0028orqBhxNMFkFen0zGyg6epACD32pjVk58ngIErQ-- <- decode-uri-component 0.2.2 (0.4.1 is available)
+ nodelite-2-FT1yDzDYEoYWhnSGnpE-4Kj1fLZkDFyqRb7fNt6FdYOSxlUWAtp42Eh6Wb0rGIv-m9Bgo7x4GhQbm5Ys4SG5ow-- <- lodash.debounce 4.0.8
+ nodelite-2-FTiCpNxtwiZZHEZbcbTIcZjERVICn9yq-pDFkTl95-AxzD1naBctN7YO68riM-gLSDY7sdrMby8hofADYuuqOA-- <- buffer 6.0.3
+ nodelite-2-FtQu10RWgn3D9U4aazdwIE2yzphmTJREDqNdODHrbrZmmMqI0vMheC-6NE-J1Yveaj8H-ela-YwWTjq5PGmuhA-- <- @types/whatwg-url 8.2.2
+ nodelite-2-Fu4hJdvzeylCfQPp9SGWidpzrMs7tTrlu6Vb8XGaRGck8QSNZJJp538Wrb60Lax4fPwR64ViY468OIUTbRlGZg-- <- comma-separated-tokens 2.0.3
+ nodelite-2-FVDYdxtnj0G6Qm-DhNPSb8Ju59ULcup3tuJxkFb5K8Bv2pUXILbf0xZWU8PX8Ov19OXljbUyveOFwRMwkXzO-A-- <- tough-cookie 5.1.2 (6.0.2 is available)
+ nodelite-2-FveZTNuGw04cxlAiWbzi6zTAL-lhehaWbTtgluJh4-E95DqMwTmha3KZN1aAWA8cFIhHzMZUvLevkw5Rqk-tSQ-- <- content-disposition 0.5.4 (1.0.1 is available)
+ nodelite-2-FvPtiIf1LfhzsaIXhv-PHan-2FeQBbtBDtfX2QfvPxdUelMDEckK08SM6nqo1MIZY3RUlfA-HV8-hFUSio78qg-- <- @types/express-serve-static-core 4.19.7 (5.0.6 is available)
+ nodelite-2-Fw28YZpRnA3cAHHDlkt7xQHiJ0fcL-NRcIqsocZQUSmbzeIKRpwttJjik5ZGanXP-vlA4SbTg-AbA3bP363l-w-- <- @vercel/oidc 3.1.0
+ nodelite-2-FwdRXKCohSVeXqwtYonZTXtbGJKrn-HNyWDYVcp5yuJlesTwNH4rsmRZ-GrKAPJ5bLpRxESMeS-Rl0VCHRvB2Q-- <- parse-filepath 1.0.2
+ nodelite-2-FwOEi0Il72iAzlkaHrlemVurgSQRDFbk0OC8dSvD5fSBPHltNh7JtLsxmZUhjYBZo2PpcU-RJvvi6Q0l7O7ogw-- <- @svgr/babel-plugin-svg-dynamic-title 6.5.1 (8.0.0 is available)
+ nodelite-2-FWyyY60MeTNyeSRpkM2Iry0G9hpr7-9kD40mD-cGQEuilcZYS4okz8SN2Q6rLCJ8gbCt6fN-rC-6tMGS99LaxQ-- <- is-alphabetical 2.0.1
+ nodelite-2-FX-9frcub54beBdugHjDCdikxThEqjnR93Qt7PvQTOHxyiNCAlvMrHhclk3cD5VeAaq9fxmfRp-CnWw9rEMBuA-- <- d3-hierarchy 3.1.2
+ nodelite-2-FxAv7HpHrXbh3aPo4o2qxHay2lkLY3x5Mw3KeE4KQE8ysVfziWeRZDwcjauvwBSGEC-nXUPzZy8zeh4HokqOnw-- <- camelcase 4.1.0 (8.0.0 is available)
+ nodelite-2-FXcAcs7Nf-hF73Mzh0WDWPwaOlsEUL-fCHW3L4wU6DH79dypsaxmbnAildCLniFs7HQuuvoiR6bjNVUvGuTb5g-- <- express-http-proxy 2.1.2
+ nodelite-2-FxEMIkJKnodyA1OaCUoEvbYRkoZlLZ4d-eXFu9Fh8CbBBgP5EmZxrfTRyN0qpXZ4vOvqnE5YdRdcrmUUXuU-dA-- <- @esbuild-kit/esm-loader 2.6.5
+ nodelite-2-FXMe9GfxTxqd5D6jFsQ-DJ8BJS4E-fT5mqqdjovykEB2oFbTMDVdg1MGFxfQW-FBOGoB--k8swBrgwSHT1cUXQ-- <- d3-random 3.0.1
+ nodelite-2-FXsnN9ZwcZTT8Yf8cAHA8qIGUXcX6WfLd9JoYhrdDfmvsVhhfqkkv7m4AC3rwFOfz-GzkUa87OCKF9dUcicd-g-- <- postcss-reduce-transforms 7.0.3
+ nodelite-2-Fy45PhibiNXkm0cK5FJCbfO8Y6jUpD-YcHf-BtuI-jvYYqSXKF4muk61jjE8YxCR9y-hDYIWSzHTc-bwhDE6rQ-- <- lightningcss 1.22.1 (1.31.1 is available)
+ nodelite-2-FYEvpCaD5jGtyBuBFcQImEGmTxDTPbiHjJdrYIp-mFIwgXiXabxvKUK7ZT9P31ozu2Tqm9llYQMRWsfvTMTAOw-- <- rollup-plugin-polyfill-node 0.13.0
+ nodelite-2-FYsjYn2dHTRb41wqnv-uEqCUvBpK3jZcTp9rbz2qDTmel7Pmdtf-i2rLaaPMRZeSVM60V3Se31GyWFpmKs4Q5Q-- <- sort-package-json 1.57.0 (3.6.0 is available)
+ nodelite-2-FYztwRs3uXnFOIf1hLvFxIQP9MiZJA-0w-Os8dfDh-90X7z-HqP-Yg-noLCIeHEbKln1Tqelv8ymCAN24zPcfQ-- <- rc-drawer 4.4.3 (7.3.0 is available)
+ nodelite-2-G08Dxvm4iDN3MLM0EsP62EDV9IuhXPR6blNz6Utcp7zyV3tr4HVNINt6MpaRWbxoOHT3Q7YN2P-jaHX8vUbgog-- <- relateurl 0.2.7

Done in 2.2s
