Progress: resolved 1, reused 0, downloaded 0, added 0
Packages: +250
++++++++++++++++++++++++++++++++++++++++++++++++++++++++++++++++++++++++++++++++
Progress: resolved 250, reused 0, downloaded 247, added 247
Progress: resolved 250, reused 0, downloaded 250, added 250, done

dependencies:
+ nodelite-2-a0aBScVTlNaiUe35UtfxAN7A-tehvvG4-ByO6-46VPKTRSlfnAFsgKy0FUh-qAkQrDTmhDkT-IBOKlOoMUxQ0g-- <- @babel/plugin-bugfix-v8-static-class-fields-redefine-readonly 7.28.6 (8.0.1 is available)
+ nodelite-2-a1wflyaL0tHtJSmLSOVybYhy22vRih4eduhhrkcjgrWGnRfrZtovJ2FRjxuTtkkj47O-baf0R86QU5OuYpz8fA-- <- abbrev 4.0.0
+ nodelite-2-a39t9ApHNx2L4-HBnQKqxxHNs1r7KF-Intd8Q-g1bUh6q0WIp9voPXJ-x0j-ZL45KF1pJd9-q2jLIRMfvEshkA-- <- process-warning 5.0.0
+ nodelite-2-a4tiq7E0-5fTjxPAaH4jpjkSv-uCaU2p5KC6HVGrvl0cDjA8iBZv4vv1gyzlmK0ZUKqwpOyQMKzZQe3lTit77A-- <- gcp-metadata 6.1.1
+ nodelite-2-a4UGQaWPH59mOXUYnAG2ewncQS4i4F43Tv3JoAM-s2VDAmS9NsK8GpDMLrCHPksFT7h3K6TOoUNn2pb7RoXx4g-- <- yallist 3.1.1 (5.0.0 is available)
+ nodelite-2-a7tP5-0Mw3YlUJcGAKUqIBkYYGlYxk2fnCasq-FUph1hadxlTRjF-gAcZksxANnaMnALjxEddmSi-H3OR8ugcQ-- <- body-scroll-lock 4.0.0-beta.0
+ nodelite-2-a85L9ZoXtNAey3Y6Z-eBWW658kO-MwR7zIafkIUPUMf3isZG0NCs2pjW2wtjxAKuJPxMAsHUIP4ZPGv0o5gyTA-- <- find-my-way-ts 0.1.6
+ nodelite-2-aa7XKgZMVl6l04NY-3X7BP7yvQ-s8scn8KzQfTLrGRarziTlMGrsCOBQtCNWXOPEbtxAIHpZ9dsrAn5EJSivOQ-- <- @sentry/babel-plugin-component-annotate 2.22.7 (4.1.1 is available)
+ nodelite-2-abv-qOcuPfk3URPfDzmZU1LKmuw8kT-0nIHvKrKgFrwifol-doWcdA4ZqsWQ8ENrFKkd67Mfpo-LovbIUsbt3w-- <- merge-stream 2.0.0
+ nodelite-2-aBx2bnqDzVOyNKfsysjA2ms5ZlnjSAW2eG3-L5G-CSujfjLJTJsEw1bGw8kCf04KodQWk1pxlGnZ56CRxiawmg-- <- yaml 2.4.5 (2.9.0 is available)
+ nodelite-2-aCj4O5wKyszjMmDT4tZj93kxyydN-K5zPWSCe6-0AV-AA1pqe5ZBIw0a2ZfPQV7lL5-yb5HsUreJ6UFAF1tEQw-- <- cli-cursor 5.0.0
+ nodelite-2-aCLfr3A-FWZnOu5eqnJfme1Z1aumai-WRw55pCvBP-hCGnTFrcpsuiaVN5zmWTR53a8umxncY2JuYsD42QQEbw-- <- @xhmikosr/decompress-tarbz2 8.1.0
+ nodelite-2-aeNmHnBxbi2St0au6VBVC7JXFlhLlOnvIIlePNniyUNAClzmtAUEY8-pBiK3iHjufOlwA-c20-8jngo7xcrg8A-- <- @radix-ui/react-slot 1.2.3 (1.2.4 is available)
+ nodelite-2-aF1M-iMD29BPcpxjqoym0YFa4WR9Xie1-IhVumwOGH6TB45DaqYO7vLwantDBcYNRn-cZH6DFHksO7RmwTFBhw-- <- @aws-sdk/client-s3 3.975.0
+ nodelite-2-aFi5B0WovBHTEvpM3DzXTUaeN6eN0qWnTkKx4NQaH4Wvcmc153PdaY2UBdSYKaGYw-UyWXSVyxDUg5DoPEttjw-- <- playwright 1.56.1 (1.62.1 is available)
+ nodelite-2-aFP1ai4lrbVlWjfpAfRSL8KFcnJQYfTl5QxLJXY32vghJrDuFyPZ6LtUL-JEGYiFRG1PfPLHLoxj107ulncLIg-- <- @smithy/node-config-provider 4.3.8
+ nodelite-2-agE4QfB2Lkp9uICn7BAqoscw4SZP9kTE2hxiFI3jBPmXJfdqiahTbUuKGsMoN2GtqL9AxhYioAcVvgsb1HvRbA-- <- interpret 1.4.0 (3.1.1 is available)
+ nodelite-2-aGTxbpbg8-b5JfU1HXSrbH3wXZuLPJcNEcZQFMxLs3oSzgtVu6nFPkbbGGUvBcUjKV2YyB9Wxxabo-HEH9tcRQ-- <- @floating-ui/utils 0.2.10
+ nodelite-2-ah12-luBiDGzBruhu3efNy1IlbwSEdNiw8fOZksoKoWW1ZHvO-04MQsdnws-9Aj-5b0YXSSN2JXKy-ClIsW8MQ-- <- @smithy/eventstream-serde-config-resolver 4.3.8
+ nodelite-2-aIL5Fx7mawVa300al2BnEE4iNvo1qETxLrPI-o05L7z6go7fCw1J6EQmbK4FmJ2AS7kgVF-KEZWufBfdClMcPg-- <- etag 1.8.1
+ nodelite-2-aisnrDP4GNe06UcKFnV5bfMNPBUw4jsLGaWwWfnH3v02GnBuXX2MCVn5RbrWo0j3pczUilYblq7fQ7Nw2t5XKw-- <- media-typer 1.1.0
+ nodelite-2-aJ-UtoEyFySPBGarREmN4z6qNKpbEguYHMmXSiOGk69czc-zhs0NF6tEFrY8TZKAl8N-LYAkd4JHVd5E-AsSmw-- <- vue 3.5.27
+ nodelite-2-ak9Qy5Q7jYb2Wwcey5Fpvg2KoAc-ZIhLSLOSBmRmygPsGwkVVt0fZa0qrtMz-m6tJTAHfZQ8FnmB4MG4LWy7-w-- <- path-exists 4.0.0 (5.0.0 is available)
+ nodelite-2-aKttAZnz8YB1VJwPQZtyU8Uk0BfMP63iDMkvjhJzRZVgySmqt-apWSdnoIcZlUoGheBrcqbMC17GGUmur7OT5A-- <- @swc/core-linux-x64-gnu 1.15.3
+ nodelite-2-alTFZZQDKMporBH77856pXgzhEzaUVmLCDk-egLgIgHst3Tpndzz8MnKe-GzRJRfvVdn69HhpW7cmXzvtLvJAw-- <- forwarded-parse 2.1.2
+ nodelite-2-aN97NXWF6AWBTahfVOIrB-NShkzi5H7F9r1s9mD3cDj4Ko5f2qhhVoYMibXF7GlLveb-D2ioWay8lxI97Ven3g-- <- entities 6.0.1 (8.0.0 is available)
+ nodelite-2-aoBAniQmmwtcKp-7BzsH8Cxzv8OL736p7v1ihGb5e9DJ9kTwGWHrQrVB5-lfVDzfGrdRzXch-ig7LHaY1JTOrg-- <- temp-dir 2.0.0 (3.0.0 is available)
+ nodelite-2-aqD2Q0144Z--RqG52NeHEkZauTAUWJO8c6yTftGJKO3Tja5tUgIfmIl6kExvhtxSDP7fXB6DvzkfMpCd-F3G-Q-- <- string-argv 0.3.2
+ nodelite-2-aqrHaVBWW1JVKBHmGo33T5TxeL0qWzfvjWokObHA9bYmN7eNDkwOxmLjhioHl9878qDFMAaT51XNroRyuz7WxA-- <- unplugin 1.0.1 (3.0.0 is available)
+ nodelite-2-aRDkn3uyIlCFfk5NUA-VdwMmMsh8JGhc4hapfV4yxymHGQ3BVskMQfoXGpCo5IoBuQ9tS5iiVKhCpTcB4pW4qw-- <- comment-parser 1.4.5
+ nodelite-2-asaikDeqAQg7JifRsZn1NJZXo9E-VwlyCfbkZhwyISinqk5zNS6266HS5kah6P0SaQKGF6SkNnZVHUzHFYxYDw-- <- readdir-scoped-modules 1.1.0
+ nodelite-2-asx5hIG9Qmf-1oStypjanR7iKTv0gXQ1Ov-jfrX6kS-EO0OFni8orbmGCn0672NHR3kXHwpAwR-B368ZGN-2rA-- <- @types/jsonwebtoken 9.0.10
+ nodelite-2-at8GceTtNxD1NfFKGAuwtqM41ot-TpcLh-YsGe4dhf7gvv1HW-ZWdq6nfRtS6UjIvZJOokViqLPJ3GVtZItAnQ-- <- @opentelemetry/instrumentation-generic-pool 0.43.0
+ nodelite-2-aTUWbzbFMFeRODn3720TZO0tsh-49T8H3h8vVnVKJ-yE36AeW38Uj-8zykQ-9nO8Vrtjr5yKuX3uMiG-W8FKNw-- <- @opentelemetry/instrumentation-redis-4 0.46.0
+ nodelite-2-aU5EJuIN2WDemCcAp2vFBfp-m4EAhWJnUNSSw0ixs7-kXbd6Pg64EmwJkNdFhB8aWt1sH2CTXrLxo-iAGV3oPQ-- <- mime-db 1.54.0
+ nodelite-2-aUJ3rpjrdi5SbJ5G1Qjr3arytfRkEStTmHjBfWq2A2Q8MybacIzkScSvGJjQkdTk3djCK9C9SEOt39sSeZFwTw-- <- slate 0.91.4 (0.94.1 is available)
+ nodelite-2-avKfuPcSgbgftPsy4923UD9EEjI8vJkR4TfwL3dFqtA-IM-Vb5DFj7JeBnZ0t7idFxLDZodzJ5DSwD5g4BAFnw-- <- @next/swc-linux-x64-gnu 16.2.0-canary.9
+ nodelite-2-aW35yZM6Bb-4oJlZncMH2LCoZtJXTRxES17vE3hoRiowU2kWHaJKFkSBDnDR-cm9J-9QhXmREyIfv0pji9ejCQ-- <- decompress-response 6.0.0 (7.0.0 is available)
+ nodelite-2-awConJSVCHVGND6x3tmMaKcQvwXLhjdkmomy2W-Goaui8YPgYgXJZewhg3fWC-DlfqqQuWg8AwqjGTD2nAPVWg-- <- global-prefix 3.0.0
+ nodelite-2-ax7ZYomf6jqPTQ4-XCpUGyXKHk5WweS-e05MBO4-y3WJ5RkmPXNKvX-bx1behVILVwr6JSQvZAku021CHPXG3Q-- <- gzip-size 6.0.0 (7.0.0 is available)
+ nodelite-2-aXQ5Ik8Iq1KGMBzGenmd6Js-jJgqyYvjom95-N9GptCGpiVWE5F0XqC1SL5rCwURbHN-aWY191o8XOFyY2nCUA-- <- @miniflare/queues 2.14.4
+ nodelite-2-ayCKvm-phCGxOkYRSCM82iDwct8-EonSEgCSxWxD7ve6jHggsFl4fZVQBPRNgQoKiuV-odhFrGzQXZwbifC8Rg-- <- parse-json 5.2.0 (8.1.0 is available)
+ nodelite-2-az9BkXND3-d5VgdRRQVkiJb2gOmDU8Qcq4GvjtBmDICNiQ9udFmDk4ZpSB5Qq1OmtDJGlQAfBaS4palFsazQ5g-- <- @azure/core-http-compat 2.3.1
+ nodelite-2-azl-t0z7pw-z958Gy9svOTuzqIk6xq-NSheJzn5MMWtWTFywIacg2wUlzKFGtt3cthx0r2SxMK0yzJOR0IES7Q-- <- tinyspy 4.0.4
+ nodelite-2-b-1eJOlsR9K8HJpow9Ok3fiWOWSIcIzXodvv0rQjVoOVNpWMpxf1wZNpt4y9h10odCNrqnYp1OBzRktckBe3sA-- <- uuid 9.0.1
+ nodelite-2-b0P0sZPKtyu8HkeRAfCq0IfURZK-SuwMjY1UXGBU27wpAiTwQAIlq56IbIO-ytk-JjS1fMR14ee5WBBfKi5J6A-- <- aria-query 5.3.0 (5.3.2 is available)
+ nodelite-2-b3rppTKm9T-PsVCBEOUR46GWI7fdOs00VKZ1-9c1EWDaDMvjQc6tUwuFyIprgGgTcWoVHSKrU8H31ZHA2e0RHA-- <- safe-stable-stringify 2.5.0
+ nodelite-2-b6Ilus-c3RrdDk-JhLKUAQfzzgLEPy6wcXqS7f-xe1EETvsDP6GORG7SFuOs6cID5YkqchW-LXZbX5bc8j7ZcQ-- <- cac 6.7.14
+ nodelite-2-b6jSvxvVnyptAiLjbkWLE-lOnR4lfTtDAl-eUC7RZy-QQWc6wRzIV2CE6xBuMmDxc2qIihtDCZD5NPOFl7fRBQ-- <- react-style-singleton 2.2.3
+ nodelite-2-b7uo2UCUOYZcnF-3ID0lulOJi-bafxa1xPe7ZPsammBSpjSWQkjNxlt635YGS2MiR9GjvuXCtz2emr3jbsz98g-- <- path-browserify 1.0.1
+ nodelite-2-b97jvNSOb5-ehyQmBpmhOCiUC5oVK4PMnpRvO7-ymFBoqYjeDHIU9jnrNUuwHOiL9RpGDoKBpSViarV-BU-eVA-- <- @babel/plugin-transform-private-property-in-object 7.28.6 (8.0.1 is available)
+ nodelite-2-bAxsR8BVfj60DWXHE3u30oHzfl4G7khkSuPW-qvpd7jFRHm7dLxOjUk1EHACJ-hxLY8phGJ0YhYHZo7jil7Qdg-- <- minizlib 2.1.2 (3.1.0 is available)
+ nodelite-2-bbPBYYrtZbkt6Os6FiTLCTFxvq4tt3JKall1vRwshA3fdVztsLAatFaZobhkBC8-BrPetoa0oksYoKXoG4ryJg-- <- esbuild 0.25.12 (0.28.2 is available)
+ nodelite-2-bc4NBHqOqSfRW7POMkHd51LvClaeMXpm8dx0e8oE2GORbq5aRK7Bxl4FyzVLdGtLmvLKL7BTDBG5ACQm4HWjTA-- <- immer 9.0.21
+ nodelite-2-bcc3k0ijhHbc2lEfpFHgx7eYw9KNXqOerKWfzbxEHUGKnS3sz9C4CNL9OiFN1297bDNfUiSO7DaLzbvHQQQ1BQ-- <- @babel/plugin-transform-computed-properties 7.28.6 (8.0.1 is available)
+ nodelite-2-bCYeRA2rVibKZd-s2625gGnGF-t7DSqDs4dP7CrLA1m7jKWz6pps0LpYLJN8Q64HtmPKJ1hrN3nzPNKFEKOUiQ-- <- is-potential-custom-element-name 1.0.1
+ nodelite-2-bfOjvNt-1AcbPLTFMFWY149nJz0OjmewJs3LQQ5pIyVGxP4CdOqNVJL6kTaM5c68p8q82Xv3nCyFfUnuEcH3UQ-- <- mdast-util-mdx-jsx 3.1.3 (3.2.0 is available)
+ nodelite-2-bhJ2y2OQNlcRwwgOAGMY0xTFStt4-wyU6pvI6LSuZpRgKQwxTec0-3Scu91O8ir7qCR3AuepQKLU-kX99FouqQ-- <- @tailwindcss/oxide-linux-x64-musl 4.1.18
+ nodelite-2-biM9brNqxSc04Ee71hzFbryD11nX7VPhQQY32AdDmjFvodsRFz-3ufeoTZ6uYkRFfGo188tENcASNs3vTdsM0w-- <- tempy 1.0.1 (3.1.0 is available)
+ nodelite-2-bIomtDF5KGpdogkLd9VspvFzk9KfpyyGlS8YFVZl7TGPBHL5snIOnxeshwVgPteQ9b4Eydl-pVbIyE1DcvCWgQ-- <- chownr 2.0.0 (3.0.0 is available)
+ nodelite-2-blAT2mjOEIi0ZzruJfIhb3nps74PRWTCz1IjglWEEpQl5XS-UNama6u2-rjFkDDouqr4L67ry-1aGIALViWjDg-- <- ws 8.19.0
+ nodelite-2-bLGGlR1QxBcynn2d5YmDX4MGjlZvy2MRBDRNHLJ8VI6l6-9FUiyTFNJ0IveOSP0bcXgVDPRcfGqA0pjaqUpfVg-- <- sisteransi 1.0.5
+ nodelite-2-bpIxvq03if6UNwXZ-HTK71JLh4APvnXntDc6XOX8UVq4XQOVl7lwok0AvIl-b8zgCw3fSaVTZMpAPPagXbKmHQ-- <- @radix-ui/react-portal 1.1.9
+ nodelite-2-bpQy-CrsRmYmoPMAE-0G33iwRqwW4ouqdRg8jgbH3aKuCtOc8lxgmYXg2dMM92CRiGP660EtBcymH-eVUpCSaA-- <- import-in-the-middle 1.15.0
+ nodelite-2-bRISgCIjP20-tbWSPWMEi54QVPRZExkuD9lJL-UIxUKtwVJA8wW1Trb1jMs1RFXo1CBTNZ-5hpC9QvmKWdopKw-- <- @jridgewell/resolve-uri 3.1.2
+ nodelite-2-brv7p5WgH0jmQJr1ZDDfKDOSeWWg-OVypG99A-5vYGPqJ6pxiaHLy8nxtFjBA7oMa01ebA9gfh1uMCFqOuXxvA-- <- simple-get 4.0.1
+ nodelite-2-bSjt9pjaEBnNiGgc9rUiHGKv5l4-TGzDmYw3RhnkJGtLhbnnA-5qJj7x3dNDCRx-PJxu774LlH8lCOlB4hEfKg-- <- unrs-resolver 1.11.1
+ nodelite-2-bTlAFB-FBYMcuX81gbL4OcpH5PmlFHqlCCpAl8AlEzMz5k53oNDvN8p1PNOWLEmI2x4orp3raOFB51tv9X-MFQ-- <- typed-array-byte-offset 1.0.4
+ nodelite-2-btXCnMmRIBINM2LDZoEmOogIZU7Qe7zn4BpomSKZ-ykbLObuBdvG-mFq11DL6fjH1DRwHhrlgtYWG96bJiC7Cg-- <- rc9 2.1.2
+ nodelite-2-buewHzMvYL29jdeQTVILecSaZKnt-RJWjoZCF5OW60Z67-GmSLBkOFM7qh1PI3zFNtJbaZL5eQu1vLfazOwj4g-- <- formdata-polyfill 4.0.10
+ nodelite-2-buRG0fpBtRHSTCOASe6hD258tEubFoRLb4ZNA6NxMVHNw2gOcwHo9wyablzMzOA5z9xA9L1KNjk-Nt6MT9aYow-- <- forwarded 0.2.0
+ nodelite-2-bV0Tgo9K4hfPCek-aMAn81RppFKv2ySDQeMoSZuvTASywNTnVJCArCZE2FWqpvIatKu7VMRLWlR1EazvVhDyhQ-- <- @humanwhocodes/retry 0.4.3
+ nodelite-2-bVWawvoZoBYpp6yIoQtQXHZjmz35RSVHnUOTefl8Vcjr8snTPY1wnpSPMWekcFwbxI6gtmT7rSYPFvz71ldiOA-- <- pure-rand 6.1.0 (7.0.1 is available)
+ nodelite-2-bXE4cR-kVZhKZX-RjPEflHaKVhUVl85noU3v6b8apfQEc1x4A-zBxjZ4lN8LqGd6WZ3dl98pY4o717VFmoPp-A-- <- zwitch 2.0.4
+ nodelite-2-bxveV4V8v5Yb4ncFTT3rPSgZBOpCkjfK0y4oVVVJwIuDVBRMDXrPyXRL988i5ap9m9bnyEEjWfm5WkBmtffLfA-- <- @humanwhocodes/module-importer 1.0.1
+ nodelite-2-byiJ0FLRdLdSVSReO-U4E7RoEyOCKnEnEPMjq3HxWtvzLsV08-i5RQKsFVNkCldrCaPr2vDNAOMsfs8T-Hze7g-- <- jws 3.2.3 (4.0.1 is available)
+ nodelite-2-bYsvMqJ8yNGILLz1KP9zKLzQ6YpljV3ln1gqhuLkUtyfGi3qXKGuK2p-U4NAvjVFzDFiBBtOpCOSFNuYYEGZ5g-- <- bin-version-check 5.1.0
+ nodelite-2-bzyZ1e88w9O1iNJbKnOlvYTrWPDl46O1bG0D3XInv-9tkPrxrN8jUUTiFlDkkmKWgn1M6CfIA13SuGqOa9Korw-- <- signal-exit 4.1.0
+ nodelite-2-c-c15i26VrJ4IRt5Z89DnIzCGDn9EcebibhAOjw5ibqEHsE1wLUgkPn9RDmNcUKyU87GeaL633nyJ-pplFR2ZQ-- <- globals 16.5.0
+ nodelite-2-c1Q99M5ljsIuc4YdaCwfUEXsofakb9c8-Zse2qxTadu8TalLXuAESzLvFAvNVbkmSlvlzIQOLpBCmWI9wTOt-g-- <- @redis/time-series 1.1.0 (5.10.0 is available)
+ nodelite-2-c3cVx2y4KqUnwopcO9b-SCdo2O67LwJJ-UyqGfbigahfegL9myoEFoDYZgkT7f36T0bLrM9hZTAaAyH-PCAXjw-- <- micromark-util-encode 2.0.1
+ nodelite-2-c4FRfUm-dbcWZ7U-1Wq0AwCyFL-3nt2bEw05wfxSz-DWpWsitgmSgYmy2dQdWyKC1694ELPqMs-YzUSNozLt8A-- <- node-fetch 2.7.0 (3.3.2 is available)
+ nodelite-2-c6D7IUBsZt-aNnTBHMTf-OVh-h-JcxUUgfTcIJaWRe6zhOum1X-pNKSZtZ-7fbOn5I99XVFtmrnXKv8yHHErTQ-- <- @smithy/util-defaults-mode-node 4.2.29
+ nodelite-2-c9h9dVVMigMPc4bwTvC5dxqtqJZwQPePsWjPlpSOnojbor6pGqdk541lfA7AqFQr5pB1BRdq0juY9db81BwyFw-- <- @types/deep-eql 4.0.2
+ nodelite-2-cbqHunsQWnJNE6KhVSMsMeH5H-L9EpymbzqTQ3uLwNCLZ1Q481oWaofqH7nO6V07xlXwY6PhQdQ2IedWx-ZK4Q-- <- spdx-expression-parse 3.0.1 (4.0.0 is available)
+ nodelite-2-cBznnQ9KjJqU67B52RMC65CMarK2600WFnbkcaiwWq3xy-5haFJlshgnpjovMVJ-Hff49d8GEn0b87C5pDQ10g-- <- semver 5.7.2 (7.8.5 is available)
+ nodelite-2-ccUbYk6CwVdkmCQMyr64dXz42EfHGkPQlBj5p7YVGzq8I7CtjXZJrubAYezf7Rp-bjPseiROqe7G6foFd-lEuw-- <- micromark-util-decode-numeric-character-reference 2.0.2
+ nodelite-2-ceqxoedUrcayh7Y7ZX6NdbbDzGROiyVBgC4PriJThBKSVPWnnFHZAkfI1lJT8QFkOwH4qOS2SJkS4wvpGl8BpA-- <- esbuild 0.18.20 (0.28.2 is available)
+ nodelite-2-cf7aig6bH4IrlI8pKl3QMQ9SlaEoLSEBf-3Gm-d32kwNuwrNH4jbORKiXfTwunDtmcU5WAMe041u8VEW-xNXIA-- <- @aws-sdk/middleware-sdk-sqs 3.972.3
+ nodelite-2-cfd7DnGlhH6OIyuPSSj3vcfIdnbXukhAyKY8NaZrFadC7pXyL9mOL5WgjcptiEJLi5k3j8aYvLIVCzezrWTaiA-- <- @babel/cli 7.27.2 (8.0.0-beta.0 is available)
+ nodelite-2-chi4NHZlZqZD18a0imDHnZPrDeBbTtVN7GXMwuGdRH9qotxAjYs3aVLKc7zNOG9eddR5Ksd8rvFEBc9SsggPpg-- <- lodash.isarguments 3.1.0
+ nodelite-2-cMKASxCX4aFxesoj3WK8uoQ0YUrRvnfxaO72QWI2xLu5ZtgX-QvdGBlU3Ehdond5eb74c2s1cqRQUIptBnKz1g-- <- @opentelemetry/instrumentation-mongodb 0.51.0
+ nodelite-2-cmrR6pytBuSMTaBweKoGMwu3EiHiEC-DoyupPmlZ0HxBJBtIxwe-j-E4XPIKNx-Q74c8lXKPwYawBf5glsTkHg-- <- @eslint/core 0.12.0 (1.2.1 is available)
+ nodelite-2-cnqkuOtZLapWYZUYM5rVIdv1nXYuFVIltZ6ZJ7nIj585QsjKM5dhL2Fu-lICXZ1OyIAFc7Qy-bvDAtTXqGrlhg-- <- @babel/plugin-transform-block-scoped-functions 7.27.1 (8.0.1 is available)
+ nodelite-2-coYR071JRaHa-xoEvvYqvnIHaVqaYrLPbsufM9BF63HkwI5Lgmy2QR8Q5K-lYDYo5AK82wOvSOS0UsLTpTG7uQ-- <- @types/whatwg-url 11.0.5
+ nodelite-2-cP3BD-Q6pquVQ-YL-rwCnorKuTXiS9KXW8HNKu4nmmBAyf7urjs-F6Hr1k9MXP5yQ8W3yK7jRWd09Yu6DHWOiw-- <- @sentry-internal/feedback 8.55.0
+ nodelite-2-cP6fIun-Zx8he4rbWvi-Oya6goKQDZK-Yq4hhlggwQBbrlOQ4qtZ-G4nxB6ZnzI9lyIb-JnvyiJnPC2AGbKSPA-- <- @vitest/mocker 3.2.3 (4.0.7 is available)
+ nodelite-2-cPJU47OaAoCbg0pBvzsgpTPhmhqI5eJjh-JIu8tPj5q-T7iLvW-JAYUqmE7KOB4R1ZyEhzBaIQpQpardBF5z8A-- <- fflate 0.8.2
+ nodelite-2-cSFtAPtRhljv69IK0hTVZQ-OfE9nePi-rtJmw5UjHeVyVroEqJXP1sFztKUy1qU-xvz3u-sfYJLa947b7nAN2Q-- <- simple-concat 1.0.1
+ nodelite-2-csY4qcR7jUwiZmkreNTJhcypQfts2aY2CK-a-rXgXUImZiZiySh0FvwHjRnlqWKvg-y6ae9lHFzDRjBTmqlTIQ-- <- @node-minify/utils 8.0.6
+ nodelite-2-cTZXBcJMl3pudE40WENOakXkcVtrbBpbkmSkM20NdRiUqa4-VYRdXdEsgQ0BNQ6JBE2YymTNWtPKVF7UCTN5-g-- <- changelogen 0.5.7
+ nodelite-2-cuIw0PImdp76AOfgkjbW4VhQODRmNNcKR73vdCH5cLd-ifj7aamfoXvYgfGkEAjNJZ3ozMIy9Gu2LutUkGEPbA-- <- defaults 2.0.2
+ nodelite-2-cUq2hSSe6-qrU6oZsEP4InMI5VVdD86aypE-ENrQ6eZEVLTCYm1w6XhW1NvIu3UuWh7gZec4a9J7AFpYxki88Q-- <- @sentry/types 7.120.4 (8.55.0 is available)
+ nodelite-2-cwM7SBRZcPCLgl8a7cY0soT1SptSzAlMH39vwiRpOQkJlh53r5hdHwLSCZpQdVLT39sZt-CRpNwYG4Y2v77atg-- <- @babel/helper-member-expression-to-functions 7.28.5 (8.0.0-beta.0 is available)
+ nodelite-2-cXEIW6cfr15lFv563k4GuVuW-fiwjknytD37jIOLSdSWuOI6WnO-oKwmP2FQTU2l01LP8-M5TSAJpzUaGe3uWg-- <- varint 6.0.0
+ nodelite-2-cYj0LRuLV2c2sMqhqhGpaO3LretdtMn-BVX4cPLanIZuwwrkVl-lK84E-miEXkCHWXuq65rhNN4rXsBcOB3S4w-- <- vite-tsconfig-paths 5.1.4
+ nodelite-2-cYpCpp29z6EJHa5T9WL0KAlq3SOKUQkcgSoeRfRVwjGgSFl7Uh32eYGt7IDYCX20skiEdRffyDpvF2efEZPC0A-- <- @smithy/eventstream-serde-node 4.2.8
+ nodelite-2-cYQ9310grqxueWbl-WuIUIaiUaDcj7WOq5fVhEljNVgRfOUhY9fy2zTvfoqWsnebh8Sl70VScFbICvJnLKB0Og-- <- @jridgewell/sourcemap-codec 1.5.5 (1.6.0 is available)
+ nodelite-2-cyzXQCtO47ydzxpQtCGSQGOC8Gk3ZUeBXFAxD-CWXYFo5OqZyZUonFl0DwUlTyAfRHntBfw2p3w4s9R6oe1eCA-- <- @monaco-editor/react 4.7.0
+ nodelite-2-d--XTN3zfODyjr89gM3mPq1WNX2B8pYsu7eORitdwyA2sBubnTl3laYlBk4sXY5FUa5qTZGBDPJICVbvqzjlbw-- <- immer 10.2.0
+ nodelite-2-d-l3qxjSesT4V7v2fh-QnmFnUWv9lSpjarhShNTgBOfA0ttejbQUAlHLitbjkoRiDulW0OPoQPYIGhIC8ohejg-- <- figures 6.1.0
+ nodelite-2-d2hhHj34mA2V86doiDfrsy2fNTnUOowGaf9hKb0hIPHqvcnShU4-OSc4Uf1FwHkAdYF3cFXTrj5VGUYbEuvMdw-- <- @smithy/protocol-http 2.0.5 (5.3.8 is available)
+ nodelite-2-d2JWLCivmZYTSIoge9MsgFCZrt571BikcWGYkjC1khllbTeDlGqZ2D8vD8E-lJa8WGWbb7Plm8-XJYV7IJHZZw-- <- web-streams-polyfill 3.3.3 (4.0.0-beta.3 is available)
+ nodelite-2-d9bBQlGk1T5j5rWfof20M2tErddOSoSLDauP2-yyuXfeOfQRCSBUZNrApSxjJ9Hw--RDGR-XL-LEOqmXxSlV3A-- <- @aws-sdk/middleware-expect-continue 3.972.2
+ nodelite-2-d9T8ucsEhh8Bi1woXCf-TIKDIROLG5WCkxg8geBCbvk22kzwC5G2OnXVMO6FUsvQlgUUXQ2itephWDLqDzbeCw-- <- es-shim-unscopables 1.1.0
+ nodelite-2-dA8WbNeb2a6oQzAQ55YlT5vQAWGV9WXOsi3SskE3bcCdM0P4SDd-24zS-OCacdRq5BkdsRj9q3Pg6YyQoxIGqg-- <- unicode-canonical-property-names-ecmascript 2.0.1
+ nodelite-2-dbDtVdEAncKctzrVZ-Nr7kHpHkv-0JDJb2MjjpBaj8bFeCkePU9rHfMklmhuLFnpeq-EJZk2IhStY6NzqgjOkg-- <- ts-morph 21.0.1 (27.0.2 is available)
+ nodelite-2-dBVuXR082gk3jsFp7Rd-JI4kytwGHecnCoTtXFb7DB6CNHp4rg5k1bhg0nWdLGLnOV71lmDzGQaLMy8iPLY0pw-- <- @discoveryjs/json-ext 0.5.7 (0.6.3 is available)
+ nodelite-2-dCED-QRChTVatE9ibtoaxc-WkdzOSjYTKi--uacHWIsfodVfpsueo3-DKpgU5Px8qXjgmXkSvhXvSCz3fnP9lw-- <- @poppinss/exception 1.2.3
+ nodelite-2-dcS1ul-9tmeD95T-x28-ehLgd9mENa3LsvDTtzm3vyBEO7RPptvAD-t44WVXaUjTBRcrpFeFlC8WCruUR456hw-- <- kind-of 6.0.3
+ nodelite-2-dcyqhDvX1C46lXZcVqCpK-FtMRQVdIMN6-Df5js2zouUsqG7I6sFxitIC-7KYK29KdXOLHdu9zL4sFnoVQnqaA-- <- ieee754 1.2.1
+ nodelite-2-deG2P0JfjrTxl50XGCDyfI97ZGVCxIpfKYmfyrQ54n5FO-0gfIES8C-Psl6kWVDolizcaaxZJnTS0QSMxvnsBQ-- <- follow-redirects 1.15.11
+ nodelite-2-dFcAjpTQFgoLMzC2VwU-C-CbS7uRL0lWmxDITmqm7C-7F0Odmj6s9l6alZc6AELXhrnggM2CeWSXHGOdX2YtwA-- <- https-proxy-agent 5.0.1 (7.0.6 is available)
+ nodelite-2-dfLbk-PwWvFzSxwk3n5ySL0hfBog779o8h68wK-7-APo-7cgyWp5jcXockbxdk5kFRkbeXWm4Fbi9FrdN381sA-- <- @juggle/resize-observer 3.4.0
+ nodelite-2-dFoMUuQA20zvtVTuxZww6OHoJYgrzfKM1t52mVySDJnMSEa08ruEvdYQbhvyu6soU-NeLVd3yKfTfT0NeV6qGg-- <- @emotion/unitless 0.10.0
+ nodelite-2-dGCXy99wZQivjmjIqihaBQNjryrz5rueJY7eHfTdyWEiR4ttYpsajb14rn9s5d4DY4EcY6-4-U-maARBXJedkA-- <- scroll-into-view-if-needed 2.2.31 (3.1.0 is available)
+ nodelite-2-dhKf903U-PQZY6boNNtAGdWbG85WAbjT-1xYoZIC7FAY0yWapOBQVsVrDl58W86--e1VpMNBtRV4MaXfdMySFA-- <- rxjs 7.8.2
+ nodelite-2-dISoDXWWQwUquiKsyZ4Ng-HX2KsPL7LyHKHQwgGFEA3IaKac4Obd-h2a-a6waisAoepJlBcx9paWqjA8-HVjCw-- <- @types/parse-json 4.0.2
+ nodelite-2-dJxPBlzC7NugB2PDLwo9Q8JiTR3M3e4-XANkreKSUxF8vvXKqm1Yfq4Q5dl8budlunRVlUUaDUgFt7eA8D6NLg-- <- d3-time-format 4.1.0
+ nodelite-2-dKx12eRCVIzqCxFGplyFKJMPvLEWgmNtUrpTiJIR5u97zEhRG8ySrtboPHZXx7daLxQVrl643cTzbab2tkQjxg-- <- for-each 0.3.5
+ nodelite-2-dl0O9Vhju8IrcLndv2eU4ldt1ftXMqqfgN4H1cpmGV7P6jeB9FwpN9a2c8DPGE1Ys88rNUJVYDHq73CGAGOPfQ-- <- fast-copy 3.0.2
+ nodelite-2-dLitG79d-GV1Nb-VYcCDFivJeK1hiukt9QjRNVOsUtTy1rR1YJsmpGGTZ3qJos-uw7WmWF4wUwBd9jxjocFC2w-- <- chalk 5.3.0 (5.6.2 is available)
+ nodelite-2-dLmtwB8zkAeO-juAMfnV-sItKjlsw2lKdZVVy6LRr0cBmegxSABiLEpGVmSJJ8O08i4-sGR6qQtb6WtuwJdvVw-- <- @types/d3-scale 4.0.9
+ nodelite-2-dOESqjYr96iWYylGObzd39EuNTa5VJxyvVAEm5Jnh7KGo75V43Hk1odPQkNDyXNmUR6k-gEiDVXnjB8HJ3crXw-- <- strip-final-newline 3.0.0 (4.0.0 is available)
+ nodelite-2-dOy-3AuW3a2wNbZHIuMZpTcgjGuLU-uBL-ubcZF9OXbDo8ff4O8yVp5Bf0efS8uEoYo5q4Fx7dY9OgQGXgAsQA-- <- color-name 1.1.4 (2.0.2 is available)
+ nodelite-2-dRB78srN-l6gqWulah9SrxeYnxeddIG30-GOqK-9OlLVyLg3HPnr6SqOWTWOXKRwC2eGYCkZ59NNuSgvSrpgOA-- <- node-fetch 3.3.2
+ nodelite-2-dRgOyT2hPk-JwxNMZDsIXDgyl9axdJI3ogZ2XWhBPsnZUv-hPesa5iuhdYt2gzwA9t8RE5ytOJ6xB0moV0Ujvw-- <- @typescript-eslint/tsconfig-utils 8.54.0 (8.69.0 is available)
+ nodelite-2-dRLjCWHYg4oaA77cxO64oO-7JwCwnIzkZPdrrC71jQmQtlhM556pwKo5bUzqvZndkVbeFLIIi-9TC40JNF5hNQ-- <- @types/json5 0.0.29
+ nodelite-2-dRXchy-C0IgK8WPC6xvCHFRIWYUbqqdEIKPaKo-AcTUNzwLTK6AH7RjdLWsEZcAN-TBdtfUw3PYEgPr5VPr6ww-- <- token-types 6.1.2
+ nodelite-2-dS5cbA9rA2VR4Ybuvhg6jvdmp46ubLn3E-px8cG-35aEDNclrqoCjg6mt0HYZ-M-OoESS3jSkCrqk1kWAEhWAw-- <- eciesjs 0.4.16
+ nodelite-2-ds5mXEqTJ6oxRoqjhWDU83OgzAYjwsCV8Lo-N-oRsNDmx-ZDpqalmrtgOMkHwxsG0iI--3BwWAErYRHtgn0dZw-- <- @webassemblyjs/helper-wasm-section 1.14.1
+ nodelite-2-dTOdvsjnG3xNT9Y0AUg1wAl38y-4Rl4sf9caSQZOXdNqVn-H-HbbJ4IyyHaIqNR6SW9oJpA-RuRjsjCw2IdIow-- <- @babel/helper-create-class-features-plugin 7.28.6 (8.0.1 is available)
+ nodelite-2-dtpw9uQP7W-n3vOtx0CfBD5EWd7EPdIdsQnWTDoFf77e3VUf05uA7R7TGipIo8e4WL2kuPdnsr3hMQn9ziYj5w-- <- @smithy/util-body-length-browser 2.2.0 (4.2.0 is available)
+ nodelite-2-dTxcvPXqPvXBQpq5dUr6mEMJX4oIEFv6bwom3FDwKRDsuIjjJGANqhBuoAn9c1RQJIdAKav33ED65E2ys-87QQ-- <- http-cache-semantics 4.2.0
+ nodelite-2-dUOvLMJ0-JJYEn8NrpOaGNE7X3vpI5XlZS-u0ANjqtcZVKnIxP7IgCFwrKTxENw29emmwug53awKtaMm4i9g5w-- <- retry-request 7.0.2
+ nodelite-2-dVKBjfWisLAicarI2Sf-JuBE-DghV4UzNAVe9yhEJuzeREd3JhOTE9cUaJTeSa77fsbQUK3pcOpJfM59-VKZaA-- <- get-stdin 9.0.0
+ nodelite-2-dWHzHa2WqEXI-O1E9OjrocMTKJl2mSrEolh1Iomrv6U-JuNwaHXsXx9bLu5gG7BUWFIN0skIQJQ-L1rIex4X6w-- <- @types/estree 1.0.8 (1.0.9 is available)
+ nodelite-2-dXn3FZhPv0US-7dtJsIi2R-c7qWYiReoEh5zUntWCf4oSpMNib8FDhSoed6m3QyZdx5hK7iLFkYk3rNxwt8vTA-- <- @keyv/serialize 1.1.1
+ nodelite-2-dXr-3CgqXsJkZ0n9F3I4elY8wM9jMJpP3pvRG52r6m0tu-MsAFIe6JpXVGeNMd-D9F4hQynWT8Rfuj0bdm9kFQ-- <- @vue/shared 3.5.27
+ nodelite-2-dY2wS3I2G7D697VHndN91TJr8-AAfXQNt5ynCTI-MpxMsSzHp-52uNivYT5wCPax3whc47DR8Ba7cmlQMg24bw-- <- @babel/plugin-transform-class-properties 7.28.6 (8.0.1 is available)
+ nodelite-2-dYCLeINNbYdvmMLtW0VdhW1biXt-PPCGazzT5ZjKw46mOtdgToQEwjqZSS9-EN8-tNs-RO0cEWG044-YZs97aA-- <- @smithy/node-http-handler 4.0.3 (4.4.8 is available)
+ nodelite-2-dYqgNSZbDwkaJ2ceRd9ojCGjBq-mOm9LmtXnAnEGyHhN-5R7iDW2TRw3h-o-jCFxus3P2LfWIIiwowAjANm7IA-- <- regexp.prototype.flags 1.5.4
+ nodelite-2-e1LleDykUz2Iu-MTYdkSsuWX8lvAjAcs0Xef0lNIu0S2wOAzuTxCJtcd9S3cijlwYF18EsU3rzb8jPVobxDh9Q-- <- glob 9.3.5
+ nodelite-2-e23vBV1ZLfjb9apvfPk4rHVu2ry6RIr2Wfs-O324okSidrX7pTAnEJPCh-O5BtRlr7QtZI7ktOP3vsqr7Z5XoA-- <- baseline-browser-mapping 2.9.18
+ nodelite-2-e2BR4lsJkkRlKZ-qCHPw9ZaSxc0MVUd7gtbtaB7aMvHeJVYe8sOB8DBZkP2DtISHGSku9sCK6T6cnY0CtXrOCQ-- <- @swc/counter 0.1.3
+ nodelite-2-e3nRfgfUZ4rNGL232gUgX06QNyyez04KdjFrF-LTRoOXmrOgFKDg4BCdsjW8EnT69eqdYGmRpJwiPVYNrCaW3g-- <- es-define-property 1.0.1
+ nodelite-2-e5ISH9xMYU0DzrT-jl8q2ze9D6eWBto-I8CNpe-VI-K2J-F-k3PdkdTdz4wvGVH4NTpo-NRYTVIuMQEMMcsLqg-- <- mimic-response 4.0.0
+ nodelite-2-e5iwyodOHhbMr-yNrc7fDYG4qlbIvI5gajyzPnb5TCwyhjApznQh1BMFou9b30SevY43gCJKXycoCBjMbsuW0Q-- <- function.prototype.name 1.1.8 (1.2.0 is available)
+ nodelite-2-e7Mew686owMaPJVNNLs55PUvgz371nKgwsc4vxE49zsODpJEnxgxRo2y-OKrqueavXgZNMDVj3DdHFlaSAeU8g-- <- @standard-schema/utils 0.3.0
+ nodelite-2-eaBzG6MxNzEn9kiwvtre90cXaNLkmadMWa1zQMs3XORCXNbsH-OewwbxC5ia9dCxIxnTAsSxXJaa-p5y8DlvJg-- <- type-fest 0.16.0 (5.4.1 is available)
+ nodelite-2-eeH5JO-21J78qMvTIDdBXidBd6nG2kZjg5Ohz-1fpa28Z4CcsWUzJ1ZZyFq-3z3N17aZy-ZuBoHljASbL1WfOw-- <- jwa 1.4.2 (2.0.1 is available)
+ nodelite-2-eflK8wEtyOE6-hsaRVPxvUKYCpRgzLqDTb8krvAsRIwOGlHoSgYLgBXoubGgLd2fT41-OUYdb48v4k4WWHQurA-- <- schema-utils 4.3.3
+ nodelite-2-eG2dWTVw5bzqGRztnHExczNxt5VGsE6OwTeCG3fdUf9KBsZzO3R5OIIIzWR-iZA0NtZ-RDVdaoE2dK1cn6jH4g-- <- pidtree 0.6.0 (0.6.1 is available)
+ nodelite-2-eGuFFw7Upda-g4p-QHvnW0RyTX-SVeJBDM-gCtMARO0cLuT2HcEKnTPvhjV6aGeqrCB-sbNop0Kszm0jsaWU4A-- <- esprima 4.0.1
+ nodelite-2-ei8Aos7ja0weRpFzJnEA9UHJ-7XQmqglbRwnf2ATjcB9Wq874VKH9kfjjirM6UhU2-E5fFYadylyhFldcqSidQ-- <- cookie 1.1.1
+ nodelite-2-ekilCSN1jwRvIbgeg-57YFh8qQDNbwDb9xT-qu2DAHbFFZUicIl4ygVaAvzveMhMVr3LnpSKTNnwt8PoOfmKhQ-- <- jiti 2.6.1 (2.7.0 is available)
+ nodelite-2-eKzFy13Nk-IRHhlAwP3sfuv-PzOrvzUkwJK2hdoCKYcWGSdmwFpeGpWmyewdw8EgBnsKaSBtgf-0b2K635ecSA-- <- sass-embedded 1.97.3
+ nodelite-2-eljcgEDlEns-7AXFosB5K-2nCM4P7FQPkGc-DWLy5rmFEWvZayGrik1d9-QIY5nJ4f9YsVvBkA6kJpHn9rISdQ-- <- is-docker 3.0.0
+ nodelite-2-eLoXW-DHyl62zxY4SCaIgnRhuMr6ri4juEYARS8E6sCEqzKpOiE521Ucofdx-KnDZl5xmvGYaaKCk5FEOxJCoQ-- <- stop-iteration-iterator 1.1.0
+ nodelite-2-eMNiej0u-snzDvlqRGSN3Vl0ESn3838-nKyVfF2FKNXFbi4SERYT6PR392D39iczngbqqGG0Jl1DlCnp7tBbXQ-- <- @smithy/middleware-serde 4.2.9
+ nodelite-2-enIvLvRAFZYXJzkCYG5RKmPfrFArdLv-R-lbQ53BmIMLIry74bjKzX6iHAm8WYamJkhSSEabrWN5D97XnKObjQ-- <- minimatch 10.1.1
+ nodelite-2-eNv-WrVbKu1f3vbYJT-xtiF5syA5HPIMtf9IgY-nKg0sWqzAUEvqY-xm7OcZc-qafLx-iO9FgOmeSAp4v5ti-Q-- <- scheduler 0.27.0
+ nodelite-2-enxc1h0jA-aq5oSDMvqyW3q89ra6XIIDZgCX9vkMrnz5DFTw-Ny3Li2lFQ-pt3L6MCgm-5o2o8HW9hiJji-xvw-- <- pg 8.16.3
+ nodelite-2-eOIHzCUSH7SMfonMG1LsC2f8vxBFtho6NGBznK41R84YzPuvSBzrhEps33IsQiOW9-VL6NQ9DbjQJznk-S4uRA-- <- @types/doctrine 0.0.9
+ nodelite-2-eRnCtTTtGZFpQCwhJiUOuxPQWRXVKYDn0b2PeHfXL6-Zi53SLAzAHfVhVWK2AryC-WH05kGfxhFIPvTF0SXQzg-- <- fastest-levenshtein 1.0.16
+ nodelite-2-eSmmWE5bZTK2Nou4g0AI3zZ9rswp7GRKoKXS1BLUkvPviOqs4YTN1djQIqrXy9k5gEtdLPy86JjRwsNM9tnDcA-- <- homedir-polyfill 1.0.3
+ nodelite-2-eSwgvTdrh03zYYaI6UVOjI9p4VmKg6-c2-CBQfRZX--6wwnCVsNv7XF7WUIpVGBAkJ0N2oapjQmCzJKGKBRWQg-- <- @sentry-internal/feedback 7.120.4 (8.55.0 is available)
+ nodelite-2-eTIzlVOSUR-JxdDFepEYcBMtZ9Qqdef-rnzWdRZuMbOywu5tO2w2N7rqjoANZ5k9vywhL6Br1VRjUIgTQx4E8w-- <- kleur 3.0.3 (4.1.5 is available)
+ nodelite-2-eUgLqrMf8nJkZxT24JvVRrQya1vZkQh8BBeYNwGDqa5I0VUi8ACx7uFvAaLxintokpTenkK6DASvo-bvNbBGow-- <- @ioredis/commands 1.5.0
+ nodelite-2-ev2QzSzWPYmy9GuqfIVildA4OdcGLeFZQrq5ys6RtiuF-RQQiZWr8TZNyAcuVXyQRYfEO-MsoB-1BuQVhOJuoQ-- <- string_decoder 0.10.31 (1.3.0 is available)
+ nodelite-2-ewrXRDTAqAXlkl6t-fkXWNAhFX9I-CkKlw6zjEwk86RSPKwZr3xpBRso655aqYafwtnbpHLj6toFzmd6xdVptQ-- <- @radix-ui/react-use-size 1.1.1
+ nodelite-2-eXK1UInq2bPmjyX6e3VHIzMLobc4J94i4AWn-Hpq3OU5KkrRC96OAcR3PRJ-pGu6m8TRnBHP9dkXQVsT-COVIA-- <- is-windows 1.0.2
+ nodelite-2-ey8Ls--Di31eqzUxC46h8MksNuGx-n0AAC8uKpwFau4RPDYLuE3EXTp8N8G2vX2N7UC--IXeNUnlWBGGcAG-Ig-- <- prism-react-renderer 2.4.1
+ nodelite-2-eYm0QWBtUrBWZWG0d386OGAw16Z995PiOVo2B7bjWSbHedGl5e0ZWaq65kOGgUSNesEIDkB9ISbTg-JK9dhCZA-- <- clsx 2.1.1
+ nodelite-2-eyrF0jiFpY-3drT6383f1qhkbGsLSifNAjA61IUjZjmLCWjItY6LB9ft9YhoDgwfmclB2zhu51Lc7-95b8NRAg-- <- ccount 2.0.1
+ nodelite-2-eZhoEZHYQLL5uc1gS5e9-oTknS0sSSAtd5TkKMUp3J-S-CaUjagc0kOUPsEbDmMeva0nC3WWl4SxVY6-OBuxfw-- <- @babel/plugin-transform-regenerator 7.28.6 (8.0.2 is available)
+ nodelite-2-f-gEpIKMR9faW-JgAgPK1D7mekkFoqbmiwvNzuhsHetni20QSgzg9Vhn0g2JSJkkfehQnqdUAx7-e15qS1lPxg-- <- which 6.0.0
+ nodelite-2-f0cRzm6dkyVYV3nPoooP8XlccPQukegwhAnpoLcXy-X-A8KfpGOoXwDr9FLZd3wzgLaBGQBE3lY93Zm-i1JvIQ-- <- form-data 3.0.4 (4.0.6 is available)
+ nodelite-2-f3qQ9oQy9j2AhBe-H9VC91wLmKBCCU-gDOnKNAYG5hswO7BLKj09Hc5HYNz9cGI--xlpDCIgDaitVs03ATR84Q-- <- fast-deep-equal 3.1.3
+ nodelite-2-f6PiYeqXQ05lYq3TIfIDu-MtliKUbNwkGApPUvyo6-tc7uaR4cPjPe7DFPr15Uyycg2lZU6btZ575CuQoYh7MQ-- <- @babel/plugin-transform-new-target 7.27.1 (8.0.1 is available)
+ nodelite-2-f7ccFPK3SXFHpx15UIGyRJ-FJQctuKZ0zVuN3frBo4HnK3cay9VEW0R6yPYFHC0AgqhukPzKjq22t5DmAyqGyw-- <- flat-cache 4.0.1 (6.1.7 is available)
+ nodelite-2-faYX1N0gpLhej-6nyp6bgRjzAKXn5GOEMYY7YhciSfCoITAktLUtQ36d24QEWNA1-WA1y6qQunCe0OhHRkVl9g-- <- @opentelemetry/redis-common 0.36.2
+ nodelite-2-fbb2C7HChgM7CemdCY-y3N1n8pcTKdqtQLbC7-EQtPdLvlMUT9JX-dBYl8MMZAtYG4uVMyPFHXckb68q-NRwqg-- <- @next/env 13.5.11 (16.2.0-canary.9 is available)
+ nodelite-2-fBJKiV7F2DxZUkg5EtHKXQdbsbURW3DZKQUWphDum0uRP6eHGGa-He9mc0mypL680pb-e-lDIthRohlv8NCHkg-- <- @babel/plugin-transform-template-literals 7.27.1 (8.0.1 is available)
+ nodelite-2-fCqPIfOcLE-CGqGPd66c8bZpwAji98tZ4JI9i-mlTNTlsIWslCfpg48s-ypyLxZTump5sypjrKn2-kY7q8oAbA-- <- @azure/logger 1.3.0
+ nodelite-2-fDpxcy6G7Il4lQVVsaJD0fdC2--SmuBGTF-edRLlsR4ZFOE3W2VyzrrGYdg-pHW8TydeAdSVM-mIzITGtZ3yWA-- <- @next/eslint-plugin-next 15.5.10 (16.2.0-canary.9 is available)
+ nodelite-2-fDz1zJpd5GycprAbu4Q2PV-RprsRtKC-0z82z0JLgdytmcq0-ujJbJ-09bPGDxCLkKY3Np5cRAOcWiVkLXJURg-- <- sass 1.97.3
+ nodelite-2-fereAvAvxDrQDOXybk3Qu3dPbOoKoysFMWtkY3mv5BsL8--OSZVL5DCLYqgRfY5cWirgRzlC-WSrxp6Bo3eNZg-- <- copyfiles 2.4.1
+ nodelite-2-fgWX62k02qtjqdSNTAGxmKYY-7FSL9WAS1o2Hu5-I5m9T0yxZzr4cnrfXQ-MX0rIifthCSs6FKTlzYbJcPtMNg-- <- @babel/traverse 7.28.6 (8.0.4 is available)
+ nodelite-2-fGxEI7-wsG9xrvdjsrlmL22OMTTiHRwAMroiEeMgq8gzoLC-PQr7RsRDSTLUg-bZAZtF-TVIkHc6-4RIKrui-Q-- <- require-directory 2.1.1
+ nodelite-2-fhClQ2wTmzxzdz2OhSQNo9ExefrAagw93qaG1YggoIz-QpI7atSRa7eOHv4JZkpHWs91XNn8Hry3CwUlBQhfPA-- <- @xhmikosr/decompress-targz 8.1.0
+ nodelite-2-fiCdUALipqgPWrOVTz9fw0XhcazULXOSU6ie40DDbX1F49p1dBrSRBuswndTx1x3vEb-g0FT7vC4c4C2u-mh3A-- <- minipass-fetch 5.0.0
+ nodelite-2-fjquC59cD7CyW6urNXK0FBufkZcoiGG80wTuPujX590cB5Ttln20E2UB4S-WARVqhXffZl2LNgS-gQdPIIim-g-- <- extend 3.0.2
+ nodelite-2-fMasYxGNEuJGMKQX3JF8bwyPp2wwrhpVFWPywYTRNKNElKNeexNCpirKSxFEP-5GjerhpJgi56-BbN8C3-Hpag-- <- babel-plugin-transform-remove-imports 1.8.1
+ nodelite-2-fMVUDUEx0-uIEDM0Mz3dHznDhfX-znCCDCeIophYb1QGVM7YThSWX-wz11zlYwWFOr74b4QLGg0hrGPJeG2s4A-- <- embla-carousel-reactive-utils 8.6.0
+ nodelite-2-fNzuVyifolSLFL4NzpF-wEF4qrgqaaKX0haXPQEdQ7NKAN-WecoKMHV09YcuL-DHxrUsYQOK3MiuDf7Ip2OXfQ-- <- minipass 4.2.8 (7.1.3 is available)
+ nodelite-2-fov56fJiRuThVFXD6o6-Q354S7pnWMJIVlDBYijsTNx6jKSE4pvrDTs6lUnmGvNyfJwFQQwWy3owKz1ucIhveQ-- <- tar 7.5.7
+ nodelite-2-fPcbPKx4zF45jBvQ0z7PCdgejVAPBBCZxwqk1k7krQNfpM07Cfj97-Q6wBzvYqlWXx-zt1S9-m8vnfCe06umbQ-- <- cloudflare 4.5.0
+ nodelite-2-fRHTG8g-Gif-kSh50gaGEdToemgfj74aRX3swtiouboip5JDLAyDE9F11nHMIcvOaXeOC6D7SpNhi7uFyB7Uww-- <- date-fns 3.6.0 (4.1.0 is available)
+ nodelite-2-fsiMgd8toyUba6n1WRmr-qACzXltpdDkPTAaDqc8QqPBUzO--JKwL6bUBseHVi8tu9l-3JOK-tSf7cay-4B3LA-- <- @smithy/config-resolver 2.2.0 (4.4.6 is available)
+ nodelite-2-fTBW9-8r2w3dXWYM4HCB1Rdp8NLibOw2-XELH5m5-AkWiL-KqYX6dc0kKYlaYyKjrQ6ds33MCdMPEwgs2z1rqg-- <- @emotion/sheet 1.4.0
+ nodelite-2-fVfE-9qIOJSbS3AR7roIuL0gCeS-tC86bJV9GlJtwXCRoo67q6tsGGUjThW-JtR5IQSShnHqaDqX8D0IYDfRGA-- <- esprima-next 6.0.3
+ nodelite-2-fXSwMQqitTGeHLBC08Eq5yXz2m37E4pJX1qAU1-2cNedz-ifv-bVXft90VeSav5nFO61EcNgwr0aJxbyPaWBPg-- <- @babel/helper-annotate-as-pure 7.27.3 (8.0.0-beta.0 is available)
+ nodelite-2-fxVuX-fzgzeMPn-CLQecWeDIFNt3gQVhxM0rW02Tvp-YmZfXQgcTXlakq7IMutuZ--Ogbn-K0oct9J3JZfyk3A-- <- @vue/runtime-core 3.5.27
+ nodelite-2-g1MWMLBiz8FKi1e4w0UyVL3w-iJceWAFBAaBnnGKOpNa5f8TLktkbre1-s6oICydWAm-HRUGTmI---xv2hvXYA-- <- json5 1.0.2 (2.2.3 is available)
+ nodelite-2-g3FeP20LNwhALb-6Cz6Dd4F2ngze0jz7tbzrD2wAV-o9FeNHe4rL-yK2md0J-fiSf1sa1ADhXqi5-oVwOM-eGw-- <- make-dir 3.1.0 (5.1.0 is available)
+ nodelite-2-g4L7OYun04N1WyqMNjldFwlfPCLVkgB54A-YCXICZYBsvJJE3kByKv9c9-R-nAfmIfjl2rKYLNyMHboYbZaWaA-- <- @babel/plugin-bugfix-safari-id-destructuring-collision-in-function-expression 7.27.1 (8.0.1 is available)
+ nodelite-2-g6LhBsl-GBPRWGWsBtutpzBYuIIdBkLEvad5C-va-74Db018-5TZiyA26cZJAr3Rft5lprVqOIPxf5Vid6tqAw-- <- ansi-escapes 7.2.0 (7.3.0 is available)
+ nodelite-2-g6QUff04oZpHs0eG5p83rFLhHeV00ug-Yf9nZM6fLeUrPguBTkTQOdpAWWspMh55TZfVQDPaN3NQJfbVRAxdIw-- <- reusify 1.1.0
+ nodelite-2-g7nH6P6dyDioJogAAGprGpCtVImJhpPk-roCzdb3fIh61-s-nPsfR6onyMwkCAR-OlC3yBC0lESvUoQEAssIrw-- <- depd 2.0.0
+ nodelite-2-g9ljZiwki-LfxmQADO3dEY1CbpmXT5Hm2fJ-QaGKwSXUylMybePR7-67YW7jOrrvjEgL1Fmz5kzyAjWVWLlucg-- <- tapable 2.3.0 (2.3.3 is available)
+ nodelite-2-g9Q1haeby36OSStwb4ntCGGGaKsaVSjQ68fBxoQcutl5fS1vuY18H3wSt3jFyFtrkx-Kz0V1G85A4MyAdDMi2Q-- <- slash 3.0.0 (5.1.0 is available)
+ nodelite-2-g9yhqoedzIUm0nTnTqAQvueMPVOuIY16bqgAJJC8XOOubYFNwz6IER9qs0Gq2Xd0-CecCKFjtdDTMA4u4xG06Q-- <- node-fetch-native 1.6.7
+ nodelite-2-gADO-nKVseGso3DtOrYX9H7TxB-MuX7AUYhMlvQMqLYvUWu4HrOQuU7cC1HW74tHIqkAvXdwgAz3TCbczzSEXw-- <- eslint-config-next 15.1.0 (15.4.11 is available)
+ nodelite-2-gAZ-kLqBdHarXB64XpAe2VCjB7rIRv-mU8tfRWziHRJ5umKsIHN2tLLv6EtMw7WCdP19S0ERVMldNvxYCHnhSQ-- <- require-in-the-middle 7.5.2
+ nodelite-2-gDKb8aZMDeD-tZWs9P6-q0J9Mwkdl6xMV8TjnGP3qJVJ06bdMgkbBlLU8IdfOsIsFz2BW1rNVT3XuNEl8zPAvw-- <- path-type 4.0.0 (6.0.0 is available)
+ nodelite-2-gIXjKqtFuWEgzFRJA9WCQeSJLZDjgJUOMCMzxtvFq-37KojM1BFGufqsCy0r4qSQmYLsZYMeyRqzIWOMup03sw-- <- foreground-child 3.3.1
+ nodelite-2-Zba82s87IFq9A9XmjiX5uZA-ARWDrB03OHlq-Vw1fSdt0I-4-Kutwy8BP4Y-y-aORMo61FQ0vIb5j44vSo5Pkg-- <- tinypool 1.1.1
+ nodelite-2-Zf5H2Kxt2xjTvbJvP2ZWLEICxA6j-hAmMzIlypy4xcBg1vKVnx89Wy0GbS-kf5cwCVFFzdCFh2XSCFNULS6csw-- <- es-errors 1.3.0
+ nodelite-2-ZgEeZXj30q-I0EN-CbSSpIyPaJ5HVQD18Z1m-u1FXbAeT94mr1zw50q4q6jiiC447Nl-YTcIYSAftiGqetwXCA-- <- exponential-backoff 3.1.3
+ nodelite-2-Zhq3a-yFKrYwSBluL4H9XP3m3y5uvQkB-09CwDruCiRmR-UJYnn9W4R48ry0uGC70aeTPKLynBtscP9efFFcPw-- <- nopt 9.0.0
+ nodelite-2-ZkCxaFHN-v30ZLU-F-lok7yNNVwavaAM8IwDVmCAnCvb4bNIueCw40w5iI8DNGMmnRPa-mfp-rM1LIYVSjuMDQ-- <- @aws-sdk/dynamodb-codec 3.972.3
+ nodelite-2-ZMq4gd9ngV5aTMa5p9-UfY0b3skwhHELaDkhEHetMdX0LRkW9kzaym4oo-Eh-Ghm0CCDuMTsRIGM-ytUc1ZYmw-- <- bare-url 2.3.2 (2.5.4 is available)
+ nodelite-2-Zn5uXdcFNIA1-1Ei5McRd-iRzfhENPCe7LeABkJtNulSxjma-l7ltNx55BWZkRlwRnpOgHqxnjyaDgJnNXnqzg-- <- watchpack 2.5.1 (2.5.2 is available)
+ nodelite-2-ZNUY-r3FXr393Jli-wYqNjMllfQ0k7ZBIm8nDz6wIrrCuxX8FsNC4pioLY4ZySQfPGmiKWE6M0IyB7sOBnm58g-- <- @opennextjs/aws 3.9.14
+ nodelite-2-Zo6uOA9157WRgBk-ZhMpTQ-iCWLMk7OIs-Q9jvHarMvrzUUP-MDdPHL2U1zpf57HrrWGv4nYQn5uIxna0xY3xw-- <- @types/nodemailer 7.0.2 (7.0.3 is available)
+ nodelite-2-ZQBvi1DcpJ4GDqanjucZ2Hj3wEO5pZDS89BWbkcrvdxksJorwUDDZamX9ldFkp9aw2lmBDLgkObEA4DWNJ9FYQ-- <- core-util-is 1.0.3
+ nodelite-2-ZS4Bp4r-Zoeq6-NLJpP-0Zzm0pR8whtGPf1XExKLJBAczGMnSi3It14OiNCStjQjM6NU1okjQGSxgEZN8eBYKg-- <- memory-pager 1.5.0
+ nodelite-2-ZT55BDLV0yv0RBm2czMiZ-SqCGO7AvmOM3G-w2xhVPH-te0aKgFjmBvGlL1dH-ql2tgGO3MVrbb3jCKyvpgnxA-- <- @isaacs/brace-expansion 5.0.0
+ nodelite-2-ZtqqiI5rzlrYBm-IMMDIg3zvvVj4WO-90Dg-zX-iA8lWaLN7K5nroXb17MQ4WhI5RqlEAgrnYDXW-hok1D9Kaw-- <- @oxc-resolver/binding-linux-x64-gnu 11.16.4
+ nodelite-2-ZUKRh6-kUFoAiTAtTYPZJ3hw9wNxx-BIBOijnlG9PnrJsCcSjs1wyyD6vJpaYtgnzDrKYRSqf3OO6Rfa93xsRg-- <- gopd 1.2.0
+ nodelite-2-ZUxbzKl0IfJILTS6t7ip5fQQM-J3TJYubDm3nMbgubNNYS62eXeUpoLUC8-7fJNiFYHTrGPQn7hspDUzIHX3UA-- <- @types/glob 7.2.0 (8.1.0 is available)
+ nodelite-2-ZVh59dIoJl2Rjqe49zLy-AHPFVo9RWHH49eAHP7-eTNAdmec6-7xHlsj8TWTpoSkBbU-VgxLjNKl5Tn2umd-qQ-- <- eslint-plugin-react-dom 1.31.0 (2.7.2 is available)
+ nodelite-2-ZVtakKpQ7vI9l7tE2SJjQgoPYv2f-Bw-HMip5wBigsQBDvVbN300h-6nPnm0gnEQwIGGG0yJF3XCvr1-4pZW9A-- <- @aws-sdk/middleware-sdk-s3 3.972.3
+ nodelite-2-ZVWUcfwY4E-yPitQJl481FjFo3K22D6qF0DuFH6Y-nbnE11GY5uguDxZMGXPQ8WQ0128MXQD7TnfHyK4oWoIJQ-- <- @napi-rs/wasm-runtime 0.2.12 (1.1.1 is available)
+ nodelite-2-ZX99e6tRweoUXqR-VBrslhda51Nh5MTQwou5tnUDgbtyM0dBgmhEDtWGP-xbKn6hqfPRHujUNwz5fy-wbbhnpw-- <- side-channel 1.1.0 (1.1.1 is available)
+ nodelite-2-ZYKh3Wh2z1PpEXWr0MpSBZ0V6mZHAQfYevttO11c51CaWjGTaadiKZ-wVt1PbMlDV5qhMFslpZCemhwOK7C89A-- <- slash 2.0.0 (5.1.0 is available)
+ nodelite-2-ZYP5VBHshaDAiVZxjbRVcFJpc-4xGgT0bK3vzy1HLN8jTO975HEbuYzZJcHoQEY5K1a0z8YayJkyVETa08eNTg-- <- data-urls 5.0.0 (7.0.0 is available)
+ nodelite-2-ZySD7Nf91aLB0RxL4KGrKHBXl7Eds1DAmEdcoVawXnLD7SDhpNgtuII2aAkg7a7QS41jxPSZ17p4VdGnMHk3MQ-- <- delayed-stream 1.0.0
+ nodelite-2-ZZow9HBI5O6EPgSJLUb8n2NKgmVWTwCvHGwFuJlMjvLFqlGG6pjirPhtdsseaLZjSibD8eegzmYpUZwoIlj2cQ-- <- jsx-ast-utils 3.3.5

Done in 2.1s using pnpm v10.27.0
