Progress: resolved 1, reused 0, downloaded 0, added 0
Packages: +250
++++++++++++++++++++++++++++++++++++++++++++++++++++++++++++++++++++++++++++++++
Progress: resolved 250, reused 0, downloaded 248, added 248
Progress: resolved 250, reused 0, downloaded 250, added 250, done

dependencies:
+ nodelite-2-BaXgOuIxz8n8pIq3e7Atg-7s-DpiYrxn4vdot3w9KbnBhcRQq6o3xemQdIfynqSeXeDrF32x-WvfzmOjPiY9lg-- <- typed-array-byte-length 1.0.3
+ nodelite-2-BbcFDqNyBlfSpATmTtXOAOj71RNKDDvjBM-uPfnxxVGrG-FSH2RQIwgeEngTaTkuU-h0ScFvf-tRcKfYXzBybQ-- <- vitest 3.0.9 (4.0.7 is available)
+ nodelite-2-Bc3YwwCB-OzldMxOXJIIvC6cPRWr-LxOp48CdQTOkPyk-t4JWWJbrilwBd7RJzKV8QW7tJkcgAmeuLLJugl5-w-- <- std-env 3.8.0 (3.9.0 is available)
+ nodelite-2-Bdboy-l7tA3OGW6FjyFHWkP5LuByj1Tk33Ljyq0axyzdk9--JSi2u3fP1QSmd1KNwq6VOKYGlAu87CisVir6Pw-- <- json-stable-stringify-without-jsonify 1.0.1
+ nodelite-2-BewmUXImeuRk2YY0PVbxgKAysvhRPUQE0h5QRM--nVWyubKGV0l8qQ5op8-B2DOmwSe63Jivj0BjkPQVf8fP5g-- <- istanbul-reports 3.1.7 (3.2.0 is available)
+ nodelite-2-BfbWFFEJFQzLCQ5N8VocnCtA8J1CLkNTe2Ms2wocj75dd6VpiqS5Z5quTYcUoo4Yq-DN0rtikODccuv7RU81sw-- <- @babel/plugin-transform-for-of 7.27.1 (8.0.1 is available)
+ nodelite-2-BhBvN2MBpWTaSHdWRb-bwdZJ1WaehQ2L1KngkCkfLUGF0mAWAT1sQUQacEmQ0jXkFw-czDXPNQSL5u2-Krsz1w-- <- isomorphic-ws 4.0.1 (5.0.0 is available)
+ nodelite-2-BhYE-WDaywFg2TBWYNXAE-8B1ATnThNBqXHP5nQu0jWJdVvY2hvkpyB3qOmtmDePiS5-BDQ8wASEWGMWRG148g-- <- call-bind-apply-helpers 1.0.1 (1.0.2 is available)
+ nodelite-2-BioO1xf3hFwz4kc6iBhI3ieDFompMhrMlnDFC4-0-vd5MokpuAc3R-LYbwTA9A5Yc9pq9UYPqffKpW2ObuwX5A-- <- browserify-des 1.0.2
+ nodelite-2-BiZS-C1OS8g-q2RRbJmy59xpyghNBqrr6k5L-uKBGRsTfxmu3ffiRnd8mlGPUVayg8pvfi5urfnu8TU7DVOkLQ-- <- toggle-selection 1.0.6
+ nodelite-2-BjiPOW6ks90UKl7TwMv7oNQMnzU-t-wk9mgIDi6b1tXpUek7MW0lbNOUHpvam9pe3lVCf4xPFT-lK7s-e-fs7Q-- <- @algolia/autocomplete-core 1.17.7
+ nodelite-2-BNoCY6SXXPQ7gF2opIP4GBE-Xw7U-pHMYKuzjgCN3GwiaIR09UUeKfheyIry77QtrCBlC0KK0q5-TER-tYh3PQ-- <- arraybuffer.prototype.slice 1.0.4
+ nodelite-2-BQmKPPIuc8EkZgNKsv0X4bPmOoayeu4F1YCwx2-CfmDSXDbp7GnzlUH--ul5VGfRg1AoFPsrIThlEBj2xb4CAg-- <- @babel/plugin-transform-optional-chaining 7.27.1 (8.0.1 is available)
+ nodelite-2-BR7VvDCVHO-q2xBEWskxS6DJE1qRnb7DxzUrogb71CWoSficBxYsiAGd-Kl0mmq-MprG9yArRkyrQxTO6XjMzA-- <- semver 6.3.1 (7.8.5 is available)
+ nodelite-2-BRiyL-AwPfGTlo3HbrFDMeTK2z5SaJmB8PBd1JI66d6MeP85-38Mux2FFw-nvDOfBwlGaN-uw2AQTOZ9r4JYtA-- <- @algolia/client-analytics 5.20.1 (5.57.0 is available)
+ nodelite-2-BrpvfNAE3dcvq7ll3xVumzjKjZQ5tI1sEUIKr3Uoks0XUl45St3FlatVqef9prk4jRDzhW6WZg-3bk93y6pLjA-- <- strip-final-newline 2.0.0 (4.0.0 is available)
+ nodelite-2-BS8PfmtDGnrgYdOonGZQdLZslWIeCGFP9tpan0hi1Co2Zr2NKADsvGYA8XxuG-4UWgJ6Cjtv-YJnB6MM69QGlQ-- <- data-view-byte-offset 1.0.1
+ nodelite-2-BSeNnyus75C4--NQ9gQt1-csTXyo-8Sb-afLAkzAptFuMsod9HFokGNudZpi-oQV73hnVK-sR-5PVRMd-Dr7YQ-- <- cliui 8.0.1 (9.0.1 is available)
+ nodelite-2-BSHWgDSAiKs50o2Re8ppvp3seVHXSRM44cdSsT9FfNEUUZLOGWVCsiWaRPWM1Znn-mqZ1OfVZ3z3DWEzSp7hRA-- <- asap 2.0.6
+ nodelite-2-BtEeSsoaQjlSPBemMQIrY1MY0uM6vnS1g5fmufYOtnxLGUZM2178PKbhsk7Ffv58IX-ZtcvoGwccYsh0PglkAA-- <- is-string 1.1.1
+ nodelite-2-BtgF7kHq4BHG23Lezc-3W2UhK2ga7a8ohAIAGJMBr4BkxUFzhqntQtCiuL1ijo2ztWnmusymkirgqUrXoQKumA-- <- @vue/devtools-shared 7.7.1 (8.0.5 is available)
+ nodelite-2-BueaFefaAi8mawE45eUtztg3ZFbsAH4DDXh1UNwdUlsvFMjqcYzLUG0xZvDd6z2eOpbgDg2N3bl6gF0KONj1dg-- <- @walletconnect/qrcode-modal 1.8.0
+ nodelite-2-BUGslGOb14zUHOUmDB2FfT6SI1CcZEJYfF3qFwBeUrU6srJfzANonwRYHDpLBuzbq3HaoF2XL2hcr01c8f8OaQ-- <- @typescript-eslint/types 6.9.1 (8.8.0 is available)
+ nodelite-2-Bwh-Zk6URrHwZnSSzAZAKH7YgGYi0xICIBDFOqBQoXNNAzBHw-bgXgLmChfp-GyR3PnChcTbiCTZGC6YJNJkMA-- <- @inquirer/core 10.1.6 (10.3.2 is available)
+ nodelite-2-BzUrJBS9EcUb4cFol8r4W3v1cPsSyajLSthNkz5BxbpDcHN5tIrM10E2eNvfnvBn3DaT3DUgx0OpsBKkaOpanw-- <- get-uri 6.0.3 (6.0.5 is available)
+ nodelite-2-C-CPBqKWnvdcxqIARxyOh4v1UUEOCHpgDa0WYgpKDFMszcrPcffg5uhwSgPCLD2WWxmq6isisz87tzT01tuGhg-- <- is-symbol 1.0.4 (1.1.1 is available)
+ nodelite-2-C-d6UdsYDk0lMebHNR4S2NybQMMngAOnOwYBQjTOiv0MkoJMP0Myw2mgpDLBcpfCmRLxyFqYhS-CfOENq4SJhQ-- <- es6-promisify 5.0.0 (7.0.0 is available)
+ nodelite-2-C2AugXIpRGQTxaCW0N7n5jD-p5irUmCrwl03TrnMFBHDbdq44CFWR2zO7rK9xPN4Eo3pUxC4vQzQgbIpzrD1PQ-- <- css-shorthand-properties 1.1.2
+ nodelite-2-C3FsVNH1udSEX48gGX1xfvwTWfsYWj5U-8-uK15BGzIGrKoUpghX8hWZwa-OFnakBiiVNmBvemTJR5mcy7iPcg-- <- pify 3.0.0 (5.0.0 is available)
+ nodelite-2-C3TaO7K81YvjCgQH9Q1S3R3P3BtN3RIM8n-OvX4il1K1zgE8ZhI0op7kClgkxtutIE8hQrcrHBXvIheqKUUCxw-- <- tty-browserify 0.0.1
+ nodelite-2-C3YYeRQWp2fmq9OryX-FoDy8nXS6scQ7dPptD8LnFDAUNcKWJjXQKDNJD3HVm-kOUsXhTOkpi69vI4EuAr95bA-- <- @types/gensync 1.0.4 (1.0.5 is available)
+ nodelite-2-C5Mc6rdnsaJDjO3UpGW-CQTHtCKaYlScZTly4JIu97Jxo-odCiH0ITnDXSJPTOrEKk-ycSZ0AOgTmkDtkOsvIA-- <- @tootallnate/quickjs-emscripten 0.23.0
+ nodelite-2-C7bfi1UZmoj8-PQx22XyeXCuBlokoyWQL5pWSP-EI6nzRylyThouddufc2c1NDIcP9k5agmN9fLpA7VNJfIiqw-- <- linkify-it 4.0.1 (5.0.2 is available)
+ nodelite-2-C7BihcGMSZq95ppLGi2HI0zt4w-n2FDoXzrP1-SUS32zbJlvb3Vod-fHdHTWcFZzlAZFCue7MNU3DbiuRjGYQg-- <- @graphql-codegen/client-preset 4.6.2
+ nodelite-2-C7IOaBBK-0gMORRBd8OETNx3kmOkgIWIPvyDpZSCTwUrpYmgZwJkjZeOD8ww4xbOUOs4-attY-pciKvadNfFbg-- <- lodash.zip 4.2.0
+ nodelite-2-CasTfvsy-frcFkbXtSJ2Zu9JHpN8TYKxkgJGWbjiZhFivxaeW7rMeZt7QELGVLaYVfFMsKHjb7Ak0nMEe-2Vfw-- <- @radix-ui/react-use-callback-ref 1.1.0 (1.1.1 is available)
+ nodelite-2-Cat63mxsVJlzYvN51JmVXIgNoUokrIaT2zLclCXjRd8boZ0004U4KCs-sToJ75C6sdlByWxpYnb5Boif1VSFew-- <- tabbable 6.2.0 (6.4.0 is available)
+ nodelite-2-CBaMY-a3pepyC4SETi7-bSzO0f6hxEQJUUuS4uD7zppzjmrN4ZRtBqxaT-wOan26CR9eeJ5iBhc4qvWEwn7Eeg-- <- @shikijs/types 2.3.2 (3.22.0 is available)
+ nodelite-2-CbkjYdsJNHFk8uqpEkpCvRs3YRp9tY6FmFY7wLMSYuGYkrdUi7r2lc4-wqsvlHoMznX3WJ9IP8giGPq68T-Y6g-- <- @babel/helper-string-parser 7.25.7 (8.0.0-beta.4 is available)
+ nodelite-2-Cbr5aYjr3HkwdPvetZp1cpDWTGdD1Owgsb3z-ClzhmrboiK86EnQDxDvOJiQkDCPWE9lNBwj8Y4HfxroY0D9DQ-- <- @graphql-tools/wrap 10.0.5
+ nodelite-2-CdASjNJPvRa7roO6Ra-gLYBTzYzzPyyBXxIMdGW3USQLyjWEls2RgW5UBTXaQVp-OrpeCK3bLem8smtmheoRuw-- <- safe-regex-test 1.0.3 (1.1.0 is available)
+ nodelite-2-CdTLvIOPiCNuH71pyDu3rA-Q0n65cmAbXnwWH84rKGiFumFzkmHNT8KHTMEchcxN-Kl8I54xGUhJ7l3E7X396Q-- <- @changesets/write 0.4.0
+ nodelite-2-Cebt4Vk7k1xHy87kHY7KSPLT77A7Ev7IfOblyLZhtYEhrdQ6fX4EoLq3xOQ3O-DRMEh2ok5nyC180E-ABS8Wmw-- <- @jsonjoy.com/util 1.3.0 (1.9.0 is available)
+ nodelite-2-CecwLWx3rhxVQF6V4bAgPS5t-So2sTbPgAzafKkVizyi7tlwpcFpdFqq-wqF2OwNBmqFuu6tOyouTuxgpMfzmA-- <- @open-draft/deferred-promise 2.2.0
+ nodelite-2-Cexc8GimowoDkJ6eNelOPdYIzsu2mgNyp0scOQ3tiaYSb9iok6LOESSsJvHaI-ib3joRfqRJNLkHFjhNuWA5dg-- <- @vue/devtools-api 7.7.1 (8.0.5 is available)
+ nodelite-2-CFjzYYAi4ThfiQvizrFQevTTXHtnCqWfe7x1AhgEscTz6ZbLbfoLRLPugTQyBth6f8ZERVUSyWHFD-7Wu4t1XQ-- <- debug 3.2.7 (4.4.3 is available)
+ nodelite-2-CFsHQgjtW1UChdXgbyJGtnm-O-uLQeZdtbDo8mfUgYXCHSM1wgrVxXm6bSyrUuErEb-4sYVGCzASBRot7zyrow-- <- buffer-alloc 1.2.0
+ nodelite-2-CiyeOxFT-JZyN5m0z9PfXw4SCBJ6Sygz1Dpl0wqjlhDEGGBP1GnsUVEL0p63hoG1fcj3fHynXi9NYO4nWOL-qQ-- <- parseurl 1.3.3
+ nodelite-2-CJ1QgKmNg3CwvAv-kOFmtnEN05f0D-cn9QntgNOQlQF9dgvVTHj3t-8JPdjqawCHk7V-KA-fbUqzZ9XWhcqPUg-- <- universalify 0.2.0 (2.0.1 is available)
+ nodelite-2-CLCsZGIBCFnPtkNnieW-a8wmreDmfUtjU2m9yHrzPXIlNbqVs0AQrSatSG6vdNYUqdc83tkQi2eHfF98ubzQLA-- <- borsh 0.7.0
+ nodelite-2-ClJWvmL6UBM-wjkvv-7m5VP3GMr9t0osr4yVgLZsLCOz4hGN9gIAFEqnJ0TsSMAN-n840nf2cHZnA5-KFqHC7Q-- <- @stablelib/binary 1.0.1
+ nodelite-2-Clya5JIij-7C6bRR22-tnGXbc4VKlibKSVj2iHvVeX5iMW7s1SIQlqu699JkODJJIhh-pUu8L0-VLh8xflD-LQ-- <- spdx-expression-parse 4.0.0
+ nodelite-2-Cn-3I0V0vT9ghMuzh1KzZvCkiAxTq-1TR2eSqw5E5AVWfmCtECFkVZBP6uUJZ8YjwLqXheI-rnjqPy7sVM4Fyg-- <- @walletconnect/types 1.8.0 (2.16.1 is available)
+ nodelite-2-CO40UI41xDQzhLB1hWyqUKgFhs250pNcGbyGKe1l-e4FSaI--YE4IMG76GDt0In67WLPACIITC-sOi08x4wIvg-- <- envinfo 7.14.0
+ nodelite-2-COpmrF2NOg4TBWUJ5UVyaCU2A88wEMkUPK4hNqyCkqHbxT92BbvfjoSozkAIIm6XhicGlJHhFdullInrdhwU8Q-- <- hey-listen 1.0.8
+ nodelite-2-COROpnaoap1E2F000S62r6A60uHZnmlvomhfyT2DlTcrY1OrBKn2UhH7qn5wTC9zMvD0AY7csdPSNwKP-7WiQw-- <- aria-query 5.3.2
+ nodelite-2-CVvd6FHg1Z3POpBLxO6E6zr-rSKEQ9L6rZHAaY7lLfhKsWYUBBOuMs0e9o24oopj6H-geRCX0YJ-TJLBK2eHyQ-- <- array.prototype.findlast 1.2.5
+ nodelite-2-CwBLREIQ7LvYFB0WyRvwhq5N5qPhc6PMjD6bYggFlI5YyDgl-0vxq5VHbMOFqLg7hfWzmu8T5Z1QofhmTIhItA-- <- emoji-regex 7.0.3 (9.2.2 is available)
+ nodelite-2-CWVm2uT7dmSHdO-z1CXT-n47mWonyypzBbuCy5tN7uMg22BsfkhwT6oHmFCAk-gL1LOOxhdbB9SZz3J1KTY3gA-- <- change-case-all 1.0.14 (1.0.15 is available)
+ nodelite-2-Cxwpt2SfTzTtXcfOlzGEee8O-c-MmUgGrNiBcXnuWxuFJHe6a5Hz7qwhwe5OgaSYI0IJvkLqWX1ASG-cJOkEiA-- <- ansi-styles 5.2.0 (6.2.3 is available)
+ nodelite-2-Czj1WaSVpaoj0wbhMzLmWD69anp2WH7FXMB9n1Sy8-ZFF9jolSQVMu1Ij5WIyGmcBmhk7EOndpO4mIpihVqAXw-- <- parse5 7.1.2 (8.0.1 is available)
+ nodelite-2-D-zkORCbA9f1tdWRK0RaCR3GPv50cMxcrz4X8k5LTSUD1Dkw47mKJEZQNunItRTkWwgtaUSo1RVFRIG9ZXiFYg-- <- proxy-from-env 1.1.0 (2.1.0 is available)
+ nodelite-2-D0VcalChDMtuRvJIu3U-fwWjf8ZMykz5iZsg77Nuj821vCKI3zCyRLwRdWbsuJ-uRwZhZ002QtCqIkwC-ZkvbA-- <- @babel/plugin-transform-class-properties 7.27.1 (8.0.1 is available)
+ nodelite-2-D13mY-ZA4PPEFSy6acki9eBT-3WgjMoRqNcdpIvjaYLQ44Xk5BdaL7UkDxAh6Z9UOe7tCCp67BVmZCojYp9owg-- <- @swc/types 0.1.22
+ nodelite-2-D24AxRHmRJ4AYoRvijbiuUb9LmC4xLGKLMSJS2ly-zGxVmaPASPM-ThaY-DlYTDL31QvkYtl8RzSR4yIU1gpLg-- <- @solana/wallet-adapter-phantom 0.9.24
+ nodelite-2-D2FR03Vir7FIu45XBY20mTb--ZSWB00sjU9jdQXt83gDrI4Ztz5Fs7-yy74g2N5SVQY4xY1qDr4rNddwYRVX0g-- <- os-tmpdir 1.0.2
+ nodelite-2-D2hP9eA-Sqx1kBZgzxZh0y1trbuU-JoDkiEwqhQ36nodYqJwyEIhPSdMNd7lOm-4io72luTPWH20Yda0xOuUow-- <- @babel/helper-validator-identifier 7.27.1 (8.0.4 is available)
+ nodelite-2-D5JbOMBIR-TVZkubHT-OyT2705QvogUW4IBn6nHd756OwieSF9aDYFj4dv6HHEVGYbHaLETa3WggZYWWMyy3ZQ-- <- html-encoding-sniffer 2.0.1 (6.0.0 is available)
+ nodelite-2-D68nR5zxU64EUzV8i7T3R5XP0Xhrou-amNnddsRQssx6GrTLdZl1rLxyjtVZBd-v-NVX4AbTPOB5aU8thAZV1A-- <- @babel/plugin-transform-runtime 7.27.4 (8.0.0-beta.0 is available)
+ nodelite-2-D9cPgkvLlV3t3IzL0D0YLvGA9Ahk4PcvVwUbN0dSGr1aP0Nrt4AEnTUbuGvquEC0mA64Gqt1fzirlRs5ibXx8g-- <- sprintf-js 1.0.3 (1.1.3 is available)
+ nodelite-2-DAxroI2uSOgUKLz00NX6A8U-8EE3SZHmIND-10jkVSaypvyt57J5JEOxAQOL6lQxyzi-wZbTIwssU1uy69h5Vg-- <- crossws 0.2.4 (0.3.5 is available)
+ nodelite-2-Db1SbgBS-fg-392AblrMJk97KggmvYhr4pB5ZIMTWtaivCPMWLkmb7m21cJvpvgK-J3nsU2CmmixNBZx4vFj-w-- <- buffer-crc32 1.0.0
+ nodelite-2-DBezPLnzeWnD28EOj6KhNpG463bh7PvkoRf2om4qeLPiaPKwril-xX5o4pxVbUzlYMwfYK9IJ2GrfU6c2mwJTA-- <- @graphql-codegen/typescript-generic-sdk 4.0.1
+ nodelite-2-Dcdv-ix6srhkM25fgXiyOieFUkz-fOYkHlydWCtB0xMST6X9XYI3yPDKBZt1xuhOytONsIFJFB08xXYsxUwJLw-- <- @next/swc-linux-x64-musl 15.2.4 (16.2.0-canary.9 is available)
+ nodelite-2-DCXu6Ifhqcks7TZKY3Hxp3y6qphY5SJZmrWMDrKcERSOXWQdMhU9Ig-PYrzyw-ul9jOIyh0N4M0tbC5hodg8dw-- <- fast-levenshtein 2.0.6 (3.0.0 is available)
+ nodelite-2-DDfANUiiG2wC1qawP66qlTugJeL5HyzMpfr8lLK-jMQirGzNod0B12cFB-9q838Ru27sBwfw78-rdoU7RERz6A-- <- is-array-buffer 3.0.5
+ nodelite-2-DEWl-B99RQsyMT3F9bvrXuhL01-eIQp-dtNSE3G1jQ4mTGRcP4iHWxoPZ577WrbjUinrNgvRA5-08g8fkPgimQ-- <- @napi-rs/magic-string 0.3.4
+ nodelite-2-DfNLd5S1P7rmrgqMp-jRd21ryuXUxia1mu4qmZ-cau1NGFO2v5ep14LhzYXmqPde6kgbzPLPkLdRnkffLdI4TA-- <- @solana/wallet-adapter-backpack 0.1.14
+ nodelite-2-Dk4RhklaAbqLzOeJO-MoIFUjcKYGECiAJYYqDzmE-sbXICk5Uo6dGlv8w4z09lmvsASpNUoMvGYHGBK-WkEGpA-- <- @algolia/client-common 5.20.1 (5.57.0 is available)
+ nodelite-2-DMricUmwGZUVr--AEAe2uiVM7UoO9MAVZMDu05UQOaUII0lp-zOzLLU4Xqh-JvTqklB1T4uELaaPBKyjE1r4fQ-- <- ws 8.18.2
+ nodelite-2-DniTEax0sv6isaw6qSQSfV4gVRNtw2rte8HHM45t9ZR0xILaufBRNkpMifCRiAPyvL4ACD6v0gfCwCmtOQaV4A-- <- @babel/helper-compilation-targets 7.25.7 (8.0.0-beta.0 is available)
+ nodelite-2-DoiN84-4Gnd0ncbBOM9AZENV4a5ZiL39HYMyZJGZ-AZEykHYdJw0wW3kdcsh9-Kn-BRXHLkkklZ51ecPKmI1CQ-- <- @babel/helper-environment-visitor 7.24.7
+ nodelite-2-DOSwCRqXirTOyheM-4d5YZOrWcdu0LNZ87ewUoywbcb2XR4wKgqiG8vNeYwhjFMbEkfju7wx2GYH0P2gevGvFw-- <- jest-environment-node 29.7.0 (30.2.0 is available)
+ nodelite-2-DpKm2Ui-xN7-HQKCtpZxoRWBhZ9Z0kqtygG8XCgNQ8ZlDnxuQmWhj566j8fN4Cu3-JmbhsDo7fcAJq4s9h27Ew-- <- validate-npm-package-license 3.0.4
+ nodelite-2-DpLKbNU4WylpxJykQujfCcwYWiV-Jhm50Goo0wrVILAv5jOr9d-H-UR3PhSCD2rCCEIg0uc-G-muBTwD54JhDQ-- <- globalthis 1.0.4
+ nodelite-2-DqHn3DwbmmPVzeKj9woBadqmXxLvQoQIwu7nopMc72ztvxVmVk2SBhSnx67zuye5TP-lJsb-TBQsjLKhnDf3MA-- <- regenerate-unicode-properties 10.2.0
+ nodelite-2-Ds09qNh8yw3khSjiJjiUInaGX9xlqZDY7JVryGxdxV7NPeuqQfplOpQ66yJFZut3jLa5zOwkXw1g9EI2uKh4Og-- <- define-lazy-prop 2.0.0 (3.0.0 is available)
+ nodelite-2-DuRs1gKbBqsMKIZlrffwlug8MHkcnpjs5VPmL1PAh-mA30U0DTotfDZ0d2UUsXpPmPmMMJ6W773MaA3J-lbiWA-- <- strip-ansi 5.2.0 (7.2.0 is available)
+ nodelite-2-DWPLtr1Kz3tv8L0UvXTDP1fNwM0S-z6EJpRcvH66orY6Eld4XBMCSYsaWp4xIm61jTWxK68BrR7ibO-vSDnZqw-- <- @octokit/endpoint 9.0.4 (9.0.6 is available)
+ nodelite-2-DyFP3BM-3YHTQOCUL-w0OZHR0lpKeGrxotcHWcqNEdnltqFwXVfhEBQ94eIo34AfQpo0rGki4cyIiftY06h2Fg-- <- get-caller-file 2.0.5
+ nodelite-2-DykbNHxuXQwUDRv5ibc2b0x7uw7wmwOGLBUd5RmaQ5z8Lhx19vwvKV-FAsM5rEA6dEcHxX--Ad5s9eF2k2bB-w-- <- ansi-fragments 0.2.1
+ nodelite-2-DziebCdg4JpGlEqEdGgXmjqcFoJi-JGulUXwEjsZGAscAQ7MyD-7LE-GVCP29vEQxKc7AAwjT3A2ywHp2xfoCA-- <- @ethereumjs/rlp 5.0.2
+ nodelite-2-E-iruNOY8VV9s4JEbe1aNEm6MiszPRr-UfcHMz0TQh1BXSxHK-ASV1R6W4HpjBhSeS-54PIsAMCBmwD06LLsqQ-- <- JSONStream 1.3.5
+ nodelite-2-E-XQCRwSbaaiChtv6k6Dwgc-bx-Bs6vuKJHHl5kox-BaKbhiXzqQOwK4cO22yElGp2OCmjwVhT3HmxgyPGnJfQ-- <- buffer-from 1.1.2
+ nodelite-2-E-zBKpQ2t6MEo1VsonYmluk9NxGrbzpeeLC2xIViuO2EjU2xsXsBPwTr3Ykv9l08UYEVEdWeRZNouaZqF6RN0w-- <- is-nan 1.3.2
+ nodelite-2-E-ZsdU4HLs-68gYzgGTkMicWTLPdAftJLfJFlLUAAKZGkStNU72sZjT66SnMDVOfOWY-YAoiD7Jxa9iHvngcag-- <- psl 1.9.0
+ nodelite-2-E1b1lFFLvLgak2whF2xDBcOy6NLVGZBqqjJjsIhvopKfWWEi64pLVTWWehV8KlLerZkfNTA95sTe2OdJKm1OzQ-- <- get-uri 6.0.4 (6.0.5 is available)
+ nodelite-2-E1ImOIAD1tBZFRdjeM4-pzTiTApC0AOBGwyAMS4fwIodCWArzJ3DWdoh8cKxeFM2fElkxBh2Aqts1BPC373rHA-- <- @solana/buffer-layout 4.0.1
+ nodelite-2-E5chM8eWjTp-aNoVpcbfM7mLxu9XGLWYise2eBKGQomAk-Mb4XoxyqXTZbuTohbsl8EKqdlMhnDI2CCLfcs9wA-- <- @babel/helper-member-expression-to-functions 7.27.1 (8.0.0-beta.0 is available)
+ nodelite-2-E5LDX7Wrp85Kil5bhZv46j8jOeboKq5JMmYM3gVGdGH8xFpPWXUMsNrlODCrkoxMEeNi-XZIwuRvY4XNwYMJpw-- <- setprototypeof 1.2.0
+ nodelite-2-Ec-2yV2nNPwb4DnTANEV99ZWwm3ZWfdlfkQbWSDDt-PsXEVYwlhPH8tdMaPunYTKKmz7AnHi2oNEi1GcmKCD8g-- <- caniuse-lite 1.0.30001720 (1.0.30001810 is available)
+ nodelite-2-EcR6r5a8bj6pu3ycsa-E-cKVGuTgZJZdsyUYHOksG-UHIiKfjxzRxYJpyVBwYaQeOvghal9fcc4PidlgzugAQg-- <- clsx 1.2.1 (2.1.1 is available)
+ nodelite-2-Ed61U6XJc3CVRfkERJWDz4dJwKe7iLmmJsbOGu9wSloNSFttHV0I8g6UAgb7qnK5ly5bGLPd4oXZlxCdANBOWQ-- <- @babel/helper-validator-identifier 7.25.9 (8.0.4 is available)
+ nodelite-2-EdDDZu4A2OyIK7Lr-2zG-w5jmbuk1DVBnEwREQvBzspBJkCEbRa8GxU1lghYcaGJCnRWibjDXlq779X1-y5xwg-- <- indent-string 4.0.0 (5.0.0 is available)
+ nodelite-2-EeajNjfN9zMnULLwhZZQU3GWBoFNkbngTUPfaawT4RkMiviTxcX0qfhVbGey39mfctfDHkWtuecgQ8NJcyQWHg-- <- spawn-wrap 2.0.0
+ nodelite-2-Eet-eeMhkO6TX8mnUteS9zgPbUMQa4I6Kkp5ORiBD5476-m-PIRiumP5tmh5ioJpH7k51Kehawy2UDfsnxxY8Q-- <- tiny-case 1.0.3
+ nodelite-2-EHcyIPBQ4BSGlvjB16k5KgAJ27CIsHY-2JBmCRReo48y9rQ3MaUzWX3KVlBa4U7MyX02HdVj0K7C3WaB3ju7FQ-- <- buffer 5.7.1 (6.0.3 is available)
+ nodelite-2-EJN2mKxDwfOUCPxMO6MUI58RN3ganiRAG-MS-S3HfB6QFNjroAMelQo-gybyYq97WerCBAZoyrAoW8Tzdq2jWg-- <- @babel/plugin-transform-arrow-functions 7.25.7 (8.0.1 is available)
+ nodelite-2-EJUrI8yYh7WOjNOqpoJaf1jlFIH2LvtgAl-YcFqNCa-4hj64ZXmPkAKOFs-ukjz3byN6bdb-AVUqHkI8-uWWMA-- <- @radix-ui/react-id 1.1.0 (1.1.1 is available)
+ nodelite-2-EmKO5V3OLXh1rtK2wgXRansaK1-mtVdTUEiEI0W8RkvgT05kfxaH29PliLnpLP73yYO6142Q72QNa8Wx-A5CqQ-- <- data-view-buffer 1.0.2
+ nodelite-2-En7KSvNUlQFx20IsYGsFgkNJ2lpvDvRsSFOT5PTdGskwCkUfOpB33SQJ6nCrN19gyoKPNvWg80Cy6MJI0TjNYA-- <- @walletconnect/sign-client 2.13.0 (2.16.1 is available)
+ nodelite-2-EnwXhrlwXMk9gKu5-flx5sv-an57AkRplG3hTK68W7FRDN-k-OWBj65M7719OkA82XLBxrcX0KSHj-X5COhOVg-- <- semver 7.6.0 (7.8.5 is available)
+ nodelite-2-EPD5q1uXyFxJpCrLnCc1nHnq3gOa6DZBocAIiI2TaSCA7VCJ1UJDMagCzIkXNsUYfD1daK--LTEQ8xiIbrHtcw-- <- util-deprecate 1.0.2
+ nodelite-2-EqhiFU6daOA8kpjOWTL0olhVOF3i7OrFzSYiGsEMB8GcXS-RrzauAERX65xMeNWVqxA6HXH2m69Z9LaKKdisfg-- <- whatwg-fetch 3.6.20
+ nodelite-2-Er2nc-H7RrMXZBFCEim6TCmMk02Z8vLC2Rbi1KEBggpo0fS6l0S1nnapwmIi3yW--GOJap1Krg4w0Hg80oCqgQ-- <- debug 4.3.7 (4.4.3 is available)
+ nodelite-2-ETEklSGi5t0QMZuiXoA-Q6vcnxcLQP5vdugSpuAyi6SVGi2clPPp-xgEhuMaHC-zGgn31Kd235W35f7Hykkaww-- <- form-data 4.0.0 (4.0.6 is available)
+ nodelite-2-EtkOujbc4cgvb0mlpQefi4NTPBzhSIevblFevACNLUspmrALgmEBdL-XfnyyITfd8fKBZrZys92zOWcik7j9Tw-- <- @babel/plugin-transform-unicode-sets-regex 7.27.1 (8.0.1 is available)
+ nodelite-2-EtKwoO6kxCL9WO5xipiHTZlSzBm7WLT627TqC-uVRd0HKmq8NXyebnNYxDoBi7wt8eTWrUrKXCOVaFq9x1kgag-- <- graphemer 1.4.0
+ nodelite-2-EtqRBEjp1dL-15V7WiX5LJMIxxkdiGJnabzYx5Apx4FkQIFgAfKumXeYAqqJCj1s-BMX4cPFIFC4OLCR6stlnA-- <- @octokit/openapi-types 20.0.0
+ nodelite-2-ETyHEk2VHHvl9b9jZP5IHPavHYk57EhanlRRuae9XCpb-j5bDCbPPMOBfCWhnl-7EDJz0jEMCi-RhccCE8r1-Q-- <- @babel/types 7.27.6 (8.0.4 is available)
+ nodelite-2-EV3L1-UQWGor21OmnvojK36mhg-TyIKDh3iFBKBohr5xeXIhNBcx8oWdgkTEEQ-BEFFYdLRuqMfd5L84N1V5Vg-- <- shebang-command 1.2.0 (2.0.0 is available)
+ nodelite-2-EVm-rR94FJTZi3zefZ82fLWab-GX14LJN4HrWBcuo6Evmsl9hEfnqxgcHCKb9q-mNf6EVdsjx-qucYFIIB84pg-- <- lower-case-first 2.0.2
+ nodelite-2-Ewyx0c9PmpcsByhSW4r-9zDU7sGjFc86qf-kKtuSCRdhfbk0SNLLkaT5qvcHnRGgc5NP-ly-y-qkXkqONX54CQ-- <- array.prototype.flatmap 1.3.2 (1.3.3 is available)
+ nodelite-2-Ey6176gZmeqZuY-W-nZiUyvmb1-qInjcpiZjXWi6nON-nxJpD1bxtSoBxNliGISae32n6OwbY-TSXPZ1CfS4bw-- <- @inquirer/figures 1.0.10
+ nodelite-2-EykJT-Q1KjTWctppgIAgfSO0tKVuZUjhgMr17kqTumMl6Afv3EISleU7qZUzoXDFTAHTDC4NOoG-ZxU3EvlMPQ-- <- has-flag 4.0.0
+ nodelite-2-Ezda85ToJUBhM6WGaG6veasyym-Tbs3cMAw-ZhOPqXiYsr0jgocBV3j3nx-4lk47plLlIqjwuTm-ywVI-zjJ-A-- <- markdown-table 2.0.0 (3.0.4 is available)
+ nodelite-2-F-i2BKsFrH66iaUFc0woD8sLy8getkwTwtOBjvs56Cx4CgJDeKQeqfz8wAYiSb8JOprWhHH5p77PbmYCvvUuXQ-- <- is-docker 2.2.1 (3.0.0 is available)
+ nodelite-2-F3asv42UuXchdzt-xXqfW1OGlVBe-mxa2mqI0pg5yAHZPvFmY3Y6drSf-GQ1A86WgWEN9Kzh-WrgKa6iGcHXLg-- <- pend 1.2.0
+ nodelite-2-F3OznnSLAUxFrCEu-L5PY8-ny8DtcFRjx7fZZ9bycvXRi3KPTRS9HOitGZwvPg0juRhXFWIeKX58cnX5YqLohQ-- <- @types/rimraf 3.0.2
+ nodelite-2-F6bEyamV9jKGAFBEmlQnesRPGOQqS2-Uwi0Em15xenOxHaf2hv6L8YCVn3rPdPJOiJfPiCnLIRyvwVaqMY3MIw-- <- @types/prop-types 15.7.15
+ nodelite-2-F9p7yYCn6cIW9El1zi0HI6vqpeIvBsr3dSuRO6Xuppb1u5rXpCPmMvLSyECLhybr9isec8Ohl0hPekMVrEinDA-- <- unfetch 4.2.0 (5.0.0 is available)
+ nodelite-2-FCLHtRD-gnpCiCHEiJLOwdmFP-wzCmDEkc9y7NsYxeF4u7Btsn1ZuwgwJGxImImHicJArLP4R0yX4c2KCrMrTA-- <- side-channel-list 1.0.0 (1.0.1 is available)
+ nodelite-2-Fd4gABb-ycGAmKou8eMftCupSir5lRxqf4aD-vd0cD2qc4HL07OjCeuHMr8Ro4CoMaeCKDB0-ECBOVWjTwUvPQ-- <- is-path-inside 3.0.3 (4.0.0 is available)
+ nodelite-2-FdSNcu2QQcWnM2VNvSCCDCVS5PpPqpzgFT8-GXzqJuoDd0CBncxCY278u4mhRO7tMgo2JjgJA5aZ-nWSQ-Z-xg-- <- graphql-tag 2.12.6
+ nodelite-2-FhpRzf927MNQdRZP0J5DLIdTXhjLYzeUTmLAu69mnVksLH9CJY3IuSeEgbKUki7GQZm0WqDkGzyxju2EZGD2wA-- <- @types/js-yaml 4.0.5 (4.0.9 is available)
+ nodelite-2-FIBA7N3LZ-223U7cJDUYd5shmciFQlYkFXlkKVaHsCPgfVLiO-e12FmQE6Tf9vuyEsFe3dIl8qGWKXgEHL9wmQ-- <- @shikijs/langs 1.29.2 (3.22.0 is available)
+ nodelite-2-FIqgj2EUvTa7R50u0rGsyTftzjYmv-a3hO345bZNrqabNqjtgiDMgmo4mkUjd-nzU5oF3dClKqFIPUKybUyqoQ-- <- querystringify 2.2.0
+ nodelite-2-Fj4YRQ3Az0WTZw1sFe-QDb0aXCerigEpw418pw1HBUKFtnQHWzwojaukAs2X-c9DQz4MQ4bsXTGlcpGxU-RCIw-- <- @vue/runtime-core 3.5.13 (3.5.27 is available)
+ nodelite-2-FJhYRoDaiatfEkUK8HKlicmu-3SGFD51q3itKDGoSTysQJBnfOcxU5GxnhE1E6soB76MbT0MBtnKJuXyAx-96Q-- <- get-nonce 1.0.1
+ nodelite-2-FKArQpbrbwv08TNT0k7ejYXpF-R8knZFAatNc0acOxbgeqLzwb86r-P3LGOjIeI3Idqe9CVkZrh4GlsJLJKkkw-- <- @tailwindcss/node 4.0.8 (4.1.18 is available)
+ nodelite-2-Fl70vYtsAFb-C06PTS9dZBo7ihau-Tu-DNCk-OyHhea07S-aeMWpFFkUaXRa8fI-ScZbEI8dfSxwY7gxZ9SAVQ-- <- humanize-ms 1.2.1
+ nodelite-2-FmGoeD4S05ewj-AkhTY-D-myDvXI6eL27FjHIjoyUkO-uw7WZD1fBVs0QxeYWa7E17CUHJaYX-RUGISCtcrG4Q-- <- lightningcss 1.29.1 (1.31.1 is available)
+ nodelite-2-FnrTWO4L7-Bhhf3CYBNArEG-yROV0tKmTv7-3h9QCFvH6sndeFf1wPqOcbFVu5VAulS5dV1wGT3GZZ-1GawqiA-- <- react-remove-scroll 2.5.7 (2.7.2 is available)
+ nodelite-2-FoqMu0NCGBLCcAkS1qA-XJIQTR6-JHfQXl-uGteNCQ76T91DMUjPa9xfmeqMY3z80nLSg9yQmNjK0Px6RWsH-A-- <- sirv 3.0.1 (3.0.2 is available)
+ nodelite-2-FP-p8RB8OWpF3YZBCrP5gtADmtXApB5AMLn-vdyA-PyxCjrCs00mjyUozssO33cwDeT3wNGdLxJ5M--YqtHAJw-- <- mkdirp 0.5.6 (3.0.1 is available)
+ nodelite-2-FPGAkJmyoChQeM-ruBGIDyrT2tKfZJO8NcxdC-CWNJi7N8-rZpSxK7yvBJ5O-nF1gfu5KzN7VKG3YVSLFfRSxQ-- <- @babel/helper-simple-access 7.25.7 (7.29.7 is available)
+ nodelite-2-FQFO4H5wHAmHVyuUQrjvPE8re3qJXt50TWHuzrK3dEaief7JosmlnkLMDMbMBwtwITz9u1Wpl6doPhT2GwKtlw-- <- @graphql-tools/git-loader 8.0.6
+ nodelite-2-FqHhAsCI-Vacx2qa5mAFcWNSrTcVGMNjzxVgaX8ECSny-BJ9-vgXP9V7WF-8vb9DltPeQkxr-Fnfmm6GHfmdTQ-- <- @metamask/onboarding 1.0.1
+ nodelite-2-FQN4MRfuJeHf7cBbBMJFXhKSDq-2kAArBlmRBvcvFE5BB1HZKXtSFASDhdlz9zOYwxh8lDdnvmMOe--5cdoEdg-- <- combined-stream 1.0.8
+ nodelite-2-FqUYQ-8o158GyGTrMFJms9qh3CqTKvAqgqsTnkLI8sKu0028orqBhxNMFkFen0zGyg6epACD32pjVk58ngIErQ-- <- decode-uri-component 0.2.2 (0.4.1 is available)
+ nodelite-2-FQx220y22OKNTqaByeBGqHWYz4cl94tpcxeFdvBo3wjG6XPBuZ0BNgNZRV5J5TFmmcsJ4IzsLkmGRiQbnYsBEQ-- <- @types/node-forge 1.3.11
+ nodelite-2-FRdAyx5lusK1iHG0TWpVtk9-1i-GjrzRffhDg4ovQ7mcidMQ6mj-MhKPmvh7Xwyv5gIS06ns49CA7Sqg7lC22Q-- <- is-unicode-supported 2.0.0 (2.1.0 is available)
+ nodelite-2-Frkj8hWJ1FRZiY3kzVCKzS0N5mMwWKwmv9vpam7vt8rZjLL1JMthdh6pSDVSPumHPshTTkKZ0VtNbE0cJHZZUg-- <- @changesets/assemble-release-plan 6.0.6 (6.0.9 is available)
+ nodelite-2-FT1yDzDYEoYWhnSGnpE-4Kj1fLZkDFyqRb7fNt6FdYOSxlUWAtp42Eh6Wb0rGIv-m9Bgo7x4GhQbm5Ys4SG5ow-- <- lodash.debounce 4.0.8
+ nodelite-2-FtEGm9mwtRYQNK43WMtUIadxHs-ja2rnDurB99os0ZoFTGG2IHuht2zD97W0wB8JbqEabT1XwSG9Y5wmN-ciEQ-- <- @swc/core-linux-x64-musl 1.7.14 (1.9.3 is available)
+ nodelite-2-FTiCpNxtwiZZHEZbcbTIcZjERVICn9yq-pDFkTl95-AxzD1naBctN7YO68riM-gLSDY7sdrMby8hofADYuuqOA-- <- buffer 6.0.3
+ nodelite-2-FtwrG-euBzaEjYeRqOgly7G0qviiXoJWnvEH2Z1plBdXgbyjv34pHTSb9zoeHMyDy33-DWy5Wt9Wo-TURtOYSQ-- <- http-errors 2.0.0 (2.0.1 is available)
+ nodelite-2-Fu4hJdvzeylCfQPp9SGWidpzrMs7tTrlu6Vb8XGaRGck8QSNZJJp538Wrb60Lax4fPwR64ViY468OIUTbRlGZg-- <- comma-separated-tokens 2.0.3
+ nodelite-2-FUCf5XMfmW4dtYl69pdS4DbxKy8nj4M7SafBgPllysxmdachynNflAdp-gCsnYWNDnge6tI9onzMp5ARYc1KNw-- <- @radix-ui/react-slot 1.1.0 (1.2.4 is available)
+ nodelite-2-FuoE1qtbJ4bBVvv94CC7s0oTnKUGvQs-Rjf1L2SJFfS-HTVVjhPFtehPdQ0JiGPqVNfSSZvL5yzHHQq2Z4WNhQ-- <- extract-files 11.0.0
+ nodelite-2-FUV3xaJ63buRLgHrLQVlVgQnQdR4yqdLGaDu7g8CQcWjInDfM9plBTPI9FRfpahju1UBSaMckeb2-46ApS-V1Q-- <- css-value 0.0.1
+ nodelite-2-FuwxlW4H5kh37X-oW59pwTzzTKRzfrrQwhmyspRM7swOEZcHtDZSCt45U6oKgtuFE-WYPblePMVIPR4RZrh-hw-- <- base-x 4.0.0
+ nodelite-2-Fv96DCsdOgB6mdGl67MT5JaTNKRzrzill5OH5s8bjYJXVlcXyPYGyPsUkWyGV5p1TXI5esYIYMMeDJL0hEIwaA-- <- decamelize 6.0.0 (6.0.1 is available)
+ nodelite-2-FwdRXKCohSVeXqwtYonZTXtbGJKrn-HNyWDYVcp5yuJlesTwNH4rsmRZ-GrKAPJ5bLpRxESMeS-Rl0VCHRvB2Q-- <- parse-filepath 1.0.2
+ nodelite-2-FwIbqDD8O-8lM4vUZ4KvQZjPPNx7V1VhT7vmRB8RBAO0AU6wuTVdoXiu2CivVjEGdugvcbPNBLtPE1y0ifplHA-- <- lit-html 3.1.3 (3.2.1 is available)
+ nodelite-2-FxqpkPPwu1HjuN93Omfm4h8uIanXofW0RxVEW3k5RKx-mJJYSthzNhp32Kzxxy3YAEZ-Dc-EWN1vZRY0-kOhbw-- <- cli-width 3.0.0 (4.1.0 is available)
+ nodelite-2-Fy-uL8z-LAYcPbm7a1LwFnTY9pIi5FAi12iuHsgB7zHjdh4eeIKS2NIg4nroAmTcUTUZ0-cVTo4bDOCUcS3aKw-- <- turbo-linux-64 2.4.2 (2.7.6 is available)
+ nodelite-2-FYiTvku63me9-1Nz7TOx4YMtW3tWXzfANZtrzHhUZrz4d47EEtMQhzFoZWESfXuAMMT5mwzD4-y1N8ONAX6lMQ-- <- @babel/plugin-transform-parameters 7.25.7 (8.0.1 is available)
+ nodelite-2-G10EBz-zAAy3zUd-CDoBbXRL6ia9kOo3xRHrMDsHljI0GDkhYlyjwoCx5-3eCC4swi1uCoZQhskuJkj7Gp57Bw-- <- resq 1.11.0
+ nodelite-2-G5eDKsu50udECw7DL2AcsysXiQyB7Nfg521t2OAJ4tbfTJ27doHLeF-vlI1NZGlLdbb-v-ibvtL1YBQqYOwJGg-- <- @babel/plugin-transform-flow-strip-types 7.27.1
+ nodelite-2-G6T0ZX48xgozx7587koeX9Ys2NYy6Gmv--P89sEte9V9whIapMNF4idKxnW2QtCcLiTWlb-wfCabAtAFWhhBow-- <- minimatch 9.0.5 (9.0.9 is available)
+ nodelite-2-G7Ok5C6E-j4SGfyLCloXTrngQIQU3PWtXGst3yM7Bea9FRURf1S42ZHlZZtsNque2FN2PoUhfZXYLNWwEr4dLQ-- <- string.prototype.trimend 1.0.9
+ nodelite-2-G8rwsOQJ63XG6BbKj2w5rHeavFjy5zynBA9zsJMMtBoe-Uf757oG12NXz6e6OirF7RCrTVAKFXbLmn1RbL7Qaw-- <- playwright 1.50.1 (1.62.1 is available)
+ nodelite-2-G965FqalsNyrPqgEGON7nIx1e-OVENSgiEIzyC63haUMuvNnwIgIjMs52hlTCKhkBny7A2ORNlfY9Zu-jmGk1Q-- <- aes-js 4.0.0-beta.5
+ nodelite-2-GaETH5wwsX-GcnzhPgKcKjJ6M2Cq3-iZp1WyY-X1CSqrW-jVNM9Y7D8EC2sM4ZG-V8wZlSniJnCKWPmBYAucRQ-- <- write-file-atomic 2.4.3 (6.0.0 is available)
+ nodelite-2-GBEV4GRADeP-qtB2-6u61stea8mGcOT4mCtrYISZwfu9-ISHFJ-5zOMXYbpBE9RsS5-Gb63DW4FgmnKJ79Kf6w-- <- jest-message-util 29.7.0 (30.2.0 is available)
+ nodelite-2-GbK2cP9nraSSUF9N2XwUwqfzlAFlMNYYl-ShE-V-H8a9uNl-oUqB1w2EL54Jh0OlyRSd8RfWYJ3coVS4TROP2w-- <- prettier-linter-helpers 1.0.0 (1.0.1 is available)
+ nodelite-2-GCfE1mtsHGOELCU8e-Z7YWzpmybrx--dSTfLrvY8qRmaY6zXTKWn6WQIjaAFw069icm6GVMNkgu0NzI4iPZUNw-- <- istanbul-lib-report 3.0.1
+ nodelite-2-Gd2UZBJDkXlY7GbJxfsE8-nvKkUEU1G38c1siN6QP6a9PT9MmHB8GnpscSmMJSoF8LOIrt8ud-wPtojys4G6-g-- <- safe-buffer 5.1.2 (5.2.1 is available)
+ nodelite-2-GDhU9ntwuKyGXdZBUgTIe-vXnWj0fppUEtMDL0-idd5Sta8TGpHssn-eusA9mrPr9qNDym6SxAYZjNvCn-9RBg-- <- extract-zip 2.0.1
+ nodelite-2-GDhwkLfywWL2s6vEjyhri-eXmfH6j1L7JE27WhqLeYzoh-A3DBaYGEj2H-HFZCn-kMfim73FXxEJTw06WtxQwg-- <- readdirp 4.1.2 (5.1.1 is available)
+ nodelite-2-GeZeeRjpD2qf49cZQ0Wvh-8NJNfeXkXXcoGh-F77oEAgo9gUHwT1fCRxSNU-YEEaysOJTnsFHmM5oAcPy4ntvQ-- <- engine.io-client 6.5.4 (6.6.4 is available)
+ nodelite-2-GFn91inaUa2oHLak8awSIigYz0cU0Payr1rcFsrkf5OJ5eSPxElyZfKh0f2p9FsTiZWXQdWGJeXZICEfXXYSXQ-- <- @lit/reactive-element 2.0.4
+ nodelite-2-GgvgHS3Aa2J8-mp1uC-zU8HuTh8ZT5jz7a4mVMWPw7-rGyv70Ba8uOVBq6UH2Q08o617IATYc-0HfyzAfm4n0w-- <- @react-native/codegen 0.74.83 (0.81.5 is available)
+ nodelite-2-GHTSNSYICQ7scH7sZ-M2rFopRoLh8t2bLSW6BbgrtLsahOIB5iyAVJf9GjWK3cYTDaMj4XdBpM1cA6pIS0Kv2w-- <- call-bind 1.0.7 (1.0.9 is available)
+ nodelite-2-GIIH3e6KH-91FqGV42Kcj71Uefd-QEe7Dy42sBTeqppXV95ggCcxLTk39bEr-lZfJmp-ghsR07J--ORkRELsBQ-- <- @stablelib/sha256 1.0.1
+ nodelite-2-GIpfHUe1Bjp1Tjda0SkJEizKOT2biuv7VPFnKsOLT1T-8QxEP9NruC-K2UUEvijS1Qr-LKH9P5004RYNgrch-w-- <- @walletconnect/utils 2.12.0 (2.16.1 is available)
+ nodelite-2-GipyPsXO1anza0AOZdy69Im7hGFCNB7Y-NGjDlZGJ3GJJLtwNSb2vrzYrTYJRrRloVx7pl-bhUaTB8yiccPvFQ-- <- eyes 0.1.8
+ nodelite-2-GKMHFfv3458yYy-v-N8gjufHO6MSZKCOXpZc5GXIWWy8uldwfmPn98vp81gZ5f9SVw8YYBctgfJ22a2d7AOMeQ-- <- @types/markdown-it 12.2.3 (14.1.2 is available)
+ nodelite-2-GlaYyEb07DPxYCKhKzplCWBJtvxZcZMrL-4UkrTSJHHPyZU4mYYTv3qaOe77H7EODLSSopAUFAc6W8U4yqvscg-- <- which 4.0.0 (6.0.0 is available)
+ nodelite-2-Gmy6FhYlCY7uOElZUSbxo2UCDH8owEk996gkbrpsgGtrJLM3J7jGxl9Ic7Qwwj4ivOE5AWZWRMecDdF7hqGjFA-- <- camelcase 6.3.0 (8.0.0 is available)
+ nodelite-2-GNAq-eg8Udq2x0eNiFkr9gRg5bA7PXEWagQdeRX4cPSG-X-8V38v637gim9bjFptMk1QWsCTr0ttrJEiXbNnRw-- <- socks-proxy-agent 8.0.4 (8.0.5 is available)
+ nodelite-2-GnlH6vxLymXJNMBo7XP1fJIzBFbdYt49CuTwmB-6N53t-kMPRMFKz783LlQ4tv28XoQfMWinAJX6WCGf2IlaIw-- <- resolve-from 3.0.0 (5.0.0 is available)
+ nodelite-2-GNzQvQTOIP6RyTfE2Qxb8ZVlNmw0n88vp1szwWRimP02mnTsx3Wtn5qRdqY9w2XduFNUgvOwhNnQsjwCp-kqaQ-- <- tapable 2.2.1 (2.3.3 is available)
+ nodelite-2-GpVkmM8vF2vQUkj2LvZmD35JxeJOLCwJ9cUkugyk2nuhbv3-mJvpLYYt-0-USMxE-oj-ey-lJEnhZw75x-OMcQ-- <- commander 2.20.3 (9.5.0 is available)
+ nodelite-2-GQ2EWRpQV8-o-Aw8YqtfZZPfNRWZYkbidE9k5rpl-hC3vtHHBfGm2Ifi6qWV-coDGkrUKZAxE3Lot5kcsRlh-g-- <- parent-module 1.0.1 (2.0.0 is available)
+ nodelite-2-Gq6wuRN-asf9H-E-VzdKoUtT8GC9PQc9z40-vEr0VCJ4u5XvvhWIrSsCB6vD2-cH7ugTdSfYq9fLJCcM00acrQ-- <- @radix-ui/react-presence 1.1.0 (1.1.5 is available)
+ nodelite-2-GrLzwl1QV2PT4X4TEEfuTmZYzIZHLqoTGBjczdUzSqgCCcqwWzLB3qrJxFQfI8e5s1qZ1bhpsO9NoMn7tvpmyA-- <- @graphql-tools/code-file-loader 8.1.2
+ nodelite-2-GsALrTL69mlwbAw-MHF1IPTadSLZQnsxe7a80G8l4inN-iEXCOcVeT-S7aRc6hbhqzL9qZ314kHPDQnQ3ev-HA-- <- @types/cli-table 0.3.4
+ nodelite-2-GVyH1iYqNANwcahAx8JBm6awaNgvR-SwZ1fjr10b8l1HIgDp82ngNbfzJUgOgWEoxjL-URAggnlilAEXwCOZtg-- <- @vueuse/core 12.5.0 (14.2.0 is available)
+ nodelite-2-GWkBvjiSZK87ELrYOSESUYeVIc9mvLLf-nXalMOS5dYrgZq9o5OVkbZAVM06CVxYsCwH9BDZFPlQTlPA1j4ahA-- <- eventemitter3 5.0.1 (5.0.4 is available)
+ nodelite-2-GWMwSvxuZn-uGGydi5yywnnDZy08SGps4I-63xqvWT7lxtH4cVLnhgZZYtEcPz-QvgPg9vbH2rvWpa29owMtHA-- <- markdown-link-check 3.12.2
+ nodelite-2-Gxc29eLs1fbn6LQ4jSU4vXjlwyZhF5HsGuMAa7gqBP4Rw4yxxltyDUuF5MBclFzDTXO-ACchGQoeela4DSfzdQ-- <- get-port-please 3.1.2
+ nodelite-2-H-2gurFWVi7xXvCyvsWRLCMekl4tITJcX0QEsDMpzxtuxDyM59xLatYNg4s-k9AA-HdtCYfj2su8mgA0GSDLDA-- <- cosmiconfig-toml-loader 1.0.0
+ nodelite-2-H-A06tKD7sS1O1X2SshBVeA5FLycRpjqiBeqGKmBwBDBy28EnRjORxTNe269KSSr5un5qyWi1iL61wLxpd-ZOg-- <- urlpattern-polyfill 10.0.0
+ nodelite-2-H-vuk5TEEVZwrR0lp2zed9OCo1uAILMlx0JEMgC26rzyJJ3N1v6XkwHHXJQdR2doSjcGPM6OKPYoJgf0plJ11Q-- <- header-case 2.0.4
+ nodelite-2-H0dkQoCa3b2VEeKQBOxFph-JAbcrQdE7KC0UkqwpLmv2EC4P41QXP-rqo9wYodACiG5-WM5s9oDApTU8utwj9g-- <- iterator.prototype 1.1.5
+ nodelite-2-H0TSyFNDMomMNJQBn8wFV5YC-2eJ-VXECwOadZJT554xP6cODZHPX3H9QMQECxvrgiSOP1pHjy1sMWQVYJOUOA-- <- agent-base 7.1.1 (7.1.4 is available)
+ nodelite-2-H2iMtd0I4Mt5eYiapRdIDjp-XzelXQ0tFE4JS7YFwFevXXMmOp9myNrUvCg0D6ws8iqkRPBfKHgbwig1SmlLfg-- <- html-escaper 2.0.2 (3.0.3 is available)
+ nodelite-2-H5ZhCF25riFd9uB5UCkVKo61m3S-xZk1x4wA6yp-L3RFP6Z-eHH1ymQcGLo7J3GMPfm0V-7m1tryHuGVxpqEBQ-- <- lodash.clonedeep 4.5.0
+ nodelite-2-H65gsXo1SKjf8zmrJ67eJk8aIRKV5ff2D4uKZIBZShbhGSpEmsQOPW-SKMKYhSTrqR7ufy6RP69rPogdaPh-kA-- <- cosmiconfig 5.2.1 (9.0.0 is available)
+ nodelite-2-H66BPQMrv-V16t8xtmq-UC0CBpiTBA60V8ibS1QVReIp8T1z8hwFxqcGzm9K6lgsN7sB5edVH8a-ze6Fqm4weA-- <- regexpu-core 6.2.0 (6.4.0 is available)
+ nodelite-2-H73RAHsVBapbim0tU2JwwOiXUj-fikfiaoYAKHF3VJfA0pe2BCzkhAHBlLG6REzE-2WNZcxOXjK7lkso-9euLA-- <- stream-browserify 3.0.0
+ nodelite-2-H78uMmQtI2AhgDJjWeQmHwJJ2bLPD3GMmO7Zja-ZZh84wkm-4ut-IUnUdRa8uCGX88DiVx1j6FRe1XfxEgjEZA-- <- domutils 3.1.0 (3.2.2 is available)
+ nodelite-2-HaL-gEyFVvkf9KFg6484wR9s0qjAXlZ8qWPDkTyKF6-zqjBe-I2mygg3MbpZ--hdi0ToqNUF8cjj7fBy0dg8Ug-- <- @changesets/pre 2.0.2
+ nodelite-2-HBwaojN0xFRx4yIvpwGqxiV2tUfl7401jlok564NgB9EHS1y6QT17FmKWm4ztqjeVdXLuC4fSvHc5ePpQjoTbw-- <- @babel/helper-optimise-call-expression 7.22.5 (8.0.0-beta.0 is available)
+ nodelite-2-HcttkxzdPucv3nNFmfOOMfFf64KgdJVqm1KaCm25dPGMLElo9nsLvXeJECQg8UzPuBGLyTSA0ZzqCtDSzKTEoQ-- <- @babel/parser 7.25.8 (8.0.4 is available)
+ nodelite-2-Hdw8qdNiqdJ8LqT0iK0sVzkFbzg6fhnQqqfWhBDxcHZvU75-B-ayzTy8x-k5Ix0Y92XOhOUlx74ps-bA6BeYMQ-- <- auto-bind 4.0.0 (5.0.1 is available)
+ nodelite-2-HDWXG8isMntAyRF5vZ7xKuEvOhT4AhlRt-3czTSjvGUxjYCBVRQY48ViDHyfYz9VIoBkW4TMGQNapx-l3RUwdA-- <- lodash.sortby 4.7.0
+ nodelite-2-HehCEsotFqbPW9sJ8WVYB6UbmIMv7kUUORIF2Nncq4VQvBfNBLibW9YZR5dlYCSUhwcD628pRllm7n-E-YTzJw-- <- socks-proxy-agent 8.0.5
+ nodelite-2-HgMmCqIJSAKqo68l0rS2AanEWfkxaZ5wNiEFb5ggm08lDs9Xl2KxBlX3PTcaD2chBM1gXAYf491-M2Rv8Jwayg-- <- loglevel 1.9.2
+ nodelite-2-HGyxoOTYUyCM6stUe6EJgnd4EoewAI7zMdfqO-kGjnlZmBDz-cR5pf8r-cR4Wq60sL-p0IkcjUEEPwS3GFrIyw-- <- array-union 2.1.0 (3.0.1 is available)
+ nodelite-2-Hicd6JK5Njt2QB6XYFS7ok9e37O8AYk3jTcppG4YVQnYjOemymvTcmc7OWsmq-Qqj5TdRFO5-x-tIPmBeRtGHg-- <- jsdoc-type-pratt-parser 4.1.0 (7.1.0 is available)
+ nodelite-2-HJDGx5daxeIvxdBxvG2cb9g4tEvwIk3i8-nhX0yGrYmZUzbkdg8QbDevheDB8gd0--uPj4c1EQua8Q-MViT0-w-- <- es6-promise 4.2.8
+ nodelite-2-HM7yY8O2ilqhmULxGMpcHSF1EhJJ9yBj8gvDEuZ6M-KGJ0YY2hKpnXvRD-hZPLrDVck3ExIGhmPtSdcjC-guuw-- <- qrcode-generator 1.4.4
+ nodelite-2-HNjmfLQEVRZmHRET336f20H-8kOozUGwk7yajvsonjNxbj2wBTK1WsQuHkD5yYh9RxFGL2EyDHryOihOwUoKDA-- <- @parcel/watcher 2.4.1 (2.6.0 is available)
+ nodelite-2-HnLOCR3vjcY8beoNLtcjZ5-nxn2afmME6lhrDrebokqMap-XbeW8n9TXpPDOqdGK5qcI3oT0GKTW6wC7EMiVqA-- <- string-width 5.1.2 (8.1.0 is available)
+ nodelite-2-HOJkrhaYsweh-W-e74Yn7YStZOilkoPb6fycpwNLKzSPtruFs48nYis0zy5yJz1-ktUhHxoRDJ27RQAWLIJVJw-- <- deepmerge-ts 7.1.5
+ nodelite-2-HoMUjhH9T8DDBNT-6xzkrd9ga-XiBI4xLr58LJACwK6G3HTOPeMz4nB4KJs33L2BelrIJa7P0VuNaVF3hMYfjg-- <- multiformats 9.9.0
+ nodelite-2-HoomFHQ3av1uhq-7FxJTq4Ns0clAD-tGbQNrSd0WFY3UAjjUk6G3LaWEqdgmIXYkY4pexZiyZ3ykZJhQlM0J5A-- <- htmlfy 0.2.1
+ nodelite-2-HpGFw18DgFWlncDfjTa2rcQ4W88O1mC8e8yZ2AvQY5KDaktSTwo-KRf6nHK6FRI5FyRyb-5T6-TSxfP7QyGsmQ-- <- builtin-status-codes 3.0.0
+ nodelite-2-HqD3yTBfnBxIrbnM1DoD6Pcq8NECnh8d4As1Qgh0z5Gg3jRRIqijury0CL3ghu-edArpUYiYqQiDUQBIs4np3Q-- <- engine.io-parser 5.2.3
+ nodelite-2-HqljZKDwk6Z4TajKRGhGLlRsbGK4S8EY27DA7v1z6yakewiUY3J7ZKDZRxcqz2MYV-ZXRrJ6wnnpiHFkPdv0WA-- <- @solana/web3.js 1.91.7 (1.93.1 is available)
+ nodelite-2-Hr5Jfhc9eYOQNPYO5WLDq-n4jqijdHNlDXjuAQkkt-mWdQR-XJToOHrsD4cPaMXpn6KO7y2-wM8AZEs8VpBLVA-- <- @types/json-schema 7.0.12
+ nodelite-2-HRDzbaKjC-AOWVXxAU-x54COGeIv9eb-6CkDSQoNTt4XyWoIJvuPsXizxu-Fr23EiekbtZwmh1IcIG-l-a10GQ-- <- pkg-dir 4.2.0 (8.0.0 is available)
+ nodelite-2-Hrgsx-orqoygnmhFbKaHE6c296J-HTAQXoxEF6gNupROmmGJRoyzfG3ccAveqCBrwr-2yxQ5BVd-GTl5agOwSg-- <- range-parser 1.2.1 (1.3.0 is available)
+ nodelite-2-Hrp5vIK-xr5SkeN2onO32H0MgNZ0f17HRNH39WfL0SYUNOTZ5Lz1TJ8Pajo-87dYGEFlLMm7mIc-k-s6Bvz9HQ-- <- hasha 5.2.2
+ nodelite-2-Hs4R-4SPgamu6rSGW8C7cV9gaWUKEHykfzCCvIRuaVv636Ju10ZdeUbvb4TBEW0INuq2DHZqXbK4Nd3yG4RaRw-- <- async-mutex 0.2.6 (0.5.0 is available)
+ nodelite-2-HTUrgRJ7r4dsZKU6GjmpfRK1O76h97Z8MfS1G0FozR-oF2kG6Vfe8JE6zwrkbxigziPHinCJ-gCPjA9EaBDtRw-- <- css-what 6.1.0 (7.0.0 is available)
+ nodelite-2-HuIwqbKxPaJujox25Ra4qwz0uQzlpsaBOzO6CVfzB-MemZdd-Gib8AIvfhQArK0YIN40aDran-yi-E5Xf0mQww-- <- @graphql-tools/schema 10.0.4
+ nodelite-2-Hwx9EUgdwf2GLarOjQp5ZH8ZmblzcbTBC2wtQWNKARBSxM9ezRIAUpeDTgoQRAFB0-8CNWXVA9-MaSOzOF3nPg-- <- @types/lodash 4.14.195 (4.17.7 is available)
+ nodelite-2-HxJdYWq1MTIQbJ3nw0cqssHoTNU267KlrDuGZ1WYlxDStUtKUhOaJmh112-TZmHxxUfuJqPXSOm7tDyas0OSIQ-- <- which 1.3.1 (6.0.0 is available)
+ nodelite-2-HXwADeHEP4exXkCIwy2n1-i0f1ilP1ETQOH5KDOugjkTFZPntWo0Gr8stZOaebkxsdx-k0X-K6obU--it07ocg-- <- @types/flexsearch 0.7.3 (0.7.42 is available)
+ nodelite-2-HYLt8M6mjUfcoUOzyBcX2RjpfapIwHPBmQJtTmXOQW845Y-Osu9VuTJ5kPvnmWJ6IUa05WpblfOwZ-P0G4iZsQ-- <- @vueuse/integrations 12.5.0 (14.2.0 is available)
+ nodelite-2-HZpPoABogPvjeJOdzCOSJsXeL-SMCBgBZMVC3X3d7YYp2gf31MfxhUoYUNwf1ERPJOnQc0wkFn9trqI6ZEdZuA-- <- @microsoft/tsdoc 0.15.0 (0.16.0 is available)
+ nodelite-2-I-zHAwsKf9FqGoXM4WWRACob9-SNukZTd94DWF57E4toouRulbCxcUh6RKUEOQlYTHJnzkPMySvPNaaSLNfLZw-- <- cli-cursor 3.1.0 (5.0.0 is available)
+ nodelite-2-I2h9DOPxfq3QB2-Y-FTxR46Hj8tY25eM53rxe9ZJ9Ple0slRavB8CzMqlZpaOSv5sYGOeOfiGBSnbJiYAGdkyQ-- <- @graphql-codegen/typescript 4.1.4 (4.1.6 is available)
+ nodelite-2-I2hSBi7Vvs7BEuJDr5dDHfzb-Ruj3FyvFyh7KLilAjNQw3Be-xgqUBA2W6scVEcL0hL1dwPRtIqEPVUCKkSsyQ-- <- constant-case 3.0.4
+ nodelite-2-I4q9QU9MQv4oEOz4tAHJtNz1cwuLxn2F3xcc2iV5WdqLPpUnj30aUuxt1mAxYTG-oe8CZMV--6rU4S4gRDzqtQ-- <- @types/yargs-parser 21.0.3
+ nodelite-2-I5qxpzLv-sJhTVEoLYNcTW-bThDCPsit0vLNKShZx6rLtpilNpmmeTPaeqJb9ZE9dV3DGaeby6Vuhrw38WjeyQ-- <- consola 3.2.3 (3.4.2 is available)

Done in 2.4s
