Progress: resolved 1, reused 0, downloaded 0, added 0
Packages: +250
++++++++++++++++++++++++++++++++++++++++++++++++++++++++++++++++++++++++++++++++
Progress: resolved 250, reused 0, downloaded 248, added 248
Progress: resolved 250, reused 0, downloaded 249, added 249
Progress: resolved 250, reused 0, downloaded 250, added 250, done

dependencies:
+ nodelite-2-nsO-KSNgo1SbJqJEYRE9ERzo7YtYbou-OqjSQKxV7jcKox7-usiUVZOAC-XnDOABXggQTno0Y1CpVnuWEc1boQ-- <- react-fast-compare 3.2.2
+ nodelite-2-nwNCjxJTjNuLCgFr42fEak5OcLuB3ecca-9ksPFNvtfYSLpjf-iJqSIaSnIile6ZPbKYxI5k2AfXqeopGudK-g-- <- untyped 2.0.0
+ nodelite-2-nwoRF1rvRRnnCqqY7updORDsuqKzqYJ28-oSMaJMMgOauh3fvwHqMS7EZpIPqK8GL-g9mKxF1vP-ZjSeNjEVHg-- <- css-select 5.1.0 (6.0.0 is available)
+ nodelite-2-nyqVLu4MFl9df32zTsdcLqCFfE-z2-f8GE1KHPxWOAmegSo6lpV2GNy5XQvrzwbLmiU7d-fYay4cwto1oNdAaQ-- <- postcss-minify-params 7.0.2 (7.0.9 is available)
+ nodelite-2-nzJwQw99DNDKr9BVCOZcLuJJUlqkJh-kVzVl6Fmq-tI5ZtEyWT1KZMyOXltXLZJmDtvLCDgwsyrkohEtopTXCw-- <- @webassemblyjs/helper-buffer 1.12.1
+ nodelite-2-nzol-h-E0bId46Kn2dQH5VElaknX2Sr0hFuB-1EomdC7j-OISt2ZzK7EHX9DZDY53WbIVAR7FYKSO2XnSf07MQ-- <- css-has-pseudo 7.0.2
+ nodelite-2-o-3ikDxtXaA59BmZuZrJZDJv8NMDGSj-6j6XaeBmHw8eY1i1qd9-6H-LjVvQXx3HN6aRCGa1cUdJ9RaJZUugnQ-- <- registry-auth-token 5.0.2 (5.1.0 is available)
+ nodelite-2-o-NO-8WrRiQEE4-7nwRJhN1HWpVmJm511pBHUxPLtp0BUISzlBplORYSmTclCnJvQq2tKu-sgl3xVpkc7ZWuQQ-- <- kleur 4.1.5
+ nodelite-2-o-sd0nMof8kYff-TqcDx3VSrgBTcZpSvYcAHIfHhv5VAuNmisCxjhx6YmxS8PFEpb9z5WKWKPdzf0jM23ro3RQ-- <- micromark 4.0.0 (4.0.2 is available)
+ nodelite-2-o-zjMZRhJxny7OyEF-Op8X-efiELC7k7yOjMzgfzVqOzXqkBkWI79YoTdOtsuWd5BWhAGAuOY-Xa6xpiaWXiNg-- <- agent-base 7.1.0 (7.1.4 is available)
+ nodelite-2-o0cyEG0e8GPzT4iGHphIOh0cJOV8fivsXxddQasHPHfoZf1ZexrfeA21w2NaEN1RHE-fXlfISmOE8R9N3u3Qig-- <- widest-line 4.0.1 (5.0.0 is available)
+ nodelite-2-o0Je4NvQObAuZPHLFoRSkdG2lTgtcynqymzg2Vupdx6PorhaT5MCbIyXG6d4D94kk8ZG57QeosgdiqfJWhEhlQ-- <- got 11.8.5
+ nodelite-2-o0YkoP4pVu4rN8aTJgAyj9hC2Sv5UlkzCHhxqWj8butaLvnpdc2jOwh4ewE6CX0txSfLn-UYaV-pheS2Txg--Q-- <- @webassemblyjs/helper-api-error 1.11.6
+ nodelite-2-o3uSGYH-2q30ieM3ppu9GTjSXIzOrRdCUn8UOMGNw7Af61bmurHTWI87hRybrP6xDHvOe5WlAj3XzN6vEO8jLw-- <- postcss-normalize-repeat-style 7.0.0 (7.0.4 is available)
+ nodelite-2-o5Roy6tNG4SL-FOkCAN6RzjiakZS25RLYFrcMttJqbdd8BWrnA-fGz57iN5Pb06pvBGvl5gQ0B48dJlslXvoTg-- <- argparse 1.0.10 (2.0.1 is available)
+ nodelite-2-o5sSPKEkg-DIQNmH43V0-uerLrpzVedkUh8tGNvaeXpfpuwjKenlSox-2O-BTlZUtEe-JG7s5YhEz608PlAHRA-- <- toidentifier 1.0.1
+ nodelite-2-o5vL7aDWatOTX8LzaS1WMoaoxIiLRQJuIKKe2wAw6IeULDHaqbiqiggmx-pKvZDb1Sj-pE46Sn1T7lCqfFtg1Q-- <- markdown-extensions 2.0.0
+ nodelite-2-o7-c9bW6zpAdJHTtujeePODAhkuicdAryFsfVKwA-wGw89wJ4GTY484WTucM9hLtDEOpOvI-aHnzqnC5lHp4Rg-- <- string.prototype.includes 2.0.1
+ nodelite-2-o8P0UI5-m9Grd4WZariFO4l2U3WmwRPrI2oO7DEB9JQzIrw-e2-7jUGJy0G4vZ-gJ7tQV7gUItXPIYymEbZxHQ-- <- @swc/html-linux-x64-gnu 1.10.3
+ nodelite-2-o8qghlI8NZHU1lLPrpi2-Uq7abh4GGPpYANlalzWxyWteJOCsr-P-oPBA49TOLu5FTZO4d3F9MnWJfiMo4BkmA-- <- w3c-xmlserializer 5.0.0
+ nodelite-2-o97AE4syN71M-lxrCtQByzphAdlYluKPDBzDVzMmfCobUjjhAryZV0AIpRPrxN0eAkxXO6ZLEScmt-PNhj2OTw-- <- @babel/plugin-transform-template-literals 7.25.9 (8.0.1 is available)
+ nodelite-2-oahGvuMGQlPw-ivIYBjVSrWAfWLBeku5tpPE2fOPLi-WHffIWbuh2tCjhyQhTBPMf5E9jDEH4FOmTYgYwbKwtQ-- <- globals 14.0.0
+ nodelite-2-oaMBel6gjolK862uaPQOVTA7q3TZhuSvuMQAAglQDOWYO9A91IrAOUJEyKVlqJlHE0vq5p5UXxzdPfMH-x6xNg-- <- dayjs 1.11.13
+ nodelite-2-oBePsLbQpTJFxzwyCvs9yWWF0OEM6vGGepHwt1stqmX7QQqOuDc8j2ywdvAs9Tvi44TT7d9ackqhR4Q10l1u8w-- <- child-process-ext 3.0.2
+ nodelite-2-ocL1ZXulfuXzJAwsKw2kMscKMD0rs-f4CFYu6Gjh4mK4um6rGfa1a6u1MSc4swFqRQer0wNP9Pi-kVfKhuKt5A-- <- @algolia/client-personalization 5.20.2 (5.57.0 is available)
+ nodelite-2-oGB-UxlgWcgQkgwo8GcEGwemoTFt3FIO9ababBmaGwXIoBKZ-GTy0pP185beGg7Llih-NSHSV2XAs1lnznocSg-- <- @nodelib/fs.walk 1.2.8 (3.0.1 is available)
+ nodelite-2-ogvGG8VQQqAQQ096uRh-d6tBHrYuZjsumHirKtvBa5qEyTMN3IQJ7apo-sw9lxaB-iKWIhbbLlF3zmAWk9XQIg-- <- @types/jscodeshift 17.3.0
+ nodelite-2-oh-6byDPnL1zeNXFrDXFLyZjkr1MsBG667IM792caf1L2UPOOMf65NFzjUH-ltyfwjAGfs1rsX1eftK0jC-KIg-- <- @types/html-minifier-terser 6.1.0 (7.0.2 is available)
+ nodelite-2-oH5UPLMWR3L2wEFLnFJ1TZXqHufiTKAiLfqw5zkhS4dKXLJ10yVztfil-twG8EDTA4F-tvVNw9nOl4ZMslB8rQ-- <- @babel/compat-data 7.26.8 (8.0.0-beta.0 is available)
+ nodelite-2-oIPzksmTg4-MriiaYGO-okXDT7ztn-w3Eptv--gSIdMdKsJo0u4CfYNFJPy-4SKMuCqGw2wxnA-URMg3t8a-bQ-- <- deep-is 0.1.4
+ nodelite-2-oIXISMynqSqm241k6kcQ5UwttDILMK4BiurCfGEREw6-X9jkkpEe5T9FZaApyLGGOnFuyMWZpdolTXMtvEJ08Q-- <- content-disposition 1.0.1
+ nodelite-2-oj87CgZICdulUohogVAR7AjlC0327U4el4L6eAvOqCeudMDVU0NThNaV-b9Df4dXgSP1gXMTnPdhfe-2qDH5cg-- <- prop-types 15.8.1
+ nodelite-2-oJFu94HQb-KVduSUQL7wnpmqnfmLsOA-nAh6b6EH0wCEoK0-mPeXU6c3wKDV83MkOuHPRHtSXKKU99IBazS-2w-- <- tslib 2.8.1
+ nodelite-2-ojmeN0qd-y0jszEtoY48r0Peq5dwMEkIlCOu6Q5f41lfkswXuKtYrhgoTpLnyIcHm24Uhqx-5Tqm2InSwLhE6Q-- <- path-key 3.1.1 (4.0.0 is available)
+ nodelite-2-oKlSFMcMwpUg2ednkhQ454wfWiU-ul3CkJe-PEHcTKuiX6RpbehUiFMXu13HalGZxfUwCQzZG747YXBn1im9ww-- <- call-bind 1.0.8 (1.0.9 is available)
+ nodelite-2-okMH7OXXJ7YrN9Ok3-SXrnu4iX9yOk-25nqX4imS2npuvTYDmo-QEZoqwZkYaIDk3jVvBOTOIEgEhaLOynBS9g-- <- js-yaml 3.14.1 (5.4.1 is available)
+ nodelite-2-oKnbhFyRIXpUuez8iBMmyEa4nbj4IOQyuhc-wy9kY7-WVPcwIO9VA668Pu8RkO7-0G76SLROeyw9CpQ061i4mA-- <- chalk 4.1.2 (5.6.2 is available)
+ nodelite-2-oKWePCxqpd6FlLvGV1VU0x7bkPmmCNolxzjMf4NczoDnQcIWrAF-cPtZn5i6n-RfD2d9i0tzpKnG6Yk168yIyw-- <- resolve 1.22.8 (2.0.0-next.7 is available)
+ nodelite-2-omNiKqwjNmOQJ2v6ge4SErBbkooV2aAWwaPFs2vUY7p7GhVkzRkJ00kILXQvRhA6miHnNpXv7MRnnSjdRjK8og-- <- @svgr/babel-plugin-svg-dynamic-title 8.0.0
+ nodelite-2-on5ELuxO2K0t8EmNj9MtVlFqwBMxfWOhu4U7uZD1xccVpFlOQKR93CSe0u98iQzfNxRyaNTb-CdadbNllplTsw-- <- start-server-and-test 1.14.0 (2.0.9 is available)
+ nodelite-2-oNh6S2WMHWRZrmutsRmDDfkzKtxF-bc2VxLC9dvtrDIRFln627VsFP6fLMgTryGDljgLPjkrzQSDcPrjPyDJ5w-- <- micromark-util-types 2.0.0 (2.0.2 is available)
+ nodelite-2-oNknIB0TbURU5pqJFVbOOFspVlrpVwo2H1-HUIsVDvp5VauGGDP1ZEvO8Nn5xyMEs3dakajOxlmkNW7kNgSm6A-- <- @babel/plugin-transform-spread 7.25.9 (8.0.1 is available)
+ nodelite-2-onMB0OkDjkXunhdW9htFjEhqrD54-M94i6ackoUkjHKbRnXdyEyKRelp4nJ1kAz32-s27jP1FsebpJCVl0BsvA-- <- croner 9.0.0 (9.1.0 is available)
+ nodelite-2-onYyVhBNr4CmAxFsKS7bz-uTLRakypIe4R-5A824vBSkQy-hB3fZepoVEf8OVAxzLvK-H-jm9TzpI3ETSm64Kg-- <- reading-time 1.5.0
+ nodelite-2-oOdAkwqUfW1WqpwSYJce06wvt6HljgY3fGeM9NcVA1HaYOij3mZG9Rkysn0OHuyUAGMbEbARIpsG-LPVlBJ5-Q-- <- @vue/compiler-core 3.5.13 (3.5.27 is available)
+ nodelite-2-oOg7knzhicgQ3t4QCjCWgTmfNhvQbDDnJeVu9v81r7NltNCVmhPy1fJRX27pISafdjL-SVc4d3l48Gb6pbRypw-- <- micromark-extension-gfm-autolink-literal 2.1.0
+ nodelite-2-oOoQhSpg-RGiGHjn-cqtYpHBkkd-5M-DCi1jmfW-ZOvLVx21QVt6PbWIJoKJF85moNFo4UG9pMBU35R1MaxUKQ-- <- @algolia/requester-browser-xhr 5.0.0 (5.57.0 is available)
+ nodelite-2-ooWCrlZP11i8GImSjTHYHLkvFDP48nS4-204nGb1RiX-WXYHmJA2III9-e2DWVabCESdW7hBAEzHRqUn9OUVvQ-- <- @colors/colors 1.5.0 (1.6.0 is available)
+ nodelite-2-op4nsTR47R6p0vMUUoYl-a-ljLFVtlfaXkLQmqfLR1qHma1h-ysYk4hEXZ880bf2CYgTskvTa-e196Vd5dDQXw-- <- tinyrainbow 2.0.0 (3.0.3 is available)
+ nodelite-2-opC-Ok5pRNAzuvq1AG0ar-1owsu842-Ab-4qvU879ippJBHvyY5n2mxF1izXqkPYlGuP-M556uh53jRLJmzTWA-- <- @img/sharp-linux-x64 0.33.5 (0.34.5 is available)
+ nodelite-2-oq-g1ssrsZOsx9M96c5w8laRmvEu9C3adDSjI8oTcbfkrTE8hx-zfyobUoWIxaKPO8bt6S62kxpw5GqypEw1QQ-- <- postcss-modules-scope 3.2.0 (3.2.1 is available)
+ nodelite-2-oqB6WHdKTGl3q-ItQhpLSnWWOpjUJLsOCLVyeFgeTktkBSCiurvPOsyt93gibI9CmuKvTUEtWmG5VhZD-5T-KA-- <- @babel/plugin-transform-named-capturing-groups-regex 7.25.9 (8.0.1 is available)
+ nodelite-2-oRXApq54ETRj4eMiFzGnHWGy-zo5raudjuxN0b8H7s-RU2oW0Wvsx9O0ACRN-kRq9E8Vu-ReskGB5o3ji-FzHQ-- <- fs-extra 10.1.0
+ nodelite-2-oSXzaWypCMHkPC3NvBEaPHf0KsA5mvPrOPgQWDsbg8n7orZ290M0BmC-jgRZ4vcJ6DTAhjrsSYgdsW-F-MFOBA-- <- lodash.isplainobject 4.0.6
+ nodelite-2-ot0WnXS9fgdkgIcePe6RHNk1WA8-muPa6cSjeR3V8K27q9BB1rTE3R1p7Hv0z1ZyAc8s6Vvv8DIyWf681MAt0w-- <- supports-preserve-symlinks-flag 1.0.0
+ nodelite-2-otDA4ldcIx-ZXsKHWmp0YizCweVRZG96J10b0FevjfuncLO1oX59THoAmHkNubYJ-9gWsYsp5k8v4ib6oDv1fA-- <- joi 17.13.3 (18.0.1 is available)
+ nodelite-2-otIqiRV-jka6Snjf-AqB360XCeSv7lQC-DKYW-EUZf6XbuE8utz5PeUQ8VuOcD8Bk5zvT1MC4JKcd5zPfDuMWA-- <- @docusaurus/plugin-google-analytics 3.7.0
+ nodelite-2-oTkF3exy89KE8NgSeXFwD-0H0GRKL2qUw92t3caEj7-4KzU-0m3t7NtKlq2NLRtTJhZ-izYRpV536oogLzGm3g-- <- @aws-sdk/middleware-host-header 3.278.0 (3.972.2 is available)
+ nodelite-2-ouuZd4-dm2Sw5Gmqy6bGyNNNe1qt9RpmxveLSO7KcgsTnU7RXfsw--bukWGo1abgBiMAic068rclZsO4IWmmxQ-- <- cli-width 4.1.0
+ nodelite-2-oV0jmFtUky6CXfkqehVvBP-LSWJ2sy4vWMioiENyJLePrBO-yKyV9OyJySfAKosh-RYkIl5zJCNZ8-4JncrpdA-- <- which-typed-array 1.1.15
+ nodelite-2-ov6w-2LCiuyO4RLYGdpFGjkcs0wMTgGE8PrkTHikeUy5iJekXyPIKUjifk5CsE0pt7sMCrMZ3YNqoCj6idQOnQ-- <- execa 5.0.0 (9.6.1 is available)
+ nodelite-2-oVekP1cKtI-CTDvHWYFUcMtsK-00wmAEfyqKfNdARm8u1wNVhSgaX7A8d4UuIlUI5e84iEwOhs7ZPYRmzU9U6A-- <- semver 7.6.3 (7.8.5 is available)
+ nodelite-2-oVlzkg3ENAhCk2zdv7IJwd-QUD4z2RxRwpkcGY8psCVcCYZNq4wYnVWALHM-brtuJjePWiYF-ClmuDr8Ch5-kg-- <- on-finished 2.4.1
+ nodelite-2-oVUL7PSlyVV3QRhsdcyYEMaDX8HJyS-CnUonEJTYA3--bWO-o-4gG8F7auGWWWkrrxBQBYOO8DKe-C53ktpRXw-- <- unimport 4.1.2
+ nodelite-2-oWyT4gICAu-kaA7QWk-jvCHWarMKNs6pXOGWKDTr7cw4IGcUbW-PeTfbaQiLGheFRpjo6O9J0PmyMfQPjH71oA-- <- path-scurry 2.0.1 (2.0.2 is available)
+ nodelite-2-oX2ruAFQwf-Orj8m737Y5adxDQO0LAB7-S5MnxCdTNDd4p6BsyIVsv9JQsATbTSq8KHRpLwIHbVlUNatxd-1Ow-- <- fast-glob 3.3.2 (3.3.3 is available)
+ nodelite-2-oxVHkHR-EJf2CNXnWxRLW6mg7JyCCUcG0DtEGmL2ctUo1PNTin1PUil-r--4r5MpVgC-fn1kjsx7mjSujKqIpw-- <- keyv 4.5.4 (5.6.0 is available)
+ nodelite-2-oYp7156SP8LkeGD0GF85ad1X9Ai79WtRsZ2gxJqtBuzH-98YUV6jkHEKlZkMbcrjJjIVJNIDP-3WL9wQkoPbWA-- <- entities 4.4.0 (8.0.0 is available)
+ nodelite-2-oyrU88skkMtDdauHDuKVrgR-zuItqr6-c--FXzvmxRGMexSDc6hNvJInGW3LL46n-8b50RykrvwSUIIQH2LQ5A-- <- require-like 0.1.2
+ nodelite-2-oZA-v8Jkpu1ct-xbbrntHRsfLGuzoP-cpt0nJe5ED2FQF8n8bJtn7Bo28jSmBYwqgqnqkuSXJfSUEE7if4nClQ-- <- postcss-discard-duplicates 7.0.1 (7.0.4 is available)
+ nodelite-2-ozCC6gdQ-glXOQsveKD0YsDy8DSQFjDTz4zyzEHNV5-JP5D62LmfDZ6o1cycFx9ouG940M5dE8C8CTewdj2YWQ-- <- lowercase-keys 3.0.0
+ nodelite-2-p-f2kLSK7ZrXVfskU-f5dzksKTewZk8pJLPvER3aFHPt76C2MxD9vNatSfLzzQSQB4FNO96RK4PSXfhD1TTeMQ-- <- @smithy/eventstream-codec 4.0.2 (4.2.8 is available)
+ nodelite-2-p-iXrPSVfnqPft24ZdNNLECw-UrtLTpT3jpAAMzl-o5-rDsGCPo3-CQS2611flL6LkoEJ3oQZw7C8Q80ZISXRQ-- <- promise-queue 2.2.5
+ nodelite-2-p2bvRfENXCZdWF-U2BXvnSI9h-tuA8iNqtUKb9UWbmLYCRQxd8WkvwWvYn-3NgYaNwdUkHytJMGG4MMLucI1kA-- <- @inquirer/search 3.2.2
+ nodelite-2-p2q-t-mhvuOj-UeLlV6566GD-guowlr0hHxClI0W9m7MWYkL1F0hLo-0Aexs9HSPCtR1SXQ0TD3MMKrXZajbiQ-- <- bindings 1.5.0
+ nodelite-2-p2W1sgqij3zMMyRC067Dg16bfzVH-w7hyegmpIvZ4JNjqtGOVAIvLmjBx3yP7YTe9vKJgkoNOPjwQGogDoMXFA-- <- normalize-package-data 3.0.3 (7.0.1 is available)
+ nodelite-2-p3EcsicXjit7SaskXHs1hA91QxgTw46Fv6EFKKGS5DRFLD8yKnohjF3hxoju94b-OcMZoQukzpPpBE9uLVKzgQ-- <- is-typed-array 1.1.15
+ nodelite-2-p3KULyQg4S7NIHixdwbGX-nFHkoBiA4YQmyWtjb8XngSKV124nJmRysgAeujbUVb15vh-RvFUfCPqU7rXk-hZg-- <- chrome-trace-event 1.0.3 (1.0.4 is available)
+ nodelite-2-p4a9I6X6nu6IhoGmBqAcbJy1mlC4j27vEPZX9F4L4-vZT3Lyq1VkFHw-V-PUcB9Buo-DG3iHkT0x3Qya58zc3g-- <- yauzl 2.10.0 (3.4.0 is available)
+ nodelite-2-p4rRk4f23ynFEfcD9LA0xRYngj-IyGiEYyqqOak8kaN0TvNmuxC2dcVeBn62GpCeR2CpWqyHCNScTP91QbAVFg-- <- send 0.19.1 (1.2.1 is available)
+ nodelite-2-p5um32HOTO1kP-w7PRnB-5lQ43Z6muuMuIMffvDN8ZB4GcnjLBV6zGStpbASIMk4DCAvEaamhe2zhyCb-QXXsA-- <- es6-weak-map 2.0.3
+ nodelite-2-p6Fx8B7b7ZhL-gmUsAy0D15WhvDccw3mnGNbZpi3pmeJdxtWsj2jEaI4Y6oo3XiHfzuSgPwKc04MYt6KgvC-wA-- <- array.prototype.tosorted 1.1.4
+ nodelite-2-p73uL5VCHCO2BZZ6krwwQE3kCzM7NKmis8S--xEC6fQonchbum4eP6kR4DLEjQFO3Wnj3Fuo8NM0kOSjVdHjZQ-- <- string.prototype.trimend 1.0.8 (1.0.9 is available)
+ nodelite-2-p7ienRMiS41Nu2-igbJxxLDWrSZ0WxM8UQgCeO9KhoVF7cOVFkrKsiDr1EsJIla8vV3oEEjGcz11jc5yimhzZw-- <- @types/bonjour 3.5.10 (3.5.13 is available)
+ nodelite-2-p92if5Nz619I0w-akJrLZH0MX0Pb5DX39XOwQTtXSdQQOaYH03S1uIQp4mhOZtAXrxq4ViO67YTiLBo2638o9A-- <- entities 2.2.0 (8.0.0 is available)
+ nodelite-2-p9hObIIEENxSV8xIu-V68JjSeARg6UVMG5mR-JEUguG3sI6MsiS1njz2jHmyJDvA-8jX-sytkBHup6kxhM9law-- <- core-js-compat 3.46.0
+ nodelite-2-pb-MYmXstAkysRFx8piNI1tGFNQIFA3vkE3Gq4EuA1dF6gHp--vgZqsCGJapvy8N3Q-4o7FwvquPJcnZ7RYy4g-- <- resolve-from 4.0.0 (5.0.0 is available)
+ nodelite-2-pBGyV4uBqOns-0UvhsTO8qgl8hO89PmiDYv--COyp1aeMcmfrfruz--nCMFiYyFF-Knn0yfrC85ZzNFjembFTw-- <- @babel/helper-remap-async-to-generator 7.22.20 (8.0.1 is available)
+ nodelite-2-pBPWdu6MLKROBX05wSNKcNb--m5Er-KQ9QkB-WVM-pW2Kx9hoSrVTnu3BdkI5eBLZoKu-J6mW-B6i6bJB2ytXQ-- <- @emnapi/runtime 1.4.3 (1.8.1 is available)
+ nodelite-2-pCFXzIDQX7xmHFs4KVH4luCjaCbuPRtZ9oBUjUhOk84mZ9WVPf94n87TxYI4rSRf9HmfHEF8Yep3JrYDVOo3Cw-- <- next-auth 4.24.11 (5.0.0-beta.25 is available)
+ nodelite-2-pCGvHM7C76VbO-dFerH-Vwf7tGv7j-e-eGrvhQ35mRghCtfIou-WMfTZlD1TNee93crrAQQVZKjtW3dMB3WCzg-- <- @aws-sdk/middleware-retry 3.272.0
+ nodelite-2-pcZtcj5iXLCuw9oElTYC47bp-RQADm-MMEb3djHdwJuSlFWfWPQi5QFgJ-lJAxIW9UNHnTFrYtytycfjpuoEcA-- <- @rspack/core 1.1.8 (1.2.0-alpha.0 is available)
+ nodelite-2-pdUIIdj-C93ryCHew0UgBnL2DtUS3hfFa5XtERrs4x-hmpMYGhbzo6l-Ir5de41O0GaKVpK1ZbDNXSY6GkXvtg-- <- postcss-minify-gradients 7.0.0 (7.0.5 is available)
+ nodelite-2-pE-VlEMzF2-WOdQUR8vgecd0b5kY4-d2Z5rA8tdq2uANQvqallJQ6tJvLmWxResq75kMFln4NDXrtzNBw3mgXA-- <- @edge-runtime/primitives 2.0.2 (6.0.0 is available)
+ nodelite-2-pFYqmTw68LXVjeWJMST4-borgQP2AyMNbg1BpZh9LbyhUeNkeaPF9gzfPGUAnSMV3qPYdWUwDIjjCLiSDOl7vg-- <- test-exclude 7.0.1
+ nodelite-2-pGjwhsmsp4kL2RTz08wcOlGN83otlqHeD-Z5T8GXZB--YcpQ-dgo-lbU8ZsGxV0HIvqqxo9l7mqYwyYMD9bKDg-- <- detect-libc 1.0.3 (2.1.2 is available)
+ nodelite-2-pgRc4hJ4-sNjWCSS9AmnS40x3bNMDTknHgL5UaMBTMyJnU90EgWh1Rz-MC9eFu4BuN-UwZjKQuY-1v3rM7HMfg-- <- set-function-length 1.2.2
+ nodelite-2-phJfQVBuaJM5raOpJjSfkiD6BpbCE4Ns--LaXl6wGYtUBY83nWS6Rf9tXm2e8VaK60JEjYldbPif-A2B1C2gNA-- <- invariant 2.2.4
+ nodelite-2-pI8Saqjupf9MfLw7w2-og-fmb0fZS0J6vsKXXrp4-PDXEFvntgzXmChCXC-KefZZS0YGS6AT8e0hGAJcTsdJlg-- <- @typescript/vfs 1.3.5 (1.6.2 is available)
+ nodelite-2-piICUB6ei4IlTv1-653yq5-KoqfBYmj9bw6LqXoOneTMDXk5nM1qt12mFW1caG3LlJXEKW1Bp0WggEmIfQB34g-- <- crc32-stream 6.0.0
+ nodelite-2-pjmC-bkIF8XI7fWaH8KxHcZL3DPybs1roSKP4rKDvy20tAWwIObE4-JIseG2byfGKhud5ZnM4YSGKBz7Sh0ndQ-- <- filesize 8.0.7
+ nodelite-2-pjy2bYhSsufwWlKwPc-l3cN7-wuJlK6uz0YdJEOlQDbl6jo-YlPi4mb8agUkVC8BF7V8NuzeyPNqRksA3hztKQ-- <- unpipe 1.0.0
+ nodelite-2-pkonvlKk8-ZuR0D5tLW8ljt5I8kmxp2XKymhepUeOdCEfKpZaktSArkLHZt76OB1ZvO9bssUsDty4SWhLvZpLg-- <- trim-repeated 1.0.0 (2.0.0 is available)
+ nodelite-2-plg-9A-KoZcTS26fe15LHg-QxReTazrIOoKKUC3Uz4leGGeNPgLHdevVraAAOX0snnUs3WkRx3eUQpj9mreG6A-- <- @next/env 15.5.10 (16.2.0-canary.9 is available)
+ nodelite-2-plGgXAPfVKFoYfa9NpYDAkseG-g6Jr294RqeqcqDixSbU34MZVJRi-P-7Y8GDpzkEwLaGZZOpKIEmeVZNtKsrg-- <- @types/istanbul-lib-report 3.0.0 (3.0.3 is available)
+ nodelite-2-pLQ-UaCupEy3fTTfy7yCR7FuAbawvCohYAdadGHPUfzssksA9MhkqBLlzYWRwIoC34R8grVn4XOCknEg-NMr0Q-- <- @cloudflare/workers-types 4.20250505.0 (4.20251011.0 is available)
+ nodelite-2-pM4EYn-cyXthPmjAzxVF3mQRNh2ejLI2QUbVH093sPVdTKJ8Lp76jk6Hb68dRD7i6JtpLnQLGuWK01HUkv1G2A-- <- edge-runtime 2.0.2 (2.5.9 is available)
+ nodelite-2-pMhOfFDPiv9t5jjIXkHosWmkSyQbvsgEVNkz0ERHbuLh2T-7j4Mqqpz523Fe8MVY89KC6Sh-QfS2sM-SjgFDcw-- <- bytes 3.0.0 (3.1.2 is available)
+ nodelite-2-pmL-nPod4g58kXrMcsGLp05O2jF4P2Q3GiL8qYV7nKYEh3cGf-rV4P5Jyi2Uq0agGhVU63GtaSAfBEZOlrJn9w-- <- @hapi/ammo 6.0.1
+ nodelite-2-pms-UwkOpnQe-PDAEdV-d7dVCoBbB-R4FvYoHGZz-4VPcg7RtYy2KP7S2lbuWM6FCSgob5wshfGESbC-hzNXZw-- <- @babel/helper-wrap-function 7.22.20 (8.0.0-beta.0 is available)
+ nodelite-2-pMZTvIkT1d-TFGvDOqodOclx0QWkkgi6Tdoa8gC8ffGAAqz9pzPTZWAybbsHHoED-ztMtkv-VoYTYyShUn81hA-- <- utils-merge 1.0.1
+ nodelite-2-pN-yOAvcC-5rQ5nERGuwrjLlYvLTbCibnZ1I7B1LaiAz9BRBlE9GMgE-eqV30P7aJQUf7Ddimy-RsbYO-GrVGg-- <- schema-utils 3.3.0 (4.3.3 is available)
+ nodelite-2-pnt1HKKZ07-idH8cpATX-ujMbtOGhUfE-m8gbqwJE05aTaNw8gbo34a2e3if0xc0dlu75sUOiqvwCGY3fzOHew-- <- postcss-reduce-transforms 7.0.0 (7.0.3 is available)
+ nodelite-2-pOnu9zqQww7dEKf62Nuju6JgsW2V0KRNBHxeKohU-JkHd-GAH5uvoObqFLqkeB2n20mr6yrlWDvo5UBU5GnkfA-- <- postcss-reduce-initial 7.0.2 (7.0.9 is available)
+ nodelite-2-pouW8-FmiPQbuGpkXQ9BAPv-Mo5xDGANgSNXzTzJ8DrKGuXOssM4wIQRjfanNRh3Yu5cfYPvcorqbhg2KIJtew-- <- cacheable-request 7.0.2 (7.0.4 is available)
+ nodelite-2-pPktrP5MWLgKzc443NQEX--ATY5moVsVwW0ihaatUf0eZ8lVV8gN6GiA8MX--0iu5-CHk5MOXZUN-TfVt1fDog-- <- @nx/nx-linux-x64-gnu 22.0.3 (22.3.3 is available)
+ nodelite-2-pqMqwQCso0PBJt2PQmDO0cFj0lyqmiwOMiMSkVtRokl7e-ZTRYgDHKnuZNbqjiJXgsg4nuqtD-zxuo9KqTp0Yw-- <- stream-buffers 3.0.3
+ nodelite-2-prhfNnb3ATFHOCv7mzKFfwLij5RzoUz6Y1n525ZhCEqfq5wreCXL-DyVoq3ShukPo7q45ZjYIdjFUgjj-WKzng-- <- @oxc-project/types 0.60.0 (0.95.0 is available)
+ nodelite-2-pS-ROfCXAGLWCOc8egcBvT0kf27GoWMqtdarNfDcjb6YLuV5cM3ioG45Ys2qOVqeqSbjaKg72vU-Wby3eddPsA-- <- micromark-util-encode 2.0.0 (2.0.1 is available)
+ nodelite-2-pSAff4IAxJjfAXUG6tFkO7dsSbTmf8CtUpfhhZ5VhkRpC4628tJhh3-V6H1E--Gs9piSzYKT5yzHO5M4GG9jkw-- <- @types/sax 1.2.4 (1.2.7 is available)
+ nodelite-2-pSOfUMx8Ld-WUreoSzvMFQG5i9uEiWIsBYjpU9-TTASOeUa89j5HykomeqVULm1oqWtBdleI3KEFRLrlA3zGIw-- <- ts-morph 13.0.3 (27.0.2 is available)
+ nodelite-2-psqr-QRzYfqJvgD8F2teMO6mL4hN4gzkOra9BlPplNhwByviZIhHUrWTXQEMmUdPWHNkGjA1SP6xG2-brhmIoQ-- <- @tanstack/react-query 5.80.3 (5.90.2 is available)
+ nodelite-2-pUNxi75F8MJ-GdeKtVLSbYg4ZI34J6C0C7sbL4YOp2exGwen7ZsuBqKzUhXd0qMQ362yET3z-uPwKeg-0C2XCQ-- <- eslint-scope 8.3.0 (9.1.2 is available)
+ nodelite-2-pvcNpa0UU69UT341rO6AYy4FVAIkUHuZXRIWbq-zHnsVcRzDDjIAhGuuYoi0d--cwIwtt4pkpKycWEfjdV-vww-- <- bl 1.2.3 (6.1.4 is available)
+ nodelite-2-pWIG9a-x1ky8gXKRhPH1OPKpHFoMN1ISLbJ-O-gPXQHIAKhNd5I28RlWf7q576hAOQA9JZTlo3p-M2uyLzJmmw-- <- @resvg/resvg-wasm 2.0.0-alpha.4
+ nodelite-2-pWxnHG1NqJWMwlhJ6NHNiUikOL00DHROmxah6krJPMPq4I3am2KY2Rs-8ouWhnEXKaHAv4EQhSALJ-7Mq5S4-A-- <- @aws-sdk/signature-v4 3.272.0
+ nodelite-2-pXHfKNP4qujrtteMrSBb0rc8HJ9Ms-GrXwcUtUtD5s4ewDJI8bT3Cz2zTVRMKtri49pLx2e0Ya8ziP5Ya2pZZw-- <- serve-index 1.9.1
+ nodelite-2-pXNx8gnANKAndgga5ahefxc--tJvNL87CXoRwxn1cJE2ZkWEojF3tNfQIEhZX-vfpt-wzeAzpUI4qkediX1MLQ-- <- httpxy 0.1.7
+ nodelite-2-pxqVbi4U6N26lq-LmgIbB5XATP0VdZKOG25DhHi8btMmJJefGArFyDg1yc4U3hWCJbMqSrw0qyrz1UQX-qYXqg-- <- null-loader 4.0.1
+ nodelite-2-pXVMn67Jdw2hPKLCuJZj62NC9B2OIDd1R3JwZXTHXuEnfN3Uq5kJbKOSld6YEU-KOGfMD82EzxFTYz5o0SSJoA-- <- init-package-json 8.2.2
+ nodelite-2-py07lI0wjxAC-DcfK1S6G7iANonniZwTISvdPzk9hzeH0IZIshbuuFxLIU96OyF89Yb9hiqWn8M-bY83KY5vzA-- <- es-abstract 1.23.9 (1.24.2 is available)
+ nodelite-2-pyltgilam1QPdn-Zd9gaCfOLcnjMEJ9gV-bTw6-r73INdvzf1ah9zLIJBm-kW7R6IUFIQ1YO-VqZtYxZNWFPEQ-- <- @rollup/plugin-commonjs 28.0.3 (29.0.0 is available)
+ nodelite-2-pZAE-FJLoyITytdqK0U5s-FIpjN0JP3OzFi-u8Rx-EV5-W-JTWGXG8xFzevE7AjBfDqHv-8vL8qQsIhHnqRkrA-- <- on-headers 1.0.2 (1.1.0 is available)
+ nodelite-2-q-7VIQA8lmM1hF-jn-sFSPWGlMkSAeNYcPLmDQx2zzuiDfaLrOmumR8iaUKlenFgh0XRPIUeSPlH3A-AW3Z5pg-- <- renderkid 3.0.0
+ nodelite-2-q-MB8nYR1KDLrgr4G5yemftpMC7-QLqVndBmEEdqzmNj5dcFOO4Oo8qlwZE3ULT3-Zim1F8Kq4cBnikNhlCMlg-- <- type-fest 0.6.0 (5.4.1 is available)
+ nodelite-2-q0iDP3VsZzqJyje8xJWEJCNIu3lktUGVoSy1KB0UWym2CL1siV3artm-u1DFYTLejpsrdGyCSWBdGNjJzfDPjg-- <- @smithy/util-body-length-node 4.0.0 (4.2.1 is available)
+ nodelite-2-q1b3N5QkRUWUl7iyylaaj3kOpIT0N2i9MqIEQXP73GVsN9cw3fdx8X63cEmWhJGi2PPCF23Ijp7ktmd39rawIA-- <- rfdc 1.4.1
+ nodelite-2-q6fjd4WU4afNhWOA2WltHgCbkRhZPgQe7cXF74fuVB-ge4QbM9HEaOIzGSiMvM-g-cOsNAUGdf2JDzqA2F8iLA-- <- postcss-discard-comments 7.0.3 (7.0.8 is available)
+ nodelite-2-q6tR3RPqIB1pMiTRMFcZwuG5T8vwp-vUvEG0vuI6B-Rikh5BfPp2fQ82c925FOs-b0lcFQ8CFrL-KbilfZFhOQ-- <- before-after-hook 4.0.0
+ nodelite-2-qBej6ctXZD2f-DhlOC9yO47yEYgUh5CZNz-aBoH4j-3NOlRfJXJbY7xDQCqQVf9KbrqGzIWER1f23doHGrIHFg-- <- @babel/plugin-transform-modules-systemjs 7.23.0 (8.0.1 is available)
+ nodelite-2-qctsuLZmIQ0-vSSMfoVvyFe2-GSEvnmZ2ezTup1SBse9-twCCeial6EEi3Nc2KFcf6-qz2FBPnjXsk8xhKSaPQ-- <- is-weakref 1.0.2 (1.1.1 is available)
+ nodelite-2-qe1jfm1Mg7Nq-NSh6XE24gPXROEVsWHxC1LIx--XNlD9iw7YZQGjZNjYN7xGaEG6iKdA8EtNFW6R0gjnVXp-wQ-- <- supports-color 6.1.0 (9.4.0 is available)
+ nodelite-2-qenGE7CstVm1NrHQbMh8YaSzTZTFNP3zPqr3YU0S0UY441j4bJTg4A2Hh5KAhwgaiU6ZZ1Ar6y-2f4TblnMReQ-- <- immer 9.0.16 (9.0.21 is available)
+ nodelite-2-qepMx2JxAa5jjfzxG79yPPq-8BuFToHd1hm7kI-Z4zAq1ftQiP7HcxMhDDItrbtwVeLg-cY2JnKnrcFkmiswNA-- <- server-only 0.0.1
+ nodelite-2-qFOyK5PjiWZd-QQIh-1jhdb9LpxTF0qs7Pm8o5QHYZ0M3vKqSqzsZaEB6oWlxZ-q2sJBMI-Ktgd2N5ZwQoRHfg-- <- own-keys 1.0.1 (1.0.2 is available)
+ nodelite-2-qfrhVlOSqmKM8i6rkNdZzABj8MKEITGFAY-4teqBziksCQAOLutiAxM1wY2BKEd8KjUSpWmWCYxvXr0y4VTlPg-- <- @npmcli/name-from-folder 4.0.0
+ nodelite-2-qFV60pwpKVOdmX67wqQzgtSrUGWX9Cibnp1CXyqZ9Mmt8UyYGvmGu7p6PMbTyX7vdpVUvWVRf8DzrW2--wmVHg-- <- @swc/core-linux-x64-musl 1.11.21
+ nodelite-2-qI-3lziaPMSKsrwlxH-xMgikhQ0EGOX2ICU73Bi-YHFvz2j-yMCIrw4-puF2IpQ4-upd3EWbvnHM9-PnJn48YA-- <- lit-html 3.2.1
+ nodelite-2-qiBjkpbMLO-HL68y-lh4q0-O1MZFj2RX6X-KmMa3-gJD3z-WwI1ZzDHysvqHGS3mP6mznPckpXmw1nI9cJjyRg-- <- color-support 1.1.3
+ nodelite-2-qIBZhqxqI6fjLDYFTBIa4eivDMnP-OZqsNwmQ3xNLE4Cxwc-zfQEfbs6tzAo2Hjq-bh6q5F-Z8-cksrLFYWQQw-- <- micromark-extension-gfm-task-list-item 2.1.0
+ nodelite-2-qIj0G9wZbMGNLjLmg1PT6v2mE9AH2zlnADJD-2tC6E00hgmhUOfEB6greHPAfLRSufHqROIUTkw6E-M3lH0PTQ-- <- axobject-query 4.1.0
+ nodelite-2-qj-f8APARXHrM0hraqXYb2-bOVSV4PvJQlNZ-DVj0QrmNM2q2euizkeuVckQ57J-W0mRH6Hvi-k50M4Jul2VRQ-- <- config-chain 1.1.13
+ nodelite-2-qjDJRrmvBMiTx-jyLxvLfJU7UznFuokDv4f3WRuriHKERccVpFU-8XMQUAbDzoiJCsmexxRExQeMwwCdamSKDA-- <- @types/history 4.7.11
+ nodelite-2-qJj60CXt7IU1Ffyc3NJMjh6EkuCFej46zUqJ4J7pqYlThyd9bO0XBTmcOIhSzZJVWfsLks0-nle-j538YAW9RQ-- <- tar-stream 3.1.7 (3.2.1 is available)
+ nodelite-2-qjxPLHd3r5DnsdGacqOMU6pb-avJzdh9tFX2ymgoZE27BmjXrNy-y4LoaiTeAb-O3gL8AfpJGtqfX-ae2leYYQ-- <- lodash.defaults 4.2.0
+ nodelite-2-qkf4trmKSIiMTs-E63cxH-ojC2unam7rJ0WrauAzpT3ECNTxGRMlaXxVbfxMUC-w0LaYk6jQ4y-nGR9uBO3tww-- <- tinyglobby 0.2.12 (0.2.17 is available)
+ nodelite-2-qlsr7fIC0lSddmA3tzojvzubYxvlGtzumcdHgPwbFWMISQwL22MhM2Y3LNt-6w9Yyx7559VW5ab70dgphm8qQA-- <- supertest 7.0.0 (7.2.2 is available)
+ nodelite-2-qM-6m6hQZzDcZF3onzIhZeDHDO43bkNNlOX0i8n3lR6zLbu0GN2d8qfM-IERJZYauhAHSLHy39NF0Ctdvcid7g-- <- @babel/plugin-transform-optional-catch-binding 7.25.9 (8.0.1 is available)
+ nodelite-2-qmdSIPC4bDJXgZTCR7XosJiNKySV7O215tsPtDN9iEO-7q-76b-ijtgRu--epFXSJhijtTCCGp3DWS549P3xKw-- <- mlly 1.7.4 (1.8.2 is available)
+ nodelite-2-qMlSxKbpRlAridDExk92nSobyDdpPijUq2DW6oDnUqd0iOGxmQjyqhMIihI9-zv4LPyZdRje2cavWPbCbWm3eA-- <- @babel/helper-string-parser 7.27.1 (8.0.0-beta.4 is available)
+ nodelite-2-qnB2-SY3hkCmBxZsR-MPCybNmbJe4KAlfWErXq-rBKkQJlbjdJeS85VI9r8UqeLYLvnAenU8Q1okM-0MBsAGXw-- <- @octokit/request 8.4.1 (9.2.3 is available)
+ nodelite-2-qo3glqyTa61Ytg4u73GultjHGjdRyig3tG6lPtyX-jOEJvHif9uB0-OCI2Kif6ctF3caQTW2G5gym21oAsI4pw-- <- file-loader 6.2.0
+ nodelite-2-qogMIpVChDYr4xiUNC19-RDSw-sKoHkAhouS6Skxiy6s27HBhow1L3Z1qVYXuBmOZGSWPU0xiyZCvOyWrv9s-Q-- <- @aws-sdk/middleware-bucket-endpoint 3.775.0 (3.972.2 is available)
+ nodelite-2-qOo9F-dMUmC2Lcb4BbVvnKJxTPjCm-RRpe4gDuGrzkL7mEVl-djYSu2OdQ2Pa302N4oqkSg9ir6jaLWJ2USVpQ-- <- fill-range 7.0.1 (7.1.1 is available)
+ nodelite-2-qOOzS1cBTWYF4BH8fVePDBOO9iptMnGUEZwNc-cMWnTV2nVLZ7VoNWEPHkYczZA0pdoA7dl6e7FL659nX9S2aw-- <- minipass 7.1.2 (7.1.3 is available)
+ nodelite-2-qoQprZvz5wQFJwMDqeseRXWv3rqMvhgpbXFfVyWhbx9X47POIA6i--dXefEmZKoAgOaTdaIgNSMqMIU61yRyzA-- <- @types/babel__core 7.20.5
+ nodelite-2-qoRRSyROncaz1z0mvYqIE4lCd9p2R90i6GxW3uZv5ucSu8tU7B5HXUP1gG8pVZsYNVaXjk8ClXHPttLyxAL48A-- <- standard-as-callback 2.1.0
+ nodelite-2-qpCAvRl9stuOHveKsn7HncJRvv501qIacKzQlO--Lwxc9-0q2wLyv4Dfvt80-DPn2pqOBsJdDiogXGR9-OvwRw-- <- supports-color 7.2.0 (9.4.0 is available)
+ nodelite-2-qpt8EwugBWDw2cgE2W--3oxC-KTez2uSVR8JU9Q36TXPAGCaozfQUs59v4j4GFpWTaw0i6hAZSvOmu1J0uOEUg-- <- read-package-json-fast 4.0.0
+ nodelite-2-qQbW94hLHEqCg7nhby4yRC7G2-jYHY4Rguc2bjw7Uug4GIJuu1tvf2uHaZv5Q8zdt-WKJ6qK1FOI6amaWUo5FA-- <- pidtree 0.3.1 (0.6.1 is available)
+ nodelite-2-qQLMr-8o0WC4FZGQTcJiKBVC59JylcPSrTtk6usvmIDFUOCKegapy1VHQwRbFMOFyb-inzUVqHs-eMYKDM1YeQ-- <- add-stream 1.0.0
+ nodelite-2-qqnD1yMU6tk-jnaMosogGySTZP8YtUgAffA9nMN-E-rjxcfRQ6IEk7IiozUjgxKoFHBGjTLnrHB-YC45r-59EQ-- <- es-module-lexer 1.6.0 (2.3.2 is available)
+ nodelite-2-qQwRTP4-6xFCDV5k7gZBF3C31K34ut0tbEcTKxlX-0KXxm9GLcO14p570aWxFvVzx6QAfPgq7gaeIHXJC8LswQ-- <- @babel/plugin-transform-logical-assignment-operators 7.22.11 (8.0.1 is available)
+ nodelite-2-qR2r-e3HvhEFmpdHMv--U8FnFlnYjaC6QKDuaXALDkw2kvHO8WDjxH-f-rHGR4Me4pnk8p9JAkRNTjYHAKRn2Q-- <- fast-querystring 1.1.1 (1.1.2 is available)
+ nodelite-2-qsda-H8jTaUaN-x5vzW2rzc-8Rw4TAQ-4KjB46IwK5VH-IlVeeeje-EoZRpiXvIqjFgK84QffqPztGI3VBLG1A-- <- leven 3.1.0 (4.0.0 is available)
+ nodelite-2-qSs4ifwzKJSV39ucNjsvc6WVHs6b7S03sOh2OcHF9UHfVPqWWALUsNUVzhSBiItjRZoLHx7nIarVjqKVusUZ1Q-- <- @babel/helper-validator-identifier 7.28.5 (8.0.4 is available)
+ nodelite-2-qSVyDTeMotdvQYoHWLNGwRFJHC-i-ZvdBRYosOFgC-Wg1vx4frN2-RG-NA7SYqqvKNLf39P2LSRA2pu6n0XYZA-- <- styled-jsx 5.1.6 (5.1.7 is available)
+ nodelite-2-qsW0In3dbwQUbK8kejJ4R7IHVGwHJlV6lpG6UA7a9hSa2YEiAib-N1T2kr6PEeUT-Fl7najmSOS6SmAwCHK6Tw-- <- @babel/helper-replace-supers 7.22.20 (8.0.1 is available)
+ nodelite-2-quJQXlTSUGL2LH9SUXo8VwsY4soanhgo6LNSm84E1LBcE8s3O0wpdiRzyR9z-ZZJMlMWv37qOOb9pdJlMUEKFQ-- <- ansi-regex 5.0.1 (6.3.0 is available)
+ nodelite-2-qvUtwJ3j6qwsF3jLxkZ72qCgjMysPzDfeV240JHiGZsANBYd-EEuu35v7dfrJ9Up0Ak07D7GGSkGhCHTqg-5wA-- <- isomorphic-fetch 3.0.0
+ nodelite-2-qwx12AxXe2Q5xQ43Ac--I6v5aXTipYrSESdOgzrN-9XjgEpyjpKuvSGaN4qE93f7TQTlerQQ8S-EQ0EyDoVL1A-- <- chalk 4.1.0 (5.6.2 is available)
+ nodelite-2-qxkjQt6qjg-mYscYMC0XKRn3Rh0wFPlfxB0xkt9CfyTvpX1Ra0-rAmdX2QyAobptSEvuy4RtpPRui6XkV-8wjA-- <- unicode-match-property-value-ecmascript 2.1.0 (2.2.1 is available)
+ nodelite-2-qy9XbdSLmVnwnvzEisjxdDiLA4OmV3o8db-Zdg4WiFw14fP3B6XNz98X0swPPpkTd-pc1K7-adKgEDM1JCUMiA-- <- conventional-changelog-preset-loader 3.0.0 (5.0.0 is available)
+ nodelite-2-qyCH421YQPS2WFDxDjftfc1ZR5WKQzVzqsp4n9M2kQhVOo-ByahFoUNJfl58kOcEGfQ--7weFTDhm-ss8Ecxgw-- <- path-to-regexp 3.3.0 (8.3.0 is available)
+ nodelite-2-qYg9KP24dD5qka9J47d0aVky0N-b4fTU89LN9iDnjB5waksiC49rvMB0PrUJQGoTmH50XPiqOvAjDfaijGxYZw-- <- resolve-from 5.0.0
+ nodelite-2-qyRplbeIpNZhmzOysF-wFMuP9sctmh2cFzRAZOn1YapxBsE1i9bJIY586R-WBLfLcmcBlM8ROBiQURnnNy-zfA-- <- @babel/template 7.26.9 (8.0.0-beta.0 is available)
+ nodelite-2-r0X65PNwyDDyOrWNKpQoZvOatw7BcsTPRKdwEqtc9cj3wv7mbBIk9tKed4klRaFXJdX0rugpuMTHslDrAU1bBg-- <- next 15.5.10 (16.2.0-canary.9 is available)
+ nodelite-2-r1bzfrm0tomOI8g1SzvCaQHo6Lcv6zu0EA-W2kHrt8dyrHQxGzBBL4kdkzIS-jBMV-EYcMAEAqXqYaLJq5rOZg-- <- @types/babel__traverse 7.20.6 (7.28.0 is available)
+ nodelite-2-r3vXyErRCYJ7wg28yvBY5VSoAF8ZvlcW9-BwUzEtUsjvX-DKs24dIkuwjtuprwJJHsbyUbLApepYTR1BN4uHrg-- <- yaml 1.10.2 (2.9.0 is available)
+ nodelite-2-r46gZQZQV-Kl9oItvl1JZZqJKGr-oEkB08A6BzkiR7593-7IbtuncXHd2YoYeTsG4157ZssMu9KYvUHLcjcDoA-- <- spdy 4.0.2
+ nodelite-2-r4fFa4FqYY8xaM7fHecQ9Z2nE9hgNfJR-EmoKv0-chvzWkBcORX3r0FpTByP-CbOVJDladMXnPQGVN8PBLGuTQ-- <- npm-pick-manifest 10.0.0
+ nodelite-2-r4Sc6leeUTn3P6gk20aFMj2ntPwn6qpDZqWvYmAG6NgvFTIlj4WtrAudLi65qYoaGdXYViXYw2pkmn7QnIFasA-- <- micromark-util-decode-string 2.0.0 (2.0.1 is available)
+ nodelite-2-r6lPcBGxZXlIcymEu7InxDMhdW0KDxpLgoFLcguasxCaJ-SOIZwINatK9KY-tf-ZrlywOKU0UDj3ATXUBfxJXA-- <- wrap-ansi 6.2.0 (9.0.2 is available)
+ nodelite-2-r85E3NdZ-mpYk1C6RjPFEMSE-s1iZMuHtsHAqY0DT3jZczl0diWUZ8g6oU7h0M9cD2EL-PzaYghhCLzR0ZNn5Q-- <- meow 8.1.2 (9.0.0 is available)
+ nodelite-2-r8VyPX7XL8U01Xgnb1CjZ3XV-z90cXIJ9JPE-R9SEC9vpw2P6CfsRPJmp20DppC5N7ZAMCmjYkJIa744Iyg96w-- <- endent 2.1.0
+ nodelite-2-ra7Kvlhxn5V9Slyus0ygMa2h-UqExPqUIkfk7Pc8QTLT956JLSy51uWFwHtIYy0vI8cB4BDhc-S03-880My-LQ-- <- node-gyp 11.5.0
+ nodelite-2-ra9fsNWayuYumt-NiM069M6OkcRb1FZSK8bgi66AtpFoWkg2-y0bJSNmkFrWhMbEBbVKC-EruAHH3g0zmtwGmQ-- <- playwright-core 1.50.1 (1.62.1 is available)
+ nodelite-2-raqeBD6NQK4SkWhQzeYKd1KmIG6dllBOTt55Rmkt4HtI9mwdWtJljnrXjAFUBLTSN67HWrOIZ3EPF4kjUw80Bg-- <- undici 5.29.0 (8.10.1 is available)
+ nodelite-2-rBMvIzlpA8v6E-SJZoo--HAYqsLrkg7MSfIinMPFhmkorw7X-dOXVJQs-QT69zGkzMyfDnIMN2Wid1-NbL3T-A-- <- define-data-property 1.1.4
+ nodelite-2-rC-QVNMJWv-MtPgkt0y-0rVEIdbtxVADApW9JXrUVlzHetgcyczP-E7DJmWJ4fJCZF2cPcBk0laWO9ZHMG3DmQ-- <- ejs 3.1.9
+ nodelite-2-rD3L4jyMlO1m-RWU60lNwZQK5zmzglCV5fI1gTRikmpv3YzmNIZQbjyfE6cMNb9Xaly-C1SwemYGbsiOekMvnQ-- <- yoga-wasm-web 0.3.0 (0.3.3 is available)
+ nodelite-2-rdV97N7KqsRzeNGoWUOK6yUsWarLjE5Su-Snk9IYPU9CwkWHs4t-rTGOvffTR8XGkJMTAdLfO0xVnXm8wugIJg-- <- @babel/plugin-syntax-import-assertions 7.22.5 (7.29.7 is available)
+ nodelite-2-ree3Gqw-nazQAPuJJEy-avdl7QfZMcUvmHIKgEZkGL-xOBzRvup5Hxo6LHuMceSxOabuJLJm5Yp-92R9eMmMvA-- <- chalk 5.2.0 (5.6.2 is available)
+ nodelite-2-rEvr90Bck4WZt9HHFC4DJMsjvu7x-r6bImz0-BrbWb7A2djJ8hnZMrWnHo9F8ssv0OMErasDhftrfROTyqSDrw-- <- which-typed-array 1.1.19
+ nodelite-2-reYkTUJAZb9gUuZ2RvVCNhVHdg62RHnJ7WJl8ftMi4diZ6NWlciOzQN88pUhSELEwflJht4oQDv0F0BMlwaYtA-- <- detect-indent 6.1.0 (7.0.2 is available)
+ nodelite-2-rfgDVrgLEVMmMn0BI8O-8OVr6vXzjV7HZj57l0QxslhzbvVfikZbVfBVthjLHqib4BW44QhcIgJpvebHlRaC9A-- <- @smithy/middleware-serde 4.0.3 (4.2.9 is available)
+ nodelite-2-rg9zJN-G4n2nfJl5MW3BMygZX56zKPNVEYYqq7adpmMh4Jn2QNEwhvQlFy6jPVdcod7txZtKHWnyZiA3a0zP7A-- <- jiti 2.4.2 (2.7.0 is available)
+ nodelite-2-rhIwUycgwwKcP9yTOOFK-AKsAopjjCakVqLHePO3CC6Mir1Z99xT-R63jZxAT5lFZLa2inS5h-ZS2GvR99-FBg-- <- p-timeout 3.2.0 (6.1.4 is available)
+ nodelite-2-rHqiFh1elqCQ9WPLIC8I0Q-g-wj5J1eMkyoiD6eoQApWHP0FtlK7rqnhmabL5VUY9JQCcqwwvlOaSuutekgyrw-- <- stringify-object 3.3.0 (5.0.0 is available)
+ nodelite-2-rJgTQnkUnH1sFw8yT6VSU3zD3sWmu6sZhIseY8VX-GRu3P6F7Fu-JNDoXfklElbLJSnc3FUQHVe4cU5hj-BcUg-- <- object-assign 4.1.1
+ nodelite-2-rjTMNbp2BpfQShhFbR3Ruk3qk2y9jKpvMW78nJgx8QKtxjDVrwbZG-wvDOmVbifHyOUOQJXxqEy6r0faRrPzTQ-- <- formidable 2.0.1 (3.5.4 is available)
+ nodelite-2-rKtvo6a868b5Hu3heneU-L4yEQ4jYKLtjpnPeUdK7h0yzXGmyBTypknlkCvHFBqfX9YlorEiMM6Dnq-5atfHkw-- <- import-lazy 4.0.0
+ nodelite-2-rL7kaUnTkL9K-Cvo2pnCieqNpTKgQzy5f-N-5Iuko9HAoasP-xgprVh7KN-MaJVvVL1l0EzQq2MoqBHKSrDrag-- <- @csstools/css-calc 2.1.1 (3.3.0 is available)
+ nodelite-2-rlAnzkW2sZOjbqZ743IHUhFcvzaGbqijwOu8QZnZCjfQzBqFE3s4lOTJEsxikImav9uzz-42I-O7YUs1mWgMlg-- <- @types/prismjs 1.26.4 (1.26.5 is available)
+ nodelite-2-rli0WxesXUeCJnMYhzAglEjLWVDF6ahb45HuprcmQuLidBJFWjNnOzssk2kuc6e33FlLaiZhG-kUIzUMWdBKaQ-- <- @babel/plugin-transform-optional-catch-binding 7.22.11 (8.0.1 is available)
+ nodelite-2-rlpvsxUtM0PQvy9iZe640-IWwWYyBsTApREbA1pHOpmOUIl9MkP-U4z7vTtg4Oaojvqhxt7sdufnT0EzGaR31g-- <- detect-indent 5.0.0 (7.0.2 is available)
+ nodelite-2-rmOWVRUbUJD7iSvJugjUbFZshTAuJ48MXoZ80Osx1GM0K-H1w7rSEvmw8m6vdWxNASgtaHIhAgre4H-E9GJiYQ-- <- @modelcontextprotocol/sdk 1.11.3 (1.25.2 is available)
+ nodelite-2-rp3So07KcdmmKbGvgaNxQSJr7bGVSVk5S9Eq1F-ppbRo70-YeaDxkw5Dd8NPN-GD6bjnYm2VuPuCXmpuYvmCXQ-- <- safe-buffer 5.2.1
+ nodelite-2-rQ1-kcj-ttHG0MKVGBUXwayCCF1oh39BF5COIpRzuCEv8Mwjv0XucrI2ExNTOn9IlLifGClWQcU9BrZORvtw6Q-- <- clsx 2.0.0 (2.1.1 is available)
+ nodelite-2-rq9s-JNhf0IChjtDXxllJ7g41oZk5SlXtp0LHwyA5cejwn7vKmKp4pPri6YEePv2PU65sAsegbXtIinmDFDXgQ-- <- acorn-jsx 5.3.2
+ nodelite-2-rQLskxnM-5OCldHo-wNXbpVgDn5A17CUoKX-7Sokwaknlq7CdSnphy0W39GU8dw59XiCXmFXDg4fRuckQRKewQ-- <- human-signals 3.0.1 (8.0.1 is available)
+ nodelite-2-rQR6VSFNpiinDy-DVUE0vHoIDUF--6p910cgcZoaAUm3POxgNOOdS-xgoll3rNdKYTYPnnbARDCZOyZ-QSe6Pw-- <- @vue/compiler-sfc 3.5.16 (3.5.27 is available)
+ nodelite-2-rqy30BSpxPznbbTcAcci90oZ1YR4DqvKcNXNerG5gQBU2v4jk0cygheiul5J6ExIMrgDVuanv-MkGfqZbKrNNg-- <- true-myth 4.1.1
+ nodelite-2-rr-VVSXtRhO4OHbXUiAF7xW3Bo9DuuF6C5jH-q-x15j2jniycgKbxU09Hr0WqlSLUs4i4ltHGXqTe7VHclYWyA-- <- spdx-license-ids 3.0.12
+ nodelite-2-rsPft6CK3eHtrlp9Y5ALBb-hfK-DWnA4WFebbazxjWyx8vSm3rZeoM3z9irsjcqO3PYRzlfv27XIB4tz2DV7RA-- <- empathic 1.1.0 (2.0.1 is available)
+ nodelite-2-rT00SPnTVyRsaSz5zgSPma-aHSOic5U1prhYdRy5HS2kTZviFpmDgzilbtsJsxiroqACmayynDN-9VzIbX5DOw-- <- stream-combiner 0.0.4 (0.2.2 is available)
+ nodelite-2-rtmDScjtGUxv1zA1m3jXecuX2LsgNp4aWaAjOowHasoO1YqfHK0fMyprCiPowTjoHtpZ7Xt-tnMhii0GlGIITQ-- <- @rspack/binding 1.2.0-alpha.0
+ nodelite-2-rtpaCbr164TPPh-zFdkWpCyZuKkjpAzODfaZCf-SVJZzJN-4bHQb-LP3Jzq5--84um3XXY8r548XiWKSborwVw-- <- cmd-shim 7.0.0
+ nodelite-2-rum1bPifK5SSar35Z6EKZuYPJx85pkNaFrxBK3mwdfSJ1-WKbYrjoW-zTPSjRRamfmVX1ACBIdFAO0VRErW-EA-- <- parse-json 8.1.0
+ nodelite-2-rVksvsnNCdJ-ohGc6xgPwyN8eheCxsiLM8mxuE-t-mOVqJewPuO1miLpTHQiRgTKCLexL4MeAFVagts7HmNZ2Q-- <- yocto-queue 0.1.0 (1.2.2 is available)
+ nodelite-2-rvVsHrpFcL4F2P8ihsoLdFHmd404-CMg71S756oRSeQgqk51U3kicGdnvfkrxva0xXH92SjGS62B0XIJsbh-9Q-- <- copy-text-to-clipboard 3.0.1 (3.2.0 is available)
+ nodelite-2-rWPXg9UaCFqErJVQ-MecOaWsozjaxol4yjnmYcGNipAWzdaWa2x-VJmKfGq7L0APwBohQOYdHC-9RO4qRXej-A-- <- @clack/prompts 1.0.0
+ nodelite-2-rXSP0bf-5n0Qonsb-SVVfNfIsimO4HEtmnIpPHY8Q1UCzKlQrDMfdobr8nJOOsRgWCyMRqeSBQzmWUMq7zvVig-- <- dezalgo 1.0.4
+ nodelite-2-ry4b1Llo-9zz-PKC-030KUnPITTJAHeOwjfAyyB60eT0AorGLdzp52s31OsPRHRf8NchkgFoG2y6fCfn1IV1Ow-- <- postcss-clamp 4.1.0
+ nodelite-2-rYk5UeX7VAM-u0lNqewCdasdtPK81CgX8wJFLEIXHbV2oldWRgJAsZrdhRXkV1NJzA2g850KiFm9mMU2HxNxMA-- <- cssnano 6.1.2 (7.1.9 is available)
+ nodelite-2-rzS0heiNf8Xn7-mpdSVVSMAWAoy9bfb1WOTYC78Z0UQKeKa-CWS8FOq0lKGNa8DWKAn9gxjCvMLYc5PGXYlK2A-- <- tar-stream 1.6.2 (3.2.1 is available)
+ nodelite-2-s-3fXLkeeLjZ2kLjCBwQufpI5fuN-kIGBxu6530nVQZGVol0d7Y-M88-xw9HGGUcJjKf8LutN3VPRUBq6N7Ajg-- <- adm-zip 0.5.9
+ nodelite-2-s2TV3phapcTwZNr4qLxbfuQuE9ZMP4RoJdkvRRCkKdm6jslsWLJf2Zlcxti-23hOlINUMYv2iXE2pftIgWGdpg-- <- @aws-sdk/abort-controller 3.272.0
+ nodelite-2-s4VSOf6yN0rvbRZGxs8Om5CWj6seneMwK3oDb4lWDH0UPhWcxwOWw5-qk24bxq87szX1ydrwylIOp2uG1ojUpA-- <- raw-body 2.5.3 (3.0.2 is available)
+ nodelite-2-s5EDrE6bW97LtxOcGj1Khcx5AaXwiMmi4toFWRDP9-y0Woo6pXC-iyPu-KuhKtfSrNFd7jJB--fkOtZy6aIC6Q-- <- @babel/plugin-transform-unicode-escapes 7.25.9 (8.0.1 is available)
+ nodelite-2-s5XwpQYCqGerXl-Pu6VDL3x0j2d82eiV77UJ8a2mDHAW7j9SWRqQ2y1fNo1Z74CdcYipl5Z41zvjj4Nfzq36rw-- <- @babel/plugin-transform-react-jsx 7.25.9 (7.29.7 is available)
+ nodelite-2-s5ynMKZXYoDd3dqPw5YTvOR-vjHvMTxc388-0qL0jZZP1-uwXuUD32o9DuuuLsmTlyXCWi02BJl1pBpwRuUrNA-- <- @hapi/shot 6.0.1
+ nodelite-2-s7SJE83QKBZwg54dIbD5rCtzOBVD43V1ReWXXYqBgwCwHLYAAT0RQc-FmrQglXqWPpz6omtryJQOau5jI4Nrvg-- <- fast-json-stringify 6.0.1 (6.2.0 is available)
+ nodelite-2-s88xLzf1r81ICXLAVQVzaN6ZmX4A6U4z2nMbOwobxkLoIIfjVMBg7TeguTUXkKeXni795B6y5rnvDw7rxhAq9A-- <- decompress-tarbz2 4.1.1
+ nodelite-2-s9O3fByZ-2pyYDPoLM6zt92yu6P4E39a03zvO0qCHOTjxmt3GHRMLuRZEWhWLASTMSrrnVNWdVI--pUElJBBBg-- <- @parcel/watcher-linux-x64-glibc 2.4.1 (2.6.0 is available)
+ nodelite-2-sAbDZSTNmLX-UTGwlUHJBWy0QGQkiClpHwVFXACon-aG0ySLNeRKEVYs6NCPYldw4cj6hveLUn50cX44ukHErw-- <- @aws-sdk/middleware-content-length 3.272.0
+ nodelite-2-sB-Ya--3Xj1WaT9-5LOOdirAxP7dJZms3GRcYheSPi1PiTMigsxHAdkrbItHxwYHr4kt1zL7mmcHstgMYT-aiA-- <- postcss-reduce-transforms 6.0.2 (7.0.3 is available)
+ nodelite-2-sBBGXbLJjxTzLBF5rFWaikMnOGOk-BmK6vVByIdEggZ7Vn6CvWXZyRkkLFK6WE0IF8jSliyOkUN6SScFgzCM0g-- <- @babel/plugin-transform-optional-chaining 7.23.0 (8.0.1 is available)
+ nodelite-2-sFdI5LyBiNTHjRd7cGPWapiHWMOXKyuBNX-cWJ3NfzrZQVa8GI-8cofCl74AOVqq9W5kNmguTIzJ-1s2gyI9wA-- <- globalthis 1.0.3 (1.0.4 is available)
+ nodelite-2-sFFHKwcmBprO9e7Icf0-gddyWYDViL8bpPjJJl0WHxCdETktXdmtWLGVzoHbqUcY4Be1LkNfwTmXOJUFZYSJdA-- <- @webassemblyjs/helper-wasm-bytecode 1.11.6

Done in 3s
