Progress: resolved 1, reused 0, downloaded 0, added 0
Packages: +250
++++++++++++++++++++++++++++++++++++++++++++++++++++++++++++++++++++++++++++++++
Progress: resolved 250, reused 0, downloaded 250, added 250, done

dependencies:
+ nodelite-2-I6bkduevXb72TIM9q2LRO63JSsF9EXduh3sBr9oybNX2hNNpr-j1tEjXrsG0Uabm4MJ1xkGAQEMwifvKZIkyxQ-- <- @metamask/utils 8.5.0 (9.3.0 is available)
+ nodelite-2-I6fiaX09Xivtk-THaMfAwnA3MVA5Big1WHF1Dfx9hFuvNIWpXnorlkzhcQf6ehrqQiiZECRt1poOAkPmer3ruw-- <- import-meta-resolve 4.1.0 (4.2.0 is available)
+ nodelite-2-I88TYZWc9XiYHRQ4-3c5rjjfgkjhLyW2luGIheGERbNQ6OY7yTybanSpDXZa8y7VUP9YmDcYa-eyq4ca7iLqWA-- <- eastasianwidth 0.2.0
+ nodelite-2-I9fPXU9geO9bHOt9pHHOhOkYerIMsmVaWB0rA2AI9ERh--x-i7MV5HKBNrg-ljO5eoPVgCcnFuRjJ9uH6I-3eg-- <- restore-cursor 4.0.0 (5.1.0 is available)
+ nodelite-2-IAOEJu-kjVY-0pb6-PeRjIbr175HFFbnMdLmLjqcy7VWxkabIRZbLoQL1VUYDZl804o-Or-GaX02gsiMOnVxFA-- <- vitepress-plugin-search 1.0.4-alpha.22
+ nodelite-2-ID2yj6K-4lKfhuU3-EX4UvNbIt7eACFbHmNUjzA-ep-B5971CknnA-9DEWKbRokfbbtblxxxXFJJrH47UEAMVg-- <- @babel/preset-modules 0.1.6 (0.2.0 is available)
+ nodelite-2-IfEDxwoWIjkeXL1eXcDiow4UbKjhLdq6-EuSVR9GMN7KVH3r9gQ83e73hsz1Nd1T3ijd5xv1wcWRYO-D6kCI2w-- <- colorette 2.0.20
+ nodelite-2-IFenVPgF70fSm1keSd2iDBIDIBZkroLeuffXq-wKTzTJlBpesFWojV9lb8mzOfaAzM1sr7HQHuO0vtV0zYekGg-- <- open 6.4.0 (9.1.0 is available)
+ nodelite-2-IGjKp-o0NL3Bso1PymYURCJxMPNAf-ILOpendP9f5B6e1rTJgdgiOvgfoT8VxCAdY-Wisb9uhGaJJf3yZ2V9nw-- <- urlpattern-polyfill 10.1.0
+ nodelite-2-IGN0IAwmhDJwy13Wc8k-4PEbTPhpJnMtfR53ZbOyjkvmEcLS4nCwp6mvMWjS5sUjeiW3mpx6cHmuhKEu9XmcQw-- <- npm-package-arg 11.0.2
+ nodelite-2-IhOigYzAKHd244OC0JIMIUrjzctirCmPkaIfhDeGcEETWof5zKYUW7e7MYvChGWh-4CJeXEgsRyGzuF334rOOQ-- <- node-fetch-native 1.6.4 (1.6.7 is available)
+ nodelite-2-IInvU7fabl34qmi9gY8XOVxhYyMyuH2xUNpb2q8-Y-7552KlejkRvqvD19nMoUW-uQGGbqNpA6Tufu5FL5BZgw-- <- parse5 7.3.0 (8.0.1 is available)
+ nodelite-2-IJUkICM5dP5znhCckHSv30Q4b5-JA5enCtkRHYaOVOAocnH-1BQEYTC5NMfT3AVl-iXKdr3aqQbQn9DxyWknwA-- <- property-expr 2.0.5 (2.0.6 is available)
+ nodelite-2-IkLYjayPv6Io8C-TdCL5gwgzd1hFz2vmBZrjMw-SPEXo51ETOhnzgS4Qy5GWi2JQN7HKHa66J3-2mv0fgNh-7w-- <- rpc-websockets 7.11.0 (9.0.2 is available)
+ nodelite-2-ILlv4k-3f6vfQ4OoP2AGvirOktlQ98ZEL1k9FaQjxa3L1abBgbuTDAdPOpvbGncC0BTVQrl-OM8xZGK6tWXt7g-- <- ansi-regex 4.1.1 (6.3.0 is available)
+ nodelite-2-IO-MJPVhoqz-28h1qLAcBEH2-xHMK6MTyHJc7MTnnYb6wsoLR29POVGJ7LycmVXIqyy-4-2ShP5sUwTXuOwb-w-- <- @types/glob 8.1.0
+ nodelite-2-IoQPmql8q7ABLruW7i4EYVHWUbF74yrp63bRuXV5Zf9BQwcn5H9Ww1eLtROYvI1bUXwOiHZ6qT5CWTrDc-t-AA-- <- @metamask/json-rpc-engine 8.0.2
+ nodelite-2-IqclB7VQ84ye8Fcs89HOpOscY4284VZg2pojHNl8H0Lzd4DadXJWQoxC7zWm8v2f8eyeX2kdhxp2ETD5tceIgA-- <- @react-native-community/cli 13.6.6
+ nodelite-2-IqLQi4lO0nIB4tcdTpN4LCB9FI3uqrJZK7RC515EnhZ6qBaglkIgICb1wjeAqpdoOabm1-SuQtkXIPdYC93jhQ-- <- cli-table 0.3.11
+ nodelite-2-IqO-DUQHUkPeixNQ8n0JA6102hT9CmaljNTPmQ1u8MEhBo-R4Q8eKLN-vGZxuebwOroDB4cbpjheD4--sKFK4Q-- <- @sideway/address 4.1.5
+ nodelite-2-IRJHf94UZM8AaRRmY18d34xCJiVPJej1XVwXiTjihHnmwD0cxdQbc-CKjrawyqFyQAKJx7raE5g9mnJsAdspTg-- <- @solana/wallet-standard-chains 1.1.0
+ nodelite-2-IRZSRuzJiynemAXPYtPe5BoI-RESNYR7TYm50MC5Mqbd3Jmw5y790sErYw3V6SryFJD64b74qQQs9wn5Bg-k3g-- <- object-inspect 1.13.2
+ nodelite-2-IScLbePpkvO846sIwOtOTDjutRMWdXdJmXdMvk6gCBHxFO8d-QKOQedyZSxFTTFYRSmlgSTDtXqqq4pcenBXLQ-- <- headers-polyfill 4.0.3
+ nodelite-2-ISWac8drv4ZGfwKl5slpHG9OwPNty4jOWPRIhBpxOoD-hqITiwuipOQ2bNthAzwA3B4fIjO4Nln74N0S9byq8A-- <- is-shared-array-buffer 1.0.4
+ nodelite-2-ITJTvqoCw6OVMLs7pI8f4gG92n-St6x80ACtHodeS-IXmO0w-t1T5OOzfSt7KLSMLRkVUoexV7tztLgDxg-iig-- <- eth-json-rpc-filters 6.0.1
+ nodelite-2-ITOMZn-UkYS4ZFh83xYAOzWStloNzJFO2s8DWrE4lhtGD-AorgnbkiKERe4wQVBydIGPx059g6riW5Btp6Llnw-- <- jest-mock 29.7.0 (30.2.0 is available)
+ nodelite-2-Ius2VYcGNk7T90CppJqcIkS5ooHUZyIQK-ClZfMfMNFEF9VSE73Fq-906u-CWu92x4gzZMWOwfFYckPObzdEbA-- <- ignore-by-default 1.0.1
+ nodelite-2-IV3Ou0jSMzZrd3pZ48nLkT9DA7Ag1pnPzaiQhpW7c3RbcqqzvzzVu-L8gfqMp-8IM2MQtSiqaCxrrcfu8I8rMA-- <- client-only 0.0.1
+ nodelite-2-IwfBptatlO-QCJUo19AqvrPNqlVMpW9YEL2LIVY-Rpv2qsjCGxaDLNRgeGsQWJhfItebuJhsGSLjaBbNSQ-ieg-- <- stringify-entities 4.0.4
+ nodelite-2-IwvKzhcJ9NjOL55xwj27uTTKkfxsg77dmAfqoKFSP5dQ70JzU-NgxiALEjjWQDybtt1yGIkHk7wjjxjboMU1uw-- <- webdriverio 9.0.9
+ nodelite-2-IXO6OCs9yg8tMKzfPZ1YmheJbZCiEsnBdcB03l0OcfK9prKnJb96siuHCr5Fl37-yo9DnKU-TLpxzTUspw9shg-- <- load-tsconfig 0.2.5
+ nodelite-2-IXuyn5EkouFJscIDuFF5EsiSolseme1s0CZB-QxVugqJLYmKdxI1VfIBOst0SUu4rnk2Z7kqTwmoO1lp3HIfnA-- <- @babel/helper-compilation-targets 7.26.5 (8.0.0-beta.0 is available)
+ nodelite-2-IZbpkhwVqgizcjNiaVzNAzm-xbWT6YnGgeOLwVjm4KbJn3V2jchVtuzHH09G5-WkkLSk2wgbXNdwjM41JxO6Eg-- <- @graphql-codegen/core 4.0.2
+ nodelite-2-Izi8RQcffqCeNVgFigKli1ssklIbpHnCYc6AknXGYoB6grJqyeby7jv12JUQgmTAnIDnbck1uxksT4dzN3PWBA-- <- assertion-error 2.0.1
+ nodelite-2-J-FkSdyD-0mA0N-81tMotaRMfSL9SGi-xpD3T6YApKsc3bGSXJlfXri3VyFOeYkfLRQisDk1W-jIFFKBeUBbBg-- <- https-browserify 1.0.0
+ nodelite-2-J3yBRXCzDu4ULnQwxyToo-OjdMx6akgVC7K6few0a7F-0wLtmKKN7I73AH5T2836UuXRqN7Qg-IIUw--YJksRw-- <- es-shim-unscopables 1.0.2 (1.1.0 is available)
+ nodelite-2-J6gfxHYr8SCc-BzEa712LnI-qLFs5K2nBLupwQqQl4WiAlCu8SdcpbZokqiwfCMYhIRMj0-YFEP9qe4ypcexmw-- <- @wagmi/core 2.13.4 (2.13.9 is available)
+ nodelite-2-J7p63hRiAjw1NDEww1W7i37-ByIrOWO5XQQAzZ3VOcL0PNybwpfmV-N05zFAzwQ9USyEcX6t3UO-K5aqBQOIHw-- <- minimatch 3.1.2 (9.0.9 is available)
+ nodelite-2-J8xLz7q2OFulZ2cyGTLE1TbbZcjpno7FaN6zdJNrgAdrJ-DZzh-uFR6YrTb4C-nXakvud8Q4-rbhoIWlYQbUFQ-- <- @types/node 12.20.55 (26.4.1 is available)
+ nodelite-2-JA--kQgZtbuY83m-xT-tXJkmJncGMTFT-C-g2h2R9uxkYIrE2yy9sgmcLhCnw57-WSD-Eh3J97FPEDFnbXnDUg-- <- simple-swizzle 0.2.2 (0.2.4 is available)
+ nodelite-2-Jca5Ude6yUOuyzjnz57og7Et3aXjbwCSDf-8onLHSQgw1qW3ALl9mrMWaXb5FmPVkV3EtkD2F--NkT6VHyPu9A-- <- @algolia/autocomplete-plugin-algolia-insights 1.17.7 (1.17.9 is available)
+ nodelite-2-JED8pB50qbA4FOkDol0bYF-p60qSEDQqBD0-qeIrUCG1KbPBIQ776fCUNb9ldbPcSTxA69g-47XTo4TqWiuXOA-- <- yup 1.6.1 (1.7.1 is available)
+ nodelite-2-JeMq7fEshyepOWDfcfHK06N3MhyPhz--vtqWhMT5O9A3K42rdsEDpfdVqjaqaAhsw6a-ZqeDvQVtD0hFHQWrzg-- <- dependency-graph 0.11.0 (1.0.0 is available)
+ nodelite-2-JEPTiaOt9f04oa6NOkc4aH-nVp5I3wEjpHbIPqfgCdD5v5bUzy7xQqwcVO2aDQgOWhI28da57HksMrzK9HlRxg-- <- eventemitter2 6.4.9
+ nodelite-2-JF6uE2s67f0y2RZcm2kpAUEbD50vH62TyWVebxwHAlbSdM49VqPz8t4a1uIjp4NIOIZ4xzLfjY5emt-RCyC7TQ-- <- @babel/plugin-transform-block-scoping 7.27.5 (8.0.1 is available)
+ nodelite-2-Jii3aBg-CEDpgnuDxEp-h7BimHcUTDlpEtce89xEumlJ5ef2hqepZ-PWp1DDpYC-VO9fmWVI1IlEaoI5fK9FXQ-- <- @playwright/test 1.50.1 (1.62.1 is available)
+ nodelite-2-JIYlbt6g8i5jKfJ3xz7rF0LXmv2TkDxBLUkiBeZ7bAx4GnnNMr8xFpGnOxn6GhTEHx3SjRrZEoU-j04prX1ktg-- <- minimalistic-crypto-utils 1.0.1
+ nodelite-2-JJtkDduxLi9bivAB-cYOVMtbkqdPOhZ-ZI5LC47MIRrDV4Yn2o-ZnW10Nkmr28xRpSpdJ6Sm42Hjf2-REYXm0A-- <- @typescript-eslint/visitor-keys 6.21.0 (8.8.0 is available)
+ nodelite-2-JKhqTOwSrqNA1NY5lSztJ1GrBiUodLMmIZuLiDaMRJ-itFd-ABVE8XBjOvIWL-rSqNDC74LCSFmlb-U4UZ4hJQ-- <- y18n 4.0.3 (5.0.8 is available)
+ nodelite-2-JlCMO-ehdEIKqlFxk6IfVoAUVmgz7cU7zD-h9XZ0qzeosSHmUJVOzSQvvYSYWXkFXC-IfLKSIffhv0sVZup6pA-- <- undici-types 5.26.5 (8.3.0 is available)
+ nodelite-2-JmqCvUhmt43madlpFzG4BQzG2Z3m6tvQDNKdClZnO3VbIudJYmxsT0FNJMeiB2-JTSlTQTSbU8QdesVmwJcmLg-- <- makeerror 1.0.12
+ nodelite-2-JmXMZ6wuvDmLiHEml9ykzqO6lwFbof0GG4IkcGaENdCRDDmMVnny7s5HsIgHCbaq0w2MyPhDqkhTUgS2LU2PHA-- <- imurmurhash 0.1.4
+ nodelite-2-JNAzZcXrCt42VGLuYz0zfAzDfAvJWW6AfYlDBQyDV5DClI2m5sAmK-OIO7s59XfsRsWHp02jAJrRadPRGTt6SQ-- <- lru-cache 10.4.3
+ nodelite-2-Jo6dJ04CmSjuznwJSS3pUeWmd-H0ffTlkXXgwZi-eq1UCmqQwCh-eLsYOYCwY991i2Fah4h1BEMCx4qThGbsiA-- <- lru-cache 6.0.0 (8.0.5 is available)
+ nodelite-2-JQ5TuMi45Owi4-BIMAJBoSQoOJu12oOk-gADqlcUL9JEdHB8vyjUSsxqeNXnmXHjYKMi2WcYtezGEEhqUI-E2g-- <- @swc/helpers 0.5.15
+ nodelite-2-JQbbmxZTZehdc2iszGKs5oC3NFnjeay7mtAWrdt7qNtAVK0g19muApzAy4bm9byz79xa2ZnO-BOBC2R8RC5Lww-- <- @types/ws 7.4.7 (8.5.5 is available)
+ nodelite-2-JQHZ2QMW6l3aH-j6xCqQThY-9OH4D-9ls34cgkUBiEeocRTU04tHfKPBsUK1PqZCUQM7GiA0IIXJSuXHI64Kbg-- <- clone 1.0.4 (2.1.2 is available)
+ nodelite-2-Jsl6fC55AYcbkNVkwNM6Jo-ufsuCQRqViOQ8ZBPH9pRREHH9welbBiszuTLqEJiQcO-6XfFDl6bzCJIkrEi8XA-- <- @walletconnect/jsonrpc-ws-connection 1.0.14
+ nodelite-2-JsPKdmh8ZkmnHxDk55FZ1TqVLvEQTvoByJZRN9jzI0UjxK-QgAmsphz7PGtqgPieQZ-CQcHWXCR7ATDNhGe-YA-- <- confusing-browser-globals 1.0.11
+ nodelite-2-Ju2RCU2dQMgSKtArPbEtsK5gNLnsQyTNIo-T7cZNp96niC1x0KdJNZV0TIoilceBPQwfb5itrGl8pkFeOUMl4A-- <- graphql-ws 5.16.0 (6.0.6 is available)
+ nodelite-2-JU3teHTNjmE2VCGFzuY8EXzCDVwEqB2a8fsIvwaStHhAWJEeVd1o1QD80CU6-ZdEXXSLbSsuLwJjkCBWqRQUVA-- <- picomatch 2.3.1 (4.0.7 is available)
+ nodelite-2-JuG3qI4QOftFsZyOn1qq87fq5grLIyk1JYd5lJmdA-fG7aQ9pA-i3JIJGcO3q0MrRcHlOt1U-ZeHW8Dq9axALQ-- <- caller-callsite 2.0.0
+ nodelite-2-JuRQ9KXLEjaUNjTWpzuR231Z2WpIwczOkBEIvbHNCzQefFIT0L8IqE6NV6ULLyC1SI-i234JnDoMkfg-RjQj2g-- <- @types/react 19.0.10 (19.2.9 is available)
+ nodelite-2-JWtuCu8VQsMladxVz-P4HzHUGCAwpuqacmowgXFs5XjxIgKuNjnLokQzuVjlTvIzODaDmpjT3oxcC48vyk9EWg-- <- @babel/types 7.25.8 (8.0.4 is available)
+ nodelite-2-JyeQc9iwFLn5TbvvqACIF-VXG6abODeB3Fwmv-TGdLk2LfbWkaySGY72at4-Ty7EkPZj854u4CrICqNk2qIbow-- <- parse5-parser-stream 7.1.2
+ nodelite-2-JZkJMZkAGFFPP2YqXZXPbMlMBgsxzE8ILs4lMIX-2o0L9UBw9O-Y3o6wFw-i9YLapcUJWwqbi3kdxIPdC62TIA-- <- rimraf 3.0.2 (6.1.2 is available)
+ nodelite-2-JZnDKK8B0RCDw84FNdDAIpZK-JuJw-s7Lz8nksI7SIuU3UXJJslUthsi-uWBUYOwPFwW7W7PRLRfUKpxjtjFCw-- <- xmlchars 2.2.0
+ nodelite-2-JZOSA7Mo9sNGB8-UjSgzdLtokWAky1zbztM3WRLCbZ70-3cTANmQmOdR7y2g-J0e2WXywy1yS468tY-IruqEww-- <- boolbase 1.0.0
+ nodelite-2-K0VQKziLUWkVKiRVrx4a40iPaxTUefQmjtkQofBkYRcoaaL-8rhwDWww9qWbrgicNOgnpIsMxyNIUM4-n6dUIA-- <- @types/minimatch 5.1.2 (6.0.0 is available)
+ nodelite-2-K13lQpoV54LATKkzBpBAEu1GGSIRzxR9f4IN4V8DCDgiUMo2UDGagEZr3lPeVNJPLkWUi5JE4hCHKneVTwQlYQ-- <- @babel/register 7.27.1 (7.29.7 is available)
+ nodelite-2-K3mCHKQ9sVh8o1C9cxkwxaOmXoAMlDxC1mYyHrjqOWEcBjYr76t96zL2zlj5dUGZ3HSw240X1qgH3Mjf1yJWpQ-- <- @sinonjs/commons 3.0.1
+ nodelite-2-K4jVyjnBdgvc86Y6BkaLZEN933SwYOuBFkdmBu9ZfkcAbdVbpITnDmjvZ-aQjRXQrv5EPkTnD1s39GiiqbngCw-- <- which-collection 1.0.2
+ nodelite-2-K5pXYOm9wqY1RgjpL3YTkF39tni1XajUIkawTLUo9EZEVUFga5gSQJF8nNS7ZwJQ02y-1YCNYcMh-HIf1ZqE-w-- <- is-weakmap 2.0.2
+ nodelite-2-K73EpThqHnSR26gOyNEL-acEex3P7VWZe6KE12ZwKzAt2H4e5gldZHbjsu2QR9cLeJ8AXuO7kEMOIcRv1QEc7g-- <- @walletconnect/jsonrpc-provider 1.0.13 (1.0.14 is available)
+ nodelite-2-KaC4kgiODDz8hswCrS0btrVrzyU2CSQKO7Ps90ibBVSQmjkrt2teqta6-sOG59v7-dPnKMAg13jyqtMKV2yJ7A-- <- @motionone/types 10.17.1
+ nodelite-2-KAPFN1y3eVqEbKLx1I8WOarHPqDMUa8WelWxaJCNKO-yHCP26zELeqTJvhsQup-8uwB6EYi-sp0b6TGoh6lOEA-- <- metro-transform-worker 0.80.12 (0.83.2 is available)
+ nodelite-2-KcKCqiftBJcZr--7ykoDIEwSa3XWowTfNPo92BYxjXiyYEVrUQh2aLyhxBCwww-heortUFxEJYcRzosstTEBYQ-- <- debug 4.4.1 (4.4.3 is available)
+ nodelite-2-KfMcuAu-Iw-DcV1e8twrFyr2yN8-ZDC-odIGta4wuuJOGkrkHZbvJvRNIbQNhGh7erZTYV6Ie0IeD6WC9Y8Hcw-- <- @tailwindcss/oxide 4.0.8 (4.1.18 is available)
+ nodelite-2-KgdgDGJt2TpuwBUIjgG6lzw2GWFRCW9Qkfkiv0DxqHHLYJHmtmdUIKcZd8rHgFSjopVTlw6ggzCm1b8MFQwikg-- <- upper-case 2.0.2
+ nodelite-2-KhC-cZsq7f8I4LfZSJKgCvEwfkE8o1538VoBeoGzokVLLnbFDEAdFD3UhoMklxo2un9NJVBdANOresx7vTHlHw-- <- @actions/http-client 2.2.1 (4.0.0 is available)
+ nodelite-2-KHe9AJfT0Zn0TpQ2daDFBpwaE0zqjWWiWLOANxzo-U6Xar5fRpU3Lucnk8iMVNitxo9inz2OmSnger70qHmsLw-- <- flow-parser 0.273.0 (0.275.0 is available)
+ nodelite-2-KigOCHcocU3XODJxsu8i-j8T9tzT4adHiecwORRQ0ZZFcp7ahwXuRU1m-yuO90C5ZUyGeGfocHDI14M3L3yDAQ-- <- requires-port 1.0.0
+ nodelite-2-KiKBS8AnWGEyLzofFfmvKwpdPzqiy16LvQfK3yv-fVH7Bj13-wl3JSR1J-rfgRE9q7xUJK4qvgS8raSOeLUehw-- <- set-blocking 2.0.0
+ nodelite-2-KIL7eQPfHQRC8-XluaIw7BHUwwqL19bQn4hzNgdr-1wXoU0KKj6rufu47lhY7KbJR2C6T6-PfyN0Ea7wkSS-qQ-- <- has-proto 1.2.0
+ nodelite-2-KIN-nDJBQRcXw0MLVhZE9iQHmG68qAVIBg9CqmUYjmQIhgij9U5MFvrqkUL5FbtyyzZuOeOt0zdeRe4UY7ct-A-- <- dunder-proto 1.0.1
+ nodelite-2-KiRAp-VoJaWkkte84TvUd9qjdbZAdiqyvMxrGl1N6vzFogKmaLgoM3L1kgtLicp2HP5fBJS8JrZKLVIZGVJAVg-- <- @babel/compat-data 7.27.5 (8.0.0-beta.0 is available)
+ nodelite-2-KIYLCCJghfHZxqjYBE7rEy0OBuTd5xCHS7tHVgvCLkx7StIoaxwNW3hCALgEUjFfeRk-MG-Qxmp-vtETEF3tRA-- <- is-inside-container 1.0.0
+ nodelite-2-KJuu3XyVh3qgyUer-rEqh9a-JoUxsDOzkJNfRpDyXiAyjDRoVch60X-Xa-NcEQ93iCVHAWs0yQ-XGNGIBCYE6g-- <- @react-native/babel-preset 0.74.83 (0.81.5 is available)
+ nodelite-2-Kkht5ye6ZGmwv40uUDZztayT2ThLQGfnj-T71N-XzeZeo3nf8foyW7zGTsPYkEya3m5f3cAypH-qe7YOrM1U2Q-- <- cipher-base 1.0.4 (1.0.7 is available)
+ nodelite-2-KLIET85ik3vhEfS-3fDlc-BAZiAp-43QEC-yCo5zkNoY2YaKvNkOaFr-6wCFgFH1kuYQM5pMNi0Tg8koiIemtw-- <- ofetch 1.3.4 (1.5.1 is available)
+ nodelite-2-KmfKL3b6G-RXvP8N1vr3Tq1kL-oCFgn2NYXEtqP8-L3pKapUA4G8cFVaoF3SU323CD4XypR-ffioHmkti6-Tag-- <- esrecurse 4.3.0
+ nodelite-2-KMReFUr0B4t-D-OBkjR3KYqvocp2XaSzO55UcB6mgQMd3KbcE-mWTyvVV7D-zsdEbNnV6acZUutkiHQXvTr1Rw-- <- anymatch 3.1.3
+ nodelite-2-KnTbKmUhPhHavzobclVJQG5kuivH-qDLpe84iRqX3CLrKp881cF160JvXJ-hjn1aMyCwYOKeIZefIH-P5cJoRw-- <- @stablelib/x25519 1.0.3
+ nodelite-2-KNTihKNmQENUZeKu5fzfpzRqR5S2VMp4gl9RFHiWzj9DfvYQPMJ6XHKNaQxaGCXwPk6y9yme3aUoaiAe-KX-vg-- <- denodeify 1.2.1
+ nodelite-2-KoK9ErH1MBlCPxV0VANkXW2-dw4vlbGDrFgz8bmUsBGYkFRcbRwMh6cIJubdPrkxRwuGdtCk0v-wPTKbQgBjkg-- <- @babel/plugin-syntax-optional-chaining 7.8.3
+ nodelite-2-KpNARQA3Iwv-jTA0utUVVbrh-Jlrr1Fv0e56GGzAFOXN7dk-FviaDW8LHmK52DlcH4WP2n6gI8vN1aesBFgo9w-- <- lru-cache 5.1.1 (8.0.5 is available)
+ nodelite-2-KQQR9yN7R5-OSwaK0XQoj22pwHoTlgYqmUscPYoknOoWCWfj-5-ABTMRi69FrKU5ffPVh5QcFikpWJI-P1ocHA-- <- tinyexec 0.3.2 (1.0.2 is available)
+ nodelite-2-KqWh-VchfxcMNRAJjj2tnsSJdNbHsVgnkBhTNrW7AjVo6OvLtxw8zfT9oLw1JSohlFzJ8jCoTgaoXvJ-kHt6fw-- <- minimatch 9.0.4 (9.0.9 is available)
+ nodelite-2-Kre4Y4kdwuqL8BR2E9hV-R5sOrUj6NanZaZis0V6lX5yzqC3hBuVSDXUIBqQv-sCpmuWRiHLwqiT1pqqjuBXoQ-- <- @stablelib/bytes 1.0.1
+ nodelite-2-KRs7WVDKg86PWiuAqhDrAQnTXZKraVcCc6vFdL14qrZ-DcWwuRo7VoiYXalXO7S5GKpqYiVEwCbgFDfxNHKJBQ-- <- commander 9.5.0
+ nodelite-2-KSzMkhyrxAQyY2o194NKVKU9j-c-NFSoMvnHWFaNHKi3P1lb-Vq1UC19tLHrmxSkKapcMMu69D7-G1-FVGNDXQ-- <- @tailwindcss/oxide-linux-x64-gnu 4.0.8 (4.1.18 is available)
+ nodelite-2-Kv5nKlh6yRrdrGvxeJ2e5y2eRUpkUosIW4A2AS38zwSz27zu7ufDwQPi5Jhs3XAlGNetl3bmnGhQsMtkKJnj3w-- <- dot-case 3.0.4
+ nodelite-2-Kvp459HrV2FEJ1CAsi1Ku-MY3kasH19TFykTz2xWmMeq6bk2NU3XXvfJ-Q61m0xktWwt-1HSYf3JZsTms3aRJg-- <- convert-source-map 2.0.0
+ nodelite-2-Kw-ReK0iqwKeu0MITLFuj0jbPAmEiOsIwyIXvvbfa6QfmN9pkD1M-8pdk7Rl-dTKbH34-XBFMbgD4iMJhLQbGA-- <- is-relative 1.0.0
+ nodelite-2-Kw36UHxJEELq2VUqdaSGR2-8cAsPgMtvX8uGVU6Jk26O66PhXec0A5ZnRYs47btbtwPDpXXF66-Fo3vimCM9aQ-- <- tightrope 0.2.0
+ nodelite-2-Kx8hMakjX03tiGTLAIdJ-lL0htKnXjEZN6hk-tozf-WOuYGdZBJrZ-rCJRbVCugsjB3jMLn9746NsQIf5VjBMw-- <- load-json-file 4.0.0 (6.2.0 is available)
+ nodelite-2-KyDvZYxAzkC0Aj2dAPyDzi2Ym15e5JKZSK-maI7NAwSqofvuFglbSsxE7wUOvTg9oFVnHMzVzBKcqEb4PJgtOA-- <- babel-plugin-polyfill-corejs3 0.8.7 (1.0.0 is available)
+ nodelite-2-KzIbH-9tXat2u30jf-smMwFCsno4wHVdNmzFyL-T-L3UGqqk6JKfVqOFOZEpZSHADH1k40ab6NUIXZq422ov3Q-- <- vfile 6.0.3
+ nodelite-2-L-PqWzfTP9lzzEa6CKs0k2nARxTdZduw3zyh8d2NVBnsyvHjSX4TWse388YrrQKbvI8w20fGjGlhgT96WwKykw-- <- unist-util-visit-parents 6.0.1 (6.0.2 is available)
+ nodelite-2-L0Orpi8qGpRG--Nd-H90vFB-3iHnue1zSSGmNOOCh1GLJ7rUKVwV2HvijphGQS2UmhUZewS9VgvxYIdgr-fG1A-- <- tree-kill 1.2.2
+ nodelite-2-L0Tx0DtaNUTzXv0lbGCLB-c-qEADanHbu4QdcNOXLIe1i8i22rZRpbT3gpWYsCh9aSL9zFujY-WmEXIatWvXbw-- <- lightningcss-linux-x64-musl 1.29.1 (1.31.1 is available)
+ nodelite-2-L0WhttDl-2BOsybvEOLK7fW3UA0OQ0IQ2d6Zl2x-a6vVRs3bAY0ECOSHHeL5jD-SbOpOCUEi0y1DgHEn9Qn1AQ-- <- magicast 0.3.5 (0.5.1 is available)
+ nodelite-2-L18DaJsXSUk2-42pv8mLs5jJT2hqFkFE4j21wOmgbUqsZ2hL72NsUU785g9RXgo3s0ZNgVl42TiHp3ZtOv-Vyg-- <- emoji-regex 9.2.2
+ nodelite-2-L1T0A5nFdQrMVunpZgzqPL6y2wVreSyHhKGZryS6jrEN7bD9NplVAyMryUhXsQ4TWLnZmxc2ekar-lSGIlprCA-- <- @typescript-eslint/utils 6.9.1 (8.8.0 is available)
+ nodelite-2-L28STB170nwWS63UjtlEOE3dldQApaJXZkOI1uMFfzf3rRuPegHaHesyee-YxQ-W6SvRDQV6UrdOdRiR153wJg-- <- camelcase 5.3.1 (8.0.0 is available)
+ nodelite-2-L2nZTYR1myLNST0O632g0Dx9LyMNHrn6TOt76sYxWLdff3cB22-GZX2UPtJnaqQPdCRoszoY5rcOj4oMTtp5fQ-- <- @parcel/watcher-linux-x64-musl 2.4.1 (2.6.0 is available)
+ nodelite-2-L7vwWlR1kTTQ3oh7g1O0CBF3YCyyTj8NmhLR-phShpyA50HCfBFKVJTpshm9PzLiKmehsrQzTYTpX9HvmC9rhw-- <- @radix-ui/react-use-escape-keydown 1.1.0 (1.1.1 is available)
+ nodelite-2-L9Gcahi0kKFYXvweO6n0wc3ZG1ChpSFdgG-eV1WYZ3-dGbJK7vvk91FgGgak8YwRgrCuihF8tE-Xg07EkL5COg-- <- @babel/plugin-transform-modules-commonjs 7.25.7 (8.0.1 is available)
+ nodelite-2-LA4ZjwlnUblHVgq0oBF3Jl-6h-Nvs5fzBLwdEF4nuxnFdsfajde4WfxtJr3CaiH-F6ewcIB-q4jQ4UzPyid-CQ-- <- node-gyp-build 4.8.4
+ nodelite-2-La5Ie-NGaRl3klei6WxKoOxmCUSGGxpOk6vU5pEGf0-O7ky-Ay0io-zXYUZqlNMi-cGpO7ZUijakBYOB-uyuFg-- <- @react-native-community/cli-hermes 13.6.6
+ nodelite-2-LaNjtRWUBY--zB5nE-NwcaoMylSPk-S-ZHNB1TzdbMJMny6dynpAGt7X-tl-QYq3TIeE6nxHppbo2LGymrG5Pw-- <- p-locate 5.0.0 (6.0.0 is available)
+ nodelite-2-LAOh4z89bGQvl9pFfNF8V146i7o7-CqFPbqzYgP-yYzDIDeS9HaNFtXABamRW-AQzEVODcvE79ljJ-8a9YSdMg-- <- snake-case 3.0.4
+ nodelite-2-LbrmJOMUSdEVxIKvdcJzQC-nQhe8FUZQTXQy6-I75skNgn3OoQ0DZA8YnFa7gp8tqtL3KPf1kmo0R5DoApeSGQ-- <- source-map 0.5.7 (0.8.0-beta.0 is available)
+ nodelite-2-LcqzfipsB8RTvH8FX24W4UUFk1bl-0yTOf9ZA08XngFwMg4Kj8A-9hwz8Cr-ZS4KwHrmo9PJiLZkOt49vPnuvQ-- <- @typescript-eslint/typescript-estree 8.23.0
+ nodelite-2-Ld2g8rrAyMYFXBhEqMz8ZAHBi4J4uS1i-CxGMDnjyFWddMXLVcDp051DZfu-t7-ab7Wv6SMqpWmyFIj5UbfFvg-- <- foreground-child 3.3.0 (3.3.1 is available)
+ nodelite-2-LDJzPVEEEPR-y48z93A0Ed0yXb8pAByGWo-k5YYdYgpY2-2EsOsksJrq7lOHxryrVOn1ejG6oAp8ahvOIQD8sw-- <- path-parse 1.0.7
+ nodelite-2-LDQvVDv5Kb50ny2s25Fhm3d9QSZimsoUGBsUioj6MC3qbMUCuC8GPIvk-M6IvXx3lYhAs0lwWUQLb-VIEUCECw-- <- @changesets/types 4.1.0 (6.1.0 is available)
+ nodelite-2-Lf-9-2r-Tdp5wXDXC4PcIBjTDtq4UKjCPMQhKIuzpJNW0b96kVqSwW0bT7FhRSfmAiFYgP-SCRvdrDozfh0U5w-- <- mdurl 2.0.0 (2.1.0 is available)
+ nodelite-2-Lg4Vx1XZQauB42Hw3kK7JM6yjVjgFmFC5-Ab797s79aARomD2nEErc4mCgM8EZrARLmmbWpi5DGCadmK50DcAQ-- <- use-callback-ref 1.3.1 (1.3.3 is available)
+ nodelite-2-LHE-8BuR7RYGDKvnrmcuSq3tDcKv9OFEXQt-HpbZhY7V6h0zlUXutnAD82GiFx9rdieCMjkvtcsPqBwgUl1Iiw-- <- array-buffer-byte-length 1.0.2
+ nodelite-2-LIx7-92p5rpI0i6iB4S4GBvvLxStNt6fF0oPMaUd1Weku7jZdfkCZzmrtDD9CSQ6EPb0T9NUZoyXIxlBa3wOCw-- <- metro-runtime 0.80.12 (0.83.2 is available)
+ nodelite-2-LKYU1iAXJXUgAXn9URjiu-MWhyUXHsvfp7mcuYm9dSUKK0-CjtrUwFAxD82-mCWbtLsGjFIad0wIsod4zrTAEQ-- <- xtend 4.0.2
+ nodelite-2-LN4fydt9TqhZhThkZIVQnF9cwjU3qmUH9h78Mx-K7d3VvfRqqwthLwJEUOEL0QPZ0XQmNN7be5Ggit5-4dq3Bw-- <- node-stream-zip 1.15.0
+ nodelite-2-LnQR4bZ9IADDRSkvpqMGvt-tEJWclzklNgSw48V5EAaAeDd6qGvN8ei6k5p0tvxSR171VmGyHuTiAOfxAbr8kA-- <- is-stream 3.0.0 (4.0.1 is available)
+ nodelite-2-Loo5UUvLD9ScZ6jh8beX1T6sO1w2-MpCRpEP7V280GKMVUQ0Jzar2U3UJPsrdbziLEMMhu3Ujnq--rhiFuIeag-- <- tough-cookie 4.1.4 (6.0.2 is available)
+ nodelite-2-LpB-54B--2J5hqQ7imZHfdU31OlgQqx7ZicVlkm9kzg9-w8GKLEcFfJl-t7DCEDueOyBAD6zCCwTO6Fzs0NoEQ-- <- isexe 3.1.1
+ nodelite-2-LPDZ85aEJyYSd18-DkjNh4-y1ntkE5KwUHWTiqgRxruuZL2F1yuHligVHLvcHY2vMHXttKFpJn6LwfI7cw7ODw-- <- @babel/template 7.27.2 (8.0.0-beta.0 is available)
+ nodelite-2-LRlerrMYoIDrT6jgpeZ2YYl-L8EulRTt5hQcYjy5AInh7HWXKimpqx68aknBFpGL2--IcogTcaydJEgaTmOpDg-- <- emoji-regex-xs 1.0.0 (2.0.1 is available)
+ nodelite-2-LS9X-dc8KLxXCb8dni79fLIIUA5VyZoyjSMCwTluaXA0o27cCK0bhXkpgw-sTXVpPy-lSO57ilRixqk0vDmtRA-- <- make-dir 2.1.0 (5.1.0 is available)
+ nodelite-2-LtoMMhxAlorcGhmFYI-LhPgbPZCkgP6ra1YL604EeF6U98pLlQ3iWIGMdWSC-vWmPBWBNgmDBAhnAobLROJmwg-- <- @sindresorhus/merge-streams 2.3.0 (4.0.0 is available)
+ nodelite-2-LTQ-SGc-s0Xc0Fu5WaKnR0YiygZkm9eKFvyS-fRsU7-ZWFF8ykFM6Pc9aCVf1-xasOOZpO3BAVgVrKvsqKHV7w-- <- command-exists 1.2.9
+ nodelite-2-LvBTxu8bQSQkcyKOU-a1btnNFQ1dMAd0R6PyW3arXes06F6QLWLIrd681bxRPIXlrMGR3XYnW9JyML7dP3qgxg-- <- @babel/helper-annotate-as-pure 7.22.5 (8.0.0-beta.0 is available)
+ nodelite-2-LvIm3-KWzS9oRFHugab7d-M-GcBXuXX5xZkzPmN-NxihdQlZUQ4dWuSV1xR-sq6upL1TJEDrfBgRepHFdBtSNQ-- <- is-weakset 2.0.3 (2.0.4 is available)
+ nodelite-2-LyfdmrnZY6dWqlF4eDrx5jpUwsB2bEPjoqR5Z6rXPiHJKUOdJt7az-mNOn5KTSOlRpd1DmozrBrWr-G9fFLYVw-- <- @walletconnect/utils 2.11.2 (2.16.1 is available)
+ nodelite-2-M1uQkMl8rQK-szD0LNhtqxIPLpimGm8sOBwU7lLnCpSbTyY3yeU1Vc7l4KT5zT4s-yOxHH5O7tIuuLOCnLADRw-- <- csstype 3.1.3 (3.2.3 is available)
+ nodelite-2-M3BmBhwJRZsSx38lZyhE53Csddgzl5R7xGJNk7CVddZD6CcmwMCH8J-7AprIrQKH7TonKxaCjcv27Qmf-sQ-oA-- <- duplexify 4.1.3
+ nodelite-2-M4yMwr6mAnQz76TbJm914-gPpB-nCwvZbJU28cUD6dR004SAxDLOOSUaB1JDRqLtaOV-vi0IC5lEAGFgrjGv-g-- <- whatwg-mimetype 2.3.0 (5.0.0 is available)
+ nodelite-2-M7BAV6Rlcy5u-m6oPhAPFgJTzAioX-6B0DxyvDlo9l8-T3nLKbrczg2WLUyzd45L8RqfUMyGPzekbMvX2Ldkwg-- <- picomatch 4.0.2 (4.0.7 is available)
+ nodelite-2-M7LhCsdNbNgiLYiP4WjsfLUuFmCfnjdF6jKe2R9NKl4WFN-HZPGHJZ9lnLP7f9ZnKe3U9nuWD0szirmj-migUg-- <- pony-cause 2.1.11
+ nodelite-2-MATJdZp8sLqDl-68LfQmbP8zKPLQNV6BIZoIgrscFDQ-RsvK-BxeDQOgyxKKoh0y-8h3BqVFnCqQ-gd-reiIXA-- <- setimmediate 1.0.5
+ nodelite-2-MbjN408fEndfiQXbFQ1vnd-1NoLDsnQW41410oQBXiyXDMYH5z505juWa4KUE1LqxRC7DgOgZDbKLxHIwm27hA-- <- language-tags 1.0.9
+ nodelite-2-Mcc5wHehp9aXz1ax6bZUyY5afg9u2rv5cqQI3mRrYkGC8rW2hM02jWuwjtL--LS5qinSyhj2QfLyNsuc-VsExg-- <- streamsearch 1.1.0
+ nodelite-2-MCL3sf6nCSXOwCTzvPKhN18TU7AHTvdtam8DAogxcrJ8Rjfbbg7Lgng64H9Iy-vUV6VGFClN-TyxBkAebLRR4A-- <- caller-path 2.0.0
+ nodelite-2-Me7N5CKR-D2A1xdWA5t5-kjjT7bwnxZOE6-yDI-ixJdJokszsn2n--mdU5yJwrsTpqFX2B9ZNMBJDwcqk9C9lw-- <- tailwindcss 4.0.8 (4.1.18 is available)
+ nodelite-2-MfBcuSz2GmMH-P7MrCP46mVE5qhP0ZyWA0FyIH6-WuxQ6G-MgKsGfaITqakpRPsykWOJq8tXMs3XvUPDU413OQ-- <- @walletconnect/sign-client 2.11.2 (2.16.1 is available)
+ nodelite-2-MHzkWQcEmjzzVW9j2q8LGjwGWpG2mjwaaB0BNQwst3FIjqsg8Ct-mIZlvSPJvfi9y2AC8mi-ktxbFVL9pZ1I4A-- <- @babel/plugin-transform-dynamic-import 7.27.1 (8.0.1 is available)
+ nodelite-2-MivbDLUQ-4Q8G-Hp-9V72hbn810IJDEZQ57F01sHnlrrijyadibfVhaQfW-pNH-9T-l8ySZpaR-DpL5i-ruZ-g-- <- @graphql-tools/merge 9.0.4 (9.1.6 is available)
+ nodelite-2-MJG9liiZ-ogc4TzUwuvbER1JRdgvUFSB5-VR-g5h82fGaIRWMWddtKBHi7-sVhfjQZ6SehlyhvQYrcYkaUIpLg-- <- create-hmac 1.1.7
+ nodelite-2-MJu7ypHq6QasgF5YRTjqscSzQp-W11zoUk6kvmlH-fmWEs63Y0Eib13hYFwAzagRJcVY8WVnlV-eBDUGMJ5IbA-- <- uqr 0.1.2
+ nodelite-2-MjYsKHO5O7mCsmRGxWcLWheFqN9DJ-2TmngvjKXihe6efViPqc274-Fx-4fYj-r03-ESvBdTXK0V6tA3rgez1g-- <- is-regex 1.2.1
+ nodelite-2-MM4mq2-DQU1ZT7nqxnpveDMTkMBLnwNX44cX7NSxlXmr7f8hO6-S2MXNiXG54uf-0nYnefv0cfy4Czf-ZL-EKQ-- <- @changesets/get-release-plan 4.0.8
+ nodelite-2-Mm6aeymI0PBh44xNIv-qvo8nmbkpZze1KvR8MkEqbIREDxoiWTi18Zr2jryfRMwDfVZF9foKh060fWgni44luw-- <- @babel/plugin-transform-spread 7.25.7 (8.0.1 is available)
+ nodelite-2-MMdARuVEQziNTeJD8DgMqmhwR11BRQ-cBP-pLtYdSTnf3MIO8fFeiINEbX36ZdNlfU-7A9f3gUw49B3oQsvwBA-- <- estraverse 5.3.0
+ nodelite-2-MmnduQUuHCoFckZoWnXsTg7JaiLBJrKFj9UI2MbRPGaJeVpsLcVBu6P-IGZovziM-YBsellCmsprgNA-w0CzVg-- <- spawndamnit 3.0.1
+ nodelite-2-MmViqnqHd1ymwjOQfghRKw2R-jMIGT3wySN7cthjXCBdO-qErNPUBnRzqNpnvIwg7JBCg3LdeCZZO4de-yEhVA-- <- @stablelib/chacha20poly1305 1.0.1
+ nodelite-2-MmWmQ3iPFZr0Iev-BAgVMb3ZyC4KeFc3jFxnNbEPas60e1cIfevbtuyf9nDGIzOaW9PdnDciJm-wFFaTlj5xYw-- <- @img/sharp-libvips-linux-x64 1.0.4 (1.2.4 is available)
+ nodelite-2-MMzuxN3GdFwskAnb6fz0orFvhfqi752yjaXylr0Rp4oDg5H0Zn1IuyRhDVvYOwAXoJirx2xuS16I3WjxnAIHiQ-- <- @types/semver 7.5.4 (7.8.0 is available)
+ nodelite-2-MpUEN2OodtUzxvKQl72cUF7RQ5EiHsGvSsVG0ia9c5RbWGL2CI4C7EpPS8UTBIplnlzZiNuV56w-FuNxy3ty2Q-- <- supports-color 8.1.1 (9.4.0 is available)
+ nodelite-2-MR04uvD-07cwl-yhVuVWAtw-3GOR-knlL55Nd-wAdblk27GCVt3lqpTivy-tkJcZoNPzTwS1Y-KMojlLDhoTzg-- <- unist-util-visit 5.0.0 (5.1.0 is available)
+ nodelite-2-MSjYzcWNOA0ewAHpz0MxpYFvwg6yjy1NG3xteoqz644VCo-RPgnr1-GGt-ic3iJTzQ8Eu3TdM14SawnVUmGE6A-- <- emoji-regex 8.0.0 (9.2.2 is available)
+ nodelite-2-MtfMVJiSr2NjzS0Aa90NPTnvTSg6C-JLCV7ma0W6-OMV78vd8OyRpID-Ng9LxzsPbLeuBnWBA1Nq30AtBIDChw-- <- @radix-ui/react-use-controllable-state 1.1.0 (1.2.2 is available)
+ nodelite-2-Mti-f9lpJNcwF4tWV8-OrTTtF1gZi-f8FqlyAdouralcFWFQWF2-NgCHShjkCb-IFBLq9buZwE1xckQU4peSuQ-- <- chalk 2.4.2 (5.6.2 is available)
+ nodelite-2-MTyJk98sHvSs-cvZ4nOauwTTG1JeonDjSGvGGUNHreGQns-Mpt6WX-dVzWBHgg-dYZhkC4X-zTDfkTU-Vy9y7Q-- <- @babel/plugin-transform-duplicate-keys 7.27.1 (8.0.1 is available)
+ nodelite-2-Mu7R0g4ig9TUuGSxJavny5Rv0egCEtpZRNMrZaYS1vxkiIxGiGUwoezU3LazIQ-KE04hTrTfNPgxU5gzi7F5Pw-- <- sudo-prompt 9.2.1
+ nodelite-2-MUaPUe-QRLEffARsmNfmpghuQkW436DvESW-h-M52w0coICHRfD6Np9-K6PdACwnrq1HmuLl-cSPZaJmeVPkSw-- <- @typescript-eslint/visitor-keys 6.9.1 (8.8.0 is available)
+ nodelite-2-MuCAyrGZcTLfQoH2XoBlQ8C6bzwN88XT-0slOGz0pn8-gIP85BOAfYa44ZXQUTOwRwPU0QvgU-V-OSajl-59Xg-- <- scuid 1.1.0
+ nodelite-2-MVC8EAQp7MvEcm30KWENFjgR-Mkmf-D189XJTkFIlwohU5hcBbn1ZkKq7KVTi2Hme3PMGF390DaL52beVrIihQ-- <- @noble/hashes 1.3.2 (2.0.1 is available)
+ nodelite-2-MVHddDVweXZF3awtlAS-6pgKLlm-JgxZ90--NBurBoQctVOOB-zDdVjcyPzQ-0laDGbsWgrRkflI65sQeOgT9Q-- <- open 7.4.2 (9.1.0 is available)
+ nodelite-2-MWaVT0FkZwzYbD3tvk8F-2qpPlz1LUSWHuqbINUtMXnSzJtXN49Y99fR7FuBhNFtDalfuWsEK17GrNA-KnAsPQ-- <- @walletconnect/types 2.13.0 (2.16.1 is available)
+ nodelite-2-MwVNWlYjDTtOjX5PiD7o5pK0UrFU-OYgcJfjjK4RaHZETNtjJqrZa9Y9ds88-A-f-d5lv-561eZ-yCKoS3gbAA-- <- commander 12.0.0
+ nodelite-2-MXf5laXo6c1IbEbegDmzGPwGNTsHZmEy6QGznu5Sh2UCWvueywb2ee-CCE4zQiZstxU9BMoQO9i6zUFSY0Kj0Q-- <- @babel/plugin-syntax-export-namespace-from 7.8.3
+ nodelite-2-Mz-4-y8udxBKdmzt-UjPACs4G3j5SshJJEFFKxlCGPydG4JAHXxjWjAwjd09tf6oINvl1VfMJo-nB7H2YKQ0dA-- <- @babel/helpers 7.26.9 (8.0.0-beta.0 is available)
+ nodelite-2-MZ4iQ6JwHOBQjahnjwaC1ZtIBH-2ohjamzAO3oaHcXYup7qxjF2fixyH-Q71voWHeOkI2q-TnJao-KfXYIZWbw-- <- es-object-atoms 1.0.0 (1.1.2 is available)
+ nodelite-2-N-8UisAXDGk8PFXP4HAzVR9nbfmVJ3zYLAWiTIoqC5v5isinhr-r5uaO8-7r3BMfuNIufIsA7RdpVgacC2cSpw-- <- text-table 0.2.0
+ nodelite-2-N-A2DRIf0Y3PHc1XAMvbBUu4zisna6qAdqABMZwBMNEfWrXpAwx16pZGkYCLGE-Rvv1edbcB2LYDRnACNcmCiw-- <- @coinbase/wallet-sdk 3.9.3 (4.0.4 is available)
+ nodelite-2-N-ahhZxTLYu1HNTQetwWcx3so8hcYbkKBHTr4b4-YgObFTIKkOSSsaa-nal12w8mfrJAyzJfETXawbNjSfP2gQ-- <- ts-generator 0.1.1
+ nodelite-2-N-MeXYoqr3pOgn8xfyRPREN7gHakLYjhsHhWGT3fWAiL4IkAt0iDw14QiiEm2bE30c5XX5q0FtAA3CK5f9-BUg-- <- define-lazy-prop 3.0.0
+ nodelite-2-N-wH1vcn4oYawbJ13Y-FxcQrWk63jhfNa7jef0ih7PHSIHX2LB7GWE1rkPrOnka9kwMxb6hMl19p7lidA-EHmQ-- <- @babel/plugin-transform-shorthand-properties 7.27.1 (8.0.1 is available)
+ nodelite-2-N08M56HdOgBfRKkrgCMZvQppkZGcArEop3kixNEtVbJKm6P9Cfg0YkI6X0s1g78sNrj2fWUwvJADdZuzJgFttA-- <- @metamask/superstruct 3.1.0
+ nodelite-2-N5p-ulfnnA2Pi2M3YeWjULeWbjo7ei22JwU-IXnhoHzKq3pYCN6ynL9mJBOlvDVv892EgLPCWCOwQk-uBT2v0Q-- <- @safe-global/safe-apps-sdk 9.1.0
+ nodelite-2-N8SpfPUnUp1bK-PMYW8qSWdl9U-wwNWI4QKxOYDy9JAro3WMX7p2OeVRF9v-347pnakNevPmiHhNmZ2HbFA76w-- <- nanoid 3.3.11 (5.1.6 is available)
+ nodelite-2-NaCwtw8o48B9I6L1zl2p41OHo-2Z4wqYGGIK1Khu5T7yxrn-ATOixn-Udn2m-6kZKB-J7cuT9DbWWhRxqixACg-- <- @vue/reactivity 3.5.13 (3.5.27 is available)
+ nodelite-2-NaPeVjtrfbPXcl-MLQCJLWtqe2-E4bbAqcauEOQ-3sizw1Fc2CNmhHRF8a6W4D0ekvTRRXAMptXYgA2uConbrA-- <- @graphql-tools/apollo-engine-loader 8.0.1
+ nodelite-2-NcDiDkTLuPR---OCKB0nWafEmhg-Da8aUPLPMQbK-bxKKCm1-S5he-AqYa4PlMCVBalb4-yxIRub6qkEx5yJbw-- <- regexp.prototype.flags 1.5.2 (1.5.4 is available)
+ nodelite-2-NCrCHhWmnQklfH4MtJMRjZ2a8c80qXeMlQMv2uVp9ISJMTt562SbGd6n2oq0PaPgKm7Z6pL9E2UlLIhC-SHL3w-- <- pngjs 3.4.0 (7.0.0 is available)
+ nodelite-2-Ne-eE4r0-iWnpAxD852z3A-N0Bt5RN--NjJwRd2VFHEmrywxf5vsZlh4R6lixl6B-wz-8d-maTSAkN1FIkI3LQ-- <- type-fest 0.20.2 (5.4.1 is available)
+ nodelite-2-Ne2YiiGN8bmrmJJEuTWTLJR32nh-JdL1-PSicowtNb0WFpn59GK8-lfD61bVtzguz7b3PBt74nxpv-Pw5po5Rg-- <- type-fest 0.7.1 (5.4.1 is available)
+ nodelite-2-NEdLrtrq1jUZyfjkr9OCz9EzCNhnRyWtt1PAnvnhwy6e8XETS0Dtc-ZNCO2gvuAoKsIn2-vCSowXTYE4CkgnAQ-- <- json-rpc-engine 6.1.0
+ nodelite-2-NFJK2sHUvrjo8wAU-nQTWU890-zB2jj0qBcCbZbbf-005cAsv6tMjXz31fBign6M5ov1o0Bllu-9nbqkfsjjJQ-- <- @babel/helper-wrap-function 7.27.1 (8.0.0-beta.0 is available)
+ nodelite-2-NGnrKwXzSms2qUUih-ILZ5JBqNTSa1-ZmP6flaIp6KmSElgE9qdndzS3cqjrDovwFdmwsGsLdeFgB6suw-1e9g-- <- internal-slot 1.0.7 (1.1.0 is available)
+ nodelite-2-NiSupZ4OeuGwr68lGIeym-ksIZMJodUGOSCZ-FSnTxcrekbvqrgdUxlJOMpijaKZVjAJrWrGs-6Jy8OMuyj9ow-- <- escape-html 1.0.3
+ nodelite-2-NIxF55hv4nSqQswkAeiOi1r83xy8JldOFDTWiug55KBu9Jnblncd2U6ViHmYgHf01TPZS77NJBhBMKdWj9HQMQ-- <- ci-info 3.9.0 (4.3.1 is available)
+ nodelite-2-NKN5kMDylKuldxYLSUfrbo5Tuzh4hd-2E8NPPX02mZtn1VuREQToYe-ZdlJy-J3uCpfaiGF05e7B8W0iXbQHmg-- <- require-main-filename 2.0.0
+ nodelite-2-NkwHbo3E00oybX6NGJi6ar0B29vxyvNwoC7eJ4G4Yq28UfY758Hgn-heV8VRFhevPED4LXfFz0DQ8z-0kw9zMg-- <- istanbul-lib-processinfo 2.0.3
+ nodelite-2-NM8-P9n3XjXhIZn1lLhkFaACTOURQXjWhV4BA-RnOv8xvgqtqpAX9IO4mRQxSx1Rlo4tqzeqb0sOlruaOy3dug-- <- json-schema-traverse 1.0.0
+ nodelite-2-NOKm8xhkzAjzFx8B2v5OAHT-u5pRQc2UCa2Vq9jYL-31o2wi9mxBA7LIFs3sV5VSC49z6pEhfbMULvShKj26WA-- <- commander 4.1.1 (9.5.0 is available)
+ nodelite-2-NovQquuQLAQ5HuyjCz7WQP9MjRj7dx--yspwiyUiGl9ZyadHRSql1HZh5ogRd8W8w6YM6EQ-NTB8rgjLt5W65Q-- <- @babel/helper-define-polyfill-provider 0.5.0 (1.0.0 is available)
+ nodelite-2-NPE8TDbzl-3YQYY7CSS228s3g2ollTFnc-Qi3tqmqJp9Vg2ovUpixcJEo2HJScN2Ez-kEaal6y70c0ehqJBJeA-- <- pkg-dir 5.0.0 (8.0.0 is available)
+ nodelite-2-NPRy--ncIMeDlTAsuqwKIiferiawhefFJtkNSW0qZJEqMEb-qBt-77B-jGeeek-F0uOeN05CDa6HXbbIgtVX4w-- <- resolve 1.22.10 (2.0.0-next.7 is available)
+ nodelite-2-NPTqaoi0oPBVNuLv7qPaJazmGHs5JGyO8eEAk5VGKmJzDR7AHzD4k6ilox5kxk1iwiOnFopBOOMLs86Oa76HpQ-- <- @walletconnect/events 1.0.1
+ nodelite-2-NqADB8VjPFLM2V0VvHUewwwsw0ZWBaIdgo-ieHtK3hasLz4qeCRjYcqfB6AQrBggRKppKF8L52-VqdVsO47Dlw-- <- has-tostringtag 1.0.2
+ nodelite-2-NQn7AHQnk-RSLOxrBbGyJM-aVQ-pjj5HCgasFxc0K-KhoATfQ-47AyUl15I2yBUpihjmas-a-VJBOqecrFH-uA-- <- @types/istanbul-lib-report 3.0.3
+ nodelite-2-NqVDv9TpANUjFm0N8uM5GxL36UgKi9-atZw-x7YFnQ8ckwFGKrl4xX4yWtrey3UJm5nP1kUbnYgLopqWNSRhWw-- <- sax 1.2.4 (1.6.1 is available)
+ nodelite-2-NREkZsZVJS4xmTr8qzE5y8AfIPqsdQfRuUiLRTEzb7Qii8iFWCyDKaUV2c0rCuh4ljDZ98ALHP-PetiBV2nddA-- <- @babel/plugin-transform-async-to-generator 7.27.1 (8.0.1 is available)
+ nodelite-2-NRI02PHJsP5y2gAuWKP-awamTIBFBSKMnO6UVzi03GTclmHHHInH5UzVgzi5tpu4-FmGfsdT7Umqegobtsp23A-- <- @tanstack/react-query 5.66.9 (5.90.2 is available)
+ nodelite-2-Ntyt4AIXyaLIuMHF6IOoTakB3K-RWxwtsHNRxllEoA6vPwP9o4866g6YWDLUdnucilZhmkxiHwHr11gAENw-QA-- <- node-addon-api 2.0.2 (8.5.0 is available)
+ nodelite-2-NuAESUOUMrlIXOfHKzD6bpPu3tYt3xvjNdRIQ-FeT0lNb4K8WR70CaDxhuNguS2XG-GjkyMwOzsN5ZktImfhLA-- <- object-keys 1.1.1
+ nodelite-2-NuaNSa6flKT5JaSYQzJok04JzTL1CA6aGhv5rfLW3PgqA-M2ChpZQnAC8h8i4ZFkBS8X5RqkDBHA7r4hej3K9A-- <- queue-microtask 1.2.3
+ nodelite-2-NWmpvLSqUrgrAC9HCuxEvb-PSloHpqVu-FqcO4eeF2h5qYRhA7ev6KvelyQAKtegUbC6RypJnlEOhd8vloNKYg-- <- nopt 1.0.10 (9.0.0 is available)
+ nodelite-2-NX9oUXgF9HPfJSwl8tUZCMP1oGx2-Sf-ru6d05QjzQz4OwWg0psEzwY6VexP2tTHWdOkhKHUIZH-fS6nA7jfOw-- <- @vitest/runner 3.0.9 (4.0.7 is available)
+ nodelite-2-NxbJyt1M5zffPcYZ8Nb53-8nnbIScmiLAMdoe0-FAszwb7lcSiX3iYBTsuF7RV84dZZJC8r3NghomrUXsmWvxQ-- <- eslint-plugin-jsdoc 50.6.3 (61.5.0 is available)
+ nodelite-2-NxNv-kLguCA7p3jE8oL2aEBsrJWgAakBpgmgK6lpPWV-WuOmY6r2-zbAVnP-T8bQlA0nzHXSJSJW0Hq7ylaD2Q-- <- prompts 2.4.2
+ nodelite-2-Ny6QZ2Nju20vw1SRHe3d9jVu6gJ-4e3-MMpqu7pqE5HT6WsTSlce--GQmK5UXS8mzV8DSYHrQH-Xrf2jVcuKNg-- <- undici-types 6.20.0 (8.3.0 is available)
+ nodelite-2-NzUnlZexiaH-46WDhANlyR2bXRopNg4F-zuSA3OpZnllCUgRaOF2znDioDWrmbNVsuZk6l9pMquQB38cfBZwkQ-- <- before-after-hook 2.2.3 (4.0.0 is available)
+ nodelite-2-NZyJarBfL7nWwIq-FDL6Zp-yHEhePMNnnJ0y3qfieCrmNvYct8uvtiV41UvlSe6apAfk0fY1FbWx-NwfmpvtTg-- <- acorn 8.15.0
+ nodelite-2-O31Ssjd5K6lPbTX9AAYpSKrZmLeagt9uwschJd-Ixo6QiRyfpvgtVQp8qrDR9UNFjZ8-DO34ZkdrN-BnPXemeA-- <- @babel/helper-member-expression-to-functions 7.25.7 (8.0.0-beta.0 is available)
+ nodelite-2-O3vsMYfWighyFbTd8hk8VaSj9UAGENxAtX---ugIst2RMk5e03h6RoIS-0ylsFxY1gvmPuAY-PO4It-gPEeySA-- <- remove-trailing-spaces 1.0.8
+ nodelite-2-O5lz91xSOeoXP6DulyHfllpq-Eg00MWitZIbtPfoSEvqIHdl5gfcY6hYzDWnj0qD5tz52PI08u9qUvSVeUBeHw-- <- node-int64 0.4.0
+ nodelite-2-O8dpsF-r0WV-8MNRKfnmrtCWhuKjxrq2w-jpzBL5UZKTi2LeVWnWOmWRxFlesJONmc-wLAGvKQZEOanko0LFTg-- <- istanbul-lib-coverage 3.2.2
+ nodelite-2-O8jcjabXaleOG9DQ0-ARXWZBTfnP4WNAqzuiJK7ll44AmxGKv-J2M4TPjxjY3znBCfvBXFzucm1twdyFybFqEA-- <- @isaacs/cliui 8.0.2 (9.0.0 is available)
+ nodelite-2-OAlb-T7V4Op9OwdkjmguYRqncdlx5JiofwOAUkmTF-jNdHwzTaTs4sRAGpzLF3oOz5xAyDGrPgeIDFQmDOTiJw-- <- check-error 2.1.1 (2.1.3 is available)
+ nodelite-2-OaLvZ8j4gCkLn048ypkZu29KX30r8-OfFF2w4Jo5WXFr-J04J-lzJ5TKZBVgFXhlvSkqNFQdfnY1Q8TMTCyBVA-- <- @zip.js/zip.js 2.7.62
+ nodelite-2-ObmnIF4hXNg1BqhnHmgbDETF8dLPCggZWBjkQfhZpbszZnYur5DUljTcCHii5LC3J5E0yeO-1LIMyH-UvHQgyw-- <- shell-quote 1.8.3
+ nodelite-2-OduNjVJsFbifKb57UqZ2EMP1i4u64Xwow3NYXUtBbD4vIwJdQd4-xl8YDou1dlm4DVrtwT-7Ky8z8WyCULVfxw-- <- type-fest 4.26.0 (5.4.1 is available)
+ nodelite-2-Oei9OH4tRh0YqU3GxhX79dM-mwVgvbZJaSNaRk-bshkj0S5cfHcgYakreBjrHwatXKbz-IoIdYLxrKim2MjW0Q-- <- asynckit 0.4.0
+ nodelite-2-OFzVOv03YpvtcWGe5AayU5G2hgybsg3iqA6drU8UaoZyB9jLGMTrz9-asnLp-E-6qPh88yEI1gvyZFZ41dmgww-- <- easy-table 1.2.0
+ nodelite-2-OGlZQpz2yfahA-Rd1Y8Cd9SIEsqvXkLVoSw-cgwhnhFMDbsQFeZYoJJ7bIZBS9BcamUW96asq-npPWugM-RQBw-- <- jackspeak 3.4.3 (4.2.3 is available)
+ nodelite-2-OGqo7-dXHqI7Hfm-WqkZjKjsiRtFUQHPdGMXzk5mYXhJUedO7e-Y7i8AK3MyLMgZR93TX4bIzYrfyVjLC-0VSw-- <- @typescript-eslint/scope-manager 8.23.0
+ nodelite-2-OH-2E5Fg20h2aPrbe-QL8JZQFko0YZaF-j4mnQ7BGhfavO7OpSLa8a0y9sBwomHdSbkhTS8TQNayBfnW5DwbvQ-- <- ast-types-flow 0.0.8
+ nodelite-2-OJ2iGMtj5Tg3s6RaXH22cJcxXRi7Y3EBqbHTBRq-PQAqfaS8f-236fUrWhfSn8P4jovyzqucxme7-vWSSZBX2Q-- <- @octokit/graphql 7.0.2 (9.0.3 is available)
+ nodelite-2-OJguuwlTYlN0gBZFRPqwOGNWssZjfIUdS7HMYtN8c1KmwpwHFBwTeFZrg9XZa-DFTitWOW5iTAG7tyCUPsCCyw-- <- @babel/plugin-transform-modules-commonjs 7.27.1 (8.0.1 is available)
+ nodelite-2-OJGYZlhLqBh2DDHeqAxWB1XIvr49CxiJ2gIt61-PU55CQK4Z58OzMqjDe1zwQdQk-rBYsRc-1rJmdajM3gimHg-- <- babel-plugin-polyfill-regenerator 0.5.5 (0.6.8 is available)
+ nodelite-2-OKrckBy-sMEgYM-sMmqmErVn0kZqrHPJze-Ql3DzYsDDp0hl0L62nx-2122-Bvps1qz645jlcu2tD9lrRSdf8A-- <- @radix-ui/react-context 1.1.0 (1.1.2 is available)
+ nodelite-2-OL-zLggRp8mFhKL0rNORUTR4yBYujK-uU-xZL--0Rgm2QE4nLO9v8PzEweSJEbMGKmDRjJE4R3IMJlL2di4JeQ-- <- parse-imports 2.2.1
+ nodelite-2-OLETBj6w0OsagBwdXnPdN0cnMfF9opN69co-7ZrbfPGrdpPVNBUj02spi6B1N7wChLQiPn4CSH-zJvXw56gmHw-- <- domelementtype 2.3.0
+ nodelite-2-OO0pH2lK6a0hZnAdau5ItzHPI6pUlvI7jMVnxUQRtw4owF2wk8lOSabtGDCTP4Ggrg2MbGnWO9X8K1t4-fGMDw-- <- fs.realpath 1.0.0
+ nodelite-2-OPdCF6GsMIP-Az-aWfAAOEt2--iVDKE7oy6lJ098aoe59oAmK76qV6Gw60SbZ8jHuG2wH058GF4pLFbYamYrVA-- <- acorn-walk 7.2.0 (8.3.5 is available)
+ nodelite-2-OQtR36ZlnuTxKqoW4Sv6x5YIhOmClRd5pWsjZsddYxpWs517R0HkyiefQPIytCVh4ZcC5x9XaG8KTdd5iRQUfg-- <- @changesets/logger 0.1.1
+ nodelite-2-OW9F8t2J3AwFEwENg3yMyKWweF7oRJlMyHOMIhO5F3n0-cgQAJZBjNgrF8dLwFTEXl5jUqBLXd9QyyKv8zEcmA-- <- @vitest/pretty-format 3.0.9 (4.0.7 is available)
+ nodelite-2-OWND8ei3VtNC9h7V60qff3SVobHr996CTwgxubgyQYEpg290h9J0buyECNNJexkFm5sOajh5G116RYA1c8ZMSw-- <- natural-compare 1.4.0

Done in 1.3s
