Progress: resolved 1, reused 0, downloaded 0, added 0
Progress: resolved 249, reused 0, downloaded 247, added 0
Packages: +250
++++++++++++++++++++++++++++++++++++++++++++++++++++++++++++++++++++++++++++++++
Progress: resolved 250, reused 0, downloaded 249, added 249
Progress: resolved 250, reused 0, downloaded 250, added 250, done

dependencies:
+ nodelite-2-2bmlRpNKBxT-CRmPOlyISQpNj-qSeYvcym-uT0Jx2bMOlKLtSy1ZmLuVxSEKKyor-N5yhvp-ZiG1oE3DEYMSFA-- <- err-code 2.0.3 (3.0.1 is available)
+ nodelite-2-2cBVCj6I4IOvEnjgO-hWqXjqBGsY-zwPmHl12Srk9IXSZ56Jwwmy-66XO5Iut-oQVR7t5ihYdLB0GMa4alEUcg-- <- string.prototype.codepointat 0.2.1
+ nodelite-2-2cD3RGB5byusLS0DAX1Nvl5MLiv7OoGgQrRs-94dTalqjvK8lGKzxxJhXoVojgx2qcROyIUAIDXFdTqv6NIHaA-- <- @algolia/client-search 5.20.2 (5.57.0 is available)
+ nodelite-2-2ckkZtgT0zG8SMc5aoNwtm5234eUx1GGFJKf2b1bSp8UflqaeFzR50lid4PfqVI9NtGqJ2J4Y7fwvnP-u1cQog-- <- postcss-minify-font-values 7.0.0 (7.0.3 is available)
+ nodelite-2-2dJJw1sHQl2qxCrRk-KTQbeH-izFbGFPuJj5eGgBZFYyiYYtvlrBeUw1E-OJJxTRjuxbSYGnCTkUIRsIIW0bog-- <- next-auth 5.0.0-beta.25
+ nodelite-2-2dK6z8fhs8lla5PaOTgqfCGBxgAv-le-EhPs27KklPhm1bKObpu6lXzwfUEQ16ajXzqNrKMujsFyo9K2eaoISw-- <- @octokit/plugin-paginate-rest 11.4.4-cjs.2
+ nodelite-2-2EmdH1YvIQiZpltCNgkuiUnyukzxM-R6NDJX31Ke3BG1Nq5b0S2PhX59UKi9vZpPDQVdqn-1IcaAwnzTT5vCjw-- <- get-symbol-description 1.0.0 (1.1.0 is available)
+ nodelite-2-2EZLisiZQ-7m4wwur-qiYJRniHX4K5Tc9w93MT3AS0WS1u5kaZ4FKXlOTBhOjc-CgEgPiGY-fX1yWD8UwpEqUA-- <- css-background-parser 0.1.0
+ nodelite-2-2eznPJP8z2BFLX50tf0LuODrpINqP1RVIm-CObbTcBRITQgmC-TjcREF1NeTBzIcR5XO-ukWo-YHOjBbFwIupg-- <- multicast-dns 7.2.5
+ nodelite-2-2GAfyfoaCDRrM6jaOS3UsBts8yJ55VioXdWcOL7dK9zdAuKT71-WBA4ifnNYqVjYv-4SsPxjK0JT4yIIn4cA-g-- <- fs-minipass 3.0.2 (3.0.3 is available)
+ nodelite-2-2hCgjEmP8YLWQ130n2FerGv7rYpfBmnmp9Uy2Le1vge6X3gZIfSmEzP5QTDElFxcvVcXlEn8Aq6MU-PZygIOog-- <- boxen 7.1.1 (8.0.1 is available)
+ nodelite-2-2HvIEKRoqS62guEC-qBjpvRubdX910WCMuJTZ-I9yvqKU2-12eSL549HMwtabb4oupdj2sMP50k-XJfB-8JE6w-- <- is-interactive 1.0.0 (2.0.0 is available)
+ nodelite-2-2iy1EkLdlBzQGvbweYRFxmFath8-K7-AKB0TlhHWkNuH-TmovaMH-Wp7V7R4u7f4SnX3OgLsU9t1NI9ioDnUpg-- <- dargs 7.0.0 (8.1.0 is available)
+ nodelite-2-2JAn3z8AR6rjK8Sm8orRC0h-bcl-DqL7tRPdGZ4I1CjdF-EaMLmYxBHyXuKL849eucPFhvBoxMsflfOb8kxaeQ-- <- webidl-conversions 3.0.1 (8.0.1 is available)
+ nodelite-2-2kkt-7niJ6MgEPxF0bYdQ6etZaA-fQvDcLKckhy1yIQOzaoKjBBjSj63-aLVjYE3qhRt5dvM-uUyfCg6UKCBbA-- <- @jridgewell/gen-mapping 0.3.13
+ nodelite-2-2l5bBKeVtT-d-1CYSsTLJ-iP2FuoR7zjbDQI-v6dDRiBpx3Lb20Z-tLS37ReX-lcodyGSHC2eA-Nk63hB-mkYg-- <- flow-parser 0.261.1 (0.275.0 is available)
+ nodelite-2-2Ltrpht4OmHO9-c-nmHtF09HWiyWdworqnHIwjfvDyWjuwKbdkcS9AnhsDn-8E2RM4x--foD1-tNuLPVvWG1Rg-- <- @vitest/utils 3.1.3 (4.0.7 is available)
+ nodelite-2-2LuNTFBIO0m7kKIQvvPHN6UE63VjpmL9rnEEaOOaiSPbZK-zUOYIzBAWcED-3XYzhYsd-0mD57VdxAEqqV52CQ-- <- @polka/url 1.0.0-next.24 (1.0.0-next.29 is available)
+ nodelite-2-2N3BOUU4gYMpTP24s5rF5iP7BDr7uNTCs4ozw3kf-eKfvWSIu93GEBi5m427YoyJoeOzQ5smuu4nNAPGb8idSQ-- <- destr 2.0.3 (2.0.5 is available)
+ nodelite-2-2Nim7dha1KVkaiF4q6Dj-ngPPMdfvLJEOpZk-jKiUAkqKebpGAWQXAq9z1xu9HKu5lWfqw-FASuccEjyznjPaA-- <- glob 11.0.3
+ nodelite-2-2NsEz-CxzJIVOPx2o9UsW1rXLqtChtLoVnwYHHiB04wS5sgn7mrV45fWMBX0Kk-ub9uXytVYfNP2HjbVbCB3Ww-- <- @babel/plugin-transform-export-namespace-from 7.25.9 (8.0.1 is available)
+ nodelite-2-2NxwbF-hZ0KpepYN0cNbo-FN6XoK7GaHlQhgx-hIZl6Va0bF45RQOOwhLIy8lQDbuCiadSLCBnH2CFYquit5bw-- <- eslint-scope 5.1.1 (9.1.2 is available)
+ nodelite-2-2OJlpeJpCR48CC8r-uKVChzs9Iungj9wkZrl8Z041DWEWvyIHILYKCPNzJghKsivj-S3mLo6BVc7mBNzdxA46w-- <- @aws-crypto/util 3.0.0 (5.2.0 is available)
+ nodelite-2-2PNlcs3j5JflQKcg4wpdqpZ-AjhQJ2OZEo34NXDtlB0tIPG84xaaXhpA8XFacFiwjKA4m49UOYG83y3hbMn-gQ-- <- sprintf-kit 2.0.1
+ nodelite-2-2Prw2USgTJ3aLdLExfik8pAwAHbX4MZrACBGEmR7Vbb56kLjC---fXkciRc50pUDK4JFr1VQ7eNZrJuDR6GG6Q-- <- @rspack/binding-linux-x64-gnu 1.1.8 (1.2.0-alpha.0 is available)
+ nodelite-2-2PTINUwsRqSd-s8XxKaJWQlUuEMHJQyEuh2edBbW8KNJz0SJPwUSD2zRWqezFEdN7IzAgeuYHFUCF7o8zRdZ0A-- <- yaml-ast-parser 0.0.43
+ nodelite-2-2pxgvWu3Alv1PoWEyVg7HS8YhGlUFUV7N5oOvfL6d-7xAmLSemMwv-c8Zv-i9KFzxV5Kt5CAvQc70fLwVuf4UA-- <- deep-equal 2.1.0 (2.2.3 is available)
+ nodelite-2-2qCTHimwdxLfz-YzdGfkqNlH0tLi9xjTnHddPmJwtIG9MGsdbutfTc4P-haPD7l7Cjxf-WZj-we5qfVPvvxfYw-- <- unist-util-is 6.0.0 (6.0.1 is available)
+ nodelite-2-2qUwwfAFpJLZqxd02YW9btUCZHl-RFvdDkNfZwaIJrvB8Tesjsk8pEQkTvGwZXLqXUx-2oyY3ySRhm6HOXuCug-- <- @babel/plugin-bugfix-safari-id-destructuring-collision-in-function-expression 7.25.9 (8.0.1 is available)
+ nodelite-2-2R25rQZWP63nGwaAswvDazbPXfrM3HwVoBXK6HcqeKrSrL-JqcC-rDcf95l4r7LXLyxDXc8uQDa064GubtCABg-- <- babel-plugin-polyfill-regenerator 0.6.2 (0.6.8 is available)
+ nodelite-2-2Sd4ShcWxbx6OY1IHyla-CVNwvg7XwZVoXZHcSu9w9SReNP1EzzD5T8NWKIR38fIqEns9kDWKUQTXXAmlDrdPg-- <- escape-goat 4.0.0
+ nodelite-2-2sJGJTaXIIaR1w4iJSNoN0hnMY7Gpc-n8D4qSCJw8QqFWXf7cuAgnEHxBpweaVcPevC2l3KpjYCx3NypQQgaJg-- <- destroy 1.2.0
+ nodelite-2-2sqgzeFlid6N4Z2fUQ1cvFmTOLRi-sEDzSQ0OKYchqgoPmQBVyM3959qYx3fpS6Esef80KjmpgPeEr028dP3OA-- <- sorted-array-functions 1.3.0
+ nodelite-2-2t3XstrKULz41MNMBF-cJ97TyHdyQ8HCt--pqErqDvNjU9YQBnZxIHa11VXsi7F3mb5-aO2tuDxdeTPdU7xu9Q-- <- webpack 5.95.0 (5.99.9 is available)
+ nodelite-2-2USApvnsutq8uoxZBGbbWM0JIYLiEMJ9RlaN7fAzVNb9OZN0SHjjTTfIcb667XynS5Y1VhwDJVDa72TnPzAYWw-- <- p-reduce 2.1.0 (3.0.0 is available)
+ nodelite-2-2w31R7SJtieJJnQtGc7RVL2StM2vGYVfqUOvUDxH6bC6aJTxPxTF0GnIgCyu7tjockiUWAYQRbxa7vKn34s5sQ-- <- make-dir 1.3.0 (5.1.0 is available)
+ nodelite-2-2X6bvghJ-JAoZO52lbgyAPFj8uCflhTo2g7nkFzEQdXd-D8rEeD4HtmTEpmtGCva260fcd66YNXBOYdnmHqSOg-- <- @js-temporal/polyfill 0.4.4
+ nodelite-2-2XFu1uNZMSjkyetaF-8rqn6P0XqpMq-C-2ycjI6YwrIKcszZ5-WR4UubxjN0lILOKqLkLaHDaCr2B6fP1cke6g-- <- git-up 8.0.1
+ nodelite-2-2xhYT0sfo85FMrUPtHcPo2rrp1lwbDEEzpx7jiH2xXJLqBuy4H0GgXk5ToU8IEwoROtXuL8ND0ttVa4rNqYK3w-- <- micromark-util-normalize-identifier 2.0.0 (2.0.1 is available)
+ nodelite-2-2yTgeWTWzMWkHu6Jp9NKgePDaYHbntiwvYuuJLbbN9vl7DC9DvXKOB2BC3ZZ92D3cvV-aflH0osDfwpHepQ53w-- <- jiti 1.21.6 (2.7.0 is available)
+ nodelite-2-2yyAR8qBkN3YuheJanUpWC5U3bb5osDywNB8RzDVlDwDHbocAJveqqj1u8-SVD7jkWT4yvsHCpWqqWqAxb0zCA-- <- minimist 1.2.8
+ nodelite-2-2zAagd1s6hAaI-ap6SXi5T3dDwBOczOMCSkkYzktqN1-tzbk1GAsHNAdo-1uzxz3Ky02jvZQwbi-vmDA6z4Oyg-- <- @smithy/middleware-retry 4.1.0 (4.4.7 is available)
+ nodelite-2-3-Zd8kLZmsyJFmWTBtY0MAuCErI7yKB2cjMBlujvSVKZ2R-BMXi0kjCXu2dtRlSq-ML86t1FkumT0yreQ3n8OQ-- <- @manypkg/get-packages 2.2.2
+ nodelite-2-30iZtAPgz-LTIYoeivqYo853f02jBYSd5uGnGpkFV0M3xOt9aN73erkgYAmZU43x4VfqcnLxW9Kpg3R5LC4YYw-- <- @ampproject/remapping 2.3.0
+ nodelite-2-312Id396EbJdvRONlngUx0NydfrIQ5lsYu0znKVUzVvArzEIt08V1qhtyESbGVd1FGX7UKtiFp5uwKZdM8wIuQ-- <- p-retry 4.6.2 (6.2.1 is available)
+ nodelite-2-327BsVCD-unU4CNLZTWVHyUHKnsqcvj2qbPlQ8MiBE2eq2rgctjigPA1Gp9HLF83kZ20zNN6jgizHJeEsyFYOw-- <- prism-react-renderer 2.4.0 (2.4.1 is available)
+ nodelite-2-32lVig6jCaWBHnY-OEQ6e6Vnt5vDHaLiydGrwYMW9tPqO688hPGTYRamYJ1EptxEC2rAwJrHWmPoKRBl4iTa8w-- <- @smithy/credential-provider-imds 4.0.2 (4.2.8 is available)
+ nodelite-2-32Xzss14-UVc7k9g775yMIvkVK8xwKE0DPdP5JTapr3-Z9w4tzeOuLNY6BXDQR6BdnzIlXnCGAzsk-ICHBLVWQ-- <- @babel/plugin-transform-modules-commonjs 7.23.0 (8.0.1 is available)
+ nodelite-2-33VXomAb5h2r1stV81vuaYAEZK1M5-GHvNp3QSBf0ZnMSEOLl4XmoSXLkC-8JyXq8GB7GCmCi-W-oMuyS3CwKg-- <- @aws-sdk/client-eventbridge 3.783.0
+ nodelite-2-341lBBkiY1DfDNKai-wXM3aujNBkXR7tq1URPQDL9wi3AUbI80NR74uF1TXHMm7po1AcnFk8iu2S2IeU---A-Q-- <- @aws-crypto/ie11-detection 3.0.0
+ nodelite-2-35mSku4ZXK0vfCuHEDAwt55dg2jNajHZ1odvF-8SSr82EsZY4QmXfuWso8oEd8zRhVObSN18aM0CjSdoBX7zIw-- <- doctrine 2.1.0 (3.0.0 is available)
+ nodelite-2-36nwAD620w12kuzPAsyINPWJqlNbij-hpK1k9XRloDtym8mxzGYl2c17LnV6IAGB2Dmg4tEa7G7DlawS0-qjew-- <- history 4.10.1 (5.3.0 is available)
+ nodelite-2-37-toN4wwZErqohedXYqWgvcHUGlT8O-m2jVkAfAe9Bd4MzRqlBmXrJRePH0e9Wgnz2X7KymTgTOaaFizQe3AQ-- <- postcss-normalize-whitespace 7.0.0 (7.0.3 is available)
+ nodelite-2-37CN2VtcuvKgHUs8-0b1uJeEsbGn61GRHz469C94P5xiOoqpDYJYwjg4RY9Vmz39WyZAVkR5--nbJwLMIgOCnQ-- <- parse-conflict-json 4.0.0
+ nodelite-2-37i-OaWTh9qeK4LSHPsyRC7NahnGotNuZvjLSgcPzblpHB3rrCJxAOgI5gCdKm7coonsaX1Of0ILiTcnZjbfxA-- <- @types/normalize-package-data 2.4.4
+ nodelite-2-37qVVA1qZ5sgH7KpHkkC4z9SK6StIsIcOmpjvMPXNb3vx2GQxhZocogVYbr2PbbeLCQxYIPDok307xEvRZOzGA-- <- @fastify/proxy-addr 5.0.0
+ nodelite-2-39nnKffWz8xN1BU-2c79n9nB9HDzo0niYUqx6xyqUnyoAnQyyWpOTdZEeiCch8BBu515t4wp9ZmgVfVhn9EBpw-- <- estraverse 4.3.0 (5.3.0 is available)
+ nodelite-2-3Belt6tdc8bPgAtbcmdtNJlirVoTmEb5e2gC94PnkwEW9jI6CAHUeoG85tjWP5WquqfavoMtMwiG4P926ZKKuQ-- <- @jridgewell/trace-mapping 0.3.9
+ nodelite-2-3BiGFhB6mj5Kv-W2vdJseQUYW-SKVzAFJL6YNP6ursbrwy1fXHRotfHi3xLNxe4wZl-K8qbAFeCDjZLjzqxxRw-- <- dts-resolver 2.1.1 (2.1.3 is available)
+ nodelite-2-3BTV812-AVHHOJQO8O5MkWgZ5aosP7GnROJwvzLS9hWDj00lZ6Z0wNak423Lp9PBZN05N-Jk-N5Si8jRAlGyWA-- <- url-loader 4.1.1
+ nodelite-2-3c2LzQ3rY9d0hc1emcsHhfT9Jwz0cChib-QN89oME2R451w5fy3f0afAhERFZAwrbDU43wk12d0ORBpDVME50Q-- <- process-warning 4.0.1 (5.0.0 is available)
+ nodelite-2-3caImjKFQkS-ws1TGcFn0V1HyDJFq1Euy589JlD6-3rV2kj-w7r5G9WDMgSHvpvXHNZ2calVypZWuEDQd9wfLg-- <- css-minimizer-webpack-plugin 5.0.1
+ nodelite-2-3cyDsyHgtmi7I7DfSSI2LDp6SK2lwvtbg0p0R1e0RvTqF5ceGx-K2dfSjm1bKDMVCFEDAQvy-o8c6a7VujOddw-- <- object-is 1.1.5 (1.1.6 is available)
+ nodelite-2-3CYzex9M9FGQjCGMGyi6-31c8GJbgb0qGyrx5HWxPd0aCwh4cB2YjMb2Xf9UuoogrMrlO9cTqnB5rI5GHZTcUA-- <- arrify 1.0.1 (3.0.0 is available)
+ nodelite-2-3dOsAHXXUkQTpOYcoAxLIorMTp4gIQr5IW3iVb7A7lFIp0VHhnynm9izx6TssdrIcVIESAlVjtnO2K8bg-Coew-- <- slash 4.0.0 (5.1.0 is available)
+ nodelite-2-3duEwti880xqi4eAMN8AyR4a0ByT90zoYdLlevfrvU43vb0YZwZVfxOgxWrLXXXpyugL0hNZc9G6BiB5B3nUug-- <- arrify 2.0.1 (3.0.0 is available)
+ nodelite-2-3dzU4QGPsILdJbASKhF-V2TVP-gJya1PsueQCxIPCEcerqF21oEcrob4mzjsp2Py-1nLfF5m-xYNMDpmA8vffg-- <- @babel/plugin-transform-numeric-separator 7.22.11 (8.0.1 is available)
+ nodelite-2-3el9rXlBOqTFaMFkWDOkHUTQekFIYnaQY55Rsp8As8QQkpiSgIYEcF-6Ond93oHiDsGb4kad8zjt-NPlOC1H0Q-- <- postcss-pseudo-class-any-link 10.0.1
+ nodelite-2-3FnjYuehv9k6ovOEbyOswadCDPX1piCfhV8ncmYtHOjuPwylVWsghTLo7rabjC3Rx5xD4HDx8Wm1xnMF7S5qFQ-- <- minipass 5.0.0 (7.1.3 is available)
+ nodelite-2-3g188Z3DyhtzfBRxpZjU8R9PpOQuYsbNnyStc-ZVS-9nVX1f6XeNOa9IrAh35HwwIZg-XWk8bFVtNINVscBP-g-- <- @smithy/hash-blob-browser 4.0.2 (4.2.9 is available)
+ nodelite-2-3GuObel8h7Kqdjt0gxkEzaifHTqLVW56Y-bjN7PSQtkKr0w3V-QYSdt6QWYtd7A1xUtYQigtdUfgj1RvWVtorw-- <- rollup 4.52.5
+ nodelite-2-3H-CpXTMq1FPWc6tWj4VjG-NfWrIXswfpNWC29Ux8Dq0RyWcU1pF00Qx-KjaXprkXH53pE-lTT-1-D8BJ430ew-- <- unhead 2.0.0
+ nodelite-2-3hN7NaskYvMDLQY55gnW3NQ-mesEAepTqlg-VEbj7zzqEMBVNhzcGYYeqFo-TlYz6eQiFcp1HcsCZO-nGgS8zg-- <- gensync 1.0.0-beta.2
+ nodelite-2-3HrYLFje-ngEUBKH9x6LWBiqpX8pQEB791RWFS-anWoklM9b6MFdWGzK0bika3rGIs0KOb0ZTKVXo6OmWvjryg-- <- @prisma/debug 6.8.1
+ nodelite-2-3hu-tD8YzSLGuFYtPRb48vdhKMi0KQV5sn-uWr8-7dMEq-2G-dtLrdDinkLjqq5TIbIBjYJ4Ax-n3YiaW7QM8A-- <- walk-up-path 4.0.0
+ nodelite-2-3iMJ9q0ao7WE9tWcaYKIptkNBuOIcZCCT0d4MRvuuH88fEoEH62IuQe0OtraD3ebQEoTRk8XCBoknUNc1Y67pw-- <- typed-array-byte-length 1.0.1 (1.0.3 is available)
+ nodelite-2-3KKrV5ZVI8if87DVSi1vDeByYrkGzg4mEfeu4alwgmmIeARiBLKCZS2uw5Gb6nU9x9Yufyj3iudm6i7nl52PFw-- <- hast-util-to-parse5 8.0.0 (8.0.1 is available)
+ nodelite-2-3KS2b-kL7fsuk-eJZ7EQdnEmQoaho-r6KUef7hxvltNA5DR8NAUM-8wJMbJyZ4G9-7i3v5zPBIMN5aybAh2-Jg-- <- typed-array-length 1.0.7 (1.0.8 is available)
+ nodelite-2-3lBouSuF7CqlseLB-FKES0K4FQ02JrbEoRtJhxnsyB1s5v4AP03gsoohN8jp7DcOImhaR9scYdztq3-sLfk-qQ-- <- @manypkg/tools 1.1.2
+ nodelite-2-3lSpxGgvnmZznmBkCRnVREPUFJv2wrv9iAoFDvADJc0ypmdOxdUtcLeBgBJ6zE0PMeTKnxeQzyk0xTBq4Ep7zw-- <- @babel/generator 7.28.3 (8.0.0-beta.4 is available)
+ nodelite-2-3NgmNyH3l-Hv6EvsWJbsvpcpUba6R8IREQ83nH83cyakCw7uM1arZKNfHwv1Wz6jgqrF-j4x5ELvR6PnK9nTcA-- <- @shuding/opentype.js 1.4.0-beta.0
+ nodelite-2-3oSeUO0TMV67hN1AmbXsK4yaqU7tjiHlbxRDZOpH0KW9-CeX4bRAaX0Anxt0tx2MrpRpWwQaPwIlISEJhYU5Pw-- <- balanced-match 1.0.2 (4.0.4 is available)
+ nodelite-2-3ouUOpQhtgrbOa17J7-uxOTpITYWaGP7-AhoR3-A--1e9skrzelGi-dXzEYyvbxubEF6Wn2ypscTKiKJFFn1ag-- <- process-nextick-args 2.0.1
+ nodelite-2-3PixLnGPno0E8rSBJjtwqTwJe3Yw72QwBBBxNoukIj3lEeBNXwbNiKrNuB1oyQgTBw5QHUhNO3SteEtHaMK6ag-- <- playwright-core 1.28.1 (1.62.1 is available)
+ nodelite-2-3Pz3yPQ5Rht2pM5R-0J2MrGoBSrzf-tJG94N-t-ilfdh8YLyyKYtidAYwTveB20BoHAcwIopOUqhcmh2F7hGYA-- <- remark-mdx 3.0.1 (3.1.0 is available)
+ nodelite-2-3R-1M-yS3j5ou80Me59j7F9IMs4PXs3VqRrm0TU3AbKPxlmpoY1TNscJV-oGJXo8qCatFGTfDbY6W6ipGOYXfg-- <- loader-runner 4.3.0 (4.3.2 is available)
+ nodelite-2-3RogPLE2LLq6t4YiFCREyl572aBjkfMvfwPyN51df00TbPbryL3XqBYuJ-j6mgPssPK8AKfYdLxizaO5UG10sA-- <- db0 0.3.1
+ nodelite-2-3rvVimbzHXHcukJvXrCCKM3XHDJdvDmWWSzl0GJitlEZWPAmO26jUeSbHfqE9kd-sNDBbz1XS1rKFDqnjxBL6A-- <- @aws-sdk/client-cloudformation 3.782.0
+ nodelite-2-3sUqbMEc77XqpdNO7FRyRog-eW3ph-GYCbj-rK-uYyRMuwsVy0rMiVtPn-QJlKFvWP-1PYpapqYn0Me2knFn-A-- <- deepmerge 4.3.1
+ nodelite-2-3T8uNMC3OQTHkFUsFq8r-BwAXLHvU-9O9mE0fBc-MY5iq-8H7ncvO947LmYA6ldWw9Uh8Yhf25zu6n7nML5QWQ-- <- es-set-tostringtag 2.0.3 (2.1.0 is available)
+ nodelite-2-3tlv-dIP7FWvj3BsbHrGLJ6l-oKh1O3TcgBqMn-yyCagOxc23fyzDS6HypQbgxWbkpDnf52p1LuR4eWDQ-K9WQ-- <- colorette 2.0.19 (2.0.20 is available)
+ nodelite-2-3tn3udpNeoLdmU1kvJYjDnhXereB2PYHED2c2j8Q7OsIRMx-AlOCXWjsI4qjAarjjbfCsKtsdMlE2QnLrcVCuA-- <- @ark/util 0.36.0
+ nodelite-2-3wdGidZyq5PB084XLES5TpOSRA3wjXAlIWMhum2kRcv-41Sn2emQ0dycQW4uZXLejwKvg6EsvbdlVL-FYEct7A-- <- yallist 4.0.0 (5.0.0 is available)
+ nodelite-2-3xhRnjJPkULekpSzgtoNYYcTWgEZkp4myc-Saevii5JPnHNvHMRlBSHDbs7Bh1iPPoVTERHEZXyhyLbMEsExsA-- <- @types/express-serve-static-core 5.0.6
+ nodelite-2-3xurFv5tEgii33Zi8Jtp55wEIILR9eh34FAW00PZf-JnSsTmV-ioewSgQl97JHvgjoRGwPShsWm-IdrxB35d0w-- <- strip-bom 4.0.0 (5.0.0 is available)
+ nodelite-2-3xZqT7Byc2uORAatYiP3DHUUAVEkNOswEWNs9H5KXiicRTvzYzYqKjYc4G7p-8pltvAw641lVByKVtMpf-4sYQ-- <- write-json-file 3.2.0
+ nodelite-2-3Ybi1tAuwAP9s0r1UQ2J4n5Y0G05bJkpUIO0-bI9MhwmD70S5aTWbXGBwxHrelT-XM1k6dM0pk-SwNkpTRN7Pg-- <- postcss 8.5.6
+ nodelite-2-3YdcG6aHxALLdT0Gjq44zA45PcgW-qWuODq4XNtwpx1olR08cX-tozlXOU25IjeXeaYyqvTUxicIr2fcdJHRZg-- <- cssnano-preset-default 7.0.0 (7.0.9 is available)
+ nodelite-2-3zj50e5g7t-MQf53SsuuSf0hEELzMtD8RX8C76f12OSRo2Bca4FLLYHe0TZbxcfQHom8-hOaeZEyTyMogMglqg-- <- @aws-sdk/util-body-length-node 3.208.0
+ nodelite-2-40dwND-iAm3VtPHPZu7--CIdVJFk2s0cWZt1lOiMPMSXycSYJ45wMk7Lly3uoqRx0uWfFK5iT2OCv-fJi5jTng-- <- @aws-sdk/hash-node 3.272.0
+ nodelite-2-40iH3LJjrQS3LKUJAl7Wj0bln7RFPEvUYKFxtP8a-oKFDO0F65F52xZxIJbPn6sHkxWDAnZlGgdjZXM3p2g5wQ-- <- @aws-sdk/region-config-resolver 3.775.0 (3.972.2 is available)
+ nodelite-2-40oNTM9UfG6aBmuKxk-giHn5nQ8RVz-SS4Ir6zgzOv9-qC3kKZ9v4etGTcJbEl-NyVQH7FGU7d-X1egr57Md2Q-- <- globalyzer 0.1.0 (0.1.4 is available)
+ nodelite-2-40yHxbNcl2-rzXvZuVkrYohathsSJlMTXKryG5y8uciHv1-xDLHQpgjG64JUO9nrEq2jGLH6IZ8BcZyw3wrweg-- <- responselike 3.0.0
+ nodelite-2-41Cifkg6e8TylSpdtTpeLVMqvSBEVzTttHvERD741-pnZ8ANv0004MRL43QKPDlK9cGvNp6NZWZUBlbGXYxxng-- <- is-number 7.0.0
+ nodelite-2-42UH54oPZHPdRHdw6BgoBD6cg-eVTmVrFcgeRDM3jbO7uxSoipVcmcIGFcA5jmOHO5apcyvBhkSKES3fQJnu7A-- <- @floating-ui/core 1.6.1 (1.7.3 is available)
+ nodelite-2-43-qtrDUokr7LJqoF2c3-RInu-t4zfrpYdoSDfYyhg52rwLV6TnOvdG4fXm7IkSB3wErkcmJS9iEhjVtOSEjjA-- <- @eslint/plugin-kit 0.4.1 (0.7.3 is available)
+ nodelite-2-43RTuEbfP8MbKzedNqBrlhhNKVwoK--vUFNW3Q3vZ88BLcrs4kYpGg-B2mm5p2K-HfygoCxuKwJJiv8PbGmE0A-- <- @inquirer/core 10.3.2
+ nodelite-2-47Nw4pQ6QJb4CA6dzF2m9810sjQik4dfk4UwAm5wlwhrW3syzZKF8AR4-cfO3Cr6lsFgAoznQq0Wg57qhjTA2A-- <- stylehacks 7.0.0 (7.0.6 is available)
+ nodelite-2-47qPchRCykZC03FhkYAhrvwU4xDBFIj1QPqaarj6mdM-hgUzfPHcpkHJOn3mJAufFeeAxAzeGsr5X0M4k6fLZQ-- <- dotenv 16.4.7
+ nodelite-2-47XIizs9XZXvuJgoaJUIE2lFoID8ugvc0jzSHP-Ptfk8nTbnR8g788wv48N03Kx0UkAv559HWRQ3yzOgzlRNUA-- <- @msgpack/msgpack 3.1.3
+ nodelite-2-49vKpMqcZYsJjwotvt4-h-BCjJVnhGwcLpDt5xkcaOG3eLrG-HUYLagrihYsQ-qrIBgIzX1Rw7a6L8I-ZA1Atg-- <- autoprefixer 10.4.13
+ nodelite-2-4A-SCr-2KLd5jrtOMFzaKjVtAei3-2r-NChoBNoZ3EyP--GlhoaEGoWOZUmFmoITP7zOJyHIMm-DYRd8o3PvHA-- <- @babel/helper-string-parser 7.25.9 (8.0.0-beta.4 is available)
+ nodelite-2-4auku8B-vw5psvTiiN9j1dAOsXvMoGqJuKJcR-dTdqiXEK20mMTk1UEo3HS16LeGQsVG6-qKTPM9u-qQ2LqATA-- <- node-releases 2.0.25 (2.0.54 is available)
+ nodelite-2-4BAffykYOgO-5nzBWYwE3W90sBgLJoUPRWWcL8wlyiM8IB8ipJz3UMJ9KXQd1RKQXpKp8Tutn80HZtWsu2u76w-- <- @szmarczak/http-timer 4.0.6 (5.0.1 is available)
+ nodelite-2-4BG7puHpVsIYxZUbiUE3RqGloLaSSwzYie5jvasC4LWuBWzZawynvYouhjbQKw2JuIGYdm0DzIxl8iVidKlUEw-- <- fdir 6.4.5 (6.5.0 is available)
+ nodelite-2-4bV5BfR2mqfQTJm-V5tPPdf-ZpuhiIvTuAB5g8kcrXOZpTT-QwwVRWBywX1ozr6lEuPdbHxwaJlm9G6mI2sfSQ-- <- json-buffer 3.0.1
+ nodelite-2-4C0lfJ0-YPjJQHagaE9x2Elb69CIqEPZeG0anQt9SIvIoOH4a4uaRl73IavyO-0qZh6MDLH--DrXThEYKHkmYA-- <- caniuse-lite 1.0.30001766 (1.0.30001810 is available)
+ nodelite-2-4D3B6Wf41KOYRFdszmDqMCGq5VV-uMAB273JILmO-3jAlh8X4qDtdtgCR3fxtbLEMzSx22QdhnDcJvu2u1fVwg-- <- chalk 3.0.0 (5.6.2 is available)
+ nodelite-2-4dbzIzqvjtgiM5rw1k5rEHtBANKmdudhGyBEajN01fEyhaAIhsoKNy6y7-IN93IfpFtwY9iqi7kD-xwKhQsNJA-- <- type-fest 0.8.1 (5.4.1 is available)
+ nodelite-2-4diC9HaTE-KRAMWhDhrGOECgWZxoevMc5TlkObMqNSsVU62PYzXZ-SMTjzyGAFF1YusgxGcSWTEXBhp0CPwQ1A-- <- clean-stack 2.2.0 (5.2.0 is available)
+ nodelite-2-4e8OH3ySOCw5wUbDcPszokOKjKuebOqlP2WlySvC7ITBOq27BiGsFlq-FNWhxppZ-JzhTWah4gQrnMjX3KDbAQ-- <- remark-shiki-twoslash 3.1.3
+ nodelite-2-4FbRdAX-bSdmo4AUFuS0WNiPz8NgFt-r8ThgNWmlrjQjt1Q7ZR9-zTlce2859x4KSXrwIsaeTqDoKQmtP8pLmQ-- <- http-errors 2.0.1
+ nodelite-2-4fCk79wshMdzMp2rH06qWrJE4iolqLhCUH-OiuIgU--RB0-94NlDL81atO7GX55uUKueo0txHNtvEyI6D7WdMw-- <- iconv-lite 0.6.3 (0.7.3 is available)
+ nodelite-2-4gB8na07fecVVkOI6Rs4e7T6NOTki5EmL7TUduTs6bu3EdnSycntVJ4re8kgZA-wx9IueI2Y11bfbgwtzuE0KQ-- <- strip-json-comments 2.0.1 (5.0.3 is available)
+ nodelite-2-4GCCGZt1i2kTHpwvaC-sCpTpQqDnBzDzuJcJMbH-y1Q5qI8U8RBvoSh28svarXszZHR5BAMXbJPX1PGPRE3VOA-- <- openid-client 5.7.0 (5.7.1 is available)
+ nodelite-2-4gd7VpWNQNB4UKKCFFVcp1AVv-FMOgs9NKzjHKusc8jTMhd5eL1NqQqOpE0KzMds804-yHlglp3uxgluOqAPLw-- <- internal-slot 1.1.0
+ nodelite-2-4GHWBgRf0krxPX-AaPtgBAlTgTeZmqDynokHOX7aqqAB4tHs3U2Y02zH6ETFdLZGcg9UQSD1WCmkVrE9ErHeOg-- <- @babel/plugin-transform-computed-properties 7.22.5 (8.0.1 is available)
+ nodelite-2-4gl03wn3hj1HP3yzgdI7d3lCkF95F21Pz4BPGvKHinyQzALR5CapwC8yIi0Rh58DEMQ-SguC03wFj2k0M-mHhw-- <- responselike 2.0.1 (3.0.0 is available)
+ nodelite-2-4GOTMrpGQVzsCH2ruUn2vmwzV-02zF4q-ybhCIrw-Rkt3L8KWcycdC6aJMctJzwN4fXD4SD5F-4B9Sksh5rE0A-- <- find-my-way-ts 0.1.5 (0.1.6 is available)
+ nodelite-2-4H8vUNGNjQ4V2EOoGw005-c-dGuPSnhpPBPHBtsZdGZBk-iJb4kguGlPWaZTZ3q5nMtFOEsY0nRDlh9PJyd6SQ-- <- tsx 4.19.3 (4.21.0 is available)
+ nodelite-2-4hLB8Py4zZce5s4yd9XzopqwVv-yGNhV1Bl8NTmCq1763HeK2-EwVTv-leGeL13Dnh2wfbqowVPXCIO0z4taYw-- <- pako 1.0.11 (2.1.0 is available)
+ nodelite-2-4I7Td01quW-RpocfNayFdFVk1qSuoh0E7JrbRJ16nH01HhKFQ88INq9Sd-nd72zqRySlr9BmDA8xlEJ6vJMrYA-- <- aggregate-error 3.1.0 (5.0.0 is available)
+ nodelite-2-4IJSItgS-41IxN5UVAVuAyczwZF7ZIEsM1XAoUzIHA6A-xzusEZUutdXz2Nr-MQPLxfTiCvqE79-C8HT8fKFvA-- <- event-source-polyfill 1.0.31
+ nodelite-2-4IUO539b8FmF0odY6-SqANJdgwn1xs1GkPO5doZugwZ3ETF6JUdckk7RGmsfSf7ws8Qb2YB5It33mvNL-0acqA-- <- @next/swc-linux-x64-musl 15.5.7 (16.2.0-canary.9 is available)
+ nodelite-2-4J7wRJD3ABAzr8wP-OcIcqq2dlUKp4DVflx--hs5h5ZKydWMI6-D-fAot-yh6g2tHh8fLFTvNOaVN357NvSrOQ-- <- data-view-byte-length 1.0.1 (1.0.2 is available)
+ nodelite-2-4JQ54v5Yn08jspNDeHo45CaSn1CvTJqS1Ywgr79eU6jBExtguOWv6LNtwVSBD9X37v88iqaxt8iu1Z3pZZAJeg-- <- @aws-sdk/protocol-http 3.272.0
+ nodelite-2-4JQNk-3mVzK3xh2rqd6RB4J46qUR19azEHBneZyTZM-c456qOrbbM-5xcR8huNCCcbVt7-UmizG6GuUvPvKUYg-- <- @jsdevtools/ono 7.1.3
+ nodelite-2-4Kh9a6B2bQciAhf7FSuMRRkUWecJgJu9nPnx3yzpsfXX-c50REIqpHY4C82bXP90qrLtXtkDxTZosYO3UpOwlA-- <- @types/cookie 0.6.0
+ nodelite-2-4KXAHrYlzF0Rr7uc4VrfwDJ2ajrtNEpNEuLxFgwkhFZ56-7gaE4Nr49nLsQDZyUe-ds-kEhf-YAUolJiYXF8-Q-- <- postcss-minify-gradients 6.0.3 (7.0.5 is available)
+ nodelite-2-4LChFK4VAR91X-dupqM8fQqYhFGE0G4Bf9rQlVTgGSbi2KUOmpqXzH0-WKE228nKuEhmH8-Qd2VPSAE2JcyAUA-- <- @aws-sdk/middleware-signing 3.272.0 (3.598.0 is available)
+ nodelite-2-4luGP9LMYszMRZwsvyUd9MrxgEGZdZuZgpVQHEEX0lCYFESasVRvZd0EYpCkOIbJKHMuv0LskpXc-8Un-MJzEQ-- <- untun 0.1.3
+ nodelite-2-4lVbmc1diZC7GUJQtRQ5yBAeUCL1exyMwmForWkRLnwyzWBFxN633SALPMGYaWZvKe9j1pRZJpauvmxENSp-EA-- <- htmlparser2 8.0.1 (9.1.0 is available)
+ nodelite-2-4m62DuCE07lw01soJwPiBGC0nAww0Q-RY70VZ-n49yDIO13yyinhbWCeNnaob0lakDtWQzSdtNWzJeOJt2ma-g-- <- @emnapi/core 1.4.3 (1.8.1 is available)
+ nodelite-2-4OIPFb4weUUwkDXJf4Hh1inAn8neBGq3xsH4ZsAaN6FK3ldrFkH7jSpCc7N9xesi0Sp-EBXJ9eGMDrEww2Ztqw-- <- @npmcli/query 4.0.1
+ nodelite-2-4PP6CMW-V7l-GmKRKzsLR8xxjdHTV4IMvhTnpuHwwBazSIlw5W-5SmPjN8Dwyt7lKbSJrRDgp4t9ph0HgChFBQ-- <- svgo 3.2.0 (4.1.0 is available)
+ nodelite-2-4rGt7rvQHBbaSOF9POGkk1ocRP16Md1x36Xma8sz8h8-vfCUI2OtEIeCqe4Ofes853x4xDoPiFLIT47J5fI-7A-- <- mime 4.0.6 (4.1.0 is available)
+ nodelite-2-4Rk0GdE0QCdsIkuMmWeg11gmM4x8UmTnZR-LWPm7QJ7-BsK4tq08udrN0isrrWqz5heFy9HLV-7bOLgFS8hUjA-- <- @vitejs/plugin-vue-jsx 4.1.2 (5.1.1 is available)
+ nodelite-2-4RkU9EsI6ZpBve5fseQlGNUWKMa1RLPQ1dnjnQoe07ldfIzcsGb5hC5W0Dm7u423KWzawlrpbjXBrXCEv9zazQ-- <- @aws-crypto/util 5.2.0
+ nodelite-2-4tPuk-3-THPrzKaXW4jE2R67UyGwHLFizZ47pcjJWbhb78IIJAy94vbeqEQ-veS84KF5TXcU7g5jGTXC0D70Wg-- <- @aws-sdk/token-providers 3.782.0 (3.975.0 is available)
+ nodelite-2-4tUmeLyXJnJWvTFOKtcNJ1yh0a3SsTLi2MUoyj8iUNznFRN1ZquaNe7Oukqrnki2FzZkm0J9adCNLDZxUzvj-w-- <- @ts-morph/common 0.12.3 (0.28.1 is available)
+ nodelite-2-4tvttepXG1VaYGrRibk5EwJd1t4udunSOVMdLSAL6mId1ix438oPwPZMALY41FCijukO1L0twNcGsdzS7dHgDg-- <- defer-to-connect 2.0.1
+ nodelite-2-4UpC0NdGyAFqLNPnhCT2iHpza2q-RAY3GV85a-mRPdzyPQMsj0KmMMuetdIkzWRbJ-Hgau1EZztq8ImmiMGhsg-- <- goober 2.1.14
+ nodelite-2-4vf7I2LYV-HaWerSo3XmlMkp5eZ83i--CDluXi-IGTs-O1sejBNhTtnxzmRZfvOUqj7lZjqHkeTvpgSFDlWZTg-- <- ieee754 1.1.13 (1.2.1 is available)
+ nodelite-2-4WK-bYZmj8xLr-HUCODHGF1ZFzsYffasLUgEiMBY4fgtltdO6B4WJtlSbPaDTLpYTcGVwM2qLnFTICEcNxs3kA-- <- tapable 1.1.3 (2.3.3 is available)
+ nodelite-2-4xqDRRbQQEWHQyjlYSgZsWj44KfiF6D-ktCuXyZ8EnVDYV3pztmXJDf1HveAjUAXxAnR8daCQT51RneWWxtTyQ-- <- @vue/babel-plugin-resolve-type 1.4.0 (1.5.0 is available)
+ nodelite-2-4z81Znfr6chWnRDNfFNqLwPvm4db3WuZkqV-UgXQzSngG3CEKdBkw5jrv3axjjL96glyiiKjsxJG3X6WBZwX3w-- <- decompress-targz 4.1.1
+ nodelite-2-4zCpzP1fWc7QlqunZ5bSEjxc6yLAlRTnDwKtgXfcI-FxxGoqedDG8V2-xJ60bV2kODqcGB-nATdtap-XYq2NZQ-- <- @octokit/endpoint 11.0.2
+ nodelite-2-5-fP8P8MFNC-AyZCDxrB2pkZFPGzqQWUzpSeuuVLvm8VMcorNYavBqoFcxK8bQz4Qsbn4oUEEem4wDLfcysGHA-- <- @types/json-schema 7.0.15
+ nodelite-2-5-Yk9QxCQCl-sOIB1WelKnVRxTJDSAIxtJLL2-pqL14ZVlbH0fUQUZa-T5-UnQtBNgghR7mfB8ERBKyKPCi7Vw-- <- @babel/plugin-transform-dotall-regex 7.22.5 (8.0.1 is available)
+ nodelite-2-51ypPSPCoTEIN9dy5Oy-h4pShgJmPCygKfyRCISBI-JoWT-2oJvK8QPxmwv7b-p239jXrm9M1mlQbyKJ5A152g-- <- is-module 1.0.0
+ nodelite-2-52CcUVNFyfb1A2ALocQw-Dd1BQFNmSdkuC3BkZ6iqhdMfQz7JWOFRuJFloOzjk-6WijU56m9oKXFAXc7o3Towg-- <- @types/estree-jsx 1.0.5
+ nodelite-2-54woqx8SCbp8HwvNZYn68ZFAepuouZW4lTwiMVnBErM3VkO7-Sd4oTOt3Zz3bPx3kxQ36aISppyXj2Md4lg8bw-- <- cssnano 7.0.6 (7.1.9 is available)
+ nodelite-2-55JNKuIW-vq4Ke1BjOTjM2YctQIvCT7GFzHwmfZPGo5wnrgkid0YQtnAleFSqumZm4az3n2BS-erby5ipJdgrg-- <- has-property-descriptors 1.0.2
+ nodelite-2-55LYmrDdKb4jt-qr8qE8U3al62ZANp3FhfVaNPOaAmdTh0jHdD8M3yf5HKFlr5xVkVO4eV-F-J2NCfpbh-pEXQ-- <- @module-federation/error-codes 0.8.4
+ nodelite-2-56oZtwV1piXrQnRNTtJeqRv-B9Y-dXAYLqBBaYl-COcUdoZxgLBLAO88-CnkbT6MxNs0c5E9mPBIb2sFcNz3vw-- <- json-colorizer 2.2.2
+ nodelite-2-57frrGM-OCTLqLOAh0mhVA9VBMHd-9U7Zb2THMGdBUoZVOtGbJzjxsYGDJ3A9AYYCP4hn6y1TVbaOfzWtm5GFg-- <- real-require 0.2.0
+ nodelite-2-599Y5wOrkpjD6p0BTs0X4-Ge9O7jlAPJ2ttI9lfhT2-UEZyqoJHajJs1pMJV75oeZklPOBi8G9jnZcMVJgRpvQ-- <- @aws-sdk/client-sso 3.279.0 (3.975.0 is available)
+ nodelite-2-5aHCbzQRADcdP-ATqnDuhhJ-MRIqDkZX5pyjFHRRysS8vZ5AbqGEoFIb6pYHPZ-L-OC2Lc-xT8uHVVR5CAK-wQ-- <- linkify-it 5.0.0 (5.0.2 is available)
+ nodelite-2-5b0R4txpzjPWVw-cXXUResoD4hb6U-x9BH08L7nw-GN1sezDzPdxeRvpc9c433fZhBan-wusjbCsqwqm4EIBIQ-- <- p-limit 4.0.0 (7.2.0 is available)
+ nodelite-2-5b6Y85tPxZZ7QytO-BQzysW31HJku27cRIlkbAXaNx-BdcVi-LlRFmVXzeF6a7JCwJpyw5c4b-YSVImQIrBpuQ-- <- ora 5.4.1 (8.2.0 is available)
+ nodelite-2-5BcGCBfBxB5-XSDSWnhTThfI9jcO5f0Ai2V24gZpG-wXF14BzwxxdDb4g6trdOux0rhibGs385BeFMSmxtS3uA-- <- @svgr/babel-plugin-remove-jsx-empty-expression 8.0.0
+ nodelite-2-5BMULNob1vgFX6EjQw5izWDxrecWK9AM72rugNr0TFldMOi0fj6Jk-zeKIt0xGj4cEfQIJth4w3OKWOJ4f-AFw-- <- is-extendable 0.1.1 (1.0.1 is available)
+ nodelite-2-5BxW9l1evPB-4ZIc-2GobEBoKC-h8gPGCMi-jxsYvd2x0mjq7wazk6DrP71pStqxE9Foxh5TVnonbWpFZzXaYg-- <- postcss-zindex 6.0.2
+ nodelite-2-5ciOehRNf-EyUeewo8NkbQiUs4d6ZxiHo6BcBcnFlgiJfu16q0bQUw9Jvo0b0gBKFG1SMhDSjeKXSYuJLeFSMA-- <- @babel/plugin-transform-template-literals 7.22.5 (8.0.1 is available)
+ nodelite-2-5CN6fqtsEtEtwf3mFV3B4UaZnlYljPpzmGeDB4yCK067PnAtfLe9uX2aFZaEwxHE7HopG5rUkW8gyHrNAesHEg-- <- postcss-colormin 7.0.0 (7.0.4 is available)
+ nodelite-2-5cvg6CtKwfgdmVqY1WIiXKc3Q1bkRqGLi-2W-6ao-6Y7gu-RCwRuAhGEzh5B4KlszSuTLgZYuqFqo5bImjNKng-- <- accepts 2.0.0
+ nodelite-2-5dgndWOriYSm5cnYaJNhalLNDKOqFwyDB-rr1E9ZsGciGvKPs8R2xYGCacuf3z6K1YKDz182fd-fY3cn3pMqXQ-- <- jsonfile 6.1.0 (6.2.1 is available)
+ nodelite-2-5DyQ4-1JEUzejeK1JGICcideyfUbGixgS9jNgex5nqkW-cY7WZhxBigmieN5Qnw9ZosSNVC9KQKyb-GUaGyKUA-- <- @humanfs/core 0.19.1 (0.19.2 is available)
+ nodelite-2-5E5I2pFzJyg2CtemqAbcyCktpHXuJbABnsb32wX2U8IQKhhVFBqkcZR5LRm1WVoFqa4kTueZK4abep7wdo9nrw-- <- micromark-factory-mdx-expression 2.0.2 (2.0.3 is available)
+ nodelite-2-5EBrMzat2pPAxQNWYavwAfoKfYcTADJ8AXGVPcUZ2UkNloUTWzJQExgrzrDkh3EKzmAx1evfTAzF9I8NGcc-qw-- <- postcss-place 10.0.0
+ nodelite-2-5EEkTNyHNGFPD2H-c-dXXfQZYa-scCKasxWcXJaWnNJ99pnQN9Vnmqow-p-PlFPE63Q6mThaZws1T-HxfpgtPw-- <- commander 9.4.1 (9.5.0 is available)
+ nodelite-2-5Fytz-IraMjqpwfd34ke28PTVMjZjJG2MPn5t7OE4eUCUNf8BAa7b5WUS9-Qvr6mwOQS7Mk6vdsMno5he-T8Xw-- <- ignore 5.3.1 (7.0.8 is available)
+ nodelite-2-5gdGbFon-PszYzqs83S3E5mpi7-y-8M9eC90MRTZfduQOYW76ig6SOSPNe41IG5LoP3FGBn2N0RjVDSQiS94kQ-- <- @babel/plugin-syntax-dynamic-import 7.8.3
+ nodelite-2-5gghUc24tP9HRznNpV2-FIoq3xKkj5dTQqf4v0CpdPbFVwFkWoxOM-o-2OC9ZSvjEMTjfmG9QT-gcvggTwW1zw-- <- graphql 15.8.0 (16.8.1 is available)
+ nodelite-2-5GlJBejo8wqMpSSEKb45WE82YxI2k73YuebjLH-eWDNQeE6VI5Bh9lA1YQ7xNkLLH8hIsb0pSfKVuwh0VEzVrg-- <- @aws-sdk/client-sso 3.782.0 (3.975.0 is available)
+ nodelite-2-5gTmgEY-sqK6gFXLIsQNH19lWb4ebPDLA4SdLP7dsWkIXHWlG66oPuVvXSGFPppYZz8ZDZq0dYYrbHfBCVUb1Q-- <- picomatch 4.0.3 (4.0.7 is available)
+ nodelite-2-5HVP2MKaP6L-G6YaxPNjuL0BPrq9orG3TsrZ9YXbA3vDw-ACI4MEsnoDpn6ZNm7GnZgtAcONJyPhOP8tNJQavQ-- <- mdast-util-gfm-autolink-literal 2.0.1
+ nodelite-2-5hy-Mr7KKLS-AFyY4Be8q0aXz8wYd2PN3cSSMBeQHfcrK6Sbd0EGoQxiNrUoKMAYhl67v4A975f6Gy1oEqfJlA-- <- ncjsm 4.3.1 (4.3.2 is available)
+ nodelite-2-5iJ3FBJBvQHQ8sFhEhJfjUP-G-LalhavTkYyrAYqz5MEJG-erSv0k9KJLb6q7--17Lafk1scaTIFXcMJlwK8Mw-- <- @types/lodash 4.14.190 (4.17.7 is available)
+ nodelite-2-5IKcdX0nnYavi6G7TtOhwkYzyjfJlatbjMjuLSfE2kYT5pMDOilZ4OvMhi637CcDICTmz3wARPoyhqyX1Y-XvA-- <- consola 3.4.2
+ nodelite-2-5jOT2boTSVkMnQ7LTrd6n-18kqwjmuYqo7JUPe-tRCY6O7dAuTFMtTPauYYrMPpox9hlN0uOx-FL8XvEfG9-mQ-- <- mdast-util-gfm-footnote 2.0.0 (2.1.0 is available)
+ nodelite-2-5JRxVqC8I8NuOUjzBbvVJAKNM8qoVuH0O77h4WInc-qC2q5IreqKxYwgkga3PfA22OayK2ikceb-B26dztPl-Q-- <- superjson 2.2.2 (2.2.6 is available)
+ nodelite-2-5kaZCrbp5mmbz5ulBkDkbY0SsPOjKqVS35VpL9ulMPfSl0J0Xsm-9Evphv9CoIZFwre7aJoa94AY6seMKGVN5Q-- <- unicode-match-property-ecmascript 2.0.0
+ nodelite-2-5KoIu2Ngpyek75jXodFvnafB6DJgr3u8uuK0LEZJjrU19DrMD3EVERaR8sjz8CCGgpZvxPl9SuE1GMVPFHx1mw-- <- is-negative-zero 2.0.3
+ nodelite-2-5l4VyZR86LZ-lDxZTR6jqL8AFE2S0IFLMP26AbjsLVADxHdhB-c0GUsH-y39UfCi3dzz8OlQuPmnaJOMoDHQBA-- <- run-parallel 1.2.0
+ nodelite-2-5LOiordeTfi64QhICp07nzzuTDjNSO8g5Ksdibt44d-uvIIAE1oZdRn8y-W5ZtYgRH-lnLDlvi9F8btZcVzu3w-- <- postcss-merge-longhand 6.0.5 (7.0.7 is available)
+ nodelite-2-5m3bsyrjFWE1xf7nz7YXdN4udnVtXK6-Yfgn5qnahL6bCkf2yKt4k3nuTKAtT4r3IG8JNR2ncsIMdZuAzJjHQQ-- <- node-addon-api 7.1.1 (8.5.0 is available)
+ nodelite-2-5May2kjWbc8w4XxswGAl74GZ5eM4Gr6IiroqdLhXeXyfvWEdm2mFYCSWOzz0-z5cAgqyGidF1jt1qzUR8hTmOA-- <- turbo-linux-64 2.5.4 (2.7.6 is available)
+ nodelite-2-5mOlNS0mhX0707P2I0aZ2V-cmHUEO-fL7VFLqszkhUsxt7RwnmrInf-eEQKlf5GzvYeHIjT-Ov1HRfNmymlG0w-- <- clipboardy 4.0.0
+ nodelite-2-5n3nTJblwRi8LlXkJ9eBzu-kZR8Yxcc7ubakyQTFzPMtIhFpUBRbsnc2Dv88IZDIbCDlBiWrknhB4Lsz7mg6BA-- <- @emnapi/wasi-threads 1.0.2 (1.1.0 is available)
+ nodelite-2-5oS4-9n6N1LZW9tI3qq-0GnCuWoOXRgcHVB-AJLRBvDbEe-GI-C-xK1tKLsfpDNgsQJHc4IPQoIt4megyZ-1-A-- <- @aws-sdk/querystring-parser 3.272.0
+ nodelite-2-5p6WTN0DdTGVQk6VjcEju19IgaHudalcfabD7yhDGeA6bcQnmL-CpveLJq-3hvfwd1aof6L386Ougkx6RfyMIQ-- <- ajv-keywords 3.5.2 (5.1.0 is available)
+ nodelite-2-5qucVt2XcuGMcEGgWI7i-yZpmpByQ8J1lHhcL7PwqCwu9FPP3VUXzT4ltHe5i2z9dePwEHcDVOAfSnHsOlCXRA-- <- error-stack-parser-es 1.0.5
+ nodelite-2-5S7Va8hKfV7W5U6g3aYxXmlPoZVAwUMy9AOKyF2fVuZa2UD3qZjg578OrLRt8PcNN1PleVaL-5-yYATNL0ICUw-- <- tar 7.4.3 (7.5.7 is available)
+ nodelite-2-5saVrZ3uVwYxvBa7BaonXjeqB6X0YF3ak05qvBaWcmZ3FNmnarMm2W8842cnbhnckDVBpB-iDo51Sy6Y7y1jcw-- <- @cloudflare/workerd-linux-64 1.20250508.0 (1.20260128.0 is available)
+ nodelite-2-5Sdm7b8--1YLHNGiETa7U0VMelgpPdUJvk9toeUWlVUXGoiuendZyQV-zXNXkn8XQD9jVChg-7c-2Lw29f1Z2w-- <- @tanstack/react-query-persist-client 5.80.3
+ nodelite-2-5Smv0OK7K0KUzUfYUXDXQc9jrf8OHo4ktlEayFlelCjwMXz0299Y8OrI-lj7i4gCBY15UObk76q0QtxjzFcFcg-- <- @inquirer/number 3.0.23
+ nodelite-2-5tQykt-LqfJFBEYaDITx7S7cR7mJ-zQmLXZ2qt5w04ainYZw6tBf9dBunMjVeVOdYVRUzUOE4HkY5J7-uttb5Q-- <- detect-port-alt 1.1.6
+ nodelite-2-5U0rVMU5Y2n2-ykNLQqMoqklN9ICBT-KsvC1Gz6vqHbz2AXXGkG-Pm5rMWk-8Vjrr-mY9985Hi8DYzn1F09Nyw-- <- emojilib 2.4.0
+ nodelite-2-5u2V-CDW15QM1XbbgS-0DfPxVB-jUKhWEKuuFuHncbk3tEEqzmoXL-2KyOFuKGqOnmdIy0-davWF1CkuwtibCw-- <- fflate 0.7.4 (0.8.2 is available)
+ nodelite-2-5uC6DDlmeqiOwCPmK9jMSdOuZTh8bU39Ys6yidB-UTt5hfZUPGAypSgFRiEp-jbi9qH40BLDvy85jIU88wKSqw-- <- tinyexec 1.0.1 (1.0.2 is available)
+ nodelite-2-5uYhsJH8VJBTv7oslg4BznJYhDoRI6waYCxMmCdnTrcCrHA-fCFKoTFz2JKKE0HdDFUF7-oQuhzumXJK7paBRQ-- <- get-intrinsic 1.2.4 (1.3.1 is available)
+ nodelite-2-5v6yZd4JK3eMI3FqqCouswVqwugaA9r4dNZB1wwcmrD02QkV5H0y7XBQW8QwQqEaZY1pM9aqORSORhJRdNK44Q-- <- gray-matter 4.0.3
+ nodelite-2-5VdOr0Z71u-Yp3ozOx8T11N703wIFGVRgOWbOZMKgglPJsWA54MRIoMNVMa7shUToIhx5J8vX4sOZgD2XiihiQ-- <- @csstools/utilities 2.0.0
+ nodelite-2-5WeXXAvTmitV1RqJFppT5QtUiz2p1mRSYU000Jkft5ZUCLJIk4uQriYNO50HknxKwM6jd8utNc66K1qGIwwWBQ-- <- birpc 0.2.19 (4.0.0 is available)
+ nodelite-2-5yXvWDEgqeiYiBe1lbxYF7UMAIm-IcopxMHrMQDq3nvKcjPKIhZklUKL-AE7J7uApI4kwe2snsK-eI6UTj9EHg-- <- vfile-location 5.0.3
+ nodelite-2-5Z5RFW63yxReJ7vANgW6eZFGWaQvnPE3WNmZoOJrSkGju2etKA2L5rrOa1sm877TVTFt57A80BH1bArcmlLfPw-- <- json-stringify-nice 1.1.4
+ nodelite-2-5ZzDQIGyvN4w8-dMmpohL6MBo-l2G7tfC-O2Dg7-hjpgeWvUx8FzfeOKxGog9IimPa4YekaQ9PlDqTLOljkcxg-- <- @babel/plugin-transform-spread 7.22.5 (8.0.1 is available)
+ nodelite-2-6-7nlbMVX-PVDCwaIQ8nTOPveOcFLSt8GcXdx8hD0bt39uWxYT88uXzqTd4fTvqta7oeUJqudepapKNt2DYJFw-- <- @tybys/wasm-util 0.9.0
+ nodelite-2-603xXOgyfxhuis4nfnWaZrMaotNT0Km9XwwBNWUKbIDqeCY89jGr2F9YPEMiNhU6XjIP4VoWISMBFfcc5NgrTw-- <- inquirer 12.9.6
+ nodelite-2-60BCwRFOZCQhDncwQdxxeOEEkbc5dIMccYLwbxsS4TUNeVECQ-pBJ0j09mrHOl-JJvpRPGwO9SvE4nR2Nb-a4Q-- <- @types/resolve 1.20.2 (1.20.6 is available)
+ nodelite-2-61cDL8LUc9y80fXn-lir-iVt8IS0xHqEKwPu-5jCjxQTVoSCmkXvw4vbMrzAMtmghz3-AkiBjhHkDKUH-kf7kA-- <- @npmcli/name-from-folder 3.0.0 (4.0.0 is available)
+ nodelite-2-61g9pCh0Vnh7IutZjtLGGpTA355-OPn2TyDv-6ivP2h-AdAVX9azsoxmg2-M6nZeQZNYBEwIcsne1mJd9oQItQ-- <- serve-static 2.2.0 (2.2.1 is available)
+ nodelite-2-61pPlCD9h51VoreyJ0BReideM3MDKMKnh6-V9L08331ipq6Q8OFXZYiqP6n-tbHx4s5I9uRhcye6BrbkizkBDw-- <- unbox-primitive 1.0.2 (1.1.0 is available)
+ nodelite-2-65P7iz6X5yEr1cwcgvQxbbIw7Uk3gOy5dIdtZ4rDveLqhrdJP-Li-Hx6tyK0NEb-2GCyneCMJiGqrADCSNk8sQ-- <- to-regex-range 5.0.1
+ nodelite-2-65w-uIqhSBBfQmYnG92FO1mWZjJ4GL5b8atm5Yw2UgrwD7HiNiSSNwJor1eCFGzUgYnN-iIknhNRVqjrrpuglw-- <- postcss-discard-comments 6.0.2 (7.0.8 is available)
+ nodelite-2-66-V2i5hQanC51vBQKPH4aI8NMAcBW59FVBs-rC7eGHupMyfn34q7rZIE-ETlJ-XTevqfUhVVBgSUNSW2flEUQ-- <- webpack-virtual-modules 0.6.2
+ nodelite-2-67otBXoksdjsnXXRUq-KMVTdlVRZ2af422Y0aTyTjVaoQkGr3mxl2Bc5emi7dOQ3OGVVQQskmLEWwFXwommpNw-- <- string.prototype.padend 3.1.4 (3.1.6 is available)
+ nodelite-2-6A-cK743xeGcoMh--Ev1HAybb5VDwovxRsNeubfuqlDxBR7WL695SAfIhEAmxpVDz8LYQBuz-NwGhTaBh7hgaQ-- <- @nuxt/vite-builder 3.16.1
+ nodelite-2-6AvV0FsLULbpnXeBjrY4dmWF8F7gf8QnvTEoO-wX-5xm-xE1Xo8oPuD3MPS-KS9f9XBEAWN7X1aWr4z9HdOr7A-- <- @babel/plugin-transform-optional-chaining 7.25.9 (8.0.1 is available)
+ nodelite-2-6CC9uyBL--48dYizRf7H7VAYCMCNTBeM78x-VTUe9bFEaxBepPJDa1Ow99LqI-1yF7kuy7Q3cQsYMrcjGUcskA-- <- string.prototype.matchall 4.0.12 (4.1.0 is available)
+ nodelite-2-6DnInpx7SJ2AK3-CTUE-ZM0vWTUboZCegxhC2xiIydHR9jNuTAASBrfEpHhiGOZw-nX51bHt6YQl8jsGo4y-0w-- <- cookie 0.7.1 (1.1.1 is available)
+ nodelite-2-6ESVxwCbGm7WZ17kY1fjmxQud43vzJFoLd4bmlR-idQSWdqlzGDYdcfzpjDKTcivdtNrVYmFvcH1JBUwCRAZhw-- <- @aws-sdk/credential-provider-env 3.775.0 (3.972.2 is available)
+ nodelite-2-6FlzubTLZG3J2a-NVCAleEhjzq5oxgHyaCU9yYXvcLsvoVaHJq-s5xXI6-XXP6tz7R9xAOtHnSO-tXtF3WRTlA-- <- ms 2.1.3
+ nodelite-2-6FqVXeETqWPoGcfzrXb37E50NP0LXT8kAMu5ooZayhWWdgEY4lBEEcbQNXtkuKQsGduxiIcI4gOTsxTmuq-bSg-- <- compress-commons 6.0.2
+ nodelite-2-6FtHJEvt-pVMIB9IBY-IcCJ6Z5f1iQnytgyfKMhDKgmzYG-TeH-wx1y3l27rshSbLiSanrR9ffZDrEsmjlQF2g-- <- scule 1.3.0
+ nodelite-2-6Fv1DV-TYw--QF5IzQdqsNDjx-wc8TrMBZsqjL9eW01tWb7R7k-mq--VXfJCl7SoD5emsJop9cOByJZfs8hYIw-- <- css-tree 2.3.1 (3.2.1 is available)
+ nodelite-2-6G-ywGClliGQwRsjvqVYpklIfa7oRPA0vyhPQG-1Feh-B-wU0vGH1JiJ5T25d3g1JZYBHzR2qefLi9x8Gt-cpw-- <- @octokit/openapi-types 19.1.0
+ nodelite-2-6GDamTGLuBQVAEuQ4yDQ-ti-YINf-MEmIegrEeg7DdB-sld8BX1lqt9RRuIcABOhAGTA50bRbPzErez7SlDtDQ-- <- @smithy/util-middleware 4.0.2 (4.2.8 is available)
+ nodelite-2-6J2APTs7BDDm-UMqP1useWqhcRAXo0WIoVj26N7kPFB6S73Lgvyka4KTZYIxtgYXiN5HTyRObA72N2iu628iTQ-- <- @babel/plugin-transform-class-static-block 7.26.0 (8.0.1 is available)
+ nodelite-2-6KU6qO7DZ7GJkaCgwBNtplXCvGkJToU86ybBAUdavvgsCiG8lSSvYxr9MhwmQ-udpzywHsl4RpGJsYWG1pDOcA-- <- micromark-util-resolve-all 2.0.0 (2.0.1 is available)
+ nodelite-2-6MieY7sIfTK0hYfafw1OMEG-2bg8Q1ocHCpoWLqOKj3JXlKu4G7btkmM-B7lFubYkYWmRSPLZi5chid63ZaZYw-- <- postcss-modules-local-by-default 4.0.5 (4.2.0 is available)
+ nodelite-2-6N5Qygv-Z-B-rPufnPDLNWgsMf1uubMU7iS52xLcQSLiGlTS4f9eLUrmNXSzHccP33uoFi6xN9craN1sZi5MPQ-- <- @algolia/client-common 5.0.0 (5.57.0 is available)
+ nodelite-2-6QSutU5ZyrpNbnd51zRTL7goojlcnuOB55-F9VBD-j8JpRY50IGamsjlycrmpn8PQkmJucFW8A0LSfXj7jjtLQ-- <- @smithy/util-endpoints 3.0.2 (3.2.8 is available)
+ nodelite-2-6RLVvwJtVwEDfPdn6X6Ille4-lxGl0ATOY4FN-B9nxQcgOazvvI0nodiD19ScKq0PvA-29VpaOQML36o5IzZWA-- <- readdir-glob 1.1.2 (1.1.3 is available)
+ nodelite-2-6RxOBZ-cYgd8usLwsEl-EC09Au-9BcmCKYF2-xbml6DNczf7nv0MQb-7BA2F-li6--I-28VNlQR37XfQtcAJuA-- <- eventsource-parser 3.0.2 (3.1.1 is available)
+ nodelite-2-6Tzk1-TNeI3WBPpK0j-Ss4-gPj3PUJYbWl-MWDJBThFvwNGNkXtd7Cz8BJtD4aRwoGHtzQD0SnxamgUiBH0-Nw-- <- c12 3.0.2
+ nodelite-2-6UNrg88K7lJWmuS6zFPL-xgL-n326qXqZ7Ybyy4E8P-6Rcblk3GE8RXxeol4Pd5pFpKMhOhBhzABKKwHtbJCIg-- <- @docsearch/react 3.8.3 (3.9.0 is available)
+ nodelite-2-6VdaljMpD82w6c2749Zhf5T9u5uLBWKnVue6XWxprDobftnletJ8-oel7sexFfM3qIxNmVE7LSFGTpv6obNyaQ-- <- @vue/compiler-sfc 3.5.13 (3.5.27 is available)
+ nodelite-2-6VPD0Pc1lpTqw0aKoeRTMiB-kWhAoT24PA-ksWSBrFtl5SIRVpZlwN3NNPQjehA2E-91FV3RjLWoVTglWcSV3Q-- <- @babel/plugin-syntax-optional-catch-binding 7.8.3

Done in 2.6s
