Progress: resolved 1, reused 0, downloaded 0, added 0
Packages: +239
++++++++++++++++++++++++++++++++++++++++++++++++++++++++++++++++++++++++++++++++
Progress: resolved 239, reused 0, downloaded 208, added 0
Progress: resolved 239, reused 0, downloaded 239, added 239, done

dependencies:
+ nodelite-2-q7tWyCVaV9f8iQyIA5Mkj-S6AoJ9KBN8IeUSf3XEmBrOtxOZnfTg5s4KClbZBCK3GtnT--RyCLZyDHuZwTuBjg-- <- vue-eslint-parser 9.3.2 (9.4.3 is available)
+ nodelite-2-qAK-WrqWLNCP22UDdBTMPH5f41elVDlsNyat180A33dWxuUDyNpg6fPi-FyTZwRriVjg0L8gnjJn2F9XAoF0qw-- <- @changesets/should-skip-package 0.1.2
+ nodelite-2-qctsuLZmIQ0-vSSMfoVvyFe2-GSEvnmZ2ezTup1SBse9-twCCeial6EEi3Nc2KFcf6-qz2FBPnjXsk8xhKSaPQ-- <- is-weakref 1.0.2 (1.1.1 is available)
+ nodelite-2-qd-R7n5rQTRFi-Zf2sk5XVVd9UQl6ZkduPFC3S7WEGJAmetDTjY3qPN50eSKzwuzEyQKy5TN2TiZdkIjos2L6A-- <- table-layout 1.0.2
+ nodelite-2-qFOyK5PjiWZd-QQIh-1jhdb9LpxTF0qs7Pm8o5QHYZ0M3vKqSqzsZaEB6oWlxZ-q2sJBMI-Ktgd2N5ZwQoRHfg-- <- own-keys 1.0.1 (1.0.2 is available)
+ nodelite-2-qHcdEzLCiktQIfwBq420pn2dP-30uzqYxv9ETm91wdt2R9AFcWfjNAmje4NWlnCIQ5RMTzVf0ZyisOKqHR6RwA-- <- rollup 4.44.0
+ nodelite-2-qiLX-xhEEFKUAJ6FiBMbes3w9ATzyk5W7Hvzpa-SLYdxNtng-gcurvrI7TbACjIXlsJyr05-S1oUhZrc63evQA-- <- jwa 1.4.1 (2.0.1 is available)
+ nodelite-2-qMCMfhY040cVHT43K9BFygqYbUPFZKHOg7K73mtTWJRb8pyP3fzf4Ixd5SzdEJQ6MRUg-WBnOLxghZtKKurENQ-- <- slice-ansi 4.0.0 (7.1.2 is available)
+ nodelite-2-qmdSIPC4bDJXgZTCR7XosJiNKySV7O215tsPtDN9iEO-7q-76b-ijtgRu--epFXSJhijtTCCGp3DWS549P3xKw-- <- mlly 1.7.4 (1.8.2 is available)
+ nodelite-2-qMlSxKbpRlAridDExk92nSobyDdpPijUq2DW6oDnUqd0iOGxmQjyqhMIihI9-zv4LPyZdRje2cavWPbCbWm3eA-- <- @babel/helper-string-parser 7.27.1 (8.0.0-beta.4 is available)
+ nodelite-2-qO3aKv3HoQC8QKiNSTuUM1l9o-XX3-c-VTgLHbJWHZGeTPVAg2XwazI9UWzoxjIJCGCV2zU60uqMzjeLZuULqA-- <- vite 5.4.19 (7.3.6 is available)
+ nodelite-2-qpCAvRl9stuOHveKsn7HncJRvv501qIacKzQlO--Lwxc9-0q2wLyv4Dfvt80-DPn2pqOBsJdDiogXGR9-OvwRw-- <- supports-color 7.2.0 (9.4.0 is available)
+ nodelite-2-qrSfCYxYQB5owCmGLbl8XRpX1ytXlpueOb0N0UmQwA073KZxejgQTzAmJezxvpwQD9uGtK2shHdi55QT-MbjIw-- <- @babel/generator 7.23.6 (8.0.0-beta.4 is available)
+ nodelite-2-qTxFi6Buiu8-50--3DGIWLHM6QuWsEKugJnnP6iv2Mc4ncxE4A-OJkjuVOA-5X0X1S-nq5VJRa8Lu-nwcvbrKA-- <- @types/prompts 2.4.9
+ nodelite-2-quJQXlTSUGL2LH9SUXo8VwsY4soanhgo6LNSm84E1LBcE8s3O0wpdiRzyR9z-ZZJMlMWv37qOOb9pdJlMUEKFQ-- <- ansi-regex 5.0.1 (6.3.0 is available)
+ nodelite-2-qYg9KP24dD5qka9J47d0aVky0N-b4fTU89LN9iDnjB5waksiC49rvMB0PrUJQGoTmH50XPiqOvAjDfaijGxYZw-- <- resolve-from 5.0.0
+ nodelite-2-r-H9MzAWtrv8aSVjPCMFpDMl5q66GqtmmRkRjpHTsp4zBAa-snZyiQNlMONiUmEJcsnaw0wCauJ2GWODr-aFkg-- <- real-require 0.1.0 (0.2.0 is available)
+ nodelite-2-r17GxjhUCjSRy8aiJpr8-UadFIzMzJGexI3Nmz4ADi9LYSFx4gTBp80-NaX-YsXWWLhpZ7v-v-ubEc-bCNfKwg-- <- des.js 1.1.0
+ nodelite-2-r3vXyErRCYJ7wg28yvBY5VSoAF8ZvlcW9-BwUzEtUsjvX-DKs24dIkuwjtuprwJJHsbyUbLApepYTR1BN4uHrg-- <- yaml 1.10.2 (2.9.0 is available)
+ nodelite-2-r46gZQZQV-Kl9oItvl1JZZqJKGr-oEkB08A6BzkiR7593-7IbtuncXHd2YoYeTsG4157ZssMu9KYvUHLcjcDoA-- <- spdy 4.0.2
+ nodelite-2-r4ESw-IlusD17lgQi1O20Fa3qNnsckR126TdUuBgAu7GBYSIPvdNyONd3Zrxh0xCwA4-6w-TDArBPsMvhur-KQ-- <- crypto-browserify 3.12.1
+ nodelite-2-rArEXAgsBG4UgRGcynxWIWKFvh-XZCcS8UJdHhwy91zwAvCZIbcs-vAbflgBnNjYMs-i-i--Ux6IZhML1yPvxg-- <- resolve 1.19.0 (2.0.0-next.7 is available)
+ nodelite-2-rBJeI5CXAlmy1pV-617WB9J63U6XcazHHF2f2dbJix4XzpUF0RS3Zbj0FGIOCAva5P-d-GBOYaACQ1w-0azUkg-- <- universalify 0.1.2 (2.0.1 is available)
+ nodelite-2-rBMvIzlpA8v6E-SJZoo--HAYqsLrkg7MSfIinMPFhmkorw7X-dOXVJQs-QT69zGkzMyfDnIMN2Wid1-NbL3T-A-- <- define-data-property 1.1.4
+ nodelite-2-rEvr90Bck4WZt9HHFC4DJMsjvu7x-r6bImz0-BrbWb7A2djJ8hnZMrWnHo9F8ssv0OMErasDhftrfROTyqSDrw-- <- which-typed-array 1.1.19
+ nodelite-2-reYkTUJAZb9gUuZ2RvVCNhVHdg62RHnJ7WJl8ftMi4diZ6NWlciOzQN88pUhSELEwflJht4oQDv0F0BMlwaYtA-- <- detect-indent 6.1.0 (7.0.2 is available)
+ nodelite-2-rGXbGmOEosIQi6Qva94HUjgPs9vKW-dkG7Y8Q5O2OYkWL6wFaTRZO8zM4mhP94uX55wgyrXzfS2aGtGzUL7EJQ-- <- string.prototype.matchall 4.0.10 (4.1.0 is available)
+ nodelite-2-rHqiFh1elqCQ9WPLIC8I0Q-g-wj5J1eMkyoiD6eoQApWHP0FtlK7rqnhmabL5VUY9JQCcqwwvlOaSuutekgyrw-- <- stringify-object 3.3.0 (5.0.0 is available)
+ nodelite-2-rJgTQnkUnH1sFw8yT6VSU3zD3sWmu6sZhIseY8VX-GRu3P6F7Fu-JNDoXfklElbLJSnc3FUQHVe4cU5hj-BcUg-- <- object-assign 4.1.1
+ nodelite-2-rKQcJ-o1nKNgeoYRHKOS07tAMNd3YSN0uHaJOZYjBAgxfV7TUE7JE-z4BzZdQwb5hKaYbayKN5KrYV7ODb2rAA-- <- @changesets/types 6.1.0
+ nodelite-2-rKtvo6a868b5Hu3heneU-L4yEQ4jYKLtjpnPeUdK7h0yzXGmyBTypknlkCvHFBqfX9YlorEiMM6Dnq-5atfHkw-- <- import-lazy 4.0.0
+ nodelite-2-rm71jaA-P-6HeCpoRhmCv8KVBIi0tfGuO-dMKicbQnQW-YJntJ6MnnspkodoA4QstMVEZArsCphmd0bJEtoMjQ-- <- koa-mount 4.0.0 (4.2.0 is available)
+ nodelite-2-rNjApaLzuwaOTjCiT8lSDdGN1APCiqkChLMJxJPWLunPAt5fy8xgU9-jNOchV84wfIxrA0lRQB7oCT8jrn-wrQ-- <- chrome-trace-event 1.0.4
+ nodelite-2-rnWVglh-K75hnaLbwSc2t7gCkbq1ldbPgeIKDUiEJxZ4mlguFgcltWjzpDQ-t1LQgxk9HdIFcQfM17Hid3aQ6Q-- <- @algolia/requester-fetch 5.32.0 (5.57.0 is available)
+ nodelite-2-rp3So07KcdmmKbGvgaNxQSJr7bGVSVk5S9Eq1F-ppbRo70-YeaDxkw5Dd8NPN-GD6bjnYm2VuPuCXmpuYvmCXQ-- <- safe-buffer 5.2.1
+ nodelite-2-rPBkJbK2TnA8pzs93QcDDPlKcrtZWuuCo2dVR0TFLOJSxhqfWOVCSp8aV3-oSbn-4uY4yw1URtLpHQedtmXfug-- <- jstat 1.9.6
+ nodelite-2-rq9s-JNhf0IChjtDXxllJ7g41oZk5SlXtp0LHwyA5cejwn7vKmKp4pPri6YEePv2PU65sAsegbXtIinmDFDXgQ-- <- acorn-jsx 5.3.2
+ nodelite-2-rQQxbRJMgTqwRugtjw0cnyQv9cP4-4BxWfTdRBkqsTfLOHWykLzbOc3C4GGzAmdMDxhzU-1Ija5bTjMVrddqww-- <- @vue/compiler-sfc 3.5.17 (3.5.27 is available)
+ nodelite-2-rRqJg-6gd538VHvR3PSrdRBb-1Vy2YfzHqzvbhGIQpDRKIa4FgV-54b5Q1xYSxOOwKvjXweS26E0Q-nAMwp2pQ-- <- enquirer 2.4.1
+ nodelite-2-ruw5xyKs6lrpo9x9rCZqZZnIUntICjQAd0Wsmp396Ul9lN-h-ifgVV1x1gZHi8euej6wTfpqX8j-BFQxF0NS-g-- <- parse5-htmlparser2-tree-adapter 7.1.0
+ nodelite-2-rVksvsnNCdJ-ohGc6xgPwyN8eheCxsiLM8mxuE-t-mOVqJewPuO1miLpTHQiRgTKCLexL4MeAFVagts7HmNZ2Q-- <- yocto-queue 0.1.0 (1.2.2 is available)
+ nodelite-2-ry4b1Llo-9zz-PKC-030KUnPITTJAHeOwjfAyyB60eT0AorGLdzp52s31OsPRHRf8NchkgFoG2y6fCfn1IV1Ow-- <- postcss-clamp 4.1.0
+ nodelite-2-rZQI7wHfao8qMX3Rd3xqeYSMCL3SoiSQLBATSiVKARdFGCYSRvmViieZjqc58jKgs8Y8i9YvVVhRbHSTA4VBag-- <- @typescript-eslint/type-utils 6.21.0 (8.8.0 is available)
+ nodelite-2-rzUyPU-S7rwUflMyLc1ETDeBj0NRuHKKAcvukozwhshr6g6c5d8zh4c2gQjY2bZ0dXeGLWc1PF174P2tVvKhfg-- <- d3-dispatch 3.0.1
+ nodelite-2-s9whTXInMSgAp-NVXVNuVxVKzGH2qck3aQlVHxDCdAEPgtMKwc4Wq6-QKhgdEdgbLSi9rBTAcPoRa6JpiG4ksg-- <- cose-base 1.0.3 (2.2.0 is available)
+ nodelite-2-scWpzXEJEMrGJa4Y6m-tVotb0WuvNmasv3wWVzUAeCgKU0ToFOhUW6Z-xWnRQANMYGxN4ngJXIThgBJOqzVPCQ-- <- electron-to-chromium 1.5.171
+ nodelite-2-sFdI5LyBiNTHjRd7cGPWapiHWMOXKyuBNX-cWJ3NfzrZQVa8GI-8cofCl74AOVqq9W5kNmguTIzJ-1s2gyI9wA-- <- globalthis 1.0.3 (1.0.4 is available)
+ nodelite-2-sFMcNNrj-Q0ZDolrp5pDhH0nRPN9hLIM3fRPwgbLYJeSHHgnXSnbV3xYgSVuOeLWH9c73VwmEverVzupIv5xuA-- <- esbuild 0.21.4 (0.28.2 is available)
+ nodelite-2-sGkPx-VjMtmA6MX27oA4FBFELFCZZ4S4XqeGOXCv68tT-jb3vk-RyaKWP0PTKyWtmLSM0b-adUTEvbs1PEaH2w-- <- ms 2.1.2 (2.1.3 is available)
+ nodelite-2-sH5ZSPr-7UStsloltmDh7Ce5fb8XPlHyoPzTpyyMuYCtervL65-ubVZ6Q61cFtFl62UyJlc8-JwERRbAFPUqgw-- <- command-line-usage 6.1.3
+ nodelite-2-sKJf1-ceQBr4SMkvQnBDNDtf4TXpVhVGateu0t918bl30FnbE2m4vNLX-VWe-dpjlb-HugGYzW7uQXH98HPEYw-- <- has-flag 3.0.0 (4.0.0 is available)
+ nodelite-2-sNPKHvyjVf7gyjwS4xGTaW-mCnF8wnjtifKBEhxfZ7E-S8tQ0rssrwGNn6q8JH-ohItJfSQp9mBtQYuTlH5QnA-- <- magic-string 0.30.17
+ nodelite-2-snRpch-kwQhcdlnZKYanNF1m0RDlrCdSKQaH87w1FCFPVPNCQ-Il9QJKAX2jVBZddRdaHBMC-zXa9Gw9tmkNUA-- <- create-hash 1.1.3 (1.2.0 is available)
+ nodelite-2-soFhflCVWLfRNOPU3iv5Z9VUdT44xFRbzjLsEzSr5AQmgqPMTHdU3PMT1Cf1ssx8fLNJDA1juftYl-PUcv3MqA-- <- icss-utils 5.1.0
+ nodelite-2-sPhkz0ARKbf4rRQt2hTpAHqn47X3llLkUGn-xEJzLjwY8LRs2p0v7ljvI5EyoRO-mexrNunNECisZs-gw2zz1w-- <- browserify-cipher 1.0.1
+ nodelite-2-sPU4uV7dYlvtWJxwwxHD0PuihVNiE7TyAbQ5SWxDCB9mUYvOgroQOwYQQOKPJ8CIbE-1ETVlOoK1UC2nU3gYvg-- <- mime-db 1.52.0 (1.54.0 is available)
+ nodelite-2-sPZmqHBe6JIiTfN5q2pEi--TwxmAFHwj-XEuYjTuse78i8KxaqMTTzxPoFKuzRpDpTJ-0NAbpfenkmH2rePtuw-- <- es-get-iterator 1.1.3
+ nodelite-2-sqN2UDu1-0y6uvXyStCOzyhAjCSlHceFoMKJW8W9EU9cvic-QdsZ0kEU93HEy3IUEFZIiH-3w-AH-UQbPHNdhA-- <- is-shared-array-buffer 1.0.2 (1.0.4 is available)
+ nodelite-2-sReKOYJIJf74dhJONhU4e0-shzi1trVbSWDOhKYE5XV2O-H7Sb2Dihwuc7xWxVl-DgFPyTqIN3zMfT9cq5iWDg-- <- lodash.upperfirst 4.3.1
+ nodelite-2-sRu1kpcO9yLtYxBKvqfTeh9KzZEwO3STyX1HT-4CaDzC6HpTGYhIhPIzj9XuKU7KYDwnaeh5hcOwjy1QuJzBPA-- <- ajv 8.12.0
+ nodelite-2-sTSfBjoXBp89JvIKIefqw7U2CCebsc74kiY6awiGogKtoSGbgjYE-G--l9sF3MWFPNc9IcoOC4ODfKHfxFmp0g-- <- get-proto 1.0.1
+ nodelite-2-sVDA58zAw4eWAffKOaQH5-5j3XeayukzDk-ewSsnv3p4yJEZHCCzMDiZM8e0OUrRvmpGZ85jf4yDHkHsgBNr9Q-- <- @types/linkify-it 5.0.0
+ nodelite-2-sy6TXMN-hnP-wMy-ISxg3krXx7BAtWVO4UouuCN-ziM9UEne0euamVNafDfvC83bRNr95y0V5iijeDQFUNpvrg-- <- regexp.prototype.flags 1.5.1 (1.5.4 is available)
+ nodelite-2-t09vSN3MdfsyCHoFcTRCH-iUtG7OJ0CsjzB8cjAmKc-va-kIgeDI-TxsigdncE-4be734m0cvIYwNaV4i2XqAw-- <- @sindresorhus/is 4.6.0 (7.2.0 is available)
+ nodelite-2-t0rzBq87m3fVcduHDUFhKmyyX-9eo6WQjZvf51Ea-M0Q7-T374Jp1aUiyUl0GKxp8M-OETVHSDvmkyPgvX-X2w-- <- type-fest 0.21.3 (5.4.1 is available)
+ nodelite-2-t2yVvttHkQktwnNNmBQ98AhENLdPUTDTE21uPqAQ0ARwQfGeQKRVS0NNurH7bTf7RrvcVn1OOge45CnBeHCSmg-- <- is-weakset 2.0.2 (2.0.4 is available)
+ nodelite-2-t41VRkMYbkHyCYmOvx-6URnN80H7k4X0lLdBMGsz-maAwrJQYB1djpV6vHrQIBE0WBSGqhtEHrK9U3DWWH8v7A-- <- quansync 0.2.10 (1.0.0 is available)
+ nodelite-2-t54PPJHG1Pp7VQvxyVCJ9mBbjG3Hqryges9bXoOO6GExCPa---i-d5GSuFtpx3ALLd7lgIAur6zrIlBQyJuMlQ-- <- inflation 2.1.0
+ nodelite-2-t5M8BdnS-TmroUA-Z9HJXExS9iL4pK9I3yGu9PsXVTXPmcVXlBlA1CVI7TjRa1jwm-vusG--sbX1-t5UkJhQMg-- <- @microsoft/api-extractor 7.43.7 (7.59.0 is available)
+ nodelite-2-t7hw9pI-WvuwNJXwk5zVHpyhIqzg2qTlklJOf0mVxGSbe3Fp2VieZcduNYjaLDoy6p9uGpQEGWG87WpMKlNq8g-- <- locate-path 5.0.0 (7.2.0 is available)
+ nodelite-2-taOaskGt4z4SOANNseOviYDvjEJinIkRgmp7LbKP2YTTmVxWBl87s-uzK9r-44BclBSp2X7K1hqeNfz9JbBeXA-- <- hash.js 1.1.7
+ nodelite-2-tB82LpAIWjhLYbqjx3X4zEeHN6M8CiuOEy2JY8SEQVdYRe3CCHOFaqrBW1doLDrfpWhplcW7BL-bO3-6S3pcDQ-- <- to-buffer 1.2.1 (1.2.2 is available)
+ nodelite-2-tbsV1jPne5CkFQCgPBcDOt30ItF7aJoZL997JSF7MhGQqOeT3svWRYxiqlfA5RUdlHN6Fi-EI9bxqbdyAUZjYQ-- <- @typescript-eslint/parser 6.21.0 (8.8.0 is available)
+ nodelite-2-tdN8qQGvNjw4CHbY-XXk0JgCXn9QiF21a55rBe5LJAU-kDyC4WQn4-awm2Xfk2lQMk5fKup9XgzTZtGkjBdP9Q-- <- prettier 2.8.8 (3.9.6 is available)
+ nodelite-2-tDNIz22aBzCDxLtVH--VnTfzxlfeK5CbqohpSqpJgj1Wg-cQbStNAz3NuqCs5vV-pjBsK4x4pN9HlVh7rcYRiA-- <- qs 6.11.2
+ nodelite-2-tdQAmyA18i4J7wprpYq8ClcxZy3SC31QMeByyCFyRt7BVHdREQZ5lpzoe5mFEYZUWe-oq8HBvk9JjpibyEV4Jg-- <- d3-array 3.2.4
+ nodelite-2-te-NtwBwfiNRLf9Ijqx3T0nlqZiQ2XrrtBvu-cLL8ZRrGkO0NHTug8MYFKyoSrv-sHTaSKfilUkizV6XhxMJ3g-- <- text-extensions 2.4.0
+ nodelite-2-tE2UXzivje6ofPW7l23cjDOMa09gb7xlAqG6jG5ej6uPV32TlWP3NKPigtaGeHNu9fohccRYvIiZMfOOnOYUtg-- <- is-string 1.0.7 (1.1.1 is available)
+ nodelite-2-tJFtNoYBtRtkNysX1Xq4sxtjK8YgoWUNpIiUee0-jHGRwqvzYxkq0hGVbbOGSz-JgFxxRu4K8nb3YpG3CMARtg-- <- @types/d3-hierarchy 3.1.7
+ nodelite-2-tKRsZpKz8GSGqoI--caPmfrypiaq-OQCbd-CovEC24uk1h952lVj5sC7SqyFUm-OaJ5HN-a1YLt5cit2FMNsFA-- <- listr-update-renderer 0.5.0
+ nodelite-2-tmcyQ-wXXuxpDxyNXv5yNNkdAMdFRqwtegBXUaowiQzUKqJehttS0x2j0eOZDQAyloAth5w6wwBImnFzkUz3pQ-- <- koa-send 5.0.1
+ nodelite-2-tMNCiqYVkXIZgc2Hnoy2IvC-f8ezc5koaRFkCjrpWzGpCd3qbZXPzVy9MAZzK1ch-X0jvSkojys3oqJN0qCmdA-- <- set-function-name 2.0.1 (2.0.2 is available)
+ nodelite-2-tPgeeqCHIwNo8sypKlS3gOPmsS3wP0zHt67JDuL20P4QcXiw-O4Hl7oXiuLnP9yg-rXLQ2sScdV1Kkzde61iSQ-- <- @changesets/assemble-release-plan 6.0.9
+ nodelite-2-tqNXrS78oMOE73NMxK4EMLQsQowWf8jKooH9g7xPavRT706R6bkQJ6DY2Te7QukaZsulxa30wQ7bk0pm4XiHmA-- <- lowercase-keys 2.0.0 (3.0.0 is available)
+ nodelite-2-tRpdppF7TRazZrjJ6v3stzv93qxRcSsFmW6cX0Zm2NVKpxE1WV1HblnghVv9TreireHkqI-VDEsfolRF1p6y7Q-- <- css-tree 1.1.3 (3.2.1 is available)
+ nodelite-2-ts6Wi-2j3jQjqi70w5AlN8DFnkSwC-MqmxEzdEALB2qXZYV3X-b1CTfgPLGJNMeAWxdPfU8FO1ms3NUfaHCPYg-- <- get-stream 6.0.1 (9.0.1 is available)
+ nodelite-2-tSvCKtBr9lkF0Ex0aQiP9N-OpV4zi2r-Nee5VkRDbaqv35RLYMzbwQfFSZZH0kR-Rd6302UJZ2p-bJCEoR3VoQ-- <- has-bigints 1.0.2 (1.1.0 is available)
+ nodelite-2-tuhGbE6CfTM9-5ANGf-oQb72Ky-0-s3xKUpHvShfiz2RxMFgFPjsXuRLBVMtvMs15awe45SRb83D6wH4ew6wlQ-- <- data-view-byte-length 1.0.2
+ nodelite-2-tvlJLyQf834SylNKax8Wkzco-1ias1OPw8DcUMDE7oUIoSEW25riQVuiu-0OWEFqT0cxHT3Pa9-D82Jr47IONw-- <- dagre-d3-es 7.0.11
+ nodelite-2-tVpsJW7DdjecAiFpbIB1e3qxIQsE6NoPc5-eTdrbbIC4h0LVsWhnoa3g-m2HclBIujHzsxZ4VJVA-GUuc2-LBw-- <- yargs-parser 21.1.1
+ nodelite-2-tYC1Q1hgyRuHgloV-YXs2w15unPVh8qfu-qCTfhTYamaw7fyhumKa2yGpdSo87vY32rIclj-4fWYQXUMs9EHvg-- <- quick-format-unescaped 4.0.4
+ nodelite-2-tzzskb3bG8LvYGFF-mDTpq3jpI6Q9wc3LEmBaghu-DdCssd1FakN7Bc0hVNmEyGq1bq3RgfkCb3cmQLpNPOroA-- <- mri 1.2.0
+ nodelite-2-u1fEHkCbWF92DBeB-KHeMacsjsoI0wFhjZtlCq2ddZbAehshbZST6Hs0Avkc0s-4UyBGbMDnSuXHLuvRWK5iDQ-- <- @algolia/autocomplete-plugin-algolia-insights 1.17.9
+ nodelite-2-u3UPsIilWKOM3F9CXtrG8LEJmNxwoCQC-XVj4IKYXvvpx7QIi-Kg1LI5uDmDpKlac62NUtX7eLjRh-jVZcLOzw-- <- @jest/types 29.6.3 (30.5.1 is available)
+ nodelite-2-uB80kBFb-tfd68bVleG9T5GGsGPjJrLAUpR5PZIrhBnIaRTQRjqdJSsIKkOP6OAIFbj7GOrcudc5pNjZ-geV2g-- <- pify 4.0.1 (5.0.0 is available)
+ nodelite-2-uBHU3L3czsIyYXKX88fdrGovxdSCoTGDRZ6SYXtSRxLZUzHg5P-66Ht6uoUlHu9EZod-inXhKo3qQgwXUT-y1w-- <- source-map-support 0.5.21
+ nodelite-2-ueEepnujpqee2o5aIYnvHU6C0A42MNdsIDeqy5BydrkuC5R1ZuUFnm27EeFJGoEHJQgn3uleRvmTXaJgfXbt4g-- <- acorn-walk 8.3.4 (8.3.5 is available)
+ nodelite-2-ugq4DFI0Ptb-WWjAdOK16-u-nHfiIrcE-sh8kZMaM0WllQKLI9rOUq6c2b7cwPkXdzfQESqvoqK6ug7U-Yyzug-- <- parse5 5.1.1 (8.0.1 is available)
+ nodelite-2-ujSB9uXHJKzM-2GBuE0hBOUgC77CN3Bnpqa-g80bkv3T3A93wL-xlzDATHhnhkzifz-UE2SNOvmbTz5hSkDlHw-- <- prettier 3.6.0 (3.9.6 is available)
+ nodelite-2-uNsoYd37AFmaCdXlg6EYD1KaPOaRWRByMCYzbKUX4-hhMfrxdVSelShywL4JVaAeM-eHUOSprYBQls--neX3pw-- <- @emotion/is-prop-valid 1.2.2 (1.4.0 is available)
+ nodelite-2-up04hB2hR92PgjpyU3y-eg91yIBILyjVY26NvvciY3EVVPjybkMszMpXQ9QAkcS3I5rtJBDLoTxxg-qvW8c7rw-- <- slice-ansi 0.0.4 (7.1.2 is available)
+ nodelite-2-uPpH7OKX4H25hBmU6G1jWNaqJGpTXxey-YOUizJUAgu0AjLUeC8D73hTrhvDS5D-GJN1DN1-hhc-eF-wpxtp0w-- <- http-assert 1.5.0
+ nodelite-2-uQPm8kcs47jx38atAcWTVxyltQYoPT68y9aWYdV6yWXSyW8mzSat0TL6CiWdZeCdF3KrAvpVtnHbTv4RN-rqdQ-- <- is-stream 1.1.0 (4.0.1 is available)
+ nodelite-2-uV2QOWP2nWzsy2aMp8aRibhi9dlzF5Hgh5SHaB9OiTGEyDTiJJyx0uy51QXdyWbtAHNua4XJzUKca3OzKUd3vA-- <- cross-spawn 7.0.6
+ nodelite-2-uZS5shfxzO3rGlu0cC3bjmMFKsXv-SmZZcgp0KD22ts4uGXp5EVYGzu-0YdwZeKmddhcAccYtREJKkPfXkZuCg-- <- @types/d3-transition 3.0.9
+ nodelite-2-v-p6ongsrp0yTGbJXjgxPow2-DL93DASP4kXCDKb8-bwRtt9OEF3whggkkDkGNzgcWy2XaF4a8nZglC7uElscg-- <- cacheable-request 7.0.4
+ nodelite-2-v2kDEe57lecTulaDIuNTPy3Ry4gLGJ6Z1O3vE1krgXZNrsQ-LFTGHVxVjcXPs17LhbZVGedAJv8XZ1tvj5FvSg-- <- lodash 4.17.21 (4.18.1 is available)
+ nodelite-2-v2YAxEmKaBLahNwE1mjp4WON6huMNeuDvagFZW-ASCuA-ku0bXR9hSMw0XpiqMoA3-rmnyck-tPRSFQkoC9Cuw-- <- bn.js 5.2.2 (5.2.5 is available)
+ nodelite-2-v3MXnZAcvnywkTUEZomIActle7RXXeedOR31wwl7VlyoXO4Qi9arvSenNQWne1TcRwhCL1HwLI21bEqdpj8-rA-- <- iconv-lite 0.4.24 (0.7.3 is available)
+ nodelite-2-vavAMRXOgBVNF6nyEEmL3DBK19iRpDcoIwW-swQ-CbGiu7lju6t-JklA1MHweoWtadgt4ISVUsXLyDq34ddcwA-- <- strip-bom 3.0.0 (5.0.0 is available)
+ nodelite-2-vbavdySgbTTrmFE-EsiqUTzlOr5bzlnJtUv9PynGCAKvfQqjIXbvFdumPM-GxMDfyuGMJaJAU6TO4zc1Jf1i8Q-- <- @babel/runtime 7.27.6 (8.0.0-beta.0 is available)
+ nodelite-2-vbRorB5FUQWvla16U8R-qgaFIya2qGzwDrNmCZuYKrbdSUMG6I1ZCGQRefkRVhuOkIGVne7BQ35DSfo1qvJqFg-- <- escape-string-regexp 1.0.5 (5.0.0 is available)
+ nodelite-2-vju0lY9r27jJfOY4Z7-Rt-nIOjzJpZ3y-nYpqtUZInVoXQ-TJZcfGnNOGnKjFdVZb8qexiCuSlZRKcGfhhTTZQ-- <- @shikijs/core 1.29.2 (3.22.0 is available)
+ nodelite-2-vkcDPrRZo1QZLbn5RLGPpg-WmIQ65qoWWhcGKf-b5eplkkarX0m9z8ppCat4mlOqUsWpyNuYgO3VRyrYHSzX5g-- <- prelude-ls 1.2.1
+ nodelite-2-vKivATfr97l2-QBCYAkXYDbrIWPM2IIKEl7YPhjCvKlG3kE2gm-uBo6nEXK3M5-Ffh-FLpKExzOQ3JJoJGFKBw-- <- mitt 3.0.1
+ nodelite-2-vkZjpUjb6OMS7dhV-tILUW6BhpDR7P2L-aQSAv-Uwk-m8KATX9EccViHTJR2qDtACKPIYndLGCyl3FMo-r2LMw-- <- terser-webpack-plugin 5.3.14 (5.6.1 is available)
+ nodelite-2-vlP11XfFGyeNQlmEn9tJ66rEW1coA-79m5z6BCkudjbAGE83uhAcGYrBFwfs3AdLiLzGRusRPAbSPK9xZteCmg-- <- log-update 2.3.0 (6.1.0 is available)
+ nodelite-2-vmQSUcfalpIq0R9q7uTo2lXs6eGIpt9wtnLdMv9LVpIjCA--ufZRozlVoVelIYixx1ugCBKDhn89vnsEGOCx9A-- <- @types/ws 8.5.10
+ nodelite-2-vNk6aEwybGtawWmy-PzwnGDOjCkLWSD2wqvjGGAgOAwCGWySYXfYoxt00IJkTF-8Lb57DwOb3Aa0o9CApepiYQ-- <- @jridgewell/trace-mapping 0.3.25
+ nodelite-2-vpm09aKwq6H9phqRQzecoDpD8TmVyGw70qmWlyq5onxY7tqyTTFVvxMykxQSQKILBSFlbXpypIw2T1Ml7-DDtw-- <- p-finally 2.0.1
+ nodelite-2-vq24Bq3ym5HEQm2NKCr3yXDwjc7vTsEThRDnkp2DK9p1uqLR-DHurm-NOTo0KG7HYHU7eppKZj3MyqYuMBf62g-- <- @nodelib/fs.scandir 2.1.5 (4.0.1 is available)
+ nodelite-2-vs5t8Apaud9N28kgCrRUdEed4UJ-wWNvicHLPxCa9ENlYuAY31M0ETy5y1vA33YoNPDFTghEbnh6efaE8h4x0Q-- <- micromark-util-symbol 2.0.1
+ nodelite-2-vSnN-nuf6iSqTL3Qgx-9A-BT-0Zf-VJOgF5uMZrKjYPs38GMYyAU1coDyBNHauehXDaP-zl73VhwWv0vBRBHcg-- <- @vue/server-renderer 3.3.13 (3.5.27 is available)
+ nodelite-2-vUptKVTpIJhcczKBbgnS-RtcuYMB8-oNzPK2-Hp3hanz8JmpATdmmgLgSaadVREkDm-e2giHwY3ZRkyjSIDDFA-- <- hasown 2.0.0 (2.0.4 is available)
+ nodelite-2-vvjDN--C0mu8jz4af5d52CB184ogg-sSxAFS-oUJQq2SuCe7T5U2iIsVJtsCp2d6R4j0jr5-q3rPkBVZkXD9fQ-- <- postcss-focus-within 5.0.4 (9.0.1 is available)
+ nodelite-2-vXm0l45VbcHEVlTCzs8M-s0VeYsB2lnlAaThoLKGXr3bE-VWDOelNUnycUPEhKEaXARL2TEFjBOyUiM6-55KBg-- <- hash-base 3.0.5 (3.1.2 is available)
+ nodelite-2-vyL2OymJxmarO8gxMr0mhChsO9QGwhynfuu4-MHTAW6czfq9humCB7rKpUjDd9YUiDPU4mzpyupFSvOClAwbmQ-- <- big.js 5.2.2
+ nodelite-2-vYl3iOX-4CKUWuxGi9Ukhie6fsqXqS9FE2Zaic4tNFD2N2QQaXOMFbuKK4QmDHC0JO6B1Zp41J0LpT0oR68amQ-- <- randombytes 2.1.0
+ nodelite-2-vYt7UD1U9Wg6138shLtLOvdAu-8DsC-ilFtEVHcH-wydcSpNE20AfSOduf6MkRFahL5FY7X1oU7nKVZFtfq8Fg-- <- punycode 2.3.1
+ nodelite-2-w-5mJ3GuFL-NjVtJlvydShqE1eN3h3PbI7-5LAsYJP-2qtuMXjfL2LpHSRqo4b4eSF5K-DH1JXKUAHSB2UW50g-- <- es-to-primitive 1.3.0 (1.3.4 is available)
+ nodelite-2-w89qg7PI8wAdvX60bMDP-bFoD5Dvhm9oLheFp5O4a2QF0cSBGsBX4qZmadPMvVqlLJBBci-WqGGOAPvcDeNSVg-- <- through 2.3.8
+ nodelite-2-w8L-rgyXMCPBKmEdOT-RfgMrF0mT6HK60vPYWLz8DBs-P7yFdGo7urn99XCJvVLMSKXrIbZ2FMZ-i50nZTXnuQ-- <- @algolia/client-common 5.32.0 (5.57.0 is available)
+ nodelite-2-w942bTcih8fdJPJmQHFzkS76NEP8Kzzvmw92cXsazb8intwLqPibPPdXf4ANdKV3rYMuuQYGIWtvz9JilB3NFQ-- <- is-path-cwd 2.2.0 (3.0.0 is available)
+ nodelite-2-w96Cjofp72M5IIhpjgobBimYEfoPjx1Vx0BSX9P30WBdZW2WIKU0T1Bd0kz2eNZ9ikjKgHbEyKx8BB6H1L3h3A-- <- domutils 2.8.0 (3.2.2 is available)
+ nodelite-2-w9UMqWwJxHNOvoNzSJ2oPF5wvYcvP7jUvYzhp67yEhTi17ZDBBC1z9pTdGuzjD-EFIqLSYRweZjqfiPzQ06Ebg-- <- get-symbol-description 1.1.0
+ nodelite-2-wa56o2-ElJMYqjCjGkXri7it5FbebW5usLw-nPmCMs5DeZ7eziSYZhSmPRn0txqeW4LnAmQQU7FgqLpsEFKM4A-- <- is-boolean-object 1.2.2
+ nodelite-2-wAV9QHOsNbwnWdNW2FYvE1P56wtgSbM-3SZcdGiWQILwVjACCXDCI3Ai8QlCjMDB8YK5zySiXZYBiwGmNY3lnw-- <- dargs 8.1.0
+ nodelite-2-wFHWD0dNHb1oJF1yGWIkvIpovUUGyES2ljkqy80wMIC73AdCTcKCyJBP1DqoU8pUZrfu2ccLaFIKL2PVrAOpOg-- <- single-spa 6.0.0
+ nodelite-2-wfRLBZ0feWRhCIkoMB6ete7czJcnNnqRpcoWQBLqatqXXmelSRqfdDK4F3u9T2s2cXas-hQJcryI-4lAL-XTlA-- <- pbkdf2 3.1.3 (3.1.6 is available)
+ nodelite-2-wGjk9QZVzvknA6yKIUURb8zY3grXCcOZt--7Wcy8O2uctxhplmUPkOdlgoNhmdVee2c92JXbf1xpMtVNbfoxRw-- <- @babel/helper-hoist-variables 7.22.5 (7.24.7 is available)
+ nodelite-2-wgoZtxcTta65cnZ1Q6MbAfePVFxfM-gq0saaeytoph7nEa7yMXoi6sCPy4ufO111B9msnw0VOWjPEFCXuAKRHA-- <- @vue/devtools-kit 7.7.7 (8.0.5 is available)
+ nodelite-2-wgQlVIUJF13Quxiv5e1gstZ08rnZj2XaLHGoFMYXz7SkNfCDOOteKBE6SYRfA9WxxI-iBc3ajfDoc6hb-MRAHQ-- <- cytoscape-cose-bilkent 4.1.0
+ nodelite-2-wH9xOVHnczo9jN2IW68BabcecVPxacIA3g-7z6vhSU-4stOKQzeCRK0yD0A24WiAAUJmmVpWqrERcTxnLo3AnA-- <- del 5.1.0 (8.0.1 is available)
+ nodelite-2-whLdWMYL2TwI08hn8-ZqAbrVemu0LNaNNJZX73O6qaIdCTfXutsLhMkjdENX0qhsQ9uIimo4-aQOmXkoon2nDQ-- <- pathe 1.1.2 (2.0.3 is available)
+ nodelite-2-wHTUcDUoZ1H5-0iVqEudYW4-kAlN5cZ3j-bXn0Dpbizl9iaUVeWSHqiOjsgk6OW2bkLclbBjzewBz6weQ1zA2Q-- <- global-directory 4.0.1
+ nodelite-2-wIkAryiqt-nV5EQKqQpo3SToSOV9J0DnbJqwK7Wv-Trc92zIAYZ4FlMu-JPFW1DfGFt81ZTCGgDEabffXeLyJg-- <- dom-serializer 2.0.0
+ nodelite-2-wK0Ri4fOGjv-XPy8SBHZChl8CM7uMc5VML7SqiQ0zG7-J5Vr-RMQDoHa2CNT6KHUnTGIXH34UDMkPzAUyapBZg-- <- term-size 2.2.1
+ nodelite-2-wKyQRQpjJ0sIp62ErSZdGsjMJWsap5oRNihHhu6G7JVO-9jIB6UyevL-tXuOqrng8j-cxKTWyWUwvSTriiZz-g-- <- string-width 4.2.3 (8.1.0 is available)
+ nodelite-2-wnD2ZE-l-SPC-uoS0vXeE9L1-0wuaMqKlfz9AMUo38JsyLSBWSFcHR1Rri62LZc12vLr1gb3jl7iwQhgwpAbGQ-- <- signal-exit 3.0.7 (4.1.0 is available)
+ nodelite-2-woByF3PDpkHFUreUa7Hos7-pUWdeWMXRd26-ZX2A8cFx6v-JPTtd4-uN0-jB6XQHYaOlHbio03NTHCqrgG5n7g-- <- vscode-languageserver 9.0.1
+ nodelite-2-wpc-LXeiyiisxPlEkUzU6svyS1frIO3Mgxj1fdy7Pm8Ygzguax2N3Fa-D-ag1WqbOprdI-uY6wMUl8-a2G-iag-- <- eslint-visitor-keys 3.4.3 (5.0.1 is available)
+ nodelite-2-wpoSFAxys6b2a2wHZ1XpDSgD7N9iVjg29Ph9uV-uaP9Ex-KXlkTZTeddxDPSYQpgvzKLGJke2UU0AzoGCjNIvQ-- <- shebang-regex 1.0.0 (3.0.0 is available)
+ nodelite-2-wPpOYtnsVontu2mODhA19JrqWxNsfdatRKd64kmpRbQgh1KtItko5sTnEpPdpSaJszTOhEMlF-RPz28qj4HqhQ-- <- css-select 4.3.0 (6.0.0 is available)
+ nodelite-2-wPrq66Llhl7-4AGC6I-cqxT07LhXvWL08LNXz1fENOw0Ap4sRZZ-gZpTTJ5jpurzzzfS2W-Ge9BY3LgLjCShcw-- <- p-locate 6.0.0
+ nodelite-2-wpxZs9NoxZaJESJGIZTyDEaYpl0FKSA-FB9aJiyemKhMwkxQg63h4T1KJgUGHpTqPDNRcmmYLugrRjJlBtWvRA-- <- js-yaml 4.1.0 (5.4.1 is available)
+ nodelite-2-wR-XK3D3XcLIZwpbvQwQ5fK-8Ykds1ip7A2Txe0yxncXSdq1L9skcG7blcedkOX-ZcgxGAmLX1FrRGbADwzi0w-- <- d3-ease 3.0.1
+ nodelite-2-wR8igaZROA6Z4pv0d-bvVrvGY4GVHihBCBQieXFY3kuSuMyOmEnnfFzHl-tQuqHZkfkIVBEbDvYcFfHmpSet9g-- <- postcss-place 7.0.5 (9.0.1 is available)
+ nodelite-2-wS-hAgJShR0KhEvPJArfuPVN1-Hz1t0Y6n5jLrGQbkb4urgPE-0Rve-1kMB1v-oWgHgm4WIcV-i7F2pTVj-2iQ-- <- react 18.3.1 (19.2.8 is available)
+ nodelite-2-wv8tdUTJ3thSFFFJKtpYKOYiGP2-v96Hvk4Tu8KpCAsTMs6yi-nVmGh1syvSCsaxz45J6Jbw-9DD6g97-NV67Q-- <- micromark-util-character 2.1.1
+ nodelite-2-wViHqhAd8OHeLS-IRMJjTSDHF3U9eWi62F-MledQGPdJGDhodXJ9PBLNGr6WWL7qlH12Mt3TyTpbS-hGXMjCzQ-- <- react-refresh 0.14.0
+ nodelite-2-wvlcdIbf6pwKEk7vHj8-Bkc0B4ylXZruLvOgs9doS5eOsOpuodOV2zJChSpkp-pRpYQLQMeF04nr3Z68Sta9jA-- <- csso 4.2.0 (5.0.5 is available)
+ nodelite-2-wvUjBtSGN7-7SjNpq-9M2Tg350UZD3q62IFZLbRAR1bSMlCo1ZaeW-BJ-D090e4hIIZLBcTDWe4Mh4jvUDajzQ-- <- available-typed-arrays 1.0.7
+ nodelite-2-wwHYEIS0Q80f5mosx3L-dfG5t5rjEa9Ft51GTaNt862EnpyGHpgz2RkZvLPp1oF5TnAiTohkEKVEu8pQPJI7Vg-- <- asynciterator.prototype 1.0.0
+ nodelite-2-x--Cz4YrimQxQccJf5mKEbIa1NzeCRNI5Ecl-ekmlYaampdNLPalVyIcCZNNH3MvmqBugV5TMYZXv0ljslUlaw-- <- safe-regex-test 1.1.0
+ nodelite-2-x-12w-To-4GFfgJhBEpiDcLozRJGegY-Ei7-z0tSLkMmxGZNybVMSfWj9aJn8Z5Fc7dBUNJOOVgPv2H7IwulSQ-- <- p-locate 3.0.0 (6.0.0 is available)
+ nodelite-2-x-xEleCFLH28c3bQeQIyeZf8lFXyDFVn1SgcBiR2Tw-r4IAWlk1fzxCEZ6NxQAjF2Nwtczoen3OA2qR-UawQ8Q-- <- @changesets/changelog-git 0.2.1
+ nodelite-2-x00IRNXNy63jwGkJmzPigoySHbaqpNuzKbBOmzK-g2OdZpQ9w-sxCN-VSB3ja7IAge2OP2qpfxTjeNcyjmW1uw-- <- inherits 2.0.3 (2.0.4 is available)
+ nodelite-2-xaCvneSaeBw-cz8ySmF7ZwGvL0lBjfvqc1LpQ-vcdHEvpLn3Ff1vAvjw-CoGn0802l--5L-pxb7whwcWAw-DUQ-- <- @vitest/spy 0.34.6 (4.0.7 is available)
+ nodelite-2-xbbCH5dCYU5T8LcEhhuh7HJ88HXuW3qsI3Y0zOZFKfZEHcpWiHU-Jxzk629Brsab-mMiHQti9wMP-845RPe3Vg-- <- json-schema-traverse 0.4.1 (1.0.0 is available)
+ nodelite-2-xceH2snhtb5M9liqDsmEw56le376mTZkEX-jEb-RxNFyegNul7eNslCXP9FDj-Lcu0X8KEyMceP2ntpaHrDEVA-- <- picocolors 1.1.1
+ nodelite-2-xckBUXyTIqT97tq2x2AMb-g163b5JFysYk0x4qxNFwbfQkmNZoiRHb6sPzI9-QV33WeuvVYBUIiD4NzNIyqaRQ-- <- functions-have-names 1.2.3
+ nodelite-2-xCy9V055GLEqoFaHoC1SoLIaLmWctgCUaBaWxDZ7-Zx4CTyX7cJQLJOok-orfjZAh9kEYpjJa4d0KcJmCbctZA-- <- perfect-debounce 1.0.0 (2.0.0 is available)
+ nodelite-2-xelSayHH36ZgE7ZWhli7pW34hNbNl8Ojv5KVmkJD4hBdD3th8Tfk9vYasLM-mXWOZhFkgZfxhLSnrwRr4elSSg-- <- is-glob 4.0.3
+ nodelite-2-xfBaXQd9ryd9dlSDvnvI0lvxfLJlYAZzXomUYzLKtUeOQvOP5piqAWuGtrhWeqaXK9hhoM-iyJc5AV-XfsX3HQ-- <- lodash.uniq 4.5.0
+ nodelite-2-xFxOwqIzR-e1k1gLiWEophSCMqXcwVHIH7akf7b-vxcUeGunlj3hvZaaqxwHsTgn-IndtkQJgSztIDWeumWJDQ-- <- constants-browserify 1.0.0
+ nodelite-2-xHjhDr3cNBK0BzdUJSPXZntQUx-mwMS5Rw4A7lPJ90XGAO6ISP-ePDNuo0vhqOZU-UD5JoodwCAAoZQd3FeAKw-- <- isarray 2.0.5
+ nodelite-2-xhXia0yU8JZzpW75TIKDc0tlzvvDGPuuUUXaN3F6FlSSfR13bCCzX-fOTzjo95M4Sz43Vsgub0MK27hXwpCHlQ-- <- @umijs/utils 4.4.11 (4.7.13 is available)
+ nodelite-2-xitP-WxNPcTTOgnTJcrhM0xvdPepipPSf3I8EIpGKeFLjt3PlJLIDG3u8EX53ZIubkb-5U2-3rELYpEhHhzdkg-- <- md5.js 1.3.5
+ nodelite-2-xnkseuNADM0gt2bs-BvhO0p78Mk762YnZdsuzFV018NoG1Sj1SCQvpSqa7XUaTam5vAGasABV9qXASMKnFMwMw-- <- @jridgewell/set-array 1.1.2 (1.2.1 is available)
+ nodelite-2-xq-q3SRMOxGivLhBNaUdC64hDTQwejJ-H0T-NB1XMtTVEwNTrfFF3gAxiyW0Bu-xWEGhjVKgUcMhCrUy2-uCWg-- <- buffer 4.9.2 (6.0.3 is available)
+ nodelite-2-xQaaMBBP7iTs9GrWj48y6WIMqn1l-83ao-BW1T32KkEzzi6kTEEAp0UI9EW-waCy7R4dGN6bRR86YQfPHmUsuQ-- <- create-vite 5.5.5
+ nodelite-2-xuXll4isR03CrQsmxyz92LJB2xX9n-pZJ5jE9JgcnmsCammLyKdlzrBin-25dy6wIjfhJpKBAN80gsTlCgRk2w-- <- postcss-lab-function 4.2.1 (7.0.7 is available)
+ nodelite-2-xV8kqRKM-jhMvcHWUKthV9fNebIzrNy--2O9ZwWcfiBFR5f25XVZPLlEajk-sf3Ra15V92isyQqnIEXRDaZWEA-- <- ua-parser-js 0.7.37 (1.0.41 is available)
+ nodelite-2-xXDvecyTpGLrqFrvkrUSoxxfJI5AH7U8zxxtVclpsUtMCq4JQ290LY8AW5c7Ggnr-Y-oK-bQMbqK2qmtk3pN4g-- <- jszip 3.10.1
+ nodelite-2-xxOWJsBKtzAq7DY0J-DTzuz58K8e7sJbdgwkbMWQe8UYB6ekmsQ45q0M-tJDsGaZmbC-l7n57UV8Hl5tHxO9uw-- <- node-releases 2.0.19 (2.0.54 is available)
+ nodelite-2-xXqpXoINfFhgua9xiqD8fPFHgkoq1mmmpE92WlDbm9rNRd-EbRb-Gqf908T2DMfuHjjJlksiK2RbHVOdD-MqSw-- <- loader-utils 2.0.4 (3.3.1 is available)
+ nodelite-2-xyCoOShoPuPL44gVa-5EdZsBVao-pNzpQhkzq3RdtlFdKZtjWcLlUFQHSWBuhk5utKYykeJPSz2i8ABHQA-ZZw-- <- @commitlint/execute-rule 20.0.0
+ nodelite-2-xyFwyhro-JEof6Ghe2iz2NcXoj2sloNsWr-XsERDK-oiPCfaNhl5ONfp-jQdAZRQQ0IJWNzH9zIZF7li91kh2w-- <- json-parse-even-better-errors 2.3.1 (5.0.0 is available)
+ nodelite-2-y-52Mcy7aw3gRm7IrcGDFx-bCk4AhRh2eI9luHOQM86nZsqwiRkkq2GekHXBBD-SmPidc8i2PqtYZl-pWJ8Oeg-- <- sanitize-filename 1.6.3
+ nodelite-2-y-8YjDFzWdQlSE9N5nzKMT3g4a5UBX1HKowfdXh0uvAnTaqqwqB92Jt4UXBAeKekDs5IaDKyJFR4X1gYVCgXcw-- <- undici 7.18.2 (8.10.1 is available)
+ nodelite-2-y-FyyR-w8vfIRq4eQcM1EYgSTnmHXPqaF-IgzgraytCFq5Xh8lllDVmAZolPJiZttZLeFSINPYMaEJ7-vWUa1w-- <- is-array-buffer 3.0.2 (3.0.5 is available)
+ nodelite-2-y0m1JoUZSlPAjXVtPPW70aZWfIL-dSP7AFkRnniLCrK-8MDKog3TySTBmckD-RObVxH0v4Tox67-F14PdED2oQ-- <- shallowequal 1.1.0
+ nodelite-2-y3b8Kpd8OAN444hxfBbFfj1FY-RjtTd8tzYwhUqNYXx0fXx2iX4maP4Qr6qhIKbQXI02wTLAda4fYUbDagTUFw-- <- p-map 2.1.0 (7.0.4 is available)
+ nodelite-2-y8YTNIeKoyhGd9O0Jiyzyyqk8gdjnumGTQPsz0xOZOQ2RmkVJeZ1vmmfIvFEKqucBG6axJGBZDE-7iI5suUI-w-- <- @babel/plugin-syntax-jsx 7.27.1 (8.0.0-beta.0 is available)
+ nodelite-2-yB5CNFa14MbPJcomwNh3wLThtkZgcNyI2bNMRt8iE5Z8Vwl7f8vQXFAzn2HDOJvtDq2NTZBUGMSUNNyrv3--cw-- <- css-loader 6.7.1 (7.1.2 is available)
+ nodelite-2-ybx0WO1-8bSBLEWXZvEd7gMW3Sn3JFlW3TvX1nREbDLRNQNaeNN8WK0meBwPdAaOI7TtRRRJn-Es1zhrrCHu7g-- <- siginfo 2.0.0
+ nodelite-2-yCEafptTtb4bk7GLEQoM8KVJpxAfdBJYaXyzQEgQQQgYrZiDp8SJmGKlYza6CYjEDNstAdNdKA3UuoULlEbS6w-- <- copy-anything 3.0.5 (4.0.5 is available)
+ nodelite-2-yd1RBzSGanHkitROoPFd6qsrxt-oFhg-129YzheDGqeustzX0vTZJZsSsQjVQC4yzBQ56K55XU8gaNCtIzOnTg-- <- webpack-sources 3.3.3 (3.5.1 is available)
+ nodelite-2-yDUvFf9QdFZTuCUg0g0uNSHVlJ5X1lSzDZjPSFaiCWvjgsvu8vEVxtahPrLMinIDEEGnx6cBe6iqdx5YWz08wQ-- <- postcss-media-minmax 5.0.0
+ nodelite-2-yhlQgA6mnOJUKOsRUFsgJdQCvkKhcz8tlZG5HBQfReYZy46OwLcY-Zia0mtdHsOo9y-hP-CxMN0TU9QxoOtG4g-- <- fs-extra 8.1.0 (9.1.0 is available)
+ nodelite-2-yMBKppFur-fbHu9-6USUe03bZ4knMYiwFBcyiaXB8Go0qNehwX6inYPzK9U0NeQvGxKthcmHcaR8P5MStSRBAw-- <- arraybuffer.prototype.slice 1.0.2 (1.0.4 is available)
+ nodelite-2-ypowyDxpVSYpkXr9WPv2PAZCtNip1Mv5KTW0SCurXv-9iOpcrH9PaqUElksqEB6pChqHGDRCFTyrZlGhnLNGiA-- <- eslint 8.57.1 (9.9.1 is available)
+ nodelite-2-yQ3rwFWRfwNUY7H5vpU0wfdkNSnvnJinhF9830Swlaxl03zsOjCfmX0ugac-3LtK0lYSgwL-KXc8oYL3mG4YFQ-- <- stylis 4.3.6 (4.4.0 is available)
+ nodelite-2-yQbXgO-OSZVD2IsiLlro-7Hf6Q18EJrKSEsdoMzKePKXct3gvD8oLcOQdIzGupr5Fj-EDe8gO-lxc1BzfMpxvA-- <- braces 3.0.3
+ nodelite-2-yS-Q5i3hBf7GBkd4KG8a7eBNNWNGLTaEwwYWUijIYM7zrlYDM0BFXHjjPWlWZ1Rg7UaddZeIDmi9jF3HmqiQ2w-- <- doctrine 3.0.0
+ nodelite-2-yTbItCNreRooED33qjunPthRcSjERP1r4MqCZc7wv0u2sUkzTFp45tgUfS5-r7FrZPdmCCNflLhVSP-o-SemsQ-- <- @types/fs-extra 11.0.4
+ nodelite-2-yuzZug1nkAAaBlBBikKZTgzCeA-k1uy4ZFwWANOfKw5z5LRhV0gNA7gNkKm7HoK-HRN0wX3EkxGk0fpbWhmB7g-- <- @types/d3-time 3.0.4
+ nodelite-2-yVChGzahRFvbkscn2MlwGismPO12i9-znNruC5gVEntG3qu0xQMzsGg-JFbrsqDOHtHFPci-V5aP5T9I-yeKqw-- <- is-directory 0.3.1
+ nodelite-2-z-Uw-vLuy6gQe8cfaFWD7p0wVv8fJl3mbzXh33RS-0oW2wvUqiRXiQ69gLWSLpgB5-6sU-r6BlQR0MBILadqTQ-- <- lodash.get 4.4.2
+ nodelite-2-z00bCGNHDG8mHAkP7CtT1qVu-bFQUPjYq-4Iv3C3kWjTFV10zIjfSoeqXo9Asws8gwSHDGj-hl2u4OGIjapeCg-- <- create-hash 1.2.0
+ nodelite-2-z0yWI-4FDrrweS8Zmt4Ej5HdJmky15-L2e6Wgn3-iK5fWzb6T3fhNFq2-MeTRb064c6Wr4N-wv0DzQTjNzHNGQ-- <- mimic-response 3.1.0 (4.0.0 is available)
+ nodelite-2-z38FLUCn8M9FQf19gJ9eltdwkvc47PxvJmVZS6aKwbBAa3Pis3r3A-ZcBCVPNb9h-Tbga-i0tHdzoSGUoji9GQ-- <- @rushstack/ts-command-line 4.21.0 (5.3.13 is available)
+ nodelite-2-z6EbKajIpqGKU56y5KBUgy1dt1ihhQJgWzUlZHArA--X2ad7Cb5iF-AK1EWVL-Bo7Rz9uurpqw6SiBCefUbCGA-- <- jest-util 29.7.0 (30.2.0 is available)
+ nodelite-2-zB9CruMamjym81i2JZ3UMn54PKGsQzsJeo6xvN3HJJ4CAsQNB6iRutp2To77OfCNuoxspsIhzaPoO1zyCEhFOg-- <- is-bigint 1.0.4 (1.1.0 is available)
+ nodelite-2-zbB9rCJAT1rbjiVDb2hqKFHNYLxgtk8NURxZ3IZwD3F6NtxbXZQCnnSi1Lkx-IDohdPlFp222wVALIheZJQSEg-- <- ansi-styles 4.3.0 (6.2.3 is available)
+ nodelite-2-zfedSIzFhat-gFhWfHtgWvlec0nqB9YEIVrpuwjruLlXfUSnA8cJB0miHKwqDnQ7d32aKo2xt88-xZptwxbfhA-- <- @babel/helper-environment-visitor 7.22.20 (7.24.7 is available)
+ nodelite-2-zg-chbXyeBtMQ1LbD-WSoW2DpC3I0mpmPdW-ynRTj-x2DAWYrIY7qeZIHidozwV24m4iavr15lNwIwLxRmOxhA-- <- d3-color 3.1.0
+ nodelite-2-zHd0eUrf5GZoOWVCXp6koAKQTfZV07eit6bGPmJgnZdnSAvvZee6zniW2XMF7Cmc4ISOOnPy3QaSiIJGJkVEDQ-- <- @babel/runtime 7.23.6 (8.0.0-beta.0 is available)
+ nodelite-2-zHig5N-tPWARooBnb0Zx1MFcdfpyJrfTJ3Y5L-IFvUm8rM74hHz66z0gw0x4tijh5CorKkKUCnW82R2vmpeCRA-- <- compare-func 2.0.0
+ nodelite-2-zJ2mQYM18rEFOudeV4GShTGIQ7RbzA7ozbU9I-XBpm7kqgMywgmylMwXHxZJmkVoYkna9d2pVXVXPdYTP9ej8Q-- <- fresh 0.5.2 (2.0.0 is available)
+ nodelite-2-zJxVehUdMGIKsRaNt7apO2Gqp0BdqW5yaiGHXXmbpvxgBYVZnAql-BJb4RO5ad2MgpbZKn5G6nMnegrH1FcNYQ-- <- hpack.js 2.1.6
+ nodelite-2-zM0mVWSXE0a0h9aKACLwKmD6nHcRiKrPpCfvaKqG1CqDEyjEawId0ocXxVzPMCAm6kkWr2P025msfxXEnt8UGQ-- <- @napi-rs/nice 1.0.1 (1.1.1 is available)
+ nodelite-2-zrceR-XhGYU-d-opr2EKO7aRHUeiBI8qjtfHqADTwZd6Szfy16la6kqD0MIUs5z5hx6AaKa-PixpPrR289-I0A-- <- regenerate 1.4.2
+ nodelite-2-zRpUiDwd-xk6ADqPMATG8vc9VPrkck7T07OIx0gnjmJAnHnTVXNQG3vfvWNuiZIkwu9KrKdA1iJKfsfTVxE6NA-- <- buffer-equal-constant-time 1.0.1
+ nodelite-2-zSMINGVYkdpYSOBmLi0D1Uo7JU9nVdQKrHxC8eYlV-9YKK9WePqAlL7lSlorG-U2Fw1w0hTBmaa-jrQ3UbPHtA-- <- loupe 2.3.7 (3.2.1 is available)
+ nodelite-2-zSYNUlYSMhJ6Zdou4cJwo-p7w5nmAH17GRfU-ui3ctvjXFErXXkruT4MWW6poDeXgCaIBlGLrfU6TbTXxyGMww-- <- tinypool 0.7.0 (1.1.1 is available)
+ nodelite-2-zVpa8oKZSz5bTMTFClc1fQOnyyEzpl5ozpi1B5YcvBrdohMjH2rfsBtyXcuNuwjsDIXmBYlF2N5FlJYhR29t8Q-- <- public-encrypt 4.0.3
+ nodelite-2-zxV-SsA-U4yte8051P4ECydjD-S-qeYtnaIyAs9tgHCqfguma-aAQDjo85A9Z6EKhBirHRJHXIgJUlffT4wdLg-- <- d3-force 3.0.0
+ nodelite-2-zymm5-u-sCsSWyD9qNaejV3DFvhCKclKdizYaJUuHA83RLjb7nSuGnddCHGv0hk-KY7BMAlsWeK4Ueg6EV6XQg-- <- is-fullwidth-code-point 3.0.0 (5.1.0 is available)
+ nodelite-2-zz06S8t0ozoDXMG-ube26zeCTNXcKIPJZJi8hBrF4idCLms4CG9QtK7qBl1boi5ODzFpjswb5JPmHCbMpjaYzg-- <- is-arrayish 0.2.1 (0.3.4 is available)
+ nodelite-2-zzw1uCAgLbsKwBfFc8CX78DDg-xZeBksSO3vwVIDDN5i94eOrPsSSyiVhmsSABFDM-OcpE2aagCat9dnWQLG1A-- <- assert 1.5.1 (2.1.0 is available)
+ nodelite-url-https---registry-npmjs-org-concat-map---concat-map-0-0-1-tgz <- concat-map 0.0.1
+ nodelite-url-https---registry-npmjs-org-ee-first---ee-first-1-1-1-tgz <- ee-first 1.1.1
+ nodelite-url-https---registry-npmjs-org-json-buffer---json-buffer-3-0-1-tgz <- json-buffer 3.0.1
+ nodelite-url-https---registry-npmjs-org-media-typer---media-typer-0-3-0-tgz <- media-typer 0.3.0 (1.1.0 is available)
+ nodelite-url-https---registry-npmjs-org-setprototypeof---setprototypeof-1-1-0-tgz <- setprototypeof 1.1.0 (1.2.0 is available)
+ nodelite-url-https---registry-npmjs-org-setprototypeof---setprototypeof-1-2-0-tgz <- setprototypeof 1.2.0
+ nodelite-url-https---registry-npmjs-org-toidentifier---toidentifier-1-0-1-tgz <- toidentifier 1.0.1
+ nodelite-url-https---registry-npmjs-org-tsscmp---tsscmp-1-0-6-tgz <- tsscmp 1.0.6

Done in 2.6s
