Progress: resolved 1, reused 0, downloaded 0, added 0
Packages: +250
++++++++++++++++++++++++++++++++++++++++++++++++++++++++++++++++++++++++++++++++
Progress: resolved 250, reused 0, downloaded 250, added 250, done

dependencies:
+ nodelite-2-BaXgOuIxz8n8pIq3e7Atg-7s-DpiYrxn4vdot3w9KbnBhcRQq6o3xemQdIfynqSeXeDrF32x-WvfzmOjPiY9lg-- <- typed-array-byte-length 1.0.3
+ nodelite-2-Bdboy-l7tA3OGW6FjyFHWkP5LuByj1Tk33Ljyq0axyzdk9--JSi2u3fP1QSmd1KNwq6VOKYGlAu87CisVir6Pw-- <- json-stable-stringify-without-jsonify 1.0.1
+ nodelite-2-BhXM0Au22RwUneMPwSCnyhTOizdWoIEPU9sp0Aqa1PnDMR5Wv2FGXYDjuzJEIX-Eo2Rb8xuYe5jrnm5QowQFkw-- <- meow 12.1.1
+ nodelite-2-BhYE-WDaywFg2TBWYNXAE-8B1ATnThNBqXHP5nQu0jWJdVvY2hvkpyB3qOmtmDePiS5-BDQ8wASEWGMWRG148g-- <- call-bind-apply-helpers 1.0.1 (1.0.2 is available)
+ nodelite-2-BkLMNpdV6prozk8LlyK-SOoWLmUFi-ZD-pcqti9ILCbVvHGk1ui1g4jJOc2WDLaeExz2qWwojxlPce5PljcT3w-- <- @typescript-eslint/visitor-keys 8.21.0
+ nodelite-2-BLI3Tl1TW3Pvl70l3yq3Y64i-awpwXqsGBYWkkqMtnbXgrMD-yj7rhW0kuEDxzJaYXGjEW5ogapKNMEKNMjibA-- <- which 2.0.2 (6.0.0 is available)
+ nodelite-2-BN22B5eaMMI9UMtjrGd5g5eCYPpCPDUy0FJXbYsaT5zYxjFOckS53SQDE3pWkVoWpHXVb3BrYcEN4Twa55B5cA-- <- word-wrap 1.2.5
+ nodelite-2-BNoCY6SXXPQ7gF2opIP4GBE-Xw7U-pHMYKuzjgCN3GwiaIR09UUeKfheyIry77QtrCBlC0KK0q5-TER-tYh3PQ-- <- arraybuffer.prototype.slice 1.0.4
+ nodelite-2-BR7VvDCVHO-q2xBEWskxS6DJE1qRnb7DxzUrogb71CWoSficBxYsiAGd-Kl0mmq-MprG9yArRkyrQxTO6XjMzA-- <- semver 6.3.1 (7.8.5 is available)
+ nodelite-2-BrpvfNAE3dcvq7ll3xVumzjKjZQ5tI1sEUIKr3Uoks0XUl45St3FlatVqef9prk4jRDzhW6WZg-3bk93y6pLjA-- <- strip-final-newline 2.0.0 (4.0.0 is available)
+ nodelite-2-BS8PfmtDGnrgYdOonGZQdLZslWIeCGFP9tpan0hi1Co2Zr2NKADsvGYA8XxuG-4UWgJ6Cjtv-YJnB6MM69QGlQ-- <- data-view-byte-offset 1.0.1
+ nodelite-2-BSeNnyus75C4--NQ9gQt1-csTXyo-8Sb-afLAkzAptFuMsod9HFokGNudZpi-oQV73hnVK-sR-5PVRMd-Dr7YQ-- <- cliui 8.0.1 (9.0.1 is available)
+ nodelite-2-BtEeSsoaQjlSPBemMQIrY1MY0uM6vnS1g5fmufYOtnxLGUZM2178PKbhsk7Ffv58IX-ZtcvoGwccYsh0PglkAA-- <- is-string 1.1.1
+ nodelite-2-BwbTXpj-9QutoZLQvbttRg5x3l5468qaV2kufh-51yha1c53ep5dY4kTuZR35-3pAZxpfQerGJiQqg34ZNZ6uA-- <- @preact/signals-core 1.12.1
+ nodelite-2-BXANzRFkX-XcC1q-d27NKvlJ1yf7PSAgi8JG6dt8EfbHFHi4neau7mufcSca5zRhwOL8j9s6EqsxmT-s--E6Sw-- <- @changesets/git 3.0.4
+ nodelite-2-BXfRP-3P3IN6fd4uF3SniaHKOO4UXWBfkdR3vA8mIvaoO-wLjGN5qivUtW0QRitBHHMcfC41SLhNVYIZZE-wkA-- <- @octokit/types 13.7.0
+ nodelite-2-BXq5mqc8ltbaN34cDqWuYKyNhX8D-Z0J1xdtdQ8UcIIIyJyz-ZMKUt58tF3SrZ85jcfN-PZYhjR5uDQAYNVbuw-- <- esbuild 0.25.0 (0.28.2 is available)
+ nodelite-2-Cat63mxsVJlzYvN51JmVXIgNoUokrIaT2zLclCXjRd8boZ0004U4KCs-sToJ75C6sdlByWxpYnb5Boif1VSFew-- <- tabbable 6.2.0 (6.4.0 is available)
+ nodelite-2-CCZCDJuduB9OUkFkY2IgppNZMi2lBQgD2qzwXkEia16cge2pijY-aXi96CJMquDMn3nJdlPV1A5KrJEXwfLNzQ-- <- @eslint-community/regexpp 4.12.1
+ nodelite-2-Ceh-7ox5qe7LJuLHoY0feh3pHuUDHAcRUeyL2VYghZwfpkNIy--8Ocg0a3UuSoYzavmylwuLWQOf3hl0jjMMIw-- <- binary-extensions 2.3.0
+ nodelite-2-CFjzYYAi4ThfiQvizrFQevTTXHtnCqWfe7x1AhgEscTz6ZbLbfoLRLPugTQyBth6f8ZERVUSyWHFD-7Wu4t1XQ-- <- debug 3.2.7 (4.4.3 is available)
+ nodelite-2-CHtj92H5rdhKt17RmgALhfQt95VayrUo2tSqY9g2w-laAXyk7K-Ef6uPm9tn5qSIwSmrLjKaXK9eiNuxmQrDBw-- <- @commitlint/config-validator 19.5.0 (20.4.0 is available)
+ nodelite-2-CKW8Vu-uUZneQCPtXmSBUC6NCAUdya26hWCElAWh5mVSlSRsmiCPUUDKb3Z0szng1hiAJa098Hkhg9o4SE35Qw-- <- @babel/plugin-transform-nullish-coalescing-operator 7.26.6 (8.0.1 is available)
+ nodelite-2-CMCjrWucUBZvohgZxkjd6S9h0nZxXjzus6yDfUb-xLxYM7VvjKNH1tQrE9GWLql1XoOP4-Ds3bwFqShHUYraGg-- <- @types/react-dom 19.1.5 (19.2.7 is available)
+ nodelite-2-COROpnaoap1E2F000S62r6A60uHZnmlvomhfyT2DlTcrY1OrBKn2UhH7qn5wTC9zMvD0AY7csdPSNwKP-7WiQw-- <- aria-query 5.3.2
+ nodelite-2-CPWT6BwvhrTO2d8QVorhTCQw9Y43zOu7G9HigcfxvepOU6b8o3tcWad6oVgZIsZCTt42FFv97aA7ZJsbM4-8og-- <- babel-plugin-polyfill-corejs2 0.4.12
+ nodelite-2-CtcFEQTDKyftpI22FVGpx8bkpKyYXBlNge6zSo0pl5-qJvBAnzaD76Vu2AsP16d6mTj478Ldn2mhgrWV-Xr0vQ-- <- eslint-plugin-cypress 2.15.2 (5.2.0 is available)
+ nodelite-2-CU-GscZhCUsJwcKTJS9Ndh3AKGZTNFIOoQB2n8CmFnizE0VnEuJoum-COW-C1lNABEeqk6ssfc1Kkalm4bDklA-- <- @commitlint/resolve-extends 19.5.0 (20.4.0 is available)
+ nodelite-2-Cxwpt2SfTzTtXcfOlzGEee8O-c-MmUgGrNiBcXnuWxuFJHe6a5Hz7qwhwe5OgaSYI0IJvkLqWX1ASG-cJOkEiA-- <- ansi-styles 5.2.0 (6.2.3 is available)
+ nodelite-2-CYcENa-FtcUKLmhhqyctpclsq7QF38pKjZHsGNiSQF5r4FtoKDWabFDl3hzaEQMvT1LHEysw5twgLvpYYb4vbw-- <- flat-cache 3.2.0 (6.1.7 is available)
+ nodelite-2-D-JUozNpQLAPUVusvqMxyvjzllRaF8-nSrP1s2YGQT-W4LHK4xxsMcHjhOGTS01mp9Hda8nswb-FblLdJornQw-- <- @babel/plugin-transform-private-methods 7.25.9 (8.0.1 is available)
+ nodelite-2-D1SaWpOW8afq1CZGWB8xTfrT3FekjQmPValrqncJMX7QFl8YwhrPTZvMCANLtgBwwdS-7zURyqxDDEmY558tTw-- <- simple-peer 9.11.1
+ nodelite-2-D2FR03Vir7FIu45XBY20mTb--ZSWB00sjU9jdQXt83gDrI4Ztz5Fs7-yy74g2N5SVQY4xY1qDr4rNddwYRVX0g-- <- os-tmpdir 1.0.2
+ nodelite-2-D45PMaBaeDHxww-EkcDQtDAtzv00Gcsp72ukBtaLSmqRvh0WgGMq3Al0rl1QQBZfuneO75NXMIzEZGFitThWbg-- <- @shikijs/core 1.10.3 (3.22.0 is available)
+ nodelite-2-D9cPgkvLlV3t3IzL0D0YLvGA9Ahk4PcvVwUbN0dSGr1aP0Nrt4AEnTUbuGvquEC0mA64Gqt1fzirlRs5ibXx8g-- <- sprintf-js 1.0.3 (1.1.3 is available)
+ nodelite-2-DCXu6Ifhqcks7TZKY3Hxp3y6qphY5SJZmrWMDrKcERSOXWQdMhU9Ig-PYrzyw-ul9jOIyh0N4M0tbC5hodg8dw-- <- fast-levenshtein 2.0.6 (3.0.0 is available)
+ nodelite-2-DDfANUiiG2wC1qawP66qlTugJeL5HyzMpfr8lLK-jMQirGzNod0B12cFB-9q838Ru27sBwfw78-rdoU7RERz6A-- <- is-array-buffer 3.0.5
+ nodelite-2-DdmyoGCleJnkbp3nkbxTLJ18rjDsE4yCggEwKNXkeV123sPNfOCYeDoeuOY-F2FrSjO1YXcTU-dsy96KMy-gcg-- <- bluebird 3.7.1 (3.7.2 is available)
+ nodelite-2-DEvV2ZF2r2-63V-tK8hQvrR2ZGn10srHbXviTlcv7Kpzw8jWiNTqbVgjO3IY8RxrrOUF8VPMQQFysYYYv0YZxw-- <- prismjs 1.30.0
+ nodelite-2-DeXj9X5xDCjgKLU-7RR--HQEVzuuEUiwldwOGsHK-sfAfELGWEyTcf0x-uOvCvK3O2zPmZePXWL85vtia6GyZw-- <- lib0 0.2.117
+ nodelite-2-DfXN8DfhJ7NH3Oe7cFmu3NCu1wKbkReJ8TorzSAFbSKrlNaQSKfIzqYqVY8zlbs2NLBbWpRiU52GX2PbaBVNkg-- <- glob 10.5.0
+ nodelite-2-DifAyw4BkrufCILvD3ucnuN8eydUfc-C1GlyrnI-LK6543w5-L3VeVgf05o3B4fqSXP1dKYLOZsKfutpxPzZrw-- <- @types/node 22.10.3 (26.4.1 is available)
+ nodelite-2-DJT40iMnTYtBtUfw9ApbsLZFke1zKh6llITVJ-x9mtpHD08gsNXaIRqHTmwTZL3dNX5-WoyK7pCN-5zswvkBCQ-- <- @commitlint/config-conventional 19.6.0 (20.2.0 is available)
+ nodelite-2-DpLKbNU4WylpxJykQujfCcwYWiV-Jhm50Goo0wrVILAv5jOr9d-H-UR3PhSCD2rCCEIg0uc-G-muBTwD54JhDQ-- <- globalthis 1.0.4
+ nodelite-2-DpWmpCckhwR3hG-6udb6-aQB7PpiqVnvSljrjbKxNSvTRsGsg7NVE3-vouoYf96xgwMxXFKcS4Ux-cnkFwYM7A-- <- systeminformation 5.30.5 (5.33.8 is available)
+ nodelite-2-DqHn3DwbmmPVzeKj9woBadqmXxLvQoQIwu7nopMc72ztvxVmVk2SBhSnx67zuye5TP-lJsb-TBQsjLKhnDf3MA-- <- regenerate-unicode-properties 10.2.0
+ nodelite-2-DSHae2obMSMkAtTBSOulg5X7-z-rGLxcXQIkg3OmWvY6wifojge5uVMydfhUvs7yQj-V7jNmRZ2Xzl8GJyqRgg-- <- @commitlint/types 19.5.0 (20.4.0 is available)
+ nodelite-2-DtCOLG98P007x7wiiOmfI0fi3eIKyWiLTGJ2MDnVi-E04lWGbf-JzrRHMm0rgIIZJGtHpKpbVgLWHrv8xXpc3Q-- <- detect-file 1.0.0
+ nodelite-2-DUHWQAcC8BTiUZDRzAYGvpSpGLiaOQPfYXlCieQbwUvmml-LRGIe3raKdrOPOoiX0DYlzxs2nH6BoWJoZrj8hA-- <- turbo 2.3.3 (2.7.6 is available)
+ nodelite-2-DWG1pus72FcNeXkM12tx-xtExyH-c9I1z-2aXlObH3i9YA7-WZEVaiHzHl03thpvAgWTRaH64MpfHxozfF7Dvg-- <- @changesets/get-release-plan 4.0.13
+ nodelite-2-DX8nKgqcGwsc0eJSqYt5lwP4DH5FlHnmuWWBRy7X0NcaGR0ZtuyeESgMwTYVEtxmsNGY-qit4QYT-MIYTOTPeA-- <- @xtuc/ieee754 1.2.0
+ nodelite-2-DyFP3BM-3YHTQOCUL-w0OZHR0lpKeGrxotcHWcqNEdnltqFwXVfhEBQ94eIo34AfQpo0rGki4cyIiftY06h2Fg-- <- get-caller-file 2.0.5
+ nodelite-2-DZLEEqFWQFiyK6h5YIeynKx7JlvCYWL0cImfSRXZ9l4Sg2efkFGTuFf6vzXjK1cq6IYkU-Eg-JizXw-TD2vRNw-- <- @humanwhocodes/config-array 0.13.0
+ nodelite-2-E-iruNOY8VV9s4JEbe1aNEm6MiszPRr-UfcHMz0TQh1BXSxHK-ASV1R6W4HpjBhSeS-54PIsAMCBmwD06LLsqQ-- <- JSONStream 1.3.5
+ nodelite-2-E-XQCRwSbaaiChtv6k6Dwgc-bx-Bs6vuKJHHl5kox-BaKbhiXzqQOwK4cO22yElGp2OCmjwVhT3HmxgyPGnJfQ-- <- buffer-from 1.1.2
+ nodelite-2-EAlXoksqC6Vbocqc0GtzCruZEzYgrn-iiGnNjsJsH4mrnIGex4qbLdWWNza3AW5W36ZRrlBID0eM6bdKH4OStQ-- <- prosemirror-keymap 1.2.2
+ nodelite-2-EC-0oUMY1Rqm4O6LLrgjtYDvcVYTy7chDnM4Q7030tP4Kwj3u-pR6gP9ygnp2CJMK5Gq-9Q2oqmrFJAz01DXjw-- <- emoji-regex 10.4.0
+ nodelite-2-Ed61U6XJc3CVRfkERJWDz4dJwKe7iLmmJsbOGu9wSloNSFttHV0I8g6UAgb7qnK5ly5bGLPd4oXZlxCdANBOWQ-- <- @babel/helper-validator-identifier 7.25.9 (8.0.4 is available)
+ nodelite-2-EdDDZu4A2OyIK7Lr-2zG-w5jmbuk1DVBnEwREQvBzspBJkCEbRa8GxU1lghYcaGJCnRWibjDXlq779X1-y5xwg-- <- indent-string 4.0.0 (5.0.0 is available)
+ nodelite-2-EEsso27ri0sf-t4uRFEj5C5gvXQj0d0w1Y2qq06b-hDLBnvzO1rWTwEW4C7ytan6nhg4WPwE26eLoiPhHUbvKg-- <- oniguruma-to-es 2.2.0 (4.3.4 is available)
+ nodelite-2-EHcyIPBQ4BSGlvjB16k5KgAJ27CIsHY-2JBmCRReo48y9rQ3MaUzWX3KVlBa4U7MyX02HdVj0K7C3WaB3ju7FQ-- <- buffer 5.7.1 (6.0.3 is available)
+ nodelite-2-EiPU8G6dQG0GFHNR8ljnZFki-8a-cQwEQ-7wpxdChl02Q8HXlwEZWD5lqAF8vC2sEC3Tehr8hy7vErz88LHyUA-- <- consola 3.4.0 (3.4.2 is available)
+ nodelite-2-EksG6gFY3L1eFMROS-7Wzgrii5mBAFe4rIr3r2BTfo7bcc-DWwFZ4OJ-miOuHJO-A85HwyI4eQ0F6IKXesO7Fg-- <- webpack 5.97.1 (5.99.9 is available)
+ nodelite-2-EmKO5V3OLXh1rtK2wgXRansaK1-mtVdTUEiEI0W8RkvgT05kfxaH29PliLnpLP73yYO6142Q72QNa8Wx-A5CqQ-- <- data-view-buffer 1.0.2
+ nodelite-2-EPD5q1uXyFxJpCrLnCc1nHnq3gOa6DZBocAIiI2TaSCA7VCJ1UJDMagCzIkXNsUYfD1daK--LTEQ8xiIbrHtcw-- <- util-deprecate 1.0.2
+ nodelite-2-EtKwoO6kxCL9WO5xipiHTZlSzBm7WLT627TqC-uVRd0HKmq8NXyebnNYxDoBi7wt8eTWrUrKXCOVaFq9x1kgag-- <- graphemer 1.4.0
+ nodelite-2-EtqRBEjp1dL-15V7WiX5LJMIxxkdiGJnabzYx5Apx4FkQIFgAfKumXeYAqqJCj1s-BMX4cPFIFC4OLCR6stlnA-- <- @octokit/openapi-types 20.0.0
+ nodelite-2-ETzz9UTjQSTmw39GboatdymDq4XIQbR8ySgVrylRhPOFpsd-JrKHIuF0de7GCWmem-T4uC5z7EZguod7Wj4A4g-- <- @babel/helper-wrap-function 7.25.9 (8.0.0-beta.0 is available)
+ nodelite-2-Evf3kcMqzXA3xfYJmZ9Pg1OvKdtqsDMSWBDzZOPLvHiTt36E75jLDQo5w1gtRU95Q4E5PDttrTf25Fw8d-uWLw-- <- @babel/plugin-transform-private-property-in-object 7.25.9 (8.0.1 is available)
+ nodelite-2-ExtnT5WIOVpkL56bhLeisG-N5c4fmzKn4k0ROVfJa5TY2QHbH7F0Wu2T5ZhR7ErsFWQEFafyrnSI8TPKVF9Few-- <- yjs 13.6.23 (13.6.29 is available)
+ nodelite-2-EykJT-Q1KjTWctppgIAgfSO0tKVuZUjhgMr17kqTumMl6Afv3EISleU7qZUzoXDFTAHTDC4NOoG-ZxU3EvlMPQ-- <- has-flag 4.0.0
+ nodelite-2-F-1DnUGPopORZi0ni-CvrCgHQ5FyEAHRLSApuYWMmrbSwoN2Mn-7k-Gl38gJnR7yyDZk6WLXwiGod1JOWNDKGw-- <- he 1.2.0
+ nodelite-2-F2JHgJQ1iqwnHDcQjVBsq3n-uoaFL-iPW-eAeL7kVxy-2RrWaN4WroKjjvbsoRtv0ftelNyC01bjRhn-bhcf4A-- <- proxy-from-env 1.0.0 (2.1.0 is available)
+ nodelite-2-F3asv42UuXchdzt-xXqfW1OGlVBe-mxa2mqI0pg5yAHZPvFmY3Y6drSf-GQ1A86WgWEN9Kzh-WrgKa6iGcHXLg-- <- pend 1.2.0
+ nodelite-2-F5TTUSktTIfbjHIlaz8tjsQ8EAD0UpJtj1i5O13jQARWTddtFgam3nE1W5WgSQoqU-cuTnF1H9tK-wlCOyzfiA-- <- emoji-datasource 7.0.2
+ nodelite-2-FAo-rt0kch-YeBBp-iit74q-4RV6YRjdZXmvE0-Aw-n-nSW1W0ZNGXnhncfm8qP0CuXnss-Aw8dpfEPZKUWDJw-- <- @hocuspocus/transformer 2.15.2
+ nodelite-2-FC-lgizVPfie0kkhqUScwRu1O-lF6NOgJmlCgK--LYxDCTk8sGelYaHDhFcDN-Sn3Cv-3VSa4Byeo-IMCzpMgQ-- <- slice-ansi 5.0.0 (7.1.2 is available)
+ nodelite-2-FCLHtRD-gnpCiCHEiJLOwdmFP-wzCmDEkc9y7NsYxeF4u7Btsn1ZuwgwJGxImImHicJArLP4R0yX4c2KCrMrTA-- <- side-channel-list 1.0.0 (1.0.1 is available)
+ nodelite-2-Fd4gABb-ycGAmKou8eMftCupSir5lRxqf4aD-vd0cD2qc4HL07OjCeuHMr8Ro4CoMaeCKDB0-ECBOVWjTwUvPQ-- <- is-path-inside 3.0.3 (4.0.0 is available)
+ nodelite-2-FDSOghenHTiToteC-QRlv2q3DhPZ-oOXTBoirfWNx1Cx3TMVcGWQtMMmQcSvb-JjpNeGzx8Pq-b4fKEJuWm1sw-- <- @babel/runtime 7.26.0 (8.0.0-beta.0 is available)
+ nodelite-2-FE8aCmS5Q6eQYcV3gI35O4J789wlQA-7JrqTTpJqn5emA4U2hvwJmvFRC0HODS-3Ye6WioDklgd6scJ3-PLnEA-- <- @webassemblyjs/helper-numbers 1.13.2
+ nodelite-2-FFw039TmrBqFK8ma-7OL3sDz-VytdtJr044-QUJtH0wK9lb9jLq9tJyIxUwtQJHwar2BqtiA4iCWSwo9JLkzFg-- <- pretty-bytes 5.6.0 (7.1.0 is available)
+ nodelite-2-FGgH2h8zKNim9ljj7dankFPcICIK9Cp5bm-c2gQSYePhpaG5-esrLODihIorn-Pe6FGJzWhXQotPv73jTaldXA-- <- es-object-atoms 1.1.1 (1.1.2 is available)
+ nodelite-2-FIh5cdPuoPKvZ0GqSKhzMZGixm05ac3hSgqhMNCBZmXX459qBUI9CvDl-uzSnY9koBDeLVV3HYMthWQQLSXl9A-- <- @tiptap/extension-dropcursor 2.14.0
+ nodelite-2-FIpuNaz5ow8VyrYcnXQTDRGvV6tTjkNtCK-RYNDXGSLlUD6cBuQTSw43CShGxjvfBTfcUA-r6UhUCbtYqkhcuQ-- <- @babel/helper-optimise-call-expression 7.25.9 (8.0.0-beta.0 is available)
+ nodelite-2-Fj4YRQ3Az0WTZw1sFe-QDb0aXCerigEpw418pw1HBUKFtnQHWzwojaukAs2X-c9DQz4MQ4bsXTGlcpGxU-RCIw-- <- @vue/runtime-core 3.5.13 (3.5.27 is available)
+ nodelite-2-FP-p8RB8OWpF3YZBCrP5gtADmtXApB5AMLn-vdyA-PyxCjrCs00mjyUozssO33cwDeT3wNGdLxJ5M--YqtHAJw-- <- mkdirp 0.5.6 (3.0.1 is available)
+ nodelite-2-FQN4MRfuJeHf7cBbBMJFXhKSDq-2kAArBlmRBvcvFE5BB1HZKXtSFASDhdlz9zOYwxh8lDdnvmMOe--5cdoEdg-- <- combined-stream 1.0.8
+ nodelite-2-FS-XFBNvn3GTAWq26joslQgWNoFu08F4kl0J4CgdNKADkdSGXQyTCnKteIAJy96Br6YbpEU1LSzV5dYtjMkMDg-- <- react 19.1.0 (19.2.8 is available)
+ nodelite-2-FT1yDzDYEoYWhnSGnpE-4Kj1fLZkDFyqRb7fNt6FdYOSxlUWAtp42Eh6Wb0rGIv-m9Bgo7x4GhQbm5Ys4SG5ow-- <- lodash.debounce 4.0.8
+ nodelite-2-FTiCpNxtwiZZHEZbcbTIcZjERVICn9yq-pDFkTl95-AxzD1naBctN7YO68riM-gLSDY7sdrMby8hofADYuuqOA-- <- buffer 6.0.3
+ nodelite-2-Fu4hJdvzeylCfQPp9SGWidpzrMs7tTrlu6Vb8XGaRGck8QSNZJJp538Wrb60Lax4fPwR64ViY468OIUTbRlGZg-- <- comma-separated-tokens 2.0.3
+ nodelite-2-FW4X8hzIEn4z-HublB4hBF-FhCVaXfIHm8sUfvlznrcy1MQG7VooBgZPMtVCGZtHi0yl3KESaXTqsKh16d8cFg-- <- @vitest/spy 4.0.7
+ nodelite-2-FX-9frcub54beBdugHjDCdikxThEqjnR93Qt7PvQTOHxyiNCAlvMrHhclk3cD5VeAaq9fxmfRp-CnWw9rEMBuA-- <- d3-hierarchy 3.1.2
+ nodelite-2-FXMe9GfxTxqd5D6jFsQ-DJ8BJS4E-fT5mqqdjovykEB2oFbTMDVdg1MGFxfQW-FBOGoB--k8swBrgwSHT1cUXQ-- <- d3-random 3.0.1
+ nodelite-2-FxqpkPPwu1HjuN93Omfm4h8uIanXofW0RxVEW3k5RKx-mJJYSthzNhp32Kzxxy3YAEZ-Dc-EWN1vZRY0-kOhbw-- <- cli-width 3.0.0 (4.1.0 is available)
+ nodelite-2-FXx2pKgId-WyYo2jXw63kk7--TY7u7AziEJxJAnSFzHlqTAS3Ync6SvgYAN-k4-PQpnnVuzoMuVnByKK2qp0ag-- <- @types/eslint 9.6.1
+ nodelite-2-G-XW7gR-SCx3YgX4FK9wAIn6AIOkC-j8zRPWrS3GQNZ15CE0QkwQl3IyQ7XW9KzWmdRMs6yTmTVnENFa1JLzXg-- <- @lexical/devtools-core 0.36.2
+ nodelite-2-G3IBKz0-0IPfdeGRMbp-4rbjfSSdnGkXsM-pFZA8zM9t9klXDnB-YnKOBQ0GoPmoROa4bCq2NeHgJa5ydsQ4mA-- <- @typescript-eslint/scope-manager 8.21.0
+ nodelite-2-G5akfn7eKbpDN-8nPS-cb57YeA1jLTVxjpCj7tmm3QKPdyDy7T-qSC40e9ptydSWvkwjSXw1VbkpyEm39ukeAg-- <- http-signature 1.4.0
+ nodelite-2-G6T0ZX48xgozx7587koeX9Ys2NYy6Gmv--P89sEte9V9whIapMNF4idKxnW2QtCcLiTWlb-wfCabAtAFWhhBow-- <- minimatch 9.0.5 (9.0.9 is available)
+ nodelite-2-G7Ok5C6E-j4SGfyLCloXTrngQIQU3PWtXGst3yM7Bea9FRURf1S42ZHlZZtsNque2FN2PoUhfZXYLNWwEr4dLQ-- <- string.prototype.trimend 1.0.9
+ nodelite-2-G7ZRb40uUgdKOQqPLjfD12ZmGA54PzqDFUv2BKImnC9QIfGhIHKvVML0oN8IUiDq4iRqpq74ABpvOaerfWdong-- <- @babel/helper-create-regexp-features-plugin 7.26.3 (8.0.1 is available)
+ nodelite-2-G8ura3S-3Z2G-mkgNRq8dqaFZAuxfsxpBB8OCTGRTCtp-l-v9nbFNmCUP1BZMts3G1142MsZfn6eeUKrr4PD1Q-- <- wrap-ansi 9.0.0 (9.0.2 is available)
+ nodelite-2-GaqWWShW4kv-G9IEucWScBx9G1-vsFZZJUO-tD26M8J8z3Kw5RDQjaoZe03YAClgeS-SWPOcb4nkFBTEi5DUEA-- <- mdn-data 2.0.30 (2.27.1 is available)
+ nodelite-2-GCggjexbmSLaFhqsojeugBpeaRIgWNTcgKVq-0qIteFEqY2A-b9QidYadrWlnbWQUrW5fn-mCvf3tr7OeBFTyg-- <- @babel/plugin-transform-dynamic-import 7.25.9 (8.0.1 is available)
+ nodelite-2-Gd2UZBJDkXlY7GbJxfsE8-nvKkUEU1G38c1siN6QP6a9PT9MmHB8GnpscSmMJSoF8LOIrt8ud-wPtojys4G6-g-- <- safe-buffer 5.1.2 (5.2.1 is available)
+ nodelite-2-GDhU9ntwuKyGXdZBUgTIe-vXnWj0fppUEtMDL0-idd5Sta8TGpHssn-eusA9mrPr9qNDym6SxAYZjNvCn-9RBg-- <- extract-zip 2.0.1
+ nodelite-2-GdYO7a61mR0fOlAsvC9-rIHf7L96sBc6dEWzeOu-KAea5bZyQRPIpojrVoI4AXGJS-ycu-fBTdLrUkA4ODrvjw-- <- ansi-escapes 7.0.0 (7.3.0 is available)
+ nodelite-2-GETXfE05J0-7H2STzekpKObFe765O5dlAKUTLNGeH-x47z7JjXHfsHKo5z21D-o-IOZTUEI6nyWyR-bZVP-n5Q-- <- @octokit/request-error 5.1.0 (7.1.0 is available)
+ nodelite-2-GExz9MtyhlZyXYLxzlJRj5WUCE661zhDa1Yna52CN57AJsymh-DvXXjyveSioqSRdxvUrdKdvqB1b5cVKsNpWQ-- <- is-async-function 2.1.0 (2.1.1 is available)
+ nodelite-2-Gf9qqc58SpCA-xdziiHz35F4GNIWYWZrEshUc-G-r5BnLph6xpKuLeoJoQuj5WfBIx-eQLf-hmVPYHaxJu7V2g-- <- schema-utils 4.3.0 (4.3.3 is available)
+ nodelite-2-GiaH0KJUewYok-eeY05IIgjtAe4Yltygk9Wqp1V5yVWLdhf0hYZchRjNIT9bb0mSwRcIusT3cx7PJUf3zEIfUA-- <- err-code 3.0.1
+ nodelite-2-GK3g5RPZWTRSeLSpgP8Xhra-pnjBC56q9FZYe1d5RN3TJ35dbkGy3YqBSMbyCrlbi-CM9Z3Jk5yTL7RCsqboyQ-- <- lodash.mergewith 4.6.2
+ nodelite-2-GNzQvQTOIP6RyTfE2Qxb8ZVlNmw0n88vp1szwWRimP02mnTsx3Wtn5qRdqY9w2XduFNUgvOwhNnQsjwCp-kqaQ-- <- tapable 2.2.1 (2.3.3 is available)
+ nodelite-2-GpVkmM8vF2vQUkj2LvZmD35JxeJOLCwJ9cUkugyk2nuhbv3-mJvpLYYt-0-USMxE-oj-ey-lJEnhZw75x-OMcQ-- <- commander 2.20.3 (9.5.0 is available)
+ nodelite-2-GQ2EWRpQV8-o-Aw8YqtfZZPfNRWZYkbidE9k5rpl-hC3vtHHBfGm2Ifi6qWV-coDGkrUKZAxE3Lot5kcsRlh-g-- <- parent-module 1.0.1 (2.0.0 is available)
+ nodelite-2-GrwoxYN-uWlzO8uhUXRl0P-kHE4GtVPfYzVLcUxPL7KNdHKj66vvlhiweIHqYYXWlw-T8iLMp42Lm67ghw4WMQ-- <- domhandler 4.3.1 (5.0.3 is available)
+ nodelite-2-GWkBvjiSZK87ELrYOSESUYeVIc9mvLLf-nXalMOS5dYrgZq9o5OVkbZAVM06CVxYsCwH9BDZFPlQTlPA1j4ahA-- <- eventemitter3 5.0.1 (5.0.4 is available)
+ nodelite-2-GX-ysw4PBCz0PzosHDepZGANEuFCMLrnRTiEy9McGjmkCQYwRq4A-X786G-fjM--OjsWSU1ZrY5qyARZmO-uwg-- <- flatted 3.3.3 (3.4.4 is available)
+ nodelite-2-Gyc7cOS3VJzLlfj7wKS0ZnzDVdv3Pn2IuVeJPk9m2skfhcu5bq3wtIZyQGggr7-Iim5rH5cncyQft-kRLupcnA-- <- svelte-hmr 0.16.0
+ nodelite-2-GZW464g1SH7ag3Y7hXjf8RoUuAFIqklOAq3MRl4OaWabTFJY9PN-E1YklhXLh-OQ3fM9yS2nOkCoS-WLZ6kvxQ-- <- d3-scale 4.0.2
+ nodelite-2-H66BPQMrv-V16t8xtmq-UC0CBpiTBA60V8ibS1QVReIp8T1z8hwFxqcGzm9K6lgsN7sB5edVH8a-ze6Fqm4weA-- <- regexpu-core 6.2.0 (6.4.0 is available)
+ nodelite-2-H7MImA4MS6cw7nbyURtLPO1Tms7C5H602LRETv95z1MxO-7CP7rDVROehUYeYBUYEON94NXXDEPmZuq-hX4sog-- <- htmlparser2 7.2.0 (9.1.0 is available)
+ nodelite-2-H84Fxq0CQJNdPFT2DrfnylZ3cf5K43rGfWK4LJGPpjKHiZlk0-RzwEus3PDDZZg--Er7lCA03MVacueUuXdzfw-- <- @babel/preset-env 7.26.0 (8.0.2 is available)
+ nodelite-2-H9LjLbF6mMHLtJIc-eHR9Na-MifJ3VxtgP-Y-XLn4BF7tDTEN1HNYtH6QMcjP1uxp9sjaFYmW8xqloaCi-ckTg-- <- @changesets/should-skip-package 0.1.1 (0.1.2 is available)
+ nodelite-2-HaL-gEyFVvkf9KFg6484wR9s0qjAXlZ8qWPDkTyKF6-zqjBe-I2mygg3MbpZ--hdi0ToqNUF8cjj7fBy0dg8Ug-- <- @changesets/pre 2.0.2
+ nodelite-2-HDuk-PuH5monfNuY-ct49mNmkCRK4xJAV9Ts4z9UFc4rzdDnxQLyCMGGc8pKhZhHTVzfanpNwB-lwqevcBwI4w-- <- vue-router 4.5.0 (4.6.3 is available)
+ nodelite-2-HGyxoOTYUyCM6stUe6EJgnd4EoewAI7zMdfqO-kGjnlZmBDz-cR5pf8r-cR4Wq60sL-p0IkcjUEEPwS3GFrIyw-- <- array-union 2.1.0 (3.0.1 is available)
+ nodelite-2-HIeJZCj-KYJde2x6fONzo4o6kd7gW7eonwhQsv2p2VQnUgwNXMVhN-D6Z3AH-2i541Sq33y1PO4U-1ThCPjqbA-- <- @tiptap/y-tiptap 3.0.0 (3.0.2 is available)
+ nodelite-2-HK7Bi-Hj6H-VTHA3ZvBis7V-6hu9QuTrnMXNybfUf2iiuU-N97I8VjB-KbhFF8Rld-Lx5MzoCwPCpPjfK-n8Cg-- <- @babel/helper-define-polyfill-provider 0.6.3 (1.0.0 is available)
+ nodelite-2-HMwFiRujE5PjrgwHQ25-bsLJgowjGjm5Z8FVSf0N6PwgJrwxH0QxzHYDcKsTfV3wva0vzrpqMTJS2jXPr5BMEQ-- <- @types/katex 0.16.7 (0.16.8 is available)
+ nodelite-2-HnBegGqXZR12xbcTHlJ9HGxw1OniltT26J5YpfruGqtUHlz-xKf-G2ak9e-t0rVqrjXa9WOhvYPz1ERfMj23AA-- <- @babel/plugin-transform-computed-properties 7.25.9 (8.0.1 is available)
+ nodelite-2-HnLOCR3vjcY8beoNLtcjZ5-nxn2afmME6lhrDrebokqMap-XbeW8n9TXpPDOqdGK5qcI3oT0GKTW6wC7EMiVqA-- <- string-width 5.1.2 (8.1.0 is available)
+ nodelite-2-HNrg9CM-Z4ZWB6RuExhuC6FPmLipiShKVMnT9JlQvfhwR47JatWLChA6mtZqVHqypE6p-z6ofcjbyWpM7YLxPQ-- <- @vitest/utils 4.0.7
+ nodelite-2-Hpi8k9x77rCQ7F-7zxIOUruNkNidMyBnP5qAGbLFqg4kRrg1HZhkB8btib5EXbQWTtLb5gBHOdBwshk20njD7Q-- <- @shikijs/engine-javascript 1.29.1 (3.22.0 is available)
+ nodelite-2-HpX65o1Hnr9HH25ojC1YGs7HCQLq0GCOibSaWER0eNpgJ-Z1MZv2mTc7-xh6WOPxbRVcmgbv4hGU-uSQ-2xFZQ-- <- call-me-maybe 1.0.2
+ nodelite-2-HQbt28KulC5AJzG-cZtj9kvKB93CFCdLvog1WFLf1D-xmMvPGlBstkpTEZfK5-AN9hfJocyBFCNiqyS48bpgzQ-- <- postcss-nested 6.2.0 (7.0.2 is available)
+ nodelite-2-HrcgcIESLm9aIR842yhJ5RWan-gebQUJ6E-E5-rf0y9o6oj7w0Br-sWuL6kEQ-o-AdfvR1Je9jG18-gnpwjEyA-- <- @babel/preset-modules 0.1.6-no-external-plugins (0.2.0 is available)
+ nodelite-2-Hrp5vIK-xr5SkeN2onO32H0MgNZ0f17HRNH39WfL0SYUNOTZ5Lz1TJ8Pajo-87dYGEFlLMm7mIc-k-s6Bvz9HQ-- <- hasha 5.2.2
+ nodelite-2-HutrvTNsF48wnxkzERIXOe5-mlcfFcbfCmwcg6CJnizbSue78AbDt-1cgl26zwn61WFxhcPykPfZrbqjGmBb4A-- <- ci-info 4.1.0 (4.3.1 is available)
+ nodelite-2-HxJdYWq1MTIQbJ3nw0cqssHoTNU267KlrDuGZ1WYlxDStUtKUhOaJmh112-TZmHxxUfuJqPXSOm7tDyas0OSIQ-- <- which 1.3.1 (6.0.0 is available)
+ nodelite-2-HyNQImnsOC7X9PMNaCIeAm4ISCQXs5a5YasTXVliKv4uuBo1dKrG0A-uQS8M5eXjVMnLg3WgXaKvprHlFJQffw-- <- esbuild 0.27.2 (0.28.2 is available)
+ nodelite-2-I-DQ8xgafao9Ha6y0qjHHvpZ9OfyA1qKlkHkjywxzniORU2awxyz7f-iVJcULmrF2yrM3nHQf-iDjJtbbexd-g-- <- electron-to-chromium 1.5.84 (1.5.90 is available)
+ nodelite-2-I-zHAwsKf9FqGoXM4WWRACob9-SNukZTd94DWF57E4toouRulbCxcUh6RKUEOQlYTHJnzkPMySvPNaaSLNfLZw-- <- cli-cursor 3.1.0 (5.0.0 is available)
+ nodelite-2-I6fiaX09Xivtk-THaMfAwnA3MVA5Big1WHF1Dfx9hFuvNIWpXnorlkzhcQf6ehrqQiiZECRt1poOAkPmer3ruw-- <- import-meta-resolve 4.1.0 (4.2.0 is available)
+ nodelite-2-I88TYZWc9XiYHRQ4-3c5rjjfgkjhLyW2luGIheGERbNQ6OY7yTybanSpDXZa8y7VUP9YmDcYa-eyq4ca7iLqWA-- <- eastasianwidth 0.2.0
+ nodelite-2-IbbqgRdMAD6Uk9b2-qSVoy-8RVcczrz6OgXvg39-EYD-XEC7Rbw7kDTWzuNSJJpP7vxSO8YDZSaIlP5gNH3qKA-- <- @lexical/text 0.36.2
+ nodelite-2-ICP2e-jsHvAj2E2lIHxa5tjXRlKDJo4IdvPvCXbXQGdzSfmSpNVyIKMvoZHjDY9DP0zV17iI85o90vRFXNccRw-- <- xml-name-validator 4.0.0 (5.0.0 is available)
+ nodelite-2-ICsMM1Wk8xSGMowkOmPrzo2Fgmfo4bMHLNX6ytHjajRJUqvHOw-TFapQ-QG75c3X-tTDDhOSRPGC52dDbNM8FQ-- <- git-raw-commits 4.0.0
+ nodelite-2-Ie9z-WINcxxLp27BKOCHGde4ITq9UklYKDzVo1nhk5sqGEXU3FpkwP5GM2voTGJkGd9B3Otl-Q4uwSOeSUtOBA-- <- pkg-dir 7.0.0 (8.0.0 is available)
+ nodelite-2-IfEDxwoWIjkeXL1eXcDiow4UbKjhLdq6-EuSVR9GMN7KVH3r9gQ83e73hsz1Nd1T3ijd5xv1wcWRYO-D6kCI2w-- <- colorette 2.0.20
+ nodelite-2-IgvBWLNKZd6k4t72MBTBK3nkygi0j3t3zdC1zrfusYo0KpdsvnDjrMM9vPnTCLCMlfNs55jRL4gIMybxa64FCQ-- <- @changesets/assemble-release-plan 6.0.5 (6.0.9 is available)
+ nodelite-2-IH5tgjV4jE-GhHkRV0HiVYPDtvfjHQlQfJHs0usq7M30XcSBvOotpmH1IgkcXsO-5gEQZD43B--fc7SRT5S-xw-- <- d3-axis 3.0.0
+ nodelite-2-IP1YLmGAk0yWrImPRRc578I3dDUI5A2UBJx9FbSOjxe9sTlzFiwVJ-zeMLgAtHMtGZsC8LUnzmW1qRemkFU4ng-- <- @commitlint/top-level 19.5.0 (20.4.0 is available)
+ nodelite-2-ISWac8drv4ZGfwKl5slpHG9OwPNty4jOWPRIhBpxOoD-hqITiwuipOQ2bNthAzwA3B4fIjO4Nln74N0S9byq8A-- <- is-shared-array-buffer 1.0.4
+ nodelite-2-IvIUeV5KrS-VPavfSM-Iu-RE6llrHrYIKY1yfCzyO-lMXHQ-p7uGhonmGVisv6tSBSVgWzMBohTcvkC9vQcQFA-- <- @babel/plugin-transform-property-literals 7.25.9 (8.0.1 is available)
+ nodelite-2-IwfBptatlO-QCJUo19AqvrPNqlVMpW9YEL2LIVY-Rpv2qsjCGxaDLNRgeGsQWJhfItebuJhsGSLjaBbNSQ-ieg-- <- stringify-entities 4.0.4
+ nodelite-2-IXgzBWvWQwE6PrDI05OvmXUIruQTcoMDzRsOd5CDvHCVLcLHMTSYvOK5Cm46kWqlV3yAbuSpBZdJ5oP5OUoStg-- <- robust-predicates 3.0.2
+ nodelite-2-IXO6OCs9yg8tMKzfPZ1YmheJbZCiEsnBdcB03l0OcfK9prKnJb96siuHCr5Fl37-yo9DnKU-TLpxzTUspw9shg-- <- load-tsconfig 0.2.5
+ nodelite-2-IXuyn5EkouFJscIDuFF5EsiSolseme1s0CZB-QxVugqJLYmKdxI1VfIBOst0SUu4rnk2Z7kqTwmoO1lp3HIfnA-- <- @babel/helper-compilation-targets 7.26.5 (8.0.0-beta.0 is available)
+ nodelite-2-IY1rnGr6izd10B0A8LqsBfmlT5OILVuZ7XsI0vdGPEvuonFV7NYEUK4dAkm9Zg2q0Um92kYjTpS1CAP3Nh-KWw-- <- svelte 4.2.19 (5.48.1 is available)
+ nodelite-2-Izi8RQcffqCeNVgFigKli1ssklIbpHnCYc6AknXGYoB6grJqyeby7jv12JUQgmTAnIDnbck1uxksT4dzN3PWBA-- <- assertion-error 2.0.1
+ nodelite-2-IZtukuUeBbhgOcaW2s06OXTzVNJR0ybm4W5xC1opWFFJMZbwRj5LCk-ByYH7WdZPZTt8KnFwA8pvjN2yqcPlgw-- <- @babel/helper-remap-async-to-generator 7.25.9 (8.0.1 is available)
+ nodelite-2-J3yBRXCzDu4ULnQwxyToo-OjdMx6akgVC7K6few0a7F-0wLtmKKN7I73AH5T2836UuXRqN7Qg-IIUw--YJksRw-- <- es-shim-unscopables 1.0.2 (1.1.0 is available)
+ nodelite-2-J7p63hRiAjw1NDEww1W7i37-ByIrOWO5XQQAzZ3VOcL0PNybwpfmV-N05zFAzwQ9USyEcX6t3UO-K5aqBQOIHw-- <- minimatch 3.1.2 (9.0.9 is available)
+ nodelite-2-J8xLz7q2OFulZ2cyGTLE1TbbZcjpno7FaN6zdJNrgAdrJ-DZzh-uFR6YrTb4C-nXakvud8Q4-rbhoIWlYQbUFQ-- <- @types/node 12.20.55 (26.4.1 is available)
+ nodelite-2-JeG0rEWak0N6Itr6QUx-X60uQmN-5t3j9r-OVDtWzFXKaj6kD1BwJzOksD0FF6iWxZlbE1kB0q9vtnU2ekqa1Q-- <- @types/react 19.1.6 (19.2.9 is available)
+ nodelite-2-JhFGDVJ7tmDJItKhYgJCGLOWjuK9vPxiXoUFLwLDc99NlmklilbiQJwoctZtt13-xMw91MCk-REan6MWHqDjyA-- <- expect-type 1.2.2 (1.3.0 is available)
+ nodelite-2-JLBl-KZ0R5qB7mCnud-yyX08jWFw5MsoalJ1pQ4EdFlgj9VdXKGuENGsiCIjegI1W7p91rUlcB-LB5yRJKNTcQ-- <- @webassemblyjs/wasm-parser 1.14.1
+ nodelite-2-JlCMO-ehdEIKqlFxk6IfVoAUVmgz7cU7zD-h9XZ0qzeosSHmUJVOzSQvvYSYWXkFXC-IfLKSIffhv0sVZup6pA-- <- undici-types 5.26.5 (8.3.0 is available)
+ nodelite-2-JmXMZ6wuvDmLiHEml9ykzqO6lwFbof0GG4IkcGaENdCRDDmMVnny7s5HsIgHCbaq0w2MyPhDqkhTUgS2LU2PHA-- <- imurmurhash 0.1.4
+ nodelite-2-JNAzZcXrCt42VGLuYz0zfAzDfAvJWW6AfYlDBQyDV5DClI2m5sAmK-OIO7s59XfsRsWHp02jAJrRadPRGTt6SQ-- <- lru-cache 10.4.3
+ nodelite-2-JpaIaE0lgNUrAR7iaCaIoETcCKG9EvZjM3G71VxiexTs7PltmEMq36LUlO2goafWurP7knG2rUpVnTcuSbYYeA-- <- @lexical/list 0.36.2
+ nodelite-2-JQHZ2QMW6l3aH-j6xCqQThY-9OH4D-9ls34cgkUBiEeocRTU04tHfKPBsUK1PqZCUQM7GiA0IIXJSuXHI64Kbg-- <- clone 1.0.4 (2.1.2 is available)
+ nodelite-2-JsPKdmh8ZkmnHxDk55FZ1TqVLvEQTvoByJZRN9jzI0UjxK-QgAmsphz7PGtqgPieQZ-CQcHWXCR7ATDNhGe-YA-- <- confusing-browser-globals 1.0.11
+ nodelite-2-Jt2d8Ga-QwRluxRQ307Vlxa6dMrYEMZCgGxoPR8V52rxPyldHu3hdlHspxaqYmE7oID5-kB-UKUB-eWS-DkkWg-- <- @babel/plugin-transform-unicode-property-regex 7.25.9 (8.0.1 is available)
+ nodelite-2-JU3teHTNjmE2VCGFzuY8EXzCDVwEqB2a8fsIvwaStHhAWJEeVd1o1QD80CU6-ZdEXXSLbSsuLwJjkCBWqRQUVA-- <- picomatch 2.3.1 (4.0.7 is available)
+ nodelite-2-JV-yugV2uzW5iMRSiZAyDtQd-nxtUnjeLt0acNdw98kKLrvuRVyB80tsREOE7yvGVgalhZ6RNXCmEHkUKBKxew-- <- ini 1.3.8 (6.0.0 is available)
+ nodelite-2-JYgintcMjRiCvS8mMECzaEn-m3PfoQiyqukOMCCVQtoJGYJw8j-8LBJEiqkHLkfwCcs74E3pbAUFNg7d9VNJ-Q-- <- @babel/code-frame 7.28.6 (8.0.0-beta.0 is available)
+ nodelite-2-JZkJMZkAGFFPP2YqXZXPbMlMBgsxzE8ILs4lMIX-2o0L9UBw9O-Y3o6wFw-i9YLapcUJWwqbi3kdxIPdC62TIA-- <- rimraf 3.0.2 (6.1.2 is available)
+ nodelite-2-JZOSA7Mo9sNGB8-UjSgzdLtokWAky1zbztM3WRLCbZ70-3cTANmQmOdR7y2g-J0e2WXywy1yS468tY-IruqEww-- <- boolbase 1.0.0
+ nodelite-2-K4Du3BFa3gvyhzgPcntrkDgZzQaq6uozzcpGbOO1OEJaI-EJdqWIMTLgFgQf6lrfiDFo5FU-BxKepI9RmZqahA-- <- @babel/helper-skip-transparent-expression-wrappers 7.25.9 (8.0.0-beta.0 is available)
+ nodelite-2-K4jVyjnBdgvc86Y6BkaLZEN933SwYOuBFkdmBu9ZfkcAbdVbpITnDmjvZ-aQjRXQrv5EPkTnD1s39GiiqbngCw-- <- which-collection 1.0.2
+ nodelite-2-K5pXYOm9wqY1RgjpL3YTkF39tni1XajUIkawTLUo9EZEVUFga5gSQJF8nNS7ZwJQ02y-1YCNYcMh-HIf1ZqE-w-- <- is-weakmap 2.0.2
+ nodelite-2-KalJr7dCgUgyVFxoG3CQYbpS0O2qybegD0vI4bYnYHI0MOwoVbucED3RZ5f2o1a5HZb1qEssUKS0H-Upc6p1lA-- <- y-webrtc 10.3.0
+ nodelite-2-KDi1Ny1gSePi1vm0q4oxSF8b4DR44GF4BbmS2YdhPLOEqd8pDviZOGH-GsmRwoWJ2-5Lr085X7naowMwKHDG1A-- <- browserslist 4.24.4 (4.28.8 is available)
+ nodelite-2-KigOCHcocU3XODJxsu8i-j8T9tzT4adHiecwORRQ0ZZFcp7ahwXuRU1m-yuO90C5ZUyGeGfocHDI14M3L3yDAQ-- <- requires-port 1.0.0
+ nodelite-2-KIL7eQPfHQRC8-XluaIw7BHUwwqL19bQn4hzNgdr-1wXoU0KKj6rufu47lhY7KbJR2C6T6-PfyN0Ea7wkSS-qQ-- <- has-proto 1.2.0
+ nodelite-2-KIN-nDJBQRcXw0MLVhZE9iQHmG68qAVIBg9CqmUYjmQIhgij9U5MFvrqkUL5FbtyyzZuOeOt0zdeRe4UY7ct-A-- <- dunder-proto 1.0.1
+ nodelite-2-Kj-Gh-Rw2RNLbCK1VAWj2U48yxxqL2x0k10nPtSdRa0O2xnHXalD0s-o1A6a0W43gJ00ANo38jxkQreckOzv5A-- <- @babel/plugin-transform-object-super 7.25.9 (8.0.1 is available)
+ nodelite-2-KJfMlYIUxQB1CJfO3e0-h0ZHWOTLCPP115Awhaz8U0Zpq36Gl-cXlpoyMRnUWlhNUBAzldnCiAZNvCDj7CrKxQ-- <- @babel/plugin-transform-react-display-name 7.25.9 (7.29.7 is available)
+ nodelite-2-KK8xQ1mkzZeg9inewmFVDNkg3l5LUhoq9kN6iWYB-CC9YMG8HA-c1Q8HwDe6dEX7kErrEVNVBO3fWsVq5iDgtw-- <- untildify 4.0.0
+ nodelite-2-KmfKL3b6G-RXvP8N1vr3Tq1kL-oCFgn2NYXEtqP8-L3pKapUA4G8cFVaoF3SU323CD4XypR-ffioHmkti6-Tag-- <- esrecurse 4.3.0
+ nodelite-2-KMReFUr0B4t-D-OBkjR3KYqvocp2XaSzO55UcB6mgQMd3KbcE-mWTyvVV7D-zsdEbNnV6acZUutkiHQXvTr1Rw-- <- anymatch 3.1.3
+ nodelite-2-KoK9ErH1MBlCPxV0VANkXW2-dw4vlbGDrFgz8bmUsBGYkFRcbRwMh6cIJubdPrkxRwuGdtCk0v-wPTKbQgBjkg-- <- @babel/plugin-syntax-optional-chaining 7.8.3
+ nodelite-2-KpNARQA3Iwv-jTA0utUVVbrh-Jlrr1Fv0e56GGzAFOXN7dk-FviaDW8LHmK52DlcH4WP2n6gI8vN1aesBFgo9w-- <- lru-cache 5.1.1 (8.0.5 is available)
+ nodelite-2-KQ-Takk3T8Qzj5TppkS1be588lkbTp5uj7w6a0LeQaTMSckU-wK0oJ-pih-T690tkgI5jfmg2TqDJvd41Sj1Cg-- <- @babel/plugin-transform-react-pure-annotations 7.25.9 (7.29.7 is available)
+ nodelite-2-KQQR9yN7R5-OSwaK0XQoj22pwHoTlgYqmUscPYoknOoWCWfj-5-ABTMRi69FrKU5ffPVh5QcFikpWJI-P1ocHA-- <- tinyexec 0.3.2 (1.0.2 is available)
+ nodelite-2-KrGhL9Q4zjj0kiUt5OO4Mr-A-jlI2jDYs5eHBpYHPcBEVSiipAvn2Ko2HnPe20rmcuuvMHNdZFp-4IlGTMF0Ow-- <- form-data 4.0.4 (4.0.6 is available)
+ nodelite-2-Ks6Bdilz3TtkLZtTQyqYaqtL-WT3X3APKaSLhTV96TmTyudzSjc6EJsJCHmBb7DxO-3R12q3Jkbjgm-iPgmwfg-- <- cypress 15.9.0
+ nodelite-2-Kv0pYZeMrdg48bHFEU5KKcccRfKmISSm9MvgIgkpI6m-ohFTB55qZlBW6eYqh-XDfRuIO0x4zSmvBjmOwWTwkg-- <- @commitlint/ensure 19.5.0 (20.4.1 is available)
+ nodelite-2-Kvp459HrV2FEJ1CAsi1Ku-MY3kasH19TFykTz2xWmMeq6bk2NU3XXvfJ-Q61m0xktWwt-1HSYf3JZsTms3aRJg-- <- convert-source-map 2.0.0
+ nodelite-2-KWhJ9k5nXuNtygPU7-t1rX6baZeqOYLEforUPjgNDBnLicfHCoi48H87Q8XyLZOrNNsmhuwKqtpDQWjEFe6Ekg-- <- @vue/compiler-sfc 2.7.16 (3.5.27 is available)
+ nodelite-2-KXXFFdAbFXY4geFIwoyNK-f5Z1b7swfXABfL7HXCmoIWMKU3dmS26672A4EeQtDzLKy7SXmfBu51JolvEKwtGA-- <- tweetnacl 0.14.5 (1.0.3 is available)
+ nodelite-2-KzIbH-9tXat2u30jf-smMwFCsno4wHVdNmzFyL-T-L3UGqqk6JKfVqOFOZEpZSHADH1k40ab6NUIXZq422ov3Q-- <- vfile 6.0.3
+ nodelite-2-L-PqWzfTP9lzzEa6CKs0k2nARxTdZduw3zyh8d2NVBnsyvHjSX4TWse388YrrQKbvI8w20fGjGlhgT96WwKykw-- <- unist-util-visit-parents 6.0.1 (6.0.2 is available)
+ nodelite-2-L0Orpi8qGpRG--Nd-H90vFB-3iHnue1zSSGmNOOCh1GLJ7rUKVwV2HvijphGQS2UmhUZewS9VgvxYIdgr-fG1A-- <- tree-kill 1.2.2
+ nodelite-2-L18DaJsXSUk2-42pv8mLs5jJT2hqFkFE4j21wOmgbUqsZ2hL72NsUU785g9RXgo3s0ZNgVl42TiHp3ZtOv-Vyg-- <- emoji-regex 9.2.2
+ nodelite-2-L6mZmwFDK6Cjh1nRCLXpa6no13ZIioJDz7mdkzHv399pThrTa-k0nUlNaenOeh2kWu-iaOQYElEpKPUswUa9Vg-- <- @babel/types 7.26.5 (8.0.4 is available)
+ nodelite-2-LaNjtRWUBY--zB5nE-NwcaoMylSPk-S-ZHNB1TzdbMJMny6dynpAGt7X-tl-QYq3TIeE6nxHppbo2LGymrG5Pw-- <- p-locate 5.0.0 (6.0.0 is available)
+ nodelite-2-Ld2g8rrAyMYFXBhEqMz8ZAHBi4J4uS1i-CxGMDnjyFWddMXLVcDp051DZfu-t7-ab7Wv6SMqpWmyFIj5UbfFvg-- <- foreground-child 3.3.0 (3.3.1 is available)
+ nodelite-2-Lde1oNoIdzVzdkNEAWZ1dZ5orIbff80YPdHx20mrHwHrVNNTjNr8E3xz9BdpcGqRQbAEa-fkrCb-fRFTl-6sQw-- <- @webassemblyjs/leb128 1.13.2
+ nodelite-2-LDJzPVEEEPR-y48z93A0Ed0yXb8pAByGWo-k5YYdYgpY2-2EsOsksJrq7lOHxryrVOn1ejG6oAp8ahvOIQD8sw-- <- path-parse 1.0.7
+ nodelite-2-LDQvVDv5Kb50ny2s25Fhm3d9QSZimsoUGBsUioj6MC3qbMUCuC8GPIvk-M6IvXx3lYhAs0lwWUQLb-VIEUCECw-- <- @changesets/types 4.1.0 (6.1.0 is available)
+ nodelite-2-Lf-9-2r-Tdp5wXDXC4PcIBjTDtq4UKjCPMQhKIuzpJNW0b96kVqSwW0bT7FhRSfmAiFYgP-SCRvdrDozfh0U5w-- <- mdurl 2.0.0 (2.1.0 is available)
+ nodelite-2-LHE-8BuR7RYGDKvnrmcuSq3tDcKv9OFEXQt-HpbZhY7V6h0zlUXutnAD82GiFx9rdieCMjkvtcsPqBwgUl1Iiw-- <- array-buffer-byte-length 1.0.2
+ nodelite-2-LiWSbl4CRSIa5x-JAU6jZiG9eit9w6mz-yVMFwDE83LAWvt0AfGBoZ7HS-mkhrKuh2ZlzfVZYKoLjXdqw6Yt7Q-- <- babel-plugin-polyfill-regenerator 0.6.3 (0.6.8 is available)
+ nodelite-2-LnQR4bZ9IADDRSkvpqMGvt-tEJWclzklNgSw48V5EAaAeDd6qGvN8ei6k5p0tvxSR171VmGyHuTiAOfxAbr8kA-- <- is-stream 3.0.0 (4.0.1 is available)
+ nodelite-2-LqHxduHoaGELJl2uhImHwRQudhCM50pT46rIBNvtT-Oql3nqiS3wOwP-5ten7NpYSXrrVLgtZU3DZmPtWZo16A-- <- @babel/plugin-transform-for-of 7.25.9 (8.0.1 is available)
+ nodelite-2-LRlerrMYoIDrT6jgpeZ2YYl-L8EulRTt5hQcYjy5AInh7HWXKimpqx68aknBFpGL2--IcogTcaydJEgaTmOpDg-- <- emoji-regex-xs 1.0.0 (2.0.1 is available)
+ nodelite-2-LRo7zDkXtcIrpco9RnfhOKeg8PAnE3oDDoalnrVU-EVaKHYBWYL1DlRR7-3AWn0JiBqD8yKOfetVxJGdEtZ0tg-- <- @commitlint/lint 19.6.0 (20.4.1 is available)
+ nodelite-2-LRYYZeh8U2XgfTsJ4houB9s9cVRt7PRfVa4MaCeOYKfowVOKQh67yV5oom8Azk9XrMPkPxDmMmdPAEPxeVYFvw-- <- @tiptap/extension-code-block 2.14.0
+ nodelite-2-LZxhJ6dvBb-f3x8xwWIuyiAHy56nrRG3PeYTpBkkzkYRRQ6tJLu68lEF5VIqMUZiAV7a8-Tb78nEoMCMcqjXBw-- <- @babel/plugin-transform-duplicate-keys 7.25.9 (8.0.1 is available)
+ nodelite-2-M1uQkMl8rQK-szD0LNhtqxIPLpimGm8sOBwU7lLnCpSbTyY3yeU1Vc7l4KT5zT4s-yOxHH5O7tIuuLOCnLADRw-- <- csstype 3.1.3 (3.2.3 is available)
+ nodelite-2-M30WJdJZLyXHi3N8vxN6Zh5O8ZBbQCz0gURTfPmTIBNQ5pxrdU7A58QkNqfa98YEjSAL1HUyyU34f6Pm5xBSGw-- <- prosemirror-dropcursor 1.8.1
+ nodelite-2-M7BAV6Rlcy5u-m6oPhAPFgJTzAioX-6B0DxyvDlo9l8-T3nLKbrczg2WLUyzd45L8RqfUMyGPzekbMvX2Ldkwg-- <- picomatch 4.0.2 (4.0.7 is available)
+ nodelite-2-M9RxRITi2mHMVPU5zysNjctUT8bAPx6ltEXo-ir9-qmiM47Y7f0Ir3-OxUO5OjYAWdicBQRew7RtHtqUXydqlg-- <- query-registry 3.0.1
+ nodelite-2-MBSMzGYRFlwYCocvx3dU7zpCBSDQ0qWByNtStaEzuBUgzCJ6wn2DP-xG0cMcLmE3Ia0VLM4nwbLOAAvBXOtylA-- <- @tiptap/core 2.14.0
+ nodelite-2-MCgtFB2-SVNuQmmjHf-wfI4CMxy3Tk8XjA5Z--A0AKD7QXUYFMQcns91K6dEHBvZPCnhJSyDWLApk40Iq-H3tA-- <- @rollup/rollup-linux-x64-gnu 4.50.1
+ nodelite-2-McnNiV1l8RYeY8tBgEpuodCC1mLUdbSN-CYBL7kJsJNInOP8UjDDEwdk6Mw60vdLLrr5NHKZhMAOSrR2NZuQ-w-- <- tunnel-agent 0.6.0
+ nodelite-2-MDWhGtE-eHw5JW7lq4qhc5yRLS11ERl1c7Z6Xd0a58DozHES6EnNNwUWbMiG4J9Cgj053Bhk8zvlhFYKVhULwg-- <- @floating-ui/utils 0.2.9
+ nodelite-2-MghbMJ61EJrRsDe7w1Bvqt3ZsBuqhce5nrn-XAwgwOXhcsz53-ltdxOse1h-8eKXj5slzxdsz56g5rzOFSGwfQ-- <- get-browser-rtc 1.1.0
+ nodelite-2-MgR55l4q9KddUDITEzEFYn5ZsGDXMSsU9E-kh7fjRXTIC3RHqfCo8RPRbyReYJh44HQ-yomFkqbOFohXvDCiIQ-- <- @babel/plugin-transform-modules-commonjs 7.26.3 (8.0.1 is available)
+ nodelite-2-MjYsKHO5O7mCsmRGxWcLWheFqN9DJ-2TmngvjKXihe6efViPqc274-Fx-4fYj-r03-ESvBdTXK0V6tA3rgez1g-- <- is-regex 1.2.1
+ nodelite-2-MMdARuVEQziNTeJD8DgMqmhwR11BRQ-cBP-pLtYdSTnf3MIO8fFeiINEbX36ZdNlfU-7A9f3gUw49B3oQsvwBA-- <- estraverse 5.3.0
+ nodelite-2-MmnduQUuHCoFckZoWnXsTg7JaiLBJrKFj9UI2MbRPGaJeVpsLcVBu6P-IGZovziM-YBsellCmsprgNA-w0CzVg-- <- spawndamnit 3.0.1
+ nodelite-2-MnWzEHHaxHO2iWiQuHrUPBi-1WeBf5PkxQqNyNvLl9VAYSdXkP8tQ3pBSeCPD-yw0v0Aq1zosWLz0BdeXpWwZg-- <- request-progress 3.0.0
+ nodelite-2-Mo1gGGkuOYjDu5H8YwzmOuly9vNr8KDVkqj9xiKhhhFS8jisAtDSEWB9hzqRHLVQgFdA310e8XRJcW4tYhRB2A-- <- @shikijs/core 1.29.1 (3.22.0 is available)
+ nodelite-2-MpUEN2OodtUzxvKQl72cUF7RQ5EiHsGvSsVG0ia9c5RbWGL2CI4C7EpPS8UTBIplnlzZiNuV56w-FuNxy3ty2Q-- <- supports-color 8.1.1 (9.4.0 is available)
+ nodelite-2-MR04uvD-07cwl-yhVuVWAtw-3GOR-knlL55Nd-wAdblk27GCVt3lqpTivy-tkJcZoNPzTwS1Y-KMojlLDhoTzg-- <- unist-util-visit 5.0.0 (5.1.0 is available)
+ nodelite-2-MrGRLZxLD-Zjj0gdU15dfs-HH-OXvnw-U4jJD8vpcP2CJQapPEv1IWwjc-qMg7ItBlPwSv1hRBbb7LeuANdcnw-- <- @babel/plugin-bugfix-safari-class-field-initializer-scope 7.25.9 (8.0.1 is available)
+ nodelite-2-MSjYzcWNOA0ewAHpz0MxpYFvwg6yjy1NG3xteoqz644VCo-RPgnr1-GGt-ic3iJTzQ8Eu3TdM14SawnVUmGE6A-- <- emoji-regex 8.0.0 (9.2.2 is available)
+ nodelite-2-Mti-f9lpJNcwF4tWV8-OrTTtF1gZi-f8FqlyAdouralcFWFQWF2-NgCHShjkCb-IFBLq9buZwE1xckQU4peSuQ-- <- chalk 2.4.2 (5.6.2 is available)
+ nodelite-2-MUv6t0FhO5qHnS-W8XCbHmiRWOphNufpE1IVxhK5kuN3Td9FT1x4rx4K42s3RYdMXCXpfWkGSbCSd0Z64xA7Ng-- <- @babel/plugin-transform-shorthand-properties 7.25.9 (8.0.1 is available)
+ nodelite-2-Mw558oeA9fFbv65-y4mHtXDs9bPnFMZAL-jxdPFUpOHHIXX91mcgEHbS5Lahr-pwZFR8A7GQleRWeI6cGFC2UA-- <- @types/chai 5.2.3
+ nodelite-2-MWkCOVIcJP9QSKU52Ngow6bsAWAPlPK2MludXvcrS2bGZSl-T1qX9MZvRIkqUIkGLJquMJHWfsT6eRqUpp4aWg-- <- query-string 9.1.1 (9.3.1 is available)
+ nodelite-2-MX8gB7cVYTrYcFfAnfLlhRd0-Toyl8yX8uBx1MrX7K0jegiz9TumwOK27ldXrgDlHRdVi-MqU9Ssw6dr4BNreg-- <- quick-lru 7.0.0 (7.3.0 is available)
+ nodelite-2-MzMFlSLBqNF2gcHWO0G1vP-YQyfvrxZ0bF-u7mzUdZ1-xK4A4sru-nraZz5i3iEIk1l1uyicaDVTB4QbbEkAYg-- <- @types/eslint-scope 3.7.7
+ nodelite-2-N-8UisAXDGk8PFXP4HAzVR9nbfmVJ3zYLAWiTIoqC5v5isinhr-r5uaO8-7r3BMfuNIufIsA7RdpVgacC2cSpw-- <- text-table 0.2.0

Done in 1.3s
