Progress: resolved 1, reused 0, downloaded 0, added 0
Progress: resolved 162, reused 0, downloaded 134, added 0
Packages: +219
++++++++++++++++++++++++++++++++++++++++++++++++++++++++++++++++++++++++++++++++
Progress: resolved 219, reused 0, downloaded 214, added 121
Progress: resolved 219, reused 0, downloaded 219, added 217
Progress: resolved 219, reused 0, downloaded 219, added 219, done

dependencies:
+ nodelite-2-wv8tdUTJ3thSFFFJKtpYKOYiGP2-v96Hvk4Tu8KpCAsTMs6yi-nVmGh1syvSCsaxz45J6Jbw-9DD6g97-NV67Q-- <- micromark-util-character 2.1.1
+ nodelite-2-wvlcdIbf6pwKEk7vHj8-Bkc0B4ylXZruLvOgs9doS5eOsOpuodOV2zJChSpkp-pRpYQLQMeF04nr3Z68Sta9jA-- <- csso 4.2.0 (5.0.5 is available)
+ nodelite-2-wvUjBtSGN7-7SjNpq-9M2Tg350UZD3q62IFZLbRAR1bSMlCo1ZaeW-BJ-D090e4hIIZLBcTDWe4Mh4jvUDajzQ-- <- available-typed-arrays 1.0.7
+ nodelite-2-wwQAWhWSuHaag8c4q-KN-vCoeOJYshAIvMQwD4GpSb3OiZklFfvAgmj0VCBBImRpuF-aFgIRzllXlVX93Jevww-- <- @polka/url 1.0.0-next.29
+ nodelite-2-wy0mglZpDSiSS0XHrVR-BAdId2-yxPSoJW8fsna3ZpYSlufjvxnP4YbKTCBZnNIcGN4r6ZPXV55X4mYExOfLmw-- <- @webpack-cli/configtest 2.1.1 (3.0.1 is available)
+ nodelite-2-wzsgA6WOq-09wrU1tsJ09udeR-YZRaeArL9e1wPbFg3GG2yDnC2ldKpxs4xunpFF9DgqCqOIra3bc1HWrJ37Ww-- <- format 0.2.2
+ nodelite-2-x--Cz4YrimQxQccJf5mKEbIa1NzeCRNI5Ecl-ekmlYaampdNLPalVyIcCZNNH3MvmqBugV5TMYZXv0ljslUlaw-- <- safe-regex-test 1.1.0
+ nodelite-2-x-xEleCFLH28c3bQeQIyeZf8lFXyDFVn1SgcBiR2Tw-r4IAWlk1fzxCEZ6NxQAjF2Nwtczoen3OA2qR-UawQ8Q-- <- @changesets/changelog-git 0.2.1
+ nodelite-2-x00IRNXNy63jwGkJmzPigoySHbaqpNuzKbBOmzK-g2OdZpQ9w-sxCN-VSB3ja7IAge2OP2qpfxTjeNcyjmW1uw-- <- inherits 2.0.3 (2.0.4 is available)
+ nodelite-2-x0RTqQel6g5SY7Lg6ZreMmsOzncHFU7nhnRWkKgWuMTu5NN0DR5oruckMqRvacAN9d5w6ARnRBXl9xhDCgfMeA-- <- serve-static 1.16.3 (2.2.1 is available)
+ nodelite-2-x0Vn8spI-wuJ1O6S7gnbaQg8Pxh4NNHb7KSINmEWKiPE4RKOplvijn-NkmYmmRgP68mc70j2EbeTFRsrswaQeg-- <- mime 1.6.0 (4.1.0 is available)
+ nodelite-2-x1FCFnFifvYDDzTaLII71vG5uvDwgtmDTEVWAxrgeiR8VjMONcCXJx7E-USjDtHlwFmt9MysbqgF9b9Vjr6w-w-- <- ast-types 0.13.4 (0.16.1 is available)
+ nodelite-2-x1KXOatwofR6ZAYzXRBL5wrdV0vwNxlTCK9NCuLqAzQYARqGcvFwiJA6A1ERuh-dgeA4Dxm3JBYictIes-SqUQ-- <- @asamuzakjp/dom-selector 2.0.2 (8.3.2 is available)
+ nodelite-2-x1VCxdX4t-8wVfd1so-9w-vQ4vx7lKd2Qp5tDRutErwmR85OgmfX7RlLRMWafRMY7hbEiXIbudNrjOAPa-hL8Q-- <- default-browser-id 5.0.1
+ nodelite-2-x2Nj2aytk1iOyHqt4hKenfVlySq0rYxNeEf8hE0o-Yh0iE36Rqz0rkngVdv2uQtjZ70LAE73eeplhhptYt9x4Q-- <- lucide-react 0.424.0 (0.562.0 is available)
+ nodelite-2-x2Qa-v-CuEoX7Dr31iAfr0IhInrVOWZU-2vJMJ00FOR-2nM0BcBEclpaf9sWCDc-v5e9dMrhSH8-atq-kX7-bA-- <- @babel/plugin-transform-typescript 7.28.5 (8.0.0-beta.0 is available)
+ nodelite-2-x3XYvozolECp3nIjly-4QqxdjSSWfcnpGEL5K8OBT6xmGrq5kBqbA6--tOqoom9NwqIPPbxPNsOViFlbKgowbA-- <- react-final-form 6.5.9
+ nodelite-2-x6-y8g7wWMyQhL1iZfhIPhDAs7Xwbn9nRosDXl7qoPTSCy0yNxnKc-hWokFifWQIDGi154rdUqKvbCa4-1kLhg-- <- unist-util-visit-parents 5.1.3 (6.0.2 is available)
+ nodelite-2-x7CeDQLPQ9cb6xN7fRJEjlP9NyGW-YeXWc4j-RUhg4I-H60F0PEeRc2c-z3rm9zmsdiMFzpV-rT-4UHW6KM1SA-- <- @smithy/util-retry 4.2.6 (4.2.8 is available)
+ nodelite-2-x8wxIpv00Y50NyweDUpa-58ffgSAI5sqe-zcZh33xphD0AVh-1kqr1ombaTRb7Fhpove1zfUuujlX9DWWBP5ag-- <- eslint-plugin-jsdoc 46.10.1 (61.5.0 is available)
+ nodelite-2-xAEnNCT3w2Tg6MA7ly6QqYJvEoY1tm9iIjJ3yMKK9JPlWuRHAMoe5iETwQnx3M9TVbFMfsrBgWKR-IsmswwNjg-- <- emoji-regex 10.1.0
+ nodelite-2-xAg7SOnEhrm5zI3puOOKyy1OMcMlIJZYNJY7xLBwSze0UjhPLnWfj2GF2EpT0jmzaJKIWKHLsaSSajf35bcYnA-- <- saxes 6.0.0
+ nodelite-2-xaGwVV1fq343cM7aOYB6lVE4Ugf0UyimdD-x5PWcWBMKENwectaEu77FAN7c5sFiyumqeJdX1RPTh1ocioyDjw-- <- monaco-editor 0.51.0 (0.55.1 is available)
+ nodelite-2-xaijuJB0kzGiUdG7nc2MOMDUDBWPyGAjZtUrow9XxUeua8IqeP-VlIfAZ3bphpcLTnSZXz6z9jcVC-TCwbfgdw-- <- react-markdown 9.1.0
+ nodelite-2-xal3CZX1Xlo-k4ApwCFrHVACi9fBqJ7V-mwhBsuf-1IOKbBy098Fex-Wa-5QMubw09pSZ-u8EY8PWgevJsXp1A-- <- sade 1.8.1
+ nodelite-2-xaTC-AGZ0rIM2gM28YVRAFPIZpzbpDtU3dRmp7EXlNVA8ziQc4hY3H7BHXM1J49nEmiqc3svnqMReW-PGqbZKQ-- <- unist-util-find-all-after 3.0.2
+ nodelite-2-xbbCH5dCYU5T8LcEhhuh7HJ88HXuW3qsI3Y0zOZFKfZEHcpWiHU-Jxzk629Brsab-mMiHQti9wMP-845RPe3Vg-- <- json-schema-traverse 0.4.1 (1.0.0 is available)
+ nodelite-2-xbgqcrkIVbIG-lI-gzbvd9SGTJL4zqJKBFttUl5pP27KhAjtMKbX-mQXJ7qgyXpMgVy-zvpm0xoQQaGL8OloOw-- <- estree-util-visit 1.2.1 (2.0.0 is available)
+ nodelite-2-xBmawExyTzOjbhzkZwg-vVm-khg28kG-rj2sbGlULjFd1jI70sv-cbpaR0Ev4Yfd6CpDUDRMe64cTqR--wAOyA-- <- @smithy/credential-provider-imds 4.2.6 (4.2.8 is available)
+ nodelite-2-xceH2snhtb5M9liqDsmEw56le376mTZkEX-jEb-RxNFyegNul7eNslCXP9FDj-Lcu0X8KEyMceP2ntpaHrDEVA-- <- picocolors 1.1.1
+ nodelite-2-xckBUXyTIqT97tq2x2AMb-g163b5JFysYk0x4qxNFwbfQkmNZoiRHb6sPzI9-QV33WeuvVYBUIiD4NzNIyqaRQ-- <- functions-have-names 1.2.3
+ nodelite-2-xCwfuCZjhIqy7-HKxBLrDVT5q-iq7XBVBXLn57RTIIpelLtEIZHXAF-Upa3-gaCpeV1NNS5Z9A-ID6jn50VD4A-- <- @typescript-eslint/scope-manager 8.50.0
+ nodelite-2-xelSayHH36ZgE7ZWhli7pW34hNbNl8Ojv5KVmkJD4hBdD3th8Tfk9vYasLM-mXWOZhFkgZfxhLSnrwRr4elSSg-- <- is-glob 4.0.3
+ nodelite-2-xfBaXQd9ryd9dlSDvnvI0lvxfLJlYAZzXomUYzLKtUeOQvOP5piqAWuGtrhWeqaXK9hhoM-iyJc5AV-XfsX3HQ-- <- lodash.uniq 4.5.0
+ nodelite-2-xFbRxM1tahm08yHBP16MMjVUAvDaBMD38zsM9EMAUN61omwLmKlOpB-Zku5QkjZ8TZ4vn53pj-t518cH0S03RQ-- <- bail 1.0.5 (2.0.2 is available)
+ nodelite-2-xFxOwqIzR-e1k1gLiWEophSCMqXcwVHIH7akf7b-vxcUeGunlj3hvZaaqxwHsTgn-IndtkQJgSztIDWeumWJDQ-- <- constants-browserify 1.0.0
+ nodelite-2-xfYCBMxveHrRMnAWl1ZlPXOZjzkN82THFvLhQhFXFt81Z5HnN-EtUkZhv-zcKpmT3fzmWZB0ywiBrbC3vogbwQ-- <- @babel/plugin-syntax-typescript 7.27.1 (8.0.0-beta.0 is available)
+ nodelite-2-xgAyonlVVS-q7Vc7qLW0UrJU7rSFcETRWsqdXZtjzRU8dF-6CkozTK4V4y1LwOX7j8r-vHphjDeMeGI4tNGeGA-- <- @microsoft/tsdoc 0.16.0
+ nodelite-2-xGq5ISgcUP5cvGkS2MMFLtPDBtrtQPSFfC6gA6U8wHKqfjTIMZLZNxOItQnoSjdOzlXOLU-yD32RKC4SvjNbtA-- <- insert-css 2.0.0
+ nodelite-2-xgs2NH9AE66ucSq4cNG1nhSFghr5l6tdL15Pk-jl46bmmBapgoaY-AacXyaDznAqmGL99TiLSQgO-XazFSKYeQ-- <- invert-kv 1.0.0 (3.0.1 is available)
+ nodelite-2-xHjhDr3cNBK0BzdUJSPXZntQUx-mwMS5Rw4A7lPJ90XGAO6ISP-ePDNuo0vhqOZU-UD5JoodwCAAoZQd3FeAKw-- <- isarray 2.0.5
+ nodelite-2-xHlTOmuCSotIA8TW1mDIM6X2O1SiX5P9IuDtqGonFhEK0qgRI4yeC6vMxEV2dgyr2TiD-2PQ10o-cOhdVAcwfg-- <- micromark-extension-gfm-tagfilter 2.0.0
+ nodelite-2-xIPmR5ReJDu-DHH1OoIT1HkuybIfRGYRywC-gJtI7qHjCJp-M9jrmBEJW22O8lskDWm562BX2W8TiAwRTb0rKA-- <- mdast-util-mdx-expression 1.3.2 (2.0.1 is available)
+ nodelite-2-xitP-WxNPcTTOgnTJcrhM0xvdPepipPSf3I8EIpGKeFLjt3PlJLIDG3u8EX53ZIubkb-5U2-3rELYpEhHhzdkg-- <- md5.js 1.3.5
+ nodelite-2-xiuXcaCwyOWpD8a8scdExFl-bntNphAW8XeenL1ig2en0AAZY0Pcp4pC0dI22qJ-NvxKn9RoNIoRdqYU3BLH4w-- <- @rc-component/mini-decimal 1.1.4
+ nodelite-2-xj68wMTvGXVOKonmog6LwyJKrYXZPvlwabaryTjLh9LuvovB-KAH-kvi8Gjj-7rJjsFi23nkUxRQv1KqSroMqA-- <- mdast-util-to-markdown 2.1.2
+ nodelite-2-xJIPs-bYuc9ASBl-cvGsKbGrJmS6fAKaSZCnT0lhahT5rhA2VVy9-EcIgd2JhtEuFOJNx7UHNn-qiTPTY4nrQw-- <- @napi-rs/nice 1.1.1
+ nodelite-2-xjIYgE8HBrkpd-sJqOGNspf8uHG-NOHGOw6a-Urj8taM2EXfdNAH2oFcPeIFfsv3-kz-mJrS5VuMqbNLjCa2vw-- <- acorn 8.8.2
+ nodelite-2-xjUjrj3i4kup2A3a-ZVZB1Nt0PUX7SU7KeVqIbXPdslT7NbNfyO04JMxBv4gar77JePdS-A6f05jG1Viy6-U1w-- <- git-username 0.5.1
+ nodelite-2-xKCTqAK-FFauOM9Ta2pswIyT3D8AQlfrYdOi-toTPEhqCuAs1v5tcJ3Y08Izh1cJ5Jchwy9SeAXmMg6zrKs2iw-- <- @react-dnd/invariant 4.0.2
+ nodelite-2-xkGBRQQab4RLwgXxoqETICr6S5JlogafbhNsidmrkVv2YRs5MLwpjoF2qpiGjQt8S9AoxtIV603s0GIUpY5eYQ-- <- @dnd-kit/core 6.3.1
+ nodelite-2-xKvGhPWw3k84Qjh8bI3ZeJjqnyadK-GEFtazSfZv-rKeTkTjOJho6mFqh2SM96iIcZokxiOpg78GazTSg8-KHA-- <- unified 11.0.5
+ nodelite-2-xNLYLBFTBKkCzEZIw842BxytQQATQv-lDTCEMZ8C196iJcJJMBUZxrhSTxLaohMyKK8QlzRNTRkUmanucnDSqg-- <- @peculiar/asn1-schema 2.6.0
+ nodelite-2-xNRBw4aoURcyz-S69B19WnZAkWJMxHMT5hE36GtDAyhoyn-8TuAeqjFJQlwk-MKQsUD7b3l7kFX-vlfVWgcX1w-- <- micromark-extension-mdxjs-esm 1.0.5 (3.0.0 is available)
+ nodelite-2-xNvxJEOUiWPGhUuUdQgAJPKOOJfGnIyKySOc09XkKsgdUV-3E2zvwZYdejjmRgPCgcym1juLH3226yA7sEFJKQ-- <- tslib 2.6.3 (2.8.1 is available)
+ nodelite-2-xP5YXbOVRVN8A4pDnSUkEUsL9fYFU6VNhxo8tgr13YnMbf3Pn4xVr-hSyLVjS1Frfi1Uk03ET5Bwml4-0CeYEw-- <- @smithy/eventstream-serde-config-resolver 4.3.6 (4.3.8 is available)
+ nodelite-2-xq-q3SRMOxGivLhBNaUdC64hDTQwejJ-H0T-NB1XMtTVEwNTrfFF3gAxiyW0Bu-xWEGhjVKgUcMhCrUy2-uCWg-- <- buffer 4.9.2 (6.0.3 is available)
+ nodelite-2-xScCGnyj-oppsNPMnevsBe3pvNaoK7FGvMjT35riz9YdhB2WtTG47ZlbxtOLpjeO9SqqQ2J2igCmz6IJOD5JYw-- <- @napi-rs/nice-linux-x64-musl 1.1.1
+ nodelite-2-xsSQreu-VnfbqQpW5vnCJdq1Z3Q0U31qiWmRhr98ONQmcp-yhiPJFPq8MXiJVLiksmOKSjIldZzkebzHuCGzew-- <- @typescript-eslint/type-utils 5.62.0 (8.8.0 is available)
+ nodelite-2-xSWwnqCr-hPEYR4qY7nFUaxO5RQBxNlFaPNmobP2i-Im31slk9JuAusgWeIYO0mNhLJuLbxd8CCma2AZij3fBQ-- <- @ant-design/pro-list 2.6.10
+ nodelite-2-xtgkqwdhpKWr3tKPmCkvYmS9xnQK3m3XgxZHwSUjvfTjp7YfXe5tT3GgWi0F2N-ZSMsOeWeZFh7ZZFg5iPhing-- <- tsup 8.5.1
+ nodelite-2-xTOIGug-0RmIe3mmCqCT95yO0vj6JURrn1TKWlNbhiAefJRWINNPgwVkrVgt-YaerPzY3iItufd80v3lOrFJ2w-- <- jest-resolve-dependencies 30.2.0
+ nodelite-2-xU9HwUSik9UUCJmm530yvBy0AwlQFICveKmqvaaTukKkXEAhyiBdHtSrhPrH3rH-uz0ykyaE3LdgsX86C6mDCQ-- <- @smithy/util-waiter 4.2.6 (4.2.8 is available)
+ nodelite-2-xUMmop7f3Rs34zFYKXLqHhDR1CQTeDl-7vI7Sn3X-73BqJc3X3HIIRvm83Fg2CjVACaOzw4WeLRXNaOCp9fz9w-- <- @antv/g-webgpu-core 0.7.2
+ nodelite-2-xurKu5qqk4viR3Cp3p4xBR4KfnZm4w4ys6-UBwBmeuBSNkH7-DtLnYOYnOffgtE4yx8sH9S1VZ6RAAvROXzP2Q-- <- postcss-convert-values 7.0.12
+ nodelite-2-xUtoPkMggbz0MPyPiIWr1Kp4aeWJjDZ6SMvURhimjdZgsRuDplF5-s9hcgGhyXMhs-6vpnuoiZ2kFiu3FMnS8Q-- <- environment 1.1.0
+ nodelite-2-xuXll4isR03CrQsmxyz92LJB2xX9n-pZJ5jE9JgcnmsCammLyKdlzrBin-25dy6wIjfhJpKBAN80gsTlCgRk2w-- <- postcss-lab-function 4.2.1 (7.0.7 is available)
+ nodelite-2-xvINq24TRojDuyt6JGtHmkVkrfVV3FPT16uytxImLeBZqW3-H52yN-kM1MGuyPkIQxrzKwPHs5U-MP3qKyzkGw-- <- @babel/plugin-transform-unicode-regex 7.27.1 (8.0.1 is available)
+ nodelite-2-xWldrIxjeAMAu6-HSf9t50ot1uL5M-BtOidRCWHXIeewvSeIpscWCsp4Zxjk8kHHhdqFBrfK8U0EJeCcnyQ-gA-- <- xml-reader 2.4.3
+ nodelite-2-xx4fg7TRb6xKhhK6UTHDaJDOPTt7R4SDOk8zZHCmYevxxIASH81aiVZamikxZGSl2zSA14Hy-X7AbML1qb1Dkw-- <- @petercatai/assistant 2.1.0
+ nodelite-2-xXqpXoINfFhgua9xiqD8fPFHgkoq1mmmpE92WlDbm9rNRd-EbRb-Gqf908T2DMfuHjjJlksiK2RbHVOdD-MqSw-- <- loader-utils 2.0.4 (3.3.1 is available)
+ nodelite-2-xyD4XgslstNAs72ENaoFvgMwtv8xhiDtC2AtzCG-8yF7W-Knxxm9BX-e2s25mm-HxMKh0rBmXVOEGF3zNImXvA-- <- hashish 0.0.4
+ nodelite-2-xYfnw62CKG8nLkZBfWbhWwDw02CHty86jfPcc2cr3ZfeuK9ysoVPPEUxf21bAD-rWAgk52SuBrLJlefNy8mvFg-- <- globjoin 0.1.4
+ nodelite-2-xyFwyhro-JEof6Ghe2iz2NcXoj2sloNsWr-XsERDK-oiPCfaNhl5ONfp-jQdAZRQQ0IJWNzH9zIZF7li91kh2w-- <- json-parse-even-better-errors 2.3.1 (5.0.0 is available)
+ nodelite-2-y-8xyqdGLL-6sh0tVeHcfP-QDd8gUgbasolJJpY7NgeQGSZ739bDtSiaiDgtoicy-mtYB81dKLxO9xRhCyIB3A-- <- detect-indent 7.0.2
+ nodelite-2-y-lkFqMpsmV0cBOFUNd2gmRRpUNvvCtgSv29pgwH-e2xJNYUtdAvlk42lYPJoCAnw9tLrPAosbbmGL7XOhUaEw-- <- @udecode/plate-floating 48.0.0
+ nodelite-2-y-SqErxb8h7nE-fiEX07jsbuhrpO9lL8eca7-Y1nuWV2moNlXhyd59iDGcRf6moVyDMbmTNzL40SUyrFU-yDpg-- <- leac 0.6.0
+ nodelite-2-y0m1JoUZSlPAjXVtPPW70aZWfIL-dSP7AFkRnniLCrK-8MDKog3TySTBmckD-RObVxH0v4Tox67-F14PdED2oQ-- <- shallowequal 1.1.0
+ nodelite-2-y11nGElTIV-CT3Zv9t7VKl-Q3hTQoT9a1Qzezhhl6Rp21gJ-IVTW7Z3y9EWXhuUBC2Shnf-DX0antecpAwSP8w-- <- yargs-parser 20.2.9
+ nodelite-2-y2217gk4NqL35giHl72o6Zzqji9O7vHh9YmhUVkPtAOpoTCH4uWxo-pr4VE8t0-ChEPs0qo4eJRC5Q1eXWo3vA-- <- @ant-design/fast-color 2.0.6
+ nodelite-2-y3b8Kpd8OAN444hxfBbFfj1FY-RjtTd8tzYwhUqNYXx0fXx2iX4maP4Qr6qhIKbQXI02wTLAda4fYUbDagTUFw-- <- p-map 2.1.0 (7.0.4 is available)
+ nodelite-2-y3bGgqKj3QBdxLbLkomlohkvsA8gdAiUQlSBJnBhfn-BPxg4bc62d8TcBW15wavDfgexCgccckhcZvywyQYPOw-- <- rc 1.2.8
+ nodelite-2-y4DKFLZ2y6DxTWD4cDe07RglV88ZiNEdlRfGtqahfbIjfsw1nMCPx49Uev4IA-hWn3sDKyAnSPwoYSsAEdcimw-- <- jest-message-util 30.2.0
+ nodelite-2-y4Mg2tXshplEbSGzx7amzPwKKOCGuoSRP-CjEdwwk0FOGlUbq6lKuoyDZTNZkmxHdJtp54hdfY-JUrdL7Xfdug-- <- commander 10.0.1
+ nodelite-2-y5rN-uOsadFT-JfYwhxRS5R7Qce-g3zG97-JrtFZlC9klX-W5hD7iiLzScI4nZqUS7DNUdhPgw4xI8W2LuXlUw-- <- follow-redirects 1.16.0
+ nodelite-2-y6OAwoSIf7FyjMIv94u-b5rdheZEjzR63GTyZJm5qh4Bi-2YgwLCcI-fPFZkL5PSixOt6ZNKm-w-Hfp-Bciwow-- <- fs-constants 1.0.0
+ nodelite-2-y8YTNIeKoyhGd9O0Jiyzyyqk8gdjnumGTQPsz0xOZOQ2RmkVJeZ1vmmfIvFEKqucBG6axJGBZDE-7iI5suUI-w-- <- @babel/plugin-syntax-jsx 7.27.1 (8.0.0-beta.0 is available)
+ nodelite-2-y9dVfy2uiycQvDNiAYW6zp49ZhFlXDMr5wfdOiMbdzGM-0N5LNR6HTUn3un-WUQcM0koaw8FMTG1bt5EnHJdvQ-- <- mimer 1.1.0
+ nodelite-2-yaduQFRKLXYOGgEn6AZau90j3ggSOyiqXU0F9JZfeXYhNa-Jk4X-s45A2zg5jns87GAFa34BBm2kXw4XpNcbdg-- <- figures 3.2.0 (6.1.0 is available)
+ nodelite-2-yaOH-Pk-VEhBWWTlhI-qXxDFXlejDGcQipMlyxda9nthulaxLZUNcUqFxokp0vcYnvteJln5FNQDRrxj3YcbVw-- <- toidentifier 1.0.0 (1.0.1 is available)
+ nodelite-2-yB5CNFa14MbPJcomwNh3wLThtkZgcNyI2bNMRt8iE5Z8Vwl7f8vQXFAzn2HDOJvtDq2NTZBUGMSUNNyrv3--cw-- <- css-loader 6.7.1 (7.1.2 is available)
+ nodelite-2-yblEwXAbGv1VQDmow7s38W77hzAgJAO50ztBLMcUyUBfxv1HC-LGwtiEN-Co6LtlqT-5uwVOxsD4TNIilWhwdQ-- <- ext-name 5.0.0
+ nodelite-2-ybx0WO1-8bSBLEWXZvEd7gMW3Sn3JFlW3TvX1nREbDLRNQNaeNN8WK0meBwPdAaOI7TtRRRJn-Es1zhrrCHu7g-- <- siginfo 2.0.0
+ nodelite-2-yCEafptTtb4bk7GLEQoM8KVJpxAfdBJYaXyzQEgQQQgYrZiDp8SJmGKlYza6CYjEDNstAdNdKA3UuoULlEbS6w-- <- copy-anything 3.0.5 (4.0.5 is available)
+ nodelite-2-yDPMNjp4WyfYBkHnjIRLfca1i6KMyGCtsVgoKe-z1-6vukgaENdgGBZt-ZmKPc4gavvEZ5OgHfHdrazhgNyG7w-- <- strip-ansi 7.2.0
+ nodelite-2-yDUvFf9QdFZTuCUg0g0uNSHVlJ5X1lSzDZjPSFaiCWvjgsvu8vEVxtahPrLMinIDEEGnx6cBe6iqdx5YWz08wQ-- <- postcss-media-minmax 5.0.0
+ nodelite-2-yeJd4aNAdYZQjaon2bpD-Gb0B-omw7HQOsynXXcOiWVCacbBcPlgn8S-d1X6blFSaHao7ozqtW7NZW19xpCtIw-- <- js-cookie 3.0.8
+ nodelite-2-yELu4WmLPw5Mr-lmeEpox5rw3RETacE--JgHqQzd2dg-YbJuat3jH4ingc-WPZhxaoFzdv9y33G-F7Nl5O0GBg-- <- react-dom 19.2.3 (19.2.8 is available)
+ nodelite-2-yFr6JezOolHLta-buLE71VKPh2mXursp4saVe98-ol8ZnEWhL-racShqPKlvd-DKWLre-39B6HhcMXf7RZ3hxg-- <- postcss-colormin 7.0.10
+ nodelite-2-yg2d-Em4KizZC5niWhQaIomgf5WlL4vOOjZ5xGCmF8SnPE-mDWWXgvRExdcpCgh9lLRRa1-fSYp2ymmbJ1pI-A-- <- istanbul-lib-source-maps 5.0.6
+ nodelite-2-yhlQgA6mnOJUKOsRUFsgJdQCvkKhcz8tlZG5HBQfReYZy46OwLcY-Zia0mtdHsOo9y-hP-CxMN0TU9QxoOtG4g-- <- fs-extra 8.1.0 (9.1.0 is available)
+ nodelite-2-yhv5I4TsldLdE3UcVQn0hD2T5sNCPv4-qm-CTUpRKIpwthYRIipsAPdsrNpOI79hPQa0rTTeW22Fq6JWRcTgNg-- <- unset-value 0.1.2 (1.0.0 is available)
+ nodelite-2-yilG-VOaNI74IylQvAQQxm3-wZVBkXyYUqNUAdxqwtbWUXPsbK1q8Ms0mL83v-f8YicgcyfYCRZtWACUdYajpA-- <- postcss-minify-font-values 7.0.3
+ nodelite-2-yioayjNbHn6z1-Bywyb2Y4s3yvDAeXGOyxqD-LnVOinq6Mdmd--SW2wUNVzavyyHxd6-DxzWGIuosg6P1Rj8uA-- <- postcss 7.0.39 (8.5.6 is available)
+ nodelite-2-yJMtVdH59sxi-aVJBpk9FQq-OR8ll5GT8oWd57UpeaKEVGab41JWaCFA7FRLoMLloOZF-c-wsPoe-bfGmRKgDg-- <- @emotion/use-insertion-effect-with-fallbacks 1.2.0
+ nodelite-2-yjZMHpUHgl4Xl5gRlolVuxDkm4HgSJqT93Ri1Uz8kGrQb-5iJ8dkXJ20M2j-Y4iV5QzS2c5SeTxVSKX-2eMI0g-- <- @changesets/get-release-plan 4.0.14
+ nodelite-2-yk7iEAL1kYZ2Gi-pvVjdsZhul5WsYEM4Zcgh2Ev15VicMdJmPHsMhNUsZWyVJV0CaQCYpNOFlGD-11Ea3pn4GA-- <- @graphql-codegen/visitor-plugin-common 4.1.2 (5.8.0 is available)
+ nodelite-2-ykAEkoBg30RXxeOMVeZwar-JH632dZn9EUJVyJwhfag62k6UO-dIyJEV58YuLF6e5BTdV-qmbQrpkWqjq9cUnQ-- <- tsx 3.12.2 (4.21.0 is available)
+ nodelite-2-ykDdF5yI4f1WrAolLqeF3hmYU12j9ntLQl-AOG1HAS21jxyg1Q0-J-tpREuYLfatGdGmXp-3yS0ZA76kOlVq9Q-- <- @babel/plugin-transform-react-jsx-development 7.27.1 (7.29.7 is available)
+ nodelite-2-yki5XnKuf750l50uGTllt6kKILY4nQ1eNIQatoXEByZ5dWgnKqbnqmTrBE5B4N7lrMJKQ2ytWMiTO2o0v6Ew-w-- <- cookie 0.7.2 (1.1.1 is available)
+ nodelite-2-ykkVRwrYvFm1nb2AJfKKYPr0emF6IiXDYUaFx4Zn9ZuIH7MrzEZ3sD5RlqGXNRpHtvUHJyOnCEFxOlNDtGo7wg-- <- jackspeak 4.2.3
+ nodelite-2-ykRMW8PjVAn-RS6ww5cmK9U2CyH9p4Q88YJwvUslfuMmN98w-2rdGRLPqJYObapBCdzBVeDgYWdJnFPFb7qzpg-- <- @azure/core-auth 1.10.1
+ nodelite-2-yL-sLrpmtDaFEiUj1osRP4TI2MDz1AddJL-jZ7KSqvBuliN4xqYY54IfdN8qD8Toa6g1iloph1fxQNkjOxrrpQ-- <- @eslint/core 0.17.0 (1.2.1 is available)
+ nodelite-2-yMqGBqtXyeN1e3TGYvgNgDVZ3j84W4cwkOXQswghol6APgZWaff9lnbvN7MHYJOiXsvGPXtjTYJEiC9J2wv9Eg-- <- xmlbuilder 15.1.1
+ nodelite-2-ymtmcgZKU27U-nM2qUb21aO8Ut-u2S9s6KorOgG81weP-NA0UZkaHKlaRqbLJ9h4i-4FLvwmEXYAnTjNmp6ogg-- <- codesandbox-import-utils 2.2.3
+ nodelite-2-ynIREMICLxkxm7e9bCR9sh75s4Q5drICi0ua1yxo5jH2XPBqSKkl4dOh4EbFqtUmnTMhRffHgYL0EKKkMjtJTg-- <- cssnano-utils 5.0.3
+ nodelite-2-ynTsyrFSdE5oZ-O9GEf00kPngmOfVwazR5GKDq6EYfhlpFug3J2zybX56a2PRRpc9P-FuSoGNAwjlbDs9jJBPQ-- <- linkify-it 3.0.3 (5.0.2 is available)
+ nodelite-2-yOgDNIcewFZN3-jXdWeh-rQzbWJjCq1dTHphLz2r4T4AfTm-nqCxZ5B89v9bjQbFKA-s-k7TUc7J90-pP2HTyw-- <- svgo-browser 1.3.8
+ nodelite-2-yOriVnggzrnQ3a9OKOCxaVuSug3w3-SbOj5i7VwXWZEyUNl3bLF9V3MfxGbZKuwqJOQyRfqXyROBB1CoZLFWzA-- <- @types/jsdom 21.1.7 (27.0.0 is available)
+ nodelite-2-yORQuuAtVpiRjpMhdc0wJj06b9JFjrYF4qp96j--v2NBpbi6SEGF7donUJ3TMieerQ6qVkAv1tgr7L4r5roTqw-- <- @floating-ui/react 0.26.28 (0.27.8 is available)
+ nodelite-2-ypdmJU-TbBby2Dxibuv7ZLW3Bs1QEmM7nHjEANfohJLvE0XVujisn1qPJcZxg-qDucsr-bP6fLD1rPS3AhJ7EQ-- <- detect-node-es 1.1.0
+ nodelite-2-yPDz7wqpg1-mmHLmS3tcfTfbw5f1eryXvyghYBffGdERwe-mV7ZcWzTR8LR17Kvqt3qfPurjlonmnq3MKXIOXw-- <- es-to-primitive 1.3.4
+ nodelite-2-ypowyDxpVSYpkXr9WPv2PAZCtNip1Mv5KTW0SCurXv-9iOpcrH9PaqUElksqEB6pChqHGDRCFTyrZlGhnLNGiA-- <- eslint 8.57.1 (9.9.1 is available)
+ nodelite-2-yPVavfyCcRhmorC7rWlkHn15b4wDVgVmBA7kV4QVBsF7kv-9TKJAbAXVTxvTnwP8HHKjRCJDClKbciiYS7p0DQ-- <- commander 11.1.0
+ nodelite-2-yPw4Sng1gWghHQWj0B3ZggWUm4qVbPwPFcRG8KyxiU7J2OHFSoEHKS-EZ3fv5l1t9CyCiop6l-ZYeWbrgoQejw-- <- prr 1.0.1
+ nodelite-2-ypzHFE-wBzh-BlH6rrBgS5I-Z7RD21pGhZ2rltb--ZrVM1awdZwjx7hE5XfuYgHWk9uvV5HLZN3SloevCAp3Bw-- <- @types/tern 0.23.9
+ nodelite-2-yQ3rwFWRfwNUY7H5vpU0wfdkNSnvnJinhF9830Swlaxl03zsOjCfmX0ugac-3LtK0lYSgwL-KXc8oYL3mG4YFQ-- <- stylis 4.3.6 (4.4.0 is available)
+ nodelite-2-yQbXgO-OSZVD2IsiLlro-7Hf6Q18EJrKSEsdoMzKePKXct3gvD8oLcOQdIzGupr5Fj-EDe8gO-lxc1BzfMpxvA-- <- braces 3.0.3
+ nodelite-2-yqJnX1-7A30szl9BxW3qX99MZy6mM6VtUi1rXTy0JpRMTKv3rduo0WOxqcX90tpt0ke2pzHGbrLLr1buIN4vrw-- <- slate-react 0.114.2
+ nodelite-2-yqXL-k5rr8-ZRpOAntkaaRgWgE5o8ESAj5DyRmVTCSoZxXmqemb9Dd7T4i5UzwuERdLAJUy6XzR9zFVuf0kzkw-- <- agentkeepalive 3.5.3 (4.6.0 is available)
+ nodelite-2-yrLQ-yVUFXkzg7EDQsPieE-53-0RlaWTs-wBrvW36cyilJ2SaDWfl4Yj7MtLTXleV9uEKefbAGUPv2-iWSooRA-- <- charenc 0.0.2
+ nodelite-2-yS-Q5i3hBf7GBkd4KG8a7eBNNWNGLTaEwwYWUijIYM7zrlYDM0BFXHjjPWlWZ1Rg7UaddZeIDmi9jF3HmqiQ2w-- <- doctrine 3.0.0
+ nodelite-2-ysT8mhdixWK6Hw3i1V2AeRqZ5WfXg1G43mqoYlM2nc6388Fq5jcXyr5mRsqViLx-GJYdoL0bfXD8nmF-Zn-Iow-- <- @tsconfig/node14 1.0.3 (14.1.2 is available)
+ nodelite-2-yTbItCNreRooED33qjunPthRcSjERP1r4MqCZc7wv0u2sUkzTFp45tgUfS5-r7FrZPdmCCNflLhVSP-o-SemsQ-- <- @types/fs-extra 11.0.4
+ nodelite-2-yuzZug1nkAAaBlBBikKZTgzCeA-k1uy4ZFwWANOfKw5z5LRhV0gNA7gNkKm7HoK-HRN0wX3EkxGk0fpbWhmB7g-- <- @types/d3-time 3.0.4
+ nodelite-2-yvkRyxmFKEOQ4pNXCmJG5AEQNlXJS5LaONXo5-cLdTZdWvsZ1ioJEonLGAosKlMWE8lwUy-bJzMjcw8az73-Fg-- <- is-plain-obj 1.1.0 (4.1.0 is available)
+ nodelite-2-yWnVS5LKnOUIrEsI44oz3bIIUYqflamPL27n-k-PC--PsX-YeWBky09oPeAoc9As6jSH16Wgo8plI-ECZaHk3g-- <- @react-hook/window-size 3.1.1
+ nodelite-2-ywPWvcDMeH-z9gQq5qYHCCy-ethsk4goepZ45GLD63fOu0YcNecQxi64nDs3qluZB-murG3-D4dJ7-dGctcCQQ-- <- multer 1.4.5-lts.1 (2.0.2 is available)
+ nodelite-2-ywqV-5MmyL4E7ybXgKys4DugZbX0FC6LnwrhjuykIjnK9k8OQacQ7axGKnjDXWNhns0xot3bZI5h55H8yo9cJg-- <- cli-spinners 2.9.2
+ nodelite-2-ywYLSjNkxKHiZOqNlso9PZByNEY-FTyh3C-7uuziK0xFXu9xzdyfHwg4S9iyiRRoPCR4k2LqaBBsWVmSBwCWYQ-- <- react-style-proptype 3.2.2
+ nodelite-2-yXLRqatcCuKtVHsWrNg0JL3l1zGfdXeEvDa0bdu4tCDQw0RpMDZsqbkyRTUnKMR0tXF627V2oEWjBEaEdqTwtQ-- <- regex-parser 2.3.1
+ nodelite-2-yXqD2r8awfhvddbkINdrDaORfPKlVv2-X3E8FD7J62Z-zYoos-8v1DSEFVukrpTZkj34pIMD4SxlDPh-aMzLKQ-- <- jest-random-mock 1.0.0
+ nodelite-2-yY35KZckJJuVVPXpvjgxiCuVEJT67F6zDeVTv4rizyPrfGBUpZQsvmxnN-C371c2esD-hNMjj4tpBhuueLN7aA-- <- esbuild 0.27.1 (0.28.2 is available)
+ nodelite-2-yzMTt9lEb8Gv7zRioUilSglI0c0smZ9k5D65677DLWLtWJaXIS3CqcGyUFByYKlnUj6TkjLVs54fBl6-TiGQDQ-- <- @isaacs/balanced-match 4.0.1
+ nodelite-2-z-Uw-vLuy6gQe8cfaFWD7p0wVv8fJl3mbzXh33RS-0oW2wvUqiRXiQ69gLWSLpgB5-6sU-r6BlQR0MBILadqTQ-- <- lodash.get 4.4.2
+ nodelite-2-z00bCGNHDG8mHAkP7CtT1qVu-bFQUPjYq-4Iv3C3kWjTFV10zIjfSoeqXo9Asws8gwSHDGj-hl2u4OGIjapeCg-- <- create-hash 1.2.0
+ nodelite-2-z0M-byMThzQmD9NILRniCUXYsYpjwnlO8N5uCFaCqIOpqRsJCrQL9NK3JsD67CN5a08nF5oIL2bD6loTdHOuKw-- <- bplist-parser 0.2.0 (0.3.2 is available)
+ nodelite-2-z0yWI-4FDrrweS8Zmt4Ej5HdJmky15-L2e6Wgn3-iK5fWzb6T3fhNFq2-MeTRb064c6Wr4N-wv0DzQTjNzHNGQ-- <- mimic-response 3.1.0 (4.0.0 is available)
+ nodelite-2-z1HGKcYy2xA8AGQfwrn0PAy-PB7X-GSj3UVJW9qKyn43xWa-gl5nXmU4qqLMRzWVLFC8KusUX8T-0kCiOYpAIQ-- <- csstype 3.2.3
+ nodelite-2-z1kygetuPiREYdNIumRpAHY6RXiGmp70YHptjdaxTWGmA085W3iCnXNx0DhflK3vwrKmrRWyY1wUpkPMVxMK7A-- <- jest-diff 25.5.0 (30.2.0 is available)
+ nodelite-2-z2S-W9X73hAUUki-N-9Za2lBlun89zigOyGrsax-KUQ6wKW4ZoWpEYBkGhQjwAjjDCkWxhY0VKEhk8wzY7F5cA-- <- decamelize 1.2.0 (6.0.1 is available)
+ nodelite-2-z2uTx-T6LBaCoNWNFWwChLBKYxTMcGBRjAt-2SbP929-Fflb9aa5LGma654Rz8z9HLxsrUaYzxE9T-EFIL-PAw-- <- jest-matcher-utils 27.5.1 (30.2.0 is available)
+ nodelite-2-z3H-HYI9MM0HTv3hQZ81f-AKb-yEoCRlUby1F80vbQ5XdzEMyY-9iNlAmhqiBKw4MJXwfgsh7ERGEOhrM1niMA-- <- @esbuild/linux-x64 0.27.1 (0.28.2 is available)
+ nodelite-2-z3wJSLrDf8kRDOh2qBtoTRD53vJ-CWIyo7uyZuxf-JAbNJjiHsOpG1y5wxk8drtv3ETAHutCu6N3thkOOgueWg-- <- micromark-extension-gfm-autolink-literal 1.0.5 (2.1.0 is available)
+ nodelite-2-z4eqJvfiNnFMHIIvXP3CY57y2WJs5g2v3X0zm9mEJkrkNv4rDxu-sg9Jh8EkXyeqBkB7SOcboo9dMVqhyrACIg-- <- @radix-ui/react-compose-refs 1.1.2
+ nodelite-2-z6EbKajIpqGKU56y5KBUgy1dt1ihhQJgWzUlZHArA--X2ad7Cb5iF-AK1EWVL-Bo7Rz9uurpqw6SiBCefUbCGA-- <- jest-util 29.7.0 (30.2.0 is available)
+ nodelite-2-z81GNO7nnYMEhrGh9LeymoE4-Yr0Wn5McHIZMK5cfQCl-NDX08sCZgUc9-6MHni9IWuFLm1Z3HTCXu2z9fN62Q-- <- mz 2.7.0
+ nodelite-2-zbB9rCJAT1rbjiVDb2hqKFHNYLxgtk8NURxZ3IZwD3F6NtxbXZQCnnSi1Lkx-IDohdPlFp222wVALIheZJQSEg-- <- ansi-styles 4.3.0 (6.2.3 is available)
+ nodelite-2-zbBTiqr2Vl78pKp-laGBREYzbZx9ZtqPjOK4--lL4BNDhxRnahg51HtoDrk9-VjIy9IthNEWdKVd7H5bqBhiWQ-- <- jest-environment-jsdom 30.2.0
+ nodelite-2-zBPfuzoI8xyBtR2P6WQj63Rz8i3AmfAaJLuNG8dWsfvPe8lO4aCPYLn879mEgHndZH1zQ2oXmG8O1GGzzaoZiw-- <- @smithy/util-utf8 4.2.0
+ nodelite-2-zbwoTsBruTeKB9hSq73ha66iFeJHuaFkUbwvqElnygoNbj-jHRsSeokowZFN3CZ64IvEqcmmkVe89OPXc7ldAw-- <- @babel/plugin-transform-react-jsx-source 7.27.1 (7.29.7 is available)
+ nodelite-2-zc-5oQlsdk42Z0ib1mGklwzhJ5vczLFiPa1v7DgJkTbgJ2YxRh9xdarf86zI49sKVJmgbweRpJs7Nu5bIiwv4w-- <- @antv/graphlib 2.0.4
+ nodelite-2-zCnTtlxNoAiDc3gqY2aYAWFx7XWWiasuF2K8Me5WbN8otHKTUKBwjPtNpRs-rbUZm7KxWAaNj7P1a-p52GbVug-- <- extend-shallow 2.0.1 (3.0.2 is available)
+ nodelite-2-zcz37AJH0xt-6XVVbyO-hmsK9Hq4vH23HZ4KYVi5A8rbM9KeJkJigTS7ELOdArawZhVNGe-h3a5Oixs4a2QsWw-- <- @umijs/ui 3.0.1
+ nodelite-2-zdf983tNfLZFletc0RRXYrHrucBEg95NIFMkn6K9dbeMYnsgHaSBGcQqdsCSStG2PYwRre0Qc2NNSCXbG-xc6g-- <- @babel/helper-wrap-function 7.28.3 (8.0.0-beta.0 is available)
+ nodelite-2-zdu8XMNEDepKKR-XYOXAVPtWui0ly0NtohUscw-UmaHiAWT8hrV1rr--H6V-0DvJ3OQ19S979M0laLfX8rm82Q-- <- typedarray-to-buffer 3.1.5
+ nodelite-2-zeQjOoES5JFjTnAhI5QY7ZviczMzDptls15GFsI6jyUOq0kOf9-WonkhtlIhh0RgHRnqj5gdNxW5j1EvAyYg6Q-- <- @typescript-eslint/experimental-utils 4.33.0 (5.62.0 is available)
+ nodelite-2-zeSIHh0-E1Um1WJRXCFlHQYu2ieJNdivLLjlBEp-dIBu3S51n-SZZmIXjxnItw6pz56Cn-KvK68BIBVsxq2JiQ-- <- @babel/plugin-transform-for-of 7.29.7 (8.0.1 is available)
+ nodelite-2-zFa12V4OLtT5XUX-Q4VLvTfBf-Ok0SPc1FNGM-z9ctUdiU618qwKpWnd0CHs3-RqROfyEg-DhuHbMWYqcgljEw-- <- resolve-global 1.0.0
+ nodelite-2-zFpMOTLZBdW5LfObqcSbL6kefg4R4eLdmvS0wbN9M6D5Mym-sKm9toOoWyVOa-xDjvCnuWcHls2YonXwHvH3CQ-- <- @babel/plugin-transform-exponentiation-operator 7.29.7 (8.0.1 is available)
+ nodelite-2-zg-chbXyeBtMQ1LbD-WSoW2DpC3I0mpmPdW-ynRTj-x2DAWYrIY7qeZIHidozwV24m4iavr15lNwIwLxRmOxhA-- <- d3-color 3.1.0
+ nodelite-2-zGYcYfq-WmZ4V-kBIXQon9dSSc8ircGZqw9ZaNhhGj9nZkeBu1jHLBDQqYYi5WA9uawvA2sIMbry2nCFhf5Djg-- <- @babel/plugin-syntax-import-attributes 7.29.7 (8.0.0-beta.0 is available)
+ nodelite-2-zhaCDicdLuWN5UbN5IMnFqNMhNfo919sH85y2-ea-5Yg9TsTkeZxpL-JLbp6cgYFS4sRLp3YV4S6yDuqVWHYOw-- <- builtin-modules 3.3.0 (5.0.0 is available)
+ nodelite-2-zHd0eUrf5GZoOWVCXp6koAKQTfZV07eit6bGPmJgnZdnSAvvZee6zniW2XMF7Cmc4ISOOnPy3QaSiIJGJkVEDQ-- <- @babel/runtime 7.23.6 (8.0.0-beta.0 is available)
+ nodelite-2-zHig5N-tPWARooBnb0Zx1MFcdfpyJrfTJ3Y5L-IFvUm8rM74hHz66z0gw0x4tijh5CorKkKUCnW82R2vmpeCRA-- <- compare-func 2.0.0
+ nodelite-2-zHo8v-otD1J10j-tC-VNoGK9keCuByhKovAvdn74dmxJl9-mWHnx6EMsDN4lgRoMI-eYo2nchAxniIbUPb5onw-- <- mississippi 2.0.0 (3.0.0 is available)
+ nodelite-2-zHXBLhP-QehSSbsS9Pt23Gg964240DPd6QCf8WpkqEXxQ7fhdZzYsocOr5u7apWonsS5EjZDmTF--slGMyasvw-- <- es-abstract 1.24.1 (1.24.2 is available)
+ nodelite-2-zI-6lBe7Qy-ib4s5mz5KhiwkiM3oJFnvbfgLucRbf5trIK70vT-EQ3odMDCEn3igg8hE85teNU8BZffvuEfm9g-- <- altair-static 7.3.6
+ nodelite-2-zIcONa-hVtVSSep9UT3jZ5rizo2BsxgyDYU7WFD5eICBE7no3881HGeb-QkGfsJs6JTkY1aQhT7rIPC7e-0nnA-- <- @testing-library/jest-dom 6.9.1
+ nodelite-2-zJ2mQYM18rEFOudeV4GShTGIQ7RbzA7ozbU9I-XBpm7kqgMywgmylMwXHxZJmkVoYkna9d2pVXVXPdYTP9ej8Q-- <- fresh 0.5.2 (2.0.0 is available)
+ nodelite-2-zJxVehUdMGIKsRaNt7apO2Gqp0BdqW5yaiGHXXmbpvxgBYVZnAql-BJb4RO5ad2MgpbZKn5G6nMnegrH1FcNYQ-- <- hpack.js 2.1.6
+ nodelite-2-zK0TB7Xd6JpCLmlLmufqykGE--TlOePD6qKClNW7hHDKFh-J7-7gCWGR7joEQEW1bKq3a3yUZSObOoWLFQ4ohg-- <- read-pkg-up 7.0.1 (8.0.0 is available)
+ nodelite-2-zKp7CjQzLQImXEpLt2BUw1tvOMPfNoTAfb8l51evhYbOEEzdWyQNmHWWGPR6hwKJDAi-1VXSBmnhL9kyVTTOuQ-- <- @typescript-eslint/types 4.33.0 (8.8.0 is available)
+ nodelite-2-zl6s8LwNyo1P9uw-XJGvZtdFF1GdAkOg8ujOw-4Pyb76874fLps4ueHXDhXWdk6YHQ6OgUtinliG7RsYvCbbBg-- <- hast-util-to-jsx-runtime 2.3.6
+ nodelite-2-zLHQdI-Qs1UyT5UBdWNqsARasIA-AaF8t-4u2aS2nEpBQh2mWIVb8qAklq0eUENnC5mOItrIB4LiS9xMtph18A-- <- @webpack-cli/info 2.0.2 (3.0.1 is available)
+ nodelite-2-zmEzHdvpZBZu0OKlbJSfgASQvaayyAoVuWtvyr34IJ-LyS-DaOKvvR3EvFJ9RWWtNIx-CMvO125OVophaxNYew-- <- postcss-normalize-timing-functions 7.0.3
+ nodelite-2-zmPitbQ8-6zNutpwgcQuLcsEpn-Cj54Kbn7L5pX0Os5kdWplB7xPgEh-g-SWOB-qmows2gpuCaPyduq8ZZRnxA-- <- @types/minimatch 6.0.0
+ nodelite-2-zOh9jPYI-xrNOyisSelgym4tolKTJCQd5GBhK0-0xJvcYDcwlOoxF-rnFKQ2KRZknXSG9jWAp66fwP6AxN9STg-- <- stubborn-utils 1.0.2
+ nodelite-2-zonE-xlIIYtxPy--L24ow0hAD8CICb4-FgPyROd3buyXIqsJvUEDkBgfCCoXOd1Hu3DUr0GOfnPIdcGV-YpNaA-- <- wasm-feature-detect 1.9.0
+ nodelite-2-zoWr9ObaxALD3DOPfjPSqxt4fnZiWblxHIgeWqW8x7UqDzEtHEQLzji2cuJYQFCU6KmoJikOYAZlrTHHebjx2w-- <- unique-slug 2.0.2 (6.0.0 is available)
+ nodelite-2-zpe98Q6kvavpCr1NPVSCMebCKfD7CA2NqZ-rykeNhONIJBpc1tFKt9hucLGwha3jNTNI8lHpctWJWoimVF4PfA-- <- micromark 4.0.2
+ nodelite-2-zPEcYhl1cSfkSRDzzGgoD1mDvGjxoOTJFvkn55srfgdQ3NZe2ZMCScCU6DEnOxuKP1XDVf8pqyqCDVd2-RCQIw-- <- @umijs/route-utils 4.0.3
+ nodelite-2-zPGsiS-dWoTZtZ4AtpA9Y-BdSFSNWvnouNlWNoUFyAM6xHOHmdCvqO3k8AIbdamCOv4gUFUVNPf6rJFfc4UiJw-- <- human-id 4.2.1
+ nodelite-2-zR7fv-z14OjgHl4AgRtkDBvBMhIzCxqV-qN-2BCRC7LjFwvuzjYe7gDWxC4Wl-SNsLM6SE1IWvRPYMgSJaUvNw-- <- @babel/plugin-transform-numeric-separator 7.29.7 (8.0.1 is available)
+ nodelite-2-zrceR-XhGYU-d-opr2EKO7aRHUeiBI8qjtfHqADTwZd6Szfy16la6kqD0MIUs5z5hx6AaKa-PixpPrR289-I0A-- <- regenerate 1.4.2
+ nodelite-2-zRkxjtBxxLd2Sc0d-fbnEunsTj46SWXgXciZmHq0kDYGnck-ZSGj9-wULTV95uoeYiK5hRXP2mJ98Uo4cq-LQg-- <- micromark-factory-space 2.0.1
+ nodelite-2-zRSVH1WXD0uXczCXw-nsdjGPUdx4dfrs5VQoHnUWmv1U3oNlAKv4FUNdLDhVUg-gYn-a5hUESqch--Rv5wVhrg-- <- typescript-eslint 8.49.0
+ nodelite-2-zrteXnqYxfQh7l5FHyL38jL39di8H8rHoecLH3JNxH3BwOrBsNeabdap5e0I23lD4HHI8W5VFBZqG4Eaq5LNcw-- <- jest-get-type 29.6.3
+ nodelite-2-zsFhmbkAzwhTft6nd3VxcG0cvJsT70rL-BIGHWVq5fi6MwGrHwzqKaxXE-Hl2GmnGItnDKPPkO5-LQqjVkIdFg-- <- node-abi 3.85.0 (3.96.0 is available)
+ nodelite-2-zSMINGVYkdpYSOBmLi0D1Uo7JU9nVdQKrHxC8eYlV-9YKK9WePqAlL7lSlorG-U2Fw1w0hTBmaa-jrQ3UbPHtA-- <- loupe 2.3.7 (3.2.1 is available)
+ nodelite-2-zt6OdqaDoOnJ1ZYsCYGt9YmWzDXl4vQdKTyJev62gFhRGKdx7mcT54V9KIjg-d2wi9EXsPvAPKe7i7WjfVWB8g-- <- @rtsao/scc 1.1.0
+ nodelite-2-zTEg4HL0RwVrqcWs3ztF-x1vkxfm0lP-MQQFPiMJTKVceBwEV0A569Ou8l9IYQG8jOZdMVI1hGsc0tmeD2o-Lw-- <- set-value 4.1.0
+ nodelite-2-ztqyC3kLto0e9WbNp0aeP-M3kTt-nbaIveGmUxAtZa-8iFgKLUOD4YKM5j-f3QD89bra7UeumolZHKuOXnTmeQ-- <- html-tags 3.3.1
+ nodelite-2-ztsSx77JBtkuMrEypfhgc3cI0-0h-svqeie7xHbh1k-IKdcydnvadp-mUaGgjAOXQmQSxsqgaRhS3q9fy-1kxg-- <- fbjs 3.0.5
+ nodelite-2-ztTNPdIxXTxtBcG03E9u8v44M4ElXbMIRT7pf2onlquGula0Y83nKKxqM22FA-hMgkfCjN7ohevkVlaNwI8iOQ-- <- postcss-reduce-initial 7.0.9
+ nodelite-2-zTU3DaZaF3Rt9rhN3uBMGQD3dD2-vFQqnvZCDv4dl5iOzq2IZQqTxu90r4E5J-nP70J3ilqVCrbho2eWaeW8Ow-- <- lunr 2.3.9
+ nodelite-2-zUb94gvIhAx2sXP3IvX6Nr-0zrT4qRcb14Lt8f7T-KtIF-YHEIiareDnegjyAQj8XTl1H3AI6SIGNyHEp78Erw-- <- @antv/layout 2.0.0-beta.0
+ nodelite-2-zvGPc9QyjgzpRN7iOU-FzHcTnIMPAZykM9HyWlIOu8hPu1q-TxjsKCi1xi8tbZQGyvIUUB-mRIlZDst3gyyznQ-- <- byte-parser 1.0.0
+ nodelite-2-zvlfeG2aq25lFZ-2pvo0KoMf3jDuR0ThzLivCj5Yv3yhZf2i-BL5fypW-0IqRh6YSFkJ731iHHfq7FIPhxdHpw-- <- leancloud-storage 4.15.2
+ nodelite-2-zVpa8oKZSz5bTMTFClc1fQOnyyEzpl5ozpi1B5YcvBrdohMjH2rfsBtyXcuNuwjsDIXmBYlF2N5FlJYhR29t8Q-- <- public-encrypt 4.0.3
+ nodelite-2-zWfYEFUXahcZH-RgaRCgf-YCWdPr0svztXdLazrn22pCStGEu0qdt2rUV9dqiw9gMh3zdkHUt6ZxlmxQyO7uXw-- <- @leancloud/adapters-superagent 1.4.3
+ nodelite-2-zwOTdL3rFQ-lRdBnntKVOX6k5cKJwEc1HdilT71BWEu7J41gXIB2MRp-vxduPSwZJPWBxEzv4yH1wYLJGUHX4Q-- <- jsonfile 6.2.1
+ nodelite-2-zxt-UJTOMKvUt3yOg-D58MLuz334pHp93qifMFcjIIO-9hN6t-ufw2gi7vDPMpxvfnHRR-3VVXvIjineCcgyXw-- <- @babel/eslint-parser 7.29.7
+ nodelite-2-zxV-SsA-U4yte8051P4ECydjD-S-qeYtnaIyAs9tgHCqfguma-aAQDjo85A9Z6EKhBirHRJHXIgJUlffT4wdLg-- <- d3-force 3.0.0
+ nodelite-2-zymm5-u-sCsSWyD9qNaejV3DFvhCKclKdizYaJUuHA83RLjb7nSuGnddCHGv0hk-KY7BMAlsWeK4Ueg6EV6XQg-- <- is-fullwidth-code-point 3.0.0 (5.1.0 is available)
+ nodelite-2-zz06S8t0ozoDXMG-ube26zeCTNXcKIPJZJi8hBrF4idCLms4CG9QtK7qBl1boi5ODzFpjswb5JPmHCbMpjaYzg-- <- is-arrayish 0.2.1 (0.3.4 is available)
+ nodelite-2-zzNR-SdQSDJzc8joaeP8QQoCQr8NuYx2dIIytl1QeBEZHJ9uW6hebsrYgbz8hJwUQao3TWCMtmfV8Nu1twOLAw-- <- @jridgewell/trace-mapping 0.3.31
+ nodelite-2-zZpeQtc5wfWKdzDsHRBY003H2Smg-PUi2REhqgIhdzAa5xonhP03FcXxqFSerFiNUr5AWmHpaNPQTBVOS4lrXw-- <- micromark-extension-mdx-expression 1.0.8 (3.0.1 is available)
+ nodelite-2-zzw1uCAgLbsKwBfFc8CX78DDg-xZeBksSO3vwVIDDN5i94eOrPsSSyiVhmsSABFDM-OcpE2aagCat9dnWQLG1A-- <- assert 1.5.1 (2.1.0 is available)

Done in 4.6s
