Progress: resolved 1, reused 0, downloaded 0, added 0
Packages: +250
++++++++++++++++++++++++++++++++++++++++++++++++++++++++++++++++++++++++++++++++
Progress: resolved 250, reused 0, downloaded 249, added 249
Progress: resolved 250, reused 0, downloaded 250, added 250, done

dependencies:
+ nodelite-2-a-7BiSgobHAgBWeN7N0w-lAhInrGxksn13uK7231n2m8EDPE3BMCl9NZLTGrj9ZXfCmC6LM0QLqXidIizVQ6yg-- <- @fortawesome/fontawesome-common-types 0.2.36 (7.1.0 is available)
+ nodelite-2-a1tRZ-Ytx8T-dsCyKnDXtf5ziAzm4iFDD3g5jsO-SyLEf8eza-s7fAd2J7EPBA2y20Y4BJyFuTO4G2u8h-oxYQ-- <- @pnpm/manifest-utils 1001.0.6
+ nodelite-2-a2B9Y0KlNXl9u-vsW6sTIu9vGEpfKu2wRV6l1H3XEas-0gUIzGzBoP-IouTcUQbm9JWZLH3COxyn03TYlFax6w-- <- simple-update-notifier 2.0.0
+ nodelite-2-a39t9ApHNx2L4-HBnQKqxxHNs1r7KF-Intd8Q-g1bUh6q0WIp9voPXJ-x0j-ZL45KF1pJd9-q2jLIRMfvEshkA-- <- process-warning 5.0.0
+ nodelite-2-a4tiq7E0-5fTjxPAaH4jpjkSv-uCaU2p5KC6HVGrvl0cDjA8iBZv4vv1gyzlmK0ZUKqwpOyQMKzZQe3lTit77A-- <- gcp-metadata 6.1.1
+ nodelite-2-a4UGQaWPH59mOXUYnAG2ewncQS4i4F43Tv3JoAM-s2VDAmS9NsK8GpDMLrCHPksFT7h3K6TOoUNn2pb7RoXx4g-- <- yallist 3.1.1 (5.0.0 is available)
+ nodelite-2-TjNPblN4BwAWMXU8s9AEz4JmQxnD1NNL7bNOY-AKUzyamc379FWASUhc-K1pL2noVb-XmZKLL68cjzLsiOAMaA-- <- proper-lockfile 4.1.2
+ nodelite-2-TkRKr9sUTxEH8MdfuCSP7VizJyzRNMjj2J2do2Jr3Kym598JVdEksuzPQCnlFPW4ky9Q-iA-ma9BGm06XQBy8g-- <- type-is 1.6.18 (2.0.1 is available)
+ nodelite-2-TllpMR-t0M5sqCXfj85i4XaAzxmS5tVA16dqvdkMwGmzI-dXLXnw3J-3Vdv7VKw-ThlTMboK6i9rnZ6Nntj5CQ-- <- degenerator 5.0.1
+ nodelite-2-Tm-wVu1-V37uZXcT7xOhzdpFoovQReErff8x3y82k6YyWa1gzxWBjTyrx4G2enjEqoXPnUUmJ3MOmwH-TiP6Sw-- <- @godaddy/terminus 4.12.1
+ nodelite-2-Tpp60P6IUJDTuOq-5Z8cdskzJujfwqfOTkrwIwj7IRISpnkJnT6SyJ4PCPnGMoFjC9ddhal5KVIYtAt97ix05A-- <- ms 2.0.0 (2.1.3 is available)
+ nodelite-2-TtpcNJ3XAzx3Gq8sWRzJaVajRs0uVxA2YAkdb1jm2YkPz4G6egUFAyA3n5vtEIZefPk5Wa4UXbKuS5fKkJWdgA-- <- escape-string-regexp 4.0.0 (5.0.0 is available)
+ nodelite-2-TtSCEDonV-9R0VhVlCpxZbp-9sxQvTTRKzIf8LxW3uXpby6Wl8IxEciBJlxmSkoqxh542WRcko7NYODlvL-gDA-- <- @aws-sdk/middleware-recursion-detection 3.922.0 (3.972.2 is available)
+ nodelite-2-Tu8jMlcX-9d8-QVzKIvM-uJtp07PKr82IUOYEphaWcoBhIYkoHpLXN3qO59nAI11ripznDsEzEv8nUxBVWajGg-- <- pg-pool 3.10.1
+ nodelite-2-Tub4ZKEXqbPjXgWLl2-3JpQAYBJ8-ikpQ2Ocj-q-r0LwE3UhENh7EUabyHjz2kCEsrRY83ew2DQdHluuiDQFzg-- <- @babel/helper-skip-transparent-expression-wrappers 7.27.1 (8.0.0-beta.0 is available)
+ nodelite-2-TvmkNhkv8yct0SVBSy-o8wYzXjE4Zz3PCesbfs8HiCXXdcTuocApFv11UWlNFWKYsP2okqrhb7JNlSm9InBhIw-- <- murmurhash-js 1.0.0
+ nodelite-2-TywoWNNRbhoD0BXs1P3ZEScW8W5iKrnbithIl0YH-uCmBd0QpPOA8yc82DS3BIE5Ma6FnBVUsJ7wVUDz4dvOWQ-- <- commander 14.0.2
+ nodelite-2-U-PBtDf35ff0D8X8D0jfdzHYEPFxAI7jJlxZXwCSez5M3190m-QobIfh-sWDWSHMCWWJN2AWamkegn6vr6YBTw-- <- yoctocolors-cjs 2.1.3
+ nodelite-2-U1suiZ2oDVWv4zPO56S0NcR5QriEahGtdN2OR6FiOG4WJvcjBVFB0qI4-eKoWFH483PKGuLuu6V8Z4T5g63UVA-- <- esm 3.2.25
+ nodelite-2-U7tt8JsyrxSRKspfhtLET79pU8K-tInj5QZXs1jSugO1Vq5dFj3kmZsRldo29mTBfcjDRVRXrEZ6LS63Cog9ZA-- <- hono 4.11.4 (4.13.5 is available)
+ nodelite-2-U7VdrJFnJgo4xjrHpTzu0yrHPGImdsmD95ZlgYSEajAn2JKzDhDTPG9kBTefmObL2w-ngeZnilk-OV9CG3d7UA-- <- commander 6.2.1 (9.5.0 is available)
+ nodelite-2-U82MsXXiFIrjCK4otLT-o2NA2Cd2g5MLoOVXUZjIOhLurrRxpEXzI8O0KZHr3IjLvlAH1kTPYSuqer5T9ZVBKQ-- <- is-reference 1.2.1 (3.0.3 is available)
+ nodelite-2-UbOsTIW9lVqR6nXQzvYOvTJg8uGaXorlU7V4zIBPFsGff-PfCakQRIL6Y8klvGBPwarjjqLaZ5SHdm55G4I4wA-- <- @pnpm/write-project-manifest 1000.0.11
+ nodelite-2-UcjcJOWknrNkF6PLX83qcHM6KHgVKNkV62Y8a5uYDVv9ydGQVwAHMKqHdJje1VTWpljG0WYpCDhrCdAOYH4TWg-- <- split2 4.2.0
+ nodelite-2-UcVfVfaK4Sc4m7X3dUSoHoozQGBEFeDC-zVo06t98xe8CzHSZZBekNXH-tu0NalHolcJ-QAGqS46Hef7QXBIMw-- <- is-wsl 3.1.0 (3.1.1 is available)
+ nodelite-2-UDJVCunvgblRpfTOjo-uT7pQzfrTsSICJ4yVS4aq7SsGBaUSpJwaVP15nF--jqinSLpN7boe-BqbUmtWMTQ5MQ-- <- snappy 7.3.3
+ nodelite-2-UEZIS3-by4OC8vL3P2dTXRETpebLI2NiI5vIrjaD-5UtrkFX-tNbwjTSRAGC--7CAo2pIcBaRgWmcBBHcsaCIw-- <- package-json-from-dist 1.0.1
+ nodelite-2-UfoeMA6fIJ8wTYFEUjelnaGI67v6-N7qXJEvQuIGa99l4xsCruSYOVSQ0uPANn4dAzm8lkYPaKLrrijLq7x23w-- <- is-core-module 2.16.1
+ nodelite-2-Ug69mNOpfvKDAc2Q8DRpMjjzdtrnv9HcSMX-4VsZxD1aZ6ZzrIE7rlzXBtWTyhULSMKg076AW6WR5iZpD0JiOg-- <- read-pkg 5.2.0 (9.0.1 is available)
+ nodelite-2-UhDfHmA92YAlNnCfhmq0VeNL5bDbiZGg7sZ2IvPsXubGkiNa9EC-tUTsjBRsYUAz87btI6-1wf4XoVvQ3uRnmQ-- <- stdin-discarder 0.2.2
+ nodelite-2-Uhdk5sfqcee-9H-rCOJikYz67o0a2Tw2hGRPOG2Y1R2dg7brRe1uG0yaNQDHu-TO-uQPF-5eCapvYSmHUjt7JQ-- <- eslint-visitor-keys 4.2.1 (5.0.1 is available)
+ nodelite-2-UJ4TQuwih9YRoUIR-nGluSUXwPEPOQVFIcFziERtAv0OGWAeEg7E5FviTVLfI1b2eOVRVtqhLfosdOQHYO7EpA-- <- icc 3.0.0
+ nodelite-2-UjgapumWlbMhkBgzT7Ykc5YXUT46F0iKu8SGXq0bcwP5dz-h0Plj6enJqjz1Zbq2l5WaqYnrVbwWOWMyF3F47g-- <- source-map 0.6.1 (0.8.0-beta.0 is available)
+ nodelite-2-UjtGKL-bfaUTf4NfDaKCeYIvtMIJi9nr94QQB13p8uPXhSfjo931zhWNAib3YY7xkNqzVEBWzFGuB1IT5w7lGA-- <- @mapbox/mapbox-gl-geocoder 5.1.2
+ nodelite-2-UJUfBFIvXfly8WKIgmqfmkGKPilKB4L5j38JfsDd-OCg2GBdU0vGUV08Uw82tsRZzd4TbsUURVVNGeOhJVF7pA-- <- stylelint-scss 6.12.1
+ nodelite-2-Ukq0owbQXxa-U3EGtsdVBkR1w7KOQ5gIBqdH2hkvknzZPYvBxb-aa6E8L7tmjFtkwZBu3UXBbjIgPo-Ez4xaNg-- <- date-fns 4.1.0
+ nodelite-2-UkRNRIwnhG-y7hpqnycCL-xbTk7-ia9VuVTC0S-zVbwd65DI9eUpRMfsWIGrCWxTU-mi-JW8cHQCrv-zfCbEPQ-- <- read-yaml-file 2.1.0
+ nodelite-2-UNqkvCDXstVck3kdowtOTWROIJQwafjOfXSmddoDrXo4cewMKmusCeF22Q24zvjR8nwWib-3S-dfyzPItPEiJg-- <- color-convert 3.1.2
+ nodelite-2-UOiS2in6-Q0FK0R0q6UY9vYpQ21mr-Qn1KOnte7vsACuNJf514WvCCUHSRCPcgjPT2bAhNIJdlE6bVap1GKmeg-- <- extendable-error 0.1.7
+ nodelite-2-UPzNGhsSjHD3Veb0xO-MwvasGe8eMyNrR-sT9gR8Q3DhOQZirgKhhXv-8hVsI0QpPjR004Z9iFxoJU6in3uGMg-- <- @changesets/read 0.6.5 (0.6.7 is available)
+ nodelite-2-URMGH08NzYFhubNSGJrpUEphGKQwMQYBySzat5cAByY1-YgIRkULnIy3tAMeszlL-so2HbeilYloUmSpd7GdVw-- <- @babel/helper-optimise-call-expression 7.27.1 (8.0.0-beta.0 is available)
+ nodelite-2-Us-Se1WtT0ylXgNFfyFSx4LElllVLJXQjWi2Xz17xWw7amDKO2MLtFnVp1WACy7GkVGs-oBlRopVNUzlrGSw1w-- <- nodemailer 7.0.10 (7.0.12 is available)
+ nodelite-2-USjyxm3gQEePdUwJBFjjGNG18xY9A2grDVGuk7-9AkjIF1L-ZrVnwR5VAU5JXtUnBL-Nwt3H31KlRDaksnM7-w-- <- @typescript-eslint/types 8.46.4
+ nodelite-2-USPkMeET31rOMiarsBNIHZKLGgvKc-LrjofAnBlOttf5ajRvqiRA8QsenbcooctK6d6Ts6aqZXBA-XbkKthiQg-- <- mime 2.6.0 (4.1.0 is available)
+ nodelite-2-UtjIFe0C6oYgTnad4q1QP4qXwLhe6tIpNTRStJ2RZEPIkqQPREAwE5spzVxsdn9UaEMUqhh0AqSx3X4nWAKXWw-- <- @microsoft/tsdoc-config 0.17.1 (0.18.1 is available)
+ nodelite-2-UTurh1C4qkVCtqggI36DGbLB2Kv8UlcFdMXDcWMbqVY2uRg0XmT9Pb4Vj6oSQ34eizO1fvR0RnFV4Axw4IrrAg-- <- @smithy/node-config-provider 4.3.5 (4.3.8 is available)
+ nodelite-2-Uv9VOG8OpcS7vjGFrzFfro0V5YG5khgvMwjgiT0-pl9hJlSF2h2L-lQ---ted-IXuFbzvmGaY5LYgGPTk4hvww-- <- @pnpm/client 1001.1.4
+ nodelite-2-UvDTCxnbyqkTg2X0dBOuZ4IdFJ8g4UFu0Ybv-5-cZAxCWVhNl1hC-Xc9hR4tZrlBL0NRFePLRhO-iw9LmA1lbw-- <- @pnpm/types 1000.9.0
+ nodelite-2-UVZlVLfLyz6g3Hy7GNDpooMQonUygH7ghdiSASOOHy97fKj-mPLqgDX7aidOijn-sCMU-WU8NjlPlNTgnvbcGA-- <- @azure/core-rest-pipeline 1.22.1 (1.22.2 is available)
+ nodelite-2-UXSH262CSZY1tfu3G3Secr6uGLCFVPMhIqHjlgCUtCCcgihYc-xKs9djMTMUOb2j1mVSeU8EU6NWc-iQKU6Gfg-- <- string.prototype.trimstart 1.0.8
+ nodelite-2-UXWMKhLOwVKb728IUtQPXxfYU-usdybtUrK-8uGE8CQMvrhOpwvzDBwj0QhSL7MQc7vIsISBG8VQ8-IDQxpfQA-- <- source-map-js 1.2.1
+ nodelite-2-V-23sDMr12Wnz7iTcDeJr3O6AIxlnvT-bmaAAAP-Xda35C90p9599p0F1eHR-N1KILWSoWVAiOMFjBBXaXSMxg-- <- http2-wrapper 1.0.3 (2.2.1 is available)
+ nodelite-2-V-JgOLFCS-R6Vcq0slCuaeWEdNC3ouDlJMNIsacH2VtALiu9mV4LPrHc5cDl8k5aw6J8jwgWWpiTo5RYhmIzvg-- <- fs-minipass 2.1.0 (3.0.3 is available)
+ nodelite-2-V-yHdamffSS075jit-fDxaOAmdP2liok8NSNJnAZfDJErzOheuygHZEhAJrfmk5TEyM32MhkZjwo-idX791yxw-- <- @types/codemirror 5.60.16 (5.60.17 is available)
+ nodelite-2-V0hjH4dGPh9Ao5p0MoRY6BVqtwCjhz6vI5LT8AJ55H-4g9-4vbHx1I54fS0XuclLhDHArPQCiMjDxjaL8fPxhw-- <- entities 4.5.0 (8.0.0 is available)
+ nodelite-2-V24bxkNkFGggqPVJlP9iXaBabwSGEG7QTz-PyxrRtjPkcF--NsWtB3tKYvFYEmczRkWiIEfuFMhGpJFj9Fxe6Q-- <- stylelint-config-recommended-scss 15.0.1
+ nodelite-2-V3vI7vVMNU5HU6m2PD4YBK8d6IAXEq4wnCOvkE7JQGs-fp3R1YebLOSmH7Nv0gXf76TptajTejPJeRiUPIYhwg-- <- @pnpm/git-resolver 1001.1.5
+ nodelite-2-V4QC8h3fdT5Wro6vANk6eojqfbv5bpwHuMsBcJUJkqs2z5XnYhJzyz9Y02eUmF9u3PgXEUiOt4w4KHR3P-z0PQ-- <- @typescript-eslint/type-utils 8.46.4
+ nodelite-2-V8N-TY2TGyas4wLrPIFq7bcow68b3gu8DfDt1-rrHPtXxcexadKauRJL6eQgfG7Z0LCrN4boLRawR4S9gjIh-Q-- <- @codexteam/icons 0.0.4 (0.3.3 is available)
+ nodelite-2-V9cQ0CHqu3JwOmbSecGPUnzIES5kHxD00FEZKnWh90ksQUJG5-TscV2r9XLbKp7MlRMOSUfWxecM35xPSLFdSg-- <- @authenio/samlify-node-xmllint 2.0.0
+ nodelite-2-V9f6ZFIYSLNEbuGA-92uOvYsGCJNsuA8ESZ4ldc09bWk-j8H8TKiPw8Mk1eG6olpnO0ALHJmYfZvF4MEE4gajg-- <- @babel/helper-create-class-features-plugin 7.28.3 (8.0.1 is available)
+ nodelite-2-VaGXRwSez71iZ65nOat-B0oPViWyLzAdgAfNJjmt1eDoNZ0Npu-9lrI0ZNRVZ0NDH3U-TQ8LVesCZOdvr0-5SQ-- <- @pnpm/resolving.jsr-specifier-parser 1000.0.3
+ nodelite-2-VaUJspBffn-LMCJVoMvSAdmscJyS1auj5Zulnn5UoYcY531UWmdwhRWkcGKnGU93m5HSXP9LP2usOryrBtQowA-- <- get-stream 8.0.1 (9.0.1 is available)
+ nodelite-2-VaxMGsilqFnK1CeBX-LXnSuaMx4sTL-6znSZh2829txWieazdVxr54HmiyTsIbpOTLcf5nYpq9lpzmwRdxj6rQ-- <- @smithy/url-parser 4.2.5 (4.2.8 is available)
+ nodelite-2-VCjCNfgMsby3tTdo02nbjtM-ewra6jPHmpThenkTYh8pG9ucZ-1P8So4u4FGBek-BjpOVsDCMoLA-iuBKIFXRA-- <- side-channel-map 1.0.1
+ nodelite-2-Vd-9EVDiu6PPJt9yAh6roZP6El1xHrdvIVGjyBsHR0RYwNHgL7FJPyIIW4fANJNG6FtyZfvlRPpFI4ZM-lubvw-- <- @csstools/css-tokenizer 3.0.4 (4.0.0 is available)
+ nodelite-2-VE0SOVEHCk7Qc8ulkWw3ntAzXuqf7S2lvwQaDLRnUeIEaKNQJzV6BwmLKhOqT61aGhfUMrXeaBk-oDGCzvhcug-- <- sprintf-js 1.1.2 (1.1.3 is available)
+ nodelite-2-VgZkrJckypj85YxEsEavcMmmSOIzkUHqWmM4CCyia5dc54YwsXzJ5uT4fYxBQNEXx-oF1krlhgCbvfubXqZYsQ-- <- @types/bytes 3.1.5
+ nodelite-2-VIMnQi-Z4HT2Fxuwg5KrY174U1VdUIASQVWXXyqtNRtxSr9IYkn1rsI6Tb6HsrHCmB7gVpNwX6JxPTHcH6IoTA-- <- read-yaml-file 1.1.0 (2.1.0 is available)
+ nodelite-2-VIZB-ibDhx7ObhAe7OVtoEbuP4h-MuOTHJ-J8h-eBXotJYl0fBgR72xDFCKgIh22OJZIOVNxBMWuhAr10r8HdA-- <- hard-rejection 2.1.0
+ nodelite-2-Vj7sf--t5pBD637NSfkxpHSMfWaeig5-DKWLhcqIYx6mWQz5hdJTGDVMQiJcw1ZYkhs7AazKDGpRVji1LJCZUQ-- <- path-type 6.0.0
+ nodelite-2-Vjyr90sJ23CKKH-qPAgUKicw-v6pRoamxIEDFOF8uSgFME7DqPRpHgRTejWVjkdGg5dXj0-NyxZHZ9bcjH-2uQ-- <- mnemonist 0.40.3
+ nodelite-2-VkndIv2fIB99swvQoA65bm-fsmt6UNdGeIB0oxBs-WhAhdh08QA04JXpI7rbB9r08-nkbysKoya9rtDERYOYMA-- <- p-map 7.0.3 (7.0.4 is available)
+ nodelite-2-VlfT9F3V0v-jr4yxPc5gg9s62-fIVWsd2Bk2iD435um1NlGMYdVCq-MjcXnhYq2icNOizHr1kK-5TI6H0Hy0ag-- <- commander 2.15.1 (9.5.0 is available)
+ nodelite-2-VLghIWNM6ELQzo7zwmcg0NmTVyWKYjvIeM83yjp0wRDTmUnrM678fQbcKBo6n2CJEF0szoG--ytg-TKla89ALQ-- <- isarray 1.0.0 (2.0.5 is available)
+ nodelite-2-VmgwQJZgL-LQjk049JunzRV1YCa0vDi-BNEpbDmr5cp3lGZllq9QQFO1eI71ZPzvFVn3vvhb-eOif4sAEyGgbw-- <- @editorjs/caret 1.0.3
+ nodelite-2-Vmp0jIp2ln35UTXuryvjzkjGdRyf9b2lTXuSYUiPmzRcl3FDtYqAwOnTJkAngD9SWhnoJzDbTKwaOrZ-STtxNQ-- <- unique-filename 1.1.1 (5.0.0 is available)
+ nodelite-2-VNTrAak-KhO2i8dqqnqnAHOa3cYBwXEZe9h-D5h-1ZqFSTEFHdM65lR7RoIqq3tBBYavsOXV84NoHXZ0AkPyqQ-- <- muggle-string 0.4.1
+ nodelite-2-Vo1ab-QXPzZ4tCa8SwIHJFaSzy4R6SHf7BY79rFBDf0idraZWAkYrDjDj8uWaSm3S2TK-hJ7-t1CEmZ7jXw-pg-- <- eventsource-parser 3.0.6 (3.1.1 is available)
+ nodelite-2-VO5fQUzZtI6C-vx4w-4BWJpg3s-5l-6pRQEHzFRM8WFi4XffSP1Z-4qi7GbjWbvRQEbdIco5mIMq-zX4rPuLrw-- <- exsolve 1.0.7
+ nodelite-2-VOMgTMwjAaUG580SXn3LacVgjurrbMme7ZZNYGSSV7mmtY6QQRh0Eg3pwIcntQ77DErK1L0NxkbetjcoXzVwKw-- <- bintrees 1.0.2
+ nodelite-2-VP79XUPxV2CigYP3jWwAUFSku2aKqBH7uTAapFWCBqutsbmDo96KY5o8uh6U--YSIn5OxJnXp73beVkpqMIGhA-- <- mimic-function 5.0.1
+ nodelite-2-VpZrUqU5A69eQyW2c5CA1jtLecCsN2U-bD6VilrFDWq5-5UIEVO7nazS3TEcHf1zuPYO-sqGvUvW62g86RXZuA-- <- postgres-array 2.0.0 (3.0.4 is available)
+ nodelite-2-VQ2MBenTq1fWZUH9DJNGti7kKv6EeAuYr3cLwxUWhIu1baTaXh4Ib5W2CqHVqib4-MqbYGJqiL3Zb8GJZr3l4g-- <- crelt 1.0.6
+ nodelite-2-VqAAkydywPpkw63WQhPVKCD3SdwXuihCUVZbbiY3SfSTGQyHmwRoq27y4dmJdZuJwd5JIlQoMPyGvMbUPY0RKQ-- <- @streamparser/json 0.0.20
+ nodelite-2-VqpjJZKadQB-PEbEwvFdO43Ax5dFBZ2UECszz8bQ7pi7wt--PWe1P6MN7eCnjsatYtBT6EuiClbjSWP2WrIoTw-- <- serve-static 1.16.2 (2.2.1 is available)
+ nodelite-2-VRSzKkbMm5jMDoKLbltAkFQ5Qr7VDiTFGXxYFXXowVj387GeGNOCsOH6Msy00SGZ3Fp84b1Naa1psqgcCIEP5Q-- <- is-plain-object 5.0.0
+ nodelite-2-VrVHVcVaVVUQfs3yNx8-v2YcGIJlcHcOhlskvUEXFS4u6x4MGAtJd0JTL77mlxdA1vUOGva0HFk7-4XeiYipSA-- <- @pnpm/store.cafs 1000.0.16 (1000.0.19 is available)
+ nodelite-2-VT0ZI6kZRdTh8YyJw3SMbYm-u-NqfsAxEpWO0Pf9sq8-e94WxxOpPKx9FR1FlyCtOVDNOQ-8ntlqFxiRc-r5qA-- <- ansi-styles 3.2.1 (6.2.3 is available)
+ nodelite-2-VtAOaymWVfZcmZbp6E2mympDIHvyjXs-12LqWYjVw6qjrfF-VK-fyG33kChz3nnK-SU5-NeHOqrTEHS8sXO3OA-- <- @eslint/object-schema 2.1.7 (3.0.5 is available)
+ nodelite-2-VVdYzXEn-cnbXpFgWs5hTT7OScegHVmLhJIR8Ufqk3iFD6A6j5iSX1KuBTfNEv4tdJWE2PzA6IVFtcLC7fN9wQ-- <- cacache 15.3.0
+ nodelite-2-VvrHQ-9uniE-Mvx3-C9IEe-lWasXCU0nXMY2kZeLrHNICuRiC8uMPyM14UEaMOFA5mhyQqEkB02VoQ16n3DLaw-- <- svgo 4.0.0 (4.1.0 is available)
+ nodelite-2-VwddBukDzu71offAQR975unBIGqfKZpM-8ZX6ySk8nYhVoo5CYaZyzt3YBvYtRtO-aoGlqxPg-B87NGVZ-fu6g-- <- webidl-conversions 7.0.0 (8.0.1 is available)
+ nodelite-2-VxhX0B-dWGbpNHxrKCWUAJKXIXV015J4e7qYjdIU9lLWeptk0KMLGcqkB4wFxff5Njqur8dt8wRi1MN9lZtDqg-- <- @ai-sdk/provider-utils 4.0.4
+ nodelite-2-VXJjc87FScF88uafS3JllDgvAm-c-Slfz06lorj2uAY34rlUu0Nt-v8wreiImcrgAjjIHp1rXpTDlLOGw29WwQ-- <- onetime 7.0.0
+ nodelite-2-VyhnebXciFV2DESc-p6B-y0LjSm0krU4OgJN44qFAhBY0TJ-1V61tYD2-wHusZ6F9n5K-vl8k0sTy7PEfV4qpg-- <- execa 8.0.1 (9.6.1 is available)
+ nodelite-2-W-KJc2dmILlPplD-H4K9l9LcAHAfPtP6BY84uVLXQ6Evcz9Lcg33Y2z1IVblT6xdY54PXYVHEv-0Wpq8Io6zkA-- <- fast-safe-stringify 2.1.1
+ nodelite-2-W22HZ-X078IZmE09XEKj4Fq7LxQPP-w-aMYAzm94V2NIGhI0fkiSaBDvyTUl7NYrGT66Wq5-9Po1IWPMllk3cQ-- <- @histoire/controls 0.17.17
+ nodelite-2-W3Bx6mdkRTGtlJISOvVD-lbqjTlPPUDTMnlXZFnVwi9NKJ6tiAk6LVdlhZMm17VZisqhKcgzpO5Wz91PCt5b0w-- <- lodash.includes 4.3.0
+ nodelite-2-W67iLl4J2EXEGTbfeHCffrjDfitvLANg0UlX3wFUUSTx92KXRFegMHUVgSqE-wvhAbi4WqjGg9czysTV2Epbew-- <- object-inspect 1.13.4
+ nodelite-2-W6isNTNgB26n6dZUgwCw6wly-uHQ2Zh5QiRKY1HHMbLAlsnZOxsSNGnuS9euKWHxDftvPfU7uR8XB5x95T5zPQ-- <- @pnpm/git-utils 1000.0.0
+ nodelite-2-W7cHV7Hrwjid6lWmy0IhsWDFQboWSng25U3VVywpHOTJnnAZNPScog67G-cVpeX9f7yDD21ih0WDrMMT-JoaYg-- <- flexsearch 0.7.21 (0.7.43 is available)
+ nodelite-2-W9pAhw0ja1Edb5GVdIF1mjZw-ASI0AlShXM83UUGe2DVr5TdAPEA1OA8m-g8zWp9x6On7gqufY-FatDbC3MDQg-- <- commondir 1.0.1
+ nodelite-2-WaMSdEiPfZTSFVoYmJbxorJfA610O0tlYuU2aEwY33UQhSPgFbClrVJYWvy3jGJx-XW37O-LyNLiZOEXhKhJmA-- <- stylelint-config-recommended 17.0.0
+ nodelite-2-WboRycPNsVw3B3TL559F7kuBUM4d8CgMEvk6xEJlOp7OBPjt6G7z8WMWlD2rOFZLk6OYfFIUGsCOWzcQH9K2og-- <- data-uri-to-buffer 3.0.1 (6.0.2 is available)
+ nodelite-2-WBx8Uy5TLtOSRtIq-M03-sKDrXCLHxwDcquSP2c43Le03-9serjQBIztjRz6FkJez9D-hleyAXTBGLwwZUw9lA-- <- touch 3.1.0 (3.1.1 is available)
+ nodelite-2-WCtabS6t3c8SkpDBUlb1kjOs7l66xsGdKpIPZsg4wR-B3-u9UAum2odSsF9tnvxg80h4ZxLWMy4pRjOsFIqQpw-- <- pg-int8 1.0.1
+ nodelite-2-WDjw3pJ0-0jMFmyNDp3gvY2YizjLmmOUQo6DEBY-JgdvW-yQ9mEeSw6H5ythl5Ny2ytb7f9C2nIbjSxMNzbJXw-- <- nodemon 3.1.10
+ nodelite-2-WFj2isz22JahUv-B788TlO3N6zL3nNJGU8CcZbPZvVEkBPaJdCV4vy5wyghty5ROFbCRnm132v8BScu5-1BQ8g-- <- eslint-import-resolver-node 0.3.9
+ nodelite-2-WhB-2B-ZPlW2Xy-kMJBrMbqecWXcbDDgn0K0wKBAgO2OlBTz1iLJrRWduo-DGGn0Akvz1Lu4Xvls7dJojximWw-- <- @zkochan/retry 0.2.0
+ nodelite-2-WI0DdZ8xFSbgMjR1sFsKABJ-C5OnRrjT06JXbZKexJGrDuPTzZdDYfFlsgcCXCyf-suG5QU2e-y1Wo2V-OapLQ-- <- @emnapi/wasi-threads 1.1.0
+ nodelite-2-WiPxgEirIV0-eIOMcnFBA3-IJZAZqKnwAwWyvvdi4lsr1WCN22nhdf-3db3DoZcUjTV2SqfzIwNyp6y2xs3nmg-- <- decamelize-keys 1.1.1
+ nodelite-2-WKE0j11Pa0ZJI5YIk0nflGI7SQsfl2ljihVy7ogh7DeQSeYAUi0ubZ-yEueGtDfUPk6GH5LRw1hBdLq4IwUBWA-- <- retimer 3.0.0
+ nodelite-2-WkrWp9GR4KXfKGYzOLmTuGVi1UWFfws377n9cc55-tb6DuqyF6pcQ5AbiHEshaDpY9v6oaSr2XCDidGmMwdzIA-- <- dir-glob 3.0.1
+ nodelite-2-Wm-60o-53JwJODm4Knz47dxJnLDJ9FnKnGZJbUUf8nQRAtt6P-undLUAVU3Ha33LxOJe6IPoifRQ6F-0RrU31w-- <- @vue/babel-plugin-resolve-type 1.5.0
+ nodelite-2-Wmt2zoyoKBBYWNEBx1aZYRBWcYjf3py7u-fdTboy2YBAm-1PPMUKb7XnRP4zR0GoC3XqkNLSixcIVMZFnNUwiQ-- <- @pnpm/link-bins 1000.2.6
+ nodelite-2-WmU0TnhEAJLWvfSeMxBNe5xtbselEO8-4wG0NtZeL8oR21WgH1xiO37El--Y-H-Ie4SCwBy3MxYWmOYaGgZueA-- <- @smithy/chunked-blob-reader 5.2.0
+ nodelite-2-WMwm9LhRUo-WUaRN-vRuETqG89IgZphVSNkdFgeb6sS-E4OrDIN7t48CAewSHXc6C8lefD8KKfr5vY61brQlow-- <- ee-first 1.1.1
+ nodelite-2-WPS-HvHQTYnHisLo9McqBHOJk2FkHO-tlpvldyrnem4aeQp4hai3gythswg6p01oSoTl58rcpiFAjF2br2Ak2A-- <- side-channel-weakmap 1.0.2
+ nodelite-2-WSzPgsdLtTcQwm4CROfS5ju2Wa1QQcVeT37jFjYzdFz1r9ahadC8B8-a4qxJxM-09F18iumCdRmlr96ZYkQvEg-- <- es-abstract 1.24.0 (1.24.2 is available)
+ nodelite-2-WUj2qlxaQtO4g6Pq5c29GTcWGDyd8itL8zTlipgECz3JesAiiOKotd8JU6otB3PACgG6xkJUyVhboMS-bje-jA-- <- escalade 3.2.0
+ nodelite-2-WUjGcAqP1gQacoQe-OBJsFA7Ld4DyXuUIjZ5cc75cLHvJ7dtNsTugphxIADwspS-AraAUePCKrSVtPLFj-F88w-- <- pathe 2.0.3
+ nodelite-2-WuyALRjWPDGtt-wzJiadO5AXY-8hZ80hVpe6MyivgraREW751X3SbhRvG3eLKOYN-8VEvqLcf3wdnt44Z4S4SA-- <- quick-lru 5.1.1 (7.3.0 is available)
+ nodelite-2-WvidQuWAzU2p95u8GAKlRMqMyN1yOJkGHnx3M1PL9Raf7AQ1kwLKg04ADlCa3-OXUZE7BceOhVZiuWAbzCKcUQ-- <- @vitest/snapshot 1.6.1 (4.0.7 is available)
+ nodelite-2-WVWYyj-jox6mhKYp11mu8x1B6Xa2sLbXFHAv5K3Jg8CHvXYpePgTcYlCljq3d4XHC4Jl4nCcsdMtBahSpU9bAA-- <- @aws-sdk/credential-provider-ini 3.928.0 (3.972.2 is available)
+ nodelite-2-WxONCrssBM8TSPRqN5EmsjVrsv4A8X12J4ArBiiayv3DyyG3ZlIg6yysuuSYdZsVz3TKcTg2fd--Ujd4CHV1iA-- <- undefsafe 2.0.5
+ nodelite-2-WXr7-8RKzeT-VFWrnHUoodWtd-w6xGWJzxXGEDI011ngxx2hjpaCQZqeVWiE-af-iCoAnOTvZH-fy42YynxUYQ-- <- unplugin-ast 0.13.2
+ nodelite-2-WY-3TUME0x3KPYdRRxEJJvXRHV4PyPoUsxtZa78lwItwRQRHhd2U9xOscaT-YTf8uCXIAjeJOFBVEh-7FtD8Xg-- <- default-browser 5.2.1 (5.5.1 is available)
+ nodelite-2-WypcfiRhfeUP9vvF0j6rw0J3hrWrw6iZv3-22h6iRMJ-8z1Tj6XfLP4DsUix5MhMPnXpiHDoKyoZ-bdCkwBCiQ-- <- url-parse 1.5.10
+ nodelite-2-WzdXlK0GEKAmm-d7-QJKrgnfLxcmTrM62lVUIl5994IYbBwl65h0KAX9h0wXi2L7BK6uVDUxrwFWSPcmdT5Buw-- <- @pnpm/core-loggers 1001.0.4
+ nodelite-2-X2HAjY9BClfFkJ2RP3iIiFxlct5JJVdaYYXhA7RKxsbc9KL-VbId79PSoUGH-OLS011NFbHHDMDcBKUj3T89-Q-- <- @inquirer/prompts 7.10.0
+ nodelite-2-X5-4-iD-HoSeEED-uwrQ07BOQr0kEDFMVqqpBuI-RaZBpBpHCuXxo70bjar6f0b0u-DQJsJ7ssurpP0V60Az-w-- <- get-source 2.0.12
+ nodelite-2-X5ju04-cAzsojXKes0B-S4tcYtFAJ6tTMuSPBEn9CPGlrWr8Fiw7qYeLT0XyH80HSoAoqWCaz-MWKh22P7G1cw-- <- mime 4.1.0
+ nodelite-2-X9JjaysZJwlqNkJbUDgOclyG3jZEpAMOfof6PUZjPnPrePnPG62pS17CjdM32uT1Uq1jFvNSff9l7kNbmMSL2A-- <- postcss-minify-gradients 7.0.1 (7.0.5 is available)
+ nodelite-2-Xa4Nw17FS9ApQFJ9umLiJS4orGjm7ZzwUrwamcGQuHSzDyth9boKDaycYdDcZDuqYATXw4HFXgaqWTctW-v1HA-- <- path-scurry 1.11.1 (2.0.2 is available)
+ nodelite-2-XARWwM2pPNU-U8V4OuQNQLyjFqvHk1FRB5sFd1CCyT2vLLfDlLRLE4f6njcvm4Kyek1VzvF8MQRAYK1uLOlZmw-- <- proc-output 1.0.9
+ nodelite-2-XCuKFP5PS55gnMVu3dty8KPatLqUoy-ZYzDzAGCQ8JNFCkLXzmI7vNHCR-XpbZaMWQK-vQubr7PkYq8g470J-A-- <- @tootallnate/once 2.0.0 (3.0.0 is available)
+ nodelite-2-XDF38WCH3z5OV-OVa8GKUNtLAyneuzbCisx7QUCF8Q6Nutx0WnJrQe5O-kOtBlLfRNUws98Y58Lblp-NJG5T4Q-- <- pbf 3.3.0
+ nodelite-2-Xf0nWe6RseziFMu-Ap9biiUbmplq6S9-p-7w7YXP-JBHhrUDDUhwa-vANyubuqfZWTveU--DYVGsDG7RKL-vEw-- <- require-from-string 2.0.2
+ nodelite-2-Xg-9RwCg-0p32teKdGMPTPnVXKD0w3DfHnFTficozsAgsvq2XenPJq-MYpzzQ-v8zrOyJn6Ds39VA4JIDwFfqw-- <- archy 1.0.0
+ nodelite-2-XHeJC5Bgvs8LfukDwWZp7yeqin6ns8RTl2B9avbejt6tZqsqvVoWI7ZTQrcNsfKEDWBTnTxM8nMDkO2IFFbd0A-- <- @rollup/plugin-terser 0.4.4
+ nodelite-2-XHPEwS0q6TaxcvG85-8EYkbiCux2XtWG2mkc47Ng2A77BQu9-DqIOJldST4HgPkuea7dvKSj5VgX3P1d4rW8Tg-- <- wcwidth 1.0.1
+ nodelite-2-XIxfHpEuSJbITd1H3EeQwpcZbTLHc-VVr8ANI9t5sit565tsI4-xK3KWTUFE2e6QiangUkh3B0jihzmGnNrRsQ-- <- peberminta 0.9.0
+ nodelite-2-XL0juran8yhqwn0mreV-NJeHJOkcRBaExsvVn9fXWW37A4gLh4esSJxM2KbSNh0t--Bk3ehBI5sL9xad-yRDuw-- <- @aws-sdk/credential-provider-process 3.928.0 (3.972.2 is available)
+ nodelite-2-XleUoc9uwGXqjWwXaUTZAmzMcFZ5858QA2vvx1Ur5xIcixXIP-8LnFDgRplU30us6teqdlskFfu-ae4K79Ooew-- <- type-check 0.4.0
+ nodelite-2-XmOWe7eyHYH14cLdVPoyg-GOH3rYX--KpzrylJwSW98t3Nk-U8XOl8FWKOgwtzdb8lXGf6zYwDUzeHMWfxasyg-- <- json5 2.2.3
+ nodelite-2-Xn0w3MtiQ6zoz2vFyUVruaCL53O-DwUvkEeOvj-uulMm0BkUGYWmBYVyElqZaSLhY6ZD0ulfU3aBra2aVT4xfA-- <- utf8-byte-length 1.0.5
+ nodelite-2-XPArKLzsvl0Hf0CaGyKHUyVgF7oDnhKoP85Xv6M4StF-1AhfORhZudHtOyf2s-FcbuQ9dPRAjB8J2KvRRMUK2A-- <- @azure/core-util 1.13.1
+ nodelite-2-XpNj6GDQzdfW-r2Wnn7xiSAd7TM3jzkxGXBGTtWKuSXv1xUV-azxAm8jdWZN06QTQk-2N2XB9jRDkvbmQmcRtg-- <- bluebird 3.7.2
+ nodelite-2-XQBQ3I8W1Cge0Seh-6gjj03LbmRFWuoszgK9ooCpwYIrhhoO80pfq4cUkU5DkknwfOfFteRwlZ56PYOGYyFWdg-- <- retry 0.13.1
+ nodelite-2-Xr9F6z6up6Ws-NjzMCZc6WXg2YFRlrLP9NQDO3VQrWrfiojdhS56TzueT88ze0uBdCTwEIhQ3ptnmKeWGFAe0A-- <- fs-extra 11.3.2
+ nodelite-2-XSnEewXmQ-veP7xX2dS5Q4yZAvO40cBN2MWkJ7D-6sW4Dg6wYBNwM1Vrnz1FhH5AdeLIlUXRI9e28z1YZi71NQ-- <- unique-filename 4.0.0 (5.0.0 is available)
+ nodelite-2-XUBA9XClHbnJWSfBzjkm6RvPsyg3sryZt06BEQoXcF7EK-xpGaQYJgQKDJSUH5SGZ76Y7pFx1QBnXz09rU5Fbw-- <- fs-minipass 3.0.3
+ nodelite-2-XuySG1E38YScSJoMlqovLru4KTUNSjgVTIjyh7qMX6aNN5HY5Ct5LhRJdxO79JtTzKfzV-bnWpz-zquYrISsvw-- <- @one-ini/wasm 0.1.1
+ nodelite-2-XW2Vg-w-L9on9wtwKpyzluIPCWXjaBahI7mTcYjx-BVIYD9c3yqcv-yKC7CmdCZat4rq2yiE1UMSJC5ivKfMtQ-- <- cli-columns 4.0.0
+ nodelite-2-XXTUwCvisa5oacNGRP9SfNtYBNAMi-RPwBFmblZEF7N7swHYQS6-Zfk7SRwx4D5j3CH211YNRco1DEMNVfZCnQ-- <- file-entry-cache 8.0.0
+ nodelite-2-XxwI8EOhVQgWp6iDL-3b0r86f4d6AX6zSU55HfB4ydCEuXLXc5FcYeOu-nnGftS4TEju-11rt4KJPTMgbfmv4A-- <- glob-parent 6.0.2
+ nodelite-2-XYfuKMvj4O35f-pOXLObndIRvyQ---6AhODh-OKWj9S9498pHHn-IMszH-gt0fBCRWMNfk1ZSp5x3AifmnI2vg-- <- expand-template 2.0.3
+ nodelite-2-Y-60-zizpJ3HRH8DCss-q95yr6145JXZo46OTpFvDZWLfRCE4qChOyk1b26nMaNpfHHgxagk9dXT5OP0Tfe-dQ-- <- kolorist 1.8.0
+ nodelite-2-Y-RabVa5vbl5FuHYV2vUCwvh-dqzrEY-K2yWPSqvhFUwIY0atLqO4TienjBXakoy4zrKAMCZwg-YEqmH7jaN7A-- <- @smithy/middleware-content-length 4.2.5 (4.2.8 is available)
+ nodelite-2-Y1zNGV-pzQdh7H39l9zgB4PJqjRNqydvdYCDG4HFXM4XuvSaQQlEc91IU1yALL8gUTDomgBAfz3XJdmUS-oo0w-- <- globby 13.2.2
+ nodelite-2-Y38VPSHcqkFrCpFnQ9vuSXmquuv5oXOKpGeT6aGrr3o3Gc9AlVa6JBfUSOCnbxGGZF--0ooI7KrPuUSztUdU5A-- <- strip-ansi 6.0.1 (7.2.0 is available)
+ nodelite-2-Y3wQdFg2Va6etvQ5I82yUhGdsKrcYox6p7FfL1LbK2J4V01F9TGlepTIhnK24t7koZibmg82KGglhA1XK5IsLQ-- <- mrmime 2.0.1
+ nodelite-2-Y5gU45svrR5tI2Vt-X9GPd3L0HNIKzGu202EjxrXMpuc2V2CiKgemAbUUsqYmZJvPtCXoUKjNZwBJzsNScUbXA-- <- base-64 0.1.0 (1.0.0 is available)
+ nodelite-2-Y7Wt51eKJSyi80hFrJCePGGNo5ktJCslFuboqJsbf57CCPcm5zztluPlc4-aD8sWsKvlwatezpV4U1efk8kpjg-- <- array.prototype.flatmap 1.3.3
+ nodelite-2-YAXkfvGtuTzwWbDSACdJSg4A4DZiAqckWe90Zapc-sEX3XvHcw1NdurM-6od8J207tSDqNbSsgdCacBgvJKFuA-- <- vite-node 1.6.1 (3.2.4 is available)
+ nodelite-2-YbGqHZ5-eW4SnkPNR44mKVc6ZKQoRs-Rux1sxC6rdwXb4qpbOSYfDr9DsTHolOTGmIKgM9j141mZbBeg05R1pw-- <- vue-component-type-helpers 2.2.12 (3.1.1 is available)
+ nodelite-2-YBTQqArPN8A0niHXCwrO1z5x--a-6l0mLBykncUpr23oIPW7L4h39s6gokdK-bDrPmSh8-TjMmrhBPnyiaWPmQ-- <- @types/chroma-js 3.1.2
+ nodelite-2-Yc-BQe8SvoXH1643Qez1zqLRmbA5rCL-sSmk6TVos0LWVfNIB7PGncdlId77WzLGSIB5KaWgTaNTs2lNVEI6VQ-- <- hookable 5.5.3 (6.0.1 is available)
+ nodelite-2-YcPQ8a0jwYU9bTdJDpXjMi7Brhkr1mXsXrUJvjqM2mQDgkRiz8jFaQGOdaLxgjtUfQgZhKy-O3cG-YwmgKaxLA-- <- @pnpm/network.ca-file 1.0.2
+ nodelite-2-YEjpl6XJ36FTKmD-kRJJWYvrHeUvm5ykaUS5xK-6oXffQPHeEM4-nXlZPe-Wu0lsgRUcNZiliYNh-y7q9c2y6Q-- <- @smithy/util-config-provider 4.2.0
+ nodelite-2-YEzuboP2qvQavAcjgQNVgsvHIDv6ZpwXvcvjmyySP2DIMuByS-6ioU5G9pYrWHM6T2YDfc7xga9iNzYOs12CFQ-- <- @babel/traverse 7.28.4 (8.0.4 is available)
+ nodelite-2-YF0VPGjkxr7AyyQQNykX8zK4PvtEDsUJAPqwu06UFz1lb6EvI53sPh5H1kWxg8NXI5LsfRCZ8uX9NkYDZBb-mw-- <- has-async-hooks 1.0.0
+ nodelite-2-YgBpdJHPyQ2UE5x-hlSXcnejzAvD0b22U2OuAP-8OnlJT-PjWPxtgmGqKKc-RgTM63U9gN0YzrYc71R2WT-hTA-- <- open 10.2.0
+ nodelite-2-YGcBz1cg4ATXDCM-71L9xveh4dynfGmcLDqufR-nQQy3fKwsAZsWd-x4621-6uJaeB9mwOHE6hPeDgXz9uViUQ-- <- @mapbox/point-geometry 1.1.0
+ nodelite-2-YgCtzMH0ptvZJslLM1ffsY4EuGaU0cx4XSdXLRFae8bPP4dS5xL1tNB3k2o-N64cHJpwU7dxKli-nZ2lUa5fLg-- <- pg-cloudflare 1.2.7 (1.3.0 is available)
+ nodelite-2-YgvUTfwqyc7UXVMrB-SImsVYSmTS8X-tSrtdNZMImM-n7-QTriRXyXim0mBrTXNeqzVF0KWGgHPeiyViFFrNDw-- <- yallist 5.0.0
+ nodelite-2-Yh2j2Y4G-0-4z-xJ1Bad4mxaAk--C2v4kaa8oSYTMJBJ00-ndPuxCnWeot0-7-qafQFLh5pr6xeV6SdMcE-G1w-- <- @vue/server-renderer 3.5.24 (3.5.27 is available)
+ nodelite-2-YIaY9TR5Nxeb8SMdtrU8asWVM4jqJDNDYlKV21LxtYcfNJhp1kEsgSa6qXwXgzN0WQWGODps0-TlGp2xQSHwOg-- <- cross-argv 2.0.0
+ nodelite-2-YikH-7CUTOtP44ZTnUhR7Ic2UASBPOqmaRkRKxRbywPTe5VxF7RRCck4af9wutiZ-QKM5nME9Bie2fFaPz5Gug-- <- formidable 3.5.4
+ nodelite-2-YITr8VrjPPULdQWAA17oU0M4j4286OmRnk0XA1ntoR-v0FbdGRKmRQmOHx86s1eM3eGCh1UF8WPHNkbgjjBN3Q-- <- @pnpm/network.agent 2.0.3
+ nodelite-2-YJDaCJZEnBmcbw13fvdAM9AwNOJwOzrE4pqMqBq5nFiEqXUqHwlK4B-3pUw6JNvfSPtX05xFHtYy-1ni01eGCw-- <- fs-extra 7.0.1 (9.1.0 is available)
+ nodelite-2-YJx6RXKrVrWaphEYf--EdOOx9EH18vM8RSZN-P1Y-NokTKqYAca-ejXwVLyiEpNju4HPZEk3Y2uZouwMqUlcgg-- <- pm2-deploy 1.0.2
+ nodelite-2-Yk2gyiQvsoee-jXP9q0jMl412Nx27LYu-P1O4DHuxeutL9qtd6t3Ktuv-zZmOzFc6gMQ7--6mQFPo3-LlXZM3w-- <- @yarnpkg/shell 4.0.0
+ nodelite-2-YKqtUDwqLyfyMnmbw8XD6Q8j9i-HggKtPEI-pZ1-8bvheBu78biSmNaXWusx1TauGqtUUGx-cBb1mKdq2rLYow-- <- fetch-blob 2.1.2 (3.2.0 is available)
+ nodelite-2-YKWi9YuCU04B55h25cnOYZHxXYtEvQEbKST5vqRga7hWY9ydd3FZHdeQF8pyh-acWZvppw13M-LMGx0LABUVMA-- <- @azure/core-paging 1.6.2
+ nodelite-2-Ylo-MAo5BDUq1KA3f3R-MFhh-g8cnHmo8bz3YPGhI1znrMaf77ol1sfvYJzsw3nTE-Y2GryfDxBaR-AqpAkEHQ-- <- bodec 0.1.0
+ nodelite-2-YMq8Z87Lhl8EGkmb0MwYkt36QnxC-fzCgrl66ereamPlYToRpIk5nUjKUY3QKLWq8mwUB1BgbeXcTJhZOCDg5A-- <- @babel/plugin-syntax-decorators 7.27.1 (7.29.7 is available)
+ nodelite-2-YpgQiITW3JXGntzdUmyUR1V812Hn8T1YVXhCu-wO3OpS4eU9l4YdD3qjyiKdV6mvV29zapkMeD390UVEf2lkUg-- <- decimal.js 10.6.0
+ nodelite-2-YPIXe4ZqB-kV1554rZvoH02NWbCRg8ZnyvwMwQ8BqPPsf3UNT-Q1VPebF32GVIhu7knj85CYdv6QLRMwX-YgTw-- <- @pnpm/git-fetcher 1003.0.0
+ nodelite-2-Yqfm-XDx0-Prh3VSeEQCPU81yC-JWZ2pDPFSS4ZdpfZhp4MkFMaDC1UqseovEKwSUpnIL7-vK-Clp7bfh0iD7g-- <- @babel/plugin-syntax-import-meta 7.10.4
+ nodelite-2-YrwaA0vEKazPBkn0ipTiMpSajYDSe-KjQfrjhcBMxJt-znbvlHd8Pw-Vamaz5EB4Wfhs3SUR3Z9mwRu-P3s3Yg-- <- camelcase-keys 6.2.2 (7.0.2 is available)
+ nodelite-2-YRZbUnyaJZLZUJSRi2G-MqahCyRv9n-ds-4oIetjDF3jWQA7AG7iSeKTiZiCNqtMZM7HDyt0e-W6lEnoGEmMGA-- <- json2csv 5.0.7
+ nodelite-2-Ysbi9uYW9hFyfrThdDEQuykN4Ey6BuwPD2kpI5ES-nFTDn-98yxYNLZJcgUAKPT-mcrLLKaGzJR9YVxJrIdASQ-- <- mimic-fn 3.1.0 (4.0.0 is available)
+ nodelite-2-YsGpe3WHLK8ZYi4tWDg2Jy3ebRz2rXowDxnld4bkQB00cc-1Zw9AWnC0i9ztDJitivtQvaI9KaLyKrc-hBW0yg-- <- fill-range 7.1.1
+ nodelite-2-YsmSKC29MJwf0gF8Rjjrg5LQCmyh-j-nD8-eP7f-BeoQTKYqs9RoWbjGOdy0-1Ekr68RJZMUOPVQaQisnIo4Rw-- <- @babel/compat-data 7.28.4 (8.0.0-beta.0 is available)
+ nodelite-2-YTJCXyUGOrJuj4QqhSKqZa1vlVAm82h1-uw00ZmD-kL2OViggtyUwWyIe62kpwWVPwEYixfGjfvaFKVJy2mjzA-- <- @pnpm/object.key-sorting 1000.0.1
+ nodelite-2-YUcsLQKYb6DmaJjIHdDWpBIGCcyE-W-p-LMGvjQem55Mm2XWVAP5kWTMKWLv9lwpCVjpLxPyOMOyUocP1GxrtA-- <- @fortawesome/fontawesome-svg-core 1.2.36 (7.1.0 is available)
+ nodelite-2-YuKoXDAhBYxY7SfOKxHBDoSyENFeW5VvIIQp2TGQuit8gpK6MnWaQelBKxso72DoxTZfZdcP3W90LqpSkgPzLQ-- <- validate-npm-package-name 5.0.0 (6.0.2 is available)
+ nodelite-2-YvEKooQcSiBTAs0DoYLfefNja9bLgkFM7NI2b07bE2SruuvX0MEa9cMaxjKVMkeCp5Nz9FRIdcN1rOdFVBeL6Q-- <- vite-plugin-vue-inspector 5.3.2
+ nodelite-2-YVGIj2kamLSTxw6NsZjoBxfSwsn0ycdesmc4p-Q21c5zPuZ1pl-NfxVdxPtdHvmNVOQ6XSYG4AUtyt-Fi7D16Q-- <- wrap-ansi 7.0.0 (9.0.2 is available)
+ nodelite-2-YvjJow9FxbhFFKDSuFnVCe2WxXk1zWc22fFePVNEaWJEu8IrZVlda6N0uHwzZrUM1il7NC9Mlp4MaJYbYd9JSg-- <- @babel/helper-validator-option 7.27.1 (8.0.0-beta.0 is available)
+ nodelite-2-YWnfyRwxL--SsrWYfOpUtz5b3YD-nyfkHvjbcanzk8zgyO4ASD67uVMRt8k5bM4lLMDnXfriRhOpemw-NfT1eA-- <- is-plain-obj 2.1.0 (4.1.0 is available)
+ nodelite-2-YZo3K82SD7Riyi0E1EQPojLz7kpepnSQI9IyPbHHg1XXXevb5dJI7tpyN2ADxGcQbHG7vcyRHk0cbwqcQriUtg-- <- safer-buffer 2.1.2
+ nodelite-2-Z1Uc8IB57Lm6k7q6KIDu-p-JWtf3xsXJqAX-5r18hYOTpJyBn0KXUR8oTJ4WFYOcDzWC9n3IflGgHowx6U6z9Q-- <- @volar/source-map 2.4.23 (2.4.27 is available)
+ nodelite-2-Z4XaCL6dUDHfP-jT25jJKMmtxvuwbkrD1vNSMFlo9lNLY2c5FHYSQgHPRZUjAB26TpDEoW9HCOgplrdbaPV-ew-- <- fs-extra 11.3.0
+ nodelite-2-Z5-j6G5pPHoTYVRIN5201fSKa5hHz1px2i48fPj-66OROraTpEF1ZHK1FRekEVXH-3LzdmgK7MY7TGJkdJ6Y2A-- <- @pnpm/package-is-installable 1000.0.15
+ nodelite-2-Z7tMw1ytTXt5jqMcOP-OQteU1VuNK9Y02uuJtKQ1Sv69jXQKKg5cibLwGJow8yzZP-eAc18EmLGPal0bp36rvQ-- <- astral-regex 2.0.0
+ nodelite-2-Z8ANhr-i0XIluonHVjbUkjvn-CyrxbXRIxR7wn7-X7xlcb7dJsfITZbkVOeJZdP8VZwfrWRsWdShH6pngMxRjw-- <- @vue/runtime-dom 3.5.24 (3.5.27 is available)
+ nodelite-2-ZA6oR3T-pEyuqwMgAKT0-hAv8oAXckzbkmR0UkUosQ-Mc4RxGoJkRmwHgHufaenlyAgE1Mxgpdcrf75y6XcnDg-- <- slash 5.1.0
+ nodelite-2-Zba82s87IFq9A9XmjiX5uZA-ARWDrB03OHlq-Vw1fSdt0I-4-Kutwy8BP4Y-y-aORMo61FQ0vIb5j44vSo5Pkg-- <- tinypool 1.1.1
+ nodelite-2-ZbgR5aZEdf4UKZVBPYIgaglBmSF2Hi94s2PcIHhRGFjKYu-chjJdYfHn4rt3hB6eCKLJ8giVIIfgMa1ehDfZKA-- <- registry-url 3.1.0 (6.0.1 is available)
+ nodelite-2-ZBxxZ5sL2HghephhpGAQdoskxplTwr7ICaehZwLIlfL6acuVgZPm8yBNuRAFBGEqtD-hmUeq9eqLg2ys9Xr-yw-- <- p-filter 2.1.0 (4.1.0 is available)
+ nodelite-2-Zc1AlqrJlX3SlpupFGpiLi2EbteyP7fXmUOGup6-DnkRgjP9bgMM-ag-n91rsv0U1Gpz0H3VILA-o3bW7Ua6BQ-- <- @apidevtools/openapi-schemas 2.1.0
+ nodelite-2-ZcbTaIqJOfCc03QwD468Unz-5Ir8ATtvAHsK-FdXbDIbGfihqh9mrvdcYunQzqn4HrvWWaFyaxJhGZagaJJpPQ-- <- archiver 7.0.1
+ nodelite-2-ZCkIjSYNDyGn0R6ewHDtXgns-Zre-NT6Agvq1-WobF7JXgFff4SeDroKiCO3fNJreU9YG429Sc81o4w5ok-W5g-- <- engine.io 6.6.4
+ nodelite-2-ZcKU7zrr5GlonoS9cxxrb5HVswGnyj6jQvwFBa6p5VFw7G71VAHcUKL5wyZSU-ECtPM-9gacWxy2KFQKt1gMNA-- <- packrup 0.1.2
+ nodelite-2-ZClg6AaYvamvYEE82d3Iyd3vSSIjQ-odgjaTzRuO3s7toCdFKczob2i0zCh7JE8kWn17yvAWhUVxvqGwUalsRA-- <- json-stringify-safe 5.0.1
+ nodelite-2-ZcNHqQjMuNRcQ7Z1zJbFIQZO-BDKV3KbiTckWdfbUaYhj7uNmUwb-FbdDWSCkvxNr9dBJQwvV17o6QBkAvgO0g-- <- @pm2/blessed 0.1.81
+ nodelite-2-ZdxfOiaarMqMj-H7qwlt5EBKWaeGihSYVHdQv5lUsbn8MJJOTW82OIwirQ39U5tMZkNvy3bQE-ryzC-xTAb9-g-- <- @cacheable/utils 2.1.0 (2.3.3 is available)
+ nodelite-2-ZDY-bPm5zTTF-YpCrAU9nK0UgICYPT0QtT1NZWFv4s--TNkcgVaT0g6-4R2uI4MjQjzysHB1zxuWL50hzaeXiw-- <- mime-types 2.1.35 (3.0.2 is available)
+ nodelite-2-Zf5H2Kxt2xjTvbJvP2ZWLEICxA6j-hAmMzIlypy4xcBg1vKVnx89Wy0GbS-kf5cwCVFFzdCFh2XSCFNULS6csw-- <- es-errors 1.3.0
+ nodelite-2-ZFRekNHbDlu--67Byg-mG8zmtmCsfBhNsg1wKBLRtF7VjH-Q5TDGMX0-8aJYSikQDuzM2FOhvQcDwyjILKshJQ-- <- @pnpm/constants 1001.3.0
+ nodelite-2-ZgEeZXj30q-I0EN-CbSSpIyPaJ5HVQD18Z1m-u1FXbAeT94mr1zw50q4q6jiiC447Nl-YTcIYSAftiGqetwXCA-- <- exponential-backoff 3.1.3
+ nodelite-2-Zhl0ErHcSRUaVfGUeUdDuLgpkEo8KIFjB4Y9uAc46ScOpdDiU1Dbyplh7qWJeJ-ZHpbyMSM26-X3BySgnIz40Q-- <- ansi-escapes 7.1.1 (7.3.0 is available)
+ nodelite-2-Zib2ysLctRnWM4KXXlljR44qSKwyEqYmLk-8VPBDBEK3l5Gp5mT3N4ix9E4qjYynvFqahumsxzOfxOYQhUGMGw-- <- @pnpm/patching.types 1000.1.0
+ nodelite-2-ZIP71eQgG9JwjVZsTPSqhc6GHgEr53uJ7tK5---VfyWj6Xp2DBmixWHqJgPno-PqATzn48pL42ww9x5SSGmhZg-- <- cssnano-utils 5.0.1 (5.0.3 is available)
+ nodelite-2-ZJ6wx9xaKJ3yFUhq5-sk82PJMuUyLk277I8mQeyDgCTjGdjWJIvPfaU5LIXaMuaN2UO1X3kZH4-lgphublZUHw-- <- JSV 4.0.2
+ nodelite-2-Zl8npMjFSS1gSGM27KkbmfmeOuwU2MCxRFIofAUo-PkqOE2IzzXr0yzB1XYJM8Ml1nUXt9BHfwAlUQKC5MdBLA-- <- @pnpm/pick-fetcher 1001.0.0
+ nodelite-2-ZLeYmjrkaU1fUsKbIi8JML52uAocjEZtBx4DKjRrqzrZa0O4MYwT6db-oqePlspV-FxXJAyFBc-L5gwUi2OFsg-- <- tus-js-client 4.3.1
+ nodelite-2-ZMERYes6pDydyuGidse7OsHxtbI7WVeUEozgR-g7rd0xUimYNlvZRE-K2MgZTjWy725IfelLeVcEM97mmtRGXw-- <- is-binary-path 2.1.0
+ nodelite-2-ZMp1V8ZFcPG5dIWnQLr3NSI1MiCU7UETdS-A0G8V-XWHvJv3ZsFqutJn1Y5RPmAPX6F3BiE397OqveU-9NCuIA-- <- @jridgewell/source-map 0.3.11
+ nodelite-2-Znl3f1ntZnDG-NpCyJyJDS-lkrlRSbgQBkV3eqNAvet-QHql6rhKLc4DuYRlwfc3fvV611O9NXPm5pbT9AJ50g-- <- pino-abstract-transport 0.4.0 (2.0.0 is available)
+ nodelite-2-ZOBkgDwEdoYVlSeRbYYXs0S9MejQofiVYoTbKzy-6GQa39-q5tQU2IX46-shYnUkpEl3wc-J6wRlar7r2EK2xA-- <- @paralleldrive/cuid2 2.2.2 (2.3.1 is available)
+ nodelite-2-ZQBvi1DcpJ4GDqanjucZ2Hj3wEO5pZDS89BWbkcrvdxksJorwUDDZamX9ldFkp9aw2lmBDLgkObEA4DWNJ9FYQ-- <- core-util-is 1.0.3
+ nodelite-2-ZQmfzsLE2-Y91GF15c65L-slMRVhF6Hycq04D4TwtdGaUAbIXXg9c5pKA5KFU7M4QMaihoobp9JJYpYcaY3zOw-- <- @rushstack/rig-package 0.6.0 (0.7.3 is available)
+ nodelite-2-ZqRXc-tZukToSNmh5C2iWMSoV3X1YUcPbqEM4DkEG5tNQXrQUZCNVGGv3IuicnkMtPfGf3Xtp8WCXs295iQ1pQ-- <- connect 3.7.0
+ nodelite-2-Zs-Ollc1SJ8nKUAgc7ivOEdIBM8JAKgrqqUYi2J997JuKO7-tpQC-WCetQ1sypiKCQWHdvdg9wBNpUPEWZae7w-- <- @types/node 22.13.14 (26.4.1 is available)
+ nodelite-2-Zs-YeHUC5fkt7Mg1l6XTniei3k4bwG-yo3iFUtZWd-pMx9g3fdvkSK9E0FOC---phXOka78uJcYb8JaFkW52Xg-- <- @fortawesome/fontawesome-common-types 6.7.2 (7.1.0 is available)
+ nodelite-2-ZT55BDLV0yv0RBm2czMiZ-SqCGO7AvmOM3G-w2xhVPH-te0aKgFjmBvGlL1dH-ql2tgGO3MVrbb3jCKyvpgnxA-- <- @isaacs/brace-expansion 5.0.0
+ nodelite-2-ZUKRh6-kUFoAiTAtTYPZJ3hw9wNxx-BIBOijnlG9PnrJsCcSjs1wyyD6vJpaYtgnzDrKYRSqf3OO6Rfa93xsRg-- <- gopd 1.2.0
+ nodelite-2-ZuOhLCNgp7Yl1L9uyKgZeuo7kKdewP0iWtmEXsZ-snp0JiVkR1Kl-m1rsfKT-wpm-O4zZ7mUGxF16cYbMIFDRA-- <- maplibre-gl 1.15.3
+ nodelite-2-ZV-9asSuknOExbM-zPPA8z00lc1ihPKWaStHkkQrxHNeYx-yY-TmF-v80dpv2G0mv3HVXBu7ryoAsxbFFhf4eg-- <- bl 6.1.4
+ nodelite-2-ZW-lVMRabETuYCd9O9ZvMhAh8GslSqaUjxmK-JLPCh6l73CvLBiuXswj--7LdnWOgYsQ130FqLzFz5aGT4I3Ug-- <- typanion 3.14.0
+ nodelite-2-ZWyE8YXEXqJrrSLvYgrRP7p62OziLW7xI5HYGWFzOvupfAlrLvURSzv-FyGyy0eidogEM3ujU-kUG1zuHgb6Ug-- <- vite 7.1.12 (7.3.6 is available)
+ nodelite-2-ZX99e6tRweoUXqR-VBrslhda51Nh5MTQwou5tnUDgbtyM0dBgmhEDtWGP-xbKn6hqfPRHujUNwz5fy-wbbhnpw-- <- side-channel 1.1.0 (1.1.1 is available)
+ nodelite-2-ZXRY4jNvVgSVQ8DL3LTcakaAtXwTVUxE81hslsyD2AtoXW-wVob10HkOJ1X-pAlcI7D-2YoZKg5do8G-w6RYgA-- <- @istanbuljs/schema 0.1.3 (0.1.6 is available)
+ nodelite-2-ZySD7Nf91aLB0RxL4KGrKHBXl7Eds1DAmEdcoVawXnLD7SDhpNgtuII2aAkg7a7QS41jxPSZ17p4VdGnMHk3MQ-- <- delayed-stream 1.0.0
+ nodelite-2-Zz-aZWSj8LE6zoxD-xrjh4VfkIG8Ya6LvYkZqtUQGJPZjYl53ypCaUwWqo7eI0x66KBGeRo-mlBEkMSeSZ38Nw-- <- undici-types 7.16.0 (8.3.0 is available)
+ nodelite-2-ZzydJKfUHJwHa-hF5X66zLFCBrWn5GeF28OHEr4WVWtNDXlQ-IjWKPBiikqKo2ne0-v6JgCgJ0GzJp8k8bHC7w-- <- lodash.chunk 4.2.0

Done in 1.5s using pnpm v10.34.5
