Progress: resolved 1, reused 0, downloaded 0, added 0
Packages: +250
++++++++++++++++++++++++++++++++++++++++++++++++++++++++++++++++++++++++++++++++
Progress: resolved 250, reused 0, downloaded 250, added 250, done

dependencies:
+ nodelite-2-a6KW9G-6B3nWZ1yB8G7pJwL3ggLy1uTzKAgCb7ttblwqdz9fMGJUuTy3uFzEP48FAs9FLILlmzDlE2JJhVQaXQ-- <- socks-proxy-agent 6.2.1 (8.0.5 is available)
+ nodelite-2-aAWcW57uxVNrQZqFXjITpW3sIUQmHGG3qSb9mUah9MgMC4NeWhNOlNjXEYq3HjRAvL6arUviZGGJsBg6z0zsWA-- <- finalhandler 1.1.2 (2.1.1 is available)
+ nodelite-2-abv-qOcuPfk3URPfDzmZU1LKmuw8kT-0nIHvKrKgFrwifol-doWcdA4ZqsWQ8ENrFKkd67Mfpo-LovbIUsbt3w-- <- merge-stream 2.0.0
+ nodelite-2-aC9j-BZsRSSzEsXBNBwDnAxujdx19HycZoKgRgzWnS8eOHg1asuf9heuLprfbe739zY3IdUQx-Egv6Jn135WHA-- <- promptly 2.2.0
+ nodelite-2-aCj4O5wKyszjMmDT4tZj93kxyydN-K5zPWSCe6-0AV-AA1pqe5ZBIw0a2ZfPQV7lL5-yb5HsUreJ6UFAF1tEQw-- <- cli-cursor 5.0.0
+ nodelite-2-acv43vqJ0-N0rD-Uw3pDHSxP30FHrywu2NO6-wBaHChJIizpDeBUd6NjqhNhy9LGaEAhZAXn46QzmlAvIWd16g-- <- char-spinner 1.0.1
+ nodelite-2-aePbxDmcYW--PaqBsJ-HYUFwCdv4LVvdnhBy78E57PIor8-OVvhMrADFFEDh8DHDFRv-O9i3lPhsENjO7QX0-A-- <- yargs 15.4.1
+ nodelite-2-afd4O7zpqHeRyg4PfDQsXmlDe2PfdHtJt6Akt8jOWaApLOZk5JXs6VMR29lz03pRe9mpykrRCYIYxaJYcfpncQ-- <- find-up-simple 1.0.1
+ nodelite-2-afizzfpJgvPr-eDkREK4MxJ--r8nEEHcmitwgnPUqpaP-FpwQyadnxNoSACbgc-b1LsZYtODGoPiFxQrgJgjvw-- <- tv4 1.3.0
+ nodelite-2-aFT2yemJJo-TZCmieA7qnYGQooOS7QfNmYrzGtsYd3g9j5iDP8AimYYAesf79ohjbLG12XxC4nG5DyEnC88AsQ-- <- @ioredis/commands 1.4.0 (1.5.0 is available)
+ nodelite-2-aGTxbpbg8-b5JfU1HXSrbH3wXZuLPJcNEcZQFMxLs3oSzgtVu6nFPkbbGGUvBcUjKV2YyB9Wxxabo-HEH9tcRQ-- <- @floating-ui/utils 0.2.10
+ nodelite-2-ahhVe07Q4wST6B5Xz2Ca-Nng6ZWFvGQ6VJ7zPFcTlhrLBVFry-3tJZqHWgsyhvxhHQVCmlPylz2ID6dE8wj12g-- <- @pnpm/node.resolver 1001.0.5
+ nodelite-2-aIL5Fx7mawVa300al2BnEE4iNvo1qETxLrPI-o05L7z6go7fCw1J6EQmbK4FmJ2AS7kgVF-KEZWufBfdClMcPg-- <- etag 1.8.1
+ nodelite-2-aisnrDP4GNe06UcKFnV5bfMNPBUw4jsLGaWwWfnH3v02GnBuXX2MCVn5RbrWo0j3pczUilYblq7fQ7Nw2t5XKw-- <- media-typer 1.1.0
+ nodelite-2-aJn6wq13-afZp-jT9QZmwEjDqqvSGp1VT5GVg-f-t6-oVyrgXM6BY1h9BRh-O5p3PlUPAe-WuiEZOmb-49RqoQ-- <- typescript 5.8.2 (6.0.0-dev.20260130 is available)
+ nodelite-2-ak9Qy5Q7jYb2Wwcey5Fpvg2KoAc-ZIhLSLOSBmRmygPsGwkVVt0fZa0qrtMz-m6tJTAHfZQ8FnmB4MG4LWy7-w-- <- path-exists 4.0.0 (5.0.0 is available)
+ nodelite-2-amIQ07rrqdIOXv26uh97OV-GCJu81gw1rX5fahPwl7pUi6Nmf0-Drdy7CoRfwgpFcIGeDuvjxo--3AQeK06QMA-- <- @pnpm/workspace.manifest-writer 1001.0.3
+ nodelite-2-aN97NXWF6AWBTahfVOIrB-NShkzi5H7F9r1s9mD3cDj4Ko5f2qhhVoYMibXF7GlLveb-D2ioWay8lxI97Ven3g-- <- entities 6.0.1 (8.0.0 is available)
+ nodelite-2-aNZ-VfjobsWryoiPnEApGGmf5WmNsCo9xu8dfaYamG5qaLP7ClhLN6NgsFe6SwJ2UbLEBK5dv9x8Mn5-RVhMWQ-- <- p-queue 8.1.1
+ nodelite-2-aoBAniQmmwtcKp-7BzsH8Cxzv8OL736p7v1ihGb5e9DJ9kTwGWHrQrVB5-lfVDzfGrdRzXch-ig7LHaY1JTOrg-- <- temp-dir 2.0.0 (3.0.0 is available)
+ nodelite-2-aokUX1VdTpI0DUsndvW-OiwmBpKCu-NgRsSSkuSY0zq8PY6Q6a-lmOfAFDXAAOtBqJELvcWY9L1EVtzjbQcMdg-- <- hookified 1.12.2
+ nodelite-2-aqD2Q0144Z--RqG52NeHEkZauTAUWJO8c6yTftGJKO3Tja5tUgIfmIl6kExvhtxSDP7fXB6DvzkfMpCd-F3G-Q-- <- string-argv 0.3.2
+ nodelite-2-arCGIcuNKjBoKAXD-y7XomR9gY6Mw7HnFBv5Rw7wQRvwYLR7gBAgV7Mb2QTyjXfTveBNFAtPt46-36vV9STLNg-- <- @rollup/rollup-linux-x64-musl 4.52.5
+ nodelite-2-arhlxbFRmoQHl33a0Zkle-YWlmNwoyt6QNZEIJcqNbdrsix5Lvc4HyyI3EnwxTYlZYc32EbYrQ8SzEZ7dqgg9A-- <- local-pkg 1.1.2
+ nodelite-2-asx5hIG9Qmf-1oStypjanR7iKTv0gXQ1Ov-jfrX6kS-EO0OFni8orbmGCn0672NHR3kXHwpAwR-B368ZGN-2rA-- <- @types/jsonwebtoken 9.0.10
+ nodelite-2-aU5EJuIN2WDemCcAp2vFBfp-m4EAhWJnUNSSw0ixs7-kXbd6Pg64EmwJkNdFhB8aWt1sH2CTXrLxo-iAGV3oPQ-- <- mime-db 1.54.0
+ nodelite-2-aulFJcD6YK8V1G7iRB5tigAP4TsHBZZrOV8pjV--zdUwmeV8uzbY7yn6h9MswN62adStNZFuCIx4haBnRuMDaw-- <- strip-final-newline 4.0.0
+ nodelite-2-aUYIEU-UviqPgc8mHR6IW1EGxkAXpeRETYcrzg8cLAvUPZcpAlleSXHV2mY7G12GphSH6Gzv-4MMVSSkbdteHg-- <- sort-keys 4.2.0
+ nodelite-2-aw1gNayWpdI-jSYVgzN5pL0cfzU02GT3NBpeT-DXbx1-1x7ZKxFPd9bwrzygx-qiwIQiJ1sw-zD8qY-kRvlGHA-- <- @eslint/config-array 0.21.1 (0.23.5 is available)
+ nodelite-2-aW35yZM6Bb-4oJlZncMH2LCoZtJXTRxES17vE3hoRiowU2kWHaJKFkSBDnDR-cm9J-9QhXmREyIfv0pji9ejCQ-- <- decompress-response 6.0.0 (7.0.0 is available)
+ nodelite-2-awConJSVCHVGND6x3tmMaKcQvwXLhjdkmomy2W-Goaui8YPgYgXJZewhg3fWC-DlfqqQuWg8AwqjGTD2nAPVWg-- <- global-prefix 3.0.0
+ nodelite-2-aWS3UIVH-NPGCD1kki-DCU9Dua032iSsO43LqQpcs4R3-dVv7tX0qBGjiVHJHjplsoUM2XRO-KB92glqc68awg-- <- deep-diff 1.0.2
+ nodelite-2-awzfKUO7v0FscrSpRoogyNm0sajikhBWpU0QMrW09AMi9n1PoKU6WaIqUzuJSQnpciZZmJ-jMZ2Egfmb-9LiWQ-- <- npm-normalize-package-bin 2.0.0 (5.0.0 is available)
+ nodelite-2-aXXC6s-1w7otVF9UletFkFcDsJeO7lSZBPUQhtb5O0xJe8LtYhj-GxldoL09bBj9-ZmE2hNoHqQSFMN5fikh4Q-- <- path 0.12.7
+ nodelite-2-ay3d-LW-S6yppKoTz3Bq4mG0xrS5bFwfWEBmQfbC7lt5wmtk-Obq0TxVuA9eYRirBTQb1K3eEpBRHMQEo0WyVw-- <- superjson 2.2.3 (2.2.6 is available)
+ nodelite-2-ayCKvm-phCGxOkYRSCM82iDwct8-EonSEgCSxWxD7ve6jHggsFl4fZVQBPRNgQoKiuV-odhFrGzQXZwbifC8Rg-- <- parse-json 5.2.0 (8.1.0 is available)
+ nodelite-2-aylIc7Z9y4yzHYAJNuESG3hfhC-0Ibp-MAMiaOZgNv4pmEdFyfZhhhny4MNiAfWdBQ1RQ2mfDWmM1x8SvGyp8g-- <- mdn-data 2.0.28 (2.27.1 is available)
+ nodelite-2-ayVFHdtZ-hsq1t2Dy24wCmGXGe4q9Gu3smhLYALJrr473ZH27MsnSL-LKUlimp4BWJqMDMLmPpx-Q9R3OAlL4g-- <- @eslint-community/eslint-utils 4.9.0 (4.9.1 is available)
+ nodelite-2-az9BkXND3-d5VgdRRQVkiJb2gOmDU8Qcq4GvjtBmDICNiQ9udFmDk4ZpSB5Qq1OmtDJGlQAfBaS4palFsazQ5g-- <- @azure/core-http-compat 2.3.1
+ nodelite-2-azl-t0z7pw-z958Gy9svOTuzqIk6xq-NSheJzn5MMWtWTFywIacg2wUlzKFGtt3cthx0r2SxMK0yzJOR0IES7Q-- <- tinyspy 4.0.4
+ nodelite-2-b-1eJOlsR9K8HJpow9Ok3fiWOWSIcIzXodvv0rQjVoOVNpWMpxf1wZNpt4y9h10odCNrqnYp1OBzRktckBe3sA-- <- uuid 9.0.1
+ nodelite-2-b0BWboH2W--Zx-I-PsMWBeDmMgXZIEOVP2JUh6gWXh3L-TaLuFF-1LG8gv7ise4WDMnW69Vum5kSroNTQyqlUQ-- <- @directus/tsconfig 3.0.0
+ nodelite-2-b0tGHbfegbhPJpxpiBPU2sCkigAqtM9O121le6bbOlgyV-NyGyCmVfJ6QW9eRjz8CpNfWEOYBIMIGRYkLwsIYg-- <- cssom 0.3.8 (0.5.0 is available)
+ nodelite-2-b1O07XYq8eRuVzBNgJLstU6FYc1tS6wnMtF1I1D9lE8LxZSOGZ7LhxN54yPP6mGw5f2CkXY2BQUL9Fx41qvcIg-- <- get-uri 6.0.5
+ nodelite-2-b3rppTKm9T-PsVCBEOUR46GWI7fdOs00VKZ1-9c1EWDaDMvjQc6tUwuFyIprgGgTcWoVHSKrU8H31ZHA2e0RHA-- <- safe-stable-stringify 2.5.0
+ nodelite-2-b6Ilus-c3RrdDk-JhLKUAQfzzgLEPy6wcXqS7f-xe1EETvsDP6GORG7SFuOs6cID5YkqchW-LXZbX5bc8j7ZcQ-- <- cac 6.7.14
+ nodelite-2-b7Fja59EYHRNOTa3aXiuWnhUWXFU2Nfg6h61bLfAb5GS5fX3LMUD0U5t4S8N-4tpHQg3Acs2UVPR9jy2l1g-3A-- <- stylelint-config-standard 39.0.1
+ nodelite-2-b7uo2UCUOYZcnF-3ID0lulOJi-bafxa1xPe7ZPsammBSpjSWQkjNxlt635YGS2MiR9GjvuXCtz2emr3jbsz98g-- <- path-browserify 1.0.1
+ nodelite-2-b8-f5NQ5nIEBRTNi6GcPItE4s7kxNHw2AIHLtDp-2QvqdTjVN0FgONwX9cr53jWRgnu-HRLPaWDOR2JPI5MTfQ-- <- vue-virtual-scroller 2.0.0-beta.8
+ nodelite-2-b94GiNHQNy6JNTrt5w6zNyffMrNkXZb3KTkCZJb2V1xaEGCk093vkZ2jk3tpaeP33-OiXC-WvK9AxUebnf5nbw-- <- lazystream 1.0.1
+ nodelite-2-bAxsR8BVfj60DWXHE3u30oHzfl4G7khkSuPW-qvpd7jFRHm7dLxOjUk1EHACJ-hxLY8phGJ0YhYHZo7jil7Qdg-- <- minizlib 2.1.2 (3.1.0 is available)
+ nodelite-2-bBqqFn1kIbLBfn7Yq1PzzwVkPYQr9lVUeT8Dhd0NL5n76PBuXzOcuLV7GOSbEB1ia8qWxH4COCvFpziEu-yReA-- <- @mapbox/geojson-area 0.2.2
+ nodelite-2-bC7ElrdJaJnPbAP-1EotYvqZsb3ecl5wi6Bfi6BJTUcNowp6cvspg0jXznRTKDjm-E7AdgFBVeAPVMNcKGsHMA-- <- debug 2.6.9 (4.4.3 is available)
+ nodelite-2-bCYeRA2rVibKZd-s2625gGnGF-t7DSqDs4dP7CrLA1m7jKWz6pps0LpYLJN8Q64HtmPKJ1hrN3nzPNKFEKOUiQ-- <- is-potential-custom-element-name 1.0.1
+ nodelite-2-bd-3Ap2TKXxljCggI0mKPfzCQKeV-TU4yO2h2C6vAihIo8tzseAn2e7klSuiyYYXvgu53zMN1OeYMIQkaQoWnA-- <- @changesets/config 3.1.1 (3.1.4 is available)
+ nodelite-2-bd2L678uiWATM6m5Z1VzNCErI3jiGzt6HGY8OVICs40JQq-HALfbyNJmp0UDakEY4pMMaN0Ly5om-B1VI--xfQ-- <- delegates 1.0.0
+ nodelite-2-bHifyuuSNdKKsnNJ0s8fmfLMlvsQwYVxIoUBnowIVl2ZAdrkYQNGVB4RxjfpvkMjipqvbz0u7feBZybkl-6NJg-- <- postcss-normalize-timing-functions 7.0.1 (7.0.3 is available)
+ nodelite-2-biM9brNqxSc04Ee71hzFbryD11nX7VPhQQY32AdDmjFvodsRFz-3ufeoTZ6uYkRFfGo188tENcASNs3vTdsM0w-- <- tempy 1.0.1 (3.1.0 is available)
+ nodelite-2-bIomtDF5KGpdogkLd9VspvFzk9KfpyyGlS8YFVZl7TGPBHL5snIOnxeshwVgPteQ9b4Eydl-pVbIyE1DcvCWgQ-- <- chownr 2.0.0 (3.0.0 is available)
+ nodelite-2-bJzx6nMoP6PDLPBFmg7-xRKeFZvFboMrGlxmNj9ClvX53KrmvM5bXFXEWjbz4cz1AFn-jWJ9z-DJSz7hrs0w3w-- <- map-age-cleaner 0.1.3
+ nodelite-2-blFO4Ws97tWv-SNE6N39ZdGmZBrocXnBOfVp0ln4kELmns4pGPZizqyRtR8EjfOLMLstbmNCTReBoDvLz1isVg-- <- @pnpm/util.lex-comparator 3.0.2
+ nodelite-2-bLQypt14llVXBg0S0u8q8HmU7g9p3ysH-NvVlae5vILuUvs759665HvmR5-wb04KjHyjFcDRxdYb4kyNnluMUQ-- <- git-node-fs 1.0.0
+ nodelite-2-bLVMLPtstlZ4iMQHpFHTR7GAGj2jxi8Dg0s2h2MafAE4uSWF98FC-3MomU51iQAMf8-qDUbKWf5GxuvvVcXEhw-- <- tr46 6.0.0
+ nodelite-2-bRISgCIjP20-tbWSPWMEi54QVPRZExkuD9lJL-UIxUKtwVJA8wW1Trb1jMs1RFXo1CBTNZ-5hpC9QvmKWdopKw-- <- @jridgewell/resolve-uri 3.1.2
+ nodelite-2-brv7p5WgH0jmQJr1ZDDfKDOSeWWg-OVypG99A-5vYGPqJ6pxiaHLy8nxtFjBA7oMa01ebA9gfh1uMCFqOuXxvA-- <- simple-get 4.0.1
+ nodelite-2-bSf16tAFkGeRlUNDjXu8FzaMQt6g2HZJrun7mtMbIPOddxt3GLMSz5VWUWcqTJUPfLEaDIepGxv-bYQW49596A-- <- ssri 10.0.5
+ nodelite-2-bsMSs34u2hoi0UBuRoc5EGWXIFzJiwYgkFUYQGVm63y5FU-s8zPBmVx5Ip2sw1xgs0fqfDROqmteMvvmbCy62w-- <- @editorjs/header 2.8.8
+ nodelite-2-bsTwuIg-BZZK-vreVTYYbSWoe2F-71P7K5QGEX-pT250DZbfU1MQ5prOKpPR-LL6uWKK3KMwMCAS74QB3Um1uw-- <- caniuse-api 3.0.0
+ nodelite-2-bSxY2ws9OtviILG1EiY5K7NNxkqg-JnRnFxLtKQ96JaviiIxi7djMrSd0ECT9AC-lttClmYwKw53BWpOMblo7A-- <- change-case 4.1.2 (5.4.4 is available)
+ nodelite-2-bTlAFB-FBYMcuX81gbL4OcpH5PmlFHqlCCpAl8AlEzMz5k53oNDvN8p1PNOWLEmI2x4orp3raOFB51tv9X-MFQ-- <- typed-array-byte-offset 1.0.4
+ nodelite-2-buRG0fpBtRHSTCOASe6hD258tEubFoRLb4ZNA6NxMVHNw2gOcwHo9wyablzMzOA5z9xA9L1KNjk-Nt6MT9aYow-- <- forwarded 0.2.0
+ nodelite-2-bV0Tgo9K4hfPCek-aMAn81RppFKv2ySDQeMoSZuvTASywNTnVJCArCZE2FWqpvIatKu7VMRLWlR1EazvVhDyhQ-- <- @humanwhocodes/retry 0.4.3
+ nodelite-2-bxveV4V8v5Yb4ncFTT3rPSgZBOpCkjfK0y4oVVVJwIuDVBRMDXrPyXRL988i5ap9m9bnyEEjWfm5WkBmtffLfA-- <- @humanwhocodes/module-importer 1.0.1
+ nodelite-2-bYrutc-neOyWxtZdbB2USbQttZN0mXaOyYLIsaTbJhFsfpXyGWUxJpEuO1rJ8IIJm2qH4-xJT0mxUSsEDTYwdQ-- <- @smithy/middleware-stack 4.2.5 (4.2.8 is available)
+ nodelite-2-bzyZ1e88w9O1iNJbKnOlvYTrWPDl46O1bG0D3XInv-9tkPrxrN8jUUTiFlDkkmKWgn1M6CfIA13SuGqOa9Korw-- <- signal-exit 4.1.0
+ nodelite-2-c-c15i26VrJ4IRt5Z89DnIzCGDn9EcebibhAOjw5ibqEHsE1wLUgkPn9RDmNcUKyU87GeaL633nyJ-pplFR2ZQ-- <- globals 16.5.0
+ nodelite-2-c1PTsA3tYrIsLGkJkzHF-w9F2EyxfXGo4UyJc4pFL--FMjnq0HJS69T3M7d--gKrFKwy429bouPescbjecU-Zw-- <- trim-newlines 3.0.1 (4.0.2 is available)
+ nodelite-2-c2AKvDT8ToxLIOUlN51gTiHXflsfIFisS4pO7pDPoKouJCESkhZnEy623gwP9laCy5lnLDAw1vAzu2vM2YLOrA-- <- @types/whatwg-mimetype 3.0.2
+ nodelite-2-c461FXIljswCuscZn67xq9PpszkPT6RjheWFQTgCyabJrTUozElanb0YEqv2UGgk247YpcJkFBuSGNvBlpXM9w-- <- uid-number 0.0.6
+ nodelite-2-c4FRfUm-dbcWZ7U-1Wq0AwCyFL-3nt2bEw05wfxSz-DWpWsitgmSgYmy2dQdWyKC1694ELPqMs-YzUSNozLt8A-- <- node-fetch 2.7.0 (3.3.2 is available)
+ nodelite-2-c7-7RQ-dMB5dPwwCp4ee1-iV-q2P6aK1mTZcfr1BTuVlyW9hJYiMPybJCcnBlQtuSmTIWNeazm-zqNoZSSElBg-- <- nanoid 5.1.6
+ nodelite-2-c9bZp7b5YtRj2wOe6dlj32MK-Bx-M-d-9VB2SHM1OtsUHR0aV0tdP6DWh-iMt0kWi1t5g1Iudu6hQRNd1A4PVA-- <- widest-line 5.0.0
+ nodelite-2-c9h9dVVMigMPc4bwTvC5dxqtqJZwQPePsWjPlpSOnojbor6pGqdk541lfA7AqFQr5pB1BRdq0juY9db81BwyFw-- <- @types/deep-eql 4.0.2
+ nodelite-2-ca9pw9fomFcKPvFLXhBKUK90ZvGibiGOvRJNbjljY7s7uq-5YO4BOzcYtJqExdx99rF6aAcnRxHmcUHcz6sQsg-- <- esquery 1.6.0 (1.7.0 is available)
+ nodelite-2-cbqHunsQWnJNE6KhVSMsMeH5H-L9EpymbzqTQ3uLwNCLZ1Q481oWaofqH7nO6V07xlXwY6PhQdQ2IedWx-ZK4Q-- <- spdx-expression-parse 3.0.1 (4.0.0 is available)
+ nodelite-2-cBznnQ9KjJqU67B52RMC65CMarK2600WFnbkcaiwWq3xy-5haFJlshgnpjovMVJ-Hff49d8GEn0b87C5pDQ10g-- <- semver 5.7.2 (7.8.5 is available)
+ nodelite-2-cD8A-zJlm6fdJOk6DqPUV8mcpyJkRz2x2R--fYcWDYG3oWbG7-L7Yl-WqQ1VZCjnL9OTIMAn6c-BC5Eru4sQEw-- <- @mapbox/tiny-sdf 1.2.5
+ nodelite-2-cdGef-drWFoydD1JsMzuFf8100nZl-GT-yacc2bEced5f9Rjk4z-WtFUTBu9PhOi9j-jfmBPu0mMEY4wIdAF8A-- <- process 0.11.10
+ nodelite-2-cEiJEAEoIbWfCZYKWhVwFuvPX1gETRYPw6LlaTKoxD3s2AkXzkCjnp6h0V77ozyqj0jakteJ4YqDJT830-lVGw-- <- js-cookie 3.0.5 (3.0.8 is available)
+ nodelite-2-cf6L2Ds3h57VVmkZe-Pn-5APsT7FpqJtEhhieDCvrE2MK5Qk9MyffgQyuxQTm6BChfeZNtcOLHp9IcWRVcIcBQ-- <- iconv-lite 0.7.0 (0.7.3 is available)
+ nodelite-2-cFrJKZvcg-uxB6Ijr4l6qmn3pXQBna9zyrPC-sK0zjbkDUZew-6xDltSF7OeB7rAtzaaMVYSdbod-sZOCWnMOg-- <- postcss-discard-empty 7.0.1 (7.0.3 is available)
+ nodelite-2-cgwlv-1iFQiFnU96XXgROh8xTeetsnJiDsTc7TYCLFd9--WNkIqPTxiM-8pSd8VIrhXGTf1Ny1q1hquVqDJB5w-- <- domhandler 5.0.3
+ nodelite-2-ch6OwaeaPYcova4kKZ15sbJ2hKb-VP48ZD2gE7i1J-L4MspCtBMAx8nMgz7bksc7IojCIIWuEhHibSMFH8m8oA-- <- pg-connection-string 2.6.2 (2.9.1 is available)
+ nodelite-2-chhaNf2oKHlRkDGt-tiKE2Z5aJ6qalm7Z9rlLdBwmOiAAf09YQvvoLXjWK4HWPF1xU-fqvMgfNfpVoBscA-tKA-- <- @types/tmp 0.2.6
+ nodelite-2-chi4NHZlZqZD18a0imDHnZPrDeBbTtVN7GXMwuGdRH9qotxAjYs3aVLKc7zNOG9eddR5Ksd8rvFEBc9SsggPpg-- <- lodash.isarguments 3.1.0
+ nodelite-2-choctRBIV9EMT9WGAZHn3V7t0Z2pMQyl0EZE6pFc-6ml3ssw7Dlf-oAOvFwjm1HVsqfQN8GfeFyJ-d8tRzqueQ-- <- potpack 1.0.2
+ nodelite-2-cIZao-Jdu-4znu76d3ttAWBycDj6GWKiDVNlx1GVgqYgS-Qn7ak3Lm0FGIMAIHr5oOnX63jwzKIhW35AHNaTjQ-- <- @pnpm/parse-wanted-dependency 1001.0.0
+ nodelite-2-cjQ7ZlQ0Mv3b47hABuTevyTuYN4i-loJKGeV9flcCgIK37cCXRh-L1bd3iBHlynerhQ7BhCkn2BPbQUL-rGqFg-- <- @babel/code-frame 7.27.1 (8.0.0-beta.0 is available)
+ nodelite-2-cKiuUvETublmTmaOneEermfG2tI9ABpb7fW-LqzZAnSv4ZaJnbEis05lOkiBuYX5hNdnX0Q9ryOQyrNidb55WA-- <- @inquirer/search 3.2.1 (3.2.2 is available)
+ nodelite-2-ckXs0Fzd6icWurbeAXuqo-3Mhq2m8pOPygsQjTPh8K5UWgKaUgDSHrdDxAfexmT11xvBKOQ6sgYwPkYc5RW-bg-- <- js2xmlparser 5.0.0
+ nodelite-2-cMMJTAZlion-RWRRC48UbrDymEIt--YSD-l8NqjneyDw2rDOBQcP5yRkMB4CYGn47KMhZvbblBP7Z79OsMw72w-- <- path-temp 2.1.0
+ nodelite-2-cMtq4W5ZsEwcutJrVId-a-tjt8GSbS-h0oNkdl6-6rBuEv8Ot33Bevj5KPm40t309zuhVic8NjpuL42QCiJWWA-- <- bin-links 4.0.4 (5.0.0 is available)
+ nodelite-2-cOIiBS1SjzXg-LXSiQAzGg89dHDKq-y4c30-tB5hkVN7GbtXh1BNypOmjti4LwAWQrvP4y-bNG7RJFxLGoL3bA-- <- caret-pos 2.0.0
+ nodelite-2-cp7mkZPgmBuSxigTm3Vb-DtVHYeX7qXfQd7o05vcLD8Ag5WvRlol2QSn5P10k0CDAJwmkH9nQGQLBycErS9lsQ-- <- @codexteam/icons 0.3.3
+ nodelite-2-cQzWCtO6C8TQiYl1ruKNn2U6Ao4o4WBBcbL61yJl84x-j5sOWWFU9X7DpND8XZG3daDppSsigMdfAIl2upQBRw-- <- @xmldom/xmldom 0.8.11
+ nodelite-2-cSFtAPtRhljv69IK0hTVZQ-OfE9nePi-rtJmw5UjHeVyVroEqJXP1sFztKUy1qU-xvz3u-sfYJLa947b7nAN2Q-- <- simple-concat 1.0.1
+ nodelite-2-cTlrKttbrRHEw3W-0-I609A2Matj5JQaRvfLtEIGZvlN0RaPi-3ANsMeqAyCAVlH-lUIW2tmtBlSMni74lcXeg-- <- @authenio/xml-encryption 2.0.2
+ nodelite-2-cv3xAQos-pugVX-BfXpHsbyz-dLzX-lr44zNMsYiGxUw-kV5sgQCIcLd1z-0vq-KyC7dJ--ts2PsfgWfSC3WXA-- <- pidusage 2.0.21 (3.0.2 is available)
+ nodelite-2-cXEIW6cfr15lFv563k4GuVuW-fiwjknytD37jIOLSdSWuOI6WnO-oKwmP2FQTU2l01LP8-M5TSAJpzUaGe3uWg-- <- varint 6.0.0
+ nodelite-2-cXo7bKNZoa7aC7ydLmUR02oB3IgDe7MxiPuRz3cCtYQHn-BJ6h1tihmamYDWWUlPHgSNF0i3ATc4WmDECZafKw-- <- @turf/helpers 7.2.0
+ nodelite-2-cYj0LRuLV2c2sMqhqhGpaO3LretdtMn-BVX4cPLanIZuwwrkVl-lK84E-miEXkCHWXuq65rhNN4rXsBcOB3S4w-- <- vite-tsconfig-paths 5.1.4
+ nodelite-2-cYNkb28pxg6S3KVlBfVveqvtr5W9zrueESQpPYjFJArhCU6EJZGw6hRgeBAcEB6BVz7Nh5MPfikno-cuuCPiSQ-- <- swagger-ui-watcher 2.1.14
+ nodelite-2-cYQ9310grqxueWbl-WuIUIaiUaDcj7WOq5fVhEljNVgRfOUhY9fy2zTvfoqWsnebh8Sl70VScFbICvJnLKB0Og-- <- @jridgewell/sourcemap-codec 1.5.5 (1.6.0 is available)
+ nodelite-2-d-BFHzbiCx6zGfz0HyQ6Rg69w9k19nviJspaj4yNscGjrHu94sVP-aRm75yEbCh-r2-yR-7q6hux9LVtbuTGBw-- <- w3c-xmlserializer 4.0.0 (5.0.0 is available)
+ nodelite-2-d-l3qxjSesT4V7v2fh-QnmFnUWv9lSpjarhShNTgBOfA0ttejbQUAlHLitbjkoRiDulW0OPoQPYIGhIC8ohejg-- <- figures 6.1.0
+ nodelite-2-d0WwxwBLZaHokTrOngqHVkQK59NlveV5RE4wEpjaybhSNmEK9N7KPCcT5n8JcpH6k5o6AhxG47g1km2D7BZw8Q-- <- @microsoft/api-extractor-model 7.31.2 (7.33.11 is available)
+ nodelite-2-d4sOM8M-8z7vRXHHq-ebbblfaxENjogAAekcfcDCCwAyvGqnPrc7f4NZbvItS-g4WTgerW0xDwSz5qz11JT3vg-- <- vite-plugin-dts 4.5.4
+ nodelite-2-d6tKRWkZE8IQElX2aHBxXOMD478fHIYV-Dzm2y9Ag122ICBpNKtGICiXKOhWU3L1kKdttDD9dCMS4bGP3jhCTQ-- <- @vueuse/core 14.0.0 (14.2.0 is available)
+ nodelite-2-d9T8ucsEhh8Bi1woXCf-TIKDIROLG5WCkxg8geBCbvk22kzwC5G2OnXVMO6FUsvQlgUUXQ2itephWDLqDzbeCw-- <- es-shim-unscopables 1.1.0
+ nodelite-2-dBpDMdxv9Irdq66304OLfEmQ9tbNRFnFTuZiLo-bD-r332bBmMJ8GBLXklIXXgxd3-v9-KUnZaUR5PJMa75Gsg-- <- netmask 2.0.2
+ nodelite-2-dcS1ul-9tmeD95T-x28-ehLgd9mENa3LsvDTtzm3vyBEO7RPptvAD-t44WVXaUjTBRcrpFeFlC8WCruUR456hw-- <- kind-of 6.0.3
+ nodelite-2-dcyqhDvX1C46lXZcVqCpK-FtMRQVdIMN6-Df5js2zouUsqG7I6sFxitIC-7KYK29KdXOLHdu9zL4sFnoVQnqaA-- <- ieee754 1.2.1
+ nodelite-2-deG2P0JfjrTxl50XGCDyfI97ZGVCxIpfKYmfyrQ54n5FO-0gfIES8C-Psl6kWVDolizcaaxZJnTS0QSMxvnsBQ-- <- follow-redirects 1.15.11
+ nodelite-2-dEYtS7qQP2CjU27QBC5oUOxLE-v5eLkGqPE0ZKEIDGMs4vKWe7IjgLOeauHsR0D5YuuycGRO5oSRXnwnmA78fQ-- <- @vitest/snapshot 3.2.4 (4.0.7 is available)
+ nodelite-2-dFcAjpTQFgoLMzC2VwU-C-CbS7uRL0lWmxDITmqm7C-7F0Odmj6s9l6alZc6AELXhrnggM2CeWSXHGOdX2YtwA-- <- https-proxy-agent 5.0.1 (7.0.6 is available)
+ nodelite-2-dfUnCxiN9H4ap84DvD2ubjw-3vUNpstxa0TneY-Paat8a3R4uQZDLSvWjmznAY-DoahqTHl9V46HF-Zs3F29pg-- <- @parcel/watcher 2.5.1 (2.6.0 is available)
+ nodelite-2-dgyribrVWN5qE5usYJ0m5M93mVM3L3TyBPZWe1Xl6uZlH2gzfQx3dz-ZCdW93lWqdedJRkOecnvbnoEEXRZ5VQ-- <- @smithy/util-defaults-mode-node 4.2.9
+ nodelite-2-dhKf903U-PQZY6boNNtAGdWbG85WAbjT-1xYoZIC7FAY0yWapOBQVsVrDl58W86--e1VpMNBtRV4MaXfdMySFA-- <- rxjs 7.8.2
+ nodelite-2-dkEJPVvun4FryqBmZ5KhDo0K9iDXAwn08tMLDinNdRBNPcYEDiWYysLcc6k3mjTMlbP9KyylvRpd4wFtwrT9rw-- <- mute-stream 3.0.0
+ nodelite-2-dKp-C4iXWK4vVYZmYSd0KBH5F-h1HoZRsbJ82AVKRO3PEo8L4lBS-vLwhVtpwwuYcoIsVY-1JYKR268yn480uQ-- <- printable-characters 1.0.42
+ nodelite-2-dKx12eRCVIzqCxFGplyFKJMPvLEWgmNtUrpTiJIR5u97zEhRG8ySrtboPHZXx7daLxQVrl643cTzbab2tkQjxg-- <- for-each 0.3.5
+ nodelite-2-dl0O9Vhju8IrcLndv2eU4ldt1ftXMqqfgN4H1cpmGV7P6jeB9FwpN9a2c8DPGE1Ys88rNUJVYDHq73CGAGOPfQ-- <- fast-copy 3.0.2
+ nodelite-2-dLAADUSS8rBwhaevT12yCezvioCA-bmUTPH-u57xKPT8d--voeYE6HeluA-bPbQ15TwDBG2ii-QZIEmYx8VdxA-- <- sanitize-html 2.17.0
+ nodelite-2-dMxCf-zZ-3zeQZXKxmyuCKlIDPGuv8EF940xbkC4kQVDTtqoh6rJFO-JTKSA6-Rwi0getWmtuy4Itup0AMcaDQ-- <- npm-normalize-package-bin 3.0.1 (5.0.0 is available)
+ nodelite-2-dNKVfHd-jk0SkR-exKGj2ggkB45MAkzvWCaqLUUgkyjITkGNzH8H-yUwr-BLJUBjZOe9w8X3wgmXhZDRg1ED6A-- <- @types/file-saver 2.0.7
+ nodelite-2-dOESqjYr96iWYylGObzd39EuNTa5VJxyvVAEm5Jnh7KGo75V43Hk1odPQkNDyXNmUR6k-gEiDVXnjB8HJ3crXw-- <- strip-final-newline 3.0.0 (4.0.0 is available)
+ nodelite-2-doH1gimEu3A46VX6aVxpHTeHrytJAG6HgdxntYnCFiIFHEM-ZGpG8KiZGBChchjQmG0XFIBL552kBTjVcMZXwQ-- <- @sindresorhus/transliterate 1.6.0
+ nodelite-2-doPFLJoF-i91x2-xUT96ITVHz4QErtJHYcWSME3Xrcwv8RGfR1xBPCgfO-6TtEOnbtyr3jFrFAFOOAZMdlwyvA-- <- @pnpm/worker 1000.1.11
+ nodelite-2-dOTIuqpWLyl3BBXU3maNQsS4A3zuuoYRNIvYSxxhebPfXg2mzWQEPne-nlJ37yOse6uGgR386uTpdsx4D0QZWA-- <- @types/serve-static 1.15.9 (2.2.0 is available)
+ nodelite-2-dOy-3AuW3a2wNbZHIuMZpTcgjGuLU-uBL-ubcZF9OXbDo8ff4O8yVp5Bf0efS8uEoYo5q4Fx7dY9OgQGXgAsQA-- <- color-name 1.1.4 (2.0.2 is available)
+ nodelite-2-dpojBhNsCNN7T82Tm7k26A6G9ML3NkhDsnw9n-eoxSRlVBB4CEtIQ-KTCLI2Fwf3ataSXRhYFkQi3SlnFwPvPQ-- <- w3c-keyname 2.2.8
+ nodelite-2-dq-qelQ9akHpcOl-gUVRTxVIOkAJ1wR3QAvb4RsVjS8oVoFjDGTc679wJYmUmknUF5HwMLOgb5O-a3KxfWapPQ-- <- media-typer 0.3.0 (1.1.0 is available)
+ nodelite-2-dqaz3u44QbRXQooZLTUKU41ZrzYrcvLISVgbrzbyCMxpmSLJvZ3ZamIJIZ29P6OhZIkNIQKosdeM6t1LYbA9hg-- <- on-exit-leak-free 0.2.0 (2.1.2 is available)
+ nodelite-2-dRLjCWHYg4oaA77cxO64oO-7JwCwnIzkZPdrrC71jQmQtlhM556pwKo5bUzqvZndkVbeFLIIi-9TC40JNF5hNQ-- <- @types/json5 0.0.29
+ nodelite-2-ds37W8CytHgwnhGGTi88pcPyR15qoNkOpYwmMMfnWqqWgESapLqvDx6huFjQ5vqWSn2Z06173XNA7LtMOeUh1A-- <- capital-case 1.0.4
+ nodelite-2-dTxcvPXqPvXBQpq5dUr6mEMJX4oIEFv6bwom3FDwKRDsuIjjJGANqhBuoAn9c1RQJIdAKav33ED65E2ys-87QQ-- <- http-cache-semantics 4.2.0
+ nodelite-2-dUOvLMJ0-JJYEn8NrpOaGNE7X3vpI5XlZS-u0ANjqtcZVKnIxP7IgCFwrKTxENw29emmwug53awKtaMm4i9g5w-- <- retry-request 7.0.2
+ nodelite-2-dW41u5VfLXu8SJh5bwRmyYUbAoSB3c9uQh6L8h-KtsFREPWpbX1lrljJo186Jc4nmci-sGUZ9a0a0J2zgfq2hw-- <- send 0.19.0 (1.2.1 is available)
+ nodelite-2-dWHzHa2WqEXI-O1E9OjrocMTKJl2mSrEolh1Iomrv6U-JuNwaHXsXx9bLu5gG7BUWFIN0skIQJQ-L1rIex4X6w-- <- @types/estree 1.0.8 (1.0.9 is available)
+ nodelite-2-dwsoQlS7h9hMeYUq1W--23NDcBLV4KqONnITDV9DjfS3q1SgDGVrBdvvTLUotWtPSD7asWDV9-CmsZPy8Hf70A-- <- fast-redact 3.5.0
+ nodelite-2-dXn3FZhPv0US-7dtJsIi2R-c7qWYiReoEh5zUntWCf4oSpMNib8FDhSoed6m3QyZdx5hK7iLFkYk3rNxwt8vTA-- <- @keyv/serialize 1.1.1
+ nodelite-2-dYqgNSZbDwkaJ2ceRd9ojCGjBq-mOm9LmtXnAnEGyHhN-5R7iDW2TRw3h-o-jCFxus3P2LfWIIiwowAjANm7IA-- <- regexp.prototype.flags 1.5.4
+ nodelite-2-dznP38YzxZoNloI0qpEfpkms8knDtaoQ6Y-sfS0L7Yki4zh40LFHEhur0odJC6xTHG5dxWVPiUWBXn-wCG2s5w-- <- @vueuse/shared 12.8.2 (14.2.0 is available)
+ nodelite-2-e-1zu3xH5MQryN2zdVaF0OrdNLUbvWxzMbi-iNA6Bky7l1RoP8a2fIbRocyHclXt-arDrrR6lL3TqFD9pMQTsg-- <- de-indent 1.0.2
+ nodelite-2-e28J2uKjy2uub4u41dNnmzAu0AN3FGB-LRcLN2Qnwl9Oq3kIcByl5sM8ZD-vWpNG-SFUrUasBCq8cMnHxwXZ4w-- <- @aws-sdk/core 3.928.0 (3.973.4 is available)
+ nodelite-2-e2hz5BzbUPcYlIRHo8ieAhYgoajrJr-hWoceg6E345TPsATMUKqDgzt8fSXZJJbxfpiPzkWyphz8yn8At7q3fA-- <- color 5.0.2
+ nodelite-2-e3nRfgfUZ4rNGL232gUgX06QNyyez04KdjFrF-LTRoOXmrOgFKDg4BCdsjW8EnT69eqdYGmRpJwiPVYNrCaW3g-- <- es-define-property 1.0.1
+ nodelite-2-e5iwyodOHhbMr-yNrc7fDYG4qlbIvI5gajyzPnb5TCwyhjApznQh1BMFou9b30SevY43gCJKXycoCBjMbsuW0Q-- <- function.prototype.name 1.1.8 (1.2.0 is available)
+ nodelite-2-e6qHKe3a9HWr0oMRVDTRhKce-bRO8VGQR3NyVwcjwrbhMmFCX9KszEV35-rn4AdilFAq9VPxP-Fe1wC9Qjd2lw-- <- parseley 0.12.1
+ nodelite-2-e89uuTLMh0U5cZ9iDpEI2senqPGfbPRTHM-0AaQkcxnpqjkZqDYP8rpfm7edOz8s-pOCOROEy1PIveSW8-fL5g-- <- @vueuse/shared 13.9.0 (14.2.0 is available)
+ nodelite-2-e906FRY0-tV27iq4juKzSYPbUj2do2X2JX4EzSca1631EB2QJQUqGbDuERal7LCtOpxl6x3-nvo9NPZcmjkiFA-- <- pino-std-serializers 7.0.0 (7.1.0 is available)
+ nodelite-2-e9EBqHHv3EORHrSfbR9DqecPNn-AmuAoQxV6aL8Xu30bJMJR1o8PZLZzpk1Wq7-NfCbuhmakHTPYRhoqLsXRnw-- <- @mapbox/geojson-types 1.0.2
+ nodelite-2-e9FBWDe-lv7QKAwtKOt6A2W-fyy-aEEfr0g6j-hWzvQcrzHCsz07BNQYlNOjTfeytrtLU7k449H1PI95jA4OjQ-- <- @reflink/reflink-linux-x64-musl 0.1.19
+ nodelite-2-eaBzG6MxNzEn9kiwvtre90cXaNLkmadMWa1zQMs3XORCXNbsH-OewwbxC5ia9dCxIxnTAsSxXJaa-p5y8DlvJg-- <- type-fest 0.16.0 (5.4.1 is available)
+ nodelite-2-ebDJ9b0e702Yr7pWgB0jzm-CX4Srzz8RcXtLJDJB-BSccqMa36uyH-zUsSYao5-BD1ytv3k3rPYCq4mAE1hsXA-- <- @types/argparse 1.0.38
+ nodelite-2-eDl5H57AOpNakGNAkFDH-y7kTqrQpJkZFXhWZQGyx-5Wh7B1uQYvcWkvZi11BDhscPgj8N7XV3oRwiPnx1Vrig-- <- @vue/compiler-core 3.5.24 (3.5.27 is available)
+ nodelite-2-eDMORYaPNZ4sQIuuYPDHdQvf4gyCF9rEEV-yPxGfwPkRodwEgiMUUXTx-dex-Me0wxx53S-NgUHaP7y3MGlDmg-- <- wide-align 1.1.5
+ nodelite-2-eDT7iXoBTRZ2n3fLiftuGJFD-yjkiB1GNqzU2KbY1TLYeXeSPVTVgn2eJ5vmRTZ11978jy2Kg2wI7xa9Tyr8ag-- <- @azure/keyvault-keys 4.10.0
+ nodelite-2-eeB5GfMNeevm-GRYq20ShmsaGcmI81kIX2K9XQx5miC8KdHaC6Jm0qQ8ZNeGOi7wYB8OsdxKs-Y2oVuTFuVwKQ-- <- generate-function 2.3.1
+ nodelite-2-efCx3b-0Z69-LGJmm9Yvi4cqEdxnoGnxYxGxBghkkTTFeXRtTCmmhO0AnAfHz59k957uTSuy8WaHqOs8wbYUWg-- <- require-in-the-middle 5.2.0 (7.5.2 is available)
+ nodelite-2-eFuaLoy-Rxalv2kr-lqMlUnrDWV-3j4pljOIJgLIhI058IQfWJ7vXhyEIHu-HtC738klGALYxOKDO0bQP3tg8A-- <- defaults 1.0.4 (2.0.2 is available)
+ nodelite-2-eGuFFw7Upda-g4p-QHvnW0RyTX-SVeJBDM-gCtMARO0cLuT2HcEKnTPvhjV6aGeqrCB-sbNop0Kszm0jsaWU4A-- <- esprima 4.0.1
+ nodelite-2-eHvSJZTSRJO--tjjGD6ocnPc8q9o3m26-qbwQTu-4V6yOJQ1q-xkDZNqwJQphL-CodYaQ7uljp8g1Ji-AN3D9w-- <- @aws-sdk/middleware-ssec 3.922.0 (3.972.2 is available)
+ nodelite-2-eIOH1pqFwI6UmVNnDQvmFeSg0XppuzDLFeUNO-Xht7ODAzRLgGDh7h550pSxoA-lPDxBl1-D2m-KG3jWzCUjTg-- <- @azure/storage-common 12.1.1 (12.2.0 is available)
+ nodelite-2-ejlPM315qwLpaQlQDTjPdsUFSc6ZsP4AN6AlWnogPjQ7CVi7PYF3YVz-CY3jE2pwYf7E-7HlDAN0rV2GxTG0HQ-- <- @types/express 4.17.21 (5.0.6 is available)
+ nodelite-2-eKCa6bwnJhvxj14kZk5NCPc6Hb6BdsU9DZcOnmQKSnO1VKrfV0zCvtttPZUsBvjmNDn8rpcJfpwSYnHBjc95MQ-- <- human-signals 8.0.1
+ nodelite-2-ekCsGICZOIdghF-U2T34H7CItqaWAoJDXbkRD-x8l-LIo-7Ozf7KovYm21qz-CluArgV4RurVFHqwlz-O0vfJA-- <- @editorjs/image 2.10.3
+ nodelite-2-ekilCSN1jwRvIbgeg-57YFh8qQDNbwDb9xT-qu2DAHbFFZUicIl4ygVaAvzveMhMVr3LnpSKTNnwt8PoOfmKhQ-- <- jiti 2.6.1 (2.7.0 is available)
+ nodelite-2-eLA6XjVobAUAMivvM7DBL79mnHyrm-32TkXNWZua5mnxF-6kQCfblKKJvxMZLGosO53-Ex46ogim8IY5Nbqv2w-- <- @aws-sdk/types 3.922.0 (3.973.1 is available)
+ nodelite-2-eLDQas5dzPgOWCk9GuuJC2lBqItuhKI4uxGgo9aIV7MYbk2h9Q6uULEh8WBzThoI7l-qU9Ast9fVUmkqPP9wYg-- <- socket.io-adapter 2.5.5 (2.5.8 is available)
+ nodelite-2-eljcgEDlEns-7AXFosB5K-2nCM4P7FQPkGc-DWLy5rmFEWvZayGrik1d9-QIY5nJ4f9YsVvBkA6kJpHn9rISdQ-- <- is-docker 3.0.0
+ nodelite-2-eLoBxg6wE-rZkJPhU-xRX1WTpkFEwDJEN96oxFrTsqBdbT5ec295Q-CoHrL9IT0DipqKhmGcaZmwOt8OON5x1w-- <- named-placeholders 1.1.3 (1.1.6 is available)
+ nodelite-2-elOcIZRTM76dvxNAjqYrucTSI0teAF-L2Lv0s6f6b7FOwcwIuA357bIE871580AjHJuSvLIRUosgV-lIWx6Rgg-- <- sass 1.93.3 (1.97.3 is available)
+ nodelite-2-eLoXW-DHyl62zxY4SCaIgnRhuMr6ri4juEYARS8E6sCEqzKpOiE521Ucofdx-KnDZl5xmvGYaaKCk5FEOxJCoQ-- <- stop-iteration-iterator 1.1.0
+ nodelite-2-eMimriYfHqHCIHAxm4ADBfRXGgg3AtWomrBXSz19x9-Ab75NwGvr4PtsuYs9xjBmy-CHKe06m0fZmUJPiIG0EQ-- <- @pnpm/node.fetcher 1001.0.8
+ nodelite-2-enIvLvRAFZYXJzkCYG5RKmPfrFArdLv-R-lbQ53BmIMLIry74bjKzX6iHAm8WYamJkhSSEabrWN5D97XnKObjQ-- <- minimatch 10.1.1
+ nodelite-2-enxc1h0jA-aq5oSDMvqyW3q89ra6XIIDZgCX9vkMrnz5DFTw-Ny3Li2lFQ-pt3L6MCgm-5o2o8HW9hiJji-xvw-- <- pg 8.16.3
+ nodelite-2-eOgiEWqjppB-3DN-5E82EQ8dTINus8d9GXMCbEsUnp2hcUIcXmBvzWmD3tXMk3CuBK0v-ddK9qw0EAF-JVRMjQ-- <- can-write-to-dir 1.1.1
+ nodelite-2-eOunJqu0K1923aExK6y8p6fsihYEn-BYuQ4g0CxAAgFc4b-ZLN4CrsRZ55srTdqoiLzU2B2evC-apEIxprEzkQ-- <- @types/qs 6.14.0
+ nodelite-2-epfvBWFoX-jxAnUQWsKUXEDLUqvuaF6z8bCMjdQjf5fCKptr5gJRtu5ntVFLlLropBQsJcGuvN7L6i9I7Cvtcw-- <- @directus/vue-split-panel 0.8.4
+ nodelite-2-eRnCtTTtGZFpQCwhJiUOuxPQWRXVKYDn0b2PeHfXL6-Zi53SLAzAHfVhVWK2AryC-WH05kGfxhFIPvTF0SXQzg-- <- fastest-levenshtein 1.0.16
+ nodelite-2-es94M3nTIfsEPisRafak-HDLfHXnKBhV3vU5eqPcS3flIWqcxJWgXHXiey3YrpaNsanY5ei1VoYEbOzijuq9BA-- <- json-schema 0.4.0
+ nodelite-2-eTonaQvPZ-3i1ASDHOKkYwAybiM45zFIc7KXils4mQmHLqIswXD9XNOKEVxtTFnsmwYzF66u4LMgSr0abDlh5w-- <- postcss-discard-duplicates 7.0.2 (7.0.4 is available)
+ nodelite-2-ev2QzSzWPYmy9GuqfIVildA4OdcGLeFZQrq5ys6RtiuF-RQQiZWr8TZNyAcuVXyQRYfEO-MsoB-1BuQVhOJuoQ-- <- string_decoder 0.10.31 (1.3.0 is available)
+ nodelite-2-eXK1UInq2bPmjyX6e3VHIzMLobc4J94i4AWn-Hpq3OU5KkrRC96OAcR3PRJ-pGu6m8TRnBHP9dkXQVsT-COVIA-- <- is-windows 1.0.2
+ nodelite-2-eyqzomQC76LjUOEkPP8rdR2Fk4eZBSS0Ma47i7CNiQuv8NCw3trZvghx8L5Xruk7XPEj-eRAMrAxP--xQFOPdQ-- <- @keyv/redis 3.0.1
+ nodelite-2-eYwrzhKUBGFdq78rJStGjaHTUHA2VH-Avr--CVx-T-EJkI7hnFmOy6YghvcB2clj8HpO4V8tXRNuFNfRX08ayw-- <- @pnpm/node-fetch 1.0.0
+ nodelite-2-ezHLe1tKLUxDJo2LHtDuEDyWXolw8WGOR92qb4bQdWq-zKenO5BvctZGrVJBK08zjezSk7bmbKFOXIVyChvDLw-- <- @smithy/config-resolver 4.4.3 (4.4.6 is available)
+ nodelite-2-f0cRzm6dkyVYV3nPoooP8XlccPQukegwhAnpoLcXy-X-A8KfpGOoXwDr9FLZd3wzgLaBGQBE3lY93Zm-i1JvIQ-- <- form-data 3.0.4 (4.0.6 is available)
+ nodelite-2-f3qQ9oQy9j2AhBe-H9VC91wLmKBCCU-gDOnKNAYG5hswO7BLKj09Hc5HYNz9cGI--xlpDCIgDaitVs03ATR84Q-- <- fast-deep-equal 3.1.3
+ nodelite-2-f7ccFPK3SXFHpx15UIGyRJ-FJQctuKZ0zVuN3frBo4HnK3cay9VEW0R6yPYFHC0AgqhukPzKjq22t5DmAyqGyw-- <- flat-cache 4.0.1 (6.1.7 is available)
+ nodelite-2-f9m-BEN5jkg6a0fZjleidjN51VE1X-mPFQ2DJ0uv1V39oCLCbsGe6yjbBnp7eK7z--GAon99a3nHuqbuuthyPg-- <- gauge 4.0.4 (5.0.2 is available)
+ nodelite-2-faqwZqnWxbxn-F1d399ygeamQNy3lPp-H9H6rNrqYh4FSVCtcY-3cub1MxA8o9mDd55mM8Aghuu-kuyYA6VTsA-- <- camelcase 5.0.0 (8.0.0 is available)
+ nodelite-2-fB2V0JFrQSMsCo9HiSq3Ezpdv4iYaXRG1Sx8edX3MwxfyNn83mKiGzOcH-Fkxt4MHxr3y42fQi1oeAInqgX2QA-- <- @vitest/utils 3.2.4 (4.0.7 is available)
+ nodelite-2-fC8w49YQ868IuPWRXqPfLf-MuTRex5Z1qxMoG8rr70riqqbOp2F5xgOKE9fODEBPzpnvjkJXFgK6IL2xgMSTnA-- <- @types/nodemailer 7.0.3
+ nodelite-2-fCqPIfOcLE-CGqGPd66c8bZpwAji98tZ4JI9i-mlTNTlsIWslCfpg48s-ypyLxZTump5sypjrKn2-kY7q8oAbA-- <- @azure/logger 1.3.0
+ nodelite-2-fdRs9PSrBF7QUntpZpq6BTw58fhgGJojgg39m9oFOJGZT-nip9b0so5cYY1oWl5pvemDLr0cPPsH46vwThEbpQ-- <- @bufbuild/protobuf 2.10.0
+ nodelite-2-fereAvAvxDrQDOXybk3Qu3dPbOoKoysFMWtkY3mv5BsL8--OSZVL5DCLYqgRfY5cWirgRzlC-WSrxp6Bo3eNZg-- <- copyfiles 2.4.1
+ nodelite-2-ff--PjSfHkiqN6TEzCGCCfStj-F51WhL3RXH6M-MQULsUOXfQ2yf9wQFTPzf8qggTsI5YhusLtFqSHXMwtfxRQ-- <- @pnpm/local-resolver 1002.1.4
+ nodelite-2-fgAN3jGAh-RoxUGZHTSOLJIqUc2wmoBwGR4tbpNAKmmovFoWq0OdRkb0VkldReO2a2iBT-OEulG9XSUc10r3zg-- <- no-case 3.0.4
+ nodelite-2-fGxEI7-wsG9xrvdjsrlmL22OMTTiHRwAMroiEeMgq8gzoLC-PQr7RsRDSTLUg-bZAZtF-TVIkHc6-4RIKrui-Q-- <- require-directory 2.1.1
+ nodelite-2-fjquC59cD7CyW6urNXK0FBufkZcoiGG80wTuPujX590cB5Ttln20E2UB4S-WARVqhXffZl2LNgS-gQdPIIim-g-- <- extend 3.0.2
+ nodelite-2-fKzAra0rGJUUBwGBgNkHZuToZcn-TtXHpeCgmkMJMMYx1sQDYaCSyjJBSCa2nH1DGm7s3n1oBnohoVTBaN7Lww-- <- is-wsl 2.2.0 (3.1.1 is available)
+ nodelite-2-flFbp-gs9pZniXR6fans8smv1kDScJ8RS7rEpMjhVabiKeq7Qz3D9-eGsypncjfIyyU84saU88XZ0zjbD6Gq-g-- <- vue-observe-visibility 2.0.0-alpha.1
+ nodelite-2-fm4D8ti0dQmFPeF8DXSAA--btEmqCOgAc-9Oa3C1LW94h5usNrJEfrON7b4FkPZgnDEn6OUs5NdxiJZmAtGOpQ-- <- cssnano 7.1.1 (7.1.9 is available)
+ nodelite-2-fMMcWc2JPFcUaqHeR6-PbmEpTxCrPZyBUM95oG4w3ngJ8NfBNas-ZXA-pTHXLqJ0UlFVTcy05GC25WxKx-M20A-- <- autocannon 8.0.0
+ nodelite-2-fo-QhuU3qE-2TQMQmbVMqaQ6EWbMhi4ABWP-O4AM1NqPBuy0OrApV5LO6BrrgnhtAHS2NH6RrVk9OL181tTi8A-- <- @manypkg/get-packages 1.1.3 (2.2.2 is available)
+ nodelite-2-fOBV8C1FIu2ELinoILQ-ApxcUKz4ngq-IWUYrxSGjXzzjUALijilampwkMgEtJ-h2njAW3pi853QpzNVCHB73w-- <- @types/object-hash 3.0.6
+ nodelite-2-fQhoXdcvc3V28x7C7BMs4P5-kNlgUURe2jmUT1T--oBRMDrqy1QPelJimwZGo7Hg9VPV3EQV5Bnq4hbFy2vetA-- <- json-schema-typed 8.0.2
+ nodelite-2-fXSwMQqitTGeHLBC08Eq5yXz2m37E4pJX1qAU1-2cNedz-ifv-bVXft90VeSav5nFO61EcNgwr0aJxbyPaWBPg-- <- @babel/helper-annotate-as-pure 7.27.3 (8.0.0-beta.0 is available)
+ nodelite-2-g-qR49GNdI1Z8rZxKrQC3GN-LfnGTNf5Kk8Nz5Cz6mIGva5WRS-ffPXQfzhA0nu6TveWzPNYTjGl4nJqd3Cu9Q-- <- @pinia/testing 1.0.3
+ nodelite-2-g0VU-y08pKw5M8EZ2rIGiEBaB8wrQMjYGFfW2QVIfyT8V-fq8YFLkvlz4bz5ljvFDJYNFCWT3PWqcRr2FKO81w-- <- pidusage 3.0.2
+ nodelite-2-g1MWMLBiz8FKi1e4w0UyVL3w-iJceWAFBAaBnnGKOpNa5f8TLktkbre1-s6oICydWAm-HRUGTmI---xv2hvXYA-- <- json5 1.0.2 (2.2.3 is available)
+ nodelite-2-g3y60FBFrOTWMScndtgTAFlqPvdcKeO-hAu8qWfahBMRI9Y1EmP-8Ie01UMd1S377HUb2xCInHDIb68KcppzEg-- <- knex-mock-client 3.0.2
+ nodelite-2-g6KURjOxrgb8yXDEZMuIcHkUr-7TKlDwSiydEQtMtP3n4iI4sNjkcE-WNKlR3-t9bZh1pFGAq7NFRBtouQGHpQ-- <- @napi-rs/snappy-linux-x64-gnu 7.3.3
+ nodelite-2-g6QUff04oZpHs0eG5p83rFLhHeV00ug-Yf9nZM6fLeUrPguBTkTQOdpAWWspMh55TZfVQDPaN3NQJfbVRAxdIw-- <- reusify 1.1.0
+ nodelite-2-g6T-p7QO8npa--hNx9ohv1E5pVCmWrVCUzUXJyLdMmftX6ER0oiWY-w9knEonLpnOp6b6FenKnMfR8gqwWdwig-- <- smob 1.5.0 (1.6.2 is available)
+ nodelite-2-g7nH6P6dyDioJogAAGprGpCtVImJhpPk-roCzdb3fIh61-s-nPsfR6onyMwkCAR-OlC3yBC0lESvUoQEAssIrw-- <- depd 2.0.0
+ nodelite-2-g9Q1haeby36OSStwb4ntCGGGaKsaVSjQ68fBxoQcutl5fS1vuY18H3wSt3jFyFtrkx-Kz0V1G85A4MyAdDMi2Q-- <- slash 3.0.0 (5.1.0 is available)
+ nodelite-2-g9yhqoedzIUm0nTnTqAQvueMPVOuIY16bqgAJJC8XOOubYFNwz6IER9qs0Gq2Xd0-CecCKFjtdDTMA4u4xG06Q-- <- node-fetch-native 1.6.7
+ nodelite-2-gaNvAS7TZ897-rVaZ0nMtAyxNyi-pdbjbAwUpFQpN70GqnVfOiXpeUUMKRBmzXaSQ8DdTX4-0ms62r2K-hE6mQ-- <- merge-descriptors 1.0.3 (2.0.0 is available)
+ nodelite-2-gBrxN88gOIf3R7ja5K9slwNayVcZgK6SOUORm2uBzTeIEfeVaIhOpCtTox3P6R7o2jLFwLFTLnC7kU-RGcYEgw-- <- @eslint/config-helpers 0.4.2 (0.7.0 is available)
+ nodelite-2-gDKb8aZMDeD-tZWs9P6-q0J9Mwkdl6xMV8TjnGP3qJVJ06bdMgkbBlLU8IdfOsIsFz2BW1rNVT3XuNEl8zPAvw-- <- path-type 4.0.0 (6.0.0 is available)
+ nodelite-2-gds5iRhSeOcDtj8gfWkRHLtZKTPsFVuh7utbjYtvnclw4XM-ffRzJrwqMhOD1PVqef7nBLmgsu1vIujjvAJrAw-- <- path-absolute 1.0.1
+ nodelite-2-gdwlAMXC4Wc0s7Dmg-4wNybMEd-4lSd9LsXQxeg-piWY0PPXjgz1IXJWnVScx6dZRaaodWP3c1ornrw8mZdFZw-- <- @pnpm/logger 1001.0.1
+ nodelite-2-gh1t-Qf1ApvSFxmnqBScntY1-RRXkXAlkZ7SKepIlsKejfCcvKowkyN1rFp4wUnXOLkxkpPo4VndzFQOJzYOwA-- <- @aws-sdk/lib-storage 3.928.0 (3.975.0 is available)
+ nodelite-2-gIXjKqtFuWEgzFRJA9WCQeSJLZDjgJUOMCMzxtvFq-37KojM1BFGufqsCy0r4qSQmYLsZYMeyRqzIWOMup03sw-- <- foreground-child 3.3.1
+ nodelite-2-gj9u-EyEVLgDA9jW8JOsAgEc8H79zg01STK5KLv9EU45kf5Qh7kAoCmG090Jkp-YEGvSiaR-Ta7Xs-gUTLqflw-- <- @supabase/storage-js 2.81.0
+ nodelite-2-gjVS5hOP-M3wMm5nmNOucbIrqudzs9v-57bWRHQWLYklXqoXKrVfYW2W9-glfGsqtPgpiz5WwyEEB-ksXIx3gQ-- <- pretty-ms 9.3.0
+ nodelite-2-gKLcREMhtuZRwRAfqP3RFW-TK4JqApVBtOIftVgjuABpAtpxhPGaDcfvbhNvD0B8iD1oUr-txX35NjcaY6Ns-A-- <- mkdirp-classic 0.5.3
+ nodelite-2-gkWGshjYcQCF-6qtlrqBqELqNqnt4CxruY6UVAWWnqb3DQ6qaNFEIKqzYep1XzHLM-QtrHVCxyPOtTk4LTQ7Aw-- <- fast-xml-parser 5.3.0 (5.3.3 is available)
+ nodelite-2-gl5YPAhPYl07JZ5obiD9nTZsg4SyZswAQU-NNtnYiSnFkI3-ZHuXAiEsYm7AaZ71E0LXSFaGVaulGSWN3Gd71A-- <- suggestions 1.7.1
+ nodelite-2-gmBGslpoQJtgnMAvOVqGZpEz9dyoKTCzy2nfz-n8aIFhN-jCE-rCmcxabB6jOOHV-0WNnylOxaxBQPSvcWklhA-- <- strip-ansi 7.1.2 (7.2.0 is available)
+ nodelite-2-gnXhNRE0FNhD7wPSCGhdNh46Hs6nm-uTyg-Kq0cZukNQiYdnCsoQjodNP9BQVG9XrcK-v6-MgpAPBUFyzh9pvw-- <- nodemailer 7.0.11 (7.0.12 is available)
+ nodelite-2-gphr-v0mv2I3Oxt19VdWRRUxq3sseyUpX9DaHpTUmLj92Y10AGy-XOtV-kbM6L-fDcpx7-ISDFK6T8A-P3lOdQ-- <- @changesets/get-dependents-graph 2.1.3 (2.1.4 is available)
+ nodelite-2-gScRMn0bS5fH-IuwyIFgnh9zBdo4DV-6GhygmWM9HyNJSgS0hScp1f5vjtm7oIIOiT9trXrShAkLFSc2IqKNgw-- <- object-hash 2.2.0 (3.0.0 is available)
+ nodelite-2-gUD-epcRms75Cw8RT1pUdHugZYM5ce64ucs2GEISABwkRsOQr0q2wm-MV2TKThycIe5e0ytRweW2RZxclogCdQ-- <- load-json-file 6.2.0
+ nodelite-2-gXah6aZrcUxjWg2zR2MwouP2eHlCBzdV4pygudehaKXSGW4v2AsRQUK-lwwXhii6KFZcunEnmSUoYp5CXibxtA-- <- object.values 1.2.1
+ nodelite-2-gZkVCQR1gy-oUXr-kxJMLDjla434KmSOKbx5iGD30Ql-AkJQ-YlPKECJy2nhqOsHLjGHzoDTXNSjhnvWhzKk7g-- <- superagent 7.1.6 (9.0.2 is available)
+ nodelite-2-gZLxXdjEzE--mOstGDqR6b0EkhJ-kM6fxM6vUuckuctuVPh80Q6pw-rSZj9s4Gex9GxWtIicO1pc8DB9KZWudw-- <- npm-bundled 2.0.1 (5.0.0 is available)

Done in 1.3s using pnpm v10.34.5
