Progress: resolved 1, reused 0, downloaded 0, added 0
Packages: +250
++++++++++++++++++++++++++++++++++++++++++++++++++++++++++++++++++++++++++++++++
Progress: resolved 250, reused 0, downloaded 250, added 250, done

dependencies:
+ nodelite-2-8guHBZCwKnFhYdHr2ysuRWErTwhoN2X8XELRlrRwpmfeY2jjuUN4taQMsULKUVo1K4DvZl-0pgfyoysHxvmvEw-- <- eventemitter3 4.0.7 (5.0.4 is available)
+ nodelite-2-8h2oVEZNktL4BH2JCOI90iD1yXwL6iNW7KcCKT2QZgQJR2vbqDsldCTPRU9NifTCqHZci57XvQQ15YTu-sTYPg-- <- layout-base 1.0.2 (2.0.1 is available)
+ nodelite-2-8iA79xD3uAch729dUG8xaaBBFGaEa0wdD2VkYLFHwlqosEj-jT66AzcreRDSgV7ehnNLBW2WR5jIXwGKjVdTLg-- <- executable 4.1.1
+ nodelite-2-8iUql50EUR-uUcdRQ3HDqa6EVyo3docL8g5WJ3FNcWmu62IbkGUue-pEyLBW8VGKKucTPgqeks4fIU1DA4yowQ-- <- ajv-formats 3.0.1
+ nodelite-2-8k0JupWme55-9tCVE-FS5ULT3K6AbgqrGa58lTT49RpyfwwcGedHqaC5LlQNdEAumn-wFsu6aPwkuPMioy8kqw-- <- pump 1.0.3 (3.0.4 is available)
+ nodelite-2-8lgKz8LmCRYZZQDpRyT2m5rKJ08TnU4tR9FFFW2rxpxR1FzWi4PQ-NfyODchAatHaUgnSPVcx-R5w6NuTBzFiw-- <- cli-cursor 2.1.0 (5.0.0 is available)
+ nodelite-2-8nvh-XBe96aCESrGOqMp-84b13H9cdKbG5P2ejQCh4d4sK9RL4371qou9drQjMhvnPmhWl5hnmqbEE0fXr9Xnw-- <- delaunator 5.0.1
+ nodelite-2-8nWq2nLTAwd02jTqJExUYFSD-fKq6VH9Y-oG2accc-kdI0V98Bag8d5a4gi3XHz73rDWa2PvTtvcWYquKqSENA-- <- inherits 2.0.1 (2.0.4 is available)
+ nodelite-2-8p0AUk4XODgIewSi0l8Epjs-EVnWiK7NoDIEGU0HhE7-ZyY8D1IMY7odu5lRrFXGg71L15KG8QrPmum45RTtdA-- <- readable-stream 2.3.8 (4.7.0 is available)
+ nodelite-2-8prixNi1-6nawsRYxet4YOhnbW-W9FK-bQPxsGB1D3ZrDzbJ5FXw5XmzxZv82X3B-ZccuSxo-X8q9nQ-mFecWA-- <- @typescript-eslint/tsconfig-utils 8.49.0 (8.69.0 is available)
+ nodelite-2-8q7VEgMJW4J8tcfVPy8g09NcQwZdbwFEqhe-WZkoIzjn-3TGDwtOCYtXGxA3O8tPzpczCCDgv-P2P5y00ZJOOg-- <- merge2 1.4.1
+ nodelite-2-8RipRLol37bNs2bhoV67fiTEvdTrbMUYcFTiy3-wuuOnUog2QBHCZWXDRijWQfAkhBj2Uf5UnVaiWwA5vdd82w-- <- form-data 4.0.5 (4.0.6 is available)
+ nodelite-2-8rXg1ZnX7xzy2NGDVkBVaAy-lSlPNwad13BtgSlLuxfIslyt5Vg64U7tFcCt4WS1R0hvtnQybT-IyCkGZ3DpXQ-- <- filter-obj 1.1.0 (5.1.0 is available)
+ nodelite-2-8S5I8db-uZN8r9HSLFVWPdJCvYOejMcEC82VIzNUc6Zkklf-d1gg2psfE79-vyhWOj4-J8MtwmoOz3TmvaGu5A-- <- min-document 2.19.2
+ nodelite-2-8SFQbg-0hQ9xy3UNTB0YEnsNBbWfhf7RtnzpL7TkBiTBRfrQ9Fxcnz7VJsleJpyp6rVLvXiuORqjlHi5q-PYuA-- <- busboy 1.6.0
+ nodelite-2-8SQMzdrvWaD8deUmrnYB-ASyxBVgWUOilg-A75nE-76WdLpj6LopCwiAVvkzkcqy-9b7t2Mg7faFLjg0ZRcZ3w-- <- svgo 3.3.5 (4.1.0 is available)
+ nodelite-2-8SVPMuHqlPME-z3gqVwWY4zVXn8lqKv-pAhC57FuJ40ImXyBpmO5ukh98zB2v7Blql2FiHjHv9LVztSIqjY-MA-- <- mdast-util-definitions 5.1.2 (6.0.0 is available)
+ nodelite-2-8u-hfXFRBD1O0hPUjioLhoWFHRmt6tKA4-vZPyckBr18l1KE9uHrFaFaUi8MDRTpi4uak2goyPTSNJLXX2k2Hw-- <- object.entries 1.1.9
+ nodelite-2-8uMeAMycttpva3P1lBHB8VciS9V0XAr3GymPpipdyQXbBcuhkLQOSe8E-p92RyAdToS6ZD1tFkX-CkhoECE0dQ-- <- @jest/expect 29.7.0 (30.2.0 is available)
+ nodelite-2-8UnnX2PeRAPZuN12svgR9j7M1uWMovg-CEnIwIG0LFkXSJJe4PdfUGiTGl8V9bsBHFUtfVINcSyYxd7q-kx9fA-- <- magic-string 0.27.0 (0.30.8 is available)
+ nodelite-2-8uSpZZocAZRBAPIEINJj3Lo9HyGitllczc27Eh5YYojjMFMn8yHMDMaUHE2Jqfq05D-wucwI4JGURyXt1vchyg-- <- execa 5.1.1 (9.6.1 is available)
+ nodelite-2-8VhliFJAWRaUiVvREIiW2NXXTmHs4vMNnSzuJVhscgmGav3g9VDxLrQndI3dZZVVdp0ZO-5v0xmX516-7M9cng-- <- regex-utilities 2.3.0
+ nodelite-2-8vXOvuE167CtIc3OyItco7N-dpRtBbYOsPsXCz7X-PMnlGjYjSGuZJgM1Y7mmew7BKf9BqvLX2tnOVy1BBUsxQ-- <- get-func-name 2.0.2
+ nodelite-2-8WB3Jcas3swSvjIeA2yvCJ-Miyz5l1ZmB6HFb9R1317dt9LCQoswg-BGrmAmkWVEszSrrg4RwmO46qIm2OEnSA-- <- camelcase 8.0.0
+ nodelite-2-8wb9Yw966OSxApiCt0K3yNJL8pnNeIv-OEq2YMidz4FKP6nonSRoOXc80iXY4JaN2FC11B9qsNmDsm-ZOfMROA-- <- jju 1.4.0
+ nodelite-2-8WwIFo3jAuU-h1PkYe5SfnIOzp-TtBHpFr4S8oJWhu44IWKuVx6GOPux3-9H1iHOan-rGBaiacicZkMZuluhfQ-- <- @commitlint/lint 18.6.1 (20.4.1 is available)
+ nodelite-2-8XPvpAA8uyhfteu8pIvQxpJZ7SYYdpUivZpGy6sFsBuKRY-7rQGavedeB8aK-Zkyq6upMFVL-9AW6vOYzfRyLg-- <- log-symbols 4.1.0 (7.0.1 is available)
+ nodelite-2-8xuCeM3l8yqdmbPoYeLbrAXCBWu19XEYc5-F28f5qOaoAIMyfmBUkl5axiK-x9olUvRlcekvnm98AP9RDngOIw-- <- proxy-compare 2.6.0
+ nodelite-2-8y-eV9QQZCiyn1SprXSrCmqJN0yNRATe-PO8ztwqrvrbdRLA3eYJF0yaR0YayLWkMbsQSKWS9N2gPcGEc4UsZg-- <- map-cache 0.2.2
+ nodelite-2-8Y75pvTYkLJW2hWQHXxoqRgV7qb9B-9vFEtidML-7koHUFapnVJAZ6cKs-Qjz5Aw3aZWHMC6u0wJE3At-nSGwA-- <- uc.micro 1.0.6 (2.1.0 is available)
+ nodelite-2-8y7xqG-hpB53l25CIoit9-ngxdfoG-fx-V3SHBrinnhOtLvKHRyAJJuHzkWrR4YXXLX8eXBsejgAAxHUOdW1yw-- <- @codemirror/state 6.5.4
+ nodelite-2-8Z4TGic6xW70FKThA5HYEKKyBpOOsucTOD1DjU3fZxDg-K3zBJcXMFnt-4yQiZnf5-MiOMSXQ9PaEK-Ilh1DeA-- <- @babel/plugin-transform-arrow-functions 7.27.1 (8.0.1 is available)
+ nodelite-2-8Z9-tSg27NPRGubbUPUCrt5DDG-OWzLph5BvcDykwR5D7RyZh5mhHG0uS1ePKV1YFCA--cwc4Ey2AJAEFfV3IA-- <- @types/codemirror 0.0.90 (5.60.17 is available)
+ nodelite-2-8ZrRHqF6je-TRaFoJVwszwnOXb-VeYrPmTwPhf0WxpzpGTcYy1p0SPyZ2eRn-sRi-obnWAcobtDAq6-gJQQNhQ-- <- @commitlint/config-conventional 18.6.3 (20.2.0 is available)
+ nodelite-2-9-9W-UGtE2YJNpo-gXkiqsxKsdPh9G8fGVNaRwSKE31Cjh2B5YvCwrhHvajNpDVBsdepORbSuAJ0hJ6kfxCP6w-- <- @udecode/cmdk 0.2.2
+ nodelite-2-907Uymvqgg1dwUA-7IGwFAOSYzQOuzPXKNJ1yxzwPffzkYFg2q2eHi1fIOs6sXkG9NbIUMunnUlkYsfRFNvomg-- <- @babel/helper-create-regexp-features-plugin 7.29.7 (8.0.1 is available)
+ nodelite-2-92sHkJ0B9lwGIeY2V8XRsi8reW-6QSxJslh9mIPvNjaT2bVuyft2Fgy6zSLj5KsjiSzBDVsVosQYW9T-FaALpA-- <- @udecode/plate-table 48.0.6
+ nodelite-2-93zYdMES-c1D69yZiKDBj0V24vqNzB-koF26KPaagAfd3P-4gUlh3Dys5ogAK-Exi9QyzlD8x-08Zt7wIKcDcA-- <- @humanwhocodes/object-schema 2.0.3
+ nodelite-2-94Bdh3cC2PKrbgSOUqTiGPWVZeSiXfKOVZNJniWoqrWrRkB1CJzBU3NEbiTsPcYy1lDsANA-THzS-9WBiy5nfQ-- <- sirv 2.0.4 (3.0.2 is available)
+ nodelite-2-94hK0Hh8rPqQl2xXc3HsaBoOXKV20MToPkcXvwbISWLEs-64sBq5kFgn2kJDHb1Pry9yrP0dxrCI9RRci7RXKg-- <- smart-buffer 4.2.0
+ nodelite-2-94iG-dEdEP-Sl3WWde-w9StIunlV8Dgj-vkt5wTwMoFQLaijiEZSXXy8KtcStpmEDtIptRJiNeD4ACTtVvnIKA-- <- use-deep-compare 1.3.0
+ nodelite-2-95k0GDqvBjZavkuvzx-YqVLv-6YYa17fz6ILMSf7neqQITCPbnfEnQvEgMPNjH4kgobe7-WIL0yJEHku-H3qtQ-- <- deepmerge 1.5.2 (4.3.1 is available)
+ nodelite-2-983Vyg8NwUE7JkZ6NmOqpCZ-sh1bKv2iYTlUkzlWmA5JD2acKoxd4KVxbMmxX-85mtfdnDmTFoNKcg5DGAvxNQ-- <- htm 3.1.1
+ nodelite-2-9a4-uxlTWJ4-a5i0ooc1rU7C7YOw3wT-UGqdeNNHWnOF9qcMBgLRS-4IYUqbczewFx4mLEig6gawh7X6mFlEkA-- <- ufo 1.6.1 (1.6.4 is available)
+ nodelite-2-9aEbYZ3TbYMznPdcdr3SmIrLXwC-AKZXQeCf9Pgao5CKb8CyHuEX5jzWPTkvregvhRJHcpRO6BFoGW9ycaOkYw-- <- @types/stack-utils 2.0.3
+ nodelite-2-9BakfsO2aUQN2K9Fdbj87RJIEZ82Q9IGim7FqM5OsebfoFC6ZHXgDq-KvniuLTPdeM8wY2o6Dj3WQ7KeQCj3cA-- <- screenfull 5.2.0
+ nodelite-2-9brPoVdfN9k9g0dcWkFeA7IH9bbcttzDJlXvkf8b2OBzd5MueR1V2wkKBL0abn0otvmkHJC6aapBOTJDDeMCZg-- <- @microsoft/tsdoc-config 0.18.1
+ nodelite-2-9ByhssR2fPVsNZj478qUUbKfmL0-t5BDVyjShtyZZLiK7ZDAArFFfopyOTj0M05wE2tJPisA4iTnnXl2YoPvOA-- <- graceful-fs 4.2.10
+ nodelite-2-9cKl33Y21lyckGzpSmEQnIDjEfeeWelN5s1kUW1LwdB0Fkuq2u-4GdqcGEygYxJE8GVqCl0741bYXHgamfWAZA-- <- mdast-util-find-and-replace 1.1.1 (3.0.2 is available)
+ nodelite-2-9dgM-cZBnNvjzaMYHVoxxfPj2QXt22Ev7SuuPrs-xav0ukGB0S6d4ydZdEiM48kLx5kDV-QBPrpVnFyefL8kkQ-- <- is-async-function 2.1.1
+ nodelite-2-9EtFOZR8g22CL7BWjJ9BUx1-A-djkofnyW3aOXZORNW2kxoUpx2h-uN2cOqwPmFhnpVmxg-KW2OjOSgChTEvsQ-- <- cachedir 2.4.0
+ nodelite-2-9EvWrLLkF6Y5e29-2cmFoAO6hBPPAZlCyjznmpR11iFtRydfkss-9m6x-htA8h7YznGam-TtJwS6JuwoWWgb2Q-- <- graphql-language-service 5.5.0
+ nodelite-2-9fkkDevMefjg0mmzWFBW8YkFP91OrizzkW3diF7CpG-S2EYdy4-TVfGwz1zeF8x7hCx1ovSPTOE9Ngib74qqUg-- <- log-update 4.0.0 (6.1.0 is available)
+ nodelite-2-9fSjSaos-fRIVIp-xSJlE6lfwhES7LNtKaCBIamHsjr2na1BiABJPo0mOjjz8GJDURarmCPGqaiVg5mfjb98CQ-- <- get-intrinsic 1.3.0 (1.3.1 is available)
+ nodelite-2-9gGx6GTtCQM73BgmHQXfDmLtfjjTUDSyoxTCbp5WtoixAhfgsDirWIcVQ-IHpvI5Vgd5i-J5F7B9cN-WlVbC-w-- <- is-symbol 1.1.1
+ nodelite-2-9GU0xBatryXifL--FJH-tAZ6i240xQuFrSL7mYi8f4oZSbc-NvXjkrHemeYP0-L4ZUT-Ptz3b95zhUZnMtoi-Q-- <- micromark-extension-gfm-tagfilter 0.3.0 (2.0.0 is available)
+ nodelite-2-9H6YdfkcK-uOnY-K7-aA2xpzaAgkQn37yzWUMRK7OaPOqOpGS1-n0H5hxT9AUw9EsSjPW8SVyMJwYRtWs3X3ug-- <- @babel/plugin-syntax-numeric-separator 7.10.4
+ nodelite-2-9hQc4-GNVtJAIEPEqlYqW5RiYdrr8ea5XQ0ZOnD6fgru-83kqT15mq2OCcbe8KnjRZl5vF3ks69AKz3kh1jrhg-- <- @radix-ui/react-primitive 2.1.4
+ nodelite-2-9ie8ItPR6tjY5uYJh8K-Zrv-RMZ5VOlOWvtZdEHYSTFKZfIBPQa9tOAEeAWhd-AnIneLJ22w5fjOYtoutpWq5w-- <- log-update 6.1.0
+ nodelite-2-9jZ57-dAn9t3q6hneQS0wukqC2ENOBgMNVEhb-ZG9ZSxUetzVIw4iAmEU38IaVg3QGYauQPhSeUTuIUtFglWpg-- <- react-helmet-async 1.3.0
+ nodelite-2-9kY-CygyYM6j02t5YFHbNz2FN5QmYGv9zAjVp4lCDjlCw7amdckXlEt-bjMhUIfj4ThGRE4gCUH5-yGnNuPo5A-- <- table 6.9.0
+ nodelite-2-9mAqGPHLakhCLeNyxPkK4xVo746zQ-czLH1Ky-vkitMnWfWZps8r0qXuwhwizagCRttsL4lfG4pIOvaWLpAP0w-- <- compression 1.8.1
+ nodelite-2-9MTTLbF39X6sqM92JPEsoI7--26hjZvzkxKZy64aMhWLH2mPkJ-Q3AV4QLmls3R14FpSpkOwQQfUh962JGQxxg-- <- @babel/plugin-syntax-decorators 7.29.7
+ nodelite-2-9MWKevR7Hz8kNzzPLfX4EAtGM2b8mr50HPDBvio96bURP-9C-HjdH3sBlLSNNrvRAr5-k-svoH457gB5IKpmwQ-- <- @azure/core-tracing 1.3.1
+ nodelite-2-9N9IomZ-YuGGZZmQec1MbgxtlgougxTodVwDzzEouPKo3qFWvymFHWcnDi2vzV1ff6kas9ucW-o3yzJK9YB1AQ-- <- micromark-util-sanitize-uri 2.0.1
+ nodelite-2-9NThjpgZnifTkJpzTZ7Eue85S49QwpNhZTq6GRJwObb6jnLFNGB7Qm73V5HewTROPyxD0C29xqmaI68bQtV-hg-- <- split2 3.2.2 (4.2.0 is available)
+ nodelite-2-9nX56alTf5bwXQ3ZDipHJhusu9NTQJ-CVPtb-XHAJCXihZeitfJvIRS4GqQ-mfIoOE3IelHMrpayVrosdHBuLw-- <- readable-web-to-node-stream 3.0.4
+ nodelite-2-9O8N4SeG2z--TSM8QA-KTeKFBVCNEz-AGS7gWPJf6KFRzmRWixFRnCnkPHRDwSVZW6QPDO6uT0P2SpWNKCc9-g-- <- @floating-ui/react 0.27.16
+ nodelite-2-9phl76Cqm6FhSX9Xe1ZUAMLtm1BLkKj2Qd5ApyWkXzsMRaA7dgr81kf4wJmQf-hAvg8EEyJxDo3du-0KlhPiKQ-- <- timers-browserify 2.0.12
+ nodelite-2-9PYGcXrAxitycIjRmZB-Q0JaN07GZIWaTBIGQzfaZv-qr1n8X1XUEJ5rZ-vx6OVD9RRYlrNnXWExQXcmZeD-BQ-- <- @svgr/babel-plugin-add-jsx-attribute 6.5.1 (8.0.0 is available)
+ nodelite-2-9Qn4yBxelxoh2Ow62nP-Ka-kMnOXRi8BXnRaUwezLNhqelnN49xKz4F-dPP8OYLxLxq6JDtZb2i9XznUQbNPTg-- <- handle-thing 2.0.1
+ nodelite-2-9QNk5KwDF-Bvz-PyObkmSYjI5ksVUYtjW7AU22r2NKcfLJcXp96hkDWU3-XndOsUb-AQ9QhfzfCT2O-CNWT5Tw-- <- symbol-tree 3.2.4
+ nodelite-2-9qPCm-rLx-xoOFXIHGB229-4GOL76S4MC-7tyOuTsR6-1jYlfFDQORdvwR5hDA6y4FL2BPt3qpbcQIS-dW85LA-- <- @changesets/apply-release-plan 7.1.1
+ nodelite-2-9r-yi9-mgU33AKcj6IbT9oRCO78WriSj6t-cF8DWBZJ9aOGPOTEDvdUDz1FwKim7QXWwmHqtdHnRJfhAxEG46Q-- <- react-remove-scroll-bar 2.3.8
+ nodelite-2-9r39FIr3d-KD9SbX0sfMsHzb5PP3uimOiwr3YupUaUFG4W0l1U57Rx3utpttV7qz5U3jmrO5auUa04LU9pyHsg-- <- is-npm 1.0.0 (6.1.0 is available)
+ nodelite-2-9Ri-o0JYgehTaVBBDoMqIl8GXtbWg711O3srftcHhZ0dqnETqLaoIK0x17fUw9rFSlK-0NlsKe0Ahhyl5pXE2g-- <- longest-streak 3.1.0
+ nodelite-2-9sCtZkO6f-5ML9WcTLcIyV1yz9D1rf0tWc-ulKcvV30s0iZKS-ONyETvoWsr6vnrmW-X-KmuK3gV-w5EWnT37w-- <- postcss-pseudo-class-any-link 7.1.6 (9.0.2 is available)
+ nodelite-2-9sxuz0YTU-68O98xuDn8NBxTVH9EuMhrBTxZdiBL0-qxRmWhB-5a8MagAebDa-98vluAZTs8kMZibCdezbRCeQ-- <- protoduck 4.0.0 (5.0.1 is available)
+ nodelite-2-9T2r9rsvYzm5ndsBE8WgtrMlIT7VbtTfE7b3BQnudUqnBcBo7L758oc-o-pdj-dUV0l5wjwSdjeOH2DZtfv8qw-- <- postcss-image-set-function 4.0.7 (7.0.0 is available)
+ nodelite-2-9T9UjW3r0UW5c1Q7GTwllptXwhvYmEzFhzMfZ9H7FQWt-uZePjZPjBP-W1ZEyZ1twGWom5-56TF4lPcqjnDHcg-- <- brace-expansion 1.1.12 (5.0.9 is available)
+ nodelite-2-9tTaPJLSiejZKx-Bmog4uSubteqTvFrVrURwkmHixBo0G4seD0zUxp98E1DzUBJxLQ3NPwXrGKDiVjwx-DpPsg-- <- @tybys/wasm-util 0.10.1
+ nodelite-2-9u-sniCrY3D5WdsERHzHE4G2YCXqoG5FTHUiCC4SIbr6XcLZBY05ya9EKjYek9O5xOAwjGq-1JdGBAS7Q9ScoA-- <- readable-stream 3.6.2 (4.7.0 is available)
+ nodelite-2-9uBdv-B4EefsuAL-pWqueZyZS2Ba-LxfFeQ9DN14HU4bN8bhaxKdkpjpB6fs9-pSjIBu-FXQHImEg8j-Lw0-vA-- <- pretty-format 30.2.0
+ nodelite-2-9v9kG0LvzrlcungtnJtpGNxY-fzECQKhK4EGJX2vByejiMX84MFNQw4UxPJl3bFbTMw-Dfs37XaIkCwTZfLh4g-- <- cheerio-select 2.1.0
+ nodelite-2-9WT-wFeQXhut0OPHF5gPI75egdVnWBZbkVV-XQEFx3YNWvUej6Nz-KdH1cQxCiuu1WxwsduXPdun-n3duHPX9g-- <- is-equal 1.8.0
+ nodelite-2-9WXSPC5fMv61vaupRkCKCxsPxBocVnwakBEkMIHHpkTTg6icbJtg6jzgtLDm4bl3cSHAca52rYWih0k4K3PfHw-- <- use-sync-external-store 1.4.0 (1.6.0 is available)
+ nodelite-2-9Yubnt3e8A0OKwxYSXyhLymGW4sCufcLG6VdiDdUGVkPhpqLxlvP5vl1983gQjJl3tqbrM731mjaZaP68AgosQ-- <- mdn-data 2.27.1
+ nodelite-2-9z2p5GFGCm0gBsZbi8rVMOAJCtw1WqBTIPw3ozk06gDvZInBPIsQcHgYogEJ4yuHJ-akuW8g1SEIOpTOvYs8hw-- <- @motionone/animation 10.18.0
+ nodelite-2-9z8TZaGM1pfswYeXrUpzPrkx8UnWYdhJclsiYMm6x-w5-nN-8Tf-LnAgfLGQCm59qAOxU8WwHEq2vNwF6i4j-Q-- <- cjs-module-lexer 1.4.3 (2.1.1 is available)
+ nodelite-2-A-AGNMFN3c8bOlvV9RreMdrv7jsmF9XIfDeCd87-I8RNg6s78BhJxMu69NEMHBSJFxKidViTEdruRwEk-WIKqA-- <- path-to-regexp 0.1.13 (8.3.0 is available)
+ nodelite-2-A0H91hh6W8MFRkp5TqJmMr39jzGD1A1E1Ysiv2O06Sfbhkapm-XyIzxWCEh5kqwOZ1-8QZ0dY3SeQ7XBqfJd5Q-- <- @babel/plugin-transform-logical-assignment-operators 7.29.7 (8.0.1 is available)
+ nodelite-2-A1rHYb06zjMGAxdLSkN2fXPBwuSaQ0iO5M-hdyS0Ajj1VBaRp0sPD3dn1FhME3c-JluGFbwSxyCfqdSbtQLAHQ-- <- eslint-import-resolver-typescript 3.10.1 (4.4.4 is available)
+ nodelite-2-A21Xsm1XzUkK0qK1ZrytDUvqsQWict2Cykhvi0fBQntGG5JSprESasEyV1EZ-4CiR5WB5KjzLTrP-bO37B0wPg-- <- strip-outer 2.0.0
+ nodelite-2-A2is4PLG-eeSfoTMA95-s4pvAoSo2mKtiM5jlHkAVewmiO8ISFTFKZjH7UAM1Atli-OT-7JHOrJRJiMKUZKYBw-- <- domexception 4.0.0
+ nodelite-2-A3ARm2V4BgiRXaUo5K0dRvJ1lbogrbXnhkJRmD0yw092-Yl0kOCZt1k9ZeElEwkZsWGsMumz6qL5MfNJH9nOBA-- <- remark 14.0.2 (15.0.1 is available)
+ nodelite-2-A3cqn9RRB6yl-bMsN9-EiNU94JTptLmoFqmSfSeuku22UYotYF6C-Ntw7C2Kai0C7deirYfpDwRpdlyLhItvMQ-- <- jest-file-snapshot 0.5.0 (0.7.0 is available)
+ nodelite-2-A3s5PWiZ9YCXFye1o246KoscMWqf8BsD9eRiJ3He7C9OBaxKhAd5TFCdEx-7VbKtxxTsu--1mMJFrEt572cEyQ-- <- d3-scale-chromatic 3.1.0
+ nodelite-2-A4STmOXPhMUtHH-S6ymgE2GiBSMqf4oTvcQZMcHzokuTLVYzXTB8ttjcgxOVaAp2lGwEdzZ0J-cRbbeevQj1UQ-- <- @types/resolve 1.20.6
+ nodelite-2-A5EmesHW6rfnZ9ysHQjPdJRni0SRar0tjtG5MNtm9n5TUvsYU8oozprtRD4AqHxcZWWlVuAmQo2nWKfN9oyjTw-- <- expand-tilde 2.0.2
+ nodelite-2-A5P-LfWGFSl6nsckYtjw9da-19jB8hkJ6ACTGcDfEJ0aE-l2n2El7dsVM7UVHZQ9s2lmYMWlrS21YLy2IR1LUw-- <- @img/colour 1.0.0
+ nodelite-2-AAB9hiomQs5DXWcRB1rqsxGUstbRroFOPPVAomNk-3XHR5JyEZChOyTWe2oayKnsSsr-kcGqF-z6yuH6HHpN0A-- <- is-decimal 2.0.1
+ nodelite-2-ABOzCsZrWzf78ysswmguJbx3McQUja7yeGj6-vZo4JVsZNlxAN-E9rs381ExBRI0KzVo6iBTeX5De8eMZPJXig-- <- @react-aria/utils 3.31.0
+ nodelite-2-AC-7JofJvZGrrneWNaEnJeOLUx-JlGt7tNa0wZiRPT4MY1wmfKjt2-6O2p2uz2-skll8OZZmJMNqeke7kKbNgQ-- <- jiti 2.7.0
+ nodelite-2-ACUm3L0-jiZTqfzRM3Hi9Q8eZqd6IK37mMWPLz9PJxkLWllYeRf-EHUSHYEtFop2Eqytaq1FizFVh7XfBnXCDQ-- <- css-what 3.4.2 (7.0.0 is available)
+ nodelite-2-Acylog8-luQ8L7il-geoSxhEkazvkslg7PSNKOX59mbB9cOveP5aq9h74Y7YU8yDpJwetzQQrfIwtf4Wp4LKcw-- <- type-detect 4.1.0
+ nodelite-2-AD5ih2NlSssTCwsMznbvwMZpJ1cbhkGd2uueNxzv2jDlEeZdU04JQfRnggJQ8DrcVBGjAsCKwFBbDlVNtEMlzw-- <- tiny-invariant 1.3.1 (1.3.3 is available)
+ nodelite-2-AdmX6xUzdNASswsFtmwSt7Vj8po9IuqXm0UXz7QKPuEUmPB4XyjGfaAr2PSuELMwkRMVH1EpIkX5bTZGRB3eCA-- <- cosmiconfig 7.1.0 (9.0.0 is available)
+ nodelite-2-ADVjpOOkjz1hhkZLlBiYA9cR2Anf8F4HqZUO6e5eDcPQd0Txw5fxLzzxnEkSkfnD0wziSGiv7sYhk-ktvbf1uw-- <- micromark-extension-gfm-strikethrough 2.1.0
+ nodelite-2-Adz2bdH0Vq3F53KEMJOoftQFutWCukm6J24wbPWRO4k1kMY7gS7ds-uoJkNuV8wDCtWWnuwGcJwpWcih-zEW1Q-- <- create-jest 29.7.0
+ nodelite-2-AEYxH93jGFPn-a2iVAwW87VuUIkR1FVUKB77NwMF7nBTDkDrrT-Hpt-IrCJ0QXhW27jTBDcf5ZY7w6RiqTMw2Q-- <- tslib 2.6.2 (2.8.1 is available)
+ nodelite-2-AF3r7P5dWxL8MxyITRMlORQNaOA2IkAFaTr4k7BUumjPtRpGDTZpl0Pb1XCO6JeDCBdp126Cgs9sMxqSjgYyRg-- <- compressible 2.0.18
+ nodelite-2-AfgcRL8ZBhAlc3BFdigClmTUMISmmzHn7sB2h9U1odvc5U-MjWXsAaz18b-WoppUTDBzxOJwo2VdClfUcItu9g-- <- @vitejs/plugin-react 3.1.0 (5.2.0 is available)
+ nodelite-2-AGK2yQKIjRuqnc6VkX2Xj5d-QW8xZ87pa1UK6yA6ouUyuxfHuMP6umE5QK7UmTeOAymo-Zx1Fxiuw9rVx8taHQ-- <- node-abort-controller 3.1.1
+ nodelite-2-AhICkFV84tBP1aWqPwLZqFvAwqEoVA9kxNMniGEUvzOlm4vLmOFLiTT3UZ6bziJTy4bOVpzWGTfSCbmaayGx8g-- <- set-harmonic-interval 1.0.1
+ nodelite-2-AhO5QUcj8llrbG09iWhPU2B204J1xnPeL8kQmVorSsy-Sjj1sk8gIyh6cUocGmH4L0UuhAJy-hJMRA4mgA4mFQ-- <- globals 13.24.0
+ nodelite-2-AifT7QEbW9Nri4tAwR5M-uzpBuqfZf-zwaEM-QkzEjj7NBuFD2rBuy0K3dE-8wltbezDV7JMA0WfnCPYRSYbXA-- <- quansync 0.2.11 (1.0.0 is available)
+ nodelite-2-AirXNj15uRIMMPihnkInB4i3NHeb4iBtNg9WRWuK2o31S-ePwwNmDPaTL3o7dTJ-VXNZim7rFs4rxN4YU1oUJw-- <- lodash.isfunction 3.0.9
+ nodelite-2-AizQPcaofEtO11RZhPPHBOJRdo-20MKQF9mBLnVkBoyHi1-zXK8fzVdnEpSV9gxqtnh6Qomfp3F0xT5qP-vThw-- <- immutable 3.7.6 (5.1.9 is available)
+ nodelite-2-AJBQabRCCNr9ANq8v77RJEv73DPbn55cdTb-Giq4X0AVnNVZvMHlYp7XlQiN-1npCZj1DuSmaA2hYVUUDgxFDg-- <- queue 6.0.1 (6.0.2 is available)
+ nodelite-2-AJDdYOdnyRDV5b6ArilzCPPwc1ejkHcoyFarqlPqT7zRYjhavcT3uSrqcMvsgh2CgoPbK3RCwyHaVyxYcP2Arg-- <- d3-format 3.1.2
+ nodelite-2-AJMA9oWvJzdTjwIGwSQZsjGQiRx73YTmiOWmfCp1fpLa-D4n7jKcpoA-CZiVLJqKcEKUuh1Suq80c5wF-L-qVQ-- <- remove 0.1.5
+ nodelite-2-AjqHOv2lAhkuUdIiBu9xbuettzAzWXmCEcLONNKJRba87WAefz8Ca9d6ds-SzrPc235n1IxWYdhJ2zF3MNUaoQ-- <- swr 2.2.0 (2.5.1 is available)
+ nodelite-2-AKpaYlHn8t4SVbOHCy-b5-KKgvR4vrsD8vbvrbiQJps7fKDTkjkDry6ji0rUJjC0kzbNePLwzxq8iypo41qeWA-- <- base64-js 1.5.1
+ nodelite-2-AkZMjMIW8MGeQwBxu1bixzu-2Zk7rH6ILrI-9zBoW0sAiVaWwHjXSnmPBomfY2t7tSG6m5bIE-OYYyyuGnFVHA-- <- typanion 3.13.0 (3.14.0 is available)
+ nodelite-2-ALBtUj0AfjJt3uNRQoL1tL2tMvj6Gp-6e39dnfT6uzpelGru8v1tPOGBzayOWbPJvujM8JojDk3E1LxeFisBNg-- <- zustand 5.0.9
+ nodelite-2-ALnjWlVYkXsVIGlOsuWH1-3udkYFI48Ljihfnh8FZPF2QS9o-PzGLBslO0PjzVoHLZ2KCVgAM8NVkXPJB2aNnQ-- <- d3-brush 3.0.0
+ nodelite-2-AM6OVeZNwKiirK3IwKxHuopgjX1jB0F8srK9OlCXN-wdmTNg6vgnN9xyQ5abhxq8Oj-kTleLU8OCfZ1FaEW37w-- <- url-okam 0.11.1
+ nodelite-2-AM9aQ-IPrW-6ENLQg3AGY4K1N2TGZdR5e4gu-MmmR2xR3Ll1-dib-nook92g4TV3PXVyeyxdWwtaCAiUL0hMxA-- <- vite-node 2.1.9 (3.2.4 is available)
+ nodelite-2-AmomSIjP8ZbfGQhumkNvgC33AY7qtMCXnN6bL2u2Js4gVCg8fp735aEiMSBbDR7UQIj90n4wKAFUSEd0QN2Ukg-- <- @webassemblyjs/wasm-gen 1.14.1
+ nodelite-2-An6Ba4pHBiDtyVpSLymUUERMo2cU7s-Obz6BTrS-gxkbnSBNKSuD0AVUc-CpBMrpVPKKfoVz0WQCX-Tnst0i4A-- <- postcss-opacity-percentage 1.1.3 (3.0.0 is available)
+ nodelite-2-AnzbBERsrLKtk2XSfTbYRLjQPdy116Sty4q-T-Bp3IC4l6jNBvreVPAHmpq9qhXQM7CXZPjLVmGMw9sy-hxQ3w-- <- @types/react 19.2.18
+ nodelite-2-AOIgSQCepiJYwP3ARnGx-5VnTu2HBYdzbGP45eLw1vr3zB3vZLeyed1sC9hnbcOc9-SrMyM5RPQrkGz4aS9Zow-- <- glob-parent 5.1.2 (6.0.2 is available)
+ nodelite-2-AoJ5YMAcXKYxKhuJGdcvse-Voc6v1RgnsR3nWcYU7q4t6z0Q6T86sv5Zq8VIRbOWWFpvdGE83LtdSMNd-6Y0xw-- <- pretty-error 4.0.0
+ nodelite-2-AokJm4tuBHillT-FpMtxQ60n8ObyXBatq7jD2-JA9dxbDDokKQm8KMht5ibGzLVU9IJDIKK4TPKgMHEYMn3lMg-- <- @isaacs/cliui 9.0.0
+ nodelite-2-AOSS0IdEB95ayVkxn5oGzNQwqAi2J0Jb-kKm43t7H73s8-f5873g0yuj0PNvK4dO75mu5DHg4nlgp4k6Kga8eg-- <- mini-css-extract-plugin 2.10.2
+ nodelite-2-Ap6G0WQwcU-LHsvLwON1fAQX9Zp0A2Y6Y-cJBl9r-JbW90Zyg4-zbG6zzKa2OTALELarYHmKu0GhpM5EO-7T0g-- <- esquery 1.7.0
+ nodelite-2-ApKvfjsSR6tg06xrL434C0WydLr7JewBB3V--39RMHsaXTOG0zmt-OAXeng5M5LBm0ojmxJrpomQVZ1aPvBL4w-- <- d3-transition 3.0.1
+ nodelite-2-APM0Gt1KoXBz0iIkkdB-kfvGOwC4UuJFeG-c-yV7wSc7q96cG-kJ0HiYCnzivD9SB53cLV1MlHFNfOuPaadYSw-- <- rrweb-cssom 0.6.0 (0.8.0 is available)
+ nodelite-2-APMBEanjybaPzUrfqU0IMU5I0AswKMH7k8OTLs0vvV4KZpExkTkY87nR-zpbuTPj-gARop7aGUbl11pnDfW6xg-- <- mathml-tag-names 2.1.3
+ nodelite-2-ApoVi9Z8PaCQg6FsUzS8yvBEQy0ZL2PkuvAgrmohPkN3okps5WZ5WQWPc1RNuiOKaAYv8B97ACdsFU5LizzCqg-- <- rc-dialog 9.6.0
+ nodelite-2-ARDJmphmdvUk6Glw7y9DQ2bFkKBHwQHLi2lsaH6PPmz-Ka9sFOBsBluozhDltWmnv9u-cF6Rt87znRTPV-yp-A-- <- uc.micro 2.1.0
+ nodelite-2-ARhCpm70fzdcvNQfPoy49IaanKkTlRWF2JMzqhcJbhSFRZv7nPTvZJdcY7301IPmvW--p0RgIWnQDLJxifsQ7g-- <- quick-lru 4.0.1 (7.3.0 is available)
+ nodelite-2-ArX4vGPULWjKDKgUnW8YzfI2uXW7kzgkJuB0GnFBA-PfT3exrrOk-7Wk2oeb894Qf20u1PWv9LEgrO0Z82qAzA-- <- socks 1.1.10 (2.8.7 is available)
+ nodelite-2-AS2h2hzryA95Z5SCy8DykYpdv82hHysDeMTBV5uWII4ljKiS0y2TC5aBQ-tHpCj0PfOy2-IPPY-O86F8uxx2gg-- <- object.getprototypeof 1.0.7
+ nodelite-2-ASA9W1aIy5ygskZYuWams4BzafD12ULvSypmaLJT2jvQ8G0M3I8PRQhC0h7mG0Z3LI05-agZjqSR9-K9yaQQjA-- <- @csstools/postcss-progressive-custom-properties 1.3.0 (4.0.0 is available)
+ nodelite-2-ASFBup0Mz1uyiIjANan1jzLQami9z1PoYSZCiiYW2FczPbenXc45FZdBZLzOT-r6-iciuEModtmCti-hjaAk0A-- <- convert-source-map 1.9.0 (2.0.0 is available)
+ nodelite-2-ASQvP-snHMYm-FhIaLxxFgVdRaM0vrN9wW2BKInQpktwWTXVyk-yP5nQUCEGmn0RTdlPKrffBaigxepkEAJPrg-- <- @graphql-tools/load 7.8.14 (8.0.2 is available)
+ nodelite-2-Aup7aUOfpbAUg2ROOJN6Iw5f9DMBlzu0mIkm-malLQFN-YQgO48wCj0Kxa3sEHJvPVFg7siR-qRInwXd2qhQKw-- <- @babel/code-frame 7.29.7 (8.0.0-beta.0 is available)
+ nodelite-2-AURm5f0jYEOydBj7VQlVvDrjeFgthDdEF5H1dP-6mNpoXOMo1quQqJ4wvJDyRZ9-pO3kGWoOdmV08cSv2aJV6Q-- <- safe-array-concat 1.1.3 (1.1.4 is available)
+ nodelite-2-AUZTa7hQ2KY5L7AmtSiqxlhWxb4ina0yd8hNbl4TWuqnv-pFP0nDMb3YrfSBf4hJVGLh2YEIBfKaBW-9UEl6IQ-- <- @types/prismjs 1.26.5
+ nodelite-2-AVbw3UJ2e9bq64vSaS9Am0fje1Pa8pbGqTTsmXfaIiMpnr5DlDhfJOuLj9Sf95ZPVDAUerDfEk88MPmPe7UCQg-- <- path-is-absolute 1.0.1
+ nodelite-2-AvHcyZ5JnSfq3ioSyjrBkH9yW4m7Ayk8-9My-DD9onKeu-94fwrMocemO2QAJFAlnnDN-ZDS-ZjAR5ua1-PV-Q-- <- write-file-atomic 3.0.3 (6.0.0 is available)
+ nodelite-2-AW4DRS3QbBayY-jJmD8437V1Gombjf8RSOUCMFBuo5iHi58AGEgVCKQ-ezHkZZDpAQS75hcBMpLqjpJTjtUL7w-- <- mdast-util-to-string 2.0.0 (4.0.0 is available)
+ nodelite-2-AX3RlOudXMdTwtwUqdAf5hAVLvXfOZZH1FZh6ALDdrhVLT0TtAIe48N6nYcWcTnwoTxK-wDIQqZ19IMjK8zJAA-- <- @algolia/requester-fetch 5.57.0
+ nodelite-2-AXcZb6vzzrFAUE61HnN4mpLqd-cSIwNQjtNWR0euPm6y0iqx3G4gOXaIDdtdDwZmhwe82LA6-zinmW4UBWVePQ-- <- human-signals 5.0.0 (8.0.1 is available)
+ nodelite-2-AXfN-lGotSQwu6HNcEsIASo7kWXZ5HYWvfOmSNKDsEqC4OashTp8alTmaz-F7TC2L083SFv5RdB-qU3Vs1kZqw-- <- @aws-crypto/sha256-browser 5.2.0
+ nodelite-2-AyFQ0EVmsOZOlAnxoFOGOq1SQDWAB7C6aqMGS23svWAllfOaxbuFvcT8D1i8z3Gyn8fraVeZNNmN6e9bxxXkKw-- <- vscode-uri 3.0.8 (3.1.0 is available)
+ nodelite-2-AYVxkDR6HxRBnbxcGgQ4fw2KnAbrVEsqcXujqbPuTqA1m7FSx7ctzx4aUuil759kinAlf8Wy2yIIhzKmr48LJg-- <- @umijs/bundler-vite 4.7.13
+ nodelite-2-Az2ZTpuytrtqENulXwO3GGv1Bztugx6TT37NIo7imr-Qo0gsYiGtSdBa2B6fsXhTpVZDNfu1Qn3pk531e3q-nQ-- <- async-lock 1.4.1
+ nodelite-2-AZL67abkUzIuvcHqk7c09cezpGNcxUxU4Ioi-05xHk4DQeTkWmGYftIE6ctU6AEt-Gn4n1lDStOtj7FKycP71A-- <- cssstyle 2.3.0 (5.3.3 is available)
+ nodelite-2-AzlgcsCbUMymkADOJtQm3wO9S3ltPfYOFD5033keQn9NJzIbtnZj-UdBJe7DYml-8TdbtHJW3j58SOnKhWY-5g-- <- cose-base 2.2.0
+ nodelite-2-AZq2FIsUHVMlp7VSe2hTfl5w4pcUkoFkM3zVsRKsn1ca8CXRDYvnin04-HP2REkwsxemuHqvDofdlhUWNpbwfw-- <- @types/codemirror 5.60.17
+ nodelite-2-AZYbMo-NW9chdL7vk6HQzQhT-PvTAEVqWk9ziruUoW2kAOcN5qNyelv70e0F1VNQAbvutOC9oc-xfWycI9FxDw-- <- eslint-plugin-react-hooks 5.0.0-canary-7118f5dd7-20230705 (7.0.1 is available)
+ nodelite-2-B-bZM6WGN-sxMdZJeTWLAN-Gin00LX0E-M0MoygZhtrgCfCZSz47wgziOq5Fvl6yPifyvYBGaobydhyr7vxjxg-- <- @leancloud/adapter-utils 1.2.2
+ nodelite-2-B-gBuNg5SiMTrPkC-A2-cW0RszwxYmn6VYxB-inlBStS5nx6xHIt-ehKRhIMhqusl7a8LjQoZnjCs5vhwxOQ1g-- <- ajv 8.17.1
+ nodelite-2-B0ErZK-66mHtEsR1TkPEEkwdy-WDesimkM5gpZr5Dsg54BiTA5RXtYW5qTLIAcekaS9xfZrzBLF-OAkB3Qn1YQ-- <- d3-array 2.12.1 (3.2.4 is available)
+ nodelite-2-B4FFZ6q-T2jhhksgkbEW3HBvWIfDW85snkQgawt07S7J5QXTk6BkNV-0yAeZrM5QpMAdYlocGoljn0sJ-WQkFw-- <- human-signals 2.1.0 (8.0.1 is available)
+ nodelite-2-B4UkaTK3QpgCwJnrxKfMPKdo92CN7OKXAlpAAnM3UPu0Q0lCCk57ylA9AJbRy2v8dDKOPAAWcoR6CMyeoHwRCA-- <- @babel/plugin-transform-modules-umd 7.29.7 (8.0.1 is available)
+ nodelite-2-B5JU3cabzk8c67mRRd3ECmROafjYMXbuzlwtqdM8IbS8ktlTix8aFGb2bAGKrSRIlnfKwovGUUr72JUPyOb6kQ-- <- os-homedir 1.0.2
+ nodelite-2-B5Y16Jr9LB9dHVkh6ZevG-vAbOsNOYCX-sXvFWFu7B3Iz5mijW3zdbMyhsh8ANd2mSWBYdJgnqi-mL7-LrOPYg-- <- lru-cache 11.2.4
+ nodelite-2-B5yCyIlOJFPqUUeiD0cnBJwWJO8lkJs5d8-ze9QDP6SvfiXSz1BF-91-0MeI1d2yxgOhU-O-CvtiZ9jSkHhFAw-- <- @octokit/plugin-rest-endpoint-methods 17.0.0
+ nodelite-2-B7-VDyb8Tl6oMJT9oSO2CW8XC-T4UcJGrwOVoNGwOQsQYhlpfajmrMj5xeejqaASq3V-EqThyOeATEOMuSEXiA-- <- plimit-lit 1.6.1
+ nodelite-2-B71-4oyj61iNH0KeCamLuE2rmKuTO5byTOSVwECM5FA7TiAiAW-UqTKZ9ERueC4qvgSttUhdmq1mXC3kJqGX7A-- <- throttle-debounce 5.0.2
+ nodelite-2-B71g1QpxfwBvNrfyJdVDexenDIt1CiDN1TIXLbhOw0KhJzE78KIFGX6OJ9MrtC0oOqMWf-0xop4qEU8JrJTwCg-- <- @esbuild/linux-x64 0.19.12 (0.28.2 is available)
+ nodelite-2-B7qPcEVE3NVkmSJbaYxvv4cHkVW7DQsZz13pUMrfS8z8Q-BuShN-gcTXrUlPiGqM2-t-EEaI030bpxMqY8gMlw-- <- jsep 1.4.0
+ nodelite-2-B9JqA5i0qZe0Nsf49q3OXyGvyXuZFDzAP2iOFLEumymuYJITVpiH1IgsTEwTpdptDmZlMDMWeDmSawdaJIGCXQ-- <- remark-html 16.0.1
+ nodelite-2-Ba5m9-Fa4Xt9eb2ELXt77JxVDV8w7qQrH0zS-TWSJdLyAwQjWoOzpzj5lwVftDz6n-EOu3tNACS84v509qwnJA-- <- widest-line 2.0.1 (5.0.0 is available)
+ nodelite-2-BapA40NHICOS-USX9SN4tyhq-A2RrN-Ws5F0Z5aMHDp98Fl86lX8Oti8B7uN93L4Ifv4fHOEA-pQw87gmMO-lQ-- <- path-browserify 0.0.1 (1.0.1 is available)
+ nodelite-2-BaXgOuIxz8n8pIq3e7Atg-7s-DpiYrxn4vdot3w9KbnBhcRQq6o3xemQdIfynqSeXeDrF32x-WvfzmOjPiY9lg-- <- typed-array-byte-length 1.0.3
+ nodelite-2-Bb33KbowVTIj5s7Ked1OsqHUeCpz--tPwR-E2zJgJKo9Z5XolZ9b6bdUgjmYlwnWhoOQKoTd1TYToZGn5mAYOg-- <- hash-base 3.1.2
+ nodelite-2-BBea6L67bYLtdbOqfp8f58fPMqEwx0doL-pAi8TZyp2YWz8R9G8z9x75CZI8W-ftqhFHCpEX2cRnUUXK130iKA-- <- ramda 0.29.0 (0.30.1 is available)
+ nodelite-2-Bc0f62WmHdtRDjf5f3e2STwRAl89N2CLb-9iAwzrv4L2hncrbDwnQD9PCq0gtAt7pOI2leIV08HIBUd4jxD8cw-- <- @csstools/postcss-color-function 1.1.1 (4.0.7 is available)
+ nodelite-2-BcCkm-STipKvbCl6b7QFrMh-vx00vIP63k2eM66MfHJzPr6O2U0jYEViXkHJWqXqQYjdeA9cuCl5KWmlwjDvbA-- <- @svgr/babel-plugin-remove-jsx-attribute 8.0.0
+ nodelite-2-BCHzNYJGe9l7EpwwDBN-ztlL2NYFFq8hp9ddjtUEM9f2O7S7kKV-lL6Fwo7IF7NSkYhPK2vO-86nIGltA90MsA-- <- @babel/plugin-transform-sticky-regex 7.29.7 (8.0.1 is available)
+ nodelite-2-Bdboy-l7tA3OGW6FjyFHWkP5LuByj1Tk33Ljyq0axyzdk9--JSi2u3fP1QSmd1KNwq6VOKYGlAu87CisVir6Pw-- <- json-stable-stringify-without-jsonify 1.0.1
+ nodelite-2-Be1YRHWWlZaSsrz2U-VInk-tO0EwLIyV-23RhWLINJYwg-UIikxjlj3MhH37-6-EDCAusjajvMkMMUXRaMWl-w-- <- latest-version 3.1.0 (9.0.0 is available)
+ nodelite-2-BEnLolu-yuz22S56CU1SUKq3XC3PkwD5wv4ikR4MfGvnRVcmzXR9DwSlW2fEamyTPyXHomBJRzgapeuBvRNzJQ-- <- package-manager-detector 0.2.11 (1.6.0 is available)
+ nodelite-2-BEOdvX4-M765icNPZeidyADIvQ1m1gmunXufXxvRESy-jNNyfovIqUyE7MVgGBjWktCoJlzvFA1To2O4ymIO3Q-- <- @babel/plugin-transform-async-generator-functions 7.28.0 (8.0.1 is available)
+ nodelite-2-BF-ZKgnG1eiRGUFh-KJsph-DpUGcWMPO8a0GW6zYXAdV0DoBv75fb2LbvllGsvF-fq4PAGqDESeyJ-XWdi-SKA-- <- @umijs/bundler-utils 4.7.13
+ nodelite-2-BfbWFFEJFQzLCQ5N8VocnCtA8J1CLkNTe2Ms2wocj75dd6VpiqS5Z5quTYcUoo4Yq-DN0rtikODccuv7RU81sw-- <- @babel/plugin-transform-for-of 7.27.1 (8.0.1 is available)
+ nodelite-2-BGbMdDB2Kx40sUaGj7iS5xKnLreqIR-dqFvEOaRl63DjMG-5DSOT9ZecWreQepbiIxrBesb88O1P916xk-ixIA-- <- term-vector 1.0.1
+ nodelite-2-BgHO1aRbolh2hcrzL2d1La37V0Aoz73ymF8rAcKnohLy93titmv62E0gP8Hrx9PKcKrqCZ1BbLGbP3bEhoXYlw-- <- micromark-core-commonmark 1.1.0 (2.0.3 is available)
+ nodelite-2-BHVrGSRfIbXNZc8RVxSb1BnHYYPPXl2MjtKHWsUNi-yOWcXWxG7TcCqanat4GeIwrFhNh1aludTrxw0QZ8WVKw-- <- @umijs/mako-linux-x64-musl 0.9.2
+ nodelite-2-BhXM0Au22RwUneMPwSCnyhTOizdWoIEPU9sp0Aqa1PnDMR5Wv2FGXYDjuzJEIX-Eo2Rb8xuYe5jrnm5QowQFkw-- <- meow 12.1.1
+ nodelite-2-BioO1xf3hFwz4kc6iBhI3ieDFompMhrMlnDFC4-0-vd5MokpuAc3R-LYbwTA9A5Yc9pq9UYPqffKpW2ObuwX5A-- <- browserify-des 1.0.2
+ nodelite-2-BiZS-C1OS8g-q2RRbJmy59xpyghNBqrr6k5L-uKBGRsTfxmu3ffiRnd8mlGPUVayg8pvfi5urfnu8TU7DVOkLQ-- <- toggle-selection 1.0.6
+ nodelite-2-BjasUjixPFdS-NKkypcyyN5Pmg83Olst0-c6vGov0diwTEo6mgdqVR6hxcEgFuh4QrAs7Rc-9KuGJ9TVCj0Zzg-- <- @radix-ui/react-use-controllable-state 1.2.2
+ nodelite-2-BjzLgXGnCWjUSYGfH1cpdo41-hgdWETu4YxpezoztawmqsvCeep-8QGfiY6YbDvfgHz-DkjeIkkZVJavB4a3rg-- <- @types/d3-contour 3.0.6
+ nodelite-2-BL-Xd-T9baO6NFzoMpiMD7YUZ62R6viR5tp-MULVEnbYJXZA--kRNW7J0j1w-wXArgL0sCxhDfK5dczSKn3-cg-- <- graphql 15.10.1 (16.8.1 is available)
+ nodelite-2-BLI3Tl1TW3Pvl70l3yq3Y64i-awpwXqsGBYWkkqMtnbXgrMD-yj7rhW0kuEDxzJaYXGjEW5ogapKNMEKNMjibA-- <- which 2.0.2 (6.0.0 is available)
+ nodelite-2-BLOhLht9DOJwIxlmp91wHvkXv1lguuHS3-FwUO8HL1H0u8s4hR1gASVFyilu9iGtcTRYqjTZmlsFFeQletntEg-- <- @babel/plugin-transform-unicode-sets-regex 7.29.7 (8.0.1 is available)
+ nodelite-2-BLq-cCO9two-lBgiTYNqD6GdtK8s4NpaWrl6-rCO9w0TUS8oJl7cmToOZfRYllKTISY6nt1U7jQ53brmKqY6BA-- <- read-pkg 3.0.0 (9.0.1 is available)
+ nodelite-2-BLrgEcRTwX2o6gGxGOCNyMvGSp35YofuYzw9h1IMTRmKqttAZZVU67bdb9Pr2vUHA8-j3i2tJfjO6C6-4myGTA-- <- balanced-match 4.0.4
+ nodelite-2-BN22B5eaMMI9UMtjrGd5g5eCYPpCPDUy0FJXbYsaT5zYxjFOckS53SQDE3pWkVoWpHXVb3BrYcEN4Twa55B5cA-- <- word-wrap 1.2.5
+ nodelite-2-BNGbWLfd0eUPabhkXUVm0j8uuvREyTh5ovRa-dyow-BqAbZJyC-5fU-IzQOzmAKzYqYRAISoRhdQr3eIZ-PXqg-- <- vary 1.1.2
+ nodelite-2-BNoCY6SXXPQ7gF2opIP4GBE-Xw7U-pHMYKuzjgCN3GwiaIR09UUeKfheyIry77QtrCBlC0KK0q5-TER-tYh3PQ-- <- arraybuffer.prototype.slice 1.0.4
+ nodelite-2-BP9nNHMhhfcMbiuQKCqMjhDP5yBCAxsPu4pHFFzJ6Alo9dZgY4VLDPutXqIjpRiMoKdp7Av85Gr73Q5uH9k7-g-- <- stringify-entities 4.0.3 (4.0.4 is available)
+ nodelite-2-BpLsv01UisH193WyT-1lpHqq5iJ-Orfz9h-NOOlAmTUq4GY349PextQ62K4XpnaM9supeiEn3TaOTeQO07gURg-- <- eslint-config-next 14.2.35 (15.4.11 is available)
+ nodelite-2-BPm6-SspyxQ7ZTsZwXc7TRQL5kh5YWt3euKmEIBZnocMFkJevqs3fbLRb8-8I-cfbVcAo4mxRlpTPfz8zX7SnQ-- <- @commitlint/ensure 18.6.1 (20.4.1 is available)
+ nodelite-2-BpRZMZpgXLuTiKeiu7kK0nIPwGdyrqrs6EDSaXtjD-aQ2T-qVo9a5hRC3HN3iJjCMxNT-VxoLGQ7E-OzE5ucnw-- <- update-section 0.3.3
+ nodelite-2-Bq0JphDeNw3XEi-Xb-e4xoKhs1DHN7OoLVUbTIQz-gazYjigVZvtwCvgrZI7eW9Xo1eOXM2zw2u1DGLLUfmGkQ-- <- turbo-linux-64 1.13.4 (2.7.6 is available)
+ nodelite-2-Bq3SmSpyFHaWjPk8If9yc6svM8c56dB5BAtW4Qbw5jHTwwXXcTLoRMkpDJp6VL0XzlWaCHTXrkFURMYmD0sLqg-- <- ansi-regex 6.2.2 (6.3.0 is available)
+ nodelite-2-BQ5aZNSCpj7D6K2ksrRCTmKRLEpnPvWDiLPfoGyhZ--8YtiK9d-3DBKPJgry359X-P1PfruyYwvnvwFjuEiEIg-- <- @types/keyv 3.1.4
+ nodelite-2-Bq9VSor-kjvW3f9-MiiR4eE3XYgOl7-rS8lnSxbRbF3kS0B2r-Y9w5krBWxZgDxASVZbdYrn5wT4j-Wb0J9qow-- <- enhanced-resolve 5.9.3
+ nodelite-2-BR7VvDCVHO-q2xBEWskxS6DJE1qRnb7DxzUrogb71CWoSficBxYsiAGd-Kl0mmq-MprG9yArRkyrQxTO6XjMzA-- <- semver 6.3.1 (7.8.5 is available)
+ nodelite-2-BrpvfNAE3dcvq7ll3xVumzjKjZQ5tI1sEUIKr3Uoks0XUl45St3FlatVqef9prk4jRDzhW6WZg-3bk93y6pLjA-- <- strip-final-newline 2.0.0 (4.0.0 is available)
+ nodelite-2-BrUQ0cPTB-IwXj23HtwHjS9n7O4h9FX94b4xc5zlTHxeLgTAdzYUDyy6KdExAl9lbN5rtfe44xpjpmj9grxs5w-- <- es-iterator-helpers 1.2.2 (1.4.0 is available)
+ nodelite-2-BrvGY3xZSwEcCzKvKsCi2GgHqDqsYkOP4-by5xCgIwGXQxIEh-8ew3gmrE1y7XRR6LHZIj6yLYnUi-mm2KXKBg-- <- babel-jest 29.7.0 (30.2.0 is available)
+ nodelite-2-BRw55e8r0B7SpDN20CAzoQAHl7y1yP7-Zt7oqUjMv0vSt2u2Xnkm88Ws-VypbV9BXHQVuSuyVq7zMjO16wSExw-- <- swr 2.5.1
+ nodelite-2-BrxJVE0-eLinEPICCD7BKN-2xnt0nkjge70u8zzE2ISP3fuB3tjLgcwpanUycvlHBFLI4gK0l5ol54p6IYuR-Q-- <- @algolia/monitoring 1.57.0
+ nodelite-2-BS8PfmtDGnrgYdOonGZQdLZslWIeCGFP9tpan0hi1Co2Zr2NKADsvGYA8XxuG-4UWgJ6Cjtv-YJnB6MM69QGlQ-- <- data-view-byte-offset 1.0.1
+ nodelite-2-BSeNnyus75C4--NQ9gQt1-csTXyo-8Sb-afLAkzAptFuMsod9HFokGNudZpi-oQV73hnVK-sR-5PVRMd-Dr7YQ-- <- cliui 8.0.1 (9.0.1 is available)
+ nodelite-2-BSHWgDSAiKs50o2Re8ppvp3seVHXSRM44cdSsT9FfNEUUZLOGWVCsiWaRPWM1Znn-mqZ1OfVZ3z3DWEzSp7hRA-- <- asap 2.0.6
+ nodelite-2-BSKB-TSpMpFI-HOxCNr1O8aMOTZ8hT3pM3GQ0w-mWRmkhEDSFJkkyzz4XQsBV44BChwGkrDfMyjVD0eA2aFV3w-- <- domelementtype 1.3.1 (2.3.0 is available)
+ nodelite-2-BSLE3HnV2syZ0FK0iMA-yUGplUeMmNz4AW5fnTunbCIqZi4vG3WjJT9FHMy5D69xmAYBHXQhJdALdpwVxV501A-- <- is-builtin-module 3.2.1 (5.0.0 is available)
+ nodelite-2-BsVKsiGcQMFwT8UxypobUKyv7irCNRHk1T0G680vk88yf6LBByGcZJOTJCrTP2xVN6yI-XjPJcNuE3V4fT9sAg-- <- send 0.17.1 (1.2.1 is available)
+ nodelite-2-BT6eelPB1EyGHo8pC0o9Bl6k6SYVhKO1jEbd3lcTrtr7XHdjP8BW1YpfCV3G9Kwkxgattk-S5q2-RvuttCsS1g-- <- pbkdf2 3.1.6
+ nodelite-2-BtEeSsoaQjlSPBemMQIrY1MY0uM6vnS1g5fmufYOtnxLGUZM2178PKbhsk7Ffv58IX-ZtcvoGwccYsh0PglkAA-- <- is-string 1.1.1
+ nodelite-2-Btj2BOOO83o3WyH59e8MgXsxEQVcarkUOpEYrubB0urwnN10yQ364rsiByU11nZlqWYZm05i-of7io4mzihBtQ-- <- detect-libc 2.1.2
+ nodelite-2-BVA4lR5PIviy2PMseNd2jbFQ-jwSwQGdJejf5ctd1rEXt0Ypd7yanUK9-lYechVlN5VaTJGsu2U-3MDDu6KgBA-- <- url-parse-lax 1.0.0 (3.0.0 is available)
+ nodelite-2-BvIKpRLeS-8UbfxXxgC33xOumsacaeCKAjAeLyOn7Pcp95HiRbrpl14S-9vaZLolnbssPIUuiUd8IvgkRyt6NQ-- <- @chevrotain/cst-dts-gen 11.0.3
+ nodelite-2-BvU8nYgGQBxcmMuEeUEmNTvrMVjJNSH7RgW24vXexN4Ven6qCvy4TntnvlnwnMLTVlcRQQdbRY8NKnaIoeWDNg-- <- ansi-escapes 7.3.0
+ nodelite-2-BXANzRFkX-XcC1q-d27NKvlJ1yf7PSAgi8JG6dt8EfbHFHi4neau7mufcSca5zRhwOL8j9s6EqsxmT-s--E6Sw-- <- @changesets/git 3.0.4
+ nodelite-2-BYxnVYx4mQooOhr-zer0qWbSPYnarAy8ZT7hAQtbxtgVf8gy-LSLT-hHGe35h14-pZDTw1DsxdbrwxBN--H-fg-- <- postcss-sass 0.4.4
+ nodelite-2-BZOr3nRQHOntUjTrH8-Lh54smKHoHyur8We1V8DSMVrl5A2malOOwuJRnKRDjSnkoeBh4at6BwEnb5I7Jl31wg-- <- p-cancelable 2.1.1 (4.0.1 is available)
+ nodelite-2-BzQguy9W9NJgoVn2mRWzbFrFWWztGCcng2QI9-41frfk-Athwgx3qhqhvStz7ExeUUu7Kzw427sNzHpEZNINog-- <- mylas 2.1.14
+ nodelite-2-C-d6UdsYDk0lMebHNR4S2NybQMMngAOnOwYBQjTOiv0MkoJMP0Myw2mgpDLBcpfCmRLxyFqYhS-CfOENq4SJhQ-- <- es6-promisify 5.0.0 (7.0.0 is available)
+ nodelite-2-C-Pi8a8xXVWqMj7lTaMD3-5oxW6Y0rJ7y2q2HsqU7fBTRF3kWw3-e0o1kjxXSzQnvTYsqVtEtmkPMiAv3Yaypg-- <- @udecode/plate 48.0.5
+ nodelite-2-C-PV1TFUPTmBQGoPBL8j2QmLpZ117YTCwxIZeJOM96GbYMFSc7-pOXU5lVykwnZxyTqQxRsvoRk6f2FktZgGHA-- <- @babel/preset-react 7.29.7
+ nodelite-2-C-r0eKJUIfiDIfwJhria30-TYWPtuHJXHtI7J0YlOmKAo7ogxP20T0zxB7HZQIFhIyvoBPwWskjxrvAtfjyZfA-- <- vscode-jsonrpc 8.2.0
+ nodelite-2-C-uDBV7kS7W5fJlUjq5mPBeBVhYpTIm5gB09APT9o3n-ILeaXVsiSFTbZpTJCJwQ-Crczfn3DmfQFwxYusWFug-- <- less-loader 11.1.0 (12.3.0 is available)
+ nodelite-2-C0NBLsIqzDIae8HFw9YIrIBsbc0xTiOtt7fAukGPnqQ--zZNaq-4jhuccltK0QuWHBnNm-a6kLIRA6GFiM10eg-- <- @aws/lambda-invoke-store 0.2.2 (0.2.3 is available)
+ nodelite-2-C1x6lfvBICFTQIMgbt3JqMOno3VOtkWat-xEakLTOurskYIHPmzJrzd1e8BnmtdDVJlGuk5D-FxyCA8MPmkIyA-- <- zepto 1.2.0
+ nodelite-2-C3FsVNH1udSEX48gGX1xfvwTWfsYWj5U-8-uK15BGzIGrKoUpghX8hWZwa-OFnakBiiVNmBvemTJR5mcy7iPcg-- <- pify 3.0.0 (5.0.0 is available)
+ nodelite-2-C3ZAHugKgovV5YvAMsxhq0gtXuwESUKc5MhEtjBpLoHPLYM-iuwSj3lflFwK3DPm68660rZ7G8BMcwSro7hD5w-- <- @unrs/resolver-binding-linux-x64-gnu 1.11.1
+ nodelite-2-C4zp79GCXZfK0yoHZg-GxF818-aclhp9F48XBu--bm9vXEVAYov9iU3FBVRMq3Hx3OA4jfKL-p2K9180mEh0xQ-- <- sass 1.54.0 (1.97.3 is available)
+ nodelite-2-C5Mc6rdnsaJDjO3UpGW-CQTHtCKaYlScZTly4JIu97Jxo-odCiH0ITnDXSJPTOrEKk-ycSZ0AOgTmkDtkOsvIA-- <- @tootallnate/quickjs-emscripten 0.23.0
+ nodelite-2-C6N5s2ZFtuZRj54k2-zyRhNDjJwwcViAM3Nbm8zjBpbqAdZ00mr0CFxvSKeO8Y-e03WVFLpQMdHYVfUd6SB-Hw-- <- @types/estree 0.0.50 (1.0.9 is available)
+ nodelite-2-C7IOaBBK-0gMORRBd8OETNx3kmOkgIWIPvyDpZSCTwUrpYmgZwJkjZeOD8ww4xbOUOs4-attY-pciKvadNfFbg-- <- lodash.zip 4.2.0
+ nodelite-2-C92S4sHlbDpefJ2QQJjrucCcypq3-KZPstjfuvgOCNnGx0tF9h8hXgAlOIATGAxMXZXaF-nVp--Mi8pCAWdSmw-- <- postcss-less 4.0.1

Done in 1.4s
