Progress: resolved 1, reused 0, downloaded 0, added 0
Packages: +250
++++++++++++++++++++++++++++++++++++++++++++++++++++++++++++++++++++++++++++++++
Progress: resolved 250, reused 0, downloaded 249, added 249
Progress: resolved 250, reused 0, downloaded 250, added 249
Progress: resolved 250, reused 0, downloaded 250, added 250, done

dependencies:
+ nodelite-2-Cfd46gdmj1vQ-lR6VRTTadNHu6ALuw2pKR9lYq4FnhvgBc4zWY1EtZcAc6EffShbb1MFrIPfLDXD6Xprbnni4w-- <- lightningcss-linux-x64-gnu 1.30.2 (1.31.1 is available)
+ nodelite-2-CfJqwvoRY0kTGe5AkQokpURNCT1u-MkRzMTASWMPPo2hNSnKtF1D45dQl3DE2LKLr4m-PW9mCeBMJr5mCAVThg-- <- @smithy/util-retry 4.2.8
+ nodelite-2-Cg7TFGpIr01vOQNODXOOaGz2NpCU5gl8x1qJFbb6hbZxR7XrcE2vtbAsTAbJ7-xwJtUuJEw8K8Zr-AE0LHlesg-- <- babel-plugin-macros 3.1.0
+ nodelite-2-CiJJvcRtIgzadHCYXw7dqEnMNRjhGZlYK05Mj9OyktqV8uVT8fD2BFOB7S1uwBE3Kj2Z-4UyPmFw-Ixgw-LAlA-- <- @types/webidl-conversions 7.0.3
+ nodelite-2-CiJjW-FL12elS6Pn7-UVjVK8HWHhXMfvHZvOwx-Qkpy340sIhkuzOO6fZEruECDTZhl2Wqn81XdJ1ZQ4pRKpCg-- <- @aws-sdk/middleware-logger 3.398.0 (3.972.2 is available)
+ nodelite-2-CiyeOxFT-JZyN5m0z9PfXw4SCBJ6Sygz1Dpl0wqjlhDEGGBP1GnsUVEL0p63hoG1fcj3fHynXi9NYO4nWOL-qQ-- <- parseurl 1.3.3
+ nodelite-2-CmBKiL6NNo-OqgmMn95Fk9Whlp2mtvIv-KNpQKN2F4SjvrEesubTRWGYSg-BnWZOnlCaSTU1sMpsBOzgbYhnsA-- <- @types/unist 2.0.11 (3.0.3 is available)
+ nodelite-2-Cq6oGb8XswG56YhF2kHmxuyEnMNayDpL8xDxp9E4zIUqDeSLCKE6lCaqZzo5zpngzqLluFsJbCC9jrMzZejMAA-- <- @aws-sdk/client-dynamodb 3.975.0
+ nodelite-2-CvaGwVMztSMJLOeXPrez7fyfObdZqNUK1cPAEzLHrTybIua9pMdmmPR5YwtfNftIOMv3DPUhFaxsZMNTQO20Kg-- <- nopt 4.0.3 (9.0.0 is available)
+ nodelite-2-Cvc9WUhxSMEo4McES3P7oK3QaXldCfNWp7pl2NNeiIFlCoLr3kfq9kb1fxftiwk1FLV7CvpvDfonxtzUDeSOPg-- <- jsdom 26.1.0
+ nodelite-2-Cxwpt2SfTzTtXcfOlzGEee8O-c-MmUgGrNiBcXnuWxuFJHe6a5Hz7qwhwe5OgaSYI0IJvkLqWX1ASG-cJOkEiA-- <- ansi-styles 5.2.0 (6.2.3 is available)
+ nodelite-2-CygL0jhfibw4kmWXG-3sfZMFNjcXo66XUuPC4BqZBk8Rj5vFoxp1vZeMkDLzTIk97Nvo5J5Bh-QnXKhub6AckQ-- <- @aws-sdk/client-sso 3.398.0 (3.975.0 is available)
+ nodelite-2-D-sdlJBMJfx7gqoj66PKVmhDDaU6TKA49ptcolxdas29X7AfvLTmfAGLjAcIMBK7UZ2o4lygHIqVckOlQU3xWw-- <- @azure/core-xml 1.5.0
+ nodelite-2-D-zkORCbA9f1tdWRK0RaCR3GPv50cMxcrz4X8k5LTSUD1Dkw47mKJEZQNunItRTkWwgtaUSo1RVFRIG9ZXiFYg-- <- proxy-from-env 1.1.0 (2.1.0 is available)
+ nodelite-2-D1KmuLQr6ZSJS0tW8hf3WGpRlwszJOXZ3E8Yd-DNRaM5d-1wVRZdHlpGBLAuovjr28LbWvjpWkBHMxpRGGjzNA-- <- read-package-json 2.1.2 (6.0.4 is available)
+ nodelite-2-D1mvvtDG0L5ft-jGWkLpG1-m0eQxOfaBvTNELraWj22wSVUMWxZUvYgJYcKh6jGGIkJFhH4IZPQhR4TKpc8mBw-- <- yargs 16.2.0
+ nodelite-2-D1PNcdT0y4Grhou5Zi-qgipZOYeWrhLEpk33n3nm6LGtz61jvO88WlrWCK-bigMjpnOdAUKKQwsGIl0NtWMyYw-- <- mongodb 6.16.0 (7.0.0 is available)
+ nodelite-2-D2FR03Vir7FIu45XBY20mTb--ZSWB00sjU9jdQXt83gDrI4Ztz5Fs7-yy74g2N5SVQY4xY1qDr4rNddwYRVX0g-- <- os-tmpdir 1.0.2
+ nodelite-2-D2S-3GLxWH-uhrNEcoh-fnmYeP8E8-zHl644d-jdA0g2uyXvy3sb0qxotE-ne0LtccHknQzWwZEzhak7oJ0COQ-- <- isarray 0.0.1 (2.0.5 is available)
+ nodelite-2-D5qGUYwjvnNNextdU59--fI-spnwtTFmyQP0h-PfIOSkNfpU6AOICUOkm4i0OnSk-NyjdPJrxCDro0sJsWlRpQ-- <- @types/jsonfile 6.1.4
+ nodelite-2-D6Eujc2zMxKjfa4Zxl4GHMsmhKKZ9VpcqIchJLvwTxad9zWIYulwYItBovpDOoNLISpcZSXoDJ5gaGbQUDqViA-- <- @babel/plugin-transform-react-display-name 7.28.0 (7.29.7 is available)
+ nodelite-2-D76uU73ulSXrD1UXF4KE2TMxVVwhsnCgfAyTg9k8P6KGZjlXKrOLe4dJQKI3Bxi5wjesZoFXJWElNWBjPZMbhg-- <- cookie-signature 1.2.2
+ nodelite-2-D7V8PO9oaz7PWGLbCACuI1qEOsq7UKfLotx-C0Aet43fCUB-wfQ7DYeq2oR-svFJGYDHPr38SHATeaj-ZoKHKw-- <- minipass-collect 2.0.1
+ nodelite-2-D8NAthKSD7SGn748v-GLaaO6k08Mvpoqroa35PqIQC4gtUa8-Pb-k-r0m0NnGBVbHDP1gKZ2nVywqfMisRhV5A-- <- qs-esm 7.0.2
+ nodelite-2-DaDeUkXZKjdGhgYaHNJTV9pV7Y9B3b644jCLs9Upc3VeNGg6LWARAT6O-Q--COo-2gg-bM5rhpMAtf70WqfBdQ-- <- @csstools/css-parser-algorithms 3.0.5 (4.0.0 is available)
+ nodelite-2-DCXu6Ifhqcks7TZKY3Hxp3y6qphY5SJZmrWMDrKcERSOXWQdMhU9Ig-PYrzyw-ul9jOIyh0N4M0tbC5hodg8dw-- <- fast-levenshtein 2.0.6 (3.0.0 is available)
+ nodelite-2-DDfANUiiG2wC1qawP66qlTugJeL5HyzMpfr8lLK-jMQirGzNod0B12cFB-9q838Ru27sBwfw78-rdoU7RERz6A-- <- is-array-buffer 3.0.5
+ nodelite-2-De72GdQZzNTUBBChsXueQUnPKDkg-5A5zp7pFDuQAj5UFoENpiACU0wlCvzpAGnTkj--ihpKwKyYewn-XNUbKw-- <- whatwg-url 14.2.0
+ nodelite-2-DEvV2ZF2r2-63V-tK8hQvrR2ZGn10srHbXviTlcv7Kpzw8jWiNTqbVgjO3IY8RxrrOUF8VPMQQFysYYYv0YZxw-- <- prismjs 1.30.0
+ nodelite-2-DeXj9X5xDCjgKLU-7RR--HQEVzuuEUiwldwOGsHK-sfAfELGWEyTcf0x-uOvCvK3O2zPmZePXWL85vtia6GyZw-- <- lib0 0.2.117
+ nodelite-2-DfQjxXQnzC5UbCUPeC3Ie8u-rIWZTvuDPAGU-BxzrOGhRvgUanaP68kDZA-jaT3ZI-djOf-4dERGlm9mWfFDrg-- <- @smithy/shared-ini-file-loader 4.4.3
+ nodelite-2-DgZQp241c8oO6cA1SbTEWiXeoxV42vlcJxgH-B3hi1AiqqKruZR3ZGF8In3fj4--y-7rHvlOZLZtgJ-4ttYGZg-- <- is-hexadecimal 2.0.1
+ nodelite-2-DIS8z4PfJRbIyfVFDVnK9rO3eYDtse4Omcm6bt0oEr5-jtLgysmjuBl1frJ9E-EQZrFmKx2A8m-s5s9CRXIzhw-- <- sonner 1.7.4 (2.0.7 is available)
+ nodelite-2-DJnGAeenTdpMEH6uAJRK-uiyEIH9WVsUmoLwzudwGJUwZPp80PDBWPHXSAGNPwNvIXAbe7MSUB1zQFugFml66A-- <- redis-parser 3.0.0
+ nodelite-2-DJS3s0OVH4zFDB1PzjxAsHqJT6sKVbRwwML0ZBP9PbU7Yebtu-7SWMRzvO2J3nUi9pRNITCfu4LJeooM2w4pjg-- <- @google-cloud/paginator 5.0.2
+ nodelite-2-DMwg0hy4wzf7K73JJtl95m-e0boSoWhH07rfvHvYzQtBD3Bmv0Wc1x733vyZBqmFm8OjJD0-pfiUg1W3JjFX0A-- <- @opentelemetry/instrumentation 0.53.0 (0.57.2 is available)
+ nodelite-2-DOE84vZT2fEcl9gqCUTcnAw5ZY5Id55ikUcziSUntuEFL3pRvavg5kwDmTEUJkeCHInTlV-HexFomgYnzO5kdQ-- <- urlpattern-polyfill 4.0.3
+ nodelite-2-DoR7U1P7iYhw16qJ49fgXUlry1t4CpXeErJHnQ44JgTSKMaZUdf17cfn5mHchfJ4KRBZRFA-Coo-MUF5-gOaCQ-- <- @tailwindcss/node 4.1.18
+ nodelite-2-DOYMrDm5E6-8bm-yQLCWyuDJwUnlevR8xtF8bs-gjZ7cyUNYXiSf-E8Kp0Ss5xasIaXSHzb888V1BE4i1hFhAA-- <- @img/sharp-linuxmusl-x64 0.34.2 (0.34.5 is available)
+ nodelite-2-DPe5pVFaAsinSaV6QjQ6gdiedWDcRCbUuiQfQa2wmWV7-xC9bGulGI8-TdRmoFkAPaBXk8CrAbnlY2ISniJ47Q-- <- run-applescript 7.1.0
+ nodelite-2-DpKm2Ui-xN7-HQKCtpZxoRWBhZ9Z0kqtygG8XCgNQ8ZlDnxuQmWhj566j8fN4Cu3-JmbhsDo7fcAJq4s9h27Ew-- <- validate-npm-package-license 3.0.4
+ nodelite-2-DpLKbNU4WylpxJykQujfCcwYWiV-Jhm50Goo0wrVILAv5jOr9d-H-UR3PhSCD2rCCEIg0uc-G-muBTwD54JhDQ-- <- globalthis 1.0.4
+ nodelite-2-DRE4Df6qYf2XiV6foh6KpGNmGAv2ANqt3oVXpyS6W8hTx3-cUuAA1APhCZmLNuU107um4zmHym7taCu6uXW5Yg-- <- @lexical/offset 0.35.0 (0.36.2 is available)
+ nodelite-2-DrsZz5yRFkCasUHMa-dov23-o2uU1QAv6ncwnK3aJh4tf6wKhnB55AAaSRaiTaHC4TH6c3yYVJ2SAbDNXsgUTg-- <- @eslint-react/jsx 1.31.0
+ nodelite-2-DSLCOXhkvfS5WNNPbfn2KdICAmk8lLc--PNvnPnF7gOdMZCxopXduqv0OQ13y-yA-zXTSikZZqVgybUxOEg6YQ-- <- @types/mysql 2.15.26
+ nodelite-2-DtCOLG98P007x7wiiOmfI0fi3eIKyWiLTGJ2MDnVi-E04lWGbf-JzrRHMm0rgIIZJGtHpKpbVgLWHrv8xXpc3Q-- <- detect-file 1.0.0
+ nodelite-2-DtLWIH29onUYR00i0GlQ3UdcTRC6EP4u9w-h9LxpUZJWRMARk6dQwZ6Jkd-QdwVpuAOrdxt18v0K2uIYR3fwFg-- <- @libsql/isomorphic-ws 0.1.5
+ nodelite-2-DvEy55V3DB7uknRo-4iOGT5fP1slR8wQohVdknigZPMpMstaKJQWhwiYBACJE3Ul2pTnATihhBYnRhZQHGBiRw-- <- statuses 2.0.2
+ nodelite-2-DwHBiMNOB468JiX6-i34c-THsKHErYUdNQ3HexeXZvVn4zouLjgaS4FejiGSi2HyBuzuyHg7SuOPmjSvoU9NRg-- <- @aws-sdk/types 3.973.1
+ nodelite-2-DX8nKgqcGwsc0eJSqYt5lwP4DH5FlHnmuWWBRy7X0NcaGR0ZtuyeESgMwTYVEtxmsNGY-qit4QYT-MIYTOTPeA-- <- @xtuc/ieee754 1.2.0
+ nodelite-2-DxiNidxSEK-tHG6zOIklvNOwm3hvCrbUrdtzY74U6HKTJxvIDfOUL5W5P2Ghd3DTkhhKPYGqeNUIh5qcM4YBfw-- <- minipass 3.3.6 (7.1.3 is available)
+ nodelite-2-DyFP3BM-3YHTQOCUL-w0OZHR0lpKeGrxotcHWcqNEdnltqFwXVfhEBQ94eIo34AfQpo0rGki4cyIiftY06h2Fg-- <- get-caller-file 2.0.5
+ nodelite-2-DZ4yORTwrbTj-7MZYq2w--ZFdI6OZ-f9SFHR-71gIVUZhOQPHzVCLpvRnPgyaMpfWxxk-4ONva3GQSyNIKRv6A-- <- tar 6.2.1 (7.5.7 is available)
+ nodelite-2-DZZZBvC7sjcYh4MazJSGiWMI2L7E0oCiRHREDzIxi-M2LY79-21iXt6aPLHge82wi5LsuRF5A06Ds3-0mlh6CQ-- <- @smithy/is-array-buffer 4.2.0
+ nodelite-2-E-XQCRwSbaaiChtv6k6Dwgc-bx-Bs6vuKJHHl5kox-BaKbhiXzqQOwK4cO22yElGp2OCmjwVhT3HmxgyPGnJfQ-- <- buffer-from 1.1.2
+ nodelite-2-E1GUzBSgvct8Jsb3v2X15pjzN1tYebtbLaMg-eBOUOAxgbLoSbT2NS91ckc5lJD1KfLjId-jXJRgo0qnV5Nerg-- <- stream-events 1.0.5
+ nodelite-2-E5LDX7Wrp85Kil5bhZv46j8jOeboKq5JMmYM3gVGdGH8xFpPWXUMsNrlODCrkoxMEeNi-XZIwuRvY4XNwYMJpw-- <- setprototypeof 1.2.0
+ nodelite-2-E6U2ZFXe3N-t4f5BwUaVCKRLHqUpk1CBWeMh78UT4VaTPH-2dyvH6ALl29JTovEPu9dVKr-K-J4PkXgrMbw4Ww-- <- vitest 3.2.3 (4.0.7 is available)
+ nodelite-2-EdDDZu4A2OyIK7Lr-2zG-w5jmbuk1DVBnEwREQvBzspBJkCEbRa8GxU1lghYcaGJCnRWibjDXlq779X1-y5xwg-- <- indent-string 4.0.0 (5.0.0 is available)
+ nodelite-2-EF5KONAqC5zAqT783iMGuM2ZtmEBy-mJMOKl2BCvPZ2lVrwvXnB6o-OBWCS-CoeCCpVRF2sA2RBKUxvT8tQT5Q-- <- @babel/plugin-transform-classes 7.28.6 (8.0.1 is available)
+ nodelite-2-EFVjAYfzWqWsBMRHPMAXLCDIJnpMhdWAqR7xG6M6a2cs6PMFpl--Z20w9zDW4vkxOFfddegBKq9Rehd0bxWE7A-- <- object-treeify 1.1.33
+ nodelite-2-EgCR5tTS5bUSKQgzeMClT6iCY3ToqE1y-ZB0AKldj809QXk1Y-3jB0upOYZrn9aGIzPtUsP7sX4QQ4XtjBB95A-- <- @tailwindcss/oxide 4.1.18
+ nodelite-2-EGWKgxALGMgzvxYF1UyGTy0HXX-2vHLkw6-NvDKW2jypWbHpjQuj4UMcqQWXHERJhVGKikolT06G3bcKe4fi7w-- <- module-details-from-path 1.0.4
+ nodelite-2-EHcyIPBQ4BSGlvjB16k5KgAJ27CIsHY-2JBmCRReo48y9rQ3MaUzWX3KVlBa4U7MyX02HdVj0K7C3WaB3ju7FQ-- <- buffer 5.7.1 (6.0.3 is available)
+ nodelite-2-EhLJGptSGFi8AEErLiamO3PoGpbRqL-v4Ve36H2B38VxmDgFOSmDhfepBnA14sCQzGf1AEaoZX2DCwZsmO74yQ-- <- workerd 1.20260128.0
+ nodelite-2-EISGqt7sSNWHGI76hC7x1CksiXPahbxEOrC5RjmFRJTqLyEK9-9hZvBbiYn70dw4wuwMKiEMCUlR6ZXTSWQqxA-- <- @emotion/serialize 1.3.3
+ nodelite-2-EKI-M-yqPncGUUh44xz0PxSidXFr--r0pA70-gIYhjv-et7yxM-s29Y-VGDkovRofQem0fs7Uvf4-YmAdyRduA-- <- jws 4.0.1
+ nodelite-2-EmKO5V3OLXh1rtK2wgXRansaK1-mtVdTUEiEI0W8RkvgT05kfxaH29PliLnpLP73yYO6142Q72QNa8Wx-A5CqQ-- <- data-view-buffer 1.0.2
+ nodelite-2-EPD5q1uXyFxJpCrLnCc1nHnq3gOa6DZBocAIiI2TaSCA7VCJ1UJDMagCzIkXNsUYfD1daK--LTEQ8xiIbrHtcw-- <- util-deprecate 1.0.2
+ nodelite-2-EPfafl6JL5-rU-ot6P3gRSCpPDW5VmIzX959Ob1-ySFUuuYHWHekXpwdUZcKP5C-DS4GEtdJluwBjnsNDl-fSA-- <- npm-normalize-package-bin 1.0.1 (5.0.0 is available)
+ nodelite-2-Er2nc-H7RrMXZBFCEim6TCmMk02Z8vLC2Rbi1KEBggpo0fS6l0S1nnapwmIi3yW--GOJap1Krg4w0Hg80oCqgQ-- <- debug 4.3.7 (4.4.3 is available)
+ nodelite-2-EriSTlt5OC9-7SXkRSCAhfSxxoSUgBm33OH-IkwbdpgoqsSsUg7y3uh-IICI-Qg4BBWr3U2i39RpmycbxMq4ew-- <- @eslint-community/regexpp 4.12.2
+ nodelite-2-Et3f--0KSaPprNO4sJMambTkSwbx1Vc9G5he5yP781RqLXCpL-Kt-PuW-FgJz8M0dK8Aol8NoXvRYgXB2NL0Ew-- <- eslint-plugin-react-x 1.31.0 (2.7.2 is available)
+ nodelite-2-ETBauow1T35Y-WZMkio9jiM0Z5xjHHmJ4XmjZOq1l-dXz3lr2sRn87nJy20RupqSh1F2m3HHPSp8ShIPQJrJ3A-- <- encoding 0.1.13
+ nodelite-2-EtCTbyIveCKeOXDSWSdze3k612yCPq1YbXsbqX3UHhkOSW8zKsM9NOJG5gTIya0vbY2DIaieG8pKo1rITHYL0w-- <- @smithy/property-provider 4.2.8
+ nodelite-2-EtKwoO6kxCL9WO5xipiHTZlSzBm7WLT627TqC-uVRd0HKmq8NXyebnNYxDoBi7wt8eTWrUrKXCOVaFq9x1kgag-- <- graphemer 1.4.0
+ nodelite-2-EvGK8EJ3DhaHfbRlETOWAS5pO9MZITeauHKJyb8wyajUfQUenkIg2MvLDTZ4T-TgIcm3HU0TFBgWWboAZ30UHg-- <- xml-name-validator 5.0.0
+ nodelite-2-EVQJFsEt2q2UIjSUV76ez5TafKdOn0PXZg5KQLq7WahbZ1IqqtbXX5cQloF55OrRxN017ZxgsE8bQSXPiuzrjQ-- <- @opennextjs/cloudflare 1.16.1
+ nodelite-2-EwhOpyXiOEL-lKzHz9AW1msWFNzGc-z-LzeB3-jnFJpxu-th2yqvzsSWas1v9jgs9-xiXJcD5A8CJxAG2TaghQ-- <- better-sqlite3 11.10.0 (12.4.1 is available)
+ nodelite-2-ExzDvHYPj6F6QkSNe-JxSlBxTh3OrI6wrAIz53ulxo1c4hBJ1bT9C-JrAthEKHWG9riVH3Xzg7B03Oxty6S2Lw-- <- strtok3 8.1.0
+ nodelite-2-EykJT-Q1KjTWctppgIAgfSO0tKVuZUjhgMr17kqTumMl6Afv3EISleU7qZUzoXDFTAHTDC4NOoG-ZxU3EvlMPQ-- <- has-flag 4.0.0
+ nodelite-2-F-M1tLhO-mlQaOWspE8Wstg-z6PwxwRd8oQ8IXceWz92kfAmalTRf0EjrouQeo7QssEPfCn05B4Ihs1K9WQ-7w-- <- @radix-ui/react-arrow 1.1.7
+ nodelite-2-F-TKATkzseUExPlfvmwQKGITM3DGTK-vkAsCZoDc5daVygbJBnjEUCbgkAvVFsgfXfX4YIqZ-27G3k3tdXrTxQ-- <- array.prototype.findlastindex 1.2.6
+ nodelite-2-F1-K8EbfOZE49dtoPtmxUQrpXaBIl3ICvasLh-nJta0xkz-9kF-7uet9fLnwKqhDrmj6g-6K3Tw9yQPUg2ka5g-- <- blake3-wasm 2.1.5
+ nodelite-2-F3asv42UuXchdzt-xXqfW1OGlVBe-mxa2mqI0pg5yAHZPvFmY3Y6drSf-GQ1A86WgWEN9Kzh-WrgKa6iGcHXLg-- <- pend 1.2.0
+ nodelite-2-F63x5tizV6WCh4R6RHyi2Ml-M70DNRXt--HANowMflpgGFMAym-VKm6G7ZOQRjqN7XbGxK1Lg9t6ZrtzOaivMw-- <- pino-abstract-transport 2.0.0
+ nodelite-2-F6vrnZ3F7oqr3oONCIpx-uZDTwXWfh8sBoNNJollDn5pIn7TI-R-7WxVIXAMq-JWLXE6N8T3M6ogWk4Y4JWPPw-- <- @aws-sdk/lib-storage 3.975.0
+ nodelite-2-F9p7yYCn6cIW9El1zi0HI6vqpeIvBsr3dSuRO6Xuppb1u5rXpCPmMvLSyECLhybr9isec8Ohl0hPekMVrEinDA-- <- unfetch 4.2.0 (5.0.0 is available)
+ nodelite-2-FAaLDaplstoRsDR8XGYH51znUN0UY7nMc6Z9-fvE8EXGwvJE9hu7W2vHwx1-bd6gCYnln9nLbzxFTrcO9YQDZw-- <- cssfilter 0.0.10
+ nodelite-2-FC-lgizVPfie0kkhqUScwRu1O-lF6NOgJmlCgK--LYxDCTk8sGelYaHDhFcDN-Sn3Cv-3VSa4Byeo-IMCzpMgQ-- <- slice-ansi 5.0.0 (7.1.2 is available)
+ nodelite-2-FCLHtRD-gnpCiCHEiJLOwdmFP-wzCmDEkc9y7NsYxeF4u7Btsn1ZuwgwJGxImImHicJArLP4R0yX4c2KCrMrTA-- <- side-channel-list 1.0.0 (1.0.1 is available)
+ nodelite-2-Fd4gABb-ycGAmKou8eMftCupSir5lRxqf4aD-vd0cD2qc4HL07OjCeuHMr8Ro4CoMaeCKDB0-ECBOVWjTwUvPQ-- <- is-path-inside 3.0.3 (4.0.0 is available)
+ nodelite-2-FDuKUJQm-ju9fT-SeX-6-gBzoPzlVCzfzmGkwKvRHQVxi4BntVbyIwf6a4Xn62mrvndLiml6z-UBXIdEVjQLXg-- <- @types/node 22.5.4 (26.4.1 is available)
+ nodelite-2-FdW9r-jQZhSeohs1Z3sI1yxFQNFvMcnmfuj4WBMUTxOrAyLMaTcE1aAMBiTlbMNaXvBCQuVi0R7hd8udDSP7ug-- <- pgpass 1.0.5
+ nodelite-2-FE8aCmS5Q6eQYcV3gI35O4J789wlQA-7JrqTTpJqn5emA4U2hvwJmvFRC0HODS-3Ye6WioDklgd6scJ3-PLnEA-- <- @webassemblyjs/helper-numbers 1.13.2
+ nodelite-2-Fedw0aZvkhynoPYlA5WXrMCAMm-nSWdZt6lzJQ7Ok8S6Q-VsHmHpRWndVRJ8Be0ZbkfPc5LRYH-5XrzXcEeLRQ-- <- use-sidecar 1.1.3
+ nodelite-2-FEMTcTHZozZciLRl6GiiIB4zGm5z5F3F6a6FZCyrfxdKOhFlGkiAqlexWMBzCi4DcRoyiOsuLfW-cjlGWyExOw-- <- @redis/graph 1.1.1
+ nodelite-2-FFQQyu7edu4ufvIZ-OadFpHHOt-eSTBaYaki44c-akjg7qZg9oOQeLlk77F6tSYqjDAFClrHJk9tMf0HdVyOvA-- <- @aws-crypto/sha256-js 5.2.0
+ nodelite-2-FGgH2h8zKNim9ljj7dankFPcICIK9Cp5bm-c2gQSYePhpaG5-esrLODihIorn-Pe6FGJzWhXQotPv73jTaldXA-- <- es-object-atoms 1.1.1 (1.1.2 is available)
+ nodelite-2-FGJ6udDNUCjd19pp0Q3iTiDkwhYup7J8hpMW9c4k53NrccQFFWKRho6hvtPPEhnXWKvukfwAlB6DbDz4yhH5Gg-- <- @types/request 2.48.13
+ nodelite-2-FGuPw30AdOIUTRMC2OMRtQV-jkVj2cfPqSeWXv1NEAJ1qZ5zb1X6z1mFhbfOB-iy3ssJCD-3KuZ8r8C3uVFlAg-- <- jsonfile 6.2.0 (6.2.1 is available)
+ nodelite-2-Fh9rGN0MoI4ZFUNyfFVNU4y9LUz93u9-0K-yLgA2bwRojxM8JU1DyvvMBabnZPBgMWREAJvU2jjVzq-LrFUglw-- <- @radix-ui/react-collection 1.1.7
+ nodelite-2-FJhYRoDaiatfEkUK8HKlicmu-3SGFD51q3itKDGoSTysQJBnfOcxU5GxnhE1E6soB76MbT0MBtnKJuXyAx-96Q-- <- get-nonce 1.0.1
+ nodelite-2-FkBMwD-qbGQeMu1cOHnuGB6x4yzPjho8ap5WtbEJ26umhgqVXbhekKUQO-hZEL1vU92a3wHwdp0HAcqAUF5iDg-- <- @radix-ui/react-use-callback-ref 1.1.1
+ nodelite-2-Fkoh-I76szMKJnBXWPdFkQJl2r9SjPt3cMzLdOB6eJ4Pnpas8hVoWPYemX-peO0yrrvldgCUVJqOAjUrOLjbxg-- <- @smithy/util-body-length-browser 4.2.0
+ nodelite-2-FkxrTUUcWB4CVN2yzgsfF-YHD6WgYHduaa7VmokCy5TLCgl5UNJkwortxcedrxSavQ8Qfa4Ir4JxcbIYiBsyLg-- <- stripe 18.3.0 (18.5.0 is available)
+ nodelite-2-Fl70vYtsAFb-C06PTS9dZBo7ihau-Tu-DNCk-OyHhea07S-aeMWpFFkUaXRa8fI-ScZbEI8dfSxwY7gxZ9SAVQ-- <- humanize-ms 1.2.1
+ nodelite-2-FmeCCAenzH0KH381SPT5FZmiA-TmpndpcaShhfgEN9eCVjnFBqq3l1xrI42y8-PPLI6hypzou4GXw00WHmPBLQ-- <- array-includes 3.1.9
+ nodelite-2-FmgJfu-MOcQ370SD0ev7EI8TlCAfKYU-B4m5T3yXc1CiRN94g-SZPtsCkk506aUDtlMnFZvasDwHHUcZUEaYuA-- <- @types/semver 7.7.1 (7.8.0 is available)
+ nodelite-2-FMmZcC1f54YpF4pDWPtdQPIO8NXfgUxCoR9uyrhxKJdZu7M6n8QKopPVNuaxR40jcsdxb7yKoQoFWnHfzJD9GQ-- <- @miniflare/core 2.14.4
+ nodelite-2-FmXs37I6hSBVDlO4y764TNz1rLgKwjJMQ0EGte6F3Cb3f4bIuHB-iLa-8I9VKkmOy-gNHq8rql3j686ACVV21A-- <- @radix-ui/react-label 2.1.8
+ nodelite-2-FNT0xHS1c-CPN8upqbMFP83-ul5YgdisfCfkZ86Jh2NSmnqw-AJ6x5pEogVCTVvSm7j9MopRU89bmDelxuDMYw-- <- @smithy/credential-provider-imds 4.2.8
+ nodelite-2-FOyLWWVjG-aC0UqG76V53yAWdXfH8bO6FNmyZOuUrzDzK8DI3-JRY25UD7-g49JWM1LXwymsKERB-DzI0dTEQA-- <- tiny-invariant 1.0.6 (1.3.3 is available)
+ nodelite-2-FP-p8RB8OWpF3YZBCrP5gtADmtXApB5AMLn-vdyA-PyxCjrCs00mjyUozssO33cwDeT3wNGdLxJ5M--YqtHAJw-- <- mkdirp 0.5.6 (3.0.1 is available)
+ nodelite-2-Fq0FERJWFEUpB4eSY59wSNwXD4RYqR-nR-WiEVcZW8IWfVBxJJafcgTEZDQo8k3w0sUarJ8RyVbbUF4GQ2LGbQ-- <- piscina 4.9.2 (5.1.3 is available)
+ nodelite-2-FQN4MRfuJeHf7cBbBMJFXhKSDq-2kAArBlmRBvcvFE5BB1HZKXtSFASDhdlz9zOYwxh8lDdnvmMOe--5cdoEdg-- <- combined-stream 1.0.8
+ nodelite-2-FT1yDzDYEoYWhnSGnpE-4Kj1fLZkDFyqRb7fNt6FdYOSxlUWAtp42Eh6Wb0rGIv-m9Bgo7x4GhQbm5Ys4SG5ow-- <- lodash.debounce 4.0.8
+ nodelite-2-FVdlVVC67WOIPvfOwhoMETV72f6GbW7aOabBC3WxN-oUdoEMDyLz4OgRv5-gck2ZeNqEQu-Tb0kloovXOfpYVg-- <- xss 1.0.15
+ nodelite-2-FVDYdxtnj0G6Qm-DhNPSb8Ju59ULcup3tuJxkFb5K8Bv2pUXILbf0xZWU8PX8Ov19OXljbUyveOFwRMwkXzO-A-- <- tough-cookie 5.1.2 (6.0.2 is available)
+ nodelite-2-FveZTNuGw04cxlAiWbzi6zTAL-lhehaWbTtgluJh4-E95DqMwTmha3KZN1aAWA8cFIhHzMZUvLevkw5Rqk-tSQ-- <- content-disposition 0.5.4 (1.0.1 is available)
+ nodelite-2-FW8sPenNFfnO-K7sncsSTX4rIVak9j7VUiLIagJrcqZIC7d1dInFNjy8CdVJUlyz3Y3TOgIl3L3-ZpjfyMnaZg-- <- @sentry/replay 7.120.4
+ nodelite-2-FWyyY60MeTNyeSRpkM2Iry0G9hpr7-9kD40mD-cGQEuilcZYS4okz8SN2Q6rLCJ8gbCt6fN-rC-6tMGS99LaxQ-- <- is-alphabetical 2.0.1
+ nodelite-2-FxEMIkJKnodyA1OaCUoEvbYRkoZlLZ4d-eXFu9Fh8CbBBgP5EmZxrfTRyN0qpXZ4vOvqnE5YdRdcrmUUXuU-dA-- <- @esbuild-kit/esm-loader 2.6.5
+ nodelite-2-FXx2pKgId-WyYo2jXw63kk7--TY7u7AziEJxJAnSFzHlqTAS3Ync6SvgYAN-k4-PQpnnVuzoMuVnByKK2qp0ag-- <- @types/eslint 9.6.1
+ nodelite-2-Fy0gLYAei-Rd6BrXG4baspCnWTUSd0NdokU1pZh4KlfEAEN1i8SPPgfiO5hLk7-2inqtCmqxVJlfqbMVe9k4bw-- <- @aws-sdk/util-endpoints 3.398.0 (3.972.0 is available)
+ nodelite-2-Fz5-4XCg3akeoFK-K7g-d7HqGMjmnLoY2eJlpONJmaeT9pXY7yfUyXKZMmMajdE2LxxKJgQ2YKvSCaGVamTjHw-- <- @sentry-internal/tracing 7.120.4
+ nodelite-2-G0RUjnfGEq9hgdlmU8Tr9gTaO48zBdUN6273-fBYoMOzLYO1kF1mJ0KLzzi7iIsk0nyRn17kJdbdzfdjS4hgYg-- <- eslint-plugin-react-debug 1.31.0
+ nodelite-2-G4ewlBNhUtlLvrJTb88d2mdy2KRijzs4UhnlrOSRT4bmjh-IqNElZa3zkrZ-TC47TwtlDWzVLFADljF1Ijp5hA-- <- @speed-highlight/core 1.2.14
+ nodelite-2-G6T0ZX48xgozx7587koeX9Ys2NYy6Gmv--P89sEte9V9whIapMNF4idKxnW2QtCcLiTWlb-wfCabAtAFWhhBow-- <- minimatch 9.0.5 (9.0.9 is available)
+ nodelite-2-G7Ok5C6E-j4SGfyLCloXTrngQIQU3PWtXGst3yM7Bea9FRURf1S42ZHlZZtsNque2FN2PoUhfZXYLNWwEr4dLQ-- <- string.prototype.trimend 1.0.9
+ nodelite-2-GalEZH4JgOMHYYcYmVqnFirFsjZHeoGMDt9IxEnM9F7GRUUyUksJ7Ou53L83WHJq3RWKD3AcBpo0iQh0oMpf8A-- <- @ecies/ciphers 0.2.5
+ nodelite-2-Gd2UZBJDkXlY7GbJxfsE8-nvKkUEU1G38c1siN6QP6a9PT9MmHB8GnpscSmMJSoF8LOIrt8ud-wPtojys4G6-g-- <- safe-buffer 5.1.2 (5.2.1 is available)
+ nodelite-2-GDhwkLfywWL2s6vEjyhri-eXmfH6j1L7JE27WhqLeYzoh-A3DBaYGEj2H-HFZCn-kMfim73FXxEJTw06WtxQwg-- <- readdirp 4.1.2 (5.1.1 is available)
+ nodelite-2-GEbrYkbfF7MoNaoh2iGG84Mnf-WZfB0GdGEsM8wz7Expx-LlWf5U8t9nvJKXSp3qr5IsEbK04cBGhol-KwOsWA-- <- napi-build-utils 2.0.0
+ nodelite-2-GeDxvtjiRuoyWVU9nQneId879zIyNdL05bS7RKiqMkfBSKpHMWHLoRyRqjYWLaXmX-llKO1hTlqHDmatkQAjPA-- <- @dotenvx/dotenvx 1.31.0
+ nodelite-2-Gfyva9-GxPAWXIWjyGDli9O-waHDC0Q0jaLdFP1qPAUUfo1FEXPXUfUkp3eZA0sSq340vPycSyOlYUeM15Ft1w-- <- @vitest/expect 4.0.15
+ nodelite-2-GG2AQYWoLgL877gQIKeRPGO1xF9-eG1ujIb5soS5gPvLQ1y2o8FL90w2QWNdf9I361Mpp7726c-lj3U0qK1uGw-- <- parse-entities 4.0.2
+ nodelite-2-GGP3O9QFD24uGeAXYUjwSTXARoqpZykHadOmA8G5vfJPK0-DC67qa--0qvqrJzL1xc8WQWX7-yc7fwudjPHPhA-- <- @smithy/is-array-buffer 2.2.0 (4.2.0 is available)
+ nodelite-2-GGToxJ-w1x32s-D2EKND7kTil4n8OVk-9mycTc4VDza13lOvpUZTGX3mFSCtV9ksdGBVzvsyAVLM6mHFThxXxw-- <- fastq 1.20.1
+ nodelite-2-GgWVZJdzXzqhXxzNAYB3TnZCj7d5rZNdovqSIV91e97nowHVaExRoyaZ3H-Ydqot7veHGPTl8nBp464zZeLDTQ-- <- @aws-sdk/middleware-flexible-checksums 3.972.2
+ nodelite-2-GkXZ59JfyxsIwNTWFnjmFEI8kZpRNIBfxKjv09-nkAWPt-4aGaEWMM04m4sxgNVWkbt2MdSvE3KF-PfX4nFedQ-- <- @smithy/util-base64 4.3.0
+ nodelite-2-GlaYyEb07DPxYCKhKzplCWBJtvxZcZMrL-4UkrTSJHHPyZU4mYYTv3qaOe77H7EODLSSopAUFAc6W8U4yqvscg-- <- which 4.0.0 (6.0.0 is available)
+ nodelite-2-Gmy6FhYlCY7uOElZUSbxo2UCDH8owEk996gkbrpsgGtrJLM3J7jGxl9Ic7Qwwj4ivOE5AWZWRMecDdF7hqGjFA-- <- camelcase 6.3.0 (8.0.0 is available)
+ nodelite-2-GNanXlVr2pf02-sPN40XN8HG-ePaNcvM0q5mZBd668Obwb0yD5GiUbZOFgwn8kGMY6I3mdyDJzieUy3PTYyTRA-- <- fs-readdir-recursive 1.1.0
+ nodelite-2-GNKqxfHG2ySmJOBSHg7LxeUx4xpuCoFjacmlCoYWEbaPXLwvfIjixRI12xCQZeULksQb23uiA8F40w5TojpV7w-- <- @eslint/config-array 0.19.2 (0.23.5 is available)
+ nodelite-2-GpVkmM8vF2vQUkj2LvZmD35JxeJOLCwJ9cUkugyk2nuhbv3-mJvpLYYt-0-USMxE-oj-ey-lJEnhZw75x-OMcQ-- <- commander 2.20.3 (9.5.0 is available)
+ nodelite-2-GQ2EWRpQV8-o-Aw8YqtfZZPfNRWZYkbidE9k5rpl-hC3vtHHBfGm2Ifi6qWV-coDGkrUKZAxE3Lot5kcsRlh-g-- <- parent-module 1.0.1 (2.0.0 is available)
+ nodelite-2-GQDxZ5Jd-Aq-qUxbCm1UtzmL-s--V7zKgE8yMktJiCQXCCFZnMZh9ng-6-Ne6PjNSXH0L9CjeOEREfRnq6Duag-- <- react-error-boundary 4.1.2 (6.0.0 is available)
+ nodelite-2-GRaXQx6jGfL8sKfaIDD6OupbIHBr9jv7Jnaml9tB7l4v068PAOXqfcujMMo5PhbIs6ggR1XODELqahT2R8v0fg-- <- @types/node 18.19.130 (26.4.1 is available)
+ nodelite-2-GRbEOUqCxemTAk-b32F2xa8wDTs-Z1QHOkbhJDQTvv-6G3ZkbJ-frYWsTcc7cBB3Fu4wy4XlLCuNtJuMn7Gsvw-- <- sort-keys-length 1.0.1
+ nodelite-2-GsCCIZDE-p3i96vtEqx-7dBUGXrc7zeSK3wwPHIaRThS-9OhWIXRqzs4d6k1SVU8g91DrNRWxWUGhp5KXQb2VA-- <- @types/ms 2.1.0
+ nodelite-2-GtpQYB283KrPp6nRw50q3U9-VfOutZOe103qlN7BPP6Ad27xYnOIWv4lPzo8HCAL-mMZofJ9KEy30fq6MfaK6Q-- <- decode-named-character-reference 1.3.0
+ nodelite-2-GTt8rSKje5FilG-wEdfCkOcLL7LWqpMlr2c3LRuKt-YXxcJ52aGSbGBAdI4L3aaqfrBt6y711El53ItyH1NWzg-- <- sync-message-port 1.1.3
+ nodelite-2-GVsDdsbJzzy4S-v3dqWPJ7EfvZJfCHiDqe80IyrF59LYuP-e6U1LJoUqeuqRbwAWoMNoXivMNeNAOf5E22VA1w-- <- rollup 3.29.5 (4.9.5 is available)
+ nodelite-2-GX-ysw4PBCz0PzosHDepZGANEuFCMLrnRTiEy9McGjmkCQYwRq4A-X786G-fjM--OjsWSU1ZrY5qyARZmO-uwg-- <- flatted 3.3.3 (3.4.4 is available)
+ nodelite-2-GYqKi1aH7PJXxdhTeZBFrg8vUBeKXi-cNprXsC1kpJcbcVnV9wBsrOu1cQEdG0WeQwlfHiy3XvnKfIrJ2R0NzQ-- <- direction 1.0.4 (2.0.1 is available)
+ nodelite-2-GZW464g1SH7ag3Y7hXjf8RoUuAFIqklOAq3MRl4OaWabTFJY9PN-E1YklhXLh-OQ3fM9yS2nOkCoS-WLZ6kvxQ-- <- d3-scale 4.0.2
+ nodelite-2-H-rnK5bX2Pi-6ms3sN4-jRQvYSMltV6vqup-0SFOrxYYY-qoNvhXPlYq3e-Pm9RFJRwrMGbMIwi81M4dxpomhA-- <- nodemailer 7.0.12
+ nodelite-2-H0dkQoCa3b2VEeKQBOxFph-JAbcrQdE7KC0UkqwpLmv2EC4P41QXP-rqo9wYodACiG5-WM5s9oDApTU8utwj9g-- <- iterator.prototype 1.1.5
+ nodelite-2-H1FFG7iAgCuq-IOT8uu0-rqaSzENfH7h6TOl94Q-WEq31Kgbbi-o-5p5zfbh7e2h0zHF7zp3HG-W-57rvRksgQ-- <- @next/bundle-analyzer 16.2.0-canary.9
+ nodelite-2-H1onv5SkgPBK2P6JR2MjGgbOnttoNzSPIRoeZTNPZYyaplwGg50zS3amXvXqF0-qfXpWEC9rLWU564QTB9bSog-- <- @aws-sdk/util-locate-window 3.965.4
+ nodelite-2-H2-S7Pm8a9CL1uhp9OvjwrBh5Pvx0H8qVOxNu8Wed9Y7qv56MPtq-GGM8RJpq6glYJn9Wspr8uw7l55uyinNeg-- <- esbuild-register 3.6.0
+ nodelite-2-H2iMtd0I4Mt5eYiapRdIDjp-XzelXQ0tFE4JS7YFwFevXXMmOp9myNrUvCg0D6ws8iqkRPBfKHgbwig1SmlLfg-- <- html-escaper 2.0.2 (3.0.3 is available)
+ nodelite-2-H3mcG6ZDLTlYfaSNi0iOKkigqMFvkTKlGUYlD8GW7nNOYRrevuA46iTypPyv-06V3fEmvvazfntkBU34L0azAw-- <- @babel/core 7.28.6 (8.0.1 is available)
+ nodelite-2-H73RAHsVBapbim0tU2JwwOiXUj-fikfiaoYAKHF3VJfA0pe2BCzkhAHBlLG6REzE-2WNZcxOXjK7lkso-9euLA-- <- stream-browserify 3.0.0
+ nodelite-2-H8PjG5WJ4wz0UXAFXeJjWCW1vkvIJ3qUUD-rGRwJ2-hj-xT58Qle2MTql-2MGzkU-1JLAFuR6aJpLAjHwhmwwg-- <- @aws-crypto/util 1.2.2 (5.2.0 is available)
+ nodelite-2-H9xkIdFswbS8n1d6vmRd8-c10t2Qe-rZITbbDHHkQixH5-2x1FDGmi-0K-WgWiqQFKPSlIYB7jlH6Kpfn6Fleg-- <- @poppinss/colors 4.1.6
+ nodelite-2-HAYH7d3TLRHDOUQK4mZKf9k9Ph-m8Akstg66ywKR4SFAigjs3yBiUeZtFxywiTm5moZMAp-5W-ZuFnNXXYLuuQ-- <- @csstools/media-query-list-parser 4.0.3
+ nodelite-2-HehCEsotFqbPW9sJ8WVYB6UbmIMv7kUUORIF2Nncq4VQvBfNBLibW9YZR5dlYCSUhwcD628pRllm7n-E-YTzJw-- <- socks-proxy-agent 8.0.5
+ nodelite-2-HFdvqf2-w8sWOuwtEXayGzdZ2vWpCKEQv5F7-2DSA74Te-Cv4rvb2E5So5-lh-ok4-RAIPuvCbCb-SHQFzMmbw-- <- @opentelemetry/instrumentation-koa 0.47.0
+ nodelite-2-HFM8rkZ-i3zrV-4LQjwQ0W-ez98pApMGM3HUrN04j3CqzPOzl9nmP15Y8YXNm8QHGv-eacOVEjqhmWpkRV0NAw-- <- rechoir 0.6.2 (0.8.0 is available)
+ nodelite-2-HG2DFjYKbpNmVXsa0keLHp-3leGJz1mjh09f2RLGGLQZzSHpkmZWuwJbAvo3QcRY8p80m5-ZdXZdYOSBLlp7Cg-- <- @redis/bloom 1.2.0 (5.10.0 is available)
+ nodelite-2-HGDV1JOOBPZj10LB3-OZgfDBTn-IeEsNOKiq-cxbQAIbKaiJUe-KV8DBUzsx0Gx-7IG-orWqRRm736JwOfUSWQ-- <- react-hook-form 7.45.4 (7.69.0 is available)
+ nodelite-2-HGyxoOTYUyCM6stUe6EJgnd4EoewAI7zMdfqO-kGjnlZmBDz-cR5pf8r-cR4Wq60sL-p0IkcjUEEPwS3GFrIyw-- <- array-union 2.1.0 (3.0.1 is available)
+ nodelite-2-HJ3OmQnlQ1es6esrDWnx3nVPhBAN89WaFCzsDcb6oT7TMjBPUfZ5-1BpI7B0Hnme8cc6kp7qc4cgo2plrlROJA-- <- @aws-sdk/middleware-ssec 3.972.2
+ nodelite-2-HjPnxHB74FaeLSce--B2n3H7FJ23lC5D4M2FnHhHdiuvGa8etFrsF12mxC8i635huARHJkqLLbLF2U39xX6AJA-- <- @aws-sdk/client-cognito-identity 3.975.0
+ nodelite-2-HLpt-uLy-pxB-bum-9DzAgiKS8CX1EvbWxI4zlmgGCExImLdiad2iCwXT5Z4c9c3Eq8rP2318mPW2c-QbtjK8A-- <- socks 2.8.7
+ nodelite-2-HnLOCR3vjcY8beoNLtcjZ5-nxn2afmME6lhrDrebokqMap-XbeW8n9TXpPDOqdGK5qcI3oT0GKTW6wC7EMiVqA-- <- string-width 5.1.2 (8.1.0 is available)
+ nodelite-2-Hp-wFiEQtCB0LlNgcFh5uVyKznpDjzyUZ-CNVEf-I3fhlYvh7rZruIg-jOwzJRCpy0ZTPMjlzm7J2-M2N6d-DA-- <- stripe 18.5.0
+ nodelite-2-HPa-FdTB9XGI2H1-keLFZHxl6WNvAI4YalHGtDQTlMnJcoqSab1UwL4l1hGEhs6-GmLHBZIg-YgB--jcbzoOEg-- <- terser 5.16.9
+ nodelite-2-HpgJuleH7P6uILxzJKQOmlHdwaCY-xYC6VgRDzlwVEqU-HXjo4m2gOAyjUbpXlBOCWfGgMUzfBlNJ9z3MboqEQ-- <- @aws-sdk/client-sso 3.975.0
+ nodelite-2-HPGSBGD6Q36t99puWh0LnptxO-4icnk2kqIQ9cTJ2tFQo5NMUnWQIgtrTAk8nm-caqUbjDzXzG56GBjI2tS6jQ-- <- amazon-cognito-identity-js 6.3.16
+ nodelite-2-HPwpGIzkl28mWyZqG52jiqDJ12waP11Pa1lGoiyUkIEuMLBP0oeK-C89esbXrxsky5we7dfd8U58nm0SgAWpVw-- <- @radix-ui/rect 1.1.1
+ nodelite-2-HqNBuV-oIlMKdkLshXd1zKBqNQCsuPEsgQOkfFQ-eUKjRlwndXW1AjN9LVkBEIukm00gGXSRmfkl0Wv5VXLnlw-- <- @ts-morph/common 0.22.0 (0.28.1 is available)
+ nodelite-2-HrcgcIESLm9aIR842yhJ5RWan-gebQUJ6E-E5-rf0y9o6oj7w0Br-sWuL6kEQ-o-AdfvR1Je9jG18-gnpwjEyA-- <- @babel/preset-modules 0.1.6-no-external-plugins (0.2.0 is available)
+ nodelite-2-HRDzbaKjC-AOWVXxAU-x54COGeIv9eb-6CkDSQoNTt4XyWoIJvuPsXizxu-Fr23EiekbtZwmh1IcIG-l-a10GQ-- <- pkg-dir 4.2.0 (8.0.0 is available)
+ nodelite-2-Hrgsx-orqoygnmhFbKaHE6c296J-HTAQXoxEF6gNupROmmGJRoyzfG3ccAveqCBrwr-2yxQ5BVd-GTl5agOwSg-- <- range-parser 1.2.1 (1.3.0 is available)
+ nodelite-2-Hs59xBNfUIunMFgWAbGX5cq6893IbWg4KnrjbYwX3tx0ztorVgTDA6B2sxf8ejHJ4wz8BqGUMYlnzNBer5NvGg-- <- ignore 7.0.5 (7.0.8 is available)
+ nodelite-2-HTEHMNieakEnoe33shBYcZ7NX83ACUjCu8c40iOGEZsngj9zRnkqS9j1pqQPXwobB0ZcVTk27REb7COQ0UR59w-- <- state-local 1.0.7
+ nodelite-2-HvdH2LzI-EAZcUwA8-0nKNtWHqS-ZmijLA30RwZA0bo7ToCckjK5MkGhjED9KoRcXO6BaGI3I9UIzSA1FKFPOQ-- <- js-cookie 2.2.1 (3.0.8 is available)
+ nodelite-2-HVQE3AAb-pxF8fQAoiqpvg9i3evqug3hoiwakOyZAwJm-6vZehbkYXZ0l4JxS-I3QxM97v5aaRNhj8v5oBhekw-- <- denque 2.1.0
+ nodelite-2-HxJdYWq1MTIQbJ3nw0cqssHoTNU267KlrDuGZ1WYlxDStUtKUhOaJmh112-TZmHxxUfuJqPXSOm7tDyas0OSIQ-- <- which 1.3.1 (6.0.0 is available)
+ nodelite-2-HXjPW2w5dxhTD0dLwtYHDnelK3j8sR8cWIaLxr22evTyY6q8pRCjZSmhRWVjBaOVXChQd6AwMzi9pucorXCPZA-- <- @vitest/utils 4.0.15
+ nodelite-2-HZkzrRcuFN1k70RLqlNK4FnPXKOpkik1-4JaBoHNJn-RnJGYqaa3c5--XtLOXhlKzlRgNvyaLieHTW2VwGN0VQ-- <- @smithy/util-config-provider 2.3.0 (4.2.0 is available)
+ nodelite-2-I0sdgcFTfKQlUPZyAqPJmSG3HLO9rWDFnxonnIbskYNM3DwFOeTNB5KzVq3dA1GdRAc-25b5Y7UO2TQfKWw4aQ-- <- strip-dirs 3.0.0
+ nodelite-2-I30RydO-bnn2PQztvo25tswPH-wFBjehVGtmagkU78yMdwTwVf12wnAOF-AeP8S2N8xD-5UPbGhkUfPyvT-mwQ-- <- @radix-ui/react-select 2.2.6
+ nodelite-2-I4PHczeujhQAQv6ZBzqHYEUiggZL4IdSMixtVD3EYqbdrjujE7kRfI5QohjlPoJm8BvenoW5YaTMWRrbpot6tg-- <- @opentelemetry/api-logs 0.57.1 (0.57.2 is available)
+ nodelite-2-I4UhmcTYXBrct03rwzQX1Y-iqQlzVQaPxWjCjula--5EmWq9YGBrx6bbGqluGc1f0XEfhSkiY4jhLgbsJUMKRA-- <- @smithy/fetch-http-handler 5.3.9
+ nodelite-2-I88TYZWc9XiYHRQ4-3c5rjjfgkjhLyW2luGIheGERbNQ6OY7yTybanSpDXZa8y7VUP9YmDcYa-eyq4ca7iLqWA-- <- eastasianwidth 0.2.0
+ nodelite-2-IbBGWhaxiEl64fznwh5PDEB0N7YJEAvK5b6nRtPVUKdKAHlOPgo6B9XB8mqWDs8Ct0oF-E34ZLiq2U0L5xDkrg-- <- @aws-sdk/credential-provider-http 3.972.3 (3.972.4 is available)
+ nodelite-2-IchNf6dN4tHoMFIn-7OE8LWZ19Y6q-67Bmf6vnGREv8RSbBVb9LPJxEcnwrcwX6ixSvaiGoomAUvu4YSxXrVgw-- <- @cspotcode/source-map-support 0.8.1
+ nodelite-2-IEjtfbFpWX3ewkTlaBZfY9rXMGXPqOfVXj2w9CI-wXQVgKQ3OqC7gZsPI2PwsImcA3-fYK6nNz7J-PgW-sjvbA-- <- eslint-plugin-react-hooks-extra 1.31.0 (2.7.2 is available)
+ nodelite-2-IEn-pegP1aManZuckezWCO-XZQDplx1366JoVhTpMpBB1sPey-SbveZQUosKiKiGYjg1wH4pMlNgXbCiYgihQA-- <- mdn-data 2.12.2 (2.27.1 is available)
+ nodelite-2-IfEDxwoWIjkeXL1eXcDiow4UbKjhLdq6-EuSVR9GMN7KVH3r9gQ83e73hsz1Nd1T3ijd5xv1wcWRYO-D6kCI2w-- <- colorette 2.0.20
+ nodelite-2-IGjKp-o0NL3Bso1PymYURCJxMPNAf-ILOpendP9f5B6e1rTJgdgiOvgfoT8VxCAdY-Wisb9uhGaJJf3yZ2V9nw-- <- urlpattern-polyfill 10.1.0
+ nodelite-2-IHk53BVw6MPMi2Gsn-hCng8rFA3ZmR3Rk7GllxDUW9qFJl-hiSvskn7XldkECapQVkIg-1dHpMAxI9xSTaLLSA-- <- @smithy/util-waiter 2.2.0 (4.2.8 is available)
+ nodelite-2-IInvU7fabl34qmi9gY8XOVxhYyMyuH2xUNpb2q8-Y-7552KlejkRvqvD19nMoUW-uQGGbqNpA6Tufu5FL5BZgw-- <- parse5 7.3.0 (8.0.1 is available)
+ nodelite-2-IJdWBbTcMQ6DA0gdNhh-BwrLkDR-ADW5Kr1aZmd4k3DIF6ezMV4R2NIAmT08wQJ3yUK82thHWmC-TnK-wpMMIA-- <- @smithy/util-buffer-from 2.2.0 (4.2.0 is available)
+ nodelite-2-IJRyXal45mIsshZI5XJne-intjusslUP1F-FHVBIyMGEqbYtIq1Irdx5vdWBBg58smviPDycmDeV6txsfkv1RQ-- <- next 15.4.11 (16.2.0-canary.9 is available)
+ nodelite-2-Il0-boE7w-XebUHyBjroE-DbByORGR9KKmITzbR7MyQ4akpORYP-ZmbhAr0DG7RmmBqoOnZdy2QlvajJ2QA59g-- <- @radix-ui/react-use-escape-keydown 1.1.1
+ nodelite-2-IlqQ-Gv22xUC1r-WQm4StLkYQmaaTsXAhUVsNE0-xiyf0yRFiH5--q78U3bw6bLKDCTmh0uqKB9eG9-Bt75Dkg-- <- @typespec/ts-http-runtime 0.3.2
+ nodelite-2-INb7TM37-mAcsGmc9hyyI6-QR3rR1zVRu36B0NeGXKnOOLiZOfER5SA-N7X7k3yUYRzLWafduTDvJAfDswwEww-- <- sonic-boom 4.2.0
+ nodelite-2-IQ7TZdoaqbT-LCpShg46jnZVlhWD2w6iQYAcYXfHARZ7X1t-UGhhceQDs5X0cGqKvYlHNOuv7Oa1xmb0oQuA3w-- <- postcss-selector-parser 6.0.10 (7.1.6 is available)
+ nodelite-2-Iqb9NjCCTt6Hf-vOdNIZGdTiH1QSqr27H-Ek9sv-a97gfueI-5h1s3yRi1nngzMUaOOToin5dI1dXKdXiF-u0Q-- <- react-remove-scroll 2.7.2
+ nodelite-2-IQOkD3hbR5KrN93MtcYuad6YPuTSUhntLHDuLEbFWE-ff2-XSZNdZG-LcbbIW5AXKg-WFIfYItIzVoHngHXZzA-- <- css-functions-list 3.2.3
+ nodelite-2-IRqXKlaXwgSMAMtpNzZa1ZAe8m-Sa1770Dhk8VkSsP9LS-iHD62Zd8FQKs8fbPiagBE7BzoFX23cxFnwshpV6w-- <- image-size 2.0.2
+ nodelite-2-ISQTe55T2ao7XtlAStud6qwYPZjE4GK1S-BeVPus4jrq6JuOnQ00YKQC581RWhR122W7msZV263KzVeLoqidyQ-- <- magic-string 0.30.8
+ nodelite-2-ISWac8drv4ZGfwKl5slpHG9OwPNty4jOWPRIhBpxOoD-hqITiwuipOQ2bNthAzwA3B4fIjO4Nln74N0S9byq8A-- <- is-shared-array-buffer 1.0.4
+ nodelite-2-ITWT1Wqjubf2CJthb0BuT9-bpzBfXeMokH-AAa5EJQgbv9aPMVfnM76iFIZVFf50hYXGbtiV71BHAthNWd6-dw-- <- @smithy/util-body-length-node 2.3.0 (4.2.1 is available)
+ nodelite-2-IV3Ou0jSMzZrd3pZ48nLkT9DA7Ag1pnPzaiQhpW7c3RbcqqzvzzVu-L8gfqMp-8IM2MQtSiqaCxrrcfu8I8rMA-- <- client-only 0.0.1
+ nodelite-2-IVNZik8IVRJRTr9fxlitMKeJeXFFFN0JaB9PHPGQ8NKQbGpfjlTx9zO4RefN8gp7eqjNy8nyK3NZmBzOPeIxtA-- <- @vitest/pretty-format 3.2.4 (4.0.7 is available)
+ nodelite-2-IwayNZy-it7FWG4M9LayyUmG1a-8kT9--IEm67sT5-7dkMIMcpmHDqL8rWcPojOXuTKaOBBjkVdNMBTXy0mXlA-- <- @sentry/cli-linux-x64 2.39.1 (2.51.1 is available)
+ nodelite-2-IwfBptatlO-QCJUo19AqvrPNqlVMpW9YEL2LIVY-Rpv2qsjCGxaDLNRgeGsQWJhfItebuJhsGSLjaBbNSQ-ieg-- <- stringify-entities 4.0.4
+ nodelite-2-IWqP2SCPhyVFTBtRcgMHdzlf9ul25NwaFx4wCEH-KjAXuuHY4yNjvPXsBokp8jCB936PyWRaPKUNh8NvylLp2Q-- <- loader-runner 4.3.1 (4.3.2 is available)
+ nodelite-2-Izi8RQcffqCeNVgFigKli1ssklIbpHnCYc6AknXGYoB6grJqyeby7jv12JUQgmTAnIDnbck1uxksT4dzN3PWBA-- <- assertion-error 2.0.1
+ nodelite-2-J5dvW98sxmGnamqf--aLP87PYXyrha9xIgc2ZlHl6OHMFR2Ejdxep50QfU0abO1-CH6-ugx-8wEUN1toImAinA-- <- @types/lodash.get 4.4.9
+ nodelite-2-J7p63hRiAjw1NDEww1W7i37-ByIrOWO5XQQAzZ3VOcL0PNybwpfmV-N05zFAzwQ9USyEcX6t3UO-K5aqBQOIHw-- <- minimatch 3.1.2 (9.0.9 is available)
+ nodelite-2-J8rn6v4DBb2nnFqkqwy6-NnTYMcgLA-sLr0iIO41qpv0n-ngb7ksag2tMRl0inb1bbO-esUwzW1vbJi7K0sI0g-- <- refa 0.12.1
+ nodelite-2-Jb6Z0-nvECVz-2lzSMt9u98UsoakXxA2HGHMCxh-so3n90XgYWkq5dur19JAJV7ONiJY22yBTyJB1TSkvPq9Ng-- <- google-auth-library 9.15.1
+ nodelite-2-JCDrsP4Z1Sb9JwG0aJ8Eo2r7k4Ou5MwmThS-6lcIe1ICyb7UBJKGRIUUdqc2ASdE-42lgz6zFUnzAIhtXnBVrQ-- <- known-css-properties 0.37.0
+ nodelite-2-Je6p7pkk-KMzMv2XXKmAE3McmolOQFdxkKw0R8EYNr7sELW46JqnNeTX8ybPiQgvg1ymCoF8LXs5fzFaZvJPTA-- <- tldts-core 6.1.86 (7.4.11 is available)
+ nodelite-2-JfuinvDOsD9FVMTHpzA-pBLisxpv1aSf-OIV8lgH3MuWrks19R27e6a6DipIg4aX1Zm9Wpb04p8wljfKrVSnPA-- <- @babel/plugin-transform-react-pure-annotations 7.27.1 (7.29.7 is available)
+ nodelite-2-Jg8wNT1MUzIvhBFxViqrEhWDGzqymo3sV7z7ZsaWbZNDLXRJZoRGrjulp60YYtV4wfY8VIKcWidjojlLcWrd8Q-- <- @img/sharp-linuxmusl-x64 0.34.5
+ nodelite-2-JGwmHhBkRT2G-BYNV1aGI-bBjJu4fJUD-5-Jat0EWZa2ftrLV3YE8z84Fiij-wK32oMZ88eS8DI4ecLGZhpqsQ-- <- @opentelemetry/instrumentation-fs 0.19.0
+ nodelite-2-JHu9Wl-7bf6FEejTCREy-DmgWe-rQKbK-y32C-k5f4TBIAlijhJbRBIRIOCEpVevgRsCQR2iHRUH2-qKVM-plw-- <- @vitest/spy 3.2.3 (4.0.7 is available)
+ nodelite-2-JHV2KoL-nMQRXu3m9ervCZZvi4DDCJfzHUE6CmtJxR9TmizyYfrVuhGvnsZLLnheby9Qrnf4Hq6iOEcejGwnGQ-- <- stripe 10.17.0 (18.5.0 is available)
+ nodelite-2-JIb3e9vh0-OmQ0KxmexMXg9oZsR-G7HMwxt5BUIKAXZ9m17Xll4ETXTRnRUBT3sf7EpNGAmlQk1xEmVN9pYZYQ-- <- @sentry/cli 2.39.1 (2.51.1 is available)
+ nodelite-2-JLBl-KZ0R5qB7mCnud-yyX08jWFw5MsoalJ1pQ4EdFlgj9VdXKGuENGsiCIjegI1W7p91rUlcB-LB5yRJKNTcQ-- <- @webassemblyjs/wasm-parser 1.14.1
+ nodelite-2-JNAzZcXrCt42VGLuYz0zfAzDfAvJWW6AfYlDBQyDV5DClI2m5sAmK-OIO7s59XfsRsWHp02jAJrRadPRGTt6SQ-- <- lru-cache 10.4.3
+ nodelite-2-JOqsl-ZoCpP4e8TDke9W79FDcSgPAR0l6pixx2JHkhnRjvShyYiAYw2LVsnA7K08Y6DeOnaU6ujmENO4os-cYg-- <- @types/pluralize 0.0.33
+ nodelite-2-JQ5TuMi45Owi4-BIMAJBoSQoOJu12oOk-gADqlcUL9JEdHB8vyjUSsxqeNXnmXHjYKMi2WcYtezGEEhqUI-E2g-- <- @swc/helpers 0.5.15
+ nodelite-2-JQ84qTuMg4nVkx8ga4A16a1epI9H6uTXAknqxkGF-aFfRLw1xC-Bp24HNLaZhHSkWd3-84t8iXnp1J0kYcZHhg-- <- unicode-match-property-value-ecmascript 2.2.1
+ nodelite-2-JTF99U-6XIjCBo0wqkU5sK10glYe27MRRsfwoiq5zzOEZLHU3A3KCMa5X-azekYRCJ0HlwI0crAXS-5dEHTzDg-- <- @radix-ui/primitive 1.1.3
+ nodelite-2-JU3teHTNjmE2VCGFzuY8EXzCDVwEqB2a8fsIvwaStHhAWJEeVd1o1QD80CU6-ZdEXXSLbSsuLwJjkCBWqRQUVA-- <- picomatch 2.3.1 (4.0.7 is available)
+ nodelite-2-JV-yugV2uzW5iMRSiZAyDtQd-nxtUnjeLt0acNdw98kKLrvuRVyB80tsREOE7yvGVgalhZ6RNXCmEHkUKBKxew-- <- ini 1.3.8 (6.0.0 is available)
+ nodelite-2-JYc0DPlpGWB40kH5g07gGTrYuMqV653k3uBKY6uITPWds3M0ov3GaWGp9lbE3Bzngx8-XkfzgvASb9vk9JDFXQ-- <- normalize-url 8.1.1
+ nodelite-2-JYgintcMjRiCvS8mMECzaEn-m3PfoQiyqukOMCCVQtoJGYJw8j-8LBJEiqkHLkfwCcs74E3pbAUFNg7d9VNJ-Q-- <- @babel/code-frame 7.28.6 (8.0.0-beta.0 is available)
+ nodelite-2-JYtls3hqi15fcx5GaSNL7SCTJ2MNmjrkHXg4FSpOA-grxK8KwyZ5bubHsCq8FXCkua6xhuaaBit-3b7-VZRfcA-- <- @babel/helper-compilation-targets 7.28.6 (8.0.0-beta.0 is available)
+ nodelite-2-JZkJMZkAGFFPP2YqXZXPbMlMBgsxzE8ILs4lMIX-2o0L9UBw9O-Y3o6wFw-i9YLapcUJWwqbi3kdxIPdC62TIA-- <- rimraf 3.0.2 (6.1.2 is available)
+ nodelite-2-JZnDKK8B0RCDw84FNdDAIpZK-JuJw-s7Lz8nksI7SIuU3UXJJslUthsi-uWBUYOwPFwW7W7PRLRfUKpxjtjFCw-- <- xmlchars 2.2.0

Done in 2.6s using pnpm v10.27.0
