Progress: resolved 1, reused 0, downloaded 0, added 0
Packages: +251
++++++++++++++++++++++++++++++++++++++++++++++++++++++++++++++++++++++++++++++++
Progress: resolved 251, reused 0, downloaded 251, added 251, done

dependencies:
+ nodelite-2-4bYVV3aAMtDTTu4-xsDYa6sy9GyJ69-amsu9sYF2zqjiEoZA5xJi3BrfX3uY--IekIu7MwdObdbDWpoZdBv3-A-- <- jsbn 1.1.0
+ nodelite-2-4dbzIzqvjtgiM5rw1k5rEHtBANKmdudhGyBEajN01fEyhaAIhsoKNy6y7-IN93IfpFtwY9iqi7kD-xwKhQsNJA-- <- type-fest 0.8.1 (5.4.1 is available)
+ nodelite-2-4diC9HaTE-KRAMWhDhrGOECgWZxoevMc5TlkObMqNSsVU62PYzXZ-SMTjzyGAFF1YusgxGcSWTEXBhp0CPwQ1A-- <- clean-stack 2.2.0 (5.2.0 is available)
+ nodelite-2-4eirfZ7thblFmqFjywlTmuWVSvccHAJbn1r8qQLzmTO11qcqpohOjmY2mFce6x7x7WtskzRqApPD0hv-Oa74jg-- <- memfs 4.17.0
+ nodelite-2-4fCk79wshMdzMp2rH06qWrJE4iolqLhCUH-OiuIgU--RB0-94NlDL81atO7GX55uUKueo0txHNtvEyI6D7WdMw-- <- iconv-lite 0.6.3 (0.7.3 is available)
+ nodelite-2-4fSQ8vWFkg-TGhePfUzVmat3eC14TXYSsiiDSLI0dVLsrm9gZFABjPy-Qu6TKgl1tq1Bu1yDsuQgY3A3DOjCcg-- <- @types/react-dom 19.0.4 (19.2.7 is available)
+ nodelite-2-4gd7VpWNQNB4UKKCFFVcp1AVv-FMOgs9NKzjHKusc8jTMhd5eL1NqQqOpE0KzMds804-yHlglp3uxgluOqAPLw-- <- internal-slot 1.1.0
+ nodelite-2-4hLB8Py4zZce5s4yd9XzopqwVv-yGNhV1Bl8NTmCq1763HeK2-EwVTv-leGeL13Dnh2wfbqowVPXCIO0z4taYw-- <- pako 1.0.11 (2.1.0 is available)
+ nodelite-2-4hm4VPpIecmlg59CHXnRDnqGplJFrbLG4aFEl5vl6cK1u76ws3LLvX7ikFnTDl5vo39sjWD6AaDPYodJp-NNHg-- <- compare-versions 6.1.1
+ nodelite-2-4jXDeZ4IH4bylZ6wu14VEx0aDXXhrN4TC279v9rPmn08g4EYekcYf8wdcOOnS9STjDkb6x77-6xBUTqxGgjr8g-- <- @whatwg-node/node-fetch 0.5.26 (0.7.8 is available)
+ nodelite-2-4l1cba8t02rNkLeX-B7bmgDg3CwuRunmuCSgN2zORDtepjg9YAU1qcyRTyc-rAuNJ54AduRfoBplmKXjowYzbQ-- <- @algolia/requester-fetch 5.20.1 (5.57.0 is available)
+ nodelite-2-4lLa-EcQCB0cJkyts-FpIRx5G-llPxfP6VQU5KByHEhLxY3IJCH0f0Hy1MHI8sClTvsIb8qwRJ6R-ZdlDJ-leQ-- <- yaml 2.8.0 (2.9.0 is available)
+ nodelite-2-4luGP9LMYszMRZwsvyUd9MrxgEGZdZuZgpVQHEEX0lCYFESasVRvZd0EYpCkOIbJKHMuv0LskpXc-8Un-MJzEQ-- <- untun 0.1.3
+ nodelite-2-4n-Ys-2bKHQohPBKigFlndwWQ5fFKwaGY6muNDMTb0fSQLyBzS-jjUNRZG9sKF0S-Go4ApG6LFnUGopjkILg3w-- <- vite-plugin-node-polyfills 0.23.0
+ nodelite-2-4npKo1qpLG5xusFoFUj4xIIR-6y3YoCuS-uhagv2blGFotDj-D6OLTML3Pp6JCVcES4zDbkoY7pmNBA8ARtidQ-- <- @algolia/requester-node-http 5.20.1 (5.57.0 is available)
+ nodelite-2-4QqS3LY5PBmTRHj9sAg1HLoPzqAI0uOX6wI-TRqHIcOxlFidy6YEmCQJk6FSZjNLGCeubDMfmkWL-qaLKhSGQA-- <- @jest/create-cache-key-function 29.7.0 (30.5.1 is available)
+ nodelite-2-4R309-gWflJktzPXBQCobbWEHlzC4aK3a-Ov3tz2Ib2aBxiwd11phkdIBH1l0EO22x24CJMUQkpKFumRriCSRg-- <- safaridriver 0.1.2
+ nodelite-2-4rwOWwrhm62LjB12ytiuR5NgK1ZBNr24-He8mqCsC-HXZ-ATbrewLNztzbAZHtFsrxP4D4GLTGgh96pCpYLSAQ-- <- metro-config 0.80.12 (0.83.2 is available)
+ nodelite-2-4Sc3OFX9QHOJaHbmTMk28SYgVxLN3ePDjg7hofEft2zWlehFL3LiAuapWc4U-kYwMYJSh2hTCPZ6-LIC7ii0MA-- <- lit 2.8.0 (3.2.1 is available)
+ nodelite-2-4tzD0mF8iSiMiNs30BiLO3EpfGLZUT2MSX-G-o7ZywDzliWQ3OPtTZ0PTC3B3ca1UAf4cJMHB-2Bf56EriJuRA-- <- w3c-xmlserializer 2.0.0 (5.0.0 is available)
+ nodelite-2-4vKIiv0DQxljcXwfpnbsXcfa5glMj5Zg9mqn4xpIWqkv6uJ2ma5-GtUfLFSxhlxnR8asRMv8dDmWya1Tc1sDFA-- <- @metamask/object-multiplex 2.1.0
+ nodelite-2-4xwU8StnqnlIhhioZf1tqnVWeQ9pvH-ujS8hRfw-WOza--a-1qv69BWNy-oY231maTCWgKWhfBU7kDpsds6zAA-- <- @babel/helper-annotate-as-pure 7.25.7 (8.0.0-beta.0 is available)
+ nodelite-2-4Z8dn6Upk0qk4P74xBhZ6Hd-w0mPEzOOLxy4xiPXOXqjF7jZS0VAKk7-x-H6FyY2zCkYJqePf1G5KmkmNJ4RBA-- <- @radix-ui/primitive 1.1.0 (1.1.3 is available)
+ nodelite-2-5-fP8P8MFNC-AyZCDxrB2pkZFPGzqQWUzpSeuuVLvm8VMcorNYavBqoFcxK8bQz4Qsbn4oUEEem4wDLfcysGHA-- <- @types/json-schema 7.0.15
+ nodelite-2-514ppYHBaKwfJRK-pNC6c-OxfGa0obSnAl106u97Ed0I625Nin96KAjttZF6ZL3e1XLtphxnqrOi9iWgm-u-bg-- <- upper-case-first 2.0.2
+ nodelite-2-534m2WhVTddrcKVepwmVEVnUAmtrx9bfIjNoQHRqfnvdaHQiFytEhJoTgpWJvDEXCO5gLTQh3wYC1PgOJA4NSQ-- <- micromark-util-types 2.0.1 (2.0.2 is available)
+ nodelite-2-53rsFbGdwMwlF7qvCt0ypLM5V5-Mbl0szB7GPN8y9NCcbknYOeVVXdrXEq-90IwAfrrzt6Hd-u2E2ntakICU8w-- <- detect-browser 5.3.0
+ nodelite-2-55JNKuIW-vq4Ke1BjOTjM2YctQIvCT7GFzHwmfZPGo5wnrgkid0YQtnAleFSqumZm4az3n2BS-erby5ipJdgrg-- <- has-property-descriptors 1.0.2
+ nodelite-2-571s0T7nZWK6vB67HI5dyUF7wXiNcfaPPPTl6zYCNApANjIvYJTg7hlud--cJpdAhS7dVzqMLmfhfHR3rAcOjQ-- <- buffer-xor 1.0.3
+ nodelite-2-5aHCbzQRADcdP-ATqnDuhhJ-MRIqDkZX5pyjFHRRysS8vZ5AbqGEoFIb6pYHPZ-L-OC2Lc-xT8uHVVR5CAK-wQ-- <- linkify-it 5.0.0 (5.0.2 is available)
+ nodelite-2-5b6Y85tPxZZ7QytO-BQzysW31HJku27cRIlkbAXaNx-BdcVi-LlRFmVXzeF6a7JCwJpyw5c4b-YSVImQIrBpuQ-- <- ora 5.4.1 (8.2.0 is available)
+ nodelite-2-5ciOehRNf-EyUeewo8NkbQiUs4d6ZxiHo6BcBcnFlgiJfu16q0bQUw9Jvo0b0gBKFG1SMhDSjeKXSYuJLeFSMA-- <- @babel/plugin-transform-template-literals 7.22.5 (8.0.1 is available)
+ nodelite-2-5cnLm4gseXjAclKowC4IjByaGsjtAoV6PrOQOljplNB54ReUYJP8HdAFq2muHinSDAh09PPX-uXDPfdxRHvuSA-- <- userhome 1.0.1
+ nodelite-2-5cUOu4Vwx1wenJgxaudsJ8xwLUMN7747yDJX3V-L7-gi3e4MsCm7w5nbrDQQy8nEfnl4r5NV3pDXMAjhGXYXAw-- <- markdown-link-extractor 4.0.2
+ nodelite-2-5dgndWOriYSm5cnYaJNhalLNDKOqFwyDB-rr1E9ZsGciGvKPs8R2xYGCacuf3z6K1YKDz182fd-fY3cn3pMqXQ-- <- jsonfile 6.1.0 (6.2.1 is available)
+ nodelite-2-5Dqpl5fyV9pIAD62yK9P7fcA768uVPUyrQmqpqstHWgMma4feF1x-oFysBCVZLY5wJ2GkMUCdsNDnGZrPoR6rA-- <- @babel/generator 7.25.7 (8.0.0-beta.4 is available)
+ nodelite-2-5eCqRItYgIML7NNVgJj6TVCmdzE7ZVgJhruW0ziSQV4V7PvLkDL1bBkBdcTs-VuIz0IxPb5da1IDSqc1TR9eig-- <- @vitest/expect 3.0.9 (4.0.7 is available)
+ nodelite-2-5gdGbFon-PszYzqs83S3E5mpi7-y-8M9eC90MRTZfduQOYW76ig6SOSPNe41IG5LoP3FGBn2N0RjVDSQiS94kQ-- <- @babel/plugin-syntax-dynamic-import 7.8.3
+ nodelite-2-5GG-5IbQQpC9FpkRGsSvZI5QYeSCzlJHdpBQntCsuTOxhKD8lqKhrleg2Yi7yvMIf82Ycmmqln9U8V9qwEiJew-- <- agentkeepalive 4.5.0 (4.6.0 is available)
+ nodelite-2-5gvq20T6vfpekVtqrYQsSCFZ1wEg5-wW0-QaZMWkFr6BqD3NfKs0rLCx4rrVlSWJeZb5NBJgVLswK-w2MWU-Gw-- <- encoding-sniffer 0.2.1
+ nodelite-2-5HviZNaZcfqP95rwpv-1HDgUamezbqdSYTyzjTvwtJSnIH-3vnbmWsItli8OFEndS984VT55M3jduxZbX351gg-- <- path-type 5.0.0 (6.0.0 is available)
+ nodelite-2-5IKx-Y13RsYd-sauPb2x-U-xZikHjolzfuDgTAl-Tdf3Q8rslRvC19NKDLgAJQ6wsqADk10ntlv08nPFw-gO-A-- <- @swc/helpers 0.5.17
+ nodelite-2-5J-IhqTi1XPa0DXF83jYOaARrX-41gOewWbkPyjMNRDqgOCqdffGh8L3f-Ek5utaEBZExjSAzcyjmV9SSAWObQ-- <- @babel/plugin-transform-private-property-in-object 7.27.1 (8.0.1 is available)
+ nodelite-2-5kaZCrbp5mmbz5ulBkDkbY0SsPOjKqVS35VpL9ulMPfSl0J0Xsm-9Evphv9CoIZFwre7aJoa94AY6seMKGVN5Q-- <- unicode-match-property-ecmascript 2.0.0
+ nodelite-2-5KoIu2Ngpyek75jXodFvnafB6DJgr3u8uuK0LEZJjrU19DrMD3EVERaR8sjz8CCGgpZvxPl9SuE1GMVPFHx1mw-- <- is-negative-zero 2.0.3
+ nodelite-2-5l4VyZR86LZ-lDxZTR6jqL8AFE2S0IFLMP26AbjsLVADxHdhB-c0GUsH-y39UfCi3dzz8OlQuPmnaJOMoDHQBA-- <- run-parallel 1.2.0
+ nodelite-2-5LBh1Tls8c9xgGjw3QrMwETmTMVk0oFgvrFSvWx62llR2hcEInrKNZ2GZCCuuy2lvWrdl5jhbpeqc5hRYKFOcw-- <- saxes 5.0.1 (6.0.0 is available)
+ nodelite-2-5m3bsyrjFWE1xf7nz7YXdN4udnVtXK6-Yfgn5qnahL6bCkf2yKt4k3nuTKAtT4r3IG8JNR2ncsIMdZuAzJjHQQ-- <- node-addon-api 7.1.1 (8.5.0 is available)
+ nodelite-2-5m4nQKp-rZRb09LNH59GM4BxTh9251-ylbKIbpe7TpGxfJ-9kv6BLkLBXIjjspbgbnIBNqlI23tRnTWT0snUIw-- <- react-dom 18.3.1 (19.2.8 is available)
+ nodelite-2-5MCTNcjCMxQ63Tdu9rxyN6cAWurqfrDZ76qvVPrGYdBxIj-EawuuxTu--dgJlhK5eRz3v1gLwp6XwS8XaX2NiQ-- <- @babel/plugin-transform-function-name 7.25.7 (8.0.1 is available)
+ nodelite-2-5mOlNS0mhX0707P2I0aZ2V-cmHUEO-fL7VFLqszkhUsxt7RwnmrInf-eEQKlf5GzvYeHIjT-Ov1HRfNmymlG0w-- <- clipboardy 4.0.0
+ nodelite-2-5mVAOQQK3Oz7EtMl-l3vOQdc2aYClUzVDHHkMvZlunc-KlGgl81j8TLa-X7ANIllqU4fUEsQU3lJmk4hXP6K7Q-- <- @graphql-codegen/schema-ast 4.0.2 (4.1.0 is available)
+ nodelite-2-5NPgf87AT2STgwa2ntRMr45jTKrYBGkVU36yT0ig-n-GMAa3oPqhZfIQ2kMEimReg0-t9kZViDVZ83qfVUlckg-- <- pac-resolver 7.0.1
+ nodelite-2-5nzMWDHy6f-koZOuYsArh2AXs73NfWYVlFyJJuCedr93GpY-Ku8qq10ropSXVfHK-H0T6paA88ww--dV-1fBNA-- <- jayson 4.1.2
+ nodelite-2-5tK7EtrZ0N-OLFMthtqOj4fI2Jeb88C4CAZPu25LDVUgXJ0A3Js4PMGqrn0JU1W0Mh1-Z8wZzYPxqUrXeBboCQ-- <- ci-info 2.0.0 (4.3.1 is available)
+ nodelite-2-5uYhsJH8VJBTv7oslg4BznJYhDoRI6waYCxMmCdnTrcCrHA-fCFKoTFz2JKKE0HdDFUF7-oQuhzumXJK7paBRQ-- <- get-intrinsic 1.2.4 (1.3.1 is available)
+ nodelite-2-5WeXXAvTmitV1RqJFppT5QtUiz2p1mRSYU000Jkft5ZUCLJIk4uQriYNO50HknxKwM6jd8utNc66K1qGIwwWBQ-- <- birpc 0.2.19 (4.0.0 is available)
+ nodelite-2-5yb2gMI1BDm0JybZezeoX-3XhPDOtTbcFvpTXM9kxsoZjPZFh4XciqRbpD6N86HYZqWDhEaKUDuOyR0sQHEjMA-- <- @metamask/safe-event-emitter 3.1.2
+ nodelite-2-5Yy9czTO47mqz--J8GM6GIId4umdCk1wc1q8rKERQulIoc8VP9pzDcghv10Tl2E7R96ZUx-PhND3ESYUQX8NuQ-- <- @scure/base 1.2.4
+ nodelite-2-5zfg6mHUoaer-97TxnGpxmbR7zJtPwIYFMZ-H5ucTlPZhKvtum05yiPK3Mgai3a0DyVxv7qYqoweaEd2nrYQzQ-- <- htmlparser2 9.1.0
+ nodelite-2-6-eerH9fEnNmi-hyM1DXcRK3pWdoMQtlkQ-ns0ntzunjKqp5i3sKCc80ym8Fib3iaYhdJUOPdhlJWj1tvge2Ww-- <- signedsource 1.0.0
+ nodelite-2-61pPlCD9h51VoreyJ0BReideM3MDKMKnh6-V9L08331ipq6Q8OFXZYiqP6n-tbHx4s5I9uRhcye6BrbkizkBDw-- <- unbox-primitive 1.0.2 (1.1.0 is available)
+ nodelite-2-65P7iz6X5yEr1cwcgvQxbbIw7Uk3gOy5dIdtZ4rDveLqhrdJP-Li-Hx6tyK0NEb-2GCyneCMJiGqrADCSNk8sQ-- <- to-regex-range 5.0.1
+ nodelite-2-67otBXoksdjsnXXRUq-KMVTdlVRZ2af422Y0aTyTjVaoQkGr3mxl2Bc5emi7dOQ3OGVVQQskmLEWwFXwommpNw-- <- string.prototype.padend 3.1.4 (3.1.6 is available)
+ nodelite-2-68s5jYdlvasItOJnCuI2Q9s4q98g0pCyL3HrcKJu8KNugUl8ahgmZYg38ysLTgQjjXX3H8CJLkAvWrclWfcalw-- <- dataloader 1.4.0 (2.2.3 is available)
+ nodelite-2-6bc58dPYhCMHHuwxldQxO3RRNZ4eCogZ-st--0-fcC1nr0jiGUtAdBJ2qzmLQWSxbtz42pWt4QQMiZ9HvZf5cg-- <- unixify 1.0.0
+ nodelite-2-6BLOQUscTpZeGljvyQXlWOItQyU71kCdGz7Pi8H8zdw6BI0g3m43iL4xKUVPWtG-qrrL9DTjpdn8eYuCQSRpow-- <- @changesets/errors 0.2.0
+ nodelite-2-6CC9uyBL--48dYizRf7H7VAYCMCNTBeM78x-VTUe9bFEaxBepPJDa1Ow99LqI-1yF7kuy7Q3cQsYMrcjGUcskA-- <- string.prototype.matchall 4.0.12 (4.1.0 is available)
+ nodelite-2-6d2Sw9disvvpdk4K7VNjKr5-3hzijtfQVHRthhDqJgnhMHy1wQz4yPMJVKXElvnZhFr0nkzo-GzjXDTRV5yLpg-- <- typedoc 0.26.3 (0.28.14 is available)
+ nodelite-2-6eZs5Ls3WtCisHWp9S2GUy8dqkpGi4BVSz3GaqiE6ezub0512ESztXUwUB6C6IKbQkY2Pnb-mD4WYojCRwcwLA-- <- normalize-path 3.0.0
+ nodelite-2-6FiThm7KlTihph8ROhq-BHEglGCJSwq6c8KVgcCcJiNJFNlbrFtfnTqZobVmWIB764mzhZTOBFyinADSXXvTLg-- <- eciesjs 0.3.21 (0.4.16 is available)
+ nodelite-2-6FlzubTLZG3J2a-NVCAleEhjzq5oxgHyaCU9yYXvcLsvoVaHJq-s5xXI6-XXP6tz7R9xAOtHnSO-tXtF3WRTlA-- <- ms 2.1.3
+ nodelite-2-6fPc-R4ihwqP6N-aIv2f1gMH8lOVtWQHoqC4yK6oSDVVocumAsfCqjkXnqiYMhmMwS-mEHLp7Vehlt3ql6lEig-- <- strip-json-comments 3.1.1 (5.0.3 is available)
+ nodelite-2-6FqVXeETqWPoGcfzrXb37E50NP0LXT8kAMu5ooZayhWWdgEY4lBEEcbQNXtkuKQsGduxiIcI4gOTsxTmuq-bSg-- <- compress-commons 6.0.2
+ nodelite-2-6hxOLGfZASQK-cijlZnZJTq8OXAkt-3YGfQX45vvMYXpZoo8NdWZcY73K108Jf759lS1Bv-8wXnHDTSz17dSRw-- <- url 0.11.3 (0.11.4 is available)
+ nodelite-2-6i9mGWSlqzNMEqpCp93KwRS1uUOodk2OJ6b-sq7ZPDSy2WuI5NFIxp-254TytR8ftefexkWn5xNiHUNpPOfSew-- <- is-weakref 1.1.1
+ nodelite-2-6iBczoX-kDQ7a3-YJBnh3T-KZRxM-iYNPXicqk66-Qfm1b93iu-yOImkg0zHbj5LNOcNv1TEADiZ0xa34B4q6Q-- <- which-builtin-type 1.2.1
+ nodelite-2-6IpQ7mKUxRcZNLIObR0hz7lxsapSSIYNZJwXPGeF0mTVqGKFIXj1DQcMoT22S3ROcLyY-rz0PWaWZ9ayWmad9g-- <- optionator 0.9.4
+ nodelite-2-6j1W9l1iAs-4xYBI1SYOVZyFcCis9b4KCLQ8fgAGG07QvzaRLVVRQvAy85yNmmZSjYjg4MWh4gNvlPujU-5LpA-- <- shell-quote 1.8.1 (1.8.3 is available)
+ nodelite-2-6k0YULvhpw-RoLNiQCRKOl09Rv1dPLr8hHnVjHqdolKwDrdNyk-Hmrthi4lIGPPz3r39dLx0hsF5s40sZ3Us4Q-- <- needle 3.3.1 (3.5.0 is available)
+ nodelite-2-6kSc32kT0rbwxD6QL1CYe8IqdzN-J-ILMrNK-HMQCKH3insCDRY-3ITb0vcBss0a3t72fzh2YSzj8ko1HgwT3g-- <- type-fest 4.34.1 (5.4.1 is available)
+ nodelite-2-6kZKyUajlDuqlHKVX1w7gyslj9MPIXzIFiz-rGu35uC1wMi-kMhQwGhl4lt9unC9Vb9INnY9Z3-ZA3-FhASLaw-- <- domutils 3.2.2
+ nodelite-2-6npJTkZcO-y2-kr-z0hc4HwNfrrP4kNYh57ek7yCNlrBjWQ1Y0OS7jiZTkgumrvkX5HkEKXFZkkdFNkaW2wmUQ-- <- @typescript-eslint/typescript-estree 6.21.0 (8.8.0 is available)
+ nodelite-2-6pBWgwTn0B-YYpoe9ajrOKcvrdGtJuptLUIVOf-0b-01YFyAd3R7cqrAQE098AXZOEVhVZnpuFKuAWrZDo-z-g-- <- @web3modal/core 5.0.0
+ nodelite-2-6qN4hJdMwfYBtE3YBTTHhoeuUrDBPZmbQaxWAqSALV-MeEnR5z1xd8UKud2RAkFoPkmB-hli1TZSnyi84xz1vQ-- <- whatwg-encoding 3.1.1
+ nodelite-2-6t3foTQI9qne-OZoVQB-8x8rk2k1eVy1gRXhV3oFQ5T6R1dqQ1xtin3XqSlx3-ATBkliTaR-hHyJBm-LVPNM8w-- <- unicode-property-aliases-ecmascript 2.1.0 (2.2.0 is available)
+ nodelite-2-6UzkCs-ejGdZ5mFFC-OCUrv028ab2fp1znZmCZjAOBKiBK2jXD1O-BPSfX8X2qjJ75fZBMSnQn3Rq2mrBJK2mw-- <- @babel/plugin-transform-react-jsx-self 7.27.1 (7.29.7 is available)
+ nodelite-2-6VdaljMpD82w6c2749Zhf5T9u5uLBWKnVue6XWxprDobftnletJ8-oel7sexFfM3qIxNmVE7LSFGTpv6obNyaQ-- <- @vue/compiler-sfc 3.5.13 (3.5.27 is available)
+ nodelite-2-6VPD0Pc1lpTqw0aKoeRTMiB-kWhAoT24PA-ksWSBrFtl5SIRVpZlwN3NNPQjehA2E-91FV3RjLWoVTglWcSV3Q-- <- @babel/plugin-syntax-optional-catch-binding 7.8.3
+ nodelite-2-6WTZ-IxCY-T6BALoZHaE4ctp9xm-Z5kY-pzYaCHRFeyVhojxlrm-46y68HA6hr0TcwEssoxNiDEUJQjfPZ-RYA-- <- debug 4.4.0 (4.4.3 is available)
+ nodelite-2-6WVLVJiTjqcQauBhn1LkICsR2H-zm62I3h9faTDKt1qP4jn2o72tSvqMwtGFKGTpojce0gJs-76eZ2uCHRZh0Q-- <- @babel/plugin-transform-json-strings 7.27.1 (8.0.1 is available)
+ nodelite-2-6XQFvXTkbfUOZOKKILFG1PDK2NDQs4azKQl26T0YS5CxqWLgXajbPZ-h4gZekJyRqFU8pvnbAbbs-3TgRPy-GQ-- <- ws 8.17.1
+ nodelite-2-7--dFhtcx3353uBaq8DDR4NuxBetBzC7ZQOhmTQInHEd6bSrXdiEyzCvG07Z44UYdLShWUyXt5M-yhz8ekcb1A-- <- shebang-regex 3.0.0
+ nodelite-2-7-HamOm5YD9Wb7CFgAZkKgVPA96WwhcTQoqtm2VTZGVbVVn3IWKRBTgrU7cchA3Q8k9iCsG8Osoi9GX4JsGM9g-- <- listhen 1.7.2 (1.9.0 is available)
+ nodelite-2-727YkEAPwSIQTv5im8QHz3upqp92JTWhidIC81Tdx4VJYIte-VndKf1qKrfnnhPLiPghStWfvC-iFaMCQu7Nqg-- <- @babel/plugin-syntax-unicode-sets-regex 7.18.6
+ nodelite-2-72fSenhMw2HZMTVHeCA9KCmpEIbzWiQsjN-BHcBbS9vr1mtt-vJjPdksIBNUmKAW8TFUDPJK5SUU3QhE9NEXDw-- <- color-name 1.1.3 (2.0.2 is available)
+ nodelite-2-733iaYzlmvNK7XYbnWlMjdE-2k0hlTBJW071af-xb6Bs-hbJqBP9c03FZuYH2hFFwDDntwj05bkri-P7VgSxug-- <- @react-native-community/cli-types 13.6.6
+ nodelite-2-73pnrUixMVnfjgldxhRi5eYLraMt95-MhQHevoFtqwy-t2hfayxYBZXJ2k6JJDld8UmjcWwq3wXnvZJCOm7vZA-- <- @algolia/client-abtesting 5.20.1 (5.57.0 is available)
+ nodelite-2-74c040CRnGhfRjr3ArnkAgud86erIqdkPHNt5HR1k9u97uTIZCJww9eGYT67Qf7gHPpGS-xW8Be1D4dvRm63FA-- <- @coinbase/wallet-sdk 4.0.4
+ nodelite-2-76ORR0DO1o1hlKwTbi-DM3EXWGf3ZJYO8cXX5RJwnul2DEg2oyoZyjLNoQM8WsvZiFKCRfC1O0J7iCvie3RZmQ-- <- stream-shift 1.0.3
+ nodelite-2-773xhDQnZBMFobEiztv8LIl70ch5MSF-jUQVlhwFyBILqq96anmoctVIYz-ZRp0qbCKATTn6ev02M3r7Ga5vqA-- <- querystring-es3 0.2.1
+ nodelite-2-77DZwxQmxKnu3aR542U-X8FypNzbfJ-C5XQDk3uWjWxn6151aIMGthWYRXTqT1E5oJvg-ljaa2OJi-VfvCOQ8w-- <- pstree.remy 1.1.8
+ nodelite-2-78-PXT1wlLLDgTzDs7sjq9hzz0vXD-zn-7wypEe4fXQxCmdmqfGsEPQxmiCSQI3ajFV91bVSsvNtrJRiW6nGng-- <- find-up 5.0.0 (7.0.0 is available)
+ nodelite-2-78lwMoCcn0nNu8LszbP1UA7g55OeE4v7rCeWnM5B453rnNr4aq-5it3FEYtZrSEiMvHZOZ9Jlqb0OD0M2VInqg-- <- string-env-interpolation 1.0.1
+ nodelite-2-7AeGuCYNGmycyQbCqd-3PWH4eOoX-OiCa0uphp57NVTeAGdJGaAliecxwBDHYQCIvrW7aDBZCYeNTP-WX69mkg-- <- pretty-format 26.6.2 (30.2.0 is available)
+ nodelite-2-7AO748wWnIhNqAuaty2ZWHkQHRSNfPVIsPIfwEOWO22AmaoVrWavlOcMR5nzTLNYvp36X220-maaRsrec1G65A-- <- locate-path 3.0.0 (7.2.0 is available)
+ nodelite-2-7Bv8RF0k6xjo7d4A-PxYLbUCfb6c-Vpd2-mB2yRDlew7Jb5hEXiCD9ibfO7wpk8i4sevK6DFny9h7EYbM3-sHg-- <- glob 10.4.5
+ nodelite-2-7d0s06rR9rYaIWHkpfLIFICM-tkSVdoPC9qYAQRpxn9DdKNWNsKC0uk--akckyLq16Tx2WIinnZ6WRriAt6njQ-- <- base-x 3.0.10 (4.0.0 is available)
+ nodelite-2-7dFHNmqeFSEt2ZBsCriorKnn3Z2pj-fd9kmI6QoWw4--DL-icEBfc0U7qJCisqrTsKTjw4fNFy2pW9OqStD84g-- <- error-ex 1.3.2 (1.3.4 is available)
+ nodelite-2-7dSzzRQ--CKnNI-krKnYRV7JKKPUXMEh61soaHKg9mrWEhzFWhFnxPxGl-69cD1Ou63C13NUPCnmIcrvqCuM6w-- <- yargs 17.7.2
+ nodelite-2-7eCC1knD7bLUPuSCwXsMZUH51O8jIcoVyKtI6P0XM0IVzlGjckPy3FIwQlorzbN0Sg79oK-RlohN32Mqf-lrYA-- <- jscodeshift 0.14.0 (17.3.0 is available)
+ nodelite-2-7EHz6qDZc8RYS5ElPoShMheWvEgERonFCs7IAonWLLUTXW59DP14bCZt89-GKyreYn8g3S83m21FelHKbeDCKA-- <- @babel/helper-replace-supers 7.27.1 (8.0.1 is available)
+ nodelite-2-7fiA521aVw8lSPeI4ZOD3vRFkoqkJcS-z4hFo82bFSH-2tNd6eJ5qCVMS5OzDmZh-kaHQeBaeyxK6wljcPtveA-- <- @babel/helper-remap-async-to-generator 7.27.1 (8.0.1 is available)
+ nodelite-2-7fm3l3NAF9WfN6W3JOmf5drwpVqX78JtoGJ3A6W0a6ZnldM41w2fV5D490psKFTpMds8TJse-eHLFFsNHHjHgg-- <- lower-case 2.0.2
+ nodelite-2-7GAFjFOg1mFSj8bnFNQS4u8u7-QtrEeflUIDVZGEfBZQ3wMNI5ycBzbBGycsZYiq00Xvoc6eKFC7kvIaqeJpUQ-- <- @react-native/community-cli-plugin 0.74.83 (0.81.5 is available)
+ nodelite-2-7gD3pRadPrbjhjLyxebmx-WrFYcuSjZ0XbdUujQMZ-fcE9oeewk2U-7PCvez84UeuK3oSjmPZ0Ch0dlupQvGzw-- <- babel-plugin-polyfill-regenerator 0.6.4 (0.6.8 is available)
+ nodelite-2-7Gps-XWymbLk2QLYK4NzpMOrYjMhdIxXuIvy2QBsLE6ljuodKvdkWs-cpyJJ3CVIVpH0Oi1Hvg1ovbMzLdFBBg-- <- file-entry-cache 6.0.1 (8.0.0 is available)
+ nodelite-2-7gqG38EyHgyP1S-7-xomFtL-ZNHcKv6DwNaCZmJmo1vgMugyF3TCnXVg4t1uk89mLNwnLtnY3TpOpCOyp1-xHQ-- <- @types/uuid 10.0.0
+ nodelite-2-7gr8p9TQP6RAHusBOSLs46F4564ZrjV8xFmw5zCmgmhGUcw2hxsShhJ6CEiHQMgPDwAQ1fWHPM0ypc4RMAig4A-- <- synckit 0.9.1
+ nodelite-2-7gswMqWBabTSmqbaNyWSmRRpStWlcCkBc73E6NZNlh4YNuiyKOwbvSkOUYFOqFMfEL-cFsXgAvr87Vz4XrYSbA-- <- @graphql-tools/graphql-file-loader 8.0.1
+ nodelite-2-7HSX4QQb4CspciLpVFwyRe79O3xsIZDDLER21kERQ71oaPodF8jL725AgJMFAYbooIqolJoRLuM81SpeUkpkvA-- <- ansi-regex 6.1.0 (6.3.0 is available)
+ nodelite-2-7hvf7-GW8e86rW0ptuwS3OcBGDjIi6SZva7hCyWC0yYry2cOPmLIjXAUHI6DK2HsnwJd9ifmt57i8eV2n4YNpw-- <- data-uri-to-buffer 6.0.2
+ nodelite-2-7iiOx3SG8-g1MnlzZVDYiaeHe7Ez2Kf2HrJzdmGwkRisT7r4rak0e655AcM-tF9JG-kg5fMNYlLLKglbN7gBqA-- <- @shikijs/engine-oniguruma 1.29.2 (3.22.0 is available)
+ nodelite-2-7iLhfFAubmpeJe-Wo2TVuDrykh-zlWXLzPNdL0Jqn-Xu8R3QQ8h9ff8FQoISZOsw74-HFqFI7NX63HN7QFIHKA-- <- @babel/plugin-transform-classes 7.27.1 (8.0.1 is available)
+ nodelite-2-7JpaAoX2NGyoFlI9NBh66BQXGONc-uE-MRS5i2iOBKuS4e-ccgMDjATgZldkah-33DakBxDHiss9kvUcGAO8UQ-- <- superstruct 1.0.4 (2.0.0 is available)
+ nodelite-2-7MptL8U0cqcFdzIzwOTHoilX9x5BrNqye7Z-LuC7kCMRio1EMSyqRK3BEAUD7sXRq4iT4AzTVuZdhgQ2TCvYLg-- <- fast-glob 3.3.3
+ nodelite-2-7ojVK-crhOaGowEO8uYWaopZzcr5rR76emgllGIfjCLR70aY4PbASpi9Pbs-7jIRzPDBBkM0RBo-zYx5UduX8Q-- <- @safe-global/safe-gateway-typescript-sdk 3.22.9
+ nodelite-2-7PGFlmtwsEADb0WYyvCMa1t-yke6daIG4Wirafur5kcf-MhUnPms1UeR0CKQdTZD81yESwMHbtn-TR-dMviakQ-- <- set-function-name 2.0.2
+ nodelite-2-7PiHtLll5LdnKIMw100I-8xJXR5gW2QwWYkT6iJva0bXitZKa-XMrSbdmg3r2Xnaidz9Qumd0VPaMrZlF9V9sA-- <- progress 2.0.3
+ nodelite-2-7rKUyy33Q1yc98pQ1DAmLtwX109F7TIfWlW1Ydo8Wl1ii1SeHieeh0HHfPeL2fMXK6z0s8ecKs9frCuLJvndBg-- <- uri-js 4.4.1
+ nodelite-2-7RUKfXgSMMkzt6ZuXmqapOurLGPPfgj6l9uRZ7lRGolvk0y2yocc35LdcxKC5PQZdn2DMqioAQ2NoWcrTKmm6g-- <- estree-walker 3.0.3
+ nodelite-2-7sWsQlYL2rGLy2IWm8WL8DCTJvYLc-qlOnsakDac87SOoCd16WLsaAMdCiAqsTNHIe-SXfaqyxyo6THoWqs8WQ-- <- browser-resolve 2.0.0
+ nodelite-2-7UvmKalWRt1wgjL1RrGxoSJW-0QZFIegpeGvZG9kjp8vrRu55XTHbwnqq2GpXm9uLbcuhxm3IqX9OB4MZR1b2A-- <- any-promise 1.3.0
+ nodelite-2-7VT13fmjotKpGipCW9JEQAusEPE-Ei8nl6-g4FBAmIm0GOOLMua9NDDo-DWp0ZAxCr3cPq5ZpBqmPAQgDda2Pw-- <- chokidar 3.6.0 (5.0.0 is available)
+ nodelite-2-7x81NCL719oNbsq-3mh-hVrAWmFuEYUqrq-Iw3kUzH8ReypT9QQ0BLoJS7-G9k6N81XjW4qHWtjWwe-9eLy1EQ-- <- open 8.4.2 (9.1.0 is available)
+ nodelite-2-7XHNxH7qX9xG5mIwxkhumTox-MIRNcOgDrxWsMt2pAr23WHp6MrRlN7FBSFpCpr-oVO0F744iUgR82nJMfG2SA-- <- function-bind 1.1.2
+ nodelite-2-7yAQpD2UMJzLi1Dqv7qFYnPbaPx7ZfFK6PiIxQ4PfkGPyNyl2Ugx-a-umUonmKqjhM4DnfbMvdX6otXq83soQQ-- <- fetch-blob 3.2.0
+ nodelite-2-7yeyCEurROLQJFv5Xj4lEGTy0borxepjFv1g22oAdqFu--SrAlDl1O1Nxx15SH1RoliUml6p8dwJW9jvZughhg-- <- append-transform 2.0.0
+ nodelite-2-7ylylesZQ-PV29jhEDl3Ufjo6ZX7gCqJr5F7PKrqc93v7fzSymt1BpwEU8nAUXs8qzzvqhbjhK5QZg6Mt-HkBg-- <- lines-and-columns 1.2.4 (2.0.4 is available)
+ nodelite-2-7ZZtznF9g4l2JCImCo5LNKFHB5eXnN39lLtLY5Tg-VkR0jwOt7TBciMckuiQIOIW7L5tkQOCh3bVGYeXgMx52Q-- <- @babel/plugin-transform-object-rest-spread 7.27.3 (8.0.1 is available)
+ nodelite-2-8-9WqebbFzpX9OR-Wa6O29asIogeRMzcGtAINdpMHHyAg10f05aSFVBbcEqGf-PXw1EjAZ-q2-bEBg3DvurK3Q-- <- argparse 2.0.1
+ nodelite-2-81NWa1njQblgZbQHxWHpxxCzNsa3ZwvFqpUg7P-NNUU6f3UU2jBEg4OlF-J6rl8-PQGh1q6-zWScd001YwcA5A-- <- @babel/parser 7.26.9 (8.0.4 is available)
+ nodelite-2-84MVSjMEHP-FQRPy3pX9sTVV-INIex71s9TL2Gm5FG-WG1SqXeKyZ0k7-blY-4FdOzI12CBy1vGc4og-eus0fw-- <- typescript 5.7.3 (6.0.0-dev.20260130 is available)
+ nodelite-2-87lcbR8-MhcWcUiQ-9e-Rwx8MyR2P7qnt15ynUlbm3TU-fjbgz4GsvfSUDTemtCCtVCqb4ZcEFlyPNTh9bBTLw-- <- randomfill 1.0.4
+ nodelite-2-88JUN06ipLwsnv-dVn-OIYOvAuvBMy-Qoi6O7mQHxdPXpjy-Cd6xRkWwux7DKO-4sYILtLBRIKgsdpS2gQc7qw-- <- hast-util-whitespace 3.0.0
+ nodelite-2-8bw4MY9WjdsD2aMtO0OzOCY3pXGYNx2d2FfHRVUKkiCPDWjKuOlhLVASS-pD7VkLTVjW268LYJHwsnPFlBpbAg-- <- text-encoding-utf-8 1.0.2
+ nodelite-2-8EbVDiu9iN-nESwxeSxDKe0dunta1GOlHufmSSXxMD2z2-tMZpDMpvXQGsc-ajGo8y2uYUmixaSRUc-QPoQ0GA-- <- sucrase 3.35.0 (3.35.1 is available)
+ nodelite-2-8guHBZCwKnFhYdHr2ysuRWErTwhoN2X8XELRlrRwpmfeY2jjuUN4taQMsULKUVo1K4DvZl-0pgfyoysHxvmvEw-- <- eventemitter3 4.0.7 (5.0.4 is available)
+ nodelite-2-8iGv75BYOa0xRJHK5vRLEjE2H-i4lulTjzpUXic3Eg8akftYjkmQDa8JARQ42rlczXyFR3IeRoeFCc7RxHsYZA-- <- superjson 2.2.1 (2.2.6 is available)
+ nodelite-2-8LS0JInaQMCRoQ7YUytAo-xUu5W2XnQxV2HI-6uM6U7CITS1RqPElr30V6uIqyMKM9lJGRVFy5-4CuzcixNYSg-- <- sentence-case 3.0.4
+ nodelite-2-8NHiL98vsi0mbPQmYAGWwfcFaOy4j2HY49fXJCfuDcdE7fMIsH9a7GdaeXpIBsbT7307WU8KCMp5pUVDNL4f9A-- <- @babel/helpers 7.26.7 (8.0.0-beta.0 is available)
+ nodelite-2-8nneRWKCg3rMtF69nLQJnOYUcbafYeFSjqkw3jCRLsqkWFlHaoQrr5mXmofFGOx3DKn7UfmBMyov8ySvLRVldA-- <- @types/node-fetch 2.6.12
+ nodelite-2-8o-5fRPLNbjbdGRRmJj3h6Hh1AQJf2dk3qQ-5ZFb-PXkRNiSoMGGUKlsgLfrxneb72axVJyIYji64E2-nNfYyw-- <- @bundled-es-modules/cookie 2.0.1
+ nodelite-2-8p0AUk4XODgIewSi0l8Epjs-EVnWiK7NoDIEGU0HhE7-ZyY8D1IMY7odu5lRrFXGg71L15KG8QrPmum45RTtdA-- <- readable-stream 2.3.8 (4.7.0 is available)
+ nodelite-2-8Q7EARjzEnKpt-PCD7e1cgUS0a6X8u5tdSiMqXhojOdoV9TsMsiO-9VLC5vAmO8N7-GmXn7yjR8qnA6bVAEzfA-- <- is-arguments 1.1.1 (1.2.0 is available)
+ nodelite-2-8q7VEgMJW4J8tcfVPy8g09NcQwZdbwFEqhe-WZkoIzjn-3TGDwtOCYtXGxA3O8tPzpczCCDgv-P2P5y00ZJOOg-- <- merge2 1.4.1
+ nodelite-2-8Qi4nQcCTbLnK9WoMjdC9NiTG6-E38RNICU6sUNqK0QFxCYgoARqVqxdFmWkdonVsvGqWhmm7MO0jyTqLqwj0Q-- <- @esbuild/linux-x64 0.24.2 (0.28.2 is available)
+ nodelite-2-8QmQKqEASLd5nx0U1B1okLElbUuuttJ-AnYmRXbbbGDWh6uS208EjD4Xqq-I9wK7u0v6O08XhTWnt5XtEbR6Dg-- <- define-properties 1.2.1
+ nodelite-2-8QxYTVXUkuy7fIIoitQkPwGonB8F3Zj8eEO8Sqg9Zv-bkI7RJAzowee4gr81Hak-dUTpA2Z7VfQgoijjPNlUZA-- <- exponential-backoff 3.1.2 (3.1.3 is available)
+ nodelite-2-8rXg1ZnX7xzy2NGDVkBVaAy-lSlPNwad13BtgSlLuxfIslyt5Vg64U7tFcCt4WS1R0hvtnQybT-IyCkGZ3DpXQ-- <- filter-obj 1.1.0 (5.1.0 is available)
+ nodelite-2-8Sb3veuYCyrZL-VBt9LJfZjLUPWVvqn8tG28VqYNFCo43KHcKuq-b4EiXGeuaLAQWL2YmyDgMp2aSpH9JHsEQg-- <- idb-keyval 6.2.1 (6.2.2 is available)
+ nodelite-2-8SFQbg-0hQ9xy3UNTB0YEnsNBbWfhf7RtnzpL7TkBiTBRfrQ9Fxcnz7VJsleJpyp6rVLvXiuORqjlHi5q-PYuA-- <- busboy 1.6.0
+ nodelite-2-8t6Q3TclQ4uZynJY9IGr2-SsIGwK9JHcO6ootkHCGA0CrQCRy-VkouYNO2xicET6b9al7QKzpebNow-gkpCL8g-- <- keyvaluestorage-interface 1.0.0
+ nodelite-2-8uSpZZocAZRBAPIEINJj3Lo9HyGitllczc27Eh5YYojjMFMn8yHMDMaUHE2Jqfq05D-wucwI4JGURyXt1vchyg-- <- execa 5.1.1 (9.6.1 is available)
+ nodelite-2-8VbfWfHLbbwu3-N6OKsOMpBdT4kXPDDB9cJk2bJ6mh9ucxdlnNvH1e-roYkKmN9Nxw2yjz7VzeO9oOz2zJ04Pw-- <- ws 8.18.0
+ nodelite-2-8vDa8Qxvr--d94hSh5P3IJwI5t8-c0KsMp-g8bNw9cY2icONa5aPfvKeieW1WlG0WQYwwhJ7mjui2xtiePQSXw-- <- decimal.js 10.5.0 (10.6.0 is available)
+ nodelite-2-8VhliFJAWRaUiVvREIiW2NXXTmHs4vMNnSzuJVhscgmGav3g9VDxLrQndI3dZZVVdp0ZO-5v0xmX516-7M9cng-- <- regex-utilities 2.3.0
+ nodelite-2-8wb9Yw966OSxApiCt0K3yNJL8pnNeIv-OEq2YMidz4FKP6nonSRoOXc80iXY4JaN2FC11B9qsNmDsm-ZOfMROA-- <- jju 1.4.0
+ nodelite-2-8XPvpAA8uyhfteu8pIvQxpJZ7SYYdpUivZpGy6sFsBuKRY-7rQGavedeB8aK-Zkyq6upMFVL-9AW6vOYzfRyLg-- <- log-symbols 4.1.0 (7.0.1 is available)
+ nodelite-2-8y-eV9QQZCiyn1SprXSrCmqJN0yNRATe-PO8ztwqrvrbdRLA3eYJF0yaR0YayLWkMbsQSKWS9N2gPcGEc4UsZg-- <- map-cache 0.2.2
+ nodelite-2-8Y75pvTYkLJW2hWQHXxoqRgV7qb9B-9vFEtidML-7koHUFapnVJAZ6cKs-Qjz5Aw3aZWHMC6u0wJE3At-nSGwA-- <- uc.micro 1.0.6 (2.1.0 is available)
+ nodelite-2-8YdplnuE1IK4xfqpf4iU7oBxnOYAc35934o083G8ao-8WM8QQtt-mVlAY6yIAdY1eMeLqg4Z--PZjJGmWGPMRg-- <- eth-block-tracker 7.1.0
+ nodelite-2-8YnDaaf7N3k-q5HnTJVuzSyLETjoZjVmHc4AeKAzOvKHEFQKcn64OKBfzHYtE9zGjctNM7V9I0MfnUVLpi7M5g-- <- dataloader 2.2.2 (2.2.3 is available)
+ nodelite-2-8Z4TGic6xW70FKThA5HYEKKyBpOOsucTOD1DjU3fZxDg-K3zBJcXMFnt-4yQiZnf5-MiOMSXQ9PaEK-Ilh1DeA-- <- @babel/plugin-transform-arrow-functions 7.27.1 (8.0.1 is available)
+ nodelite-2-8zSiw54Oxrdym50NlZ9sUusyO1Z1ZchgRLWRaK6c86XJFClyCgFKetdowBg5bKxyp-u-CDBJG4Mpp0m3HLZl9w-- <- acorn 8.13.0
+ nodelite-2-90sGdgA-QLJr1F9X79tQuEut0gEYIfkX9pydI4XGRgvFo9g2JWswefI-WUSUHPYVBHYSEfTEqBxA5hQvAZB3Mw-- <- @types/node 18.19.111 (26.4.1 is available)
+ nodelite-2-935uAjAS8UAeXThqHfYVr4HEAp6nHJ2sximZKO1RzUTq5WoALMAhhGARl0-ecm6X-cqNUwIChJbjtaa6P-ML0w-- <- @graphql-tools/import 7.0.1
+ nodelite-2-93zYdMES-c1D69yZiKDBj0V24vqNzB-koF26KPaagAfd3P-4gUlh3Dys5ogAK-Exi9QyzlD8x-08Zt7wIKcDcA-- <- @humanwhocodes/object-schema 2.0.3
+ nodelite-2-94hK0Hh8rPqQl2xXc3HsaBoOXKV20MToPkcXvwbISWLEs-64sBq5kFgn2kJDHb1Pry9yrP0dxrCI9RRci7RXKg-- <- smart-buffer 4.2.0
+ nodelite-2-96Z2IP3mYmF1Xg2cDm8f1gWGf-HUVedQ3FMifV4kG-PQ4yEP51xDtRAEfhVNt5f-uzpNkZHwWQuUcu6D6K-Ekw-- <- @adraffy/ens-normalize 1.10.1 (1.11.0 is available)
+ nodelite-2-9aEbYZ3TbYMznPdcdr3SmIrLXwC-AKZXQeCf9Pgao5CKb8CyHuEX5jzWPTkvregvhRJHcpRO6BFoGW9ycaOkYw-- <- @types/stack-utils 2.0.3
+ nodelite-2-9aeXeifnyuvc2pcuuhPQgVUwdpGEzZ-9nJu0W8-hNl-aESFsJGR5i9uQJRGu0atoNr01gK092fvmqMmQAPcKow-- <- @swc/core 1.7.14 (1.9.3 is available)
+ nodelite-2-9anThAaj1dQr6IGmzBMcfzOQKTa5artjuPmw8NYK-fiGEMjADbSguBY2FMDykt-QhilR3wc9VA-3yVju7JHg7Q-- <- @ardatan/relay-compiler 12.0.0 (12.0.3 is available)
+ nodelite-2-9BCxFwvbGg-RsZK9tjXd8s4UcwR0MWeFQ1XEKIQVVvAGJyINdrqKMcTRyLoK8Rse1GjzLV9cwjWV1olXRWEXVA-- <- @socket.io/component-emitter 3.1.2
+ nodelite-2-9by4Ij99JUr-MCFBUkDKLWK3G9HVXmabKz9U5MlIAIuvuzkiOicRYs8XJLxX-xahD-mLiiCYDqF9dKAgtzKP1A-- <- run-applescript 7.0.0 (7.1.0 is available)
+ nodelite-2-9eFvmJxIKCC3YWOL97SgRkKhlyGXkrHwamfechmqszbypFspaSk-t2jQXAEU7YClHF6Qjw5eYOmy1--zFi9-GA-- <- @walletconnect/window-metadata 1.0.0 (1.0.1 is available)
+ nodelite-2-9fkkDevMefjg0mmzWFBW8YkFP91OrizzkW3diF7CpG-S2EYdy4-TVfGwz1zeF8x7hCx1ovSPTOE9Ngib74qqUg-- <- log-update 4.0.0 (6.1.0 is available)
+ nodelite-2-9gGx6GTtCQM73BgmHQXfDmLtfjjTUDSyoxTCbp5WtoixAhfgsDirWIcVQ-IHpvI5Vgd5i-J5F7B9cN-WlVbC-w-- <- is-symbol 1.1.1
+ nodelite-2-9H4p-OuJ3jXEUTjaVGdQEhBdqoT2cO5Ts95JTFsQyawmKzpL8FnIeJSyhTDPW1MBRDnwZlHFEM9SpPwJDY5wIg-- <- @changesets/read 0.6.3 (0.6.7 is available)
+ nodelite-2-9H6YdfkcK-uOnY-K7-aA2xpzaAgkQn37yzWUMRK7OaPOqOpGS1-n0H5hxT9AUw9EsSjPW8SVyMJwYRtWs3X3ug-- <- @babel/plugin-syntax-numeric-separator 7.10.4
+ nodelite-2-9j9rnl-YCQY0IGoeipXvnk3niWicIB6kCsWRGLwX241qSXpbA4MKxtp-EdvFxsc4zI5vqfLxzOd0twIJ7I99zg-- <- @babel/plugin-transform-classes 7.25.7 (8.0.1 is available)
+ nodelite-2-9koTqyGrM2cqFRW517BPY-iEtUDx2r1-Pwwu5m7sJ7ka79wi3EyqhqcICk-yDmv6jAS1rjKgTKXlEhanYjijcA-- <- @walletconnect/window-metadata 1.0.1
+ nodelite-2-9lXugdknoIequO4OYvIjhygvfSEgnO8oASLqLelnDhkRjgBZhc39shC3QSlZuyDO9bgYSIVa2cHAiN-St3ty4w-- <- @whatwg-node/disposablestack 0.0.5
+ nodelite-2-9N9IomZ-YuGGZZmQec1MbgxtlgougxTodVwDzzEouPKo3qFWvymFHWcnDi2vzV1ff6kas9ucW-o3yzJK9YB1AQ-- <- micromark-util-sanitize-uri 2.0.1
+ nodelite-2-9o5UecI3GhkpM6DrXr69PblIuWxPKk9Y0jHBRhdocZ2y7YECBFCsHm79Pr3OyR2AvjhDkabFJaDJMYRazHgsow-- <- browser-process-hrtime 1.0.0
+ nodelite-2-9P4RG4VoDEF-yBF-n2TF12gsvT-aTaeZTVDb-AOayafqiPnmrQZMKmNCJJjq1sfdsDcHXFcZWMGsuCeSJCmrXA-- <- @walletconnect/types 2.16.1
+ nodelite-2-9p9SI5dPhJdyU-O6p1LUqi5ajDwpm6pUhutb1fBONd0GZltLFwkgWFiFtM6smxkYXlYVzw61p1kTtwqsuXO16w-- <- @graphql-codegen/cli 5.0.5
+ nodelite-2-9phl76Cqm6FhSX9Xe1ZUAMLtm1BLkKj2Qd5ApyWkXzsMRaA7dgr81kf4wJmQf-hAvg8EEyJxDo3du-0KlhPiKQ-- <- timers-browserify 2.0.12
+ nodelite-2-9QNk5KwDF-Bvz-PyObkmSYjI5ksVUYtjW7AU22r2NKcfLJcXp96hkDWU3-XndOsUb-AQ9QhfzfCT2O-CNWT5Tw-- <- symbol-tree 3.2.4
+ nodelite-2-9u-sniCrY3D5WdsERHzHE4G2YCXqoG5FTHUiCC4SIbr6XcLZBY05ya9EKjYek9O5xOAwjGq-1JdGBAS7Q9ScoA-- <- readable-stream 3.6.2 (4.7.0 is available)
+ nodelite-2-9v9kG0LvzrlcungtnJtpGNxY-fzECQKhK4EGJX2vByejiMX84MFNQw4UxPJl3bFbTMw-Dfs37XaIkCwTZfLh4g-- <- cheerio-select 2.1.0
+ nodelite-2-9YQaSxsAiSwcvS33MBk3wTCVnWK-HhF8VZR2jRxehM16QcVOdHqPn4VPHmRK4lSr38n9JriurInLcP90xsYNfQ-- <- is-date-object 1.0.5 (1.1.0 is available)
+ nodelite-2-9ywCsCvo1ojrw0b-XYk7aFvTH6D9064t0RIL1rtMf3nsa02Xw41MS7sZw216Im35xj-UY0PDBQsa1brUDDF1Ow-- <- babel-preset-fbjs 3.4.0
+ nodelite-2-9z2p5GFGCm0gBsZbi8rVMOAJCtw1WqBTIPw3ozk06gDvZInBPIsQcHgYogEJ4yuHJ-akuW8g1SEIOpTOvYs8hw-- <- @motionone/animation 10.18.0
+ nodelite-2-A3UtLk85UtqhzFqtoC8Q0KvR2GbXF3mtPgACSazajqq6A41mEQgo53iPzY4i6BwDxlIFqWIhiQ2G729n-2aw-g-- <- @radix-ui/react-portal 1.1.1 (1.1.9 is available)
+ nodelite-2-A5CUptxDsvxKJEU3yO6DuWBSJz-qizqzJKOMIfUJHETbBw-sFaDxgd6fxm1ewUaM0jZ444Fc5vC5ROYurg-4Pw-- <- xml-name-validator 3.0.0 (5.0.0 is available)
+ nodelite-2-A6p-pu-6fyBcA1TRz-GqWYPViplrftcW2gZC9q79ngNCKAeR-X3gcEdXQHl4KNXV-3wgIJ1CPkJQ3IHM6lcsyA-- <- default-browser-id 5.0.0 (5.0.1 is available)
+ nodelite-2-AA3TVj-0A2iuIoQkWEK-tqFjBq2j-6PO6Y0zJcvzLAFhEFIO3HL0vls9hWLncZbAAbK0mar7oZ4V079I-qPMxg-- <- rxjs 7.8.1 (7.8.2 is available)
+ nodelite-2-ABvovCDe-k9IluqSh4-ISoq8tIJnW8euVAWYt5j-bg6dRnqwQwiGO1F-V4AyK96NGF-FB04FhOUDuWj8IKfABA-- <- scheduler 0.24.0-canary-efb381bbf-20230505 (0.27.0 is available)
+ nodelite-2-ADd49pudM157uWHwHQPUSX4ssMsvR-yHIswOR5CUfBdK9g9ZYGMhVSE6KZVHJ6kCkR0gH4htsfzU6zECDNVwyw-- <- html-link-extractor 1.0.5
+ nodelite-2-AdEER0Hkspgno2aR97SAf6vi0y0k8NuOpGnVH3O99rcA5Q6sh8QxcngtHuJ6uXwnfAXNM4Gn1Gb7-MV1-Ymbog-- <- browserify-rsa 4.1.0 (4.1.1 is available)
+ nodelite-2-AegPzmmArOpELk9N44-BzNHKE50Fp19nfDJ-eVq8fM-yqDSlq7Gj2D1sEeZuEeXQGxgoAKNOWOlKP6IoQ--s6g-- <- @web3modal/wagmi 5.0.0
+ nodelite-2-AF3r7P5dWxL8MxyITRMlORQNaOA2IkAFaTr4k7BUumjPtRpGDTZpl0Pb1XCO6JeDCBdp126Cgs9sMxqSjgYyRg-- <- compressible 2.0.18
+ nodelite-2-AGK2yQKIjRuqnc6VkX2Xj5d-QW8xZ87pa1UK6yA6ouUyuxfHuMP6umE5QK7UmTeOAymo-Zx1Fxiuw9rVx8taHQ-- <- node-abort-controller 3.1.1
+ nodelite-2-AHcppjOH2KT0mxakrxFMOMjV-gOVMRpYvnJUkNfgF9oJ3INdVmqcMFJ5TlM8elpTPwt6A7bSp1IMnnWcxGom-Q-- <- node-email-verifier 2.0.0
+ nodelite-2-AHkaJrsUVW6wq6JS8y3JnM-GJF-9cf-k20-iDzlSaJrinEo5-7vRiteOSwBhHRiAyQATN1AmY4hwzxJKPmYf-w-- <- is-data-view 1.0.1 (1.0.2 is available)
+ nodelite-2-AiLUiuZ0FuA--8i19mTYd-re5jqjEc2jZbgJ2up0VY0Ddyyxg-uUtBDpIFAy4uzKaQxOW8gMgBdAJJ2ydhu39A-- <- @vitest/snapshot 3.0.9 (4.0.7 is available)
+ nodelite-2-AizQPcaofEtO11RZhPPHBOJRdo-20MKQF9mBLnVkBoyHi1-zXK8fzVdnEpSV9gxqtnh6Qomfp3F0xT5qP-vThw-- <- immutable 3.7.6 (5.1.9 is available)
+ nodelite-2-AjqGKbDGUFRKIRCP9tCKiIGHyriz2oHEbPIbEtcSLSs4YjReZOIPQQWek4-6hjw62H9QShXHyaGivGiYVLeYFQ-- <- graphql 16.10.0
+ nodelite-2-AKpaYlHn8t4SVbOHCy-b5-KKgvR4vrsD8vbvrbiQJps7fKDTkjkDry6ji0rUJjC0kzbNePLwzxq8iypo41qeWA-- <- base64-js 1.5.1
+ nodelite-2-AlcaJBi-pqqJBIQ8U9Mcpc9i8Aqxn88Skv5d-xBX006BY5u8N3mGLHa5Lgppa7L-HfwgwLgZ6NYs-Ag6uUmJRA-- <- bowser 2.11.0 (2.13.1 is available)
+ nodelite-2-AM6TzwYqGChO45oiuPqwL2t20-HdMC1rTPAesnBCgPCSF1x3oN9MVUwQV2iyz4xqWrctwK5RNC8LV22kaQCNYg-- <- @babel/helper-validator-identifier 7.25.7 (8.0.4 is available)
+ nodelite-2-AmE7k4dXiNKQipgn7a2xg558IRqPN3jMQY-rOsbxDhrd0tyChwbITBfiwtnqz8bi2M5mIWbxAYBvk7W7QBUS2g-- <- caniuse-lite 1.0.30001664 (1.0.30001810 is available)
+ nodelite-2-ANIvzobt1rls2BDny5fWZ3ZVKyD6nscLvfFRpQgfWsythlcsVUC9kL0zq6j2Z5z9wwp1kd7wpsD-T9qNPVLCaQ-- <- ora 8.0.1 (8.2.0 is available)
+ nodelite-2-AOIgSQCepiJYwP3ARnGx-5VnTu2HBYdzbGP45eLw1vr3zB3vZLeyed1sC9hnbcOc9-SrMyM5RPQrkGz4aS9Zow-- <- glob-parent 5.1.2 (6.0.2 is available)
+ nodelite-2-ARDJmphmdvUk6Glw7y9DQ2bFkKBHwQHLi2lsaH6PPmz-Ka9sFOBsBluozhDltWmnv9u-cF6Rt87znRTPV-yp-A-- <- uc.micro 2.1.0
+ nodelite-2-ArzcM-II1wCCujdCNyQjXrAFwS4mrLh4C7DZWlaI8mdh7h3BfKdNd3bKXITfl2PT9FtfQqaGvhi1vPRQPimjGA-- <- domain-browser 4.23.0
+ nodelite-2-ASFBup0Mz1uyiIjANan1jzLQami9z1PoYSZCiiYW2FczPbenXc45FZdBZLzOT-r6-iciuEModtmCti-hjaAk0A-- <- convert-source-map 1.9.0 (2.0.0 is available)
+ nodelite-2-ASsj-tpEDsEiFr1arWrlN6V3mdfjRMZt6LtK-Vp-kreFLnr5QH5-DhvD5nINYZXzwJvXeGq-05iUXcAzVrqWtw-- <- @types/babel__generator 7.6.8
+ nodelite-2-AURm5f0jYEOydBj7VQlVvDrjeFgthDdEF5H1dP-6mNpoXOMo1quQqJ4wvJDyRZ9-pO3kGWoOdmV08cSv2aJV6Q-- <- safe-array-concat 1.1.3 (1.1.4 is available)
+ nodelite-2-AVbw3UJ2e9bq64vSaS9Am0fje1Pa8pbGqTTsmXfaIiMpnr5DlDhfJOuLj9Sf95ZPVDAUerDfEk88MPmPe7UCQg-- <- path-is-absolute 1.0.1
+ nodelite-2-AvHcyZ5JnSfq3ioSyjrBkH9yW4m7Ayk8-9My-DD9onKeu-94fwrMocemO2QAJFAlnnDN-ZDS-ZjAR5ua1-PV-Q-- <- write-file-atomic 3.0.3 (6.0.0 is available)
+ nodelite-2-AW8PKd6iX3vAZ0vA43nOUOnbq-X5ihgU-mSXXqunMkeQADGiqw-PY0JNeYtD5sr0PAy51YPgAPbDoeapv9r8WA-- <- @repeaterjs/repeater 3.0.4
+ nodelite-2-AX3Zw5iPruN5ie6xGRIDgqkT-ZhnRlZMLMHAs8tg7nRruy2Nb-i5o9bwghAogtM08q1dpr2LVoS8KSTMYpWXUw-- <- yargs 13.3.2
+ nodelite-2-AXcZb6vzzrFAUE61HnN4mpLqd-cSIwNQjtNWR0euPm6y0iqx3G4gOXaIDdtdDwZmhwe82LA6-zinmW4UBWVePQ-- <- human-signals 5.0.0 (8.0.1 is available)
+ nodelite-2-AYnb1nQyY49te-VRAVgmzfcgjYS91mY5P0TKUDCLEM-gNnA-3T6rWITXRLYCpahpqSQbN5cE-gHpnPyXjHWxcw-- <- @types/estree 1.0.6 (1.0.9 is available)
+ nodelite-2-AZL67abkUzIuvcHqk7c09cezpGNcxUxU4Ioi-05xHk4DQeTkWmGYftIE6ctU6AEt-Gn4n1lDStOtj7FKycP71A-- <- cssstyle 2.3.0 (5.3.3 is available)
+ nodelite-2-AzqKpGKjrj7EM6rKVQEPpB288oCfnrEIuyoT9cyF4nmGa7V8Zk6f7RRqYisX8X9m-Q7bd632aZW4ky7EhbQztA-- <- shell-quote 1.8.2 (1.8.3 is available)
+ nodelite-2-B4FFZ6q-T2jhhksgkbEW3HBvWIfDW85snkQgawt07S7J5QXTk6BkNV-0yAeZrM5QpMAdYlocGoljn0sJ-WQkFw-- <- human-signals 2.1.0 (8.0.1 is available)
+ nodelite-2-B5QvO8pnk5Bqn4aIt0OukGEQn2Auk9VbHfhQb9cGwgmSCd1GlprX-Qblu4gyT5-TjHMb1Gz5UssUaZWTWbDhBg-- <- @walletconnect/universal-provider 2.13.0 (2.16.1 is available)
+ nodelite-2-B77tOZrqqfUfnVcOrUvfdLbz4pu4RopLD-4vmu3HUPswwTA8OH0EMW9BlWR2B0RCoiZRAHEUu7IxeP1Pd1UU-g-- <- parse5-htmlparser2-tree-adapter 7.0.0 (7.1.0 is available)
+ nodelite-2-B8XBPsn4vT-KJAGqDzbwztd-6Yte3P4V7iafm24bxgDe-mlRuK6xmWPuCNrKt2vDafZ8MfJLlchDG-vYafQEjQ-- <- @noble/hashes 1.7.1 (2.0.1 is available)
+ nodelite-2-BDa2VAMLSh3otEiaMJ-3Y36GU4qf6GI-VivQ-P41NC6GHcdxpKlqV0ikSZ5gdQsmS3ojXeRx5vasgNTinF0Q4g-- <- @octokit/core 5.1.0 (7.0.6 is available)
+ nodelite-2-BFi3vZnO9X5Qt6NRz7ZOaPja3ic0PhlsmCRYLOpN11-mWBCR6XJDqW5RF3j8jm4WGGQZtBA-bTfxYzeKW73eHg-- <- pac-proxy-agent 7.0.2 (7.2.0 is available)
+ nodelite-2-BGP0jRmfYyvOyvMoRX-uoUeW-GqNj9y16bPQzqAHf3AYII-tDs-jMN0dBVkl88-OZwNGwrVFxE7riHsXVfy-LQ-- <- eslint-plugin-react 7.37.4 (7.37.5 is available)
+ nodelite-2-BJ3Jy22YlgejHSO7Fvmz1kKazlaPmRSUH-4adTDUS-dKQ4wLxI-gALZ8updbaux7-m7fIlpgOZ5fp-Inq5jUAw-- <- oniguruma-to-es 3.1.0 (4.3.4 is available)
+ nodelite-2-BLI3Tl1TW3Pvl70l3yq3Y64i-awpwXqsGBYWkkqMtnbXgrMD-yj7rhW0kuEDxzJaYXGjEW5ogapKNMEKNMjibA-- <- which 2.0.2 (6.0.0 is available)
+ nodelite-2-BLq-cCO9two-lBgiTYNqD6GdtK8s4NpaWrl6-rCO9w0TUS8oJl7cmToOZfRYllKTISY6nt1U7jQ53brmKqY6BA-- <- read-pkg 3.0.0 (9.0.1 is available)
+ nodelite-2-BN22B5eaMMI9UMtjrGd5g5eCYPpCPDUy0FJXbYsaT5zYxjFOckS53SQDE3pWkVoWpHXVb3BrYcEN4Twa55B5cA-- <- word-wrap 1.2.5
+ nodelite-2-BNGbWLfd0eUPabhkXUVm0j8uuvREyTh5ovRa-dyow-BqAbZJyC-5fU-IzQOzmAKzYqYRAISoRhdQr3eIZ-PXqg-- <- vary 1.1.2

Done in 1.5s
