Progress: resolved 1, reused 0, downloaded 0, added 0
Packages: +250
++++++++++++++++++++++++++++++++++++++++++++++++++++++++++++++++++++++++++++++++
Progress: resolved 250, reused 0, downloaded 250, added 249
Progress: resolved 250, reused 0, downloaded 250, added 250, done

dependencies:
+ nodelite-2-fgVkmyiWDwmD3JbpCmB45SvvlCD6z9CG6Ie6Iere22W5aHea6oWa7EM2bpnv2Fj3I94L3VbtvX9KqwSi5aFzSg-- <- postcss-custom-selectors 6.0.3 (8.0.4 is available)
+ nodelite-2-fGxEI7-wsG9xrvdjsrlmL22OMTTiHRwAMroiEeMgq8gzoLC-PQr7RsRDSTLUg-bZAZtF-TVIkHc6-4RIKrui-Q-- <- require-directory 2.1.1
+ nodelite-2-fjzCxceMahHhi4AxUBzQqqVhuA21RJ0COaWTbIBl1PruGW1CeY97louZzLi4smpYx-CHfFPPU-CS8NybbGvPKQ-- <- @vue/reactivity 3.3.13 (3.5.27 is available)
+ nodelite-2-fmTRWbNMmsmWq6xJV8D19U-gw-bwrHfNXxrIN-HfZgnzqTHp9jOmKMhsTUjXOJnZOdZY9Q28y4yebKzqDKlxlQ-- <- d3-selection 3.0.0
+ nodelite-2-fo-QhuU3qE-2TQMQmbVMqaQ6EWbMhi4ABWP-O4AM1NqPBuy0OrApV5LO6BrrgnhtAHS2NH6RrVk9OL181tTi8A-- <- @manypkg/get-packages 1.1.3 (2.2.2 is available)
+ nodelite-2-fTAfNmxSb9SOWNB9IoG5c8Hg6R-AzUHDRlsXsDZsNp6sxAEOP0tkP3gKkNSO-qmHPoBFTxNrjDprVHDQDvo5aA-- <- @types/d3-fetch 3.0.7
+ nodelite-2-fucsC7HjXvkB5R3kTCO7kUjRdrS0BJt3M-FPxmHMBOm8JQi2BsHAHFsy27E0EolP8rp0NzXsJ-jNPyDWvOJZPA-- <- unist-util-position 5.0.0
+ nodelite-2-fXSwMQqitTGeHLBC08Eq5yXz2m37E4pJX1qAU1-2cNedz-ifv-bVXft90VeSav5nFO61EcNgwr0aJxbyPaWBPg-- <- @babel/helper-annotate-as-pure 7.27.3 (8.0.0-beta.0 is available)
+ nodelite-2-g1MWMLBiz8FKi1e4w0UyVL3w-iJceWAFBAaBnnGKOpNa5f8TLktkbre1-s6oICydWAm-HRUGTmI---xv2hvXYA-- <- json5 1.0.2 (2.2.3 is available)
+ nodelite-2-g6QUff04oZpHs0eG5p83rFLhHeV00ug-Yf9nZM6fLeUrPguBTkTQOdpAWWspMh55TZfVQDPaN3NQJfbVRAxdIw-- <- reusify 1.1.0
+ nodelite-2-g7nH6P6dyDioJogAAGprGpCtVImJhpPk-roCzdb3fIh61-s-nPsfR6onyMwkCAR-OlC3yBC0lESvUoQEAssIrw-- <- depd 2.0.0
+ nodelite-2-g9gZnnXVq7gM7v3tJCWV-qw7w-KeOlSHAhgF9RytFyifW6AF61hdT2ucrYhPq9hLs5JIryeupHV3qGk95dH9ow-- <- @types/web-bluetooth 0.0.20 (0.0.21 is available)
+ nodelite-2-g9Q1haeby36OSStwb4ntCGGGaKsaVSjQ68fBxoQcutl5fS1vuY18H3wSt3jFyFtrkx-Kz0V1G85A4MyAdDMi2Q-- <- slash 3.0.0 (5.1.0 is available)
+ nodelite-2-ga8y9v9uyeiLdpKddhxYQkxNDrfvuPrlFb0N1qnZZByvcElJaXthF1UhvCh9TLWJBEHeNtdnbysW7Y6Uq8CVng-- <- @types/prop-types 15.7.11
+ nodelite-2-gDKb8aZMDeD-tZWs9P6-q0J9Mwkdl6xMV8TjnGP3qJVJ06bdMgkbBlLU8IdfOsIsFz2BW1rNVT3XuNEl8zPAvw-- <- path-type 4.0.0 (6.0.0 is available)
+ nodelite-2-gDYaKHJmnj4aWxyj6YHyXVpdQawtVLHU5cb-eztPGczf6cjuTdwve5ZIEfgXqH4e57An1D1AKf8CZ3kYrQRqYA-- <- is-boolean-object 1.1.2 (1.2.2 is available)
+ nodelite-2-gjcpUc3clBf9-210TRaDWbf-rZZZEshZ-DlXMRCeAjp0xhTrnQsKHypIy1J3d5hKdUzj69t708EHtU8P6bUn0A-- <- os-browserify 0.3.0
+ nodelite-2-gKXj5ALrKWQLsYG9jlTRmR-xKluxHV-Z9QEwNIgCfM1-uwPMCuzVVnh5mwTd-OuBZcwSIMbqssNWRm1lE51QaQ-- <- ansi-escapes 4.3.2 (7.3.0 is available)
+ nodelite-2-gLX4YmKnZqSwkmSB9OckQUrI5VyXEYiv3J5JKZRxIp8jOQsWjZgHSG-OgEfMQBK9ibdclEdAyIPYggwXoFGXjQ-- <- @commitlint/message 20.0.0 (20.4.0 is available)
+ nodelite-2-gND-hLhnvjOKH-vQJ-llPfD4Ogde3TP4fgJUVjHk3kNF3DbBiHqYKhViH5SMamGyPhhrun4A3Mic3YQvmjVtBg-- <- @umijs/core 4.4.11 (4.7.13 is available)
+ nodelite-2-gNHloAJSyS-sKWkwvmvozZ1eHrdVTEsynWMTY6lvLGBB70gflkBQFw8drXXr1oEXY84-Vr9tOOrN8xHZLJSycA-- <- systeminformation 5.21.22 (5.33.8 is available)
+ nodelite-2-gphr-v0mv2I3Oxt19VdWRRUxq3sseyUpX9DaHpTUmLj92Y10AGy-XOtV-kbM6L-fDcpx7-ISDFK6T8A-P3lOdQ-- <- @changesets/get-dependents-graph 2.1.3 (2.1.4 is available)
+ nodelite-2-gptHNQghINnc-vTGIk0SOFGFNXw7JVrlRUtConJRlvaw6DuX0wO5Jeko9sWrMBhh-PsYAZ7oXAiOnf-UKogyiw-- <- universalify 2.0.1
+ nodelite-2-gQR3WpIgNIKwBMVLkpMUeR3e1-E1y42bqDQZfql-kDeXd8COYfM8PQA4X6y7a8u9Ua9FHmsrrmirW2vHs45hWg-- <- please-upgrade-node 3.2.0
+ nodelite-2-gsiM3G8b58kZC2HaWR50gu6Y1440cHiJ-i3JUvcp-35JchYejb2-5MVeJK0iKThYpAa-P2PYFV4hoi44HD-aHQ-- <- @chevrotain/types 11.0.3
+ nodelite-2-gUAZ7HPyb4SJczXAMUXMGAvI976JoK3qEx9v1FTmeYuJj0IBiaKttG1ydtGKdkfqWkIkouke7nG8ufGy77-Cvw-- <- array-back 6.2.2
+ nodelite-2-gv3ZRaISU3fjPAgNsriBRqGWQL6quFx04YMPW-zD8XMLsU32mhCCbfbO6KZFLjvYpCZ8zyDEgqsgf-PwPaM7GQ-- <- @jridgewell/sourcemap-codec 1.5.0 (1.6.0 is available)
+ nodelite-2-gvVijfZvn7R-2qyPX8mAuKcFGDf6Nc61GdvGafQsHL0sBIxfKzA-usWn4GFC-bk-QdwPUD4kWFJLhElipq-0VA-- <- locate-path 7.2.0
+ nodelite-2-gWGsiwjb4tw-ITOJ86ndY-DZZ6cuXMNE-SjcDRg-HLuCmwpcjOktwRF9WgAiycTqJD-QXqL2f8IzE2Rzh7aVXA-- <- @svgr/babel-plugin-svg-em-dimensions 6.5.1 (8.0.0 is available)
+ nodelite-2-h-zcD8H9kaDZ9ALUWwlBUDo6TKF8a7qBSCSEGfjTVIYeqsioSKaAX-BN7NgiMGp6iSIXZ3PxgCu8KS3b71YK5Q-- <- node-libs-browser 2.2.1
+ nodelite-2-h0OYmPR3A5Dfbetra-GzxBAzQk8sH7LhRkRUTdagX6nrtlUgJGYCTv4bBK33jsTQw9HDd8PE2x1Ma-iRKEDUsw-- <- @bloomberg/record-tuple-polyfill 0.0.4
+ nodelite-2-hBSVCvSmWC-QypYObzwGOd9wqdDpOt-0wl0KbU-R-uuZBS1jN8VsD1ss3irQDknRj5NvxiTF6oj-nDRnN-UQNw-- <- date-fns 1.30.1 (4.1.0 is available)
+ nodelite-2-hErktGR9jmoYXNWlbrwGjc8eHh09mbY6TWSTTFtnMcKaCuSMN8z-Ni5ma-8mkbVpe4CbB7V6kN1MkCg9bCx5bA-- <- is-equal 1.7.0 (1.8.0 is available)
+ nodelite-2-hFoiJiTl63nn-kstHGBtewWSKnQLpyb155KHheA1l39uvtO9nWIop1p3udqPcUd-xbF1VLMO4n7OI6p7RbngDg-- <- is-stream 2.0.1 (4.0.1 is available)
+ nodelite-2-hHrIjvZsftOsvKSn2TRYl63zvxsgE0K-0mYMoH6gD4omR5IWB2KynivBQczo3-wF1cCkjzvptnI9Q0sPU66ilw-- <- is-core-module 2.13.1
+ nodelite-2-hkDbA0Q20ZzGgpj5uZjb9rBzQtIHLS78mMilwrlpWk2Ep37DYntUz0PonQ6kr113vfOEdM-zTBuJDaceNIW0tQ-- <- @vue/compiler-ssr 3.5.17 (3.5.27 is available)
+ nodelite-2-hkRX8U1WjJFd8LsDJ2yQ-wWWxaopEsABU1XfkM8A-j0-85JAGppt16cr1Whg6KIbb4okU6Mql6BOj-uup-wKeA-- <- string_decoder 1.3.0
+ nodelite-2-hMQ4CX1p1izmuLYyZqLMO-qGNw10wSv9QDCPfzXfyFrOaCSSoRfqE1Kf1s5an66J5JZC62NewG-mK49jOCtQew-- <- external-editor 3.1.0
+ nodelite-2-hod7QZ9Kx2lDup0W1RrhJkTVUkH8tR3DWiGwzcyVCB1ArGmOzyfVUj2CyxfM3p5e1Iz8sfrc8WiArrdQtw77Jg-- <- @umijs/babel-preset-umi 4.4.11 (4.7.13 is available)
+ nodelite-2-hOS089on8RduqdbhvQ5Z37A0ESjsqz6qnRcffsMU3495FuTdqSm-7bhJ29JvIOsBDEEnan5DPu9t3To9VRlMzA-- <- readdirp 3.6.0 (5.1.1 is available)
+ nodelite-2-hov8bUuiLiyFPGyFPE1lwWhmzYbirOXQNNo40-y3zow8aFVTeyn3VWL0VFFfdNddA8S4Vf0Tc062rzyNr7Paag-- <- @types/minimist 1.2.5
+ nodelite-2-hsBTNUqQTDwkWtcdYI2i06Y-nUBEsNEDJKjWdigLvegy8kDuJAS8uRlpkkcQpyEXL0Z-pjDy5HBmMjRCJ2gq-g-- <- ignore 5.3.2 (7.0.8 is available)
+ nodelite-2-hsLVFE5SjA6TCisWeJXFKniGGOpBgMLmerfO2aCyCU5s7nJ-rpAepqmFifv-GCbSbueEeAJJnmSQ2rKC-g8Fcw-- <- spdy-transport 3.0.0
+ nodelite-2-hsU18Ae8CDTR6Kgu9DYf0EbCr-a5iGL0rytQDobUcdpYOKokk8LEjVphnXkDkgpi0wYVsqrXuP0bZxJaTqdgoA-- <- async-function 1.0.0
+ nodelite-2-hTdwr-7yYNIT5n4AMYp85KA6yw2Va0FLa3Rguvbpa4W3I5xynaBZo41cM3XM-4Q6fRMj3sBYIR1VAmZMXYJvRQ-- <- rxjs 6.6.7 (7.8.2 is available)
+ nodelite-2-hUrmaWBdVDcxvYqnyh09zunKzROWjbZTiNy8dBEjkS7ehEDQibXJ7XvlmtbwuTclUiIyN-CyXQD4Vmko8fNm8w-- <- why-is-node-running 2.3.0
+ nodelite-2-hwawtob9DryoGTpixy1D3ZXbGgJu1Rhr-ySH2PvTLHvkZuQ7sRT4oQwMh0hbqZH1weAooedEjRsbrWcGLCeyVQ-- <- @changesets/get-version-range-type 0.4.0
+ nodelite-2-i-AgxU2-A-BbJdMxh3v7-vxi2SbFqxiFmg6VsDwYB4jkucrd1BZNA9a9gphC0fYMG5IBSgQcbQnk865VCLe7xA-- <- core-js-pure 3.43.0 (3.50.0 is available)
+ nodelite-2-i-Vukt9POdS-MBI7YrrkkI5fMfwFtOjphSmt4WXYLfwqsfr6z-HdCx7LqT9M7JktGob8WNgj8nFB4TbGNE4Cog-- <- @types/node 18.19.112 (26.4.1 is available)
+ nodelite-2-i1L7noDNxtFyL5DmZafWy1wRVhGehQmzZaz1HiN5e7iylJMSZR7ekOV7NsIqa5qBldlLrsKv4HbgFUVlQrz8Mw-- <- @braintree/sanitize-url 7.1.1
+ nodelite-2-i1xevIst-Qa-nA9olDxLWnLk8YZbi8R-7JPbCMcgyWaFR6bKWaexgJgEB5oc2PKMjYdrHynyz0NY-if-H98t1w-- <- resolve-path 1.4.0
+ nodelite-2-i3eMG77UTMD0hZhgRS562pv83RC6ukSAC2GMNWc-9dieh--jDM5u5YG-NHX6VNDRHQcHwmsTHctP9LhbC3WxVw-- <- ts-api-utils 1.4.3 (2.5.0 is available)
+ nodelite-2-i9TNZlsq4uoyqSbluIcZkmPL9Bfi3djVxRnofUHwvx-h6SRW3cwgBC5SML7vsDcWyukY0eCzVN980rqP6qNl9g-- <- @shikijs/themes 1.29.2 (3.22.0 is available)
+ nodelite-2-iAK2GaBM8sPFTSwtagI67HrLKHIUxQc2BgpgNc-UMNme6LfmtHpIxQoN1TbP-X1iz58jq32HL1GbrFTCzcMi6g-- <- @commitlint/load 20.2.0 (20.4.0 is available)
+ nodelite-2-iCuPHDFgrHX7H2vEI-5xpz07zSHB00TpugqhmYtVmMO6518mCuRMoOYFldEBl0g187ufozdaHgWKcYFb61qGiA-- <- brace-expansion 1.1.11 (5.0.9 is available)
+ nodelite-2-iDf05JDQ7I0b7JEA-9IektxN-80a2MZ1ToohfmNS3rfeuQnIKI3IJlIafD0xu4StbtQTghx9T3Maa97ytkXenQ-- <- @algolia/autocomplete-shared 1.17.9
+ nodelite-2-iDStzcT1FJMzx-TjCOK--uDugSe-Mif-8a-T0htydQ3qkJGvSweTZpVYz4hpJH0baloSPiAFQdA8WslAgJphvQ-- <- is-arrow-function 2.0.3
+ nodelite-2-if-YTJw1G3nDKL2omSBjQltCHUQzbaHADkcPQrGFnIGhVyHU3Dzq4g46uEv8mrL5sxL8FjiS9LvekeUlL2NRqw-- <- @algolia/client-query-suggestions 5.32.0 (5.57.0 is available)
+ nodelite-2-ii4iagi25WusVoiC4B4lq7pbXfAp3D9v5CwfkY33vffw2-pkDjY1D8GaN7spsxvCSx8dkPqOZCEZyfxcmJG2IA-- <- ripemd160 2.0.2 (2.0.3 is available)
+ nodelite-2-iKE9w-Z7xCzUMIZqdBsp6pEQvwuEebH4vdpjcDWnyzaI6yl6O9FHvVpmGelvEHNsoY6wGblkxR6Zty-h00WiSA-- <- safe-push-apply 1.0.0
+ nodelite-2-iKEoDYaRmd1mxM90a2OEfWhjsjPpYPuQ-lMYsoxB126-t8fw7ySEO48nmDg5COTjxDI65-Y2OWpeEHk3ZOe8zg-- <- check-error 1.0.3 (2.1.3 is available)
+ nodelite-2-imAbBGkb-ebQyxKgzv5Hu2nmROxoDOXHh80evxdoXNOrvAnVx7zimzc1Oo5h9RlfV4vPXaE2iM5pOFbvOCClWA-- <- @jridgewell/gen-mapping 0.3.8
+ nodelite-2-iNEZv4IrLYPv64Q6k7EPpOCE-nuvGiKl7zxdq0WFuRPF5PAE9PRo2JGq-d8crLusM59BRemJ4eOqrFrC4wiQ-A-- <- @shikijs/engine-javascript 1.29.2 (3.22.0 is available)
+ nodelite-2-iO90scth9WAbmgv7ogoq57O9YpKmFBbmoEoCHDB2xMBY0--KVrqAaCDyCE16dUspeOvIxFFRI-0sEtqDqy2b4A-- <- @types/d3-color 3.1.3
+ nodelite-2-iPAjerrse27-ygGLxw-EBR9agv9Y6uLeYVJMu-QNCoouJ1-1ri0mGrcWpfCqFZuzzx3WjtwxG098X-n4OuRkPg-- <- is-set 2.0.3
+ nodelite-2-iPZK6eYjbxRu3uB4-WZ3EsEIMJFMqAoopl3R-zuq0UjcAm-MO6KCweDgPfP3elTztoKP3KtnVHxTn2NHBSDVUw-- <- locate-path 6.0.0 (7.2.0 is available)
+ nodelite-2-iqMC4-YlFCSlO8-2Ii1GGGliCAY4XdeG748w5vQUbevlbDu0zSjH--jojorQVBK-se0j6DUFNPBGSqD3YWYnDw-- <- @types/d3-zoom 3.0.8
+ nodelite-2-iRDPJKUPVEND7dHPO8rkbOnPpyDygcDFtWjpeWNCgy8WP2rXcxXL8TskReQl6OrB2G7-UJrags1q15Fudc7G6w-- <- cross-spawn 7.0.3 (7.0.6 is available)
+ nodelite-2-itvL5h8RETACmOTFc4UfIyB2RfEHi71Ax6E-PivVxq9NseKbOWpeyHEOIbmAw1rs8Ak0VursQNww7lf7YtUwzg-- <- cosmiconfig 9.0.0
+ nodelite-2-iUVJc3c0o8l9Sa-qlDL2Z9UP92UZZW1-EmQ4xfjTc1akr0iUFZNfxrXJ-R1T90h-ILm9iXEY6-iPrmYB3pXKjw-- <- @rollup/rollup-linux-x64-gnu 4.44.0
+ nodelite-2-iwksMs5Bf-wUItfcg-OXrEpravm5rEd9Bf4oyIPL4kVTmJQ7PNDSd6MDYkpSJR1pn7tz-k8Zf2DhTCqX08Ou-Q-- <- @changesets/parse 0.4.1 (0.4.3 is available)
+ nodelite-2-iWMJgwkK7yTRmWqRB5plb1kadXyQ5Sj8V-zYlFGMUBbIPKQScw-Dku9cAAMgJG-z5GYDoMjWGLVOvjghDEFnKQ-- <- @types/d3-scale-chromatic 3.1.0
+ nodelite-2-iXR3tDXpbnTpzjKSylUJRkLuOrEC7hwEB221cgn6wtF8wpmz28puFXAEfPT5zrjM3wahygB--VuWEr1vTkDcNQ-- <- wrap-ansi 3.0.1 (9.0.2 is available)
+ nodelite-2-iYSchDJ-liQ8iwbSI2QqsQOvqv58eJCEanyJPJi-Khyu8smkcKSFUCbPwzFcL7YVtZ6eONjqRX-38caJ7QjRAQ-- <- keygrip 1.1.0
+ nodelite-2-j3fVLgvTo527anyYyJOGTYJbG-vnnQYvE0m5mmkc1TK-nxAppkCLMIL0aZ4dblVCNoGShhm-kzE4ZUykBoMg4g-- <- ajv 6.12.6 (8.9.0 is available)
+ nodelite-2-j5EctnkH7amfV-q5Hgmoal1g2QHFJRraOtmx0JpIqkxhBhI-lJSl1nMpQ45hVarwNETOoWEimndZ4QK0RHxuxQ-- <- mimic-response 1.0.1 (4.0.0 is available)
+ nodelite-2-j6vWzfrGVfyXxge-O0x5sh6cvxAog0a-4Rdd2K36zCMV5eJ---tOAngRO8cODMNWbVRdVlmGZQL2YS3yR8bIUA-- <- es-set-tostringtag 2.1.0
+ nodelite-2-jCBs-0plmPsOnrKAfFQXRG2NFjlhZgjjcBLSmTnEhU8U6vVTsVe8ANeQJCHTl3gSsI4J-0emOoCgoKlmQPMgmA-- <- object.entries 1.1.7 (1.1.9 is available)
+ nodelite-2-jcOanIbv55OFKQ3sYeFD-T0Ti7AMXc9nM1hZWu8m-2722gOTxFg7xYu4RDLJLeZmPUVQlGzo4jhzvTUq3x4ZUw-- <- @csstools/postcss-normalize-display-values 1.0.1 (4.0.0 is available)
+ nodelite-2-jEQoCwk8hyb2AZziIOLhDqpm5-2ww5uIE6lkO-6jcOCusfk6LhMHpXXfBLXTZ7Ydyt0j4VoUQv6uGNYbdW-kBA-- <- es-module-lexer 1.7.0 (2.3.2 is available)
+ nodelite-2-jf84uxzwiuiIVKiOLpfYk7N46TSy8ubTonmneY9vrpHNAnp0QBt2BxWV9dO3-j-BoVAb-a5G6YDPW3M5HOdMWQ-- <- mimic-fn 1.2.0 (4.0.0 is available)
+ nodelite-2-jgsaNduz-ndvGyFt3uSuWqvy4lCnIJiovtouQN5JZHOKCS2QuhEdbcQHFhVksz2N2U9hXJo8odG7ETyWlEeuDw-- <- assertion-error 1.1.0 (2.0.1 is available)
+ nodelite-2-jhIXaOzy1sb8IyocaruWSn1TjmnBVs8Ayhcy83rmxNJ8q2uWKCAj3CnJY-KpGSXCueAPc0i05kVvVKtP1t9S3g-- <- globby 11.1.0
+ nodelite-2-ji9qxRnOVfcuLDySj9qzhGSEFVobyt1kIOSkj1qZzYLzq7Tos-oUUWvotUPQLlrsidqsK6tBH89Bc9kL5zHA6w-- <- stable 0.1.8
+ nodelite-2-jmYNElW7yvO7TV33CjSmvSiE2yco3bV2czu-OzDKdMNVZQWfxCblURLhf-47syQRBntjfLdd-H0egrzIG-oaFQ-- <- punycode 1.4.1 (2.3.1 is available)
+ nodelite-2-jnjyiM6eRyZl2H-W8Q-zLMA481hzi0eszAaBUzIVnmYVDBbnLxVNnfu1HgEBvCbL-71FrxMl3E6lpKH7Ge3OXA-- <- domain-browser 1.2.0 (4.23.0 is available)
+ nodelite-2-jqYfLp7mo9vIyQf8ykW2v7A-2N4QjeCeI5-Dz9XraiO1ign81wjiH7Fb9vSOWvQfNtmSa4H2RoQTrrXivdUZmw-- <- for-each 0.3.3 (0.3.5 is available)
+ nodelite-2-jRCJlojKnZ3addtTOjdIqoRuPEKBvNXcGYqzO6zWZX8KfKEpnGY5jfggJQ3EjKuu8D4bJRr0y-cYJFmYbImXGw-- <- tmp 0.0.33 (0.2.7 is available)
+ nodelite-2-jRDZ1IMLttGj41KcZvlrYAaI3CfqpLpfpf-Mfig13viT6NKvRzWZ-lXz0Y5D60w6uJIBAOGq9mSHf0gktF0duw-- <- vfile-message 4.0.2 (4.0.3 is available)
+ nodelite-2-jsEjy9l3yiXEQ-PsXdmBwEPcOxaXWLspKdplFUVI9vq1iZgIekeC0L167qeu86czQaxed3q-Uzuw0swL0irL8A-- <- is-generator-function 1.0.10 (1.1.2 is available)
+ nodelite-2-jttmRe7bRse52OsWIMDLaXxWqRAmtIUccAQ3garviCqJjafXOfNMO0yMfNpdD6zbGaTU0P5Nz7e7gAT6cKmJRw-- <- lodash.truncate 4.4.2
+ nodelite-2-jyH7wtcHiKssDtFPRB-iQdxlDf96m0E39yb0k5uJVhFGleZFoNw1c4aeIcVUPPbXUVJ94wwnMOAqUHyzoEPVMA-- <- @webassemblyjs/helper-buffer 1.14.1
+ nodelite-2-jyIBLdskjPAL7T1g57UMfUNx-PzvYbxKslwRUKBrBA6sNEsYCFdxJAtZSLUMmw6MC98RDt4ksmEl5zVMT5bsuw-- <- @algolia/recommend 5.32.0 (5.57.0 is available)
+ nodelite-2-jZVI-s9Zg3IqA-kdi0i6UDCybUI3aSBLnglhYbSSjKlV7yF1F-5LWv8MakQmvYpnbJDS6fcBL2KzHSxNCMtWSQ-- <- babel-plugin-dynamic-import-node 2.3.3
+ nodelite-2-k-vGaX4-Yla3WzyMCvTQOXYeIHvqOKtnqBduzTHpzpQZzAskKMhZ2K-EnBiSM9zGSoIFeMpXKxa4dYeZIQqewQ-- <- inherits 2.0.4
+ nodelite-2-k107IF4-Xr7UHjwDc7Cfd6PRQfbdkiRabXGRjo07b4WyPahFBZCZ1sE-BNxYIJPPg73UkfOsVOLwqVc-6ETrIA-- <- @types/semver 7.7.0 (7.8.0 is available)
+ nodelite-2-k1U0IRzLMo7ZlYIfzRu23Oh6MiIFasgpb9X76eqfFZAqwH44UI4KTBvBYIZ1dSL9ZzChTB9ShHfLkR4pdW5krQ-- <- is-number-object 1.0.7 (1.1.1 is available)
+ nodelite-2-k3kNe0aNFQDAZGbin48pL2VNidTF0w4-eASDsxlyspobzU3wZQLOGj7L9gfRe0Jo9-4uud09DsjFNH7winGv8Q-- <- postcss-modules-extract-imports 3.1.0
+ nodelite-2-k92I-b08q4wvFscXCLvqfsHCrjrF7yiXsQuIVvVE7N82W3-aqpzuUdBbfhWcy-FZR3-4IgflMgKLOsvPDrGCJA-- <- inflight 1.0.6
+ nodelite-2-kBH3IYPMb-iAXnrxIhXnW-gXV8OTzCu8VPDqvcDHW9SQrbkHmqPQtiZwrltNmSq6-lpipHnT7k7PsjlVD7kK0w-- <- koa-bodyparser 4.4.1
+ nodelite-2-kbpaSSGJTWdAY5KPVeMOKXSrPtr8C8C7wodJbcsd51jRnmD-GZu8Y0VoU6Dm5Z4vWr0Ig-1NKuWRKf7j5aaYSg-- <- onetime 5.1.2 (7.0.0 is available)
+ nodelite-2-kdf4JKs8lbARxWdp7RKdNzoJBhGUcIalSYibuGyHJbmk40pOysQ0-QPvlkCOICOivDWU2IJo2rkrxyTK2AH4fw-- <- traverse 0.6.6 (0.6.7 is available)
+ nodelite-2-kDKJ8yTarxwxGJDInG33hOpaQRZ--XpNuuznQ-1Mscypw6kappzFmrBr2dOYave--K7JHouoANF354UpbEQw0Q-- <- @umijs/case-sensitive-paths-webpack-plugin 1.0.1
+ nodelite-2-kFjcSNhnlGV1kyoGk7OXKSawH5JOb-LzUc5w9B02hOTO0dfFRjbHQKvg1d6cf3HbeUmtU9VbbV3qzZ2Teh97WQ-- <- has-tostringtag 1.0.0 (1.0.2 is available)
+ nodelite-2-kGaNbPh1k7AFzgpud-gMdvIm5xuECykRR-JnWKQno9TAXVa6WIVCGTPvYGekIDL4uwCZQSYbUxNBSb1aUo79oA-- <- @types/mdast 4.0.4
+ nodelite-2-kHxr2zZpYtdmrN1qDjrrX-Z1rR1kG8Dx-gkpK1G4eXmvXswmcE1hTWBWYUzlraYw1-yZp6YuDY77YtvbN0dmDA-- <- shebang-command 2.0.0
+ nodelite-2-ki1-VuRIHFCzxWNrsshHYPs6L7TvLu3DL-TyIGEsRcvVERmxokbf5Gdk7mFxZnTdiGtnA4cfSmjZJMviqSuZrQ-- <- cytoscape-fcose 2.2.0
+ nodelite-2-kig-rMn-QOVRvr7c86gQ8lWXq-Hkv6CbAH1hLu-RG338StTpE8Z0b44SDVaqVu7HGKf27frdmUYEs9hTUX-cLQ-- <- html-entities 2.6.0
+ nodelite-2-kKlNACbvHrkpIw6oPeYDSmdCTu2hdMHoyXLTcUKala--lx5Y-wjJ-e474Jqv5abnVmwxw08DiTuHmw69lJGksA-- <- wordwrapjs 4.0.1
+ nodelite-2-kmCevFghRiWM7HB5zTPULl4r9bVFSWjz62MhqizDGUrq2NWuNMQyuv4tHHoKJHs69M-MF64lEcHdYIocrdWQYA-- <- ansi-styles 2.2.1 (6.2.3 is available)
+ nodelite-2-kmK5nVkKb4DSUgwbveMKe4X3xHdMsPsOVJeEzBvFJ-oS7CkBPmpfHAEq-CcmiPJs20YMv6yVtUT9yPWL5WgAhg-- <- @algolia/client-search 5.32.0 (5.57.0 is available)
+ nodelite-2-kNOjDqAh7px0XWNI-4QbzoiR-nTkHAWNud2uvnJquD1-x5a7EQZMJT0AczqK0Qn67oY-TTQ1LbUKajZpp3I9tQ-- <- atomic-sleep 1.0.0
+ nodelite-2-knxG2q4UC3u8stRGyAVJCOdxFmv5DZiRcdlIaAQXAbSfJya-OhopNotLQrstBhququ4ZpuKbDc-8S6mgXgPFPw-- <- is-unicode-supported 0.1.0 (2.1.0 is available)
+ nodelite-2-kpA6FsLra-NqcFnL81TnsU-Z7orGtDTxcOhl6pwXeEq1yFPpRMkCDpHhrz8CFQDr-Wfm0jLiNQ1OsGGPjlqPwA-- <- postcss-env-function 4.0.6
+ nodelite-2-kpkQIM20n3oLVBKGg6oHrUchHM3xODkTzjMoj7aWQFq5QEM-R6E4WkzT5-tojDY7yjez8KgCBRoj4aEr99Fdqw-- <- d3-fetch 3.0.1
+ nodelite-2-kPSSXE6De1XOR820C90RIo2ogvZG-c3KiHzqUoO-F34Y2shGzesfqv7o57xrxovZJH-MetF5UjroJ-R-3isoiw-- <- @webassemblyjs/wast-printer 1.14.1
+ nodelite-2-kqag-Nl-f3GwyK25fhUMYj81BUOrZ9IuJsjIcDE5icNM9FJHAVm3VcUDxdLPoQtTuUylWm6ZIknYJwwaPxsUzg-- <- diffie-hellman 5.0.3
+ nodelite-2-kRj8B-YHZCc9kQYdWfJB2-oUl9rA99qbowYYBtr4ui4mZyAQ2JpvVBd-6U2YloATfqBhBTSMhTpgBHtU0Mf3Rg-- <- trim-lines 3.0.1
+ nodelite-2-ksWePWBloaWPxJYQ8TL0JHvtci6G5QTKwQ95RcWAa-lzoAKuAOflGdAK92hpHXjkwb8zLxoLNUoNYZgVsaJzvQ-- <- callsites 2.0.0 (3.1.0 is available)
+ nodelite-2-kUNnecmtkunAoQ3CnjmMkzNU-gtxG8guhi-Fk2U-kOpIKjIMKnXGp4IJCgQJrXSgMsWYimYG4TGjz-UzbGEBTw-- <- @types/parse5 5.0.3 (6.0.3 is available)
+ nodelite-2-kuonw1YOYYNOve5iHdSahXPOK49GqwA-LZhI6Wz-l0rP57iKyXXIHaRagOBHAPmGwJC6od2Z9zgvZ5loSgMlVg-- <- sonic-boom 2.8.0 (4.2.0 is available)
+ nodelite-2-kvRdxDsxZjhzUX07ZnLydzS1TU-TJlTUHHY4YLL87e37oUA49DfkLqgy-VjFocowy29cKvcSiu-kIv728jTTVg-- <- is-regex 1.1.4 (1.2.1 is available)
+ nodelite-2-kVscqXk4OCp68SZ0dkgEKVi6-8ij300KBWTJq32P-dYeWTSwK41WyTxalN1eRmA5Z9UU-LX9D7FWSmV9SAYx6g-- <- esutils 2.0.3
+ nodelite-2-kYYoOGjvNQAmHDS1v5sBj-0uEL9RzYqH-TAdq8wmcV--22weKt-fjh-6LfiqkS1SCZFYYrwGnirrUhUM36lBIQ-- <- @algolia/monitoring 1.32.0 (1.57.0 is available)
+ nodelite-2-l-rmw2STIscWi7SNJp708FK4Kofs97zc-5aEPQh4bOsReD-8ICuBcEmS7KGwDj5ODQLYWVN2lNibKJL1z5b-Lw-- <- @vue/reactivity 3.5.17 (3.5.27 is available)
+ nodelite-2-l37HkrPZ2DZy26rKiTUvdq-LZtlMcxz-PeLv9dzK9NzoFGuJdOQyYU7IEkEQj0pO--uYue89wzOpZ0hcTtoqUA-- <- @commitlint/cli 20.2.0 (20.4.1 is available)
+ nodelite-2-l3BikUxvPOcn5E74dZiq5BGsTb5yEwhaTSzccU6t4sDOH8NWJCstKO5QT2CvtFoK6F0saL7p9xHAqHOlCPJygA-- <- source-map 0.7.4 (0.8.0-beta.0 is available)
+ nodelite-2-l3LCuF6MgDNwTDKkdYGEihYjt5pRPbEg46rtlmnSPlUbgmB8LOIrKJbYYFBSbnPaJexMKtiPO8hmeRjRz2Td-A-- <- has-symbols 1.0.3 (1.1.0 is available)
+ nodelite-2-l4RyHgRqGN4Y3-9JHVrNqO-tN0rV5My76uW5-nuO4K1b6vw5G8d-cmFjP9tRfEsdhZNt0IFdZuK-c2Vr4Nb-Qg-- <- is-obj 1.0.1 (3.0.0 is available)
+ nodelite-2-l4Sp-DRseor9wL6EvV2-TuQn63dMkPjZ-sp9XkghTEbV9KlPS1xUsZ3u7-IQO4wxtcFB4bgpQPRcR3QCvezPcQ-- <- wrappy 1.0.2
+ nodelite-2-lCQNpV8R4lgsGcjX5667UiuDLk2micCtjtxR1YKbBXvN5w2v-FeLYoHrTSSrjwXdMcDYvE4ZBPvKT31dfeSmmA-- <- @mermaid-js/parser 0.6.1 (0.6.3 is available)
+ nodelite-2-lDB5YccMydFBtasVtxnZ3MRBHuaoE8GKsppq-EchKL2U4nK-DmEpPHNH8MZe5HkMtpSiTSOZwfN0tzYjO-lJEw-- <- internmap 1.0.1 (2.0.3 is available)
+ nodelite-2-lfjY4HcixfQXOfaqCvcBuOIapyaroTXhbkfJN3gcB1OtyupngWK4sEET9Knd0cXd28kTUqu-kHoV4HKSJdnjiQ-- <- string.prototype.trim 1.2.8 (1.2.9 is available)
+ nodelite-2-lhd-wF-Lk98HZoTCtlVraHtfh5XYijIjalXck7saUtuanSDyLMxnHhSXEDJqHxD7msR8D0uCmqlkwjCV8xvwHw-- <- fast-json-stable-stringify 2.1.0
+ nodelite-2-lJxZYlT4DW-bRUtFh1MQIWqmLwQfAxnqWG4HhEdjMlkrJYnJn0Jrr2u3mgxqaWsdiBc76TYkTG-mhrnYTuzfHw-- <- npm-run-path 2.0.2 (6.0.0 is available)
+ nodelite-2-lks-lVC8dgGyh97jxvxeYTWQFvh4uw4yC12gVl63Cg30sjPX4wuGcdkICVXDAESr6OJGjqGA8Iz5mkeN6zlD7A-- <- http-errors 1.6.3 (2.0.1 is available)
+ nodelite-2-lkX1HJXwyMcprw-5YUZc2s7DrpAiHB21-V-E1rHUrVNokkvB6bqMzT0VfV6-86ZNabt1k14YOIaT7nDvOX3Iiw-- <- glob-to-regexp 0.4.1
+ nodelite-2-lNaJgI-2Q5URQBkccEKHTQOPaXdUxnZZElQTZY0MFUAuaEqe1E-Nyvgdz-aIyNi6Z9MzO5dv1H8n58-GELp3-w-- <- once 1.4.0
+ nodelite-2-lqjrjmaOoAnWfMmBPL-XNnynZh2-swxiX3WUE0s4yEHI6m-AwrK2UZOimIRl3X-4QctVqS8AiZjFqyOGrMXb-w-- <- nth-check 2.1.1
+ nodelite-2-lRfVq8fE8gz6QMBuDM6a-LO3IAzTi05H6gCVaUpir2E1Rwpo4ZUog45KpNXKC-Mn3Yb9UDuHumeFTo9iV-D9FQ-- <- unicorn-magic 0.1.0 (0.3.0 is available)
+ nodelite-2-lwOnNBH2e7x1fIIbVT7yF5D-YWhqELm55-4ZKf45R9T8r9dE2AIOy8HKjfqzGsoTHFbWbr337O4E0A0QADnjBg-- <- @vue/devtools-api 7.7.7 (8.0.5 is available)
+ nodelite-2-lyuxPGr-Wfhrlem2CL-UcnUc1zcqKAImBDzukY7Y5F-yQiNdko6-fRLevlw1HgMySw7f611UIY408EtxRSoK3Q-- <- loose-envify 1.4.0
+ nodelite-2-lZhclumE1G6VYD8VHe35wFaIif-CTy5SJIi5-3y4psDgWu4wPDoBhF8NxUOinEc7pHgiTsT6MaBb92rKhhD-Xw-- <- is-number-object 1.1.1
+ nodelite-2-lZXZ9ckh5R8uiFVt8ogUNf-pIrK4EsWrx2Np75WvF-eTpJ0FMHNhjXk8CKEx--gpHbNQyJWehbFaTvqmHWB3ww-- <- @types/d3 7.4.3
+ nodelite-2-m6F1R3z8jjlf2imQHS2Qez5sjKWQzbuuhuJ-FKYFRZvPE3PuHcSMVZzfsLhGVOkfd20obL5SWEBew5ShlquNxg-- <- jsonfile 4.0.0 (6.2.1 is available)
+ nodelite-2-m7pOT6CdLN7FuXUcpuz-8lfQ-L77x8SchHCF4G0RBTJO20Wzmhn5Sp4-5WsKy8OSpifBSUrmg83qEqaDHdyFuQ-- <- co-body 6.1.0
+ nodelite-2-m8lERkkQj-uek18hXOZuec3W-fCRTrU4hrnXjH3qhHy96ytuPaPiWGgu7sJb7tZxZonO75vYAjCvpe-e4VUwRw-- <- @types/chai-subset 1.3.6
+ nodelite-2-m9jZstCVaqGjTAuny8MdgE88scJnCiQSlSrOWcTQgM2t32UBe-MUmFSO5t7VMSfAf-FJKImAxBav8ooCHJXCJA-- <- postcss-modules-scope 3.2.1
+ nodelite-2-mb1bvRJN8SVznADSGWM9u-b07H7Ecg0I3OgXDuLdn307rl-J3A9YD6-eYOssqhecL27hK1IPZAsaqh00i-Jljg-- <- vscode-languageserver-protocol 3.17.5
+ nodelite-2-mb5FOZYZIkRQ6s-NWnM98k879vu5pscWqTLubLFBO87igYYT4VzVazh4h5o-zCvTIZgEt3PvsCOMOswOUo9yHQ-- <- @docsearch/react 3.9.0
+ nodelite-2-mBPG9BZy4dMOJQ9BehU6ph8IKslvVppbqZ8APHnpfP-Hsx-hGow5PY46lSQL1vPPi1F5XTtO6p3GcH8O9c0cUg-- <- ansi-escape-sequences 6.2.2
+ nodelite-2-mdjtIZ1XLAM8bm-hx3WwjfHt6Sggek7qH043O8KEjDXN40xi3vx-6pYSVTwLjEgiXQTbvaouWKynLBiUZ6SK6A-- <- d3-delaunay 6.0.4
+ nodelite-2-mEugaLK-YfkijB4fx0e6kImuJdCIt2LxCRcbEYPqRGCs4F2ogyfZU5IAZRdjCP8JPq2AtdNoC-Dux63d9Kiryg-- <- select-hose 2.0.0
+ nodelite-2-mf-TCx8wWc9VpuxfP2ht0iSISLZnt0JgWlrOKZiNqyUZWnjIaCIVNQArMHnCZKfEYRg6IM7A-NeJoN8gf-Ws0A-- <- create-ecdh 4.0.4
+ nodelite-2-mfcwb6IzQyOKTs84CQMrOwW4gQcaTOAWJ0zzJCl2WSPDrWk-OzDaImWFH3djXhb24g4eudZfLRozAvPGw4d9hQ-- <- is-weakset 2.0.4
+ nodelite-2-mg3OPMV4hXywwpoDxu3Qda5xCKQi-vCTZq8S9J-EpkhB2HzKXq4SNFZE3-NK93JYxc8VMSep-lOUSC-RVKaBqw-- <- esbuild 0.21.5 (0.28.2 is available)
+ nodelite-2-mgfd93RhzjYBUHHV532turHC2j4l-qxsF-PbfDmprHDEUHmNZGlDn1CEsulGK3AfsPdhkWzZQT-S-k0UGhLGsA-- <- @types/execa 0.9.0
+ nodelite-2-mgLPETlrpVV1YRJIglr4Ez47g7Yxjl1lj7YKsiMCb27VJH9W8NVM6Bb9d8kkpG-uAQS5AmbA48q2IAolKKo1MA-- <- @types/d3-interpolate 3.0.4
+ nodelite-2-mki5uBvhHzO8kYYix-WRy2WX8S3B5wdVSc9D6KcU5lQNglP2yt58-VfLuAK49glRXChosY8ap2oJ1qgma3GUVA-- <- @manypkg/find-root 1.1.0 (2.2.3 is available)
+ nodelite-2-mKnC-QJ9pWVzv-C4-U3rRsHapFfHvQFoFB92e52xeyGMcX6-OlIl78je1u8vePzYZSkkogMPJ2yjxxsb89cxyw-- <- lodash-es 4.17.21 (4.18.1 is available)
+ nodelite-2-mlGER3Aqmq7bqR1tTTIVHq8KSAFFRyGbrxuM8C-H82g6k7r2fS-IMEkIu3D7JHzG10NvPdR8DNx0jr0pwpp4dA-- <- @types/vfile-message 1.0.1 (2.0.0 is available)
+ nodelite-2-mmPrW0Fh2fxOzdBbFv4g1m6pR72haFLPJ2G5SJEELf1y-iaQrDG6cWCPjy54RHYbZAt7X-ls690Kw62AdWXBzQ-- <- log-symbols 1.0.2 (7.0.1 is available)
+ nodelite-2-mo5j5X-jIZmJQveBKeS-clAueipV7KgiX1vMgCxam1RNYiqE1w62n0-tJJnHtjW8ZHcQco5gY85jA3mi0L-nSA-- <- @jest/schemas 29.6.3 (30.5.0 is available)
+ nodelite-2-mQw-2fkQbALzQ7V0MY0IqdnXNOeTtP4r0lN9z7AAawCXgqea7bDii20AYrIBrFd-Hx0M2Ocz6S111CaFkUcb0Q-- <- events 3.3.0
+ nodelite-2-mrqyZKfX5EhL7hvqcV6WG1yYjnjeuYDzDhhcAAUrq8Po85NBQBJP-ZDUT75qZQ98IkUoBqdkExkukOU7Ts2wrw-- <- json-parse-better-errors 1.0.2
+ nodelite-2-mT8iDcrh03qDGRRmoA2hmBJnxpllMR-0-0qlzjqZES6NdiWDcZkCNAk4rPFZ9Q85r27unkiNNg8ZOiwZXBHwcA-- <- chardet 0.7.0 (2.2.0 is available)
+ nodelite-2-mUDecIJeH3yYGZs2a48k-pbhM6JYwWlgjs2Ca5f2n1G2-kgdgP9D-07oglEGf6mRyXEnazhEENeYTSNDRCwdqA-- <- @rushstack/rig-package 0.5.2 (0.7.3 is available)
+ nodelite-2-muE8Tt8M22638HU31A3CgfSUciwz1fhATfoVai05aPXGor--CdWDCbnlY1yvBPo07njuVOCNGCSp-GTt12lIug-- <- @babel/helpers 7.27.6 (8.0.0-beta.0 is available)
+ nodelite-2-mX3qW3idpueT2klaQXBzrIM-pHw-T0B-V9KHEvNrqijTq9NFnMZU6oreVxDYcf33P8a5cW-67PjodNHthGnNVg-- <- fork-ts-checker-webpack-plugin 8.0.0 (9.1.0 is available)
+ nodelite-2-n-ShnvDi6FHbbVfviro-WojiFzv-s8MPMHBczVePfUpDJLwoLT0ht1l4YwBCbi8pJAveEEdnkHyPyTP-mzRfwg-- <- string_decoder 1.1.1 (1.3.0 is available)
+ nodelite-2-n4DSx829VRTRByMRGdjQ9iqsN0Bh4OolPsFnaZBLcbi8iXcB-kJ9s7EnRt4wILZNV3kPLHkRVfOc-HvhC3ovDw-- <- bn.js 4.12.2 (5.2.5 is available)
+ nodelite-2-n4ZT37wG78iz03xPRKJrHTdZbe3IicyucEtdRsV5yglwc3GyUfbAfpSeD0FJ41NbUNSt5wbhqfp1fS-BgnvDFQ-- <- is-bigint 1.1.0
+ nodelite-2-n6QBF9--XASqcKK6waudgL0pf-S5XHPPI8APyMLLUHd8NqouBGLsU8MgtO7NINGtPBtk9Kko-W4ea0oAspwh9g-- <- @types/d3-dsv 3.0.7
+ nodelite-2-nagl3RYrbNv6kQkeJIpt6NJZy8twLB-2vtz6yN9Z4vRKHN4-QZJIEbqohALSgwKdnksuY3k5Addp5lg8sVoVcQ-- <- ecdsa-sig-formatter 1.0.11
+ nodelite-2-nawMob9cb-G1J98nb8v3VC-E8rcX1rryUYXVZ69aT9kde6YWX-uvNOEHY5yf2gcWcTJGiD0kqXmCnS3oD75GIA-- <- lint-staged 9.5.0
+ nodelite-2-nAYYwfY3qnzX30IkA6AQZjVbtK6duGontcQm1WSG1MD94YLqK0515GNApXkoxKOWMusVssAHWLh9SeaoefYFGw-- <- typed-array-buffer 1.0.3
+ nodelite-2-nBF-F1rAZVCu-p7rjzgA-Yb4lfYXrpl7a6VmJrU8wF9I1CKvP-QwPNZHnOlwbTkY6dvtFIzFMSyQXbLoTQPRpA-- <- get-stream 5.2.0 (9.0.1 is available)
+ nodelite-2-nc0Axzp-0FILLEVsm4fNwLCwMttvhEI263QtVPQcbpfZZ3ts0hLsZGOpE6czNlid7CJ9MlyH8reXkpsf3YUY4w-- <- acorn 8.11.2
+ nodelite-2-ndfJ-JxxMd3nw31uyKoY2naivF-r29V-Lc0svZxe1JvvIRmi8hUsrMvdOwgS1o6uBHmiz91geQ0ylPP0aj1VUA-- <- d3-timer 3.0.1
+ nodelite-2-nDywThFk1i4BQK4twPQ6TA4RT8bDY96yeuCVBWL3ePARCiEKDRSrNGbFIgUJpLp-XeIR65v8ra7WuJOFUBtkMA-- <- pkg-up 3.1.0
+ nodelite-2-nFR0zLpU2YCaRxwoCJvL6UvCH2JFyFVIvwTLsIf21AuHlMskA1hhTdk-LlYJtOlYt9v6dvszD2BGRqBL-iQK9Q-- <- glob 7.2.3 (9.3.5 is available)
+ nodelite-2-nH60IZNNxEcrh6L1ZSMNA28rj27ut-2ZmI3r96Zd-1jrZD--zD3LsMIjWlvg4AYrHn-Pqz4CF3veCxGjtbqt7A-- <- @types/d3-brush 3.0.6
+ nodelite-2-nJpJgsdA3dA9y5pgyb-UfEzE7W5Ka7u0CX0-HIMVBNWzWemdcTH3XwANECU6anWv-ao4vVNLTMxhiPNZsTK6iA-- <- @csstools/postcss-oklab-function 1.1.1 (4.0.7 is available)
+ nodelite-2-njXuliz-cP-67jU2hukkxCNuH1yUi4QfdZZY-sMr5PPrIyXSu5iTb-qYC4BiWWB0vZ-7TbdvYUCeL23zpwCfbg-- <- shiki 1.29.2 (3.22.0 is available)
+ nodelite-2-nK28WOo-QIjBkDduTINE4JkF-UJJKyf2EJxvJKfblDpyg0Q-pkOHNTL0Qwy6NP6FhE-EnzV73BxxqcJaXY9anw-- <- object.assign 4.1.7
+ nodelite-2-nlBMJ9x6n7-Amaz6F3zJ97EBwR2FkzhBRxF5e-jE6LA3yi6Wtc2lyTij1OnDMIr34v5g-tVQtsVAzhT0jc5ygA-- <- vite-node 0.34.6 (3.2.4 is available)
+ nodelite-2-nLo2DCRC9eE4w2JmuKgVA3fGL3d01kGq752pVALF68qpGLmx2Qrk91QTKkdUqqp45T1K1XV8IhQpcu1hoAQflQ-- <- postcss-color-hex-alpha 8.0.4 (9.0.4 is available)
+ nodelite-2-nMZBOwuzabUO0nLgIcc6rycZEebF6eeUfaiQx9-WSk8e29IbLvPU9feI6tqW4kTo3hvoYAJkMh8n8D0fuISphg-- <- vue-demi 0.14.10
+ nodelite-2-nOqH59deCq9SRHlxq1Aw85Jnt4w6KvLKqWVik6oA9ZklXLNIOlqg4F2yrT1MVaTjAqvVwdfeZ7w7aCvJD7ugkw-- <- string-width 2.1.1 (8.1.0 is available)
+ nodelite-2-nPUB5km40q9e8UfN-Zc24eLlzdSf9OfKByBw9CIdw4H1giPMeA0OIJvbchsCu4npfI2QcMVBsGEBHKZ7wLTWmQ-- <- is-generator-function 1.1.0 (1.1.2 is available)
+ nodelite-2-nQhsBRmM19Ax5xEIPLMY9ZmJ-cDvd1BG3UVvt5h3WRxKg5zGRbvnteTyWAbzeSvlh3tW7ZEmq4VwR5mB3tutmQ-- <- d3-sankey 0.12.3
+ nodelite-2-nQTTcUu-ATDbrSD1BZHr5kgSD4oF8OFjxun8uAaL8RwPBacGBNPf-yAuVVdx17N8XNzRDMrZ9XcKZHCjPW-9ew-- <- react-error-overlay 6.0.9
+ nodelite-2-nt-N2dzIutVRxARx1nghPKGv1xHikU7HKdfafKkLNLindmPU-ch3U31NOCGGA-dmPcmb1VlofO0vnKAcsm0o-Q-- <- whatwg-mimetype 3.0.0 (5.0.0 is available)
+ nodelite-2-nTjqfcBFEipKdXCv4YDQWCfmcLZKm81ldF0pAopTvyrFGVbcR6P-VAAd5G7N-0tTr8QqiU0tFadD6FK4NtJwOA-- <- content-type 1.0.5
+ nodelite-2-nuBEDgQfm1ccRp-8bCQrx1frohyufl4JlbMMZ4P1wpeOfDhF6FQkxZJ1b-e-PLwr6X1Nhw6OLme5usuBWYBvuQ-- <- @webassemblyjs/ast 1.14.1
+ nodelite-2-nWJ91DjeOkej-TA8pXQ3myruKpKEYgqvpw9lz4OPHj-NWFNluYrjbz9j01CJ8yKQd2g4jFoOkINCTW2I5LEEyw-- <- unbox-primitive 1.1.0
+ nodelite-2-nwoRF1rvRRnnCqqY7updORDsuqKzqYJ28-oSMaJMMgOauh3fvwHqMS7EZpIPqK8GL-g9mKxF1vP-ZjSeNjEVHg-- <- css-select 5.1.0 (6.0.0 is available)
+ nodelite-2-nX6hmklHs-gr2FuxYDltq8fJA1GDlxKQCz8O-IM4atRqBH8OORmBNgfvW5gG10GT-qQ9u0CzIvr2X5Pkt6ntqg-- <- stream-browserify 2.0.2 (3.0.0 is available)
+ nodelite-2-o-GRqxKrnd8b-BHvqqqCTq9ZN-9caO56EX1RvSoDSHlSgV5JiDdE-Uyu1GYaNSK0409yMgHsXjZlnJeFIwYzCg-- <- father 4.5.6
+ nodelite-2-o5Roy6tNG4SL-FOkCAN6RzjiakZS25RLYFrcMttJqbdd8BWrnA-fGz57iN5Pb06pvBGvl5gQ0B48dJlslXvoTg-- <- argparse 1.0.10 (2.0.1 is available)
+ nodelite-2-oaMBel6gjolK862uaPQOVTA7q3TZhuSvuMQAAglQDOWYO9A91IrAOUJEyKVlqJlHE0vq5p5UXxzdPfMH-x6xNg-- <- dayjs 1.11.13
+ nodelite-2-oCwdVC7mTuWiPyjLUz-COz5TLk6wgp0RCsN-wHZ2Ekneac9w8uuV0njcbbie2ME-Vs-d6duwmYuR3HgQXs1fOg-- <- url 0.11.4
+ nodelite-2-oeVtt7eWQS-Na6F--S4kJ2K2VbRlS9D43mAlMyVpVWovy9o-jfgH8O9agzANzaiLjclA0oYzUXEM4PurhSUChw-- <- stackframe 1.3.4
+ nodelite-2-oGB-UxlgWcgQkgwo8GcEGwemoTFt3FIO9ababBmaGwXIoBKZ-GTy0pP185beGg7Llih-NSHSV2XAs1lnznocSg-- <- @nodelib/fs.walk 1.2.8 (3.0.1 is available)
+ nodelite-2-oIPzksmTg4-MriiaYGO-okXDT7ztn-w3Eptv--gSIdMdKsJo0u4CfYNFJPy-4SKMuCqGw2wxnA-URMg3t8a-bQ-- <- deep-is 0.1.4
+ nodelite-2-oj87CgZICdulUohogVAR7AjlC0327U4el4L6eAvOqCeudMDVU0NThNaV-b9Df4dXgSP1gXMTnPdhfe-2qDH5cg-- <- prop-types 15.8.1
+ nodelite-2-ojmeN0qd-y0jszEtoY48r0Peq5dwMEkIlCOu6Q5f41lfkswXuKtYrhgoTpLnyIcHm24Uhqx-5Tqm2InSwLhE6Q-- <- path-key 3.1.1 (4.0.0 is available)
+ nodelite-2-oK59njMyw2y3yxto1BCfVK7MQp-OYf4FleHu0RgosH3riFJ1aOuo-7naLDLAObfrgn3ueFhw5sAT-cp0QuJI3Q-- <- find-babel-config 1.2.2 (2.1.2 is available)
+ nodelite-2-okFlQcoGTi4LQBG-PgSYblw9VOyptsz2KJZqc6qtgGdes8VktzUQkj4BI2blit072iS8VODNcMA-tvnS9dnuMA-- <- to-arraybuffer 1.0.1
+ nodelite-2-oKlSFMcMwpUg2ednkhQ454wfWiU-ul3CkJe-PEHcTKuiX6RpbehUiFMXu13HalGZxfUwCQzZG747YXBn1im9ww-- <- call-bind 1.0.8 (1.0.9 is available)
+ nodelite-2-okMH7OXXJ7YrN9Ok3-SXrnu4iX9yOk-25nqX4imS2npuvTYDmo-QEZoqwZkYaIDk3jVvBOTOIEgEhaLOynBS9g-- <- js-yaml 3.14.1 (5.4.1 is available)
+ nodelite-2-oKnbhFyRIXpUuez8iBMmyEa4nbj4IOQyuhc-wy9kY7-WVPcwIO9VA668Pu8RkO7-0G76SLROeyw9CpQ061i4mA-- <- chalk 4.1.2 (5.6.2 is available)
+ nodelite-2-oKWePCxqpd6FlLvGV1VU0x7bkPmmCNolxzjMf4NczoDnQcIWrAF-cPtZn5i6n-RfD2d9i0tzpKnG6Yk168yIyw-- <- resolve 1.22.8 (2.0.0-next.7 is available)
+ nodelite-2-omvZKf8ixP9z6GWgwbtmP9qQMPX4ODXi-wzbVZgomNFsUIlHA1sf4fThdwTWSsZGgvGAG6yE-b-F5gWUkcZ-iQ-- <- @svgr/plugin-svgo 6.5.1 (8.1.0 is available)
+ nodelite-2-oNcu2QbHqts9BtOWJosOVJapWjBDSxGCpFvikNR5TGDYDQf3JwpIoMzIKrvfoti93cLfPJEG4tH9SPVeyCGgdA-- <- @babel/traverse 7.27.4 (8.0.4 is available)
+ nodelite-2-ooEGc6HP26xXq-N-GCGOT0JKCLDGrq2bQUZrQ7gyrJiZANJ-8YDTxTpQBXGMn-WbIQXNVpyWymm7KYVICQnyOg-- <- end-of-stream 1.4.5
+ nodelite-2-oOMFT8vmCTFncsF1engrs04jatz8-Anwx3De9uxnOK4chgSEgWBvFtpSoJo8u3784JNO-ql5tzRR6phHoRnscQ-- <- @types/hapi__joi 17.1.9
+ nodelite-2-oruZaFkjorTpF32kDSI5-75ViwGeZginGGy2NoOSg3Q9bnwlnmDm4HLnkl0RE3n-njDXR037aY1-x58Z-zFdwQ-- <- espree 9.6.1
+ nodelite-2-oRXApq54ETRj4eMiFzGnHWGy-zo5raudjuxN0b8H7s-RU2oW0Wvsx9O0ACRN-kRq9E8Vu-ReskGB5o3ji-FzHQ-- <- fs-extra 10.1.0
+ nodelite-2-oSXzaWypCMHkPC3NvBEaPHf0KsA5mvPrOPgQWDsbg8n7orZ290M0BmC-jgRZ4vcJ6DTAhjrsSYgdsW-F-MFOBA-- <- lodash.isplainobject 4.0.6
+ nodelite-2-ot0WnXS9fgdkgIcePe6RHNk1WA8-muPa6cSjeR3V8K27q9BB1rTE3R1p7Hv0z1ZyAc8s6Vvv8DIyWf681MAt0w-- <- supports-preserve-symlinks-flag 1.0.0
+ nodelite-2-otYl-ylHK8Y9bcBnPLo3foYFLL6a6Ak-3EQBPOTR7luMYCOsiVTUk1iLvNf6tVPNGXcoL9Hoz37kpfriRIFb4A-- <- postcss-overflow-shorthand 3.0.4 (6.0.0 is available)
+ nodelite-2-oUzyO1-Zm6rsxKRHA1vH0NEDG58HrT5icx-azi9MF1TWdtttWl0UIUsjEQBBh-SIkrpd21ZjEv7ptxWys1ncsg-- <- @types/d3-quadtree 3.0.6
+ nodelite-2-oVlzkg3ENAhCk2zdv7IJwd-QUD4z2RxRwpkcGY8psCVcCYZNq4wYnVWALHM-brtuJjePWiYF-ClmuDr8Ch5-kg-- <- on-finished 2.4.1
+ nodelite-2-oWnydGH0bBauhXvh5KXUy61xr9gKaMbtsMHk40IK9M4gMuKPJ342tKFarY0eQ6jef8906m35q37wwA8DMZOm5Q-- <- @vue/reactivity-transform 3.3.13
+ nodelite-2-oxVHkHR-EJf2CNXnWxRLW6mg7JyCCUcG0DtEGmL2ctUo1PNTin1PUil-r--4r5MpVgC-fn1kjsx7mjSujKqIpw-- <- keyv 4.5.4 (5.6.0 is available)
+ nodelite-2-oy9-hTPCUFpngkEZUSzbf9MxI65wbKFoQYsgPdILTfbUldp5ovUuphZVe4i30emU9M-kP-T64Di0mxl7dSw3MA-- <- @typescript-eslint/eslint-plugin 6.21.0 (8.8.0 is available)
+ nodelite-2-oyyPpiMaKARvvcgip-JV-7zci5L8D1W9RZIz2l1o08AM3pfspitVWnPt3mzHcBPp12oYMTy0pqrFs-C-m3EwsQ-- <- onetime 2.0.1 (7.0.0 is available)
+ nodelite-2-p1diW6TqL9L07nNxvRMM7hMMw4c5XOo-1ibL4aAIGmSAt9slTE1Xgw5KWuof2uTOvCg9BY7ZRi-GaF-7sfgPeQ-- <- typescript 5.8.3 (6.0.0-dev.20260130 is available)
+ nodelite-2-p32cOF5q0Zqs9uBiONKYLm6BClCoBCM5O9JfeUSlnQLBTxYdTK-pW-nXflm8UkKd2UYlEbYz5qEi0JuZR9ckSw-- <- asn1.js 4.10.1 (5.4.1 is available)
+ nodelite-2-p3EcsicXjit7SaskXHs1hA91QxgTw46Fv6EFKKGS5DRFLD8yKnohjF3hxoju94b-OcMZoQukzpPpBE9uLVKzgQ-- <- is-typed-array 1.1.15
+ nodelite-2-p3KP5HCf-bvjBSSKuXid6Zqijx7wIfNW-J-maPs-iwR35at5JCbLUT0LzF1cnjbCHWhqzQTIN2Jpe8pRebIEFQ-- <- d3-path 3.1.0
+ nodelite-2-p41ogyeMUrw3jWclHWTQg1k05DSVXPLcVxRTYsXUk-ZooOCZLcoYgPZ-HL-D-N-uQPOtcp1me1WhBEaX02mhWg-- <- whatwg-encoding 2.0.0 (3.1.1 is available)
+ nodelite-2-p92if5Nz619I0w-akJrLZH0MX0Pb5DX39XOwQTtXSdQQOaYH03S1uIQp4mhOZtAXrxq4ViO67YTiLBo2638o9A-- <- entities 2.2.0 (8.0.0 is available)
+ nodelite-2-pb-MYmXstAkysRFx8piNI1tGFNQIFA3vkE3Gq4EuA1dF6gHp--vgZqsCGJapvy8N3Q-4o7FwvquPJcnZ7RYy4g-- <- resolve-from 4.0.0 (5.0.0 is available)
+ nodelite-2-pbnl5XzGBdrFU-wT4jqmJVPn2B6UHPBOhzMQkY-SPUPB6QtUXtmBHBIwCbXJol93mOpGMnQyP--BB19q04xj7g-- <- better-path-resolve 1.0.0
+ nodelite-2-pDo3lu8Jhfjqls6GkMgpahsF9kCyayhgykjyLMNFTKWrpVdAQtYyB4muAMWozBB4ig-dtWAmsMxLEI8wuz-DYQ-- <- lodash.isequal 4.5.0
+ nodelite-2-pGjwhsmsp4kL2RTz08wcOlGN83otlqHeD-Z5T8GXZB--YcpQ-dgo-lbU8ZsGxV0HIvqqxo9l7mqYwyYMD9bKDg-- <- detect-libc 1.0.3 (2.1.2 is available)
+ nodelite-2-pgRc4hJ4-sNjWCSS9AmnS40x3bNMDTknHgL5UaMBTMyJnU90EgWh1Rz-MC9eFu4BuN-UwZjKQuY-1v3rM7HMfg-- <- set-function-length 1.2.2
+ nodelite-2-pGxkuVEInwLHgkNxUc4sdg4g3py7zUeCQ9sMfwyHAT-Ezk8a4OaaVZ8lIY5-oNqA-BXXgLyXv0-5wHP68R79hg-- <- postcss-color-rebeccapurple 7.1.1 (9.0.3 is available)
+ nodelite-2-pjy2bYhSsufwWlKwPc-l3cN7-wuJlK6uz0YdJEOlQDbl6jo-YlPi4mb8agUkVC8BF7V8NuzeyPNqRksA3hztKQ-- <- unpipe 1.0.0
+ nodelite-2-pk2B1NWalF9toCRu6gjBzR69syFjP4Od8WRAX-0mmf9lAjCRicLOWc-ZrxZHx-0XRjotgkF9t6iaMJ-aXcOdZQ-- <- @types/istanbul-reports 3.0.4
+ nodelite-2-pN-yOAvcC-5rQ5nERGuwrjLlYvLTbCibnZ1I7B1LaiAz9BRBlE9GMgE-eqV30P7aJQUf7Ddimy-RsbYO-GrVGg-- <- schema-utils 3.3.0 (4.3.3 is available)
+ nodelite-2-promo4eFwuiW-TfGxhi-0x3czqTYJkG8qB17ZUJiVF10Xm7NLVRSLUsfRTU-6h1e24VvRnXCx-hG7li58lkzog-- <- @types/markdown-it 14.1.2
+ nodelite-2-pWbUJLdETVA8lQNJecMxoXfH6x-mO2UQo8rSmZ-QqxcbyA3hfeprFgIT--HW2nlHChWeIIMwS2Fq-gEARkhTkg-- <- d3-drag 3.0.0
+ nodelite-2-pwDnDspTqtTo2HwfLw4Rp6yywuuBdYnPYDq-mO38ZYKGebCUQC-nVj-PXSiK9HX5otxLz8Fn7ECPbjiRz2CC3g-- <- @vueuse/metadata 11.3.0 (14.2.0 is available)
+ nodelite-2-pYeijfZuBd87T0hGn0FO1vQ-cgLk6E1ALJjfkC0oJ8cbwkZl3TpgS8bVBLZN-2jjGgg38epgxb2zmoGtSfvgMw-- <- @types/d3-axis 3.0.6
+ nodelite-2-q1b3N5QkRUWUl7iyylaaj3kOpIT0N2i9MqIEQXP73GVsN9cw3fdx8X63cEmWhJGi2PPCF23Ijp7ktmd39rawIA-- <- rfdc 1.4.1
+ nodelite-2-q5W7tVM71e2xjHZTlgfTDoPF-SmqKG5hddq9SzR49CH2hayqRKJtQ4mtRlSxKaJlR--9rEM-mnBHf7I2-BQcpQ-- <- ts-dedent 2.2.0
+ nodelite-2-q5XPytqFEIKHkGdiMIrY10mvLRvnQh42--GoBlFW3b2LXLE2xxJpZFdm94we0BaoV3RwJyGqg5wS7epxTv0Zvw-- <- side-channel 1.0.4 (1.1.1 is available)

Done in 1.7s
