Progress: resolved 1, reused 0, downloaded 0, added 0
Packages: +250
++++++++++++++++++++++++++++++++++++++++++++++++++++++++++++++++++++++++++++++++
Progress: resolved 250, reused 0, downloaded 248, added 230
Progress: resolved 250, reused 0, downloaded 250, added 250, done

dependencies:
+ nodelite-2-evOr8xfXKxE6qSR0hSXL2r3sd7ALj8-7jQEUvPYcm5sgZFdJ-AYzT6yNmJenvIYQBgIGwfwz08sL8zoL7yq2BA-- <- is-core-module 2.16.2
+ nodelite-2-ewrXRDTAqAXlkl6t-fkXWNAhFX9I-CkKlw6zjEwk86RSPKwZr3xpBRso655aqYafwtnbpHLj6toFzmd6xdVptQ-- <- @radix-ui/react-use-size 1.1.1
+ nodelite-2-ewwFzHzrrneRjxzmK6oVz-rZn9VWspGFRDb4-rRtIsM1n36t9AKma-ye8syCpcw-XJ25kOK-hOG7t1j2I2yBqA-- <- dompurify 2.4.1 (3.3.1 is available)
+ nodelite-2-ey8Ls--Di31eqzUxC46h8MksNuGx-n0AAC8uKpwFau4RPDYLuE3EXTp8N8G2vX2N7UC--IXeNUnlWBGGcAG-Ig-- <- prism-react-renderer 2.4.1
+ nodelite-2-eybk3TjzzzV97Dlj5c-XrBFW57eTNhzod66y9HrBlzJ6NsCrWCp-2kaPS3K9wJmurBC0Tdw4yPjXKZqlznim3Q-- <- @rolldown/pluginutils 1.0.0-rc.3
+ nodelite-2-eyokjOwYd0Q8RnMHri-8-FS1HIrIUKK-sRrFp8c1dThUOfNeCWbLmBP1P5VsKdvmkd25JaH-OKYwEYiAYg9YAA-- <- @swc/jest 0.2.39
+ nodelite-2-eyrF0jiFpY-3drT6383f1qhkbGsLSifNAjA61IUjZjmLCWjItY6LB9ft9YhoDgwfmclB2zhu51Lc7-95b8NRAg-- <- ccount 2.0.1
+ nodelite-2-f-ZeWvW-BCXbhGEf1Ujp29EASo-lk1FDnETgNKwJrsVvGZhUWCZyg3xLJjAsxfOmt8KjswHmI5EwCQcPMpOYhQ-- <- elkjs 0.9.3
+ nodelite-2-f0FFpIdcHgn8zcPSbf1dRevwt047YMnaiJM3u2w2RewrB-fob-zePZcrOyQoLMMO7aBIddLcQIEK5dYjkLnGrQ-- <- ts-node 10.9.2
+ nodelite-2-f2domd9fsVDFtaFcbaRZuYXwtdmnzqbADSwhSWYxYB-Q8zsdUUFMXVRwXGDMWmbEzAn1kdRrtI1T-KTFOL4X2A-- <- copy-concurrently 1.0.5
+ nodelite-2-f2LZMYl1Fzu7YSBKg-RoROelpOaNrcGmE9AZubeDfrCEia483oW4MI4VyFd5VNHIgQ-7qm1I0wUHK1eJnn2y2w-- <- entities 1.1.2 (8.0.0 is available)
+ nodelite-2-f3qQ9oQy9j2AhBe-H9VC91wLmKBCCU-gDOnKNAYG5hswO7BLKj09Hc5HYNz9cGI--xlpDCIgDaitVs03ATR84Q-- <- fast-deep-equal 3.1.3
+ nodelite-2-f6jwjhBJcDtpeauT2xH01gnqadKEySwwt1qNBLvAXcnojkmb76EdqRt05Ym8IamfHGAQz2qMKAwftnyjeSoHAA-- <- jotai 2.8.4
+ nodelite-2-f6PiYeqXQ05lYq3TIfIDu-MtliKUbNwkGApPUvyo6-tc7uaR4cPjPe7DFPr15Uyycg2lZU6btZ575CuQoYh7MQ-- <- @babel/plugin-transform-new-target 7.27.1 (8.0.1 is available)
+ nodelite-2-f7ccFPK3SXFHpx15UIGyRJ-FJQctuKZ0zVuN3frBo4HnK3cay9VEW0R6yPYFHC0AgqhukPzKjq22t5DmAyqGyw-- <- flat-cache 4.0.1 (6.1.7 is available)
+ nodelite-2-f8lTJm4LKirX-45xsFhuRNjA4f46QVLQKfGoNH7e2AEWS-24eM4XNH4pQ8Tw2LISCIvbST-wNcLdtgvgcqVaxA-- <- optjs 3.2.2
+ nodelite-2-fa0Z6P8HUrQN4BZaX05SIVXic-7kE3b05PWAtPuYP9QLHsLKYR7-AlLW3NtOrpXRLeawpDLMsVkmk5DG0NXgWw-- <- vfile-message 3.1.4 (4.0.3 is available)
+ nodelite-2-fa46-tv1Ak0UPK1TOy-pZrIybNNt4HCv7SDzwyfiOZkvZLEbjsZkJBPtDHVshZjbecAoAGSC20MjLDG-qr679g-- <- glob 10.3.10
+ nodelite-2-fALi2aI6shfg7vM5KiR1wNJnZ7r6UuggVqtDA-xiEdPZQwy-trcQaHnwShLuLdta2rTymCNpxYTiMZX-e09F4g-- <- @types/d3-format 3.0.4
+ nodelite-2-famxyD5emrGGpFuUlgOP6fVW2h-ZaF405G5KDi3zPHzyjAWys-8W6NAVJtNbkCkhedmvL0xOhvt8feGXyXaw5w-- <- @react-types/shared 3.32.1
+ nodelite-2-fb2KdAYg6RkrQGlqaIi4wdqz3oa0S4zKNBJlbnJbNOwa23-9FLD6oPVx9zUGqCSIpy-HIpOeqXrg0Kzwh-Ii4A-- <- slate-hyperscript 0.100.0
+ nodelite-2-fBASbA6LnOU9dOU2eW7aQ8xmYBSXUIWr-UmF9b1efZBazGNO-rcXT-icdKnYm2pTwcRylVUYwW7H1PHfLekVzA-- <- react-lifecycles-compat 3.0.4
+ nodelite-2-fBJKiV7F2DxZUkg5EtHKXQdbsbURW3DZKQUWphDum0uRP6eHGGa-He9mc0mypL680pb-e-lDIthRohlv8NCHkg-- <- @babel/plugin-transform-template-literals 7.27.1 (8.0.1 is available)
+ nodelite-2-fC6QCp7Sc5sX6g8Tvbmj4XUTbyrik0akgRy03yjXbQaBWWNWGE7SGtJk98m0N8nzegD-7SggrUlivxo5ax4KWQ-- <- @jest/types 26.6.2 (30.5.1 is available)
+ nodelite-2-fC8SRT8MwoaXDK8G4z5biPEbqf2WyEJUb2MJ2ftSd39-UIlsnoZxLGux-lae0poLZO4AEcx6aUVOh5bV-P8zFA-- <- isomorphic-git 1.36.1
+ nodelite-2-fCqPIfOcLE-CGqGPd66c8bZpwAji98tZ4JI9i-mlTNTlsIWslCfpg48s-ypyLxZTump5sypjrKn2-kY7q8oAbA-- <- @azure/logger 1.3.0
+ nodelite-2-fcVap4QwqmzQwQK9QU3keeEpCzTjnP9NJ171vI7GnD7nbkAIcP9biZhDUx88uRH9BabSsQDS0unUps88uZvFIQ-- <- @smithy/fetch-http-handler 5.3.7 (5.3.9 is available)
+ nodelite-2-fDLfuP71IPNP5-zSfxFb52OHgtjZvauRJWbVnpzQ7G7BjcbLjTny0OW1d3ZO806XKpLWNKmeeW3MhE0sy8iwYQ-- <- @naoak/workerize-transferable 0.1.0
+ nodelite-2-fdPKAcujuvEChxDBJ5c-0BTaS6revLV7CJL08e4m3de8qJfNIuCc2nc7XJYOjBoTMJeqSmwXJ0ypE14RCjLwaw-- <- @babel/plugin-transform-numeric-separator 7.27.1 (8.0.1 is available)
+ nodelite-2-fEArFiwf1BpQ-4bXSprcDc3-x4HSzL4al2tozwVpDFpsxALjLYdyiIK4e5Vz66GQJIbXJ82-35PtysofptNX2w-- <- jest-changed-files 29.7.0 (30.2.0 is available)
+ nodelite-2-fEHGKCSmUSDPv4uoj8AlD-joPlq3peND-HRYyxFz4KPw4z926S-b8rIuFs2FYJg3BwsxJf6A9-3eIdLaYC-9Dw-- <- path-key 2.0.1 (4.0.0 is available)
+ nodelite-2-fEo41GmsOUhOBlw8ioo6zvjX5Xc2Lqkzlyfqbpsk3eB6TReV18uhxZ0esfEokVbY2-PVJAQHNKxER6lGrzNd3A-- <- @babel/plugin-transform-new-target 7.29.7 (8.0.1 is available)
+ nodelite-2-fexhUFFPTGV8ybAtSIGbV6gOkSv8UtRbDBnAyLQw4QPKkgNlsH2ByPGtMUqdWkos6YCRmAqViwgZrJc-mRDzZQ-- <- oauth-sign 0.9.0
+ nodelite-2-fgAN3jGAh-RoxUGZHTSOLJIqUc2wmoBwGR4tbpNAKmmovFoWq0OdRkb0VkldReO2a2iBT-OEulG9XSUc10r3zg-- <- no-case 3.0.4
+ nodelite-2-fgFx7Hfoq60ytK2c7DhnF8jIvzYgOMxfugjLOSMHjLIPgenqa7S7oaagATUq99mV6IYvN2tRmC0wnTYX6iPbMw-- <- ajv 6.15.0 (8.9.0 is available)
+ nodelite-2-fgVkmyiWDwmD3JbpCmB45SvvlCD6z9CG6Ie6Iere22W5aHea6oWa7EM2bpnv2Fj3I94L3VbtvX9KqwSi5aFzSg-- <- postcss-custom-selectors 6.0.3 (8.0.4 is available)
+ nodelite-2-fGxEI7-wsG9xrvdjsrlmL22OMTTiHRwAMroiEeMgq8gzoLC-PQr7RsRDSTLUg-bZAZtF-TVIkHc6-4RIKrui-Q-- <- require-directory 2.1.1
+ nodelite-2-fgYvN4ksCi5OvmPXkyOT8o5a8PSKHMzPHt-9mR6KYWdF16IAjWRLZPAAziI2sznaWT23drRFrYw64wdvYqqaQw-- <- @floating-ui/react 0.19.0 (0.27.8 is available)
+ nodelite-2-fHnY0RGOeKKPnFW8xx8VWlLI0yscHd-kIU5t0bZ5bJ7Vanlhk1CUnPGDNa5HCIMVQrLARngGut-lIyGtoF65EQ-- <- @udecode/react-utils 47.3.1
+ nodelite-2-fIYNuZ-HastSb80baGOuPRo1O9cf4baWw5WsAp7dBuUzeTD-BoaG8sVTdlPFksBE2lF21dN-A1AnrpIjSWqHHg-- <- parse-asn1 5.1.9
+ nodelite-2-fJAcud6B3rRu-KHYk-Bwf-WFL2MDCJJ1XG9x137tJQ0xYxor7XziQtuGFbWNdqrvF4Tk26O3H73nfVqXt-fW1A-- <- css-in-js-utils 3.1.0
+ nodelite-2-fjquC59cD7CyW6urNXK0FBufkZcoiGG80wTuPujX590cB5Ttln20E2UB4S-WARVqhXffZl2LNgS-gQdPIIim-g-- <- extend 3.0.2
+ nodelite-2-fKzAra0rGJUUBwGBgNkHZuToZcn-TtXHpeCgmkMJMMYx1sQDYaCSyjJBSCa2nH1DGm7s3n1oBnohoVTBaN7Lww-- <- is-wsl 2.2.0 (3.1.1 is available)
+ nodelite-2-flwI-Vgm4SElObFVPpTIT7SU7R3qk2L7PyduMcokiaVKuWv9d-U-Gm-QAd8NDLuykTWTkcrjOeD2Pp1rMeBTGw-- <- postcss-import 14.1.0 (16.1.1 is available)
+ nodelite-2-fm4idjKla0YahUNgFNLCB0qySdsoPiZP3iQE3rky0mBUtMZ23yDJ9SJdg6dXTSDnulOVqiF3Hgr9nbXvXTQZYA-- <- @babel/plugin-syntax-class-properties 7.12.13
+ nodelite-2-fmTRWbNMmsmWq6xJV8D19U-gw-bwrHfNXxrIN-HfZgnzqTHp9jOmKMhsTUjXOJnZOdZY9Q28y4yebKzqDKlxlQ-- <- d3-selection 3.0.0
+ nodelite-2-fnULvOpxnC5-Vg3NCiWelDsLiUc9bRwAPs--LfTLNvetFCtCTN-yQz15C-fs4AwX1R9K5GLtLfn8QW-dWisaAw-- <- date-fns 2.30.0 (4.1.0 is available)
+ nodelite-2-fNVRE7ufJiAA3XUrha2omTA39M6IXIc6GIZLvlbsm8QOQCYvpq-LkMNGyFlB1d8hTDzsAXa3OKtybdMAYsV-fw-- <- @octokit/plugin-paginate-rest 14.0.0
+ nodelite-2-fNzuVyifolSLFL4NzpF-wEF4qrgqaaKX0haXPQEdQ7NKAN-WecoKMHV09YcuL-DHxrUsYQOK3MiuDf7Ip2OXfQ-- <- minipass 4.2.8 (7.1.3 is available)
+ nodelite-2-fo-QhuU3qE-2TQMQmbVMqaQ6EWbMhi4ABWP-O4AM1NqPBuy0OrApV5LO6BrrgnhtAHS2NH6RrVk9OL181tTi8A-- <- @manypkg/get-packages 1.1.3 (2.2.2 is available)
+ nodelite-2-fOyXcbViOB--jW-g2rCiK9XjSZVn4OzFuMZpSCriCdR-KxhxLTokvJWFm3CzBEmg9vXfrBFQ4c-ykmqoVacHtw-- <- @umijs/fabric 2.14.1
+ nodelite-2-fP8u2pyfqx0K1rGn1R9pyE0-KTn-G7PxktWidOBTqFPLYX0b9ksaMFkhK5vrS3DVun09pckLdlx90QthlW7AmA-- <- jest-haste-map 29.7.0 (30.2.0 is available)
+ nodelite-2-fPU6BHNpsyIhr8yyMpTLLxAbkaK8ArIBcmZIRiBLiDhjeqvXolaEmDGmELFuX9I4xDcaKKcJl-TKZLqruBbmWA-- <- html2canvas 1.4.1
+ nodelite-2-fsc4N6cPCAahybGBfTRcq5wFR6fpLznMg47sY5aDpsoejOcVYFb07AHuSnR0liMcPTgBsA3ZJL6kFOjPdoNipQ-- <- jest-runner 29.7.0 (30.2.0 is available)
+ nodelite-2-fSpWtOO-1AjSNQguk43hb-JCo16oJDnMJf3CdEGNkqsEX3t0KX96xvyX1D7PfLCpVoKu4MfVrqUkFyblYoY4lA-- <- ts-jest 29.4.6
+ nodelite-2-fTAfNmxSb9SOWNB9IoG5c8Hg6R-AzUHDRlsXsDZsNp6sxAEOP0tkP3gKkNSO-qmHPoBFTxNrjDprVHDQDvo5aA-- <- @types/d3-fetch 3.0.7
+ nodelite-2-fTBW9-8r2w3dXWYM4HCB1Rdp8NLibOw2-XELH5m5-AkWiL-KqYX6dc0kKYlaYyKjrQ6ds33MCdMPEwgs2z1rqg-- <- @emotion/sheet 1.4.0
+ nodelite-2-ftzhzSGMUnOzcCXd6WHdBGMyuwy15Wnn0iyyWGKgBDLxf9-s5ABuraCSpBX2uG0jUg4rqJnxsLc5-oYBqoxVaA-- <- babel-plugin-jest-hoist 30.2.0
+ nodelite-2-fucsC7HjXvkB5R3kTCO7kUjRdrS0BJt3M-FPxmHMBOm8JQi2BsHAHFsy27E0EolP8rp0NzXsJ-jNPyDWvOJZPA-- <- unist-util-position 5.0.0
+ nodelite-2-fUY88kXvGiIItgNC7wcTOl0SNRCVXMKSWW2Yzfmn7EKNc-MpCzcz9DhdHcdjbrtN3c6R4H5dTY2jiCpPdysEjA-- <- framesync 6.0.1
+ nodelite-2-fvmtNA1r9SaasVIQIQt611VSlNxtVxDbQ3e-1GhYQza3tVJi-3gCZuDyfMfTnbLmf3PaW-YvLkn7MqDbzAzoLA-- <- @ant-design/pro-layout 7.22.7
+ nodelite-2-fvO4ExWMFsqyhG3AiPAObMuY1lxaqgYcxbc49CNdWDDECOJNgQyvsOWVwbZc-qf3rzRtxojBK-CMEv0Ld5CYpw-- <- which-typed-array 1.1.22
+ nodelite-2-fXRhhUkG4H3TQk5dBhQ7m-JDdSNHKwR2BBia62lhwEIq9xGiQKLxd6LymNhn47SjXhsUEPmxi-PKw2OkW4LLjA-- <- @types/cross-spawn 6.0.6
+ nodelite-2-fXSwMQqitTGeHLBC08Eq5yXz2m37E4pJX1qAU1-2cNedz-ifv-bVXft90VeSav5nFO61EcNgwr0aJxbyPaWBPg-- <- @babel/helper-annotate-as-pure 7.27.3 (8.0.0-beta.0 is available)
+ nodelite-2-fxtQoH3m5ywUSIfaH0FGCzWu4McsYon5bD3K4XnskC7f-OyQMj7rsOMi4NvvmJ83WwBAg4UCe-ov4VZlqEvyew-- <- @babel/plugin-transform-modules-amd 7.29.7 (8.0.1 is available)
+ nodelite-2-fYEyL59Qe82Ha1p97YQTMEQPJYmBS-ux76foqluaTVWoG9Px5J53w6NvXZNE3wP7lIicLDF7Vj1Em18XTX7fsA-- <- @smithy/node-config-provider 4.3.6 (4.3.8 is available)
+ nodelite-2-fyJsPLhWvY7u2KsKPZn1PixbXp-1m7V8NWqU8CvgFRbMEX41Ffw1kD8n0CfJiGoaSfoAvbrqRRl-DcHO8omQOQ-- <- sort-package-json 3.6.0
+ nodelite-2-fyQIhGDhzfc9pK2kH6Pl9c4BDJGfMkPqkyIgYDthyNYoNg3wVhoJMMh19WS4Up-1KMPFVpNsT2q3WmXn2N1m6g-- <- @radix-ui/react-icons 1.3.2
+ nodelite-2-fZu86yCo-svH3uqJ-yTdQ0QHpQu5oL--QE-QPSv6BZSkDAoky9vytxp7u5qk83OJFS3kEBcesWni9WTZAv3tSw-- <- axios 1.7.5 (1.9.0 is available)
+ nodelite-2-g-Q1aTSDOxFpchXC4i8ZWvxA1lnPqx-JHqcpIw0-LX9T8x-GBbi6YnlN5nhaKIFkT8oFsscUKgDJYxfwfS6QsQ-- <- get-port 5.1.1 (7.1.0 is available)
+ nodelite-2-g-Z47ZwARn-VkTnHcyJslrR26erRf1G5JbqPlfGZGBCrOcrEt8fTQXXDVhUDDNl-g-v3TXI1dNiAAT5FEks8BA-- <- @rushstack/node-core-library 5.24.0
+ nodelite-2-g1MWMLBiz8FKi1e4w0UyVL3w-iJceWAFBAaBnnGKOpNa5f8TLktkbre1-s6oICydWAm-HRUGTmI---xv2hvXYA-- <- json5 1.0.2 (2.2.3 is available)
+ nodelite-2-g3FeP20LNwhALb-6Cz6Dd4F2ngze0jz7tbzrD2wAV-o9FeNHe4rL-yK2md0J-fiSf1sa1ADhXqi5-oVwOM-eGw-- <- make-dir 3.1.0 (5.1.0 is available)
+ nodelite-2-g4L7OYun04N1WyqMNjldFwlfPCLVkgB54A-YCXICZYBsvJJE3kByKv9c9-R-nAfmIfjl2rKYLNyMHboYbZaWaA-- <- @babel/plugin-bugfix-safari-id-destructuring-collision-in-function-expression 7.27.1 (8.0.1 is available)
+ nodelite-2-g4WkyzFQVWHtu6uqGmQR4CQxz-CH3yDSlhzXMWzNjDx843gYjReZnMRanjRCq5XZFuQrGDxgUaiYWE8BRfVckA-- <- jest-config 30.2.0
+ nodelite-2-g53hMkpM0I98MU266IzDFMrTD980gNF3BJnkyFcmN-dD873mQeD5rdMO3Y2X-x8umQfbSE0PcoEDl7ledSA-2g-- <- remark-mdx 2.3.0 (3.1.0 is available)
+ nodelite-2-g6LhBsl-GBPRWGWsBtutpzBYuIIdBkLEvad5C-va-74Db018-5TZiyA26cZJAr3Rft5lprVqOIPxf5Vid6tqAw-- <- ansi-escapes 7.2.0 (7.3.0 is available)
+ nodelite-2-g6QUff04oZpHs0eG5p83rFLhHeV00ug-Yf9nZM6fLeUrPguBTkTQOdpAWWspMh55TZfVQDPaN3NQJfbVRAxdIw-- <- reusify 1.1.0
+ nodelite-2-g6T-p7QO8npa--hNx9ohv1E5pVCmWrVCUzUXJyLdMmftX6ER0oiWY-w9knEonLpnOp6b6FenKnMfR8gqwWdwig-- <- smob 1.5.0 (1.6.2 is available)
+ nodelite-2-g7df9rMFX-SPi34tyGCyUBREQoKkapwdY-T04Qn9TDWfHhAYt4-I0gMVirzK5wEzeUqIjEB-LXC-ypb7Aqno5w-- <- hastscript 9.0.1
+ nodelite-2-g7nH6P6dyDioJogAAGprGpCtVImJhpPk-roCzdb3fIh61-s-nPsfR6onyMwkCAR-OlC3yBC0lESvUoQEAssIrw-- <- depd 2.0.0
+ nodelite-2-g8mXuqcFKbgH2CZKwPfVtsUJDHyvcgIABQI7Y0tzWEFXpGxJaXuAuzlifT2oTakjDBLTK4Gaa9-5PERDhqUjtw-- <- @fingerprintjs/fingerprintjs 4.6.2
+ nodelite-2-g9JpC-3He3bm38zsLupWryXHoEcS22YHthuPQSJdMy6KNrzIRzWqcsHzD-WUnqe45whVou4VIsPew37DoXWNrA-- <- util.promisify 1.0.1 (1.1.1 is available)
+ nodelite-2-g9Q1haeby36OSStwb4ntCGGGaKsaVSjQ68fBxoQcutl5fS1vuY18H3wSt3jFyFtrkx-Kz0V1G85A4MyAdDMi2Q-- <- slash 3.0.0 (5.1.0 is available)
+ nodelite-2-gAnENimyQ5GW3OEGca5pbwm4lYshW2orzfBlPUYqzcm7ZxkQrVO8FqCAgEcCM-Rq9U1OU0q-D-UkqETvvDY6jw-- <- final-form-set-field-data 1.0.2
+ nodelite-2-gaNvAS7TZ897-rVaZ0nMtAyxNyi-pdbjbAwUpFQpN70GqnVfOiXpeUUMKRBmzXaSQ8DdTX4-0ms62r2K-hE6mQ-- <- merge-descriptors 1.0.3 (2.0.0 is available)
+ nodelite-2-gBrxN88gOIf3R7ja5K9slwNayVcZgK6SOUORm2uBzTeIEfeVaIhOpCtTox3P6R7o2jLFwLFTLnC7kU-RGcYEgw-- <- @eslint/config-helpers 0.4.2 (0.7.0 is available)
+ nodelite-2-gC13b-bWrqQoKY2EmROCZ-AR0jitc6DnDGaQ6Ls9QpKmuSgJB1eQ7H3KETtQm7qSdMWMKCmsshyCmUwMLh3OAA-- <- varint 5.0.0 (6.0.0 is available)
+ nodelite-2-gcLdvR9HO1ZJBypsOGqaP6TFEzb6vIta0KSTLt9NAQ6pXQO3cRgSVyCN6pzYqI9DlJgY71XKO0dpDhCf08b3pg-- <- @tsconfig/node10 1.0.13
+ nodelite-2-gd3ypIPfOMr9h5jIKq8E3sHOTCjeirnl0WK5ZdS1AW0Odt0b1PaWaHdJ4Qk4klv-YB9aJBS7mESXjFoDQPu6DA-- <- dom-converter 0.2.0
+ nodelite-2-gDKb8aZMDeD-tZWs9P6-q0J9Mwkdl6xMV8TjnGP3qJVJ06bdMgkbBlLU8IdfOsIsFz2BW1rNVT3XuNEl8zPAvw-- <- path-type 4.0.0 (6.0.0 is available)
+ nodelite-2-gEbkDVGRvjj7-T1ivxrfgygpT7GUd4vmODtYpbs0gZATdkX8-iSnOtZSxiZnsgm1YjTgjI6VKBGSJJevkrclzw-- <- @babel/plugin-transform-dotall-regex 7.27.1 (8.0.1 is available)
+ nodelite-2-gehEzmPn2nAwr39eay-x3X34Ra-M2QlVUTLhkXPjWdeO8RF9kszk116avgBJM3ZyNHgHXBNx-VmPaFC36k0PzA-- <- fs-write-stream-atomic 1.0.10
+ nodelite-2-gEhi-jSBhZ2m6wjV530Yy8-fNqG8PAinM3oV7CyO-6c3CEh16Eizm21uHVsyVBEB6RIM8JHIl6AGYCv6Q6Q9Tg-- <- @biomejs/cli-linux-x64-musl 1.9.4 (2.3.12 is available)
+ nodelite-2-geKatMwSzEXKHuzBNU1z676sGcDcFoChMK38TgdHJNAYfFtsfHDQG7MoJAjs6sgYMqyLduCYWDIWZIxiPeafEw-- <- remark-parse 9.0.0
+ nodelite-2-geUvdk7c-eizMNUDkRpW1wJwgfOiOeHbxBR-hLXK1aT6zmVSO0jsQcs7fj6MGw89jC-cjGfLcNOrtMYtGqm81g-- <- object-inspect 1.12.3
+ nodelite-2-gfI5T24WLLuFfSKw7Go-zDXjAAV0fny0swTaDv-WjK7vqcw4cRhFfdsyKL1n-ukI-ooBxn3bVQnyrn06WpI50w-- <- @rollup/rollup-linux-x64-gnu 4.63.1
+ nodelite-2-gfygJYZ2gLTDlmbWMI0CE2MwnFzSN-2SZfkMlItC4K-JBlsWVDB0bO6XhqcY13YXE7iMcAJnzTCJjPiTeJJ0Mw-- <- is-wsl 1.1.0 (3.1.1 is available)
+ nodelite-2-gHfV1IYqH8uJHYVTs8BJX1XKy2-rR93-f8QQi0xhx95aCiXn1ettYAd5T-7FU6wfqyDoX-wy0pm-fL3jOKJ9Lg-- <- jsonpath-plus 10.1.0
+ nodelite-2-ghHx6-6Dvp-fw8CJhDUHFHDJ84hJE3BXNCzSgLdmNiFErWSOaZNsihDAsKq9ByTALo-xkNIwtDFGIl6r-RPXBg-- <- rc-menu 9.16.1
+ nodelite-2-giOlEm-EFjfjr-te9NsdjkUo2v4f8rS-SXPumRVHAtbNcyNlvtREkU1dZzaIDclNpnaVhlCqRdFKhJBjBikzLg-- <- @babel/plugin-transform-dynamic-import 7.29.7 (8.0.1 is available)
+ nodelite-2-gIwR1HrJrrx-vfyOhYmCZ0-JcWqG5kbfG7-d3f-C1LXk2EvzAbHSg3MQ5lO2sMlo9izoAZ04shohfKLVT6crVA-- <- @monaco-editor/loader 1.7.0
+ nodelite-2-gIXjKqtFuWEgzFRJA9WCQeSJLZDjgJUOMCMzxtvFq-37KojM1BFGufqsCy0r4qSQmYLsZYMeyRqzIWOMup03sw-- <- foreground-child 3.3.1
+ nodelite-2-gjcpUc3clBf9-210TRaDWbf-rZZZEshZ-DlXMRCeAjp0xhTrnQsKHypIy1J3d5hKdUzj69t708EHtU8P6bUn0A-- <- os-browserify 0.3.0
+ nodelite-2-gk-Z852D2Wtb--0I-kRFNKKE9dIIVirjoqPoA1wJU-XePVXZfGeBpk45-A1rKO4Q43prqWBNY-MiIeRLbPWUaA-- <- common-tags 1.8.2
+ nodelite-2-gKLcREMhtuZRwRAfqP3RFW-TK4JqApVBtOIftVgjuABpAtpxhPGaDcfvbhNvD0B8iD1oUr-txX35NjcaY6Ns-A-- <- mkdirp-classic 0.5.3
+ nodelite-2-gKXj5ALrKWQLsYG9jlTRmR-xKluxHV-Z9QEwNIgCfM1-uwPMCuzVVnh5mwTd-OuBZcwSIMbqssNWRm1lE51QaQ-- <- ansi-escapes 4.3.2 (7.3.0 is available)
+ nodelite-2-gkXMxRzUH-PB0ax9dUN0yYF0S25BqeAYqhgMaLUFmpXLEk7Fcu8f4emJuOAY0V8kjDICxROIKsTAKsV-v355xw-- <- non-layered-tidy-tree-layout 2.0.2
+ nodelite-2-gL8F8L4ORwsS0-iQ34yCYv---jsOq0ZL7WP55d1HnJ32o7tyFYEFQZQA22mrLIacZdU6xecaBBZ-uEiffGNyXw-- <- semver-diff 2.1.0 (4.0.0 is available)
+ nodelite-2-gmBGslpoQJtgnMAvOVqGZpEz9dyoKTCzy2nfz-n8aIFhN-jCE-rCmcxabB6jOOHV-0WNnylOxaxBQPSvcWklhA-- <- strip-ansi 7.1.2 (7.2.0 is available)
+ nodelite-2-gNCGbnnnnFAUGKeZ9PdbyeGYJqewpmc2aKHUEMO5nQPWU9lOmv7jcmQIv-qHD8fXW6W7qfuCwX4rY9LNRjXrkQ-- <- is-bun-module 2.0.0
+ nodelite-2-gns-Er14-ZrEoC5fhOfYCY1LOHHr0TI-rQUHZS8Ttw2l7gl-80eHc-gFf2Ktkw0-SIACDTeWvpFcv3B04VembQ-- <- jest-each 29.7.0 (30.2.0 is available)
+ nodelite-2-goh1s1TBrqSqukSc8wrjwWhL0hiJxgA8m4kFxGlQ-8FYQ3C-m11FcTs4YYem7V664AhHVvgoQLk890Ssdsr2IQ-- <- unist-util-visit-parents 6.0.2
+ nodelite-2-gOPiyxcD9dJGCEArAhF4Hd0BAqvAe-JzERP7tYumE4yIkmIedPUVXcJFWbV3-p-ovIIvKjkrTk-f1UVkq7vvbw-- <- global-prefix 0.1.5 (3.0.0 is available)
+ nodelite-2-gpG936j8-MzaeID5Yif-577c17TxaDmhuyVgSwtnL-q8UUTySg8Mecb-8Cf1otgLoD7DDH75axp86ER7LFsf3Q-- <- has-value 0.3.1 (1.0.0 is available)
+ nodelite-2-gPH-9ZdmDflbu19Xkb8-gheqEDqkSpdCEubQyxuz-Hn8DOXiXvrXeikOoBA71-e8Pfi0-UYmU3wW3H58kr7akA-- <- micromark-extension-mdx-jsx 1.0.5 (3.0.2 is available)
+ nodelite-2-gphr-v0mv2I3Oxt19VdWRRUxq3sseyUpX9DaHpTUmLj92Y10AGy-XOtV-kbM6L-fDcpx7-ISDFK6T8A-P3lOdQ-- <- @changesets/get-dependents-graph 2.1.3 (2.1.4 is available)
+ nodelite-2-gptHNQghINnc-vTGIk0SOFGFNXw7JVrlRUtConJRlvaw6DuX0wO5Jeko9sWrMBhh-PsYAZ7oXAiOnf-UKogyiw-- <- universalify 2.0.1
+ nodelite-2-gQPNF78qebCQ6tvVFBYrvJdBNOrYZm90ZlXgpIFm06p6qHDHq-XC4TnJftN6OMbxVE0UTBAoRgcsDeJBBooITw-- <- nwsapi 2.2.27
+ nodelite-2-gqXddjPqQ6G40VdnI6T6yObEC-pDNvyP95wdQhkWkg7crHH3km5qP1FsOXEkzEQwnz6gz5qGTn1c2Y52wP3OyQ-- <- jsprim 2.0.2
+ nodelite-2-gQxTNE-GAfIIrmHLUE3oJyp5FO6HRBfhjnw4-wMmA63ZGDJnWBmgY-lyQBpnDUkGmAhbSe39tx2d-iTOAfglwQ-- <- bser 2.1.1
+ nodelite-2-gr-BeIxbIWQoUm02cIfK7mdMZ-fbroRpLsck4kvFtjbzP4yi-OPVbnukTc-zy0i7spC2xYE-dbX1Sur8BEDJsQ-- <- micromark-extension-footnote 0.3.2
+ nodelite-2-gr4KtAWqIOQoucWYD-f6ki-j5chXfcPc74Col-6poTyqTmn7zRmodWahWRCp8tYd-GMqBonw6hstNzqjbs6gjw-- <- @testing-library/react 16.3.1
+ nodelite-2-grAEuupr-C1rALFnXTv6ZQhFuL1D8G5y8CN04RgrO4FIPMrtm-mcZzFG7dcBm-nq-1ppNixu-Jd78aeJOYxlGA-- <- @octokit/graphql 9.0.3
+ nodelite-2-gScRMn0bS5fH-IuwyIFgnh9zBdo4DV-6GhygmWM9HyNJSgS0hScp1f5vjtm7oIIOiT9trXrShAkLFSc2IqKNgw-- <- object-hash 2.2.0 (3.0.0 is available)
+ nodelite-2-gsiM3G8b58kZC2HaWR50gu6Y1440cHiJ-i3JUvcp-35JchYejb2-5MVeJK0iKThYpAa-P2PYFV4hoi44HD-aHQ-- <- @chevrotain/types 11.0.3
+ nodelite-2-gulfhBs6n-I5b7DvjKRfhMGyUejtSgOHTclF-eONr8hcgF1APEDjhxIsfdUYYMzC3rvLwGluqLjbwCFZ8nxrog-- <- @rushstack/problem-matcher 0.2.1
+ nodelite-2-gUnLjgwdGqW7B4LvOIkbKs9WGbn-QLqRQQ9juC6HndeDiezIwhDP-mhMwHWCEcfQ5RUXa6OPnFF8BJh5xegwwQ-- <- jest-runtime 29.7.0 (30.2.0 is available)
+ nodelite-2-guoltQEx-9aMf2gDZ0s62EcV8lsXR-0w8915TC3ITdn2YueuNjdAYh-levpU9nFaoChh9RUS5ZdQMrKfVEN9tw-- <- rrweb-cssom 0.8.0
+ nodelite-2-gvVzJFlPycKc5dZN4yPkP8w7Dc37BtP1yczEneOb4uq34pXZcvrtRTmWV8W-Ume-XCxKgbjM-nevkyFPMybd4Q-- <- wordwrap 1.0.0
+ nodelite-2-gVzBkjqA8FzDTbkuIxj6L0Omz-X-hFbYLzK6alWr0sHTfywqP6czcjDUJU8DF2MRIY1Twy55uZYW4dqqLXOXXg-- <- @antv/g-svg 2.1.1
+ nodelite-2-gWGsiwjb4tw-ITOJ86ndY-DZZ6cuXMNE-SjcDRg-HLuCmwpcjOktwRF9WgAiycTqJD-QXqL2f8IzE2Rzh7aVXA-- <- @svgr/babel-plugin-svg-em-dimensions 6.5.1 (8.0.0 is available)
+ nodelite-2-gwMdhgJHGuj--wHJJs9e6PcCszpxR1b236igrOkUofGhqJuG-amlIKwApH1IW1WWl7ovZxsX49lMBWLxSdm5Dw-- <- update-notifier 2.5.0 (7.3.1 is available)
+ nodelite-2-gWp7NfQW27LaBQz3TITS8L7ZCQ0TLvtmI--4OwlQRx4rnWxcPNIYjxZpDcN4-UlGxgm3jS5QPz8IPTCkb59wZA-- <- @jest/pattern 30.0.1 (30.5.0 is available)
+ nodelite-2-gwRLBLra-Dozj2OywopeuHj2ac26gjGkz2cZ-86cTJOdtWfiRRr4-e77ZDAGc6MDWxaWheI-mAV5TLWWRwqrFg-- <- @commitlint/types 18.6.1 (20.4.0 is available)
+ nodelite-2-gXah6aZrcUxjWg2zR2MwouP2eHlCBzdV4pygudehaKXSGW4v2AsRQUK-lwwXhii6KFZcunEnmSUoYp5CXibxtA-- <- object.values 1.2.1
+ nodelite-2-gxGWBrTT1JuMx6R-o5PTXMmUnhnVzLQ9SNutD4YqKtI6ap897t3tKECYla6gCWEkplXnlNybEkZg9GEGxKFCgw-- <- camel-case 4.1.2
+ nodelite-2-gxtyfqMg7GKyhQmb056K7M3xszy-myH8w-B4RT-QXBQsvAOdc3XymqDDPHx1BgPgsdAA5SIifona89YtRATDzw-- <- didyoumean 1.2.2
+ nodelite-2-gxxSyLbrEAdXTKgfbpBEFZCO-P153DnqSCQau2-o6lNy1jgMRr2MmRmOzMmyrwSaSYLRB8g7b0waYPmUjz7IhQ-- <- react-loading-skeleton 3.5.0
+ nodelite-2-gyPJuv83bHMpocVYoqof5VDiZveEoGoFL8m3BXNb2VW8Xs-rz9kqO8LOQ5DH6EsuvilT1ApazU0pyl-ytbPtlw-- <- is-hexadecimal 1.0.4 (2.0.1 is available)
+ nodelite-2-gYTKKexFO3kh200H1Nit76sRwRtOY32vQd3jpAQKpLtZqyNsSQNfI4N7o3eP2wUjV35pTWKRYqFUDBvUha-Pkw-- <- create-error-class 3.0.2
+ nodelite-2-gytXUbs8k2sXS9PnQptz5o0QnpLL51SwASIORY6XaBKF88nsOT0Zw9szLqlSGQDP-4TljBAD5y98p2U1fqkdsw-- <- @babel/helper-module-transforms 7.28.3 (8.0.1 is available)
+ nodelite-2-gyyPk6rgonLFEDGoeRgQNaEUvdJ4ktTmmUh-h2t7s-M8oPpIPxgNACWa-6ESR57kXstwqPiCut0V8NRpcwgU7A-- <- htmlparser2 6.1.0 (9.1.0 is available)
+ nodelite-2-gyZHbcQ2X5hNXf-9KS2qGEmgDe9EN2WDM3rJ5Ele467C0nA1sLhtmv1bZiPMDYfAYCfPWft0uQIaTvXbASSTRA-- <- @types/level-errors 3.0.2
+ nodelite-2-gZbepsdh3WDtgZKWL-vTPh71LSBrm-Y4-QDZBVCcYfmeTEEuoOYwlSy-G1StfJg--Zy550u-3TATbm7qDbbMtg-- <- @babel/generator 7.29.8 (8.0.0-beta.4 is available)
+ nodelite-2-gZNyh-LdSsI82wBSHLQ3QN5J30P4uHKJ4fXgoGwQxfXwYFTJzDdvIJasZn8rYQtmKhyQuiBj4SSnLuKlxKWq4w-- <- @changesets/cli 2.27.8 (2.31.1 is available)
+ nodelite-2-gzUt-qt81nXsFGKIFcC3YnfEAx5NkunCfnDlvuBSSFS02bcXu4Lmea0AFIUwbLWxWPx3d9p8S5QoaujKcNQxcQ-- <- zod 3.25.76 (4.3.6 is available)
+ nodelite-2-h-NUaSyG5EyxBIp8YRxo4RMe2-qQgvyowRwVMzhYhBCONbW8PUsg4lkFMrhgZhUe5z3L3MiLDuvyJ-CaPa2A8A-- <- @types/babel__template 7.4.4
+ nodelite-2-h-UFPIkf4ZlJw50k9UC-CkY--urhFHZB25GXGh0f-kbqSulzZMSEGWeFjAe2jEQsFu9bSjf0s-TdZXsjvtmxIQ-- <- mdast-util-compact 4.1.1
+ nodelite-2-h-zcD8H9kaDZ9ALUWwlBUDo6TKF8a7qBSCSEGfjTVIYeqsioSKaAX-BN7NgiMGp6iSIXZ3PxgCu8KS3b71YK5Q-- <- node-libs-browser 2.2.1
+ nodelite-2-h0OYmPR3A5Dfbetra-GzxBAzQk8sH7LhRkRUTdagX6nrtlUgJGYCTv4bBK33jsTQw9HDd8PE2x1Ma-iRKEDUsw-- <- @bloomberg/record-tuple-polyfill 0.0.4
+ nodelite-2-h3Fbisa2nKGPxCpm89Hk33lBLsnaGBvctQopaBSOW-uIs6FTe1ATyAnKFJrzVs9vpGdsTe73WF3V4lIsk4Gacw-- <- wsl-utils 0.1.0
+ nodelite-2-h53dz-pISVrVrfxV1iqXlx5pRg3V2YWFcSQyPyXZRrZoZj4R4DeWRDo1a7dd3CPTcFi3kE-98tuNyD2axyZReA-- <- @smithy/util-body-length-node 4.2.1
+ nodelite-2-h5bgJWpxJNswbU7qCrV0tIKQCaS3blPDrqKWx-QxzuzL1zGUzij9XCWLrSLsJPu5t-eWA-ycetzYAO5IOMcWAQ-- <- lz-string 1.5.0
+ nodelite-2-h5k-5U50IJJFpzfL6nO9jaaumfjO-f2NjK-oYB2Djzm4p9L-3T9qWpZqZ2hAbLPuuYq9wrU08WQyBTL5GbPk5Q-- <- deep-eql 5.0.2
+ nodelite-2-h5PpgXkWitc38BBMYawTYMWJHFZJVnBquFE57xFpjB8pJFiF6gZ-bU-WyI-yqXiFR5mdLsgYNaPe8uao6Uv9Og-- <- is-plain-object 2.0.4 (5.0.0 is available)
+ nodelite-2-h6fhOIaRrID2CbEY2fqs-7t-UXZo-MLAnU5gRIq85uFtdiUPCdsApMlHhXogKVM4HM2DVbIjGNTTYH2OcmP1vA-- <- qs 6.16.0
+ nodelite-2-h7zVBBo2aO64DuGKvq9sG-yTU3sCUb9DALCVm7nz8qGPs8hhLuFOkKPEzUDNfNYZGJUGzY8UDtJ3QRGRFcvEQg-- <- @antv/g-canvas 2.2.0
+ nodelite-2-h88OPkavHTiN9tMn2l5awAznGB0lXzjcLhgR1-rvjB2zlLprsNxbM2tt6OJsHUxduLC3klq0-eqaSf6fX5XVww-- <- @ai-sdk/provider 2.0.3 (3.0.2 is available)
+ nodelite-2-h8IknhzSh3FEM9u8ivkskh-Ef4Yo4JRIY2nj7MrH6GQmrwV6mcpJf5-4KgH5JaVI1H3E52yCdpOlVyGZIeph5A-- <- rc-slider 11.1.9
+ nodelite-2-h8lQ8tacZYnR3vNQTgibj-tODHI5--l06Au2Pcriv-Gmet0eaj4TwWH41sO9wnHDiQsEj19q0drzdWdeAHtweg-- <- abort-controller 3.0.0
+ nodelite-2-haPVm1EkS9pgvHrQ-F3Xy-hgcuMV0Wm9vfIBSiwZ05k-xgb0PkBQpGsAA-oWdDobNaZTH5ppvHtzCFbnSEwHVw-- <- sharp 0.33.5 (0.34.5 is available)
+ nodelite-2-haREypq7xkM7ErfgIyA0z-Bj4AGKlMSdlQE2jvJo6huWD1EdkKYV-G-T4nq0YEF2vgTT8kqMFKo1uHn950r4SQ-- <- path-key 4.0.0
+ nodelite-2-hC-pS5D6AgS2wWjbmSQ6UR6Kpy-drvWGJIri6e1EDGADTPsCaa4KzCgmCczHrQeInx9tqs81EyDmbKJYY2swKg-- <- @floating-ui/react-dom 0.6.3 (2.1.6 is available)
+ nodelite-2-hcFKyUG57yWGAzu1CMt-dPzYZuv-jAJUT85bL8mrXvNe6hWj6yEHEc4EdcgiA6Z3oi1-9wXJdZPXF2dZNgwgOg-- <- filenamify 4.3.0 (7.0.1 is available)
+ nodelite-2-hcg3ZmepS30-7BSFqRvoo3DOMQu7IjqxO5nCDt-zM9XWjb33Wg7ziNT-Qvqbuc3-gWpzO02JubVyk2G4Zvo1OQ-- <- fs-extra 9.1.0
+ nodelite-2-hCx1oky9PFrJ611mf0ifBLBRW8lUUVRlFolb5gWRfIELabBlbp9xZvrqZLZAs-NxFnbfQoeGd8wDkygjg7U85w-- <- entities 2.1.0 (8.0.0 is available)
+ nodelite-2-hdF5ZgjTqgAntKkklYw0R03MG2x-bSzTtkxmIRw-sTNV8YXsCJ1tfLAX23lhxhHJlEf3CRCOCGGWw3vI3GaSPw-- <- tr46 5.1.1 (6.0.0 is available)
+ nodelite-2-hdN1wVrZbb29eBGiGjJbeP8JbKjq1urkHJ-LIP-NY48MZ1QVXUsQBV1G1zvYFHn1XE06cwjBsOI2K3Ulnj1YXQ-- <- map-obj 4.3.0
+ nodelite-2-hdrFxZOycD-g6A6SoI2bB5NA-5NEqD0569-S47WZhPvm46sD50ZHdYaFmnua5lndde9rCHGjmfK7Z8BuCt-PcQ-- <- move-concurrently 1.0.1
+ nodelite-2-he-DHOWReW0nghN24E1WUqM0efK4kI9oTqDm6XmK8ZPe2djZ90BSNdGnIyCLzCPw7-pogPlGbzI2wHGGmi4O-Q-- <- @types/cookiejar 2.1.5
+ nodelite-2-hFoiJiTl63nn-kstHGBtewWSKnQLpyb155KHheA1l39uvtO9nWIop1p3udqPcUd-xbF1VLMO4n7OI6p7RbngDg-- <- is-stream 2.0.1 (4.0.1 is available)
+ nodelite-2-hFtqIDZTIUZ9BXLb8y4pYGyk6-wekIivNVTcmvk8NoOh-VeRn5y6cEHzbURrWbfp1fIqdVipilzj-lfaadNZmg-- <- estree-util-is-identifier-name 3.0.0
+ nodelite-2-hGfVzPxthbf3-2yjg-RBs60cB0FhqBS-zvdV-4wn4-BmN0bNMMHPc4V-BbFieqf1TKAGGAHnY4eSjajCl0f2Xg-- <- brace-expansion 2.1.4 (5.0.9 is available)
+ nodelite-2-hhyNJ-nbR6ZR7pToHvllEFun9TL0sbL-tk-ON75lo-Xas054uez98qRbsuNt7MBCyZKK4-8Yli-OAGZhmfBZ-g-- <- @sinclair/typebox 0.27.12 (0.34.52 is available)
+ nodelite-2-hjpyenpEvOdowgZ1qMeCJxfRD4JkKdlXz0RC14m42Un62NtOT-GpWyKA4LssT0-xyLULCByRAtG2fzZorpIAcA-- <- @probe.gl/log 3.6.0
+ nodelite-2-hkGcueTEzuhB30B3eJCbCYeCaaEQOmQR0AdvzpD4LoN0GXMWzzGSuRrxR2xTnCrvNbVwK9N6-jQ92GSLfiZWoQ-- <- @babel/plugin-transform-duplicate-named-capturing-groups-regex 7.27.1 (8.0.1 is available)
+ nodelite-2-hKormJbkJqzQGhziax5PItDUTMAM9uE2XXQmM37dyd4hVM-5aVl7oVxMVUiVQn2oCQFN-LKCZdvSM0pFRqbSmQ-- <- @types/range-parser 1.2.7
+ nodelite-2-hkRX8U1WjJFd8LsDJ2yQ-wWWxaopEsABU1XfkM8A-j0-85JAGppt16cr1Whg6KIbb4okU6Mql6BOj-uup-wKeA-- <- string_decoder 1.3.0
+ nodelite-2-hl1kwFZCCiDyfH25Xmco9jTrkPgnS9pmOzSG7W5I4SaGbLeqKv417hcU2RKmaxoPEgsoJh7ZPOrnPGq99bHoUg-- <- @babel/plugin-transform-member-expression-literals 7.29.7 (8.0.1 is available)
+ nodelite-2-hlDw5Ev-9e883s0pwUsuuYNu4tD7GgpUnOvykjv1Gya0ZIjuKumthDRua90VUn6-nlRKAjcxLUnHNTIUWwWIiw-- <- file-type 17.1.6
+ nodelite-2-hmbYhX-9MUMF5uh7tOXyK-n0ZvWpad5caBA17GsC6vyuCqaWliRG5K1qS9inmUhEMaOBIW7-whAnSwveW-LtZw-- <- is-alphanumerical 2.0.1
+ nodelite-2-hMQ4CX1p1izmuLYyZqLMO-qGNw10wSv9QDCPfzXfyFrOaCSSoRfqE1Kf1s5an66J5JZC62NewG-mK49jOCtQew-- <- external-editor 3.1.0
+ nodelite-2-hMVRQJcrXxS84qsOvzXM07OkVrHKJ6fMc6ZMvLSCYrG2RDfQQN2bOFMsBwnj9wPvpX22zU6K7235au6qys-Yjg-- <- @utoo/pack-linux-x64-musl 1.5.14
+ nodelite-2-hn4cQfU6GOT-7cFHXBqeBg2TbrMBgdD0kcjLhvSQYYwm3s4B6cjvBfb7nBALJLAXqmU5xajSa7X2NnUud-VCdw-- <- filename-reserved-regex 3.0.0 (4.0.0 is available)
+ nodelite-2-hNKz8phvYLPEcRkeG1rsGmV5ChMjKDAWU7-OJJdDErPBNChQXxCo3WZurGpnWc6gZhAzEPFad1aVgyOANH1sMw-- <- stats.js 0.17.0
+ nodelite-2-hNngCeKxIUQiEUN3GPJOkz4wF-YvdUdbNL9hsBcMQTkKzboD7T-q3OYOuuPZLUE6dBxSGpwhk5mwuDud7JVAow-- <- js-base64 3.7.8
+ nodelite-2-hOLWVbm7uRza0BYXpIIW5pxfrKe0W-D5lrFiAEYR-pb6w3N2SwSMaJbXdUfSEv-dT4MfHBLtn5js0LAWaO6otw-- <- @types/d3-array 3.2.2
+ nodelite-2-hOS089on8RduqdbhvQ5Z37A0ESjsqz6qnRcffsMU3495FuTdqSm-7bhJ29JvIOsBDEEnan5DPu9t3To9VRlMzA-- <- readdirp 3.6.0 (5.1.1 is available)
+ nodelite-2-hov8bUuiLiyFPGyFPE1lwWhmzYbirOXQNNo40-y3zow8aFVTeyn3VWL0VFFfdNddA8S4Vf0Tc062rzyNr7Paag-- <- @types/minimist 1.2.5
+ nodelite-2-hpbDzxUY9BFwX-UeBnxv3Sh1q7HFxj48DTmXchNgRa46lO8uj3-1iEn3MiNUYTg1g9ctIqXCCERn8gYZhHC5lQ-- <- unicode-property-aliases-ecmascript 2.2.0
+ nodelite-2-hpr-J05B2FVYUAXHeK1YyI267J-dDDhMU6B6civm8hSY1jYJnBXxzKDKDswzJmtLHryrjhnDjqqp-49t8FALew-- <- postcss-import 15.1.0 (16.1.1 is available)
+ nodelite-2-hqoBX4dcZ1I33jCSWcXrP-1Ku7kdqXf1oeah7ooKOIiAdKQ-uqftgCFNOSzA5AMS2XIHEYeGFg4cKRCdpxzVOQ-- <- @babel/plugin-transform-member-expression-literals 7.27.1 (8.0.1 is available)
+ nodelite-2-hR0C-Gmi8kHDIYKpA6qBWMaVgyi9X7lSu-6vSh8SQu5tb1NzF8lZK6Z9bHLmQdf0jqELsG2JXId280ngpr7qvA-- <- @antv/layout-gpu 1.1.7
+ nodelite-2-hroOstUScF6zhIi-5-x0dzqrHA1EJi-Irri6b1fxolMTqqHIV-Cg77EtnQcZqZCu8hR3mX2BzIxN4-GzI68Kfw-- <- @types/q 1.5.8
+ nodelite-2-hsBTNUqQTDwkWtcdYI2i06Y-nUBEsNEDJKjWdigLvegy8kDuJAS8uRlpkkcQpyEXL0Z-pjDy5HBmMjRCJ2gq-g-- <- ignore 5.3.2 (7.0.8 is available)
+ nodelite-2-hsLVFE5SjA6TCisWeJXFKniGGOpBgMLmerfO2aCyCU5s7nJ-rpAepqmFifv-GCbSbueEeAJJnmSQ2rKC-g8Fcw-- <- spdy-transport 3.0.0
+ nodelite-2-hsU18Ae8CDTR6Kgu9DYf0EbCr-a5iGL0rytQDobUcdpYOKokk8LEjVphnXkDkgpi0wYVsqrXuP0bZxJaTqdgoA-- <- async-function 1.0.0
+ nodelite-2-htCUDlxyyCLMgaM3xXg0C0LW2xqfuQ6p05pCEIsXuyQ-a1koYKTuBMzRNwmybfLgvJDMd0r1LTn4-E0Ti6C2AA-- <- async 3.2.6
+ nodelite-2-hTdwr-7yYNIT5n4AMYp85KA6yw2Va0FLa3Rguvbpa4W3I5xynaBZo41cM3XM-4Q6fRMj3sBYIR1VAmZMXYJvRQ-- <- rxjs 6.6.7 (7.8.2 is available)
+ nodelite-2-hTIP-z-t-qKwBDcmmsnmjWTduxCg-5KfdqWQvb2X-8C9-knYY6epN-pfxdDuyVlSVeFz0sM5eEfwIUQ70U4ckg-- <- date-fns-jalali 4.1.0-0
+ nodelite-2-htwHm67Ji5E-pROEAr7f8IKFShuiCKHwUC-UY4vC3I5jiSvGFAYnSYiZO5MlGmads-QqvUkR9ANHEguGrDv72g-- <- @floating-ui/react-dom 1.3.0 (2.1.6 is available)
+ nodelite-2-htyl8TWnKL7K-ESFa1oW2UB5lVDxuF5DpM7tBi6Hu2LNL3mWkIzNLG6N4zoCUP1lCKNxWy-3iu8mS8MvToGd6w-- <- @pnpm/config.env-replace 1.1.0 (3.0.2 is available)
+ nodelite-2-hunMQrEy1T6Jr2uEVjrAIqjwWcQTgOAcIM52C8MY1EZSD3DDNft04XzvYKPqjED65bNVVko0YI38nYeEHCX3yw-- <- semver-regex 4.0.5
+ nodelite-2-hUrmaWBdVDcxvYqnyh09zunKzROWjbZTiNy8dBEjkS7ehEDQibXJ7XvlmtbwuTclUiIyN-CyXQD4Vmko8fNm8w-- <- why-is-node-running 2.3.0
+ nodelite-2-hVGvESPq0fk6ALWtomcwmgLvH8ZSVpcPjzi0AjPclB9FsVRgMtGZkUcpE0zgjOCFAznKepF4z3hX8z6e3HODdA-- <- micromark-extension-gfm-table 0.4.3 (2.1.1 is available)
+ nodelite-2-hvTm77Pf-pMBhuBm760Li0BVIO38jv1IBws1xFm1NoL26PU-fe-FMW5-VZWyANR6nYL65joaJKZqOdTQMkO9IQ-- <- @react-aria/ssr 3.9.10
+ nodelite-2-hVwwxPf41zOYgm4gdaZILCYnKB9Zap7Ys9OhY1hbwuAuC4MMNY9GpUjoTU3CQc3zUiPoYStyRtUGkHSJZ3HxBw-- <- @graphql-tools/graphql-file-loader 7.5.17 (8.0.1 is available)
+ nodelite-2-hvXcZvCaaEbCZcVzcY7E1uXN9xWZfFvkNHwbe-n4OkRhFWrs1J1QV-4U1BN06tXLdaS4DazEGXwgqnu-VMcmqw-- <- @next/swc-linux-x64-gnu 15.5.7 (16.2.0-canary.9 is available)
+ nodelite-2-hwawtob9DryoGTpixy1D3ZXbGgJu1Rhr-ySH2PvTLHvkZuQ7sRT4oQwMh0hbqZH1weAooedEjRsbrWcGLCeyVQ-- <- @changesets/get-version-range-type 0.4.0
+ nodelite-2-hx--upLv5U1rgYfwe1xBQUhRmU41NEvpUvrp8jkrSCdvGSnM5-qdRMtylJ6PG5OFkBaHkbTAKTnd3-YyESRHFw-- <- @babel/plugin-syntax-top-level-await 7.14.5
+ nodelite-2-hXdUTZYIVOt1Ex--jAQi-wTZZpUpwBj-0QsOzqegb3rGMMeJiSEu5xLHnYfBrRV4RH2-OCSOO95Is-7x1WJ4bw-- <- make-dir 4.0.0 (5.1.0 is available)
+ nodelite-2-hYje4L9JCmpEQBtudo-v52X5X8tgWXUYyPcxKSuxQNboqufecl9VMWjGiucAFH060AwPXHZuH-WB2rrqfkmafw-- <- ky 1.14.1
+ nodelite-2-i--ZKXMDf6aqYtBhuOcej71YSlbjT3wCO-4H1j8rPvxDJEifdwgg5MaFyu6iYAT8GBZJg2z0dkgK4YMzvURALQ-- <- moo-color 1.0.3
+ nodelite-2-i-2XbnSz-uxRCU6-NdVJgKWDTM427-MqYbkQzD321DuCQJUqOuJKIA0IM2-W2xtYHdKOmZ4dR6fExsd4SXL-WQ-- <- event-target-shim 5.0.1
+ nodelite-2-i-n8VsZydrugj3Iuzll8-x-00GH2vnYsk1eomD8QiRrSAeW6ItbCQDtfXCeJHd0iwiNagqjQkvpvREEPtW3IoQ-- <- style-mod 4.1.3
+ nodelite-2-i-XqgqRbcMn5gMwWGiA3W6lCTSDYdonDAgoJgNyRemQg7Zesnbd4OoJZfqyW6vN3wvD9Bl-gMb7gQ3VquNWUOA-- <- @clerk/types 3.57.0 (3.65.5 is available)
+ nodelite-2-i04rtkkcNcCf7zsQcSv-T9EbUn4RXQ6mropeMcjFOsQXQ0iGLAr-xT6TImQg4-U9hmNpN9XdvPkjUL1IzbgxJw-- <- c8 7.14.0 (9.1.0 is available)
+ nodelite-2-i1L7noDNxtFyL5DmZafWy1wRVhGehQmzZaz1HiN5e7iylJMSZR7ekOV7NsIqa5qBldlLrsKv4HbgFUVlQrz8Mw-- <- @braintree/sanitize-url 7.1.1
+ nodelite-2-i24m8rpwhmPIS4zscNzK6MSEhk0DUWa-8iYQWxhffV8jkI4Phvs3F-quL5xvS0gdQR0FyTCMMH33Y78dDTzzIw-- <- log-symbols 6.0.0 (7.0.1 is available)
+ nodelite-2-i2R6zNFDwgEHJyQUtJEk0XFi1i0dPFn-oqjK3-vPCcDeJvW5NQ83V8QbicfF1SupOaB0h8ntgBC2YiE7dfyctQ-- <- is-buffer 2.0.5
+ nodelite-2-i3eMG77UTMD0hZhgRS562pv83RC6ukSAC2GMNWc-9dieh--jDM5u5YG-NHX6VNDRHQcHwmsTHctP9LhbC3WxVw-- <- ts-api-utils 1.4.3 (2.5.0 is available)
+ nodelite-2-i5dLDDxwkFCbhjvL2pNjShsojoL3XHyDwsGv1jqETUoW-lzpBKKqNTUWgQwVAOa0tUm4BwekT455ujafi8payA-- <- codemirror 5.65.20 (6.0.1 is available)
+ nodelite-2-i5uvt8C3ikiWeNZSVZNWcfZPItFQOsYTUAOkcUPGd8DqDy1uOUikjt5dG-uRlwyvR108Fb9DOd4GvXfT0N2-uQ-- <- source-map 0.7.6 (0.8.0-beta.0 is available)
+ nodelite-2-i9TNZlsq4uoyqSbluIcZkmPL9Bfi3djVxRnofUHwvx-h6SRW3cwgBC5SML7vsDcWyukY0eCzVN980rqP6qNl9g-- <- @shikijs/themes 1.29.2 (3.22.0 is available)
+ nodelite-2-iAoY-qRhNH8a-hBvm3zKj9qQ4oc2-3w1unPJa2XvTK3XjeLXtzcCingVPw-9e5mn1-0yPqxcBGp9Jf0pkfMb1g-- <- @swc/types 0.1.25
+ nodelite-2-iAuRp-ESgJoRFJbSyaqsfvJDY6zzmFoEnL1gtz1-U8gKtGGj1p0CVlysuUAUjq95qlZESHINLThwJzNGmgGZxA-- <- hast-util-heading-rank 2.1.1 (3.0.0 is available)
+ nodelite-2-iAvUotm021kM33eCdNfwIN--F77-IADDSs58i-MDaOqFrVjZo9bAal0NK7HurRuWLLpF1iLX7gbWrjHjeo-YFg-- <- @aws-crypto/supports-web-crypto 5.2.0
+ nodelite-2-iBFR9GXIs0gCD-yc3hoNswViL1O5josI33dUqiNStFI-MHLCEPduasceAcazRH77YONKNiviHBV8f7OgcT4o2Q-- <- @graphql-tools/utils 10.11.0
+ nodelite-2-iBMyeEHxfVnIakwOuDXpVkc54HijNgCyQB2w0VfGQThle6NXn50zU6V-u-LDhxHcDUPojn6Kpga3PTAD8W1bQw-- <- character-entities 1.2.4 (2.0.2 is available)
+ nodelite-2-iBZ4F4wRbyORVsu0jPV7gXkOsGYjGHPmAyv-HiHG8gi5PtC9KI2j1-v8-tlibRvjoWX027ypmG-n0HtO5t7unw-- <- character-reference-invalid 2.0.1
+ nodelite-2-iCsytMg-N9-oFq6n-gFTvUYDZQOMK5kEdeYxmxt91fcJGycfxVP9CnrxoliM0oumFERba2i8ZtwRUCMhvP1LnA-- <- @babel/plugin-transform-modules-amd 7.27.1 (8.0.1 is available)
+ nodelite-2-iDf05JDQ7I0b7JEA-9IektxN-80a2MZ1ToohfmNS3rfeuQnIKI3IJlIafD0xu4StbtQTghx9T3Maa97ytkXenQ-- <- @algolia/autocomplete-shared 1.17.9
+ nodelite-2-iDStzcT1FJMzx-TjCOK--uDugSe-Mif-8a-T0htydQ3qkJGvSweTZpVYz4hpJH0baloSPiAFQdA8WslAgJphvQ-- <- is-arrow-function 2.0.3
+ nodelite-2-iDu1AtuRC2Z8XVs2SieZieVavF1FXPBX1C9pMexJh8Dx-Dd-3ZZ4nRQp-PU2Vk2rUHWuBz1wOyL4DcuhVnBXwg-- <- @microsoft/api-extractor-model 7.33.11
+ nodelite-2-iES0Skag9ERIF68aXadpO6dbXa03mNWK3sEqJaMnLNs-eC3l0lkImdfoy6Y09-SfkpawdAB4RjQ7PVA7TcVGdw-- <- @babel/helper-wrap-function 7.29.7 (8.0.0-beta.0 is available)
+ nodelite-2-iETxpjK6YoRWJG5o6hXLwvjYAoW-FEZn9os0PD-b6AP6xQwsa-Y7lCVgIixBbUPMfhu-i2LtdeAqVTgGlQarfA-- <- regexp-tree 0.1.27
+ nodelite-2-iJc4TwyANnOGR1OmWhsS9ayRS3s-XQ185FmuHObThD-5AeJCakAAbWv8KimMTt08xCCLNgneQwFp-JRJOr9qGQ-- <- cytoscape 3.33.1
+ nodelite-2-iKE9w-Z7xCzUMIZqdBsp6pEQvwuEebH4vdpjcDWnyzaI6yl6O9FHvVpmGelvEHNsoY6wGblkxR6Zty-h00WiSA-- <- safe-push-apply 1.0.0
+ nodelite-2-iKEoDYaRmd1mxM90a2OEfWhjsjPpYPuQ-lMYsoxB126-t8fw7ySEO48nmDg5COTjxDI65-Y2OWpeEHk3ZOe8zg-- <- check-error 1.0.3 (2.1.3 is available)
+ nodelite-2-iKnFXr7NkdZAIHiIWE-BX5ULi-ucVFYWD6TbAV-rZctiRTY2PL6tsIKhoIOaoskiWAkgu-VsbXgUVDNLHf-InQ-- <- @rollup/pluginutils 4.2.1 (5.4.0 is available)
+ nodelite-2-iKuQcq-NdHqlAcwUY0o-HL69XQrUaQdMjmStJ8JFmUaiiQErlhrmuigkg-CU4E2J0IyUKUrMAgl36TvN67MqTw-- <- cssom 0.5.0
+ nodelite-2-iMK1DOQxzzh2MBlVsU42G80mnrvUhqsMh74phHtDlrcTZPK0pH6o7l7DRshK-0YsxDyEuaOkziVdvM3T0QTzpw-- <- ora 1.4.0 (8.2.0 is available)
+ nodelite-2-iNEZv4IrLYPv64Q6k7EPpOCE-nuvGiKl7zxdq0WFuRPF5PAE9PRo2JGq-d8crLusM59BRemJ4eOqrFrC4wiQ-A-- <- @shikijs/engine-javascript 1.29.2 (3.22.0 is available)
+ nodelite-2-iO90scth9WAbmgv7ogoq57O9YpKmFBbmoEoCHDB2xMBY0--KVrqAaCDyCE16dUspeOvIxFFRI-0sEtqDqy2b4A-- <- @types/d3-color 3.1.3
+ nodelite-2-iOBWFgUX7caIZiuutICxVgX1SdxwAVFFKwt1EvMYYec-NWO5meOJ6K5uQxhrYBdQJne4KxiqZc-KptFOWFSI9w-- <- slice-ansi 7.1.2
+ nodelite-2-iODNfhXVLqc5LADs-Y6Oh5wJuK5ZcHbVng8aiK3y9pjMQdc5hLrBW0eFU6FtnpNrE6PoEg-MmFTU4waotj5WNg-- <- stylehacks 7.0.11
+ nodelite-2-iOiPUo-BGnZ6-54OsWxZidGCsdU8YbE4PSpdPinp7DeMtUJNJBoJ-ouUSTJjHkh1KntHaltHl-gDs2FC4i5-Nw-- <- text-segmentation 1.0.3
+ nodelite-2-iOqSav00cVxEEICeD7TjLB1sueEL-81Wpzp2bY17uZjZN0pWZPuo4suZ-61VujxmqSGFfgOcNuTZ85QJwNZQpw-- <- through2 4.0.2
+ nodelite-2-iOuIQDWDyjhv9qSDrj9aq-klt6F9z1p2otB3AV7v3zBDcL-x-OfGsvGQZZCcMZbUf4Ujw1xGNQkjvGnVT22cKg-- <- node-fetch-npm 2.0.4

Done in 2.3s
