Progress: resolved 1, reused 0, downloaded 0, added 0
Packages: +250
++++++++++++++++++++++++++++++++++++++++++++++++++++++++++++++++++++++++++++++++
Progress: resolved 250, reused 0, downloaded 250, added 250, done

dependencies:
+ nodelite-2-a-YrtMox4TBtId-AEwbA03VcJgtyW4dGBizPl7e88cTFULYsprgHWTbfyjSLyHeBcK-Q9JhXkt2ZXiwaVHoMzA-- <- postcss-normalize-timing-functions 6.0.2 (7.0.3 is available)
+ nodelite-2-a1iY62-a3yhZ7qH7cNUsxoI3U-0Fe9-RnuFrpTKr-0WVOzbKlSLojShCKe20aOD1Sppv-i8Zlq0pLDuTJnwS4A-- <- @types/oauth 0.9.1
+ nodelite-2-a1nzURqO7DDmnXqabFOliz908FRmIppkBKsJthS8rbe8hBEXwEwe4C3Pp33Z1JoFCYfVL4kTOMLKk0ZZxREIeA-- <- vite-hot-client 0.2.4 (2.1.0 is available)
+ nodelite-2-a39t9ApHNx2L4-HBnQKqxxHNs1r7KF-Intd8Q-g1bUh6q0WIp9voPXJ-x0j-ZL45KF1pJd9-q2jLIRMfvEshkA-- <- process-warning 5.0.0
+ nodelite-2-a4UGQaWPH59mOXUYnAG2ewncQS4i4F43Tv3JoAM-s2VDAmS9NsK8GpDMLrCHPksFT7h3K6TOoUNn2pb7RoXx4g-- <- yallist 3.1.1 (5.0.0 is available)
+ nodelite-2-a54IwgWPaeBCAAsv13YgmALOF1elABB08FxO9i-r4VFk5Vl4pKokRPeX8u5TCgSsPi6ec1otfLjdOpVcgbpshg-- <- markdown-it 14.1.0
+ nodelite-2-a5ERWK1kh38ExDEfoO6qUHJb32rd7aYmPHuyCu3Fta-cnICvYmgd2uhuKXvPD-PXB-gCEYYEaQdIRAjCOwAKNA-- <- oauth 0.9.15
+ nodelite-2-a8N9czmdnrjPHa3DeFlwqst5eaL5W8jYu3EBbTTkI5FHkfMhFZh1EGbku6jhHhIzTA6tquI2P42NtZ59M-H-kQ-- <- postcss-normalize-charset 6.0.2 (7.0.3 is available)
+ nodelite-2-aA4RyPcd3badbdABGDuTXCMTtOneUCAYH-gxoYRTZlIJdF0YPWuGqiAsIrhNnnqdXGswYk6dGujem4w80UJFhg-- <- finalhandler 1.3.2 (2.1.1 is available)
+ nodelite-2-aAcXm5OAfE-8IXkcZvCepKU3VzW1-39Fb5ZuqMtgI-hT8X2YgoMvBY5dLhq-cpOvw7Lk1nK-UF71aLG-ZnVYRA-- <- handlebars 4.7.7 (4.7.9 is available)
+ nodelite-2-aARqgq8roFBj054KvQr5f1sFu0D65G-miZRCuJyJ0G13Zwx7vRar5Zhn2tkQNzIXcBrNVsv-8stehpj-GAjgbg-- <- esbuild 0.19.12 (0.28.2 is available)
+ nodelite-2-abv-qOcuPfk3URPfDzmZU1LKmuw8kT-0nIHvKrKgFrwifol-doWcdA4ZqsWQ8ENrFKkd67Mfpo-LovbIUsbt3w-- <- merge-stream 2.0.0
+ nodelite-2-aBzdj76lueB6uUst5iAs7-0H-oOjqI5D16XUWxlWMIMROhcM0rfsNVk93zTngq1dDNpoXRr--Sus7ETAExppAQ-- <- detect-port 1.5.1 (1.6.1 is available)
+ nodelite-2-aDHYmhNIHR6iLw4ElWhf-tRqqaXwKnMl0YsQ-X105Zc4dQwe6yJpMrTN6BwOoESrkDjOYMOfORviSSLeDTJkdQ-- <- @csstools/postcss-color-function 4.0.7
+ nodelite-2-aF7yRQr-Q0O2-4pIXm6PZ5G-jAd7QS4Yu8m-WEeEHGnbo-7mE36CbLSDQiXYV8bVL3NfmdeqPJct0tUlnjVSnA-- <- mocked-exports 0.1.1
+ nodelite-2-afd4O7zpqHeRyg4PfDQsXmlDe2PfdHtJt6Akt8jOWaApLOZk5JXs6VMR29lz03pRe9mpykrRCYIYxaJYcfpncQ-- <- find-up-simple 1.0.1
+ nodelite-2-agE4QfB2Lkp9uICn7BAqoscw4SZP9kTE2hxiFI3jBPmXJfdqiahTbUuKGsMoN2GtqL9AxhYioAcVvgsb1HvRbA-- <- interpret 1.4.0 (3.1.1 is available)
+ nodelite-2-ahC5W1xgou-KTXix4sAO8Ki12Q-jf4i0-tmk3sC-zgcynshkHxzpXdImBehiUYKKKDwvfFiJl1tZt6ewscS1Mg-- <- array-buffer-byte-length 1.0.1 (1.0.2 is available)
+ nodelite-2-aIL5Fx7mawVa300al2BnEE4iNvo1qETxLrPI-o05L7z6go7fCw1J6EQmbK4FmJ2AS7kgVF-KEZWufBfdClMcPg-- <- etag 1.8.1
+ nodelite-2-aisnrDP4GNe06UcKFnV5bfMNPBUw4jsLGaWwWfnH3v02GnBuXX2MCVn5RbrWo0j3pczUilYblq7fQ7Nw2t5XKw-- <- media-typer 1.1.0
+ nodelite-2-aJEUyzZ6TzlsX2s5B4Of7lN7EQtAxvtradMMglCQDyaTFgse6CmtmdJ15ElnVRlCg1vpNyVtbem0PWzlNieZsA-- <- mdast-util-from-markdown 2.0.1 (2.0.3 is available)
+ nodelite-2-ak9Qy5Q7jYb2Wwcey5Fpvg2KoAc-ZIhLSLOSBmRmygPsGwkVVt0fZa0qrtMz-m6tJTAHfZQ8FnmB4MG4LWy7-w-- <- path-exists 4.0.0 (5.0.0 is available)
+ nodelite-2-aKmlCO57XFZ26wso4rJsW4oTUnrgTFw2jh3io7CAtO9w4UltBNwRXvXIVzzyfkaaLRo3nluP-19msA8vDUUuKw-- <- @hapi/hoek 11.0.2
+ nodelite-2-al6n-QEANGFOMf-dmUMsuS5-r9B06uwlyNjZZql-zv8J7ybHCgoihBNORZCY2mzUuAnomQa2JdhyHKzZxPCrFA-- <- tinypool 1.0.2 (1.1.1 is available)
+ nodelite-2-alb-j1NMrgQmSFyzTbN1-pvMPM-gdDw7YBuQ5VSgcFDypN3Ah0BzC2dTZbzwzaMdUVDszX6zH5MzjfVN1oGuww-- <- lightningcss-linux-x64-musl 1.28.2 (1.31.1 is available)
+ nodelite-2-aLkYj7zzgC3CSlEVOs84eBOEE3i9xZK2tdQEP-TOj2OFzMWCi9zjkRet82V3GGjecE--zFrCLKIykuaE0uM4bg-- <- @hapi/accept 6.0.1 (6.0.3 is available)
+ nodelite-2-aLnMXYPnzwwqhYSCyXfKkIkYgJ8zv9RK-roo9DkTXz38ynIhd9XCbN08s3MGvqL2MYGVUGdRQLL-JqBIeJhJBg-- <- @babel/plugin-bugfix-v8-static-class-fields-redefine-readonly 7.25.9 (8.0.1 is available)
+ nodelite-2-aLSROkEwirotxZ1pBaP8tugXRFCxW94gwrQLxXfrZsKkfjOYC1aRvAZuhpJOb5cu4IBTJdsCigUlf2iCOu4ZDQ-- <- @inquirer/editor 4.2.23
+ nodelite-2-anK8SWmNphkXdaKgz5hJvGa7l00qmcaUQoMYsBwDlSKFKjc6gjGXPDw3FNL3Nbwq5L8gE-RCbGqTw49FK5Qyvg-- <- micromark-util-chunked 2.0.0 (2.0.1 is available)
+ nodelite-2-anP1Z8qwhkbmu7MFP5iTt-wQKXgwzf7zTyGlcdzabySa9vd0Xt392U0rVmz9poOaBj0uHJKyyo9-upk0HrEQew-- <- picocolors 1.0.1 (1.1.1 is available)
+ nodelite-2-aOIos8bujGN93-8Ox-jPLh7RwVnPEysynVFE-fQZyg6jKELEHwzgKdLRFHUgXJL6kylijVSBC4BvN9OmsB48Rw-- <- parse-json 4.0.0 (8.1.0 is available)
+ nodelite-2-apbT31vsJVd18MabfPOnE977xgct5B1I-Jpf-Munw3n6kKb1MMuUmGGH-PT9Hm-fFs6fe61Q-EWnkrb4bNoNQw-- <- @csstools/postcss-relative-color-syntax 3.0.7
+ nodelite-2-aPDxUn5o3GhWdtJtW0svRC2SS-l8D9MAgo2-AWml-BhDImb27ALf04Q2d-AHqUUOc6RdSXFIBVa2gxzgMKgtZA-- <- preact-render-to-string 5.2.3 (5.2.6 is available)
+ nodelite-2-aQypoot0HPSJa6gDPEPTntc1GT6QINrSbgRlRhadGW2WaYqUK3tK4Bw9SBMZXhmxd3GeAlZjVcODHgiu-THY7A-- <- @poppinss/exception 1.2.1 (1.2.3 is available)
+ nodelite-2-ar0tjQfObzhSaW3C3QNmTc5ofj0hDoNQ5XWrCy6zDyabdr0TWhCkClp-rywGNj-odAFBVzzJrK4tEq5M4Hmu4w-- <- @typescript-eslint/visitor-keys 8.32.1
+ nodelite-2-arCGIcuNKjBoKAXD-y7XomR9gY6Mw7HnFBv5Rw7wQRvwYLR7gBAgV7Mb2QTyjXfTveBNFAtPt46-36vV9STLNg-- <- @rollup/rollup-linux-x64-musl 4.52.5
+ nodelite-2-aSff4zPII1u2QD7y-F8oDsz19ew4IGEJg9SVW-bqwpwtfFleiQDMdzA-R-UlWDzfnHFCxxleFT0PMIrR36XLNQ-- <- @babel/plugin-syntax-nullish-coalescing-operator 7.8.3
+ nodelite-2-aU5EJuIN2WDemCcAp2vFBfp-m4EAhWJnUNSSw0ixs7-kXbd6Pg64EmwJkNdFhB8aWt1sH2CTXrLxo-iAGV3oPQ-- <- mime-db 1.54.0
+ nodelite-2-auHyJ4AgMz7vgS8Hp3N6HXSmlMdUyhSUrfBF16w153rxtLIEOE-HGqaBppczZvnHLqQJfiHotCYpNhl0lUROFQ-- <- get-tsconfig 4.10.1
+ nodelite-2-aW35yZM6Bb-4oJlZncMH2LCoZtJXTRxES17vE3hoRiowU2kWHaJKFkSBDnDR-cm9J-9QhXmREyIfv0pji9ejCQ-- <- decompress-response 6.0.0 (7.0.0 is available)
+ nodelite-2-awConJSVCHVGND6x3tmMaKcQvwXLhjdkmomy2W-Goaui8YPgYgXJZewhg3fWC-DlfqqQuWg8AwqjGTD2nAPVWg-- <- global-prefix 3.0.0
+ nodelite-2-aX-y5pVRkfRnfmuX-OdbSdXvPe6ieKX-G2s7e98f4poJHnqH3281gDPm-metm6E-WRamfx7WC4HUqkWHfQHprw-- <- tough-cookie 4.1.3 (6.0.2 is available)
+ nodelite-2-ax7ZYomf6jqPTQ4-XCpUGyXKHk5WweS-e05MBO4-y3WJ5RkmPXNKvX-bx1behVILVwr6JSQvZAku021CHPXG3Q-- <- gzip-size 6.0.0 (7.0.0 is available)
+ nodelite-2-axfo-wxFVxnqf8RvxTzoAlzW4gRoacrHeoFlc9n0x50-7BEyZL-Rt3hicaED1-CEd7I6tPCPVUYcJwCMO5XUYw-- <- core-js-compat 3.33.2
+ nodelite-2-ayCKvm-phCGxOkYRSCM82iDwct8-EonSEgCSxWxD7ve6jHggsFl4fZVQBPRNgQoKiuV-odhFrGzQXZwbifC8Rg-- <- parse-json 5.2.0 (8.1.0 is available)
+ nodelite-2-aylIc7Z9y4yzHYAJNuESG3hfhC-0Ibp-MAMiaOZgNv4pmEdFyfZhhhny4MNiAfWdBQ1RQ2mfDWmM1x8SvGyp8g-- <- mdn-data 2.0.28 (2.27.1 is available)
+ nodelite-2-ayVFHdtZ-hsq1t2Dy24wCmGXGe4q9Gu3smhLYALJrr473ZH27MsnSL-LKUlimp4BWJqMDMLmPpx-Q9R3OAlL4g-- <- @eslint-community/eslint-utils 4.9.0 (4.9.1 is available)
+ nodelite-2-azpe59SQ48qG6nu2CzcMLbxUudtN-dOM9kDbUqGq3HXUJRlo7i8fvPoxQUzYgLZ4cMVmuZgm8vvBpNeRhd6XSw-- <- @babel/traverse 7.23.2 (8.0.4 is available)
+ nodelite-2-b-1eJOlsR9K8HJpow9Ok3fiWOWSIcIzXodvv0rQjVoOVNpWMpxf1wZNpt4y9h10odCNrqnYp1OBzRktckBe3sA-- <- uuid 9.0.1
+ nodelite-2-b-YyPmr6ldyNnM6sqYeMWE-bgJcJpO6yS4QD7ymxgH34GBPNDM-THBh8iunyvKIZztiwLH4CJZ0RxTk9emgpjw-- <- @babel/plugin-syntax-class-static-block 7.14.5
+ nodelite-2-b-zebfKCfRdgNJDknHCob3O7FpeYQN6ZG6YLExMcasDHsCXlsXCEuiPZeLnJLpwa5dvPetGlnGCiMHuLwGvFow-- <- @smithy/util-utf8 4.0.0 (4.2.0 is available)
+ nodelite-2-b0fUmaL-JbzDIQaamzpAFpTviiaU4cX3Qz8cuo14-HGBCwa0evEK0UYCBFY3n4cLzL8Op1BueeroUD2LYAIHbQ-- <- @docusaurus/core 3.7.0
+ nodelite-2-b0P0sZPKtyu8HkeRAfCq0IfURZK-SuwMjY1UXGBU27wpAiTwQAIlq56IbIO-ytk-JjS1fMR14ee5WBBfKi5J6A-- <- aria-query 5.3.0 (5.3.2 is available)
+ nodelite-2-b17KeDIQVjvb0ssuSDF2cYXSg2iztliJ4B9WdsuB6J952qCPKmnVq4DyW5motImXHDC1cBT-1UezrJVsKw5zjg-- <- websocket-driver 0.7.4
+ nodelite-2-b1A8D8ZzE-VhNDoV1MSJTnpKkCG5bJo-19R4o4oy03zM7ws8yEMK755j61Dc3EyvdysbqH5BOOTquJ7ZX9C6vQ-- <- @babel/plugin-transform-async-to-generator 7.22.5 (8.0.1 is available)
+ nodelite-2-b37-KR2i-khY5sKmWNVQAnitvquQbNdWy6lJdsr0kmquCKEEUgMKK4SboVM3HtfnZilfjr4MMQ7vY58FVWDtIA-- <- babel-plugin-polyfill-corejs3 0.10.6 (1.0.0 is available)
+ nodelite-2-b3rppTKm9T-PsVCBEOUR46GWI7fdOs00VKZ1-9c1EWDaDMvjQc6tUwuFyIprgGgTcWoVHSKrU8H31ZHA2e0RHA-- <- safe-stable-stringify 2.5.0
+ nodelite-2-b484I-7b8rDEdSDKckSSBA8knMpcdsXudlE-LNL639wFoHKwLbEkQFZHWEYwDC0wa0FKUcCY-GAF73Z7wxNVFA-- <- radix3 1.1.2
+ nodelite-2-b4inOtiaOnYf9KWyO3jAeeCG6FeyfY6ldiEPanbUjWd-xIk5wZeHa8yVwmrJ2vderhu-BQvzCrJI0lHd-wIiqw-- <- @radix-ui/react-compose-refs 1.1.0 (1.1.2 is available)
+ nodelite-2-b4JR1PFR10y1mKjhHY9LaGo6tmrgjit7hxVIeAmyMw3jegXR4dhYqLaQF5zMXZxY7tLpMyJeLjr1C4rLmkVe8g-- <- yocto-queue 1.1.1 (1.2.2 is available)
+ nodelite-2-b5OHmZ3vAgGrDn-X0kS-9qCfNKWe4K-jFnhwzVWWg0-k5eLa3060tZShrRg8Dja5kPc-YjS0Gc6y7cRr44Lpjw-- <- git-raw-commits 3.0.0 (4.0.0 is available)
+ nodelite-2-b6Ilus-c3RrdDk-JhLKUAQfzzgLEPy6wcXqS7f-xe1EETvsDP6GORG7SFuOs6cID5YkqchW-LXZbX5bc8j7ZcQ-- <- cac 6.7.14
+ nodelite-2-b6suED-5-3rTpUBdG1gupIl8MPFCAMA0QXwmljLhvCUKcUvdE4gWky9zpuGCcXHOsz4J9wPGNWq6OKpmIzz3hQ-- <- flat 5.0.2 (6.0.1 is available)
+ nodelite-2-b79V-BrG0gJ9zcRx1VGcCI6r6GEzzZUgiGEJVoq5gwzuB2Ig9Cax8dUuBauQCFKvl2YWSWyOc8mZ8HDaJOtkew-- <- @hapi/mimos 7.0.1
+ nodelite-2-b7uo2UCUOYZcnF-3ID0lulOJi-bafxa1xPe7ZPsammBSpjSWQkjNxlt635YGS2MiR9GjvuXCtz2emr3jbsz98g-- <- path-browserify 1.0.1
+ nodelite-2-b85NUNzTSdodShTIbky6ZF02e8STtVVfD-fu4aXXShEELpozH-bCpJLYMPZbsABN2wDH7fJpqIoXxJpzbf0NqQ-- <- timers-ext 0.1.7 (0.1.8 is available)
+ nodelite-2-b8um-L1RzM3WDSzvhm6gIz1yfTbBt6YTlcEKAvsmqCZZFw46z626lVj9j1yEPW33H5H-lBQpZMP1k8l-78Ha0A-- <- braces 3.0.2 (3.0.3 is available)
+ nodelite-2-b94GiNHQNy6JNTrt5w6zNyffMrNkXZb3KTkCZJb2V1xaEGCk093vkZ2jk3tpaeP33-OiXC-WvK9AxUebnf5nbw-- <- lazystream 1.0.1
+ nodelite-2-b9MIk7yhdS1pMCZM8VeNfUlSKVRhsHZNMl5O9SfaX0l0t5wjdgu4IDzGB8bpnGBBOjGST3rRFVsaaEtI4W6f7g-- <- @svgr/babel-plugin-add-jsx-attribute 8.0.0
+ nodelite-2-b9NGO6FKJeLGYnV7Z1yvcP1TNU4dkD5jNsLWOF1-sygZoASaQhNOlaiJ-1OH331YQ1R1oWk38nBb0frsYkDsOQ-- <- @aws-sdk/xml-builder 3.775.0 (3.972.2 is available)
+ nodelite-2-bAH5jbK-F3T3Jls4I0SO1hmPR0dKU0a7-SY6n1yzRtG54FLO8d6w-nxLFX2Nb7dBu6cCWXPaAME6cYqFUMmuCA-- <- ignore 7.0.3 (7.0.8 is available)
+ nodelite-2-bAnSuBop5LpAIUmmOSsuvtKAAKREB6BBIYStWUTGq8oG5q9fClDMMuY8i4UPI-cEcDx2TN-7PMnXYIId20UVDw-- <- postcss-discard-duplicates 7.0.0 (7.0.4 is available)
+ nodelite-2-bAxsR8BVfj60DWXHE3u30oHzfl4G7khkSuPW-qvpd7jFRHm7dLxOjUk1EHACJ-hxLY8phGJ0YhYHZo7jil7Qdg-- <- minizlib 2.1.2 (3.1.0 is available)
+ nodelite-2-bbAKTCqX5aNVryi7qXVMi-OkB3w-OyblodicMbvE38blyAz7GxXf6XYhklokijuPwwVg9sDLKRxt0ZHXQwZVfQ-- <- @types/node 22.17.0 (26.4.1 is available)
+ nodelite-2-bbMAII8GRSkcd0h0b4X-36GksxuheLFjP65ul9w6C3KgAamI3JqErNgSrosX6ZPj-Mpim5VvEbawXxJCyEUV3Q-- <- @babel/plugin-transform-class-properties 7.25.9 (8.0.1 is available)
+ nodelite-2-bbPBYYrtZbkt6Os6FiTLCTFxvq4tt3JKall1vRwshA3fdVztsLAatFaZobhkBC8-BrPetoa0oksYoKXoG4ryJg-- <- esbuild 0.25.12 (0.28.2 is available)
+ nodelite-2-bc25ZXPcY1r1D-7vyW-QxDICutYshY0xcRcbUHuhllt6EWE6V4Ds29igWs9rnoiRvCGrgJwxvbfGSEYeeaSvJg-- <- serverless-esbuild 1.55.0
+ nodelite-2-bC7ElrdJaJnPbAP-1EotYvqZsb3ecl5wi6Bfi6BJTUcNowp6cvspg0jXznRTKDjm-E7AdgFBVeAPVMNcKGsHMA-- <- debug 2.6.9 (4.4.3 is available)
+ nodelite-2-bCgsFI-GeGWPAvAiUv63ZorMeif3-U0zaXABGJbOWt5OH2KCaPHF6S-0ok4aqM9RuIPGyZdx9tR9l13PsW4AYQ-- <- parse-url 9.2.0
+ nodelite-2-bCYeRA2rVibKZd-s2625gGnGF-t7DSqDs4dP7CrLA1m7jKWz6pps0LpYLJN8Q64HtmPKJ1hrN3nzPNKFEKOUiQ-- <- is-potential-custom-element-name 1.0.1
+ nodelite-2-bdok-XvKII3nUpklnV6P2hxtMNrCboOjAcyBuQnWEhO665FwrSNRxU-AqpsyvO6LgGYPspN-lu5CLtw4jPRKNA-- <- normalize-range 0.1.2
+ nodelite-2-bEL-yUb-fNNiNTuUz979Z0Yg5L-LzLxGJz8x79lYmR54fmTIb6ob-hNQgkQnIUDWIFjZVQwl9Xs356I6BAMHfw-- <- archiver-utils 2.1.0 (5.0.2 is available)
+ nodelite-2-bEqo66MRXsUGxWHV5IP0PUiAWwoEjba4VCzg0LjFJBpchPaTfyfCKTG6bc5F8ucKec3q5y6qOdGyYTSBEvhCrg-- <- html-void-elements 3.0.0
+ nodelite-2-bfOjvNt-1AcbPLTFMFWY149nJz0OjmewJs3LQQ5pIyVGxP4CdOqNVJL6kTaM5c68p8q82Xv3nCyFfUnuEcH3UQ-- <- mdast-util-mdx-jsx 3.1.3 (3.2.0 is available)
+ nodelite-2-bIomtDF5KGpdogkLd9VspvFzk9KfpyyGlS8YFVZl7TGPBHL5snIOnxeshwVgPteQ9b4Eydl-pVbIyE1DcvCWgQ-- <- chownr 2.0.0 (3.0.0 is available)
+ nodelite-2-bJlen0FcuU-0EMLrdbJ7zOnW6ITZLrZMIarMUVmdKtsGvZna8vxKYaexICWPfZ8qwf9fzNq-UEIZrnSaApt6RA-- <- whatwg-fetch 3.6.2 (3.6.20 is available)
+ nodelite-2-bkFqkLhh3pMBUQQkpVgWDWq-lqzc2678eUyDlTBhRqhCHFguYYGM0Efga7tYk4TogG-3x0EEl66-OQ-WGbWB-Q-- <- @babel/types 7.28.4 (8.0.4 is available)
+ nodelite-2-bKr1DkiNa2krS7qxNtdrtHAmzuYGFQLiQ13TsorsdT6ULTkPLKuu5-GsFpDlg6JFjUTwX2DyhMPG2be8uPrqsQ-- <- web-namespaces 2.0.1
+ nodelite-2-bkXY9WsVpY7CvMhKSR6pZilZu9Ln5WDrKVBUXf2S443etkmEO4V58heTecXcUIsNsi4Rx8JUO4NfX1IcQl4deg-- <- builtin-modules 5.0.0
+ nodelite-2-bLGGlR1QxBcynn2d5YmDX4MGjlZvy2MRBDRNHLJ8VI6l6-9FUiyTFNJ0IveOSP0bcXgVDPRcfGqA0pjaqUpfVg-- <- sisteransi 1.0.5
+ nodelite-2-bLQOjaX-ADgQ20isPJRvF0iRUHIxVhYvr53Of7wGcWlO2jvtUlH5m87DsmulFVxRpNLOnI4tB6p-oh8D7kpn9Q-- <- yaml 2.5.1 (2.9.0 is available)
+ nodelite-2-bME5J9AC8ChwA7aEPJ6zym3w7aObZULHhbNLU0bKUhKsAkylkzUdq-0kdymh9rzi8nlNFl2bmldFBCKNJBUpuw-- <- @babel/plugin-transform-typescript 7.26.8 (8.0.0-beta.0 is available)
+ nodelite-2-bmkNc7z8Wn6kgjZmVHOX3SowGmVdhYS7yBpMnuMnPzDq-6xwVA604DuOXMZTO1lvq01g-Adfa0pE2UKGlxL1XQ-- <- micromark-util-decode-numeric-character-reference 2.0.1 (2.0.2 is available)
+ nodelite-2-bMn7RmyFjY-mdECUbgn9eoSY4vqvacUnS9i9vGAGttgFWesO6B4CYWA7XlpbWgBt71iv-hfbPlynohStqnu5hA-- <- @babel/helper-validator-option 7.22.15 (8.0.0-beta.0 is available)
+ nodelite-2-bmSKnDtyyE8ujHQK0RQJDIKhQ20Jq1LYiez54WiaOoBtcSuflfK3Nm596LvbtlFcpipMjgClQGyGr7GAs-H1uA-- <- postcss-minify-params 6.1.0 (7.0.9 is available)
+ nodelite-2-bMuzDgXBbFbByPgj--r6va8zNuIDUaIIbvAFgdO1t3zdgJZ77BZvu6dfWyd6gHEJnYzmeVr9ayUsAQL3-qLJ0w-- <- postcss-convert-values 7.0.0 (7.0.7 is available)
+ nodelite-2-bMxMKAjg13EBSVscxTaYA4mRc5t1UAXa2kXiGTNfZ079HIWXEkKmkgFrh-nJqamaLSrXO5H4WFFkPEaLJWbs3A-- <- arraybuffer.prototype.slice 1.0.3 (1.0.4 is available)
+ nodelite-2-bN798gFfQX-viw3R7yrGWRqnrN2oRkEkUjjl4JNn4E8GxxbjtG3FbrEIIY3l8-hrwUwIeCZvi4QuOTP4MErVug-- <- ansi-styles 6.2.1 (6.2.3 is available)
+ nodelite-2-bnVGB-mQBKEdzOU-CPmcOE3qEXxGOGGW7-i6iLl2MamVOykJq8fYjL9j86yi6L0r009ja16OgWckykQGc4UqGw-- <- @rspack/binding-linux-x64-musl 1.1.8 (1.2.0-alpha.0 is available)
+ nodelite-2-bpC7GYwiDYQ4wYLe-FA8lhRjhQCMcQGuSgGGqDkg-QerRWw9CmGRT0iSOVRSZJ29NMLZgIzqaljJ63oaL4NIJQ-- <- path-exists 3.0.0 (5.0.0 is available)
+ nodelite-2-bRISgCIjP20-tbWSPWMEi54QVPRZExkuD9lJL-UIxUKtwVJA8wW1Trb1jMs1RFXo1CBTNZ-5hpC9QvmKWdopKw-- <- @jridgewell/resolve-uri 3.1.2
+ nodelite-2-bRZIyMkoe212ahGJTE32cr2dLkJw53Va-Uw5mzsBKpcef9zCGQ23k-xtpQUfGwdWPKvCIlR8CzFwchs2rm2XpQ-- <- yup 1.0.0 (1.7.1 is available)
+ nodelite-2-bS9MVObUgE7ww36HEfwe6g9WakQ0KF07mQF74uuXdkoziUPfKyu-nIm663kz--e5O1nPInPFx36z7WJmJ4yNEw-- <- @babel/plugin-transform-modules-umd 7.25.9 (8.0.1 is available)
+ nodelite-2-bsTwuIg-BZZK-vreVTYYbSWoe2F-71P7K5QGEX-pT250DZbfU1MQ5prOKpPR-LL6uWKK3KMwMCAS74QB3Um1uw-- <- caniuse-api 3.0.0
+ nodelite-2-bsUlZSizTXZ8Pehdatcioi8VphxYn7fRjo5L083peOvBjoL-9WSGyP74PLrFLNwA35QxddwOqgnpQZoE1heuPQ-- <- @aws-sdk/token-providers 3.279.0 (3.975.0 is available)
+ nodelite-2-bSVhyJGL00wMVoPUzAVAnbEoWyqRxkjv64tUl427SKnPrENtq6hJwUojroMz2VB-Q1edmi4IfrAPpami5VVgMQ-- <- postcss-load-config 4.0.2 (6.0.1 is available)
+ nodelite-2-bTlAFB-FBYMcuX81gbL4OcpH5PmlFHqlCCpAl8AlEzMz5k53oNDvN8p1PNOWLEmI2x4orp3raOFB51tv9X-MFQ-- <- typed-array-byte-offset 1.0.4
+ nodelite-2-bTRT9YLZ-8I-wYWKMQke18-PF9MV8Qub34Sku6aw-vlZ-U-kuEuRpQ8bTcNOjaTSfYsWkK4tTwDMHK2p5S86cA-- <- @docusaurus/plugin-sitemap 3.7.0
+ nodelite-2-btXCnMmRIBINM2LDZoEmOogIZU7Qe7zn4BpomSKZ-ykbLObuBdvG-mFq11DL6fjH1DRwHhrlgtYWG96bJiC7Cg-- <- rc9 2.1.2
+ nodelite-2-buewHzMvYL29jdeQTVILecSaZKnt-RJWjoZCF5OW60Z67-GmSLBkOFM7qh1PI3zFNtJbaZL5eQu1vLfazOwj4g-- <- formdata-polyfill 4.0.10
+ nodelite-2-buRG0fpBtRHSTCOASe6hD258tEubFoRLb4ZNA6NxMVHNw2gOcwHo9wyablzMzOA5z9xA9L1KNjk-Nt6MT9aYow-- <- forwarded 0.2.0
+ nodelite-2-buzyCfeoGY-PxKqmBqn1IUJrZnUi1VVJTdSSRPGI60tJdUhUoSQFhs0zycJokDdOznQentgrpf8LayEHyyYlqQ-- <- npm-pick-manifest 11.0.3
+ nodelite-2-bVWawvoZoBYpp6yIoQtQXHZjmz35RSVHnUOTefl8Vcjr8snTPY1wnpSPMWekcFwbxI6gtmT7rSYPFvz71ldiOA-- <- pure-rand 6.1.0 (7.0.1 is available)
+ nodelite-2-bW41aWLYgBv-coJUIT85mkN3kk1VBKsM8tlwB5S-s446Mgc7r8t5TX7kA8kCR2UbwDedOK51i-85-x-rM0ZXbg-- <- @algolia/monitoring 1.20.2 (1.57.0 is available)
+ nodelite-2-bwy0MGW55bG41VqxxypOsdSdGqLwXPI-focwgTYCFMbdUiBAxLg9CFzG08sz2aqzknwiX7Hkl0bQENjg8iLByw-- <- detect-libc 2.0.3 (2.1.2 is available)
+ nodelite-2-bwZdv0AKLpplFY2KZRX6TvyuN7ojjr7lwkg6ml0roIy9YeuSr7JS372qlNW18UQYzgYK9ziGcerWqZOmEn9VNg-- <- which-boxed-primitive 1.0.2 (1.1.1 is available)
+ nodelite-2-bXE4cR-kVZhKZX-RjPEflHaKVhUVl85noU3v6b8apfQEc1x4A-zBxjZ4lN8LqGd6WZ3dl98pY4o717VFmoPp-A-- <- zwitch 2.0.4
+ nodelite-2-bxveV4V8v5Yb4ncFTT3rPSgZBOpCkjfK0y4oVVVJwIuDVBRMDXrPyXRL988i5ap9m9bnyEEjWfm5WkBmtffLfA-- <- @humanwhocodes/module-importer 1.0.1
+ nodelite-2-bXYxrXFubeYdvB0NhD-NBB3Qi6aZeV20GOWVI47t2dkecCEoneR4NPVcb7abpXDEvejgrUfFtG6vG-zxAKmg-g-- <- @babel/core 7.27.4 (8.0.1 is available)
+ nodelite-2-bYkI5lMzL4kPii4HHEEChkD0rkc-nvnlR6-o-qdqR6zrm0Sv-nodmyLhlq2DO0YKLUNd2VePmPRjJXSBh9OIdA-- <- @babel/plugin-transform-typeof-symbol 7.22.5 (8.0.1 is available)
+ nodelite-2-byy-U7gp-FVwmyzKPYhW2h5l3crpmGsxl7X2s8y43IgxvG4g3QZ6CffDtsNQy1WsmZpQbO-ybo0AlW7TY6DcBQ-- <- object.assign 4.1.5 (4.1.7 is available)
+ nodelite-2-bzyZ1e88w9O1iNJbKnOlvYTrWPDl46O1bG0D3XInv-9tkPrxrN8jUUTiFlDkkmKWgn1M6CfIA13SuGqOa9Korw-- <- signal-exit 4.1.0
+ nodelite-2-c-0fWy3Jw6Z8L9FmTyYfkpM5zklnqqa9-a6dz3DvONRKW2NEbh46BP0FHuLFSWi2TnQEtp91Z6zOWNrU6QiyPg-- <- @vue/shared 3.5.16 (3.5.27 is available)
+ nodelite-2-c-c15i26VrJ4IRt5Z89DnIzCGDn9EcebibhAOjw5ibqEHsE1wLUgkPn9RDmNcUKyU87GeaL633nyJ-pplFR2ZQ-- <- globals 16.5.0
+ nodelite-2-c1PTsA3tYrIsLGkJkzHF-w9F2EyxfXGo4UyJc4pFL--FMjnq0HJS69T3M7d--gKrFKwy429bouPescbjecU-Zw-- <- trim-newlines 3.0.1 (4.0.2 is available)
+ nodelite-2-c3mAZEuK0lvBp8tmuL74XRKn1-y2dcwOUpH7x4WrF6gk1GIgiluDRgMYQtw2OFcBvAJWlt6ASU3tSqxp0Uu0Aw-- <- @types/istanbul-reports 3.0.1 (3.0.4 is available)
+ nodelite-2-c4FRfUm-dbcWZ7U-1Wq0AwCyFL-3nt2bEw05wfxSz-DWpWsitgmSgYmy2dQdWyKC1694ELPqMs-YzUSNozLt8A-- <- node-fetch 2.7.0 (3.3.2 is available)
+ nodelite-2-c4MPUaJt2G6gGpoiwIOqDfUa98c1J63RpYvf-spQEKOtC-tF5Gfqlxuq8FnAl5lHnrqj1B9ZXLLxFhHtDR0IiQ-- <- @aws-sdk/util-endpoints 3.272.0 (3.972.0 is available)
+ nodelite-2-c4pB2CdGrGdjMKYLA-XiRDO7Y0PRQbm-Gzg8qMj-QH-pFVAoTp5sBpO0odL3FjoPCGjK96p6qsP-yQoiLoOBcw-- <- lodash.union 4.6.0
+ nodelite-2-c4Y1D2Why-PeccaSouXnTt6WcNHJkoJRidV2VW9s5gJ97cNxnLgQ4Qj8qOqkIR9VmTQKJyNcbF4hy79ZQnWD7A-- <- @csstools/postcss-trigonometric-functions 4.0.6
+ nodelite-2-c5AMf34bKdvPhQ7tBGhqkgKNUzMr4WUs-WDtC2ZUGOUncbxKMTvqxYctiseW3-L4bA8ec-GcZ6-A-FW4m8ukng-- <- array-ify 1.0.0
+ nodelite-2-c5Pr3EG8UP5ollkJy2x-UdEQC5sEHe3H9whYn6hb2HJimAKS4zmoJkx5acCiR-g4P38RnCSMlsYQyyHnKYeLvQ-- <- @npmcli/arborist 9.1.6
+ nodelite-2-c7-7RQ-dMB5dPwwCp4ee1-iV-q2P6aK1mTZcfr1BTuVlyW9hJYiMPybJCcnBlQtuSmTIWNeazm-zqNoZSSElBg-- <- nanoid 5.1.6
+ nodelite-2-c8eMDb1WwZcE02WVjHoOmUVk7fnKU-RmUcosHACglrWAuPQsEJv-E8430sXj6jNc1jHw0zrS16aCjQh4BcEb4A-- <- multipasta 0.2.5 (0.2.7 is available)
+ nodelite-2-ca9pw9fomFcKPvFLXhBKUK90ZvGibiGOvRJNbjljY7s7uq-5YO4BOzcYtJqExdx99rF6aAcnRxHmcUHcz6sQsg-- <- esquery 1.6.0 (1.7.0 is available)
+ nodelite-2-cbH9IAIJHNj9uXi196JVsRlt7cHKak6u-e6AkL-bkRelZ7rlL3X1YKxsZwa36xipOEKAsdtmaG6aAJoM1fx2zA-- <- package-json 8.1.1
+ nodelite-2-cbqHunsQWnJNE6KhVSMsMeH5H-L9EpymbzqTQ3uLwNCLZ1Q481oWaofqH7nO6V07xlXwY6PhQdQ2IedWx-ZK4Q-- <- spdx-expression-parse 3.0.1 (4.0.0 is available)
+ nodelite-2-cBz3tOCI5Fw6NIFEwU3RiwK6mn3nKegjpJuzCndoGq3BZPkUjnsq7uQmIeMNeMbMk7YD2MfKcgCpZwX5jyXqCA-- <- @csstools/postcss-unset-value 4.0.0
+ nodelite-2-cBznnQ9KjJqU67B52RMC65CMarK2600WFnbkcaiwWq3xy-5haFJlshgnpjovMVJ-Hff49d8GEn0b87C5pDQ10g-- <- semver 5.7.2 (7.8.5 is available)
+ nodelite-2-cc8oEVoctTvsFZ-Oje-kGnHbpWHYBe8IAJe4C0QNc3t8uM-0Y8-erSz-7Y1ALuXTEZTMvxXwO6YbX1ey3ujiZw-- <- lazy-ass 1.6.0
+ nodelite-2-cD31W1v3GqUlQvbBCGcXmd2Nj9SvLDOP1oQ0YFuLETufzSPaKp11rYBsSOm7rCsW3OnIRAFM3OxRhceaXNYHkA-- <- configstore 6.0.0 (7.1.0 is available)
+ nodelite-2-cdeYyv4KWoEgpBISTxWvqYsVy444DOqehiF3fM3ne10AmJ62RSyNkUnxMJXHQWRQQX2eR94m5y1IZyDwBjV9FQ-- <- @types/connect 3.4.35 (3.4.38 is available)
+ nodelite-2-cdGef-drWFoydD1JsMzuFf8100nZl-GT-yacc2bEced5f9Rjk4z-WtFUTBu9PhOi9j-jfmBPu0mMEY4wIdAF8A-- <- process 0.11.10
+ nodelite-2-cE1qsB-VwyQozZ-q1dGxR8LBYNZeofhEdUNGSMbQD3Gw2lAzX9Zb3uIU6Ebc-Fmyjo9AWWfnn0AUCHqtevs-8g-- <- fd-slicer 1.1.0
+ nodelite-2-ceqxoedUrcayh7Y7ZX6NdbbDzGROiyVBgC4PriJThBKSVPWnnFHZAkfI1lJT8QFkOwH4qOS2SJkS4wvpGl8BpA-- <- esbuild 0.18.20 (0.28.2 is available)
+ nodelite-2-cf6L2Ds3h57VVmkZe-Pn-5APsT7FpqJtEhhieDCvrE2MK5Qk9MyffgQyuxQTm6BChfeZNtcOLHp9IcWRVcIcBQ-- <- iconv-lite 0.7.0 (0.7.3 is available)
+ nodelite-2-cfMtsDwXUsjfWrGk-ISo78xBatnuN-3bQmkK1fxneQAKVGXEzizeQtvY5MIQG8njrtgJ3qkSh8e02UZZCdHKMA-- <- floggy 0.3.5
+ nodelite-2-cgwlv-1iFQiFnU96XXgROh8xTeetsnJiDsTc7TYCLFd9--WNkIqPTxiM-8pSd8VIrhXGTf1Ny1q1hquVqDJB5w-- <- domhandler 5.0.3
+ nodelite-2-chi4NHZlZqZD18a0imDHnZPrDeBbTtVN7GXMwuGdRH9qotxAjYs3aVLKc7zNOG9eddR5Ksd8rvFEBc9SsggPpg-- <- lodash.isarguments 3.1.0
+ nodelite-2-cjkyv4OtNCIeqhHrfS81QWXoCBPExR-J62oyEqepVw8WaQeSqpW2uhuLPh1m9eWhDuOo-jUXVTlifvesOWp-4A-- <- acorn-walk 8.3.2 (8.3.5 is available)
+ nodelite-2-cjQ7ZlQ0Mv3b47hABuTevyTuYN4i-loJKGeV9flcCgIK37cCXRh-L1bd3iBHlynerhQ7BhCkn2BPbQUL-rGqFg-- <- @babel/code-frame 7.27.1 (8.0.0-beta.0 is available)
+ nodelite-2-cKUwm-HUcTDsYh-9FgnuFqpfquUbwIqwKM26BVCGDPVgvaCl-nDCCjUfiLlx6lsEZ3Z4RFxNbOQ60pkaEwFxGw-- <- estree-util-attach-comments 3.0.0
+ nodelite-2-cl669nCJTZBsL97OF4kUQm5g5hC2uihk0NxY3WENAC0TYdILVkAyHymAntgxGkl7K-t0cXIrH5siy5S4XkFycA-- <- acorn 8.14.0
+ nodelite-2-cnE-y8bz4NhMjISKbgeVJtqNbtf5QpjZP-Bslo-UqkIt9QPnX9q095eiRRASJG1-tz6dlNr6Z5NsBiWYokp6EQ-- <- regjsparser 0.12.0
+ nodelite-2-cnGk8GDfTMJ8p7-qSk92QlIk2bmTmFJqhYxcXZ9PysjZtx0xmfCMxnG3Hjy1oU2mt5boPCVSOptqtWixayM17g-- <- @aws-sdk/signature-v4-multi-region 3.775.0 (3.972.0 is available)
+ nodelite-2-cNOjgCnLB-FnvWWtyRTzmB3POJ-cXxTA81LoW7u8JdmhfXzriropYwpjShnz1QLLWsQwY7nIxoDmcPTwphDK9w-- <- lines-and-columns 2.0.3 (2.0.4 is available)
+ nodelite-2-cOsrbmIOXmf-5YbL99-S49Y3j46k-T16b9ml8bm9lP6N9US5iQ2yBK7gpui1pg0V-WMcXdkfKbTb7HXq9u-v4g-- <- @babel/plugin-transform-block-scoping 7.23.0 (8.0.1 is available)
+ nodelite-2-couX95waDu98NfNZV-i-iLt-fdVxmI7CbrrdC2uDWfPdUAApyxT4wmDlyOtR5KtTDmkDO0zDScDjDou9YHhd9g-- <- p-retry 5.1.2 (6.2.1 is available)
+ nodelite-2-cOYcUWwhCuHCXi49RhFRCyJEK3iPj1Ziz9DpViV3tbZOwXD49QzIN3MpOLJNxh2qwq2lJJZaKMVw9qNi4jTC0w-- <- spdx-correct 3.1.1 (3.2.0 is available)
+ nodelite-2-cOZFQQozTha1f4MxLFzlgKYPTyj26picdZTx82hbc-Xf4K-tZOOXSCkMvU4pKioRXGDLJRn0GM7Upe7kR721yg-- <- is-map 2.0.2 (2.0.3 is available)
+ nodelite-2-cPJU47OaAoCbg0pBvzsgpTPhmhqI5eJjh-JIu8tPj5q-T7iLvW-JAYUqmE7KOB4R1ZyEhzBaIQpQpardBF5z8A-- <- fflate 0.8.2
+ nodelite-2-cRzEj7c0OL4Mw2v6nwzttyOZe8XY-Z8G0rzmWQZTBi-jjwyw-U4uqKtUORXQrR5bAZZnbTI-feRV-R7hc4jQYQ-- <- micromark-factory-space 1.1.0 (2.0.1 is available)
+ nodelite-2-cvcaMr7KqXVh4nyzGTVqTum-gAiL265x5jUWQIDLq--zOGbW-gSW-C-OWLleY-rs9Qole6AZLMXPbtIFQbqu-Q-- <- envinfo 7.13.0
+ nodelite-2-cyA56iCMHAh5CdzjJIa4aohJyeO1YbwLi3Jc35MmRU6poroFjIGZzUzupGiRPOjgHg9TLu43xbpwXk523fMxKA-- <- is-typedarray 1.0.0
+ nodelite-2-cybjIfiiE-pTWicSCLFHSrXZ6EilF30oh91FDP9S2B051prEa7QWfrVTQm10-dDpswBDXZugPa1Ogu8Yh-HV0Q-- <- fs-monkey 1.0.3 (1.1.0 is available)
+ nodelite-2-cYQ9310grqxueWbl-WuIUIaiUaDcj7WOq5fVhEljNVgRfOUhY9fy2zTvfoqWsnebh8Sl70VScFbICvJnLKB0Og-- <- @jridgewell/sourcemap-codec 1.5.5 (1.6.0 is available)
+ nodelite-2-cZUy1gUvd4vttMic7C0lwPed8IYXWYp8kHIMatyhY8t8n3Cpw2ILczkV5pGMPqef7v0bLo0pOHrEHarsau2Ydg-- <- @octokit/core 5.0.2 (7.0.6 is available)
+ nodelite-2-d-7uyOEs3SBk38i2TL79N6mFaP7J4knc5lPX-W9od-jplXZhnDdl5ZMh2u2Lg7JxGV-l33Bd7h-xwv4mr21zag-- <- @docusaurus/faster 3.7.0
+ nodelite-2-d-Hs3nWDxNL2xAczmOVZNj92YZCS6RGxfBPjKzuu-XirCgXdpKEb88dYNbrYGint6IVWLNP-yonwVAuRC0T2Dg-- <- @types/serve-index 1.9.1 (1.9.4 is available)
+ nodelite-2-d1VudCLoIGitcU-hEg2QqvyGZQmdC0Lf8BqdOMXGFSvJP4bNV1-XqbPQeHHLD51Jh4QJJ225dlIFvY4Ly6MXmQ-- <- regenerate-unicode-properties 10.1.0
+ nodelite-2-d2V7kfxbdsjrDSGlJE7my1ZzCXViEcqN6w14DOsDrUCHEA6vbnVCpRFfrc4ryCP-lCKzX2eS1YtnLE-BuC9f-A-- <- @vue/compiler-ssr 3.5.16 (3.5.27 is available)
+ nodelite-2-d65bNlIadxvpb-A2abVdlqKqV563juRnZ1Wtk6s1sIR8uNsXR70xqIzVqxVf1eTqDunwT2MkczEeaezCKTZhwA-- <- gopd 1.0.1 (1.2.0 is available)
+ nodelite-2-d7Uw-eZoloe0EHDIYoe-bQ5WXnGMOpmiZFTuMWCwpjzzkL2nTjcKiAk4hh8TjnGye2TwWOk3UXucZ-3rbmBa8Q-- <- possible-typed-array-names 1.0.0 (1.1.0 is available)
+ nodelite-2-d8waShlpFDinQ5MtvGU9xDAOzKH47-FFoney2baFIoMr952hKOLp1HR7VszoZvOsV-4-RRszNY7D17ba0te0ig-- <- @babel/plugin-syntax-logical-assignment-operators 7.10.4
+ nodelite-2-dATvCeZN-8wQsGywez1mzHtTlP22H8OEfPrVMLNr4-eGa-ijtLn-6M5f0dY8UKNrC2O9UCU6SSoG3qRKnt7STw-- <- package-json-from-dist 1.0.0 (1.0.1 is available)
+ nodelite-2-dbeOK84F6BiQzk2yqqCVwCPWTxAvVGJ3fMQc6E2wuEohS28mR6yHngbrKuVCK1KHRx-ccByDylqu4H5PCP2urQ-- <- fs-jetpack 4.3.1
+ nodelite-2-dBVuXR082gk3jsFp7Rd-JI4kytwGHecnCoTtXFb7DB6CNHp4rg5k1bhg0nWdLGLnOV71lmDzGQaLMy8iPLY0pw-- <- @discoveryjs/json-ext 0.5.7 (0.6.3 is available)
+ nodelite-2-dcmVAzSn8jmjuTPejP-6VKbTHYh80mFUUuIPSyaRQBaQG2zXac11W5MNs0Xkk7TvJFPp8cB0LWQVZYpofpMN4g-- <- @hapi/h2o2 10.0.1
+ nodelite-2-dcS1ul-9tmeD95T-x28-ehLgd9mENa3LsvDTtzm3vyBEO7RPptvAD-t44WVXaUjTBRcrpFeFlC8WCruUR456hw-- <- kind-of 6.0.3
+ nodelite-2-dcyqhDvX1C46lXZcVqCpK-FtMRQVdIMN6-Df5js2zouUsqG7I6sFxitIC-7KYK29KdXOLHdu9zL4sFnoVQnqaA-- <- ieee754 1.2.1
+ nodelite-2-dDLF8pEO191hJMtlHFPRa8xsizHaM82MLfNkUHdUtVEV3tgTp5oj-8qbEqYM57SLfc74KSbw--4SeJma2LRVIw-- <- postcss-js 4.0.1 (4.1.0 is available)
+ nodelite-2-deG2P0JfjrTxl50XGCDyfI97ZGVCxIpfKYmfyrQ54n5FO-0gfIES8C-Psl6kWVDolizcaaxZJnTS0QSMxvnsBQ-- <- follow-redirects 1.15.11
+ nodelite-2-dEnYD-9BBgld5VBXHnF-DbYGp3fqGMsyxKbtD1mDyIA7AkTSpKXFhCVuj-oQVOoALfBs77DudA0BE4d5mcpmqw-- <- @babel/plugin-transform-duplicate-keys 7.22.5 (8.0.1 is available)
+ nodelite-2-dFcAjpTQFgoLMzC2VwU-C-CbS7uRL0lWmxDITmqm7C-7F0Odmj6s9l6alZc6AELXhrnggM2CeWSXHGOdX2YtwA-- <- https-proxy-agent 5.0.1 (7.0.6 is available)
+ nodelite-2-dgQEX5Amaq-DuUqf26jJqSK9qgixgd6rYDHAv4aTBuA92cTknZlKpPfa86Z-s8Dj8xsAQpFfBmPUHWJBWqS4Bw-- <- mdast-util-gfm 3.0.0 (3.1.0 is available)
+ nodelite-2-dhG34DXATL5hSxJbIexCft8FChFXtmskoZYnoPWjXQuebWYCNkVeV3KkGegCK9CP1oswI-vQibS2GY7Em-sJJA-- <- klona 2.0.6
+ nodelite-2-dhKf903U-PQZY6boNNtAGdWbG85WAbjT-1xYoZIC7FAY0yWapOBQVsVrDl58W86--e1VpMNBtRV4MaXfdMySFA-- <- rxjs 7.8.2
+ nodelite-2-djYB-Zx2vLewY8RWlNCUdHjDXs2XOgm602S9E7P-UpHgfeHL00cRiIF-IN-G-aUJ7kGPb6yO-ErDI5V2s8iycA-- <- array.prototype.flat 1.3.2 (1.3.3 is available)
+ nodelite-2-dkdMCN3py0-ksCgYmGG8jKeGA-8Tk-gJwSYYlFGxG5lmhfKNoAy004YpLxpS1W2J8m-EK2Ew-yOs9pVRwO89mg-- <- @babel/highlight 7.22.20 (7.25.9 is available)
+ nodelite-2-dKp-C4iXWK4vVYZmYSd0KBH5F-h1HoZRsbJ82AVKRO3PEo8L4lBS-vLwhVtpwwuYcoIsVY-1JYKR268yn480uQ-- <- printable-characters 1.0.42
+ nodelite-2-dktP3RMuwRB4pnSDocKpSsW5Hq1IXRW6fONkHhxT5EBIXsKZzdQuI70qtub1XN2dtZdkJWWxfBm-Q-kN-vRYFA-- <- react-tweet 3.2.1
+ nodelite-2-dKx12eRCVIzqCxFGplyFKJMPvLEWgmNtUrpTiJIR5u97zEhRG8ySrtboPHZXx7daLxQVrl643cTzbab2tkQjxg-- <- for-each 0.3.5
+ nodelite-2-dLaj94s93NYLqjLiyFzVs9X6dWhTdAlEAciC3Moq7gzAc13VJUdCnjjRurNM6uTLFATRHexHCTu-Xp3eW6yoog-- <- @vue/runtime-dom 3.5.13 (3.5.27 is available)
+ nodelite-2-dLitG79d-GV1Nb-VYcCDFivJeK1hiukt9QjRNVOsUtTy1rR1YJsmpGGTZ3qJos-uw7WmWF4wUwBd9jxjocFC2w-- <- chalk 5.3.0 (5.6.2 is available)
+ nodelite-2-dlrahRmxP22bX6iKEjOM-c8-1p-81asjKT-V5lrgOH944ryx-OHpclnIbGsKVd3uWOXFLYJwCVf0eEkJGvO96g-- <- postcss-svgo 6.0.3 (7.1.3 is available)
+ nodelite-2-dMFkUBgh2Bxuw8fYZQoH-u3H4afQ12VSkzEi--qFiDTwbKYq-u-RYjc8GLDM6JSK1BShMu5AVR7HD4ap1TYUnA-- <- @aws-sdk/util-user-agent-node 3.782.0 (3.972.2 is available)
+ nodelite-2-dMOtzCEd3ABUeSIISmrETiKuyydk1w0pa-gE-uormcTpSYuaNJPbX1NU3JLyscSLjwAQM8bWMhhIlnCqnRvDTw-- <- hastscript 8.0.0 (9.0.1 is available)
+ nodelite-2-dnlgjFSVetynI8nzgJ-qF62efpglpWRk8isUEWZGWlJYySCTD6aKvbUDu-zbPeDakk3bg5H4XpitHukgfL1m9w-- <- ts-api-utils 2.0.1 (2.5.0 is available)
+ nodelite-2-dOESqjYr96iWYylGObzd39EuNTa5VJxyvVAEm5Jnh7KGo75V43Hk1odPQkNDyXNmUR6k-gEiDVXnjB8HJ3crXw-- <- strip-final-newline 3.0.0 (4.0.0 is available)
+ nodelite-2-dOy-3AuW3a2wNbZHIuMZpTcgjGuLU-uBL-ubcZF9OXbDo8ff4O8yVp5Bf0efS8uEoYo5q4Fx7dY9OgQGXgAsQA-- <- color-name 1.1.4 (2.0.2 is available)
+ nodelite-2-dPEtOeMvF9VMcYV-1Wb8CPoVAXtp6MKMlcbAt4ddqmGqUJ6fQZFXkNZNkNlfevtNkGtaSoXf-vNNNSvgrdXwtA-- <- node-forge 1.3.1 (1.3.2 is available)
+ nodelite-2-dq-qelQ9akHpcOl-gUVRTxVIOkAJ1wR3QAvb4RsVjS8oVoFjDGTc679wJYmUmknUF5HwMLOgb5O-a3KxfWapPQ-- <- media-typer 0.3.0 (1.1.0 is available)
+ nodelite-2-dQHFo3Pt4-NLlG5z4PxZ-3yZTZ1C7s9hveiOj-GCN-uT109NC2QgsoVZsVOAvbJ3RgKkvyLGXZV9-piDpWbm6A-- <- jest-diff 30.2.0
+ nodelite-2-dQjSq-7HaSjRM43FFGnv5keM2HsxpmyV1PfaSVm0nzzjwwTmjOe6J4bC8e3-pTEIgHaHj-1ZlLThRJ2auc-w1Q-- <- @babel/types 7.23.9 (8.0.4 is available)
+ nodelite-2-dqJvarLawXsFbNDeJW7zAz8ItJ9cd28YufuuFzh0G8pNHjJMnY08Dv7sYX2uF5UpQOwieAeOExEYAWWfu7ZZUA-- <- is-negative-zero 2.0.2 (2.0.3 is available)
+ nodelite-2-dQUtn90WanSNl-7mQKcXAgZxvUe7Z0SqXlgzv0za4LwiUhyzBC58yQO3liFoUgu8GiJVInAhJjkj1N0EtQ5nkQ-- <- regjsparser 0.9.1
+ nodelite-2-dRLjCWHYg4oaA77cxO64oO-7JwCwnIzkZPdrrC71jQmQtlhM556pwKo5bUzqvZndkVbeFLIIi-9TC40JNF5hNQ-- <- @types/json5 0.0.29
+ nodelite-2-drqDG3cbczxxEJRoOXcOjtdp1J-lyp1mNn0xaznRs8-muBhgQcrnbspox5X5fOw0HnMnbfDzvnEMEtqDEJEo8w-- <- is-obj 2.0.0 (3.0.0 is available)
+ nodelite-2-dS2j-W26TQ7taQBGN8Lbbq04ssV3emRw4NY58WErlTO29pIqS0HmoT5aJ9-TUQ1N3G-JOZSji4eugsWwGp9yPA-- <- lodash.difference 4.5.0
+ nodelite-2-dU-Tx2fsypxTgtLoE36npi3UqcjSSMNYfkqgmoEhtZrraP5VWq0K7FkWVTYa8eMPtnU-G2txVsfdCJTn9uzpuQ-- <- camelize 1.0.1
+ nodelite-2-dv2lNUKR-JV-OOhZm9paWzYBXOCi-rJPqJ2cJuhh9xd8USVrd0cBEPczla81HNOyThMQWeCcdln3gZkQV2kYxA-- <- @csstools/postcss-initial 2.0.0
+ nodelite-2-dW41u5VfLXu8SJh5bwRmyYUbAoSB3c9uQh6L8h-KtsFREPWpbX1lrljJo186Jc4nmci-sGUZ9a0a0J2zgfq2hw-- <- send 0.19.0 (1.2.1 is available)
+ nodelite-2-dWHzHa2WqEXI-O1E9OjrocMTKJl2mSrEolh1Iomrv6U-JuNwaHXsXx9bLu5gG7BUWFIN0skIQJQ-L1rIex4X6w-- <- @types/estree 1.0.8 (1.0.9 is available)
+ nodelite-2-dwsoQlS7h9hMeYUq1W--23NDcBLV4KqONnITDV9DjfS3q1SgDGVrBdvvTLUotWtPSD7asWDV9-CmsZPy8Hf70A-- <- fast-redact 3.5.0
+ nodelite-2-dX7e-LHVJ6W3DE1MHWi9S1EYzDESENfLrYohG2G--ovZrYOkm4Knwa0mc1cn84xJOR4KEU0WSchhLbd0UklbHw-- <- exponential-backoff 3.1.1 (3.1.3 is available)
+ nodelite-2-dxtLJO6sc35jWidmLxo7ij-Eg48PM-kleBsxpC8QJE0qJICe-KawkDQmvCMZUr9u7WKVHgMW6vy3fQ7zMiFZMA-- <- secure-json-parse 4.0.0 (4.1.0 is available)
+ nodelite-2-dy1Rs-d9K6pqAt-BBM2jKb4FzCXfxvQ-7hDyvEQHgzE1GyOsVB6Lm0Da0a9LTx902oSSwOcqMrErd1QnDQoWGQ-- <- @edge-runtime/types 2.0.2
+ nodelite-2-dYnhHh0nJoMfnkZs6GmmhFknAGRrLznOu5nc9ML-EJxGvrx6H7teuevqVqCuPcPK--3eDrrjQhehXVx9cnkGdw-- <- regenerator-runtime 0.14.1
+ nodelite-2-dYqgNSZbDwkaJ2ceRd9ojCGjBq-mOm9LmtXnAnEGyHhN-5R7iDW2TRw3h-o-jCFxus3P2LfWIIiwowAjANm7IA-- <- regexp.prototype.flags 1.5.4
+ nodelite-2-ZcbTaIqJOfCc03QwD468Unz-5Ir8ATtvAHsK-FdXbDIbGfihqh9mrvdcYunQzqn4HrvWWaFyaxJhGZagaJJpPQ-- <- archiver 7.0.1
+ nodelite-2-ZcYWUQDGAYN6NXRpJuSn46PetrpPCA6TrDVwP9-3pERzTXZ66npXoG2XhHjNrOXy-Ted5A3OxKrM4-zLu9tK3A-- <- @aws-sdk/smithy-client 3.279.0
+ nodelite-2-Zf5H2Kxt2xjTvbJvP2ZWLEICxA6j-hAmMzIlypy4xcBg1vKVnx89Wy0GbS-kf5cwCVFFzdCFh2XSCFNULS6csw-- <- es-errors 1.3.0
+ nodelite-2-Zh4HJLjzvm3Cq9w6sfzIFyH9ozK5ePYVfCUzzUQNiZojFsI2k1QkSBrVI9BGc6ArKXj-O6rkI6w7qQ-ouL8Cag-- <- @nuxt/telemetry 2.6.6
+ nodelite-2-ZhEfvUwNliOQROcAk34WJWVYTlTa4694kSVhDSjW6lE1bMataPnIN8A0ycukEzBXmd8ZSoBcQLn6lKGl7XIJ5w-- <- @aws-sdk/util-arn-parser 3.723.0 (3.972.2 is available)
+ nodelite-2-ZhQy0FcO--INWUdo-iEdbefntTdpPVQ0XJwwtdbBuMQe-uxqZoytm9M-iqR9O5noWFaxK-nbS2iR-I80Q2Ofpg-- <- lightningcss-linux-x64-gnu 1.28.2 (1.31.1 is available)
+ nodelite-2-ZjMPFEfVx5j-y2yF35Kzx5sF7kDzxuDj6ziH4FFbOp87zKDZNx8yExJIb05OGF4Nlt9IHFIMBkRl41VdvcNdbQ-- <- node-fetch 2.6.7 (3.3.2 is available)
+ nodelite-2-ZkRyVkThtxQ-J6nv3JFYv1RYY-JT5BvU0y3k5bWrmuG4woXypRa4PXmm9RhOwodRkYFWqC0C0cqcJ4OqR7kW-g-- <- @babel/plugin-bugfix-firefox-class-in-computed-class-key 7.25.9 (8.0.1 is available)
+ nodelite-2-ZoGKwa4C9fC9Av6bdfqcW6Ix5ot05F-S4VxWR2nHuMv7hzfmAjTOcUiWT7UR4hM-U0whf84VhDtXN-DWAk52KA-- <- @aws-sdk/types 3.775.0 (3.973.1 is available)
+ nodelite-2-ZoK24Yku6VJU1gS79a5PFmC8yn3wIapiKmPgun0hZgEI5AOqgH2kiPRsPz1qkGv4HL-wuDLH83yQyk6inMYrJQ-- <- @csstools/selector-resolve-nested 3.0.0
+ nodelite-2-Zrsi8r4t1LVW950keaWcsURuZUQwUaMKjvJgTCY125vkW6OiEBkatE7ScJDbpqKHdZwb---7FVC21SE3iFK3PQ-- <- giscus 1.6.0
+ nodelite-2-ZsaamiMVu7uBYsIdGtKJ64PkcQt6Pcpep-uO90EpLS3dxJi6OXamIobTYcImyXGoW0Wpugh7DSD3XzxZS9JCPg-- <- postcss-merge-rules 7.0.4 (7.0.6 is available)
+ nodelite-2-ZsDfxO51wGAXREY55a7la9LScWpwv9RxIrYABrlvOFBlH-ShPnrtsXeuUIfXKKOVicNxQ-o8JTbJvjS4M89yew-- <- fraction.js 4.3.7 (5.3.4 is available)
+ nodelite-2-ZT55BDLV0yv0RBm2czMiZ-SqCGO7AvmOM3G-w2xhVPH-te0aKgFjmBvGlL1dH-ql2tgGO3MVrbb3jCKyvpgnxA-- <- @isaacs/brace-expansion 5.0.0
+ nodelite-2-ZTgYYLMOXY9qKU-57FAo8F-HA2dGX7bqGc71txDRC1rS4frdFI5R7NhluHxH6M0YItAP0sHB4uqAOcYKxO6uGA-- <- body-parser 1.20.4 (2.2.2 is available)
+ nodelite-2-Zty3VlOsD6VSjBMu6PiHCVpLegtBT-qtZRVBcSeyEZ6q1iU5qTYT0WtEoLRV-YubZZguS5-ycfP-NRiKfjv6aw-- <- postcss-merge-rules 7.0.0 (7.0.6 is available)
+ nodelite-2-ZTypzBra-lI-LfTYZeop9UjoJhhGRTg3pxrNpfSTQLd3AJ37r2z4AXTKpq1rFXiiUIJsYyFgNJdjWRGP-cbBaQ-- <- @smithy/util-defaults-mode-browser 4.0.8 (4.3.6 is available)
+ nodelite-2-ZUKRh6-kUFoAiTAtTYPZJ3hw9wNxx-BIBOijnlG9PnrJsCcSjs1wyyD6vJpaYtgnzDrKYRSqf3OO6Rfa93xsRg-- <- gopd 1.2.0
+ nodelite-2-ZvFw1KWS3GVyYBYb7qkmRM-WwL2TQQBxgCK62rlvm4WpVQ23Nb4tYjApUlfjrEGvOs7KHEsmyUn75OHZrJMWPw-- <- loader-utils 3.2.1 (3.3.1 is available)
+ nodelite-2-ZvjX4JQReUmBheeCq-S9YavcnMMHWqx3S0jHNXWIM1kQDxB9cyfSycpVvjfrKcIS8Mh5N3hmu-YKo4Iag9g2Kw-- <- @hapi/b64 6.0.1
+ nodelite-2-ZvLdcY8P-N8mGQJahJV5G4U88CSvT1rP8ApL6uETe88MBXrBHAkZlSEySdUlyztF7ccb-Znos3TFqaepHxdhBg-- <- fast-content-type-parse 3.0.0
+ nodelite-2-ZX99e6tRweoUXqR-VBrslhda51Nh5MTQwou5tnUDgbtyM0dBgmhEDtWGP-xbKn6hqfPRHujUNwz5fy-wbbhnpw-- <- side-channel 1.1.0 (1.1.1 is available)
+ nodelite-2-ZXRY4jNvVgSVQ8DL3LTcakaAtXwTVUxE81hslsyD2AtoXW-wVob10HkOJ1X-pAlcI7D-2YoZKg5do8G-w6RYgA-- <- @istanbuljs/schema 0.1.3 (0.1.6 is available)
+ nodelite-2-ZYP5VBHshaDAiVZxjbRVcFJpc-4xGgT0bK3vzy1HLN8jTO975HEbuYzZJcHoQEY5K1a0z8YayJkyVETa08eNTg-- <- data-urls 5.0.0 (7.0.0 is available)
+ nodelite-2-ZySD7Nf91aLB0RxL4KGrKHBXl7Eds1DAmEdcoVawXnLD7SDhpNgtuII2aAkg7a7QS41jxPSZ17p4VdGnMHk3MQ-- <- delayed-stream 1.0.0
+ nodelite-2-ZYvCgrefwqoQ6yTyYUbQu64HsITZ3NfKX1lzaEYdkTDcfKzzCI-wthRRYKkdjHKFVgNiXKAKm65Zo1pk2as-QQ-- <- is-ci 3.0.1
+ nodelite-2-ZYW7L-pL8ahU5fXmNbPF-iZFHCv5scFak7MZ9bwaRPLUhHh7QQEMjZUg0HevihoqCM5iSYHN61EyCoZvqC-bxg-- <- @babel/traverse 7.26.9 (8.0.4 is available)
+ nodelite-2-ZZ0rwlanYKOHekyIPaU-sVm3BEHCe-Ha0-px-bmHe62n0Uc1lL34vbwrLYn6ote8PHlsqzKeTQdIejQCJ05tfw-- <- @csstools/postcss-light-dark-function 2.0.7
+ nodelite-2-ZZc-FXKoQXJ9cOR7qRKHxOfKOsGCj2wSodklKdtM2FofzyjzvIwn1rksD5-9iJxvHuORPOPv3ppAHcM-iMr-Ag-- <- @redocly/openapi-core 1.30.0
+ nodelite-2-ZZow9HBI5O6EPgSJLUb8n2NKgmVWTwCvHGwFuJlMjvLFqlGG6pjirPhtdsseaLZjSibD8eegzmYpUZwoIlj2cQ-- <- jsx-ast-utils 3.3.5
+ nodelite-2-ZzrgYupYxEvdGGuqL-JKOY70s7-saoNlHSCK-OGn1vB2pQK8KSET8jvenzItcY-kA7NoWvfbb-YhlzuzNKjOhQ-- <- cssnano-preset-default 7.0.6 (7.0.9 is available)

Done in 1.6s
