Progress: resolved 1, reused 0, downloaded 0, added 0
Progress: resolved 212, reused 0, downloaded 174, added 0
Packages: +250
++++++++++++++++++++++++++++++++++++++++++++++++++++++++++++++++++++++++++++++++
Progress: resolved 250, reused 0, downloaded 250, added 250, done

dependencies:
+ nodelite-2-haREypq7xkM7ErfgIyA0z-Bj4AGKlMSdlQE2jvJo6huWD1EdkKYV-G-T4nq0YEF2vgTT8kqMFKo1uHn950r4SQ-- <- path-key 4.0.0
+ nodelite-2-hgH6CCb-7-0c8PBlakI2KubG6R-Rb1MhpNcdvqUXZTBwBHf32piwY255diAkAmkGZ6AWlywOU88AkOgP9q8Rdw-- <- feed 5.2.0
+ nodelite-2-hiLguxJWHjjwL6xMBwD903ciAwd7DmK30Y9Axs-etOkftC3ZNN9K44IuRD-EB08amu-Zw6W37x9RecLkOo3pMA-- <- @typescript-eslint/type-utils 8.54.0
+ nodelite-2-hl9wfQgpiydhQEIv7fkjEzTGE-tcosCXLKFDO707wYJ-78FVOlowb36djex5GdbSyeHnG62pomYLMuV-OT8Pbw-- <- @cacheable/memoize 2.0.3
+ nodelite-2-hmV6UerDrPcgbSy9ORAtNXDr9M4wlNP4pEFKye4ujJF8oqgFFuxDCdOLS3eNoRTtq5O3hoBDh9Doj1bQMYHRbQ-- <- vuex 4.1.0
+ nodelite-2-ho7XuGjLaJ2hWHoK8yFnsUGy2Y5uDpqSTq1FkHLK4-oqKtyUU1AFbOOxY4IpC9f0fTLjwYbslUz0Po5BpD1wrA-- <- youch-core 0.3.3
+ nodelite-2-hoBwJwcbKHmvd2QVebiytN1aELvpk9B74B4L1mFm-XT1Q-VOYAWl2vQ9AWRFtQq8zmz6enTpfTV8WRc4ATjW-g-- <- @typescript/vfs 1.6.2
+ nodelite-2-hpr-J05B2FVYUAXHeK1YyI267J-dDDhMU6B6civm8hSY1jYJnBXxzKDKDswzJmtLHryrjhnDjqqp-49t8FALew-- <- postcss-import 15.1.0 (16.1.1 is available)
+ nodelite-2-hqoBX4dcZ1I33jCSWcXrP-1Ku7kdqXf1oeah7ooKOIiAdKQ-uqftgCFNOSzA5AMS2XIHEYeGFg4cKRCdpxzVOQ-- <- @babel/plugin-transform-member-expression-literals 7.27.1 (8.0.1 is available)
+ nodelite-2-hR3GwrRwHUfYwGfrisXPIDP3JcYfBrW7wKE7-Au6wDYl7fm-ka1NEII6kORzxNU556JjfidZeBsO10kYvtV1aw-- <- babel-plugin-polyfill-corejs2 0.4.15
+ nodelite-2-hsBTNUqQTDwkWtcdYI2i06Y-nUBEsNEDJKjWdigLvegy8kDuJAS8uRlpkkcQpyEXL0Z-pjDy5HBmMjRCJ2gq-g-- <- ignore 5.3.2 (7.0.8 is available)
+ nodelite-2-hUrmaWBdVDcxvYqnyh09zunKzROWjbZTiNy8dBEjkS7ehEDQibXJ7XvlmtbwuTclUiIyN-CyXQD4Vmko8fNm8w-- <- why-is-node-running 2.3.0
+ nodelite-2-hvpoI6korhJMnej285dSg6nu1-e6uxs7zG3BYAm5byqDsgJNWwxzM6z6iZiAgQR4TJ30JmBTOwqZUw3WlyH3AQ-- <- is-promise 4.0.0
+ nodelite-2-hYm-XLYRMvupxiQzrvXUj7YyvFFVfv5gI0R71AJzudg1g2AI2vyCPPIFEBjk162-wFzti3inBHo7isWFuEVS-A-- <- babel-plugin-polyfill-regenerator 0.6.6 (0.6.8 is available)
+ nodelite-2-i3axTGjU8b13FtyR4Keeama-43iD-BwX9C2TmzBVKqjSHArF03hjkp2SBZ1m72Jk2UtrX0aYCugBq2R1fhkuAQ-- <- @vueuse/metadata 14.2.0
+ nodelite-2-i6UzDscO-XfAcNYD75CfICkmfLedpyPDdozrLMmQc5ORaQcdMoc21OnlEylMIqI7U8eniKrPMxxtj8k0vhmJhA-- <- empathic 2.0.0 (2.0.1 is available)
+ nodelite-2-iAlTtSDDbJiRpvgL5ugKEATDtHdUVkqgHDm-gbD2ZS9c88mx7G1zSYjjOxp5Qa0eaW0MAQosFRmJSk354PRoQA-- <- @shikijs/core 3.22.0
+ nodelite-2-iCsytMg-N9-oFq6n-gFTvUYDZQOMK5kEdeYxmxt91fcJGycfxVP9CnrxoliM0oumFERba2i8ZtwRUCMhvP1LnA-- <- @babel/plugin-transform-modules-amd 7.27.1 (8.0.1 is available)
+ nodelite-2-iG0TIdqv8xJ3Lt9O8DrPRxw1MRLjNpoqiSGU03P-wNLP-s0ra0udPJ1J2Tx5M0J3H-cVyEgpbn8xUKRY9j59kQ-- <- @poppinss/dumper 0.6.4 (0.6.5 is available)
+ nodelite-2-ik3ZgC9dY-lYVVM--OISsaYDeg1tb0VtP5uL3ouh1koGOaUMDPpbFIei4JkFimWUFPn90sbMNMXQAIVOlnYKJA-- <- aria-hidden 1.2.6
+ nodelite-2-ikqdkGAAyf-X-gPhXGvfgAytDZtDbr-bkNUJ0N9h5MI-dmdgCs3l6hoHrcUv41sRKew3jIwrp4qQDXiK99Utww-- <- on-finished 2.3.0 (2.4.1 is available)
+ nodelite-2-ilTRcmbuXjsMmcZ3HASTe4caH5Tpo93PkTxF9oG2VZsSWsahydmcEHhix9Ik122RcTnZnUzPbmux4wh1swfv7g-- <- @babel/plugin-transform-async-to-generator 7.28.6 (8.0.1 is available)
+ nodelite-2-ipDqC8FrAl-76p2SSWKSI-H9tFwm7vYqXQrItCuiVPt26Km0jS-NzSsBWAaBusvSbQcfJG-JitdMm-wZAgTYqg-- <- baseline-browser-mapping 2.9.19
+ nodelite-2-iPZK6eYjbxRu3uB4-WZ3EsEIMJFMqAoopl3R-zuq0UjcAm-MO6KCweDgPfP3elTztoKP3KtnVHxTn2NHBSDVUw-- <- locate-path 6.0.0 (7.2.0 is available)
+ nodelite-2-iq6eVVI64nQQTRYq2KtEg2d2uU7LElhTJwsH4YzIHZshxlgZms-wIc4VoDQTlG-IvVIrBKG06CrZnp0qv7hkcQ-- <- strip-ansi 7.1.0 (7.2.0 is available)
+ nodelite-2-iQBE-xC5BV1OxJbp6WG7jq9IWiD-xxlZhLrdwpPkTX3ydmXdvoCpyfJN7acaIBZaOqTfr76pgzqBJflNbeRK-w-- <- @babel/plugin-transform-modules-umd 7.27.1 (8.0.1 is available)
+ nodelite-2-iW7hgAV8NOG6E2dz-VeKpq67YLQ9jaajOKYpoOSic2-q8y9BMdXBKkSR9gcMtbqEhNQzdW41E3wWzvhp8ExYwQ-- <- eslint-plugin-regexp 3.0.0
+ nodelite-2-iwDZqg0QAGrg9Rav5H4n0M64c3mkR59cJ6wQp-7C4nI0gsmExaedaYLNO44eT4AtBBwjbTiGPMlt2Md0T9H9JQ-- <- undici-types 6.21.0 (8.3.0 is available)
+ nodelite-2-ixkJoqQvAP88E6wLydLGGqCJsrFUnqoH6HnaczB8XmDH1oaWU-xxdptvikTgaEhtZ53Ky6YXiBuUI2WXLMCwjw-- <- is-reference 3.0.3
+ nodelite-2-izyXV-v-cHiRfozX62W9htOAvwMo4-bXKDrQ-vom1L1qRuexPock-7VZDAhnpHCLNejd3NJ6hiab-tO0D44Rgw-- <- @rolldown/pluginutils 1.0.0-rc.2 (1.0.0-rc.3 is available)
+ nodelite-2-j2Zq4NyQYG5XMST4cbs02Ak8iJUdxRM0XI5QyxXuZOzKOINmWurp3smXu3y5wDcJrptwpSjgXHzIQxR0omXljQ-- <- tinyglobby 0.2.15 (0.2.17 is available)
+ nodelite-2-j3fVLgvTo527anyYyJOGTYJbG-vnnQYvE0m5mmkc1TK-nxAppkCLMIL0aZ4dblVCNoGShhm-kzE4ZUykBoMg4g-- <- ajv 6.12.6 (8.9.0 is available)
+ nodelite-2-j6PAQ2uUr79PZhBjP5C5fhl8e39FmRnOjsD5lGnWrFU8i2G776tBK7-nP8KuQUTTyAZUwfQqXAgrVH5MbH9CYQ-- <- espree 10.4.0
+ nodelite-2-jAHr-S0iiBtFyzjhOkAics-2SrXE092qyqEg96e90L3t9Op8OTzS6-IX0Fy5wCt2-KqeHAkti-eitV0wvblEoQ-- <- @rollup/rollup-linux-x64-gnu 4.43.0
+ nodelite-2-jdKhfgW9CRtj3Tor0L7-yPwdG3CgP7W-ZEqSsojrMzCjD1e0IxIbwUMDDpYlVBlC08TACg4puwFGkZfLS-56Tw-- <- @shikijs/engine-javascript 3.22.0
+ nodelite-2-jEQoCwk8hyb2AZziIOLhDqpm5-2ww5uIE6lkO-6jcOCusfk6LhMHpXXfBLXTZ7Ydyt0j4VoUQv6uGNYbdW-kBA-- <- es-module-lexer 1.7.0 (2.3.2 is available)
+ nodelite-2-jhjSYd10Z6RZiKOa7jy0xMVf5NB5oSc-lS3bD-QoUc6V8PrvQR5JhC9104NEt6-oTGY-ftieVWxY9v7YI-1IjA-- <- vitepress 2.0.0-alpha.15
+ nodelite-2-jiLC0ma9XkQT3TKJ9uYvlakm66Pamywo-qwL-oL8HJOvc6TWdZXVfhqJr8CCzbSGUAbDOzlGHJC1U-vRfLQDvw-- <- @babel/plugin-syntax-import-attributes 7.28.6 (8.0.0-beta.0 is available)
+ nodelite-2-jkSkwch0uPFva20Mdu8orbQjv2A3G88NExTN2oPTI1AJ-7mZfYW3cDCTyoH6OnctBKbBVeJCEqh0U02lTkqD5w-- <- @unrs/resolver-binding-linux-x64-gnu 1.9.2
+ nodelite-2-jl1vZzPDinLr9eUt3J-t7V6FgNEw9QjvBPdysz9KfQDD41fQrC2Y4vKQdiaUpFT4bXlb1RHhLpp8wtm6M5TgSw-- <- typescript 5.9.3 (6.0.0-dev.20260130 is available)
+ nodelite-2-jmYNElW7yvO7TV33CjSmvSiE2yco3bV2czu-OzDKdMNVZQWfxCblURLhf-47syQRBntjfLdd-H0egrzIG-oaFQ-- <- punycode 1.4.1 (2.3.1 is available)
+ nodelite-2-jp2L-eY6fn-KgVVQAOqYItbF0VY-YApe5Mz2F0aykSO8gx31bYCZyvSeYxCHKvzHG5eZjc-zyaS5BrBWya2-kQ-- <- @types/react-dom 19.2.3 (19.2.7 is available)
+ nodelite-2-jppVbf8IV9iWWwWTQIxJMAJCWBuuKx71475wHwYytrRGQ2CWiDvYlADQno3tcYpS-T2UUWFQp3nVtYfK-YBQrA-- <- @babel/plugin-transform-modules-commonjs 7.28.6 (8.0.1 is available)
+ nodelite-2-jRDZ1IMLttGj41KcZvlrYAaI3CfqpLpfpf-Mfig13viT6NKvRzWZ-lXz0Y5D60w6uJIBAOGq9mSHf0gktF0duw-- <- vfile-message 4.0.2 (4.0.3 is available)
+ nodelite-2-jTwoImyr-QbOWFFso3YoU3ik0jBBDJ6JTOQiy-J2YxVJdZCc-5u7skhNwiOR3FQIygFqVUPHl7qbbxtjW2K3Qg-- <- terser 5.46.0
+ nodelite-2-jVA--UpKL1vRLg6Hkao5jldawNmRo7mQYrZtNHMIVpLfLhDml5nMRUo-8MwoX2vNXvnaXNNMedrMfMugAVX1nA-- <- @tailwindcss/vite 4.1.18
+ nodelite-2-jyVd-kU2X-mWKMmGhx4fpWbPsjvD53k9ivqetutVW-BQ-WIZoDoP4d8vUMGezV6saZsiNoW2f9GIhg9Dondohg-- <- shell-exec 1.0.2
+ nodelite-2-k-vGaX4-Yla3WzyMCvTQOXYeIHvqOKtnqBduzTHpzpQZzAskKMhZ2K-EnBiSM9zGSoIFeMpXKxa4dYeZIQqewQ-- <- inherits 2.0.4
+ nodelite-2-k3kNe0aNFQDAZGbin48pL2VNidTF0w4-eASDsxlyspobzU3wZQLOGj7L9gfRe0Jo9-4uud09DsjFNH7winGv8Q-- <- postcss-modules-extract-imports 3.1.0
+ nodelite-2-k6U0gKRIuNCTkwHGZqblCfLfBRh-w1vI6tBo-IeJwq2M8FUiOqhX7GH-GArQGScA7azd1WfyRCvxoXDO3hQDIA-- <- normalize-package-data 7.0.0 (7.0.1 is available)
+ nodelite-2-kGaNbPh1k7AFzgpud-gMdvIm5xuECykRR-JnWKQno9TAXVa6WIVCGTPvYGekIDL4uwCZQSYbUxNBSb1aUo79oA-- <- @types/mdast 4.0.4
+ nodelite-2-kHxr2zZpYtdmrN1qDjrrX-Z1rR1kG8Dx-gkpK1G4eXmvXswmcE1hTWBWYUzlraYw1-yZp6YuDY77YtvbN0dmDA-- <- shebang-command 2.0.0
+ nodelite-2-kJUvRUFK49aub-a7T1nNE66EJbZBMnBgoC1UbCZ5n6bsZKBRga4KgBRTMn-pFkeCZSYtNeSyMxPDM0AXWELk2A-- <- string-hash 1.1.3
+ nodelite-2-kK7dgTYDyGqS-e2Q4aK9X3D7q234CIZ1Bv0q-7Z5IwRDoADNU81xXJK-YVyLbLTZCoIwUoDoffFeF-p-eIklAA-- <- @types/qs 6.9.18
+ nodelite-2-kN9dJbvnySHULIluDHy32WHRUu3Og7B9sbY7tsFLctQkIqnMh3hErYgdMjTYuqmcXX-lK5T1lnUt3G7zNswmZA-- <- spdx-correct 3.2.0
+ nodelite-2-ko-gIFJRv177XgZsZcBwnqJN5x-Gien8qNOn0D5bQU-zAzVf9Zt3BlcUiLqhV9y4ARk0GbT3tnUiPNgnTXzc-Q-- <- @types/unist 3.0.3
+ nodelite-2-kRj8B-YHZCc9kQYdWfJB2-oUl9rA99qbowYYBtr4ui4mZyAQ2JpvVBd-6U2YloATfqBhBTSMhTpgBHtU0Mf3Rg-- <- trim-lines 3.0.1
+ nodelite-2-ks6Vjr-jEw0P1gmOVwutM3B7fWxoWBL2KRDb1JfqGVawBmO5UsvmWOQFGHBPl5yxYz4eERr19E6L7NMv-Fej4w-- <- tsconfck 3.1.6
+ nodelite-2-kUpHaxn0AgI3LQfyzTYkNUuaFY4uEz-Ym9-N-FvyDE-PzSgZsCyDH9jE49B6N6f1eLCm9Yp64J9wENd6vypdxA-- <- @docsearch/css 4.5.3
+ nodelite-2-kVCxPF3vQM-N0B1PmoqVUqgHP-EeVjmZSQn-1oCRPxd2P21P2F19lIgbR3HBosbB1PUhOAoctJnfEn2GbN2eZA-- <- get-stream 9.0.1
+ nodelite-2-kVI48u3PZr38HdYz98UmfPnXl2DXrpdctLrFLCd3kOx1xUkOmpFPx7gCWWM5MPkL-fD8zb-Ph0QzjGFs4-hHWg-- <- lodash-es 4.17.23 (4.18.1 is available)
+ nodelite-2-kVscqXk4OCp68SZ0dkgEKVi6-8ij300KBWTJq32P-dYeWTSwK41WyTxalN1eRmA5Z9UU-LX9D7FWSmV9SAYx6g-- <- esutils 2.0.3
+ nodelite-2-l3BikUxvPOcn5E74dZiq5BGsTb5yEwhaTSzccU6t4sDOH8NWJCstKO5QT2CvtFoK6F0saL7p9xHAqHOlCPJygA-- <- source-map 0.7.4 (0.8.0-beta.0 is available)
+ nodelite-2-l4Sp-DRseor9wL6EvV2-TuQn63dMkPjZ-sp9XkghTEbV9KlPS1xUsZ3u7-IQO4wxtcFB4bgpQPRcR3QCvezPcQ-- <- wrappy 1.0.2
+ nodelite-2-l51N2r93WmGUye3WuFoN5k10zyvrVs0qfKBhyC5ogUQ6Ew6JUSswh78mbSO-IU3nTWsyOArqPCcShdQSadghBQ-- <- lightningcss 1.31.1
+ nodelite-2-l5XkZK7r7wa9LucGw9LwZyyCUscb4x37JWTPz7swwFE-0FMQAGpiWUZn8u9DzkSBWEcK25jmvubfpw2dnAMdbw-- <- @babel/helper-module-imports 7.28.6 (8.0.0-beta.0 is available)
+ nodelite-2-l8D9ODSRWLe2KHJSifWGwBqpTZXIXTeo8mlKjY-E2HAakaTeNpqAyBZ8GSqLzHgw4XmHmC8whvpjJNMbFZN7-g-- <- mlly 1.8.0 (1.8.2 is available)
+ nodelite-2-lAw7iA5oTPWOLjiweb7DlGEMDEvzqzLLa6aWOly2FSZ64IwLE8T458rC-o-WvI31Doz6joM7X2DoNog7mX8r4A-- <- @conventional-changelog/git-client 2.5.1
+ nodelite-2-lcYcMxX2PO9XMGvAJkJ3OsNMw--7FKes7-hgerGUYWIoWu5j--YQqcZr5JnPZWzOsEBgMbSbiSTn-dv-69Mkpw-- <- yaml 2.8.1 (2.9.0 is available)
+ nodelite-2-lDIj4RnYmK7-kXMya-qJsmkRFkGolciXjrsZ6PC25GdTfWOAWetR0ZbsNXRAj1EHHImRSalc-whZFg56F5DVow-- <- lint-staged 16.2.7
+ nodelite-2-lhd-wF-Lk98HZoTCtlVraHtfh5XYijIjalXck7saUtuanSDyLMxnHhSXEDJqHxD7msR8D0uCmqlkwjCV8xvwHw-- <- fast-json-stable-stringify 2.1.0
+ nodelite-2-lhInBO5bi-Kowe2-aLdBAawijx-q1pQzicSgnkB6dUPc1-RC8QmJHKf2OjvU-NZWitguJHEaEmbV6VWEouT58g-- <- @babel/plugin-transform-sticky-regex 7.27.1 (8.0.1 is available)
+ nodelite-2-llQsMLSUDUPT44jdrU-O37qlnifitDP-ZwrmmZcoSKyLKvtZxpyV0n2-bD-N4tBAAZ-gJEdZU7KMraoK1-XYAg-- <- proxy-addr 2.0.7
+ nodelite-2-lNaJgI-2Q5URQBkccEKHTQOPaXdUxnZZElQTZY0MFUAuaEqe1E-Nyvgdz-aIyNi6Z9MzO5dv1H8n58-GELp3-w-- <- once 1.4.0
+ nodelite-2-lv7sU9e5Jk8IeUheHata6-UThZ7RK2jnaaNztxfPYUY-VxZyk-ePVaNZ-vwmH8WqGvDz3LrNYt--gA55NDg6Pg-- <- pug-error 2.1.0
+ nodelite-2-lVhFIhR2qh3uUyUA8Ype-HGzcokUJbHmRSN1TJKOe4Y26HkawQuLiGkUCkR5LD9dx-Rtp-njrwzPL8AHHYQSYA-- <- tokenx 1.2.1
+ nodelite-2-m-XmxQN2xtFzBP3OAdIafKq7C8OETo2fqfxcIIxYmNN2Ch3r5oAf6yEYCIJg5tL-yJU2mHqF70dCCekUkrAnXA-- <- reka-ui 2.7.0
+ nodelite-2-m03P-zhBeQd1RGnYxrGyDAPpWX-epKirLrp8e3qevZdVkKtnCrjjWczIbYc8-xd6vcTStVlqfycTx1KR4LOr0g-- <- regenerate-unicode-properties 10.2.2
+ nodelite-2-m2bOd0f2RT9k8QJx1JN85cZYyH1RqFBdlwtkSlf4tBDYLCiiZnv1fIIwacK6cqwXavOydf0NPToMQgpKq-dVlA-- <- @standard-schema/spec 1.0.0 (1.1.0 is available)
+ nodelite-2-m7bpKCD4QMlFCjA-nKTs23fuvoVFoA83brRKmObCUNmi-9tVu8Ve3w4YQAnJu4q3Tjf5fr685HYIC-IA2zHRSg-- <- @poppinss/exception 1.2.2 (1.2.3 is available)
+ nodelite-2-m7Rce68cMHlAUjvWBy9Ru1Nmw5gU0SjGGtQDdhpe6E0xnbcvrIY0Epy--JU1VYYBUTzrG9jvgmTauULGKzOkWA-- <- @cacheable/utils 2.0.3 (2.3.3 is available)
+ nodelite-2-m9jZstCVaqGjTAuny8MdgE88scJnCiQSlSrOWcTQgM2t32UBe-MUmFSO5t7VMSfAf-FJKImAxBav8ooCHJXCJA-- <- postcss-modules-scope 3.2.1
+ nodelite-2-mcdpQFV7UDAgLpXEE-jOMqvK4LBoO0uTQg0uvXUewmEFhpiZx5yJSZITHB8w1ZahKdhfZqP5GPEOKLyEq5p8XA-- <- spdx-ranges 2.1.1
+ nodelite-2-mE00Gnza5EEB3Ds0HfMyllZzbBrmLOX3vfWoj9A9PEnTfratQ-BcaJOuMhnkhjXvb2-FkY3VuHqtAGpTPmglFQ-- <- is-unicode-supported 2.1.0
+ nodelite-2-mEQCMmwJu317oSz8CwdIOdwf3xMif1ttiM8LTufzc3g6kR-9Pe236twL8j3IYT1F7GfRgGcW6MWxzZjLIkuHIg-- <- defu 6.1.4 (6.1.7 is available)
+ nodelite-2-mKKb915TF-OC5ptj5bJ7WFRPdYtuHv0yTRxK2tJvi-BDqbkiG7h7u-9SI89nRAYcmap2xHQL9D-QG-6wSrTtXg-- <- mdast-util-gfm-strikethrough 2.0.0
+ nodelite-2-mOAsxeeKkUKayvZR3HeTYD-fICpCPLJrU5ZjelT-PA6WHtNDBOE436YiaEUvHN454bRM3CebhDsIpieCc4texA-- <- @babel/helper-define-polyfill-provider 0.6.6 (1.0.0 is available)
+ nodelite-2-mq8e-laIk94-yFec3DxSjCRD2Z0TAjhVbEJY3UQrlwVo15Lmt7C2wAUbK4bjnTs4APkwsYLTahXRraQXhb1WCg-- <- @babel/helper-replace-supers 7.28.6 (8.0.1 is available)
+ nodelite-2-msMRKLMVLWygpK3u2Hybgi4MNjcYJvwTb0Ru09-fOyCXIgT5raYP041DRRdiJiI3k-2U6SEbAETB3YtBrUkCFA-- <- @vitest/utils 4.0.18
+ nodelite-2-mxa9E9ITFOt0ban3j6L5MpjwegGz6lBQmM1IJkWeBZGcMxto50-eWdjC-52xDbS2vy0k7vIMK0Fe2wfL9OQSpQ-- <- js-tokens 9.0.1
+ nodelite-2-n0E2EQbatQ3bXhcH2D1XIAANAcTZkQICBPVaxMeaCVBtOpBZpWJuf7LwyWPSBDITb7In8mqQgJ7gH8CILCURXg-- <- @parcel/watcher-linux-x64-musl 2.5.1 (2.6.0 is available)
+ nodelite-2-nDV-77Fj6eH1ynwscYTOsbK7rR--Uj0bZXBwJZRfaLEJ1iGBR6kIfNmlNqaqJf649EP0F3NWNdeJi03elllNUQ-- <- micromark-util-decode-string 2.0.1
+ nodelite-2-nfDwkulwiZYQIGwxdy0RUmowMhKcFVcYXUU7m4QlKYim1rUtg83xm2yjZ40QjDuc291AJjjeSc9b--AWHSgSHw-- <- body-parser 2.2.1 (2.2.2 is available)
+ nodelite-2-nLTrUKm2UyiL7rlhapu-Zl45FwNgkZGaCpZbIHajDYgwlJCOzLSk-cIPAnsEqV955GjILJnKbdQC1nVPz-gAYQ-- <- router 2.2.0
+ nodelite-2-nmh3lCkYZ3grZvqcCH-fjmQ7X-H0OeZgP40OierEaAptX4XofMh5kwNbWh7lBduUzCcV-8kZ-NDLCwm2iorIlA-- <- node-releases 2.0.27 (2.0.54 is available)
+ nodelite-2-nMZBOwuzabUO0nLgIcc6rycZEebF6eeUfaiQx9-WSk8e29IbLvPU9feI6tqW4kTo3hvoYAJkMh8n8D0fuISphg-- <- vue-demi 0.14.10
+ nodelite-2-nODzvTiYVRGRqAOvE84Vk5JDPyyxsVk0-fbA-bq7RqlnhksGpset09XTxbpvLTIjoaF7K8Z8DG8yHtKGTPSYRw-- <- pretty-bytes 7.1.0
+ nodelite-2-nolQXZ-4L-bP-UGlkfaIujX9BKxGwmQ9OT4mOt5yvy8iK1h3wqTEJCijzGANTCCl9nWjY41juyAn2K3Q1hLLTg-- <- promise 7.3.1 (8.3.0 is available)
+ nodelite-2-nQyp0o1-mNdbTO1PO6kHkwSrmgZ0MT-jCCpNiwbUjGoRN4dlBhqJtoQuCnEOKzgTVwg0ZWiCoQy6SxMebQVh8A-- <- acorn 7.4.1 (8.8.2 is available)
+ nodelite-2-nTjqfcBFEipKdXCv4YDQWCfmcLZKm81ldF0pAopTvyrFGVbcR6P-VAAd5G7N-0tTr8QqiU0tFadD6FK4NtJwOA-- <- content-type 1.0.5
+ nodelite-2-nZF80J3d8RMrroMSYm1E9pBllVDXWPuECZgEZxH-vusCY4MAXAJVrY0jutcHSgh3xYX3G2EUNnmtWGZVVjWCXw-- <- cacheable 2.0.3 (2.3.2 is available)
+ nodelite-2-o-NO-8WrRiQEE4-7nwRJhN1HWpVmJm511pBHUxPLtp0BUISzlBplORYSmTclCnJvQq2tKu-sgl3xVpkc7ZWuQQ-- <- kleur 4.1.5
+ nodelite-2-o-tlOKqsr6FE4-mYJG08tfCFDS-3CG20HbldXeVoyP-cYSUxDhrFf3GPjE60U55iOkkjbpY2uC3It-eeja35-g-- <- @shikijs/themes 3.22.0
+ nodelite-2-o1uhUASyo921r2XtHYOHy7gdkGLge8ghBEQHMWmyJFoXlpU58kIrhhN3w26lpQb6dspetweapMn2CSNwQ8I4wg-- <- @emnapi/core 1.7.1 (1.8.1 is available)
+ nodelite-2-o3yWv49B-o4QZk5ZcsALc6t0-eCelPc44zZsLtCQnZPDwFpDYSWcDnrv2TtMmMbQ7uKo3J0HTURCqckw23czNQ-- <- stable-hash-x 0.2.0
+ nodelite-2-o5Roy6tNG4SL-FOkCAN6RzjiakZS25RLYFrcMttJqbdd8BWrnA-fGz57iN5Pb06pvBGvl5gQ0B48dJlslXvoTg-- <- argparse 1.0.10 (2.0.1 is available)
+ nodelite-2-o5sSPKEkg-DIQNmH43V0-uerLrpzVedkUh8tGNvaeXpfpuwjKenlSox-2O-BTlZUtEe-JG7s5YhEz608PlAHRA-- <- toidentifier 1.0.1
+ nodelite-2-oAFea8dZgCtVVVTEC7fv3T5CbZW9BxpFzGGxC79xakTr6ooeEqmRuvQydIiDAkglZEAd09LgVf1RoDnL54fu5w-- <- @vue/compiler-dom 3.5.27
+ nodelite-2-oahGvuMGQlPw-ivIYBjVSrWAfWLBeku5tpPE2fOPLi-WHffIWbuh2tCjhyQhTBPMf5E9jDEH4FOmTYgYwbKwtQ-- <- globals 14.0.0
+ nodelite-2-oCwdVC7mTuWiPyjLUz-COz5TLk6wgp0RCsN-wHZ2Ekneac9w8uuV0njcbbie2ME-Vs-d6duwmYuR3HgQXs1fOg-- <- url 0.11.4
+ nodelite-2-oGB-UxlgWcgQkgwo8GcEGwemoTFt3FIO9ababBmaGwXIoBKZ-GTy0pP185beGg7Llih-NSHSV2XAs1lnznocSg-- <- @nodelib/fs.walk 1.2.8 (3.0.1 is available)
+ nodelite-2-oIPzksmTg4-MriiaYGO-okXDT7ztn-w3Eptv--gSIdMdKsJo0u4CfYNFJPy-4SKMuCqGw2wxnA-URMg3t8a-bQ-- <- deep-is 0.1.4
+ nodelite-2-oIQLCGWtcFZy2JW77j9k8nHzAOpqMHLQejDA48XXMWH6tjCQHz5RCFz1bzsmROyL6PUm-LLnUiI4BCn221inxA-- <- @types/web-bluetooth 0.0.21
+ nodelite-2-oIXISMynqSqm241k6kcQ5UwttDILMK4BiurCfGEREw6-X9jkkpEe5T9FZaApyLGGOnFuyMWZpdolTXMtvEJ08Q-- <- content-disposition 1.0.1
+ nodelite-2-oJFu94HQb-KVduSUQL7wnpmqnfmLsOA-nAh6b6EH0wCEoK0-mPeXU6c3wKDV83MkOuHPRHtSXKKU99IBazS-2w-- <- tslib 2.8.1
+ nodelite-2-ojmeN0qd-y0jszEtoY48r0Peq5dwMEkIlCOu6Q5f41lfkswXuKtYrhgoTpLnyIcHm24Uhqx-5Tqm2InSwLhE6Q-- <- path-key 3.1.1 (4.0.0 is available)
+ nodelite-2-oJrXtQiAXLvT9clCf1K4kxp3eKsQhIaZqxEyowkBcsvZDdZkbWrVmnGknxs5flTD0VGsxrxKgBCZty1EzoiMzA-- <- @internationalized/date 3.10.1
+ nodelite-2-okMH7OXXJ7YrN9Ok3-SXrnu4iX9yOk-25nqX4imS2npuvTYDmo-QEZoqwZkYaIDk3jVvBOTOIEgEhaLOynBS9g-- <- js-yaml 3.14.1 (5.4.1 is available)
+ nodelite-2-oKnbhFyRIXpUuez8iBMmyEa4nbj4IOQyuhc-wy9kY7-WVPcwIO9VA668Pu8RkO7-0G76SLROeyw9CpQ061i4mA-- <- chalk 4.1.2 (5.6.2 is available)
+ nodelite-2-oMA2dcrw6u0YfxJQXm342bFKX-E4sG9rbTzO9ptUcR-e8A33cHuvStiYOwH7fszkZlZ1z-ta9AAoPk2F4qIOHA-- <- restore-cursor 5.1.0
+ nodelite-2-oO02gcONcD5O1iTLi-6frMJBIwWEHceWGSGqrpCmEL8nogiS6J9PBlE48CaK20-Jx1LuRml9aDftLgdjXT8-Cw-- <- @babel/plugin-bugfix-v8-spread-parameters-in-optional-chaining 7.27.1 (8.0.1 is available)
+ nodelite-2-oPtTM4oerL-UXmx-93ytZVN82RrlY-wPUV8IeDxFrzIjXOLF1pN-EmKPLbubvKHT2HC20xXsCAH2Z-CKV6Oz-g-- <- postcss-load-config 6.0.1
+ nodelite-2-ot0WnXS9fgdkgIcePe6RHNk1WA8-muPa6cSjeR3V8K27q9BB1rTE3R1p7Hv0z1ZyAc8s6Vvv8DIyWf681MAt0w-- <- supports-preserve-symlinks-flag 1.0.0
+ nodelite-2-oThy3BCuCha8kDZ8ZkgOg2exvPYUlprMukKQXI1r1pJ47NCvxfkEy8vK-r-hT9nF0Aa4H1WUPZZjHTFtAhGfmQ-- <- @babel/plugin-transform-property-literals 7.27.1 (8.0.1 is available)
+ nodelite-2-oVlzkg3ENAhCk2zdv7IJwd-QUD4z2RxRwpkcGY8psCVcCYZNq4wYnVWALHM-brtuJjePWiYF-ClmuDr8Ch5-kg-- <- on-finished 2.4.1
+ nodelite-2-oxVHkHR-EJf2CNXnWxRLW6mg7JyCCUcG0DtEGmL2ctUo1PNTin1PUil-r--4r5MpVgC-fn1kjsx7mjSujKqIpw-- <- keyv 4.5.4 (5.6.0 is available)
+ nodelite-2-p4Z49OGG5W-WBCPSS-dH3jQ73kD6tiMmUM-bckNK6Jr5JHMG3k9bg-BvKR8lKmtVBKmOiuVaV2ws8s9oSbwysg-- <- chai 6.2.1 (6.2.2 is available)
+ nodelite-2-p64ah1M1ld8xjWv3qbvFwHiFVWrq1yFvV4f7w-mzaqiR4IlSgkqhcRdHwsGgomwzBH51sRY4NEowLxnaBjcW-A-- <- @napi-rs/wasm-runtime 1.1.1
+ nodelite-2-pb-MYmXstAkysRFx8piNI1tGFNQIFA3vkE3Gq4EuA1dF6gHp--vgZqsCGJapvy8N3Q-4o7FwvquPJcnZ7RYy4g-- <- resolve-from 4.0.0 (5.0.0 is available)
+ nodelite-2-pg-prhP-e-TqIc3tGj8Nkza4o8j4GE212FNJJN-vhebYnHIPfLZbTmRp8yiT9vEtPeIWCz6sD41EpaO9ys5Tfg-- <- host-validation-middleware 0.1.2
+ nodelite-2-pGjwhsmsp4kL2RTz08wcOlGN83otlqHeD-Z5T8GXZB--YcpQ-dgo-lbU8ZsGxV0HIvqqxo9l7mqYwyYMD9bKDg-- <- detect-libc 1.0.3 (2.1.2 is available)
+ nodelite-2-phrYmNiYppR7znFEdqgfWHXR6NCkZEK7hwWDHZUjit-2-U0r6XvkDl0SYnoM51Hq7FhCGdLDT6zxCCOY1hexsQ-- <- @eslint-community/eslint-utils 4.9.1
+ nodelite-2-piiuapX9CRv7-0st8lmuUlRSmX6mBcVeNQ1b4AYzJxfCMuBfB0vBXDiGSmm03pKJw1v6cZ8KSeM-oUnM6yAExg-- <- @babel/plugin-transform-private-methods 7.28.6 (8.0.1 is available)
+ nodelite-2-pjy2bYhSsufwWlKwPc-l3cN7-wuJlK6uz0YdJEOlQDbl6jo-YlPi4mb8agUkVC8BF7V8NuzeyPNqRksA3hztKQ-- <- unpipe 1.0.0
+ nodelite-2-pMZTvIkT1d-TFGvDOqodOclx0QWkkgi6Tdoa8gC8ffGAAqz9pzPTZWAybbsHHoED-ztMtkv-VoYTYyShUn81hA-- <- utils-merge 1.0.1
+ nodelite-2-ppwTtiJZq0O-ai0z7yfudtBpWIoxM8yE6nHi1X47eFR2EWORqfbu6CnPlNsjeN683eT0qG6H-Pyf9fCcvjnnnQ-- <- npm-run-path 5.3.0 (6.0.0 is available)
+ nodelite-2-promo4eFwuiW-TfGxhi-0x3czqTYJkG8qB17ZUJiVF10Xm7NLVRSLUsfRTU-6h1e24VvRnXCx-hG7li58lkzog-- <- @types/markdown-it 14.1.2
+ nodelite-2-pSJUpFHdx9z5nqTSirOCMtYVP2wFgoWhP0p3g8ONK-4IHhLIBd0B9NYqAvIUAhq-OkhO4VM1tENCt0cjlsNShw-- <- @babel/plugin-syntax-import-assertions 7.28.6 (7.29.7 is available)
+ nodelite-2-pxQJQzB6djGPXh08dacEloMFopsOqGVRKFPYvPOt9XDZ1HasbgDZA74CJGreSU4G3Ak7EFJGoiH2auq-yXISgA-- <- meow 13.2.0
+ nodelite-2-q0xCiLkuWWQLzVrecPb0RMsNWyxICOjPrcrwxTUEHb1fsnvni4dcuyG7RT-Ie7VPTvnjzIaWzRMUBsrqNj-hhw-- <- @vue/shared 3.4.38 (3.5.27 is available)
+ nodelite-2-q1b3N5QkRUWUl7iyylaaj3kOpIT0N2i9MqIEQXP73GVsN9cw3fdx8X63cEmWhJGi2PPCF23Ijp7ktmd39rawIA-- <- rfdc 1.4.1
+ nodelite-2-q1mjIoW1VX4IvSocvM-vbTiveKC4k9eLrajNEuSsmjymSDEbpGddtpfOoN7YGAqBK3NG-uqo8ia4PDTt8buCYA-- <- @eslint/js 9.39.2
+ nodelite-2-q2VV6x1U3KJMTQPUlRMyWEKVbcHuxhqJdSr6Jtjz5uAThAIrfJ6WVZdGZm5cuO63ZnSUz0RCsVwiUUb0mDV0Yg-- <- @vue/devtools-kit 8.0.5
+ nodelite-2-qBkYTYCb76RRxUM6CcZA5KRu8K4SM8ajzVeUgVdMVO9NN9uI-GaVmBg-WKJJGnNokV9SY8FxNOVWGXzqzUidBg-- <- @babel/plugin-transform-parameters 7.27.7 (8.0.1 is available)
+ nodelite-2-qHHxQ-P9PysNEGbALT8f8YOSHW0KJu6l2xU8DYY0fu-EmGxXdVnuTLvFUvBgPJMSqXq29SYHveejeAha-4AYgA-- <- @types/picomatch 4.0.2
+ nodelite-2-qizSNPO93t1YUuUhP22btGOo3chcvDFqFaj2TRybP0DMxkHOCTYwp3n34fel4a31ORXy4m1Xq0Gyqpb5m33qIg-- <- normalize.css 8.0.1
+ nodelite-2-qMlSxKbpRlAridDExk92nSobyDdpPijUq2DW6oDnUqd0iOGxmQjyqhMIihI9-zv4LPyZdRje2cavWPbCbWm3eA-- <- @babel/helper-string-parser 7.27.1 (8.0.0-beta.4 is available)
+ nodelite-2-qNeq3bCKnGgLkEXUuFry6dPlGfCdQNZbn7yUAPCInwAJHMU7THJfrBSozkcWq5sNM6RcF3S8XyQL2A52KNR9IA-- <- @babel/plugin-bugfix-safari-class-field-initializer-scope 7.27.1 (8.0.1 is available)
+ nodelite-2-qnnnYtXXdUsBtNyywsMpgXDGi0X4Judba0-MJFGa2GrKrE9zwWlng-3GWlv2uRRtM0BO-le3G6x1Xw-iCjiT5g-- <- markdown-it-image-size 15.0.1
+ nodelite-2-qOOzS1cBTWYF4BH8fVePDBOO9iptMnGUEZwNc-cMWnTV2nVLZ7VoNWEPHkYczZA0pdoA7dl6e7FL659nX9S2aw-- <- minipass 7.1.2 (7.1.3 is available)
+ nodelite-2-qoQprZvz5wQFJwMDqeseRXWv3rqMvhgpbXFfVyWhbx9X47POIA6i--dXefEmZKoAgOaTdaIgNSMqMIU61yRyzA-- <- @types/babel__core 7.20.5
+ nodelite-2-qOz-5thjeP1vAFc4-BY3Nr6wxyLhpeQgAE-8dDtKo6a6xdk-L4W46HDZgNmLOBUDEkFXV3G7pRiUqxjX0-2zWA-- <- @vue/server-renderer 3.5.27
+ nodelite-2-qpCAvRl9stuOHveKsn7HncJRvv501qIacKzQlO--Lwxc9-0q2wLyv4Dfvt80-DPn2pqOBsJdDiogXGR9-OvwRw-- <- supports-color 7.2.0 (9.4.0 is available)
+ nodelite-2-qSs4ifwzKJSV39ucNjsvc6WVHs6b7S03sOh2OcHF9UHfVPqWWALUsNUVzhSBiItjRZoLHx7nIarVjqKVusUZ1Q-- <- @babel/helper-validator-identifier 7.28.5 (8.0.4 is available)
+ nodelite-2-quJQXlTSUGL2LH9SUXo8VwsY4soanhgo6LNSm84E1LBcE8s3O0wpdiRzyR9z-ZZJMlMWv37qOOb9pdJlMUEKFQ-- <- ansi-regex 5.0.1 (6.3.0 is available)
+ nodelite-2-qxaXKJ6fu8jzTMPQdHtNxlfx6tBQ0jXRbHZIYy5Ilh8Lx9US9FsAdzZWUR8MXV8PnWTKGDFO4ZZee9VwerCyMA-- <- @iconify-json/logos 1.2.10
+ nodelite-2-qZ72SFTgUAZ5a7Tj6kf2SHLetiH5S6f8G5frB2SPQ3EyF02kxdyBFf4Tz4banE3xCgGnKgWLt--a6VuYHKYJTg-- <- @types/escape-html 1.0.4
+ nodelite-2-r1bzfrm0tomOI8g1SzvCaQHo6Lcv6zu0EA-W2kHrt8dyrHQxGzBBL4kdkzIS-jBMV-EYcMAEAqXqYaLJq5rOZg-- <- @types/babel__traverse 7.20.6 (7.28.0 is available)
+ nodelite-2-rAbqEGa8ovJy4pyBxZM70hg4pE6gDgaQ0Sl9M3enG3I0d6H4XSAM3GeNGLKnsBpuijUow064sf7ww1nutC5-3w-- <- zimmerframe 1.1.2 (1.1.4 is available)
+ nodelite-2-rAyLGEuoBJ-Il5AmFHiziCPdQzRt88VxR-Y-A-QhJ1EWtWqPBBAxTAFaSkviwEuOEZNtW8pvkPgoCZQ-HxqW1A-- <- @vueuse/metadata 12.8.2 (14.2.0 is available)
+ nodelite-2-rcBiUMCXbZLqrLIT6F6FDcrG-tyvM2WM0zum6NPbIiQNDQxbSgmNc--bToS0rxBsXaxiU64esiWoS02WqrWLsg-- <- @docsearch/js 4.5.3
+ nodelite-2-rE0Pygv0sEZ4vBWHlAgJLGDU7Pm8xoO6p3wsEceb7GYAjScrOHpEo8KK-eVkAcnSM-slAEtXjA2JpdjLp4fJQQ-- <- @adobe/css-tools 4.3.3 (4.4.4 is available)
+ nodelite-2-rfQ--ghVwTWTqQ7w8qyDxL1XGihjBss4CmTgGRCTAC9RIbhVpyp4fOeZtta0Lbf-dTNIVJer6ych2ibHwkZqsQ-- <- @babel/plugin-transform-class-static-block 7.28.6 (8.0.1 is available)
+ nodelite-2-rJgTQnkUnH1sFw8yT6VSU3zD3sWmu6sZhIseY8VX-GRu3P6F7Fu-JNDoXfklElbLJSnc3FUQHVe4cU5hj-BcUg-- <- object-assign 4.1.1
+ nodelite-2-rLfVLB4FgQneDr0dv1oddCVZmKjcJ6yX6mS4pU82Mq-Dt9a3cLZQ62pDBL4AUO-uVrCvtWz3ZFUL2HFAFJ-BXQ-- <- youch 4.1.0-beta.10
+ nodelite-2-rpk9y12PGa22Jg6g5M3UVVnTS7-zycIGk9ZNGN-m6tZHKQb7jrP7-77WfZy13Y-EUDd52NDsLRQhYKtv7XfPQw-- <- @vitest/runner 4.0.18
+ nodelite-2-rq9s-JNhf0IChjtDXxllJ7g41oZk5SlXtp0LHwyA5cejwn7vKmKp4pPri6YEePv2PU65sAsegbXtIinmDFDXgQ-- <- acorn-jsx 5.3.2
+ nodelite-2-rtS5ATOo2Q5k1G-DADISilDA6lv79zIiwFd6CcjuIxGKLFm5C-RLImRscVap9k55i-MOZwgliw-NejvkLuGD5g-- <- js-stringify 1.0.2
+ nodelite-2-rVksvsnNCdJ-ohGc6xgPwyN8eheCxsiLM8mxuE-t-mOVqJewPuO1miLpTHQiRgTKCLexL4MeAFVagts7HmNZ2Q-- <- yocto-queue 0.1.0 (1.2.2 is available)
+ nodelite-2-rWPXg9UaCFqErJVQ-MecOaWsozjaxol4yjnmYcGNipAWzdaWa2x-VJmKfGq7L0APwBohQOYdHC-9RO4qRXej-A-- <- @clack/prompts 1.0.0
+ nodelite-2-s5QfZ-9PzPh3T5H4hsQDJtI8x7zdJaew-dCGgqZ2630XdzaZ3AD8xGZfBqpT8oaD-p2eedd-pL8tD5vvt5ZYJQ-- <- @vue/compiler-sfc 3.4.38 (3.5.27 is available)
+ nodelite-2-saE57nupxk6v3HY35-jzBwYa0rKSy0XR8JSxZPwgLr7ys0IBzhGviA1-TUGJLmSVqs8pb9AnvICXEuOHLprYTw-- <- whatwg-url 5.0.0 (8.7.0 is available)
+ nodelite-2-saLsH7WeYYPiD25LDuLRRY-i-6HaPYr6G1OUlN39otzkSTxKnubR9RTxS3-Kk50s1g2JTgFwWQDQyplC5-SHZg-- <- pirates 4.0.6 (4.0.7 is available)
+ nodelite-2-seS2Tj26TBVOC2NIc2rOe2y2ZO7efxITtLZcGSOnHHNOQ7CkiUBfw0Iw2ck6xkIhPwLhKNLS8BO-hEpngQlqzw-- <- resolve-pkg-maps 1.0.0
+ nodelite-2-sf4i37nQ2LBx4m3wB74y-ubopq6W-dIzXg0FDGjsYnZHVa1Da8FH853wlL2gtUhg-xJXjfk3kUZS3BRoQeoQBQ-- <- totalist 3.0.1
+ nodelite-2-sGhTPMuXqZ1rVOk32RylztWkfXTRhuS7vgAKv0zjqk8gbsHkJ7xfFf-jbySxt7tWObEJwyKaHMikV-WGDiQm8g-- <- @vue/devtools-api 6.6.4 (8.0.5 is available)
+ nodelite-2-sGnvb5dmrJaKEZ-LDIpguvdX3bDlEllmv4-ClQ9awcmCZrlx5jQyyMWFM5kBI-EyNOCDDiKk8il0zeuX3Zlg-w-- <- @floating-ui/core 1.7.3
+ nodelite-2-shx7oQ0Awen-BRIdkjkvz54PnEEI-EjwXDSIZp86-KKdbafHh1Df-RYGBhn4hbe2-uKC9FnT5UCEdyPz3ai9hQ-- <- character-entities 2.0.2
+ nodelite-2-sHZu9QyDPeDmN-MRoshhggVOWE5WlGFStKFwu8G52swATgSny27hJRWteKDSUUzUH-wp-bmeNbhJnEAel-auUQ-- <- @vue/compiler-sfc 3.5.27
+ nodelite-2-si7QWI6zUMq56bESFvagtmzMdGOtoxfR-Sez11Mobfc7tm-VkUckk9bW2UeffTGVUbOksxmSw0AA2gs8g71NCQ-- <- wrap-ansi 8.1.0 (9.0.2 is available)
+ nodelite-2-sKYVuV7Sv9fbPIt-442koC7-IIwK5olP1KWeD88e-idgoJqDm3JV-YUiPwkoKK92ylff2MGxSz1CSjsXelx0YA-- <- @types/express 5.0.6
+ nodelite-2-sNxgpk9793nzSs7bA6JQJGeIuRBQhAaNGG77kzYQgMkrID-lS6SlK07K5LaptscDlSaIgH-GPFzf-d75FVxozA-- <- is-what 3.14.1 (5.5.0 is available)
+ nodelite-2-sNXOfKCn74rt8RICKMvJS7XKV-Xk9kA7DyJr8mJik3S7Cwgy3qlkkmyS2uQB3jiJg6VNdZd-pDBJu0nvG2NlTg-- <- eslint-scope 8.4.0 (9.1.2 is available)
+ nodelite-2-soFhflCVWLfRNOPU3iv5Z9VUdT44xFRbzjLsEzSr5AQmgqPMTHdU3PMT1Cf1ssx8fLNJDA1juftYl-PUcv3MqA-- <- icss-utils 5.1.0
+ nodelite-2-sqpDWlsHn7Ac9GNZQMeUzPQSMzR6Wv0WKRNvQRg0KqHh02fpTz69Qc1QSseNX29bhz1ROIyNyxExfawVKTm1GQ-- <- mdast-util-gfm-footnote 2.1.0
+ nodelite-2-sqpQDUy8vgB7ycLkendSKS6HnVz1Rneoc3Rc-ZBUCe2pbqlVuCC5vF52l0NJ1aiMg-r1qfYF9-myz8CZeI2rjA-- <- periscopic 4.0.2
+ nodelite-2-sTSfBjoXBp89JvIKIefqw7U2CCebsc74kiY6awiGogKtoSGbgjYE-G--l9sF3MWFPNc9IcoOC4ODfKHfxFmp0g-- <- get-proto 1.0.1
+ nodelite-2-sVDA58zAw4eWAffKOaQH5-5j3XeayukzDk-ewSsnv3p4yJEZHCCzMDiZM8e0OUrRvmpGZ85jf4yDHkHsgBNr9Q-- <- @types/linkify-it 5.0.0
+ nodelite-2-sxPqmo70LyARJs0w2UclACPUUEqltCkJ6PhKdMIDuJ3gSf-Q--GIe3WKl0Ijb-GyH9lOpUkRAO2wp0GVkLvS9Q-- <- micromark-util-normalize-identifier 2.0.1
+ nodelite-2-sZuz1dYW-ZsfG17WSAG7eS85r5a0dDsvg-7BiiYR5o6lKCAtUrEwdmRmaGF6rwVj3LcmAeYkOWKEPlbPzN3Y3A-- <- regexp-ast-analysis 0.7.1
+ nodelite-2-tacvGzUY5o2D8CBh2rrwxyNojUsZNU2zjNTzKQrkgGJQTbGAfArVWXSKMBokBeeg6C7OLRGUEyoFlYbfeWQIqw-- <- nano-spawn 2.0.0
+ nodelite-2-tCjHmct79OfcO3g5q21ME7CNzLzpw1MAsUXCLHLGWH-V6pp-xTvMbIcLwzkDj6TI3mxK6kehTn40SEjBkZ3Rog-- <- @node-rs/bcrypt-linux-x64-musl 1.10.7
+ nodelite-2-tIbYtZbucOs0BRGqPJkshJUYdL-SDH7dVM8gjy-ERp3WAUjLEFJE-02kanyHtwjWOnwrKYBiwAmM0p4kLJAnXg-- <- fdir 6.5.0
+ nodelite-2-tJtZBBHA6vjIAaF6EnIaq6laBBP9aq-Y3ouVJjEfoHbRBcHBAHYcMh-w8LDrk2PvIMMq8gmopa5D4V8RmbrxGw-- <- cors 2.8.6
+ nodelite-2-tjwM5exMg6BGRI-kNmTntNsvdZS1X8BFYS6tnJ2hdH0kVxM6-eVZ2xy-FqStSWvYmtfFMDLIxurorHwDKfDz5Q-- <- bundle-name 4.1.0
+ nodelite-2-tJxiiLsmHc9Ax1bz3oaOYBURTXGIRDODBqhveVHonrHJ9--k89qbLl0bcJns-e4t4rvaNBxaEZsFtSfAdquPrw-- <- @img/sharp-libvips-linux-x64 1.2.4
+ nodelite-2-tjymquatF9seZGE3GcN1barqNqpmyEpqIN0rBKTcoZWwgDC0SgBp5LFqCRJE6YhzXA7TjpXbpTdcL5A8cwyryw-- <- @types/pnpapi 0.0.5
+ nodelite-2-tlqY9xq5ukxTUZBmoOp-m61cqwQD5pHJtFY3Mn8CA8ps6yghLH-Hw8UPdqg4OLmFW3IFlcXnQNmo-dh8HzXYIQ-- <- @sindresorhus/merge-streams 4.0.0
+ nodelite-2-tmMpK00BjZiUyVyvrBK7knerNgmgvcV-KLVyuma-SC-TQN167GrMRciANTz09-k3zW8L8t60jWO1GpfkZdjTaw-- <- trough 2.2.0
+ nodelite-2-tooT6OU4dv8esdLxpELcBYc3R3zN-Bn0llM58RP8djBrxN57l7E5KqfTFq035kEaYl58C0fEgsOEL9G6zO6oQA-- <- oxc-minify 0.111.0
+ nodelite-2-tpjzVl7KCQNVd-qcaCE9XbejL38V6KJAEq-tVXj7mDPtl6JtzmUdnXelSS-ULRkkrDgzYVK7EerQJvd2jR794Q-- <- @vueuse/core 14.2.0
+ nodelite-2-tQMagCOC59EVgNZcC5zl7XqO30Wki9i9J3acbUvkaosCT6JX3EeFwJD7Qqp4MCikRnzS18WXV3BLIQ66ytu6-Q-- <- conventional-commits-filter 5.0.0
+ nodelite-2-tQvHWSZ3-jH2xuq-vZDy0jNn-ZdXJeM8gHvX4lnJmsc3-50yPlWdZXIc5ay-umX-2-tJIqHqiEqcJvxlmIvRvQ-- <- @babel/plugin-transform-export-namespace-from 7.27.1 (8.0.1 is available)
+ nodelite-2-trmleAnZ2PxN-loHWVhhx1qeOHSRXq4TDsBBxq3GqeJitfk3-jTQ-v-C1km-KYq9M7wKqCewMh--NAvVH7m-bw-- <- ast-kit 3.0.0-beta.1
+ nodelite-2-tsaTIkKW9b4N-AEj-SVA-WhJzV7-zMhcSu78mLKWSk7cXMOSHsBKFWUs0fWwq8QyK3MgJBQRX6Gbi4kYbdvGkQ-- <- string-width 7.2.0 (8.1.0 is available)
+ nodelite-2-tt-7wOtBmwHPNMPu7ax4pdPz6shjFrmHDghvNC-FG9Qvj7D6mJcoRQIF5dy4njmxR941l6rgtvfSB2zX3VlUIw-- <- @babel/plugin-transform-block-scoping 7.28.6 (8.0.1 is available)
+ nodelite-2-tVpsJW7DdjecAiFpbIB1e3qxIQsE6NoPc5-eTdrbbIC4h0LVsWhnoa3g-m2HclBIujHzsxZ4VJVA-GUuc2-LBw-- <- yargs-parser 21.1.1
+ nodelite-2-twmVoizEW7ylZSN32OgKdXRmo1qg-wT5-6C3xu5b9QsWzSFAhHLn2xd8ro0diCsKfCj1RdaTP-nrcW-vAoQPIw-- <- colorjs.io 0.5.2
+ nodelite-2-tzzskb3bG8LvYGFF-mDTpq3jpI6Q9wc3LEmBaghu-DdCssd1FakN7Bc0hVNmEyGq1bq3RgfkCb3cmQLpNPOroA-- <- mri 1.2.0
+ nodelite-2-uaW0WwXKpL9blXE2o0bRhoL2EGXIrZxQ2ZQ4mgcfoBxdFmQold-qWsD2jLrfZ0trjKL6vOw0j--eAwcALFjKSw-- <- send 1.2.0 (1.2.1 is available)
+ nodelite-2-uB80kBFb-tfd68bVleG9T5GGsGPjJrLAUpR5PZIrhBnIaRTQRjqdJSsIKkOP6OAIFbj7GOrcudc5pNjZ-geV2g-- <- pify 4.0.1 (5.0.0 is available)
+ nodelite-2-uBHU3L3czsIyYXKX88fdrGovxdSCoTGDRZ6SYXtSRxLZUzHg5P-66Ht6uoUlHu9EZod-inXhKo3qQgwXUT-y1w-- <- source-map-support 0.5.21
+ nodelite-2-uBi6kmc9f3SZ3PXxqcHiUZLmIXgfgWooKWXcwSGwQd2Zi5Rb0bT14-8CJjJgI8AB-nndLaNgHGrcc6bPIB665g-- <- pug 3.0.3
+ nodelite-2-uBq4egWHTcTt33a72vpSG0z3HnPuIl6NqYcTrKEg2azoEyl2hpW0zqlxysq2pK9HlDIHyHyakeYaYnSAwd8bow-- <- dotenv 16.6.1
+ nodelite-2-uc47g4b-4k-M-SeaW1y4OApx-mtLWl92l5LMPP0GNXctZqELk-YGgOPIIC5elYmUH4OuoK3JLhuRUYegeySiFA-- <- dotenv-expand 12.0.3
+ nodelite-2-uCC2VHvQRYu-lMh4My-sFNmF2klFymLX1wHJeXnbEJERpV-ZsVuonzerjfrGpIGF7LBVa1O7i9kjiWvJiFck8g-- <- strip-bom-string 1.0.0
+ nodelite-2-udgsAY-fTnvv7kI7aaxbqwWNb0AHiB0qBO89PZKPkoTmGOgdbrHDKD-0B2X4uTfJ-FT1R09r9gTsjUjNJotuog-- <- pify 2.3.0 (5.0.0 is available)
+ nodelite-2-uEmtNhbDOrWPFS-hdjFCBfy9f2YoyzRpwcl-DqpC6taX21FzsTLQVbMV-W7PzNSX6x-bhC1zA3c2UQ5NzH6how-- <- moment 2.30.1
+ nodelite-2-uHJgbwAMwNFf5mLst7IWLNg14x1CkeqglJb-K3doi4dw6q2IvAAmM-Y81kevy83wP-Sst-nutFTYOGg3d1lsxg-- <- globrex 0.1.2
+ nodelite-2-uHZg7N9ULTVbutaIsDRoUkoS8-h3bdsmVJYZ5l3wv8Cp-6UIIoRDm90hZ-BwxUj-hGBEzLxdHNSKuFpn8WOyZw-- <- autoprefixer 10.4.24
+ nodelite-2-uKGyY8BuzN-a5gvzvA-3FVWo0-wUjgtfSdnmjtrOVwQCZPHpHDH2WRO3VZSOeluYrHoDCiXFffZXs8Dj1ULWtw-- <- hookable 6.0.1
+ nodelite-2-ukiYM-9cH6Cml-AOl5kETtM9NR3WulyVP2y4HOU45DyMim1IeP-OOiyEWRr6qk5I5klpsBnbuHpwKmTx6WURnw-- <- pug-parser 6.0.0
+ nodelite-2-un0Y55cOM7JKGaLnGja28T38tDDop0AQ8N0KlAdyh-B1nmMoX8AnNmqPNZbS3mUMgiST51DCVqmbFT1gNJpVNw-- <- kill-port 1.6.1
+ nodelite-2-uorlqlzAKjKQZ5P-kTJr3eeJGSVroLKoHmquUj4zHWuR-hEyNqlXsSKlYYF5F4NI6nl7tWCs0apKJ0lmfsXAPA-- <- regex 6.0.1
+ nodelite-2-uQFoSdKKf5S8k51W5t7b2qpfkyIbdHMzAn-AMQvHPxKUPeo1SsGaA4JRISQT87jm28b7z8OEqPcg1IOZagQHcA-- <- @tanstack/virtual-core 3.13.13
+ nodelite-2-uQqBmA8dTWbKvfqbeSsXNUssRGfdgQCc0hkGfhQN7Pf85wG2h0Fd-z2d-ykyT4YbcsjQdgEGxBNsg3v4ekOuEA-- <- @rolldown/binding-linux-x64-gnu 1.0.0-rc.2
+ nodelite-2-utfs7Pr5uJyyvDETitgsaqSyjCb2qNRAtuqUeWIAKztsOYdcACf2KtARYXg2pSvhkt-9NfoaNY7fxjl6nuMjIQ-- <- lightningcss 1.30.2 (1.31.1 is available)
+ nodelite-2-uTqF9MuPraAQ-IsnPf366RG4cP9RtUi7MLO1N3KEc-wb0a6yKpeL0lmk2IB1jY5KHPAlTc6T-JRdC-YqxHNwkQ-- <- obug 2.1.1 (2.1.4 is available)
+ nodelite-2-uV2QOWP2nWzsy2aMp8aRibhi9dlzF5Hgh5SHaB9OiTGEyDTiJJyx0uy51QXdyWbtAHNua4XJzUKca3OzKUd3vA-- <- cross-spawn 7.0.6
+ nodelite-2-uwp2Tip5aPmH-NRUwTcfLb-W32WXjpFejTIOWZFw-v7-KnpCDKG66u4DLcurQpiYTiYwQ9B7KOeMJvLCu-OvbA-- <- @esbuild/linux-x64 0.27.2 (0.28.2 is available)
+ nodelite-2-uxFIHU0YlHYhDQtV4R9J6a52SLx28BCjT-4ieh7IGbgwVJWO-km431c4yRlREUAsAmt-uMjQUyQHNEPf0M39CA-- <- punycode.js 2.3.1
+ nodelite-2-uZhTV-8NBuw0WHkPTrCqDOl0zVe1BIng5ZtHoDk49ME1qqcjYmmLmOf0gELgcRMxN4w2iuIeVso5-6QymSrgmA-- <- mdast-util-from-markdown 2.0.2 (2.0.3 is available)
+ nodelite-2-v3gyT0ivkfBLoZGF9LyHmts0Isc8jHZyVcbzio6Wpzifg--5ZJpDiRiUhDLkcr7f-r38SWNe7ucxmGW3j3Kb-g-- <- @tailwindcss/oxide-linux-x64-gnu 4.1.18
+ nodelite-2-v3Xu-yuwBXisp6QYTcH4UbH-xYJXqnq2m-LtQVWKWzYc1iehYnLixoQDN9FH6-j9-oybfd6W9Ghwkl8-UMKTKQ-- <- uglify-js 3.19.3
+ nodelite-2-va0VdWro4zlBr2JsXC-ofCPB2iG12wPtVGTWFx2WLDOM3nYQZZIGP82qku2eW-JR83sD-k2k-CsNtyEbUqhU6w-- <- @babel/plugin-transform-async-generator-functions 7.29.0 (8.0.1 is available)
+ nodelite-2-vafaFqs8MZkRrSX7sFVUdo3ap-eNiLnb4IakshzvP56X5Nr1iGKAIqdX6tMlm6HcNRIkr6AxO5jFEoJzzpT8aQ-- <- handlebars 4.7.8 (4.7.9 is available)
+ nodelite-2-vCrqcSIq4--Gx74TXXCGnHpulY1dskqLTFGDmhrGxzeXL8lF8kvXv6mpNWlJj1uD4DW23D4ljAqbY4RRaaUZIw-- <- constantinople 4.0.1
+ nodelite-2-vd2F4YUyEXKGcLHoq-TEyCjxueSeHnFxyyjNp80yg0XV4vUhnDer-lvvlqM-arB5bXQN5K2-3oinyCRyx8T2CQ-- <- magic-string 0.30.21
+ nodelite-2-vENRlFU4YbrwVqNDZ7fLvy-JR1CRkyr01jhSiDpE1u6py3OMzQfztQU2jxykW3ALNxO4kSlqIDeYyD0Y9RcQeQ-- <- @rolldown/pluginutils 1.0.0-beta.53 (1.0.0-rc.3 is available)
+ nodelite-2-vfD3pmTzGpufjScBh50YHKzEu2lxBWhVEHsNGoEXmCmn2hKGfeNLYMzCJpe8cD7gqX7TJluOVpBkAequ6dgMmA-- <- section-matter 1.0.0
+ nodelite-2-vIChWdVG3LG1SMxEvI-AK-FWJthlrqlTu7fbrlywTkkaONwk-UAGaULXRlf8vkzFBLVm0zkMdCquhL5aOjhXPQ-- <- @types/debug 4.1.12
+ nodelite-2-vkcDPrRZo1QZLbn5RLGPpg-WmIQ65qoWWhcGKf-b5eplkkarX0m9z8ppCat4mlOqUsWpyNuYgO3VRyrYHSzX5g-- <- prelude-ls 1.2.1
+ nodelite-2-vKivATfr97l2-QBCYAkXYDbrIWPM2IIKEl7YPhjCvKlG3kE2gm-uBo6nEXK3M5-Ffh-FLpKExzOQ3JJoJGFKBw-- <- mitt 3.0.1
+ nodelite-2-vpeMIQKxczTD-0s2CdEWHcb0eeJe6TFjxb-J5xgX7hScxqrGuyjmv4c1D4A-gelKfyox0gJJwIHF-fLjeaM8kQ-- <- get-east-asian-width 1.3.0 (1.6.0 is available)
+ nodelite-2-vPZZsiOKaBAIATpFE2uMI4w5IRwdv-FpQ-qZZMR4E-PeOcM4OeoEbqxRMnywdxP19TyB-3h6QBB0EWon7letSQ-- <- eslint-plugin-import-x 4.16.1
+ nodelite-2-vq24Bq3ym5HEQm2NKCr3yXDwjc7vTsEThRDnkp2DK9p1uqLR-DHurm-NOTo0KG7HYHU7eppKZj3MyqYuMBf62g-- <- @nodelib/fs.scandir 2.1.5 (4.0.1 is available)
+ nodelite-2-vqiC06CuhBTUdZH-RYl8sFrL096vA45Ok5ISO6sE-Mr1jRbGH4Csnhi8f3wKVl7x8mO4Au7Ir9D3Oyv1VYMFJw-- <- mimic-fn 4.0.0
+ nodelite-2-vSH118-wwM-pLR38g-Sgk05sNtro6TlTJKuiMXDaZqPUfjTFcudpCOt00IhOfj-1BFAX-UFAlzCU-6WXr3GLFQ-- <- @babel/generator 7.29.0 (8.0.0-beta.4 is available)
+ nodelite-2-vYt7UD1U9Wg6138shLtLOvdAu-8DsC-ilFtEVHcH-wydcSpNE20AfSOduf6MkRFahL5FY7X1oU7nKVZFtfq8Fg-- <- punycode 2.3.1
+ nodelite-2-vZks1dLliM0w7aQDT9eFYLO8PUuQ9Cm67y7kn-kgkLtvKP0HZ6Thb3-MCGFFNCnKMCkLXY6rvIH1d7jQITryxA-- <- http-proxy-3 1.23.2

Done in 2.2s using pnpm v10.28.2
