Progress: resolved 1, reused 0, downloaded 0, added 0
Progress: resolved 221, reused 0, downloaded 190, added 0
Packages: +250
++++++++++++++++++++++++++++++++++++++++++++++++++++++++++++++++++++++++++++++++
Progress: resolved 250, reused 0, downloaded 250, added 250, done

dependencies:
+ nodelite-2-saE57nupxk6v3HY35-jzBwYa0rKSy0XR8JSxZPwgLr7ys0IBzhGviA1-TUGJLmSVqs8pb9AnvICXEuOHLprYTw-- <- whatwg-url 5.0.0 (8.7.0 is available)
+ nodelite-2-saLsH7WeYYPiD25LDuLRRY-i-6HaPYr6G1OUlN39otzkSTxKnubR9RTxS3-Kk50s1g2JTgFwWQDQyplC5-SHZg-- <- pirates 4.0.6 (4.0.7 is available)
+ nodelite-2-saYhF8ZZNoJDTvJBEWgeBccCg-yvp1CX-ed12yORU3NilJScfc6gfch2oVb4QgxZrGUx3-ZJlb-c-dJbyupxlw-- <- @smithy/is-array-buffer 4.0.0 (4.2.0 is available)
+ nodelite-2-scB3nz4WmG75pV8-3eRUQOHZlNSUhFNq37xnpgRkCCELU3XMvXAxLk1eqWWyE22Ki4Q01Fnsw9BA3cJHDPgn2Q-- <- eslint-plugin-jsx-a11y 6.10.2
+ nodelite-2-scnD59RpYD91xngrQQLGkE-6UrHUPzeKZWhhjBSa3HSkwjbQc38-q3RoIVEwxQGRw3M-j5hpNAM-lgV3cVormg-- <- @types/node 20.12.14 (26.4.1 is available)
+ nodelite-2-sdleLVfCjBtgO5cNjA2HVRvWBJAHs4zwenaCPMNJAJU0yNxpzj80IpjOIimkpkr-mhlA-how5poQtt53PygbHA-- <- bin-links 5.0.0
+ nodelite-2-sdQSFB7-llfUcQHUQO3-B8ERRj0Oa4w9POWMI-puGtuf7gFywGmkaLCElnudfTiKZV-NvHqL0ifzdrI8Ro7ESA-- <- damerau-levenshtein 1.0.8
+ nodelite-2-seS2Tj26TBVOC2NIc2rOe2y2ZO7efxITtLZcGSOnHHNOQ7CkiUBfw0Iw2ck6xkIhPwLhKNLS8BO-hEpngQlqzw-- <- resolve-pkg-maps 1.0.0
+ nodelite-2-sGFdpdAYusk-ropHiwtXom2JrdaKPxl8MqemRv6dvxZq1Gm-GdmOowxdXIPjCgBGMgoXVcgNviH6CgiO5q-UtA-- <- @swc/core-linux-x64-gnu 1.9.1 (1.9.3 is available)
+ nodelite-2-sggap7UTV0823cZk1buCEdd3KG-dMo73DpBuN-zHFC8UG3PfSKDlbVmQGb0TegxWTXG6BwItNQo8gd-pZzf-MA-- <- @nuxt/devtools-kit 2.3.1
+ nodelite-2-sGhTPMuXqZ1rVOk32RylztWkfXTRhuS7vgAKv0zjqk8gbsHkJ7xfFf-jbySxt7tWObEJwyKaHMikV-WGDiQm8g-- <- @vue/devtools-api 6.6.4 (8.0.5 is available)
+ nodelite-2-sGkPx-VjMtmA6MX27oA4FBFELFCZZ4S4XqeGOXCv68tT-jb3vk-RyaKWP0PTKyWtmLSM0b-adUTEvbs1PEaH2w-- <- ms 2.1.2 (2.1.3 is available)
+ nodelite-2-shrVawQFojnZv6xM40anx4CkoDP-fZsw-ZerEMsW-pyzsRbElpsL-DBVW7q3ExxwusdNXI3lXpuhEZkzs8p5Eg-- <- color-string 1.9.1 (2.1.2 is available)
+ nodelite-2-shx7oQ0Awen-BRIdkjkvz54PnEEI-EjwXDSIZp86-KKdbafHh1Df-RYGBhn4hbe2-uKC9FnT5UCEdyPz3ai9hQ-- <- character-entities 2.0.2
+ nodelite-2-sI0nwhUDz97xyzqJAbHQhp5TfaxEvZZZ2JDqUo-7NvyIYG6BZ5CPPqj2ogUoPJlmXHBnyZUzISg9-oUmU6tUjQ-- <- micromark-extension-mdx-expression 3.0.0 (3.0.1 is available)
+ nodelite-2-sI1NY4lWlXBAfjmCtVWIIpBypbBdhHtcjnwnv-gtCnsaOffyFil3aidszGC8hgzJe-fT1qix05sWxmD-Bmf-oQ-- <- make-fetch-happen 15.0.2
+ nodelite-2-si7QWI6zUMq56bESFvagtmzMdGOtoxfR-Sez11Mobfc7tm-VkUckk9bW2UeffTGVUbOksxmSw0AA2gs8g71NCQ-- <- wrap-ansi 8.1.0 (9.0.2 is available)
+ nodelite-2-sJOdmRGrY2sjNTRMbSvluQqg-8X7ZK61yvzBEIDhz4f8z1TZFYABsqjjCBd-0PUNE9M6QDgHJXQkGUEm7Q-l9Q-- <- npm-run-path 5.1.0 (6.0.0 is available)
+ nodelite-2-sJslQKU2uM33qH5nqewAwVB2QgR6w1aMNsYUp3aN5rMRyXEwJGmZvaWzeJFNTOXWlHQyBFCWrdj3fV-fsTOX8w-- <- filesize 10.1.6
+ nodelite-2-sKJf1-ceQBr4SMkvQnBDNDtf4TXpVhVGateu0t918bl30FnbE2m4vNLX-VWe-dpjlb-HugGYzW7uQXH98HPEYw-- <- has-flag 3.0.0 (4.0.0 is available)
+ nodelite-2-sKq-9r1Mm4efXW1FCk7hFSeJo4QKreL-tTbR0rz-qx-r1Oa2VV83LTA-H-MuCOX7uCIJmQVRKBcbmWoySjAnSg-- <- @octokit/types 16.0.0
+ nodelite-2-skY3kOJwp22W4RkaadH1hZ3hqFHjkRrIIE0uQ4VUg--Chvbl-2pF-B55IrIk2dgsKXS57YEUsJuN6I6s4rgFjA-- <- @oxc-project/types 0.56.5 (0.95.0 is available)
+ nodelite-2-sMEJ27L0gRHShOh5G54uAAPaiCOygY-5ratXuiyb2G46FmlSpc9eFCzYVyDiPxfNbwzA7mYahmjQc5q-CZQ09Q-- <- babel-plugin-polyfill-corejs2 0.4.11
+ nodelite-2-sNi3DL0-k64-LO3A256M-m3CDdG6V7WKWHdAiBBMUN8S3hK3aMPhwnPik2A-a2ONN-9doY9UxaLfgqsIRg69QA-- <- @smithy/util-body-length-browser 4.0.0 (4.2.0 is available)
+ nodelite-2-sNPKHvyjVf7gyjwS4xGTaW-mCnF8wnjtifKBEhxfZ7E-S8tQ0rssrwGNn6q8JH-ohItJfSQp9mBtQYuTlH5QnA-- <- magic-string 0.30.17
+ nodelite-2-soEIOALTfTK6EjmKMMoLugwaP0rzkad90iIWd1hMO9ARkSAyjfMfkRRhLvD5qH7vvM0Cg72pieUfR6yh6XxC4w-- <- @eslint-community/eslint-utils 4.5.1 (4.9.1 is available)
+ nodelite-2-soFhflCVWLfRNOPU3iv5Z9VUdT44xFRbzjLsEzSr5AQmgqPMTHdU3PMT1Cf1ssx8fLNJDA1juftYl-PUcv3MqA-- <- icss-utils 5.1.0
+ nodelite-2-sPfufYbSLisgi3mghbfOPxNL0Jhs4p6yCexXEdwgXITV5oKq6mdj2w5NQ32i6wMfSlEZFzIIV17ozdYsHavNhg-- <- lerna 9.0.1 (9.0.3 is available)
+ nodelite-2-spLUXeTAVHxDtKsJc8FkFVgFtMdEN9qPGpL23VfSHx4fP4-Ds097IXLvymbnDH8FnmxX5Nr9bPw3A-AQ6mWEaQ-- <- gitconfiglocal 1.0.0
+ nodelite-2-sPRAnw9CdSsRmEtnsl2WXWdyquogVpB3yZ3dgwJfe8zrOzTsV7cJvmwrKVa-0ma5BoiGJ-BoqkMvawbayKUsqQ-- <- @esbuild-kit/core-utils 3.3.2
+ nodelite-2-sPU4uV7dYlvtWJxwwxHD0PuihVNiE7TyAbQ5SWxDCB9mUYvOgroQOwYQQOKPJ8CIbE-1ETVlOoK1UC2nU3gYvg-- <- mime-db 1.52.0 (1.54.0 is available)
+ nodelite-2-spzR1MInxPuXKEX2csMamshR4LRaSZ3UXVaRGjeQxl70ySxOhMpP2252RAFsg8QyyBXBzuVOOdx1-bVO5bPIzA-- <- @csstools/postcss-logical-overflow 2.0.0
+ nodelite-2-sqN2UDu1-0y6uvXyStCOzyhAjCSlHceFoMKJW8W9EU9cvic-QdsZ0kEU93HEy3IUEFZIiH-3w-AH-UQbPHNdhA-- <- is-shared-array-buffer 1.0.2 (1.0.4 is available)
+ nodelite-2-sQoqa8alT3nHjGuTjuKgOnvjo4cljkufdtLMnO2LBP-wRwuDlo1tkaEdMxCRhyGRPacv-ztlZgDPm2b7FAmEvw-- <- pkg-types 1.2.1 (2.3.0 is available)
+ nodelite-2-sRVD3lWVIXWg6By68ZN7vho9a1pQcN-WBFaAAsDDFzlJjvoGx0P8z7V1t72grFJfJhu3YPZBuu25f7Kaw2jN1w-- <- fastq 1.17.1
+ nodelite-2-srw17NI0TUWHuGa5CFGGmhfNIeja30WMBfbslPNhf6JrqQlLN5gcrvig1oqPxiVaXb0oW0XRKtH6Nngs5lKCIA-- <- regenerator-runtime 0.14.0 (0.14.1 is available)
+ nodelite-2-sSCbqZDBKHetvjSwpyWzhuHkmW5RummxJBVbYLkGkaiTOWGxml7SXt0iWa03bzxFIx7wOj3g-ILRd0RcJKBeSQ-- <- @babel/plugin-transform-private-property-in-object 7.22.11 (8.0.1 is available)
+ nodelite-2-sSuxWU5j5SR9QQji-o2qMvqRNYRDOcBTgsJ-DeCf4iSN4gW-gNMXM7wFIP-fdXZxoNiAnHUTGjCr-TSWXdRDKg-- <- diff 8.0.2 (9.0.0 is available)
+ nodelite-2-sTSfBjoXBp89JvIKIefqw7U2CCebsc74kiY6awiGogKtoSGbgjYE-G--l9sF3MWFPNc9IcoOC4ODfKHfxFmp0g-- <- get-proto 1.0.1
+ nodelite-2-sVb--ZxbZIvaMtJfAbdyY-QJUQg9oKTwamXpEg-5xnfG5WbJLTjvEn4kIGKz9pN3ENNbIL-bIdctmHmqi-AdGA-- <- @hapi/catbox-memory 6.0.1
+ nodelite-2-sVpxYeuAhWt0OTWITwT98oyV0GsXyMlXCF-3L1SuafBVUIr-uILGRB-NqwkzhgXKvoJpDIpQvqkUALgdmQsQxw-- <- jake 10.8.5 (10.9.4 is available)
+ nodelite-2-sXZ2Nj1icbJOKmdjXVT9pnyHQKiSAyuNQHSgRCUgThn2388Y9cGVDR-E9J9iAYbSbLHI-UUwLVl1Wzco-zgv0Q-- <- postcss-normalize-whitespace 6.0.2 (7.0.3 is available)
+ nodelite-2-sY22aA6xchAzprjyqmSEQv4UbAAzRN0L2dQB0NlN5acTTK9Don6nhoc3eAbUnpZiCANAMfd--40kVdKfFygohg-- <- get-stdin 8.0.0 (9.0.0 is available)
+ nodelite-2-t-Ygsytq-R995EJ5PZlD4Cu56sWa8InXySaViRzw9apusqsOO2bQP-SbYzAhR0pFKoB-43lYy8rWban9JSuXnA-- <- data-view-byte-offset 1.0.0 (1.0.1 is available)
+ nodelite-2-t09vSN3MdfsyCHoFcTRCH-iUtG7OJ0CsjzB8cjAmKc-va-kIgeDI-TxsigdncE-4be734m0cvIYwNaV4i2XqAw-- <- @sindresorhus/is 4.6.0 (7.2.0 is available)
+ nodelite-2-t0rzBq87m3fVcduHDUFhKmyyX-9eo6WQjZvf51Ea-M0Q7-T374Jp1aUiyUl0GKxp8M-OETVHSDvmkyPgvX-X2w-- <- type-fest 0.21.3 (5.4.1 is available)
+ nodelite-2-t2IEY-unGHOzAaVM5Xx6DEWKeXlDDcNPeDyUpsRc6CUhBfU3VQOEl-Vssh7VNp1dR8MdUJBWhuObjXCsVpjN5g-- <- @inquirer/figures 1.0.15
+ nodelite-2-t2yVvttHkQktwnNNmBQ98AhENLdPUTDTE21uPqAQ0ARwQfGeQKRVS0NNurH7bTf7RrvcVn1OOge45CnBeHCSmg-- <- is-weakset 2.0.2 (2.0.4 is available)
+ nodelite-2-t41VRkMYbkHyCYmOvx-6URnN80H7k4X0lLdBMGsz-maAwrJQYB1djpV6vHrQIBE0WBSGqhtEHrK9U3DWWH8v7A-- <- quansync 0.2.10 (1.0.0 is available)
+ nodelite-2-t7hw9pI-WvuwNJXwk5zVHpyhIqzg2qTlklJOf0mVxGSbe3Fp2VieZcduNYjaLDoy6p9uGpQEGWG87WpMKlNq8g-- <- locate-path 5.0.0 (7.2.0 is available)
+ nodelite-2-t7j-NzmgnQzTAYXcsHYLgimltOV1MXHtlOWf6GjL9Kj8GK5FInw5JotxvbOs-IvV1-Dzo04-fCGfLVs7aXb4Ag-- <- lodash.memoize 4.1.2
+ nodelite-2-t7ZQ7g5trIgSRYhI9pIJtRl64KHotutUJsh4Eze5l7olJv-mRSg4-MmbZ0tv1eeqRbdvo--trvJD-Oc5DmW2cA-- <- @babel/plugin-transform-dotall-regex 7.25.9 (8.0.1 is available)
+ nodelite-2-tbhNuIxNcVb21pInl3ZSjksLCvgdZy9KwJ8brv993QtIVKJBBkYXz4q4ZbAv31GdnC-R90np23L5FbEBlthAEw-- <- @babel/helpers 7.26.0 (8.0.0-beta.0 is available)
+ nodelite-2-tBZlIIWbndeWBWCXWZiqtOF-yxf6yZX3tAlTJ7nfo5jhd6dctNxF7QnYlZLZ1a0o0pDoen7CgZqO-zjNaFbJAg-- <- ioredis 5.6.0 (5.9.2 is available)
+ nodelite-2-tC9xKGo3z-HQbJDMvaUrnBSSRX7sOX2YUA2OpJ3T1TTfylLTO70OKjg1G4OMFNiPpJsHonwD7Iud-rnMnUKI0g-- <- @aws-sdk/client-sso-oidc 3.279.0 (3.600.0 is available)
+ nodelite-2-tcpGyI9zbizT9JbV6oYE477V6mTlXvvi0T0G3SNIYE2apm-G5huBa1-K89VGeovbg-jycCrfhl3ADxErOuO6Jg-- <- acorn 8.12.1
+ nodelite-2-tdXZ2UdknEKQWKJP1KMNmuF5Lx3MymtMN-pvA-p-VEkhK8jVcQ1fzSy8KM9qRYhAf2-lV33hoMPKI-xaI9sADA-- <- @babel/plugin-transform-block-scoped-functions 7.22.5 (8.0.1 is available)
+ nodelite-2-tE2UXzivje6ofPW7l23cjDOMa09gb7xlAqG6jG5ej6uPV32TlWP3NKPigtaGeHNu9fohccRYvIiZMfOOnOYUtg-- <- is-string 1.0.7 (1.1.1 is available)
+ nodelite-2-tE7ztYzXHIeyvc7N-hR3oi7FIbf-NIjVP9hmAt3yMXzrQ072-fpjGLx2GxNxGxUl5V73MEqYzioOMoVhGMJ5cA-- <- dot-prop 6.0.1 (9.0.0 is available)
+ nodelite-2-tEZnrOujKpS6jLKliyWBl3A9PaE-ppuL--gkbyPPDb-l2KSKQyH4lhMkVb-sBhwN-qaxxlig01JRqB8dk-mPxQ-- <- @hapi/iron 7.0.1
+ nodelite-2-tIbYtZbucOs0BRGqPJkshJUYdL-SDH7dVM8gjy-ERp3WAUjLEFJE-02kanyHtwjWOnwrKYBiwAmM0p4kLJAnXg-- <- fdir 6.5.0
+ nodelite-2-tjwM5exMg6BGRI-kNmTntNsvdZS1X8BFYS6tnJ2hdH0kVxM6-eVZ2xy-FqStSWvYmtfFMDLIxurorHwDKfDz5Q-- <- bundle-name 4.1.0
+ nodelite-2-tJxiiLsmHc9Ax1bz3oaOYBURTXGIRDODBqhveVHonrHJ9--k89qbLl0bcJns-e4t4rvaNBxaEZsFtSfAdquPrw-- <- @img/sharp-libvips-linux-x64 1.2.4
+ nodelite-2-tK14r66JZKiC43p8Ki33yLBVJKlQDFoA8GYN67lWCDCqoL6EMMSuM9b-Iff2jHaM-RRFYl7K-iiru7hbRqNx8Q-- <- @babel/helper-skip-transparent-expression-wrappers 7.22.5 (8.0.0-beta.0 is available)
+ nodelite-2-tk2G5R2KRwBd-ZN0zaEXpmzdKyOYksXwywulIX95MBODjSzMIuQnQ3m8JxgbhnL1LeVo7lqQKsYa1O3Htl7K5g-- <- tr46 5.0.0 (6.0.0 is available)
+ nodelite-2-tk5YCxJWIG81umIvNkSod2qK5KyQW19qcBF-B78n1bjtOON6gzKoVeSzAE8yHCZEDmqkHKkxplExA8KzdJLJpA-- <- @rollup/plugin-node-resolve 16.0.1
+ nodelite-2-tkAQEw8ysMzmkhgw8k-1U-iPhWNhykKnSk4Rd5zLoPJCuJaGRPo6YposrZgaxHKzDHdDWWZvE-Sk7hsL2X-CpQ-- <- p-map 7.0.4
+ nodelite-2-tkSegM0Z6WMXpLB8oPys-d-umYIocvO298mGvcMCncpRl77L9XkvSLJIFzaHes-o7djAgIduYw8wKIMStFss2w-- <- @aws-sdk/middleware-host-header 3.775.0 (3.972.2 is available)
+ nodelite-2-tLq3bSNx-xSpwvAJnzrK0Ep5CLNWjvFTOp71URMaAEWBfRb9nnJiBoUe0tF8bI4ZFO3omgBR6NvnbzVUT3Ly4g-- <- type-fest 3.13.1 (5.4.1 is available)
+ nodelite-2-tLRNUXati5MFePdAk8dw7Qt7DpxPB60ofAgn8WRhW6a2rcimZnYBP9oxHiv0OHy-Wz7kPMG-t4LGdt31-4EmGg-- <- async-sema 3.1.1
+ nodelite-2-tmMpK00BjZiUyVyvrBK7knerNgmgvcV-KLVyuma-SC-TQN167GrMRciANTz09-k3zW8L8t60jWO1GpfkZdjTaw-- <- trough 2.2.0
+ nodelite-2-tmPX422rYgofd4epzrNoOXiE8XFZYOcCq1vD7MAXCDO-O-zndlA2ztdKKMa-EeuBG5tHETpr4ml4RGgpqDCCAg-- <- node-dir 0.1.17
+ nodelite-2-tN0MCzyWnoz-4nHS6uxdlFWoUZT7ABptwKPQ52Ea7URk6vll88bWBVhodtnlfEuCcKWNGoc-uGbw1cwa9IKh-w-- <- language-subtag-registry 0.3.22 (0.3.23 is available)
+ nodelite-2-tN3dvVHYVz4DhSXinXIk7u9syPYaJvio118uomkovAtWBT-RdbP6Lfh-5Lvo519YMmwBafwlh20IPTXIStscpA-- <- mlly 1.7.2 (1.8.2 is available)
+ nodelite-2-tNcU3cLH7toloAzhOOrBDhjzgbxpyuYvkf-BPPnnJCdc5EIcdJ8JcT-SglvCQKKyZ6m9dVXtCVlJcA6csxKdEA-- <- libnpmpublish 11.1.2
+ nodelite-2-tNgw3YV0LYoRwg43N3lTe3AEWZ66W7Dh7lVEpJbHoKOuHc1sLrzMLMFjP8SNULHaykzsonUEDbKedv8C-7ej6g-- <- postcss-normalize-timing-functions 7.0.0 (7.0.3 is available)
+ nodelite-2-tnUA4RsrmflIM6W6RFTLFSXITtl0wKjgpnLgXyowocVPrbYrLUXSBXDgTs8BlbmIzIdlBySRQjINYs2BAkiLtw-- <- @babel/helper-module-imports 7.25.9 (8.0.0-beta.0 is available)
+ nodelite-2-tnUJr9p5r-bEYXPUdRseolmz5XqJTTj98JgOsfBn7Oz2dxfE2g3zw1jE-Mo8lopM3j3et-Mq1yW7kKX6qw7RVw-- <- wait-on 6.0.0 (8.0.1 is available)
+ nodelite-2-toHc9fzab0ZfenFpsyYinOX0J-5dgJVA2fm64xPewu7CoYHWEivIWKxkK2rMi4r3yQqLnVmheMXRdG-k239CgA-- <- @babel/plugin-transform-block-scoped-functions 7.25.9 (8.0.1 is available)
+ nodelite-2-tqNXrS78oMOE73NMxK4EMLQsQowWf8jKooH9g7xPavRT706R6bkQJ6DY2Te7QukaZsulxa30wQ7bk0pm4XiHmA-- <- lowercase-keys 2.0.0 (3.0.0 is available)
+ nodelite-2-tRBEK0MHYvcMUrAuYMEOa0zg9APqirBcgzi6P21OhxtJyJADo-SWBwY1CAwEohQ-6HDaa9jCjLRG7K3PVQYHEA-- <- postcss-dir-pseudo-class 9.0.1
+ nodelite-2-trLf4SzuuUxfusZADLINj-dE8clK1frKdmqiJNb1Es75fmI5oY6X2mxLVUciLLjxqw-xr72Dhy-lER6dGd02FQ-- <- fuse.js 7.1.0
+ nodelite-2-ts6Wi-2j3jQjqi70w5AlN8DFnkSwC-MqmxEzdEALB2qXZYV3X-b1CTfgPLGJNMeAWxdPfU8FO1ms3NUfaHCPYg-- <- get-stream 6.0.1 (9.0.1 is available)
+ nodelite-2-tskPPKEs8D2KPafUypv2gxwJP8h-OaJmC82QQGGDQcHvXX43xF2VDACcJVmZ0EuSxkpO9Kc4MlrA3q0-FG58AQ-- <- citty 0.1.6
+ nodelite-2-tSvCKtBr9lkF0Ex0aQiP9N-OpV4zi2r-Nee5VkRDbaqv35RLYMzbwQfFSZZH0kR-Rd6302UJZ2p-bJCEoR3VoQ-- <- has-bigints 1.0.2 (1.1.0 is available)
+ nodelite-2-tuhGbE6CfTM9-5ANGf-oQb72Ky-0-s3xKUpHvShfiz2RxMFgFPjsXuRLBVMtvMs15awe45SRb83D6wH4ew6wlQ-- <- data-view-byte-length 1.0.2
+ nodelite-2-tUkiguQGW7S3IhB7N-c2MV-HZPSCPAAiYBZXLsBhFB-PCy6ZKKsZrmBayHV9fdGV-ARIfJ14NkxKzRDjvp7L6w-- <- browserslist 4.21.5 (4.28.8 is available)
+ nodelite-2-tUkzZWK0M-qdoLEqikxBWe4kumyuwjl3HO6zHTr4yEI23EojPtLYXdG1-AQY7MN0cGyNDvEaJ8wiYQm6P2bPxg-- <- byte-size 8.1.1
+ nodelite-2-tUpxzX0VAzJHjLu0xUfFv1gwVp9ba3IOuRAVH2EGuRW8a5emA2FlACLqiT-lDVtS1W-TGNwqz3sWaNyLgDJWuw-- <- minimatch 3.0.5 (9.0.9 is available)
+ nodelite-2-tVpsJW7DdjecAiFpbIB1e3qxIQsE6NoPc5-eTdrbbIC4h0LVsWhnoa3g-m2HclBIujHzsxZ4VJVA-GUuc2-LBw-- <- yargs-parser 21.1.1
+ nodelite-2-tvVnVv01b8c1RrA6Ep7JkStj85Guv-YrMcwqYQnwjsAS2cTmmPGBBjAjpCW7RrSodNSoE2-qg9O4bceNvUuDgQ-- <- run-async 2.4.1 (4.0.6 is available)
+ nodelite-2-twe20eF1OxVxp-ML-kq2p1uc6KvFK--vs8WjEbeKmV2He22MKm7YF2ANIt-EOqhJ5L3K-SuuPhk0hWQDjOM23g-- <- from 0.1.7
+ nodelite-2-twN-njEipszzlMJd4ONUYgSfZPDxgHhT9Ahed5uTigpQn90FggW4SA-AIPq-6a149fTbE9qBEcSwE3FAEp6wQQ-- <- parse-numeric-range 1.3.0
+ nodelite-2-tX5e7OM1HnYr2-a2C-4V0htOcSQcoSTH9KgJnVvNm5zm-cyEWKJ7j7YutsH9CxMdtOkkLFy2AHrMci9IM8IPZQ-- <- tinyglobby 0.2.14 (0.2.17 is available)
+ nodelite-2-tXgn3QfqPIpGl9o-K5tpcj3-MN4SfLtsx2GWwBC3SSd0tXQGyF3gsSqad8loJgKZGM3ZxbYDd5yhiBIdWpmvLA-- <- html-minifier-terser 7.2.0
+ nodelite-2-txw2wkiJmZKVdDbscK7VBK-u-TJnRtlUjRTLei-elZg2ADhpQxfVAQl436FUeIv6AhB-oRHW6-K-EAGXUSWi0A-- <- @aws-sdk/util-user-agent-browser 3.775.0 (3.972.2 is available)
+ nodelite-2-ty-fTekppD2fIwRvnZAVdeOiGd1c7YXEixbgJTNzqcxJWKQnjJ-V1bNEEE6hygpM3WjwHFUVK6HTjWSzV4a8sQ-- <- console-control-strings 1.1.0
+ nodelite-2-tY-msAuJo6ARbK6SPIxZrPBms3xPbfwBrulZe0Wtr-DIY9lje2HeV1uoebShn6mx7SjCHif6EjMvoREj-gZ-SA-- <- @octokit/auth-token 4.0.0 (6.0.0 is available)
+ nodelite-2-tYC1Q1hgyRuHgloV-YXs2w15unPVh8qfu-qCTfhTYamaw7fyhumKa2yGpdSo87vY32rIclj-4fWYQXUMs9EHvg-- <- quick-format-unescaped 4.0.4
+ nodelite-2-tycmZxkGfZaxhMRbXlPXuVFpdWlXpir2W4AMhSJgRKzk-eDlIXOhb2LHWoLpDF7TEHylV5zNhykX6KAgHJmTNw-- <- @babel/plugin-syntax-async-generators 7.8.4
+ nodelite-2-tzzskb3bG8LvYGFF-mDTpq3jpI6Q9wc3LEmBaghu-DdCssd1FakN7Bc0hVNmEyGq1bq3RgfkCb3cmQLpNPOroA-- <- mri 1.2.0
+ nodelite-2-u-SQgsubraE6zItfVA0tBuCBhfU9ogSRnsvygI7wht9TS510oLkBRXBsqopeUG-GBOIQyKZO9wjTqIu-sf5zFA-- <- ext-list 2.2.2
+ nodelite-2-u1fEHkCbWF92DBeB-KHeMacsjsoI0wFhjZtlCq2ddZbAehshbZST6Hs0Avkc0s-4UyBGbMDnSuXHLuvRWK5iDQ-- <- @algolia/autocomplete-plugin-algolia-insights 1.17.9
+ nodelite-2-u2SQ0hWrFwxbxxYMG5uMEgf01pQY5jauK-LYWgGIvuCmFgiyRQQP3oN7kkmsxnS9MWmNmhbyQguX2NY02s5e9w-- <- @aws-sdk/middleware-logger 3.272.0 (3.972.2 is available)
+ nodelite-2-u3UPsIilWKOM3F9CXtrG8LEJmNxwoCQC-XVj4IKYXvvpx7QIi-Kg1LI5uDmDpKlac62NUtX7eLjRh-jVZcLOzw-- <- @jest/types 29.6.3 (30.5.1 is available)
+ nodelite-2-u5-sxGfiMfZNtJ3OvQpXcvotFpYkL0n9u9mM2vkui2nGo8b4wvDkJ8gAkYqbA8QpGyFCv3RK0Z-Iv-9veCS9bQ-- <- feed 4.2.2 (5.2.0 is available)
+ nodelite-2-u5WtneEAr5IDG2Wv65yhunPSMLIpuKsbuOktRojfrEiEvRyC85LgPMZI63cr7NUqT8ZIGdSVg8ZKGxIug4lXcA-- <- @emotion/is-prop-valid 0.8.8 (1.4.0 is available)
+ nodelite-2-u8ZHz9Sv7sAv2vllyzcdgcO1pC5pa2UuoYKfz9J8hqLHc8VJYtYQ6WJvi4GoA55VDPk87pyVYz9t6ATntsukaw-- <- @aws-sdk/credential-provider-sso 3.279.0 (3.972.2 is available)
+ nodelite-2-ua1L4OgXSBdsu1FPb7F3tYH0F48a6kxvod4pLUlGY9COeJAJQNX-sNH2IiEmsxw7lqYiAwrdHMjz1FctOsyDQg-- <- package-json 10.0.1
+ nodelite-2-ua8BhapfP0JUJKC-zV9yHHDW-rDoDxP4Zhn3AkA6-xT6gY7jYXJiaeyBZznYVujhZZET-UgcbZiQ7sN3WqcImg-- <- del 6.1.1 (8.0.1 is available)
+ nodelite-2-uaW0WwXKpL9blXE2o0bRhoL2EGXIrZxQ2ZQ4mgcfoBxdFmQold-qWsD2jLrfZ0trjKL6vOw0j--eAwcALFjKSw-- <- send 1.2.0 (1.2.1 is available)
+ nodelite-2-ub5E4-FBPKwAZx0UwIQOjYWGHTEq5sPqHQNRN8Z9e4A7u3Tj1weLJsL59yH9vmvqEtBHaOmT6cYQKIZOxp35FQ-- <- nwsapi 2.2.7
+ nodelite-2-uB80kBFb-tfd68bVleG9T5GGsGPjJrLAUpR5PZIrhBnIaRTQRjqdJSsIKkOP6OAIFbj7GOrcudc5pNjZ-geV2g-- <- pify 4.0.1 (5.0.0 is available)
+ nodelite-2-ub9iytsEbT7Yw-Pd29mSo-cNQpaEu67zR1VVcXDiYjSFwzeBxNdTd0FMnSslLQXiRj8uGPzwsaoefrMD5XAmdw-- <- magic-string-ast 0.7.1
+ nodelite-2-uBFxnp8gwW2vD6FrJB8JZLUzVb6PNRG0B0jBnHsOH8uKyva2qINY8PTF5Te4QlTbMDqU5K6qtJDr6cNsKWhbOA-- <- @vue/devtools-shared 7.7.2 (8.0.5 is available)
+ nodelite-2-uBHU3L3czsIyYXKX88fdrGovxdSCoTGDRZ6SYXtSRxLZUzHg5P-66Ht6uoUlHu9EZod-inXhKo3qQgwXUT-y1w-- <- source-map-support 0.5.21
+ nodelite-2-uCC2VHvQRYu-lMh4My-sFNmF2klFymLX1wHJeXnbEJERpV-ZsVuonzerjfrGpIGF7LBVa1O7i9kjiWvJiFck8g-- <- strip-bom-string 1.0.0
+ nodelite-2-udgsAY-fTnvv7kI7aaxbqwWNb0AHiB0qBO89PZKPkoTmGOgdbrHDKD-0B2X4uTfJ-FT1R09r9gTsjUjNJotuog-- <- pify 2.3.0 (5.0.0 is available)
+ nodelite-2-uDn-FE1yrDzyC0pCo961B2IHbdM8y-ACZsKD4dG6WqrjV53BADjwa7D-1aom2rsNVfLyDgU-eigvlJGJ08OQ4w-- <- es-iterator-helpers 1.2.1 (1.4.0 is available)
+ nodelite-2-ueGLflrrnvwB3xuo-uGob5pd5FN7l0MsLf0Z87o-UQmRtwjvfylfc9MurIxRAWywCYTgrvpXBcqjV4OfCYGCIQ-- <- pkce-challenge 5.0.0 (5.0.1 is available)
+ nodelite-2-uEjpEYY6KMs1g7QfJ2eX1SQEV-ZT4rUD3UcF6l57acZvLNK7PBZL-ty82Z1qhK1-yXIY4bdx04FKMgR0g4IAag-- <- micromark-util-symbol 1.1.0 (2.0.1 is available)
+ nodelite-2-uHJgbwAMwNFf5mLst7IWLNg14x1CkeqglJb-K3doi4dw6q2IvAAmM-Y81kevy83wP-Sst-nutFTYOGg3d1lsxg-- <- globrex 0.1.2
+ nodelite-2-uHV4plJ2IxCl4u1up1FQRrqclylKAogbtBfOTwcuJ28xFi-89PZ57BRh-naIRvH70HPwxy5QHYzg1OrEaC7AbA-- <- vite-node 3.1.3 (3.2.4 is available)
+ nodelite-2-uik7yYHkLr6fxd8hJSZ8c-xF4WafPK-XzneQDPU-D10r5X19GW8lJcom2YijX2-qtFF1ENJlHXKFM9ouXNJYgQ-- <- @fastify/fast-json-stringify-compiler 5.0.3
+ nodelite-2-uj0O1ETYX1Bh6uSgktfPvwDiPYGQ3aI4qVsaC-LWpkIzGj1nUYm5FK3K-t11oOlpN01lGbprFCH4wBlKdJjVgw-- <- crossws 0.3.4 (0.3.5 is available)
+ nodelite-2-ujeqbceABgwMZxEJnk2HDY2DlnUZ-9oEcb1KzTVfYHio0UE6dG71n60d8D2I4qNvleWrrXpmjpt7vZeF1LnMZQ-- <- tar-stream 2.2.0 (3.2.1 is available)
+ nodelite-2-ukRBgie8TIAcacscVHSiddHjO4k-q3pnedmzMQ4iwDcK0FtFCohKOlFbaOL-mPgfnPsL3C1ZyxJa4sbWrBl3jg-- <- micromark-util-types 1.1.0 (2.0.2 is available)
+ nodelite-2-ulAk51I9UVUyJgxlv9M6lFot2WP3e7t8Kz9-IS6D4rVba1tR9kON-Ey69f-1R4Q8cd45Lod6a4IcJIxnzGc-zA-- <- system-architecture 0.1.0
+ nodelite-2-uLls06UVKgFG9QD4OeFYLEGteMIAa5kpTPcFL28yuCIIzsf6ZyKZMllKVOCZFhiZ5ptnwX4mtKdWCBE-uT4amg-- <- @babel/helper-plugin-utils 7.22.5 (8.0.1 is available)
+ nodelite-2-umcy022ILvb5-3Djuu8LWeqUa8D68JaBzlttKeMWen48SjabqS3iY5w-vzeMzMUNhLDifyhbOwKDSznB1vvrwg-- <- minizlib 3.0.1 (3.1.0 is available)
+ nodelite-2-uPojQRqEL1GRZR4xXPqcLMujQGaEpyVPRyBlD8Pp5rqgIwLhtveF9PkixiKru2THXvuN8mUrLeet5fqxKAAMGg-- <- @hapi/call 9.0.1
+ nodelite-2-uQPm8kcs47jx38atAcWTVxyltQYoPT68y9aWYdV6yWXSyW8mzSat0TL6CiWdZeCdF3KrAvpVtnHbTv4RN-rqdQ-- <- is-stream 1.1.0 (4.0.1 is available)
+ nodelite-2-uqZMTLr-zR-ed4jIGnwSLkaHmPjOjJvnm6TVVitAa08SLS9Z0VM8wIRx7gWbJB5-J54YuIMInDquWyYvQLZkgw-- <- @esbuild/linux-x64 0.25.12 (0.28.2 is available)
+ nodelite-2-ur5UIdyw5Y7yEj9wLzhqXiy6GZ3Mwx0yGI-5sMn2r0N0v3cKJvUmFH5yPP-WXh9e0xfyzyJX95D8l088DNFj7A-- <- opener 1.5.2
+ nodelite-2-uRfX6K-f-R8OOrYScaM3ixPY4erg69f8DN6pgTvMcA9iRc8iDhwrA4m3Yu8YYKsXJgVvum-m8PkRboZwwuLzYA-- <- read 4.1.0
+ nodelite-2-usBzw9aCRDvchpok6C-4TXC57btc4bJtmKQWOHQxOVKen1ZfVqBUuCZ-wuqdX5GHsD0NRSr9XTP-5ID1ZZQBXw-- <- @csstools/postcss-font-format-keywords 4.0.0
+ nodelite-2-ut5vewkiu8jjGBdqpM44XxjuCjq9LAKeHVmoVfHVzy8eHgxxq8SbAVQNovDA8mVi05kP0Ea-n-UzcSHcTJQfNg-- <- axios 0.21.4 (1.9.0 is available)
+ nodelite-2-uTa0mU6WUC65iUvzKH4X9hEdvSW7rbPxPtwfWiLMSj3qTdQbAiUboZTxauKfpFuGIGa1C2BYijZ7wgdUXICJhA-- <- streamx 2.20.1 (2.28.1 is available)
+ nodelite-2-utWOt-GHzuUxnLKxB6dk81RoOeoNeHgbrXiuGk4yyF5qlRz-iIVWu56E2fqGHFrXz0QNUhLB-8nKqvRH66JKGQ-- <- lilconfig 2.1.0 (3.1.3 is available)
+ nodelite-2-uuG5HZFXLfyFKqg8QypsmgLQW7smiRjVc45bqD-ofZZcR-uxEjgQU8qDPv0s9TEeMUiAAU-GC5bR6--UdTirIQ-- <- @npmcli/node-gyp 5.0.0
+ nodelite-2-uV2QOWP2nWzsy2aMp8aRibhi9dlzF5Hgh5SHaB9OiTGEyDTiJJyx0uy51QXdyWbtAHNua4XJzUKca3OzKUd3vA-- <- cross-spawn 7.0.6
+ nodelite-2-uv3dtYuB4IsNaha-tigWmN8mQw-O9Qzl5U26Gm4ZcJVtDdB1AVJOwX3X5wOX-A07qzpEZnOMBAm8jjSqGsU6Nw-- <- @hapi/nigel 5.0.1
+ nodelite-2-uv7-gXuHi10Whlj0pp5q-tsK-32J2QSqVRKQhs2j8VsDCjgyruAh-eEXHF822VqO9yT6iZKw3nRwZRSPBE9OQg-- <- caniuse-lite 1.0.30001486 (1.0.30001810 is available)
+ nodelite-2-uVFpKhj5MheNBJRTiMZ9pE-7hD1QTeEvugSJW-OmLzAp78PB5O6adfMNTvmfKhXBkvCzC-rqifWcVYpGFwTjnw-- <- normalize-url 8.0.0 (8.1.1 is available)
+ nodelite-2-uWjbaKIK3T1OSVptzX7Nl6PvQ3qAGtKEtVRjRuazjfL3Bx5eI409VZSqgND-4UNnmzLVdPj9FqFJNPqBZFve4w-- <- rimraf 2.7.1 (6.1.2 is available)
+ nodelite-2-uWlGT3YSnK9x3BQJaOdcZwrnV6hPpd8jFH1-ucpiLRPh-2zCVJKS19E4GvYHvaCcACn3foXZ0cLB9Wrx1KGe5g-- <- pascal-case 3.1.2
+ nodelite-2-uwSrDzpLDoXeAxePjPHrjjMelE5pk5zL5JcwLFISvqidGjtPl7hcheH584xGcS76c9IRHq6tqdGkf-A4eKO6Cw-- <- zod-form-data 3.0.1
+ nodelite-2-uxFIHU0YlHYhDQtV4R9J6a52SLx28BCjT-4ieh7IGbgwVJWO-km431c4yRlREUAsAmt-uMjQUyQHNEPf0M39CA-- <- punycode.js 2.3.1
+ nodelite-2-uYBjakWipfaO-bXI7E8rq6kpwHRZK5cNYrUv2OzZSI-FvmdMyXJ2tG9dKcjEC5YHmHpUAwsargWIZNWdxb-bnQ-- <- builtins 1.0.3 (5.1.0 is available)
+ nodelite-2-uyH0zfr1erU1OohLk0fT4Rrb94AOhguWNOcD9uGrSpRvNB-6gZXUoJX5J0NtvzBO10YZ9PgvA4NFgt-fYg8ojw-- <- infima 0.2.0-alpha.45
+ nodelite-2-uZ25-bUAlUY5fR4OKT4rZQEBrzQWYV9ZJYGGsUmEJ6thodVJ1HX64ePQ6Z0qPWP-m-Uq6e9UugrE38jeYsDSMw-- <- is-typed-array 1.1.13 (1.1.15 is available)
+ nodelite-2-uzHGgkKdeA9Kr57eyH1W5HGiNShP8fV1ETq04HDNM1Un6ShXbHhwi-H8LNV9L1fQXKjEw0q5FUkEVNuZ-yZdSw-- <- cli-progress-footer 2.3.2
+ nodelite-2-uZz5UnB7u4T9LvwmFqXii7pZSouaRPorGs5who1Ip7VO0wxanFvBL7GkM6dTHlgX-jhBApRetaWpnDabOeTcnA-- <- jsesc 0.5.0 (3.1.0 is available)
+ nodelite-2-v2kDEe57lecTulaDIuNTPy3Ry4gLGJ6Z1O3vE1krgXZNrsQ-LFTGHVxVjcXPs17LhbZVGedAJv8XZ1tvj5FvSg-- <- lodash 4.17.21 (4.18.1 is available)
+ nodelite-2-v2UQ-50TNf2rNHJ8NyWttfm-EJUBWMJcx6ZTYZr6Qp52uuegWw-lBkCtCbnYZEmPRNL61m-u67dAmGxo-HTULA-- <- write-pkg 4.0.0
+ nodelite-2-v2ZsoEuVHYy8ZIlYqwPe-39Cy-cFDzp4dXPaxNvkEuouymu-2Jbz0PxpKarJHYJTmv2HWT3O382qY8l4jMWthw-- <- find-up 6.3.0 (7.0.0 is available)
+ nodelite-2-v3MXnZAcvnywkTUEZomIActle7RXXeedOR31wwl7VlyoXO4Qi9arvSenNQWne1TcRwhCL1HwLI21bEqdpj8-rA-- <- iconv-lite 0.4.24 (0.7.3 is available)
+ nodelite-2-v3rht-LgVcsdZa3O2Nqs-NMowLOxeOm7Ay9--ARQ2F-qEoANRcqrjAZKGN0v8ymUetZGgkp26LTnGT7H0Qo9Pg-- <- is-reference 3.0.2 (3.0.3 is available)
+ nodelite-2-v3Xu-yuwBXisp6QYTcH4UbH-xYJXqnq2m-LtQVWKWzYc1iehYnLixoQDN9FH6-j9-oybfd6W9Ghwkl8-UMKTKQ-- <- uglify-js 3.19.3
+ nodelite-2-v61XqUMiueJROUv66BVIOi0Fv-CUuZuZMl5NkRoCVxLAnMexZ0A3kMe7vvZ0nulxMuMp0Mk6S5hNh48yki08ZA-- <- @babel/plugin-transform-typeof-symbol 7.25.9 (8.0.1 is available)
+ nodelite-2-v6w8wnmZcVXjfVLjxw8qF7OwESD9wnpjp0Dqry-Pod0-5vcEA3qxCr-BhbOHlxS8O-29eLpT3aagxXGwIoEk7Q-- <- @smithy/querystring-parser 4.0.2 (4.2.8 is available)
+ nodelite-2-v93h0i1yu4idj8qFPZwjehoJx4j3Ntn-JhXsdJrG9pYaX6j-XRz2RmasMUHtNgQD39nrv-VwTWSqK0RNXR8upA-- <- @octokit/request 10.0.7
+ nodelite-2-v9iyEQJH6ZntoENr9-yXxjuezh4My67CBSu9r6Ve-05Iu5gNgnisNWOsoJHTP6k0Rr0-HQIpnH-kyammu90q-g-- <- @octokit/request-error 5.1.1 (7.1.0 is available)
+ nodelite-2-vaMdgNXFkYrB-8lbgniSYWHsgqK5gjaMNcc84bMIOMRLH0L9AqYq3hwMdvnyqj1OPqea8UtjPEuS-DCenah1wg-- <- @babel/plugin-transform-destructuring 7.23.0 (8.0.1 is available)
+ nodelite-2-vavAMRXOgBVNF6nyEEmL3DBK19iRpDcoIwW-swQ-CbGiu7lju6t-JklA1MHweoWtadgt4ISVUsXLyDq34ddcwA-- <- strip-bom 3.0.0 (5.0.0 is available)
+ nodelite-2-vBCT6JvgdEkvRc91NFoNrLjgGtkLWt47GKT6E2UDn3nd8ZkMBiziQ1Md1OiKoSsgzxsSnGKG3RVdhlbdZEkHjA-- <- @csstools/postcss-random-function 1.0.2
+ nodelite-2-vbRorB5FUQWvla16U8R-qgaFIya2qGzwDrNmCZuYKrbdSUMG6I1ZCGQRefkRVhuOkIGVne7BQ35DSfo1qvJqFg-- <- escape-string-regexp 1.0.5 (5.0.0 is available)
+ nodelite-2-vd2F4YUyEXKGcLHoq-TEyCjxueSeHnFxyyjNp80yg0XV4vUhnDer-lvvlqM-arB5bXQN5K2-3oinyCRyx8T2CQ-- <- magic-string 0.30.21
+ nodelite-2-vE7JKRyES09KiunauX7nd2Q9-L7lhok4smP9RZTDeD4MVs72Dp2qNFVz39Nz5a0FVEW0BJR6C0DYrq6unoziZA-- <- pathval 2.0.0 (2.0.1 is available)
+ nodelite-2-veQTnWP-1D-xbxVrPC3zHnCZRjSrKfhbMUlEA43iMZLu7EsnTtkJklIuwrCPbOi8YkvDQAiW05VQQFvvz9oieQ-- <- @types/acorn 4.0.6
+ nodelite-2-veYYhQa-D1QBKznvhUHxb8faxlrwUnxseDAbAp457E0wLNio2bOSKnjYDhMj-YiAq61xrMGhQk9iXVk5FzgQMw-- <- import-fresh 3.3.0 (3.3.1 is available)
+ nodelite-2-vfD3pmTzGpufjScBh50YHKzEu2lxBWhVEHsNGoEXmCmn2hKGfeNLYMzCJpe8cD7gqX7TJluOVpBkAequ6dgMmA-- <- section-matter 1.0.0
+ nodelite-2-vHe7wZ4NOXVfkoRb8T5otiENVlT7a3IAiw7H5M2-GO-9CDgcVUUsX1zalAztCmwyOr2RUTGJdgB-ZvSVqmdHmg-- <- @sideway/formula 3.0.0 (3.0.1 is available)
+ nodelite-2-vIChWdVG3LG1SMxEvI-AK-FWJthlrqlTu7fbrlywTkkaONwk-UAGaULXRlf8vkzFBLVm0zkMdCquhL5aOjhXPQ-- <- @types/debug 4.1.12
+ nodelite-2-vIpJFNM-FjZ4rh1myqIya9jXwrwwgFRHPjT3DkUA9ZLHuzox8jiXkOLvwm1H-PQIP3CqfC--WPKeuDi0Sjdj1g-- <- @babel/plugin-transform-exponentiation-operator 7.22.5 (8.0.1 is available)
+ nodelite-2-viYN1KX9m--hGkJtvYYp-CCLgnJXwiQB39damAO7WMdKWlIhmYTfHjwSbQeUK-20vY154mwezd9HflVFM1wVSw-- <- @img/sharp-libvips-linuxmusl-x64 1.0.4 (1.2.4 is available)
+ nodelite-2-vj5lIj3Mwf9D79hBkltk5qmkFI-biIKWS2IBxEyEU3AX1tUf7AoL8nSazCOiiqQsGKIq01SClsKEzweu34uwvA-- <- std-env 3.8.1 (3.9.0 is available)
+ nodelite-2-vj6RsCsWBCf19jIeHEfkRMw8DPiBb-DMXklQ-1SGDHOMlHdPUkZXFQ2YdplS23zESTijAcurb1aSgJA3AgMu1Q-- <- safe-array-concat 1.1.2 (1.1.4 is available)
+ nodelite-2-vJptkMm9pk5si4Bv922ZbKLV8UTT4zib4FPgXMhgzUny0bfDDkLXAVQs3ly3fS4-TN9ROFtb0NFrm04UXFE-Vw-- <- webpack-bundle-analyzer 4.10.2
+ nodelite-2-vK9P5-iUfdl95AI-JVyUuIcVtd4ofvtrOr3HNtM2yxC9bnMbEdp3x01OhQNnjb8IJYi38VlTE3mBXwcfvywuSw-- <- https-proxy-agent 7.0.6
+ nodelite-2-vkcDPrRZo1QZLbn5RLGPpg-WmIQ65qoWWhcGKf-b5eplkkarX0m9z8ppCat4mlOqUsWpyNuYgO3VRyrYHSzX5g-- <- prelude-ls 1.2.1
+ nodelite-2-vKiQ8RRtkl9P-r--oefh25C3fhybptkHKCZSPlcXiJux2tJF55GnEj3BVn4A5gKfq9NWWXXrxkHBwVPUfH0opw-- <- periscopic 3.1.0 (4.0.2 is available)
+ nodelite-2-vKivATfr97l2-QBCYAkXYDbrIWPM2IIKEl7YPhjCvKlG3kE2gm-uBo6nEXK3M5-Ffh-FLpKExzOQ3JJoJGFKBw-- <- mitt 3.0.1
+ nodelite-2-vkpPQAxdCg9SLfPv5GPC5fnGrui-WryktoN9O5-Zif-14QIMjw-RITf-5LbBh-9QpBFb3KNvJth-puz2H8o6GQ-- <- superjson 1.12.4 (2.2.6 is available)
+ nodelite-2-vM4fq9IXHscXVKzDv5itkO1X52SmdFBFcMIBZ2FRn2nqVYqw6dBexUgMvAjHW-KXpPPViD-Yo3GrDEBaRC0QYA-- <- @babel/plugin-transform-shorthand-properties 7.22.5 (8.0.1 is available)
+ nodelite-2-vmHXOeOt7FJLsqofvFk4WB3ejvcHizCd8toXXwADmYfd02p2QwHRgkUbhYDX54y08nqk818CUTWipgZGlyN07g-- <- esniff 1.1.0 (2.0.1 is available)
+ nodelite-2-vmQSUcfalpIq0R9q7uTo2lXs6eGIpt9wtnLdMv9LVpIjCA--ufZRozlVoVelIYixx1ugCBKDhn89vnsEGOCx9A-- <- @types/ws 8.5.10
+ nodelite-2-vN6saax7lrA2yA-Pak3sCxuD6F5InBjn9IcrIKQPjpsLvuHYLVroTxjdlVRHjjBWxKOqIwpTXDkOssYT4BFdRw-- <- @babel/plugin-transform-regexp-modifiers 7.26.0 (8.0.1 is available)
+ nodelite-2-vNk6aEwybGtawWmy-PzwnGDOjCkLWSD2wqvjGGAgOAwCGWySYXfYoxt00IJkTF-8Lb57DwOb3Aa0o9CApepiYQ-- <- @jridgewell/trace-mapping 0.3.25
+ nodelite-2-vnMCM6xZTb1WDmLvtG2lE-2p-t9hDEIvTWJsu6FejkE62vB7gDhvzrpFR4Cw2to-9JNQxVnkAKVPA1KPB98vWg-- <- pino 9.7.0 (9.9.5 is available)
+ nodelite-2-vNuFb9czP8QCtAQcEJn0UJQJZA8Dk6DXKBqx-bg-w0WGuSxDxNr7hErW89tHUY31dUW4NqEOWwmEUNhjTFmHkg-- <- micromark-extension-mdx-jsx 3.0.1 (3.0.2 is available)
+ nodelite-2-vq24Bq3ym5HEQm2NKCr3yXDwjc7vTsEThRDnkp2DK9p1uqLR-DHurm-NOTo0KG7HYHU7eppKZj3MyqYuMBf62g-- <- @nodelib/fs.scandir 2.1.5 (4.0.1 is available)
+ nodelite-2-vqiC06CuhBTUdZH-RYl8sFrL096vA45Ok5ISO6sE-Mr1jRbGH4Csnhi8f3wKVl7x8mO4Au7Ir9D3Oyv1VYMFJw-- <- mimic-fn 4.0.0
+ nodelite-2-vQZIivlxlfqqMp4L9PZsFE4YUkWniziKjQWUtsxUiVsSSPelQydwS8Wwcuw0-83ZjPWNTl02oxlIvXsmmG-CiQ-- <- postcss-normalize-string 6.0.2 (7.0.3 is available)
+ nodelite-2-vRsyj3yUZCjscgfgcFYjIsTcAru-4h4YH2-XAE8Rs7wWdnng98PgWKvP5ovVc4rmRpRg2WChVW0uOy2xHDvDBQ-- <- @docusaurus/tsconfig 3.7.0
+ nodelite-2-vsKArQsicm7t0z2GugkCKtZehqUm31oeGBV-KVSorWSy8ZlNAv7ytjFhvaryUiCUJYqs-NoE6AFhpQvBTM6Q4w-- <- micromark-extension-gfm 3.0.0
+ nodelite-2-vSWkLjtNEpsavMXpedj5TgKTS8-MK9d6U-MQuJg8VaSyXqMuXHOJ3Lxqz59fSoFBcvN1-5BkMictMnt1oVgN1Q-- <- konn 0.7.0
+ nodelite-2-vtK-94akxsTMhe0-cbfpR-syPuszcuwhqVjJq26CuNDgFGj682oRBXOP5MJpv2r7JtE8MsiepGIqvvOTBwn2vA-- <- proto-list 1.2.4
+ nodelite-2-vtXf2wTQ3-up9Zsg8sa2yWiQpzSsMyXj0qViVP6xKGCUT8p8YJ6HqI7l5eCnWx1T-FYdsv07HQs2wTFbbof-RA-- <- @webassemblyjs/utf8 1.11.6
+ nodelite-2-vuf0Lf0lOxyQREH7GDIOUMLS7kz-gs8i6B-Yi8dC68a2sychGrHTJYghMBD6k7eUcH0H5P73EckCA48xijWqXw-- <- promise-all-reject-late 1.0.1
+ nodelite-2-vUIhZ8LZoIWHBohiEObxVm6hwP034jwmc9kuq5GdHZH0wiLVLIPcMCdpJzG4C11cHoQ25TFIQj9kaVADVX7N3g-- <- @webassemblyjs/helper-numbers 1.11.6 (1.13.2 is available)
+ nodelite-2-vvcXsLAJ9Dr5rQOPk7toZQZJApBl2K4J6dANSsEuh6QI41JYcsS-qhTGa9ErIUUgK3WNQoJYvylxvjqmiqEA9Q-- <- p-limit 1.3.0 (7.2.0 is available)
+ nodelite-2-vVqVZQyf3WLx2Shd0qJ9xuvqgAyKPLAiqITEtqW0oIUjzo3PePDd6fW9iFz30ef7Ysp-oiWqbhszeGWW2T6Gzw-- <- mkdirp 1.0.4 (3.0.1 is available)
+ nodelite-2-vwDcDNsgMPDGP0nMqzahDWE5-MLcX8sv96-wfX7as7LoF-kr97Bo-7fI00lXY4wUXYfVmwIIyG80fGZ1uvt2qg-- <- @babel/plugin-transform-regenerator 7.25.9 (8.0.2 is available)
+ nodelite-2-vwHicydSXkpQlrjSOHOMLx4rULMNke1tqT-B2rGkVX9RMWJu9jdvp6GqRWJfqeeLoFG0gYNr02pSp6ulxuwOMQ-- <- @nuxt/cli 3.23.1
+ nodelite-2-vX-Tx02PlnQ-Kgtf5TnrNDHPNbY-amLZjW0Z1d9vzAvSZhQ4i9Y18yxoRDIaDTCNVRDjdhV8iuctW-05PB5JtQ-- <- @aws-sdk/url-parser 3.272.0
+ nodelite-2-vyL2OymJxmarO8gxMr0mhChsO9QGwhynfuu4-MHTAW6czfq9humCB7rKpUjDd9YUiDPU4mzpyupFSvOClAwbmQ-- <- big.js 5.2.2
+ nodelite-2-vYl3iOX-4CKUWuxGi9Ukhie6fsqXqS9FE2Zaic4tNFD2N2QQaXOMFbuKK4QmDHC0JO6B1Zp41J0LpT0oR68amQ-- <- randombytes 2.1.0
+ nodelite-2-vYt7UD1U9Wg6138shLtLOvdAu-8DsC-ilFtEVHcH-wydcSpNE20AfSOduf6MkRFahL5FY7X1oU7nKVZFtfq8Fg-- <- punycode 2.3.1
+ nodelite-2-vzMmgfZKLcojmUjBdlQx-uaKryO7yULlRxjpDnHdnvcp1NPHxJyoM6IOXBLlzz2I-uPtZpGKavt5hBv7IvGZkA-- <- effect 3.19.15
+ nodelite-2-vzn8aSqKgytVik0iwdBEi-zevbTYZogewTUM6dtpmGwEcdzbub-TX4bCzRhebDCRC3QzXgJsLRKB2V-Oof7HXg-- <- sort-keys 1.1.2 (4.2.0 is available)
+ nodelite-2-vZZio48k7ON0fVS3CUgFatWHoKbbLTK-rT7pzpJ4Bjp5JjkZeasRfrS9wsBdDJK2cJLHMckXZdzPSSr1B8a4oQ-- <- micromark-util-combine-extensions 2.0.0 (2.0.1 is available)
+ nodelite-2-w-5mJ3GuFL-NjVtJlvydShqE1eN3h3PbI7-5LAsYJP-2qtuMXjfL2LpHSRqo4b4eSF5K-DH1JXKUAHSB2UW50g-- <- es-to-primitive 1.3.0 (1.3.4 is available)
+ nodelite-2-w-lKW-yRrLhJu620jT3y-5g2mHqnKfepreykvdOcl9-6up8GrQQn-l3FRTsjHTKbkbfQFkuksHpdv2EcpKcJ4Q-- <- @hapi/file 3.0.0
+ nodelite-2-w-qzL212DFVOpMy3UGyxrND-Kb0fvCiBBujiaONIihq7VvtC7bswjWgKQU-w4VcRyDD8gpfqUiBQ4DUOwEJ6Qg-- <- postcss-normalize-string 7.0.0 (7.0.3 is available)
+ nodelite-2-w-tIMs3rq2afQdsPJlODhoUEKzFP1ayaoyl1CcnwtIlsVe7K7bA1NGm4s3PraqTLlXnbIN84zuBlxBWo1u9BLw-- <- @types/node 17.0.45 (26.4.1 is available)
+ nodelite-2-w-VMzOkIq2XDGg6Ybzr74RlBZvJQnuIdKpVusQSXCXknvxwAwbO457LmoavhZWl06Lcsk9YDx1X2k0zb-iJQmw-- <- @algolia/requester-browser-xhr 5.20.2 (5.57.0 is available)
+ nodelite-2-w1cEuf3S-DrLCQL7ET6kz-gmlJdbq9J7yXCSjK-OZCPA-qEN1WyF4ZAf0YYJa4-shHJra2t-d-r8SV4Ji-x-8Q-- <- filelist 1.0.4 (1.0.6 is available)
+ nodelite-2-w28IoSUCJpidD-TGviZwwMJckNESJZXFu7NBZ5YJ4mEUnNraUn9Pm8HSZm-jDF1pDWYKspWE7oVphigUPRakIQ-- <- @types/estree 1.0.7 (1.0.9 is available)
+ nodelite-2-w2GsyukL62IJnlaff-nRegPQR94C-XXamvMWmSHRJ4y7Ts-4ocGRmTHvOs8PSE6pB3dWOrD-nueuU5sduBsQ4w-- <- react-is 17.0.2 (19.1.0 is available)
+ nodelite-2-w3Gdx7jDcuT9cNn9jExXgOyKmf5UOTb6WMHz8LGAm54eS1Elf5OuBhCxl6zJxGhEeIkgsE1WbHuoL0mj-UXqXg-- <- vite-node 3.0.9 (3.2.4 is available)
+ nodelite-2-w5Jac5SykAeZJKntOxJCrm63Eg5-4dhMWIcuTbo9rpE-brgaSZo0RuNJZeOyMgsUdhDeojvgyQLmjI-K50ZGyg-- <- cli-table3 0.6.3 (0.6.5 is available)
+ nodelite-2-w89qg7PI8wAdvX60bMDP-bFoD5Dvhm9oLheFp5O4a2QF0cSBGsBX4qZmadPMvVqlLJBBci-WqGGOAPvcDeNSVg-- <- through 2.3.8
+ nodelite-2-w8eiKk8mRdN-bNfeZqC4nyFoxNyI1-VExMKAzD9tqpJfLLbsa46Wfn5wcKH761g9WkKh36RtFV49iL9lh1DYBA-- <- @docusaurus/utils-validation 3.7.0
+ nodelite-2-w8Ftna3h6XSFWWc2JC5gZEgp64nz8bnaTp5cvzbJSZ53j-omktWTDdwXxEF0jM8YveviLgFWvNGrSvRHnkyHyw-- <- wait-port 1.0.4 (1.1.0 is available)
+ nodelite-2-w942bTcih8fdJPJmQHFzkS76NEP8Kzzvmw92cXsazb8intwLqPibPPdXf4ANdKV3rYMuuQYGIWtvz9JilB3NFQ-- <- is-path-cwd 2.2.0 (3.0.0 is available)
+ nodelite-2-w96Cjofp72M5IIhpjgobBimYEfoPjx1Vx0BSX9P30WBdZW2WIKU0T1Bd0kz2eNZ9ikjKgHbEyKx8BB6H1L3h3A-- <- domutils 2.8.0 (3.2.2 is available)
+ nodelite-2-w9UMqWwJxHNOvoNzSJ2oPF5wvYcvP7jUvYzhp67yEhTi17ZDBBC1z9pTdGuzjD-EFIqLSYRweZjqfiPzQ06Ebg-- <- get-symbol-description 1.1.0
+ nodelite-2-wa56o2-ElJMYqjCjGkXri7it5FbebW5usLw-nPmCMs5DeZ7eziSYZhSmPRn0txqeW4LnAmQQU7FgqLpsEFKM4A-- <- is-boolean-object 1.2.2
+ nodelite-2-waABomIjg-5m1rPDBWYG4KUhS5r7OUUY7S-avpaVIY-tkPWB3ibRDKy2dNLLAMaLKq0u-B1qIdEp4NIWkqhqpg-- <- @module-federation/sdk 0.8.4
+ nodelite-2-wAi4IRJV-2SAW3htkTlB-dHeRmpTiVIK1OGLWV1yeStVSebSQQOwGwIq0D3ZIoBj2C2qpgz5-vX9iEBkTdk5YA-- <- @vue/server-renderer 3.5.13 (3.5.27 is available)
+ nodelite-2-wALZ0HFoytlyh-1-4wuZ9FJCD-leWHQzzrxJ8-rebyReSLk7LApMyd3WJaLVoN-D5-WIdJyDK1c6JnE65V4Zyg-- <- eslint-module-utils 2.12.0
+ nodelite-2-wbfdZ9w5vk0C0oyHqAJbc62-vet5prjj01jjJ8sKn3j9h3MQQlflEdXYvuqRWjHnM12coDEqiC1IRCi0U-EKwQ-- <- @babel/helper-member-expression-to-functions 7.25.9 (8.0.0-beta.0 is available)
+ nodelite-2-wBMf3J1L5ogvU8p8ifHkknDXWn1zdZ2epkqpt2MkUaZynE3G77rrFU9frcO-Pu1FQJQ5xCDTKcYUUcJCDD00rg-- <- @algolia/recommend 5.20.2 (5.57.0 is available)
+ nodelite-2-wcjaerHw0ydZwfhiKbXJWLDY8A7yV7KhjQOpb83hGgGfId-aQa4TOvwyzn2PuswW2gPCYEL-nEAiSVpdOj1lXw-- <- is-array-buffer 3.0.4 (3.0.5 is available)
+ nodelite-2-wD2AeVmxXRBoX44wAycgjVpMhvbwdI2aZjCkvfNcH1YqHQvJVa1duWc73OyVGJUc05fhFaTZeQ-PYsrmyH0JVA-- <- split 0.3.3 (1.0.1 is available)
+ nodelite-2-wGjk9QZVzvknA6yKIUURb8zY3grXCcOZt--7Wcy8O2uctxhplmUPkOdlgoNhmdVee2c92JXbf1xpMtVNbfoxRw-- <- @babel/helper-hoist-variables 7.22.5 (7.24.7 is available)
+ nodelite-2-wHalBlRHkaNnNwfC8z-ppX57VhvS-HWgjW508esjdaEYr3Mx7Gnn2xA4R-CKf5-Z9S5qsqC-Uzh4ueENWwCVUA-- <- postcss-discard-unused 6.0.5
+ nodelite-2-wHTUcDUoZ1H5-0iVqEudYW4-kAlN5cZ3j-bXn0Dpbizl9iaUVeWSHqiOjsgk6OW2bkLclbBjzewBz6weQ1zA2Q-- <- global-directory 4.0.1
+ nodelite-2-wI4wRAzGko551Y8eVf6iOY9EouIDTtPb0ByZx-ktDGHwv6bHFimrgJM-2T021txPZ2s4c7bqvHbd-vXG6K948Q-- <- @babel/plugin-transform-logical-assignment-operators 7.25.9 (8.0.1 is available)
+ nodelite-2-wIh-gKBI9Nshz2o46B0B3f5k-W-WI9ZAv6y5Dn5WJ5SK1t0TnDimB4WE5rmTD05ZAIn8HALCZVmCsvj0w0v0lw-- <- github-slugger 1.5.0 (2.0.0 is available)
+ nodelite-2-wIkAryiqt-nV5EQKqQpo3SToSOV9J0DnbJqwK7Wv-Trc92zIAYZ4FlMu-JPFW1DfGFt81ZTCGgDEabffXeLyJg-- <- dom-serializer 2.0.0
+ nodelite-2-wKyQRQpjJ0sIp62ErSZdGsjMJWsap5oRNihHhu6G7JVO-9jIB6UyevL-tXuOqrng8j-cxKTWyWUwvSTriiZz-g-- <- string-width 4.2.3 (8.1.0 is available)
+ nodelite-2-wMH6vrYHxQl-IybKJagqbquvxpWCuVYpoUJfCqFZwa-JY1GdATAQ-TgVtgrwwMZ0D07QhA99rs-EAAWfvG6KpA-- <- @vue/compiler-ssr 3.5.13 (3.5.27 is available)
+ nodelite-2-wNRoQC1uISOuNc2s4hkOYwYllmiyrvVXWMtq-TysNRVQaHm4yoafYQyjN-goYZS-QbYlPIbb-QRjaUZMuzwQ7A-- <- @smithy/property-provider 4.0.2 (4.2.8 is available)
+ nodelite-2-wOBUB-wiY1m4MDq9VtIy1nVF5bRhd-e0LShR4bxb9oPdfotFubxB3ZkLTRbcSppDkFU2mVSPMPu6YLHXYl5wFg-- <- @prisma/get-platform 6.8.1
+ nodelite-2-wPpOYtnsVontu2mODhA19JrqWxNsfdatRKd64kmpRbQgh1KtItko5sTnEpPdpSaJszTOhEMlF-RPz28qj4HqhQ-- <- css-select 4.3.0 (6.0.0 is available)
+ nodelite-2-wPrq66Llhl7-4AGC6I-cqxT07LhXvWL08LNXz1fENOw0Ap4sRZZ-gZpTTJ5jpurzzzfS2W-Ge9BY3LgLjCShcw-- <- p-locate 6.0.0
+ nodelite-2-wW1u3cK81b-SFcHjGC8zw87yuyUweEFe0UJirrXEw1NasW00eF7sZjeG3SLBGz001ozxQ46Y9sofDvhBmWFtXQ-- <- jose 4.12.0 (6.1.3 is available)
+ nodelite-2-wWKOClTTiizcZhXnPY4wikVAwmdYHp8q6DmC-EJUzAMsycb7HB32Kh9RN4-0gExjmPmZSAQjgURXIGATPegAvA-- <- @types/retry 0.12.0 (0.12.5 is available)

Done in 2.5s
