Progress: resolved 1, reused 0, downloaded 0, added 0
Packages: +250
++++++++++++++++++++++++++++++++++++++++++++++++++++++++++++++++++++++++++++++++
Progress: resolved 250, reused 0, downloaded 250, added 250, done

dependencies:
+ nodelite-2---0HFnmmR-gMpDtKTnW3XJ4yv9kVGi20n-NfyQWB9qwJvTaIWY9kBmzek2YUQK5APTQ-1DTrXmm4QtFPmW9Rzw-- <- tsm 2.3.0
+ nodelite-2---88mFWSJx8lxCzwdAABTJL2MyWB12-eIY7MDL2SqLmAkeKU9qxRvWuSyTjm3FUmpBEMuFfckAIqEaVGUDxb6w-- <- p-limit 2.3.0 (7.2.0 is available)
+ nodelite-2--1VkjdD0QBLPodGrJUeqarH8VAIvQODIbwh9XpP5Syisf7YoQgsJKPNFoqqLQlu-VQ-tVSshMR6loPMn8U-dPg-- <- @pkgjs/parseargs 0.11.0
+ nodelite-2--6w-C21Pm1A7aZitlI5Ni-2J6FFQN8i1Cvz3kHABAAbw93v-NlvKdVOqz7CCWz-3iv-JplRSEEZ83XION15ovw-- <- ansi-colors 4.1.3
+ nodelite-2--8VxcR21HhTy8nOt6jf20w0c9CADrw1O8d-VZ-YzzCt4bJ3uBjw-D1q2osAB8RnpwwaeYBxy0HyKQxD5JBMuuQ-- <- decode-uri-component 0.4.1
+ nodelite-2--bjOqmgETBYB5BoEeGVea8dmvHb2m9GLy1E9W43yeyfP6QQCZGFNa-XRceJEuDB6zqr-gKpIAmlLebMpykw-MQ-- <- p-map 4.0.0 (7.0.4 is available)
+ nodelite-2--boTcHZeIAQ2r-tL11voclBHDeP9WPxLt-tyAbVSyyXuUFyh0Tne7gJZTqGbxnvj79TjLdCXLOY7UIPhyG5MTw-- <- fast-equals 5.3.3 (5.4.0 is available)
+ nodelite-2--bT2uH4E5LGE7h-n3evcS-sQlJXCpIp6ym8OWJ5eV6-67Dsql-LaaT7qJBAt2rzfoa-5QBGBhxDix1dMt2kQKQ-- <- levn 0.4.1
+ nodelite-2--cbxadF40UXd9T01zUHgA-rlo2Bg1Srer4-B4NwIHdaGxAGGv59nYRnGGDJ9LBk7alpS0US-J-bLLdQOOkJq4A-- <- http-server 14.1.1
+ nodelite-2--dQSyqPh4x1hlO1swXBiNb2HzTDN1I2IGLQx1GrBuiqFJfoMrnZWwVmatvSiO-Iz8fBUnf-lekwNo4c2LlXItg-- <- husky 8.0.3 (9.1.7 is available)
+ nodelite-2--DyMEOrDgLKKIG0fmvtz-4dUX-3Ghozwgm6iPp8KRhvn-eQf9-Q7GWxVNMk3-uCPWfdXYC4ExGBckIXdFEfH1w-- <- webpack-sources 3.2.3 (3.5.1 is available)
+ nodelite-2--FbBPE1o9QAYvviau-qC5SE3caw21q3xkvWKBtja5vgqOWIHHJ3ioaq1VPfn-Szqctz2bU-oYeKd9-z5BL-PVg-- <- tiny-invariant 1.3.3
+ nodelite-2--h1lkLKhZMTYjog1VEpJNG7NZJWcuc2DDk-qsqSTRRCOXiLjeQ1d1-udrUGhqMxUgAlwKNZ0cf2uqan5GLuS2A-- <- env-paths 2.2.1 (3.0.0 is available)
+ nodelite-2--h4bVmuEMm57c2uCiAf1Q9mlQk7cA22m-1Bu0K92vUUtTVT9D4mOFWD9r4WQuTULcG9eeZtNKhLl0Il1LdKGog-- <- tldts 6.1.73 (7.4.11 is available)
+ nodelite-2--HlytyjlPKnIG8XuRG8WvmBP8xs8P71y-SKKS6ZXWoEgLuePxtDoUEiH7WkdePWrQ5JBpE6aoVqfZfJUQkjXwA-- <- dlv 1.1.3
+ nodelite-2--hnE-qP5ZoGpol0a5mDi45bOd7t3tjYJBjsgCsivow7D48cJeV5l05RD82lPqi7gRiphZM37rnhW1l6ZoCNNnQ-- <- @vue/shared 3.5.13 (3.5.27 is available)
+ nodelite-2--hSoy-QHluxmC9kCIJyL-uyFmLmc-e5CFR5Wa-bpIhIj85LVb9ZH2nVnqrHoSvKogwODv0ClqZkmiSSaIH5LTA-- <- yaml 2.7.0 (2.9.0 is available)
+ nodelite-2--imKNG4EbWNrVjoNC-1H5-9GFy-tqjGBHCaSsN-P2RnPqjsLmv6UD3Ej-Kj8nBWaRAwyk7kK5ZUc-OEatnTR3A-- <- jiti 1.21.7 (2.7.0 is available)
+ nodelite-2--iqjT8xmXhhYv4-uiYd8FNQsraMFZIfxVSqxxVSZP0WbbSAWvBXAul0m-zu-7Vv4O-3WtApy9pmaTMiumEZgfg-- <- @babel/plugin-transform-react-jsx-source 7.25.9 (7.29.7 is available)
+ nodelite-2--IXtbwEk5HTPyEwyKX6hGkYXxM9nbj64B-ilVJnC-R6B0pH5G4V3b0pVbL7DBj4tkhBAppbQUlf6F6Xl9LHu1g-- <- math-intrinsics 1.1.0
+ nodelite-2--jHxFIzoMXdqPzTaCpFzAAWhpkSjZPF4Vsn6jAfNpmbH-ymsmd7Qc6VE9BGn0L6YMj6uwpQLxCECpus4ukKS9Q-- <- outdent 0.5.0 (0.8.0 is available)
+ nodelite-2--Jm5M4RvtBFVkKWRu2BLUTNP8-M2a-UwuAX-ae4770q1qVGtfjG-WTCupoZixokjmHiry8uI-dlY8KXYV5HVVQ-- <- pkg-types 1.3.1 (2.3.0 is available)
+ nodelite-2--Lhy3TQTuzXI5hevh8sBGqbmurHbbIjAi0Z4S63nthVLmLxfbj4T54a4CfZrXIrt9iP4mVAPYMo-v99taj3wjQ-- <- object.groupby 1.0.3
+ nodelite-2--NYs2QeMWy-GWFOEm9xnn6HCDp0l7QBD7ml8zLUmJ-93Q5NF0NocErnwkTkXVFNiX3-fpC6afS8Dhb-gz7R7eg-- <- uuid 8.3.2 (9.0.1 is available)
+ nodelite-2--oDTluR6WEjdXEJMnC2z6A4FRwFoYuvShVVEGsS7ewc0UTi2QtAKMDJuL4BDEVt-5T7MjFo12RP8ghOM75oKJw-- <- is-text-path 2.0.0
+ nodelite-2--q-t7Ekv1EDY2l6Gda6LLiX14rU9TV20Wa3ofeQmwPFZbOMo9DXrLbOjFaaclkXKWidIaopwAObQDqwWtGUjqg-- <- at-least-node 1.0.0
+ nodelite-2--qnOHQFCEPfkb3caykqd-sqzEC2gx30EQB-mM7-5kIG7CQy7XXaGjFAEaqzE1xJ783Q2E7GVk4JxWM-3NhYSLw-- <- @tiptap/extension-history 2.14.0
+ nodelite-2--QQNwzFW-joes3DhNINpGdEX6O5scUTs4n8pYDyM-3pWb-8oCHRaRtEmpUU9HStbdy-pK2kQ9XdztkrNvP-ilA-- <- @lexical/offset 0.36.2
+ nodelite-2--sM3dO2FOzXjKQhJuo0Q173wf2KOo8t4I8vHy6lF9poUp7bKT0-NHE8fPX23PwfhnykfqnC2xRxOnVw5XuGIaA-- <- jsesc 3.1.0
+ nodelite-2--Srv4dswyQNBfohGpz9o6Yb3Gz3SrUDqBH5rTuhGR7ahtlbYKnVxw2bCFMRljaA7EXHaXZ8wsHdodFvbkhKmqg-- <- concat-map 0.0.1
+ nodelite-2--Tb-JcjK111nNScGob5MNtsntNM1aCNUDipB-TkwZFhyDrrE47SOx-18wF2bbjgc3ZzCSKW1T5nt5EbFoAz-Vg-- <- cssesc 3.0.0
+ nodelite-2--uw1inIHVPQoaVuHzRyXd21icM-cnt4CzD5rW-NC1wjOUSTOs-Te7FOv7AhN7vS9x-oIyhLP5PR1H-phQAHu5Q-- <- end-of-stream 1.4.4 (1.4.5 is available)
+ nodelite-2--vlFKAoH5Cgt3Ie-JLhRbwOsCQePABiU3tJ1egGvyQ-33R-vcwM2Zl2QR-LzjsBeItPt3oSVXapn-m4nQDvpzw-- <- lilconfig 3.1.3
+ nodelite-2--WKqsK294HMSc2jEbNgpHpd0JfIBhp7rEV4aqXWqFr6AlXov-SlcgB1Fv01y2kGe3Gc8nMW7VA0SrGuSkRfIEg-- <- lodash.startcase 4.4.0
+ nodelite-2-0-1-4iy4W9PE6R5ywBNKAZoFp8Sf--w3UJ-CKTqkcAjA29b-dtsD0iFT70DsYE0BMqUM1PO7HXFGbXllQ-bRAA-- <- @cypress/webpack-preprocessor 6.0.2
+ nodelite-2-0-DUvqWMValLmha6lr4kD8iAMK1HzV0-aKnCtWb9v9641TnP-MFb7Pc2bxoxQjTXAErryXVgUOfv2YqNllqGeg-- <- tinybench 2.9.0 (5.1.0 is available)
+ nodelite-2-0-r0MySGYG8YqlayBZ6MuCfECmHFdJ5qyPh8s8wa5Hnm6SaFLSK1VYCbj-NKp090Nm1caZhD-QTnmxO7esYGyQ-- <- enhanced-resolve 5.18.0
+ nodelite-2-00o4I-DVrefhv-nX0ulyi3biSHCPDe-yLv5o-p6d-UVlirijB8E16FtfwSAi4g3tcqrQ4lRAqQSoFEZJehYEcw-- <- reflect.getprototypeof 1.0.10
+ nodelite-2-04xDrxQTDTCFwP5H6hRhsRcb9xxv2RzkcsygFzmkSIOJy3PeRJP7sNk3VRIbKXcog561P9oU0-rVH6vDROAgUw-- <- d3-quadtree 3.0.1
+ nodelite-2-05WQkdpL9COIMz4LjTxGpPNCdlpyimKppYNoJ5Di5EUObifl8t4tuLuUBBZEpoLYOmfvIWrsp9fCl0HoPRVTdA-- <- @babel/runtime 7.28.6 (8.0.0-beta.0 is available)
+ nodelite-2-08kcGqnYf-YmjoRhfxyu-CLxBjUtHLXLXX-vUfx9l2LYzG3c1m61nrpyFUZI6zeS-Li-wWMMidD9KgrqtGq3mA-- <- aws-sign2 0.7.0
+ nodelite-2-0ASV06AAoKCDkS2-xw5RXJywruurpbC4JZSm7nr7MOt1ojAzvyyaO-UxZf18j8FCF6kmzCZKcAgN-yu2gm2XgQ-- <- unist-util-stringify-position 4.0.0
+ nodelite-2-0fzj9JxOLfJ-XGLhR8ze3unN0KZCgZwiSSDz168VERjK8Wl8kVSdcu2kspd4s4wtAa1y-qrVRiAA0WclVsu0ng-- <- getpass 0.1.7
+ nodelite-2-0hJU9SCPvmMzIBdZFqNPXWa6dqh7WdH0cII9y-CyS8rG3nL48Bclra9HmKhVVUHyPWNH5Y7xDwAB7bfgSjkUMQ-- <- hasown 2.0.2 (2.0.4 is available)
+ nodelite-2-0je-qPKHEMohvfRTCEo3CrPG6cAzAYgmzKyxRiYSSDkS6eGJdyVJm7WaYA5ECaAD9wLB2T4EEeymA5aFVcYXCA-- <- dequal 2.0.3
+ nodelite-2-0JNhgFoPvP6U6lE-UdVsSq99tn6DhjjpAj5MxG49ewd2mOBVtwWYIT8ClyABhq198aXXODMU6Ox8DrGy-CpTZQ-- <- lowlight 3.3.0
+ nodelite-2-0KpjqXRVvrYyCsX1swR-XTK0va6VQkQM6MNo7PqW77ByjAhoARA8EfrP1N4-KlKj8YS0ZUCtRT-YUuhyYDujIQ-- <- lodash.merge 4.6.2
+ nodelite-2-0kSuKjAS0TrGLJ0M--8MaFkGsQhZpB6pxOmvS3K8FYI72K--YmdfoW9X2qPsAKh1mkwxGD5zib9s1FIFed6E8g-- <- @types/sinonjs__fake-timers 8.1.1 (8.1.5 is available)
+ nodelite-2-0nDHH--qcf-BuPLYvmqZTUUsPJUCPBUXt0J1ErTcDIS369CTp773itzLGIgIXG4LJXOlwYCr44-Mh4ii6MP1QA-- <- prosemirror-commands 1.6.2
+ nodelite-2-0pfFzegeDWJHJIAmTLRP2DwHjdF5s7jo9tuztdQxAhINCdvS-3nGINqPd00AphqJR-0LhANUS6--7SCb98YOfA-- <- y18n 5.0.8
+ nodelite-2-0UfuJS0EsXbRvKnwcLjFtJy-Sxc5J5jhLHnFhy7u4zih97Hz6tJkLU-O-FMMrNZrosUPxDi6sYxJ-EA8jDiAog-- <- @babel/plugin-transform-duplicate-named-capturing-groups-regex 7.25.9 (8.0.1 is available)
+ nodelite-2-0XEDpr5y5mijvw8Lbc6E5AkjrHfp7eEoPlu36SWeAbcL8fn1G1ANe8DBlo2XoNN89oVpxWwOjYIPVzR4ZvsKCQ-- <- core-js-compat 3.40.0
+ nodelite-2-11Ndz7Nv-mvAC1j0ktTa7fAb0vLyGGX-rMHNBYQviQDGU0Hw7lhctJANqbPhu9nV9-izT-IntTgZ7Im-9LJs9g-- <- extsprintf 1.3.0 (1.4.1 is available)
+ nodelite-2-15Ztpk-nov8DR524R4BF7uEuzESgzUEAV4Ah7CUMNGXdE5ELuvxElxGXndBl32vMSsWa1jpNf22Z-Er3sKwq-w-- <- pathe 2.0.2 (2.0.3 is available)
+ nodelite-2-1BC0BVFhS-p0qtw6enp8e-8OD0UrK0oFLztSjNzhcKA3WDuJxxAPXzPuPtKkjEY9UUoEWlX-8fgKeu2S8i9JTA-- <- is-callable 1.2.7
+ nodelite-2-1cDNdwJ2Jaohmb3sg4OmKaMBwuC48sYni5HUw2DvsC8LjGTLK9h-eb1X6RyuOHe4hT0ULCW68iomhjUoKUqlPQ-- <- has-symbols 1.1.0
+ nodelite-2-1F05O7AYjymAtqbsFETboN1NvBdcnzMerO-zlMyJBEz6WkMdejvGWw9p05iTSjC85RLlBseHHQpYaM4gzJkBGg-- <- @babel/plugin-transform-block-scoping 7.25.9 (8.0.1 is available)
+ nodelite-2-1f2reW7lbrI0X0ozZMesS-WZxgPa4-wi56vFuJENBmed6mWq5KsheN-nxqnl-C23ioxpPO-PL6tXpiiFy5Bhjw-- <- @commitlint/rules 19.6.0 (20.4.1 is available)
+ nodelite-2-1FlR-gjXK7X-AsAHso35MnyN5KqGwJRi-31ft6x0M194ht7S-rWAvd7PHss9xSKMzE0asv1pyIHaJYq-BbacAQ-- <- onetime 6.0.0 (7.0.0 is available)
+ nodelite-2-1LFfa-qnMQvEOAdzlQymH0ulepxbxnCYAKJZfMci-5XJyIHWgEYnDmgnKakbTh7CH2tFQ5O60oYDvns4i9RAIg-- <- @octokit/core 5.2.0 (7.0.6 is available)
+ nodelite-2-1NNCs6uurfkVbeXG4S8JFT9t19m45ICnif8zWLd5oPSZ50QnwMfK-H3jv408d4jw-7Bttv5axS5IiHoLaVNHeQ-- <- postcss-value-parser 4.2.0
+ nodelite-2-1pC6N8qWJbWoPtEjgcL2xyhQOP491EQjeUo3qTKcmV8YSDDJrOepfG8pcC7h-QgnQHYSv0mJ3Z-ZWxmatVrysg-- <- is-finalizationregistry 1.1.1
+ nodelite-2-1Qed0-Hr2m-YqxnM09CjA2d-i6YZNfF6R2oRAOj36eUdS6qIV-huPJNSEpKbupewFs-ZsJlxsjjPbc0-afW6Lw-- <- is-map 2.0.3
+ nodelite-2-1QislpE-nvJgSZZo9-Lj3Lno5pKBgN46dAV8IVxKJy9wX8AOrs9nn5pYVZuDpoxWJJCALmbfOsHkyxujgetQSg-- <- @changesets/cli 2.27.11 (2.31.1 is available)
+ nodelite-2-1rhSOfRa6H9w4YwK0yrf5faDaDTb-yLyBUKOCV4xtCDB5VmIPqd-v9yr9o6SAzOAlRxMiRiCic6JVM1-kunVkw-- <- @octokit/types 12.6.0
+ nodelite-2-1rYdTpyv03iycF1-BhzrzQJCdOuAOtaqHTWJZCWvijKD2N5Xu0TtVC8--1faWqcP9iBCWOmjmhoH94dH82BxPQ-- <- @esbuild/linux-x64 0.21.5 (0.28.2 is available)
+ nodelite-2-1tqKRANSPTcjs-yjPoKh52oRM2u5AYdd8jie8sDiN8-5kpWWiQSHUGgtB4VEXLw1chVL3QPSPp8q9RWqzSn2FA-- <- lib0 0.2.104
+ nodelite-2-1v7fgQRj6hnSwFpq1Eu0ynr-CDEw0rXo2B61qXrLNdHZmPKgb7fqS1a2JwF0rISo9q77jDI8VMEHoApn8qDoZA-- <- character-entities-html4 2.1.0
+ nodelite-2-1W07cM9gS6DcLperZfFSj-bWLtaPGSOHWhPiGzXmvVJbRLdG82sH-Kn8EtW1VqWVA54AKf2h5k5BbnIbwF3h6w-- <- bl 4.1.0 (6.1.4 is available)
+ nodelite-2-1XMJE5fQo1jGH6Y-7ebnwPOBEkIEnT4QF32d5R1-VXdXveM0IBMJt8zfaxX1P3QhVwrYe-576-jkANtSS2mBbw-- <- stackback 0.0.2
+ nodelite-2-1Y1A--QUXEZK7YKz-rD9WydcE1-EuPr6ZBgKecAB8tmoW6UFv0NREVJe1p-jRxtThkcbbKkfwIbWJe-IeE6m2Q-- <- parse-passwd 1.0.0
+ nodelite-2-1ZJTZebgqllO79ue2bm3rIGud-bOe0pP5BjSRCRxxYkEZS8STV7zN84UBbiYu7jy-eCKSnVIUgoWWE-tt-shMQ-- <- @jridgewell/source-map 0.3.6 (0.3.8 is available)
+ nodelite-2-269Z39MS6wVJtsoUl10L60WdkhJVdPG24Q4eZTH3nnF6lpvSShEK3wQjDX9JRWAUPvPh7COouPpU9IrqaZFvtQ-- <- @eslint/eslintrc 2.1.4 (3.3.7 is available)
+ nodelite-2-2Ac2RgzDe-cn48GvOe3M-o82pEFewD3UPbyoUHHdKasHwJKjds4fLXWf-Ux5kATBKN20oaFGu-jbElp1pos0mg-- <- tsconfig-paths 3.15.0 (4.2.0 is available)
+ nodelite-2-2AT6j-gXe-1ueqbW6fLZJiIw3F8iXGJtt0yDrZaBhAZEG1raiTxKWU-IPqMCzQAXOUCKdA4UDMgacKH25XG2Cw-- <- is-subdir 1.2.0
+ nodelite-2-2caSP6fN9I7HOe6nqhtft7V4g7-V-gfDsC3Ag4W7kEzzvRGKqiv0pu0HogPiZ3KaVSoNDhUws6IJjDjpfmYIXw-- <- @babel/generator 7.26.5 (8.0.0-beta.4 is available)
+ nodelite-2-2cSskAvA1QNtKc8Y9VJQRv0tm3hLVgxRGDB-KYhIaPQJ1I-RHbhIXcM-zClKXzMes-wshsMVzf4B9vS4IZpqDQ-- <- @testing-library/react 16.2.0 (16.3.1 is available)
+ nodelite-2-2HvIEKRoqS62guEC-qBjpvRubdX910WCMuJTZ-I9yvqKU2-12eSL549HMwtabb4oupdj2sMP50k-XJfB-8JE6w-- <- is-interactive 1.0.0 (2.0.0 is available)
+ nodelite-2-2iUq0wv2iRoJO-zj5mv8uDUriOHWzXRnOTVgCzSXnktS-2iQRa3UUQwVlkBlYZFtygw6Nh1-X4mGqoYBINn5KQ-- <- prosemirror-transform 1.10.2
+ nodelite-2-2JZD8z2JviJrboD9cPuX-Sv-1ChFng-xh2tChQ2X4bB2HeK-rra-bmJ3xGntCcjhOqIzSDG6Id7e8RJ9QPXLEQ-- <- prosemirror-history 1.4.1
+ nodelite-2-2NsEz-CxzJIVOPx2o9UsW1rXLqtChtLoVnwYHHiB04wS5sgn7mrV45fWMBX0Kk-ub9uXytVYfNP2HjbVbCB3Ww-- <- @babel/plugin-transform-export-namespace-from 7.25.9 (8.0.1 is available)
+ nodelite-2-2NxwbF-hZ0KpepYN0cNbo-FN6XoK7GaHlQhgx-hIZl6Va0bF45RQOOwhLIy8lQDbuCiadSLCBnH2CFYquit5bw-- <- eslint-scope 5.1.1 (9.1.2 is available)
+ nodelite-2-2p2KJZTSqQ-I3-HX42EpYOa2l3f8Erv8MWKsy2I9uf4wA7yFIkXRffYdsx86y6z4vHtV8u7g-pPlr8-4ouAxsQ-- <- sshpk 1.18.0
+ nodelite-2-2qCTHimwdxLfz-YzdGfkqNlH0tLi9xjTnHddPmJwtIG9MGsdbutfTc4P-haPD7l7Cjxf-WZj-we5qfVPvvxfYw-- <- unist-util-is 6.0.0 (6.0.1 is available)
+ nodelite-2-2qUwwfAFpJLZqxd02YW9btUCZHl-RFvdDkNfZwaIJrvB8Tesjsk8pEQkTvGwZXLqXUx-2oyY3ySRhm6HOXuCug-- <- @babel/plugin-bugfix-safari-id-destructuring-collision-in-function-expression 7.25.9 (8.0.1 is available)
+ nodelite-2-2rYRLWlIpaiN8xbPiDyXZXRgLGOtWxERV7ND5fFAv5qo1D2N9Fu9MNajBNc6o13lZ-24DAWCkQCvj4klgmcITg-- <- vue-eslint-parser 9.4.3
+ nodelite-2-2wcC-oGxHis-BoHkkPwldgiPSYcpZK3JU28WoMVv55yHJgcZ8rlXvuG9iZggz-sU1d4bRgIGASwyWqjxu3FM0g-- <- sirv 3.0.2
+ nodelite-2-2yyAR8qBkN3YuheJanUpWC5U3bb5osDywNB8RzDVlDwDHbocAJveqqj1u8-SVD7jkWT4yvsHCpWqqWqAxb0zCA-- <- minimist 1.2.8
+ nodelite-2-2zKHH5oxr-ye43nReRbC2fny1nyARwhxdm0uNYp-ERy4YvU9iZpNOsueoi-luXw5gnpqRSvjcEPxXbS153O2wA-- <- vite-plugin-checker 0.6.4 (0.9.1 is available)
+ nodelite-2-30iZtAPgz-LTIYoeivqYo853f02jBYSd5uGnGpkFV0M3xOt9aN73erkgYAmZU43x4VfqcnLxW9Kpg3R5LC4YYw-- <- @ampproject/remapping 2.3.0
+ nodelite-2-34wB-Y7MW7bzjKRjUKTa46I2Z7eV62Rkhva-KkopW7Qvv-OSWBqvkSY7vusOPrNuZcUG3tApvdVgNB8POj3SPw-- <- joycon 3.1.1
+ nodelite-2-35mSku4ZXK0vfCuHEDAwt55dg2jNajHZ1odvF-8SSr82EsZY4QmXfuWso8oEd8zRhVObSN18aM0CjSdoBX7zIw-- <- doctrine 2.1.0 (3.0.0 is available)
+ nodelite-2-39nnKffWz8xN1BU-2c79n9nB9HDzo0niYUqx6xyqUnyoAnQyyWpOTdZEeiCch8BBu515t4wp9ZmgVfVhn9EBpw-- <- estraverse 4.3.0 (5.3.0 is available)
+ nodelite-2-3bYs1rOD33uo8aqJfKP3JWPAibgw8Zm2-L9vBKEHJ2Rg-viTR7o5Mmv5mZcieN-FRYaAOWX5SJATX6k1PWz72g-- <- d3-interpolate 3.0.1
+ nodelite-2-3hN7NaskYvMDLQY55gnW3NQ-mesEAepTqlg-VEbj7zzqEMBVNhzcGYYeqFo-TlYz6eQiFcp1HcsCZO-nGgS8zg-- <- gensync 1.0.0-beta.2
+ nodelite-2-3KS2b-kL7fsuk-eJZ7EQdnEmQoaho-r6KUef7hxvltNA5DR8NAUM-8wJMbJyZ4G9-7i3v5zPBIMN5aybAh2-Jg-- <- typed-array-length 1.0.7 (1.0.8 is available)
+ nodelite-2-3lqz5YjWTYnW6dlDa5TLaTCcShfar1e40rmcJVwCBJC6mWlFuj0eCHIElmG1g5kyuJ-GD-8Wn4FFCcz4gJPfaQ-- <- core-util-is 1.0.2 (1.0.3 is available)
+ nodelite-2-3NQWGjKTASY1xV5m7Hr0iPeXD9-RDobLll3T9d2AO-g3my8xy5peVyjSag4I50mR1bBSN-Ct12lo-R9tJk0NZQ-- <- @webassemblyjs/utf8 1.13.2
+ nodelite-2-3oSeUO0TMV67hN1AmbXsK4yaqU7tjiHlbxRDZOpH0KW9-CeX4bRAaX0Anxt0tx2MrpRpWwQaPwIlISEJhYU5Pw-- <- balanced-match 1.0.2 (4.0.4 is available)
+ nodelite-2-3QbLKy93F0EAIXLh0ogEVR6rOubA9AoZ-WRYhNbFyuB70j3dRdwH9g-qXhLAO0kiYGlg3TxDV-I4rQTr-YNXkA-- <- @webassemblyjs/helper-wasm-bytecode 1.13.2
+ nodelite-2-3R-1M-yS3j5ou80Me59j7F9IMs4PXs3VqRrm0TU3AbKPxlmpoY1TNscJV-oGJXo8qCatFGTfDbY6W6ipGOYXfg-- <- loader-runner 4.3.0 (4.3.2 is available)
+ nodelite-2-3sUqbMEc77XqpdNO7FRyRog-eW3ph-GYCbj-rK-uYyRMuwsVy0rMiVtPn-QJlKFvWP-1PYpapqYn0Me2knFn-A-- <- deepmerge 4.3.1
+ nodelite-2-3vbA7vXYwfe1SYhED--fPUQlWSYTTGmFmQiany-gdbiWgU-iEyQzyymwL9SkJjFFuCS4902BSzewVGsHHmHtXg-- <- d3-polygon 3.0.1
+ nodelite-2-3WrrOuZiyaaZPWiEt4G3-IffISVC9HYlWueJEBWED4ZH4aIAC2PnkdnuRrR94M-w6yGWn4AglWtJtBI8YqvgoA-- <- bundle-require 5.1.0
+ nodelite-2-3xurFv5tEgii33Zi8Jtp55wEIILR9eh34FAW00PZf-JnSsTmV-ioewSgQl97JHvgjoRGwPShsWm-IdrxB35d0w-- <- strip-bom 4.0.0 (5.0.0 is available)
+ nodelite-2-3Ybi1tAuwAP9s0r1UQ2J4n5Y0G05bJkpUIO0-bI9MhwmD70S5aTWbXGBwxHrelT-XM1k6dM0pk-SwNkpTRN7Pg-- <- postcss 8.5.6
+ nodelite-2-41Cifkg6e8TylSpdtTpeLVMqvSBEVzTttHvERD741-pnZ8ANv0004MRL43QKPDlK9cGvNp6NZWZUBlbGXYxxng-- <- is-number 7.0.0
+ nodelite-2-42aWfPrimMfDKDi4YegyS7x--0tlzaqwPQCULLanv3DMIlu96KTJR0fM5isWX2UViOqlGnX6YFgqWepcX-XMNg-- <- @remirror/core-constants 3.0.0
+ nodelite-2-4A-SCr-2KLd5jrtOMFzaKjVtAei3-2r-NChoBNoZ3EyP--GlhoaEGoWOZUmFmoITP7zOJyHIMm-DYRd8o3PvHA-- <- @babel/helper-string-parser 7.25.9 (8.0.0-beta.4 is available)
+ nodelite-2-4bV5BfR2mqfQTJm-V5tPPdf-ZpuhiIvTuAB5g8kcrXOZpTT-QwwVRWBywX1ozr6lEuPdbHxwaJlm9G6mI2sfSQ-- <- json-buffer 3.0.1
+ nodelite-2-4dbzIzqvjtgiM5rw1k5rEHtBANKmdudhGyBEajN01fEyhaAIhsoKNy6y7-IN93IfpFtwY9iqi7kD-xwKhQsNJA-- <- type-fest 0.8.1 (5.4.1 is available)
+ nodelite-2-4diC9HaTE-KRAMWhDhrGOECgWZxoevMc5TlkObMqNSsVU62PYzXZ-SMTjzyGAFF1YusgxGcSWTEXBhp0CPwQ1A-- <- clean-stack 2.2.0 (5.2.0 is available)
+ nodelite-2-4EK3-xJl8Ts67nLYNwqw-dsFVnCf-qR7RgXSK9jEEm9unao3njwMDdmsdvoKBKHzxd7tCYz5e5M-SnMjdtXGQQ-- <- qs 6.14.1
+ nodelite-2-4EzFTRIikzs47RGmdxbeUvLWtGedDUNkTcmzoeyg4sP-dvCexO47AaQL7VKy-gul85TOxw-IBgA8US2xwbToNA-- <- d3-contour 4.0.2
+ nodelite-2-4fCk79wshMdzMp2rH06qWrJE4iolqLhCUH-OiuIgU--RB0-94NlDL81atO7GX55uUKueo0txHNtvEyI6D7WdMw-- <- iconv-lite 0.6.3 (0.7.3 is available)
+ nodelite-2-4FH-uM1A4PNyrxXbD-RAbAsf0d-mM0D-wAKSVVWK7o0A9Q-oOXJBrw786mBf2Vnrs-Edly6dH6Z2gsb7zWwaUw-- <- prosemirror-view 1.38.1
+ nodelite-2-4gCtFXaAA3zYZdTp5s4Hl2sozuySsgz4jy1EnpBHNfpMa9dK1ZCG7viqBPCwXtmgc8nHqUsAu3G4gtmXkkY3Sw-- <- vue 2.7.16 (3.5.27 is available)
+ nodelite-2-4gd7VpWNQNB4UKKCFFVcp1AVv-FMOgs9NKzjHKusc8jTMhd5eL1NqQqOpE0KzMds804-yHlglp3uxgluOqAPLw-- <- internal-slot 1.1.0
+ nodelite-2-4I7Td01quW-RpocfNayFdFVk1qSuoh0E7JrbRJ16nH01HhKFQ88INq9Sd-nd72zqRySlr9BmDA8xlEJ6vJMrYA-- <- aggregate-error 3.1.0 (5.0.0 is available)
+ nodelite-2-4IehN3V--kkr5YeSSDDQG8QLqO26XpL2XP3GQtqwlT-QYSECAwFztxVHjlbh0-gjJ3XmNLS0zDsbgs9jWKExLg-- <- unicode-match-property-value-ecmascript 2.2.0 (2.2.1 is available)
+ nodelite-2-4JX6rEatQEvlmgU80wZyq9RT96HZJa88q8hp0pBd-LrczeDI4o6uA2M-uvxngVHo4Ihr8uibXxH6-70zhAFrVw-- <- @floating-ui/react-dom 2.1.6
+ nodelite-2-4LtOzh58S-5lX4ITKxnAK2USuNEvpdVV9AlgGQb8rJDHaLeHciwG4zlGr0j-SNWlr7x3vO1lDEsuePvtcDNCkw-- <- @webassemblyjs/ieee754 1.13.2
+ nodelite-2-4SnynYR9TTYaQVXd-ieUvsVV4PDMBzrq2xPUWutHivDuOshZXqQ5rGbZM84HEaXKbLdItse7weMGOUdDVcLKEQ-- <- prosemirror-collab 1.3.1
+ nodelite-2-4tYFyifaFfGacoiObjJegolkwSU4xQNGbVgUiNYVUxbQ2x2lUsFvY4hVgVzGiIe6WLOPqycWXA40l-PWsxthUw-- <- caseless 0.12.0
+ nodelite-2-5-fP8P8MFNC-AyZCDxrB2pkZFPGzqQWUzpSeuuVLvm8VMcorNYavBqoFcxK8bQz4Qsbn4oUEEem4wDLfcysGHA-- <- @types/json-schema 7.0.15
+ nodelite-2-534m2WhVTddrcKVepwmVEVnUAmtrx9bfIjNoQHRqfnvdaHQiFytEhJoTgpWJvDEXCO5gLTQh3wYC1PgOJA4NSQ-- <- micromark-util-types 2.0.1 (2.0.2 is available)
+ nodelite-2-55JNKuIW-vq4Ke1BjOTjM2YctQIvCT7GFzHwmfZPGo5wnrgkid0YQtnAleFSqumZm4az3n2BS-erby5ipJdgrg-- <- has-property-descriptors 1.0.2
+ nodelite-2-5aHCbzQRADcdP-ATqnDuhhJ-MRIqDkZX5pyjFHRRysS8vZ5AbqGEoFIb6pYHPZ-L-OC2Lc-xT8uHVVR5CAK-wQ-- <- linkify-it 5.0.0 (5.0.2 is available)
+ nodelite-2-5b0R4txpzjPWVw-cXXUResoD4hb6U-x9BH08L7nw-GN1sezDzPdxeRvpc9c433fZhBan-wusjbCsqwqm4EIBIQ-- <- p-limit 4.0.0 (7.2.0 is available)
+ nodelite-2-5b6Y85tPxZZ7QytO-BQzysW31HJku27cRIlkbAXaNx-BdcVi-LlRFmVXzeF6a7JCwJpyw5c4b-YSVImQIrBpuQ-- <- ora 5.4.1 (8.2.0 is available)
+ nodelite-2-5dgndWOriYSm5cnYaJNhalLNDKOqFwyDB-rr1E9ZsGciGvKPs8R2xYGCacuf3z6K1YKDz182fd-fY3cn3pMqXQ-- <- jsonfile 6.1.0 (6.2.1 is available)
+ nodelite-2-5GS12FdOZNliM5mAOxFRg7Ir0pWz8MdpYm6AY6VPkGpbA7ZzmbzNcBJQ0GPvvyWgcY7QAhCgf9Uy89I03faLkg-- <- std-env 3.10.0
+ nodelite-2-5gTmgEY-sqK6gFXLIsQNH19lWb4ebPDLA4SdLP7dsWkIXHWlG66oPuVvXSGFPppYZz8ZDZq0dYYrbHfBCVUb1Q-- <- picomatch 4.0.3 (4.0.7 is available)
+ nodelite-2-5Hh7Y1wQbvY5ooGgPbDaL5iYLAPzMTUrjMulskHLH6wnv-A-1q5rgEaiuqEjB-oxGXIVZs1FF-R-KPN3ZSQYYg-- <- internmap 2.0.3
+ nodelite-2-5kaZCrbp5mmbz5ulBkDkbY0SsPOjKqVS35VpL9ulMPfSl0J0Xsm-9Evphv9CoIZFwre7aJoa94AY6seMKGVN5Q-- <- unicode-match-property-ecmascript 2.0.0
+ nodelite-2-5l4VyZR86LZ-lDxZTR6jqL8AFE2S0IFLMP26AbjsLVADxHdhB-c0GUsH-y39UfCi3dzz8OlQuPmnaJOMoDHQBA-- <- run-parallel 1.2.0
+ nodelite-2-5lsx1NUDHtSjfg0eHlmYvZKv8-nVqX4ckFbM-FrGcQ-04KWcWFo9P5MxPZYSzUvyzmdTbI7Eix8Q4IbELDqzKg-- <- global-prefix 1.0.2 (3.0.0 is available)
+ nodelite-2-5m3bsyrjFWE1xf7nz7YXdN4udnVtXK6-Yfgn5qnahL6bCkf2yKt4k3nuTKAtT4r3IG8JNR2ncsIMdZuAzJjHQQ-- <- node-addon-api 7.1.1 (8.5.0 is available)
+ nodelite-2-5m4nQKp-rZRb09LNH59GM4BxTh9251-ylbKIbpe7TpGxfJ-9kv6BLkLBXIjjspbgbnIBNqlI23tRnTWT0snUIw-- <- react-dom 18.3.1 (19.2.8 is available)
+ nodelite-2-5p6WTN0DdTGVQk6VjcEju19IgaHudalcfabD7yhDGeA6bcQnmL-CpveLJq-3hvfwd1aof6L386Ougkx6RfyMIQ-- <- ajv-keywords 3.5.2 (5.1.0 is available)
+ nodelite-2-60HTx5ID-fLRcgdHfmz0LDZAXYEV68fzwG0JWwEPBode9NuMYTIxuYXPg4ngO8i8-Ou0lM7y6GzaYWbiDL0drw-- <- vscode-languageserver 7.0.0 (9.0.1 is available)
+ nodelite-2-637ln3gXKXOwhalDzinUgY83KzNWZRKbYubaG-fGVuc-dxO64RRljtCTnf5ecMyE1RIdtqpkVcq0IbtU2S8j2Q-- <- d3-geo 3.1.1
+ nodelite-2-65P7iz6X5yEr1cwcgvQxbbIw7Uk3gOy5dIdtZ4rDveLqhrdJP-Li-Hx6tyK0NEb-2GCyneCMJiGqrADCSNk8sQ-- <- to-regex-range 5.0.1
+ nodelite-2-6AvV0FsLULbpnXeBjrY4dmWF8F7gf8QnvTEoO-wX-5xm-xE1Xo8oPuD3MPS-KS9f9XBEAWN7X1aWr4z9HdOr7A-- <- @babel/plugin-transform-optional-chaining 7.25.9 (8.0.1 is available)
+ nodelite-2-6BLOQUscTpZeGljvyQXlWOItQyU71kCdGz7Pi8H8zdw6BI0g3m43iL4xKUVPWtG-qrrL9DTjpdn8eYuCQSRpow-- <- @changesets/errors 0.2.0
+ nodelite-2-6eZs5Ls3WtCisHWp9S2GUy8dqkpGi4BVSz3GaqiE6ezub0512ESztXUwUB6C6IKbQkY2Pnb-mD4WYojCRwcwLA-- <- normalize-path 3.0.0
+ nodelite-2-6FlzubTLZG3J2a-NVCAleEhjzq5oxgHyaCU9yYXvcLsvoVaHJq-s5xXI6-XXP6tz7R9xAOtHnSO-tXtF3WRTlA-- <- ms 2.1.3
+ nodelite-2-6fPc-R4ihwqP6N-aIv2f1gMH8lOVtWQHoqC4yK6oSDVVocumAsfCqjkXnqiYMhmMwS-mEHLp7Vehlt3ql6lEig-- <- strip-json-comments 3.1.1 (5.0.3 is available)
+ nodelite-2-6Fv1DV-TYw--QF5IzQdqsNDjx-wc8TrMBZsqjL9eW01tWb7R7k-mq--VXfJCl7SoD5emsJop9cOByJZfs8hYIw-- <- css-tree 2.3.1 (3.2.1 is available)
+ nodelite-2-6iBczoX-kDQ7a3-YJBnh3T-KZRxM-iYNPXicqk66-Qfm1b93iu-yOImkg0zHbj5LNOcNv1TEADiZ0xa34B4q6Q-- <- which-builtin-type 1.2.1
+ nodelite-2-6IpQ7mKUxRcZNLIObR0hz7lxsapSSIYNZJwXPGeF0mTVqGKFIXj1DQcMoT22S3ROcLyY-rz0PWaWZ9ayWmad9g-- <- optionator 0.9.4
+ nodelite-2-6J2APTs7BDDm-UMqP1useWqhcRAXo0WIoVj26N7kPFB6S73Lgvyka4KTZYIxtgYXiN5HTyRObA72N2iu628iTQ-- <- @babel/plugin-transform-class-static-block 7.26.0 (8.0.1 is available)
+ nodelite-2-6jmooXYIwn9ca5-RylZADJ-EnSxVUS5sjeJ9UPk6RWRzXCmOJCy6dqItPJFpw2cuCangPK4OYr5uhGKcmrm5Qg-- <- @babel/plugin-transform-arrow-functions 7.25.9 (8.0.1 is available)
+ nodelite-2-6jvvn-12IC4quLBL1KNokxC7wWTvYncaVUYSoxWw7YykPLuRrnv4qdHcSOywOI5RpkOVGeQRtWM8-q-G6W6qfQ-- <- findup-sync 4.0.0 (5.0.0 is available)
+ nodelite-2-6oXyTOzbKxGH4steLbLNOu71Oj-C8Lg34n6CqRvqfS2O71BxY6ByfMDRhBytzknj9yGUPVJ1qIKhRlAwO1AovA-- <- @webassemblyjs/floating-point-hex-parser 1.13.2
+ nodelite-2-6oz2beyjc5VMn-KV1pPw8fliQkhBXrVn1Z3TVyqZxU8kZpzEKhBdmCFqI6ZbmGtamQvQGuU1sgPTk8ZrXDD7jQ-- <- postcss 8.5.1 (8.5.6 is available)
+ nodelite-2-6t3foTQI9qne-OZoVQB-8x8rk2k1eVy1gRXhV3oFQ5T6R1dqQ1xtin3XqSlx3-ATBkliTaR-hHyJBm-LVPNM8w-- <- unicode-property-aliases-ecmascript 2.1.0 (2.2.0 is available)
+ nodelite-2-6VdaljMpD82w6c2749Zhf5T9u5uLBWKnVue6XWxprDobftnletJ8-oel7sexFfM3qIxNmVE7LSFGTpv6obNyaQ-- <- @vue/compiler-sfc 3.5.13 (3.5.27 is available)
+ nodelite-2-6WTZ-IxCY-T6BALoZHaE4ctp9xm-Z5kY-pzYaCHRFeyVhojxlrm-46y68HA6hr0TcwEssoxNiDEUJQjfPZ-RYA-- <- debug 4.4.0 (4.4.3 is available)
+ nodelite-2-6xWgLZTJXwilVjlnV7ospI3xi-sl8lN8rXXbBD6vYn3UYDlGsag8wrZkKcSI8G6KgqKP7vNFaDgeDnfAABq61g-- <- @babel/plugin-bugfix-v8-spread-parameters-in-optional-chaining 7.25.9 (8.0.1 is available)
+ nodelite-2-6ygpPRuTJ2lcOXs9JkefieMst63wVJBgHZGl5QOytN7oSZs3Co-BYbc3Yx9zm9H37Bxw8kVzCnDsihsVsL4yEg-- <- prosemirror-inputrules 1.4.0
+ nodelite-2-7--dFhtcx3353uBaq8DDR4NuxBetBzC7ZQOhmTQInHEd6bSrXdiEyzCvG07Z44UYdLShWUyXt5M-yhz8ekcb1A-- <- shebang-regex 3.0.0
+ nodelite-2-727YkEAPwSIQTv5im8QHz3upqp92JTWhidIC81Tdx4VJYIte-VndKf1qKrfnnhPLiPghStWfvC-iFaMCQu7Nqg-- <- @babel/plugin-syntax-unicode-sets-regex 7.18.6
+ nodelite-2-72fSenhMw2HZMTVHeCA9KCmpEIbzWiQsjN-BHcBbS9vr1mtt-vJjPdksIBNUmKAW8TFUDPJK5SUU3QhE9NEXDw-- <- color-name 1.1.3 (2.0.2 is available)
+ nodelite-2-78-PXT1wlLLDgTzDs7sjq9hzz0vXD-zn-7wypEe4fXQxCmdmqfGsEPQxmiCSQI3ajFV91bVSsvNtrJRiW6nGng-- <- find-up 5.0.0 (7.0.0 is available)
+ nodelite-2-78E9voJHwnXQMiQdiqswVLZwJIzdBKJ1GdI5Zx6XwoFKUIk09-sSrr-05QFzvYb8q6Y9pPV45zzDuYa3907TZA-- <- rollup 4.50.1
+ nodelite-2-7CAHcQ58z2chuXPWblnn1K6rLDnDWieghSOEmqQsrBenH0P9InCUtOJYD89pvngljmZlJcz3fcmgYsXFNGa1ZQ-- <- @babel/plugin-transform-exponentiation-operator 7.26.3 (8.0.1 is available)
+ nodelite-2-7dFHNmqeFSEt2ZBsCriorKnn3Z2pj-fd9kmI6QoWw4--DL-icEBfc0U7qJCisqrTsKTjw4fNFy2pW9OqStD84g-- <- error-ex 1.3.2 (1.3.4 is available)
+ nodelite-2-7DL7DKYjn5Su--4RXu8puKZm2XBPHyjWLUidaPEkCUBbE7IPcsrkRHggAOOKydH1dASWdcUBxrkOGNxUv5P3Jg-- <- @babel/plugin-transform-reserved-words 7.25.9 (8.0.1 is available)
+ nodelite-2-7dSzzRQ--CKnNI-krKnYRV7JKKPUXMEh61soaHKg9mrWEhzFWhFnxPxGl-69cD1Ou63C13NUPCnmIcrvqCuM6w-- <- yargs 17.7.2
+ nodelite-2-7EAHlyLHI56VEIdK57uwHdHKIaAGbnXPiw0yWbarQZOKaKpvUIgW0jWRVLiatnM-XXlSwsanIBH-hzGMJulMow-- <- performance-now 2.1.0
+ nodelite-2-7Gps-XWymbLk2QLYK4NzpMOrYjMhdIxXuIvy2QBsLE6ljuodKvdkWs-cpyJJ3CVIVpH0Oi1Hvg1ovbMzLdFBBg-- <- file-entry-cache 6.0.1 (8.0.0 is available)
+ nodelite-2-7gqG38EyHgyP1S-7-xomFtL-ZNHcKv6DwNaCZmJmo1vgMugyF3TCnXVg4t1uk89mLNwnLtnY3TpOpCOyp1-xHQ-- <- @types/uuid 10.0.0
+ nodelite-2-7HSX4QQb4CspciLpVFwyRe79O3xsIZDDLER21kERQ71oaPodF8jL725AgJMFAYbooIqolJoRLuM81SpeUkpkvA-- <- ansi-regex 6.1.0 (6.3.0 is available)
+ nodelite-2-7MptL8U0cqcFdzIzwOTHoilX9x5BrNqye7Z-LuC7kCMRio1EMSyqRK3BEAUD7sXRq4iT4AzTVuZdhgQ2TCvYLg-- <- fast-glob 3.3.3
+ nodelite-2-7mz-721AbnJwIVbnaSv1Cz3Am0ZLT-UBwkC92VlxhXv-k-BBQfM2fXElQNC27BVGr0uwUpplYPQM9LnaBMR5NQ-- <- http-proxy 1.18.1
+ nodelite-2-7PGFlmtwsEADb0WYyvCMa1t-yke6daIG4Wirafur5kcf-MhUnPms1UeR0CKQdTZD81yESwMHbtn-TR-dMviakQ-- <- set-function-name 2.0.2
+ nodelite-2-7PnF4oN3CvZF23ADhA5wRaYEQpJ8qygSkbtTXWBeXWXmEVRXK-1ITciHWwHhsjv1TmW0MgacIv6hEi5pX5NQdA-- <- ini 2.0.0 (6.0.0 is available)
+ nodelite-2-7qJWqItLA8-VPVlKJlFXU-NBlo-qyfs39aJcuMT-2ere32ZqvF5OSxgdM5xOfJJ7O429gg2HM47y8v9P-9wrNw-- <- code-red 1.0.4
+ nodelite-2-7r0XPzioN-Q9kXBro-XPnA6kznR73DHq-GXh5ON7ZozRO6aMjbmiBuKste2wslTFkC5d1dw0GooOCepZXJ2SAg-- <- yaml 2.6.1 (2.9.0 is available)
+ nodelite-2-7rKUyy33Q1yc98pQ1DAmLtwX109F7TIfWlW1Ydo8Wl1ii1SeHieeh0HHfPeL2fMXK6z0s8ecKs9frCuLJvndBg-- <- uri-js 4.4.1
+ nodelite-2-7RUKfXgSMMkzt6ZuXmqapOurLGPPfgj6l9uRZ7lRGolvk0y2yocc35LdcxKC5PQZdn2DMqioAQ2NoWcrTKmm6g-- <- estree-walker 3.0.3
+ nodelite-2-7UvmKalWRt1wgjL1RrGxoSJW-0QZFIegpeGvZG9kjp8vrRu55XTHbwnqq2GpXm9uLbcuhxm3IqX9OB4MZR1b2A-- <- any-promise 1.3.0
+ nodelite-2-7uz5EHdzz2TqoMfV7ee61Egf5y6NkcO4FB-1iCCQnbeiI1F3xzv3vK5dBCXUCLQgGYS-mUeigK1iKQzvED-QnQ-- <- @types/conventional-commits-parser 5.0.1 (5.0.2 is available)
+ nodelite-2-7VT13fmjotKpGipCW9JEQAusEPE-Ei8nl6-g4FBAmIm0GOOLMua9NDDo-DWp0ZAxCr3cPq5ZpBqmPAQgDda2Pw-- <- chokidar 3.6.0 (5.0.0 is available)
+ nodelite-2-7vuh85V5cdDofPyxn58nrPjBktZo0u9x1g8WtjQol-jZDaE-fhN-cIvTj11GndBnMnyfrUOG1sZQxCdjKh-DKg-- <- jest-worker 27.5.1 (30.2.0 is available)
+ nodelite-2-7XHNxH7qX9xG5mIwxkhumTox-MIRNcOgDrxWsMt2pAr23WHp6MrRlN7FBSFpCpr-oVO0F744iUgR82nJMfG2SA-- <- function-bind 1.1.2
+ nodelite-2-7ylylesZQ-PV29jhEDl3Ufjo6ZX7gCqJr5F7PKrqc93v7fzSymt1BpwEU8nAUXs8qzzvqhbjhK5QZg6Mt-HkBg-- <- lines-and-columns 1.2.4 (2.0.4 is available)
+ nodelite-2-8-9WqebbFzpX9OR-Wa6O29asIogeRMzcGtAINdpMHHyAg10f05aSFVBbcEqGf-PXw1EjAZ-q2-bEBg3DvurK3Q-- <- argparse 2.0.1
+ nodelite-2-84MVSjMEHP-FQRPy3pX9sTVV-INIex71s9TL2Gm5FG-WG1SqXeKyZ0k7-blY-4FdOzI12CBy1vGc4og-eus0fw-- <- typescript 5.7.3 (6.0.0-dev.20260130 is available)
+ nodelite-2-88JUN06ipLwsnv-dVn-OIYOvAuvBMy-Qoi6O7mQHxdPXpjy-Cd6xRkWwux7DKO-4sYILtLBRIKgsdpS2gQc7qw-- <- hast-util-whitespace 3.0.0
+ nodelite-2-8BYqO3GeVNHtx69fdPshN3fnzUNLrWdHhk-icSwigksJGczKSizZ-Z6SBCxTs723Fr5VSNorTIK7a-R2tISvwQ-- <- @babel/plugin-transform-unicode-sets-regex 7.25.9 (8.0.1 is available)
+ nodelite-2-8DWwelH55H8KtLECSIv0wh8x-F-6lpagV-pMvT-Azujad0oqK-1iAPKU-kLgjXbFSkisrpV6KSwQts5neCtfRQ-- <- @tiptap/extension-bold 2.14.0
+ nodelite-2-8EbVDiu9iN-nESwxeSxDKe0dunta1GOlHufmSSXxMD2z2-tMZpDMpvXQGsc-ajGo8y2uYUmixaSRUc-QPoQ0GA-- <- sucrase 3.35.0 (3.35.1 is available)
+ nodelite-2-8guHBZCwKnFhYdHr2ysuRWErTwhoN2X8XELRlrRwpmfeY2jjuUN4taQMsULKUVo1K4DvZl-0pgfyoysHxvmvEw-- <- eventemitter3 4.0.7 (5.0.4 is available)
+ nodelite-2-8hcyA6ZoHwWXC76BoC8qVOSr8xHy00LZhZpauiD0iO0VYbVhMnED0da85lTfIULxl7Lj4c6vZgF0Wu-ed1-jlQ-- <- @commitlint/cli 19.6.1 (20.4.1 is available)
+ nodelite-2-8iA79xD3uAch729dUG8xaaBBFGaEa0wdD2VkYLFHwlqosEj-jT66AzcreRDSgV7ehnNLBW2WR5jIXwGKjVdTLg-- <- executable 4.1.1
+ nodelite-2-8lP-Yxjv14Vc5MuWBpJsoUCd3hD6V9DgBon2FVYL4jJgbnVQ9fTgYmonchzZJOVNgzEgbxp4OwAf6xz6M-14XA-- <- @babel/plugin-transform-function-name 7.25.9 (8.0.1 is available)
+ nodelite-2-8nvh-XBe96aCESrGOqMp-84b13H9cdKbG5P2ejQCh4d4sK9RL4371qou9drQjMhvnPmhWl5hnmqbEE0fXr9Xnw-- <- delaunator 5.0.1
+ nodelite-2-8q7VEgMJW4J8tcfVPy8g09NcQwZdbwFEqhe-WZkoIzjn-3TGDwtOCYtXGxA3O8tPzpczCCDgv-P2P5y00ZJOOg-- <- merge2 1.4.1
+ nodelite-2-8QmQKqEASLd5nx0U1B1okLElbUuuttJ-AnYmRXbbbGDWh6uS208EjD4Xqq-I9wK7u0v6O08XhTWnt5XtEbR6Dg-- <- define-properties 1.2.1
+ nodelite-2-8VbfWfHLbbwu3-N6OKsOMpBdT4kXPDDB9cJk2bJ6mh9ucxdlnNvH1e-roYkKmN9Nxw2yjz7VzeO9oOz2zJ04Pw-- <- ws 8.18.0
+ nodelite-2-8VhliFJAWRaUiVvREIiW2NXXTmHs4vMNnSzuJVhscgmGav3g9VDxLrQndI3dZZVVdp0ZO-5v0xmX516-7M9cng-- <- regex-utilities 2.3.0
+ nodelite-2-8wRKhlEwEJ4I13Ju54q2NZR1pVKGTgJ-8XsQ8L5A5uUsQ-YQScQJuEAuh8Bn8i6IwAMjjLRABd9lVli-DlIiVw-- <- prosemirror-changeset 2.3.0
+ nodelite-2-8XkAphELsDnEGrDxUOHB3RGvXz6TeuYSGEZBOjtTtPm2lwhGBjLgOzLHB63IUWfBpNucQjND6d3AOudO-H3RWQ-- <- uuid 10.0.0
+ nodelite-2-8XPvpAA8uyhfteu8pIvQxpJZ7SYYdpUivZpGy6sFsBuKRY-7rQGavedeB8aK-Zkyq6upMFVL-9AW6vOYzfRyLg-- <- log-symbols 4.1.0 (7.0.1 is available)
+ nodelite-2-93zYdMES-c1D69yZiKDBj0V24vqNzB-koF26KPaagAfd3P-4gUlh3Dys5ogAK-Exi9QyzlD8x-08Zt7wIKcDcA-- <- @humanwhocodes/object-schema 2.0.3
+ nodelite-2-95OsL6J2BtzoBxHicoXHxgk3z-9P3BEcQTpBKriqiYzLKnM2DeSqs-sndMKdamU8FosiadQFT3D-BSL9EKnAJQ-- <- @typescript-eslint/type-utils 8.21.0
+ nodelite-2-96rNNPiVbC65i-Jn1QzIsehCS7UVUc69ovrh9Bt4-pXDebZSdZai153Q7RUq8q3AQ5ocK4-SA2kLQfMu0grj3Q-- <- @lexical/table 0.36.2
+ nodelite-2-97dKocVLrEVTQjZ4GBLdrrMw7Gv3no8H8yMwf5IRM9OoHrzbWpcH5jJxYgNQIRCtdIqwDctT1HdMHrGTiwp1dQ-- <- prosemirror-tables 1.6.2 (1.6.4 is available)
+ nodelite-2-9Bb014e-m2TgBeEJGEbdplMVWwPmL1FPtggHQRkV-WVsMggPtEkLKPlcVYm-o8xKLkpJ7B-6N8WfQMtDLX2Dpw-- <- @octokit/request 8.4.0 (9.2.3 is available)
+ nodelite-2-9DGttpmPvIxBb-2uwpVo3dqJ-O6RooAFOS-lB-xDqoE2PVCE8nfoHMdZLpfCQRLwvohzXISPZcgxt80xLfsuwg-- <- @babel/template 7.25.9 (8.0.0-beta.0 is available)
+ nodelite-2-9EtFOZR8g22CL7BWjJ9BUx1-A-djkofnyW3aOXZORNW2kxoUpx2h-uN2cOqwPmFhnpVmxg-KW2OjOSgChTEvsQ-- <- cachedir 2.4.0
+ nodelite-2-9fkkDevMefjg0mmzWFBW8YkFP91OrizzkW3diF7CpG-S2EYdy4-TVfGwz1zeF8x7hCx1ovSPTOE9Ngib74qqUg-- <- log-update 4.0.0 (6.1.0 is available)
+ nodelite-2-9gGx6GTtCQM73BgmHQXfDmLtfjjTUDSyoxTCbp5WtoixAhfgsDirWIcVQ-IHpvI5Vgd5i-J5F7B9cN-WlVbC-w-- <- is-symbol 1.1.1
+ nodelite-2-9ie8ItPR6tjY5uYJh8K-Zrv-RMZ5VOlOWvtZdEHYSTFKZfIBPQa9tOAEeAWhd-AnIneLJ22w5fjOYtoutpWq5w-- <- log-update 6.1.0
+ nodelite-2-9mj6rm7XVYs4mdLIpbZnHOYdpW42uoiBCTVowg7sP1thUOiANgMb4UtpRivR0pp5iL-ocvUv7X4mZgFRpJEzGw-- <- @babel/plugin-transform-react-jsx-development 7.25.9 (7.29.7 is available)
+ nodelite-2-9N7-2lFziW8W9pBl2TzaNht3-pgMIRP74zizeCSrtnSKVdUl8mAjjOP2OOVQAfZ881P2cNjDj1uAMEdeD50nuQ-- <- @babel/plugin-transform-literals 7.25.9 (8.0.1 is available)
+ nodelite-2-9N9IomZ-YuGGZZmQec1MbgxtlgougxTodVwDzzEouPKo3qFWvymFHWcnDi2vzV1ff6kas9ucW-o3yzJK9YB1AQ-- <- micromark-util-sanitize-uri 2.0.1
+ nodelite-2-9O8N4SeG2z--TSM8QA-KTeKFBVCNEz-AGS7gWPJf6KFRzmRWixFRnCnkPHRDwSVZW6QPDO6uT0P2SpWNKCc9-g-- <- @floating-ui/react 0.27.16
+ nodelite-2-9QX28IymvBlSCqsCll5t0kQVxipsfhFFL-L2t3nTWfXnddYwxBuAEtTtlaVQpRz9c37BhJjltSeY4AJSC03SSg-- <- @sveltejs/vite-plugin-svelte-inspector 2.1.0 (3.0.0-next.2 is available)
+ nodelite-2-9u-sniCrY3D5WdsERHzHE4G2YCXqoG5FTHUiCC4SIbr6XcLZBY05ya9EKjYek9O5xOAwjGq-1JdGBAS7Q9ScoA-- <- readable-stream 3.6.2 (4.7.0 is available)
+ nodelite-2-9WXSPC5fMv61vaupRkCKCxsPxBocVnwakBEkMIHHpkTTg6icbJtg6jzgtLDm4bl3cSHAca52rYWih0k4K3PfHw-- <- use-sync-external-store 1.4.0 (1.6.0 is available)
+ nodelite-2-9yl91rHw-cpwMCNytUDxwj2XjFpxML0y9HAOH9pNVQDpQrBxHy01Dx-vaMu0N1CKa-RzBD2hB4u--nfc-Sd3Cw-- <- @esbuild/linux-x64 0.25.0 (0.28.2 is available)
+ nodelite-2-9ZonPT4ZAK4a-1pUPVPZJapbi7O5qbbJPdYw-NOQWZZbVLdDTYM3A4R9z-DpAM08IDaFGsvPgiGZ82WEwUDWjg-- <- find-cache-dir 4.0.0
+ nodelite-2-A-Fezp4zxnit6FanDmv9EqXNAi3vt9DWp51-71UEhXukb7QUuvtv9344h91dyAxuTLoSYJFU299qzR3tzwPAhw-- <- cachedir 2.3.0 (2.4.0 is available)
+ nodelite-2-A3s5PWiZ9YCXFye1o246KoscMWqf8BsD9eRiJ3He7C9OBaxKhAd5TFCdEx-7VbKtxxTsu--1mMJFrEt572cEyQ-- <- d3-scale-chromatic 3.1.0
+ nodelite-2-A5EmesHW6rfnZ9ysHQjPdJRni0SRar0tjtG5MNtm9n5TUvsYU8oozprtRD4AqHxcZWWlVuAmQo2nWKfN9oyjTw-- <- expand-tilde 2.0.2
+ nodelite-2-A8c8n8881iBq3AusNqibh6Hloybr-FgYdg4Lg4jNxbbEaL0WhyLFge1bWlGVpbHXFqdv5YldMUAu6Rop3FhNvw-- <- @tiptap/extension-hard-break 2.14.0
+ nodelite-2-AA3TVj-0A2iuIoQkWEK-tqFjBq2j-6PO6Y0zJcvzLAFhEFIO3HL0vls9hWLncZbAAbK0mar7oZ4V079I-qPMxg-- <- rxjs 7.8.1 (7.8.2 is available)
+ nodelite-2-AckIIV90rPDcBcglUwXPF3kg0P0qmPsPXAj6BBEENQE1p5yA1xfmDJzfi1Tappj37Pv2mVbKpL3Z1T-Nn7k1Qw-- <- secure-compare 3.0.1
+ nodelite-2-Acylog8-luQ8L7il-geoSxhEkazvkslg7PSNKOX59mbB9cOveP5aq9h74Y7YU8yDpJwetzQQrfIwtf4Wp4LKcw-- <- type-detect 4.1.0
+ nodelite-2-AhO5QUcj8llrbG09iWhPU2B204J1xnPeL8kQmVorSsy-Sjj1sk8gIyh6cUocGmH4L0UuhAJy-hJMRA4mgA4mFQ-- <- globals 13.24.0
+ nodelite-2-AiwGJM8YcNOaobumgtng-6NHuOqC3A7MixFeDafM3X9cIUM-xUXoS5Vfgf-OihAYe20fxqNM9yPBXJzRtZ-4eA-- <- flatted 3.3.2 (3.4.4 is available)
+ nodelite-2-Ajzxb8CM6WAnFjgiloPsI3bF-WCxcvhdIG3KNA2KN962-tdBsHcuQ4k4qX-EcS-2CRkcc0iAkR956Nib6aXU-Q-- <- longest 2.0.1
+ nodelite-2-AKpaYlHn8t4SVbOHCy-b5-KKgvR4vrsD8vbvrbiQJps7fKDTkjkDry6ji0rUJjC0kzbNePLwzxq8iypo41qeWA-- <- base64-js 1.5.1
+ nodelite-2-ALnjWlVYkXsVIGlOsuWH1-3udkYFI48Ljihfnh8FZPF2QS9o-PzGLBslO0PjzVoHLZ2KCVgAM8NVkXPJB2aNnQ-- <- d3-brush 3.0.0
+ nodelite-2-AmomSIjP8ZbfGQhumkNvgC33AY7qtMCXnN6bL2u2Js4gVCg8fp735aEiMSBbDR7UQIj90n4wKAFUSEd0QN2Ukg-- <- @webassemblyjs/wasm-gen 1.14.1
+ nodelite-2-AOIgSQCepiJYwP3ARnGx-5VnTu2HBYdzbGP45eLw1vr3zB3vZLeyed1sC9hnbcOc9-SrMyM5RPQrkGz4aS9Zow-- <- glob-parent 5.1.2 (6.0.2 is available)
+ nodelite-2-ApKvfjsSR6tg06xrL434C0WydLr7JewBB3V--39RMHsaXTOG0zmt-OAXeng5M5LBm0ojmxJrpomQVZ1aPvBL4w-- <- d3-transition 3.0.1
+ nodelite-2-ARDJmphmdvUk6Glw7y9DQ2bFkKBHwQHLi2lsaH6PPmz-Ka9sFOBsBluozhDltWmnv9u-cF6Rt87znRTPV-yp-A-- <- uc.micro 2.1.0
+ nodelite-2-Atfo14OibSv5wAp4VWNsFYE1AchQRTv9cBGWET4pZWHzYshFSS9NQI6I57rdKn9croWVMbYFbLhJ-yJvmZIIHw-- <- fast-uri 3.0.6 (3.1.7 is available)
+ nodelite-2-AURm5f0jYEOydBj7VQlVvDrjeFgthDdEF5H1dP-6mNpoXOMo1quQqJ4wvJDyRZ9-pO3kGWoOdmV08cSv2aJV6Q-- <- safe-array-concat 1.1.3 (1.1.4 is available)
+ nodelite-2-AwqPP0jLYNioKxakiVw0vlfH-ceGFbV-SGoqBbPSGFPRdSbHhxHDNBlTtiThmT3N2PiVwXAD9xislJV-WY4GUA-- <- @tiptap/extension-blockquote 2.14.0
+ nodelite-2-AXcZb6vzzrFAUE61HnN4mpLqd-cSIwNQjtNWR0euPm6y0iqx3G4gOXaIDdtdDwZmhwe82LA6-zinmW4UBWVePQ-- <- human-signals 5.0.0 (8.0.1 is available)
+ nodelite-2-AyFQ0EVmsOZOlAnxoFOGOq1SQDWAB7C6aqMGS23svWAllfOaxbuFvcT8D1i8z3Gyn8fraVeZNNmN6e9bxxXkKw-- <- vscode-uri 3.0.8 (3.1.0 is available)
+ nodelite-2-AYnb1nQyY49te-VRAVgmzfcgjYS91mY5P0TKUDCLEM-gNnA-3T6rWITXRLYCpahpqSQbN5cE-gHpnPyXjHWxcw-- <- @types/estree 1.0.6 (1.0.9 is available)
+ nodelite-2-B-gBuNg5SiMTrPkC-A2-cW0RszwxYmn6VYxB-inlBStS5nx6xHIt-ehKRhIMhqusl7a8LjQoZnjCs5vhwxOQ1g-- <- ajv 8.17.1
+ nodelite-2-B1bozCeNQiOgDcLd33e2Cs2U60wZwjUUXzh900ZyQF5qUasvMdDZYbQ566LJu7cqR-sAHlAfO6RMkaID5s6qpA-- <- sass 1.83.4 (1.97.3 is available)
+ nodelite-2-B8wRRkmre4ERucLM-uXx4MOV5cbnOlVAqUst-1-iLKPI0dOgFO28f84ptoQt9HEI537PMzfYa-d-GEPKTRXmYA-- <- terser 5.37.0

Done in 1.3s
