Progress: resolved 1, reused 0, downloaded 0, added 0
Packages: +250
++++++++++++++++++++++++++++++++++++++++++++++++++++++++++++++++++++++++++++++++
Progress: resolved 250, reused 0, downloaded 250, added 250, done

dependencies:
+ nodelite-2----5CYLQqsO9HFGLI7APrxBJYo-5OCMpViuhV8q5-Qa3o5mMrF--eQHks-PXcsAVaLdn817fMuS7zqoXNNZGaw-- <- @typescript-eslint/visitor-keys 8.46.4
+ nodelite-2---5VFTchJDoVj3bhoqi6UeymcD00DAwb1nJwamzPvHEszJ4FpF6SNNbUbOS8yI56qHzdV8eK0qEfOSiodkTdxg-- <- possible-typed-array-names 1.1.0
+ nodelite-2---88mFWSJx8lxCzwdAABTJL2MyWB12-eIY7MDL2SqLmAkeKU9qxRvWuSyTjm3FUmpBEMuFfckAIqEaVGUDxb6w-- <- p-limit 2.3.0 (7.2.0 is available)
+ nodelite-2---j1GVy3y9yr1sasuN9I51oeN0HzVGtacDexw6LdMCWpyodR6nS57H2g89D-vN1G4VDtMyakUznwZbisx4NQDw-- <- @ai-sdk/vue 3.0.25
+ nodelite-2---nshmD55c46FuFw26xV-xFAaB5HF9Xdap7HJBBnrKdAd6-GxDBaNA1870O79-9ueg61cZLSVc-OaFlfmObYVQ-- <- pathval 2.0.1
+ nodelite-2---XqaZPIAk6Cjg7NWgSGe27X4zMGqrFqZ8atJsX3CWxH-jACqWnrWI68h7nHQld0y-k9eTTjb9r-KU4twLoo9A-- <- @typescript-eslint/tsconfig-utils 8.46.4 (8.69.0 is available)
+ nodelite-2---XYEs8lKWvZxDCjrr8Baiw7KiikraZ5JkLMg6EdnUVNKJui0IsrAADj5MsyUeFkcEryfn2jd3p09H7REvewyg-- <- tinymce 6.8.6
+ nodelite-2--1VkjdD0QBLPodGrJUeqarH8VAIvQODIbwh9XpP5Syisf7YoQgsJKPNFoqqLQlu-VQ-tVSshMR6loPMn8U-dPg-- <- @pkgjs/parseargs 0.11.0
+ nodelite-2--2qh0lav6CmI15FzA3i-2Bzk2zCgQhGMkvhOhKNcBVQ1ldgpbfiNTVslmooUmWJcADi1f1kIeynbDRVzNlfR6Q-- <- parse-srcset 1.0.2
+ nodelite-2--3FfIa8mbrg3xE7-wAhWeV-bd7L2Mof-xtZb5dRDKZ-wDvYJK4WDYeIOuOhre5Yv5aQObZrlbRmk3RTSiuQBtw-- <- flat 6.0.1
+ nodelite-2--3vwGwx9n-mCQdYZ2IKGGHEFL30I96UgBlk8EtRDDFQ9uxM1l4O5Ci6r00EMAkiDaTqD9DQ6nVrWRICnBPtzzg-- <- @types/archiver 7.0.0
+ nodelite-2--562v9k4aI80m1-VuMHehNJWLOFjBnXn3tdOitzD0il5b7smkSBal4-a3oKiQTbrwMmN-TBUMDvbdoWDehgOww-- <- @antfu/utils 0.7.10 (8.1.1 is available)
+ nodelite-2--5CMN3T0R4XTj4DcGaexo-roZSdSFW-0AOOTROrjxzCG1wrWXEsGbRKevjlIL-ZDE4sZlJr5ED4YW0yqmkK-eA-- <- normalize-package-data 2.5.0 (7.0.1 is available)
+ nodelite-2--69XMRCDoam2HgC4ldHIaDgeQf1ViHIsa0Ld4uWgiXtZ-E24DWHe-9Ib6kbNiZ7WRIdlVokUDR1Fg0kjIpkfbw-- <- @svgdotjs/svg.filter.js 3.0.9
+ nodelite-2--6w-C21Pm1A7aZitlI5Ni-2J6FFQN8i1Cvz3kHABAAbw93v-NlvKdVOqz7CCWz-3iv-JplRSEEZ83XION15ovw-- <- ansi-colors 4.1.3
+ nodelite-2--8VxcR21HhTy8nOt6jf20w0c9CADrw1O8d-VZ-YzzCt4bJ3uBjw-D1q2osAB8RnpwwaeYBxy0HyKQxD5JBMuuQ-- <- decode-uri-component 0.4.1
+ nodelite-2--Ad8-nIOV7Rl--6f1BdKxFSMgmoqEoYbHRpPcx3JEfv8VRsQe9Z4mCXeJBzxs7mbHY-XOZZuXlRNfhpVPbs6ZA-- <- @types/tough-cookie 4.0.5
+ nodelite-2--aWOz7yVScEGoKNd4PA10LZ8sk0A-z5-nXQG5giUO5rprX9jgYsTdov9qCchZiPIZezbZH-jRut8nPodFAX4Jg-- <- sax 1.4.1 (1.6.1 is available)
+ nodelite-2--bjOqmgETBYB5BoEeGVea8dmvHb2m9GLy1E9W43yeyfP6QQCZGFNa-XRceJEuDB6zqr-gKpIAmlLebMpykw-MQ-- <- p-map 4.0.0 (7.0.4 is available)
+ nodelite-2--BpdSx-yCQGnCvecbyXdxHDkuk55-G3xwnC0GqY4gmQ3j-A-g8kzzgB4Nk-SINjqn6-waqw3EgbVF2QKExkRxQ-- <- vscode-uri 3.1.0
+ nodelite-2--bRZty2mXUIFY-xU5HLvveNHlswNJej-RnxBjOMkidWfwZzgTbPG1E3K5TOxRLOR-5hX7bSofy8yf1hZevMS8A-- <- node-addon-api 8.5.0
+ nodelite-2--bT2uH4E5LGE7h-n3evcS-sQlJXCpIp6ym8OWJ5eV6-67Dsql-LaaT7qJBAt2rzfoa-5QBGBhxDix1dMt2kQKQ-- <- levn 0.4.1
+ nodelite-2--BtFN3dCP-IaFA6IYNOu-f-uK1B8xD2QWyOeCse0rjtAebBmkzgd2d1OAXi3ikAzJMIBSdzZDNZ3wZKEUDQs5w-- <- qified 0.5.1 (0.6.0 is available)
+ nodelite-2--Bx5lEn-qRF4TfQ5aLu6NH-UKtvIv7Lhc487y-c8BdludrCTpiWf9wyI0RTyqg49MFefIAvFDuEi5Dfd-zgNxQ-- <- geojson 0.5.0
+ nodelite-2--d8Q576BxRZgt03O-JZXK3C1xVJeAr4Hs35Y8SCl01KpQ0Z7xzfJWahpee7iFc5jELiwjCQg2sISTwtZZQFltA-- <- @pnpm/dedupe.types 1000.0.0
+ nodelite-2--d9sfos4yxzpwkDkuN7k2SqFKtYNmCTzgfEpz82x34IM9-zc8KGxQoXg1liNC-izpRM-MBdt44Nmx41ZWqk-FQ-- <- fast-fifo 1.3.2
+ nodelite-2--dbF1tHwZpXcbOJdVOkzLDxZP1ailvSxM6ZweXTegylPny803bFhA-vqBYw4s31NSAk4S2Qz-AKXK9a4wkdjcQ-- <- ws 7.5.10 (8.5.0 is available)
+ nodelite-2--dcAb5vMXH0f51yvMuSUqFpxUcA8JelbRmE5mW-p4CUJxrNgK24IkstnV7ENtg2IDGBOu6izKTG6eilbnbNKWQ-- <- path-name 1.0.0
+ nodelite-2--Ds4Xd5xzrtUOJ-xJQ57iAy0BZsZltOHssnDgcZ8DOhgh41q1YJCnTPnWdWSLkNGNnxYzhYChjc5dgC9mEERCA-- <- object-code 1.3.3
+ nodelite-2--E5ZH-HeRnoc-LW0AmAyhU-mNcWBzAKE-30-IDMLSLbbK-Tdt02AdkOKq9u15rlJsDEGFqtgckc8ZM59LhhiUA-- <- js-git 0.7.8
+ nodelite-2--Eaoq-QyLSiXQ4lyYV23f14mZRQcXnxfHrN0vCai-ak9G0pp9iEQukIIZq5NccEvwRB8PUnZT0KsOoDCINS1qQ-- <- p-limit 5.0.0 (7.2.0 is available)
+ nodelite-2--elOuaYx6F2H6x1-5BQP5ugv12nfJl66GhxON8-dWVUEDJ9jah-A0tayVdkLRP0AeSac0inYkDz5qBFKfVp2Gg-- <- @smithy/eventstream-serde-node 4.2.5 (4.2.8 is available)
+ nodelite-2--EUsqGPLsM-j-zdChZjsnX51g4XrHFOIXwfnCVPGlQk-k5giakcKsuxCObBRu6DSm9opw-O6slWbJdghQM4bBg-- <- negotiator 0.6.3 (1.0.0 is available)
+ nodelite-2--f6gpQuxDaqXu-1kwQYSckUglPaOrHdbIlBAu0YuW8-Cdb45XwXYNUBXg3r-9Mo6n540Kn-smKcZWko5x99KrQ-- <- croner 4.1.97 (9.1.0 is available)
+ nodelite-2--Fj43pSMwJs4KRrH-938Uf-uAELIgVBmQzg-q1YG10djyfA3TnrU8N8XzqCh-okZdszqBQTZf96idMfE5lnwTA-- <- @sinclair/typebox 0.27.8 (0.34.52 is available)
+ nodelite-2--G0LLgjjo9BZX2MfdvPfH-MKLCrxlXSYec5DaPYP1fe6Iyhf0-fSmJ0bFiZ1F8BT6cGXl2LpltQptzjXKWEkKA-- <- tdigest 0.1.2
+ nodelite-2--GbIKmo8ioc-NIWIhwdecY0ge-qVBSMdgxGygevmdHj24bsfgtCmcUUcQ5ZzcylGFHsN3k4HB4Cgkl96KVnuew-- <- socket.io-parser 4.2.4 (4.2.7 is available)
+ nodelite-2--GDnfQYsltsjRswQhN9fhv3EMw2sCpUdrdxyWDOUK7eyD--r3gRhzgiQgc-x4MAv2i1iuQ4lxO5mvqM3vj4bwA-- <- js-md4 0.3.2
+ nodelite-2--gDYp-UtU0eA1ys8bOs9J6a-E-KWIY-DZ-Q2WESNUA0jFRsJOc0SNUO6xJ5SGA1xueg3NL65W6s-NY5l9cunuw-- <- buffer 5.6.0 (6.0.3 is available)
+ nodelite-2--gZffu4ykarLrCiP3Ygsa86UAo1E5vEVlvTrpkKywXSbP9Xhln3oSp9QSV57gEq3JFFpGJ4GZ-5zdEp3FcUh4w-- <- fuzzy 0.1.3
+ nodelite-2--h1lkLKhZMTYjog1VEpJNG7NZJWcuc2DDk-qsqSTRRCOXiLjeQ1d1-udrUGhqMxUgAlwKNZ0cf2uqan5GLuS2A-- <- env-paths 2.2.1 (3.0.0 is available)
+ nodelite-2--imKNG4EbWNrVjoNC-1H5-9GFy-tqjGBHCaSsN-P2RnPqjsLmv6UD3Ej-Kj8nBWaRAwyk7kK5ZUc-OEatnTR3A-- <- jiti 1.21.7 (2.7.0 is available)
+ nodelite-2--iWb8qaHLYKrNvGRbiYRHSdKRWhto5XlZUEBwDjYNf-ly5SVYG6zEoYIdxvf5R3zyeP16w4PLBn3rH1xc74Rag-- <- @aws-crypto/crc32c 5.2.0
+ nodelite-2--IXtbwEk5HTPyEwyKX6hGkYXxM9nbj64B-ilVJnC-R6B0pH5G4V3b0pVbL7DBj4tkhBAppbQUlf6F6Xl9LHu1g-- <- math-intrinsics 1.1.0
+ nodelite-2--IxzY9BZOQd-XuYPRmrvEVjF-nqj5kgT4kEq7VofrDoM1MxoRjEWkrCC3EtLi59TVawxTAn-orJwFQcrqEN1-g-- <- chownr 3.0.0
+ nodelite-2--jHxFIzoMXdqPzTaCpFzAAWhpkSjZPF4Vsn6jAfNpmbH-ymsmd7Qc6VE9BGn0L6YMj6uwpQLxCECpus4ukKS9Q-- <- outdent 0.5.0 (0.8.0 is available)
+ nodelite-2--Jm5M4RvtBFVkKWRu2BLUTNP8-M2a-UwuAX-ae4770q1qVGtfjG-WTCupoZixokjmHiry8uI-dlY8KXYV5HVVQ-- <- pkg-types 1.3.1 (2.3.0 is available)
+ nodelite-2--KAgmVeqXYbTtU2FScx1XS3kNyfZ5TrXY07V96QnUSFqo2gAqlvmaxH67Lj7SWazqsMabf-58ctdTcBgnOLUOQ-- <- pino-abstract-transport 0.5.0 (2.0.0 is available)
+ nodelite-2--KCsg3xSlR-nCK8-8ZYSknYxvXHwubJrU82F3Lm1Fp6789VQ0-3RJKfsmRXjqfaTA--23CvC3hqmqe-2GEt6Kw-- <- @redis/client 1.6.1 (5.10.0 is available)
+ nodelite-2--ko6cba-H6gdZ0DOw7BbNMZtfuJTRp9g-IrGIuz8lYc-EfnmWRpaR3CFPnNbVz0LDvF8Gf1hFGPqrQqq7De0rg-- <- markdown-it-attrs 4.3.1
+ nodelite-2--l6rNN5fYHNhZZy41RXsYptCjA2Igmq4EG7kZAYFQI1E1VTXarr6ZPXBg6eq7Y6eK4FEhY6AJlyuFIb-v-S0VQ-- <- string-length 4.0.2 (5.0.1 is available)
+ nodelite-2--Lhy3TQTuzXI5hevh8sBGqbmurHbbIjAi0Z4S63nthVLmLxfbj4T54a4CfZrXIrt9iP4mVAPYMo-v99taj3wjQ-- <- object.groupby 1.0.3
+ nodelite-2--LLMVyas0ljjAtoYiPqYiL8VWXzUUdThrmU5-n20DZv-a-ClRoevUzw5JxU-Ieh5-c87ytoTBV9G1FiKfNJdmg-- <- react-is 18.3.1 (19.1.0 is available)
+ nodelite-2--LpyBk7L44ZIXwz-VYfglaX-okxezESc6UxDSoyo2Ks6Jxc4Y7sGjpgU9s4PMgqgjj1gZCylTieNamqA1MF7Dg-- <- @img/sharp-libvips-linuxmusl-x64 1.2.4
+ nodelite-2--lzGpEWL-8PfI0BmBOPRwp0c-wFNX1RdUML3jK-RcSBA9T8mZDdQpqYBKtCFTOfQbwPqWEOpjqW-Fnayc0969g-- <- cli-boxes 3.0.0
+ nodelite-2--MaE752hU0wfPFJEUAIxqw18-20euHHdxVtMvbFcOEpjEyfqXH-5DCoTHiVJ0J29EhTJdoTkjEv5YBKU9dnoTw-- <- @vitejs/plugin-vue 6.0.1 (6.0.3 is available)
+ nodelite-2--mrRod8xqpA-IHSLyGCQ2s8SPHiCDEeQJSep1jqLYeEUClOFG2Qsh-4FU6G9VeqpZnGW-Su8LQGc4YKni5rYSQ-- <- through2 2.0.5 (4.0.2 is available)
+ nodelite-2--mWx5136gts2Z2e5izdoRCo46lPp5TMs9R15GTSsgg-XnZyxDWVqoVU3R9lWnccKpqwsJLvRoxbCjoJtZB7DSw-- <- @types/inquirer 9.0.9
+ nodelite-2--n8QJM4Os3HLRMSuQWwAocsMExENSQwWTgRi8m3JVEOWQ-4gud14igBcnYvSGQTbiyZbuizxEmwf0w3ITn67gg-- <- p-map-values 1.0.0
+ nodelite-2--Nf7TyzTx6S3yRJObOAV7956r8cr2-Oj8AC5dt8wSP3BQAoeX58NoHyCU8P8zGkNXStjTSi6fzO6F0pBdcYbEg-- <- bytes 3.1.2
+ nodelite-2--NYs2QeMWy-GWFOEm9xnn6HCDp0l7QBD7ml8zLUmJ-93Q5NF0NocErnwkTkXVFNiX3-fpC6afS8Dhb-gz7R7eg-- <- uuid 8.3.2 (9.0.1 is available)
+ nodelite-2--O9Jct8wf--lXxxFc4hc8LsjaSq0HFzzL7cVsw8pRDIPdjKD2mT4ytDZlLuSBZ4cLKZFXIrMGO7DbQCtMJJMKw-- <- ansi-regex 3.0.1 (6.3.0 is available)
+ nodelite-2--obSblOQmRhcyBt62furQqRAQpNyWXo8BuQ5bN7dG8wmwQ-vwHKp-rCFD4CrTP8CsDQD1sjoZ94K417XEUk8IQ-- <- meow 9.0.0
+ nodelite-2--ok-VhKMasgR5gvTRViwRFQfc0qYt9Vdowg6TO4-pFlDCob5ZjGPkwuOoQVCd5OrMm20zqh-1vA8KLJZTeWudg-- <- ip-matching 2.1.2
+ nodelite-2--oL-a1no20hJvfEX4y4NSPufULLSLvSS9m-rG3qmVCXZ9q8izOKUaHVnPgfRSFC4LoN1N-lewBmp5MTKALoy0A-- <- @pnpm/fetcher-base 1001.0.2
+ nodelite-2--Pgi-vMuUNkJyExiMBt5IlFoMyKnr5zhJ4Uspz58WOhBF5QoIZkFyNHIbBAtHwzVAgk5RtndVNsDRN61-mmDqg-- <- is-plain-obj 4.1.0
+ nodelite-2--pjZsA1b4RPHbeWZQn66SWS8nZZWLQQ23oE3Eam7aroEFGEvwKAsJfZ9ytiEMycfzXWpca4FA9QIOehf7PocBQ-- <- earcut 2.2.4
+ nodelite-2--PT1P6DNf7vjEEiPkVIRJkvibbqWtqnyGaBz3nfRdcxclNSnSdaLU5tfAgcD7I8Yt5i-L19s406YLl1koLnLbg-- <- @mapbox/mapbox-gl-supported 1.5.0
+ nodelite-2--pyBZWSLD2n0dcHE3hq8s8ZvcETHtEuF-3E7XVt0Ig2nvsVQXdghHVcEkIWjy9A0wKfTn97a-PSDYohKIlnP-w-- <- @types/mime 1.3.5 (3.0.4 is available)
+ nodelite-2--QBBXBCvifc56fsbuxZQ6Sic3wqqc3WWaqxs58gvJrcOuN83HGTCwz3oS5phzU9LthRNE9VrJCFCLUgHeeFnfA-- <- unicorn-magic 0.3.0
+ nodelite-2--qke5vJScv8Mu7a-fU3RSChBRijE6EVuFHU3RYihMuYm04Vw8dBMIs0enEpoq0ke-IjSbleIrGQNZIMRX9EwZQ-- <- @turf/projection 7.2.0
+ nodelite-2--QU2zd6OTD8XWIJCbffaiQeH9U73qIqafo1x6V1snCWYGJf6cVE0cDR4D8xRzcEnfI21IFrUPzPGtcPf8AC-Rw-- <- write-file-atomic 5.0.1 (6.0.0 is available)
+ nodelite-2--sKlQJCBYVY9Ers9hqzKou4H6V5UWc-M59TH2dvkt-84itfnq7uFOMLpOiOS4ujvHP4etln18fmIxA5R5fll0g-- <- mdurl 1.0.1 (2.1.0 is available)
+ nodelite-2--sM3dO2FOzXjKQhJuo0Q173wf2KOo8t4I8vHy6lF9poUp7bKT0-NHE8fPX23PwfhnykfqnC2xRxOnVw5XuGIaA-- <- jsesc 3.1.0
+ nodelite-2--Srv4dswyQNBfohGpz9o6Yb3Gz3SrUDqBH5rTuhGR7ahtlbYKnVxw2bCFMRljaA7EXHaXZ8wsHdodFvbkhKmqg-- <- concat-map 0.0.1
+ nodelite-2--t88Ty3d5JWQbWYgaOGCCYfXRwV1-be02WqYYlL6h0lEiUAMPM8o8qKGO01YIkOHzka2up08wvgYD0mDiI-q3Q-- <- finalhandler 2.1.0 (2.1.1 is available)
+ nodelite-2--Tb-JcjK111nNScGob5MNtsntNM1aCNUDipB-TkwZFhyDrrE47SOx-18wF2bbjgc3ZzCSKW1T5nt5EbFoAz-Vg-- <- cssesc 3.0.0
+ nodelite-2--tXv-IfentaS3F0VplScdl-pwP7biW4RBnOxCTtoWlpNiulFBQWqA8rA7r-knavu9SELsFcNVtdGo6YNIElMdw-- <- @types/wellknown 0.5.8
+ nodelite-2--udSj47aRl5aKb0memBvcUG9koarqnxNM5yjuREvqwK6T3ap4mn3Zqqc17QrBFTqSMjr3HK1cvStEZpMDpfdyw-- <- @vue/devtools-shared 7.7.7 (8.0.5 is available)
+ nodelite-2--vBvz5Jfr9dT-aFWd0FIRf-T-Q2WBsLENygUaFUqstqsycmZAP-t5BvFJTK0viFmSUxiUKTUplWy5vt-rvKIxg-- <- npmlog 6.0.2 (7.0.1 is available)
+ nodelite-2--veY75JbMK4j1yjvuUxuVsiS-hr-4iHs9FTT6cgTexxdE0Ly-glccBAkloH-DofkjRbZU3bnoj38mOmhkZ0lHw-- <- escape-string-regexp 5.0.0
+ nodelite-2--vlFKAoH5Cgt3Ie-JLhRbwOsCQePABiU3tJ1egGvyQ-33R-vcwM2Zl2QR-LzjsBeItPt3oSVXapn-m4nQDvpzw-- <- lilconfig 3.1.3
+ nodelite-2--VNHWYhNu-BS7ktbYoVGrCmsXDh-chFMaONMwGNdIBcFHrWqk2jY8fNyr3DLdtQUIalvkPfM554ZSFa3dm3nxQ-- <- @svgdotjs/svg.js 3.2.5
+ nodelite-2--VUy01yfDqNmIVMd-LLKl2TTtY0ovZN0rTonh-FhKr65mFwIYgU9WzgIZKS7U9-SPCQvWTsTGx9jyt-qRm-XFw-- <- sass-embedded 1.93.3 (1.97.3 is available)
+ nodelite-2--vxpCXddiX8NGfGO-mTafwjq4aFa-71pvamip0--IQk3zG8cbCj0fifNPrjjF1XMXUne91jL9OoxmdykoEtifQ-- <- rechoir 0.8.0
+ nodelite-2--W-5efTR7y5HRD7gACw9yQjqMVvEMLBHmboM-kPWam-H-Hmyrgjh6YncVKK122YZkXrLudzTuAukUw9FnMf7IQ-- <- cli-table3 0.6.5
+ nodelite-2--W6cISkXFa1jXsDEdYA8HeevQT-FULhxzR99pxphltZcVaugps53THCeiWA8SguxxpSp3gKPiuYfSWopkLQ4hw-- <- @babel/helper-globals 7.28.0 (8.0.0 is available)
+ nodelite-2--WKqsK294HMSc2jEbNgpHpd0JfIBhp7rEV4aqXWqFr6AlXov-SlcgB1Fv01y2kGe3Gc8nMW7VA0SrGuSkRfIEg-- <- lodash.startcase 4.4.0
+ nodelite-2--xGlezI6xfGO9NwuJlnwz-K14qD1kCSAGtacBHnGzeAIuJGazcp45KP5NuyARXoKb7cwulAGWVsbeSxdG-cb0Q-- <- @npmcli/fs 4.0.0 (5.0.0 is available)
+ nodelite-2--ys997U96po4Kx-ABpBCqhA9EuxJaQWDQg7295H4hBphv3IZg0boBKuwYpt4YXp6MZ5AmZQnU-tyMTlRpaSejg-- <- call-bound 1.0.4
+ nodelite-2--zopwDy7DNknmwPQplem5lAZX-eCOzSvSNNcSKm5eVwTkOBzoktEfXsa9L23J-GIRhxRsaxzkPEhrJEpE2F4Gg-- <- make-fetch-happen 9.1.0
+ nodelite-2--zUx-yOsIrG4Y43Eh2peDeKCxlRt-gET6aHfaKpuq267qXdYDFViVHfMaLyygZOnl0kGWxFIgsBy8QFuTLUXEQ-- <- @humanfs/node 0.16.7 (0.16.8 is available)
+ nodelite-2-0-A9rDy9P7cJ-8w1c9WD9V--9Wj15Ce2MPz8Ri6032usz-NfePxx5AcN3bN-r6ZL6jEo066-yNYB3tn4pQEx-A-- <- uuid 11.1.0
+ nodelite-2-0-DUvqWMValLmha6lr4kD8iAMK1HzV0-aKnCtWb9v9641TnP-MFb7Pc2bxoxQjTXAErryXVgUOfv2YqNllqGeg-- <- tinybench 2.9.0 (5.1.0 is available)
+ nodelite-2-00o4I-DVrefhv-nX0ulyi3biSHCPDe-yLv5o-p6d-UVlirijB8E16FtfwSAi4g3tcqrQ4lRAqQSoFEZJehYEcw-- <- reflect.getprototypeof 1.0.10
+ nodelite-2-02qvAaxv8tp7fBa-mw1ga98OGm-eCbqzJOKoRt70sLmfEEi-jyBYVTDGfCL-k06-4EMk-z01gCe7HoCH-f2LTg-- <- body-parser 2.2.0 (2.2.2 is available)
+ nodelite-2-031WCTdPYgiQRYNPXznHXof2YM0GwL6SeaSyTH-P72M1Vz73TvCNH2Nq8Iu2IEPq9QP2yx0-nrw5YmSeAi-AjQ-- <- @smithy/querystring-parser 4.2.5 (4.2.8 is available)
+ nodelite-2-03d2l21gAyzGVr9SR6rS5pvCTnZ4HaNdi8jB2Y-UGvszzrNbA-AJVObVw6SulNQ1Eah3SHB9wCezJwtP-jYIcA-- <- @pnpm/config.nerf-dart 1.0.1
+ nodelite-2-0a1F4l73-ZFZOakJnQ3FvkJ2-gSTQWz-r2KE5OdDY0TxPm5h4GkqkWWfM47T7HsbnOtcJVEF4epCVy6u7Q3K-g-- <- resolve-alpn 1.2.1
+ nodelite-2-0AioNCJZ2DPYz5ABT6bddIqlhgwhpHZ-l65YAYo0BCIn0xiDpsnTHz0gnoTGk0OXZW0JRs-cDwL8u-teRdz-8A-- <- postcss-safe-parser 7.0.1
+ nodelite-2-0dAYkerNhhHutHZ34JtTl2czVQHUNWv6xEbkdF5W-Yrv5pCWsqjeORdOgbtW2I9gWlt-wBmVn-ttqN9ZxR5tzA-- <- @vue/babel-helper-vue-transform-on 1.5.0
+ nodelite-2-0eJJY6hXLGf1udHwfNftBqH-g73EU4B504nZeKpz1sYRKafAghwxEJunB2O7rDZkL4PGfsMVnTXZ2EjibbqcsA-- <- on-exit-leak-free 2.1.2
+ nodelite-2-0eW44TGN5SQXU1mWSkKwFstI-22X2bG1nYzZTYMAWjylYURhse752YgbE4Cx46AC-bAvI--dYTPRk1LqSUnu6w-- <- css-tree 3.1.0 (3.2.1 is available)
+ nodelite-2-0gSFWUPNXNopqtIPQvlD5WgXYI5GY2kP2cCvoT8kczjbfcfuIljTbcWrulD1CIPIX2gt1wghbDy08yE1p--r3w-- <- @babel/helper-module-imports 7.27.1 (8.0.0-beta.0 is available)
+ nodelite-2-0hJU9SCPvmMzIBdZFqNPXWa6dqh7WdH0cII9y-CyS8rG3nL48Bclra9HmKhVVUHyPWNH5Y7xDwAB7bfgSjkUMQ-- <- hasown 2.0.2 (2.0.4 is available)
+ nodelite-2-0Ia46fDOaT7k4og1PDW4YbodWWr3scS2vAr2lTbsplOt2WkKp0vQbkI9wKis-T5LV-dqPjO3bpS-z6GTJB82LA-- <- globby 14.1.0
+ nodelite-2-0jWhJpD-MdhPXwPuiRkCbfYfSKp2qnn2eOc279qI7f-osl-l-prKSrvhg157zSYvx-1nmgn2NqdT6k2Z7zSH9w-- <- minimatch 9.0.1 (9.0.9 is available)
+ nodelite-2-0KI-607xoxSToH7GjN1FfSbLoU0-btTicjsQSWQlh-hZykN8KpmMf7uYwPW3R-akZ6R-w18ZlXSHBYXiYUPO3g-- <- ipaddr.js 1.9.1 (2.2.0 is available)
+ nodelite-2-0KpjqXRVvrYyCsX1swR-XTK0va6VQkQM6MNo7PqW77ByjAhoARA8EfrP1N4-KlKj8YS0ZUCtRT-YUuhyYDujIQ-- <- lodash.merge 4.6.2
+ nodelite-2-0LrrStPOdJj-SPCCrGhzryycLjwcgUSHBtxNA8aIDxf0GLsRh1cKYhB00Gd1lDOS4yGH69-SNn13-TWbVHETFQ-- <- csso 5.0.5
+ nodelite-2-0NgftHUcV4v34VhXm8QBSftKVXtbkBG3ViCjs6-eJ5a6y6Mi-jiFGPc1sC7QK-9BFhWrURE3EOggmWaSxL9OzQ-- <- @types/lodash-es 4.17.12
+ nodelite-2-0pfFzegeDWJHJIAmTLRP2DwHjdF5s7jo9tuztdQxAhINCdvS-3nGINqPd00AphqJR-0LhANUS6--7SCb98YOfA-- <- y18n 5.0.8
+ nodelite-2-0Pm9hTQ3se5ll1XihRic3FDIku70C-iHUdT-W926rSgHV5QgXsYbKZN8MSC3tJtSkhuROzvsQjAaFENRXr-19A-- <- util 0.10.4 (0.12.5 is available)
+ nodelite-2-0sglIs9Wmkzbr8lQwEyIzlDOOC9bGmfVKcJTaxv3vMmd3uo4o4DerC3En0bnmgceeql9BfC8hRkp7cg0fjdVqw-- <- postcss-resolve-nested-selector 0.1.6
+ nodelite-2-0TpaTfihd4QMNwrz-ob2Bp7X04yuxJkjRGi4aKmOqwhov54i6u79oCv7T-C7lo70MKH6BesI3vscD1yb-yzKXQ-- <- jose 6.1.3
+ nodelite-2-0V9ckHWd-HSC8BgAbZSoq8KXUG81X97nSkAxmhKDhmF8vanyaoc1YXwc2KVkbWz82Rg4gjd2n9qiT3i7bdvGrQ-- <- @pm2/agent 2.1.1
+ nodelite-2-0vOQd9eLNBL18EGl5yYaO44GhixmImes2wiYn9Z3sag3QnehWrYWlB9AFtMxCL2Bj3fyxgDYkxGFEU-chlYssw-- <- json-refs 3.0.15
+ nodelite-2-0Wd-GPz1O134cP62YU2GTOPNA7Qgl09XwCqM5zpBv87ERCXdfDtyKXvV7c9U22yWJh44QZqBocFnXN11K96qow-- <- libqp 2.1.1
+ nodelite-2-0wJxfxH1wgO3GrbuP-dTTk7op-6L41QCXbGINEmD-ny-G-eCqGzxyCsh7159S-mgDDcoarnBw6PC1PS5-wUGgw-- <- lodash.isstring 4.0.1
+ nodelite-2-0YIpccoX8m-k00O7mDDMdJpbr6mf1yWo2dfmxt5A8XVZVVMz2SSKaEbMCeJRvgQ0IaSlqhjT47p4hVIRRy90xw-- <- @azure/core-lro 2.7.2
+ nodelite-2-0Yzb96QzHmqIKIs-x2q-sqG750V-EF6yDkS2p1WjJc1W2bgRSuQjf5vB9HY8h2nVb5j4pO5paS5Npcv3s69YUg-- <- vite-node 0.34.7 (3.2.4 is available)
+ nodelite-2-0Zt-s3L7Vf1biwWZ29aARiVYLx7iMGnEUl9x33fbB-j3jR81u-O2LbqK-Bm1CDSNDKVtJ-YjwY7TUd5SkeLQLw-- <- file-uri-to-path 1.0.0 (2.0.0 is available)
+ nodelite-2-0zWykKAaJdm--Y7yi-Yds20PrUK7XabLe9c3IRcjnwYmSWY6z0Cr19VIs3ozCj8P-GhR--TI2mwtGlueCEYouA-- <- @unhead/schema 1.11.20
+ nodelite-2-1-Ic8-MyqQy-OE6QDoQKVCIcSZO-ETmLLLpVS5yu0fihBU85B5HHU7iaKX1qX7lEaGPMpSN-mbHW0VpyQ0Xqaw-- <- @aws-sdk/signature-v4-multi-region 3.928.0 (3.972.0 is available)
+ nodelite-2-10monEYsBp3scM4-ND4LNH5Rxvh3e-cVeL3jWTgZ2SrQ-BmUoQcopVQvnaMcOnykb1VkxUFuDAN-0FnpTFRy2A-- <- @rollup/plugin-virtual 3.0.2
+ nodelite-2-137ypx2lk-wTQbW6An6safu9hXmajAifU-s7szAHLN-FeIm5w7yR0Wkl9fdJMRSHwOn4HLAI0DaB2TOORuhPDg-- <- @types/supertest 6.0.2 (6.0.3 is available)
+ nodelite-2-19eKVv9tugr03IgfXlA9UVUVRbW6IuqRO5B92Dl4a6pT7K8uaGrNS0GkxiZD0BOk6PLuXl5FhWl--eX-pzYdTQ-- <- @types/readable-stream 4.0.21
+ nodelite-2-1A94B18jkJ3DYq284ohPxoXbfTA5HsQ7-Mf4DEhcyLx3Bz27Rh59iScbB6EPiP-B-joue6YCxcMXSbFC1tZKwA-- <- async-mutex 0.5.0
+ nodelite-2-1AFRvuiGphfF7yWixZa0KwjYH8ulyjDCC0aFgrGRz8-P4kvDFSdXLVfTk5xAN9wEuD1J6z4-myMoYbnHoX07zg-- <- @vueuse/metadata 13.9.0 (14.2.0 is available)
+ nodelite-2-1BC0BVFhS-p0qtw6enp8e-8OD0UrK0oFLztSjNzhcKA3WDuJxxAPXzPuPtKkjEY9UUoEWlX-8fgKeu2S8i9JTA-- <- is-callable 1.2.7
+ nodelite-2-1bCSESV6Pv-i21Hvpxp3Dx-pSD8lIPt8uVjRrxAUt-nbswYc-tK6Y2btiULjd4-fnq15PX-nqQDC7Oft7WkwcA-- <- semver 7.5.4 (7.8.5 is available)
+ nodelite-2-1ca71Zgiu6ORjHqFBDpnSMTR2ReToX4l1Au1VFLyVeBTFavzQnv5JxMFr3ukHVKpSrSA2MCk0lNJSykjUfz7Zg-- <- qrcode 1.5.4
+ nodelite-2-1cDNdwJ2Jaohmb3sg4OmKaMBwuC48sYni5HUw2DvsC8LjGTLK9h-eb1X6RyuOHe4hT0ULCW68iomhjUoKUqlPQ-- <- has-symbols 1.1.0
+ nodelite-2-1FlR-gjXK7X-AsAHso35MnyN5KqGwJRi-31ft6x0M194ht7S-rWAvd7PHss9xSKMzE0asv1pyIHaJYq-BbacAQ-- <- onetime 6.0.0 (7.0.0 is available)
+ nodelite-2-1gn1Up5YXka3YYAHGKpbideQ5Yjf1tDa9qYcgysz-cNCXukyLl6DjPXhD3VRwSb8c0J9tA4b2-rHEZtc6R0tlw-- <- @babel/helper-plugin-utils 7.27.1 (8.0.1 is available)
+ nodelite-2-1HpwmlCKrAOP3jPxFisPR0sYpPuiNtyYKJbmKu9iugIdvCte3DH1uJ1p1DBxUWkxW2pjvkUguJoK9aduK8ak3Q-- <- unrun 0.2.1 (0.2.26 is available)
+ nodelite-2-1m0bIFVc7eJWyve9S0RnuRgcQqF-Xd5QsUZAZeQFr1Q3-p9JWoQQEqmVy-DPTNpGXwhgIetAoYF8JSc33q29QA-- <- @types/http-cache-semantics 4.0.4 (4.2.0 is available)
+ nodelite-2-1MOrBkGgkUXS-sOKz-DBh4U20DNoITlJwpmvSInxEUNhghSNb56S0RnaHRq0iHkhrO-cDgz2zvfdlRpoPLGI3w-- <- @unhead/shared 1.11.20
+ nodelite-2-1NB-BKqhtNipMsov4xI-NnhCKp9XG9NamYp5PVm9klAT0fsrNPjaFICsCFhNhwZJKNh7zB-3q8qXz0E9oaMNtQ-- <- confbox 0.2.2
+ nodelite-2-1NNCs6uurfkVbeXG4S8JFT9t19m45ICnif8zWLd5oPSZ50QnwMfK-H3jv408d4jw-7Bttv5axS5IiHoLaVNHeQ-- <- postcss-value-parser 4.2.0
+ nodelite-2-1pC6N8qWJbWoPtEjgcL2xyhQOP491EQjeUo3qTKcmV8YSDDJrOepfG8pcC7h-QgnQHYSv0mJ3Z-ZWxmatVrysg-- <- is-finalizationregistry 1.1.1
+ nodelite-2-1POYv7uv2gXoyGFpBCmpDVSNV74IfsWlDW216UPjbWufNf-bSU6GdbDsxdcxtfwb4xlI3yxzOTKClUosxARYrQ-- <- speakingurl 14.0.1
+ nodelite-2-1Qed0-Hr2m-YqxnM09CjA2d-i6YZNfF6R2oRAOj36eUdS6qIV-huPJNSEpKbupewFs-ZsJlxsjjPbc0-afW6Lw-- <- is-map 2.0.3
+ nodelite-2-1QHGAvs53gXkWdd3ZMGYuvQFXHW4ksKWPG8HP8-2BscrbZ0brw183q2oNWjMrSWImYLHxHrx1ItBQr50I-q2zw-- <- @vue/compiler-dom 3.5.24 (3.5.27 is available)
+ nodelite-2-1qny3OExCf0UvUV-5wpYKf2YwPcOqXzkwKKSmKHiE6ZMQs5heeE-c8eXK-PNllPvmjgAbfnsbpkGZWy8cBpn9w-- <- redis-errors 1.2.0
+ nodelite-2-1rYdTpyv03iycF1-BhzrzQJCdOuAOtaqHTWJZCWvijKD2N5Xu0TtVC8--1faWqcP9iBCWOmjmhoH94dH82BxPQ-- <- @esbuild/linux-x64 0.21.5 (0.28.2 is available)
+ nodelite-2-1s7FvDqmOEIeFGLUj-VO8sF5lGFxeE-1WALrBpfZhDnMXY-x8FbmuygTTE5joWifebcZ8Ww8Kw2CgBoStsIevQ-- <- @pnpm/types 1000.7.0 (1000.9.0 is available)
+ nodelite-2-1SUf-Cg2GzGDyaf15aR9St9TWlb-XvbZXWpDx8YKs7MLzMH-BCeopv-y9vzrzgkfykCGuWOlSu3mZhj2-FQcrg-- <- @npmcli/move-file 1.1.2 (2.0.1 is available)
+ nodelite-2-1tB5mhVo7U-ETBKNf92xT4hrQa3pm0MZ0PQvuDnWgAAGHDsfp4lPSpiS6psrSiet87wyGPh9ft6wmhOMQ0hDiw-- <- strip-json-comments 5.0.3
+ nodelite-2-1TJmBx6aSWqZ4tx7aTpBDXK0-e2hhcNSTV8-CbFJtDjbb-I1mZ8lHit0Grw9GRT-6JbIrrDd8esncgBi8aBXGA-- <- stream-chain 2.2.5
+ nodelite-2-1ugUSr8BHXRnK23KfuYS-gVMC3LB8QGH9W1iGtDPsNWoQbgtXSExkBu2aDR4epiGWZOjZsj6lDl-N-AqqTC3UA-- <- balanced-match 2.0.0 (4.0.4 is available)
+ nodelite-2-1VKTZJCwBrvbd-Wn3AOgQP-2Av-TfTCOlE4AcRJE72W1ksZXbAx8PPBR9RzgTeSPzlPMHrbANMH3LbltH73wxQ-- <- get-tsconfig 4.13.0
+ nodelite-2-1vUQX-IdDMVPj4k8kOxgUqlcK518yluMuGZwqlr44FS1ppZB-5GWh4rZG89erpOBOJjU-OBsnCVFfapsRz6nEA-- <- jose 4.15.9 (6.1.3 is available)
+ nodelite-2-1W07cM9gS6DcLperZfFSj-bWLtaPGSOHWhPiGzXmvVJbRLdG82sH-Kn8EtW1VqWVA54AKf2h5k5BbnIbwF3h6w-- <- bl 4.1.0 (6.1.4 is available)
+ nodelite-2-1XMJE5fQo1jGH6Y-7ebnwPOBEkIEnT4QF32d5R1-VXdXveM0IBMJt8zfaxX1P3QhVwrYe-576-jkANtSS2mBbw-- <- stackback 0.0.2
+ nodelite-2-1y5w0Zsq39MSPmEjHjbizvhYoTaulVtivpxkp5q5kaPmQtsK6-2nvAzGRxNMS9DoYySp9PkW0MAQDwU1m764mg-- <- electron-to-chromium 1.5.239
+ nodelite-2-1YBOJfRHV4sXUmWsFSf5rQor4Ss82G8dQWLRbnk3GA4jeP8hQt1hxXh0tmflpC0dz3VgEv-1-qwPyLeWkQuPFA-- <- @tanstack/virtual-core 3.13.12 (3.13.13 is available)
+ nodelite-2-2-1thGUUWWjLTYTHZWK1n8Yga0ijBz1XAhUXcKy81rd5g6yh7hGqMp45v7cadSbEHc9G3OTv45SyneRN3ps4DQ-- <- @babel/helper-compilation-targets 7.27.2 (8.0.0-beta.0 is available)
+ nodelite-2-2-G6OLPRoLn9Iyxe9HCc-YQNclNub8XfQ9zxyLe0rvRLMThxS-kpBP5TzD9sYoDgYnKVbUT-DcBwxYmY1bM6Yg-- <- @pnpm/pick-registry-for-package 1000.0.11
+ nodelite-2-2-kNscPhpcxrOigMZzbiWF7dz8ilhb-nIHU3EyZiXWXpeq-au8qJ8VhdftMkty3n7Gj6HIGalQG8oiBNB3AJgA-- <- cacheable-lookup 5.0.4 (7.0.0 is available)
+ nodelite-2-22-8qn-LYonzibb1VeFZmISdVao5kC22jmEKm24vfFE8siEn47EpVcCLYMv6iKOYMJfjSvSJfueOwcFCkUnV3A-- <- vite-plugin-inspect 0.8.9 (11.0.0 is available)
+ nodelite-2-22mG-Mq4u2r7gr2-XY5j4GlN7J4Mg4WiCfT9flvsUc1uZecShocv6WkyoA20qs14M64f6I-aaWB6b6xsDiITlg-- <- @pnpm/error 1000.0.4
+ nodelite-2-23BXm82Mp5XnRhrcd4mrHa0xuUNRp96ivu3nRatrfdAqjoeWAGyD0eEAafxAOHAEWWmdlyFK4ELFcdziXyw2sA-- <- @azure/msal-node 3.8.0
+ nodelite-2-263-0NGrn32YFYi4J533qzrQ-krmmrWwhKkzwTuM4f-07ug51odoaNjUexxO4vxlzURHcmYMH1QjvHjsNDKLVg-- <- npm-packlist 5.1.3 (8.0.2 is available)
+ nodelite-2-28HqgMZAmih1Czt9ny7qr6ek2qddF4FclbMzwhCREB6OFfH-rXAnuNCwo1-wFvrtbgsQDb4kSbX9de9lFbrXnA-- <- express 4.21.2 (5.2.1 is available)
+ nodelite-2-2Ac2RgzDe-cn48GvOe3M-o82pEFewD3UPbyoUHHdKasHwJKjds4fLXWf-Ux5kATBKN20oaFGu-jbElp1pos0mg-- <- tsconfig-paths 3.15.0 (4.2.0 is available)
+ nodelite-2-2AT6j-gXe-1ueqbW6fLZJiIw3F8iXGJtt0yDrZaBhAZEG1raiTxKWU-IPqMCzQAXOUCKdA4UDMgacKH25XG2Cw-- <- is-subdir 1.2.0
+ nodelite-2-2BCOP7TN8M-gVDj7-ht3hsaO-B-n5oDbiAyyvnRlNOs-u1o-JWNYTQrmpuNp1-Wq2gcFrI01JAW-paEKDMx-CA-- <- @babel/core 7.28.4 (8.0.1 is available)
+ nodelite-2-2bmlRpNKBxT-CRmPOlyISQpNj-qSeYvcym-uT0Jx2bMOlKLtSy1ZmLuVxSEKKyor-N5yhvp-ZiG1oE3DEYMSFA-- <- err-code 2.0.3 (3.0.1 is available)
+ nodelite-2-2e-nZezdVlyCopOCYHeW0onkbZg7xP1Ad6pndPy1rCygeRykefUS6r7oA5cJRGEFvseiaz5a-qUHFVX1dd6Isg-- <- git-sha1 0.1.2
+ nodelite-2-2hf0s4pVrVEH8RvdJJ7YRKjQdiG8m0iAT26TTqXnCbK30kKwJW69VLmP5tED5zstmDRXcOeH5eRcrpkdwczQ9g-- <- @pnpm/constants 1001.3.1
+ nodelite-2-2hIL01Osd6FWsQVhVGqJ7drNikmTaUg2A-VBR98-LuhQ1jV1Xlh43BQH4gJiNaOzfHJTasD0pw5YviIfdVVY4g-- <- run-groups 3.0.1
+ nodelite-2-2i1V38o08V-eaR0d3L0-EA6AYG14xyQBJbyYv0Hz3r4sH3Elj1FoJiwolbCfTDmkOnSgwWTc7-JoCqkLIbxfhA-- <- @histoire/app 0.17.17
+ nodelite-2-2JAn3z8AR6rjK8Sm8orRC0h-bcl-DqL7tRPdGZ4I1CjdF-EaMLmYxBHyXuKL849eucPFhvBoxMsflfOb8kxaeQ-- <- webidl-conversions 3.0.1 (8.0.1 is available)
+ nodelite-2-2jIPT4Tzs8K87tvgCpSukRQ2jjd-hH6Bb8rEEOUDmmhOeTcqDg5fEFK8uKIu-Pvc3--sm3Uu6FRqfyv7YF7-BQ-- <- postcss-merge-rules 7.0.6
+ nodelite-2-2JXjom6R7ZwrISpUphLhf4htUq1aKRCennTJ6u9kFfr3sLmC9-I4CxxVi-McoFnIg-p1HnVrfLT-iCt4Dlz--Q-- <- alien-signals 3.0.3
+ nodelite-2-2kkt-7niJ6MgEPxF0bYdQ6etZaA-fQvDcLKckhy1yIQOzaoKjBBjSj63-aLVjYE3qhRt5dvM-uUyfCg6UKCBbA-- <- @jridgewell/gen-mapping 0.3.13
+ nodelite-2-2L2erASEro1WC5nV-plwIMxrTXpvpfzl4e-Nre6vBVRR2HKeGGcvpJyyL3-PpiSg-cJG2KpTmZmq934Olb6e5A-- <- @smithy/invalid-dependency 4.2.5 (4.2.8 is available)
+ nodelite-2-2LzDFzt0mZKZ9IpVF2r69G9bXaP2Q2sArJCmcCgvfTdCCZzSyz4aCLoQyUilu37Ll56tCblIZrXFIjNUpGIlmA-- <- vt-pbf 3.1.3
+ nodelite-2-2m1uiuJeTplll-tq4ENOQSzB8LRnSUChBv7oSyFLsJRtUgAAJGP6LLz0-8lkinTgxrmJSPOEhgY1bMXOQ4ZXhQ-- <- postcss-minify-font-values 7.0.1 (7.0.3 is available)
+ nodelite-2-2N21sPY9Ws53PZvsEpVtNuSW-ScYbQdp4b9qUaL-9QkHUrGFKo56Lg9Emg5s9V-qrtNBmiR01sYhUOwu3H-VOw-- <- magic-string 0.30.19
+ nodelite-2-2NlIDTwUWJN0mRPQOdtQBzbUHvdGY2P1VXSyU83Q3xKxM7WHX2Ql8dKq782Q9TgQUNOLEzEYu9bzLNj1q88I5w-- <- escodegen 2.1.0
+ nodelite-2-2P0p0pFGzHS5EMnhdxQi7aJN-iMheud0UhG4dlE1DLAlvL8JHjJJTX-CSm4JXwV0Ka5nGk3zC5mcb5bUQUxxMA-- <- dateformat 4.6.3
+ nodelite-2-2sJGJTaXIIaR1w4iJSNoN0hnMY7Gpc-n8D4qSCJw8QqFWXf7cuAgnEHxBpweaVcPevC2l3KpjYCx3NypQQgaJg-- <- destroy 1.2.0
+ nodelite-2-2W2yAdkQQrrL0WM6BrGqkrLkWlVon8riZch0EBNklid2CZsOzZnqR5HE7W3Q3BrMWUop-9I2dpjyZqhSOYh6Yg-- <- can-link 2.0.0
+ nodelite-2-2W4oUZlVaqAPAil6FUg-difl6YhqhUR7x2eZY4bQCko22UXg3hptq9KLQdqFClV-Wu85UX7hNtdGTngi-1BxcA-- <- ofetch 1.5.1
+ nodelite-2-2wcC-oGxHis-BoHkkPwldgiPSYcpZK3JU28WoMVv55yHJgcZ8rlXvuG9iZggz-sU1d4bRgIGASwyWqjxu3FM0g-- <- sirv 3.0.2
+ nodelite-2-2WXDfqKVIfLskyDUmqKP-n8RzlEqPk8jpsiPXRA5Zx0La5IAadlo94Yttlu0f152t-ogmuOtHFReOgCT2uUzQg-- <- @pnpm/fs.packlist 1000.0.0
+ nodelite-2-2xUIc5mHXQzT16JnyOFkh8PvfeXuIut3pslWGfsGOhxP-lpgRm9HOl-mpzLErgt5mXDovqA0d11P21gofRLb9w-- <- @codemirror/commands 6.10.0
+ nodelite-2-2ytDk0kiEj-yu90JOAp44PVPUkO9-jVhyf-SybKlRHSDlvOOZhdPIrr7xTH64l4WixO2cP-wQIcgujkGBPPz6g-- <- whatwg-url 15.1.0
+ nodelite-2-2yyAR8qBkN3YuheJanUpWC5U3bb5osDywNB8RzDVlDwDHbocAJveqqj1u8-SVD7jkWT4yvsHCpWqqWqAxb0zCA-- <- minimist 1.2.8
+ nodelite-2-3-o9z3X0X0fTupwsYvR03pJ-DjWuqqrfwBgTQzdWDiQSm9KitAyz-9WqsT2JQW7KV2m-bC2ol-zqpW37NHxLaA-- <- text-decoder 1.2.3 (1.2.7 is available)
+ nodelite-2-3-RG3EA6BBJ-ofZUeTFJA7mHfSYrZtQIrDP9dI8Lf7X6Jbos2jptuLrAAteDiFVrmbEmLSuRG-bUKzfAXk7dhg-- <- @smithy/fetch-http-handler 5.3.6 (5.3.9 is available)
+ nodelite-2-30iZtAPgz-LTIYoeivqYo853f02jBYSd5uGnGpkFV0M3xOt9aN73erkgYAmZU43x4VfqcnLxW9Kpg3R5LC4YYw-- <- @ampproject/remapping 2.3.0
+ nodelite-2-332H07qXE16VVtC6H1Ec2hbqEMm-zPZPTSHX-OLbWVAaoCfsYH1gjEpu5cg9eprtMRDa040sipnc67wK9rMmiA-- <- @pnpm/server 1001.0.11
+ nodelite-2-34wB-Y7MW7bzjKRjUKTa46I2Z7eV62Rkhva-KkopW7Qvv-OSWBqvkSY7vusOPrNuZcUG3tApvdVgNB8POj3SPw-- <- joycon 3.1.1
+ nodelite-2-35mSku4ZXK0vfCuHEDAwt55dg2jNajHZ1odvF-8SSr82EsZY4QmXfuWso8oEd8zRhVObSN18aM0CjSdoBX7zIw-- <- doctrine 2.1.0 (3.0.0 is available)
+ nodelite-2-37i-OaWTh9qeK4LSHPsyRC7NahnGotNuZvjLSgcPzblpHB3rrCJxAOgI5gCdKm7coonsaX1Of0ILiTcnZjbfxA-- <- @types/normalize-package-data 2.4.4
+ nodelite-2-3AsNQC0pjwlLqEYHLjtichGWankK8yqmocReITecmpB1H0aOabeESueyy-8X1gyJx4ftZVwo9hqQ4O3fPWffCA-- <- unhead 1.11.20 (2.0.0 is available)
+ nodelite-2-3cN0tCakkT4f3zo9RXDIhy6GTvtYD6bK4CRBLN9j3E-ePqN1tugAXD5rGVfoChW6s0hiek-eyYlLNqc-BG7vBQ-- <- pino-pretty 13.1.2
+ nodelite-2-3CYzex9M9FGQjCGMGyi6-31c8GJbgb0qGyrx5HWxPd0aCwh4cB2YjMb2Xf9UuoogrMrlO9cTqnB5rI5GHZTcUA-- <- arrify 1.0.1 (3.0.0 is available)
+ nodelite-2-3DoNDYSZBLxBwaJtQGWNpq0fonga-VZ47HY1-7-G3YoIPaPz93Df6egSzzTKbEMmlzUpy3eQ0nR9REuYIycXGg-- <- systeminformation 5.27.14 (5.33.8 is available)
+ nodelite-2-3dOsAHXXUkQTpOYcoAxLIorMTp4gIQr5IW3iVb7A7lFIp0VHhnynm9izx6TssdrIcVIESAlVjtnO2K8bg-Coew-- <- slash 4.0.0 (5.1.0 is available)
+ nodelite-2-3duEwti880xqi4eAMN8AyR4a0ByT90zoYdLlevfrvU43vb0YZwZVfxOgxWrLXXXpyugL0hNZc9G6BiB5B3nUug-- <- arrify 2.0.1 (3.0.0 is available)
+ nodelite-2-3e9FwDyRAhbxXw4slm4Tjv40u78yPwMc-WZkACpqNQOs5sM7wic853AeTLkMFEVhivZkclGYlse8iYsklz0Yvg-- <- normalize-registry-url 2.0.0
+ nodelite-2-3EwLFhZ38J4VyIP6WNtt2kUdW9dokXA9Cr4IVIFHuCpZ3H8-YFOl5JjZHisrn1fATPBmKKqXzDFvh9fUwHz6CQ-- <- @babel/generator 7.28.5 (8.0.0-beta.4 is available)
+ nodelite-2-3giAOQvZiH5F9bMlMiv8-GSPMeqg0dbaeo58-0SlA9sxSqZhnUtxzX9-2FzyhS9sWQf5S0GJE0AKBrFqjpeYcg-- <- @opentelemetry/api 1.9.0
+ nodelite-2-3GuObel8h7Kqdjt0gxkEzaifHTqLVW56Y-bjN7PSQtkKr0w3V-QYSdt6QWYtd7A1xUtYQigtdUfgj1RvWVtorw-- <- rollup 4.52.5
+ nodelite-2-3hN7NaskYvMDLQY55gnW3NQ-mesEAepTqlg-VEbj7zzqEMBVNhzcGYYeqFo-TlYz6eQiFcp1HcsCZO-nGgS8zg-- <- gensync 1.0.0-beta.2
+ nodelite-2-3Hq7jri-tRrVWha-ZeIVhl4qJRha-XjRNSopvTsOaCvfPHrflTYTcUFcEjMKdxofsXXsdc4zjg5NOTnL4Gl57Q-- <- esbuild 0.26.0 (0.28.2 is available)
+ nodelite-2-3jTJd6H2Zwe8SeiI9li9AolkCxFVitEnCpJjDI6-la-HslSJC827fHivc9hue6JmC8esA4yri0KCMyp8N4ykww-- <- @editorjs/nested-list 1.4.3
+ nodelite-2-3KS2b-kL7fsuk-eJZ7EQdnEmQoaho-r6KUef7hxvltNA5DR8NAUM-8wJMbJyZ4G9-7i3v5zPBIMN5aybAh2-Jg-- <- typed-array-length 1.0.7 (1.0.8 is available)
+ nodelite-2-3nSnYXkVkf3mXFfE7vVyPmi3Sazhb-2cfZGGs0JRzFsPFvAMBEcrweV1V1GsrstdXeKCTXlJbvnQwGWgEIHmOA-- <- @vitest/runner 1.6.1 (4.0.7 is available)
+ nodelite-2-3O63AAWu2cSNQZp-ayl9I3NapW1p1rR5mlVHcF6hAB1dPZUQFfRPYtplWX-3xrzWthPGj5FqB12taJJCfH6s8A-- <- @smithy/util-endpoints 3.2.5 (3.2.8 is available)
+ nodelite-2-3OqqUddfH8c2e7M35W6zIwv7jssM-3miF9cbCSb1iJiWvtguQjlxZGIHK9JRmc8XAKmE2PFGtHSM7g-VcW97sw-- <- postcss-minify-params 7.0.4 (7.0.9 is available)
+ nodelite-2-3oSeUO0TMV67hN1AmbXsK4yaqU7tjiHlbxRDZOpH0KW9-CeX4bRAaX0Anxt0tx2MrpRpWwQaPwIlISEJhYU5Pw-- <- balanced-match 1.0.2 (4.0.4 is available)
+ nodelite-2-3ouUOpQhtgrbOa17J7-uxOTpITYWaGP7-AhoR3-A--1e9skrzelGi-dXzEYyvbxubEF6Wn2ypscTKiKJFFn1ag-- <- process-nextick-args 2.0.1
+ nodelite-2-3QmgamuN-bF8zdy7hZaL-dzRYaakJh6UM6zfaS0hLEmVf77rmnFBIayikbLXrqLy8rIVsqKr3npm-14mGKBfOQ-- <- spawno 2.1.2
+ nodelite-2-3rzy1bJAZ4s7zV9TKT60x119RwJDCDqEtCwK-Zc2qlm7wGhiIUxLLYUhE-mN91yB0u1kxm5sh4NjU12sPqQTpg-- <- @oxc-project/runtime 0.80.0 (0.95.0 is available)
+ nodelite-2-3sOlxmbKcSHMjlUXQZKQ06jOswE7oVkXPxmZdoB1r5l0q6gTFTQSHxNxOrCccElbW7dxNytifNEo8qidX2Vsig-- <- postcss-media-query-parser 0.2.3
+ nodelite-2-3sUqbMEc77XqpdNO7FRyRog-eW3ph-GYCbj-rK-uYyRMuwsVy0rMiVtPn-QJlKFvWP-1PYpapqYn0Me2knFn-A-- <- deepmerge 4.3.1
+ nodelite-2-3tlv-dIP7FWvj3BsbHrGLJ6l-oKh1O3TcgBqMn-yyCagOxc23fyzDS6HypQbgxWbkpDnf52p1LuR4eWDQ-K9WQ-- <- colorette 2.0.19 (2.0.20 is available)
+ nodelite-2-3VmRXEtw7RZKAf-4Tv1Ym9AGeo8r8-CjDi26x-7SYQil1UqtqdaokhzoEJohqlzt0m5kacJSDhJQkG-LWhpRBw-- <- dayjs 1.8.36
+ nodelite-2-3wdGidZyq5PB084XLES5TpOSRA3wjXAlIWMhum2kRcv-41Sn2emQ0dycQW4uZXLejwKvg6EsvbdlVL-FYEct7A-- <- yallist 4.0.0 (5.0.0 is available)
+ nodelite-2-3xurFv5tEgii33Zi8Jtp55wEIILR9eh34FAW00PZf-JnSsTmV-ioewSgQl97JHvgjoRGwPShsWm-IdrxB35d0w-- <- strip-bom 4.0.0 (5.0.0 is available)
+ nodelite-2-3Ybi1tAuwAP9s0r1UQ2J4n5Y0G05bJkpUIO0-bI9MhwmD70S5aTWbXGBwxHrelT-XM1k6dM0pk-SwNkpTRN7Pg-- <- postcss 8.5.6
+ nodelite-2-3Z4suyclrd1NOp1ue-xf5VCEd7Pu1R16wXg8wCmKIiQD7E69BE4WA3ralxrkPx0B0OtqM1H8lBPINsipZaUcuQ-- <- @pnpm/network.config 2.1.0
+ nodelite-2-3zwefSMwHpu8iVUW8YYz227sIv6UFqO31p1Bf1ZH-Vom7CmNyUsXjDBlnNzcuhmOL1XfxZ3nvND42kR23XlbcQ-- <- @js-joda/core 5.6.5
+ nodelite-2-40QW5YalBNfQo5yRYmiw7Yz6TKKVr3h6970B2YE-3fQpsWcrbj1PzJgxeJ19DRQjhMbKPIuMY8rFaXc8moolVw-- <- pngjs 5.0.0 (7.0.0 is available)
+ nodelite-2-41Cifkg6e8TylSpdtTpeLVMqvSBEVzTttHvERD741-pnZ8ANv0004MRL43QKPDlK9cGvNp6NZWZUBlbGXYxxng-- <- is-number 7.0.0
+ nodelite-2-429x8dFMgxZoeYUTUPAMC09IeM5yQ86X1LyYEQF1P4uyvhLSCh44QKkiprX9qdwBsV9QxjeNad2QoDZy1RSeRw-- <- @pnpm/npm-package-arg 2.0.0
+ nodelite-2-42AtmgqjV-X1VpdOfyTGOYRi0-zsoLqtXQckTmqTeybT-BDIbM-Guxo7x3pE2vtpr1ok6xRqM9OpBe-Jyoqyww-- <- wrap-ansi 9.0.2
+ nodelite-2-42CPE9AhahZRsMNslczq0ctAEtqk8Eka26QofnqC346BZdHDySk3LWka23LI7ULIw11NmltpiLagIq8gBozxTw-- <- obliterator 2.0.5
+ nodelite-2-43-qtrDUokr7LJqoF2c3-RInu-t4zfrpYdoSDfYyhg52rwLV6TnOvdG4fXm7IkSB3wErkcmJS9iEhjVtOSEjjA-- <- @eslint/plugin-kit 0.4.1 (0.7.3 is available)
+ nodelite-2-43r2mRvz-8JRIKnWJ-3j8JtjRKZ6GmjzfaE-qiBJnikNnYv-6bagRJ1kUhNk8R5EX-GkobD-r-sfxCPJsiKBLQ-- <- is-unicode-supported 1.3.0 (2.1.0 is available)
+ nodelite-2-46ryTE9RZO-rfDd7pEqFl7etuyzekzEhUbTW3BvmeO-BcCMEgq59BKhek3dXDWgAj4oMK6OZi-vRr1wPW6qjEQ-- <- @vitest/mocker 3.2.4 (4.0.7 is available)
+ nodelite-2-4AEiDEBPIZvLQaWlc9liCavE0xRM0dNca41WtBeM3jgFptfUOSG9z0uteLhq6-3rq-WB6jIvUwKDTpXEHPJ2Vg-- <- @babel/plugin-transform-typescript 7.28.0 (8.0.0-beta.0 is available)
+ nodelite-2-4BAffykYOgO-5nzBWYwE3W90sBgLJoUPRWWcL8wlyiM8IB8ipJz3UMJ9KXQd1RKQXpKp8Tutn80HZtWsu2u76w-- <- @szmarczak/http-timer 4.0.6 (5.0.1 is available)
+ nodelite-2-4Bcg1P8xhUuqcii-S0Z9wiHIrQVPMermM1any-MX5GeGD7faD3-msQUDGLol9wOcz4-jbg-WJnGqoJF6LiBdtg-- <- basic-ftp 5.0.5
+ nodelite-2-4D3B6Wf41KOYRFdszmDqMCGq5VV-uMAB273JILmO-3jAlh8X4qDtdtgCR3fxtbLEMzSx22QdhnDcJvu2u1fVwg-- <- chalk 3.0.0 (5.6.2 is available)
+ nodelite-2-4Dj6M28JB-oAH8kFkTLUo-a2jwOFkuqb3yucU0CANcRRUbxS0cP0nZYCGjcc3BNXwRIsUVmDGgzawme7zvJHvg-- <- ansi-styles 6.2.3
+ nodelite-2-4EK3-xJl8Ts67nLYNwqw-dsFVnCf-qR7RgXSK9jEEm9unao3njwMDdmsdvoKBKHzxd7tCYz5e5M-SnMjdtXGQQ-- <- qs 6.14.1
+ nodelite-2-4EoE4pR-tXKriVHubE8Pcw0k2jh4Kqrvs9m8ebEiGo3V1zSFKXn3Ds0BY-4kd8gWnvN4P-St-kDvbAuVuQd-lA-- <- @pnpm/config 1004.4.2
+ nodelite-2-4Hnwzr3mi5L97hMYeNl8wRW-Onhy4nUKR-lVemJ8gJedxxUyBLm9kkrDColJvoSfwi0jCNhD-xCdOtiGDQiRZg-- <- needle 2.4.0 (3.5.0 is available)
+ nodelite-2-4I7Td01quW-RpocfNayFdFVk1qSuoh0E7JrbRJ16nH01HhKFQ88INq9Sd-nd72zqRySlr9BmDA8xlEJ6vJMrYA-- <- aggregate-error 3.1.0 (5.0.0 is available)
+ nodelite-2-4JQNk-3mVzK3xh2rqd6RB4J46qUR19azEHBneZyTZM-c456qOrbbM-5xcR8huNCCcbVt7-UmizG6GuUvPvKUYg-- <- @jsdevtools/ono 7.1.3
+ nodelite-2-4Md7RPDCSYpmW1HWIpWBOqCd4vWfIqm53S3e-uzQ62iGi7L3r34fK-8nhOMEe--eVfCx8-gdSCt1d74SlacQHw-- <- @json2csv/plainjs 7.0.6
+ nodelite-2-4Pgzu7A8tN-HcSQ-hssaLwYt-CX0mYIiPimRFhoHj300n07BqxPK-5HZNAIgOsQek1NSwguE-j--h2BuTRCekg-- <- @pnpm/registry.pkg-metadata-filter 1000.1.1
+ nodelite-2-4PRT4nh1EImPbt2jASOKHX7PB7I-e4IWNLvkKFDxNhJlfjbYlleYQh285Z-3mPTHSAK-AvdMmw5BNNuYH8ShgQ-- <- spdx-license-ids 3.0.22
+ nodelite-2-4RSmPjQegF34wNcK1e1O3Uz91HN8P1aFdFzio90wNK9mjgAI19u5vsU868cVZboKzCaa5XbpvtTzAAGQAxpcXA-- <- stylelint-config-recommended 16.0.0

Done in 1.5s using pnpm v10.34.5
