Progress: resolved 1, reused 0, downloaded 0, added 0
Packages: +250
++++++++++++++++++++++++++++++++++++++++++++++++++++++++++++++++++++++++++++++++
Progress: resolved 250, reused 0, downloaded 249, added 248
Progress: resolved 250, reused 0, downloaded 250, added 250, done

dependencies:
+ nodelite-2-U9nH88a3fc-ekCF1l0-UP1IosiuIjyTh7hBvXVMHYgVcfGvt897Xguj2UOLDeI5BG2m7-uwyaLVT6fbtCwTyzw-- <- reusify 1.0.4 (1.1.0 is available)
+ nodelite-2-UA91GwWPhFExt3IizW6bOeY-pQ0BkuNwKjk9iQW9KqxluGCrg4VenZ0-L-2Y0-ZOtme72EVvg6v0zo3AMQRCeA-- <- @pnpm/npm-conf 2.2.2 (3.0.0 is available)
+ nodelite-2-Uai-SupNSqzlschRyNx3kbCTWgY-2hcwtHEI-ej2LJWc9JJ77qKgGptd8DHwY1mXtZ7Aoh4z4yxfwMBue9eNgw-- <- postcss-attribute-case-insensitive 7.0.1
+ nodelite-2-UaicktuQI-9UKyA4njtDOGBD-67t8YEBt2xdfqu8-gP9hqPUPsiXlNPcpS2gVdjmis5GKPG3fCxbQLVgxsQZ8w-- <- @types/react 19.1.0 (19.2.9 is available)
+ nodelite-2-UaiMJzeWRlEujzAuw5LokY1L5ecNQYZKfmyZ9L7wDHb-p5etKaxXhohBcrw0EYby-G-NA52vRSN4N39dxHAIwQ-- <- lie 3.3.0
+ nodelite-2-Ub2ncQv-fwD70-l4ou27b4YzfNaCJOvyX4HxXU15m7mpYY-rjuWzsLIPZHJL253Z643RpbcP1oeIJlQ-SKW67g-- <- micromark-extension-gfm-table 2.1.0 (2.1.1 is available)
+ nodelite-2-UBWmJpLZd5STPm7PMUlOw-TSy972M-z8gcyQ5veOnSDRREz-0bmpyTfKt3-51DhEBqCZQn1udM-5flcSPYhkdQ-- <- memoizee 0.4.15 (0.4.17 is available)
+ nodelite-2-UcjcJOWknrNkF6PLX83qcHM6KHgVKNkV62Y8a5uYDVv9ydGQVwAHMKqHdJje1VTWpljG0WYpCDhrCdAOYH4TWg-- <- split2 4.2.0
+ nodelite-2-UcVfVfaK4Sc4m7X3dUSoHoozQGBEFeDC-zVo06t98xe8CzHSZZBekNXH-tu0NalHolcJ-QAGqS46Hef7QXBIMw-- <- is-wsl 3.1.0 (3.1.1 is available)
+ nodelite-2-UDS2NayCvmXSXVP6mpTj-73JnNQadZlr9N68189xib2tx5Mls7swlTNao26IoHv46BZJFvXygyRtyXd1feAk1A-- <- jsdom 24.0.0
+ nodelite-2-UeVBXie8cA35DS6-nBkls68xaBBXCye0CNznrhszZjTbRVnJKQuNsyLKBTTL4ln1o1rh2PKtv35twV7irj5SEg-- <- youch 3.3.4 (4.1.0-beta.6 is available)
+ nodelite-2-UfpWE-VZn0iP50d8cz9NrZLM9lSWhcJ-0Gt-nm4by88UL-J1SiKN8-5dkjMmbEzwL2CAe-67GsegCbIKtbp75A-- <- jwt-decode 3.1.2 (4.0.0 is available)
+ nodelite-2-Ug69mNOpfvKDAc2Q8DRpMjjzdtrnv9HcSMX-4VsZxD1aZ6ZzrIE7rlzXBtWTyhULSMKg076AW6WR5iZpD0JiOg-- <- read-pkg 5.2.0 (9.0.1 is available)
+ nodelite-2-UGvjygr6F6tpH7o2qyqR6QYpwraIjKSdtzyBdyytFOHmPZY917kwdwLG0RbOjWOnKmnm3PeHjaoLLMie7kPLQw-- <- std-env 3.9.0
+ nodelite-2-Uij0Xdxc24L6SirFr25MlwC2rCFX6scyUmuKpzI-JQ7cyqDEwD42fJ0xfB3yLfOnRDU5LKGgjQ9FA6LYh76GWQ-- <- cssnano-utils 5.0.0 (5.0.3 is available)
+ nodelite-2-UIzQNMS0p0HHiQm3oelztj-ECwFnj-ZRV4KnguvlsD2of1whUeM6o7wGNj6oLwcDoAXQ8gEqfgC24D-VdIcevg-- <- @babel/plugin-transform-function-name 7.22.5 (8.0.1 is available)
+ nodelite-2-UjgapumWlbMhkBgzT7Ykc5YXUT46F0iKu8SGXq0bcwP5dz-h0Plj6enJqjz1Zbq2l5WaqYnrVbwWOWMyF3F47g-- <- source-map 0.6.1 (0.8.0-beta.0 is available)
+ nodelite-2-UJnjoFsmxfKUdNYdWgOB0mWUypuLvAfQPH1-pyvRJs6euowbFkFC6P13w1l8mJyi3vxYMxc9kld5jZEGRQs6bw-- <- @csstools/css-tokenizer 3.0.3 (4.0.0 is available)
+ nodelite-2-UkewJesRDP3-AW30Gc8hvxuIt-vHgYZXmVOKaXV8xnwAnMXTAs3XZDsa-jW-LSdAYhHslokSm72lq63FYYjZqA-- <- @types/bun 1.1.12 (1.3.8 is available)
+ nodelite-2-UME7hNwBfzeISSFQcBEDemEEskpOjI-shPrpJM5PI4DSdn6hX0dmz-2dL70blZER2z8tSnTRL-2rfzlYgtbBoQ-- <- find-requires 1.0.0
+ nodelite-2-UnJfnIpc--JO0--KRVQNGU-y5taA5vCbwN8-azkX6beii-ZF-enZJSOKo11ZSzGJjlNfJHfQtmQT8H-9TXPG2w-- <- @babel/generator 7.27.1 (8.0.0-beta.4 is available)
+ nodelite-2-Up7rBoV77rv29d3uKHUIVubz1BTcgyUK72IvCQAbfbMv584xHcGKCKbWh7i8hPrRJ7qU4Y8IO3IY9m-iTB7P3A-- <- @csstools/css-parser-algorithms 3.0.4 (4.0.0 is available)
+ nodelite-2-UPez5qLh3dNgt0DYnPD-q0mVJY84rA17QE26hVNOW3fAji8W2wrwrxdacWOxyXvlxWsVRcKmr-lay1MDqpAMfg-- <- @aws-sdk/is-array-buffer 3.201.0
+ nodelite-2-UPyy4MJ-0RE648DSKQe9g0VDSehPINiejjA6ElqnFaFIhI6ZEiZAkUI0D5MCk0bQcTf-LVqZStvQ6K4lPn-BRg-- <- @typescript-eslint/typescript-estree 8.24.1
+ nodelite-2-UrcABB-4bUrFABwbluTIBErXwvbsU-V7TZWfmbgJfbkwiBuziS9gxdODUyuiecfdGQ85jglMW6juS3-z5TsKLw-- <- @alloc/quick-lru 5.2.0 (5.3.0 is available)
+ nodelite-2-USm05zrsFxYLPdWWq-K3STlWiT-3ELn3RcV5hJMghpeAIhxfsUIg6mt12CBJBInWMV4VneoV7SfGv8xIwo2qNQ-- <- @rollup/pluginutils 5.1.4 (5.4.0 is available)
+ nodelite-2-USPkMeET31rOMiarsBNIHZKLGgvKc-LrjofAnBlOttf5ajRvqiRA8QsenbcooctK6d6Ts6aqZXBA-XbkKthiQg-- <- mime 2.6.0 (4.1.0 is available)
+ nodelite-2-UsUk3byDzKd04EyoZ7U4DOlxQaD14JUKQl6-P7wiX4FNvUfm3XL246n9W5AmqwW5RSFJ27NAuM0iLscAOYUiGQ-- <- ufo 1.5.4 (1.6.4 is available)
+ nodelite-2-UtJcAD4yEaGtjPezWuO9wC4nwUnVH-8-Im3yEHQP4b67cXlD-Qr9hdITCU1xDbSEXg2XKNaP8jsReV7vQd00-A-- <- minimalistic-assert 1.0.1
+ nodelite-2-UTZQMvt0d-rSz6KI-qdu7GQze5TIajwTS--GUozlw8VBJDEOAqSXwm1WvmYEZwqdqSGQshRocPDqrt4HBZB3fQ-- <- @babel/helper-create-class-features-plugin 7.25.9 (8.0.1 is available)
+ nodelite-2-UvFa-vR-e19XookZF8RzFZBrw2EUkQWxiBW0yYQAhvk3C-QVGl0H3ouca8LDBlBfQKXwmW3huo-59H8rwb1wJw-- <- @aws-sdk/util-utf8-browser 3.259.0
+ nodelite-2-UVQ72Rqjy-ZKQalzV5dCCJP80GrmPrMxh6NlNf-erV6ObL0ZFkhCstWRawS85z3smdr3d2wXPsZEY7rDPfGd2g-- <- eta 2.2.0
+ nodelite-2-Uw5ooOQxRASHgu6C7GVvUxisKXfSgW4oFlO-aa-PAkgmH89O3CXxEEzNRNtHSqtXFTl0nAC1uYj0GMSH27uwtQ-- <- vscode-textmate 5.2.0 (9.3.2 is available)
+ nodelite-2-UwgBRMjJP-xv857DCngvqXI3Iq6J4v0wXmwc6sapg-zyhbwmQX67LUEFrkK5tbyJ30jGuG3ZvWpBiB9LCy1kWw-- <- @babel/runtime 7.24.7 (8.0.0-beta.0 is available)
+ nodelite-2-UxhIZQ-QInVdunkDAaiazvvT--fXL5Osr0JZlJulepYu6Jd7qJtDZjlur0emRlT71EN3ScPoE7gvsuIKKNavKw-- <- update-browserslist-db 1.1.3 (1.3.2 is available)
+ nodelite-2-UXSH262CSZY1tfu3G3Secr6uGLCFVPMhIqHjlgCUtCCcgihYc-xKs9djMTMUOb2j1mVSeU8EU6NWc-iQKU6Gfg-- <- string.prototype.trimstart 1.0.8
+ nodelite-2-UXWMKhLOwVKb728IUtQPXxfYU-usdybtUrK-8uGE8CQMvrhOpwvzDBwj0QhSL7MQc7vIsISBG8VQ8-IDQxpfQA-- <- source-map-js 1.2.1
+ nodelite-2-UyLnSehNt62FFhSwjZlHmeokpRK59rcz29j-F1-aDgbkbRTk7wIc9XzdoasMUbRNKDM0qQt--BJ4BrpFeABemw-- <- eslint-visitor-keys 4.2.0 (5.0.1 is available)
+ nodelite-2-UYmTpOBwgPScZpS4A-YbapwWuBwasxvO-2IOHArSsAhL--ZdmATBXTex3t-l2hXwLVYK382ibr-nKoY9GKe86w-- <- baseline-browser-mapping 2.8.18 (2.9.7 is available)
+ nodelite-2-UYqiqemphJcNsFEskc73jQ7B9jgwjWrSayxawS6UVFZGWrAAtkzjxSqnoclCXxWtfwLdzU-vTpcNYhpn43uP1w-- <- @esbuild/linux-x64 0.18.20 (0.28.2 is available)
+ nodelite-2-V-23sDMr12Wnz7iTcDeJr3O6AIxlnvT-bmaAAAP-Xda35C90p9599p0F1eHR-N1KILWSoWVAiOMFjBBXaXSMxg-- <- http2-wrapper 1.0.3 (2.2.1 is available)
+ nodelite-2-V-JgOLFCS-R6Vcq0slCuaeWEdNC3ouDlJMNIsacH2VtALiu9mV4LPrHc5cDl8k5aw6J8jwgWWpiTo5RYhmIzvg-- <- fs-minipass 2.1.0 (3.0.3 is available)
+ nodelite-2-V0hjH4dGPh9Ao5p0MoRY6BVqtwCjhz6vI5LT8AJ55H-4g9-4vbHx1I54fS0XuclLhDHArPQCiMjDxjaL8fPxhw-- <- entities 4.5.0 (8.0.0 is available)
+ nodelite-2-V0odAW9Yo8s58yGnSy0RuX-rQwz0wtQp3eOgMTsh1YDDZdIIYZmAlZaLypNeieO-mbmvOOUcnuRyIGIRrF4-5A-- <- nuxt 3.16.1
+ nodelite-2-V1pZTaH5eqpAt8O8CzbItHhOtzIfFuWymvwZFkAtwKuaHpnl7jjrTouV482zoq8AD-fF-VVSshwBKYA7bhidIw-- <- @aws-sdk/property-provider 3.272.0
+ nodelite-2-V5nVw1PAOgfI3Lmeaj2Exmeg7fenjhRUgz1lPSezy1CuhPYbgQtbQj4jZfEAEMlaL-vupsvhjqCyjzob0yxsmQ-- <- http2-wrapper 2.2.1
+ nodelite-2-V6jhKokg35vk098iBqp2FBKunk3kMTXlmq-PtbV9Gl3TfskWlebSofU9uunVKhUN7xl-0-i5vt0TGTG8-p-7HA-- <- @octokit/request 10.0.3
+ nodelite-2-V6JR2JAGYQY7J8wk5un5n-ja2nfCUyyoRCF8Du8JL91NGI8i41Mdr-TzuOGwTgFl6RSXb-ge1K1jk30OH4MugQ-- <- @aws-sdk/client-s3 3.782.0 (3.975.0 is available)
+ nodelite-2-V8GImKs3TeQRxRtXFpG2wl19V7444NIOTDF24AWuIbmNaNYOQMWRbjcGDXV5B-0n887fgDcuMNOmlul-k-oJtw-- <- @octokit/openapi-types 18.0.0
+ nodelite-2-VaUJspBffn-LMCJVoMvSAdmscJyS1auj5Zulnn5UoYcY531UWmdwhRWkcGKnGU93m5HSXP9LP2usOryrBtQowA-- <- get-stream 8.0.1 (9.0.1 is available)
+ nodelite-2-VBBaLc1MgL5XpzgIP7ny5Z6Nx3UrRkIViUkPUdtl9aya5amy3De1gsUUSB1g3-3sExYNjCAsAznmukyxCb1GRA-- <- decimal.js 10.4.3 (10.6.0 is available)
+ nodelite-2-VbbC3PGjBdE0wAWDdHM9G8Gm977pnYI0XpqMd6LrKISj8-DJXEsWqgRuTYaNE9Bv0JGhTZUzHDlMk18IpOuoqw-- <- @babel/plugin-transform-classes 7.22.15 (8.0.1 is available)
+ nodelite-2-VbqqHkOBOt4Uu3G8Dm8n6lU5-9cJFxiuty9-4rcoyRPO9zZS1JIs6td49VIoix3qYqELHlJIn46Oih9SAKo-yQ-- <- postcss-nesting 13.0.1
+ nodelite-2-VbzbVGSsZlQktyLrP5nxE-vE1ZR-U0NFAWPbJLoG2-DKPwd2D7dVICTVIIaYlJqX1ZCEnYDbaOpmMwbsyhBoIA-- <- @tanstack/react-virtual 3.10.8 (3.13.13 is available)
+ nodelite-2-VCjCNfgMsby3tTdo02nbjtM-ewra6jPHmpThenkTYh8pG9ucZ-1P8So4u4FGBek-BjpOVsDCMoLA-iuBKIFXRA-- <- side-channel-map 1.0.1
+ nodelite-2-VCtXZAWivRglTZditUfB4StnsWr6YVZ2PRtuxQLKTNRdtAf8tpzaVPE9zXIF3VaSc7O70iK-j1-NXxyQCqdPjQ-- <- css-prefers-color-scheme 10.0.0
+ nodelite-2-VdkTsK7GWLT0VWMK5S5WTAPn61wJ98WPFwJiRHumhg4ESNUO-tnkU8bzzzc62o6Uk1SVhuZFLnakmDA4SGV7wA-- <- fenceparser 1.1.1
+ nodelite-2-VfQPToRA5FZs-qJxLIinmU59u0r7LXqoJkCzinq3ckNJp3vKEh7jTWN589YQ5-aoAC-TGRLyJLCPKcLQbM8r9g-- <- undici 6.23.0 (8.10.1 is available)
+ nodelite-2-VGXBUVwxKMBUznyffQweQABPRRW1vHZAbadFZud4pLFAqRGvv-96vafgjWFqzourzr8YonlQiPgH0YCJfawoGQ-- <- unique-string 3.0.0
+ nodelite-2-VHwB3KfrcOOkelEG2ZOfxqLZdfkil8PtJi4P8N2MMXucZq2yLp75ClViUlOVwyoHEDjYU433Aq-5zWP61-RGag-- <- dom-serializer 1.4.1 (2.0.0 is available)
+ nodelite-2-ViAkQ7ed89rmhFIGRsT36njN-97z8-s3XsJnB8E2IKOq--SLD-6PtSvmTtiwUcVk39qPcjAc-OyeDys4LoJUVg-- <- todomvc-app-css 2.4.2
+ nodelite-2-VIZB-ibDhx7ObhAe7OVtoEbuP4h-MuOTHJ-J8h-eBXotJYl0fBgR72xDFCKgIh22OJZIOVNxBMWuhAr10r8HdA-- <- hard-rejection 2.1.0
+ nodelite-2-Vj1TtwWnuWqdgQI6YTUF5hQ-0jmFiOYsc51CSMgj7QfyO-RF4EnT2HNjoviNlOOmgzgvf3f5yno-EiC4vrnaWQ-- <- @smithy/util-stream 4.2.0 (4.5.7 is available)
+ nodelite-2-Vj7sf--t5pBD637NSfkxpHSMfWaeig5-DKWLhcqIYx6mWQz5hdJTGDVMQiJcw1ZYkhs7AazKDGpRVji1LJCZUQ-- <- path-type 6.0.0
+ nodelite-2-Vjgu-EuG6eyh3oB21jpHv0l9ZgGZCyVZf3lXs-2X18UEUOkppvpw11heHiK02iJCVchgp3Qjw-GDPUqhQvKpSg-- <- @effect/schema 0.73.4
+ nodelite-2-VJjK0eIijTZf0QSTODEXCqinjBn0joAHQ-aPSBzrv4O2d-QSbsMw-ZeSRx03kV34Hy7NzUvV-7NqfYGRLrASmw-- <- @shikijs/types 1.29.2 (3.22.0 is available)
+ nodelite-2-VJjVaqJfIQuQwtOoeuEJMOJUf3MPDrfX0X7OUNx3nq5pQeuIl3h58tmdbM1IZcu8Dn2j8NQjLh-5TXa0yPb9zg-- <- tsdown 0.12.7 (0.20.1 is available)
+ nodelite-2-VL-lNrEoIXww1coLPOmiEmK-0sGigko5COxI09KzHc2VJXJsQ37UaQ-8quuxjDeA7-KnLGTWRyOXSLLR2Wb4jw-- <- supports-color 9.4.0
+ nodelite-2-VlDXneTDaKsHIw8yzJAFWtrzguoJ-LnQ-lMpoVfYJ3jJF4Ihe5oYLAqLklIK-35lgUY-1yEzCkHyZ1j4A5w5fA-- <- rollup-plugin-visualizer 5.14.0 (6.0.5 is available)
+ nodelite-2-VLghIWNM6ELQzo7zwmcg0NmTVyWKYjvIeM83yjp0wRDTmUnrM678fQbcKBo6n2CJEF0szoG--ytg-TKla89ALQ-- <- isarray 1.0.0 (2.0.5 is available)
+ nodelite-2-VnTpYPnRUE7yVhWozFdlxcYknv9UN7CeOqSrMH-V877v4oqtVYuoqhIhtSjmGPvYrYnAkaM61sLMKHvxL138yg-- <- @smithy/hash-node 4.0.2 (4.2.8 is available)
+ nodelite-2-VO9Ht--p3SN7SKWqcrgEzjGbRSJYTx-Q1pTQC0wrWqHx0vpJraQ6GtHx8tvcg1rlK1byhU5gccxgOgj7B0TDkQ-- <- buffer-crc32 0.2.13 (1.0.0 is available)
+ nodelite-2-VPk9ebNqPcy5lRGuSlKx752IlDatOjT9paPlm8A7yOuW2Fbvp4X3JznJtT4f0GzGLLiWE9W8onz51SqLYwzGaA-- <- axios 1.13.2
+ nodelite-2-VqpjJZKadQB-PEbEwvFdO43Ax5dFBZ2UECszz8bQ7pi7wt--PWe1P6MN7eCnjsatYtBT6EuiClbjSWP2WrIoTw-- <- serve-static 1.16.2 (2.2.1 is available)
+ nodelite-2-VqR8m68vM46BNnuZ5NtnGBKIE-DfN0cRIzg9n40EIq9NOv90ayxLBXA8fXC5gquFRGJSTRqBq25Jt2ECLR431Q-- <- cheerio 1.0.0-rc.12 (1.2.0 is available)
+ nodelite-2-VrW9PjhhngeyYp4yGYPe5S0vgZH6NwU3Po9xAgayUeE37Inr7LS1YteFMHdpgsUUeNXnh7d06CXqHo1XjtqOKA-- <- @aws-sdk/node-http-handler 3.272.0
+ nodelite-2-VRZSOB-JU32RsEAQrO94QPkClGPKJEL-Z9PCBImXMhIeK5KAYo6slP-hBYlLgrCjFxyqvn5VC81tycFEDBLG1Q-- <- postcss-ordered-values 6.0.2 (7.0.4 is available)
+ nodelite-2-VsY7QJVzU51j5o1-DguUd-6vmCmZ5v-6gYu4vyYAhzjuNQU6P-vmSy4uQaOhvje031qQMiW0d2BwgMH52vqMng-- <- shiki 0.10.1 (3.22.0 is available)
+ nodelite-2-VT0ZI6kZRdTh8YyJw3SMbYm-u-NqfsAxEpWO0Pf9sq8-e94WxxOpPKx9FR1FlyCtOVDNOQ-8ntlqFxiRc-r5qA-- <- ansi-styles 3.2.1 (6.2.3 is available)
+ nodelite-2-Vtgk7L-R2JHyyGW07spoFlB8-lpjiOLTjMdms6AFMraYt3BaJauod-NGrfnVG-y4Ix1JEuMRPDPEj2ua-zz1-Q-- <- istanbul-lib-instrument 6.0.3
+ nodelite-2-Vu4TKJLEQ5F8ZipfCvd8A-LMIdH8kNGe448sX9mT4-Z0JVUaYmMc3BwkQ-zkNIh3QdBKAhocGn45TYjHV6uPWQ-- <- @serverless/dashboard-plugin 7.2.3
+ nodelite-2-VUjIjOOvF2oELQmiFpWA1aOPdawpyaCUqcEBc-UOUnj3Xp6DJGrJ1-bjUIIDzdHjnFNO6q57ODMfdEZnoBkCwQ-- <- @octokit/plugin-rest-endpoint-methods 13.3.2-cjs.1
+ nodelite-2-VvYPg7LrDIjUOWueSzo2wBzcNG7dw-cmzV6zAKaLxf0RC5jeAP4hE0OzDiiZfDrjNghEzgq-V-0NO-LewqYL9Q-- <- @aws-sdk/middleware-sdk-sts 3.272.0 (3.398.0 is available)
+ nodelite-2-VwddBukDzu71offAQR975unBIGqfKZpM-8ZX6ySk8nYhVoo5CYaZyzt3YBvYtRtO-aoGlqxPg-B87NGVZ-fu6g-- <- webidl-conversions 7.0.0 (8.0.1 is available)
+ nodelite-2-VWZfnxqwNcc51hIy-sbOdEem6D-cVtpPzEEtVAFdaas30-1dgkyaOQ4sQ6Bp0tOMqWO1v-HQfYaoodOkdhK6SQ-- <- emoticon 4.1.0
+ nodelite-2-VXukHf0RR1doGe6Sm4F0Em7SWYLTHSsbGfJdS9Ja2bX5-D5uwVOEjr07cncLROdBvmnvCATYEWlHqYmXv2IlQA-- <- @inquirer/checkbox 4.3.2
+ nodelite-2-VyhnebXciFV2DESc-p6B-y0LjSm0krU4OgJN44qFAhBY0TJ-1V61tYD2-wHusZ6F9n5K-vl8k0sTy7PEfV4qpg-- <- execa 8.0.1 (9.6.1 is available)
+ nodelite-2-VynGOEsVw2s8TAlLf-uESfrgfrq2-rcXB1muPJYBWbsm1Oa6r5qVQhjA5ggM6z-coYPrsVMgovl3Ff7Q7OCp1w-- <- @rspack/lite-tapable 1.0.1
+ nodelite-2-W-C9NWNLFOoBI2QWDp4UT9pv65r2w5Cx-3sTYFvtMdDBxkKt1syCqsUdSFAChbEe1uK5TfS04wt-nGwmaeIQ0g-- <- uri-js-replace 1.0.1
+ nodelite-2-W-KJc2dmILlPplD-H4K9l9LcAHAfPtP6BY84uVLXQ6Evcz9Lcg33Y2z1IVblT6xdY54PXYVHEv-0Wpq8Io6zkA-- <- fast-safe-stringify 2.1.1
+ nodelite-2-W0Wvr9HyFXZRGIDgCicunpQ299OKXs9RgZfaukz4qAW-pJhcpUfupc9c-OObPOFueNy8VSrZgEmDtk6Kh4WzDA-- <- minimatch 8.0.4 (9.0.9 is available)
+ nodelite-2-W67iLl4J2EXEGTbfeHCffrjDfitvLANg0UlX3wFUUSTx92KXRFegMHUVgSqE-wvhAbi4WqjGg9czysTV2Epbew-- <- object-inspect 1.13.4
+ nodelite-2-W8xeTUwaln8i3K-cY1nGXzdnVZlidBcagyNFtBdD5kxnb4TvGKR7FfSIS3mYpwWS1QUCutfKz8IY8RjftB0-1A-- <- which-collection 1.0.1 (1.0.2 is available)
+ nodelite-2-W9gVhqRyz2O3j20I0nFmYEyaMC-046oaMRxxAQ0w6noakfbhpLmlIXmnnqSOmVVuJZ6x5hOPVwlv7PocuawZsw-- <- fast-npm-meta 0.3.1
+ nodelite-2-W9LOGAyGMrbGArYJN4LBCdOC5-Zwh7dHvOHC0KmGKkJhsOzaKbpo-jEjpPKVHIW0-jBWj8RZG0NUxfgA8BxgAg-- <- vite-hot-client 2.0.4 (2.1.0 is available)
+ nodelite-2-W9pAhw0ja1Edb5GVdIF1mjZw-ASI0AlShXM83UUGe2DVr5TdAPEA1OA8m-g8zWp9x6On7gqufY-FatDbC3MDQg-- <- commondir 1.0.1
+ nodelite-2-Waj1cwPXJDucOib4a3bAISsKJVb15MKi9IvmTI-7ssVEm6sywXGjVJDhl6-umt1pK1ZS7PacXU3A1PmFKHEZ2w-- <- @hapi/bourne 3.0.0
+ nodelite-2-WBrLmuPP47n7PNwsZ57pqam6G-RGo1vw-87b0Blc53tZNGZ4x7YvZ6HgQe2vo1W-FR20OgjeZuGXzudPiXHFug-- <- @babel/helper-define-polyfill-provider 0.4.3 (1.0.0 is available)
+ nodelite-2-WDF-xj5rRWmD5tj6bIqRi6CkLIXbbNQUcxQHzGysQzvHmdYG2G7p-Tf0J0gpxGgkeMZNTIjT-AoSvC9Xehcgdg-- <- estree-util-to-js 2.0.0
+ nodelite-2-Wdy2Igu8OcBpI2pZePZ5oWjPC38tmDVx5WKUXKwlLYkA0ozo85sLsLvkBbBn-sZaSCMFOGZJ14fvW9t5-d7kdA-- <- ci-info 4.3.1
+ nodelite-2-WdZTbAByD-pHfl-g9QSsBIIwy8IT-EsPiKDs0KNX-zSHhdDLFKdZu0BQHljvO-0QI-BasbMSUa8wYNCZTvhslg-- <- hash-sum 2.0.0
+ nodelite-2-WFj2isz22JahUv-B788TlO3N6zL3nNJGU8CcZbPZvVEkBPaJdCV4vy5wyghty5ROFbCRnm132v8BScu5-1BQ8g-- <- eslint-import-resolver-node 0.3.9
+ nodelite-2-WfoTdSd-SvBL7BJQzr2iQ8XGhMTw9hnKQn96ztG53Hm3AzWyvDrG8FoAPpwIE6c-f9-kmFGCxMvvTVueAy-0Gw-- <- @tanstack/react-query-devtools 5.80.3 (5.90.2 is available)
+ nodelite-2-WgCkILRZfJwJ4Da92a6t3ozN-zcvYyJGUTmfGbgS-FkCcoCjl7G4FJaCDN1ySdvLvemnQeo25FdkyMSTSwulsw-- <- @smithy/node-config-provider 4.0.2 (4.3.8 is available)
+ nodelite-2-WgEyBeg6glUeTdS2XT7qeTFBthTJuXlS9GFro-DVomj7W7WMTamAwpoP4oQCq-0Ki2gvfRYFi-uZtmRE14-DFA-- <- @csstools/postcss-gradients-interpolation-method 5.0.7
+ nodelite-2-WhB9zCku7EGTj-HQQRz5aUQEUeoQZH2bWcltRErOpymJ4boYE6wL9Tbr23krRPSZ-C5zqNSrSw-Cc7sZZ4b7vg-- <- isobject 3.0.1 (4.0.0 is available)
+ nodelite-2-WhDWw1tdrlT0gMgUJSlX0IQvoO1eN279zrAUbVB-KpV2c3Tylz8-GnKOLllCS6Z-iZQEyVYxhZVUdPTqs2YYPw-- <- @babel/helper-module-transforms 7.23.0 (8.0.1 is available)
+ nodelite-2-WhYv5UEcZrbAtlsnPuChHUAsu-iBPOVaEVsntLBIdpibO0ddy8OzavZz3iL2xVvBZOpolujSliP65Kq0-7KIYw-- <- micromark-util-sanitize-uri 2.0.0 (2.0.1 is available)
+ nodelite-2-WiCJLEECkO18gwqIp6-hJg0--p23HXp4S-gGtAKu3mI2F2-sXC4FvHvXvB0zJVVaTPhx1-tOwdbRsa1sOBIKqQ-- <- tinyexec 0.3.1 (1.0.2 is available)
+ nodelite-2-WiPxgEirIV0-eIOMcnFBA3-IJZAZqKnwAwWyvvdi4lsr1WCN22nhdf-3db3DoZcUjTV2SqfzIwNyp6y2xs3nmg-- <- decamelize-keys 1.1.1
+ nodelite-2-WJgX9nzTqknM393q1QJDJmoW28kUfEnybeTfVNcNAPnIx210RXm2DiXiHzfNPJNIUUb1tJnz-l4QGtJ30PgWmA-- <- @rushstack/eslint-patch 1.10.4
+ nodelite-2-WJWKelbRHN41m5dumb0-k8TeAx7Id-y3a-Z7QfhxP-htI9Js5zYaEDtG8uMgG0vM0lOlqnmjE99-kfpOYi-0Og-- <- formidable 3.5.1 (3.5.4 is available)
+ nodelite-2-WkCGb-3ZxXepmMiX101nnGiU-1CAdut8oHyEOHxkKuS1qKpU2SMXE2uSvfz8PBuLd49V6LEsbtyPhWC7fnkgvQ-- <- @babel/plugin-transform-destructuring 7.25.9 (8.0.1 is available)
+ nodelite-2-WKgKWg5eUxvRZGwW8FvfbaH7AXSh2cL-3j5fMGzUMCxWBJ3dV3a7Wz8y2f-uQ0e3B6WmodD3oS54jTQ9HVTIIg-- <- fast-decode-uri-component 1.0.1
+ nodelite-2-WkrWp9GR4KXfKGYzOLmTuGVi1UWFfws377n9cc55-tb6DuqyF6pcQ5AbiHEshaDpY9v6oaSr2XCDidGmMwdzIA-- <- dir-glob 3.0.1
+ nodelite-2-WmSAg7WgqW7m4x8Mt4N6ZyKz0BubSj-2tVUMsAHp-Yd2AMwcSbeFq9WympT19p5heCFmF97R9eD5uUR-t4HEqw-- <- @types/react-router-config 5.0.11
+ nodelite-2-WMwm9LhRUo-WUaRN-vRuETqG89IgZphVSNkdFgeb6sS-E4OrDIN7t48CAewSHXc6C8lefD8KKfr5vY61brQlow-- <- ee-first 1.1.1
+ nodelite-2-WO8qghn9yhsldLSg80au-3-gY9E4hFxIvQ3qOmlpXnqpDKoMruKfi-56BbbMg6fHTQJ9QD3cc79PoWqlaQE4rw-- <- tailwind-merge 2.0.0 (3.4.0 is available)
+ nodelite-2-WOBp-EEGUiIsJSp7wcv-y6MO-lV9UoncWqxuFfm8eBwzWNgyfBd6Gz-IeKQ9jCmyhoH99g15M3T-QaVHFjizVA-- <- globals 11.12.0
+ nodelite-2-WPs-bbQw5aCj-x6laNGWLH3wviHtoCv-P3-otBhbOhJgG8qtpdAMlTCxLtsTWA7LH1Oh-bFCHsBn0TPS5m30EQ-- <- @types/hast 3.0.4 (3.0.5 is available)
+ nodelite-2-WPS-HvHQTYnHisLo9McqBHOJk2FkHO-tlpvldyrnem4aeQp4hai3gythswg6p01oSoTl58rcpiFAjF2br2Ak2A-- <- side-channel-weakmap 1.0.2
+ nodelite-2-WqBUSgeVwucYDP9U-xNRQam7xV8W5Zf-6Eo7T2SRVUFlhRiMNFdFz58u0KZmCVVqs2i7SHgpRnAhzRNmKfi2uA-- <- @babel/plugin-transform-sticky-regex 7.25.9 (8.0.1 is available)
+ nodelite-2-WRv5j1FsVM5FISJkoYMR6tPk07fkKT0UodruX4je86V4owk451yjXAKzKAPOs9l7y59E2viHUS9eQ-dfUA9NSg-- <- conventional-commits-parser 4.0.0 (6.2.1 is available)
+ nodelite-2-WsOqncODWRlkjwll-73bAxVW3JPChDgaPX3DT4iTTm73UmG4VgALa7LaFblP232-DN60itkOrPZ8kaP1feksGQ-- <- fs2 0.3.9
+ nodelite-2-WT-d-cgqKkkKySYmqoZ8y3pxx7lx9vVejxW-W4DOFMYVSkErR-w7mf2u8m-y4-xHe7yY9DAXQMWQhpnMuFfScw-- <- @img/sharp-linuxmusl-x64 0.33.5 (0.34.5 is available)
+ nodelite-2-WtySTkS4OKev5JtpHXnib4Gxiurzh5NCGvWrFaZ34m6JehfTUhKZvn9njTfw48t6JumVQOmrKqpmGcdwxnhqBQ-- <- fault 2.0.1
+ nodelite-2-WUj2qlxaQtO4g6Pq5c29GTcWGDyd8itL8zTlipgECz3JesAiiOKotd8JU6otB3PACgG6xkJUyVhboMS-bje-jA-- <- escalade 3.2.0
+ nodelite-2-WUjGcAqP1gQacoQe-OBJsFA7Ld4DyXuUIjZ5cc75cLHvJ7dtNsTugphxIADwspS-AraAUePCKrSVtPLFj-F88w-- <- pathe 2.0.3
+ nodelite-2-WunYko2W1NcdfAFpuLUoucsgULmgDBRkdxHxWQ7mK0cQqwPiy8E1enjuRBrhLtZkB5iScJ1XIPdhVEFK8aOLSg-- <- local-pkg 1.1.1 (1.1.2 is available)
+ nodelite-2-WuxUnVtlWL1OfZFQFuqvnvs6MiAGk9UNsBostyBOB0Is9wb5uRESevA6rnl-rkksXaGX3GzZhPup5d6Vp1nFew-- <- pretty-format 3.8.0 (30.2.0 is available)
+ nodelite-2-WuyALRjWPDGtt-wzJiadO5AXY-8hZ80hVpe6MyivgraREW751X3SbhRvG3eLKOYN-8VEvqLcf3wdnt44Z4S4SA-- <- quick-lru 5.1.1 (7.3.0 is available)
+ nodelite-2-WWdIxpyjEn-FhQJQQv9aQAYlHoNVdzIzUySNV1gHUPDSdZJ3yZn7pAAbQcV7B56Mvu881q9FZV-0Vx2xC44VWA-- <- mute-stream 2.0.0 (3.0.0 is available)
+ nodelite-2-WWM3HP-siTxzIWPNUg7hZ4XO8clKi6NoCAJJWnuRL-BAqyFXF8gC03WNyTefGoUXYc47uYgXxpKLIEvo65PEHw-- <- uni-global 1.0.0
+ nodelite-2-Wx0Kx52hxE7C18hkMEggYlEifqWZtYaRgouJor-WMdPnQyEK13vgEWyVNup7SoeeoLMsr4kf5h6dOW11I15MUA-- <- ajv-formats 2.1.1 (3.0.1 is available)
+ nodelite-2-WY-3TUME0x3KPYdRRxEJJvXRHV4PyPoUsxtZa78lwItwRQRHhd2U9xOscaT-YTf8uCXIAjeJOFBVEh-7FtD8Xg-- <- default-browser 5.2.1 (5.5.1 is available)
+ nodelite-2-WyB9TVhEFNuOSfeM3p5uI9qzLaQVrUPOMJcGnY1-mHICftEPYEpnMzXtydXBTeo8dYpqoc2552Cn42irgBf-xw-- <- nx 22.0.3 (22.3.3 is available)
+ nodelite-2-WypcfiRhfeUP9vvF0j6rw0J3hrWrw6iZv3-22h6iRMJ-8z1Tj6XfLP4DsUix5MhMPnXpiHDoKyoZ-bdCkwBCiQ-- <- url-parse 1.5.10
+ nodelite-2-X-xY82scca2tau62i9mDyU9K-I-djTMUsvwf7xnUX5GLvVzgJybOJf4Y6o9Zx3oJK-LSXg5tTZBjwzqVPaPO2g-- <- querystring 0.2.0 (0.2.1 is available)
+ nodelite-2-X2BB11YZtrRqY4EnQcLX5Rh373zbK4alC1FW7D7MBhL2gtcC17cTnr6DmfHZeS0s2rTHjUTMMHfG7gO8SSdw-g-- <- js-levenshtein 1.1.6
+ nodelite-2-X31GkEc8uk5-L387L4TVI1z7obBbN-0MRHBHfHW3uMOWkVJeSsa-grvkTvY9qyFbNshKEnqK-jLJNlY-d7jpLw-- <- zod-form-data 2.0.8 (3.0.1 is available)
+ nodelite-2-X5-4-iD-HoSeEED-uwrQ07BOQr0kEDFMVqqpBuI-RaZBpBpHCuXxo70bjar6f0b0u-DQJsJ7ssurpP0V60Az-w-- <- get-source 2.0.12
+ nodelite-2-X8U78nb8eiMiPNg3jb9zDIVuuo-rE1LjGDGu-5m5CX4UBZzjMy-klOY2fNya6x8ACyE-L3K2erO1ErheP55W-w-- <- @docusaurus/plugin-google-tag-manager 3.7.0
+ nodelite-2-X9GYgruZBSOozg4w4dzv9uOz8oK-EpPVQXkp0MM6Tsgp-nRIU9hJzJ0Pxg1aRa3xCeEQTOimZHcocQFlLwYajQ-- <- @docusaurus/cssnano-preset 3.7.0
+ nodelite-2-Xa4Nw17FS9ApQFJ9umLiJS4orGjm7ZzwUrwamcGQuHSzDyth9boKDaycYdDcZDuqYATXw4HFXgaqWTctW-v1HA-- <- path-scurry 1.11.1 (2.0.2 is available)
+ nodelite-2-XCoy-WlUr7d1-Z8GgSuXmpuUFC9fOhRXglJMx-dwLKTkL44Cjd4W1Z5P-BQZpr-cR93aGP4S-s7Ftw6Nd-kiEw-- <- is-stream 2.0.0 (4.0.1 is available)
+ nodelite-2-XdAb87RXqOqF7C6UgQG9IqpEHJvS6IOUo0bXWEAebjSSdhDjsbcqFKdHpn5Q7QHz2pGr3Zmw4wgG3LlzdyDz7w-- <- bestzip 2.2.1
+ nodelite-2-XdpJDLxfztVY59X0zPI6sibRiGcxhTPXRD3IhJmjKf2jwMvkRGV1j7loB8U-heeamoU3XvihAaGRTR4aXXUN3A-- <- express 5.2.0 (5.2.1 is available)
+ nodelite-2-Xf0nWe6RseziFMu-Ap9biiUbmplq6S9-p-7w7YXP-JBHhrUDDUhwa-vANyubuqfZWTveU--DYVGsDG7RKL-vEw-- <- require-from-string 2.0.2
+ nodelite-2-XHeJC5Bgvs8LfukDwWZp7yeqin6ns8RTl2B9avbejt6tZqsqvVoWI7ZTQrcNsfKEDWBTnTxM8nMDkO2IFFbd0A-- <- @rollup/plugin-terser 0.4.4
+ nodelite-2-XHPEwS0q6TaxcvG85-8EYkbiCux2XtWG2mkc47Ng2A77BQu9-DqIOJldST4HgPkuea7dvKSj5VgX3P1d4rW8Tg-- <- wcwidth 1.0.1
+ nodelite-2-Xj5DRdvA97yRy3wjbCH2NKXtDUwEnph6EHr5ZXszsBVKCNrKXYBjzAXqav7-Afz5WwJ-1peZoTguCEJIg7ytmA-- <- postcss-svgo 7.0.0 (7.1.3 is available)
+ nodelite-2-Xjs4Tj1zkLCnmq1ys8RRhLQPy002I6GuT-nbHVdSQmQu4yKCI0gOFbwxHdM6yYPEuE3cJx7A4wSQjCH21mUKsg-- <- @algolia/client-query-suggestions 5.20.2 (5.57.0 is available)
+ nodelite-2-XktuhWlJ5g-3TJXc5upd9Ks1HutSArik6jf2eAjYFyIOf4ej3RN-184cZbzDvbPnuTJIUhPKKJE3cIsYTiAT3w-- <- @babel/code-frame 7.22.13 (8.0.0-beta.0 is available)
+ nodelite-2-XleUoc9uwGXqjWwXaUTZAmzMcFZ5858QA2vvx1Ur5xIcixXIP-8LnFDgRplU30us6teqdlskFfu-ae4K79Ooew-- <- type-check 0.4.0
+ nodelite-2-XltmO-029X76zi0LUFmhsnanhE2wnqH1xf-WBt5K8gumQA9LnrfwLgPxj-VA-mm6wQhy-PCp7H5SS0ZPu7F2Cw-- <- @serverless/platform-client 4.5.1
+ nodelite-2-XmOWe7eyHYH14cLdVPoyg-GOH3rYX--KpzrylJwSW98t3Nk-U8XOl8FWKOgwtzdb8lXGf6zYwDUzeHMWfxasyg-- <- json5 2.2.3
+ nodelite-2-XnAIvQ8eM-kC6aULx6wuQiwVsnzsi9d3WxzV3FpWTGA19F621kwdbsAcFKXgKUHZWsy-mY6iL1sHTxWEFCytDA-- <- brace-expansion 2.0.1 (5.0.9 is available)
+ nodelite-2-Xni35NKzjgMrwevysHTCArtLDpPvye8zV-0E4EyYn43P7-7qvQwPh9BGkHewbMulVntbigmcT7rdX3BNo9wRJg-- <- tslib 1.14.1 (2.8.1 is available)
+ nodelite-2-XOfhI7GShVcKiKwmPAnWSqd2tBR0uxt-runAxttbSp-LY2U16yAVPmAf7e9q4JJ0d-xMNmpwNDLBXnmRCl3HMQ-- <- @csstools/postcss-cascade-layers 5.0.1
+ nodelite-2-XOJAuX8Q-9GT1sGxlUvaFEe2H9n50bniLZblXXsAT-BwSfFYvzSZeFG7uupwc0KbKpTnflnQ7aMwGzX6JUWliQ-- <- postcss-minify-params 7.0.0 (7.0.9 is available)
+ nodelite-2-XoqMijGZb9y3y2XskN-P1wUGiVwWZ5JmoDRwx5-3GmEplNyVM2s2Dg8ILFQm8rWM48orGy5YpI5Bl8U1y7ydlA-- <- @babel/plugin-syntax-object-rest-spread 7.8.3
+ nodelite-2-XpNj6GDQzdfW-r2Wnn7xiSAd7TM3jzkxGXBGTtWKuSXv1xUV-azxAm8jdWZN06QTQk-2N2XB9jRDkvbmQmcRtg-- <- bluebird 3.7.2
+ nodelite-2-Xq57Qd-ADpt6hibcVBO0uLG9zzRgyRhfCUgBT9s-g3-3Ivg5zDyVgLFy40ES1VdNcu8rPNSivm9A-kGP5IVaPg-- <- @cloudflare/unenv-preset 2.3.1 (2.7.7 is available)
+ nodelite-2-XQBQ3I8W1Cge0Seh-6gjj03LbmRFWuoszgK9ooCpwYIrhhoO80pfq4cUkU5DkknwfOfFteRwlZ56PYOGYyFWdg-- <- retry 0.13.1
+ nodelite-2-XQPtROaQjomnvLUSy-bALTR5VCtTVUFwYs1SblvYgLSeTo2a-bMNwUwo2piXw5rTv-FEYiy5yPSXBqg9OKUx7Q-- <- @csstools/postcss-progressive-custom-properties 4.0.0
+ nodelite-2-XRRe6Glud4rd-ZGQfiV1ruXSfbvfJedlV9Y6zOlP-2K04vBYiJEte6stfFkCP03aMnY5tsipamumUjL14fofug-- <- debounce 1.2.1
+ nodelite-2-Xs1hdnE-DyKgeHJeJznQmYMIBG3TKIHJJT95Q58nHLSrElKlGQqDTR2HQ9fx5CN-Gk6Vh-kupBTDLU11-nDk-g-- <- react-dom 19.1.0 (19.2.8 is available)
+ nodelite-2-XSnEewXmQ-veP7xX2dS5Q4yZAvO40cBN2MWkJ7D-6sW4Dg6wYBNwM1Vrnz1FhH5AdeLIlUXRI9e28z1YZi71NQ-- <- unique-filename 4.0.0 (5.0.0 is available)
+ nodelite-2-XTFYvNASMe5iPN0719nPrdItC9aU0ssC4v14mH1BCi1u0n1gAocqcujWUrByftZTbLhRtiKRyjYTSIOcr69UVQ-- <- remark-frontmatter 5.0.0
+ nodelite-2-XTIieEY-gvJ39ChLcB4If5zHtPxt3Syj5rgZR-e1ctpmK8NjPf0zFqsz4JpLJT0xla9GFDKjy8Cpu331nrmE1Q-- <- @types/aria-query 5.0.1 (5.0.4 is available)
+ nodelite-2-XVa5OPNTYUsyqG9skuUkFzAeFnEzDp8hQu7kZ0N25B1-6KjGm4hWLtURyBbsIAOekfWQ7Wuz-N-XXzgYO3deWQ-- <- @vitest/snapshot 3.1.3 (4.0.7 is available)
+ nodelite-2-XXADHxXmvT9-CRxhXg56LJovE-bmWnEWB78LB83VZTprKTmaC5QfruXocxzTZ2Kl0DNwKuBdlIhjL8LeY8Sf8Q-- <- ip-address 10.1.0
+ nodelite-2-XXOFtyqDjNDAQxVfYxuF7g9Il-IbWmmlQg2MYKOH8ExIT1qg6xc4zyS3HaEEATgs1btfzxq15ciUiY7gjSXRGQ-- <- immediate 3.0.6 (3.3.0 is available)
+ nodelite-2-XXTUwCvisa5oacNGRP9SfNtYBNAMi-RPwBFmblZEF7N7swHYQS6-Zfk7SRwx4D5j3CH211YNRco1DEMNVfZCnQ-- <- file-entry-cache 8.0.0
+ nodelite-2-XxwI8EOhVQgWp6iDL-3b0r86f4d6AX6zSU55HfB4ydCEuXLXc5FcYeOu-nnGftS4TEju-11rt4KJPTMgbfmv4A-- <- glob-parent 6.0.2
+ nodelite-2-XyLTEich2D02FODCkfdto3mB9DetWPLuTzr4tvoofe9SvyM27h4nQSbV3-iVcYQz94AFyKtqBv5pcZbj3k2hdA-- <- sembear 0.7.0
+ nodelite-2-XZYWzzRtINQLedPYlIkSkUr7m5Ddwlu99V9elh8CSygXstfv3UnWIXT0QD-wmR0VAG34d2Vx3olqcEhRRoTu9A-- <- @hapi/vise 5.0.1
+ nodelite-2-Y-arvbn-rrz3JCKl9C4kVNfTfSm2-mEp5FSz5EsZSANGPSlQrpRI5M4PKF-mJnE52jOO90PnPSc3Ur3bTQw0gA-- <- ts-interface-checker 0.1.13
+ nodelite-2-Y1JXKrfykRJGdlDwdKlLpLyMIiWqWvuSd17TvZk68PLAOGOoF4Xyav1z0Xhoi-gCYjZVeC5SI-hYFOfvXmGRCA-- <- is-async-function 2.0.0 (2.1.1 is available)
+ nodelite-2-Y22oTqIU4uuPgEemfz7NDJz6OeKf12Lsu-QC-s3BVpda64lTiMYCyGwg5ki4vFxkMwQdeZDl2adZoqUgdFuTgQ-- <- html-encoding-sniffer 4.0.0 (6.0.0 is available)
+ nodelite-2-Y2oEozpomLn7Q3HFP7dpww7AtMJplbM9lGZP6RDfHqmbeRjiwRg4n6VM6j4KLmRke85uWEI7JqF17f3pqdRA0g-- <- colorette 1.4.0 (2.0.20 is available)
+ nodelite-2-Y38VPSHcqkFrCpFnQ9vuSXmquuv5oXOKpGeT6aGrr3o3Gc9AlVa6JBfUSOCnbxGGZF--0ooI7KrPuUSztUdU5A-- <- strip-ansi 6.0.1 (7.2.0 is available)
+ nodelite-2-Y3AP9EIfYwBb4kWGb-simvPaqQoT5oJuzzj9m0i6FCY6SPvlomY2Ei4UEMm7-FXtlNJbor80ximyslzaQF6xhg-- <- @typescript-eslint/typescript-estree 8.32.1
+ nodelite-2-Y4LTamMe0DDQIIAlaer9eKebAlDSV6huy-TWhJVPlzZh2o4tRP5SQWFlLn5N0To4mDD22-qdOq-veo1cSISLgQ-- <- is-natural-number 4.0.1
+ nodelite-2-Y4XFY5VJAuw0FgAqPNd6NNoV44jbq9Bz2L7Rh-J6jLTiHBSBJa9fxqQIvkIld4GsoDOcCbvzOUAbLPsSKKg-uA-- <- @types/mime 3.0.1 (3.0.4 is available)
+ nodelite-2-Y7Wt51eKJSyi80hFrJCePGGNo5ktJCslFuboqJsbf57CCPcm5zztluPlc4-aD8sWsKvlwatezpV4U1efk8kpjg-- <- array.prototype.flatmap 1.3.3
+ nodelite-2-Y8f9qUlBzW8qauJjd-eu6jlpJZsuPJm2ZAV0cDVd420o4EdpH5RPdoCv-60-TdJflGatr4sDfpAL6ArWZbM5tA-- <- package-manager-detector 1.1.0 (1.6.0 is available)
+ nodelite-2-Y8KTSIglk9OZEr8zywiIHG-kmQ7KWyjseXs1CbSo8vC42w7hg2HgYTxSWwP0-is7bWDc1H-Fo026CpHFwm8tkw-- <- typed-array-buffer 1.0.0 (1.0.3 is available)
+ nodelite-2-YATxVxgRqNH6nHEIsvg6k2Boc1JHI9ZbH5iWFFv-MTkchz3b1ieGDa5T0a9RznNdI0KhVbdbWSN-KWWrQZRxTw-- <- @types/mime 1.3.2 (3.0.4 is available)
+ nodelite-2-YAV5V-y-XIOfd-HEVeXfPWZb8C6QLruFk9tBivoX2roQLWVq145s4uxf8D0QioCueuRzkukHUS4JIj-KVoS34A-- <- @serverless/event-mocks 1.1.1
+ nodelite-2-Yb00SWaL4F8w-K8YGhQ55-xE4RUNdMHV43WZGsiTM92gS-lC0mGsn7I4hLug7pbao035S6bj3Y3w0cUNGLfmkg-- <- @npmcli/promise-spawn 8.0.3 (9.0.1 is available)
+ nodelite-2-Yc-BQe8SvoXH1643Qez1zqLRmbA5rCL-sSmk6TVos0LWVfNIB7PGncdlId77WzLGSIB5KaWgTaNTs2lNVEI6VQ-- <- hookable 5.5.3 (6.0.1 is available)
+ nodelite-2-YcPQ8a0jwYU9bTdJDpXjMi7Brhkr1mXsXrUJvjqM2mQDgkRiz8jFaQGOdaLxgjtUfQgZhKy-O3cG-YwmgKaxLA-- <- @pnpm/network.ca-file 1.0.2
+ nodelite-2-YCS-JNFAUyr5vAuhk1DWm1CBxRHW9LbJ2ozWeemrIqpbsqKjHVxYPyi5GC0rjZIT5JxJ3virVTS8wk4i-Z-krw-- <- ajv-keywords 5.1.0
+ nodelite-2-Yd3UES5mWCSqR-qNT93S3UoYUkqAZ9lLg8a7g9rimsWmYGK8cVToA4-sF3RrshdyV3sAGMXVUmpMYOw-dLpOuw-- <- neo-async 2.6.2
+ nodelite-2-YdCgsfHkJ2jEXwR4RR3Tm-iOxSfdRt7jplS6XRh9Js9PyCR-aka-FCb6TuHT2U8gQubbm-mPmF6L7FY9d79VwQ-- <- postcss-normalize-repeat-style 6.0.2 (7.0.4 is available)
+ nodelite-2-Ye2R3--oM27jir8CzYPmuWdavTaKwNZcu0d22L9pO-vnOYE0wmrtpw79TQJa8H6gV8-i7yd-pLaqeLlA0rTMfg-- <- @testing-library/jest-dom 6.0.0 (6.9.1 is available)
+ nodelite-2-YEzuboP2qvQavAcjgQNVgsvHIDv6ZpwXvcvjmyySP2DIMuByS-6ioU5G9pYrWHM6T2YDfc7xga9iNzYOs12CFQ-- <- @babel/traverse 7.28.4 (8.0.4 is available)
+ nodelite-2-YFzFrVvpC6frF1sz8psoHDBGF7fLPc-llq-8NB43oagqWkx8ar5zYtsTORtOjw9W2RHLpWP-zTWwBvf1bCmcSw-- <- read-pkg-up 3.0.0 (8.0.0 is available)
+ nodelite-2-YgLLKmS3aUBhHaxp5hi1WJTgOUb-NCuDHzGT9z9WTt3YG-CPRhJs6nprbStx6DnWM4dh6gt7SU3sZodbZ08adQ-- <- @babel/plugin-transform-named-capturing-groups-regex 7.22.5 (8.0.1 is available)
+ nodelite-2-YgvUTfwqyc7UXVMrB-SImsVYSmTS8X-tSrtdNZMImM-n7-QTriRXyXim0mBrTXNeqzVF0KWGgHPeiyViFFrNDw-- <- yallist 5.0.0
+ nodelite-2-Yhpw4T9C6hPpgPeA28us07OJeqZ5EzQTkbfwuhsUg0c237RomFoETJgmp2sa3F-41gfLE6G5cqcYwznmeEeOlQ-- <- path-to-regexp 6.3.0 (8.3.0 is available)
+ nodelite-2-YiD0vFDj-PfHs3ZqJwPNhTYyVTb4xR6FpOI5WJ4jJHV4lgdErS-RChTCPhf1xeqxfuTSSnFA7UeqosLhBuNSqQ-- <- @rspack/core 1.2.0-alpha.0
+ nodelite-2-YItlZUOuZJCBlRaCf8Aucc1lgN41qYGALMly0qQllrxYJhiyzlI6RxOTMUvtWk-KhS8GphMDsDhKQ7KTPfEMSw-- <- @csstools/postcss-content-alt-text 2.0.4
+ nodelite-2-YJSU3tjIJf032-Aeao8SZjFOrXJbz-FACMveSMjLyMH4itQyZ2XgUIzt4y-1ISvvk5zrW4DABVT2awTCqBkx0Q-- <- @docusaurus/plugin-content-pages 3.7.0
+ nodelite-2-Yk5mLhHtfIgW2W2WQZWSg5kuMZCVbvhFmC7rV4IO2QqnZdbEFPmQnCcGMAX2z-8Qj3B9hYYNjZOhWym-RwhePw-- <- @smithy/util-hex-encoding 4.0.0 (4.2.0 is available)
+ nodelite-2-YMMxTUQV-QFSnbgrP3tjDzLHRg7vsbMn8e9HAa8o-1iXoiomo48b7sk-kkmWEuWNDPJVlKSJRB6Y2fHqdJk-SQ-- <- @docusaurus/react-loadable 6.0.0
+ nodelite-2-YmybwXUJcgGqgAp6bEsgpPXEg6dcCyPyCSr0CAAueacR-CCBi25G3V8gGQ2kRzQRBNol7VQknxMs9HvVa9Rvfg-- <- @typescript-eslint/types 8.32.1
+ nodelite-2-YntRXNngcvEvDbEjTdRWGU606eZvB5prmHG4BF0yLmVpamXbpsRJzevyy6MZVyuecgzI2AWAlvFi8DAeCqwpvA-- <- postcss-colormin 7.0.2 (7.0.4 is available)
+ nodelite-2-YPcTBDV-2Tm0VqjybVd32MHdlEGAtuxS3VAYsumFokDSMG-ROT5wawGlnHDoz7bfMcMDt9hxuXvXwoKUx2fkOg-- <- file-type 6.2.0 (8.1.0 is available)
+ nodelite-2-Yqfm-XDx0-Prh3VSeEQCPU81yC-JWZ2pDPFSS4ZdpfZhp4MkFMaDC1UqseovEKwSUpnIL7-vK-Clp7bfh0iD7g-- <- @babel/plugin-syntax-import-meta 7.10.4
+ nodelite-2-YQV9bUsemkzG81Ea295-nF-5GijnD2Af7QhEofh7xu-kvCN6RdodgNwwGWXB5GMI3NoyvQo0odNctoH-qLMIpg-- <- @types/gtag.js 0.0.12
+ nodelite-2-YrwaA0vEKazPBkn0ipTiMpSajYDSe-KjQfrjhcBMxJt-znbvlHd8Pw-Vamaz5EB4Wfhs3SUR3Z9mwRu-P3s3Yg-- <- camelcase-keys 6.2.2 (7.0.2 is available)
+ nodelite-2-Ys9K-ppnJah3QuaRiLxk-jDWOR1MekYQrlytiXxC1RyfbdsZkS5pvKAzCCr031xHixZwpnsYNT5xysdFHQaYsA-- <- react-router 5.3.4 (7.12.0 is available)
+ nodelite-2-YsGpe3WHLK8ZYi4tWDg2Jy3ebRz2rXowDxnld4bkQB00cc-1Zw9AWnC0i9ztDJitivtQvaI9KaLyKrc-hBW0yg-- <- fill-range 7.1.1
+ nodelite-2-YsmSKC29MJwf0gF8Rjjrg5LQCmyh-j-nD8-eP7f-BeoQTKYqs9RoWbjGOdy0-1Ekr68RJZMUOPVQaQisnIo4Rw-- <- @babel/compat-data 7.28.4 (8.0.0-beta.0 is available)
+ nodelite-2-YtNLNwIWs0Z2-XgBs6-LrCIGtfCDtNr4S4b6Q5HDOreEIGzSvhkef8eyBI5L-fJ2eGov4b7iEo61C4izDJS5RA-- <- @swc/core-linux-x64-musl 1.9.1 (1.9.3 is available)
+ nodelite-2-YTUo-Flmw4ZXiWfQKGcwwc11KnoRAYgzAE2E7mXKCjSviTKShtxBsN6YUUBB2gtaBzKzeKunxhUwNHQuRryhWA-- <- recast 0.23.11
+ nodelite-2-YuI2ZHQL78Q5HbhDiBA1X4LmYdXCKCMQIfw0pw7piHJwyREFebJUvrQN4cMssyES6x-vfUbx1CIpaQUKYdQZOw-- <- @humanfs/node 0.16.6 (0.16.8 is available)
+ nodelite-2-YUifsXXuknHlUsmlgyY0PKzgPOr7-FjCePfHNt0jxm83wHZi44VDMQ7-fGNkjY3-jV1MC-1CmZbaHzugyeRtpg-- <- css.escape 1.5.1
+ nodelite-2-YuSSdtgUt1dFBTNYUb-2TA5j0Hd0eDXE0bVISjUvTCqmoaGsGLwW-rKI7p1eLQ1r7RESwBAvUwcY1qP2Wl3Lyw-- <- @algolia/requester-node-http 5.20.2 (5.57.0 is available)
+ nodelite-2-YVGIj2kamLSTxw6NsZjoBxfSwsn0ycdesmc4p-Q21c5zPuZ1pl-NfxVdxPtdHvmNVOQ6XSYG4AUtyt-Fi7D16Q-- <- wrap-ansi 7.0.0 (9.0.2 is available)
+ nodelite-2-YvjJow9FxbhFFKDSuFnVCe2WxXk1zWc22fFePVNEaWJEu8IrZVlda6N0uHwzZrUM1il7NC9Mlp4MaJYbYd9JSg-- <- @babel/helper-validator-option 7.27.1 (8.0.0-beta.0 is available)
+ nodelite-2-YwJwe5a51WlK7KbOJREPdjNrpViQBI3p4T50lfwPuDhZnE3XGVTlGvi-aolc5-RvxDD6bnUmjVsU9n1eboLUYw-- <- safe-regex2 5.0.0
+ nodelite-2-Ywtl837OGO9pTLIN-onoWLmDQ4zFUycI1g76vuKGEz6evR-ZTJlJuz3G-fIkb6OVBJ2g0o6CGJzaEjfmEo3AHA-- <- @svgr/plugin-svgo 8.1.0
+ nodelite-2-YWWTjgABSKcvs-nWBi9PycY-JiPJqOD4JA6o9Sej2AtvSGarXxKC3OQSk4pAarbdQlKAh5D4FCQkJNkW-GAn3w-- <- qs 6.14.0
+ nodelite-2-YXHu5lN8kJCb1LOb9PgV6pvak43X2h4HvRApcN5SdWeaItQOzfn1hgP6jasD6KWQyJDBxrVmA9o9OivlnNJK-w-- <- @babel/runtime-corejs3 7.26.0
+ nodelite-2-YXxSlJBZTP7RS3tWnQw74ooKa6L9b9i9QYXY21eUEvhZ3u9XLfv6OnFsQq6RxkhHygsaUMvYsZRV5rU-OVNZxw-- <- html-minifier-terser 6.1.0 (7.2.0 is available)
+ nodelite-2-YYCIBh9g1EQo7hm2l22HX5Yr9RoPQ2RCvhzKvF1n1e8t1QH4iObQrYUtqHG4khcm64Cft8C5MwZmgzHbya5Z6Q-- <- @aws-sdk/node-config-provider 3.272.0
+ nodelite-2-YZo3K82SD7Riyi0E1EQPojLz7kpepnSQI9IyPbHHg1XXXevb5dJI7tpyN2ADxGcQbHG7vcyRHk0cbwqcQriUtg-- <- safer-buffer 2.1.2
+ nodelite-2-YZWOw4HxXrotb5xsjMJUDlLgcDXSfO9eCmdl1bgW4--lAGdkjaEvOnQ4p5WKKdUgSzO39dgPl0pTnfxm0OAXcg-- <- @babel/plugin-transform-nullish-coalescing-operator 7.22.11 (8.0.1 is available)
+ nodelite-2-Z-yiTPj-lDVnF7lWeKCIJzaIkI0vYO87dMpZ4bg4TDrFe4XXLFWL1TbXU27gBP3QccxV9mZICCrnjnYlJjXHOA-- <- @babel/types 7.26.0 (8.0.4 is available)
+ nodelite-2-Z0DbgELS9-L-75wZbro8xAnT50pBVFQZ-hUEueGDU5FN51YSCYM-jdxsfCiHjwNP-4LCDD0i-graKpeBnOXKRA-- <- utila 0.4.0
+ nodelite-2-Z14TF2JNG8Lss5-HMqt0--T9JeHXttXy5pH-DBU4vi98ozO2btxzq9MwYDZYnKwU8nRsz--GVFVRDq3DkVuSPg-- <- is-typed-array 1.1.12 (1.1.15 is available)
+ nodelite-2-Z1NL3Tb1M9wH4XESsCDEksWoKTdlUafKc4pt0GRwjUyXaCFZ-dc3g2erqB6zm3szA2IUSi7VnPI-o-9jnxh9hw-- <- markdown-table 3.0.3 (3.0.4 is available)
+ nodelite-2-Z5kx79swU5P27WEayXM1tBi5Ze-lbIyiNgU3qyXUOf9b2rgXYyF9Dy9Cx-IQv-Lc8WCG6L82zwUPpSS9hGehIg-- <- function.prototype.name 1.1.6 (1.2.0 is available)
+ nodelite-2-ZA6oR3T-pEyuqwMgAKT0-hAv8oAXckzbkmR0UkUosQ-Mc4RxGoJkRmwHgHufaenlyAgE1Mxgpdcrf75y6XcnDg-- <- slash 5.1.0
+ nodelite-2-ZAoA40rNMPwSm-AeHpCq8STiNAwzWLJuP8Xv4CHIc9wv-PSuExjMrmjfYNj682vW0OOiZ1HKxzvjQr9XZIisQA-- <- @eslint/plugin-kit 0.2.8 (0.7.3 is available)
+ nodelite-2-ZClg6AaYvamvYEE82d3Iyd3vSSIjQ-odgjaTzRuO3s7toCdFKczob2i0zCh7JE8kWn17yvAWhUVxvqGwUalsRA-- <- json-stringify-safe 5.0.1
+ nodelite-2-ZCuvfwOwlz-bawvAuvcj8rrithP2-N55Tzz342AkTvq4qaWbGfmCk-tKhNaV2cthijKrPAA8SRJV5WWe7IBMJw-- <- @babel/traverse--for-generate-function-map 7.25.9
+ nodelite-2-ZDY-bPm5zTTF-YpCrAU9nK0UgICYPT0QtT1NZWFv4s--TNkcgVaT0g6-4R2uI4MjQjzysHB1zxuWL50hzaeXiw-- <- mime-types 2.1.35 (3.0.2 is available)
+ nodelite-2-ZF1nxZ28VhQouRWhUcVlUIN3qwSgPuswK05s-HIaoetAoE-9tngVmCHjSxmSQPav1nd-lPtTL0YZ-2AFdR-iYQ-- <- json-parse-even-better-errors 5.0.0
+ nodelite-2-ZGhA37l0e-g2s1Cnzdix0O3aLYm66eF8aufiVteOgnwxgnRP8GoyMj7VWsgWnQbVKXyge7hqrFh2K2TQM6t1Hw-- <- @babel/generator 7.27.5 (8.0.0-beta.4 is available)
+ nodelite-2-ZI3LnwUv5nOGbQzD9c2iDG6toheuXSZP5esSHBjopsXH4dg19soufvpUGA3uohi5anFtGb2lhAVdHzH6R-Evvg-- <- peek-readable 4.1.0 (5.4.2 is available)
+ nodelite-2-ZI9jvcLDxqwaXEixOhArm3r7ReIivsXkpbyEWyeOhzz1QS0iSgBPnWvEqvIQtYyamGCYA88gFhmUrs9hrrQ0pg-- <- combine-promises 1.1.0
+ nodelite-2-ZMERYes6pDydyuGidse7OsHxtbI7WVeUEozgR-g7rd0xUimYNlvZRE-K2MgZTjWy725IfelLeVcEM97mmtRGXw-- <- is-binary-path 2.1.0
+ nodelite-2-ZOJ46sMOKUjO3e94wPdCzQ6P1Lx-vhp2RSvfaab88Ajexs0AHeV0uasYhi99WPaogmBlRHNRuly8xV75cNTMDA-- <- @vue/compiler-dom 3.5.13 (3.5.27 is available)
+ nodelite-2-ZOQSsnce92GrxSqlnEEseX0gi7GH9zTJZ0p9dtu87WRb-37mMPO2Ilx1s-t9vBHrFhbgweUwb-t7cIn5dxPhZg-- <- unist-util-is 4.1.0 (6.0.1 is available)
+ nodelite-2-ZQBvi1DcpJ4GDqanjucZ2Hj3wEO5pZDS89BWbkcrvdxksJorwUDDZamX9ldFkp9aw2lmBDLgkObEA4DWNJ9FYQ-- <- core-util-is 1.0.3
+ nodelite-2-ZR1jHg-wZ8o4c3zqf1SIUSTIvm-9mU343FMR6Obe-unskbvpGhZOo1J6d-r8D1pzkRQYuwbcH3hToOuoA2G7oQ-- <- cssnano-utils 4.0.2 (5.0.3 is available)

Done in 1.9s
