Progress: resolved 1, reused 0, downloaded 0, added 0
Packages: +250
++++++++++++++++++++++++++++++++++++++++++++++++++++++++++++++++++++++++++++++++
Progress: resolved 250, reused 0, downloaded 248, added 246
Progress: resolved 250, reused 0, downloaded 250, added 250, done

dependencies:
+ nodelite-2-bbv7TPv-WC49thZPg3jXuqzuvI45IL2EVAr-KxF0BSdHsU0ceFHOmwQn6evxAh1GaoK-6GQ1wp4R4oW2-LFL-A-- <- mdast-util-to-markdown 1.5.0 (2.1.2 is available)
+ nodelite-2-bdok-XvKII3nUpklnV6P2hxtMNrCboOjAcyBuQnWEhO665FwrSNRxU-AqpsyvO6LgGYPspN-lu5CLtw4jPRKNA-- <- normalize-range 0.1.2
+ nodelite-2-beMpP7BOtTipFuW8hrJvREQ2DrRu3BE7by0ZpibtfBA-qfHYvMGTc2Yb1JMYPKg-JUw0CHYvpg796aNTSW9z7Q-- <- clone-regexp 2.2.0
+ nodelite-2-bf6YKUv11l5Xfcmg76PyWoy-e2vbkkxFNBGJSnfdSXQC33ZiUfutYh6IXidc5MhsnrFkWfdNNLyaRk-kHMLlwA-- <- turbo 2.6.3 (2.7.6 is available)
+ nodelite-2-bhAXu23DJWsrI45xafYpkQ4NtcKMwWnAC-vKrd2l-nxMFuvOT3XMYTIj2opv8vq8AO5Yh7Qac-nSeP-3zjTK0w-- <- @types/d3-selection 3.0.11
+ nodelite-2-bhhdtPw7JqCiEfC9Jimx5LqX9BDIPJEh2q-fQ4bqbBPtyEZYr3cvF22NwG0DmPZNYA0CAf2CnqDB4KIGGpJcaw-- <- @types/multer 1.4.13
+ nodelite-2-bijHueCGd0LqqNK9b5oCMHc0MluJAx0cwqASgbWMvkO01lCYgIhacVRLcaDz3QnyYIRNJRDwMb41VuT6pHJ91Q-- <- fastest-stable-stringify 2.0.2
+ nodelite-2-bJzx6nMoP6PDLPBFmg7-xRKeFZvFboMrGlxmNj9ClvX53KrmvM5bXFXEWjbz4cz1AFn-jWJ9z-DJSz7hrs0w3w-- <- map-age-cleaner 0.1.3
+ nodelite-2-bKaEvB5tHebUURAEXw35LDcnRZLq3x1k7GxfAqBMzmpHkDGzjAtnUL8y4y5N15rIFIg5IJgwr211jInl3cipag-- <- rc-input-number 9.5.0
+ nodelite-2-bKbaUxMNLjZMMowgcrc4l3aQSPiMLiceZD-mp-AKF8Si0mtyR2DYVdxzS2XBxXYDeW-VvfZy40lNxHRiY6MMTg-- <- hast-util-raw 8.0.0 (9.1.0 is available)
+ nodelite-2-bKr1DkiNa2krS7qxNtdrtHAmzuYGFQLiQ13TsorsdT6ULTkPLKuu5-GsFpDlg6JFjUTwX2DyhMPG2be8uPrqsQ-- <- web-namespaces 2.0.1
+ nodelite-2-bkxnTg1kSU0guhIBmibA6UUhrQmPVA1XsQLN-ylCd-UWzbnLkySOcXpyk1mrl05f-pcaCx2eHb-sp6BgMZWX-Q-- <- svgo 4.1.0
+ nodelite-2-bl6mpH3T7I3UFxuvDEXLxy-VuFxBk5bbzplh7tXI68mwMokNYd1t9qPBHlnyTwfa4JGC4zP516I1hYYtQ-vspA-- <- tailwindcss-animate 1.0.7
+ nodelite-2-bLGGlR1QxBcynn2d5YmDX4MGjlZvy2MRBDRNHLJ8VI6l6-9FUiyTFNJ0IveOSP0bcXgVDPRcfGqA0pjaqUpfVg-- <- sisteransi 1.0.5
+ nodelite-2-bLSptAy2P0s6hU4PzuIMKmMJJSE6gLXGH1cntDu7bWJUksvuM-7ReOK61mozULErYvP6a15rnYl0zFDef-pyPw-- <- clean-git-ref 2.0.1
+ nodelite-2-bOMRLQuI0A5ZqHq3OWJ89-rXpJ-NJrbVhXiP4zwPGMs6kpcVsuTUNjwoE30K0Qm3mf48a-TnRYYD6vPNqcg6jA-- <- @babel/plugin-transform-property-literals 7.29.7 (8.0.1 is available)
+ nodelite-2-bpIxvq03if6UNwXZ-HTK71JLh4APvnXntDc6XOX8UVq4XQOVl7lwok0AvIl-b8zgCw3fSaVTZMpAPPagXbKmHQ-- <- @radix-ui/react-portal 1.1.9
+ nodelite-2-bPWa0Pgx69ylNlMlPvBPryqeLYQjyJjqPx-Aupm5zydLIF3NE-6MMLT8Yi23Bd9cif9VS00aUebn-6fDIGBcDA-- <- @lezer/lr 1.4.8
+ nodelite-2-brcMGQaVzIeUb-6-bs1Av0f8YuNNjKY2JyvfRCsFuFsdKccEQ5Ges2y74D74NZ1Rz8lKJ9ksJkfqwQFJ-iNEyQ-- <- @babel/helper-skip-transparent-expression-wrappers 7.29.7 (8.0.0-beta.0 is available)
+ nodelite-2-bRISgCIjP20-tbWSPWMEi54QVPRZExkuD9lJL-UIxUKtwVJA8wW1Trb1jMs1RFXo1CBTNZ-5hpC9QvmKWdopKw-- <- @jridgewell/resolve-uri 3.1.2
+ nodelite-2-brv7p5WgH0jmQJr1ZDDfKDOSeWWg-OVypG99A-5vYGPqJ6pxiaHLy8nxtFjBA7oMa01ebA9gfh1uMCFqOuXxvA-- <- simple-get 4.0.1
+ nodelite-2-bSjt9pjaEBnNiGgc9rUiHGKv5l4-TGzDmYw3RhnkJGtLhbnnA-5qJj7x3dNDCRx-PJxu774LlH8lCOlB4hEfKg-- <- unrs-resolver 1.11.1
+ nodelite-2-bsTwuIg-BZZK-vreVTYYbSWoe2F-71P7K5QGEX-pT250DZbfU1MQ5prOKpPR-LL6uWKK3KMwMCAS74QB3Um1uw-- <- caniuse-api 3.0.0
+ nodelite-2-bSVhyJGL00wMVoPUzAVAnbEoWyqRxkjv64tUl427SKnPrENtq6hJwUojroMz2VB-Q1edmi4IfrAPpami5VVgMQ-- <- postcss-load-config 4.0.2 (6.0.1 is available)
+ nodelite-2-bSxY2ws9OtviILG1EiY5K7NNxkqg-JnRnFxLtKQ96JaviiIxi7djMrSd0ECT9AC-lttClmYwKw53BWpOMblo7A-- <- change-case 4.1.2 (5.4.4 is available)
+ nodelite-2-bt-Sh8CtDmn2OajxvNO-BX7Wn4CIWMpTRm3MaiKPCQcnnlm0CS2mhui6QaoeQugs-3Kj2ESKEEGJUdVafwhiCg-- <- eslint-rule-composer 0.3.0
+ nodelite-2-btHMApW2bgolvClhRW8AlQJzgI9lUB3pPSofBQQT-E46GWvf9o0TVQ13SYv5riWZVFyPN-JNz3TKW9XhBlc10w-- <- sass 1.104.0
+ nodelite-2-bTlAFB-FBYMcuX81gbL4OcpH5PmlFHqlCCpAl8AlEzMz5k53oNDvN8p1PNOWLEmI2x4orp3raOFB51tv9X-MFQ-- <- typed-array-byte-offset 1.0.4
+ nodelite-2-buewHzMvYL29jdeQTVILecSaZKnt-RJWjoZCF5OW60Z67-GmSLBkOFM7qh1PI3zFNtJbaZL5eQu1vLfazOwj4g-- <- formdata-polyfill 4.0.10
+ nodelite-2-buhp5kePrmda3vhc5B9t7pUQXAb2Tnd0qgpkIhPhkHXxJpiPJ11H0ZEU0oBpJ2QztSbzG-ZxMj-CHsYJqRHmyg-- <- comment-parser 1.4.1 (1.4.5 is available)
+ nodelite-2-buRG0fpBtRHSTCOASe6hD258tEubFoRLb4ZNA6NxMVHNw2gOcwHo9wyablzMzOA5z9xA9L1KNjk-Nt6MT9aYow-- <- forwarded 0.2.0
+ nodelite-2-bV0Tgo9K4hfPCek-aMAn81RppFKv2ySDQeMoSZuvTASywNTnVJCArCZE2FWqpvIatKu7VMRLWlR1EazvVhDyhQ-- <- @humanwhocodes/retry 0.4.3
+ nodelite-2-bVcMJy4X5Og6VZfdOZstSexlEy20Sr0k-p-b2IlQJlfdKAQuMpiv5w2Ccxb8sKdRUNAG1PnHVHjFSdRDVS6NlQ-- <- is-lower-case 2.0.2
+ nodelite-2-bVWawvoZoBYpp6yIoQtQXHZjmz35RSVHnUOTefl8Vcjr8snTPY1wnpSPMWekcFwbxI6gtmT7rSYPFvz71ldiOA-- <- pure-rand 6.1.0 (7.0.1 is available)
+ nodelite-2-bvWbzG4MtOU62XqBx3Xx-zB2raaFFsq4mYiAzfjXJMEz2sixgeAfraA3tvzULF02ZdOMUOKTBFFaZJDDrq-BJQ-- <- react-markdown 8.0.7 (9.1.0 is available)
+ nodelite-2-bwALDxriqfKGfUufKGGepCzu9x7nJQuoRoAFp4AnwehhC2crqrDIAP-uN2qdlsAvSMpeRC3-Yzhqc7hLmle5-g-- <- oniguruma-to-es 2.3.0 (4.3.4 is available)
+ nodelite-2-bWdeR8gWM87l4DB-kYSF9A-dVackzDb-V56Tq7QVrQ7rn86W0rgZFtlL3g3pem6AeGcb9NQNoy3ao4WpW4h5tQ-- <- @codemirror/view 6.39.11
+ nodelite-2-bwLf38YmY-TDYHJw1Ex0Co8c4yeXuJAo8YnXGZrscxrvYoVVIvLeniEkV1Ks-54VteMnL4FtyN1-P-TZJdUPmQ-- <- svg-parser 2.1.0
+ nodelite-2-bWnjSNscmuI-GJze6ZupnHP8G-cTcsJF-bXCeQknk2SHQsgbNJnLrqiH9jZ2W4STPVXH2mDKKRX3iwPhc9Cn-Q-- <- terser 5.51.2
+ nodelite-2-bXE4cR-kVZhKZX-RjPEflHaKVhUVl85noU3v6b8apfQEc1x4A-zBxjZ4lN8LqGd6WZ3dl98pY4o717VFmoPp-A-- <- zwitch 2.0.4
+ nodelite-2-bxveV4V8v5Yb4ncFTT3rPSgZBOpCkjfK0y4oVVVJwIuDVBRMDXrPyXRL988i5ap9m9bnyEEjWfm5WkBmtffLfA-- <- @humanwhocodes/module-importer 1.0.1
+ nodelite-2-bYJ0vgAiGbjCBKi7B07CzsBc9eM84nLEbavUmwNp8rAa-PNyrgdH-6PpnqTtciLuUs99c4rFQQmCaYgeBQYmSQ-- <- postcss-sorting 6.0.0
+ nodelite-2-bYsvMqJ8yNGILLz1KP9zKLzQ6YpljV3ln1gqhuLkUtyfGi3qXKGuK2p-U4NAvjVFzDFiBBtOpCOSFNuYYEGZ5g-- <- bin-version-check 5.1.0
+ nodelite-2-bzh50DW9kTPM00T8y4o8vQg89Di9oLJVLW-KaOGIXJWP-iqCN6WKYkbNOF04vFLJhwcpYUh9ydh--5vpOqV4YQ-- <- grapheme-splitter 1.0.4
+ nodelite-2-bznkzu6dSjIOj9121JWNJ0ohiUFatKWbl25Wc7riyoAxy0hiHSpzpPmoE4fX1r3IaThCy643YpHwLSt133WMlQ-- <- @udecode/plate-combobox 48.0.0
+ nodelite-2-bzyZ1e88w9O1iNJbKnOlvYTrWPDl46O1bG0D3XInv-9tkPrxrN8jUUTiFlDkkmKWgn1M6CfIA13SuGqOa9Korw-- <- signal-exit 4.1.0
+ nodelite-2-c-A0P0oxkACDc-cKWw8evLXK83oBKgn0qPOqCYT4x9uolpCIJAcYvJC9QYKNDRPsTeGyCrQ326jrvgZWdCdK5Q-- <- es-iterator-helpers 1.4.0
+ nodelite-2-c-c15i26VrJ4IRt5Z89DnIzCGDn9EcebibhAOjw5ibqEHsE1wLUgkPn9RDmNcUKyU87GeaL633nyJ-pplFR2ZQ-- <- globals 16.5.0
+ nodelite-2-c1PTsA3tYrIsLGkJkzHF-w9F2EyxfXGo4UyJc4pFL--FMjnq0HJS69T3M7d--gKrFKwy429bouPescbjecU-Zw-- <- trim-newlines 3.0.1 (4.0.2 is available)
+ nodelite-2-c3cVx2y4KqUnwopcO9b-SCdo2O67LwJJ-UyqGfbigahfegL9myoEFoDYZgkT7f36T0bLrM9hZTAaAyH-PCAXjw-- <- micromark-util-encode 2.0.1
+ nodelite-2-c3Q2VVkGAUyupsjRnaNX6u8Dq2vAdzm9iuPj5FW0fRxzlxgq9Q39MDq10IvmQSpLgHQNyQzQmOo6bgGHmH3NNg-- <- core-js 3.47.0
+ nodelite-2-c4FRfUm-dbcWZ7U-1Wq0AwCyFL-3nt2bEw05wfxSz-DWpWsitgmSgYmy2dQdWyKC1694ELPqMs-YzUSNozLt8A-- <- node-fetch 2.7.0 (3.3.2 is available)
+ nodelite-2-c5AMf34bKdvPhQ7tBGhqkgKNUzMr4WUs-WDtC2ZUGOUncbxKMTvqxYctiseW3-L4bA8ec-GcZ6-A-FW4m8ukng-- <- array-ify 1.0.0
+ nodelite-2-c6fcElNV6ShtZXmsgNgFFV5tVX2PaV4g-MOAkb8eXHvn6sryJBrZa9r0zV6-dtTyoCKxtDy5tyQ5ZwQuidtd-Q-- <- decode-named-character-reference 1.2.0 (1.3.0 is available)
+ nodelite-2-c7-7RQ-dMB5dPwwCp4ee1-iV-q2P6aK1mTZcfr1BTuVlyW9hJYiMPybJCcnBlQtuSmTIWNeazm-zqNoZSSElBg-- <- nanoid 5.1.6
+ nodelite-2-c83qWb22rNRuB0UaVCI0uRPNRr8Z0FWnEIvT47jiHAmOIUHbBOg5XvV7pM5x-rKn9HRpjxquDbXYSXr3fAKFcw-- <- @pnpm/npm-conf 2.3.1 (3.0.0 is available)
+ nodelite-2-c8J4roPBILnelAsdLr4XOAR-GsTm0GJi4XpcfvoWk3U6KiTCqiFYc63KhRMQQX35jYMp4Ao8Ij9-IZRgMfJp1g-- <- @csstools/postcss-unset-value 1.0.2 (4.0.0 is available)
+ nodelite-2-c9bZp7b5YtRj2wOe6dlj32MK-Bx-M-d-9VB2SHM1OtsUHR0aV0tdP6DWh-iMt0kWi1t5g1Iudu6hQRNd1A4PVA-- <- widest-line 5.0.0
+ nodelite-2-ca9pw9fomFcKPvFLXhBKUK90ZvGibiGOvRJNbjljY7s7uq-5YO4BOzcYtJqExdx99rF6aAcnRxHmcUHcz6sQsg-- <- esquery 1.6.0 (1.7.0 is available)
+ nodelite-2-cAGWPIyOHU6zlmg88jwm7VRyXnMN7iV68OGAbYDk-Mh-xC-pzVPlQtY6ngoIH-5-tciuhGfvESU8GrHrcxD56w-- <- test-exclude 6.0.0 (7.0.1 is available)
+ nodelite-2-cBhpre4ma-U0T1oM5fXg7Dy1Jw7zzwv7lt-GoCpr-hDQJoYnKVPLL4dCvSEFMmQurOQvSrwT7SL-DAlhBI97RQ-- <- ansi-escapes 3.2.0 (7.3.0 is available)
+ nodelite-2-cbqHunsQWnJNE6KhVSMsMeH5H-L9EpymbzqTQ3uLwNCLZ1Q481oWaofqH7nO6V07xlXwY6PhQdQ2IedWx-ZK4Q-- <- spdx-expression-parse 3.0.1 (4.0.0 is available)
+ nodelite-2-cBznnQ9KjJqU67B52RMC65CMarK2600WFnbkcaiwWq3xy-5haFJlshgnpjovMVJ-Hff49d8GEn0b87C5pDQ10g-- <- semver 5.7.2 (7.8.5 is available)
+ nodelite-2-cctsq2wp5vTsLIcaymblUriiTcZd0CwWtCbLvrOzYCDZoWyMNV8sZ7krj09FSnsiJi3WVsHLM4k6Dq-yaPyCXA-- <- mdast-util-to-hast 13.2.1
+ nodelite-2-ccUbYk6CwVdkmCQMyr64dXz42EfHGkPQlBj5p7YVGzq8I7CtjXZJrubAYezf7Rp-bjPseiROqe7G6foFd-lEuw-- <- micromark-util-decode-numeric-character-reference 2.0.2
+ nodelite-2-cdEprVtZxV-awMde9X-4jILBFYh4CARxVrQaMl4wY4YcPWbul9jntXrIW95NInBDyJwcVUP3U0T6yukN8rMBaQ-- <- probe-image-size 7.4.0
+ nodelite-2-cdGef-drWFoydD1JsMzuFf8100nZl-GT-yacc2bEced5f9Rjk4z-WtFUTBu9PhOi9j-jfmBPu0mMEY4wIdAF8A-- <- process 0.11.10
+ nodelite-2-cE1qsB-VwyQozZ-q1dGxR8LBYNZeofhEdUNGSMbQD3Gw2lAzX9Zb3uIU6Ebc-Fmyjo9AWWfnn0AUCHqtevs-8g-- <- fd-slicer 1.1.0
+ nodelite-2-cElUNH-sHu95L04m92pG73t2MEJXKu-GeKUN1TJkFsu93E5W8E9Sc3kHEGJKgenGvj19m6upSn2EunvMgMD2Yw-- <- d3-binarytree 1.0.2
+ nodelite-2-ceqxoedUrcayh7Y7ZX6NdbbDzGROiyVBgC4PriJThBKSVPWnnFHZAkfI1lJT8QFkOwH4qOS2SJkS4wvpGl8BpA-- <- esbuild 0.18.20 (0.28.2 is available)
+ nodelite-2-cFCkPslJv7BAXJsYlK1dZsbP8-ZNLkCAQ0bi1hf5EKX2QHegmDFEFA6QhuYJlk7UDdc-02JjO80YSOrWPpw06g-- <- rimraf 6.1.2
+ nodelite-2-cfO82V9zxxGBxcQDr1lfaYB7wykTa0b00mGa36FrJl7iTFd0Z2cHfEYuxcBRP-iNijCsWsEkA-jzT8hGYmv33w-- <- @eslint/compat 1.4.1 (2.0.1 is available)
+ nodelite-2-cFOlhIYPBv-iBoc-KS3M6et2XPtbT2HiCRfBXWtfpc9OAyostldxIf9YAYB6ypURBBbx-Qv6nyrLzASfJe-hBA-- <- @babel/plugin-transform-classes 7.28.4 (8.0.1 is available)
+ nodelite-2-cFUGqh3Dau-SD3Vq9EFlZrhzYfaHKyOJveFtaCR-U5Cn-S68p7oy-vQBIdwtO6J2J58FncnwBbVRfr-IvVfZqQ-- <- @graphiql/toolkit 0.8.4
+ nodelite-2-cG0QJAO6VkaRUlIb0zOzX9gfJgs1pjoOL9gZ-PK1kfvBs0GCkADu5oQh6gPxXgQnZ3gV575h-lQRC0NlMDTclA-- <- @colordx/core 5.8.0
+ nodelite-2-cgwlv-1iFQiFnU96XXgROh8xTeetsnJiDsTc7TYCLFd9--WNkIqPTxiM-8pSd8VIrhXGTf1Ny1q1hquVqDJB5w-- <- domhandler 5.0.3
+ nodelite-2-chhaNf2oKHlRkDGt-tiKE2Z5aJ6qalm7Z9rlLdBwmOiAAf09YQvvoLXjWK4HWPF1xU-fqvMgfNfpVoBscA-tKA-- <- @types/tmp 0.2.6
+ nodelite-2-cHOVCkiRazobgdKLnczmz2oaKK9GJOw6ZyRcaPdssO1ej-wzHVIkWiCiNacb3TTYPdzMddYkCgMjZ4r8C0JFCw-- <- @vitest/runner 0.32.4 (4.0.7 is available)
+ nodelite-2-ci2iJH6LeIkvP9eJW6gpueU8cnZhv85ELY8w8WiFtNjMHA5ad6pQLaJo9mEly-9qUyCpvqX8-POVUTf18-HFdw-- <- chevrotain 11.0.3
+ nodelite-2-cisd7gxkzjBKU2GgdYrTdtQx1SORymWyaAFhaxQPK9bYO9ot3Y5OikQRvY0VYQtvwjeQnizCINJAenh-V7MK2w-- <- @types/react 18.3.27 (19.2.9 is available)
+ nodelite-2-cJ-oHTW1VAEa8cJslgmUZrc-sjRKgAKl3Zyse6-PV38hZe-V6Z14TbCuXcan9F9ghlz4QrFr2c92TNF82UkYHA-- <- proxy-from-env 2.1.0
+ nodelite-2-cjgWNriVhA2BSp3haMB-lrJ-DEszVx1xRg-Vhei2rW-yVa2DYQT8tg2hQqlgnolgZ-yQpWu8eLfWZOH2pUSkuA-- <- @udecode/plate-trailing-block 48.0.0
+ nodelite-2-cjQ7ZlQ0Mv3b47hABuTevyTuYN4i-loJKGeV9flcCgIK37cCXRh-L1bd3iBHlynerhQ7BhCkn2BPbQUL-rGqFg-- <- @babel/code-frame 7.27.1 (8.0.0-beta.0 is available)
+ nodelite-2-cK0pekc1Kjy5w9V2-n-8MkZwusa6EyyxfeQCB799CQRhRt-CqYKiWs5adeu8Shve2ZNffvfC-7J64A2PJo1W-Q-- <- pino-std-serializers 4.0.0 (7.1.0 is available)
+ nodelite-2-cKV8tMCEpQs4hK-ik71d6LrPOnpkpGBR0wzxqr68g2m-LB2GxVYQroAjMJZRVM1Y4BCjCKc3vAamxSzOY2RP-w-- <- brorand 1.1.0
+ nodelite-2-cMlDqaLEqfSaW8Z7N5Jw-lyIW869EzT73-F5lhtY9cLGoVxSXznfgfXMO0Z5K0o0Q2TkTXq-0KFsdnSe3jDViA-- <- picocolors 0.2.1 (1.1.1 is available)
+ nodelite-2-cnqkuOtZLapWYZUYM5rVIdv1nXYuFVIltZ6ZJ7nIj585QsjKM5dhL2Fu-lICXZ1OyIAFc7Qy-bvDAtTXqGrlhg-- <- @babel/plugin-transform-block-scoped-functions 7.27.1 (8.0.1 is available)
+ nodelite-2-cntlB5ghuB0iuO65Ovoi8ogLHiWGs-5yNrtUcKjFhSSiVeAIVpD7koaSU9RM8mpXw5YDi9RdYXGQMaOURB7ycQ-- <- inquirer 6.5.2 (9.3.7 is available)
+ nodelite-2-coUfuoMeIB7B8-NMekxaDzLhaYmp0HZNPEjYRm9goRou8UZIC3z21s0sL9AWoCw4EG876QyO3kYrc61WNF9B-w-- <- @peculiar/json-schema 1.1.12
+ nodelite-2-coWpDLJ410R781Npmn-SIBZEsAetR4xVi0SxLMXPaMO4lSf1MwnkGYMtkFxew0Dn8B3-CpbpYxN0JCgg8mn67g-- <- babel-plugin-polyfill-corejs3 0.14.2 (1.0.0 is available)
+ nodelite-2-cq6TTu6qKSFUHwEahi68k-kqN2mfepjkGrG9Un70cgdRRKLKY6Rf8P8uvP2NvZktaQZNF3YE7agEkLj0vGK9bA-- <- pdfast 0.2.0
+ nodelite-2-cQbnVbq0rrBwNAKegIac-t6a8nWoUAn8frnkLFW6YARaRmAQr5-Eoe6Ln2fqkUCZ40KpdrKbpSAmgrkviOxuWA-- <- @docsearch/css 3.9.0 (4.5.3 is available)
+ nodelite-2-cqefuRsh12pWyGsIoBKJA9luFu3mRxCA-ORZvA4ktLSzIuCUtWVxGIuXigEwO5-ywWFMZ2QEGKWvkZG1zDMTag-- <- @tsconfig/node12 1.0.11
+ nodelite-2-cQFszjyUCI0M55AX0HMw7kEHuu9s-sywLo3r19WNRqh3FnA0UcoZeSrPMarCgWf-5NJ-CUwsVamFL1sjUI170Q-- <- @antv/g-plugin-device-renderer 2.6.1
+ nodelite-2-cqpcw-dXxbnPtNnzeeSyWprjmuFVpHJqKcs7Jym5oXlu-ZcovEASUIUZVN3OGEM6Y-OTyyw0z09tOHNt5yBAVg-- <- turbo-linux-64 2.6.3 (2.7.6 is available)
+ nodelite-2-cr-SlUEe5zOGmzvj9bUyC4LVvkNVAXu4GytXLNMr1pny-a65MpQ9IJzFHD5vi7FyJgb4qt27-eS3TuQnqB-RQw-- <- is-redirect 1.0.0
+ nodelite-2-cR-vflFyPZtrN6b38ZyWxpWdhlXrzZEBawlpBQMq7033xVY7-kg0GDMBK5jg8lDYQckdJ5x-YC88lM3C7VMsLg-- <- fs-exists-sync 0.1.0
+ nodelite-2-crQ7Xk1m-F2IiwBx5oTqk-c0hjoumrEz-a36-ZoVupskQRE-q7pAwHKsTNeiZ31sbSTELvVlVv4h1W0Xo5szKg-- <- remote-origin-url 0.5.3
+ nodelite-2-cRzEj7c0OL4Mw2v6nwzttyOZe8XY-Z8G0rzmWQZTBi-jjwyw-U4uqKtUORXQrR5bAZZnbTI-feRV-R7hc4jQYQ-- <- micromark-factory-space 1.1.0 (2.0.1 is available)
+ nodelite-2-cSFtAPtRhljv69IK0hTVZQ-OfE9nePi-rtJmw5UjHeVyVroEqJXP1sFztKUy1qU-xvz3u-sfYJLa947b7nAN2Q-- <- simple-concat 1.0.1
+ nodelite-2-csOlWGAcRFJaI6m-F2WKdnMKr4HhdhFVBk0H-QbJFMCr-uO2kwohwXQPxw-9OCxp05r5ghVBFSyioixx3gfkNQ-- <- async-limiter 1.0.1
+ nodelite-2-cTIB4yPYL-Grw0EaSzASzg6bBy9gqCofvWN8okThAYIxKJZC-udlRAmGbM0XLeniEJSs8uEgHPGuHSe1XsOLSQ-- <- is-generator-fn 2.1.0
+ nodelite-2-cuadcxVFE8sDK6iWJbs8Sn0av2Nrh2QSGQhVlBW9AaAHqHwjWsZHT8LJ4hFGPh7ASBV2deFdM7H-DPjulmh8rg-- <- @eslint-community/eslint-utils 4.10.1
+ nodelite-2-cumfXOF0-nzZrrN8Rf0t7M-tF6sZc7vhQwYQck9q1-5w2OExlD-b4v4RpMJFaV1Z7WcDRgO6FqvxqxGlwo-RHQ-- <- @babel/plugin-proposal-class-properties 7.18.6
+ nodelite-2-cUSmjh72N-rN4PrkFlN1dJwNCwjVp5d38-CQrEsFggkD10UiFlBFgdH3tv5dNsLuHY-3S8db2xCHjhZcv5WgvA-- <- @babel/plugin-transform-block-scoped-functions 7.29.7 (8.0.1 is available)
+ nodelite-2-cVdS2Hw4hg-WgPVV2wRIzZM975pW5k4vdih3hR4SvEDQVr6MmozmlTQSqzMyi9yg8LKTq540Oz3bYQa286yGmg-- <- @graphql-tools/relay-operation-optimizer 7.0.26
+ nodelite-2-cW3gggJ28HZ-LExwxP2B--aiKxhJXMSIt9K48FOXQkm-vuG5gyatXnLsONRJdzO-7VfjDIiaOOa-bs4l464Lwg-- <- dependency-graph 1.0.0
+ nodelite-2-cwM7SBRZcPCLgl8a7cY0soT1SptSzAlMH39vwiRpOQkJlh53r5hdHwLSCZpQdVLT39sZt-CRpNwYG4Y2v77atg-- <- @babel/helper-member-expression-to-functions 7.28.5 (8.0.0-beta.0 is available)
+ nodelite-2-cWZc1dKb7wy9-wPpwMtL1y89gK2G7y2A47Coa7zwf1ydtIeJm4-S-XxoQ2b-ZRiQnrC1YHavLjYUPDCdnT7Khg-- <- @algolia/requester-node-http 5.57.0
+ nodelite-2-cxWNPesCnQCcMPeenjKKsOCKQZ-L6Tv19DTRIGuLWe32lyzWhihGVJ-rcckZXJxfdKCFvRLS3fpBIsV-ZGX4zA-- <- vscode-languageserver-textdocument 1.0.12
+ nodelite-2-cyA56iCMHAh5CdzjJIa4aohJyeO1YbwLi3Jc35MmRU6poroFjIGZzUzupGiRPOjgHg9TLu43xbpwXk523fMxKA-- <- is-typedarray 1.0.0
+ nodelite-2-cyFDKrqc-YdcWFniJhzI42-AzS-gNwmUzOSFcRCQYwySuBBBy-KjuxWLZ-FHEH6Moq1NizMOBWyTcv8O4OZIMg-- <- ignore 4.0.6 (7.0.8 is available)
+ nodelite-2-cYQ9310grqxueWbl-WuIUIaiUaDcj7WOq5fVhEljNVgRfOUhY9fy2zTvfoqWsnebh8Sl70VScFbICvJnLKB0Og-- <- @jridgewell/sourcemap-codec 1.5.5 (1.6.0 is available)
+ nodelite-2-cyRxvOEpNHNtchU3Ln9KC-auJgup87llfQpQ-t5ghoC-UhL16SWzbueiCsdTnWmqAWl7LadfuwhlqmtOaqMHdQ-- <- ip 1.1.9 (2.0.1 is available)
+ nodelite-2-cyzXQCtO47ydzxpQtCGSQGOC8Gk3ZUeBXFAxD-CWXYFo5OqZyZUonFl0DwUlTyAfRHntBfw2p3w4s9R6oe1eCA-- <- @monaco-editor/react 4.7.0
+ nodelite-2-cZ3HTyyckPnNnUb9-DRqduqzLfrQRyi-CdHjdqgsyDpI3Ln5UX1kXnAhPBSJj9pVRzwRFgqkN7p9b6HBDjmu-Q-- <- rc-image 7.12.0
+ nodelite-2-d--XTN3zfODyjr89gM3mPq1WNX2B8pYsu7eORitdwyA2sBubnTl3laYlBk4sXY5FUa5qTZGBDPJICVbvqzjlbw-- <- immer 10.2.0
+ nodelite-2-d-BFHzbiCx6zGfz0HyQ6Rg69w9k19nviJspaj4yNscGjrHu94sVP-aRm75yEbCh-r2-yR-7q6hux9LVtbuTGBw-- <- w3c-xmlserializer 4.0.0 (5.0.0 is available)
+ nodelite-2-d-ObxMQFmbt10sretNDytwt85VrbkhhUA-JBGm1MPaWJ65Cl4wOgLaB1NYvJSZ0Ef03MMEU-0xpPMXUIQ29UfA-- <- mlly 1.8.2
+ nodelite-2-d-sCkaRnSefghOUdH8CMJZV9yUQhj2ojpe8Nw-lA-LV1UOfeleGkLTl6XdCFFSai9UJ-DJPb69FFuqthXYsY8w-- <- postcss-unique-selectors 7.0.7
+ nodelite-2-d0r18sZPmMQr1eG35u12FZfhIXNrnsPU-g5wvRKCUf-tOGilKKwYMYGqh33BNR6ba-2gkHw1EUiHoN3mn7E5IQ-- <- @types/jsdom 20.0.1 (27.0.0 is available)
+ nodelite-2-d2JWLCivmZYTSIoge9MsgFCZrt571BikcWGYkjC1khllbTeDlGqZ2D8vD8E-lJa8WGWbb7Plm8-XJYV7IJHZZw-- <- web-streams-polyfill 3.3.3 (4.0.0-beta.3 is available)
+ nodelite-2-d2vwomK605ks7Q-uCpbwGyoIF5j-UZuJjlYcugISBt3CxM-eBo-W6y63yVPIyIvbYON-pvJYsYZjCYbzqJj-xQ-- <- jsonpack 1.1.5
+ nodelite-2-d8waShlpFDinQ5MtvGU9xDAOzKH47-FFoney2baFIoMr952hKOLp1HR7VszoZvOsV-4-RRszNY7D17ba0te0ig-- <- @babel/plugin-syntax-logical-assignment-operators 7.10.4
+ nodelite-2-d98gXZkgswvkyohMBABkhm3GeXhYj8psWfwQ2C7gtfrKGTykQa-iOIi-JJhwMjPlZ6Vm2XN-DCf3Es1EoG4ZLA-- <- @babel/plugin-transform-async-generator-functions 7.29.7 (8.0.1 is available)
+ nodelite-2-d9T8ucsEhh8Bi1woXCf-TIKDIROLG5WCkxg8geBCbvk22kzwC5G2OnXVMO6FUsvQlgUUXQ2itephWDLqDzbeCw-- <- es-shim-unscopables 1.1.0
+ nodelite-2-d9zaMRSTIKDLhctzH12MtXvJKSSUhaHcjV-2Z-GK-EEY7XKpP5yR4x-N3TAcHTcu963nIr-TMcCb4DBCYX1z6Q-- <- @eslint/js 8.57.1 (9.9.1 is available)
+ nodelite-2-dA8WbNeb2a6oQzAQ55YlT5vQAWGV9WXOsi3SskE3bcCdM0P4SDd-24zS-OCacdRq5BkdsRj9q3Pg6YyQoxIGqg-- <- unicode-canonical-property-names-ecmascript 2.0.1
+ nodelite-2-daeNPuKh1NlLD1uDfbLpD-xyUTc07nEtfHwmBZmt-vH0B7VOM-JOCOpDcx9ZRpqHjAiIkGqyTDi-wfGSl17R9w-- <- protocol-buffers-encodings 1.2.0
+ nodelite-2-db0E3UJjcFhpDhAF4tLo03oli3pwl3dbnzXOUIlRKrp-ldk-VUxzpWYZENsw2SZiuBjHAk7DfB0VU7NKdpb6sw-- <- to-buffer 1.2.2
+ nodelite-2-dblb9Et4DAtiZ5YSUZHLl4XhH4uK80GhAZrVXdN4O2P4gQ40Wa5UIOPUHlA-nFd2PLblBZWUioLMMAVrgpoYcA-- <- sponge-case 1.0.1
+ nodelite-2-dBpDMdxv9Irdq66304OLfEmQ9tbNRFnFTuZiLo-bD-r332bBmMJ8GBLXklIXXgxd3-v9-KUnZaUR5PJMa75Gsg-- <- netmask 2.0.2
+ nodelite-2-dBVuXR082gk3jsFp7Rd-JI4kytwGHecnCoTtXFb7DB6CNHp4rg5k1bhg0nWdLGLnOV71lmDzGQaLMy8iPLY0pw-- <- @discoveryjs/json-ext 0.5.7 (0.6.3 is available)
+ nodelite-2-dCIq9FpEcyQyXKCkyzmlPTFNgrCzPudOe-mhvJU5zAtlBnGVy2yKxtfsxK2tQBThwq225jcvBjpw1Gr40uzZCA-- <- foreground-child 2.0.0 (3.3.1 is available)
+ nodelite-2-dcKFX3jn0MpIaXjisoRvexIJVEKzaq7z2rZKxf-MSr9TkdmHmsU4m2lcLojrj-FHl8mk5VxMmYA-ftRkP-3oKQ-- <- create-require 1.1.1
+ nodelite-2-dcS1ul-9tmeD95T-x28-ehLgd9mENa3LsvDTtzm3vyBEO7RPptvAD-t44WVXaUjTBRcrpFeFlC8WCruUR456hw-- <- kind-of 6.0.3
+ nodelite-2-dcyqhDvX1C46lXZcVqCpK-FtMRQVdIMN6-Df5js2zouUsqG7I6sFxitIC-7KYK29KdXOLHdu9zL4sFnoVQnqaA-- <- ieee754 1.2.1
+ nodelite-2-ddBvf9PHdy2YY0OUiEl3TV78mH9sckndJR14QAt87KLEbIov81XO0q0QAmvooBxXlqRRP8I9B7XOzZwQG7JkWA-- <- @changesets/apply-release-plan 7.0.14 (7.1.1 is available)
+ nodelite-2-deG2P0JfjrTxl50XGCDyfI97ZGVCxIpfKYmfyrQ54n5FO-0gfIES8C-Psl6kWVDolizcaaxZJnTS0QSMxvnsBQ-- <- follow-redirects 1.15.11
+ nodelite-2-dFcAjpTQFgoLMzC2VwU-C-CbS7uRL0lWmxDITmqm7C-7F0Odmj6s9l6alZc6AELXhrnggM2CeWSXHGOdX2YtwA-- <- https-proxy-agent 5.0.1 (7.0.6 is available)
+ nodelite-2-dfLbk-PwWvFzSxwk3n5ySL0hfBog779o8h68wK-7-APo-7cgyWp5jcXockbxdk5kFRkbeXWm4Fbi9FrdN381sA-- <- @juggle/resize-observer 3.4.0
+ nodelite-2-dFoMUuQA20zvtVTuxZww6OHoJYgrzfKM1t52mVySDJnMSEa08ruEvdYQbhvyu6soU-NeLVd3yKfTfT0NeV6qGg-- <- @emotion/unitless 0.10.0
+ nodelite-2-dg8yXdcQmvgR13RIlZbTRQOoUrDciFVoSBZILwjE2LFISxZZ8loVJKAkuzswl5js8BHda79bIb2b84ehU8IjXw-- <- react-universal-interface 0.6.2
+ nodelite-2-dGYHWyzTdmK-f2-EnIGBpkz1lKc4Zbj2KHd4cX3Wi8-OWr5pKslNjc3yABKH4adRGCvSX4VDC0i04mrrq0aiRA-- <- @emotion/cache 11.10.5 (11.14.0 is available)
+ nodelite-2-dhG34DXATL5hSxJbIexCft8FChFXtmskoZYnoPWjXQuebWYCNkVeV3KkGegCK9CP1oswI-vQibS2GY7Em-sJJA-- <- klona 2.0.6
+ nodelite-2-dhKf903U-PQZY6boNNtAGdWbG85WAbjT-1xYoZIC7FAY0yWapOBQVsVrDl58W86--e1VpMNBtRV4MaXfdMySFA-- <- rxjs 7.8.2
+ nodelite-2-dIAhnM6ue-ssa5PjgNfu4g8A4yTojl9ZOUzZU3wIaIKRerL2R-3Emuf9n-D6ICXXP167KC6XCeC7nliSw7cuSw-- <- @algolia/client-query-suggestions 5.57.0
+ nodelite-2-dISoDXWWQwUquiKsyZ4Ng-HX2KsPL7LyHKHQwgGFEA3IaKac4Obd-h2a-a6waisAoepJlBcx9paWqjA8-HVjCw-- <- @types/parse-json 4.0.2
+ nodelite-2-dJ6oBr5SQ1VSd9qkk7ByRgb-1SH4JZjCHSW-mr63-QcXO9zLVxvJ6Oy13nio03rxpSnVDDjFor75SjVeZWPW-A-- <- errno 0.1.8
+ nodelite-2-dJxPBlzC7NugB2PDLwo9Q8JiTR3M3e4-XANkreKSUxF8vvXKqm1Yfq4Q5dl8budlunRVlUUaDUgFt7eA8D6NLg-- <- d3-time-format 4.1.0
+ nodelite-2-dKx12eRCVIzqCxFGplyFKJMPvLEWgmNtUrpTiJIR5u97zEhRG8ySrtboPHZXx7daLxQVrl643cTzbab2tkQjxg-- <- for-each 0.3.5
+ nodelite-2-dLmtwB8zkAeO-juAMfnV-sItKjlsw2lKdZVVy6LRr0cBmegxSABiLEpGVmSJJ8O08i4-sGR6qQtb6WtuwJdvVw-- <- @types/d3-scale 4.0.9
+ nodelite-2-dMACeu63HtRLmCG8VKdy4cShCPKaYDR4youZqoSWLxl5Gu99HUw8bw75thbPv9Nip-H-QYX8o3ZJbTdVZZ2TVg-- <- pino 7.11.0 (9.9.5 is available)
+ nodelite-2-dMInicTPVE8d1e5otfwmmjlxkZoUpiVLwyeTdUsi-Caj-gfzzblBcCE5sRHV-AsjuCmxWrte2TNGSYuCeCq-0Q-- <- lodash 4.18.1
+ nodelite-2-dN5I359AVGPnwzJm2jN1k0W9LPZ-ePvoOeVMMfqIMFz53sSwXkxaJoxr50ptnsC771lK95BnTrVSZxq0b9yCGw-- <- regex 5.1.1 (6.0.1 is available)
+ nodelite-2-dn6wd0uw5GsdswPFfsgMp5NSB0-aDe6fK94YJV-AJDYXL6HVLWBsxeq7js7Ad-mU2K9LAlwpk6kN2D5mwCPVow-- <- mdn-data 2.0.14 (2.27.1 is available)
+ nodelite-2-dN7aOFawfHDFrOyeoa-r3lh2k1pmy54AeiZIHlJCIArV0YYTwC56GrgOzjjcJatH2scS85033mbBrKbcGMWiug-- <- @utoo/pack-linux-x64-gnu 1.5.14
+ nodelite-2-dOESqjYr96iWYylGObzd39EuNTa5VJxyvVAEm5Jnh7KGo75V43Hk1odPQkNDyXNmUR6k-gEiDVXnjB8HJ3crXw-- <- strip-final-newline 3.0.0 (4.0.0 is available)
+ nodelite-2-dOt21O7lTMhDM-X9mB4GX-DZrZtCUJPL-wlcTqxyrx5IvO0IYtILdtrQGQp-8n5S0gwSVmOf9NQrjMOgfQZlIg-- <- eslint-scope 7.2.2 (9.1.2 is available)
+ nodelite-2-dOvZVzjdZdz7phd9v6jCbwxrBW3fK6n8Rc0CtdmM4bumzMnxywBYhuph6J819RRw-ku-rLbelwfMunktuzVVHg-- <- fast-uri 3.1.7
+ nodelite-2-dOWoqflvcydARa360Gvv18DZ-gRuHKi2NU-wU5X1ZFzdYfH29nkiNZsF3mp4OJ3H4yo9Mx8A-uAGNzpzPN3yBA-- <- is-absolute 1.0.0
+ nodelite-2-dOy-3AuW3a2wNbZHIuMZpTcgjGuLU-uBL-ubcZF9OXbDo8ff4O8yVp5Bf0efS8uEoYo5q4Fx7dY9OgQGXgAsQA-- <- color-name 1.1.4 (2.0.2 is available)
+ nodelite-2-dp3s92-uNI1hWIpPGH3jK2kxE2lMjdXdr-DH8ynZHpd6PUlH6x6cbuXnoMmiNumznqaNO31xu9e79F0uuZ0JFg-- <- layout-base 2.0.1
+ nodelite-2-dpojBhNsCNN7T82Tm7k26A6G9ML3NkhDsnw9n-eoxSRlVBB4CEtIQ-KTCLI2Fwf3ataSXRhYFkQi3SlnFwPvPQ-- <- w3c-keyname 2.2.8
+ nodelite-2-dq-qelQ9akHpcOl-gUVRTxVIOkAJ1wR3QAvb4RsVjS8oVoFjDGTc679wJYmUmknUF5HwMLOgb5O-a3KxfWapPQ-- <- media-typer 0.3.0 (1.1.0 is available)
+ nodelite-2-dQ94Nq4dbzmUWkQ0ANAWS9tBRfqCrn0bV9AMYdOi-MHW726xn7eQmMeRTpX2ViC00bpNaWXq-7o4lIQ3AX13Hg-- <- jest-matcher-utils 30.2.0
+ nodelite-2-dqaz3u44QbRXQooZLTUKU41ZrzYrcvLISVgbrzbyCMxpmSLJvZ3ZamIJIZ29P6OhZIkNIQKosdeM6t1LYbA9hg-- <- on-exit-leak-free 0.2.0 (2.1.2 is available)
+ nodelite-2-dQHFo3Pt4-NLlG5z4PxZ-3yZTZ1C7s9hveiOj-GCN-uT109NC2QgsoVZsVOAvbJ3RgKkvyLGXZV9-piDpWbm6A-- <- jest-diff 30.2.0
+ nodelite-2-dRB78srN-l6gqWulah9SrxeYnxeddIG30-GOqK-9OlLVyLg3HPnr6SqOWTWOXKRwC2eGYCkZ59NNuSgvSrpgOA-- <- node-fetch 3.3.2
+ nodelite-2-dRLjCWHYg4oaA77cxO64oO-7JwCwnIzkZPdrrC71jQmQtlhM556pwKo5bUzqvZndkVbeFLIIi-9TC40JNF5hNQ-- <- @types/json5 0.0.29
+ nodelite-2-drqDG3cbczxxEJRoOXcOjtdp1J-lyp1mNn0xaznRs8-muBhgQcrnbspox5X5fOw0HnMnbfDzvnEMEtqDEJEo8w-- <- is-obj 2.0.0 (3.0.0 is available)
+ nodelite-2-ds37W8CytHgwnhGGTi88pcPyR15qoNkOpYwmMMfnWqqWgESapLqvDx6huFjQ5vqWSn2Z06173XNA7LtMOeUh1A-- <- capital-case 1.0.4
+ nodelite-2-ds5mXEqTJ6oxRoqjhWDU83OgzAYjwsCV8Lo-N-oRsNDmx-ZDpqalmrtgOMkHwxsG0iI--3BwWAErYRHtgn0dZw-- <- @webassemblyjs/helper-wasm-section 1.14.1
+ nodelite-2-dsKNQNdj6xA3T-QlADDA7mOSlX0qiMINjn0cgr-eGHGsbSHzTabcIogz2-p-iqP1Xs6EP-sS2SbqH-brGTbq0g-- <- functional-red-black-tree 1.0.1
+ nodelite-2-dSneS5qhiauZWGDCeK4o695Xd9nUNjviSZCMQrj10eetr8Uln1ucn6bbphOM6UynAMMtNIzZNSpL9vnASJwrPQ-- <- @hono/node-server 1.19.17
+ nodelite-2-dTdz8VAd3rpjOaGEZTluz82mtzrP4XCtNlNQyrxY7VNRNcjtvpTLDn57bUL2lRu1T-iklKvgbE2llMriWkq9vQ-- <- @antv/component 2.1.11
+ nodelite-2-dTEWWNu6JmeVXY0ZYoPuH5cRIwc0MeGbJwah9KUNYSJwommQpCzTySTpEe8Gs1J23aeWEuAobe4Ag7EHVt-LOg-- <- throttle-debounce 3.0.1 (5.0.2 is available)
+ nodelite-2-dTxcvPXqPvXBQpq5dUr6mEMJX4oIEFv6bwom3FDwKRDsuIjjJGANqhBuoAn9c1RQJIdAKav33ED65E2ys-87QQ-- <- http-cache-semantics 4.2.0
+ nodelite-2-du4wfLyj4yCZq1VupnVSZmRsPJsNuxoDQFdCFHLaYiEbFBD7QE0a-I4D7hOxrVnh78QE-YipFAj9lXHiXocV-Q-- <- process-warning 1.0.0 (5.0.0 is available)
+ nodelite-2-dVd04UKsfpINUnK0yBoYHDF3xu7xVH4BuDotC-xGuycx4CgbP48X-KF-586bcObxT0HENHXEU8Nqtu6NR-eKhw-- <- @types/express 4.17.25 (5.0.6 is available)
+ nodelite-2-dWFaPhGhTAiPcCgm3f6LI2MBWbogMnTJzFBbhXVRQDJPkr9pGZvVjlVfXd-vyDcWPA2Ic9L2AXPIQM0-vk-cSQ-- <- eslint 8.24.0 (9.9.1 is available)
+ nodelite-2-dWHzHa2WqEXI-O1E9OjrocMTKJl2mSrEolh1Iomrv6U-JuNwaHXsXx9bLu5gG7BUWFIN0skIQJQ-L1rIex4X6w-- <- @types/estree 1.0.8 (1.0.9 is available)
+ nodelite-2-dwsoQlS7h9hMeYUq1W--23NDcBLV4KqONnITDV9DjfS3q1SgDGVrBdvvTLUotWtPSD7asWDV9-CmsZPy8Hf70A-- <- fast-redact 3.5.0
+ nodelite-2-dwXFwByc-ajSV6m5bcKAPwe4yDDF6D614pxmIi5odytzxRlwqF6nwoiCek80Ixc7Cvma5awClxrzFtxCQvcM8w-- <- js-sdsl 4.4.2
+ nodelite-2-dxvWdI8gw6eAvk9BlPffgEoGfM7AdijoCwOEJge3e3ulT2XLgmU7KvvxprOaCu05Q1uGRHmOhHe1r6emZoKyFw-- <- normalize-selector 0.2.0
+ nodelite-2-dy6duzl-JnAZcDbNTfmaP3xHiKtbXYOaz3G51MGVljh548Y8MWzTr-PHLOfvpypEVW9zwvl-VyKjbWKEVbV1Rg-- <- @react-hook/latest 1.0.3
+ nodelite-2-dYFdjLb7y1ajfxQopN05mylEpK9ZX0sO1-RfMXdfmwjlIsPkbh4p7A682x--zFPLDCo1x3p82dtljHf5cW2LKA-- <- clipanion 3.2.1 (4.0.0-rc.4 is available)
+ nodelite-2-dYnhHh0nJoMfnkZs6GmmhFknAGRrLznOu5nc9ML-EJxGvrx6H7teuevqVqCuPcPK--3eDrrjQhehXVx9cnkGdw-- <- regenerator-runtime 0.14.1
+ nodelite-2-dYqgNSZbDwkaJ2ceRd9ojCGjBq-mOm9LmtXnAnEGyHhN-5R7iDW2TRw3h-o-jCFxus3P2LfWIIiwowAjANm7IA-- <- regexp.prototype.flags 1.5.4
+ nodelite-2-dYyEkO6mRYtZFpnOsnYzv9rY69fHAHoawYOjGOEcxk9WYtaJhowMdP-w6NcOKnz2G7GlZaenjkzkMa6ZeQeMsg-- <- @swc/core 1.9.2 (1.9.3 is available)
+ nodelite-2-dYYg153EyN2Ekbqw2zAsbd6-JR-9N2SEoC7YV2GyyqMM7x9bLDTjBD6XBhSMLH0wtIVyJj03jWNriQhaN-eoCw-- <- @babel/code-frame 8.0.0
+ nodelite-2-dz0LNoo3ijpTOQqEJLY8nyaapl6umbmDcgj4AD0lgVQ572b2eqA1iGZYTTWhrcrHztWDDRAX2DGYyw2VBjvCvQ-- <- @csstools/postcss-stepped-value-functions 1.0.1 (4.0.6 is available)
+ nodelite-2-e0F9AOF1JMrCfBsyJOwU9lNvQ0WtXTq0j-4jk0BQ5JSI9VAybPXmDpPRw-2FQ3e5d3ZFN1mLh7jW99m-jjaptw-- <- pidtree 0.6.1
+ nodelite-2-e1AHq0XNTU8S3d9JCc8CFYajoUBr0EK3pcuLT5PogyBBeE0knzZJL105kKKSZWfq2lQLq3-uEDrMK3JPq-fHaA-- <- less-plugin-resolve 1.0.2
+ nodelite-2-e1U46jVP-w7Iut8Jt8ri1YsPOvFpg46k-K8TpCb0P-zjCkjkPnV7WzfDJzMHy1LnA-wj5pLT1wjO901gLXeEhA-- <- d3 7.9.0
+ nodelite-2-e1zGYRvbffpcHIrnuqT0Dh-gEJtDaxDSoG4JAIpq4oDFyooziLBIiYQv0GBT4FUAnUop5uZ1hiIAj7oAF6sOCA-- <- title-case 3.0.3
+ nodelite-2-e2bG47F03vYx2MbA6znK6t6dwffnXGsVzh8BLpi0pcQ7dDRQf0zSAQ9IR7M-aoozALNibw8eCY53gEK8bBpSjg-- <- util-okam 0.11.1
+ nodelite-2-e2BR4lsJkkRlKZ-qCHPw9ZaSxc0MVUd7gtbtaB7aMvHeJVYe8sOB8DBZkP2DtISHGSku9sCK6T6cnY0CtXrOCQ-- <- @swc/counter 0.1.3
+ nodelite-2-e3nRfgfUZ4rNGL232gUgX06QNyyez04KdjFrF-LTRoOXmrOgFKDg4BCdsjW8EnT69eqdYGmRpJwiPVYNrCaW3g-- <- es-define-property 1.0.1
+ nodelite-2-e4hG1hRwoOdRb37cIMSgzNsxyzKfayW6VOflrwvR--bzrkyxY-31WkbgnQpgtrNp1SdpJvpUAGTa-ZoiPNDuRQ-- <- svg-parser 2.0.4 (2.1.0 is available)
+ nodelite-2-e4mSfzGfrVBJmhjp-8PHjXIz5WrvEEWB2FT-RJ6YS-ozGttTcnocuj0CtMo3dujWYe2708bTd79zeIrKBtRzCg-- <- punycode-okam 1.4.1
+ nodelite-2-e5iwyodOHhbMr-yNrc7fDYG4qlbIvI5gajyzPnb5TCwyhjApznQh1BMFou9b30SevY43gCJKXycoCBjMbsuW0Q-- <- function.prototype.name 1.1.8 (1.2.0 is available)
+ nodelite-2-e64Qj9-4aZzjzzFpZC7p5kmm-ccCrbLhAJplhsDXQFs87XTsXwOpH4s1Io2s90Tau-8r2j9f4l-thhDevRjzxw-- <- errlop 2.2.0
+ nodelite-2-e6qHKe3a9HWr0oMRVDTRhKce-bRO8VGQR3NyVwcjwrbhMmFCX9KszEV35-rn4AdilFAq9VPxP-Fe1wC9Qjd2lw-- <- parseley 0.12.1
+ nodelite-2-e6rvdUCiQCAuumZslxRJWR-Doq4VpPR82kqclvcS0efgt430SlGIk05vdCN58-VrzgtIcfNODjozVielycD4Sw-- <- is-wsl 3.1.1
+ nodelite-2-e7jT4DxYvIDLk1ZHmU-m-mB19rex9sv0c2ftBtjSBv-kVM-902eh0fINUzD7UwLLNR-jU585GxUJ8-EBfAM5fw-- <- @babel/core 7.28.5 (8.0.1 is available)
+ nodelite-2-e9k-fneezorUo6WShlQpMxXh8-8wfyc-biu6tnAqA81oWrEic0k21RHzP9uqqpyBBeBKu4T-Bsjy9-b8u7obXQ-- <- @typescript-eslint/types 8.49.0
+ nodelite-2-eAHGNRZe9b7nOXINBIWNga-Nh0LWyTILXtFVcEDiJBXhehUi5OtpPHnA18KCgfmsOFxYPt5fzdumHTYQKm92Vw-- <- @umijs/did-you-know 1.0.4
+ nodelite-2-ebDJ9b0e702Yr7pWgB0jzm-CX4Srzz8RcXtLJDJB-BSccqMa36uyH-zUsSYao5-BD1ytv3k3rPYCq4mAE1hsXA-- <- @types/argparse 1.0.38
+ nodelite-2-edoidOjl-ZxvYo4lSBOQGDSyToYVkTAwyVoa2tkuYTSmjrB1-uAedoL5iROVLXkxH-vRgA7uP4tMg2pUJpZ3Ug-- <- @babel/plugin-transform-react-constant-elements 7.27.1
+ nodelite-2-eEgnFxGQ1Ife9bzYs6VLi8-4X6CObHMw9Qr9tPY43iKwsPw8xE8-EFsf-2cFZ5S3esXgpWgtSCtLNS41F-sKPA-- <- use-sync-external-store 1.2.0 (1.6.0 is available)
+ nodelite-2-efEhnxpSuwpYOKRm-L5KbqoZmNNukHa-Flty4Wp62JRvgH2ojwVgPgdYyr4twpieZnyRDdIH7PY2mopX26-j2Q-- <- dagre-d3-es 7.0.13
+ nodelite-2-eflK8wEtyOE6-hsaRVPxvUKYCpRgzLqDTb8krvAsRIwOGlHoSgYLgBXoubGgLd2fT41-OUYdb48v4k4WWHQurA-- <- schema-utils 4.3.3
+ nodelite-2-eG2dWTVw5bzqGRztnHExczNxt5VGsE6OwTeCG3fdUf9KBsZzO3R5OIIIzWR-iZA0NtZ-RDVdaoE2dK1cn6jH4g-- <- pidtree 0.6.0 (0.6.1 is available)
+ nodelite-2-eGuFFw7Upda-g4p-QHvnW0RyTX-SVeJBDM-gCtMARO0cLuT2HcEKnTPvhjV6aGeqrCB-sbNop0Kszm0jsaWU4A-- <- esprima 4.0.1
+ nodelite-2-eh9O-hwRHNbG4BLTjEl3nw044CkGm5X6LoaCf7LPp7UU8Qrt47JYNi6nPX8xjW97TKGKm1ouctg0QSpZe9qrnw-- <- ecc-jsbn 0.1.2
+ nodelite-2-eI6gvpcGHLk3dAuHYnRCAjX-41gMv1nz-VP55wAe5HtmAKDOoPSfr3f6vkMc08ov1S0NsjvUBxDtHHxqQY1LGA-- <- @types/crypto-js 3.1.47 (4.2.2 is available)
+ nodelite-2-eIOH1pqFwI6UmVNnDQvmFeSg0XppuzDLFeUNO-Xht7ODAzRLgGDh7h550pSxoA-lPDxBl1-D2m-KG3jWzCUjTg-- <- @azure/storage-common 12.1.1 (12.2.0 is available)
+ nodelite-2-eIz2msL-EzL9UFTFFx7jBTkeZfku0yUAyZZZmJ93H2TYEiroIx2PQjEXcwYtYl8zXCxb-PAmA2hLIt-6ZEkPHw-- <- jest-worker 29.7.0 (30.2.0 is available)
+ nodelite-2-ejHwrQQYcm9xnTivShn2IDOlIzInN34AXskvq9QicvCtEzq1Vzclu-tKF8Jq1Cg8JG2GL6-EmjgsCT7lXepE3g-- <- @babel/helper-module-imports 7.29.7 (8.0.0-beta.0 is available)
+ nodelite-2-eJooIH8-FyUoozr3Eeby2DpDnmX39m1bfxfxlYPuojkio-i-DLwPD-aTHnRDH6QXJcT6tNTt85RcxVR-Txg98Q-- <- leancloud-realtime-plugin-live-query 1.2.0
+ nodelite-2-eK4C6WTNYxoI7JOabMoZICiyqRRtJB220bh0Mbj5RwRycleZf9BPyZoxsTvpP0FpmVS2aS13NKOuh5-tN3sIRw-- <- @peculiar/webcrypto 1.4.1
+ nodelite-2-eL-8PlhLcMmlMDtNPKhyyz9kEBDS3Uk4yMu-ewlkT2WFbtzScjHWPJLdQLmaGPUKjXzwe9MumOtOgc4Fro96Kg-- <- untyped 1.5.2 (2.0.0 is available)
+ nodelite-2-eljcgEDlEns-7AXFosB5K-2nCM4P7FQPkGc-DWLy5rmFEWvZayGrik1d9-QIY5nJ4f9YsVvBkA6kJpHn9rISdQ-- <- is-docker 3.0.0
+ nodelite-2-eLoXW-DHyl62zxY4SCaIgnRhuMr6ri4juEYARS8E6sCEqzKpOiE521Ucofdx-KnDZl5xmvGYaaKCk5FEOxJCoQ-- <- stop-iteration-iterator 1.1.0
+ nodelite-2-eM9d-swFopRt5gdJ7jrpCwgvEMIayITpojhkkSMRsFHYuH5bkSQ4p-9qTEHtmNudUZh22Tehu7I6CxAW0IXTKA-- <- autoprefixer 9.8.8
+ nodelite-2-eMbZE2hUnx1WV0pmURZY9XoXPkUYjpc55mb0CrhtdWLtzMQPFvu-rZkTLZFTsdaVQa-Tr4eWAteqcUzoawq-uA-- <- @jest/get-type 30.1.0
+ nodelite-2-emOQiHyIliVOIjKVKdsI5MXj312zmRDwmHpyUTZMjfpvxq-UVAHUJIVdVf-lnjjrI-LXBTgMlTWTgHQfmICxjg-- <- @graphql-codegen/plugin-helpers 3.1.2 (6.1.0 is available)
+ nodelite-2-enIvLvRAFZYXJzkCYG5RKmPfrFArdLv-R-lbQ53BmIMLIry74bjKzX6iHAm8WYamJkhSSEabrWN5D97XnKObjQ-- <- minimatch 10.1.1
+ nodelite-2-eNv-WrVbKu1f3vbYJT-xtiF5syA5HPIMtf9IgY-nKg0sWqzAUEvqY-xm7OcZc-qafLx-iO9FgOmeSAp4v5ti-Q-- <- scheduler 0.27.0
+ nodelite-2-eoROhjcc6HbZCJr-tvVT8X4fW3-5g-WkGvvmwz-88sDtSJzO7r-blvoBDgISDiCjDRZmHpwud7h-6Q9JxFwq1Q-- <- @rollup/rollup-linux-x64-musl 4.53.3
+ nodelite-2-eOunJqu0K1923aExK6y8p6fsihYEn-BYuQ4g0CxAAgFc4b-ZLN4CrsRZ55srTdqoiLzU2B2evC-apEIxprEzkQ-- <- @types/qs 6.14.0
+ nodelite-2-ePiDGH0-lhcngCe8FtH4ARFoxKTUelMp4L7Gg2pujYD5CSMb9PbblnyL-AAMud-SNMyusbS2XDSiPIRcQoNFAw-- <- micromark-extension-gfm-autolink-literal 0.5.7 (2.1.0 is available)
+ nodelite-2-eqn4m70P031PF7ZQIvSgy9RSJ5uI2171O-OO-zcRNYpJbvaeKFUlar1aJ7rmgiQtbm0FSPsRewjpdS0Oew7MPA-- <- postcss-dir-pseudo-class 6.0.5 (9.0.1 is available)
+ nodelite-2-eRlKEjzak4z1rcXeCd1OAlyawhrptClQDo8OuI8n6bSVqJ9oMfd5Lrf3Q-TdJHewi-9AIOc3UmEo8Fz-kNzzuQ-- <- mermaid 10.9.5
+ nodelite-2-eRnCtTTtGZFpQCwhJiUOuxPQWRXVKYDn0b2PeHfXL6-Zi53SLAzAHfVhVWK2AryC-WH05kGfxhFIPvTF0SXQzg-- <- fastest-levenshtein 1.0.16
+ nodelite-2-eS-3GREtvVJqGZrwAGRwR9Gdno3YcZ6Xvuaa-vUF8j--wsmxrA2En3n0ccfVO2qVOLJC41ni7jSZhQiJpMPGOQ-- <- @commitlint/parse 18.6.1 (20.4.1 is available)
+ nodelite-2-es94M3nTIfsEPisRafak-HDLfHXnKBhV3vU5eqPcS3flIWqcxJWgXHXiey3YrpaNsanY5ei1VoYEbOzijuq9BA-- <- json-schema 0.4.0
+ nodelite-2-eSmmWE5bZTK2Nou4g0AI3zZ9rswp7GRKoKXS1BLUkvPviOqs4YTN1djQIqrXy9k5gEtdLPy86JjRwsNM9tnDcA-- <- homedir-polyfill 1.0.3
+ nodelite-2-esox8CWt0j9EZECFvkFl2WNPat8LN4t7WWeXq73D9ha0V96qPRufApZi4ZhPwXAln1uVVal429HVVKPa2X0yQg-- <- p-queue 7.3.4 (8.1.1 is available)
+ nodelite-2-eTIzlVOSUR-JxdDFepEYcBMtZ9Qqdef-rnzWdRZuMbOywu5tO2w2N7rqjoANZ5k9vywhL6Br1VRjUIgTQx4E8w-- <- kleur 3.0.3 (4.1.5 is available)
+ nodelite-2-eTJ1DJeMKNIie4TB4vE5rqkU1ZJgPG4-j4XTiisFtcag-YUgNxABMuaCdxojIZE5jcKaJ4k1OrUtYFnHAe7TWw-- <- @clerk/localizations 1.28.10
+ nodelite-2-eUP-6pbXBkMbXFdx4IH2fVgvB7M0JvR7-lIL33zcs0IBcwjdzSSl31TOJsaCzmKSSDF9h8QYSOJux4Nd4YJqFg-- <- abstract-level 1.0.4
+ nodelite-2-eUuAjybVTHMYWm-U-vBO1sY-JOCgoPCXRxzdju0K-K0BiGW0SChEL1MLC0PoCIR1OlPo5YAp8HuQoUlsWEICwg-- <- is-in-ci 1.0.0
+ nodelite-2-euzj5Hlq-lOHqI53NiuNhCP8HWgsPf-bBAVijR50hNaY1XwjKjShAnIe8jm8RD2W9IJUvihDIZ-KrmqfFzNhFQ-- <- react-day-picker 9.13.0
+ nodelite-2-ev2QzSzWPYmy9GuqfIVildA4OdcGLeFZQrq5ys6RtiuF-RQQiZWr8TZNyAcuVXyQRYfEO-MsoB-1BuQVhOJuoQ-- <- string_decoder 0.10.31 (1.3.0 is available)
+ nodelite-2-eXK1UInq2bPmjyX6e3VHIzMLobc4J94i4AWn-Hpq3OU5KkrRC96OAcR3PRJ-pGu6m8TRnBHP9dkXQVsT-COVIA-- <- is-windows 1.0.2
+ nodelite-2-eXL4nmJT7oCpkZsHZUOJo8hcX3GbsiDOa0Qu9F646fi8dT3XuSVopVqAcEiVzSKKH7UoDti23wNX3qGFxcW5Qg-- <- unc-path-regex 0.1.2
+ nodelite-2-eYm0QWBtUrBWZWG0d386OGAw16Z995PiOVo2B7bjWSbHedGl5e0ZWaq65kOGgUSNesEIDkB9ISbTg-JK9dhCZA-- <- clsx 2.1.1
+ nodelite-2-eZ-XF6NxMtu-iCma58GRNRxSq4lHo6zHQLOZRIeL-ghqYJirqHdenMOwrzPettj60KWlv827RVebP9oNVrwZbw-- <- @aws-sdk/util-user-agent-browser 3.936.0 (3.972.2 is available)

Done in 1.9s
