Progress: resolved 1, reused 0, downloaded 0, added 0
Packages: +250
++++++++++++++++++++++++++++++++++++++++++++++++++++++++++++++++++++++++++++++++
Progress: resolved 250, reused 0, downloaded 250, added 250, done

dependencies:
+ nodelite-2-itaWrbYbqpGXkGhZPGUulwnhVf5Hpy1xiCFsGqyIGglbBxmG5vSjxQen3-WGOjPpNEv1RtBLKxbmVXm8HpJStQ-- <- array-includes 3.1.8 (3.1.9 is available)
+ nodelite-2-itvL5h8RETACmOTFc4UfIyB2RfEHi71Ax6E-PivVxq9NseKbOWpeyHEOIbmAw1rs8Ak0VursQNww7lf7YtUwzg-- <- cosmiconfig 9.0.0
+ nodelite-2-iua1A2-P7JJEDHVgvXrRJSvsnzG7stYSGQnBVphIUlemwl6nN5D-QrgbjECtrbxRz8asYFHSzhdhECqN-tFiBg-- <- @aws-sdk/util-locate-window 3.208.0 (3.965.4 is available)
+ nodelite-2-iv2BjdcyoF1j1708Z9CrGtMc9ZZvMPZnDqyB1FrSWYCi--nlPArUO-u9QhwC4E1Pi4T0g18GZ4W702m0NDh9bw-- <- @floating-ui/react 0.26.26 (0.27.8 is available)
+ nodelite-2-ivHoFS9Yi9GY49ogc6-YAi3Fl9ROnF4VyubNylgCkA-RVqLaKWnDSzXOVzya8csELIaWaYNutsEuAhZrtOjozA-- <- simple-git 3.27.0 (3.30.0 is available)
+ nodelite-2-iw6lrbkKkJdyDJInOUcFxpOOJl8o62S-2A6bShZLPcZsFSi-dAdp-ps1d-M-FUe118DzZleIwXK4PWEGW5L27g-- <- @swc/html-linux-x64-musl 1.10.3
+ nodelite-2-iwaY4wzbe48AfKLZ-Cc8k0L-FKG6oSNRaZ8x5A-T-IVDGyXcbHncM9TdDa93wn0FsSm82FhTKW7f3vS61thXAw-- <- html-webpack-plugin 5.6.0
+ nodelite-2-iwDZqg0QAGrg9Rav5H4n0M64c3mkR59cJ6wQp-7C4nI0gsmExaedaYLNO44eT4AtBBwjbTiGPMlt2Md0T9H9JQ-- <- undici-types 6.21.0 (8.3.0 is available)
+ nodelite-2-iwGqO3J21aaSkC7jWnHP-difazwS7SFeIqxv6wEtLU8Y5KlzFTjyqcSIT0d8s4-dDhKytsk9PJZ2BkS5eZwQRQ-- <- is-installed-globally 0.4.0 (1.0.0 is available)
+ nodelite-2-ixmkI62Rbc2-w8Vfxyh1jQRTdRTF52VxwRVHl-ykPAmqG-Nb7-kNn-byLP0LxPgI7zWA16Jt82SybJInmMia3A-- <- eslint-plugin-import 2.31.0 (2.32.0 is available)
+ nodelite-2-j1nQNU1ZxNFx2ZtKmL4sMrs4egy5h65OMDmSbVyuCzjOcwsHq6EaYjOTGXPQxgfiN8dJ4CriYHk6zF050WEULg-- <- @octokit/graphql 9.0.1 (9.0.3 is available)
+ nodelite-2-j2Zq4NyQYG5XMST4cbs02Ak8iJUdxRM0XI5QyxXuZOzKOINmWurp3smXu3y5wDcJrptwpSjgXHzIQxR0omXljQ-- <- tinyglobby 0.2.15 (0.2.17 is available)
+ nodelite-2-j3fVLgvTo527anyYyJOGTYJbG-vnnQYvE0m5mmkc1TK-nxAppkCLMIL0aZ4dblVCNoGShhm-kzE4ZUykBoMg4g-- <- ajv 6.12.6 (8.9.0 is available)
+ nodelite-2-j5EctnkH7amfV-q5Hgmoal1g2QHFJRraOtmx0JpIqkxhBhI-lJSl1nMpQ45hVarwNETOoWEimndZ4QK0RHxuxQ-- <- mimic-response 1.0.1 (4.0.0 is available)
+ nodelite-2-j6vWzfrGVfyXxge-O0x5sh6cvxAog0a-4Rdd2K36zCMV5eJ---tOAngRO8cODMNWbVRdVlmGZQL2YS3yR8bIUA-- <- es-set-tostringtag 2.1.0
+ nodelite-2-j7U11C5HXigVuutxebFadoYBbd7VSdZWggSe64NVdvWNBqGAiXPL2QVCehjmw7lY1oF9gOllYbORh-hiNgfPgQ-- <- minipass-fetch 4.0.1 (5.0.0 is available)
+ nodelite-2-j87xzI4LUggC5zND7KdjsI25APtyMuynXZSujByMaav2roV6OZX-8AaCUcZSWqckZpjAjRyFDdpqybgjFO0HJQ-- <- postcss-discard-overridden 6.0.2 (7.0.3 is available)
+ nodelite-2-j8tPxlqh1srJHAtxfvOUwKNYJkQuBFdM1-JAUfq6xqH5eAqf93L7oG1NVqDa4CpFZNvnNKtCYEUC8KY9yEn9lQ-- <- d3-hierarchy 1.1.9 (3.1.2 is available)
+ nodelite-2-j8z-cQbWIM5LY37pR6uZR6D4LfseplqnuAO4co4u8917hBUvXlEqyP1ZzqVLcqoyUesZZv-ImreoCeHVDpE5pQ-- <- react-hot-toast 2.4.1
+ nodelite-2-j9Db8Suy6yV-VHa4qzrj9yZfZxhLWQdVnRlXxmKLYlhWUVB1sB2G5sxuWYXk-whHD9iW76PmNzxZ4UCnTQTVEQ-- <- @babel/helper-compilation-targets 7.25.9 (8.0.0-beta.0 is available)
+ nodelite-2-j9DGrQLm-Uhl2tCzcbLhy5kXsgkHUrjJHg4fFAeoMRwJmJerT9aw4FEhIbZStWN8A3qMwOp1uzHr4UL8AInxtA-- <- micromark-factory-destination 2.0.0 (2.0.1 is available)
+ nodelite-2-jaSIDzP9pZVS4ZfQ-TzvtiWhdpFhE2RDHz8QJkpX9SIpLq88VueF5jJw6t-6CUQcAoA6t-x89MLrWAqpfDE8iQ-- <- compression 1.7.4 (1.8.1 is available)
+ nodelite-2-jcbsEAR81Bt5s1qOFymBufmCbXCXbk0Ql-K5ouj6gCyx2yHlu6AgmGIi9HxfKixpUDO5bCFJUHQ5uM6ecbTebw-- <- compatx 0.1.8
+ nodelite-2-jCClqdnnwigYslmtfb28vPplOgoiZ0siP2Z8C5Ua-3UKbx410v-c-jT-jh1bbI4TvcEySuX0vd-CfFZFbDkJeQ-- <- http-status 1.5.3 (2.1.0 is available)
+ nodelite-2-jcLLfkpoVGmH7-InMC-1hIvOPSUh38oJtGhvrOFGzioE1DZ-0YW16RgmOJhHiuWTvGiJQ9Z1Ik43JvkRPRvE-A-- <- graphlib 2.1.8
+ nodelite-2-jCvmsr-1IUSMUyzOkRcvnVbX3ZYC6g9TDrDbFuFmRDq7PD4yaGbLKNQL6k2jnArV8hjYxh7hVhAZB6s9HDGpZA-- <- react-refresh 0.14.2
+ nodelite-2-jDctJ-IVQbZoJykoeHbhXpOlNBqGNcwXJKJog42E5HDPUwQTSdjCHdihjj0DlnheQ7blbT6dHOafNAiS8ooQKA-- <- binary-extensions 2.2.0 (2.3.0 is available)
+ nodelite-2-jeC1axXpnb0-2nn-Y1LPuLdgXBLH7aDcHu4KEKfqw3CUhX7ZpfBSlPKyqXE6btIgEzfWtrX3-tyBCaCvXvMkOw-- <- colord 2.9.3
+ nodelite-2-jEQoCwk8hyb2AZziIOLhDqpm5-2ww5uIE6lkO-6jcOCusfk6LhMHpXXfBLXTZ7Ydyt0j4VoUQv6uGNYbdW-kBA-- <- es-module-lexer 1.7.0 (2.3.2 is available)
+ nodelite-2-jf-twWGDf6LDoXDUode-nc7ZlrqfaNphrBIBrcmeP3D8yw1uPaix1gCC8LUQUGQ6CycuK2opkbFFWFuq-a94ag-- <- css-blank-pseudo 7.0.1
+ nodelite-2-jFf-woGTVTjUJsl2O7hcopJ1r0upqoq-vIOoCj0yLh3RIXxWcljlpuZ-vEBRXsymD1jhfeJrlyTy-S1UW-4y1w-- <- @types/react-dom 19.1.1 (19.2.7 is available)
+ nodelite-2-jFI8IQw4hczaL4ALINxqLEXQbWcNjoSkloa4IaufXCJr6QawJyw7tuRysRsrE8w2p-4gGaxKIt-hX3qz-IbD1A-- <- class-variance-authority 0.7.0 (0.7.1 is available)
+ nodelite-2-jg-97EGIcY9AGHJJRaaPVgetKDsrTgbRjQ5Msgjh-DQKEFl0DtyRr-VCOyD1T2R1MNeWPK-u7JoGhlDZnKBAfA-- <- @types/uuid 9.0.8
+ nodelite-2-jhHiWVZIlnPbEUKSSNb9YoWcQGdlTLq7z1GHL4AjFxaoOUMuuEVJ-Y4pAaQUGOGk93YsVCKPbqbfw3m0SM6H8Q-- <- babel-plugin-polyfill-corejs2 0.4.6 (0.4.8 is available)
+ nodelite-2-jhIXaOzy1sb8IyocaruWSn1TjmnBVs8Ayhcy83rmxNJ8q2uWKCAj3CnJY-KpGSXCueAPc0i05kVvVKtP1t9S3g-- <- globby 11.1.0
+ nodelite-2-jhuKLIRrhvCPLqwPcx6INqmKeiA5EWrsCOPhrlFSrbrmU4ZMPjj5Ul-oLCMDO98XRUIwVm78xICz4EPCektzeQ-- <- @types/minimist 1.2.2 (1.2.5 is available)
+ nodelite-2-jhwhknnPBGhfXAGV5GXUWfEhDFoP-DN8MPCO2yC5OAxyp6oVJ8lTPLkZYMTW5VL0c0eG44dXpF4Ib01V-PlDrQ-- <- @aws-sdk/middleware-stack 3.272.0
+ nodelite-2-jJA7irRNM91jaKc3Hcl1npHsFLOXOoTkPCUL1JEa1R82O2miplXXRaGdjW-KM-98YQWDhJLiSs793CnXfblJUw-- <- run-parallel-limit 1.1.0
+ nodelite-2-jKkwA59IXcvSaiK2UN45kKwSC9o-KuoXsBDvHvU-7BecYIp8GQ2UwrVvFgJASUT-hBnwJx6MhvMCuMzwZZ7jlg-- <- @babel/helper-create-class-features-plugin 7.22.15 (8.0.1 is available)
+ nodelite-2-jMYDdqrQQxE7k9-KjstC3NbsmC063n1FTPLCgCRS2-qHUbHM0mNy9pIn4QIiQGs9I-Bg98vMqw7mJXBxa0N88A-- <- @csstools/postcss-nested-calc 4.0.0
+ nodelite-2-jOXGuXZAWdsTH7eZLtyXMqUb9EcWMGZNbL9YcGBJl4MH4nrxHmZJhEHvyLFrkxo-28uLb-NYRcStH48fnD0Vzw-- <- uuid 8.0.0 (9.0.1 is available)
+ nodelite-2-jqYfLp7mo9vIyQf8ykW2v7A-2N4QjeCeI5-Dz9XraiO1ign81wjiH7Fb9vSOWvQfNtmSa4H2RoQTrrXivdUZmw-- <- for-each 0.3.3 (0.3.5 is available)
+ nodelite-2-jRCJlojKnZ3addtTOjdIqoRuPEKBvNXcGYqzO6zWZX8KfKEpnGY5jfggJQ3EjKuu8D4bJRr0y-cYJFmYbImXGw-- <- tmp 0.0.33 (0.2.7 is available)
+ nodelite-2-jRDZ1IMLttGj41KcZvlrYAaI3CfqpLpfpf-Mfig13viT6NKvRzWZ-lXz0Y5D60w6uJIBAOGq9mSHf0gktF0duw-- <- vfile-message 4.0.2 (4.0.3 is available)
+ nodelite-2-jRR5wdylq8CkOe6hei19GGZnxM6rBGwFl3Bg0YItGDimvjGtAvdZk4Pu6Cl4u4Igsws4a1fd1Vq3ezrhn4KmFw-- <- agent-base 7.1.3 (7.1.4 is available)
+ nodelite-2-jSCU7-VB1loIWBZe14aEYHU--1UMEHoaO7qxCOVJOw9GgH72VAWppxNcjU-x9a2k3GSIBXNKxXQFqRvvZ7vr3A-- <- mime 3.0.0 (4.1.0 is available)
+ nodelite-2-jsEjy9l3yiXEQ-PsXdmBwEPcOxaXWLspKdplFUVI9vq1iZgIekeC0L167qeu86czQaxed3q-Uzuw0swL0irL8A-- <- is-generator-function 1.0.10 (1.1.2 is available)
+ nodelite-2-jtD6YG370ZCIi-9GTaJKQxWTZD045-4R4hTk-x1UyoqadyJ9x9CgSi1RlVDQF8U2sxLLSnFkCaMihqljHIWgMg-- <- duplexer 0.1.2
+ nodelite-2-jtEZKczWTueJYHjGpxU3KJQ08Gsrf4r6Q2GjmPp-RGk5leeYAA1eyDADSAF-KVCsQ6EwZd-FMcOFCoMhtqdCtQ-- <- @manypkg/find-root 2.2.3
+ nodelite-2-jv-8jaWCl0g2lSBkNSVXdzfBA0npK1HGC2KtWM9FumFRoGS94g3NbCCLVnCYHLjp4GrW2KZeeSTMo5ddtznmGw-- <- is64bit 2.0.0
+ nodelite-2-jxayLKShrEqqzJ0eumQbVhTYQM27CfT1T35-gCgDFoL82JLsXqTJ76zv6A0YLOgEnLUMvLzsDsGIrl8NFpT2gQ-- <- es-define-property 1.0.0 (1.0.1 is available)
+ nodelite-2-jY8CSxmpWLOxS-t8W-FG3Xigc0RDQA9bKMY-EwILvsesiRniiVMejYTE4wumNc2f4UbAa4WsHqe3J1QS1sli-A-- <- micromark-factory-title 2.0.0 (2.0.1 is available)
+ nodelite-2-jyCETtSl3VMZMWeRo7iY1FL19ges1t55hMo5yaam4Jrsm5EPL89UQkoQRyiI-Yf4k8r2ZpdngkV8hr1lIdjb3Q-- <- dateformat 3.0.3 (4.6.3 is available)
+ nodelite-2-jZNtiFl-1aY73yS3UGQkutD0UbhTt68qnRpw2Pifmz5wV9h8gOVsN70v-Lq-f1rKaU-W8pxRe8y8Q9FX1AOe1Q-- <- micromark-util-subtokenize 2.0.1 (2.1.0 is available)
+ nodelite-2-jZVI-s9Zg3IqA-kdi0i6UDCybUI3aSBLnglhYbSSjKlV7yF1F-5LWv8MakQmvYpnbJDS6fcBL2KzHSxNCMtWSQ-- <- babel-plugin-dynamic-import-node 2.3.3
+ nodelite-2-k-vGaX4-Yla3WzyMCvTQOXYeIHvqOKtnqBduzTHpzpQZzAskKMhZ2K-EnBiSM9zGSoIFeMpXKxa4dYeZIQqewQ-- <- inherits 2.0.4
+ nodelite-2-k0KxCfcX-HZySqPasKy6GkiiDuebaMh2v-nE0HHg1PbsyeyagLapDi6Ktjkxhz8NlUq6eTJR-ddGJegippKQtQ-- <- @algolia/client-analytics 5.20.2 (5.57.0 is available)
+ nodelite-2-k17bgQhVZ7YmUvA8at4af1TDpl0NDMBuBKJl8Yg0nrefwmValU-CnA5l-AriVdQNthU-33H3nK71HrLgqOPr1Q-- <- @smithy/core 3.2.0 (3.22.0 is available)
+ nodelite-2-k1U0IRzLMo7ZlYIfzRu23Oh6MiIFasgpb9X76eqfFZAqwH44UI4KTBvBYIZ1dSL9ZzChTB9ShHfLkR4pdW5krQ-- <- is-number-object 1.0.7 (1.1.1 is available)
+ nodelite-2-k3kNe0aNFQDAZGbin48pL2VNidTF0w4-eASDsxlyspobzU3wZQLOGj7L9gfRe0Jo9-4uud09DsjFNH7winGv8Q-- <- postcss-modules-extract-imports 3.1.0
+ nodelite-2-k55yxKHwaXnpYGsOzg4Vl8-tDrWylxDEpknGjhTiZB8dFRU5rTo9CAzeycivxV3s-zlTKwrs6WxMxR95n26kwg-- <- strip-outer 1.0.1 (2.0.0 is available)
+ nodelite-2-k6E21FzySsSK5a21KRADBd-NGneRegFO5pLHfdQLpRDETUNJueLXs3WCzyQ3tFRDYgbq3KHGXfTbi2bs8WQ6rQ-- <- object.fromentries 2.0.8
+ nodelite-2-k92I-b08q4wvFscXCLvqfsHCrjrF7yiXsQuIVvVE7N82W3-aqpzuUdBbfhWcy-FZR3-4IgflMgKLOsvPDrGCJA-- <- inflight 1.0.6
+ nodelite-2-k9PN-cFBmaLWtVz29SkUoqU5O0slLuHJXt-2P-tMVFT-phsSGXGkp9t3rQIqdz0e-06EHNGs3oM6ZX1s2zHxRg-- <- get-tsconfig 4.8.1
+ nodelite-2-kA5WQoNVo4t9lNx2kQNFCxKeBl5IbbSNBl1M-tLkw9WCn-hxNBAW5Qh8gdhs63CJnhjJ2zQWFoqPJP2sK1AV5A-- <- range-parser 1.2.0 (1.3.0 is available)
+ nodelite-2-kAQTcEN9E8ERLVg5AsGwLNoFb-oEG6engbqAU2P43gD4JEIkNGMHdVQ096FsOAAYpZPB0RSt0zgInKIAS1l5QA-- <- @npmcli/agent 4.0.0
+ nodelite-2-kbpaSSGJTWdAY5KPVeMOKXSrPtr8C8C7wodJbcsd51jRnmD-GZu8Y0VoU6Dm5Z4vWr0Ig-1NKuWRKf7j5aaYSg-- <- onetime 5.1.2 (7.0.0 is available)
+ nodelite-2-kc8ZibdRcuWUG1pbYSBFWqmIjynlD8Lp7IB6U3vIzvOv9VG-6Sp8bzyeBWE3Oi8XV5KsQrznyRTBPvrf99E4mA-- <- turbo 2.5.4 (2.7.6 is available)
+ nodelite-2-kCUc5MEwaEMakkO5x7aoD-DLi02ehmEM2QCGWvNqAS1dV-fAvORWEjnjsEIvml59M7Y5kCkWN6fCCyPOe8OL6Q-- <- @testing-library/user-event 14.4.3 (14.6.1 is available)
+ nodelite-2-kcZ6-W5QzcJ3P1Mt-83OUv-oHFqZHIx8DuxG6eZ5RGMERoLqp4BuGjhHLYGK-Kf5XVkQvqBSmAy-nGWN3qDgEA-- <- cosmiconfig 8.3.6 (9.0.0 is available)
+ nodelite-2-kEcvvCBByWXGnZy6JUlgAp2gBIUjfCAV6P6TgT1-aaQKcmuAEC4OZTV1I4EWQLz2gxZw76atuVyvHhTxvi0Flw-- <- events 1.1.1 (3.3.0 is available)
+ nodelite-2-kGaNbPh1k7AFzgpud-gMdvIm5xuECykRR-JnWKQno9TAXVa6WIVCGTPvYGekIDL4uwCZQSYbUxNBSb1aUo79oA-- <- @types/mdast 4.0.4
+ nodelite-2-kgBf6avCbO3Cn6-RnzRGLkUsv4ZVqv-VfAYkRsyBcgkshNvVBkRn1FEZcW0Jb-npXQWm2vHPnnOqFteZxRRGNw-- <- parse-github-url 1.0.2 (1.0.4 is available)
+ nodelite-2-kHt7kzLoS9VBZfUsiKjv43mr91ea-U05EyKkEtqp7vNbHxmaVuEqN7XxeEVnGrMtYOAxGrDElSi96K7EgO1zCA-- <- parse-ms 2.1.0 (4.0.0 is available)
+ nodelite-2-kHxr2zZpYtdmrN1qDjrrX-Z1rR1kG8Dx-gkpK1G4eXmvXswmcE1hTWBWYUzlraYw1-yZp6YuDY77YtvbN0dmDA-- <- shebang-command 2.0.0
+ nodelite-2-kJExsp4JCms7ipzg7SJ3y8DwmePaELHxKYtg-tZow-k0znUTf3cb-npgyqm8-ATZOdmfgfydIebPDWM172wfyA-- <- @fastify/forwarded 3.0.0
+ nodelite-2-kJt5qhMxoszgU-62PLP1CJytzd2NKetjSRnyuj31fDd3Rlcz3fzlFdFLD1SItunPwyqEOkca6GbV612BWfaBag-- <- queue-tick 1.0.1
+ nodelite-2-kJVkU2Wd-AXQpyL6DlYXXRrfNrHrEIUgiABWH8Z-2Lz5Sq6an4dQ-hfvP75bbokjNDUskOdFlEEm-0fSVyC7eg-- <- typedoc-plugin-markdown 4.4.2
+ nodelite-2-kkIp7XSkP78ZxJEsSxW3712C6teJVoeHHwgo9zJ380de7IYyJ2ISlxojcH2pC5OFLewESmnRi--XCDIEEVyoug-- <- loupe 3.1.3 (3.2.1 is available)
+ nodelite-2-kkx-MB2KQRkyxjYPc3a0wLZZoDczmppyGJIvQ43l-aZihkaVvmu-21kiyaHeHjiFxjxNNFnUncKmcGIyOojsaw-- <- playwright 1.51.1 (1.62.1 is available)
+ nodelite-2-klHuCNxiMZ8MlsOihJhJEBJAiMVqU3Z2nEXWfWnIqjN0gEFS9J9-IxKozWWtQGcgoa1WUZzLjKPTr4ZHNFTFxw-- <- string.prototype.trim 1.2.9
+ nodelite-2-klXqyaT9trSjIUrcsYIfETAzmOEZL3cBYqOYLJxBHfMFFggmXOv-NYSX-Jbs9mzMVESw-WycLFPRx8ba-b2Ipw-- <- @babel/plugin-transform-object-super 7.22.5 (8.0.1 is available)
+ nodelite-2-kmVy-5PYVb2UOhy0-LqUYAhKj7DUGDpSWa5LZqlkWJaaAV-dxxsOG3-St0yNLu6vsKD7Dmqx-nWQt0iil89-WA-- <- postcss-selector-not 8.0.1
+ nodelite-2-kN0pAM4yPrLjJ1XJBjDxyfDduXOuQHrBB8aLDMueuwUGn-vNpF7Gq7TvyVxx8u4SHlFFj4trmj-a2cbpG4Jn1g-- <- @inquirer/input 4.3.1
+ nodelite-2-kNFPyjhh5cKjrUltxs-wFx-ZkbRaxxmZ-X0ZU31SOsxCEtP9VPgtq2teZw1DebupL5GmDaNQ6yKMMVcM41iqDg-- <- fast-glob 3.3.1 (3.3.3 is available)
+ nodelite-2-kNOjDqAh7px0XWNI-4QbzoiR-nTkHAWNud2uvnJquD1-x5a7EQZMJT0AczqK0Qn67oY-TTQ1LbUKajZpp3I9tQ-- <- atomic-sleep 1.0.0
+ nodelite-2-knxG2q4UC3u8stRGyAVJCOdxFmv5DZiRcdlIaAQXAbSfJya-OhopNotLQrstBhququ4ZpuKbDc-8S6mgXgPFPw-- <- is-unicode-supported 0.1.0 (2.1.0 is available)
+ nodelite-2-knYRACqLH9UpeR-WRUrBzBFR2ulGuOjI2b525k4PNeqZxeFMHJE7YcL7s6Jh12Qza0rtHqZdgHMfeuaaAkf4wA-- <- algoliasearch-helper 3.24.1
+ nodelite-2-ko-gIFJRv177XgZsZcBwnqJN5x-Gien8qNOn0D5bQU-zAzVf9Zt3BlcUiLqhV9y4ARk0GbT3tnUiPNgnTXzc-Q-- <- @types/unist 3.0.3
+ nodelite-2-kOmZg5RRqJfH31m-6ZpnwVbkqMJrPOG5t0IOl4i--3ruXyNfWzZ0lVtVrD0u4ONc-0NOsS9sWYaxxWNkH1LdLQ-- <- @docusaurus/types 3.7.0
+ nodelite-2-kP-j7Iw7KeNE8b-o7-tr9uX2s1wegElGOoGZ2Xm35qBr4BbbEcH3-bxR2nfH9l9JANCq9AUrvKw-gRuHtZp0HQ-- <- essentials 1.2.0
+ nodelite-2-kpqnYK4wcdm5UaWI3fLcELopqLrHgLqNsdpHauzlQktfkHL3npOSwtj1Uz9oKBAzs7lFtVkV8j83voAz2D8fhw-- <- @types/react-router-dom 5.3.3
+ nodelite-2-kRGRZw3bLlFISDBgwTSA1TMBFN6J6GWDeubmDE3AF-3-yXL8hTWv8r5rkLbqYXY4RjPk-EzHnClI3zQf1cFmHA-- <- content-disposition 0.5.2 (1.0.1 is available)
+ nodelite-2-kRj8B-YHZCc9kQYdWfJB2-oUl9rA99qbowYYBtr4ui4mZyAQ2JpvVBd-6U2YloATfqBhBTSMhTpgBHtU0Mf3Rg-- <- trim-lines 3.0.1
+ nodelite-2-kSMlyUVdWe25rEsRGviIgOWnoT-nfABVWlqt9N19-dIPWViAOW2s9wznP5tURbs-IDuNk4gPy3YdYRgH3uxhBw-- <- @babel/helper-plugin-utils 7.25.9 (8.0.1 is available)
+ nodelite-2-kTwMUQ8xtAZaC4wb2XuLkPqFVBj2dNBueMQ89NWEuw87k2nLBbuafeG5cob-QEr6YduxIdTVUjix0MtC7mPlmg-- <- @typescript/twoslash 3.1.0
+ nodelite-2-kUMbT1oBJCpgrnKoSr0o6wPtvRWT9W9UKvGLwfJYO2WuahZRHOpEyL1ckyMGgMWh0UdpmaoFqKKD29WTomNEGA-- <- skin-tone 2.0.0
+ nodelite-2-kUvzyvkcd6h1vpeMAojK2y7-PAV5H-0Cc9-ZlKYDFhDY31AlvsB-GW5vNO4qE3Y07KeQgvNO9U0QUx-fN62kBw-- <- @auth/core 0.37.2
+ nodelite-2-kVNcWhCeKAzZ8B4pv-DnrU1wNh458zBNp8dh4y5hhxih5RZQ12QWMuQrDgPRw3LRl8mN9vOVfHl7uhvHYMoXsQ-- <- postcss-normalize-url 6.0.2 (7.0.3 is available)
+ nodelite-2-kvRdxDsxZjhzUX07ZnLydzS1TU-TJlTUHHY4YLL87e37oUA49DfkLqgy-VjFocowy29cKvcSiu-kIv728jTTVg-- <- is-regex 1.1.4 (1.2.1 is available)
+ nodelite-2-kVscqXk4OCp68SZ0dkgEKVi6-8ij300KBWTJq32P-dYeWTSwK41WyTxalN1eRmA5Z9UU-LX9D7FWSmV9SAYx6g-- <- esutils 2.0.3
+ nodelite-2-kW1uOxgPSwtXPB5rm3QLdWomu42lkYpQL94tM1BjyFOWmBLO2lQhk5a7Dw6HkTozT9a-vxtscLChRa6KZe61Hw-- <- @aws-sdk/middleware-serde 3.272.0
+ nodelite-2-kWWXztvZ5SBQV-eRgKFeh8q5sLuZY2-8WUIzlxWVTg-oGwY14qylx1KbKzHd8P6ZYkAg0xyIDU9JMHhyJMZ1jw-- <- char-regex 1.0.2 (2.0.1 is available)
+ nodelite-2-kY1AZVr2Ra-t-piVaJ4gxaFaReZVH40AKNo7UCX6W-dEwBo-2oZJzqfuN1qLq1oL45o56cPaTXELwrTh8Fpggg-- <- regenerator-runtime 0.13.11 (0.14.1 is available)
+ nodelite-2-kyCuEOWjJqZuDbRHzL8V93NzQhwIB71oFWSyzVo-KPZI-pnQPPxucdkrOZvkLRnrf5URsQM-IJ09Dw29cRALIA-- <- hosted-git-info 4.1.0 (9.0.2 is available)
+ nodelite-2-kym7SodPp8-wloecOpcmSnWJsK7M0E5Wg8UcFA-uO4B9s5d0ywXOEro-8HM9x0rW-TljRzul-14UYz3TleT3ig-- <- @floating-ui/utils 0.2.8 (0.2.9 is available)
+ nodelite-2-kZf-K6hEIrWHI6XqOFUiiMa-79wE-D8Q-NCNAWclkyg3b4d2k7s0QGepNjiABc-aR3N1PAyHL7p6UcLY6LmrnA-- <- util 0.12.5
+ nodelite-2-l-sSefzHpj5qimhFSE5a8nufZYAM3sBSVMAPtYkmC-4EH2anSGaEMXSD0izRQbu9nfyQ9y5JrVmp7E8oZrUjvA-- <- restore-cursor 3.1.0 (5.1.0 is available)
+ nodelite-2-l0OE8wL34P4nJH-H2ffoaniAokM2qSmrtXHmlpvYr5AVVX8msAyW0l8NVJFDxlSK4u3Uh-f41cQheDVdnYijwQ-- <- rimraf 5.0.10 (6.1.2 is available)
+ nodelite-2-l1UyWJ6Eg1VPU7Hm-9tt0zKtReJQNOA4-iDMAxTyZNWnJnFlbS-7zhiel-rogTLQ2vMYwDzSJa4BiVNqGlqIMA-- <- remark-directive 3.0.0 (3.0.1 is available)
+ nodelite-2-l3BikUxvPOcn5E74dZiq5BGsTb5yEwhaTSzccU6t4sDOH8NWJCstKO5QT2CvtFoK6F0saL7p9xHAqHOlCPJygA-- <- source-map 0.7.4 (0.8.0-beta.0 is available)
+ nodelite-2-l3LCuF6MgDNwTDKkdYGEihYjt5pRPbEg46rtlmnSPlUbgmB8LOIrKJbYYFBSbnPaJexMKtiPO8hmeRjRz2Td-A-- <- has-symbols 1.0.3 (1.1.0 is available)
+ nodelite-2-l4RyHgRqGN4Y3-9JHVrNqO-tN0rV5My76uW5-nuO4K1b6vw5G8d-cmFjP9tRfEsdhZNt0IFdZuK-c2Vr4Nb-Qg-- <- is-obj 1.0.1 (3.0.0 is available)
+ nodelite-2-l4Sp-DRseor9wL6EvV2-TuQn63dMkPjZ-sp9XkghTEbV9KlPS1xUsZ3u7-IQO4wxtcFB4bgpQPRcR3QCvezPcQ-- <- wrappy 1.0.2
+ nodelite-2-l4xMuJo55MAe-N7Qr4rX90vypFwCajSakx59qe-tMaC1aEHWLyw68wF4o0A4SLAY4E0nd-Vt-EyskeDIqu1M6w-- <- @inquirer/select 4.4.2
+ nodelite-2-l9HkF2HGmEc4cm0Mc3E08o-lhminlAdDDekqc-m1urG-SK6CL3e0TL0EJ8QyXkDwfS69rgI94GOXLD4qCD-1WA-- <- superstruct 2.0.0
+ nodelite-2-laJTa3Jb-VQpaC6DseHhF7dXVqHTfJPCRDaEbid-drOhgitgYku-letMUqOXFoWV0zIIUbjpdH2t-tYj4bQMRQ-- <- strip-indent 3.0.0 (4.1.1 is available)
+ nodelite-2-lAUU-02RFBuCKQPj-P6NgjlbCnLBMp4UtgTx7vNHd3XSIJF87s9a5rA3aH2yw3GS9DqZAUbOtZdCCiZeVRqt0w-- <- browserslist 4.26.3 (4.28.8 is available)
+ nodelite-2-lBlHbfSFPToDYp9pjXlUEFVxYLaue9f9T1HC-4OHlmj-HnMDdz9oZY-erXfoCe-5V-7gKUSY2jpXPb9S7f0f-w-- <- unplugin 1.14.1 (3.0.0 is available)
+ nodelite-2-lBN9zLN-oAf68o3zNXYrdCt1kP8WsiGW8Oo2ka41b2IM5JL-S1CTyX1rW0mb-zSuJun0ZUrDxx4sqvYS2FWzPA-- <- tiny-warning 1.0.3
+ nodelite-2-lc-aahn-t4-SWV-qcmumYjymLsWfN3ELhpmVuUFjgsORruuZPVSwAQryq-HHGvO-SI2KVX26bx-En-zhM8g8hQ-- <- mime-types 2.1.18 (3.0.2 is available)
+ nodelite-2-lc1bnsSr4L4Bdif8Xb-qrtokGbq5zlsms-CYH8PP-WtCkGNF65DPiQY8vG3SakEdRn8Dlnm-gW-qWKKjS5sZzQ-- <- filename-reserved-regex 2.0.0 (4.0.0 is available)
+ nodelite-2-ld6oezHQMZsZfp6pWtbjaNDF2tiiCYYDqQszHt5VV437lewP9aSi2Of99CK0D0XB21k7FLgnLcmQKyKzynfeAA-- <- @babel/plugin-syntax-jsx 7.25.9 (8.0.0-beta.0 is available)
+ nodelite-2-leDIc4l4tUgU7str5BWLS2h8q2N4Nf6lGZP6UrNDxdtfF2g69eJ5L0H7S8A5Ln-arfFAfHor5InAdZuIOwZdgQ-- <- babel-plugin-polyfill-corejs3 0.8.6 (1.0.0 is available)
+ nodelite-2-lexREWj1lKi91Tblr38ntSsy6CvI8ba7u-jmwh2yruib-ltLUcsIzEjCnrkh1yYGGIKXbAuYV2tOG10fGDB9OQ-- <- @vue/devtools-core 7.7.2 (7.7.7 is available)
+ nodelite-2-lfjY4HcixfQXOfaqCvcBuOIapyaroTXhbkfJN3gcB1OtyupngWK4sEET9Knd0cXd28kTUqu-kHoV4HKSJdnjiQ-- <- string.prototype.trim 1.2.8 (1.2.9 is available)
+ nodelite-2-lFMjJTrFL3j7L9yBxwYfCq2k6qqwHyzuUl-XBnif78PWTJYyL-dfowQHWE3sp6U6ZzqWiiIZnpTMO96zhkjwtg-- <- @ampproject/remapping 2.2.1 (2.3.0 is available)
+ nodelite-2-lfX5g6hqVh9kjS-B9E2gSkvHH4SZNiQFiqWS0x9fENzEl-8W12RqdRxX6d-Cwxi30tPQs3bIO-aolQJNp1bIyw-- <- hast-util-to-estree 3.1.0 (3.1.3 is available)
+ nodelite-2-lhd-wF-Lk98HZoTCtlVraHtfh5XYijIjalXck7saUtuanSDyLMxnHhSXEDJqHxD7msR8D0uCmqlkwjCV8xvwHw-- <- fast-json-stable-stringify 2.1.0
+ nodelite-2-lhMfi4FC15j13eKrh3DnYHjpGj6UKQHtNKTbtc1igvAhRy4-kLhV07OpLcsN0VgDEw-MjAvJO4BdMJsHwMhzCg-- <- @babel/plugin-transform-unicode-sets-regex 7.22.5 (8.0.1 is available)
+ nodelite-2-lJJV-5dYS-RcL8uQdBDW9c9uWFLLBNRyFhnAKXw5tVqLlKZ4RMGZKv-YQ-IA3OhD-RpbJa1LLFM1FQPGyIXvOA-- <- is-path-inside 4.0.0
+ nodelite-2-ljK-R3l-Q1LIHrcR-Knhk0rmcSkfFadZ8V-crEGpABf-QUQRg7NkZMsoe814tfBO5F7tMxo8wwwSdaVNNHtoRA-- <- @aws-sdk/util-user-agent-node 3.272.0 (3.972.2 is available)
+ nodelite-2-lks-lVC8dgGyh97jxvxeYTWQFvh4uw4yC12gVl63Cg30sjPX4wuGcdkICVXDAESr6OJGjqGA8Iz5mkeN6zlD7A-- <- http-errors 1.6.3 (2.0.1 is available)
+ nodelite-2-lKwV-1brpG6mBUFHtb7NUmtABCb2WZZmm2wNiOA5hAb8VdCS4B3dtMWyvcoViccwAW-COERjXLt0zP1zXUN26g-- <- minimatch 5.1.6 (9.0.9 is available)
+ nodelite-2-lkX1HJXwyMcprw-5YUZc2s7DrpAiHB21-V-E1rHUrVNokkvB6bqMzT0VfV6-86ZNabt1k14YOIaT7nDvOX3Iiw-- <- glob-to-regexp 0.4.1
+ nodelite-2-ll1StnKtBigWIGqvYDVuDmXJHVH4zLVot1yQ4fJtLpL7qacwkxJc1T0bptqw-miBQ-QfUbhl1TcQ4accW5KUyA-- <- @typescript-eslint/eslint-plugin 8.24.1
+ nodelite-2-llMXd39jtP0HpQLVI37Bf1m2ADlEb35GYSh1SDSLsBhR-5iCxiNGlT31yqbNtVHygHAtMy6dWFERpU2JgufhPg-- <- @mapbox/node-pre-gyp 2.0.0
+ nodelite-2-llQsMLSUDUPT44jdrU-O37qlnifitDP-ZwrmmZcoSKyLKvtZxpyV0n2-bD-N4tBAAZ-gJEdZU7KMraoK1-XYAg-- <- proxy-addr 2.0.7
+ nodelite-2-lN85QRR-5IbYrMWM6Y4pE-noaQtg4pNiqeNGX60eqOfo6gtEj6uw-JagelB8vVztSd7R6M5n1-PQkDbHbBRU4g-- <- @babel/generator 7.23.0 (8.0.0-beta.4 is available)
+ nodelite-2-lNaJgI-2Q5URQBkccEKHTQOPaXdUxnZZElQTZY0MFUAuaEqe1E-Nyvgdz-aIyNi6Z9MzO5dv1H8n58-GELp3-w-- <- once 1.4.0
+ nodelite-2-lnFZzNPeDf5uGMPYgGOw7v0BfB45-irSRz9gHQStdkkhiM0gTfvWkWB5BMxpn0OqgOQuZG-mRlZyJxp0EImr2Q-- <- postcss-normalize-display-values 7.0.0 (7.0.3 is available)
+ nodelite-2-loKTxY1zCOuG4j9f6EPnuyyYkf58RnhhWTvRoZEokgB-WbdXehfjFviyOVYkqzEWz1Q5kRiZdBYS5SwxbQYwzw-- <- collapse-white-space 2.1.0
+ nodelite-2-lomjuFZKfM6MSAnV9aCZC9sc0qGbmZdfygNv-nCpqVkSKdCxCklLtd16O0EILGkImHw9ZpHkAnHaB-8Zxq5W6Q-- <- columnify 1.6.0
+ nodelite-2-lq3Lyw1lGku8zUEJPDxsNm1AfYHBrO9Y1-olAYwpUJ2IGFBskM0DMKok97A6LWUpHm-o7IvQBOWu9MLenp9Z-A-- <- react-loadable-ssr-addon-v5-slorber 1.0.1
+ nodelite-2-lqjrjmaOoAnWfMmBPL-XNnynZh2-swxiX3WUE0s4yEHI6m-AwrK2UZOimIRl3X-4QctVqS8AiZjFqyOGrMXb-w-- <- nth-check 2.1.1
+ nodelite-2-lR4MXjGNgkJc7tkQ97kb2nuEMnNCyU--XYVH0MKTGcXEiSudQ5MKGKen3C5QubYy0vmq-JGitUg92uuywGEwIA-- <- json-parse-even-better-errors 4.0.0 (5.0.0 is available)
+ nodelite-2-lRfaRKGZCBqDlRU3UIFovdp9c9mEvlylmpod0-OatICsSfuQ9YFthRo1tpTkGsklEefZdqlEFdY4A2dwTb6ohg-- <- @babel/plugin-transform-unicode-escapes 7.22.10 (8.0.1 is available)
+ nodelite-2-lt3QQiDDOVRatS0ionFDNrDIv4eXz58IibQaZQDOg4DqqdNme8oa0iPWcE0-hkq-KTeBCPtEOjDOBKBKwDumVg-- <- @hapi/somever 4.1.1
+ nodelite-2-lV4FYClAfjWnBfv0iNlJUGhamDgIq6TayD0kPZED6VzHWdpcHmPfsYOZ-CFwLfPv4Zp-F4m8QKTj0oy2HjiGXg-- <- react-github-btn 1.4.0
+ nodelite-2-lvGehj1XsrIoQrD5CfPduIzQbcpuX2EPjlk-vDMDQF9U9HLRB6WwMTdighj5n52hdhh8xg9VgPTU7Q25MuJ-rw-- <- ast-kit 1.4.2 (3.0.0-beta.1 is available)
+ nodelite-2-lWBYIrF7qK5-GjY5Uy--hEgp8OJWOD-rpy74GplYRhEauvbHDeFB8t5hPOZxCZ0Oxf4Cc36tK51-l3ymJysrKw-- <- @babel/core 7.26.9 (8.0.1 is available)
+ nodelite-2-lx9B5iv7msuFYE3dytT-KE5tap-rNYw-K4jVkb9R-asAb-pbBSM17jtunHplhBe6RRJdZx3Pn2Jph24O32mOVg-- <- to-buffer 1.1.1 (1.2.2 is available)
+ nodelite-2-lXraTwcX3yH-vMDaFWCQJP1uIszLVebzUa3ZHdrgxr7KEU-9mL4mVgCpGbyhvNLNlauROiNUq7WN5u7ndbY6xg-- <- micromark-util-character 1.2.0 (2.1.1 is available)
+ nodelite-2-lY6kdGpWHvjoe2vk4WrAapEuBR69EMxZl-RoGRhrFGNYVK8mOPAW8VfbT-ZgrFbXlDNiiaxQnAtgVCZ6jv30EA-- <- @babel/plugin-syntax-json-strings 7.8.3
+ nodelite-2-lYe4Gx7QT-MKGbDsA-Z-he-Wtef0BiwDOlK-XkBrdfsh9J-jPPXbX0tE9x9cl27Tmu5gg3QUbUrQYa-y-KOHPQ-- <- aproba 2.0.0 (2.1.0 is available)
+ nodelite-2-lyuxPGr-Wfhrlem2CL-UcnUc1zcqKAImBDzukY7Y5F-yQiNdko6-fRLevlw1HgMySw7f611UIY408EtxRSoK3Q-- <- loose-envify 1.4.0
+ nodelite-2-lzchcp8SjTSVe-fPmLwtWVBFC7-Tbn8LGHDVfDp9JGxpAY5opSaEFgt8UQvrnECWOTdji2mOWMz1rOhkHscmGQ-- <- @babel/helpers 7.23.2 (8.0.0-beta.0 is available)
+ nodelite-2-lzFPohp5sy2XvwFjZIzLVCRpC0i5cwBiaXmFzXYQZJm6FSCszHO4ax-m9yrtlyVFF-2YPWl--bzNthy4aJtseA-- <- @aws-sdk/shared-ini-file-loader 3.272.0
+ nodelite-2-lZhclumE1G6VYD8VHe35wFaIif-CTy5SJIi5-3y4psDgWu4wPDoBhF8NxUOinEc7pHgiTsT6MaBb92rKhhD-Xw-- <- is-number-object 1.1.1
+ nodelite-2-m1ekpSwuOT5hxkJeZGRxO7gXbXT3gF26NjQ7GdVHoLoF8-nopLcd-QfPigpCy7i51oFHiRJg-CyHhj4vs2-KGw-- <- unplugin 2.2.0 (3.0.0 is available)
+ nodelite-2-m2bOd0f2RT9k8QJx1JN85cZYyH1RqFBdlwtkSlf4tBDYLCiiZnv1fIIwacK6cqwXavOydf0NPToMQgpKq-dVlA-- <- @standard-schema/spec 1.0.0 (1.1.0 is available)
+ nodelite-2-m40eHdGY-gA6xAPqo8eaxqXgBuzQTlAKfmB1iF7oCKXE1HfwHwzDJBywK-qQGn52dta-bPlZluPF7--yR3p-bg-- <- unstorage 1.15.0 (1.17.2 is available)
+ nodelite-2-m4EqFMHv-Ih4kpcBCONHbkT68KoAeHN4p3lAGoNryfHi0dMy0kCzEZakiKRsvg5wHZ-JLrLW8o8KomWiz-qbYQ-- <- react-router-dom 5.3.4 (7.12.0 is available)
+ nodelite-2-m5cUmF30xkZ7h4tWUgTAcEaKmUW7tfyUyTqNNOz7OxWJ0v1VWKTcOvH8FWHUwSjlW-356Ijc9vi3XfcPstpQKA-- <- fork-ts-checker-webpack-plugin 6.5.2 (9.1.0 is available)
+ nodelite-2-m5KgiH85xAhhW8Wta0vShLcUvOsh3LLPI2YVwcbio1l7E09NTLL1EyMZFM1OyWowoH0skScNbhOPl4kcBgzTww-- <- estree-util-visit 2.0.0
+ nodelite-2-m62ShEObQ39CfralilEQRjH6oAMtNCV1xJyEx5LpRYUVN-EviphDgUc-F3hnYbADmkiNs67Y-3ylmlG7Lnu-FA-- <- d 1.0.1 (1.0.2 is available)
+ nodelite-2-m6FAo-spmsW2Ab2fU35JTYwtOKa2yAwXSwgjSv1TJzh4Mh7mC3lzAOVLBprb72XsTrgkEIsl7YrFNAiDiRhIGg-- <- indent-string 5.0.0
+ nodelite-2-m7a0FhE67DQXgouf1tbN5XQcdWoNgaAuoULHIfGFIEVKA6tu-edls6XnIlkmS6FrXAquJRPni3ZZKjw6FSPjPQ-- <- @webassemblyjs/leb128 1.11.6
+ nodelite-2-m9-5YGR18lIwxSFDwfE3oA7bWuq9kdau6ugN4H2rJeyhFQZcG9AgSHkQtSD15a8WvTgfz9aikZMrKPHvbpqFiw-- <- @kwsites/file-exists 1.1.1
+ nodelite-2-maua5KUiapvEwiEAe-XnlZ3Rh0GD-qI1J-nb9vrJc3muPXvcF-8gXYTWF76-5DAqHyDUtOIImEuo0YKE9mshVw-- <- devalue 5.1.1 (5.6.2 is available)
+ nodelite-2-mcD36GrhAzX5JVOsIO52qNpgRyFzYWRbU1VSRFCvJt1IJvqfvH427wWw-CFqkWvjVPtdG5VTx4MKUeC5GeFPDQ-- <- git-url-parse 16.0.1
+ nodelite-2-mCokbouEQ-ocRce-FpKCRItGo-013tHg7tixg3DUNS-6bmIchPt66012kBMm476vyEIJPafrvOf4E5OYj3shSw-- <- @vue/babel-helper-vue-transform-on 1.4.0 (1.5.0 is available)
+ nodelite-2-mCuXncKXk5iCLhfhwTc0izo0gtEmpz5CtG2y8GiOINBlMVS6v8TMRc5TaLWKS6692m9-dVVfzgeVxR5UxWHTYw-- <- chai 5.2.0 (6.2.2 is available)
+ nodelite-2-mD8APIXmseE7oZvZgGABDyM34GUmK45Um2TXiBUt7PnuAxrgoSVf123qUzPxEr---BHrRn5NMZCdE2m-1F8DGg-- <- @babel/plugin-transform-classes 7.25.9 (8.0.1 is available)
+ nodelite-2-me6VGeHsx30-xh9fbDLLPi0J1HzmeIIyenoOQHuw2D4m2SAU3NrspX5XxJLBpqn5yrLzrlw2Iy3RA--Bx27iOA-- <- @babel/plugin-transform-for-of 7.22.15 (8.0.1 is available)
+ nodelite-2-mehfKSMWjjNol8659Z8KxEMrdSJDDot5SXMq00dM8BN4o-CLNXQ0xH2V7EchNHV4RmbZLmmPdEaXZc5H2FXmDg-- <- @emnapi/runtime 1.8.1
+ nodelite-2-mEp4xPMi5bSWiMbsgoPfcP74lsWLHkQbZc3sY-jWYd65CUwXrUaTp0fmNpa01ZcETKlIgUdFN-MpS2xZtqL9dQ-- <- postcss-nested 6.0.1 (7.0.2 is available)
+ nodelite-2-mEQCMmwJu317oSz8CwdIOdwf3xMif1ttiM8LTufzc3g6kR-9Pe236twL8j3IYT1F7GfRgGcW6MWxzZjLIkuHIg-- <- defu 6.1.4 (6.1.7 is available)
+ nodelite-2-mEugaLK-YfkijB4fx0e6kImuJdCIt2LxCRcbEYPqRGCs4F2ogyfZU5IAZRdjCP8JPq2AtdNoC-Dux63d9Kiryg-- <- select-hose 2.0.0
+ nodelite-2-mEwzpUgrLySlveBwEVDMKk5B57bhLPYovRfPAXD5gA-98Opn0rCDj3GtLwFvCvH5RK9uPCExUROW5NjDwvqkxw-- <- tinyglobby 0.2.13 (0.2.17 is available)
+ nodelite-2-mfcwb6IzQyOKTs84CQMrOwW4gQcaTOAWJ0zzJCl2WSPDrWk-OzDaImWFH3djXhb24g4eudZfLRozAvPGw4d9hQ-- <- is-weakset 2.0.4
+ nodelite-2-mK3aFtjz4VdJN0igpIJrinf3EO8U8mxOPsTBzSsy06UtjZQJ3YY3o3Xa7zSc5nMqcMrRwlChHZ18Kxg0caiPBg-- <- sitemap 7.1.1 (8.0.0 is available)
+ nodelite-2-mKKb915TF-OC5ptj5bJ7WFRPdYtuHv0yTRxK2tJvi-BDqbkiG7h7u-9SI89nRAYcmap2xHQL9D-QG-6wSrTtXg-- <- mdast-util-gfm-strikethrough 2.0.0
+ nodelite-2-mlExGW4w71ebDJviH16lQLtZS32VKqsSfk80GCfUlwT-4-hNRFsoscrF-c--9xinkMzECL1uL9DDwXqFWkruPg-- <- unbzip2-stream 1.4.3
+ nodelite-2-mlVgR3PGuzlo0MmTdk4cXqXWlwQDLnONTAg6sm62XkMJEiRxN3GL3SffkYvqwonbkJBcrI7Uvv5Zh9yjvn2iUw-- <- p-cancelable 3.0.0 (4.0.1 is available)
+ nodelite-2-mm1rxUsmOxzrwnX5arGS-U4T25RdvpPjPN4yR0u9pUBov9-zGVtO84tif1eY4r6zWxVxu3KzIyknJy3rxfRZZg-- <- valibot 1.2.0
+ nodelite-2-mM8eg4yl5D6i3lu2QKPuPH4FArvJ8KhTofbE7jwMUv9KX5mBvwPAqnV3MlyBNqdp9RyRKP6Yck8TrfYrPvX3bg-- <- @babel/runtime 7.23.2 (8.0.0-beta.0 is available)
+ nodelite-2-mMhRFH0k2VjwHt3Jol9JkUsmI-4XlrAoBG3E0o7HoyoPYv1UFOWyqAflfANcUPgbYpvqmyLzDcO-3IT36LXnrA-- <- @module-federation/webpack-bundler-runtime 0.5.1 (0.8.4 is available)
+ nodelite-2-mn8wBFV9G9-UFHIrq-pZ2r2zL4aPau-by3kJb3cM7-5tQHMt6HGQB8FDIeKFYp8o0D2pnH6nVsO88N4AmUxIWg-- <- nypm 0.6.0
+ nodelite-2-mnkeQ1qP5Ue2wd-aivTD3NHd-lZ96Lu0jgf0pwktLPtx6cTZiH7tyeGRRHs0zX0rbrahXPnXlUnbeXyaBBuIaw-- <- open 10.1.0
+ nodelite-2-mo5j5X-jIZmJQveBKeS-clAueipV7KgiX1vMgCxam1RNYiqE1w62n0-tJJnHtjW8ZHcQco5gY85jA3mi0L-nSA-- <- @jest/schemas 29.6.3 (30.5.0 is available)
+ nodelite-2-mOp8wKcvj7XxC78zLgw-ZA-6TSgkoE2C-ienthhRD298T7UNwAg9diBpLRxC0mOezLl4B0xV7M0cCO6P-O0Xhw-- <- debug 4.3.2 (4.4.3 is available)
+ nodelite-2-moXtHH33AobOhTZF8xcX1MpOFqdvfCk7v6-teJL8zymBiDXwEsQH6XG9HGx2VIxnJZNm4cNSzflTLDnQLmIdmw-- <- @sigstore/verify 3.0.0 (3.1.0 is available)
+ nodelite-2-mpJRtPgHN2tNAvZ35AMfqeB3Xqeo273QxrHJsbBEPWODRM4r0yB6jfoROqKEYrOn27UtRPpcpHc2UqyBSuUNTw-- <- eslint-plugin-react-hooks 5.1.0 (7.0.1 is available)
+ nodelite-2-mQUvGU6aUFQ-rNvTIAcZuWGRT9a6f6Yrg9bHs4ImKF-HZCEK-plBvnAZYSIQztknZF2qnzNtr6F8s0-IuptdlQ-- <- pretty-bytes 6.1.1 (7.1.0 is available)
+ nodelite-2-mQw-2fkQbALzQ7V0MY0IqdnXNOeTtP4r0lN9z7AAawCXgqea7bDii20AYrIBrFd-Hx0M2Ocz6S111CaFkUcb0Q-- <- events 3.3.0
+ nodelite-2-mRPQO2T1QQVw11E7-UdCJu7S61eJVWknzml9sC1heAdj1jxl0fWMBypIt9ZOcLFf8FkG995ZD7RnVk7HH72fZw-- <- promise-call-limit 3.0.2
+ nodelite-2-mrqyZKfX5EhL7hvqcV6WG1yYjnjeuYDzDhhcAAUrq8Po85NBQBJP-ZDUT75qZQ98IkUoBqdkExkukOU7Ts2wrw-- <- json-parse-better-errors 1.0.2
+ nodelite-2-mT8iDcrh03qDGRRmoA2hmBJnxpllMR-0-0qlzjqZES6NdiWDcZkCNAk4rPFZ9Q85r27unkiNNg8ZOiwZXBHwcA-- <- chardet 0.7.0 (2.2.0 is available)
+ nodelite-2-mThBblvlAF1d4O5oqyvN-ZxLAYwIJK7bpMxgYqPD9okW0C3qm5FFn7k811QrcuEBwaogR3ngOFoCfs6mRv7teQ-- <- got 12.6.1
+ nodelite-2-mTyOoPbrivtXnwnIxZRFYRrPNtEFKlpB2fvjSnCQUiAA6qAZzqwna5envK4uk6OIeP17CsdF3rSBGYVBsU0Tkg-- <- split 1.0.1
+ nodelite-2-mURHYnu6Iw3UBTbhGwE-vsngtCIbHE43xCRK7kCw4t01xyGqb2Pd-WXekRRoFOBIY29ZoOhUCTEweDMdrjfi9g-- <- @svgr/babel-plugin-svg-em-dimensions 8.0.0
+ nodelite-2-mv9YpQGA8iIsl5KyUPi-FGLm7-bA4fgXaeRcFKRDRwDMu4iwrSHeDPipwueNXhdIIZltwCJv-NkxftECbIZWfA-- <- @typescript-eslint/type-utils 8.32.1
+ nodelite-2-mxa9E9ITFOt0ban3j6L5MpjwegGz6lBQmM1IJkWeBZGcMxto50-eWdjC-52xDbS2vy0k7vIMK0Fe2wfL9OQSpQ-- <- js-tokens 9.0.1
+ nodelite-2-mxIDAb9Lsm6DoOJ7xH-5-X4y1LU-4Hi50L9C5sIswK3JzULS4bwk1FvjdBgvYR4bzT4tuUQiC15FE2f5HbLvYw-- <- hosted-git-info 2.8.9 (9.0.2 is available)
+ nodelite-2-n-ShnvDi6FHbbVfviro-WojiFzv-s8MPMHBczVePfUpDJLwoLT0ht1l4YwBCbi8pJAveEEdnkHyPyTP-mzRfwg-- <- string_decoder 1.1.1 (1.3.0 is available)
+ nodelite-2-n02Vykv5uA3eHGM-Z2dQrcD56kL8TyDb2p1-0P83PClMnC-nc-anbQRhIOWnSq4Ke-KvDPrY3C9hDtC-A3eHnQ-- <- acorn-import-attributes 1.9.5
+ nodelite-2-n0H99E-K-Bika3--WNL17POvo4rKWZ7lZEp1Q-fStVbUi8nxPQEBOlTmCOxW-0JsS56SKKQ-ojAe2pHKJHN35w-- <- @babel/helper-simple-access 7.22.5 (7.29.7 is available)
+ nodelite-2-n1cw8k1k0x4pgA2-9XrOkFydTerNcJ1zWCO5Nn9scWHTD-5tp8dghT2x1uduQePZTZgd3Tupf-x9BxJjeJi77Q-- <- tinyspy 3.0.2 (4.0.4 is available)
+ nodelite-2-n1yg1mOj9DNpk3NeZOx7T6jchTbyJS3i3cucbNN6FcdPriMZx7NsgrGpWWdWZZGxD7ES1XB-3uoqHMgOKaN-fg-- <- text-decoder 1.2.0 (1.2.7 is available)
+ nodelite-2-n4ZT37wG78iz03xPRKJrHTdZbe3IicyucEtdRsV5yglwc3GyUfbAfpSeD0FJ41NbUNSt5wbhqfp1fS-BgnvDFQ-- <- is-bigint 1.1.0
+ nodelite-2-n5H8QLDJ47QqbCNn5SuFjCRDrOLEZ0h8vAHCK5RL9Ls7Xa8AQLa-YxAc9UjFqoEDM48muwtBGjtMY5cr0PLDCw-- <- @jest/diff-sequences 30.0.1
+ nodelite-2-n5M855fKb2SsfMIiFFoVrABHJC8QtHwVx-mHWP3QcEqBHYienj5dHSgjbxtC0WEZXYt4wcD6zrQElDPhFuZgfA-- <- ansi-regex 6.0.1 (6.3.0 is available)
+ nodelite-2-n7oDG8B-k-p818uweWrOixY9-Dsr89o2TkCm6tOTex3fpdo2-BFDgR-KpB37mGKBRsBAlR8CIJMFN0OEy-7hIQ-- <- path-loader 1.0.12
+ nodelite-2-n7s51eWdaWZ3vGT2tD4T7J6eJs3QoBXydv7vkUM06Bf1cbVD2Kc2UrkzhiQwobfV7NwOnQXYL7UBJ5VPU-RGoQ-- <- @babel/core 7.23.2 (8.0.1 is available)
+ nodelite-2-n7THCP7RkyReRSLkJb8kUWoNsxUIBxTkIp3JKno-sEz6o-9AJ3w3P9fzQkITEkMwyTKJjZciF3v-pVoouxZZMg-- <- on-change 5.0.1
+ nodelite-2-n7V3v29IuZy5qgxx25TKJrEm0FHghAlS6QweUcyIgh-U0zYmQcvogWROitrTyZId1mHSkuhhuyEXtI9OXioq7A-- <- esbuild 0.17.10 (0.28.2 is available)
+ nodelite-2-nA2hv5XIhLR3uVzDDfCIknerhx8XUKnstuOERPNNIinXG7v9u-ohXF67vxm4TPTEPU6lm61ZkwP3c9PCB97rhg-- <- is-shared-array-buffer 1.0.3 (1.0.4 is available)
+ nodelite-2-nAYYwfY3qnzX30IkA6AQZjVbtK6duGontcQm1WSG1MD94YLqK0515GNApXkoxKOWMusVssAHWLh9SeaoefYFGw-- <- typed-array-buffer 1.0.3
+ nodelite-2-nBF-F1rAZVCu-p7rjzgA-Yb4lfYXrpl7a6VmJrU8wF9I1CKvP-QwPNZHnOlwbTkY6dvtFIzFMSyQXbLoTQPRpA-- <- get-stream 5.2.0 (9.0.1 is available)
+ nodelite-2-nDkQ0NfkOhPTq8YCLiWNxp1-f9fCobEjCb0n8WdbNUBc4IB5V7P1QnX9IjpSoquKrXF5SKojHleVNs2vGeHCHQ-- <- @babel/plugin-transform-class-properties 7.22.5 (8.0.1 is available)
+ nodelite-2-ndo--7GkdCj5tBXE6rGcITpSpZS4PfyV38wntGYAlj9liL1omk3bLZRY6uzqqkJpVHqbg2fD7O2qHNItzZgqhw-- <- @aws-sdk/querystring-builder 3.272.0
+ nodelite-2-nDywThFk1i4BQK4twPQ6TA4RT8bDY96yeuCVBWL3ePARCiEKDRSrNGbFIgUJpLp-XeIR65v8ra7WuJOFUBtkMA-- <- pkg-up 3.1.0
+ nodelite-2-neH3CSNWdkZ-zi-WPt-0y5-IO2I0UAI0NX6MaXqU-KxN1Lz6np-7IooRB6VVAMBa4nigqm1GRF6qNa4-EL5jDQ-- <- vite-plugin-checker 0.9.1
+ nodelite-2-neHB9xuzh-wk0dIHweyAXv2aPGZIVk3pLMe--RNzINf17fe0OG96QroktYAUm7SM1PBnzTabaLboqqxDyMU-SQ-- <- clone-deep 4.0.1
+ nodelite-2-nfBedkoZ3-SWyO0hnmaxuz0R0iGPSikHZOAZ0N-dVSQaIzlffUo35B5nlC2wgWIc0JdMZfkwkjZRrnuuDIJbzg-- <- @module-federation/runtime-tools 0.5.1 (0.8.4 is available)
+ nodelite-2-nfDwkulwiZYQIGwxdy0RUmowMhKcFVcYXUU7m4QlKYim1rUtg83xm2yjZ40QjDuc291AJjjeSc9b--AWHSgSHw-- <- body-parser 2.2.1 (2.2.2 is available)
+ nodelite-2-nFR0zLpU2YCaRxwoCJvL6UvCH2JFyFVIvwTLsIf21AuHlMskA1hhTdk-LlYJtOlYt9v6dvszD2BGRqBL-iQK9Q-- <- glob 7.2.3 (9.3.5 is available)
+ nodelite-2-nG96G3Wp6acyAgJqGasjODb-acrI7KltPiRxzHPXnP3NgI28bpQDRv53olbqGXbfcgF5aiiHmO3xpwEpS5Ld9g-- <- @types/ms 0.7.34 (2.1.0 is available)
+ nodelite-2-nHIxvKPniQXpmQLb0vhY3VaFb3S0YrTAwpOWJZh1wn3oJPjJk9Asva204PsBdmAE8vpzfHudT8DB0scYvy9q0g-- <- @babel/compat-data 7.26.3 (8.0.0-beta.0 is available)
+ nodelite-2-nK28WOo-QIjBkDduTINE4JkF-UJJKyf2EJxvJKfblDpyg0Q-pkOHNTL0Qwy6NP6FhE-EnzV73BxxqcJaXY9anw-- <- object.assign 4.1.7
+ nodelite-2-nkMp2mTICw32uE5NN-EsJ4f5N-IGFeCFu4bGpiKgb2Pq-7J-MpyLBeQ5ry4KKtRFZaYs6sTmcMYrSRIyj5DFKA-- <- @csstools/css-color-parser 3.0.7 (4.2.2 is available)
+ nodelite-2-nl4JTiZ7ZQDc97MmpTq9BQjYhq7gOtoh7SiPH069gBFBj0PzD8HI7zyFs6rzqL8Y5tTiEEYLxgtbx034YPrbyQ-- <- node-schedule 2.1.0 (2.1.1 is available)
+ nodelite-2-nLbCWqQNgUiwwtFsen1AdzAtvuLRsQS8rYgMuxCrdKf9kOssamGLuPwyTY9wyYblNr9-1XM8v6zoDTPPSIeANg-- <- @aws-crypto/crc32 5.2.0
+ nodelite-2-nLTrUKm2UyiL7rlhapu-Zl45FwNgkZGaCpZbIHajDYgwlJCOzLSk-cIPAnsEqV955GjILJnKbdQC1nVPz-gAYQ-- <- router 2.2.0
+ nodelite-2-nM-kEaTSAoVlXmMPH10017vn3FSiFqr-bh4fKg9vmAdMfd9SDqRZNvPSiAHADc-itWak-qPvMPZQOPwCBW7k7Q-- <- @playwright/test 1.51.1 (1.62.1 is available)
+ nodelite-2-nnbWWOkoWyUsTjKrhgD0dcz22mdkSnpYqbEjIm2nhwhuxlSkpywJmBo8h0ZqJdkp73mb90SssHkN4rsRaBAfAA-- <- mute-stream 0.0.8 (3.0.0 is available)
+ nodelite-2-nPHj8AxDLAaQXs-O6-BwILFuhiWbjfQWrdw2tifOClQoNfuXDjfjogee6zfx6NGHWqshR23LrcN115DmkHC91Q-- <- @docusaurus/preset-classic 3.7.0
+ nodelite-2-nPRkjWzzDQlsejL1WVifk5rvcFi-y1onBRxjaFMjZeR9mFpqu2gmAZ9xUB9-IEanEP-vBtGeGganC-GO1fmufg-- <- devalue 5.6.2
+ nodelite-2-nqG5NNL2wFVGZ0NA-aCFw0oJ2pxSf1lwg4Z5ill8wd7K4KX-rQbHlwbh-bjctXL5Ly1xtzHenHGOK0b-lG6JVg-- <- unconfig 7.3.2 (7.3.3 is available)
+ nodelite-2-nQIWonJ6eFAvUUrSlwyHDm-aE8PBDu5kRpL0vHMg6K8fK3Diq1xdPjTnsJSwxABhaZ-5eBi1btQB5ShUTKo4nQ-- <- @lit-labs/ssr-dom-shim 1.3.0
+ nodelite-2-nQja7m7gSKuewoVRen45CtVfODR3crN3goVQ0DDZ9N3yHxgpkuBhZqsaiotSQRrADUrne346peY7kT3TSACykg-- <- p-locate 2.0.0 (6.0.0 is available)
+ nodelite-2-nRBchcMM-QK1pdjO7-idu86rbJI5YHUKCvKs0KxnSYbVe3F51UfGxuZX4Qy-fWlp6l7gWFwIkrOzN-oUK03kfw-- <- @actions/io 3.0.2
+ nodelite-2-nrUSn7hzt7J6JWgWGz78ZYI8wj-gdIJdk0Ynjpp8l-trkn58Uqsf6RYrYkEK-3X18EX-TNdtJI0WxAtc-L84SQ-- <- @zkochan/js-yaml 0.0.7
+ nodelite-2-nRzdOyFYnpeYTTR2qFwEVmIWypzdAx-sIkCMeTNTcflFOovfqUk-HcFhQQVBftAh9gmGrpFj6QcGEqrDMDOiew-- <- @inquirer/expand 4.0.23
+ nodelite-2-nTjqfcBFEipKdXCv4YDQWCfmcLZKm81ldF0pAopTvyrFGVbcR6P-VAAd5G7N-0tTr8QqiU0tFadD6FK4NtJwOA-- <- content-type 1.0.5
+ nodelite-2-nWJ91DjeOkej-TA8pXQ3myruKpKEYgqvpw9lz4OPHj-NWFNluYrjbz9j01CJ8yKQd2g4jFoOkINCTW2I5LEEyw-- <- unbox-primitive 1.1.0
+ nodelite-2-nWqA1E4jKPklL2jvHWs6s-7Na0qNgw9HCP6xehdQJeg6nPBTFZgGwyko9Q0oj-jQWKTTVRS30u0toM5wiuL3iw-- <- react-json-view-lite 1.5.0
+ nodelite-2-nZD7m9iCPC5g0pYmcaxogYKggSfLsdxl8of3Q-oIbqCqLLIO9IAF0GWjX1z9NZRHPiXv8Wex4yDCaZsgEw0Y8w-- <- tmp 0.2.3 (0.2.7 is available)
+ nodelite-2-nZp7GlEl-yULJrClz0SwHPqir3lc0zsPrDHQUcxGspSL7AKrexNSEfTbfqnDNJUO13bgKyfuOLMF8Xqtu8j3YQ-- <- @babel/plugin-transform-runtime 7.25.9 (8.0.0-beta.0 is available)

Done in 1.3s
