Progress: resolved 1, reused 0, downloaded 0, added 0
Packages: +251
++++++++++++++++++++++++++++++++++++++++++++++++++++++++++++++++++++++++++++++++
Progress: resolved 251, reused 0, downloaded 251, added 251, done

dependencies:
+ nodelite-2-JlCMO-ehdEIKqlFxk6IfVoAUVmgz7cU7zD-h9XZ0qzeosSHmUJVOzSQvvYSYWXkFXC-IfLKSIffhv0sVZup6pA-- <- undici-types 5.26.5 (8.3.0 is available)
+ nodelite-2-JmXMZ6wuvDmLiHEml9ykzqO6lwFbof0GG4IkcGaENdCRDDmMVnny7s5HsIgHCbaq0w2MyPhDqkhTUgS2LU2PHA-- <- imurmurhash 0.1.4
+ nodelite-2-Jo6dJ04CmSjuznwJSS3pUeWmd-H0ffTlkXXgwZi-eq1UCmqQwCh-eLsYOYCwY991i2Fah4h1BEMCx4qThGbsiA-- <- lru-cache 6.0.0 (8.0.5 is available)
+ nodelite-2-Jt0vHyM-jmUBqojB7E1NIYadt0vI0Qxjxd2TErW94wDz-E2LAm5vKMXXwg6ZZBTHPuUlDgQHKXvjGBdfcF1ZDQ-- <- brace-expansion 2.0.2 (5.0.9 is available)
+ nodelite-2-JuG3qI4QOftFsZyOn1qq87fq5grLIyk1JYd5lJmdA-fG7aQ9pA-i3JIJGcO3q0MrRcHlOt1U-ZeHW8Dq9axALQ-- <- caller-callsite 2.0.0
+ nodelite-2-JuNZ7lwaYQ4R1TugpryyWBn4lIxK-L7fF-muibFp0by5WklG22nsvH868fuBoZMLo5FqAs6WFOifNos4PJjWSA-- <- @rushstack/node-core-library 4.3.0 (5.24.0 is available)
+ nodelite-2-JyeQc9iwFLn5TbvvqACIF-VXG6abODeB3Fwmv-TGdLk2LfbWkaySGY72at4-Ty7EkPZj854u4CrICqNk2qIbow-- <- parse5-parser-stream 7.1.2
+ nodelite-2-JZkJMZkAGFFPP2YqXZXPbMlMBgsxzE8ILs4lMIX-2o0L9UBw9O-Y3o6wFw-i9YLapcUJWwqbi3kdxIPdC62TIA-- <- rimraf 3.0.2 (6.1.2 is available)
+ nodelite-2-JzUXOh0wdNGY54oKng5hliuBkq--aT1V3YpTM-lrN-GoLQTANZsMaIvmHiHe612rauHvPJnDZkZ-5GZR--1Abg-- <- happy-dom 12.10.3 (20.0.2 is available)
+ nodelite-2-K0VQKziLUWkVKiRVrx4a40iPaxTUefQmjtkQofBkYRcoaaL-8rhwDWww9qWbrgicNOgnpIsMxyNIUM4-n6dUIA-- <- @types/minimatch 5.1.2 (6.0.0 is available)
+ nodelite-2-K4jVyjnBdgvc86Y6BkaLZEN933SwYOuBFkdmBu9ZfkcAbdVbpITnDmjvZ-aQjRXQrv5EPkTnD1s39GiiqbngCw-- <- which-collection 1.0.2
+ nodelite-2-K5pXYOm9wqY1RgjpL3YTkF39tni1XajUIkawTLUo9EZEVUFga5gSQJF8nNS7ZwJQ02y-1YCNYcMh-HIf1ZqE-w-- <- is-weakmap 2.0.2
+ nodelite-2-KcKCqiftBJcZr--7ykoDIEwSa3XWowTfNPo92BYxjXiyYEVrUQh2aLyhxBCwww-heortUFxEJYcRzosstTEBYQ-- <- debug 4.4.1 (4.4.3 is available)
+ nodelite-2-KIHbLJqu73RGr-hnbrO9uBeixNGuvSQjul-jdFvS-KFSIH1hWVd1ng7zOHx-YrEfInLG7q4n6GHQ9cDtxv-P6g-- <- cors 2.8.5 (2.8.6 is available)
+ nodelite-2-KIL7eQPfHQRC8-XluaIw7BHUwwqL19bQn4hzNgdr-1wXoU0KKj6rufu47lhY7KbJR2C6T6-PfyN0Ea7wkSS-qQ-- <- has-proto 1.2.0
+ nodelite-2-KIN-nDJBQRcXw0MLVhZE9iQHmG68qAVIBg9CqmUYjmQIhgij9U5MFvrqkUL5FbtyyzZuOeOt0zdeRe4UY7ct-A-- <- dunder-proto 1.0.1
+ nodelite-2-KiRAp-VoJaWkkte84TvUd9qjdbZAdiqyvMxrGl1N6vzFogKmaLgoM3L1kgtLicp2HP5fBJS8JrZKLVIZGVJAVg-- <- @babel/compat-data 7.27.5 (8.0.0-beta.0 is available)
+ nodelite-2-KJ65INaxqxmU6EoCiJmRPZC9H9RVWCRd349tXM2M3O5NA7cY6YL7c0bHAHQ93NOfTObEQ004kd2QVHs-r0-m4g-- <- @types/lodash 4.17.18
+ nodelite-2-KjZypGq-I-H7HI5HlOoGHkWUUGq-Q0TPhQurLbyrVrvnKTBgzLhIJ7j6J-XTQOi0d1RjyZ0wdas8bKs2p0x3Ng-- <- typed-array-length 1.0.4 (1.0.8 is available)
+ nodelite-2-KKNVtd6pCYgPIKU4cp2733HWYCpplQhddZLBUryaAHou723x-FRzQ5Df824Fj-IyyuiQTRoub4SnIFfIcrp70g-- <- supports-color 2.0.0 (9.4.0 is available)
+ nodelite-2-KmF7SBPphT4gPPcKZc7aDkweHiKEEO8cla-GjcBK-ckKxiZslIu3C4GCRW3DNfL0o7yW7kMQu9xlZ1kXRXLXtw-- <- postcss-replace-overflow-wrap 4.0.0
+ nodelite-2-KmfKL3b6G-RXvP8N1vr3Tq1kL-oCFgn2NYXEtqP8-L3pKapUA4G8cFVaoF3SU323CD4XypR-ffioHmkti6-Tag-- <- esrecurse 4.3.0
+ nodelite-2-KMReFUr0B4t-D-OBkjR3KYqvocp2XaSzO55UcB6mgQMd3KbcE-mWTyvVV7D-zsdEbNnV6acZUutkiHQXvTr1Rw-- <- anymatch 3.1.3
+ nodelite-2-KOEGMu6dmJZtpadb476IsZBclKvILjopjUii3V-7MnXIQCYh8W3NgNcgwo21n9LXZX6EDIKvqfjYxXebDwxKmQ-- <- @emotion/unitless 0.8.1
+ nodelite-2-Kpk9Sm7NmI-RHhnj6OIWDI1d6fIoFAtFt9RLaTMRlg-8w49juAStsrBgp0Dp4OdxdVbRIeKhtCUvoi-RuAhO4g-- <- http-errors 1.8.1 (2.0.1 is available)
+ nodelite-2-KpNARQA3Iwv-jTA0utUVVbrh-Jlrr1Fv0e56GGzAFOXN7dk-FviaDW8LHmK52DlcH4WP2n6gI8vN1aesBFgo9w-- <- lru-cache 5.1.1 (8.0.5 is available)
+ nodelite-2-KRs7WVDKg86PWiuAqhDrAQnTXZKraVcCc6vFdL14qrZ-DcWwuRo7VoiYXalXO7S5GKpqYiVEwCbgFDfxNHKJBQ-- <- commander 9.5.0
+ nodelite-2-KTy0OqRDLR5y-zZMnizyx09z-rPlPC-zKhYgH8o-q6PuAjoQAKlRfY4zzv0M64yybQ--6--4H1n14pxaLZfUnA-- <- @commitlint/types 20.2.0 (20.4.0 is available)
+ nodelite-2-KVoLDi9BEuqeq-G0wRABn4azLRiCC22-YHR2aCquwx6bzCHAIN8hMt3Nuf1VFxq-c8ai6s8qBxE8-ZD4HeFTlQ-- <- @commitlint/resolve-extends 20.2.0 (20.4.0 is available)
+ nodelite-2-Kvp459HrV2FEJ1CAsi1Ku-MY3kasH19TFykTz2xWmMeq6bk2NU3XXvfJ-Q61m0xktWwt-1HSYf3JZsTms3aRJg-- <- convert-source-map 2.0.0
+ nodelite-2-KYad6Vy5VDWV4GH3fjpseMQ-XU2BhIYP7Vzd0LG44qRWm-Yt2WCOTicFdvmgo6gWaqooMQCawTtILVQJupKu7A-- <- tinyspy 2.2.1 (4.0.4 is available)
+ nodelite-2-KzIbH-9tXat2u30jf-smMwFCsno4wHVdNmzFyL-T-L3UGqqk6JKfVqOFOZEpZSHADH1k40ab6NUIXZq422ov3Q-- <- vfile 6.0.3
+ nodelite-2-L-PqWzfTP9lzzEa6CKs0k2nARxTdZduw3zyh8d2NVBnsyvHjSX4TWse388YrrQKbvI8w20fGjGlhgT96WwKykw-- <- unist-util-visit-parents 6.0.1 (6.0.2 is available)
+ nodelite-2-L26cIFm7-oZeSNVhWB6faeorXhMg4HNlb-dS-7jHhr708jxlXrtrBWo4YUxZQkc6dGoxEAe6J-D3juTRBUzjtA-- <- listr-silent-renderer 1.1.1
+ nodelite-2-L7z9BgrNEcYyUYtF-HaEfiS5ebkh9jXqbszz7pC0hRBPaatV0XjSD3-eHrpqFemQfgwiFF0QPIarnIihIDn7OA-- <- @trysound/sax 0.2.0
+ nodelite-2-LaNjtRWUBY--zB5nE-NwcaoMylSPk-S-ZHNB1TzdbMJMny6dynpAGt7X-tl-QYq3TIeE6nxHppbo2LGymrG5Pw-- <- p-locate 5.0.0 (6.0.0 is available)
+ nodelite-2-LbHV3xPN9BeljML-Xctq4lbz2lVHCR6DtbpTf5XIO6gugpXUN49j2QQPcMj086r9-AkJ0FfUT8xjulKKBkkr9g-- <- vue 3.5.17 (3.5.27 is available)
+ nodelite-2-LbzQ04-VLkzXY4LuOzgyjqEv-46Gwrk55PldaglMJ4i4eDXSRXGKkwJpXFwsoU-c1HMQlHIyjJBhrfsfdyRmyQ-- <- @algolia/requester-node-http 5.32.0 (5.57.0 is available)
+ nodelite-2-Ld1VelNuX9pdF39h2Hgaeb5hEZM2Z3jUrrMgWQAu82jMtZp7p3vJT3BzToKtZI7NgQssZje5o0zryOrhQvzQAg-- <- vscode-languageserver-types 3.17.5
+ nodelite-2-Lde1oNoIdzVzdkNEAWZ1dZ5orIbff80YPdHx20mrHwHrVNNTjNr8E3xz9BdpcGqRQbAEa-fkrCb-fRFTl-6sQw-- <- @webassemblyjs/leb128 1.13.2
+ nodelite-2-LDJzPVEEEPR-y48z93A0Ed0yXb8pAByGWo-k5YYdYgpY2-2EsOsksJrq7lOHxryrVOn1ejG6oAp8ahvOIQD8sw-- <- path-parse 1.0.7
+ nodelite-2-LDnUpQvDgsfc0u-YgtAgTMXJlJQqjkxW1PVcOnJA5cshPleULDjHi7U45pl2VJYazSSvLH8UKcid-kzH8I0a0Q-- <- vue 3.3.13 (3.5.27 is available)
+ nodelite-2-LDQvVDv5Kb50ny2s25Fhm3d9QSZimsoUGBsUioj6MC3qbMUCuC8GPIvk-M6IvXx3lYhAs0lwWUQLb-VIEUCECw-- <- @changesets/types 4.1.0 (6.1.0 is available)
+ nodelite-2-LFYWWd8nwfwEmTZG9PfQxd17HbNPksHBiJHaKuY1XeqscXacsS2tyoo6OdRsjf-NQYeB6XrNL3a25E3gH69lcg-- <- @types/d3-chord 3.0.6
+ nodelite-2-LHE-8BuR7RYGDKvnrmcuSq3tDcKv9OFEXQt-HpbZhY7V6h0zlUXutnAD82GiFx9rdieCMjkvtcsPqBwgUl1Iiw-- <- array-buffer-byte-length 1.0.2
+ nodelite-2-LICb2p9CB7FS-0eR1oqWnHhp0FljGLZCWBE9aix0Uye9W8LTQPwMTYVGWQWIw9RdQiDg4-epXQODwIYJtSJaow-- <- p-finally 1.0.0 (2.0.1 is available)
+ nodelite-2-LKYU1iAXJXUgAXn9URjiu-MWhyUXHsvfp7mcuYm9dSUKK0-CjtrUwFAxD82-mCWbtLsGjFIad0wIsod4zrTAEQ-- <- xtend 4.0.2
+ nodelite-2-LKz7pv0G9Py5uULahNSixK1pTqIIKd103pAGhDW51YfzPojvmO5wfITe0PEUNAJZjuufN-KgeRW83dJo1gL2rQ-- <- @rushstack/terminal 0.11.0 (0.24.3 is available)
+ nodelite-2-LmpOGxTfbpgtGVxJrj5k7asXHCgNZp5nLfp-hWc8QQRqtb7fUy6kRY3BO1h9ddF6yIPYUARgxGOwB42DnxIaNw-- <- http-deceiver 1.2.7
+ nodelite-2-LOHxIOaPYdHlJRtCQfDIVZtfw-ufM8-rVj649RIHzcm-vGwQRXFt6OPqIFWsm2XEMrNIEtWR64sY1LEKD2vAOA-- <- deep-extend 0.6.0
+ nodelite-2-LPDZ85aEJyYSd18-DkjNh4-y1ntkE5KwUHWTiqgRxruuZL2F1yuHligVHLvcHY2vMHXttKFpJn6LwfI7cw7ODw-- <- @babel/template 7.27.2 (8.0.0-beta.0 is available)
+ nodelite-2-LPuwb2P-NrQw3XhxGc36-XSvuBPopovXYTR9Ew--Du9Yb-bx5AzBfrIsBoj0EZUifjQU-sHL21sseZ3jerWO-A-- <- array-buffer-byte-length 1.0.0 (1.0.2 is available)
+ nodelite-2-LRlerrMYoIDrT6jgpeZ2YYl-L8EulRTt5hQcYjy5AInh7HWXKimpqx68aknBFpGL2--IcogTcaydJEgaTmOpDg-- <- emoji-regex-xs 1.0.0 (2.0.1 is available)
+ nodelite-2-Ls993zuzfayK269Svk9hzpeGUKob-sIgZzyHYdjQoAdQetRKpOLj-k-QQQ-6Qi0Yz65mlROrfd-Ev-1-7dz9Kw-- <- khroma 2.1.0
+ nodelite-2-LwZy-p3SFs1Pytd-jYct4wpv49HiYCqd9Rlc5ZVdk0V-8Yzv6jR5Blk3TRmPL1ft69TxP0IMZGJ-WPFU2BFhww-- <- pump 3.0.0 (3.0.4 is available)
+ nodelite-2-LXStagGU1ivh07X7sM-hnEr4BvzFYn1iBJ6DRg2QsIN8lBfSzyvkUcVCDwok9Ia4PWiEgei5HQjju6xfJ1YaSQ-- <- @commitlint/parse 20.2.0 (20.4.1 is available)
+ nodelite-2-Lz0OGeZCo-QHUDLx5LmZc0EocwanneYJUM8z0bfWexArk62HKMLfLIodwXuKTO5y0s6ddXaTexrYHs7v96EOmw-- <- @commitlint/is-ignored 20.2.0 (20.4.1 is available)
+ nodelite-2-M1uQkMl8rQK-szD0LNhtqxIPLpimGm8sOBwU7lLnCpSbTyY3yeU1Vc7l4KT5zT4s-yOxHH5O7tIuuLOCnLADRw-- <- csstype 3.1.3 (3.2.3 is available)
+ nodelite-2-M3BmBhwJRZsSx38lZyhE53Csddgzl5R7xGJNk7CVddZD6CcmwMCH8J-7AprIrQKH7TonKxaCjcv27Qmf-sQ-oA-- <- duplexify 4.1.3
+ nodelite-2-M8jm9J-laYrYT02665HkZ5l2fWTK4dcVg3BsDHm-pfz-MjDYwX-9FUaZyGwEyXEDonQYRCo0H7aLgdklcIELjw-- <- @vue/composition-api 1.7.2
+ nodelite-2-MATJdZp8sLqDl-68LfQmbP8zKPLQNV6BIZoIgrscFDQ-RsvK-BxeDQOgyxKKoh0y-8h3BqVFnCqQ-gd-reiIXA-- <- setimmediate 1.0.5
+ nodelite-2-MCL3sf6nCSXOwCTzvPKhN18TU7AHTvdtam8DAogxcrJ8Rjfbbg7Lgng64H9Iy-vUV6VGFClN-TyxBkAebLRR4A-- <- caller-path 2.0.0
+ nodelite-2-Mex9nXf9vR6AhcXmMrlz-HVgYYZpVGJ6YlPgwl7UnaFpnshXs6EK-oa5Gpf3CzENMjkvEx2tQtntGnb7UtSTOQ-- <- @antfu/utils 8.1.1
+ nodelite-2-MGQsmw10ZyI-EJo45CdSER4zEb-p31LpDAFp2Z3gkSd1yqVZGi0Ebx--YTEMonJy4oChEMLsxZ64j8FH6sSqtQ-- <- @antfu/install-pkg 1.1.0
+ nodelite-2-MJG9liiZ-ogc4TzUwuvbER1JRdgvUFSB5-VR-g5h82fGaIRWMWddtKBHi7-sVhfjQZ6SehlyhvQYrcYkaUIpLg-- <- create-hmac 1.1.7
+ nodelite-2-MjYsKHO5O7mCsmRGxWcLWheFqN9DJ-2TmngvjKXihe6efViPqc274-Fx-4fYj-r03-ESvBdTXK0V6tA3rgez1g-- <- is-regex 1.2.1
+ nodelite-2-MlX10UDheRr3lb3P0WcaIdtCSRlxdQsB1sBqL7W0raF070bGl1HQQq5K3T2vf2XAYie-ww-5AKC-WrkjRO2knA-- <- babel-plugin-module-resolver 4.1.0 (5.0.2 is available)
+ nodelite-2-MMdARuVEQziNTeJD8DgMqmhwR11BRQ-cBP-pLtYdSTnf3MIO8fFeiINEbX36ZdNlfU-7A9f3gUw49B3oQsvwBA-- <- estraverse 5.3.0
+ nodelite-2-MmnduQUuHCoFckZoWnXsTg7JaiLBJrKFj9UI2MbRPGaJeVpsLcVBu6P-IGZovziM-YBsellCmsprgNA-w0CzVg-- <- spawndamnit 3.0.1
+ nodelite-2-MpUEN2OodtUzxvKQl72cUF7RQ5EiHsGvSsVG0ia9c5RbWGL2CI4C7EpPS8UTBIplnlzZiNuV56w-FuNxy3ty2Q-- <- supports-color 8.1.1 (9.4.0 is available)
+ nodelite-2-MR04uvD-07cwl-yhVuVWAtw-3GOR-knlL55Nd-wAdblk27GCVt3lqpTivy-tkJcZoNPzTwS1Y-KMojlLDhoTzg-- <- unist-util-visit 5.0.0 (5.1.0 is available)
+ nodelite-2-MSjYzcWNOA0ewAHpz0MxpYFvwg6yjy1NG3xteoqz644VCo-RPgnr1-GGt-ic3iJTzQ8Eu3TdM14SawnVUmGE6A-- <- emoji-regex 8.0.0 (9.2.2 is available)
+ nodelite-2-MsRac-yNIbTB4Q-psstKK4-ciVzACHicSwz-04Sxve-4DW-PiJeTjU0JnS4m-oOnulrXYN-yBPlKaBSGemRfgQ-- <- @commitlint/config-conventional 20.2.0
+ nodelite-2-Mti-f9lpJNcwF4tWV8-OrTTtF1gZi-f8FqlyAdouralcFWFQWF2-NgCHShjkCb-IFBLq9buZwE1xckQU4peSuQ-- <- chalk 2.4.2 (5.6.2 is available)
+ nodelite-2-MzMFlSLBqNF2gcHWO0G1vP-YQyfvrxZ0bF-u7mzUdZ1-xK4A4sru-nraZz5i3iEIk1l1uyicaDVTB4QbbEkAYg-- <- @types/eslint-scope 3.7.7
+ nodelite-2-N-8UisAXDGk8PFXP4HAzVR9nbfmVJ3zYLAWiTIoqC5v5isinhr-r5uaO8-7r3BMfuNIufIsA7RdpVgacC2cSpw-- <- text-table 0.2.0
+ nodelite-2-N8SpfPUnUp1bK-PMYW8qSWdl9U-wwNWI4QKxOYDy9JAro3WMX7p2OeVRF9v-347pnakNevPmiHhNmZ2HbFA76w-- <- nanoid 3.3.11 (5.1.6 is available)
+ nodelite-2-N8XRTIMMqqDgSy4VLKPnJ--hpGZN-PHQiJnSenYqPaVV-NCqEogTnAdZLQiGKhxX-JCs8waWq2t1XHWKOmlY8g-- <- lodash.kebabcase 4.1.1
+ nodelite-2-Na1OuceSJeg8j7ZWn5ssMu-Ax3amtOwk76u4h5J4eK2Nx2KB5qt0Z4cOapCsxot9VcEN11ADV5aUSlQF4RhGjQ-- <- @algolia/autocomplete-preset-algolia 1.17.9
+ nodelite-2-NbdMezxqf94cnNfWLL7V-im0Ub-Anbb0IoZhvzie8-4HJ4nMQuzHuy49FkGYCJK2yAloZ3meiB6AVMClbrI1vg-- <- array-back 4.0.2 (6.2.2 is available)
+ nodelite-2-NcV1JjO5oDzoK26oMzbILE6HW7uVXOHLQvHshBUW4UMdZGfiY6v5BeQwh9a9tCzv-CeefZQHJt5SRgK154RtiA-- <- @types/d3-ease 3.0.2
+ nodelite-2-Ne-eE4r0-iWnpAxD852z3A-N0Bt5RN--NjJwRd2VFHEmrywxf5vsZlh4R6lixl6B-wz-8d-maTSAkN1FIkI3LQ-- <- type-fest 0.20.2 (5.4.1 is available)
+ nodelite-2-NfWVaC8HP9T8cbKQxHcsJBY5YE1O33-jpMwN45qzWWaPDZgLIbo12toGMWnmhvCpd3sIxkpDw3Wv1B3dYrbDQQ-- <- @typescript-eslint/utils 6.21.0 (8.8.0 is available)
+ nodelite-2-NGhtDFu3jCEm7B4Fy0DpLewdJQOZcQ0rGbwQ--stjnrp2i-rlKeCvos9hOIeCmqwratM47OBxY7uFZzjxHXmrg-- <- string.prototype.trimstart 1.0.7 (1.0.8 is available)
+ nodelite-2-NHQuA-gM7zGuxGWP9-Ub4vpbwrYCrho9nQCLcCPfOe3Yc7LOYwmSuhElI688oiqIXk9dlZwDiyAG9vPBTuPJMA-- <- @shikijs/transformers 1.29.2 (3.22.0 is available)
+ nodelite-2-Ni79DqeB72ZFq1uH-L6zJ-DKZTkOtPIHovb3YZHQViE-HDouuU4mBrLOLDn5Dde3RF8qw5qVETEjhu9locMLvA-- <- string.prototype.trimend 1.0.7 (1.0.9 is available)
+ nodelite-2-NiSupZ4OeuGwr68lGIeym-ksIZMJodUGOSCZ-FSnTxcrekbvqrgdUxlJOMpijaKZVjAJrWrGs-6Jy8OMuyj9ow-- <- escape-html 1.0.3
+ nodelite-2-NIxF55hv4nSqQswkAeiOi1r83xy8JldOFDTWiug55KBu9Jnblncd2U6ViHmYgHf01TPZS77NJBhBMKdWj9HQMQ-- <- ci-info 3.9.0 (4.3.1 is available)
+ nodelite-2-NKXYmMR-Hr1DevQegFB4MwfM5Vv0m4UIxKZTTYuD98lpTknaZlSRrDOG4X7wIXpGkfsYxZTghUN-Qq-T0YQI7w-- <- conventional-changelog-conventionalcommits 7.0.2 (9.0.0 is available)
+ nodelite-2-NM8-P9n3XjXhIZn1lLhkFaACTOURQXjWhV4BA-RnOv8xvgqtqpAX9IO4mRQxSx1Rlo4tqzeqb0sOlruaOy3dug-- <- json-schema-traverse 1.0.0
+ nodelite-2-NOnmBpt5Y2RWbuv0LMzsayp3lVylAHLPUTut412ZA3l-C4uw4ZVkQbjShYCQ8TCpUMdPapr4YjUqLYD6v68j-w-- <- path-data-parser 0.1.0
+ nodelite-2-NPRy--ncIMeDlTAsuqwKIiferiawhefFJtkNSW0qZJEqMEb-qBt-77B-jGeeek-F0uOeN05CDa6HXbbIgtVX4w-- <- resolve 1.22.10 (2.0.0-next.7 is available)
+ nodelite-2-NqADB8VjPFLM2V0VvHUewwwsw0ZWBaIdgo-ieHtK3hasLz4qeCRjYcqfB6AQrBggRKppKF8L52-VqdVsO47Dlw-- <- has-tostringtag 1.0.2
+ nodelite-2-NqCa4Sa2d-u7BWc6CukaObG3Fh-CU9bvixbpcXYhy2VvYS7vVGIdAgnIS5Ks3A-cqk4rebLJ9s8zBstT2aKnIA-- <- is-observable 1.1.0
+ nodelite-2-NQn7AHQnk-RSLOxrBbGyJM-aVQ-pjj5HCgasFxc0K-KhoATfQ-47AyUl15I2yBUpihjmas-a-VJBOqecrFH-uA-- <- @types/istanbul-lib-report 3.0.3
+ nodelite-2-NSBR4kH5oVj1Uwvv970ruUkCV7O1mzgVFO4-rev2cLRda9Tm9HrL70ZPut4rOHgY0FNrUu9BCbXA2sdQ-x0chA-- <- is-weakmap 2.0.1 (2.0.2 is available)
+ nodelite-2-NSWl5BFQWEPi1j4TjVNItzYV7dZXZ-wP6I6ZhrBGpChQhZRUaElihE9uRRkcbRnNb76UMKDF3r-WTmNcGPKsqw-- <- eslint-config-prettier 9.1.0
+ nodelite-2-NuAESUOUMrlIXOfHKzD6bpPu3tYt3xvjNdRIQ-FeT0lNb4K8WR70CaDxhuNguS2XG-GjkyMwOzsN5ZktImfhLA-- <- object-keys 1.1.1
+ nodelite-2-NuaNSa6flKT5JaSYQzJok04JzTL1CA6aGhv5rfLW3PgqA-M2ChpZQnAC8h8i4ZFkBS8X5RqkDBHA7r4hej3K9A-- <- queue-microtask 1.2.3
+ nodelite-2-NuHqBY1PB-D8xU6s-thBgOAiAP7HOYDQ32-BFZILJ8ivkUkAHQnWfn6WhL79Owj1qmUnoN-YPhktdIoucipkAQ-- <- @xtuc/long 4.2.2
+ nodelite-2-NxNv-kLguCA7p3jE8oL2aEBsrJWgAakBpgmgK6lpPWV-WuOmY6r2-zbAVnP-T8bQlA0nzHXSJSJW0Hq7ylaD2Q-- <- prompts 2.4.2
+ nodelite-2-NZyJarBfL7nWwIq-FDL6Zp-yHEhePMNnnJ0y3qfieCrmNvYct8uvtiV41UvlSe6apAfk0fY1FbWx-NwfmpvtTg-- <- acorn 8.15.0
+ nodelite-2-O-A6LWV5LDHSJD3LjHYoNi4VLsj-Whi7k6zG12xTYaU4cQ8oxQGckXNX8cRHK5yOZ-ppVHe0ZBXGzSV9jXdVbQ-- <- autoprefixer 10.4.21
+ nodelite-2-O7BxrpLDPJWWHv-DLA9DRFWs-iY1uOJZkqUwjS5HSZAGcl0hIVCQ97LTLewiZmZ402JYUrun-8NqFP-hCknlbQ-- <- @algolia/autocomplete-core 1.17.9
+ nodelite-2-O84QOnr0icsbFGLS0O3bI5FswxzRr8-gHwWkDlQFskhSPryQXvrTMxjxGP4-iWYoauLoBvfDpkrOauZ-0iZpDA-- <- wbuf 1.7.3
+ nodelite-2-Oa2M9atig69ZkfwiApY8F2Yy-tzMbazyvqv21R0NsSC8floSOC09BbT1ITWAdoMGQvJ-aZnR1KMwdx9tvHnTNA-- <- figures 2.0.0 (6.1.0 is available)
+ nodelite-2-OCVPnIObs4N29kxTjzLfUryOkvZEq-pf8jTF0lg8E7uETuWHA-v7j3c-xJmiqpX450191LlmZfUKkXxkTry7nA-- <- postcss 8.4.49 (8.5.6 is available)
+ nodelite-2-OErEqsrxjZTJciZ4Oo-eoZqeW9UIiOcuYKRJA4ZAgV9myA-pOXhhmpfNCKjEH-auVfEYVFJ6y1Tc4r0eIApqiw-- <- @babel/helper-function-name 7.23.0 (7.24.7 is available)
+ nodelite-2-OGiIzzoBLgWWR0UdRJX98oYO-XKGf7tiK4Zk6tQ-E4IJqGCe7dvkTvgDZV5cFJUzLGDOjeAXrnZoA6QkVySuxw-- <- @microsoft/tsdoc-config 0.16.2 (0.18.1 is available)
+ nodelite-2-OguPdidb-fbHQSU4Q4ZiLKnzWo8Wwsf5bZfbvu7--a9oTYoqD-fWpe96NuHkoS9h0ccGOTe0C4NGXdtS0iObOw-- <- hast-util-to-html 9.0.5
+ nodelite-2-OkTL9umf-He2DZkUq8f8J9of7yL6RJKI24dVITBmNfZBmri9zYZQrKkuXiKhyfPSu8tUhnVBB1iKXevvnlR4Ww-- <- commander 8.3.0 (9.5.0 is available)
+ nodelite-2-OLETBj6w0OsagBwdXnPdN0cnMfF9opN69co-7ZrbfPGrdpPVNBUj02spi6B1N7wChLQiPn4CSH-zJvXw56gmHw-- <- domelementtype 2.3.0
+ nodelite-2-OO0pH2lK6a0hZnAdau5ItzHPI6pUlvI7jMVnxUQRtw4owF2wk8lOSabtGDCTP4Ggrg2MbGnWO9X8K1t4-fGMDw-- <- fs.realpath 1.0.0
+ nodelite-2-OpZ3zP-jT1PI7I8nemJX4AKmAX070ZkYPVWV-AaKTJl-tXCTGyVdC1a4SL8RUQYEwk-f34ZX8UTykN68FwrqAA-- <- statuses 1.5.0 (2.0.2 is available)
+ nodelite-2-OqbOk5oEQeAZ8WXWydlu9HJjz9WVdEIvamMCcXmuqUYjTknH-sqsWvhQ3vgwKFRR1HpjvNBKQ37nbJgYzGqGcg-- <- mimic-fn 2.1.0 (4.0.0 is available)
+ nodelite-2-OQtR36ZlnuTxKqoW4Sv6x5YIhOmClRd5pWsjZsddYxpWs517R0HkyiefQPIytCVh4ZcC5x9XaG8KTdd5iRQUfg-- <- @changesets/logger 0.1.1
+ nodelite-2-Or--kvLxNpeQ9DtSydonMxCx-9ZXOswtwJn17SNLvhptaXYDJvkFFP5zbfU-uLmvnBJlI4yrnXRxpdWH-M5tNA-- <- typed-array-byte-length 1.0.0 (1.0.3 is available)
+ nodelite-2-OsQd175SxWkGlzbny8J3K8TnnDD0N3lrIUtB92xwyRpzaenGZhxDvxN-JgU00U3CDZNj9tPuDJ5H0WS4Nt3vKg-- <- @babel/parser 7.27.5 (8.0.4 is available)
+ nodelite-2-Ot1rcwRAaRHNKC9tAqoqNZhjdYBzKk1POgWfhN4uCOE47ebGcLRqXjKkApVDpjifL6u2-55ekkpnFcp-s-OZUw-- <- @csstools/postcss-ic-unit 1.0.1 (4.0.0 is available)
+ nodelite-2-OwLUIWZJry80O99zvqXVEioyniJMa-d2GrqpUTqi5-v5D5rOrppJVBPa0yKCblcigC0-aYAzxxqQ1B-DS2RYsg-- <- @typescript-eslint/scope-manager 6.21.0 (8.8.0 is available)
+ nodelite-2-OWND8ei3VtNC9h7V60qff3SVobHr996CTwgxubgyQYEpg290h9J0buyECNNJexkFm5sOajh5G116RYA1c8ZMSw-- <- natural-compare 1.4.0
+ nodelite-2-OYu7XEzjkCQ3C5Ps3QIZsQfNpqoJyZZA99wd9aWd05NCtC5pWOkShK2mkL6HXQR6-Cy2lbNdPlZBpuQHXE63gA-- <- jsesc 2.5.2 (3.1.0 is available)
+ nodelite-2-P5Nra0qjSncduVPEAr7xhoF5guty49ArDTwzJ-yNuPIbZppyRxFQsRCWrocxIY-CnMVG-qfbU2FmDKyvSGClow-- <- which-typed-array 1.1.13
+ nodelite-2-P8BjAsXvZS-VIDUI11hHCQEv74YT67YUi5JJFNWIqL235sBmjX4-qx9Muvls5ivyNENctx46xQLQ3aTuE7ssaQ-- <- callsites 3.1.0
+ nodelite-2-P8gSSWQeucH5821ek2mn-ciCk-MS-zoRKqdQIM3bHq6p7GXDAJLmnRRKmF5F65sAVJIfzQlwR3aDzwCn10s8hA-- <- @vueuse/shared 11.3.0 (14.2.0 is available)
+ nodelite-2-PdhdWy89SiZogBLaw42zdeqtRJ--zFd2PgQavcICDUgJT5oW10QCRKbJ6bg4r0-UY2M6BWd5tkxuGFRvCkgfHQ-- <- rw 1.3.3
+ nodelite-2-Pdlw-oPxN-aXdmM9R00JVC9WVFoCLTKJvDVLgmJ-qAffBMxsV85l-Lu7sNx4zSzPyoL2euImuEwHhOXdEgNFZQ-- <- pretty-format 29.7.0 (30.2.0 is available)
+ nodelite-2-PEGlAwrG8yXGXRjW32fGbg66JAlOAwbObuqVoJpv-mRgoWDQfgH1wDPvtzWyUSNAXBGSk8h755YDbbcEy3SH2Q-- <- space-separated-tokens 2.0.2
+ nodelite-2-PhNoLNhxpfIBlW-i90uZ3yG3hwSSYx7n4d9Yc-2FAorAHS0D9btYRK4ZZXX-Gm3W5tDtu911ow-eWRfcRVgNWg-- <- @commitlint/format 20.2.0 (20.4.0 is available)
+ nodelite-2-PJ8gYKeS5e-whHBh8xrwYK-dAvEj7JXtz6uTucnMRB8OiGTsKccFekoRrjajPBHV8oOY-2tI4uxeceSimKwMFA-- <- browserslist 4.25.0 (4.28.8 is available)
+ nodelite-2-PjiQ659aQ-fUTQqSrd1XEDnOr52jh30RBurfzkscaE2tPaFsDH5wOAHJiw8XAHphRknCwMUE9KRayc4K-NbO8A-- <- csv-stringify 5.6.5 (6.5.2 is available)
+ nodelite-2-POQXvpdL69-CluYsillJ7SUhKvytYjW9vG-GKpnf-xP8UWgYEM-RaMzHHofbALDiKbbP1W8UEYmgGl39WkPZsg-- <- jsonparse 1.3.1
+ nodelite-2-PpOwAdQ-YlXQ2vj8a3h8IipDuYRi3wceVQQGYWxNINccq40Anw7BlsEXCMbt1Zt-OLA6Fq9suIpIWD0OsnISlw-- <- find-up 4.1.0 (7.0.0 is available)
+ nodelite-2-PQUobbhLTQT5yz-SPg116VJBgz-XOtXt8D1ck-sfJJhuEsMj2jSej5yTdp8CvWBSceu-WW-ibVL6dm0ptG5fcA-- <- @rollup/rollup-linux-x64-musl 4.44.0
+ nodelite-2-PRWFHuSU3eDtQJPvnNY7Jcket1j0t5OuOsFzPPzsekD52Zl8qUfFIPEiswXqIvHWGVHOgX-7G-vCNNhehwxfkQ-- <- debug 4.3.4 (4.4.3 is available)
+ nodelite-2-Ps3T8E8dZDam6fUyNiMkekK3XUsaUEik-idO9-YjPtfj2qruF8tFBXS7XhtE4iIXBLxhmLjP3SXpLhVf21I9Lw-- <- @types/d3-timer 3.0.2
+ nodelite-2-PTcKLUNvBqnY2U6E5bdOQcSM-oVP-PmrDY9NzowJjislEjwP-C4an2303MCVS2Mg9d3AJpIGdUFIQQWbPds0Sw-- <- @webassemblyjs/wasm-opt 1.14.1
+ nodelite-2-PugKzOsyXpArk0yWmUwqOZecSO0GH0bPoctLcqNDH9J04pVW3lflYE0ujElBGTloevcxF5MofAOZ7C5l2b-wLg-- <- strip-literal 1.3.0 (3.1.0 is available)
+ nodelite-2-PwwhEakHVKTdRNVOw--Gyh0-MzlCl4R6qKvkhuvLtPMggI1WAHt9sOwZxQLSGpUaDnrdyDsomoRgNnCfKNSXXg-- <- is-date-object 1.1.0
+ nodelite-2-PX1wu0AmAdPqOL1mWhqmlOd8kOIZQwGZw6rh7uby9fTc5lhaOWFLX3I6R1hrF9k3zUY40e6igsLGkDXK92LJNg-- <- obuf 1.1.2
+ nodelite-2-PXwfBhYu0hBCPw8Dn0E-WDYb7af3dSLVWKi3HGv84IdF4TyFoC0ysxFd0Goxw7nSv4T-PzEJQxsYsEiFCKo2BA-- <- micromatch 4.0.8
+ nodelite-2-PYAthTa2m2VKxuvSD3DPC-Gy-U-sOA1LAuT8mkmRuvw-NACSaeXEQ-NHcVF7rONl6qcaxV3Uuemwawk-7-SJLw-- <- accepts 1.3.8 (2.0.0 is available)
+ nodelite-2-PZTqjJbx-fmPuT2ud1n4vYDSF1yrT--vOGI9HNYKNA0PM0xGUBWigf5gRivHsXa3oBnUlTyHV9j7Kqx5BHbVHQ-- <- @algolia/ingestion 1.32.0 (1.57.0 is available)
+ nodelite-2-Q6fKUPqnAHAyhiUgFU7BUzLiv0kd8saH9al7tnu5Q-okj6dnupxyTgFIBjVzJATdfIAm9NAsvXNzjaKa-bxVyA-- <- dedent 0.7.0 (1.7.2 is available)
+ nodelite-2-Q8qQfPiZ-THO-3ZrOrO0cJJKfpYCagtMUkXbnEfmgUjwXg6z-WBeOyS9APBBPCTSiDV-s4SwQGu8yFsiMRIudg-- <- postcss-selector-parser 6.1.2 (7.1.6 is available)
+ nodelite-2-QaKxh0eNIi2mE9p2vEdzfagOKHCcj1pJ56EEHGQOVxp8r9-iszLUUV7v89x9O1p-T-NlTM5W7jW6-cz4Fq1YVg-- <- whatwg-mimetype 4.0.0 (5.0.0 is available)
+ nodelite-2-QcKuUU-dgNsstIK6HELFRT5Y3lbrMLEOwG-A4s5cA-fx3A3y-JTq3X9LaOj3OC3ALH0XqyrgQIgey-MIZ8Wczw-- <- postcss-focus-visible 6.0.4 (9.0.1 is available)
+ nodelite-2-QCOllgZJtaUo9miYBcLChTUaHNjJF3PYs1VidD7AwiEj1kYxKeQTctLAezAOH5ZKRH0g2IgPn6KwB4IT8iRpvA-- <- es-to-primitive 1.2.1 (1.3.4 is available)
+ nodelite-2-QE33hToZseCH3jS0qN96O-bSh3kaw-h-Tq7ngyY9eWDUnTlTNUyqfqvCXioLe5Na5jFsL78ra-wuBU4iuEgd4w-- <- common-path-prefix 3.0.0
+ nodelite-2-QfAUtd-vFdAtFQcC8CCyYt1fYWxSqAiK2cSD6zDB8N3cpsEBAvRxp9zOGg6G-SHHJYAT88-az-IuDGALsNVbGg-- <- color-convert 1.9.3 (3.1.2 is available)
+ nodelite-2-QGURnImvxYlIQz5DVhvHdqpYNLBjhJ2Vm-cnQI2G9QZzkWlZm0LkLcvDcHp-qE6N2KBz4CeuvXgPO7W3XQ0Tyw-- <- @types/selenium-webdriver 4.1.21 (4.1.26 is available)
+ nodelite-2-QGYKEuUsYT9ykKBCMOEDLsU5JRObWQusAolFMeko-tYPufNkRffBAQjIE-99jbA87xv6FgmjLtwjh9wBWajwAA-- <- mdast-util-to-hast 13.2.0
+ nodelite-2-QJv-h939gDpvT-9SiLVlY7tZC3xB2qK57v0J04Sh9wpMb6MP1q8gB21L3WIo8T5P1MSMg3Ep14L7KkDCFG3y4w-- <- langium 3.3.1
+ nodelite-2-QjVjwdXIt408MIiAqCX4oUKsgU2EqAGzs2Ppkm4aQYbjm-ZEWEcW4SfFNTr4uMNZma0ey4f5lgLrkB0aX0QMow-- <- supports-color 5.5.0 (9.4.0 is available)
+ nodelite-2-QlYut2ZtxRgdW-dboSmiKZWM8FsnpLaLI549hN-RWgwn3FawSil7Jc2n7nFHheclvYxa4LJqwEOvNUYv9VsCXg-- <- file-system-cache 2.0.0 (2.4.4 is available)
+ nodelite-2-QM8q3zDe58hqUqjraQOmzZ1LIH9SWQJTlEKCH4kJ2oQvLZk7RbQXvtDM2XEq3fwkV9CCvvH4LA0AV-ogFsBM2Q-- <- dot-prop 5.3.0 (9.0.0 is available)
+ nodelite-2-QMEp5B7cftE7APOjk5Y6xgrbWu-WkLVQwk8JNjZ8nKRciZaByEW6MubieAiToS7-dwvrjGhH8jRXz3MVd0AYqQ-- <- sha.js 2.4.11 (2.4.12 is available)
+ nodelite-2-QPErUVm4uyJa60rkI73qneDacvdvzxshT3kksGqlGWYdOTIUOwJ7RDUL8sGqslY1uXWSL6xMFKEXDS3ox2uF0w-- <- @babel/template 7.22.15 (8.0.0-beta.0 is available)
+ nodelite-2-QQLXa20dHg1R0ri4bjKeGFKEkJA7MMBxrKo2G-gJikmumRS7PTD4BOU9FKrDQWMKowz7frJJGqBffYMgQYS96Q-- <- @vue/runtime-core 3.5.17 (3.5.27 is available)
+ nodelite-2-QQnnxNyfvmHFIsj7gkPcYymR8Jdw-o7mp5ZFihxn6h8Ci6fh3Dx4E1gPjpQEpIuPo9XVNY-ZUwh4BPMjGyL01g-- <- ini 4.1.1 (6.0.0 is available)
+ nodelite-2-QrWXB-ZQSVPmIWIhtEO9H-gwHaMGYiF5ChvoJ-K9ZGHG-sVsa6yiesAD1GC-x46sET00Xlwo1u49RVVVzvcSkw-- <- commander 7.2.0 (9.5.0 is available)
+ nodelite-2-QUzKpUQRc1qC7qdGo7rMK3AkETI7w18gTCUrsNnyjjJKYiuUB9-TQK3QnR1unhCnWRC0AbKv2omLGQDF-mIjOw-- <- @vitest/expect 0.34.6 (4.0.7 is available)
+ nodelite-2-QVb0dM5HvG-uaxitm8wONl7jltx8dqhfU33DcqtOZcLSVIKSDDLDi7-0LbAKiyI8hD9u42m2YxXSkMGWThaecQ-- <- co 4.6.0
+ nodelite-2-QYqzpfwO3-CWf3XP-Z-tkQsfaLL-EnUlXWVkIk5FUPc4sBdTehEqZONuyRt2P67PXAk-NXmTBcc97zw9t1FQrw-- <- lodash.isnumber 3.0.3
+ nodelite-2-QZ1d4xoBHYUeuouhEq3lk3Uq7ldgyFXGBhg04-oRLnIz8o9T65Eh-8YdroUwn846zchkA9yDsDl5CVVaV2nqYw-- <- lodash.snakecase 4.1.1
+ nodelite-2-R0XvVJ9WusLiqTCEiGCmICCMplcCkIwwR11mOSD9CR5u-IXYdiseeEuXCVAjS54zqwkLcPNnmU4OeJ6tUrWhDw-- <- source-map-js 1.0.2 (1.2.1 is available)
+ nodelite-2-R1Pd9eF-MD5JYDDSPAp-q1ougKglm14uEkPMvQ-05RGmx6G9wvmLTrTI-Q5iPNJLYqNdsDQ7qTGIcNWR-FrHmA-- <- minisearch 7.1.2 (7.2.0 is available)
+ nodelite-2-R3pbpkcIqv2Pm3dUwgjclDRVmWpTJW2DcMzcIhEXEx1oh-CEMObMm3KLmRJOdvhM7o4uQBnwr8pzRK2sJWIqfg-- <- has-bigints 1.1.0
+ nodelite-2-R4I-kzCYAdRLzfiCabn9hxWfbuHS573x-r0dJMkkzThEa7pbrcDWK-9zu3e7aBOouf-rQAciqPFMnxwr0aWgKg-- <- @types/node 24.0.3 (26.4.1 is available)
+ nodelite-2-R4nPAVTAU0B9D35-Gk3uJf-7XYbQcyohSKdvAxIRSNghFl4e71hVoGnBNQz9cWaXxO2I10KTC-3jMdvvoKw6dQ-- <- p-try 2.2.0
+ nodelite-2-R79ZZ-0wAxKGu3oYMlz8jy-kbhsNrS7SKZ7PxEHBgJ5-F2mtFW2fK2cOtBh1cHYkQsbzFV7I-EoRKe6Yt0oK7A-- <- p-locate 4.1.0 (6.0.0 is available)
+ nodelite-2-R8gLRTZeyp03ymzP-6Lil-28tGeGEzhx1q2k703KGWRAI1VdvPIXdG70VJc2pAMw3NA6JKL5hhFu1sJX0Mnn-A-- <- @jridgewell/set-array 1.2.1
+ nodelite-2-R8LcPeWZol2zR8mmH3JeKQ6QRCFb7XgUhV9ZlGhHLGyg4wpPiPZNQOOWhFZhxKw8u--yTbNGI42Bx-3paXEQ-Q-- <- @jridgewell/trace-mapping 0.3.20
+ nodelite-2-RaddvvMatK2LJHqFJ-YA4WysVN5Ita9E35botqIYspQ4TkRAlCicdzKOjlyv-1Za5RyTNn7di--eEV0uTAfe3g-- <- elliptic 6.6.1
+ nodelite-2-RbJ5-jmFcNNCcDV5o9eTnBLJ-HszWV0P73bc-Ff4nS-rJj-YaS6IGyiOL0VoBYX-l1Wrl3k63h-KrH-nhJ0XvQ-- <- graceful-fs 4.2.11
+ nodelite-2-RD97prjEt9EL8YgAgpOkf3O4IF9lhJFr9g0htQkm0rchFp-Vx7LW5Q8fSXXub7BXAODyUQohRMyOc3faCPd0hg-- <- typed-array-byte-offset 1.0.0 (1.0.4 is available)
+ nodelite-2-RdJUflcE3cUzKiMqQgsCu06FPu9UdIJO0beYbPhHN4k6apgJtifcoCtT9bcxOpYBtpD2kCM6Sbzg4CausW-PKQ-- <- js-tokens 4.0.0 (9.0.1 is available)
+ nodelite-2-RDxHkAiEGI78gS2ofyvCsu7iycRv7oqw5xMWn9iMoR0N-7mf9D50ecQqUo5BZ9Zh2vH4bCUR-ktCqbB9m8vJjQ-- <- postcss-modules-values 4.0.0
+ nodelite-2-Re10-NauLTMCudc7T5WLFLAwDhQ0JWdrMK-9B2M8zR5hRExKmsRDCBA7-aV-pNJFltmBFO5BAMlQFi-vq3nKOg-- <- tapable 2.2.2 (2.3.3 is available)
+ nodelite-2-RF0Fw-rO5AMf9MAyaRXI4AV0Ulj5lMHqVxxdSgiVbixSCXoEmmX-jk0CuJw4-3SqroYO9VoUh-HcuJivvtJemA-- <- semver 7.7.2 (7.8.5 is available)
+ nodelite-2-Rfkk-Mp-DL7JVje3u18FxFujQlTNR2q6QfMSMB7AvCBx91NGj-ba3kCfza0f6dVDbw7YlRf-nDrn7pQrCCyQ-w-- <- estree-walker 2.0.2 (3.0.3 is available)
+ nodelite-2-RGdgjQUZba5p6QEFAVx2OGb8rQDL-cPRG7GiedRzMcJ1tYnUANBncjbSB1NRGwbvjcPeikRABz2nshyPk1bhWg-- <- @types/mdurl 2.0.0
+ nodelite-2-RHiac9mvaRw0x3AYRgDC1CxAP7HTcNrrECeA8YYJeWnpo-2Q5CegtZjaotWTWxDG3UeGA1coE05iH1mPjT-2mg-- <- minimatch 9.0.3 (9.0.9 is available)
+ nodelite-2-RHxMLp9lnKHGHRng9QFhRCMbYAcVpn69smSGcq3f36xjgVVWThj4qqLbTLlq7Ssj8B-fIQ1EuCEGI2lKsyQeIw-- <- isexe 2.0.0 (3.1.1 is available)
+ nodelite-2-RHXxplCeLh9VjinvMrZONq7im4wjWGlRJAqmAVLXyZaXwfDWP73-oq4NdIp-OZwhQUMj0zjqDfM5Fj7qby-B4g-- <- postcss-logical 5.0.4 (8.0.0 is available)
+ nodelite-2-RITGBfijLkBddZvnn8jdqoTypxvqbOLYQkGGxXzeFjVHvudaPw0HNFD9x928-eUwYWd2dPCugVqspGALTZZQKw-- <- chai 4.5.0 (6.2.2 is available)
+ nodelite-2-RjhtfwJOxzcFmNOi6ltcbcu4Iu-FL3zEj83dk4kAS-fVpTxXLO1b38RvJgT-0QwvV-L3aY9TAnyv0EOqW4GoMQ-- <- path-exists 5.0.0
+ nodelite-2-RjNgpdM20VUXgV7us-VmlO3Vn2ZRiDnc3-bUxCVvySZWPiVPprpqW-QDWuzkGa-NCUf6saAM5CLsZLSxncXJwg-- <- lightningcss-linux-x64-gnu 1.22.1 (1.31.1 is available)
+ nodelite-2-RJRdvCo6IAnPdsvP-7m6bsQqNnn1FCBX5ZNtFL98MmFF-4xAIJTIg1YbHW5DC2W5SKZanrC6i4HsJqlajw-dZw-- <- set-proto 1.0.0
+ nodelite-2-RkhPPp2zrqDAQA-2jNhnztcPAlv64XdhIp7a7454A5ovI7Bukxgt7MX7udwAu3zg1DcpPU0rz3VV1SeaqvY4-A-- <- @nodelib/fs.stat 2.0.5 (4.0.0 is available)
+ nodelite-2-RKtWF8pGmS87i2D6gqQu-l7EYRlVdfzemCJN-P3UOs--x1QE7mfhvzHIApBTRf7axvT6DMGwSwBXYCT0nfB9xw-- <- is-data-view 1.0.2
+ nodelite-2-RmAl7su35BFd-xoMamRjpIE4j3v-L28o8CT5YhAXQJm1fD-1l9ngXY8JAQRJ-tFK2i5njvi0iRUKV09vPwA0iA-- <- listr 0.14.3
+ nodelite-2-RMtmw0iFkeR4YV-fUOSucriAQNb9g8zFR52MWCtl-cCZOFRNL6zeB395vPzFhEjjn4fMxXudmELnl-KF-WrK6w-- <- confbox 0.1.8 (0.2.2 is available)
+ nodelite-2-RNJUIQH-J8iA-1NzlE4N7KtyZNHi3w7at7hDjvRNm5rcUXa00z1vRz3glZoULfJ5mpvYhLybmVcwcjGrC1pRrQ-- <- @webassemblyjs/wasm-edit 1.14.1
+ nodelite-2-ROjNchA9LgfNMTTFSIWPzebCwOGFdgkEq45EnvvrmSLvCtAw0HSmrCs7-ty-wAeYUZyNay0YMUNYFTRL72PkBQ-- <- conventional-changelog-angular 7.0.0 (8.1.0 is available)
+ nodelite-2-ROoL94jJH2dUVML2Y-5PEDNaSHgeOdSDicUyS7izcF63G6sTc-FTjLub4b8Il9S8S0beOfYt0TaA5qvFK-w0wA-- <- clone-response 1.0.3
+ nodelite-2-RpAVKQA5T63xEj6-giIbUEtZwJ4UFIc3ZtvEkiaUERylqe8xb5IvqcgOurZLahv93CLKfxcw5YI-DZcUBRyLXA-- <- code-point-at 1.1.0
+ nodelite-2-RpPp0asT-6ufRm--AJVwpViZbGM-MkjQFxJccQRHmISF-22NBtsHqAWmL--pmkPWoIUJdWyeVleTl1wydHATVQ-- <- character-entities-legacy 3.0.0
+ nodelite-2-RpsAZlpWcDwOPQA22aCH4J0t7L8JmAvsCxfOSEwm7cQs3LshN36QaTkwd70DnBOXDWGssw2eUoc8CaRWT0XunA-- <- supports-hyperlinks 2.3.0 (3.2.0 is available)
+ nodelite-2-RQPdCYTa8A68uM2jwxoY842xDhvx3E5LFL1LxvxCNMev4o5mLuokczhzjAgGwUZBAmOKZknArSxLKmXtIi2AxQ-- <- search-insights 2.17.3
+ nodelite-2-RRECPsj7iu-xb5oKYcsFHSppFNnsj-52OVTRKb4zP5onXwVF3zVmmToNcOfGC-CRDpfK-U584fMg38ZHCaElKQ-- <- color-convert 2.0.1 (3.1.2 is available)
+ nodelite-2-Rs66F0P-1kedk5lyYyH9uBzuiI-kNRmwJAR9quK6VOtIpZ2G-hMZd-HQbbv25MgCA6gEffoMZYxlTod4WcdrKA-- <- string.prototype.trim 1.2.10
+ nodelite-2-RtFvB--GmjRhpHcqNgnw8iWZpTlxOnmNxi8eDcecxMmxmSgeDj25LV0jr4Q6rOhv3GTIfVGBhkwz-khGT5tfmg-- <- @umijs/react-refresh-webpack-plugin 0.5.11
+ nodelite-2-RWmIqhcFf1lRYBvNmr7qTNuyCt-7-ns2jbpp1-PalgE-rDQcBT0fioSMUpJ93irlUhC5hrg4cYqe6U-0ImW0rA-- <- devlop 1.1.0
+ nodelite-2-RwNA9Z-7PrK06rYLIzFMlaF-l73iwpzsqRIFgbMLbTcLD6cOao82TaWefPXQvB2fOC4AjuYSEndS7N-mTCbkdQ-- <- statuses 2.0.1 (2.0.2 is available)
+ nodelite-2-RXRJzMiK6U2ye0BlGGZnmpwJDPgakn6aNQ0A7gHRbD4I0uvK4TW6UqkK1V0pp9jskjJBAXd3dRrbzWkqJ-6cxA-- <- ylru 1.3.2 (1.4.0 is available)
+ nodelite-2-S48WzZW777zhNIrn7gxOlISNAqi9ZC-uQFnRdbeIHhZhCA6UqpkOT8T1G7BvfdgP4Er8gF4sUbaS0i7QvIfCWw-- <- npm-run-path 4.0.1 (6.0.0 is available)
+ nodelite-2-S6cATIPVv1z0IlxdN-zUk5EPjkGCdnhN4wVSBlvoUO1tOLJootbo9CquNJmbIh4yikWHiUedhRYrNPn1arpEmQ-- <- jsonschema 1.4.1
+ nodelite-2-Saa1xPByTTq2gdeFZYLLo-RFE35NHZkAbqZeWNd3BpzppeVisAqpDjcp8dyf6uIvEqJRd46jemmyA4iFIeVk8g-- <- serialize-javascript 6.0.2 (7.1.1 is available)
+ nodelite-2-SaLBuwGm3MOViRq2ABk3eLoxwZELpH6zhl3FbAoJ7Vm1gofKx6El1Ib5z23NUEhF9AsGl7y-dzLe5Cw2AArGTA-- <- d3-shape 3.2.0
+ nodelite-2-Sb487aTOCr9drQVL8pIxOzVhafOjZN9UU54hiN8PU3uAiSV7lx1yYNpbNmex2PK6dSJoNTSJUUswT651yww3Mg-- <- lodash.once 4.1.1
+ nodelite-2-SbKbANkN603Vi4jEZv49LeVJMn4yGwsbzZworEoyEiutsN3nJYdbO36zfhGJ6QEDpOZIFkDtnq5JRxmvl3jsoQ-- <- is-extglob 2.1.1
+ nodelite-2-ScaPdn1dQczgbl0QFTeTOmVHFULt394XJgOQNoyVhZ6r2vLnMLJfBPd53SB52T-3G36VI1-g2MZaX0cwDuXsfw-- <- @types/trusted-types 2.0.7
+ nodelite-2-SFppqq5p42fe2qcZQqqEOiVRXl-WCP1MdT6k7BDEW1j--sp5fIY--fdRQitvKgB5BrBcmrs5m-L0v2FrU5MY1g-- <- local-pkg 0.4.3 (1.1.2 is available)
+ nodelite-2-Sk5V6wVazPhq5MhpO-AUxJn5x7XSXGl1R93Vn7i-zS15KDVxQijejNCrz8340-2bgLBjR9GtEG8ZVKONDjcqGQ-- <- error-stack-parser 2.1.4
+ nodelite-2-SLBg2GBKlR6bVtMgJJlud-o3waplKtL7skmLkExomIiaAtLGtVsoXIqP3SYdjbcH9lq-KVv7pMZeCBpLYOit6Q-- <- tsconfig-paths 4.0.0 (4.2.0 is available)
+ nodelite-2-Sp1ablJ0ivDkSzjcaJdxEunN5-XvksFJ2sMBFfq6x0ryhQV-2b-KwFe21cMpmHtPOSij8K99-wSfoEuTObmuMQ-- <- call-bind-apply-helpers 1.0.2
+ nodelite-2-SQCBGsL9MFk8utWNSthdxd9iOD1pIVZSHxGBwYIGfd67RTjxqzFOSAYeQVXOu3IxRC3YrTOH37ThnTLjUlyF2w-- <- @commitlint/config-validator 20.2.0 (20.4.0 is available)
+ nodelite-2-SSjF9vcnF27mJK1XyFMNJzFd5u3pQiATFqoaDy03XuN00u4ziveVVEGt5RKJrDR8MHE-wJo9Nnad56RLzS2RMA-- <- preact 10.26.9
+ nodelite-2-SUwdGfqdKOwxCPeVYjwSyRpJ7Z-fhpwIAtmCUdZIWZ-YP5R9WAsyuSgpLVDi9bjWoN2LXHNss-dk3urXtdQxGg-- <- deep-eql 4.1.4 (5.0.2 is available)
+ nodelite-2-T0NIuQpnTvFDATNuHN5roPwSBG83rFsuO-MXXH9-3N1eFbn4wcPjttvjMLEPWJ0RGUYgQE7cGgS3tNxbqCGM7g-- <- detect-node 2.1.0
+ nodelite-2-TbX3mj8n0odCBFVlY8AxkqcHASw3L60jIuF8jFP78az3C2YhmGvqbHBpAjTRH2-xqYunrJ9g1jSyjCjpoWzIAA-- <- which-boxed-primitive 1.1.1
+ nodelite-2-Td9jv782UMAFsuLZINfUpoF5mZIbAj-jv1YVtE58rFtfvoKRiKSkRGQfHTgKamLVT-fO7203bHa3wU122V-Bdg-- <- @esbuild/linux-x64 0.21.4 (0.28.2 is available)
+ nodelite-2-TIGnTpdo-E3-pCyAluZvtED5p5wCqLdezCyhPZzKPcxvFplEt4i-W7OONCKgeZFT3-y5NZZfOOS-Bdcanm1MYA-- <- ansi-regex 2.1.1 (6.3.0 is available)
+ nodelite-2-TkRKr9sUTxEH8MdfuCSP7VizJyzRNMjj2J2do2Jr3Kym598JVdEksuzPQCnlFPW4ky9Q-iA-ma9BGm06XQBy8g-- <- type-is 1.6.18 (2.0.1 is available)
+ nodelite-2-TkuxA4UCOvxuDK6NZYXCalszEzj-TLszyASooky-i742l9TqsOdYCMJJupxRic61hwquNtppB3hgcuq9SVSH1Q-- <- array-back 3.1.0 (6.2.2 is available)
+ nodelite-2-TPJXq8JqFaVYm2CWmPvnP2Iyo4ZSM7-QKcSmuMLDObfpH5fi7RUGmd-rTDf-rut-saiDiQEeVTNgAmJEdAOx0w-- <- encodeurl 1.0.2 (2.0.0 is available)
+ nodelite-2-TR3KfrTZTYLPB6jUjfx6MF9WcWrHL9su5TObK4ZkYgBdWKPOFoSoQIdEuTuR82pmtxH2spWG9h6etwfr1pLBqQ-- <- import-fresh 3.3.1
+ nodelite-2-TtAxCNrlrBp8GoeEp1npd5g-d-OejJHFxS3OWmrPBMFaVQMSN0OFySozJio5BHxTuTeug00AVXVAjfDSfk-lUg-- <- @types/react 18.2.45 (19.2.9 is available)
+ nodelite-2-Tti3gMqLdZfhOQY1Mzf-AanLiqh1WTiJgEj26ZuYQ9fbkLomzGchCws4FyrSd4VkpBfiNhaE1On-lOz894jvXg-- <- hmac-drbg 1.0.1
+ nodelite-2-TtpcNJ3XAzx3Gq8sWRzJaVajRs0uVxA2YAkdb1jm2YkPz4G6egUFAyA3n5vtEIZefPk5Wa4UXbKuS5fKkJWdgA-- <- escape-string-regexp 4.0.0 (5.0.0 is available)
+ nodelite-2-TwAZM-zE5Tq3lrEHvOlvwgj1XLWQCtaaibSN11Q-gGBAS7Y1uZSWwXXRe4iF6OXnaq1riyQAPFOBtYc77Mxq0g-- <- htmlparser2 10.0.0
+ nodelite-2-TwEZ-X-yCJmYfL7TPUOcvBZ4QfoT5YenQiJuX--0th53DE6w0xxLEtfK3iyryQFddXuvkIk51EEgrJQ0WJkOmQ-- <- property-information 7.1.0 (7.2.0 is available)
+ nodelite-2-TwuEnCnxbc3rAvhf-LbG7tJUDzhqXyFnv3dtzLOPgCG-hODL7WFnsbwktkD7yUV0RrreP-l1PALq-YSg6VvjlA-- <- lodash.camelcase 4.3.0
+ nodelite-2-TYOanM3wGwNGsZN2cVTYPArw454xnXj5qmWF1bEoAc4-cU-ol7GVh7odevjp1FNHduHc3KZMcFduxU5Xc6uJRQ-- <- p-limit 3.1.0 (7.2.0 is available)
+ nodelite-2-U3lRVLMSlsCfjqYPbLyVv11M9CPW4I728d6TCKMAOJueEeB9-8o-eSsMnxPJD-Q-K909sdESg7C-tIkoH6on1A-- <- chalk 1.1.3 (5.6.2 is available)
+ nodelite-2-U56GMYxy4ZQCbDZd6JuvvNV-WFildOjsaWD3Tzzvmw-mas3cXzRJPMjP83JqEsgSbyrmaGjBfDtV7KDXV9UzFQ-- <- @webassemblyjs/helper-api-error 1.13.2
+ nodelite-2-U7WjGVG9sH8tvjW5SmGbQuui75FiyjAX72HX15DwBBwF9dNiQZRQAg9nnPhYy-TUnE0-VcrttuvNI8oSxZcocA-- <- resolve 2.0.0-next.5 (2.0.0-next.7 is available)
+ nodelite-2-UaiMJzeWRlEujzAuw5LokY1L5ecNQYZKfmyZ9L7wDHb-p5etKaxXhohBcrw0EYby-G-NA52vRSN4N39dxHAIwQ-- <- lie 3.3.0
+ nodelite-2-UcjcJOWknrNkF6PLX83qcHM6KHgVKNkV62Y8a5uYDVv9ydGQVwAHMKqHdJje1VTWpljG0WYpCDhrCdAOYH4TWg-- <- split2 4.2.0
+ nodelite-2-UERzLsxzllchadvbPs5aolHh65ISpKpM-ccLbOJ8-vvpBKmAWf-la7dXFy7Mr0ySHbdHrFv5kGFCUHHe6GFEmw-- <- memfs 3.5.3 (4.6.0 is available)
+ nodelite-2-UG6OvdI5afDIFP9w4G0mNq50dSOsXHJaRE8arAS5o9ApWnIElp8GZw1Dun8vP8OyHOZ-QJUKUJwxiiCCnUwm-Q-- <- d3-dsv 3.0.1
+ nodelite-2-UGI8bfhrDb1KN01RZ7Bq08GRQc8rmVjxQ2up0g4mUHPCYDTK1FzQ0PMmLOBCHg3yaIijZ2U3Fn9ofLa4N392Ug-- <- pkg-install 1.0.0
+ nodelite-2-UGvjygr6F6tpH7o2qyqR6QYpwraIjKSdtzyBdyytFOHmPZY917kwdwLG0RbOjWOnKmnm3PeHjaoLLMie7kPLQw-- <- std-env 3.9.0
+ nodelite-2-UOiS2in6-Q0FK0R0q6UY9vYpQ21mr-Qn1KOnte7vsACuNJf514WvCCUHSRCPcgjPT2bAhNIJdlE6bVap1GKmeg-- <- extendable-error 0.1.7
+ nodelite-2-UOShsPwz7NrMUqhR6t0hWjFduvOzbtv7toDH1-hIrfRNIDBnnBWd0CwJTGvTpngVlmwGCdP9-Zl-tVrDqcuYzQ-- <- scheduler 0.23.2 (0.27.0 is available)
+ nodelite-2-UPbPHML6sL8PI-mOqPwsH4G6iyXcCGzLin8KvEPenOZN5lpCNBZZQ-V62vdjB1mQHrmqGQt5-OJzemUA-KJmEA-- <- object.fromentries 2.0.7 (2.0.8 is available)
+ nodelite-2-UPzNGhsSjHD3Veb0xO-MwvasGe8eMyNrR-sT9gR8Q3DhOQZirgKhhXv-8hVsI0QpPjR004Z9iFxoJU6in3uGMg-- <- @changesets/read 0.6.5 (0.6.7 is available)
+ nodelite-2-UXSH262CSZY1tfu3G3Secr6uGLCFVPMhIqHjlgCUtCCcgihYc-xKs9djMTMUOb2j1mVSeU8EU6NWc-iQKU6Gfg-- <- string.prototype.trimstart 1.0.8
+ nodelite-2-UXWMKhLOwVKb728IUtQPXxfYU-usdybtUrK-8uGE8CQMvrhOpwvzDBwj0QhSL7MQc7vIsISBG8VQ8-IDQxpfQA-- <- source-map-js 1.2.1

Done in 1.3s
