Progress: resolved 1, reused 0, downloaded 0, added 0
Packages: +251
++++++++++++++++++++++++++++++++++++++++++++++++++++++++++++++++++++++++++++++++
Progress: resolved 251, reused 0, downloaded 251, added 251, done

dependencies:
+ nodelite-2-N6uOhuW6zO95P3Mel2I2zMsbsanvvtgn6jVqJv4vbVcz-JN0OkL9suomjQGmWtxJQXOCqUJvquc1sMeNz-IwlA-- <- union 0.5.0
+ nodelite-2-N8SpfPUnUp1bK-PMYW8qSWdl9U-wwNWI4QKxOYDy9JAro3WMX7p2OeVRF9v-347pnakNevPmiHhNmZ2HbFA76w-- <- nanoid 3.3.11 (5.1.6 is available)
+ nodelite-2-N8XRTIMMqqDgSy4VLKPnJ--hpGZN-PHQiJnSenYqPaVV-NCqEogTnAdZLQiGKhxX-JCs8waWq2t1XHWKOmlY8g-- <- lodash.kebabcase 4.1.1
+ nodelite-2-NaCwtw8o48B9I6L1zl2p41OHo-2Z4wqYGGIK1Khu5T7yxrn-ATOixn-Udn2m-6kZKB-J7cuT9DbWWhRxqixACg-- <- @vue/reactivity 3.5.13 (3.5.27 is available)
+ nodelite-2-NBcGGFbBA9s1VzD41QXDG-3--t9Mn5t1FpLdhESY6oKY4gYTFpX4wO3sqGUa0Srjtbfj3szX0RnemmrVRUdULA-- <- global-dirs 3.0.1
+ nodelite-2-Ne-eE4r0-iWnpAxD852z3A-N0Bt5RN--NjJwRd2VFHEmrywxf5vsZlh4R6lixl6B-wz-8d-maTSAkN1FIkI3LQ-- <- type-fest 0.20.2 (5.4.1 is available)
+ nodelite-2-NF-epuEdnUYVlGuhaxbbq-dvJttwLnGY-YixlXlME5KpQ5W3CnXA5cVTneY3SPbPDRkcjMbifrwmFYcClgOZeg-- <- basic-auth 2.0.1
+ nodelite-2-NfJ4UzBCcQGLDlQq7nHxH-tv3kyZ0hHQqF5BO6J7tNJeP5do1llPr8dZ8zHonfhAu0PHAdMkSo-8o0wxg9lZWw-- <- assert-plus 1.0.0
+ nodelite-2-NIxF55hv4nSqQswkAeiOi1r83xy8JldOFDTWiug55KBu9Jnblncd2U6ViHmYgHf01TPZS77NJBhBMKdWj9HQMQ-- <- ci-info 3.9.0 (4.3.1 is available)
+ nodelite-2-NKfW6bec6GfKc0SGx1e07QZY9PE99u0Bft-0rzSD5k3sO-vwkVUpDUKVm5Gpp5Ue3YfShPFTX2070tDs5kB9Ng-- <- find-root 1.1.0
+ nodelite-2-NKXYmMR-Hr1DevQegFB4MwfM5Vv0m4UIxKZTTYuD98lpTknaZlSRrDOG4X7wIXpGkfsYxZTghUN-Qq-T0YQI7w-- <- conventional-changelog-conventionalcommits 7.0.2 (9.0.0 is available)
+ nodelite-2-Nl03d6T9ky516DGK2YMxrTqvnpUW63TnJMOMonj-Zae0JiPC5BC9xPMSL6L8fiSpA5vP88qfygavVQvnLp-6Cw-- <- @babel/preset-react 7.26.3 (7.29.7 is available)
+ nodelite-2-NlHwttCI-l5gCPR3D1nNXtWABUmBwvZpEQiD4IXSbIDq8BzLIK-7Ir5gTFSGZDUu37K5cMNp0hFtzO38sC7gWA-- <- scheduler 0.26.0 (0.27.0 is available)
+ nodelite-2-NM8-P9n3XjXhIZn1lLhkFaACTOURQXjWhV4BA-RnOv8xvgqtqpAX9IO4mRQxSx1Rlo4tqzeqb0sOlruaOy3dug-- <- json-schema-traverse 1.0.0
+ nodelite-2-NOKm8xhkzAjzFx8B2v5OAHT-u5pRQc2UCa2Vq9jYL-31o2wi9mxBA7LIFs3sV5VSC49z6pEhfbMULvShKj26WA-- <- commander 4.1.1 (9.5.0 is available)
+ nodelite-2-NPRy--ncIMeDlTAsuqwKIiferiawhefFJtkNSW0qZJEqMEb-qBt-77B-jGeeek-F0uOeN05CDa6HXbbIgtVX4w-- <- resolve 1.22.10 (2.0.0-next.7 is available)
+ nodelite-2-NqADB8VjPFLM2V0VvHUewwwsw0ZWBaIdgo-ieHtK3hasLz4qeCRjYcqfB6AQrBggRKppKF8L52-VqdVsO47Dlw-- <- has-tostringtag 1.0.2
+ nodelite-2-NSWl5BFQWEPi1j4TjVNItzYV7dZXZ-wP6I6ZhrBGpChQhZRUaElihE9uRRkcbRnNb76UMKDF3r-WTmNcGPKsqw-- <- eslint-config-prettier 9.1.0
+ nodelite-2-NT1CJtq3hHIreOianA8aSXn6Cw0JzYOuDQbOrSPe7gqFnCpKP--MQe3ODgO3oh2GJFORkAAdqredOa60z63GbA-- <- linkifyjs 4.3.2
+ nodelite-2-NT7Ejn7Z-LjUH0Gv5KsBCxh7BH3fbLTV0ptHvpeMvrt3cPThHfJfst9Wrb7S8EvJ7vRTFI7z-VAvFVEQn-m5zQ-- <- @babel/plugin-transform-async-to-generator 7.25.9 (8.0.1 is available)
+ nodelite-2-NuAESUOUMrlIXOfHKzD6bpPu3tYt3xvjNdRIQ-FeT0lNb4K8WR70CaDxhuNguS2XG-GjkyMwOzsN5ZktImfhLA-- <- object-keys 1.1.1
+ nodelite-2-NuaNSa6flKT5JaSYQzJok04JzTL1CA6aGhv5rfLW3PgqA-M2ChpZQnAC8h8i4ZFkBS8X5RqkDBHA7r4hej3K9A-- <- queue-microtask 1.2.3
+ nodelite-2-NuHqBY1PB-D8xU6s-thBgOAiAP7HOYDQ32-BFZILJ8ivkUkAHQnWfn6WhL79Owj1qmUnoN-YPhktdIoucipkAQ-- <- @xtuc/long 4.2.2
+ nodelite-2-Nw2m7JLIO4Ou2X-yZPRNscHQXVbbr6SErjkJ7EooG7MbR3yDZszCv9KTizsXFc7yZl0n3WF-qUKIC-Lw6H9xaQ-- <- emojibase 16.0.0
+ nodelite-2-NWxtqMFMzScq4Eemqp1ST2KREIfj57fUbn7qHv-mMnYgQZK4iIhrHKo5klonxi1oBURcxUZMIbdtH7MJ4BdisA-- <- @lexical/extension 0.36.2
+ nodelite-2-Ny6QZ2Nju20vw1SRHe3d9jVu6gJ-4e3-MMpqu7pqE5HT6WsTSlce--GQmK5UXS8mzV8DSYHrQH-Xrf2jVcuKNg-- <- undici-types 6.20.0 (8.3.0 is available)
+ nodelite-2-NzUnlZexiaH-46WDhANlyR2bXRopNg4F-zuSA3OpZnllCUgRaOF2znDioDWrmbNVsuZk6l9pMquQB38cfBZwkQ-- <- before-after-hook 2.2.3 (4.0.0 is available)
+ nodelite-2-O4L094N2-dZ7xqVdrXhh9r1KODPJpFms8B5sGdJLPy664AgvXsreZUyCQQNItZRDlYug4xStLjNp-sz3HvBowQ-- <- is-fullwidth-code-point 4.0.0 (5.1.0 is available)
+ nodelite-2-O8jcjabXaleOG9DQ0-ARXWZBTfnP4WNAqzuiJK7ll44AmxGKv-J2M4TPjxjY3znBCfvBXFzucm1twdyFybFqEA-- <- @isaacs/cliui 8.0.2 (9.0.0 is available)
+ nodelite-2-Oei9OH4tRh0YqU3GxhX79dM-mwVgvbZJaSNaRk-bshkj0S5cfHcgYakreBjrHwatXKbz-IoIdYLxrKim2MjW0Q-- <- asynckit 0.4.0
+ nodelite-2-Of-R0wqp83cgHozfIYLbBMnej79U-SVGOOyuB3VVFv1NRM-PSFMK12x9KVtiYzJqmnU5WR2qp0Z5rHb7sWGnFQ-- <- arch 2.2.0 (3.0.0 is available)
+ nodelite-2-OGlZQpz2yfahA-Rd1Y8Cd9SIEsqvXkLVoSw-cgwhnhFMDbsQFeZYoJJ7bIZBS9BcamUW96asq-npPWugM-RQBw-- <- jackspeak 3.4.3 (4.2.3 is available)
+ nodelite-2-OkTL9umf-He2DZkUq8f8J9of7yL6RJKI24dVITBmNfZBmri9zYZQrKkuXiKhyfPSu8tUhnVBB1iKXevvnlR4Ww-- <- commander 8.3.0 (9.5.0 is available)
+ nodelite-2-OkyShkcZTsTwyS3Kt7a4rsT-t2qvEVQuKCTg4LJmpj9fhFR7ukGdZwV6Qq3tRUkqcXtfGpPR7-hFKHCG-0d3Lw-- <- ts-loader 9.3.1 (9.5.4 is available)
+ nodelite-2-OLETBj6w0OsagBwdXnPdN0cnMfF9opN69co-7ZrbfPGrdpPVNBUj02spi6B1N7wChLQiPn4CSH-zJvXw56gmHw-- <- domelementtype 2.3.0
+ nodelite-2-OljLrQ9SQdOUqTaQxqL5dEfZWrXExyyWsozYlAWFawPVNuD83igl7uJD2RTkNMbniIYgt8l81eCJGIdQF7avLQ-- <- validate-npm-package-name 5.0.1 (6.0.2 is available)
+ nodelite-2-OOchDgh4F2CchOX94cRVqhvy7b3AFb--rQXyswmzmGakRfkMgoWVjfnLWkRirfLEfuD4ysVW16eXzwt3jHIzKA-- <- @floating-ui/dom 1.7.4
+ nodelite-2-OqbOk5oEQeAZ8WXWydlu9HJjz9WVdEIvamMCcXmuqUYjTknH-sqsWvhQ3vgwKFRR1HpjvNBKQ37nbJgYzGqGcg-- <- mimic-fn 2.1.0 (4.0.0 is available)
+ nodelite-2-OQtR36ZlnuTxKqoW4Sv6x5YIhOmClRd5pWsjZsddYxpWs517R0HkyiefQPIytCVh4ZcC5x9XaG8KTdd5iRQUfg-- <- @changesets/logger 0.1.1
+ nodelite-2-OrKWgHOhmJtVHjPYaEJetNLiNEvrI85lTrGxzeQa-a8ACb93h4svyHe9J-LHs5pKkXDQFcpYEXJntu0LVLLiDw-- <- @tiptap/extension-horizontal-rule 2.14.0
+ nodelite-2-OsDwLS7WnpuNslOV6bJkXVYVV-6RSc4eeVxV7h9wxQPNxnjRvTTrIikfwCbMyl8XJmW6oOccBj2Q07YwZtQcCw-- <- @vitest/mocker 4.0.7
+ nodelite-2-Ov6iBgxJQFR9koOupDPHvcHU9keFupDgtB3lObdEZDroiG4jj1rzky60fbQozFKVYRTUdrBGICHG0YVmRuAJmw-- <- @commitlint/is-ignored 19.6.0 (20.4.1 is available)
+ nodelite-2-OVa3u9kkBbw7b8Xw5F9P-D-T9X-Z4-JruYVNapTjPYZYUznQ5YfWeFkOj606XYYW8yugTfC8Pj0hYqvi4ryAhA-- <- is-fullwidth-code-point 5.0.0 (5.1.0 is available)
+ nodelite-2-Owdv-Ft7IjOgm-i0xvNDZ1LrRANRfew4b2prF3OWMQLxLfu3bS8FVhCsrSCMK4lR56Y9ya-AThoTpDCTxCmpRA-- <- read-cache 1.0.0 (1.0.2 is available)
+ nodelite-2-OWND8ei3VtNC9h7V60qff3SVobHr996CTwgxubgyQYEpg290h9J0buyECNNJexkFm5sOajh5G116RYA1c8ZMSw-- <- natural-compare 1.4.0
+ nodelite-2-P4t6saawp-b-dFrUr2cvkVsfvPguwsxtH6dNIYRllMsefqFzkZk5UIjzyDOv5g1dXIPdG4Sp1yCR4Z6RCUsG-Q-- <- @types/react-dom 18.3.5 (19.2.7 is available)
+ nodelite-2-P8BjAsXvZS-VIDUI11hHCQEv74YT67YUi5JJFNWIqL235sBmjX4-qx9Muvls5ivyNENctx46xQLQ3aTuE7ssaQ-- <- callsites 3.1.0
+ nodelite-2-P8IdPQHq3lA1xVeBRi5VPqUm5HDgKnx0Ru51wZz5mjxHr5n3RWhjIpOFU7ybkUxfB-5IToy-OLaHYDBIWsv-uw-- <- immutable 5.0.3 (5.1.9 is available)
+ nodelite-2-P8yJuVRyLrm5KxCtFx-gjI5Bil-wO7wnTl7C3bXhvtTaAFGirzeB24--D0wGoUwxrUKecNiehemgCob9YL39NA-- <- lint-staged 15.4.1
+ nodelite-2-P9-t2Ob10YNGYT-PWEER-1EqH8SAjCNRn-7SBvKbr0IdleGF2JvzbJwAWaRwZs1c18P11XdQZ779dGvWlfwBIw-- <- @lexical/utils 0.36.2
+ nodelite-2-P9AXdAPlsCgslpP9pRxYPqkNYV7Xq8300-aZDpO35j1fJm-ncize8iGswzYlcvFw5DQUx4eVk-KvfXdL0rehNg-- <- vscode-languageclient 7.0.0
+ nodelite-2-PAL6LUuQwotLW2a8VsySDBwYMm129vFm4tMVlylzdoTybTHaAi0oBp7Ac6LhSrHHOdLM3efH-nAR6hAWoMF89A-- <- @typescript-eslint/types 8.21.0
+ nodelite-2-PdhdWy89SiZogBLaw42zdeqtRJ--zFd2PgQavcICDUgJT5oW10QCRKbJ6bg4r0-UY2M6BWd5tkxuGFRvCkgfHQ-- <- rw 1.3.3
+ nodelite-2-PEGlAwrG8yXGXRjW32fGbg66JAlOAwbObuqVoJpv-mRgoWDQfgH1wDPvtzWyUSNAXBGSk8h755YDbbcEy3SH2Q-- <- space-separated-tokens 2.0.2
+ nodelite-2-PgTgs-BlvHxOu8QuEN7wi5A0OmXaBcHpmCSTehcs6Uuu9IkDIEo13Hy7n898RHfrQ49vKCoGeWZSaAK01nwVig-- <- property-information 6.5.0 (7.2.0 is available)
+ nodelite-2-PIeMbHqMt4DnUP3MA-Flc0HElYjMXArsw1qwJZcm9sqR8mq3l8NYizFMty0pWwE-tzIGH3EKK5-jes5mAr85yw-- <- isomorphic.js 0.2.5
+ nodelite-2-PMXmW2y1hDDfTSRc9gaXIuCCRpuoz3Kaz8cUelp3smouvfT632ozg2vrT6lJsHKKOF59YLbOGfAWGUcKEfRMQw-- <- fdir 6.4.3 (6.5.0 is available)
+ nodelite-2-POQXvpdL69-CluYsillJ7SUhKvytYjW9vG-GKpnf-xP8UWgYEM-RaMzHHofbALDiKbbP1W8UEYmgGl39WkPZsg-- <- jsonparse 1.3.1
+ nodelite-2-PpOwAdQ-YlXQ2vj8a3h8IipDuYRi3wceVQQGYWxNINccq40Anw7BlsEXCMbt1Zt-OLA6Fq9suIpIWD0OsnISlw-- <- find-up 4.1.0 (7.0.0 is available)
+ nodelite-2-PPypAm5qvlD7XMZC3BujecnaOxwhrtoFR-Dqkk5Aa-6DssiH0ibKoketaj9w8LP7Bont1rYeoV5plxD7RTEPRg-- <- update-browserslist-db 1.1.2 (1.3.2 is available)
+ nodelite-2-PSkbLUoxOFRzJYjjxHJt9xro7D-iilgMX-C9lawzVuYiIdcihh9DXmVibBe8lmcFrRi-VzlPjBxbN7rH24q8-Q-- <- tinyrainbow 3.0.3
+ nodelite-2-PTcKLUNvBqnY2U6E5bdOQcSM-oVP-PmrDY9NzowJjislEjwP-C4an2303MCVS2Mg9d3AJpIGdUFIQQWbPds0Sw-- <- @webassemblyjs/wasm-opt 1.14.1
+ nodelite-2-PwwhEakHVKTdRNVOw--Gyh0-MzlCl4R6qKvkhuvLtPMggI1WAHt9sOwZxQLSGpUaDnrdyDsomoRgNnCfKNSXXg-- <- is-date-object 1.1.0
+ nodelite-2-PXwfBhYu0hBCPw8Dn0E-WDYb7af3dSLVWKi3HGv84IdF4TyFoC0ysxFd0Goxw7nSv4T-PzEJQxsYsEiFCKo2BA-- <- micromatch 4.0.8
+ nodelite-2-PYazBVfofCQkkMzh2P6IdIUaCEWni3iYEerAsRWuVd8-jlM1S9S9cz1dF9hIzyoZ8IA3-OwVYIp9v9e-GbgZhA-- <- @babel/plugin-transform-member-expression-literals 7.25.9 (8.0.1 is available)
+ nodelite-2-PYjyFOLKQ9y57JvQ6QLo8dAgNqswh8M1RMJYdQduT6xbWSgK36P-Z-v-p888pM69jMMfS8Xd8F6I1kQ-I9HUGg-- <- arg 5.0.2
+ nodelite-2-Q-N6JNWvIvPnLDvjlE1OUBLPQHH6l3CltCEsHIujp45zQUSSh8K-gHnaEX45yAT1nyngnINhvWtzN-Nb9D8RAQ-- <- @babel/runtime 7.28.4 (8.0.0-beta.0 is available)
+ nodelite-2-Q6fKUPqnAHAyhiUgFU7BUzLiv0kd8saH9al7tnu5Q-okj6dnupxyTgFIBjVzJATdfIAm9NAsvXNzjaKa-bxVyA-- <- dedent 0.7.0 (1.7.2 is available)
+ nodelite-2-Q8qQfPiZ-THO-3ZrOrO0cJJKfpYCagtMUkXbnEfmgUjwXg6z-WBeOyS9APBBPCTSiDV-s4SwQGu8yFsiMRIudg-- <- postcss-selector-parser 6.1.2 (7.1.6 is available)
+ nodelite-2-QAgPDQMEgrDssk1XiwwHoOGYF9BAbUcc1-j-FhEvaOt8-cKRqyLn0U5qA6F74fGhTMGxf92pOvPBeh29jQJDTQ-- <- inquirer 8.2.5 (9.3.7 is available)
+ nodelite-2-Qb1gy5OrP5-zDf2Bvnzdl3jsTf1qXVMazbvCoKhtKqVs4-YK4ozX4gKQJJVyNe-cajNPn0KoC0MC3FUmaHWEmQ-- <- pretty-format 27.5.1 (30.2.0 is available)
+ nodelite-2-QCWT5Hh830hK5EQa7XzuqIkQU9tT-whqbDz7kuaZMHFl1inRRg7JnuAEOQ0Ur0QUl0NufCk1msK2BeY79Aj-eg-- <- @babel/plugin-syntax-import-assertions 7.26.0 (7.29.7 is available)
+ nodelite-2-QE33hToZseCH3jS0qN96O-bSh3kaw-h-Tq7ngyY9eWDUnTlTNUyqfqvCXioLe5Na5jFsL78ra-wuBU4iuEgd4w-- <- common-path-prefix 3.0.0
+ nodelite-2-QfAUtd-vFdAtFQcC8CCyYt1fYWxSqAiK2cSD6zDB8N3cpsEBAvRxp9zOGg6G-SHHJYAT88-az-IuDGALsNVbGg-- <- color-convert 1.9.3 (3.1.2 is available)
+ nodelite-2-QGYKEuUsYT9ykKBCMOEDLsU5JRObWQusAolFMeko-tYPufNkRffBAQjIE-99jbA87xv6FgmjLtwjh9wBWajwAA-- <- mdast-util-to-hast 13.2.0
+ nodelite-2-Qgzu8kfBvo-cA4962jnP1KkS6Dop5NS6g7R5LFYJr4b8Ub94PPQXUksCw9PvXoeXPRRddRNC5C1JQUR2SMGtnA-- <- chokidar 4.0.3 (5.0.0 is available)
+ nodelite-2-QjVjwdXIt408MIiAqCX4oUKsgU2EqAGzs2Ppkm4aQYbjm-ZEWEcW4SfFNTr4uMNZma0ey4f5lgLrkB0aX0QMow-- <- supports-color 5.5.0 (9.4.0 is available)
+ nodelite-2-QKHXPW0hD8g4UET03SdOdunzSouc9N4AuHdsX8XNcTsuz-yYFILVNIX4l9yHABMhiEI9Db0JTTIpu0wB-Y1QQw-- <- fastq 1.18.0
+ nodelite-2-QM8q3zDe58hqUqjraQOmzZ1LIH9SWQJTlEKCH4kJ2oQvLZk7RbQXvtDM2XEq3fwkV9CCvvH4LA0AV-ogFsBM2Q-- <- dot-prop 5.3.0 (9.0.0 is available)
+ nodelite-2-QOSvevhslijgYwRx6Rv7zKdMF8lbRmx-uQGx2-vDc-KI-eBnsy9kit5aj23AgGu3pa4t9AgwbnXWqS-iOY-2aA-- <- camelcase-css 2.0.1
+ nodelite-2-QQnnxNyfvmHFIsj7gkPcYymR8Jdw-o7mp5ZFihxn6h8Ci6fh3Dx4E1gPjpQEpIuPo9XVNY-ZUwh4BPMjGyL01g-- <- ini 4.1.1 (6.0.0 is available)
+ nodelite-2-QrWXB-ZQSVPmIWIhtEO9H-gwHaMGYiF5ChvoJ-K9ZGHG-sVsa6yiesAD1GC-x46sET00Xlwo1u49RVVVzvcSkw-- <- commander 7.2.0 (9.5.0 is available)
+ nodelite-2-QUZcyuW9AKvSfpFHcGmbyRCqxcpY0VNf0xipEtogxbA-JDDw3ZSPqU1dUgz9wk00RahPTwNDdY5aVjdQ5N4N9Q-- <- @tiptap/extension-ordered-list 2.14.0
+ nodelite-2-QyXLSSd10GquX7hY0Mt4yQFMEeqnO5z-XLpbIr4PAkNNoQNKwDyiSrx4yd749WddusH1v3OSiA0NRAYmH-APpQ-- <- @changesets/config 3.0.5 (3.1.4 is available)
+ nodelite-2-QZ1d4xoBHYUeuouhEq3lk3Uq7ldgyFXGBhg04-oRLnIz8o9T65Eh-8YdroUwn846zchkA9yDsDl5CVVaV2nqYw-- <- lodash.snakecase 4.1.1
+ nodelite-2-QzliNJq4GinDBcD8gPB5v0wh6g8q3SUi6EFF0x8N-BL9PoVs0atuGc47ozMRyOWAKdwaZ5OnbOEa3WR-dSGKuQ-- <- eslint-plugin-react-hooks 4.6.2 (7.0.1 is available)
+ nodelite-2-QZqem4QuAnAyzfz-Gj5--SLxqwCAw2qmt7732ZXodr6VDWGeYLG6w1i-vYLa55JQM9wRuBKLmXmiZ2P0LtE5rw-- <- @lifeomic/attempt 3.1.0
+ nodelite-2-R3pbpkcIqv2Pm3dUwgjclDRVmWpTJW2DcMzcIhEXEx1oh-CEMObMm3KLmRJOdvhM7o4uQBnwr8pzRK2sJWIqfg-- <- has-bigints 1.1.0
+ nodelite-2-R4nPAVTAU0B9D35-Gk3uJf-7XYbQcyohSKdvAxIRSNghFl4e71hVoGnBNQz9cWaXxO2I10KTC-3jMdvvoKw6dQ-- <- p-try 2.2.0
+ nodelite-2-R772oj3NHPkodOSRZ9bBVNq224DOxQtNef5Pl8l2M8ZnkkzQfeSTr4uxawV2Sd3ui05dUVzvLNnzenDBO1KBeQ-- <- @commitlint/to-lines 19.5.0 (20.0.0 is available)
+ nodelite-2-R79ZZ-0wAxKGu3oYMlz8jy-kbhsNrS7SKZ7PxEHBgJ5-F2mtFW2fK2cOtBh1cHYkQsbzFV7I-EoRKe6Yt0oK7A-- <- p-locate 4.1.0 (6.0.0 is available)
+ nodelite-2-R7AM4YnbxN1Joj1tMfCyBryOC5aNJBdxadTZkuqtWi3Xj0kMdutq16XQwuoGbIzL2Pk62TALV1fZDCv36-JhTQ-- <- @commitlint/message 19.5.0 (20.4.0 is available)
+ nodelite-2-R7uiTjECzvOsWSfdM0QKFNBVFcK27aHOUwdvK53BcW8zqnGdYp0Fbj82cy54-2A4P2tFM22J5kRfe1R-lM-1yg-- <- resolve-dir 1.0.1
+ nodelite-2-R8gLRTZeyp03ymzP-6Lil-28tGeGEzhx1q2k703KGWRAI1VdvPIXdG70VJc2pAMw3NA6JKL5hhFu1sJX0Mnn-A-- <- @jridgewell/set-array 1.2.1
+ nodelite-2-RbJ5-jmFcNNCcDV5o9eTnBLJ-HszWV0P73bc-Ff4nS-rJj-YaS6IGyiOL0VoBYX-l1Wrl3k63h-KrH-nhJ0XvQ-- <- graceful-fs 4.2.11
+ nodelite-2-RdJUflcE3cUzKiMqQgsCu06FPu9UdIJO0beYbPhHN4k6apgJtifcoCtT9bcxOpYBtpD2kCM6Sbzg4CausW-PKQ-- <- js-tokens 4.0.0 (9.0.1 is available)
+ nodelite-2-Rfkk-Mp-DL7JVje3u18FxFujQlTNR2q6QfMSMB7AvCBx91NGj-ba3kCfza0f6dVDbw7YlRf-nDrn7pQrCCyQ-w-- <- estree-walker 2.0.2 (3.0.3 is available)
+ nodelite-2-RGdgjQUZba5p6QEFAVx2OGb8rQDL-cPRG7GiedRzMcJ1tYnUANBncjbSB1NRGwbvjcPeikRABz2nshyPk1bhWg-- <- @types/mdurl 2.0.0
+ nodelite-2-RGwwWnwQvkVfavKVt22FGLw-xYSdzARwm0ru6DhTVA3umU5hZc28V3kO4stgYryrTlLpuvgI9GiijltAjNbcqA-- <- debug 4.4.3
+ nodelite-2-RHxMLp9lnKHGHRng9QFhRCMbYAcVpn69smSGcq3f36xjgVVWThj4qqLbTLlq7Ssj8B-fIQ1EuCEGI2lKsyQeIw-- <- isexe 2.0.0 (3.1.1 is available)
+ nodelite-2-RjhtfwJOxzcFmNOi6ltcbcu4Iu-FL3zEj83dk4kAS-fVpTxXLO1b38RvJgT-0QwvV-L3aY9TAnyv0EOqW4GoMQ-- <- path-exists 5.0.0
+ nodelite-2-RJlIHRueQgwWitWgF8OdFYGZX328Ax5BCemNGlqHfplnRT9ESi8JkFlvaVYbS-UubVY6dpv87Fs2u5M29iNFVQ-- <- @babel/code-frame 7.26.2 (8.0.0-beta.0 is available)
+ nodelite-2-RJRdvCo6IAnPdsvP-7m6bsQqNnn1FCBX5ZNtFL98MmFF-4xAIJTIg1YbHW5DC2W5SKZanrC6i4HsJqlajw-dZw-- <- set-proto 1.0.0
+ nodelite-2-RkhPPp2zrqDAQA-2jNhnztcPAlv64XdhIp7a7454A5ovI7Bukxgt7MX7udwAu3zg1DcpPU0rz3VV1SeaqvY4-A-- <- @nodelib/fs.stat 2.0.5 (4.0.0 is available)
+ nodelite-2-RKtWF8pGmS87i2D6gqQu-l7EYRlVdfzemCJN-P3UOs--x1QE7mfhvzHIApBTRf7axvT6DMGwSwBXYCT0nfB9xw-- <- is-data-view 1.0.2
+ nodelite-2-RMtmw0iFkeR4YV-fUOSucriAQNb9g8zFR52MWCtl-cCZOFRNL6zeB395vPzFhEjjn4fMxXudmELnl-KF-WrK6w-- <- confbox 0.1.8 (0.2.2 is available)
+ nodelite-2-RNJUIQH-J8iA-1NzlE4N7KtyZNHi3w7at7hDjvRNm5rcUXa00z1vRz3glZoULfJ5mpvYhLybmVcwcjGrC1pRrQ-- <- @webassemblyjs/wasm-edit 1.14.1
+ nodelite-2-RNxQH-qI8-t3thXJDwcstUO4zeqo64-Uy--sNVRBx4Xn2OX-OZ9oP-iJnNFqplFra2ZUVeKCSa2oVWi3T4uVmA-- <- thenify-all 1.6.0
+ nodelite-2-ROjNchA9LgfNMTTFSIWPzebCwOGFdgkEq45EnvvrmSLvCtAw0HSmrCs7-ty-wAeYUZyNay0YMUNYFTRL72PkBQ-- <- conventional-changelog-angular 7.0.0 (8.1.0 is available)
+ nodelite-2-RpPp0asT-6ufRm--AJVwpViZbGM-MkjQFxJccQRHmISF-22NBtsHqAWmL--pmkPWoIUJdWyeVleTl1wydHATVQ-- <- character-entities-legacy 3.0.0
+ nodelite-2-RRECPsj7iu-xb5oKYcsFHSppFNnsj-52OVTRKb4zP5onXwVF3zVmmToNcOfGC-CRDpfK-U584fMg38ZHCaElKQ-- <- color-convert 2.0.1 (3.1.2 is available)
+ nodelite-2-RS-jZcRdZdRFzMyr-wcsaqOmld1-EqTghfaBGQQd-WnRdzdlvSZ--kF7U8VQTxf1ynZ4cjUcYgjVGx13ewNPMg-- <- @babel/helper-plugin-utils 7.26.5 (8.0.1 is available)
+ nodelite-2-Rs66F0P-1kedk5lyYyH9uBzuiI-kNRmwJAR9quK6VOtIpZ2G-hMZd-HQbbv25MgCA6gEffoMZYxlTod4WcdrKA-- <- string.prototype.trim 1.2.10
+ nodelite-2-RSn9F68PjH9HqtltsSnqYC1XXoWe9Bju5-213R98cNGttag9q9yAOTzdbsqvIa7aNm5WffBZFpWYr2aWrklWAw-- <- object-hash 3.0.0
+ nodelite-2-RVCsMfuD0-cTt3EwX8hSl2Ks56EbFHWmhluwcqoPKtBnfjiT6olaq7PRIRfhyU8nnC2MrnDrBLfrD-RGE-cVXQ-- <- terser-webpack-plugin 5.3.11 (5.6.1 is available)
+ nodelite-2-RvEsa3W-NCqEBMtnoE09GRVelA3IqRcKaijEiM6CEGsD19qLurf0HjrYMHwOqImOszlLL0ja63DPJeeU4pm7oQ-- <- zod-package-json 1.1.0 (1.2.0 is available)
+ nodelite-2-RvwtGe3d7LvWiDQXeQw8p5asZUmfU1G-l6WbUXeHta7Y2PEIvBTwH6E2EfmYUK8pxcxEdEmaomqyp0vZZ7C-3Q-- <- regjsgen 0.8.0
+ nodelite-2-RVZSIV5IG10Hk3enotrhvz0T9em6cyHBLkH-YAZuKqd8hRkKhSfCGIcP2KUY0EPxndzANBmNllzWPwak-bheSw-- <- thenify 3.3.1
+ nodelite-2-RWmIqhcFf1lRYBvNmr7qTNuyCt-7-ns2jbpp1-PalgE-rDQcBT0fioSMUpJ93irlUhC5hrg4cYqe6U-0ImW0rA-- <- devlop 1.1.0
+ nodelite-2-RXV6QAzTBbhDMO9fWwOmwwTuYaiPbggWQ9INdZqAYeSHyG7FzQ-nOZaUUjNwKv9pV3aE4WFqFm1Hnbci5tBCAw-- <- @babel/plugin-transform-async-generator-functions 7.25.9 (8.0.1 is available)
+ nodelite-2-S-bXlc0ODQup6aiBbWVsX-eM-xJgCTAfMq-nLqaO5ID-am4wS0tTCIkzwytmao7ypEtjj39i7YbJjAgO20mIqA-- <- prosemirror-menu 1.2.4
+ nodelite-2-S48WzZW777zhNIrn7gxOlISNAqi9ZC-uQFnRdbeIHhZhCA6UqpkOT8T1G7BvfdgP4Er8gF4sUbaS0i7QvIfCWw-- <- npm-run-path 4.0.1 (6.0.0 is available)
+ nodelite-2-Saa1xPByTTq2gdeFZYLLo-RFE35NHZkAbqZeWNd3BpzppeVisAqpDjcp8dyf6uIvEqJRd46jemmyA4iFIeVk8g-- <- serialize-javascript 6.0.2 (7.1.1 is available)
+ nodelite-2-SaLBuwGm3MOViRq2ABk3eLoxwZELpH6zhl3FbAoJ7Vm1gofKx6El1Ib5z23NUEhF9AsGl7y-dzLe5Cw2AArGTA-- <- d3-shape 3.2.0
+ nodelite-2-Sb487aTOCr9drQVL8pIxOzVhafOjZN9UU54hiN8PU3uAiSV7lx1yYNpbNmex2PK6dSJoNTSJUUswT651yww3Mg-- <- lodash.once 4.1.1
+ nodelite-2-SbKbANkN603Vi4jEZv49LeVJMn4yGwsbzZworEoyEiutsN3nJYdbO36zfhGJ6QEDpOZIFkDtnq5JRxmvl3jsoQ-- <- is-extglob 2.1.1
+ nodelite-2-SEQu7vl8KjNL2eoGBLF3-wAjpsNfA9XMlXAYj-3EdaNfAlxKthD1xjEQfGOUhllCGGJVNY34bRr6lPINhNjyZw-- <- human-signals 1.1.1 (8.0.1 is available)
+ nodelite-2-SgHtMLoqaeeGnd2evZ849ZbACbnwQCIwRH57t18FxcXoZop0uQu0uzlIhJBlF-eWVzuce0sHeqPcDo-evVcg8Q-- <- vitefu 0.2.5 (1.1.1 is available)
+ nodelite-2-Sl-oMfMtAjWtlcZoj-5L-Q39MpEnVZ840Xo330WJWUvgyhNmLBLN7MsHn07s53nG-KImevWHSE6fEj4q-GihHw-- <- prosemirror-markdown 1.13.1
+ nodelite-2-SmmCYnOniSsAa9GqWOeLqc179lfr5TRu5b4QFDkbsrJ5TZjPJx85wtOr3zn-1dbeNiXDKGPbZ72IKbPhLXh-Lg-- <- conventional-commit-types 3.0.0
+ nodelite-2-SOSkfJDddaM7mak6cPEpswyTRnuRltl429hMraQEglW-OkovnCzsiszTmsrlY--qLFjCpQDFRvjdm2wA5pPm9w-- <- @babel/plugin-proposal-private-property-in-object 7.21.0-placeholder-for-preset-env.2 (7.21.11 is available)
+ nodelite-2-SRJ4jYmXRqV1-Xc-TIVG84WjHBXKlxO9sHQnA2Pf12QQEAp1LOh6kDzNHXcUnbH1QI0FDoPPVOt-vyUDucxpaw-- <- @babel/parser 7.26.5 (8.0.4 is available)
+ nodelite-2-SW13ws7BjaeJ6p7Q6CO2nchbYEc3X3J6WrmTTDto7yMPqVSZTUyY5Tjbid-Ab8gLnATtygYtiDIJGQRRn2ZOiA-- <- locate-character 3.0.0
+ nodelite-2-SWnL4bP8Mm-mWN42AMQNoqYE0V6LgSBTVsHwwAki2wIUQdr9HyoAnohvHy3IME56NMwoyZyo-Mzl45wOqUxziA-- <- @tiptap/extension-bullet-list 2.14.0
+ nodelite-2-SXM8Nwyys6nT5WP6pltOwKytLV7FqQ4UiibxVmW-EIosHcmCqkkjViTb5SNssDlkCiEYRP1-pdWUKVvZBmsR2Q-- <- is-weakref 1.1.0 (1.1.1 is available)
+ nodelite-2-T7JQa-zsXXEa6-8ZhHcQEW1UFfVM49Ts65uBkFL6fz2QmrElqmbajIDJvuA0tEhRe5eIjpV9ZF-0RfZR9voJFQ-- <- blob-util 2.0.2
+ nodelite-2-TbX3mj8n0odCBFVlY8AxkqcHASw3L60jIuF8jFP78az3C2YhmGvqbHBpAjTRH2-xqYunrJ9g1jSyjCjpoWzIAA-- <- which-boxed-primitive 1.1.1
+ nodelite-2-TghWKV9pJTd-N-IgAIVJtr0qZkB7FfFCUrrEJc0aRmZupo3D1OCVRknQWVRVA7AX-M0Ld7QfoAruPzr3CnUJuw-- <- shiki 1.29.1 (3.22.0 is available)
+ nodelite-2-TjS3HLPsLsxFPQj6jou8-CZFAmOP2y-6V4PGYt3ihbQKTY1Jnv0QG28WRKl-d1ha6zLODPZqsxLEov52dhR9BQ-- <- @commitlint/read 19.5.0 (20.4.0 is available)
+ nodelite-2-TkDY3Gw52gRFRfRn2f4wJv5WOgAOXLJA2CQJYIJ5-kdFbfj3acR4JUW6LX2e1hiEBiUwvEhzH5a3cZ5YSztpIA-- <- prosemirror-tables 1.6.4
+ nodelite-2-TlprrJ1GBZ3r6s96Yq8gEQv82s8-5HnCVHtEJScUj90thHQbwe-E5MLhi2bbNHBEJuzrvltXSru-BUxHDoog7Q-- <- @babel/plugin-transform-numeric-separator 7.25.9 (8.0.1 is available)
+ nodelite-2-TnbFSbcOCcDgjZ4piURLCbJ3nJhznVh9kw6F6iokjiFPl8ONxe9A6nMDVXDiNbrSfLILs6vB07F7wLBrwPYzJw-- <- watchpack 2.4.2 (2.5.2 is available)
+ nodelite-2-TpDyTDDTdqWIJixV5sTA6OQ0P0JfIIeK2tFRR3q56G9LK65ylAZ7z3KyBXokpvTTJ-mLUXQXbLNyVkjvnTLE-A-- <- emojibase-data 15.3.2
+ nodelite-2-TS-9KG2CdGXS27S-QxbZXgr8uPsP4yNJYb4BC2-NeFUj80Rni3TeD2qwWmabymxmrLo7JEsytXH1FbpKTbvivw-- <- @changesets/parse 0.4.0 (0.4.3 is available)
+ nodelite-2-TtpcNJ3XAzx3Gq8sWRzJaVajRs0uVxA2YAkdb1jm2YkPz4G6egUFAyA3n5vtEIZefPk5Wa4UXbKuS5fKkJWdgA-- <- escape-string-regexp 4.0.0 (5.0.0 is available)
+ nodelite-2-TvAWxi0nDe1j-rtMcWcIj94-Ffe6n7zhow33h40SKxmsmozs6dz-e-EajymfoFcHd7sxNn8yHM8839uixMOV6g-- <- orderedmap 2.1.1
+ nodelite-2-TwuEnCnxbc3rAvhf-LbG7tJUDzhqXyFnv3dtzLOPgCG-hODL7WFnsbwktkD7yUV0RrreP-l1PALq-YSg6VvjlA-- <- lodash.camelcase 4.3.0
+ nodelite-2-Txsm1tJvtiYeLUVRNqxZGKR-mI-CzuIQuc2gn-YCs9rMTowpNZ2Nqt53JdL8KF9bLhAf2ruR-dr9eZCwdTriRA-- <- @sveltejs/vite-plugin-svelte 3.1.2 (4.0.0-next.6 is available)
+ nodelite-2-TYOanM3wGwNGsZN2cVTYPArw454xnXj5qmWF1bEoAc4-cU-ol7GVh7odevjp1FNHduHc3KZMcFduxU5Xc6uJRQ-- <- p-limit 3.1.0 (7.2.0 is available)
+ nodelite-2-TyWI8G99GX9GjE54cJ-RrNMcIFBfwMPxc3XTFiAYGN4s10hWROGtOg7-O6u6LE3mNkyld7RSLE6nrKBvTfcs3g-- <- listr2 3.14.0 (9.0.5 is available)
+ nodelite-2-U-3p8X1yCSoKyUj2eOBIx3FOn6pElFOKvAAGf8HTtItuPyB-ZeOqfn-mvTtg9ZlOAjsPdK3ayQEjqHjU-yLeVQ-- <- @babel/plugin-transform-new-target 7.25.9 (8.0.1 is available)
+ nodelite-2-U3vEDB5zhYPNfxT5TYR7u01dboFZp-HNpnGhkDB2g-2E4wZ-g1Q9Ton8UwCLfRV9yAKyYqDh62oHOamvkFxsvw-- <- eslint-plugin-simple-import-sort 7.0.0
+ nodelite-2-U466fIzU5U22eES5lTNiNbZ-d8dfcHcssH4o7QsdWaCcRs-feIPCxKYSWkYBNs5mny7MvEfwpTLWjvbm94hecw-- <- cz-conventional-changelog 3.3.0
+ nodelite-2-U56GMYxy4ZQCbDZd6JuvvNV-WFildOjsaWD3Tzzvmw-mas3cXzRJPMjP83JqEsgSbyrmaGjBfDtV7KDXV9UzFQ-- <- @webassemblyjs/helper-api-error 1.13.2
+ nodelite-2-U7VdrJFnJgo4xjrHpTzu0yrHPGImdsmD95ZlgYSEajAn2JKzDhDTPG9kBTefmObL2w-ngeZnilk-OV9CG3d7UA-- <- commander 6.2.1 (9.5.0 is available)
+ nodelite-2-U8bCywf-Gh07O69RXo6dXAzTtODQrxaHGHRI7Nt4ipXsuq6EMxVsOP-jjaP43YtXz-ibESS0uSVDN3sOGCzSmw-- <- iframe-resizer 4.4.5
+ nodelite-2-U9nH88a3fc-ekCF1l0-UP1IosiuIjyTh7hBvXVMHYgVcfGvt897Xguj2UOLDeI5BG2m7-uwyaLVT6fbtCwTyzw-- <- reusify 1.0.4 (1.1.0 is available)
+ nodelite-2-UC2I2-nx1ZuOBclWVNdcnbDR5dlrOdVb7xNjmT-lHE-LsgztWks3dG7boJ37yTS-venXw84B-mAW9uHVoC5QRg-- <- find-node-modules 2.1.3
+ nodelite-2-UcjcJOWknrNkF6PLX83qcHM6KHgVKNkV62Y8a5uYDVv9ydGQVwAHMKqHdJje1VTWpljG0WYpCDhrCdAOYH4TWg-- <- split2 4.2.0
+ nodelite-2-UEZIS3-by4OC8vL3P2dTXRETpebLI2NiI5vIrjaD-5UtrkFX-tNbwjTSRAGC--7CAo2pIcBaRgWmcBBHcsaCIw-- <- package-json-from-dist 1.0.1
+ nodelite-2-UfoeMA6fIJ8wTYFEUjelnaGI67v6-N7qXJEvQuIGa99l4xsCruSYOVSQ0uPANn4dAzm8lkYPaKLrrijLq7x23w-- <- is-core-module 2.16.1
+ nodelite-2-UG6OvdI5afDIFP9w4G0mNq50dSOsXHJaRE8arAS5o9ApWnIElp8GZw1Dun8vP8OyHOZ-QJUKUJwxiiCCnUwm-Q-- <- d3-dsv 3.0.1
+ nodelite-2-UjgapumWlbMhkBgzT7Ykc5YXUT46F0iKu8SGXq0bcwP5dz-h0Plj6enJqjz1Zbq2l5WaqYnrVbwWOWMyF3F47g-- <- source-map 0.6.1 (0.8.0-beta.0 is available)
+ nodelite-2-UNopramDEhHJD-VR-ehk8rOslwSfByxPIZyJRfV739NDhN5LF1fa1MqnzKm2lGTQRjNrjK19Q5fhkgIfjlVUKw-- <- human-id 1.0.2 (4.2.1 is available)
+ nodelite-2-UOiS2in6-Q0FK0R0q6UY9vYpQ21mr-Qn1KOnte7vsACuNJf514WvCCUHSRCPcgjPT2bAhNIJdlE6bVap1GKmeg-- <- extendable-error 0.1.7
+ nodelite-2-UOShsPwz7NrMUqhR6t0hWjFduvOzbtv7toDH1-hIrfRNIDBnnBWd0CwJTGvTpngVlmwGCdP9-Zl-tVrDqcuYzQ-- <- scheduler 0.23.2 (0.27.0 is available)
+ nodelite-2-UPzNGhsSjHD3Veb0xO-MwvasGe8eMyNrR-sT9gR8Q3DhOQZirgKhhXv-8hVsI0QpPjR004Z9iFxoJU6in3uGMg-- <- @changesets/read 0.6.5 (0.6.7 is available)
+ nodelite-2-UrcABB-4bUrFABwbluTIBErXwvbsU-V7TZWfmbgJfbkwiBuziS9gxdODUyuiecfdGQ85jglMW6juS3-z5TsKLw-- <- @alloc/quick-lru 5.2.0 (5.3.0 is available)
+ nodelite-2-UsUk3byDzKd04EyoZ7U4DOlxQaD14JUKQl6-P7wiX4FNvUfm3XL246n9W5AmqwW5RSFJ27NAuM0iLscAOYUiGQ-- <- ufo 1.5.4 (1.6.4 is available)
+ nodelite-2-UT5EDe2cu2E-6O4igUr5PSFs23nvvukicWHx6GnOPlHAiiYbzNuCRQCuiUdHJQcqKalLKlrYJnjY0ySGsXNQXQ-- <- rope-sequence 1.3.4
+ nodelite-2-UTZQMvt0d-rSz6KI-qdu7GQze5TIajwTS--GUozlw8VBJDEOAqSXwm1WvmYEZwqdqSGQshRocPDqrt4HBZB3fQ-- <- @babel/helper-create-class-features-plugin 7.25.9 (8.0.1 is available)
+ nodelite-2-UVU9dibq2JcFWxQPA6KCqj5O42VOmAY3zQUfEKxU0KpTGXwNoCjkX1e13eHNvw-xPynt6pU0rZ1htjWTNTSXsg-- <- jsbn 0.1.1 (1.1.0 is available)
+ nodelite-2-UXSH262CSZY1tfu3G3Secr6uGLCFVPMhIqHjlgCUtCCcgihYc-xKs9djMTMUOb2j1mVSeU8EU6NWc-iQKU6Gfg-- <- string.prototype.trimstart 1.0.8
+ nodelite-2-UXWMKhLOwVKb728IUtQPXxfYU-usdybtUrK-8uGE8CQMvrhOpwvzDBwj0QhSL7MQc7vIsISBG8VQ8-IDQxpfQA-- <- source-map-js 1.2.1
+ nodelite-2-UyLnSehNt62FFhSwjZlHmeokpRK59rcz29j-F1-aDgbkbRTk7wIc9XzdoasMUbRNKDM0qQt--BJ4BrpFeABemw-- <- eslint-visitor-keys 4.2.0 (5.0.1 is available)
+ nodelite-2-V0hjH4dGPh9Ao5p0MoRY6BVqtwCjhz6vI5LT8AJ55H-4g9-4vbHx1I54fS0XuclLhDHArPQCiMjDxjaL8fPxhw-- <- entities 4.5.0 (8.0.0 is available)
+ nodelite-2-VaUJspBffn-LMCJVoMvSAdmscJyS1auj5Zulnn5UoYcY531UWmdwhRWkcGKnGU93m5HSXP9LP2usOryrBtQowA-- <- get-stream 8.0.1 (9.0.1 is available)
+ nodelite-2-VCjCNfgMsby3tTdo02nbjtM-ewra6jPHmpThenkTYh8pG9ucZ-1P8So4u4FGBek-BjpOVsDCMoLA-iuBKIFXRA-- <- side-channel-map 1.0.1
+ nodelite-2-VE5S6TNa-j8msksl7HwjxMHDM2yNK3XCkusIlpX5kwauBfXuyLAtNg9jCp-iHH61tgI4sb6R-EIMWCqEIdjT-g-- <- d3-chord 3.0.1
+ nodelite-2-VHwB3KfrcOOkelEG2ZOfxqLZdfkil8PtJi4P8N2MMXucZq2yLp75ClViUlOVwyoHEDjYU433Aq-5zWP61-RGag-- <- dom-serializer 1.4.1 (2.0.0 is available)
+ nodelite-2-VIMnQi-Z4HT2Fxuwg5KrY174U1VdUIASQVWXXyqtNRtxSr9IYkn1rsI6Tb6HsrHCmB7gVpNwX6JxPTHcH6IoTA-- <- read-yaml-file 1.1.0 (2.1.0 is available)
+ nodelite-2-VO9Ht--p3SN7SKWqcrgEzjGbRSJYTx-Q1pTQC0wrWqHx0vpJraQ6GtHx8tvcg1rlK1byhU5gccxgOgj7B0TDkQ-- <- buffer-crc32 0.2.13 (1.0.0 is available)
+ nodelite-2-VP79XUPxV2CigYP3jWwAUFSku2aKqBH7uTAapFWCBqutsbmDo96KY5o8uh6U--YSIn5OxJnXp73beVkpqMIGhA-- <- mimic-function 5.0.1
+ nodelite-2-VQ2MBenTq1fWZUH9DJNGti7kKv6EeAuYr3cLwxUWhIu1baTaXh4Ib5W2CqHVqib4-MqbYGJqiL3Zb8GJZr3l4g-- <- crelt 1.0.6
+ nodelite-2-VqKjzBLejbSMT4IgbmVgDjpkYrNWUYJnbCGo874u7MMKIWsILRX-OpX-gTk8MqjpT1A-c6HY2dCA77ZN0lkQ2Q-- <- d3-time 3.1.0
+ nodelite-2-VT0ZI6kZRdTh8YyJw3SMbYm-u-NqfsAxEpWO0Pf9sq8-e94WxxOpPKx9FR1FlyCtOVDNOQ-8ntlqFxiRc-r5qA-- <- ansi-styles 3.2.1 (6.2.3 is available)
+ nodelite-2-VW6Pxhsrk0KAOqs3WEd0klDiF--V7gQOpAvY1jVU-LHmaD-kQO4523aiJuikX-QAKYiW6x8Jh-RJej1almdtCA-- <- get-intrinsic 1.2.7 (1.3.1 is available)
+ nodelite-2-Vw8qHK3bZM9y-P10u3Vib8o-DdkvA2OtPtZvD871QKjy74Wj1WSKFILMPRPSdUSx5RFK1arlJzEtA4PkFgnbuA-- <- commander 12.1.0
+ nodelite-2-VWNjYaH74uQ8MFKkl80pTofojpEnTYSX2sgHyZmo1Lk1cKLHK25pMnWgAxPAMLQD5-RW-2PtZcK-j0Kfoe5lSQ-- <- @lexical/dragon 0.36.2
+ nodelite-2-VXJjc87FScF88uafS3JllDgvAm-c-Slfz06lorj2uAY34rlUu0Nt-v8wreiImcrgAjjIHp1rXpTDlLOGw29WwQ-- <- onetime 7.0.0
+ nodelite-2-VyhnebXciFV2DESc-p6B-y0LjSm0krU4OgJN44qFAhBY0TJ-1V61tYD2-wHusZ6F9n5K-vl8k0sTy7PEfV4qpg-- <- execa 8.0.1 (9.6.1 is available)
+ nodelite-2-WdmKtzXFcahQT3ShFDeHF6LCR5C8yvFCj3ImI09rZwICrYeonbMrzsBUxS1joBz0HQ-ufF9Tx-RxLvGWx6WxzQ-- <- @lexical/hashtag 0.36.2
+ nodelite-2-WFj2isz22JahUv-B788TlO3N6zL3nNJGU8CcZbPZvVEkBPaJdCV4vy5wyghty5ROFbCRnm132v8BScu5-1BQ8g-- <- eslint-import-resolver-node 0.3.9
+ nodelite-2-WiyBqoomrwMdFG1e0kqvASYfnlb0lp8M5o5Fw2OFq1hNZxxcNk8Ik0Xm7LxzBhuidnZB-UtBqVCgUz3kBOP51Q-- <- entities 3.0.1 (8.0.0 is available)
+ nodelite-2-WkCGb-3ZxXepmMiX101nnGiU-1CAdut8oHyEOHxkKuS1qKpU2SMXE2uSvfz8PBuLd49V6LEsbtyPhWC7fnkgvQ-- <- @babel/plugin-transform-destructuring 7.25.9 (8.0.1 is available)
+ nodelite-2-WkrWp9GR4KXfKGYzOLmTuGVi1UWFfws377n9cc55-tb6DuqyF6pcQ5AbiHEshaDpY9v6oaSr2XCDidGmMwdzIA-- <- dir-glob 3.0.1
+ nodelite-2-WNLf5Sd8oZxOm-TzppcYk8gVOgP-l58xNy58D0nbUnOxOWRWvlcCV4kUF7ltmI6PsrLl-BgKEyS4mqsGChFN0w-- <- nanoid 3.3.8 (5.1.6 is available)
+ nodelite-2-WOBp-EEGUiIsJSp7wcv-y6MO-lV9UoncWqxuFfm8eBwzWNgyfBd6Gz-IeKQ9jCmyhoH99g15M3T-QaVHFjizVA-- <- globals 11.12.0
+ nodelite-2-WOlXUhDDHxYqcSmFZis-xWhhqXiK2SU0iYiqmth5Ip0FHLZQAt9rKL5ahnilE8-86WH8tZ3bmNNNC-bTzamqlw-- <- is-emoji-supported 0.0.5
+ nodelite-2-WPs-bbQw5aCj-x6laNGWLH3wviHtoCv-P3-otBhbOhJgG8qtpdAMlTCxLtsTWA7LH1Oh-bFCHsBn0TPS5m30EQ-- <- @types/hast 3.0.4 (3.0.5 is available)
+ nodelite-2-WPS-HvHQTYnHisLo9McqBHOJk2FkHO-tlpvldyrnem4aeQp4hai3gythswg6p01oSoTl58rcpiFAjF2br2Ak2A-- <- side-channel-weakmap 1.0.2
+ nodelite-2-WqBUSgeVwucYDP9U-xNRQam7xV8W5Zf-6Eo7T2SRVUFlhRiMNFdFz58u0KZmCVVqs2i7SHgpRnAhzRNmKfi2uA-- <- @babel/plugin-transform-sticky-regex 7.25.9 (8.0.1 is available)
+ nodelite-2-WUj2qlxaQtO4g6Pq5c29GTcWGDyd8itL8zTlipgECz3JesAiiOKotd8JU6otB3PACgG6xkJUyVhboMS-bje-jA-- <- escalade 3.2.0
+ nodelite-2-WUjGcAqP1gQacoQe-OBJsFA7Ld4DyXuUIjZ5cc75cLHvJ7dtNsTugphxIADwspS-AraAUePCKrSVtPLFj-F88w-- <- pathe 2.0.3
+ nodelite-2-Wx0Kx52hxE7C18hkMEggYlEifqWZtYaRgouJor-WMdPnQyEK13vgEWyVNup7SoeeoLMsr4kf5h6dOW11I15MUA-- <- ajv-formats 2.1.1 (3.0.1 is available)
+ nodelite-2-Wy--sdEH9kI3w9civgACwabHbKl-qIOu0uFZ9IMKzX3Jpv9og0ZBJrZExGrPpFAY7rWsXuxs5e7CPPP17A4eYA-- <- @typescript-eslint/parser 8.21.0
+ nodelite-2-X7BJ2yElsnOJ30pZF4uIIDfBEVgF4XEBxL9Bxhy6dnrm5hkzqmsWHGTiHqRiITNhMyFLyAiWndIJP7Z1NTteDg-- <- dom-accessibility-api 0.5.16 (0.6.3 is available)
+ nodelite-2-Xa4Nw17FS9ApQFJ9umLiJS4orGjm7ZzwUrwamcGQuHSzDyth9boKDaycYdDcZDuqYATXw4HFXgaqWTctW-v1HA-- <- path-scurry 1.11.1 (2.0.2 is available)
+ nodelite-2-XCHRdUw4lf3SKBaJe4EvgqIuWwkPSo9XoeO8GjQW94Bp7TWv9hNhzZjZ-OH9yf1UmLygb7DIT5GSFQiyt16zYg-- <- katex 0.16.22 (0.16.47 is available)
+ nodelite-2-Xf0nWe6RseziFMu-Ap9biiUbmplq6S9-p-7w7YXP-JBHhrUDDUhwa-vANyubuqfZWTveU--DYVGsDG7RKL-vEw-- <- require-from-string 2.0.2
+ nodelite-2-XHPEwS0q6TaxcvG85-8EYkbiCux2XtWG2mkc47Ng2A77BQu9-DqIOJldST4HgPkuea7dvKSj5VgX3P1d4rW8Tg-- <- wcwidth 1.0.1
+ nodelite-2-XleUoc9uwGXqjWwXaUTZAmzMcFZ5858QA2vvx1Ur5xIcixXIP-8LnFDgRplU30us6teqdlskFfu-ae4K79Ooew-- <- type-check 0.4.0
+ nodelite-2-XmOWe7eyHYH14cLdVPoyg-GOH3rYX--KpzrylJwSW98t3Nk-U8XOl8FWKOgwtzdb8lXGf6zYwDUzeHMWfxasyg-- <- json5 2.2.3
+ nodelite-2-XnAIvQ8eM-kC6aULx6wuQiwVsnzsi9d3WxzV3FpWTGA19F621kwdbsAcFKXgKUHZWsy-mY6iL1sHTxWEFCytDA-- <- brace-expansion 2.0.1 (5.0.9 is available)
+ nodelite-2-XP8A9BT0CpRBD-NYLLeIhld-RqG9-gktUjW1FkE-Vm7OCinbG1SshcK5tb9ls4kzvjZr9mOQc7HYgBngEyPAXg-- <- react-refresh 0.13.0
+ nodelite-2-XpNj6GDQzdfW-r2Wnn7xiSAd7TM3jzkxGXBGTtWKuSXv1xUV-azxAm8jdWZN06QTQk-2N2XB9jRDkvbmQmcRtg-- <- bluebird 3.7.2
+ nodelite-2-Xs1hdnE-DyKgeHJeJznQmYMIBG3TKIHJJT95Q58nHLSrElKlGQqDTR2HQ9fx5CN-Gk6Vh-kupBTDLU11-nDk-g-- <- react-dom 19.1.0 (19.2.8 is available)
+ nodelite-2-XvcZi1KWf88RVbF9wn8MN6tYFloU5qX8KjuF3E1PVBmJ9eypXfs4GRiJwLuTZL0iSnJUKn1BFPa5BPZZJyFzPg-- <- @babel/compat-data 7.26.5 (8.0.0-beta.0 is available)
+ nodelite-2-Xwwo44whKBVCYoliBQwaPvtd-2tYFkRQtXDWj1nackaV2JPXx3L0-Jvd8-qCJ2p-ML0-XVkJ2q-Mr-UVdpJK5w-- <- highlight.js 11.11.1
+ nodelite-2-XxwI8EOhVQgWp6iDL-3b0r86f4d6AX6zSU55HfB4ydCEuXLXc5FcYeOu-nnGftS4TEju-11rt4KJPTMgbfmv4A-- <- glob-parent 6.0.2
+ nodelite-2-XY25y5xSv-wEoqzDyXXME4AFfkZI0P23z6Fs3YgymDnKJkCGOnkL0iTxCa85UTqaSgfcqyf3UA6-c7wUvx-16g-- <- autoprefixer 10.4.20
+ nodelite-2-Y-arvbn-rrz3JCKl9C4kVNfTfSm2-mEp5FSz5EsZSANGPSlQrpRI5M4PKF-mJnE52jOO90PnPSc3Ur3bTQw0gA-- <- ts-interface-checker 0.1.13
+ nodelite-2-Y38VPSHcqkFrCpFnQ9vuSXmquuv5oXOKpGeT6aGrr3o3Gc9AlVa6JBfUSOCnbxGGZF--0ooI7KrPuUSztUdU5A-- <- strip-ansi 6.0.1 (7.2.0 is available)
+ nodelite-2-Y3wQdFg2Va6etvQ5I82yUhGdsKrcYox6p7FfL1LbK2J4V01F9TGlepTIhnK24t7koZibmg82KGglhA1XK5IsLQ-- <- mrmime 2.0.1
+ nodelite-2-Y7Wt51eKJSyi80hFrJCePGGNo5ktJCslFuboqJsbf57CCPcm5zztluPlc4-aD8sWsKvlwatezpV4U1efk8kpjg-- <- array.prototype.flatmap 1.3.3
+ nodelite-2-YCS-JNFAUyr5vAuhk1DWm1CBxRHW9LbJ2ozWeemrIqpbsqKjHVxYPyi5GC0rjZIT5JxJ3virVTS8wk4i-Z-krw-- <- ajv-keywords 5.1.0
+ nodelite-2-Yd3UES5mWCSqR-qNT93S3UoYUkqAZ9lLg8a7g9rimsWmYGK8cVToA4-sF3RrshdyV3sAGMXVUmpMYOw-dLpOuw-- <- neo-async 2.6.2
+ nodelite-2-YJDaCJZEnBmcbw13fvdAM9AwNOJwOzrE4pqMqBq5nFiEqXUqHwlK4B-3pUw6JNvfSPtX05xFHtYy-1ni01eGCw-- <- fs-extra 7.0.1 (9.1.0 is available)
+ nodelite-2-YKBKVkKhty7s8rxddb40oOkuP0NbaeXrQvLin6QMHL7Ypiy2RW9LwOVrVgZRyOrhQlayMd9t-D8yDy8MKFTSDQ-- <- isbinaryfile 5.0.4 (5.0.6 is available)
+ nodelite-2-Yljz7ffyPbrLpLngrMtZ7NduUgVvi6wG9RJ9IUcyCd59YQ911PBJphODUcbOVbqYfxe1wuYf-LJ8PauMRwsM-g-- <- isstream 0.1.2
+ nodelite-2-YM053N-vTThzlWJ-AtPtF1j0ebO36nvbmDy4U7qA2XQB8JVaQp1FmB9Jhrps8s-z-uxhhVTny4m20ptUvhk0Mg-- <- prosemirror-model 1.24.1
+ nodelite-2-YsGpe3WHLK8ZYi4tWDg2Jy3ebRz2rXowDxnld4bkQB00cc-1Zw9AWnC0i9ztDJitivtQvaI9KaLyKrc-hBW0yg-- <- fill-range 7.1.1
+ nodelite-2-YTd-6wGlNlPxSuri7Y6X8tY2dmm12UMH66RpKMhiX6rsk5wXXnYgbUcOt8kiS31-AjfoTOvCsE-w8nZQLQnzHA-- <- call-bound 1.0.3 (1.0.4 is available)
+ nodelite-2-YVGIj2kamLSTxw6NsZjoBxfSwsn0ycdesmc4p-Q21c5zPuZ1pl-NfxVdxPtdHvmNVOQ6XSYG4AUtyt-Fi7D16Q-- <- wrap-ansi 7.0.0 (9.0.2 is available)
+ nodelite-2-YY--yxqTmk29--pK-Wi1UB4DUH3lSVgIm-M10rAJ74pOSMgT7rydMSc-vFuq9LjZLhFvVEXir8EcqMke3SVM6Q-- <- @vitest/pretty-format 4.0.7
+ nodelite-2-YyUI6AEuY-Wpt8KWLgZHsIU86atmikuoOmCfommt0LYHiQSPjvX2AcFc38PX0CBpr2RCyZhjex-NS-LPOv6YqA-- <- d3-format 3.1.0 (3.1.2 is available)
+ nodelite-2-YyZM99iHrqLKjmt4LJDj58KI-fYyufRLBSYcqycxf--KpBk9FoewoGX0450m9nB44qrZnovzC2oeP5hUibxc-g-- <- find-up 7.0.0
+ nodelite-2-YZo3K82SD7Riyi0E1EQPojLz7kpepnSQI9IyPbHHg1XXXevb5dJI7tpyN2ADxGcQbHG7vcyRHk0cbwqcQriUtg-- <- safer-buffer 2.1.2
+ nodelite-2-Z1bKAfHl14quRI3McmdU-bs675jp6-iexEQTI9M9oHa6l3McFF38g9N3xRpPPX02MX83DghsUPupndUW-yJvEQ-- <- @tiptap/starter-kit 2.14.0
+ nodelite-2-Z4XaCL6dUDHfP-jT25jJKMmtxvuwbkrD1vNSMFlo9lNLY2c5FHYSQgHPRZUjAB26TpDEoW9HCOgplrdbaPV-ew-- <- fs-extra 11.3.0
+ nodelite-2-Z7tMw1ytTXt5jqMcOP-OQteU1VuNK9Y02uuJtKQ1Sv69jXQKKg5cibLwGJow8yzZP-eAc18EmLGPal0bp36rvQ-- <- astral-regex 2.0.0
+ nodelite-2-ZBxxZ5sL2HghephhpGAQdoskxplTwr7ICaehZwLIlfL6acuVgZPm8yBNuRAFBGEqtD-hmUeq9eqLg2ys9Xr-yw-- <- p-filter 2.1.0 (4.1.0 is available)
+ nodelite-2-ZClg6AaYvamvYEE82d3Iyd3vSSIjQ-odgjaTzRuO3s7toCdFKczob2i0zCh7JE8kWn17yvAWhUVxvqGwUalsRA-- <- json-stringify-safe 5.0.1
+ nodelite-2-ZDY-bPm5zTTF-YpCrAU9nK0UgICYPT0QtT1NZWFv4s--TNkcgVaT0g6-4R2uI4MjQjzysHB1zxuWL50hzaeXiw-- <- mime-types 2.1.35 (3.0.2 is available)
+ nodelite-2-ZMERYes6pDydyuGidse7OsHxtbI7WVeUEozgR-g7rd0xUimYNlvZRE-K2MgZTjWy725IfelLeVcEM97mmtRGXw-- <- is-binary-path 2.1.0
+ nodelite-2-ZOJ46sMOKUjO3e94wPdCzQ6P1Lx-vhp2RSvfaab88Ajexs0AHeV0uasYhi99WPaogmBlRHNRuly8xV75cNTMDA-- <- @vue/compiler-dom 3.5.13 (3.5.27 is available)
+ nodelite-2-ZPMl0ZJbw74iS9LuX9YIAiW8pfM5p3yh2o-NbXHbkFuZzY5jvdi5jFycEOkmBW5H5I7nA-D6f3UcsCLP2vvSEA-- <- conventional-commits-parser 5.0.0 (6.2.1 is available)
+ nodelite-2-ZUKRh6-kUFoAiTAtTYPZJ3hw9wNxx-BIBOijnlG9PnrJsCcSjs1wyyD6vJpaYtgnzDrKYRSqf3OO6Rfa93xsRg-- <- gopd 1.2.0
+ nodelite-2-ZX99e6tRweoUXqR-VBrslhda51Nh5MTQwou5tnUDgbtyM0dBgmhEDtWGP-xbKn6hqfPRHujUNwz5fy-wbbhnpw-- <- side-channel 1.1.0 (1.1.1 is available)
+ nodelite-2-ZZKSmDAEFOijERBLkmYfJ-vmk3w-7hOLYDNkRCuRuMJGEmqYNCNLyBBFwWKVMhfwaEF3WOd0Zlw86U-WC--nYw-- <- verror 1.10.0 (1.10.1 is available)

Done in 1.3s
