Progress: resolved 1, reused 0, downloaded 0, added 0
Packages: +251
++++++++++++++++++++++++++++++++++++++++++++++++++++++++++++++++++++++++++++++++
Progress: resolved 251, reused 1, downloaded 249, added 250
Progress: resolved 251, reused 1, downloaded 250, added 251, done

dependencies:
+ nodelite-2-Qa8Zj-EAqA0VlAVvxpRnpBpIWJI9KUwaioY1vkeNVwXPlNaz9y9zCKVM9iU9OZ5HXpoUg6TnhATAHXHAE8-QsQ-- <- @aws-sdk/middleware-recursion-detection 3.948.0 (3.972.2 is available)
+ nodelite-2-QaKxh0eNIi2mE9p2vEdzfagOKHCcj1pJ56EEHGQOVxp8r9-iszLUUV7v89x9O1p-T-NlTM5W7jW6-cz4Fq1YVg-- <- whatwg-mimetype 4.0.0 (5.0.0 is available)
+ nodelite-2-Qb1gy5OrP5-zDf2Bvnzdl3jsTf1qXVMazbvCoKhtKqVs4-YK4ozX4gKQJJVyNe-cajNPn0KoC0MC3FUmaHWEmQ-- <- pretty-format 27.5.1 (30.2.0 is available)
+ nodelite-2-QcKuUU-dgNsstIK6HELFRT5Y3lbrMLEOwG-A4s5cA-fx3A3y-JTq3X9LaOj3OC3ALH0XqyrgQIgey-MIZ8Wczw-- <- postcss-focus-visible 6.0.4 (9.0.1 is available)
+ nodelite-2-Qd8eBPkUFL4eAONgGjycZXj1jFCBW8Fd-xF0PzdTlBCWQIV1xnUT7B93wUANtW3KGjl3TRcOyxwSx-u-jyKw-Q-- <- @swc/core 1.15.3
+ nodelite-2-QeoM-i73HHu2XF9aKksIUuamHPDvRglEwdHL4jsp784BgUuWcg6mzfxT0QDdQz8Wj0qyRKx2eMg8iZtWvU4E2Q-- <- react-dnd 16.0.1
+ nodelite-2-QfAUtd-vFdAtFQcC8CCyYt1fYWxSqAiK2cSD6zDB8N3cpsEBAvRxp9zOGg6G-SHHJYAT88-az-IuDGALsNVbGg-- <- color-convert 1.9.3 (3.1.2 is available)
+ nodelite-2-QgD4fyscGcbbKwJmqNvUMSE02OsHUa-lAWKdEUIJKgqe5IwRSKd7-KhibEWdaKwgjLj0DRSHA9biAIqGBk05lw-- <- @emotion/is-prop-valid 1.4.0
+ nodelite-2-QgT5--D3jfjJb6Gsjxv0Slpj23ip-HtOpnNgnb2S5zU3CB26G-IDPGoy4RJB42wzFE46DRsstbW6tKHoKbhAxw-- <- react-refresh 0.18.0
+ nodelite-2-Qgzu8kfBvo-cA4962jnP1KkS6Dop5NS6g7R5LFYJr4b8Ub94PPQXUksCw9PvXoeXPRRddRNC5C1JQUR2SMGtnA-- <- chokidar 4.0.3 (5.0.0 is available)
+ nodelite-2-Qik0o-DSy741TmkqmRfjq-0xpZBXi-Y6-fXZLn0xNF1z-waFMbE3rkivv5Zcf9RrMUp6zswf2J7sbh2KBlba5A-- <- valtio 1.13.2
+ nodelite-2-Qj00p60oNExthP2oR3vvXmUGjukij-rxJGuiaKM6tyUmSyimdZsqHI-TUvFFClAffk9s7hxGnQgWQ8KCce27qQ-- <- codesandbox-import-util-types 2.2.3
+ nodelite-2-QjCyu55NFyRSBAl6-MTFwplpFcnm2Pq01rR-uxfqJoLMm6X3O14KEGtaSDZpJYaE1bJBGDjD0eSuiIWPe2T58g-- <- tsc-alias 1.8.16
+ nodelite-2-QjrOsDXQusNwGZPf4-qRQasg7UFEj06XiCJ8iuiq-Io7CrHrgVi6Uuetw60WAMG1799v-aM8kyc-1L-GBbHSlw-- <- @rc-component/mutate-observer 1.1.0
+ nodelite-2-QjVjwdXIt408MIiAqCX4oUKsgU2EqAGzs2Ppkm4aQYbjm-ZEWEcW4SfFNTr4uMNZma0ey4f5lgLrkB0aX0QMow-- <- supports-color 5.5.0 (9.4.0 is available)
+ nodelite-2-QlN0RJSBVQBwLRNxbxjQ5qzqYIGn-K7USppMoIOVlf7fxXHsnQZ2bEsa6Pm74bt6DVQxpUE8HqvdStn6Y9FV1w-- <- @umijs/use-params 1.0.9
+ nodelite-2-QlZ5yJC0VxHxQQsQhXvBaC7VRJ2uaxTf-Tfpu4Z-OcVQJVpZO-DGU0rkoVW5ce2SccxugvpBJoMvUs59iILYdw-- <- file-selector 0.6.0 (2.1.2 is available)
+ nodelite-2-Qp8WbZOBe-blgpuUT-lw2xheLP8q0oatc9UpmiemEICxGvFLYmHm9QowVZGHtJlGbS6A6yJ3iViad-2cVjnOiA-- <- @radix-ui/react-use-effect-event 0.0.2
+ nodelite-2-QQnnxNyfvmHFIsj7gkPcYymR8Jdw-o7mp5ZFihxn6h8Ci6fh3Dx4E1gPjpQEpIuPo9XVNY-ZUwh4BPMjGyL01g-- <- ini 4.1.1 (6.0.0 is available)
+ nodelite-2-QQt9qKHZ2sg-kivaLr7lnQr8HVrQDdBNSfCsTjiDxRuX-K5ORyKq-Bu8Xr0cDE3Dfkv0cw28Ve0EKyKMvulkOw-- <- @babel/plugin-bugfix-v8-spread-parameters-in-optional-chaining 7.29.7 (8.0.1 is available)
+ nodelite-2-QRbvDIbx6YklUe6RxeTeleMR0yv3cYH6PsPZHcnVn7xv7zO1BHN8r0XETu8n6Ye3Q-ahtSarc3WgtNWmehIBfA-- <- get-east-asian-width 1.6.0
+ nodelite-2-QrWXB-ZQSVPmIWIhtEO9H-gwHaMGYiF5ChvoJ-K9ZGHG-sVsa6yiesAD1GC-x46sET00Xlwo1u49RVVVzvcSkw-- <- commander 7.2.0 (9.5.0 is available)
+ nodelite-2-Qteup0SqU15kdocexFNAJMvCJEfa2xUKNV4CC1xsVMrIIqEy3SQ-rqyxCWNzfrd3-ldy6HMlD2e0JDVpDg2qIA-- <- eslint-plugin-react 7.37.5
+ nodelite-2-QTHzsGd1EhbZs4AsQ20JX1rC3cOlt-IWJruk893DfLRr57lcnOeMaWG4K0JrRta4mIJZKth2Au3mM3u03-JWKw-- <- vfile-message 4.0.3
+ nodelite-2-QtxqyclFeAsxEUeZIYmsaQ0UjimSq1RZ9Un7I68-0ClKK-U3LoyQunwkQfJZr2fc22DfIXLNDc2wFyTEikCUpg-- <- swr 2.2.5 (2.5.1 is available)
+ nodelite-2-QTYuDesS0VtuHNNvMh-CjlKJ4LJickCMUAqjlE3-j8w-RlRpwyX3apEQKGFzbZGdo7XNG1tXa-bQqIE7HIXT2w-- <- @radix-ui/react-use-rect 1.1.1
+ nodelite-2-QU6JKr1tMsry22DXNy9Whsq5rmvwr3LSZiiWV-9-DFpuTWvp-WFhobWMc8TC4OjKFfNhEZy7mOiqUAn5atQtug-- <- relay-runtime 12.0.0
+ nodelite-2-QUHBFTJGdOwmp0tbOG505xAgOp-YliZP-6UgafFXYZ26WT1bvQmSMJUvkeVSASuJJHbqsFbynTvkd5W8RBTipg-- <- trim-repeated 2.0.0
+ nodelite-2-QUhQ9ivQ8Gy7mtMZPAjLbxBt5y9GRp65VcUyGUMF3N3fhiftivPHdpuDIaWIMOTEprAjZPC08bls1dQB-I1F2Q-- <- rc-rate 2.13.1
+ nodelite-2-QUNFEOPELfmvv-4xiNg2sRYeS-P84pTW0TCgP5zc9FpXetHY0ab7SxKyAQCNCc1eK0459uoLI1y5oO5Vc1dbhA-- <- micromark-util-chunked 2.0.1
+ nodelite-2-QVb0dM5HvG-uaxitm8wONl7jltx8dqhfU33DcqtOZcLSVIKSDDLDi7-0LbAKiyI8hD9u42m2YxXSkMGWThaecQ-- <- co 4.6.0
+ nodelite-2-Qvxm8fpRMv-1zZR3sQWImeRK2mBYJji20xF51Fq9Gt--Ed18u0x6-FNLogLS1xhfUWTEmDyqveJqn95ltB6Kvw-- <- @types/json-diff 1.0.3
+ nodelite-2-QwiXZgpRcKkhTj2Scnn--4PKtWsH0kpzZ62L2R6c-LUVYv7hVnZqcg2-sMuT6R7Jusu1vviK-MFsu6kNJfWlEQ-- <- strict-uri-encode 2.0.0
+ nodelite-2-Qx7uEyahU1lt1RnsECBiuEbfr9INjQTGa6Err-gF3g0Tx4YEviPbqqGKNv-NrBaE7dVHdn1bVZKM-n5I-Bak7A-- <- micromark-factory-whitespace 1.0.0 (2.0.1 is available)
+ nodelite-2-QxD8cf2eVqJOOz63z6JIN9BzvVs-dlySa5HGSBH5xtR8dPteIRQnBxxKqkNTiT6jbDTF6jAfrd4oMcND9RGbQg-- <- big-integer 1.6.52
+ nodelite-2-QxMPqI6le2u0dCLyiGzgy92kjkkL6zO0XyvHzjdTNH3zM6e5Hz3BwG6-aEyNgiQ5Xz6PwTwgQEj3U50dByPKIA-- <- resolve-dir 0.1.1 (1.0.1 is available)
+ nodelite-2-QxNdO8qSxqbO2e3m09KwDKfWiLgqyCurdWTQ198NpbZ2hxntdc-VKS4fDJCmNWbAroUdYnSthu-XbZ8ovh8C3w-- <- mdast-util-footnote 0.1.7
+ nodelite-2-QY6S-hZ0f5m1WT8WffYN-Hg-xm-w5I8XeUcAq-ZYP5wVC8xbKi4Whhru3FtrAebD5EhBW8rmFzkDI6eCAuFe2w-- <- html-tokenize 2.0.1
+ nodelite-2-QZ1d4xoBHYUeuouhEq3lk3Uq7ldgyFXGBhg04-oRLnIz8o9T65Eh-8YdroUwn846zchkA9yDsDl5CVVaV2nqYw-- <- lodash.snakecase 4.1.1
+ nodelite-2-QzdU3fj0Kzw2XSdoL15ExLASt2WPqD7FbLeaqwT70-XjKyTshBnUlQA5nNREO1C2P8Uen0CDjsBLMsCQ-zd0lw-- <- typedoc-plugin-markdown 3.17.1 (4.4.2 is available)
+ nodelite-2-QZjmEOC-IT1uk6Rx0sX22V6uHWVwbdbxf1faPqJ1QhLdGgsRGCZoyaQBm-piRdJy-D2um6hM1UP7ZEeQ4EkP-Q-- <- get-east-asian-width 1.4.0 (1.6.0 is available)
+ nodelite-2-QzliNJq4GinDBcD8gPB5v0wh6g8q3SUi6EFF0x8N-BL9PoVs0atuGc47ozMRyOWAKdwaZ5OnbOEa3WR-dSGKuQ-- <- eslint-plugin-react-hooks 4.6.2 (7.0.1 is available)
+ nodelite-2-R3pbpkcIqv2Pm3dUwgjclDRVmWpTJW2DcMzcIhEXEx1oh-CEMObMm3KLmRJOdvhM7o4uQBnwr8pzRK2sJWIqfg-- <- has-bigints 1.1.0
+ nodelite-2-R4nPAVTAU0B9D35-Gk3uJf-7XYbQcyohSKdvAxIRSNghFl4e71hVoGnBNQz9cWaXxO2I10KTC-3jMdvvoKw6dQ-- <- p-try 2.2.0
+ nodelite-2-R79ZZ-0wAxKGu3oYMlz8jy-kbhsNrS7SKZ7PxEHBgJ5-F2mtFW2fK2cOtBh1cHYkQsbzFV7I-EoRKe6Yt0oK7A-- <- p-locate 4.1.0 (6.0.0 is available)
+ nodelite-2-R7uiTjECzvOsWSfdM0QKFNBVFcK27aHOUwdvK53BcW8zqnGdYp0Fbj82cy54-2A4P2tFM22J5kRfe1R-lM-1yg-- <- resolve-dir 1.0.1
+ nodelite-2-R8itbB8BhlpoYyBm1ou0dD-vJnQ3F6adQipR4UnkCHUwlo-S9WXJaDRg1RHjC8YVAtIdrQzSWvJl40HnGDTKjA-- <- postcss-minify-params 7.0.9
+ nodelite-2-R8Rdn8Hy72KKcebgLiv8jQcQkXoLMOGGv5uI1-k0l-snqkOzQ1R0ChUBCxWMlBsFMekWjq0wRudIweFs7sKT5A-- <- @smithy/util-utf8 2.3.0 (4.2.0 is available)
+ nodelite-2-R92yOmIACgYdJ7dJ97p4K69I8gg6IEHt8M7dUBxN3W6nrO8uUxX5ixl0yU-N3aZTi8WhPuICvOHXQvF6FaykAA-- <- @rollup/plugin-typescript 11.1.6 (12.1.4 is available)
+ nodelite-2-RA1GjUVMnvYFxuqovrEqZoxxW5NUZqbwKtYz-Tt7nXerk0LbLblQmrsgdeOxV5SFHf0UDggjS-bSeOZwt1pmEQ-- <- path-to-regexp 0.1.12 (8.3.0 is available)
+ nodelite-2-RaddvvMatK2LJHqFJ-YA4WysVN5Ita9E35botqIYspQ4TkRAlCicdzKOjlyv-1Za5RyTNn7di--eEV0uTAfe3g-- <- elliptic 6.6.1
+ nodelite-2-RAH822pAdBgcNMAfWnCBU3CFZcfZ-i1eZjwFU-dsLKumyuuP3niueg2UAukXYF0E2AAoc82ZSSf9J0WQBinzHA-- <- type-fest 2.19.0 (5.4.1 is available)
+ nodelite-2-RbJ5-jmFcNNCcDV5o9eTnBLJ-HszWV0P73bc-Ff4nS-rJj-YaS6IGyiOL0VoBYX-l1Wrl3k63h-KrH-nhJ0XvQ-- <- graceful-fs 4.2.11
+ nodelite-2-RbJRS4UWQFkzHTTwVymMTUv8EqYhOp8dOOviLj2ugtTiXRaRQS7GLGxZTLL1jWhMeoSCf5zmcZkqTl9IiYfXcQ-- <- @radix-ui/react-use-layout-effect 1.1.1
+ nodelite-2-RcdumNsM6fJZ5HHbYunqj2bpurVRGsXour3OR-SlLEHFhG6ALm54i6Osnh-OvO7kEoSBzwExpblYFH8zKQiEPw-- <- charwise 3.0.1
+ nodelite-2-RDBrHEMSxVFLg6xvnXmb1Ayr2WzLAWjeSATAoxwKYJV94TeNavgoIdA0a9ytzDSVzBy2YKFK-emCPOEibLeCrg-- <- micromark-core-commonmark 2.0.3
+ nodelite-2-RdJUflcE3cUzKiMqQgsCu06FPu9UdIJO0beYbPhHN4k6apgJtifcoCtT9bcxOpYBtpD2kCM6Sbzg4CausW-PKQ-- <- js-tokens 4.0.0 (9.0.1 is available)
+ nodelite-2-RDxHkAiEGI78gS2ofyvCsu7iycRv7oqw5xMWn9iMoR0N-7mf9D50ecQqUo5BZ9Zh2vH4bCUR-ktCqbB9m8vJjQ-- <- postcss-modules-values 4.0.0
+ nodelite-2-RE2g0b5VGZsOCFOCgP7omTRYFqydmZkBwl5oNnQ1lDYC57uyO9KqNnNVxT7COSHTxrRCWVcAVOcbjk-tvh-rgQ-- <- lazy-cache 1.0.4 (2.0.2 is available)
+ nodelite-2-Rel466v0EnmKPcsxHo91L4kgPs-6XF7Pu2LJNszq9lXYwi5CFWEeIiRaTX5ym7PPMdj4udDHkLSVC1--JVkZQg-- <- colour 0.7.1
+ nodelite-2-RF-Z-0CCHkARz5HT9mcQCBulb1wgCP3FBvl9VFokMX27acKphwyQsNuWH3c-ojd1LeWBLoTYoxF0zm6S-66mjg-- <- @jest/test-result 30.2.0
+ nodelite-2-Rfkk-Mp-DL7JVje3u18FxFujQlTNR2q6QfMSMB7AvCBx91NGj-ba3kCfza0f6dVDbw7YlRf-nDrn7pQrCCyQ-w-- <- estree-walker 2.0.2 (3.0.3 is available)
+ nodelite-2-RfqAvLnMl313r7c9oclB1HhUEAezcpLjz95wFH4LVuhk9JF-r22qmVP9AMmOU4vMX7Q8pN8jwNg-CSpdFnMjTQ-- <- resolve 1.22.11 (2.0.0-next.7 is available)
+ nodelite-2-RGdriMmQQvZ2aqaQq3awNA6dCGtKpiDFcOzrTWrDAT2MiWrKQVPmxLGHl7Y2nNu6led0kEyoX0enY0qXYsv9zw-- <- is-decimal 1.0.4 (2.0.1 is available)
+ nodelite-2-RgHBCvtjbOK2gXSNBNIkNoEc9qoVEtau3hj8gEqKQuL3HZAibKarWFEI3Lfm6EYKkLalOh8eSrj9b-ch9H-VBA-- <- @babel/core 7.29.7 (8.0.1 is available)
+ nodelite-2-Rglcw1ltqLjkWb9CZL-HqeKipY-6RQ-ZSH6cEVsLR4BU4o1Pt08bXpe1h9YD5ifEjYlIIDdk10z2KX-WLbCKhA-- <- level-read-stream 1.1.1
+ nodelite-2-RGO8v2a52Ybo1jwVj42UWT8VKyxAk-qOxrkA3VNIYBNEajPSmZNa9r9MTgqSgZRyz1XTlQHdVb7UK7q78yAGfA-- <- @clerk/types 3.65.5
+ nodelite-2-RGwwWnwQvkVfavKVt22FGLw-xYSdzARwm0ru6DhTVA3umU5hZc28V3kO4stgYryrTlLpuvgI9GiijltAjNbcqA-- <- debug 4.4.3
+ nodelite-2-RHd9ABw4Fvk-gYDWqwOftG849x0bYOySl-RgX0tLI9i27ZIeSO91mLZJEp7oPHOMFqHvpgu21YptmDt0FYD-0A-- <- deep-rename-keys 0.2.1
+ nodelite-2-RHiac9mvaRw0x3AYRgDC1CxAP7HTcNrrECeA8YYJeWnpo-2Q5CegtZjaotWTWxDG3UeGA1coE05iH1mPjT-2mg-- <- minimatch 9.0.3 (9.0.9 is available)
+ nodelite-2-RHxMLp9lnKHGHRng9QFhRCMbYAcVpn69smSGcq3f36xjgVVWThj4qqLbTLlq7Ssj8B-fIQ1EuCEGI2lKsyQeIw-- <- isexe 2.0.0 (3.1.1 is available)
+ nodelite-2-RHXxplCeLh9VjinvMrZONq7im4wjWGlRJAqmAVLXyZaXwfDWP73-oq4NdIp-OZwhQUMj0zjqDfM5Fj7qby-B4g-- <- postcss-logical 5.0.4 (8.0.0 is available)
+ nodelite-2-RiMReJrTAiA-mBjGONMnjVDP2u3p9R1vkcGz6gDIrOMT3oGuYwX2WRMYI9ipkphSuE5XKEhydbhNEJh4NY9mlw-- <- web-worker 1.5.0
+ nodelite-2-RiNhHysUjhrDQntfYSfY4MU24coXXdEOgw9WGcKHNeEwffDYbF--u87M1EWaMGzuFoSbqW0C9C6lEEhDOAswfw-- <- lie 3.1.1 (3.3.0 is available)
+ nodelite-2-RiSILC-nRJM7FY5srIyc4-fGIwUhyDuuBSdWn4y6yT6gm652DpCHZjIipgn6B7MQ1ITOUnAKWixEUjQRIBIcLw-- <- @babel/plugin-transform-typeof-symbol 7.27.1 (8.0.1 is available)
+ nodelite-2-RITGBfijLkBddZvnn8jdqoTypxvqbOLYQkGGxXzeFjVHvudaPw0HNFD9x928-eUwYWd2dPCugVqspGALTZZQKw-- <- chai 4.5.0 (6.2.2 is available)
+ nodelite-2-RiWIenusJsmI2KcvqQABB83tLxCByE3upSP8QU3rJDMVFGPWLvPQJt-O1Su9moRWeH7d-Q2HYb68f6-v-tw2vg-- <- buffer-from 0.1.2 (1.1.2 is available)
+ nodelite-2-RjNgpdM20VUXgV7us-VmlO3Vn2ZRiDnc3-bUxCVvySZWPiVPprpqW-QDWuzkGa-NCUf6saAM5CLsZLSxncXJwg-- <- lightningcss-linux-x64-gnu 1.22.1 (1.31.1 is available)
+ nodelite-2-RjQetxJrrUJLQPHbLku6U-ocGtzyjbJMP9lCNK7Ag0CNh690nSH8woqWH9u16nMjYBAok-i7JO1NP2pOy8IsPQ-- <- style-to-js 1.1.21
+ nodelite-2-RJRdvCo6IAnPdsvP-7m6bsQqNnn1FCBX5ZNtFL98MmFF-4xAIJTIg1YbHW5DC2W5SKZanrC6i4HsJqlajw-dZw-- <- set-proto 1.0.0
+ nodelite-2-RK7-IyU5phpuCdBAuig5VkzG-EnbDaui5SQGdU9BFrHdV-mV4cUjLMQ9lJDjLNtWHsqtiefpGZUXQP2BiTYMsA-- <- @babel/plugin-transform-computed-properties 7.29.7 (8.0.1 is available)
+ nodelite-2-RkhPPp2zrqDAQA-2jNhnztcPAlv64XdhIp7a7454A5ovI7Bukxgt7MX7udwAu3zg1DcpPU0rz3VV1SeaqvY4-A-- <- @nodelib/fs.stat 2.0.5 (4.0.0 is available)
+ nodelite-2-RKshQI1R3YQ-n9YJz2QQ147P66ELpa1FQEg20Dk8oW9t2KgLbpDLLp9aGZ7y8WHSshDknG0bknqGw5-tyCs5tw-- <- bidi-js 1.0.3
+ nodelite-2-RKT8HExMpoYx4igMiVMY83lN6UeITKJlBQ-vR-8ZJ8OCdSiN3RwCq-9gH0-Xzj0-5IrM6i4j-6LuvzbZIQgEcQ-- <- whatwg-url 11.0.0
+ nodelite-2-RKtWF8pGmS87i2D6gqQu-l7EYRlVdfzemCJN-P3UOs--x1QE7mfhvzHIApBTRf7axvT6DMGwSwBXYCT0nfB9xw-- <- is-data-view 1.0.2
+ nodelite-2-Rm0BMWtxBcioHr1-OX5YCP8Uov4riHvKPknOGs804Zg9JGZgmIBkbtlxJC-7Z4msKYVbIJtfU-tKb8xlYNfdkw-- <- jest-snapshot 29.7.0 (30.2.0 is available)
+ nodelite-2-RMFXl2uQ0pNQy6Lun2YBYT9g9INXtWJULgbt01D-x8-6yJ2qpKyzdZD3pi6UIkzF--Da49xAelVKUeUMqd5eIQ-- <- micromark-extension-gfm-task-list-item 1.0.5 (2.1.0 is available)
+ nodelite-2-RMtmw0iFkeR4YV-fUOSucriAQNb9g8zFR52MWCtl-cCZOFRNL6zeB395vPzFhEjjn4fMxXudmELnl-KF-WrK6w-- <- confbox 0.1.8 (0.2.2 is available)
+ nodelite-2-RNJUIQH-J8iA-1NzlE4N7KtyZNHi3w7at7hDjvRNm5rcUXa00z1vRz3glZoULfJ5mpvYhLybmVcwcjGrC1pRrQ-- <- @webassemblyjs/wasm-edit 1.14.1
+ nodelite-2-RNop0kmMXJUOLQYp61ZW3NVdD8ikOPW0zoCmgkN-nIUVw-QKcA-9tSPEcT6Rr8id9-Ed3lMjLqktev20guRp1g-- <- @umijs/bundler-mako 0.11.10
+ nodelite-2-RNxQH-qI8-t3thXJDwcstUO4zeqo64-Uy--sNVRBx4Xn2OX-OZ9oP-iJnNFqplFra2ZUVeKCSa2oVWi3T4uVmA-- <- thenify-all 1.6.0
+ nodelite-2-ROjNchA9LgfNMTTFSIWPzebCwOGFdgkEq45EnvvrmSLvCtAw0HSmrCs7-ty-wAeYUZyNay0YMUNYFTRL72PkBQ-- <- conventional-changelog-angular 7.0.0 (8.1.0 is available)
+ nodelite-2-ROmzCKrTnOwybPcJApAA6WBWij23HVfGVNKqqrZpuyZOHqK2CwHSvpGuyt-UNNvaIjEd8X5IFGp4Mh-Ie1IHJQ-- <- crc-32 1.2.2
+ nodelite-2-ROoL94jJH2dUVML2Y-5PEDNaSHgeOdSDicUyS7izcF63G6sTc-FTjLub4b8Il9S8S0beOfYt0TaA5qvFK-w0wA-- <- clone-response 1.0.3
+ nodelite-2-RpAVKQA5T63xEj6-giIbUEtZwJ4UFIc3ZtvEkiaUERylqe8xb5IvqcgOurZLahv93CLKfxcw5YI-DZcUBRyLXA-- <- code-point-at 1.1.0
+ nodelite-2-RpPp0asT-6ufRm--AJVwpViZbGM-MkjQFxJccQRHmISF-22NBtsHqAWmL--pmkPWoIUJdWyeVleTl1wydHATVQ-- <- character-entities-legacy 3.0.0
+ nodelite-2-RpsAZlpWcDwOPQA22aCH4J0t7L8JmAvsCxfOSEwm7cQs3LshN36QaTkwd70DnBOXDWGssw2eUoc8CaRWT0XunA-- <- supports-hyperlinks 2.3.0 (3.2.0 is available)
+ nodelite-2-RqGs4wavGYJWE07t35JQccByczmNUXQT0E12ZYV1VKYu5UiAU9lsos-yBAcf840-zrUQQxgVduCR5-B8nNtibg-- <- hogan.js 3.0.2
+ nodelite-2-RQPdCYTa8A68uM2jwxoY842xDhvx3E5LFL1LxvxCNMev4o5mLuokczhzjAgGwUZBAmOKZknArSxLKmXtIi2AxQ-- <- search-insights 2.17.3
+ nodelite-2-RQsvleCbF8cVHEv-xuDGaA4pOizFqJ0GgjtMSRo6oP8pnN7WsigHgVGey6aILRBKv4W2YOMHLqbKdnB6hpB9fw-- <- smob 1.6.2
+ nodelite-2-RRECPsj7iu-xb5oKYcsFHSppFNnsj-52OVTRKb4zP5onXwVF3zVmmToNcOfGC-CRDpfK-U584fMg38ZHCaElKQ-- <- color-convert 2.0.1 (3.1.2 is available)
+ nodelite-2-RRnE2-eon1rJAq8MnoF1b5kTpY1vU88twHcvcKMrsqP-jxIRqDVs9iJB5fqPuqyeFAW0wJo4MlUIPpQCq-aRsg-- <- @babel/plugin-transform-json-strings 7.29.7 (8.0.1 is available)
+ nodelite-2-RRuzqDtt5Y9h3quz5hWhK-TPnsmVs6WwSU6LkJMeY4HstUEDuYTG8UJSdawMRzmzAtV-KEoG8N3Qg2qLy5vM-A-- <- postcss 8.5.28
+ nodelite-2-Rs66F0P-1kedk5lyYyH9uBzuiI-kNRmwJAR9quK6VOtIpZ2G-hMZd-HQbbv25MgCA6gEffoMZYxlTod4WcdrKA-- <- string.prototype.trim 1.2.10
+ nodelite-2-RSn9F68PjH9HqtltsSnqYC1XXoWe9Bju5-213R98cNGttag9q9yAOTzdbsqvIa7aNm5WffBZFpWYr2aWrklWAw-- <- object-hash 3.0.0
+ nodelite-2-Rstj7coNz8sE-7Ju7ihpHLI564lsK5pUpNNlvptCIC-16E-S5hbl6n3kESPKdNRmqEWlpn5xpS5Q2dvXBsySLw-- <- @babel/plugin-transform-explicit-resource-management 7.29.7 (8.0.1 is available)
+ nodelite-2-RtFvB--GmjRhpHcqNgnw8iWZpTlxOnmNxi8eDcecxMmxmSgeDj25LV0jr4Q6rOhv3GTIfVGBhkwz-khGT5tfmg-- <- @umijs/react-refresh-webpack-plugin 0.5.11
+ nodelite-2-RUbUeKwvm3XG2VYamhJL1xFktgjvPzL0Hq8C-6yrWIswDy3BIXGqCxhxkc30N9jqK311gVU137K8Ei55-zVJRg-- <- is-retry-allowed 1.2.0 (2.2.0 is available)
+ nodelite-2-RujVQfVsOrxzPOPSzZFiwofMArbQke6DJjnFfceiEbFh7S05CbPt0cYN-A5YeD3pso0JQk6O1aHBnx9-Pm2uqg-- <- hast-util-raw 7.2.3 (9.1.0 is available)
+ nodelite-2-RUZRaFHCnLjg0-UAodCai5PTsa7kQI1rUXE5wsQu9f2315dh2YSN7-i3fObTycs7PO09DLSiGXiJTALYIw2yuw-- <- jest-canvas-mock 2.5.8
+ nodelite-2-RvwtGe3d7LvWiDQXeQw8p5asZUmfU1G-l6WbUXeHta7Y2PEIvBTwH6E2EfmYUK8pxcxEdEmaomqyp0vZZ7C-3Q-- <- regjsgen 0.8.0
+ nodelite-2-RVZSIV5IG10Hk3enotrhvz0T9em6cyHBLkH-YAZuKqd8hRkKhSfCGIcP2KUY0EPxndzANBmNllzWPwak-bheSw-- <- thenify 3.3.1
+ nodelite-2-RWbSrDiYmO4LbejWY7ttpxczuwQyZLBUyygsA9Nsv95hpzUWwnNTVQmAq3xuh7vNwCp07UTmE5i11XAEExx4RA-- <- @inquirer/external-editor 1.0.3
+ nodelite-2-Rwi3pnapEqirPSbWbrZaa6N3nmqq4Xer-2XooiOKyV3q12ML06f7MOuc5DVH8ONZIFhwIYQ3yzPH4nt7iWHaTg-- <- minimatch 10.2.3
+ nodelite-2-RWmIqhcFf1lRYBvNmr7qTNuyCt-7-ns2jbpp1-PalgE-rDQcBT0fioSMUpJ93irlUhC5hrg4cYqe6U-0ImW0rA-- <- devlop 1.1.0
+ nodelite-2-RXlj7zCYokReqWpOPH9oYivUzLYZ5vAPIfEmCTNViosC78F8F0H9y7T7gG2M39ymgutxF5gcFEsyZQSph9Bp3A-- <- param-case 3.0.4
+ nodelite-2-Ry9wCtIZ5kGqkJoi6aD8KjxFZEx78guTQDnpXWiNthsxzrxAK-i8E6pCHAIZTbaEFWcOCvbecMukfK7XUvyLpQ-- <- bson 4.7.2 (7.1.1 is available)
+ nodelite-2-RyBDr2VheQ8ZfH3N8SzQZHztqVyOtadTwLnUYof6gdj5161-eu2wNhCbGl5GHnNKDpnkicJYpKtL2J-y-gk6XA-- <- piscina 4.9.4 (5.1.3 is available)
+ nodelite-2-RynicUM-vbOSTSiUK-BnaK9XMfmQUh6gyi7L6taNgc7FIf84GukXVV3ucGzEN-PhUUkdP5hb1MmXc-3cvPUm5Q-- <- unist-util-filter 4.0.1
+ nodelite-2-RZNwNclF7-MS-8bDg70amg32dyeZGZxiDuQmZxKLAlQjr3jGyLx-4Kkk58UO7D2QdgFIQCovuSuZESne6RG6XQ-- <- agent-base 6.0.2 (7.1.4 is available)
+ nodelite-2-RztN09XglpYI7aBBrJCPW95jEH7YF1UEPOoX9yDhUTPdp7mK-CQvnLTuD10BNXZ3byLTu2uehZ8EcKT-4CGiFw-- <- execa 0.7.0 (9.6.1 is available)
+ nodelite-2-S0lvzhbdlhK36RFBkGv-RbOM-dbbweym-BIHM-bwwuWVSVN5TuVErHPMWo4w0t1NDYg5KPp2iEf7Y7E5LASYiw-- <- ahooks 3.9.7
+ nodelite-2-S11EXWJyy0Mz5SYvRmY8nJYTFFd1LCNV-7cXyAgQtOOuzb4EsgfqDufL-9esx72-eLhsRdGZwaldu-h-E4t4BA-- <- @csstools/color-helpers 5.1.0 (6.1.1 is available)
+ nodelite-2-S36mOoi1Sb6Fz98fBfE-UZSpYw5mJm0NUHtIKrOuNcqeFauy1J6dIvXm2KRVKobOSaGq4t-hBXdN4HGU3wL9Wg-- <- @babel/preset-env 7.28.5 (8.0.2 is available)
+ nodelite-2-S3LGXJZVSy-hswvbSkfdbKBRVsnqKrVu6j8fcvdtJ4TxosSELyQDsJPuGPXuZ-EyuYuJd3O4uAF8gcISR0OFrQ-- <- parse-git-config 1.1.1 (3.0.0 is available)
+ nodelite-2-S3UwM3yj5mtUSEfP41UZmt-0SCoVYUcU1rkXv-BQ5Ig8ndL4sPoJNBUJERafdPb5jjHJGuMgytgKvKIf58XNBw-- <- memorystream 0.3.1
+ nodelite-2-S48WzZW777zhNIrn7gxOlISNAqi9ZC-uQFnRdbeIHhZhCA6UqpkOT8T1G7BvfdgP4Er8gF4sUbaS0i7QvIfCWw-- <- npm-run-path 4.0.1 (6.0.0 is available)
+ nodelite-2-Saa1xPByTTq2gdeFZYLLo-RFE35NHZkAbqZeWNd3BpzppeVisAqpDjcp8dyf6uIvEqJRd46jemmyA4iFIeVk8g-- <- serialize-javascript 6.0.2 (7.1.1 is available)
+ nodelite-2-SaLBuwGm3MOViRq2ABk3eLoxwZELpH6zhl3FbAoJ7Vm1gofKx6El1Ib5z23NUEhF9AsGl7y-dzLe5Cw2AArGTA-- <- d3-shape 3.2.0
+ nodelite-2-Sb487aTOCr9drQVL8pIxOzVhafOjZN9UU54hiN8PU3uAiSV7lx1yYNpbNmex2PK6dSJoNTSJUUswT651yww3Mg-- <- lodash.once 4.1.1
+ nodelite-2-SbKbANkN603Vi4jEZv49LeVJMn4yGwsbzZworEoyEiutsN3nJYdbO36zfhGJ6QEDpOZIFkDtnq5JRxmvl3jsoQ-- <- is-extglob 2.1.1
+ nodelite-2-SbklCd1F0EiZOyPiW192rrHZzZ5sBijB6xM-cpmrwDqObvdtunOHHIk9fCGsoK5JVIYXoyEp4iEdE3upFH3PAg-- <- typed-query-selector 2.12.0
+ nodelite-2-ScaPdn1dQczgbl0QFTeTOmVHFULt394XJgOQNoyVhZ6r2vLnMLJfBPd53SB52T-3G36VI1-g2MZaX0cwDuXsfw-- <- @types/trusted-types 2.0.7
+ nodelite-2-SCMPenDtQMd9o5da9JzkHz838w3327iqXk3cbNnXWqnNRx6unyW8FL0DZ84gIY12kAyVHz5WEqlWuekc15ehfw-- <- @aws-sdk/middleware-location-constraint 3.936.0 (3.972.2 is available)
+ nodelite-2-ScQ4IuvIEF1TMlP7Zt-vjJ--9zlPb2SDcxWxM3bk8s6t6GGdJ7KO1dCcTidOPJKePW30LE-2cT7wCyPho9-Wxg-- <- brace-expansion 5.0.9
+ nodelite-2-SdsKMrI9TdgjdweUSR9MweHA4EJ8YxHn8DFaDisvhVlUOe4BF1tLD7GAj0lIqWVl-dPb-rExr0Btby5loQm20Q-- <- semver 7.7.3 (7.8.5 is available)
+ nodelite-2-SEQu7vl8KjNL2eoGBLF3-wAjpsNfA9XMlXAYj-3EdaNfAlxKthD1xjEQfGOUhllCGGJVNY34bRr6lPINhNjyZw-- <- human-signals 1.1.1 (8.0.1 is available)
+ nodelite-2-SFdFmIJi-ybC0vjlHN0ZGVGHc3lgE0DxPAT0djjVg-kjOnSqclqmj0KQ7ykTOLP6YxoqOvuAODGdcHJn-43q3g-- <- generator-function 2.0.1
+ nodelite-2-SfmG1EdbR-2zpQccgBUxM-snCROB9WGkY7VH1r9iaoTNqoaN9IkmIEA-07cZLY4DxVP8jt6Vdfe3s84xksac1g-- <- @posthog/core 1.8.0
+ nodelite-2-SFNOvSJ-Dgf-9An904Yx-CgSlIPCkIpao4qo51lpee25TIRejdH3rhR4EZMGoNx3-TP3O-wzWuiTFl4sqbltzA-- <- js-yaml 4.3.2 (5.4.1 is available)
+ nodelite-2-SFppqq5p42fe2qcZQqqEOiVRXl-WCP1MdT6k7BDEW1j--sp5fIY--fdRQitvKgB5BrBcmrs5m-L0v2FrU5MY1g-- <- local-pkg 0.4.3 (1.1.2 is available)
+ nodelite-2-SFy8S9plRPbIcxlJ8A6mT-CxFdJx-c04JEctz4jf8YZaVS2px34j7NXRrlGlHkN-M2gnpL37ZpGRGVFLd3l8Ng-- <- @babel/plugin-transform-object-super 7.27.1 (8.0.1 is available)
+ nodelite-2-Sg7j110mtefBD-qunSLO1lqOEKdrwBFBrR6Qd8f4uwkhWNlbkaqwHse6e7QvD3AP-MNoJdEDLaf8OxYyoWgorQ-- <- unified 9.2.2
+ nodelite-2-SHSKFHadjVA5oR4PPqhtAVdcBWwRYVd6g6cAXnIbRiIwc2EhPrTuKUBdSLvlEKyIP3GCf89fltvcZiP9MMFA1w-- <- source-map-support 0.5.13
+ nodelite-2-SIobIhMX8DhoGiNlZ-IqicXRBkp7NQTKGEoZP82Tu8FQhoykbTdTQlL4zYT7n6swjH9wahJ9RTefz0Xwva5FXA-- <- bundlewatch 0.4.1
+ nodelite-2-SITSV6aIXsuVNV3f3O0f2n-cgyEDWoSqtZMYiAmcsYHydcKrOz3gUxB-iXd-Qf08-IZX4KpgNbvUdMBmWz-kcA-- <- @ctrl/tinycolor 3.6.1 (4.1.0 is available)
+ nodelite-2-SJUPM18g2BmPhf8BVlbwqWz4aK3pLu6u6xjfwEzra7xL6IBR10sUaiB--EzqcVfadPHrKBSMlNdP-XieykhI-Q-- <- postcss-merge-rules 7.0.11
+ nodelite-2-Sk5V6wVazPhq5MhpO-AUxJn5x7XSXGl1R93Vn7i-zS15KDVxQijejNCrz8340-2bgLBjR9GtEG8ZVKONDjcqGQ-- <- error-stack-parser 2.1.4
+ nodelite-2-SKCT8AsWvYzBBuUqMk4NPwFlSdqLpJwmy6AP322ERn8W2YLIB6JBXnwMI2Qsh2gfphT3q7EKAxKb23cvFHFwKA-- <- es-toolkit 1.43.0 (1.44.0 is available)
+ nodelite-2-SL0wLxtKSnklKSUplok1WQFoGhUdWYKggKUiqhX-Swala-BtptGCu5iPRc-xvzJ4PXE-hwM3FNXsfEVgoZsWbw-- <- micromark-util-classify-character 1.1.0 (2.0.1 is available)
+ nodelite-2-Sm0jSj-LoncQ8BuZZJBjYitY5r9-V-Xd--vRjfgbQLWcQg2-iCm0HQqIOZ1KBE7QdNyAqMIG97mE3-t1GR0TIw-- <- @types/levelup 5.1.5
+ nodelite-2-SMtq1AJ-aqHB45c3FsB4ERK0UCiA2d3H1uq8s-8T0Pf8A3W4teyBQyaFaktH6xvZqh-npwlKU7i4fJo0r7TYTg-- <- image-size 0.8.3 (2.0.2 is available)
+ nodelite-2-SN3-h7SzRsusVQjQ4v10LaVsDc81jyyR0DD5HnsQitm-I5WDpaSr2nRHtyloPFU48jlql1XX-S04T2DLQM7Y3g-- <- @react-stately/utils 3.10.8
+ nodelite-2-SNiDnXyHSrxVcIOtVbULzcTmniUiwcV7Nwdyj1twVubeTmbjoa8p69KKDpfkdoOavuM4-GRm1-ykI8qqnavHoA-- <- terser 5.49.0
+ nodelite-2-SOiEnthkJKPv2L6ec6HMwhUcN0-lppkeYuN1x63PbyPRrgSPIuBJCiYxYyvWRTtjMlOi14vQUCGUJqS6PLVm8g-- <- sort-object-keys 2.1.0
+ nodelite-2-SOSkfJDddaM7mak6cPEpswyTRnuRltl429hMraQEglW-OkovnCzsiszTmsrlY--qLFjCpQDFRvjdm2wA5pPm9w-- <- @babel/plugin-proposal-private-property-in-object 7.21.0-placeholder-for-preset-env.2 (7.21.11 is available)
+ nodelite-2-Sp1ablJ0ivDkSzjcaJdxEunN5-XvksFJ2sMBFfq6x0ryhQV-2b-KwFe21cMpmHtPOSij8K99-wSfoEuTObmuMQ-- <- call-bind-apply-helpers 1.0.2
+ nodelite-2-Sq4CW4QhwOHE8ucn6J34MqtZCeWFP2aQSmrlroYgqAV1PjStIhJXxYuTgUIfkEk7zTLjmIjLmU5q-fbD1NnOJA-- <- raf 3.4.1
+ nodelite-2-SQFof9H-LXeWNz8wDe7oN5zu7ket0qwMu5vZubW4GCJ8Kkeh6nBWUz87-KTz-G3Kqsrp0j-W253XJb3KMEeg3w-- <- @types/braces 3.0.5
+ nodelite-2-SroPvNHxUnk-vIW-dOSfNqdy1sPEFkrTk6TUtqLCnBlo3N7TNYYkzzN7uSD6-jVjrdO4-p8nH7JzH6cIvUem6A-- <- cli-truncate 5.1.1
+ nodelite-2-SstR5JYy8ddZvD6MhV0tM-j16Qds4mIpJTOd1Yu9J9pJjH93bxHECF7pgtc28XvkzTD6Pxcm-0Z73Hvk7kb3Ng-- <- @babel/plugin-transform-named-capturing-groups-regex 7.27.1 (8.0.1 is available)
+ nodelite-2-StEy2osPr28o17bIW776GtwO6-Q-M9zPiZkYfosciUUMYqjhU-ffwRAH0zN2-uvGyUsn8-YICIHRzLbPacpZGw-- <- promise-retry 1.1.1 (2.0.1 is available)
+ nodelite-2-SuT16Q1K51EAVPz1K29DJ-sXjhSQ0zjvsypYJ6tlwVsRV9jwW5Adq2ch8Dq8kDBCkYnELS7N7VNCSB5nC56t-g-- <- @types/parse5 6.0.3
+ nodelite-2-SUwdGfqdKOwxCPeVYjwSyRpJ7Z-fhpwIAtmCUdZIWZ-YP5R9WAsyuSgpLVDi9bjWoN2LXHNss-dk3urXtdQxGg-- <- deep-eql 4.1.4 (5.0.2 is available)
+ nodelite-2-SVtmxhRE-CGkn3eZY1T6pC8Nln6Fr-lu1mKSgRud0eC73whjGfoAogbn78LkD8aFL0zz3bAFerKSnOl7NlErBA-- <- property-expr 2.0.6
+ nodelite-2-SWzvYcSJh4d-SGLIOQfZ-CoNv6BTlI6YEQ7Nj82oDVnRpwe-Z-F1EMx42x3JAOwGBlCjeCH0BRJQbQ-opHL17w-- <- parse-entities 4.0.1 (4.0.2 is available)
+ nodelite-2-SXqglS0HrEvSdUEfoXFtcg7DRl7S2cwOXc7jkuusG472Mmjag34DUDeOJUZtl-BVnyeO1frIgVpHlNRWc2gk-w-- <- mdast-util-mdxjs-esm 1.3.1 (2.0.1 is available)
+ nodelite-2-SYhBvTh89tTfCD-CRdSOm13mOBa42iTaTyfyEWBdKcGdPxPtLFBXuHR8XHb33YNYaP-lLbmSvBTsnoesCNJEsQ-- <- jsdom 20.0.3
+ nodelite-2-SyHy3T1v2NUXn29OsWdxmK6RwHD-vkj3v8en8AOBZ1wBQ-hCAQ5bAQTD02kW4W9tUp-3Qh6J8r9EvntiyCmOOw-- <- github-from-package 0.0.0
+ nodelite-2-SZd3ydWUOMV69OxNs9XERPe9RIwry3joLHcRaN1ps-FkEuPiPeIEMFraqR4KbQNqrmnD3AllrnmpePtu5K3BgQ-- <- limit-size 0.1.4
+ nodelite-2-SzoRg7ux5DWTII9J2qkrZrqV1gt-rTaoufMxEzXbS26Uid0NwaJd123HcoB80TgubEppxxIGdNxCx50fEoEWQA-- <- json2mq 0.2.0
+ nodelite-2-T-V1-1srU2qYNBmJCXZkUY5vQ0B4FSlL3QDROnKQYOqeiQR8UbjNHlPa-TIbM4cuidiN9GaTaOZgSEgsvPbh5A-- <- bare-os 3.6.2
+ nodelite-2-T0-barUSQRTUQASh8bx02dl-DhF54GtIDY13Y3m9oWTklKbb3Wv974meRpeZ3lp1JpLVECWWNHC4vaG2XHXouQ-- <- component-emitter 1.3.1
+ nodelite-2-T0HO-VrU9VbLRiEx-kH4-gwGMHNMIGkp0Pok-p0I33saOOLyhfGvwOKQgvt2qkxzQEV2L5MtGB8EnW4r5d3CqQ-- <- @textlint/markdown-to-ast 12.6.1
+ nodelite-2-T0NIuQpnTvFDATNuHN5roPwSBG83rFsuO-MXXH9-3N1eFbn4wcPjttvjMLEPWJ0RGUYgQE7cGgS3tNxbqCGM7g-- <- detect-node 2.1.0
+ nodelite-2-T1GITYmFaKuO91vxyoQMFETst-O71VUPEU3ze5GNzDm0OWdP8v1ziTaAEPUr-3kLsY3Sftgz242A1SetQiDL7g-- <- md5 2.3.0
+ nodelite-2-T1gkAiYYDWYx3V5Bmyu7HcfcvL7mUrTWiM6yOfa3PIphViJ-gFPbvidQ-veqSOHci-PxBcDabeUNCzpOODJZig-- <- http-proxy-agent 7.0.2
+ nodelite-2-T2UbfbBEF32wiepXIsMlTW9-dDYC6wMh-t-vYA4tuOMKqWz-n3vr1NFSxQiyP-zk2mXsoMA-i-7qV6LKut1t1A-- <- hasown 2.0.4
+ nodelite-2-T2ZUsdZFHgA3u4e5PfPbjd7HDDpxPnQb5jN0SrDsjNSuVXHJqtwTnWqG0B1jZrgmJ-7lj1EmVIByWt1gxGkWvg-- <- path-type 3.0.0 (6.0.0 is available)
+ nodelite-2-T7jf-5zgsZHwNJ4lvQ7-aezbyk0nNX-zJVWpmHA7VYsEx7a7qr5Rg5IbtJFqkgze5Y2sruq1RUY8Q837Od7iFw-- <- @jridgewell/sourcemap-codec 1.6.0
+ nodelite-2-T7JQa-zsXXEa6-8ZhHcQEW1UFfVM49Ts65uBkFL6fz2QmrElqmbajIDJvuA0tEhRe5eIjpV9ZF-0RfZR9voJFQ-- <- blob-util 2.0.2
+ nodelite-2-T7zexNBwiiaCOGDg9xNX9PBmjrubblRkENuptryuI64URkXDFum9il-JGL8Lm8wYfAXpredVXXZz7eMHilimiQ-- <- buffer-fill 1.0.0
+ nodelite-2-T89pFfgat6c8nMmpI8eKjBcDcgJq36-m9oiXbcUzeU55MP9ZuGgBomGjGnHaEyF36jenW9gmg3NfZDm0AO2XPg-- <- @aws-sdk/util-locate-window 3.893.0 (3.965.4 is available)
+ nodelite-2-TAAvLNSE3fEhyl-Da19JWfMAdhSXTYeviXsLSoDT1UM76ADj5ndwAPX1FKQEgB-gFMPavOy6tOqfalXKUiXrow-- <- svg-pathdata 5.0.5
+ nodelite-2-TBLObApUbAgKcG5zjIAkeIh7rouxLM9NgDzkINGPZOu0G6d723y-Cblh7fdiVN5-WYDcXQaIOkriMDx-TKNJXw-- <- iperf 0.1.0-beta.14
+ nodelite-2-TBwVHVY7buHjIKVLqr9scTVFwqZqMXINcCphPwIWKPDCOBIa-jCQfafvbjRJDZgXdq-A996Dy6yGJ---NtAXDQ-- <- rollup-plugin-visualizer 6.0.11
+ nodelite-2-TbX3mj8n0odCBFVlY8AxkqcHASw3L60jIuF8jFP78az3C2YhmGvqbHBpAjTRH2-xqYunrJ9g1jSyjCjpoWzIAA-- <- which-boxed-primitive 1.1.1
+ nodelite-2-TC0dmN0K8YcWEAEfiPi5gJP14eJe30TTGjkvek3iM-1NdHHsdCA-Td6GvNndMOo-iSnIsZ4HuuhrYPDAmbxzww-- <- @types/sizzle 2.3.10
+ nodelite-2-TCCj4t55U90khlYkVV-0TfkJkAkUg3jZFA3Neb7unZT8CPok7iiRfaX0F-WnqWqt7OxhOn0uBKXCw4lbL8W0aQ-- <- @babel/traverse 7.28.5 (8.0.4 is available)
+ nodelite-2-TCglVRtzlffRNxRMEyR36DGBLJpeusFcgMVD9PZEzAKnUs1lKCgX5u9BmC2Yg-LL9MgZDugFFs1Vl-Jp4t-PGw-- <- @radix-ui/react-dialog 1.1.15
+ nodelite-2-TchMembfxfNVpHkbtriWltGWc-m3xszaRD0CZup7GFFhzIgQqxIfn3eGj1yZpfuflzPvfkt611B2Q-Bsk1YnGg-- <- markdown-it 12.3.2 (14.1.0 is available)
+ nodelite-2-TCrHSxPlx3tBY3hWNtRQKbtgLhsXa1WmbJEqBlTBrGafd5fiQFByy2GNCEoGR-Tns8d15GaL9cxEzKOO3GEb2A-- <- jest-resolve 30.2.0
+ nodelite-2-TdlOggdA-zURfMYa7ABC66j-oqfMew58KpJMbUlH3bcZP1b-cBHIHDDn5uH9INsxrHBPjsqM0tDB4jPTF-vgJA-- <- ansi-align 2.0.0 (3.0.1 is available)
+ nodelite-2-TdrF7fW9Rphjq4RjrW0Kp2AW0Ahwu9sRGTkS6bvDi0SCwZlEZYmcfDbEsTz8RVk0EHIS-Vd1bv3JhG-1xZuAyQ-- <- path-to-regexp 8.2.0 (8.3.0 is available)
+ nodelite-2-TDZkNpYfkc3X8yv7w1QBziZmmxzNfGKX-YjeNkMpmSiNV0QOdNf9G5cEZB3FH1-oaqpSQEdxuDzURdju2L3lng-- <- @types/figlet 1.2.0
+ nodelite-2-TEB8ESquiLMc0lV8vcd5Ql-JAKAoyzHFXaStwjkzpOpC5Yv-pIzLfHvjTSdf3vpa2bMiUQrg9i6276yn8666aA-- <- pac-proxy-agent 7.2.0
+ nodelite-2-TEM2iMIEQdJ2yjPJoSIsldnleVaAk1oW3DBVUykyOLsEsFmEc9kn-SFFPz-gl54KQNxlDnAwCXosOS9Okx2xAg-- <- buffer-alloc-unsafe 1.1.0
+ nodelite-2-TeTSQ6H5YHvpqVwBRcnLDCBnDOHWYu7IvGbHT6N8AOymcr9PJGjc1GTtiWZTYg0NCgYwvnYWEkVChQAr9bjfwA-- <- type-fest 4.41.0 (5.4.1 is available)
+ nodelite-2-TfySrs-5nm8fQJDcBDuUng3VOUKsd7S-zqvbOTiGXHfxX4wK31ard-hoNuvkicM-2YFzlpDgABOevKSsB4G-FA-- <- pirates 4.0.7
+ nodelite-2-TGdOKE-ZkJHHeC4aaoH85m8RnFyWqdqRfAGkhd6dirmATXMZWAxOpTLmw2Ll-jPTQ3eEG7ercFr-sbzdeYCJXA-- <- react-slick 0.29.0
+ nodelite-2-Thbli-OlOj-iMPYFBVBfJ3OmCAnaSyNn4M1vz9T6Gka5Jt9ba-HIR56joy65tY6kx-FCF5VXNB819Y7-GUrBGA-- <- ajv 8.20.0
+ nodelite-2-TI3V8YYWvkVf3KJe1dRkpnjs68JUPyEa5vjKrp1XEEJUAOaQc-Qj-L1qWbPd0SJuAdQkFU0h73sXXqwDYxsiDA-- <- marked 16.4.2
+ nodelite-2-TI8ufP2Az9oEbvyCeVE4-90PDSljGyuwix3fV58p7HV2o4wBnVToEyomJRVyTaZeqNPAp-vqeo4Wnj5u0ZZQBg-- <- rc-switch 4.1.0
+ nodelite-2-TIGnTpdo-E3-pCyAluZvtED5p5wCqLdezCyhPZzKPcxvFplEt4i-W7OONCKgeZFT3-y5NZZfOOS-Bdcanm1MYA-- <- ansi-regex 2.1.1 (6.3.0 is available)
+ nodelite-2-TITQPUkaz-aVk5GL6NhOdwk1aEaNTSDPsGFWrTuhKGtjTF70jL-Oht2W4c6rXUe5fu7Ie19VIahAXHIIiWWNeg-- <- caniuse-lite 1.0.30001810
+ nodelite-2-TizTzUddG-xYLA3NXodFM0fSbNizXjOKhqiQQwvhlspadZokn1KDy0NZFS0wuEubIYAV5-c1-lAr0TaaFXEXzw-- <- css-select 5.2.2 (6.0.0 is available)
+ nodelite-2-TiZzBSJja-LbhNPvk6yc0JrX9XqhQ0hdh6M2svYfsHGejaKFIAGd9MQ-ERIMzLGlN-kZoYIgdxFV0PuljTKXag-- <- @typescript-eslint/eslint-plugin 5.62.0 (8.8.0 is available)
+ nodelite-2-Tj-HTDSJJKaZnfiuw-iaF9skdPpTo2GtEly5JHnWV-hfv2Qj-9RKsGISQtLh2ox3l5EAGw487hnBee0sIJ6v2g-- <- natural-compare-lite 1.4.0 (1.4.1 is available)
+ nodelite-2-TkBb0HABNmxzAcfLf4qsIbFbaPDvMO6wa3b3j4VcEzFVaw1LBKwnW4-sRJ-atSLSzoIg41JWEdnE7N6DIhGDGQ-- <- unist-util-remove-position 4.0.2 (5.0.0 is available)
+ nodelite-2-TkRKr9sUTxEH8MdfuCSP7VizJyzRNMjj2J2do2Jr3Kym598JVdEksuzPQCnlFPW4ky9Q-iA-ma9BGm06XQBy8g-- <- type-is 1.6.18 (2.0.1 is available)
+ nodelite-2-TL0hMc9xzy86VD31nUiwzd5otRAcyEPcsegCxolO0PvcXuH1v0kECe-UIznYFihpkvU5wg-jk4v0TTEFfm53fw-- <- @babel/plugin-transform-react-jsx-self 7.29.7
+ nodelite-2-TL48Pi1oNHeMOHrKv1bCJUrWZDcD3DIG6AGYVNOnyZPr7Bd-pStN0pL-lfzF5BNoj-FclaoiaLenk4XUIFVYng-- <- final-form 4.20.10
+ nodelite-2-TllpMR-t0M5sqCXfj85i4XaAzxmS5tVA16dqvdkMwGmzI-dXLXnw3J-3Vdv7VKw-ThlTMboK6i9rnZ6Nntj5CQ-- <- degenerator 5.0.1
+ nodelite-2-TLz-x-vEXm-Y7P7wn1EJFNLxYpUD4TgMosxY6fAVJUnJMbupHBOncxyWUG9OpTaH9EBD7uFI5LfEgmMOc54DsA-- <- detect-newline 3.1.0 (4.0.1 is available)
+ nodelite-2-TmatMXdr2KlRiA2CyDu8GqR8EjahTG3aY3nXjdzFyoZbmB8hrBsTyMezhULIXKnC0jpfjlmiZ3-EaCzoInSu-A-- <- proxy-agent 6.5.0
+ nodelite-2-Tmd1Vg-m3Xz43afeNxDIhWRtFZgM2VLyaf4vSTYwudTyeuTneoL3qtWMA5jeLyz-O1vDJmmV4QuScFCA2tBPwg-- <- mdast-util-find-and-replace 3.0.2
+ nodelite-2-TmnEAEAsBJVZM-AADELsK76llnwcf9vMKuPz8JflO1frO8Lchitr0fNaN9d-Ap0BjKtqWqd-J17qeDnXh8CL2A-- <- universal-user-agent 7.0.3
+ nodelite-2-TMO6mWltW0lCu1de8DMRq9-59OP-tEjghS-rs8ZEQ2EgYP5yV3bGw0tS14TMyJGqFaoVChNvhkVzv9RC1UgX-w-- <- @types/cli-spinner 0.2.3
+ nodelite-2-TN1l93iVTXpF9NJstlvP7nOu9zY2k-mN0NSFQ-VEGz15ZIP9ohdDZTtCWHs5LjctAhSAzaILULGbgiM0ItId3A-- <- stylelint-config-prettier 8.0.2
+ nodelite-2-TnB6ziK363p7lR8QpeLC8aMr8EGYBKZTpgzQLfqTs3bR0Oo5VbKdwKf8h0dSzsYrB7lSCgfJnMZKqShvlq5Oyg-- <- agentkeepalive 2.2.0 (4.6.0 is available)
+ nodelite-2-TNPjfTr432qx7yOjQyaXm3dSR0MH9vXp7eT1BFSl-C51g-EFnOR9hTg1IreahGBmDNCehscshe45f-C1TBZbLw-- <- boxen 1.3.0 (8.0.1 is available)
+ nodelite-2-TpfaviN1R2pQWkIihlfEanwOXK0zcxrKEE4MlU6Tn7keoXdN6-3gK-xl0yEh8DOunn5pOVGKf8hB4R9gVh04ig-- <- jest-get-type 26.3.0 (29.6.3 is available)
+ nodelite-2-TPJXq8JqFaVYm2CWmPvnP2Iyo4ZSM7-QKcSmuMLDObfpH5fi7RUGmd-rTDf-rut-saiDiQEeVTNgAmJEdAOx0w-- <- encodeurl 1.0.2 (2.0.0 is available)
+ nodelite-2-Tpp60P6IUJDTuOq-5Z8cdskzJujfwqfOTkrwIwj7IRISpnkJnT6SyJ4PCPnGMoFjC9ddhal5KVIYtAt97ix05A-- <- ms 2.0.0 (2.1.3 is available)
+ nodelite-2-TQ5pAGhd5whStmqWvYF4OjQROlmv9SMFVt37qoCBdqRffuuklWYQlCNnEs2ZaIBD1kZRNnikiZOS1eqgkar0iw-- <- validator 13.15.35
+ nodelite-2-TqICwyvJJpBwvGAMZjj4J2n0X8QWp21b9l0o7eXyVJ25YNWYbJDVIyD1bZXE6WtV6RmKJVYmQAKWa0zWOABz2w-- <- mdast-util-phrasing 4.1.0
+ nodelite-2-TQMmc3w-5AxjpL8iIiwebF73dRDF4fBIieAqGn9RGCWaEVwQ6Fb2cGe31Yns0RRIzii5goJ1Y7xbMwo1TxMplw-- <- chokidar 5.0.0
+ nodelite-2-Tr2t7J1DKZUpfJuDZWHxyxWpfmj8EZrqSgyMZ-BCdvKZ6r1UDsfU46M-iWAAFBy961Ssfom2kv5f3UcjIL2CmQ-- <- @rc-component/tour 1.15.1
+ nodelite-2-TR3KfrTZTYLPB6jUjfx6MF9WcWrHL9su5TObK4ZkYgBdWKPOFoSoQIdEuTuR82pmtxH2spWG9h6etwfr1pLBqQ-- <- import-fresh 3.3.1
+ nodelite-2-TSu8-mHCoEaaCDEZ0I3-6mvTBYR4PCxQwf2z9-r5Tbztv6NaLR3B9thGTTxX2WGuGHJqRiAbKPeGTJ5XWXVg6A-- <- @babel/plugin-syntax-jsx 7.29.7 (8.0.0-beta.0 is available)
+ nodelite-2-TtEciroaiODtXvLZv4rmfMhkCv8jx3wgKpL68PuiPh2M4fvz5jhsA7697N1gMvkvr-JTF13DrFYyEbY9U7cVPA-- <- @babel/plugin-transform-regexp-modifiers 7.27.1 (8.0.1 is available)
+ nodelite-2-Tti3gMqLdZfhOQY1Mzf-AanLiqh1WTiJgEj26ZuYQ9fbkLomzGchCws4FyrSd4VkpBfiNhaE1On-lOz894jvXg-- <- hmac-drbg 1.0.1
+ nodelite-2-TTIpR4rjMkhX1lnFR-PSXpaL83TrQzp9znRdp2TzYrODlUd-R20zOwSo9vFLCyH6ZoD47bccY7QeGZDYT3nlRg-- <- @swc/core-linux-x64-musl 1.9.2 (1.9.3 is available)
+ nodelite-2-TtpcNJ3XAzx3Gq8sWRzJaVajRs0uVxA2YAkdb1jm2YkPz4G6egUFAyA3n5vtEIZefPk5Wa4UXbKuS5fKkJWdgA-- <- escape-string-regexp 4.0.0 (5.0.0 is available)
+ nodelite-2-TtYPq24IldU8iKoJQqvZOuhi5CyCQRAbvDOX0x1eW6rsHSxa-1i2CCiptNTotGHJ3VoHRGmqiv6-D3q113ikkw-- <- hastscript 7.2.0 (9.0.1 is available)
+ nodelite-2-Tu1w80WA2Z-X6e7KzGy-cc0A0z-npVJA-fh55q2azMJ030gqz343Kx-yNAstDCeugsepmtDWY2J2IBRW-O-DEA-- <- webpack-5-chain 8.0.1
+ nodelite-2-Tub4ZKEXqbPjXgWLl2-3JpQAYBJ8-ikpQ2Ocj-q-r0LwE3UhENh7EUabyHjz2kCEsrRY83ew2DQdHluuiDQFzg-- <- @babel/helper-skip-transparent-expression-wrappers 7.27.1 (8.0.0-beta.0 is available)
+ nodelite-2-TWBvun-AopgBLw9zfTFHBllnKMVNEwCEyDawphPuBGGqNsuhGzhT7yewHys64KFFwzIs6KEteGLpKOwvTQEscQ-- <- final-form-arrays 3.1.0
+ nodelite-2-TwEZ-X-yCJmYfL7TPUOcvBZ4QfoT5YenQiJuX--0th53DE6w0xxLEtfK3iyryQFddXuvkIk51EEgrJQ0WJkOmQ-- <- property-information 7.1.0 (7.2.0 is available)
+ nodelite-2-TWrgLOFUQTH994YUyl1yT4uyavY5nNB5muff-RtWaqNVCAK408b5ZnnbNAUEWLTCpum9w6arT70i1XdQ4UeOPA-- <- entities 7.0.1 (8.0.0 is available)
+ nodelite-2-TwuEnCnxbc3rAvhf-LbG7tJUDzhqXyFnv3dtzLOPgCG-hODL7WFnsbwktkD7yUV0RrreP-l1PALq-YSg6VvjlA-- <- lodash.camelcase 4.3.0
+ nodelite-2-Tx8T58CHo-7nwJ-EhUwx3LfdNSG9R2OKfaIXXs5soiy5HtgoAEkDay9LIimLOcG8dJQH1wPZp-cnAv6S9CrR1Q-- <- @svgr/babel-plugin-transform-react-native-svg 8.1.0
+ nodelite-2-TXCHVR3Lb6TZdtw1l3RTLf8RBWVGexdxL6AC8-e0xZKEpBflBsjh9-8LXw-dkNFuOyW9B7iB3O1sP7hS0Kiacg-- <- jquery 4.0.0
+ nodelite-2-TYBea4OuXWD7MhaSHq069TWbFe7rcwWN6kzT7JF0OKi1K6c1gTv2IzD6A6ExJsCMozdkqBWeuIUZmu4KQg0O5A-- <- @tanstack/react-query 5.102.8
+ nodelite-2-TyeJ1zif53BPfHootBGwPRYT1RUt6oGWsaQr8UyZW-eAm9bKoijtvruSDEmZHm92CwS9nj7-fWttqPCgzep8CA-- <- resolve 1.22.12 (2.0.0-next.7 is available)
+ nodelite-2-TYOanM3wGwNGsZN2cVTYPArw454xnXj5qmWF1bEoAc4-cU-ol7GVh7odevjp1FNHduHc3KZMcFduxU5Xc6uJRQ-- <- p-limit 3.1.0 (7.2.0 is available)
+ nodelite-2-TyWI8G99GX9GjE54cJ-RrNMcIFBfwMPxc3XTFiAYGN4s10hWROGtOg7-O6u6LE3mNkyld7RSLE6nrKBvTfcs3g-- <- listr2 3.14.0 (9.0.5 is available)
+ nodelite-2-TywoWNNRbhoD0BXs1P3ZEScW8W5iKrnbithIl0YH-uCmBd0QpPOA8yc82DS3BIE5Ma6FnBVUsJ7wVUDz4dvOWQ-- <- commander 14.0.2
+ nodelite-2-TZs6235tCJ-7iF6-rvTaOH4oxQg2gMAcdHemjwLKIjKz4rRuYe1HJ2TQJKnAcRAfOUDdU8XoDadCe1rl72iv8A-- <- @emotion/react 11.10.5 (11.14.0 is available)
+ nodelite-2-U-GNwMdSFgzVmfhNm8GJUX88AadB3uo9KpJqS3FaqNIPKgySuvMb-bHPsOmmuWyIcuqZj-pzt1RUIUZns4y2-A-- <- babel-plugin-polyfill-corejs3 0.13.0 (1.0.0 is available)

Done in 1.7s
