Progress: resolved 1, reused 0, downloaded 0, added 0
Packages: +250
++++++++++++++++++++++++++++++++++++++++++++++++++++++++++++++++++++++++++++++++
Progress: resolved 250, reused 0, downloaded 250, added 250, done

dependencies:
+ nodelite-2-pjzuKtY64GYfWizNAJ0fr9VqttZkNiK2iS430LtIHzjBEr6bX8Am2zm4sW4Ro5wjWW5cAlRL1qAMTcXbjNAO2Q-- <- get-package-type 0.1.0
+ nodelite-2-pk2B1NWalF9toCRu6gjBzR69syFjP4Od8WRAX-0mmf9lAjCRicLOWc-ZrxZHx-0XRjotgkF9t6iaMJ-aXcOdZQ-- <- @types/istanbul-reports 3.0.4
+ nodelite-2-pksvzI0VyLgmuEF2FA-JR-4-y6hcPq8OUail3-AvycBaW1d5VSauOZzqGvJ3RTmR4MU35lWE8KseKOsEhrFRBA-- <- @ethereumjs/common 3.2.0
+ nodelite-2-pmz2iRWddTanrv8JC7v3wUGm17KRv2WyyJhQfklMSANn9V1ep6pw1RJG2WJnKq4NojMvH1nVv1sMZxXrYPhpYw-- <- @wdio/types 9.0.8
+ nodelite-2-poPX9mZH-5CSanm50Q-1toVci6pv5KSRv-5TWCwtzQS5XEwn40BcCrgIeMFWP9CKKIniKXNxoIOnOq4VVlGXhg-- <- babel-core 7.0.0-bridge.0
+ nodelite-2-promo4eFwuiW-TfGxhi-0x3czqTYJkG8qB17ZUJiVF10Xm7NLVRSLUsfRTU-6h1e24VvRnXCx-hG7li58lkzog-- <- @types/markdown-it 14.1.2
+ nodelite-2-ptOnn4AJczY5njvbdK91k4hcYazDnGtEPrqIwEI-k-CTBHNdb27Rsm2OZ7ye6f7otLBqF8gj-hK6QzJs8CEMgw-- <- @react-native-community/cli-tools 13.6.6
+ nodelite-2-puIMWaX9QlRsbhxfDc5i-mNPMY-0TmQEskunY1rZEBPi1acBCVQAhnsk-1Hk50DGPtVsZtAWQg4NHGlVaO9Hqg-- <- @stablelib/ed25519 1.0.3
+ nodelite-2-puUZAUKT5m8Zzvs72XWy3HtvVbTWljRE66cP60bxJzAqf2DgICo7lYTY2IHUmLnNpjYvw5bvmoHvPc0QO2a62w-- <- hosted-git-info 7.0.2 (9.0.2 is available)
+ nodelite-2-puyri6ApkEHYiVl4CFzo1tDkAZ-ATcnbJrJ6RiBM1Fhctdn-ix9MTE3hRph33omisEbC-2fcfemsseiKgBPKZg-- <- qrcode 1.5.3 (1.5.4 is available)
+ nodelite-2-py07lI0wjxAC-DcfK1S6G7iANonniZwTISvdPzk9hzeH0IZIshbuuFxLIU96OyF89Yb9hiqWn8M-bY83KY5vzA-- <- es-abstract 1.23.9 (1.24.2 is available)
+ nodelite-2-q-DkGWWS7pvSc1c4Hw1xD0RI-EplTe2PCyTCT0WuaswnodBytteKTqFOVVGadISLX0xhO25aANTFB4-TLwTBSA-- <- @graphql-codegen/visitor-plugin-common 5.6.1 (5.8.0 is available)
+ nodelite-2-q-tyWUVNenizuClEiaekx9FZj-STU1F3wpDK4PUIh3xh-OmUI5fw2dY3MaNDjyb5AyrS0M8BuQDeuoSuOR-Q7w-- <- @walletconnect/universal-provider 2.16.1
+ nodelite-2-q1b3N5QkRUWUl7iyylaaj3kOpIT0N2i9MqIEQXP73GVsN9cw3fdx8X63cEmWhJGi2PPCF23Ijp7ktmd39rawIA-- <- rfdc 1.4.1
+ nodelite-2-q1eDCsRHj5iLe7fF8RroGoPZpdo2CYMZzQSrw1iqL-2-GOeqapxxuJ1vaJkmDUkwgklfB22ufqG6KQnz78sD4w-- <- @walletconnect/utils 2.13.0 (2.16.1 is available)
+ nodelite-2-q39ik6sxGHewqtO0nP4BuSe3db5G1fEJE8ukvngS2gLkBXyy6E7pLubhbYgnkDFv6V8cWaxcE4Xn0t6LWcJkyg-- <- @stablelib/aead 1.0.1
+ nodelite-2-q3N1xS4vZpRouhYHDPwO0bDW3EZ6SK9CrrDHxi-D6BPReSjpVgWIOpLS2o0gSBZm-7q-wyKp6RVM1AeeW7uyfQ-- <- ts-essentials 1.0.4 (2.0.12 is available)
+ nodelite-2-q4DH1Ha4TTFPdxLsqDXK1d3-ioSL7yL5oCMJZgDYm6i-6CygW5E5xVr-D1HdsGxjt1ZWSfUAs9OxSB-BNelWrQ-- <- @jest/fake-timers 29.7.0 (30.2.0 is available)
+ nodelite-2-q5YBMeWy6E2Un0nMGWMgI65MAKtaylxfNJGJxpGh45YDciZB4epbWpaAfImil6CPAPTYB4sh0URQNDRIZG5F2w-- <- form-data 3.0.3 (4.0.6 is available)
+ nodelite-2-q6XAnWQDIMA3-FTiOYajoYqySkO-JSat0ytXGSuRdq9uXE7o92gzuQwQM14xaCRlBLGq3v5miDGC4vkVTn54xA-- <- @jsonjoy.com/base64 1.1.2
+ nodelite-2-q8Td2PPc6-6I73g96SreSUCKEcwMXCwcXSIAVTyTTN6CpJe0dMj8coxu1fg1T9vfBLi6Rsi6a4ECcFBbKabS5w-- <- @babel/plugin-transform-flow-strip-types 7.25.7 (7.27.1 is available)
+ nodelite-2-qAK-WrqWLNCP22UDdBTMPH5f41elVDlsNyat180A33dWxuUDyNpg6fPi-FyTZwRriVjg0L8gnjJn2F9XAoF0qw-- <- @changesets/should-skip-package 0.1.2
+ nodelite-2-qBIvFLGiBpLjfwmYAaHPXsn-ho5xZnGvyGvsarywGNc8VyQJUMHJ8OBKGGrPER0okBeMDaan4mNBlgBROxuI8w-- <- webidl-conversions 6.1.0 (8.0.1 is available)
+ nodelite-2-qctsuLZmIQ0-vSSMfoVvyFe2-GSEvnmZ2ezTup1SBse9-twCCeial6EEi3Nc2KFcf6-qz2FBPnjXsk8xhKSaPQ-- <- is-weakref 1.0.2 (1.1.1 is available)
+ nodelite-2-qEcY-KJYlWyLH9vNbsr6-5j59AXk5ni5aakf8ldzBvGde6Iz4sxZGkJyWSAueTG7QhOvNRYb1lDdFmL5Td0QKA-- <- which-typed-array 1.1.18
+ nodelite-2-qFOyK5PjiWZd-QQIh-1jhdb9LpxTF0qs7Pm8o5QHYZ0M3vKqSqzsZaEB6oWlxZ-q2sJBMI-Ktgd2N5ZwQoRHfg-- <- own-keys 1.0.1 (1.0.2 is available)
+ nodelite-2-qH-89H0bpmY6i8qNey2W-U8SZik9LGcHj8KuKWIOvkfLzf1rqrvJQRURVAcEY-YK3A47RD26vZmmRC55YS9-Jg-- <- @web3modal/common 5.0.0
+ nodelite-2-qIh9yYpdUFmctVqovwMdheVNJqFh-DQNWIhX87FJStfXYnmweBUDATok9fWPleKeFwxnW8IapKmY8m8toJEkAw-- <- @graphql-tools/utils 8.13.1 (9.2.1 is available)
+ nodelite-2-qIj0G9wZbMGNLjLmg1PT6v2mE9AH2zlnADJD-2tC6E00hgmhUOfEB6greHPAfLRSufHqROIUTkw6E-M3lH0PTQ-- <- axobject-query 4.1.0
+ nodelite-2-qiSlmBq9-BCdCA-L46dw8Uy93mloxsPSbwnm5yrKn2vMPiy8KyAskTF6zuV-j5BMsmOGZDPs7KjU-mjb670kfA-- <- dijkstrajs 1.0.3
+ nodelite-2-qJ-y0FfCp-mQYQ-vWQ3s7eUlFEL4PyKfAJxsnYTJ4YT73nsJBWqmEpFryxV9OeUiqmsTsYJ5Y-KDNaeP31wrRw-- <- eslint-plugin-prettier 5.2.3 (5.5.6 is available)
+ nodelite-2-qJj60CXt7IU1Ffyc3NJMjh6EkuCFej46zUqJ4J7pqYlThyd9bO0XBTmcOIhSzZJVWfsLks0-nle-j538YAW9RQ-- <- tar-stream 3.1.7 (3.2.1 is available)
+ nodelite-2-qKA6Pvai73-M2FtftpNKRxJ78GIjmFXFxd-1DVBqGo-qNhLSfv-G12n9pNoWdytJC8U00TrViOwpjT0zgqQS8Q-- <- esbuild 0.25.3 (0.28.2 is available)
+ nodelite-2-qkf4trmKSIiMTs-E63cxH-ojC2unam7rJ0WrauAzpT3ECNTxGRMlaXxVbfxMUC-w0LaYk6jQ4y-nGR9uBO3tww-- <- tinyglobby 0.2.12 (0.2.17 is available)
+ nodelite-2-qkhJeuQU2afQTZ02yMZE5SFc91Fo3hyFjFkpQglHudENNyiSG0oUKcIjky8X32xVSaumgTZSQUAzpXnCTWHzKQ-- <- @wallet-standard/wallet 1.0.1
+ nodelite-2-qMCMfhY040cVHT43K9BFygqYbUPFZKHOg7K73mtTWJRb8pyP3fzf4Ixd5SzdEJQ6MRUg-WBnOLxghZtKKurENQ-- <- slice-ansi 4.0.0 (7.1.2 is available)
+ nodelite-2-qMlSxKbpRlAridDExk92nSobyDdpPijUq2DW6oDnUqd0iOGxmQjyqhMIihI9-zv4LPyZdRje2cavWPbCbWm3eA-- <- @babel/helper-string-parser 7.27.1 (8.0.0-beta.4 is available)
+ nodelite-2-qO3aKv3HoQC8QKiNSTuUM1l9o-XX3-c-VTgLHbJWHZGeTPVAg2XwazI9UWzoxjIJCGCV2zU60uqMzjeLZuULqA-- <- vite 5.4.19 (7.3.6 is available)
+ nodelite-2-qO4qCFjXqVTrcbPt-hQfhTQ-VhFsqNKOPtytgNKkKxSoEp3XPUQ8ObFuePylOIok5gjn69ry8XiULxCwot3Wfg-- <- path-case 3.0.4
+ nodelite-2-qOOzS1cBTWYF4BH8fVePDBOO9iptMnGUEZwNc-cMWnTV2nVLZ7VoNWEPHkYczZA0pdoA7dl6e7FL659nX9S2aw-- <- minipass 7.1.2 (7.1.3 is available)
+ nodelite-2-qoQprZvz5wQFJwMDqeseRXWv3rqMvhgpbXFfVyWhbx9X47POIA6i--dXefEmZKoAgOaTdaIgNSMqMIU61yRyzA-- <- @types/babel__core 7.20.5
+ nodelite-2-qP1vozQRI-BMOPcjFzrjXuQvdak2pHNUMZoeG2eRbiSqyvbEf-wQtEOTOX1guk6E3t36RkaqiSt8A-6YElNxLQ-- <- is-interactive 2.0.0
+ nodelite-2-qpCAvRl9stuOHveKsn7HncJRvv501qIacKzQlO--Lwxc9-0q2wLyv4Dfvt80-DPn2pqOBsJdDiogXGR9-OvwRw-- <- supports-color 7.2.0 (9.4.0 is available)
+ nodelite-2-qQbW94hLHEqCg7nhby4yRC7G2-jYHY4Rguc2bjw7Uug4GIJuu1tvf2uHaZv5Q8zdt-WKJ6qK1FOI6amaWUo5FA-- <- pidtree 0.3.1 (0.6.1 is available)
+ nodelite-2-qqnD1yMU6tk-jnaMosogGySTZP8YtUgAffA9nMN-E-rjxcfRQ6IEk7IiozUjgxKoFHBGjTLnrHB-YC45r-59EQ-- <- es-module-lexer 1.6.0 (2.3.2 is available)
+ nodelite-2-qsda-H8jTaUaN-x5vzW2rzc-8Rw4TAQ-4KjB46IwK5VH-IlVeeeje-EoZRpiXvIqjFgK84QffqPztGI3VBLG1A-- <- leven 3.1.0 (4.0.0 is available)
+ nodelite-2-qsITQPfmvMOSAdeyZ-12I1c-CKSstAFAwu-97zrnWAbIr5u8wfsExUzCesVLC8NgHuRUqNN4Zy6UPWUTRGslcA-- <- form-data 4.0.3 (4.0.6 is available)
+ nodelite-2-qSVyDTeMotdvQYoHWLNGwRFJHC-i-ZvdBRYosOFgC-Wg1vx4frN2-RG-NA7SYqqvKNLf39P2LSRA2pu6n0XYZA-- <- styled-jsx 5.1.6 (5.1.7 is available)
+ nodelite-2-qTxFi6Buiu8-50--3DGIWLHM6QuWsEKugJnnP6iv2Mc4ncxE4A-OJkjuVOA-5X0X1S-nq5VJRa8Lu-nwcvbrKA-- <- @types/prompts 2.4.9
+ nodelite-2-quJQXlTSUGL2LH9SUXo8VwsY4soanhgo6LNSm84E1LBcE8s3O0wpdiRzyR9z-ZZJMlMWv37qOOb9pdJlMUEKFQ-- <- ansi-regex 5.0.1 (6.3.0 is available)
+ nodelite-2-quS9HgjQpdaXOvsZz82Oz7uxtXiy6UIsIQcpBj7HRw2M63Skasm9qlDocAM7jNuaxdhpPU7c4kJN-gA5MCu4ww-- <- cheerio 1.0.0 (1.2.0 is available)
+ nodelite-2-qXUm7e-YKFoqFPYPa3Ukg9xlI5cyAtGmyEIzMfW--m6kXwCy2Ps9DYf5ioijFKQ8qyuscrHoY04iJGctu2Kg0Q-- <- marked 12.0.2
+ nodelite-2-qYg9KP24dD5qka9J47d0aVky0N-b4fTU89LN9iDnjB5waksiC49rvMB0PrUJQGoTmH50XPiqOvAjDfaijGxYZw-- <- resolve-from 5.0.0
+ nodelite-2-qyRplbeIpNZhmzOysF-wFMuP9sctmh2cFzRAZOn1YapxBsE1i9bJIY586R-WBLfLcmcBlM8ROBiQURnnNy-zfA-- <- @babel/template 7.26.9 (8.0.0-beta.0 is available)
+ nodelite-2-r-H9MzAWtrv8aSVjPCMFpDMl5q66GqtmmRkRjpHTsp4zBAa-snZyiQNlMONiUmEJcsnaw0wCauJ2GWODr-aFkg-- <- real-require 0.1.0 (0.2.0 is available)
+ nodelite-2-r-ihvQJvahgYT50JD05dyJNKlmmSlMoOGwn1lCcEzanPglg7TxYjioQUYehQ9mAR--hOSd2jRc-Z2y5UxBymvQ-- <- bs58 5.0.0
+ nodelite-2-r-W8lkHSiTLxUxW8Rf3u4HGB0xQweG2RyETjywylKZSzLWoWAijRz8WCuOtJ6wah-avllXBqZuk29HCCvhEIRg-- <- ethereum-cryptography 2.2.1
+ nodelite-2-r0QY7NVU8OnrwE-w2IWiRom0wwsTbjx4-xH2RTd7AVdof3uurXOF--mXHQDRk-2jIvWgSaCHKMgggfvM4dyUGA-- <- @babel/plugin-transform-react-display-name 7.25.7 (7.29.7 is available)
+ nodelite-2-r1-Kju9Y8OxRRdvna-nxpQIsMsRQn9dhhAZt94FLDeu0Hij2hnOozW8iqnHBgvu-KdnJppCveQwK4odwfw-aWQ-- <- @changesets/git 3.0.2 (3.0.4 is available)
+ nodelite-2-r154Rk8YtJA0My8Nu5v4e58n3y85atG4WlxekTQ-DT4toqiMtprqn5LrHuNVAhbpsOfUHPv6EFMj9k-FdDvgDA-- <- syncpack 12.3.3
+ nodelite-2-r17GxjhUCjSRy8aiJpr8-UadFIzMzJGexI3Nmz4ADi9LYSFx4gTBp80-NaX-YsXWWLhpZ7v-v-ubEc-bCNfKwg-- <- des.js 1.1.0
+ nodelite-2-r1bzfrm0tomOI8g1SzvCaQHo6Lcv6zu0EA-W2kHrt8dyrHQxGzBBL4kdkzIS-jBMV-EYcMAEAqXqYaLJq5rOZg-- <- @types/babel__traverse 7.20.6 (7.28.0 is available)
+ nodelite-2-r6lPcBGxZXlIcymEu7InxDMhdW0KDxpLgoFLcguasxCaJ-SOIZwINatK9KY-tf-ZrlywOKU0UDj3ATXUBfxJXA-- <- wrap-ansi 6.2.0 (9.0.2 is available)
+ nodelite-2-r6QZ069rFTjrEYgFdOck1gK7FLVsgJE7tTz0pQBczlBNUhBNk0MQH4UbnFSwjpQLMkLzgqvBBa-qGpLje16eTQ-- <- @types/react 18.3.11 (19.2.9 is available)
+ nodelite-2-ra9fsNWayuYumt-NiM069M6OkcRb1FZSK8bgi66AtpFoWkg2-y0bJSNmkFrWhMbEBbVKC-EruAHH3g0zmtwGmQ-- <- playwright-core 1.50.1 (1.62.1 is available)
+ nodelite-2-rbdstM1HPGvr7jprQkyPggX7rP4XiCG85ZA-zWBEX0dVQg8PpAgRUqpeub4xQKDgY7pY-xLRXSiCVdWGqvG2HA-- <- @walletconnect/modal-ui 2.6.2
+ nodelite-2-rBJeI5CXAlmy1pV-617WB9J63U6XcazHHF2f2dbJix4XzpUF0RS3Zbj0FGIOCAva5P-d-GBOYaACQ1w-0azUkg-- <- universalify 0.1.2 (2.0.1 is available)
+ nodelite-2-rBMvIzlpA8v6E-SJZoo--HAYqsLrkg7MSfIinMPFhmkorw7X-dOXVJQs-QT69zGkzMyfDnIMN2Wid1-NbL3T-A-- <- define-data-property 1.1.4
+ nodelite-2-rcOwbfvP1WTViVoUjcfZicVzjhjTuhSMntHh6mW3IrEiyE6mJyXvsToJUJGlGlw-2xU9P5whlWNGlIDVeCiT4A-- <- errorhandler 1.5.1
+ nodelite-2-rdV97N7KqsRzeNGoWUOK6yUsWarLjE5Su-Snk9IYPU9CwkWHs4t-rTGOvffTR8XGkJMTAdLfO0xVnXm8wugIJg-- <- @babel/plugin-syntax-import-assertions 7.22.5 (7.29.7 is available)
+ nodelite-2-reYkTUJAZb9gUuZ2RvVCNhVHdg62RHnJ7WJl8ftMi4diZ6NWlciOzQN88pUhSELEwflJht4oQDv0F0BMlwaYtA-- <- detect-indent 6.1.0 (7.0.2 is available)
+ nodelite-2-rfT93uj5s0PRL7EzccGMs3brplhcrghnDoV26NqKhCAS1hVo-WdNsPvE-yb6ilfr5hi2MEk6d5EWJTKdxg8jVw-- <- @types/aria-query 5.0.4
+ nodelite-2-rg9zJN-G4n2nfJl5MW3BMygZX56zKPNVEYYqq7adpmMh4Jn2QNEwhvQlFy6jPVdcod7txZtKHWnyZiA3a0zP7A-- <- jiti 2.4.2 (2.7.0 is available)
+ nodelite-2-rH-46sQJ2dlwfjfhCyNx5thzrv-dtmBIhPHk0zgRUukHzZ-kRueTJXoYYsclBaKcSMBWuGbOFXtioLpzTb5euw-- <- image-size 1.2.1 (2.0.2 is available)
+ nodelite-2-rHHX-30R3Kkx2aZeR7-8-jU0s6h1cNPMAKOvcMUGVmoiuh46F1sxzmiswHLg6CuLrQ0ikhpdhn3ehFSJwHgp2Q-- <- @algolia/client-query-suggestions 5.20.1 (5.57.0 is available)
+ nodelite-2-rIsE83Xpb7clHPVRlBj8qNe5L8ISQOzjghYQm-dZ7VaM2KHYwMW5adjQjrzTZCchFnNCNhkwtnOBa9HTMJCI8w-- <- @stablelib/random 1.0.2
+ nodelite-2-rJgTQnkUnH1sFw8yT6VSU3zD3sWmu6sZhIseY8VX-GRu3P6F7Fu-JNDoXfklElbLJSnc3FUQHVe4cU5hj-BcUg-- <- object-assign 4.1.1
+ nodelite-2-rKQcJ-o1nKNgeoYRHKOS07tAMNd3YSN0uHaJOZYjBAgxfV7TUE7JE-z4BzZdQwb5hKaYbayKN5KrYV7ODb2rAA-- <- @changesets/types 6.1.0
+ nodelite-2-rmaLeE34rj7py4FxTod7iMTC7BAsm-HrGA8WxYmEJeyTV7WSaxAkosKoYBz8038mOiwnG9VwA-7FrB6bEQvn1A-- <- @react-native/virtualized-lists 0.74.83 (0.81.5 is available)
+ nodelite-2-rp3So07KcdmmKbGvgaNxQSJr7bGVSVk5S9Eq1F-ppbRo70-YeaDxkw5Dd8NPN-GD6bjnYm2VuPuCXmpuYvmCXQ-- <- safe-buffer 5.2.1
+ nodelite-2-rq9s-JNhf0IChjtDXxllJ7g41oZk5SlXtp0LHwyA5cejwn7vKmKp4pPri6YEePv2PU65sAsegbXtIinmDFDXgQ-- <- acorn-jsx 5.3.2
+ nodelite-2-rRqJg-6gd538VHvR3PSrdRBb-1Vy2YfzHqzvbhGIQpDRKIa4FgV-54b5Q1xYSxOOwKvjXweS26E0Q-nAMwp2pQ-- <- enquirer 2.4.1
+ nodelite-2-rrVRZRELyQzrIUAVMHxP97kv-G786pHmOKzuFII8zDYahFBS7qnHh2AlYSl1GAHhaMPCz6-oHjVMcfFYgFYHgA-- <- mlly 1.7.1 (1.8.2 is available)
+ nodelite-2-rS46PvsjYmdmuz1OAWXY-1kCYG7pnf1TBqeTiOJr1iDz7s5DLxxC9n-ZMknLDxzYzNVfI7R95MH10emSSG1Wuw-- <- jsc-android 250231.0.0
+ nodelite-2-rtsNY1XqHvWj0EtITNeuf8PHMvlCLiS3EjQL-WOkxEOA4KPxsohFnBDeyPYiNm4ZvkQdLnece36opYidmtbmow-- <- @walletconnect/jsonrpc-provider 1.0.14
+ nodelite-2-ruw5xyKs6lrpo9x9rCZqZZnIUntICjQAd0Wsmp396Ul9lN-h-ifgVV1x1gZHi8euej6wTfpqX8j-BFQxF0NS-g-- <- parse5-htmlparser2-tree-adapter 7.1.0
+ nodelite-2-ruZOnKO-ajVL-MVx-PwNBPOkrnXTXoWMtte1MBpegfCArhqOe3Bj52avVj1huLLxNKYKXYaSxZ2F-woK1ekXfw-- <- @babel/plugin-syntax-jsx 7.25.7 (8.0.0-beta.0 is available)
+ nodelite-2-rVksvsnNCdJ-ohGc6xgPwyN8eheCxsiLM8mxuE-t-mOVqJewPuO1miLpTHQiRgTKCLexL4MeAFVagts7HmNZ2Q-- <- yocto-queue 0.1.0 (1.2.2 is available)
+ nodelite-2-rvm6hunfCcqegwYaG5T4yKJWxc9FXFgBVrcTZ4XfSVRwa5HA-Xs-vB-Eo9treYYHCeNM0nrSUr82V-M31Urc7A-- <- json-to-pretty-yaml 1.2.2
+ nodelite-2-ryERPIBOnvevAkTq-L1lD-DTFBRcjueL9lOUfXsLfwP92h4e-Heb-PjiqS3-OURWPtywfafK0kj--yDFjWUmrA-- <- @vitest/mocker 3.0.9 (4.0.7 is available)
+ nodelite-2-rzo-hmUqX8zmOdamDAeydfjsGXbbdtAFqMhmocnh2j9aDYqbu0fjXygjCa0T99Od9VQ-2itwaGrjZz-ZELVl7w-- <- lit 3.1.0 (3.2.1 is available)
+ nodelite-2-rZPNPKTOYVNEEKFaq1HqTgOwZD-4-YHS5ukLzQCypkj-OkYx7iv0mA91lJlpPPZ8vMau3IIGj5Qlwrx-8iiSmg-- <- promise 8.3.0
+ nodelite-2-s0ZZzd0BzYv5tLSptZooSjK8oj6C-c19p7Vqta9-6NPOf7r-fxq0cJe6-oN4LTC79sy5NY8ucOJNgwsKCSbfqg-- <- temp 0.8.4
+ nodelite-2-s2Tx2n2duxt-sHtuWXrN9yZVaHaYqcEcjwlTD-55-vs5NUPlISf-fFmZLwSeX1kUlrSBrAuxPUcqQuRTKcjLOA-- <- @walletconnect/sign-client 2.16.1
+ nodelite-2-s4Jrok82JpiaIprtY2nHsYmrThKvvwgHwjgd7UMiYhZaN0asdXNLr0y-NjTfkA7SyQE5i2Fb7eawUOZmLvyqOA-- <- @babel/plugin-transform-destructuring 7.27.3 (8.0.1 is available)
+ nodelite-2-s734HmYU78MVzZ--joYM-NkJusItbdRcbm-AGRgJCt3iA-yux0QpD9cBVdz3tKyrjVYWRl7j0mHSmv4lhV0aoA-- <- @babel/plugin-transform-class-static-block 7.27.1 (8.0.1 is available)
+ nodelite-2-s7vyL3LzUKm3Qwf36zRWlavX9BQMZTIq9B1almM63M5xBuSldnsTHCmsXzoF-Kyw4k7Xgas7yAyJz9VR-vcP1A-- <- @shikijs/core 2.3.2 (3.22.0 is available)
+ nodelite-2-s9O3fByZ-2pyYDPoLM6zt92yu6P4E39a03zvO0qCHOTjxmt3GHRMLuRZEWhWLASTMSrrnVNWdVI--pUElJBBBg-- <- @parcel/watcher-linux-x64-glibc 2.4.1 (2.6.0 is available)
+ nodelite-2-saLsH7WeYYPiD25LDuLRRY-i-6HaPYr6G1OUlN39otzkSTxKnubR9RTxS3-Kk50s1g2JTgFwWQDQyplC5-SHZg-- <- pirates 4.0.6 (4.0.7 is available)
+ nodelite-2-sauLxniAmvnhhRjFwPNnJKaPFYyddAgbYdeUpHULtCT-GhzdCx-MDNy-Y40lBxTQUrMzDE8e0S43Z5uqfO0REg-- <- minimatch 6.2.0 (9.0.9 is available)
+ nodelite-2-sB7vSrDnFa4ezWQk9nZ-n0FdpdUuC6R1EOrlU3DL-bovcNFK28rqu2emmAUjujYEJTWIgQGqgVVWUZXMnc8iWg-- <- edge-paths 3.0.5
+ nodelite-2-sbxFDpYnt5WFbxQ1xozwOvh5A7IftqSI0WnE9O7KsQIOi0ej2dvFbfOW4tmFkvH-YP8KJELo5AhP2-kEq1DpYA-- <- @napi-rs/magic-string-linux-x64-gnu 0.3.4
+ nodelite-2-scB3nz4WmG75pV8-3eRUQOHZlNSUhFNq37xnpgRkCCELU3XMvXAxLk1eqWWyE22Ki4Q01Fnsw9BA3cJHDPgn2Q-- <- eslint-plugin-jsx-a11y 6.10.2
+ nodelite-2-sdQSFB7-llfUcQHUQO3-B8ERRj0Oa4w9POWMI-puGtuf7gFywGmkaLCElnudfTiKZV-NvHqL0ifzdrI8Ro7ESA-- <- damerau-levenshtein 1.0.8
+ nodelite-2-seS2Tj26TBVOC2NIc2rOe2y2ZO7efxITtLZcGSOnHHNOQ7CkiUBfw0Iw2ck6xkIhPwLhKNLS8BO-hEpngQlqzw-- <- resolve-pkg-maps 1.0.0
+ nodelite-2-sf4i37nQ2LBx4m3wB74y-ubopq6W-dIzXg0FDGjsYnZHVa1Da8FH853wlL2gtUhg-xJXjfk3kUZS3BRoQeoQBQ-- <- totalist 3.0.1
+ nodelite-2-sHNZ8b5tK7TvXMiiKK-89UsXnFthnAZc0vpwvDKygdTqvsfmfJPhthx36eHTAVYfh7NnA1-eqZsT-hMUGeZFkQ-- <- @algolia/ingestion 1.20.1 (1.57.0 is available)
+ nodelite-2-shrVawQFojnZv6xM40anx4CkoDP-fZsw-ZerEMsW-pyzsRbElpsL-DBVW7q3ExxwusdNXI3lXpuhEZkzs8p5Eg-- <- color-string 1.9.1 (2.1.2 is available)
+ nodelite-2-si7QWI6zUMq56bESFvagtmzMdGOtoxfR-Sez11Mobfc7tm-VkUckk9bW2UeffTGVUbOksxmSw0AA2gs8g71NCQ-- <- wrap-ansi 8.1.0 (9.0.2 is available)
+ nodelite-2-sJOdmRGrY2sjNTRMbSvluQqg-8X7ZK61yvzBEIDhz4f8z1TZFYABsqjjCBd-0PUNE9M6QDgHJXQkGUEm7Q-l9Q-- <- npm-run-path 5.1.0 (6.0.0 is available)
+ nodelite-2-sKJf1-ceQBr4SMkvQnBDNDtf4TXpVhVGateu0t918bl30FnbE2m4vNLX-VWe-dpjlb-HugGYzW7uQXH98HPEYw-- <- has-flag 3.0.0 (4.0.0 is available)
+ nodelite-2-skM-gzNX4shPkqmdTCSoHtJAPMTtmIJNS0hE-xwTTUVYwezArCT34NMermABmBVUg5Ls5aiUXEDXfqwR1oVkcA-- <- @tanstack/query-core 5.66.4 (5.90.2 is available)
+ nodelite-2-sNPKHvyjVf7gyjwS4xGTaW-mCnF8wnjtifKBEhxfZ7E-S8tQ0rssrwGNn6q8JH-ohItJfSQp9mBtQYuTlH5QnA-- <- magic-string 0.30.17
+ nodelite-2-sPhkz0ARKbf4rRQt2hTpAHqn47X3llLkUGn-xEJzLjwY8LRs2p0v7ljvI5EyoRO-mexrNunNECisZs-gw2zz1w-- <- browserify-cipher 1.0.1
+ nodelite-2-sPU4uV7dYlvtWJxwwxHD0PuihVNiE7TyAbQ5SWxDCB9mUYvOgroQOwYQQOKPJ8CIbE-1ETVlOoK1UC2nU3gYvg-- <- mime-db 1.52.0 (1.54.0 is available)
+ nodelite-2-srES0ZcvwkR-wd5OQBRA1bIJMww1skfGS0s8wlwK3-oNP4-wnds60krvu5R1QbpRQjMmpG5OMIWro5s7gvDPsA-- <- eth-query 2.1.2
+ nodelite-2-sRu1kpcO9yLtYxBKvqfTeh9KzZEwO3STyX1HT-4CaDzC6HpTGYhIhPIzj9XuKU7KYDwnaeh5hcOwjy1QuJzBPA-- <- ajv 8.12.0
+ nodelite-2-sRVD3lWVIXWg6By68ZN7vho9a1pQcN-WBFaAAsDDFzlJjvoGx0P8z7V1t72grFJfJhu3YPZBuu25f7Kaw2jN1w-- <- fastq 1.17.1
+ nodelite-2-sTSfBjoXBp89JvIKIefqw7U2CCebsc74kiY6awiGogKtoSGbgjYE-G--l9sF3MWFPNc9IcoOC4ODfKHfxFmp0g-- <- get-proto 1.0.1
+ nodelite-2-sVDA58zAw4eWAffKOaQH5-5j3XeayukzDk-ewSsnv3p4yJEZHCCzMDiZM8e0OUrRvmpGZ85jf4yDHkHsgBNr9Q-- <- @types/linkify-it 5.0.0
+ nodelite-2-sVUpc0Vq3tXCkDGYVWGIZTRfnvu8LoTDaev7vbwh0omSvVORONr960MQWdKqJDCReIEmTj3PAr73O3aoxz7OPg-- <- @scure/bip32 1.4.0 (1.6.2 is available)
+ nodelite-2-sYdemWSlk66bWzW2wp79kcPMzwuG32x1ZF3otI0QZTmrnTaaTiGyhE66P1z6KR4n2Eu5QXiABa6EWbAQv0r8bw-- <- metro-file-map 0.80.12 (0.83.2 is available)
+ nodelite-2-t-Ygsytq-R995EJ5PZlD4Cu56sWa8InXySaViRzw9apusqsOO2bQP-SbYzAhR0pFKoB-43lYy8rWban9JSuXnA-- <- data-view-byte-offset 1.0.0 (1.0.1 is available)
+ nodelite-2-t0rzBq87m3fVcduHDUFhKmyyX-9eo6WQjZvf51Ea-M0Q7-T374Jp1aUiyUl0GKxp8M-OETVHSDvmkyPgvX-X2w-- <- type-fest 0.21.3 (5.4.1 is available)
+ nodelite-2-t6wbgtoCXvAzst7QgXxJYqPt0usEfbgQdftEPbLL-cvv6HPE5VgvqCuAIDR0NgU52ds6rFwqrgakNLrHEjCbrQ-- <- cliui 6.0.0 (9.0.1 is available)
+ nodelite-2-t7hw9pI-WvuwNJXwk5zVHpyhIqzg2qTlklJOf0mVxGSbe3Fp2VieZcduNYjaLDoy6p9uGpQEGWG87WpMKlNq8g-- <- locate-path 5.0.0 (7.2.0 is available)
+ nodelite-2-t96EPDMbtGgtb7onKKqxRLfE5g05k7uHnHRM2xdE6BP-ZmxaLtPek4J4KfVn-90IQNrU1IOAqMgiDtUdtbe3nw-- <- @scure/bip32 1.6.2
+ nodelite-2-taOaskGt4z4SOANNseOviYDvjEJinIkRgmp7LbKP2YTTmVxWBl87s-uzK9r-44BclBSp2X7K1hqeNfz9JbBeXA-- <- hash.js 1.1.7
+ nodelite-2-tbsV1jPne5CkFQCgPBcDOt30ItF7aJoZL997JSF7MhGQqOeT3svWRYxiqlfA5RUdlHN6Fi-EI9bxqbdyAUZjYQ-- <- @typescript-eslint/parser 6.21.0 (8.8.0 is available)
+ nodelite-2-tdN8qQGvNjw4CHbY-XXk0JgCXn9QiF21a55rBe5LJAU-kDyC4WQn4-awm2Xfk2lQMk5fKup9XgzTZtGkjBdP9Q-- <- prettier 2.8.8 (3.9.6 is available)
+ nodelite-2-tDNIz22aBzCDxLtVH--VnTfzxlfeK5CbqohpSqpJgj1Wg-cQbStNAz3NuqCs5vV-pjBsK4x4pN9HlVh7rcYRiA-- <- qs 6.11.2
+ nodelite-2-tdXZ2UdknEKQWKJP1KMNmuF5Lx3MymtMN-pvA-p-VEkhK8jVcQ1fzSy8KM9qRYhAf2-lV33hoMPKI-xaI9sADA-- <- @babel/plugin-transform-block-scoped-functions 7.22.5 (8.0.1 is available)
+ nodelite-2-tE2UXzivje6ofPW7l23cjDOMa09gb7xlAqG6jG5ej6uPV32TlWP3NKPigtaGeHNu9fohccRYvIiZMfOOnOYUtg-- <- is-string 1.0.7 (1.1.1 is available)
+ nodelite-2-tEF5I22zJnuclswcZMc8bDIrwRHRzf-NqVEmqg50ShAZMP7MWeR-RGDthfM-p-BlqvF2fXAzpn8i-SJcYD3alw-- <- ramda 0.30.1
+ nodelite-2-tEYNll18pPKHroYSmLLrksq233j021G0giwW7P3D24jC54pQ5W5BXMsQ-Mvw1OJCmEYDgY-lrzT-3nNUtoNfXQ-- <- smol-toml 1.3.1 (1.5.2 is available)
+ nodelite-2-tGyy4dAjRIEwI7BzsB0lynWgOpfqjUdq91XXAlIWD2OwKBH7oCl-GZG-HT4BOHrTlPMOASlMQ7veyTqpmRcrNA-- <- tslib 2.4.1 (2.8.1 is available)
+ nodelite-2-th5B4L2U-eGLq1TVh7zNRGBapioSORUeymIydxgFpwww9d2qyKvtuPU2jJuHvYAwwqi2Y596QBL3eEqcPEYL8Q-- <- selfsigned 2.4.1
+ nodelite-2-thqK5QFghPKWLhAV321lxF95yCg2K3Ob5yw-M3VHWfdia0IkPXUtoLH8x-6Fh486QUvzhb8YOWHChTVen2-PoQ-- <- @babel/helper-split-export-declaration 7.22.5 (7.24.7 is available)
+ nodelite-2-tjwM5exMg6BGRI-kNmTntNsvdZS1X8BFYS6tnJ2hdH0kVxM6-eVZ2xy-FqStSWvYmtfFMDLIxurorHwDKfDz5Q-- <- bundle-name 4.1.0
+ nodelite-2-tK14r66JZKiC43p8Ki33yLBVJKlQDFoA8GYN67lWCDCqoL6EMMSuM9b-Iff2jHaM-RRFYl7K-iiru7hbRqNx8Q-- <- @babel/helper-skip-transparent-expression-wrappers 7.22.5 (8.0.0-beta.0 is available)
+ nodelite-2-tk2G5R2KRwBd-ZN0zaEXpmzdKyOYksXwywulIX95MBODjSzMIuQnQ3m8JxgbhnL1LeVo7lqQKsYa1O3Htl7K5g-- <- tr46 5.0.0 (6.0.0 is available)
+ nodelite-2-tLPErkze-HmC9aCmdZOhtVmYZq1wKfWTJtygQHoWtgg722Jd4homo54Cs4ak2RUFUZIGO2RsOpIcWipaua5D5Q-- <- @walletconnect/relay-api 1.0.11
+ nodelite-2-tmPX422rYgofd4epzrNoOXiE8XFZYOcCq1vD7MAXCDO-O-zndlA2ztdKKMa-EeuBG5tHETpr4ml4RGgpqDCCAg-- <- node-dir 0.1.17
+ nodelite-2-tN0MCzyWnoz-4nHS6uxdlFWoUZT7ABptwKPQ52Ea7URk6vll88bWBVhodtnlfEuCcKWNGoc-uGbw1cwa9IKh-w-- <- language-subtag-registry 0.3.22 (0.3.23 is available)
+ nodelite-2-tNOs3uD0vSJcK6z1fvef4Y-buN7DXhzHDPqRLSXUel1UfqMB1PWNsnnAezrKfEwTLpN0cGH2p9NNjs6IqeD0eg-- <- @stablelib/constant-time 1.0.1
+ nodelite-2-tnUA4RsrmflIM6W6RFTLFSXITtl0wKjgpnLgXyowocVPrbYrLUXSBXDgTs8BlbmIzIdlBySRQjINYs2BAkiLtw-- <- @babel/helper-module-imports 7.25.9 (8.0.0-beta.0 is available)
+ nodelite-2-tqrdd4zU9VBNqUaXXQASaexklv6A54yEyQQEXYOCr-Jz8Ket0dmPBDyg19LVSNUN2cipAghQc45-KVmfFJ0cYw-- <- @walletconnect/relay-api 1.0.10 (1.0.11 is available)
+ nodelite-2-tqsQiBQDQdmPWE1xkkBq4rlSW5QZpLOUJ5RJh2-9fug-q9tnUhuZoVLk7s0scUIKTOzEtR72DFBXI4WiZcMpvw-- <- @ethereumjs/rlp 4.0.1 (5.0.2 is available)
+ nodelite-2-tQvHWSZ3-jH2xuq-vZDy0jNn-ZdXJeM8gHvX4lnJmsc3-50yPlWdZXIc5ay-umX-2-tJIqHqiEqcJvxlmIvRvQ-- <- @babel/plugin-transform-export-namespace-from 7.27.1 (8.0.1 is available)
+ nodelite-2-tr7XntDAu50BVENgQfajMLzacmSe34D-qZc4zjnniz0ZVuw-TZcLcyxHQjYpJTM36sGEkZZlYLnIM1hH7alTMA-- <- detect-browser 5.2.0 (5.3.0 is available)
+ nodelite-2-trfYco6AoZ-rKhKnxA0hgX0HAbVP-s808-EuDSe2JDzUnCp-xAsli35Orvk67UrTEcwuxZqYZDmfA2RXJgxVvA-- <- bigint-buffer 1.1.5
+ nodelite-2-trnsAYxU3xnS1gPHPyU961coFyLkh4gAD-0zQ5mymY4yOZ-CYvsPqUbOFSw0aDM4y0tV7tiFxL-1XfXPNC6IPg-- <- @iarna/toml 2.2.5
+ nodelite-2-ts-8E8l5b7kY0vlWLewOkDXMmPdLcVV4GmOQLyxuSswIJsweeFZtAsMF7k1Nszz-TYBQrlYRmzOnr398y1JemQ-- <- walker 1.0.8
+ nodelite-2-ts6Wi-2j3jQjqi70w5AlN8DFnkSwC-MqmxEzdEALB2qXZYV3X-b1CTfgPLGJNMeAWxdPfU8FO1ms3NUfaHCPYg-- <- get-stream 6.0.1 (9.0.1 is available)
+ nodelite-2-tsaTIkKW9b4N-AEj-SVA-WhJzV7-zMhcSu78mLKWSk7cXMOSHsBKFWUs0fWwq8QyK3MgJBQRX6Gbi4kYbdvGkQ-- <- string-width 7.2.0 (8.1.0 is available)
+ nodelite-2-tskPPKEs8D2KPafUypv2gxwJP8h-OaJmC82QQGGDQcHvXX43xF2VDACcJVmZ0EuSxkpO9Kc4MlrA3q0-FG58AQ-- <- citty 0.1.6
+ nodelite-2-tSvCKtBr9lkF0Ex0aQiP9N-OpV4zi2r-Nee5VkRDbaqv35RLYMzbwQfFSZZH0kR-Rd6302UJZ2p-bJCEoR3VoQ-- <- has-bigints 1.0.2 (1.1.0 is available)
+ nodelite-2-tUd9srDLkRpe1BYg7we-c4UhRQkq-XQWswsr-L1xfGmoRDF47BPSXf4zE7ZU2GRBGvxtGt7lwJVAufQyQYhxTQ-- <- @solana/wallet-standard-features 1.2.0
+ nodelite-2-tuhGbE6CfTM9-5ANGf-oQb72Ky-0-s3xKUpHvShfiz2RxMFgFPjsXuRLBVMtvMs15awe45SRb83D6wH4ew6wlQ-- <- data-view-byte-length 1.0.2
+ nodelite-2-tUPXtzlGM8FE3P0ZL6DVs-3P58k9nk8-jZeQCurTJylQA8qFYzHFfhBJkuqyE0FifOsQ0uKWekiZ5g8wtr28cw-- <- pump 3.0.2 (3.0.4 is available)
+ nodelite-2-tVpsJW7DdjecAiFpbIB1e3qxIQsE6NoPc5-eTdrbbIC4h0LVsWhnoa3g-m2HclBIujHzsxZ4VJVA-GUuc2-LBw-- <- yargs-parser 21.1.1
+ nodelite-2-tvVnVv01b8c1RrA6Ep7JkStj85Guv-YrMcwqYQnwjsAS2cTmmPGBBjAjpCW7RrSodNSoE2-qg9O4bceNvUuDgQ-- <- run-async 2.4.1 (4.0.6 is available)
+ nodelite-2-txEAEKzYrHEX4xSZN4kJ-OfKXFVSWKB2ZxM9dpcE3wT7smwkNmXo5ORRlVzMVdJbD-Q8ILTgSD7959uj-3Dm3Q-- <- @babel/plugin-transform-optional-catch-binding 7.27.1 (8.0.1 is available)
+ nodelite-2-tY-msAuJo6ARbK6SPIxZrPBms3xPbfwBrulZe0Wtr-DIY9lje2HeV1uoebShn6mx7SjCHif6EjMvoREj-gZ-SA-- <- @octokit/auth-token 4.0.0 (6.0.0 is available)
+ nodelite-2-tYC1Q1hgyRuHgloV-YXs2w15unPVh8qfu-qCTfhTYamaw7fyhumKa2yGpdSo87vY32rIclj-4fWYQXUMs9EHvg-- <- quick-format-unescaped 4.0.4
+ nodelite-2-tycmZxkGfZaxhMRbXlPXuVFpdWlXpir2W4AMhSJgRKzk-eDlIXOhb2LHWoLpDF7TEHylV5zNhykX6KAgHJmTNw-- <- @babel/plugin-syntax-async-generators 7.8.4
+ nodelite-2-tyfW2cQcB5NN8Saijrhqn0Zh7AnFNsnczRcuWODH0eYAXBsJ5gVxAUuNr7tsHSC6IZ77cA0SitzT-s47kot8Mw-- <- bare-path 3.0.0 (3.1.2 is available)
+ nodelite-2-tzzskb3bG8LvYGFF-mDTpq3jpI6Q9wc3LEmBaghu-DdCssd1FakN7Bc0hVNmEyGq1bq3RgfkCb3cmQLpNPOroA-- <- mri 1.2.0
+ nodelite-2-u-jokLMwHVFUoUkfL-m-1hzucejL2639g9QXcrRdtN3WPHfW7imI83V96Oh1R0xVZqDjvcgp-7S8bSQpdVlmPA-- <- vite 6.1.6 (7.3.6 is available)
+ nodelite-2-u0piLU-nCOHMgGjRbimiXmA9kM-L9EHh3zL81xCdp7m-Y2pHIsnmbdDoEDoAz5geaonNR6q6-yOPQs6n4T6sBQ-- <- proxy-agent 6.4.0 (6.5.0 is available)
+ nodelite-2-u1S-xdODy-eEtjADqirA774y3jLcm8RPtYztwReEXoZKdzgsHYPl0s5V52Tst-GKzqjebkULT86XMSxejzfISw-- <- lightningcss-linux-x64-gnu 1.29.1 (1.31.1 is available)
+ nodelite-2-u3UPsIilWKOM3F9CXtrG8LEJmNxwoCQC-XVj4IKYXvvpx7QIi-Kg1LI5uDmDpKlac62NUtX7eLjRh-jVZcLOzw-- <- @jest/types 29.6.3 (30.5.1 is available)
+ nodelite-2-u4sej9B1LPSxTGKB-HiuzvEQnXH0ECYkSVQU39koSwmFAxhlEAFl9RdTvLv4TOTQUgBS5O3O5fwUxk6byBZ-IQ-- <- isomorphic-timers-promises 1.0.1
+ nodelite-2-u5otvFBOBZvmdjWLVW-5DAc9Nkq8f24g0O9oY7qw2JVIF1VocIFoyz9JFkuVOS2j41AufeO0xnlweJ2RLT8nGw-- <- undici 7.10.0 (8.10.1 is available)
+ nodelite-2-u9Smc2G1USStM-s-x1ru5Sxrl6mPYCbByG1U-hUmqaVsm4tbNyS7CicOSRyuGQYZhTu0h84qkZZQ-I-dzizSVw-- <- jsdom 16.7.0
+ nodelite-2-uaIjxokhFidJP-bmmvKSgiMzj2sV5GPHaZVAIktcxcpCyBFFWO-YlikVAdhmUo2vYFvFhOXIAlldqV29L8126g-- <- bare-os 3.6.1 (3.6.2 is available)
+ nodelite-2-uASiRmC5MwhuRuf05vq4AT48Pq8RMi876zV8rr8cV969uTOzWdB-k-Lj5yI2PBtB1bGQisGen7MM1GcZlQTBXw-- <- @walletconnect/heartbeat 1.2.2
+ nodelite-2-uB--PSo6Exu02b5ZEiVtmY6RVYO7YU5xqgzTIVZwTHvvK3HsL8tZZHFaTLFtRG3CsV4A5mhOv-NZx5BlhXPyIA-- <- @typescript-eslint/utils 8.23.0
+ nodelite-2-uB80kBFb-tfd68bVleG9T5GGsGPjJrLAUpR5PZIrhBnIaRTQRjqdJSsIKkOP6OAIFbj7GOrcudc5pNjZ-geV2g-- <- pify 4.0.1 (5.0.0 is available)
+ nodelite-2-uBbxNwimHi5Bv3hUccmOFlUy3ATO6WagTApenHz9KzoIdn0XeACdB12ZJ4cjhuB2WSi80Ez2FWzJnarccriJeA-- <- @babel/plugin-transform-shorthand-properties 7.25.7 (8.0.1 is available)
+ nodelite-2-uBHU3L3czsIyYXKX88fdrGovxdSCoTGDRZ6SYXtSRxLZUzHg5P-66Ht6uoUlHu9EZod-inXhKo3qQgwXUT-y1w-- <- source-map-support 0.5.21
+ nodelite-2-ucAnuBEhUK4boH2HjVYG5Q2mQyPorvv0u-ocS-zhdw0S8AlHYY-GOFhP1Gio5z4icpP2ivFSvhtFjQi8-T9ppw-- <- encode-utf8 1.0.3
+ nodelite-2-uDn-FE1yrDzyC0pCo961B2IHbdM8y-ACZsKD4dG6WqrjV53BADjwa7D-1aom2rsNVfLyDgU-eigvlJGJ08OQ4w-- <- es-iterator-helpers 1.2.1 (1.4.0 is available)
+ nodelite-2-ueoplzHIgFfxhFrF4Mf-niU-tYHuO6Uekm2nCYU72qpI-7Hn9dA2-o5XOBvFXDk27Lp5VSvQY5WfmRbqwVxaYQ-- <- @graphql-tools/utils 10.2.2
+ nodelite-2-uHaJFihxmJcEX3kT4I23ABqKKalJ-zDrDg0lsFtc1h-3uw49SIJ5beyhx5ExVRti3AvKoOJngIj7xz3oylPdWQ-- <- lodash.flattendeep 4.4.0
+ nodelite-2-uhB3waGmujQVJcPgJvGOpB8RalgYSBT-HpmVbfl4Qe0xJyqpRUo4bPjQa0UYkrHaW20xIw94OuP4-FMLYdeemg-- <- @walletconnect/types 2.12.0 (2.16.1 is available)
+ nodelite-2-uhB8yHerfe3MWnuLAhEbeQ4afVoqv8BQsPqrTv7e-jZ9y00kJL6l9a-f4OWaKxotmjzewfEyXE1vgDJenkQ2-Q-- <- @babel/plugin-transform-regenerator 7.27.5 (8.0.2 is available)
+ nodelite-2-uIY-y3z0uvOGX8cp1C2fiC4-ZmBhp6yZWkojtHL1YEMnRt1Y63HB9TM17proGEmeG7HeUY-UP36F0aknKYTpYA-- <- @eslint/js 9.24.0
+ nodelite-2-uIyYIDBwLczmsp9JE5hN3ME8Xg-9WNBfSNXD69ICHrY9WPTzFf94UeTuavK7kwSKF3ro2eJbmNZItYOfnoovnw-- <- @wdio/logger 9.0.8
+ nodelite-2-uJcB-FKZtBMCJpK8MQji6bJHgu1tixKPxRLeGkNzBoOZzpnZUJm0jm2-sBDWcuBx1dYgxV4JU-g5hmNxCyAmdA-- <- confbox 0.1.7 (0.2.2 is available)
+ nodelite-2-ujits9tMqtWQQq4FI4-qnVPpJvSEn7ogKtyN-gfNT-ErIn6z1e4gyVGQpTK5sgAUXq1lW4gU-5fkFFC5-sL2rQ-- <- @graphql-tools/graphql-tag-pluck 8.3.1
+ nodelite-2-ulAk51I9UVUyJgxlv9M6lFot2WP3e7t8Kz9-IS6D4rVba1tR9kON-Ey69f-1R4Q8cd45Lod6a4IcJIxnzGc-zA-- <- system-architecture 0.1.0
+ nodelite-2-uorlqlzAKjKQZ5P-kTJr3eeJGSVroLKoHmquUj4zHWuR-hEyNqlXsSKlYYF5F4NI6nl7tWCs0apKJ0lmfsXAPA-- <- regex 6.0.1
+ nodelite-2-uspvXnhHvGKf2r4VVtBpeFnuDWsJLQ6MF6lGJLC89jBR1uoVeqM416AZtTuhTezOfgHicpJQmoD5YUakO-YmXQ-- <- @babel/plugin-transform-exponentiation-operator 7.27.1 (8.0.1 is available)
+ nodelite-2-uV2QOWP2nWzsy2aMp8aRibhi9dlzF5Hgh5SHaB9OiTGEyDTiJJyx0uy51QXdyWbtAHNua4XJzUKca3OzKUd3vA-- <- cross-spawn 7.0.6
+ nodelite-2-uVDC72XVf8UbrH5qQTc18Agb8emwjTiZrQE11Nv3CuBEZmVvTwwE9CBUEvHku06gQCAyYf8Nv6ja1IN-6LMbxQ-- <- @babel/helper-create-regexp-features-plugin 7.27.1 (8.0.1 is available)
+ nodelite-2-uW20S39PnaTImxp39O5qFlHLS9LJEmANjMG7SxIhap8rCHqu0Ik-tLEPX5DKmHn6CsWQ7j3lix2tFOa5YtL12Q-- <- @babel/plugin-transform-unicode-property-regex 7.27.1 (8.0.1 is available)
+ nodelite-2-uWlGT3YSnK9x3BQJaOdcZwrnV6hPpd8jFH1-ucpiLRPh-2zCVJKS19E4GvYHvaCcACn3foXZ0cLB9Wrx1KGe5g-- <- pascal-case 3.1.2
+ nodelite-2-uwvWvULIjYXj8KNuhAlLQ87Sdtg5-atgq2ab5H50OHOTSws4zZRZqScoPkBse3fcK1wXnlUfjyBx4Nmtmg3S0g-- <- @web3modal/scaffold 5.0.0
+ nodelite-2-uxFIHU0YlHYhDQtV4R9J6a52SLx28BCjT-4ieh7IGbgwVJWO-km431c4yRlREUAsAmt-uMjQUyQHNEPf0M39CA-- <- punycode.js 2.3.1
+ nodelite-2-uZ25-bUAlUY5fR4OKT4rZQEBrzQWYV9ZJYGGsUmEJ6thodVJ1HX64ePQ6Z0qPWP-m-Uq6e9UugrE38jeYsDSMw-- <- is-typed-array 1.1.13 (1.1.15 is available)
+ nodelite-2-uzdd9woDcJ1AaBZRhqy5rNC9laqWGErfc4dxA9a87mPdKOgWMD85mcFo9dIYIts-Jwocfwn07EC6EzclKubk-g-- <- @walletconnect/time 1.0.2
+ nodelite-2-v-EYRXnCAIHxOHW-Plb6OWuUoMotxTN0GLatnpOb1xq0KuTNw-WI3pamJx-UbsoJP5k9MCw1QxvvhPcF9pH3Zg-- <- @microsoft/tsdoc-config 0.17.0 (0.18.1 is available)
+ nodelite-2-v-TSnFVXI8vzX9-w3DU2Ol-UlTZcu3m0kXTjTT4KlAdwSvwutcByYwyYn9hwerPWfPkT2JfpoX0KgvCEi8Q-SA-- <- @changesets/get-github-info 0.6.0 (0.7.0 is available)
+ nodelite-2-v05I2k7xN8zXvPD9N-z-uhXPaj0sUFCe2rcWZIpBsqxfP7xXFQ0tipAd-wjj1YxWyWtUS5IDJpOG82JKt2EAVA-- <- readdir-glob 1.1.3
+ nodelite-2-v2kDEe57lecTulaDIuNTPy3Ry4gLGJ6Z1O3vE1krgXZNrsQ-LFTGHVxVjcXPs17LhbZVGedAJv8XZ1tvj5FvSg-- <- lodash 4.17.21 (4.18.1 is available)
+ nodelite-2-v3MXnZAcvnywkTUEZomIActle7RXXeedOR31wwl7VlyoXO4Qi9arvSenNQWne1TcRwhCL1HwLI21bEqdpj8-rA-- <- iconv-lite 0.4.24 (0.7.3 is available)
+ nodelite-2-v3Xu-yuwBXisp6QYTcH4UbH-xYJXqnq2m-LtQVWKWzYc1iehYnLixoQDN9FH6-j9-oybfd6W9Ghwkl8-UMKTKQ-- <- uglify-js 3.19.3
+ nodelite-2-vafaFqs8MZkRrSX7sFVUdo3ap-eNiLnb4IakshzvP56X5Nr1iGKAIqdX6tMlm6HcNRIkr6AxO5jFEoJzzpT8aQ-- <- handlebars 4.7.8 (4.7.9 is available)
+ nodelite-2-vafcv6KjVZKSgz06oM-H6GDBrAtz8vdhQakGjFIvNrHA6y3HCF1CInLy-QLq8dTJPQ1b-KDUqDFctkdRW44e1w-- <- string-width 3.1.0 (8.1.0 is available)
+ nodelite-2-vAkI715yhnmiPupY-dq-xenu5Tdf2TBQ66jLvBIcCddtz-5Q8LbMKaf9CIJJreez8fQ8fgaY-RaywQx8RJIWpw-- <- @nodelib/fs.scandir 4.0.1
+ nodelite-2-vavAMRXOgBVNF6nyEEmL3DBK19iRpDcoIwW-swQ-CbGiu7lju6t-JklA1MHweoWtadgt4ISVUsXLyDq34ddcwA-- <- strip-bom 3.0.0 (5.0.0 is available)
+ nodelite-2-vbavdySgbTTrmFE-EsiqUTzlOr5bzlnJtUv9PynGCAKvfQqjIXbvFdumPM-GxMDfyuGMJaJAU6TO4zc1Jf1i8Q-- <- @babel/runtime 7.27.6 (8.0.0-beta.0 is available)
+ nodelite-2-vbRorB5FUQWvla16U8R-qgaFIya2qGzwDrNmCZuYKrbdSUMG6I1ZCGQRefkRVhuOkIGVne7BQ35DSfo1qvJqFg-- <- escape-string-regexp 1.0.5 (5.0.0 is available)
+ nodelite-2-vBz65tJgRrA1Q5gWlRfvoH-w943dq9K1p1yDBY2pc-a1nbBLZp7fB9-Hk8DaALUbzjqlMfgaqlVPT1REJdkt-w-- <- @typescript-eslint/eslint-plugin 8.23.0
+ nodelite-2-vBZP4NlzfOlerQTnba4aqZoMhE-a9HY7HRqoOPaETQcSQuWEIyZMHGfVu6w9wGtGK5fED5qRs2DteVCjOH60sA-- <- @fastify/busboy 2.1.1 (3.1.1 is available)
+ nodelite-2-vdeb03bD8VzJUL6ZtzRYsFMq1eZQcM3EAzT0a3st59dyLfJ0wq-tKMpmGH7HlB7waD858UWgfIcudbPFsbzVdw-- <- @walletconnect/jsonrpc-utils 1.0.8
+ nodelite-2-ve2KP6f-JnbPBFyobGHuerC9g1FYGn-F8n1LWTwNxCEzd6IfqTwUQcNXgEtmmQ6DlRrC1hrSrBnCZPokRrDHjw-- <- undici-types 6.19.8 (8.3.0 is available)
+ nodelite-2-vE7JKRyES09KiunauX7nd2Q9-L7lhok4smP9RZTDeD4MVs72Dp2qNFVz39Nz5a0FVEW0BJR6C0DYrq6unoziZA-- <- pathval 2.0.0 (2.0.1 is available)
+ nodelite-2-veYYhQa-D1QBKznvhUHxb8faxlrwUnxseDAbAp457E0wLNio2bOSKnjYDhMj-YiAq61xrMGhQk9iXVk5FzgQMw-- <- import-fresh 3.3.0 (3.3.1 is available)
+ nodelite-2-vHp-HqzGxORPAN8gY03qnbTMnhqIwjeRJNOMOAzePRg4xVEEE2WvYsI9G2NMjOknA8hnuYbU3-hwLcKbjhc8-Q-- <- @walletconnect/window-getters 1.0.1
+ nodelite-2-vIChWdVG3LG1SMxEvI-AK-FWJthlrqlTu7fbrlywTkkaONwk-UAGaULXRlf8vkzFBLVm0zkMdCquhL5aOjhXPQ-- <- @types/debug 4.1.12
+ nodelite-2-vikMY1TroyZXUHIXbMnvY-mjtOxMn-tavcfAeQPgWS9FHcgFSUoEtywF5B5sOLb9NXb8P2vb7odkh3nj15-00A-- <- @shikijs/engine-oniguruma 2.3.2 (3.22.0 is available)
+ nodelite-2-vILAg5nwGlR9EXE8JIOX4NHXd49lrYbN8hnjffDtoULwpL9hUx-N55nqh2qd0q6FyNDfjl9V79ecKGvFbcSA0Q-- <- @babel/plugin-transform-react-jsx 7.25.7 (7.29.7 is available)
+ nodelite-2-viYN1KX9m--hGkJtvYYp-CCLgnJXwiQB39damAO7WMdKWlIhmYTfHjwSbQeUK-20vY154mwezd9HflVFM1wVSw-- <- @img/sharp-libvips-linuxmusl-x64 1.0.4 (1.2.4 is available)
+ nodelite-2-vj6RsCsWBCf19jIeHEfkRMw8DPiBb-DMXklQ-1SGDHOMlHdPUkZXFQ2YdplS23zESTijAcurb1aSgJA3AgMu1Q-- <- safe-array-concat 1.1.2 (1.1.4 is available)
+ nodelite-2-vjAczensTgRcqDERK0SR2XMwsF-tSvnvlv6VcF2GIhg6Sx4yOIt-irsr1RDJsKiIyBzJDpCoXiWWq28MqH2cnQ-- <- dayjs 1.11.10
+ nodelite-2-vjDnRwhlSN5ryqKTas6-DPkxuouuyFBAqAROH4FR1cspTbn6v78JTZKDmtQy9JMMo7N5vZj1kASU5vbFep9IOQ-- <- @react-native-community/cli-platform-ios 13.6.6
+ nodelite-2-vju0lY9r27jJfOY4Z7-Rt-nIOjzJpZ3y-nYpqtUZInVoXQ-TJZcfGnNOGnKjFdVZb8qexiCuSlZRKcGfhhTTZQ-- <- @shikijs/core 1.29.2 (3.22.0 is available)
+ nodelite-2-vK9P5-iUfdl95AI-JVyUuIcVtd4ofvtrOr3HNtM2yxC9bnMbEdp3x01OhQNnjb8IJYi38VlTE3mBXwcfvywuSw-- <- https-proxy-agent 7.0.6
+ nodelite-2-vkcDPrRZo1QZLbn5RLGPpg-WmIQ65qoWWhcGKf-b5eplkkarX0m9z8ppCat4mlOqUsWpyNuYgO3VRyrYHSzX5g-- <- prelude-ls 1.2.1
+ nodelite-2-vKivATfr97l2-QBCYAkXYDbrIWPM2IIKEl7YPhjCvKlG3kE2gm-uBo6nEXK3M5-Ffh-FLpKExzOQ3JJoJGFKBw-- <- mitt 3.0.1
+ nodelite-2-vMgjE-GGEPEFnhFub6pa4FmJBRBVOLpIII2hvCZ8Kzb7K0hlHo7mQv6xYrBvCL2LtAIBwFUK8wvuJgTVSQ5MFQ-- <- strict-event-emitter 0.5.1
+ nodelite-2-vMpcL1lStUU6O-kdj6YdHDixh0odjPAUM15uJ9f7MY781jcYkIwFA4iv2EfoIPO6vBmvutI1HxxAwmf0cx5ISQ-- <- @vueuse/shared 12.5.0 (14.2.0 is available)
+ nodelite-2-vNk6aEwybGtawWmy-PzwnGDOjCkLWSD2wqvjGGAgOAwCGWySYXfYoxt00IJkTF-8Lb57DwOb3Aa0o9CApepiYQ-- <- @jridgewell/trace-mapping 0.3.25
+ nodelite-2-vq24Bq3ym5HEQm2NKCr3yXDwjc7vTsEThRDnkp2DK9p1uqLR-DHurm-NOTo0KG7HYHU7eppKZj3MyqYuMBf62g-- <- @nodelib/fs.scandir 2.1.5 (4.0.1 is available)
+ nodelite-2-vq7fv0rnt-QTXgPxr5Hjc210p6YKq2kmdziLgnsZGgLJ9e6VAShx1pACLuRjd-AS-sr7phAR58OIIpf0LlmQNw-- <- @testing-library/user-event 14.6.1
+ nodelite-2-vqiC06CuhBTUdZH-RYl8sFrL096vA45Ok5ISO6sE-Mr1jRbGH4Csnhi8f3wKVl7x8mO4Au7Ir9D3Oyv1VYMFJw-- <- mimic-fn 4.0.0
+ nodelite-2-vrN-B7DBIoTTZjnPNewwhx6cBA-H-IS7rfW68n7XxC1y7uoiGQBxaKzqucGUgavX15dJgiGztLJ8vxuEzwqBdA-- <- strnum 1.1.2 (2.1.2 is available)
+ nodelite-2-vs5t8Apaud9N28kgCrRUdEed4UJ-wWNvicHLPxCa9ENlYuAY31M0ETy5y1vA33YoNPDFTghEbnh6efaE8h4x0Q-- <- micromark-util-symbol 2.0.1
+ nodelite-2-vtA0uD4ibrYD793SOIAwlo8cj6haOeMHrGvwPxJsxH7CeIksqJ-3Zc06RvWTIFgiSqx4A3sOnTXpfAEE2Zyz6w-- <- socket.io-client 4.7.2 (4.8.3 is available)
+ nodelite-2-vVqVZQyf3WLx2Shd0qJ9xuvqgAyKPLAiqITEtqW0oIUjzo3PePDd6fW9iFz30ef7Ysp-oiWqbhszeGWW2T6Gzw-- <- mkdirp 1.0.4 (3.0.1 is available)
+ nodelite-2-vYl3iOX-4CKUWuxGi9Ukhie6fsqXqS9FE2Zaic4tNFD2N2QQaXOMFbuKK4QmDHC0JO6B1Zp41J0LpT0oR68amQ-- <- randombytes 2.1.0
+ nodelite-2-vYt7UD1U9Wg6138shLtLOvdAu-8DsC-ilFtEVHcH-wydcSpNE20AfSOduf6MkRFahL5FY7X1oU7nKVZFtfq8Fg-- <- punycode 2.3.1
+ nodelite-2-w-5mJ3GuFL-NjVtJlvydShqE1eN3h3PbI7-5LAsYJP-2qtuMXjfL2LpHSRqo4b4eSF5K-DH1JXKUAHSB2UW50g-- <- es-to-primitive 1.3.0 (1.3.4 is available)
+ nodelite-2-w0tiiRc9I4S5XSXXrMHOWgHgxbrBn1Ro-PmiYhSg2ZVdxrAJtQgzU5o2m1BfP6UOn7Vxcc6152vFjQfmZR4xEg-- <- @typescript-eslint/eslint-plugin 6.9.1 (8.8.0 is available)
+ nodelite-2-w28IoSUCJpidD-TGviZwwMJckNESJZXFu7NBZ5YJ4mEUnNraUn9Pm8HSZm-jDF1pDWYKspWE7oVphigUPRakIQ-- <- @types/estree 1.0.7 (1.0.9 is available)
+ nodelite-2-w2GsyukL62IJnlaff-nRegPQR94C-XXamvMWmSHRJ4y7Ts-4ocGRmTHvOs8PSE6pB3dWOrD-nueuU5sduBsQ4w-- <- react-is 17.0.2 (19.1.0 is available)
+ nodelite-2-w3Gdx7jDcuT9cNn9jExXgOyKmf5UOTb6WMHz8LGAm54eS1Elf5OuBhCxl6zJxGhEeIkgsE1WbHuoL0mj-UXqXg-- <- vite-node 3.0.9 (3.2.4 is available)
+ nodelite-2-w3IEMu5HfL-OaJTsMbIfZ1HRPnWVYRANeDtmsdIIEgUOcLjzFJFQwlnkckGjKHekEzNqlMLbgB-twnfZ-EEAGg-- <- @shikijs/engine-javascript 2.3.2 (3.22.0 is available)

Done in 1.5s
