Progress: resolved 1, reused 0, downloaded 0, added 0
Packages: +250
++++++++++++++++++++++++++++++++++++++++++++++++++++++++++++++++++++++++++++++++
Progress: resolved 250, reused 0, downloaded 246, added 245
Progress: resolved 250, reused 0, downloaded 250, added 250, done

dependencies:
+ nodelite-2-1bCSESV6Pv-i21Hvpxp3Dx-pSD8lIPt8uVjRrxAUt-nbswYc-tK6Y2btiULjd4-fnq15PX-nqQDC7Oft7WkwcA-- <- semver 7.5.4 (7.8.5 is available)
+ nodelite-2-1bKQJbPelvvdyR2yPrtDfvu--6E8MI1hWWNd5UKvZOVufwtsb63HSzuCyVwooLmfFvnbSlCCq1fF58Mx-X7GZw-- <- uri-parse 1.0.0
+ nodelite-2-1bQeydJF9Nr1eBCMMbC-hdwmRlsv5XYOMu03YSWFwNs0HsAmtSxxF1fyuYPqemVldVyFmlCU7w8UE14LupUSZQ-- <- @babel/plugin-transform-function-name 7.27.1 (8.0.1 is available)
+ nodelite-2-1cDNdwJ2Jaohmb3sg4OmKaMBwuC48sYni5HUw2DvsC8LjGTLK9h-eb1X6RyuOHe4hT0ULCW68iomhjUoKUqlPQ-- <- has-symbols 1.1.0
+ nodelite-2-1exovf0uGTGyq5mXQT0zgQ80uvj2PCwvF8zY1RN9-vbJVSjSo3fsB-4L3ObbF7u70NduSiK4xu4Y6q1MHoUGEw-- <- react-colorful 5.6.1
+ nodelite-2-1fMHaBZxLFvWI067AVbGJav1eRY7N8DDvYCTwGBiE-ytKBgP8azTdgyrKyWZ9Mfh09eHWb5PgTSO8wi7U824RA-- <- @chevrotain/regexp-to-ast 11.0.3
+ nodelite-2-1fmkBaCALD72CK2a9i468mA--tr9-1cBxRRMXOUaZqO43oWPR5imcyPjXwuv7PXbCid4ndlP5zWhidQVVa3hmA-- <- postcss-font-variant 5.0.0
+ nodelite-2-1gn1Up5YXka3YYAHGKpbideQ5Yjf1tDa9qYcgysz-cNCXukyLl6DjPXhD3VRwSb8c0J9tA4b2-rHEZtc6R0tlw-- <- @babel/helper-plugin-utils 7.27.1 (8.0.1 is available)
+ nodelite-2-1gxPBJpI-pcjQhKgIU91II6Wkay-dLcN3M6rf2uwP8hRur3HtQXjVrdAK3sjC0piaEuxzMwjXChcETiJl47lAQ-- <- dot-prop 9.0.0
+ nodelite-2-1hnUxxjd83EAxbL4a0JDJoD3Dao3hmjvyvyEV8PzWmLK3B9m9NPlW7GKjFyoWE8nM7HnXzPcmmSyOW8yOddSXw-- <- @svgr/hast-util-to-babel-ast 6.5.1 (8.0.0 is available)
+ nodelite-2-1j20GZTsvKNkc4BY3NpMOM8tt---wY3FpIzozTOFO2ffuZcV61nojHXVKIy3WM-7ADCy5FVhdZYHYDdgTU0yJw-- <- copy-anything 2.0.6 (4.0.5 is available)
+ nodelite-2-1jlWO4qmgqYoVUcyh-oXYRztZde-pAi7cSVzBz-rc-S7CoVzDasy8QE13dx6sLG4VRo8SfkkLbFORR6tBw4uGQ-- <- @microsoft/api-extractor 7.55.2 (7.59.0 is available)
+ nodelite-2-1JnRfhqpD8HGpOmQp180Fo9Zt69zNtC-9lR-kT7NVL05tNXIi-QC8Csz7lfidMoVLPD3FnOtcmp0CEFnxExGEA-- <- @jest/expect-utils 30.2.0
+ nodelite-2-1k2lAGRMfHTcwuNYcCNUmaUffmQv8KWMfh2iJUUeRlwlwH4FdNG7mfPI10NPfLHJFThE4Tyr4mv7kTNZOiPuBg-- <- @babel/helpers 7.29.7 (8.0.0-beta.0 is available)
+ nodelite-2-1kFmZ1rOm5epu9NZEZm1kckCDGj5UJEf7P1kliH4LKu-RkwpsfqqGmY2OOcUs18lSlQBKLDYBOGxRVtrMN5lpg-- <- @typescript-eslint/types 6.21.0 (8.8.0 is available)
+ nodelite-2-1klA3Gi5PD1Wv9Q0wUoOQN1IWAuPu0D1U03ThXTr0cJ20--iq2tHSDnK7Kk-0LXJ1ztUB2-1Os0wKmfyNgUQfg-- <- specificity 0.4.1
+ nodelite-2-1KROIZWo6bcMrZEwiH2UrXDyalAa0uqzWCxCJj6lPOvTve2WkfgCytoDTPaMnodXh1WrXOq0haVYHj99ynJlsg-- <- unist-util-visit-parents 3.1.1 (6.0.2 is available)
+ nodelite-2-1L5aqIkwPfiodaMgQunkF1zRhNqifHBmtbbbxcr6yVxxBnliw4TDOW6NxpO8DJLgJ16OT-Y4ztZqP6p-FtXnAw-- <- collect-v8-coverage 1.0.3
+ nodelite-2-1lLKB2Mu3aGP1Q-2eCOx0fNbRMe7XdwktwOruhfqqd0rIJWwN4Dh-E3hrPSlDCXnSR7UtZ1N38rVXm-6-MEhJQ-- <- form-data 2.3.3 (4.0.6 is available)
+ nodelite-2-1mAINjtQCXXeLkJ9ehXkwOcBpqtLxiVtKhpUf83DdRNdQKV0iXZpaHYqRr7nj-wvxuJzoAmAwXI-sCNMv1CzLQ-- <- @types/semver 7.8.0
+ nodelite-2-1mEZtMKPM09vDmQt5y7YvmN2-DFTP7Tg0EWXdic8-C6VRnpb33e4ghisCIE3WZjsE2N8mf-QV1Zqh7ZFYLWInQ-- <- @ungap/structured-clone 1.4.0
+ nodelite-2-1MLa5ouZiOmQzUbjbu9VmjLzn1QLXBhwpUa7kdLUQK-KQ5KA9I1vk5U4YHe-X2Ch7PYnJfWuWT-VbuxbGwljhw-- <- utrie 1.0.2
+ nodelite-2-1N9SBnWYOJTrNZCdh-yJE-t910Y128BoyY-zBLWhL3r0TYzlTmFdXrPwHL9DyFZmlEXNQQolTZh3KHV31QDhyA-- <- @types/node 22.19.3 (26.4.1 is available)
+ nodelite-2-1nh45deeb5olNY7eX82BkPO7SSxR5SSYJiPTrTdFUVYwAl8CKMA5N9PjTYkHiRjisVcxcQ1HXdLhx2qxxJzLNQ-- <- nice-try 1.0.5
+ nodelite-2-1NNCs6uurfkVbeXG4S8JFT9t19m45ICnif8zWLd5oPSZ50QnwMfK-H3jv408d4jw-7Bttv5axS5IiHoLaVNHeQ-- <- postcss-value-parser 4.2.0
+ nodelite-2-1oPjfuLQa2caorJUM8HV8lGgWCc0qqAO1MNv-k05G4qslmsndV-5WdNZrqCiyqiz3wohia2Ij2B7w2Dr7-IyrA-- <- minimisted 2.0.1
+ nodelite-2-1OSmLd3awB-t8qdoEOMazZkNsfVTeY4fTsgzcQFdXNq8ToTN4ZGwrMnlda4K6smTFKD-GRV6O48i6Z4iKgPPpw-- <- remark-stringify 11.0.0
+ nodelite-2-1ovWdxzYprhq-mWqiGZlt3kF69LJthuQcfY9BIyHx9MywTFKzFapluku1QXoaBB43GCsLDxNqS-1v30ure69AA-- <- @smithy/smithy-client 4.10.1
+ nodelite-2-1pC6N8qWJbWoPtEjgcL2xyhQOP491EQjeUo3qTKcmV8YSDDJrOepfG8pcC7h-QgnQHYSv0mJ3Z-ZWxmatVrysg-- <- is-finalizationregistry 1.1.1
+ nodelite-2-1PLGQEynI-3OX-ftV54COn-3Sud-Mn8vALg2rWnBLnRaGtJDduNW-22XjlGgPdpcIbiQxjKtb7BkcjP00nqfJw-- <- @radix-ui/react-dropdown-menu 2.1.16
+ nodelite-2-1pqUqRjkhPJ9miNq9SwMfdvi6lBJcd6eFxvfaivQhaH3SgisfiuudvFntdKOmxuee-77l-FPjKrQjWvmPjWrRw-- <- is-fullwidth-code-point 1.0.0 (5.1.0 is available)
+ nodelite-2-1q7-9UJABuBAHrcC4Sxp5lOqYS5mvxRrwa33wpIyM18hlOCpRD-fTJNxZ0vhbMcJmz15o9kkVm743mPn7p6jpQ-- <- turbo 1.13.4 (2.7.6 is available)
+ nodelite-2-1Qed0-Hr2m-YqxnM09CjA2d-i6YZNfF6R2oRAOj36eUdS6qIV-huPJNSEpKbupewFs-ZsJlxsjjPbc0-afW6Lw-- <- is-map 2.0.3
+ nodelite-2-1QL4544moEsDVH9T-l6Cemov-37iv1RtoKf7NJ04A60-4MREXNfx-QvavbH6QoGdsD4N4Mwy49cmaINR-o2mdg-- <- cli-spinners 1.3.1 (2.9.2 is available)
+ nodelite-2-1quofZ2RQ9EWdeN34S79-KExV1764-wCUGop5CPL1WGdD0ocPpu91lzPGbwWMECpEpd42kJGQwzRfyov9j4yNg-- <- remark-gfm 4.0.1
+ nodelite-2-1rkd7G70-o9KkTn5KLmDYXihGoTaIGO9PIIN2ZB7UJxFrWw04CZHPYiMRjYsaDvVV7hP1dYNRLxSANLaBFGpog-- <- @biomejs/biome 1.9.4 (2.3.12 is available)
+ nodelite-2-1rXeuUUiGGrykh-CeBdu5Ie7OJwinCgQY0bc7GCRxy5xVHy-moaqkpL-jqQq0MtQOeYcrqEz4abc5f0KtU7W4A-- <- color 4.2.3 (5.0.2 is available)
+ nodelite-2-1rYdTpyv03iycF1-BhzrzQJCdOuAOtaqHTWJZCWvijKD2N5Xu0TtVC8--1faWqcP9iBCWOmjmhoH94dH82BxPQ-- <- @esbuild/linux-x64 0.21.5 (0.28.2 is available)
+ nodelite-2-1UEWRX6jnOA2y4H5WczZ44gOOjTEmlqv1uNW4GAJEO5-bauCBhv8snY65Iw5-VOS-ghKN9gr2KjnLKxrsvoMVw-- <- @radix-ui/react-direction 1.1.1
+ nodelite-2-1ugUSr8BHXRnK23KfuYS-gVMC3LB8QGH9W1iGtDPsNWoQbgtXSExkBu2aDR4epiGWZOjZsj6lDl-N-AqqTC3UA-- <- balanced-match 2.0.0 (4.0.4 is available)
+ nodelite-2-1v7fgQRj6hnSwFpq1Eu0ynr-CDEw0rXo2B61qXrLNdHZmPKgb7fqS1a2JwF0rISo9q77jDI8VMEHoApn8qDoZA-- <- character-entities-html4 2.1.0
+ nodelite-2-1VKTZJCwBrvbd-Wn3AOgQP-2Av-TfTCOlE4AcRJE72W1ksZXbAx8PPBR9RzgTeSPzlPMHrbANMH3LbltH73wxQ-- <- get-tsconfig 4.13.0
+ nodelite-2-1vUQX-IdDMVPj4k8kOxgUqlcK518yluMuGZwqlr44FS1ppZB-5GWh4rZG89erpOBOJjU-OBsnCVFfapsRz6nEA-- <- jose 4.15.9 (6.1.3 is available)
+ nodelite-2-1W07cM9gS6DcLperZfFSj-bWLtaPGSOHWhPiGzXmvVJbRLdG82sH-Kn8EtW1VqWVA54AKf2h5k5BbnIbwF3h6w-- <- bl 4.1.0 (6.1.4 is available)
+ nodelite-2-1X1NTtiJphryn-uLQz3whtY6jK3fTqoE3ohKs0tT-Ujr1W59oopxmoEh7Lu5p6vBaPbgoM0bzveAW4Qi5RyWDQ-- <- fraction.js 5.3.4
+ nodelite-2-1X44x3co7MInk5SV4lSvRdy8Nwrt56YNBreKPkcZ-LlwdmY2-2r4A26I7Kzhv-VYIxDTavZYrqOlWnix5ojceg-- <- @ariakit/react 0.4.20
+ nodelite-2-1XMJE5fQo1jGH6Y-7ebnwPOBEkIEnT4QF32d5R1-VXdXveM0IBMJt8zfaxX1P3QhVwrYe-576-jkANtSS2mBbw-- <- stackback 0.0.2
+ nodelite-2-1Y1A--QUXEZK7YKz-rD9WydcE1-EuPr6ZBgKecAB8tmoW6UFv0NREVJe1p-jRxtThkcbbKkfwIbWJe-IeE6m2Q-- <- parse-passwd 1.0.0
+ nodelite-2-1Yd-CF-7al18-N2BDbsLBcp6RO3tucSW-jcLq24dqdX5MNbCNTw1z4BsGsp4zNmjr-Izm2cs-cEqZPp4kvWSCA-- <- isomorphic-unfetch 4.0.2
+ nodelite-2-2-1thGUUWWjLTYTHZWK1n8Yga0ijBz1XAhUXcKy81rd5g6yh7hGqMp45v7cadSbEHc9G3OTv45SyneRN3ps4DQ-- <- @babel/helper-compilation-targets 7.27.2 (8.0.0-beta.0 is available)
+ nodelite-2-2-3aDAOmPTmuFwjDnmJG2ctEkQKVki7vOSqaxkv42Mowj1V6PnvuwFCRrR5lChUux1TBskPjfkeTOhqczDMxTw-- <- string.prototype.trimend 1.0.10
+ nodelite-2-2-DEJbNBoPROPkgTDNe8-1YXWcqxbN5DTjASVIOx8HS-pITXushyNiBV56RB08zuptzz8gT3YfkqriTBVycepg-- <- @rollup/plugin-inject 5.0.5
+ nodelite-2-2-kNscPhpcxrOigMZzbiWF7dz8ilhb-nIHU3EyZiXWXpeq-au8qJ8VhdftMkty3n7Gj6HIGalQG8oiBNB3AJgA-- <- cacheable-lookup 5.0.4 (7.0.0 is available)
+ nodelite-2-2-xPb3ORsQ42nHYiSunXkDjPLBaEj-xTwUO4B7XCZQTRk7EBtTOPaygh10YAAh2OI1Qrp6NWfpAhzswj0ydt9g-- <- dom-serializer 0.2.2 (2.0.0 is available)
+ nodelite-2-201TZ-kPWxoPr-OKWjquZR1SWKXcvxdH-e1xrx89b3YbmzLMFCLfnaG1HFIgWzJOEWZ7MvpK--odZufgYR50Rw-- <- ws 8.21.3
+ nodelite-2-21491RRQVzUn0GGM9Z1Jrpr6PNPxPi-Za8OM9q4tksTSnlbXXGKK1nXNg-QvwFYettXvSX6zWKCtHHfjN4puyA-- <- core-js 3.26.1
+ nodelite-2-223mNGoTkBiTEWFoK-Q6Go3tueMRclO8vxxxxquNCYuNI4jWOofFKJRRDu6SDrB8Sgo1UEGW9T4GAQ8ZyRso1A-- <- @babel/plugin-transform-typeof-symbol 7.29.7 (8.0.1 is available)
+ nodelite-2-23-k-f0bnrtLakV4FBVeWHby1hstGjt2O0sPjl3-Ac78DGdoYI-gEXpk6CKy-HZc3-Tkvr-1WweMveK00rEGJQ-- <- @umijs/mfsu 4.7.13
+ nodelite-2-24B2nOy2TeJSMheqwPD4DDQOV-elLSIlKxjZt4i05H5AgdPdWR3n18HnNrcJ-j76WJd9gbwb9jPjNYUy6RautA-- <- @babel/plugin-transform-export-namespace-from 7.29.7 (8.0.1 is available)
+ nodelite-2-24e6ynE2H-OKt4kqsOvNd8kBpV65zoxbA4BVsEOB3ARVWQki-DHzaUoC5KuON-BiccDaCCTZBuOcfZs70kR8bQ-- <- react-is 16.13.1 (19.1.0 is available)
+ nodelite-2-25ClnWWuw7JbWZcgqY-gJ4FQWadKxGWk-3kR-7kD0tCaDtPPMj7oHu2ToLaVhfpnHrZzYby2w6tUA0eOIuUg8g-- <- points-on-path 0.2.1
+ nodelite-2-269Z39MS6wVJtsoUl10L60WdkhJVdPG24Q4eZTH3nnF6lpvSShEK3wQjDX9JRWAUPvPh7COouPpU9IrqaZFvtQ-- <- @eslint/eslintrc 2.1.4 (3.3.7 is available)
+ nodelite-2-27HBghJxjiZtIk3Ycvn-4kbJk-1uZuJFfuPEns6LaEvpvG1f0hTea8lilrouyo9mVc2GWdcEZ8OLoGmSADlrCw-- <- concat-stream 1.6.2 (2.0.0 is available)
+ nodelite-2-28GHODK2HY1NhdyRcPP3sCz0Kqxyfiz7boIZ8qIxFYmpLYnlDgiYok5fhFLVSZihyOpCs4Fa37gVHf-Q4I2FEg-- <- @graphql-codegen/plugin-helpers 5.1.1 (6.1.0 is available)
+ nodelite-2-2Ac2RgzDe-cn48GvOe3M-o82pEFewD3UPbyoUHHdKasHwJKjds4fLXWf-Ux5kATBKN20oaFGu-jbElp1pos0mg-- <- tsconfig-paths 3.15.0 (4.2.0 is available)
+ nodelite-2-2AT6j-gXe-1ueqbW6fLZJiIw3F8iXGJtt0yDrZaBhAZEG1raiTxKWU-IPqMCzQAXOUCKdA4UDMgacKH25XG2Cw-- <- is-subdir 1.2.0
+ nodelite-2-2AvhNX3mb8zd6Zy7INTtSpl1F15HW6Wnqj0srWlkKLcpYl-gMIMJiyuGq2KeI2YFxUPjdlB-3Lc10seMLtL4cA-- <- yaml 2.9.0
+ nodelite-2-2bsegYkkHO-h-9MGbn6KWcE45cHZgPANo5LXF7EvWdT0yT2EguSVO1nDgU5c8-ZOPwp2vMNa7YFsJhVcDR9Sdg-- <- heap 0.2.7
+ nodelite-2-2cNEiYDhCWKI-Gs9T0Tiysk136SnR13hhO8yW6BGNyhOC4qYFnwF1nKfD3HFAIXA5c45RrIG1ub11GiXeYd1xA-- <- micromark-util-html-tag-name 2.0.1
+ nodelite-2-2dHfToCj-pzca2Ck724OZ5L0EVrr3eHRNsG-b3xQJLA2hZpVCS99bLAX-hm1IHXDEnzU6by5z-5MIY794-a8NQ-- <- @radix-ui/react-use-previous 1.1.1
+ nodelite-2-2eSw90hn32Je6n2a8Gf4dJ2EoecPJuOCWqwZCw-BkhPq2LOS01HX3s6ljgOm0iIkZiD5aAuMdpOw17rYKQF-Zg-- <- @ai-sdk/provider-utils 3.0.36 (4.0.4 is available)
+ nodelite-2-2FpH9Q5i2RRwyEP1AylXe6nYLR5OhaJTZwmlcP0dL--JCbgg7yyEo-sEK6HeGZRf3dFpWwThaRHVApXSkW3xeg-- <- es-abstract 1.24.2
+ nodelite-2-2GGtKfSno94-kIloWGvpp-U5Q5vLvLrza-SAaGsLeo6Xj4mEbA6Gqx-oTfZFkxnd1grT2X007HfJNs3T5BsiVg-- <- ml-array-rescale 2.0.0
+ nodelite-2-2GJ4h3rl13qYTdwllaK6QlL8tG-UrM8626V2Ylcd-yBUv2Y-EwLsYisVV6UDCRmlk-C74G8nMpxJCk0RWPdDCw-- <- svgo 2.8.4 (4.1.0 is available)
+ nodelite-2-2ham8XPWTONajOR0ohOKOHXkm3-gaBmGut3SRuu75xLd-RRaY6vqgh8NBYYk7-RW3u5AtzPQZG8F10LHkl0lAQ-- <- vm-browserify 1.1.2
+ nodelite-2-2HjFcZx1MyQXoPqcBGALwWWmgFVUk2TuKVIQxCbRq7fPyWXIl6VHcakCLurdtYC2Iks7zizvz0Idv48MQ38DWg-- <- @react-stately/flags 3.1.2
+ nodelite-2-2hkTXtYYnr-NubD-g6KGBS-0mFmBcifAsI0yIWRiRo0PjVs6SSOSOdtzbp6kSGnShDN6G5aWZpKQ2lWRy27mWQ-- <- mdast-util-from-markdown 0.8.5 (2.0.3 is available)
+ nodelite-2-2iy1EkLdlBzQGvbweYRFxmFath8-K7-AKB0TlhHWkNuH-TmovaMH-Wp7V7R4u7f4SnX3OgLsU9t1NI9ioDnUpg-- <- dargs 7.0.0 (8.1.0 is available)
+ nodelite-2-2JAn3z8AR6rjK8Sm8orRC0h-bcl-DqL7tRPdGZ4I1CjdF-EaMLmYxBHyXuKL849eucPFhvBoxMsflfOb8kxaeQ-- <- webidl-conversions 3.0.1 (8.0.1 is available)
+ nodelite-2-2jT3nTayyYP7kI6aGutkyfJ7UMGtuguD72OjeGLwVNyfPRBD8zQthlvL-fAbAKk5n9ZNcvFkp-b1lZ7VsYqVJg-- <- @svgr/babel-plugin-transform-react-native-svg 6.5.1 (8.1.0 is available)
+ nodelite-2-2K5Om6CrMPm45rtvckfzWo7e9jOVCKLCnXia5eUPaURH7-LWzri7pK1TycdzAuAtehLkW7VPbWLCSExTHmiI6g-- <- @changesets/get-release-plan 4.0.16
+ nodelite-2-2kGbqUVJUGE8dM-bMzXG-PYUWKkjLIkRLWNh39OaADkiabDRdw8ATFCgbMz5xdIcvwspPAluSL7uY-ZiTWdWmQ-- <- @stylelint/postcss-markdown 0.36.2
+ nodelite-2-2KH4LWGSrJIkVf5tSiBFYuXDAoWRq2MMwgivCf-93dd0GQi8RXLjKA-0EvRnVV5G0hrHczsquXuD01L8s6dmBw-- <- @babel/plugin-transform-react-jsx 7.27.1 (7.29.7 is available)
+ nodelite-2-2kkt-7niJ6MgEPxF0bYdQ6etZaA-fQvDcLKckhy1yIQOzaoKjBBjSj63-aLVjYE3qhRt5dvM-uUyfCg6UKCBbA-- <- @jridgewell/gen-mapping 0.3.13
+ nodelite-2-2KV8NhB5JqC3ky0r9PMCAZKbUHSwtEo4CwCs0KXgruG43gX5PMqDEBbVU4OUzw2MuAWUfsuFmWvEKG5QRfSnJA-- <- copy-to-clipboard 3.3.3
+ nodelite-2-2KY95ksYSaK7DMBWQn6dQz3kqAf3BB64y2udeG-hv4KfSOb9qwcYQstTJc1KCbsix-wLZWZYN8t7nwX3GOBLRw-- <- jest-get-type 27.5.1 (29.6.3 is available)
+ nodelite-2-2MPI0t-VV4j-oz1qbMekb4gCW81dewTpM2XJHKnPpZiPGu-1rVWmhTnwcq1vt8AFwWrkNF4RE7OZ9ibnKFYKwg-- <- es5-imcompatible-versions 0.1.90
+ nodelite-2-2NlIDTwUWJN0mRPQOdtQBzbUHvdGY2P1VXSyU83Q3xKxM7WHX2Ql8dKq782Q9TgQUNOLEzEYu9bzLNj1q88I5w-- <- escodegen 2.1.0
+ nodelite-2-2NxwbF-hZ0KpepYN0cNbo-FN6XoK7GaHlQhgx-hIZl6Va0bF45RQOOwhLIy8lQDbuCiadSLCBnH2CFYquit5bw-- <- eslint-scope 5.1.1 (9.1.2 is available)
+ nodelite-2-2O3dkPAAC6JavuMm8-4-pgTk-5hoAs-CjZ-sWcQLkX9--tHRuTkQh-Oaifr8qDmZ8iEHb771Ea6G8CdwkrgvYA-- <- fast-xml-parser 5.3.3
+ nodelite-2-2P-YgaXF-gRsIihwwY1gCsQSYnu9Zyj2py8kY5fFvUM1qm2WA2u639R6YNVfU4GWr-ZM5mqEsfHZZLoRONbemw-- <- @dnd-kit/accessibility 3.1.1
+ nodelite-2-2p2KJZTSqQ-I3-HX42EpYOa2l3f8Erv8MWKsy2I9uf4wA7yFIkXRffYdsx86y6z4vHtV8u7g-pPlr8-4ouAxsQ-- <- sshpk 1.18.0
+ nodelite-2-2PJADREjOusk3iJkD3rXV2YjAxTuaLxdfqtqTEt6vcY07LtEBR1seHuBHXWEIuscqRDGvbauYPs-A4Rj-KTczQ-- <- mutative 1.1.0
+ nodelite-2-2QF-t-auWm0lsy8XtKVPG19v3sSOQlJe-YHZgfjb-KBBHOGSV-J2q-S671rcq9uTBrLAXmZpqJiaQbMT-zNU1w-- <- @types/istanbul-lib-coverage 2.0.6
+ nodelite-2-2QfoFOYMcj8lwcVEf9WeTlkVIAm7u2QvOEhMzkQU3KUhhGX-l8hVV9EtjMv4iq3E9iI3OeeMN0YoMLbGusuigw-- <- postcss-svgo 7.1.3
+ nodelite-2-2qTBTzwIT7LRI1o7zLyrCzmo5tQanmyGbSaGTIf7sYimCklAToVVfpMC6OAldSKolcnjorBYPNSKQqJmN3TCww-- <- rc-tree-select 5.27.0
+ nodelite-2-2SAPMMk1UDkqsB7DifWKcwCm6VC52JXMrzLHfbcQHJRWhRCj9zziOy-s-2XOyPBeyqFqS-A-1IKzOrxKFTo6pw-- <- prettier-plugin-packagejson 2.3.0 (2.5.22 is available)
+ nodelite-2-2Sd4ShcWxbx6OY1IHyla-CVNwvg7XwZVoXZHcSu9w9SReNP1EzzD5T8NWKIR38fIqEns9kDWKUQTXXAmlDrdPg-- <- escape-goat 4.0.0
+ nodelite-2-2sJGJTaXIIaR1w4iJSNoN0hnMY7Gpc-n8D4qSCJw8QqFWXf7cuAgnEHxBpweaVcPevC2l3KpjYCx3NypQQgaJg-- <- destroy 1.2.0
+ nodelite-2-2SPlun1JUPWoM6t3F0dw0FkCF-jWY8kttcY4f599GLTSjh2OCuuhdTkJQsEcZzBqbXZGKMK2OqW1oZsjtf-gQA-- <- import-local 3.2.0
+ nodelite-2-2thx4pB0cV3h-Bw7QmMXcEbdmOzv9t0HFplJH-Lz6yu60hXYy5RT8rUu-wlIreVxWsGN20mo-MHeCSfUpQBwPw-- <- window-size 0.1.4
+ nodelite-2-2TTPTTKSJmCptvhCm4Xf3bBYMqZni-Pgc2hVdqc4l9wsBpSJNVTVIKpnd10OubUgkGcmppVDj1XQqYaf6EnPSQ-- <- @algolia/client-search 5.57.0
+ nodelite-2-2VKeSThsbUc6bLt0bc7CgUbmr96Qzw3fPSuLwx5xONgWX9zBX14daNDr5s83lJe9A-WzSANKeImsfssIHGtZPA-- <- @babel/helper-simple-access 7.29.7
+ nodelite-2-2vPPEi-Z7WqML2jZYddDIfy5Dqb0r2fze2zTxNNknZaFpVHU3mFB3R-DWeJWGVx0ecvttSGlJTI-WG-8Z4cDWw-- <- nullthrows 1.1.1
+ nodelite-2-2w31R7SJtieJJnQtGc7RVL2StM2vGYVfqUOvUDxH6bC6aJTxPxTF0GnIgCyu7tjockiUWAYQRbxa7vKn34s5sQ-- <- make-dir 1.3.0 (5.1.0 is available)
+ nodelite-2-2wiIyo2BjtgU7HufSeDnL9L2O7zr8jmhFKuSr65VpRkUiRKRNpb0mdlk56-XPPKoIrfHqzbMuglDvZun0RISsA-- <- @babel/plugin-transform-duplicate-named-capturing-groups-regex 7.29.7 (8.0.1 is available)
+ nodelite-2-2yrTAUZUab9s6CpxkxC4rVgFEVaR6-2Pipvi6qcgvnYiVqZcbDHEoBDhrXzyb7Efh2CCfHQNtcqWcIruDTIUeg-- <- postcss-color-functional-notation 4.2.4 (7.0.7 is available)
+ nodelite-2-2yyAR8qBkN3YuheJanUpWC5U3bb5osDywNB8RzDVlDwDHbocAJveqqj1u8-SVD7jkWT4yvsHCpWqqWqAxb0zCA-- <- minimist 1.2.8
+ nodelite-2-2z-rWdzbbSZv6-rhtvzvqeZQHrBaqgogqt85sqFNbabZOuFbCVFb8kPeEtZjiKkbrm395irpNKiYeFeLiQnFPg-- <- cssstyle 4.6.0 (5.3.3 is available)
+ nodelite-2-2Zks0hf1VLFYI1kbh0I5jP3KHHyCHpkfyHBzsSXRFgl-Bg9mWYfMW8oD-PdMPlEwy5HNsR9JutYy6pMeOh61nw-- <- expect 29.7.0 (30.2.0 is available)
+ nodelite-2-3-GIFhk3sNuvFAJKU46o26OdzudQlPNBCu1ZQi3cMeMHhty1bhDxu2WrEilVNYaGvqUtR1VSigFcJOiS13dRhQ-- <- change-case-all 1.0.15
+ nodelite-2-3-o9z3X0X0fTupwsYvR03pJ-DjWuqqrfwBgTQzdWDiQSm9KitAyz-9WqsT2JQW7KV2m-bC2ol-zqpW37NHxLaA-- <- text-decoder 1.2.3 (1.2.7 is available)
+ nodelite-2-3-Zd8kLZmsyJFmWTBtY0MAuCErI7yKB2cjMBlujvSVKZ2R-BMXi0kjCXu2dtRlSq-ML86t1FkumT0yreQ3n8OQ-- <- @manypkg/get-packages 2.2.2
+ nodelite-2-30FAj7-EoJ5mwVPOWhAyCX-FPfMDrVecJAM-Iw9NRoSl4BBAQeqj4cApHHUXOVvIPgLVDsCFoz-hGD-5QQD1GQ-- <- @emotion/memoize 0.9.0
+ nodelite-2-31ORaBzKSm-MunnvLEFeVA1A-Cy-fClcrSbcfF8oPYpen-XEIoBhMMqGppYAAJ3yoyTJI0JVi-S-H5H1QPD2IQ-- <- @umijs/mako-linux-x64-gnu 0.9.2
+ nodelite-2-336iVw3rtn2BUK7ORdIAHTyxHGRIHVReokCR3XjbckJMK7ms8FysBfhLR8IXnAgy7T0PTPNBWKiH514FOW-WSg-- <- tslib 2.5.0 (2.8.1 is available)
+ nodelite-2-345tsIWMzoXaQndUTDv1qypDRiebFxGYx9pYkhwY4hBRaOLt8UGfiWKr9FSSHs25dFIf8ZqIFaPdy5MljdoawA-- <- @next/swc-linux-x64-musl 14.2.33 (16.2.0-canary.9 is available)
+ nodelite-2-34wB-Y7MW7bzjKRjUKTa46I2Z7eV62Rkhva-KkopW7Qvv-OSWBqvkSY7vusOPrNuZcUG3tApvdVgNB8POj3SPw-- <- joycon 3.1.1
+ nodelite-2-35mSku4ZXK0vfCuHEDAwt55dg2jNajHZ1odvF-8SSr82EsZY4QmXfuWso8oEd8zRhVObSN18aM0CjSdoBX7zIw-- <- doctrine 2.1.0 (3.0.0 is available)
+ nodelite-2-36-hTbH2uaWuGVERyC6da9YwGWnzUZXuPro-F2LfsdOsLnCojz-iSH8MxUt-FD2S5XBSVPhmArFUXcpCQ2Hkiw-- <- @sinonjs/fake-timers 13.0.5
+ nodelite-2-36babpjra5m3gca44V6tSTomeBlPA7cHUynrE2WiQIm3rEGD9xy28MKsx5IdO45EbnpJY7Jrgd00C6Dwt-l-2Q-- <- babel-plugin-import 1.13.8
+ nodelite-2-373KA2HQzKhQCYiRVIRr-3MjpCObqzDlyrM6u4I201wL8Mp2wHf7uB8GhDwis03k2ti8Zr65Zyyqs1xOxUF-Ew-- <- @babel/plugin-transform-object-rest-spread 7.28.4 (8.0.1 is available)
+ nodelite-2-37i-OaWTh9qeK4LSHPsyRC7NahnGotNuZvjLSgcPzblpHB3rrCJxAOgI5gCdKm7coonsaX1Of0ILiTcnZjbfxA-- <- @types/normalize-package-data 2.4.4
+ nodelite-2-38fJrB0KnmD3E33a5jZC-5-gGAC2WKNiPw1-fdXJvijBlhA7RCsvJklrYJakS0HedninvaCYW8lQGf9C918GfA-- <- remark-frontmatter 4.0.1 (5.0.0 is available)
+ nodelite-2-38w5y-r8nyKlGvNjSEqWrhG0w5PmnRA-wnBvm-ulYCct7nsGYhFVb0lljS9bQav4psDAS1eGkP2LMVcZBi-aqw-- <- mdast-util-mdx 2.0.1 (3.0.0 is available)
+ nodelite-2-39nnKffWz8xN1BU-2c79n9nB9HDzo0niYUqx6xyqUnyoAnQyyWpOTdZEeiCch8BBu515t4wp9ZmgVfVhn9EBpw-- <- estraverse 4.3.0 (5.3.0 is available)
+ nodelite-2-3aRg6-JxfffFD-OlOjOFR3Vo79l39ooBTFucxx-MT3dhCtzn3EmiUPQo-6-OZuI2jbXi3YKgmiTFBgChQMwIRQ-- <- bn.js 4.12.5 (5.2.5 is available)
+ nodelite-2-3b36UXfYQ-IXXqex6mCca89jC8u0mYLqFAN5eTQKoXO6oCQYcIVYZEB-5AlBHI7JPYygReM2Vv6Vom-Gln7fBg-- <- pretty-quick 3.3.1
+ nodelite-2-3Belt6tdc8bPgAtbcmdtNJlirVoTmEb5e2gC94PnkwEW9jI6CAHUeoG85tjWP5WquqfavoMtMwiG4P926ZKKuQ-- <- @jridgewell/trace-mapping 0.3.9
+ nodelite-2-3bYs1rOD33uo8aqJfKP3JWPAibgw8Zm2-L9vBKEHJ2Rg-viTR7o5Mmv5mZcieN-FRYaAOWX5SJATX6k1PWz72g-- <- d3-interpolate 3.0.1
+ nodelite-2-3CYzex9M9FGQjCGMGyi6-31c8GJbgb0qGyrx5HWxPd0aCwh4cB2YjMb2Xf9UuoogrMrlO9cTqnB5rI5GHZTcUA-- <- arrify 1.0.1 (3.0.0 is available)
+ nodelite-2-3czFm8RnrsWwIzVDu-Ca48Y-M-qh3vOnF16czJm98Q-AN1y3B6PBsyV8Re91Ty5s7txKNjEhpgtGPcfdbh2MZg-- <- vitest 0.32.4 (4.0.7 is available)
+ nodelite-2-3DdbGCa9tWAJGcCJ6rzR8EJFsv2CtyEbkVabZE14pfgUHfCicWCj0-QzQVLDYg8CPfQk9BH7fHCoTXHTy7MP-A-- <- antd 5.29.3
+ nodelite-2-3Df9jsstwhccuEfmAMi9l8XUh-GOkVObmFTU7CCVBysEbcOZLl84jCtaAZMcPiMz2EGKsATzQcU-Xr3n-wU6cg-- <- rollup 4.63.1
+ nodelite-2-3DoNDYSZBLxBwaJtQGWNpq0fonga-VZ47HY1-7-G3YoIPaPz93Df6egSzzTKbEMmlzUpy3eQ0nR9REuYIycXGg-- <- systeminformation 5.27.14 (5.33.8 is available)
+ nodelite-2-3dOsAHXXUkQTpOYcoAxLIorMTp4gIQr5IW3iVb7A7lFIp0VHhnynm9izx6TssdrIcVIESAlVjtnO2K8bg-Coew-- <- slash 4.0.0 (5.1.0 is available)
+ nodelite-2-3E1nCMgipcTkCocFwM90XXQab9bS-GMsjdpmPrlelaxwD93Ad8iVEjX-vvHPdLPnFf-L40u-5-iutRdA1N9myw-- <- jest-circus 29.7.0 (30.2.0 is available)
+ nodelite-2-3EhFi1FU6YL8HTUJZ51imGJWEX--ajQPfqWLI3BQq4TlvHy4X0MOr5q3D2Zof-ka0d5FNdPwZXm3Yyib-UEd-w-- <- @rollup/rollup-linux-x64-gnu 4.53.3
+ nodelite-2-3EwLFhZ38J4VyIP6WNtt2kUdW9dokXA9Cr4IVIFHuCpZ3H8-YFOl5JjZHisrn1fATPBmKKqXzDFvh9fUwHz6CQ-- <- @babel/generator 7.28.5 (8.0.0-beta.4 is available)
+ nodelite-2-3f0uOEAQwIqGuWW2MVzYg8fV-QNnc-IpuJNG837rLuczAaLVHslWHZQj4IGiEl5Hs3kkbhwL9Ab7Hrsmuj-Smw-- <- tmpl 1.0.5
+ nodelite-2-3faScn5I-hy9VleOq-qNbAd6pAx7iH5jYBMS9I1HgQVijz-4mv5Bvw5iw1sC-90CODiKo81G-ps8AJrISn687g-- <- unist-util-stringify-position 2.0.3 (4.0.0 is available)
+ nodelite-2-3fkKj25kEjsfObL6IlKPAlHYPq-oYwUkkQ03zsTTiDjD7vg-RxjdiLeCydqtxHZP0JgsXL3D-X5oAkMGzuUp-Q-- <- @n1ru4l/push-pull-async-iterable-iterator 3.2.0
+ nodelite-2-3Fo5wu8Ytle8q9iCzS4D2MWVL2X7JVWRiS1BnXbTFDhS9c-REkM9vd1AmabsoZoY5-dGi5TT9iKL8Kb6DeBRQg-- <- cli-boxes 1.0.0 (3.0.0 is available)
+ nodelite-2-3giAOQvZiH5F9bMlMiv8-GSPMeqg0dbaeo58-0SlA9sxSqZhnUtxzX9-2FzyhS9sWQf5S0GJE0AKBrFqjpeYcg-- <- @opentelemetry/api 1.9.0
+ nodelite-2-3GKBOn-m2LX9iq-JC1064cSFprJY4jL1jCXTcpnfER5HYE2l-4EfWSGzkPa-ZDBmYI0ZOEj5VHV-eKnPGkHuOg-- <- hachure-fill 0.5.2
+ nodelite-2-3hN7NaskYvMDLQY55gnW3NQ-mesEAepTqlg-VEbj7zzqEMBVNhzcGYYeqFo-TlYz6eQiFcp1HcsCZO-nGgS8zg-- <- gensync 1.0.0-beta.2
+ nodelite-2-3HZ2-7hdDKZvZQ7dhhITOUg4-wOrDRjyK2ZBllRB0ZCOi9u0cwq1ACHDjBB-nX-7-kltHjQvBRdeY7-W0T-7Gg-- <- puppeteer-core 23.11.1
+ nodelite-2-3KS2b-kL7fsuk-eJZ7EQdnEmQoaho-r6KUef7hxvltNA5DR8NAUM-8wJMbJyZ4G9-7i3v5zPBIMN5aybAh2-Jg-- <- typed-array-length 1.0.7 (1.0.8 is available)
+ nodelite-2-3kxEVkEKt0zvcZ3hCRYI8rqrgwtlIOFMWkbclACvjlDw8Li9S2hk-d51OI0nr-gIpdMHNepwgOKqZ-sy0Clpyg-- <- hast-util-from-parse5 8.0.3
+ nodelite-2-3lBouSuF7CqlseLB-FKES0K4FQ02JrbEoRtJhxnsyB1s5v4AP03gsoohN8jp7DcOImhaR9scYdztq3-sLfk-qQ-- <- @manypkg/tools 1.1.2
+ nodelite-2-3LifW9M4joGZasyYPz2A1U74zbC-45fvpXUvO-9KbSa-VV0aGZarWkfdgKyR9sExNP0t0x0ss-UMJpNpcaTspw-- <- globby 10.0.0
+ nodelite-2-3lqz5YjWTYnW6dlDa5TLaTCcShfar1e40rmcJVwCBJC6mWlFuj0eCHIElmG1g5kyuJ-GD-8Wn4FFCcz4gJPfaQ-- <- core-util-is 1.0.2 (1.0.3 is available)
+ nodelite-2-3LWIfiDPNQSY-SCPsvMTErCkx2gXTViLoWISisw6uM-unwiOkEF9ZmpHp88-SSmcq6k3P4aIquehUNeNUlkdiA-- <- slate-dom 0.114.0
+ nodelite-2-3M2jNOZQZWEDR8pheY00OkHREfb0rquvFZLCa6DypGmiksiuuYuR9Y4iA82ZF-mva2FmpHekdwbje-GpbxqBeg-- <- @ant-design/pro-skeleton 2.2.1
+ nodelite-2-3N8oaj-0juUw-1H3YwmDDJXCgTB1gKU6Hc-bB502u9zR0q2vd786XJH9QfrKIEgFlZmhZiq6epXl4rHqhzsIgQ-- <- @csstools/css-calc 2.1.4 (3.3.0 is available)
+ nodelite-2-3NdhDuEXnfun-z7x9GOElY49LoqVHoGScmOKwmxhsS8N5Y-Z8KyPPDnaSzqWgYt-ji4mqwfTS34Htrk0zPIXVg-- <- destroy 1.0.4 (1.2.0 is available)
+ nodelite-2-3nQVUAtvkKH9zahfWgw96Jc-uFOmjACE1kQz82E2lqWmHBgjzbNlsC22nuQTfahmWeQtTq5nQ-4Nnd2A1wj4zA-- <- @babel/helper-globals 7.29.7 (8.0.0 is available)
+ nodelite-2-3NQWGjKTASY1xV5m7Hr0iPeXD9-RDobLll3T9d2AO-g3my8xy5peVyjSag4I50mR1bBSN-Ct12lo-R9tJk0NZQ-- <- @webassemblyjs/utf8 1.13.2
+ nodelite-2-3O-iVVsJAPsOnpwWIeD-d6z-7PmqApyQePUtCndjatj-9I5LylHvt5qluFaBT3I5h3r1ejfR056c-FCv-NnNXg-- <- path-scurry 2.0.2
+ nodelite-2-3ofp-LL8E-pK-JuPLPggVAIaEuhvIz4qNcf3nA1Xn2o-7fb7s-TYpHhwGDv1ZU3PkBluUVaF8PyCHcm48cKLWQ-- <- tailwindcss 3.4.19 (4.1.18 is available)
+ nodelite-2-3ojrFwjnnw8Q9242TzgXuTD-eKiutbzyslcq1ydfu82Db2y-Ogbmyrkpv0Hgj31qwT3lbS9-QAAO-pIQM35XRw-- <- point-in-polygon 1.1.0
+ nodelite-2-3oSeUO0TMV67hN1AmbXsK4yaqU7tjiHlbxRDZOpH0KW9-CeX4bRAaX0Anxt0tx2MrpRpWwQaPwIlISEJhYU5Pw-- <- balanced-match 1.0.2 (4.0.4 is available)
+ nodelite-2-3ouUOpQhtgrbOa17J7-uxOTpITYWaGP7-AhoR3-A--1e9skrzelGi-dXzEYyvbxubEF6Wn2ypscTKiKJFFn1ag-- <- process-nextick-args 2.0.1
+ nodelite-2-3pKJwH184Xo-lnH6oyP1q2pMd7HcypqqmRs91-6-i2CGtWwIKGCkOOMTm-zXbgTEWHw1uNpNi-igc3ePOYHb6w-- <- normalize-path 2.1.1 (3.0.0 is available)
+ nodelite-2-3QbLKy93F0EAIXLh0ogEVR6rOubA9AoZ-WRYhNbFyuB70j3dRdwH9g-qXhLAO0kiYGlg3TxDV-I4rQTr-YNXkA-- <- @webassemblyjs/helper-wasm-bytecode 1.13.2
+ nodelite-2-3qc18hsD2RdZiyJNDNc7HQpv6xbncwh8FYtxNFFzclSyh-trPD9KkVR9BDECUjDLvb7yJVF15GfYUuC-LMkkiQ-- <- @babel/plugin-transform-dotall-regex 7.29.7 (8.0.1 is available)
+ nodelite-2-3so9oEvT5hisF9ZPFOmdeV8HDHC36uEDNYDq54cbExlIyQ1LG48ZRu-qbDMA-42aXmB2BJPIqa0PuQd2UYS3ig-- <- @udecode/slate 48.0.1
+ nodelite-2-3sOlxmbKcSHMjlUXQZKQ06jOswE7oVkXPxmZdoB1r5l0q6gTFTQSHxNxOrCccElbW7dxNytifNEo8qidX2Vsig-- <- postcss-media-query-parser 0.2.3
+ nodelite-2-3sUqbMEc77XqpdNO7FRyRog-eW3ph-GYCbj-rK-uYyRMuwsVy0rMiVtPn-QJlKFvWP-1PYpapqYn0Me2knFn-A-- <- deepmerge 4.3.1
+ nodelite-2-3tlv-dIP7FWvj3BsbHrGLJ6l-oKh1O3TcgBqMn-yyCagOxc23fyzDS6HypQbgxWbkpDnf52p1LuR4eWDQ-K9WQ-- <- colorette 2.0.19 (2.0.20 is available)
+ nodelite-2-3vbA7vXYwfe1SYhED--fPUQlWSYTTGmFmQiany-gdbiWgU-iEyQzyymwL9SkJjFFuCS4902BSzewVGsHHmHtXg-- <- d3-polygon 3.0.1
+ nodelite-2-3vLclRofFziIa3J2wDh9jjbkUz9qk5Vi3IZ-FSTKViB0k-ef0fPV7dYrUIugbgupYDx7v9ud-SjrtEP8Y4xLoA-- <- @emotion/utils 1.4.2
+ nodelite-2-3wdGidZyq5PB084XLES5TpOSRA3wjXAlIWMhum2kRcv-41Sn2emQ0dycQW4uZXLejwKvg6EsvbdlVL-FYEct7A-- <- yallist 4.0.0 (5.0.0 is available)
+ nodelite-2-3WDlgRoXxK263l2rXKzJ1TUNIzDfPpbJdat04y5N0EFK8zZmK097dpKCGx5thK7jXBJGRj0Lk1Ob4xfzpQAU7A-- <- @umijs/preset-umi 4.7.13
+ nodelite-2-3WrrOuZiyaaZPWiEt4G3-IffISVC9HYlWueJEBWED4ZH4aIAC2PnkdnuRrR94M-w6yGWn4AglWtJtBI8YqvgoA-- <- bundle-require 5.1.0
+ nodelite-2-3xM2c89siXg0nHvlmYsQ2zkLASvVMBisZm5lF3gFDqfF2xonNStDJyMpvaOBe0a1Edxmqrf2E0HBdmy9QyZaeg-- <- unfetch 5.0.0
+ nodelite-2-3Xnr-7ZFS1uxeiUDvV02wQ-QDbc55o97tIV5zHScSPJpcLm-r0DFPcoY3tYRp-VZukxuMeKgXYmsXQHO05zQeA-- <- character-entities-legacy 1.1.4 (3.0.0 is available)
+ nodelite-2-3xurFv5tEgii33Zi8Jtp55wEIILR9eh34FAW00PZf-JnSsTmV-ioewSgQl97JHvgjoRGwPShsWm-IdrxB35d0w-- <- strip-bom 4.0.0 (5.0.0 is available)
+ nodelite-2-3XVF7sgyTSI2KWvTf6uLlBJ5iAgRgmvp3bpuOiQJvInd4nZ19ET8lX5unn30SlmRH7hXbBbH-Gxd0m0klJ3Xtw-- <- @motionone/utils 10.18.0
+ nodelite-2-3Ybi1tAuwAP9s0r1UQ2J4n5Y0G05bJkpUIO0-bI9MhwmD70S5aTWbXGBwxHrelT-XM1k6dM0pk-SwNkpTRN7Pg-- <- postcss 8.5.6
+ nodelite-2-3ydhqFpuV7x1M9EK52BPNj6V0Kwu0KKkcIAfpUhwHbR8ocRln-oUHgfxQupY8O1h4Qv-POHDumb-BwwNfxbtnA-- <- eslint-template-visitor 2.3.2
+ nodelite-2-3ydxgHa-ZQzG8LvC7jTXccARYDcRld3VfcgIIFs7bI6vbRSxJJmzgLEIIoYKyrfhaY-ujuWaf-PJiMZXoiCXgw-- <- remark-parse 10.0.2
+ nodelite-2-3YHlOa-JgH6Mnpr05jP9eDG254US9ek25LyIxZlDItp2iJtwyaXQb57lBYLdT3MowkUFYEV2XXNAYIPlESvJlA-- <- parse-node-version 1.0.1
+ nodelite-2-3yTWghByc50aGS7JlGhk61SPenfE-p1oaFeNwkOOyrscaOkMGrcW9-Cy-QAIOBpZxP1yqDIzFMR0-Np0i0-usg-- <- hast-util-sanitize 5.0.2
+ nodelite-2-3Z4XhFZ3992uIq0XOqb9AreonueSYphE6oYbpt5-3u06JWklbsPkNv3ZKkP9Bz-r-1MWCaMoSQ28P85-1Yc77w-- <- flush-write-stream 1.1.1
+ nodelite-2-3ZORTHtcSnMQEKtAOsBQ9-oHp9096pI-UvdPtN7ehKvrmZZ2-bbWhi0ln-I9drmwXMt5boocn6OlwQzNXeVeqw-- <- micromark-extension-gfm-table 1.0.7 (2.1.1 is available)
+ nodelite-2-3ZV5LiaTnKyhXwN6U0NE2cofNsNN2IPMkNCDntbSIIRLYmI-o6LRkDwAucSNh-BIdNXfvxscsR04RYyIwjGbJw-- <- @udecode/react-hotkeys 37.0.0
+ nodelite-2-4-0D-ojEasdLndYX4Cqff057I-Jp6ysXpwKkdLQLnZxV8f6IYZmZtTP5uqD91a-kWqejoc0sSqK4u8wpTKCh8A-- <- cwd 0.9.1
+ nodelite-2-41Cifkg6e8TylSpdtTpeLVMqvSBEVzTttHvERD741-pnZ8ANv0004MRL43QKPDlK9cGvNp6NZWZUBlbGXYxxng-- <- is-number 7.0.0
+ nodelite-2-42AtmgqjV-X1VpdOfyTGOYRi0-zsoLqtXQckTmqTeybT-BDIbM-Guxo7x3pE2vtpr1ok6xRqM9OpBe-Jyoqyww-- <- wrap-ansi 9.0.2
+ nodelite-2-42tBVwLWnaQvW5zc4HbZrTuWccECCZfBi92FDuwtqxasH-JbPB3-FOKb1m222K42R4WxuxzzMsTswfzgtSu64Q-- <- sax 1.6.1
+ nodelite-2-43-qtrDUokr7LJqoF2c3-RInu-t4zfrpYdoSDfYyhg52rwLV6TnOvdG4fXm7IkSB3wErkcmJS9iEhjVtOSEjjA-- <- @eslint/plugin-kit 0.4.1 (0.7.3 is available)
+ nodelite-2-437oANT9tP582zZMwSvZGy2nmSeAb8DW2me3y-Uv1Wp2Rulr8Mqlyrv3E7MLxmsiaPSMMDmiDVzgE-e8zlMx9g-- <- base64-arraybuffer 0.1.5 (1.0.2 is available)
+ nodelite-2-43r2mRvz-8JRIKnWJ-3j8JtjRKZ6GmjzfaE-qiBJnikNnYv-6bagRJ1kUhNk8R5EX-GkobD-r-sfxCPJsiKBLQ-- <- is-unicode-supported 1.3.0 (2.1.0 is available)
+ nodelite-2-43ZssAJaMusuKWL8sKUBQXHWOpq8d6CfN-u1p4gUzfJkM05C8rxTmYrkIPTXapZpORA6LkkzcUulJ8FqA7Uudw-- <- split-on-first 1.1.0 (3.0.0 is available)
+ nodelite-2-44F4l4Enf-MirJN8X-NhdGkl71k5rBYiwdVlo4HxOwbu0sHV8QKrGEedb1VUU4K3W7fBKE0HGfbn7eZm0Ti3zg-- <- @jest/create-cache-key-function 30.2.0 (30.5.1 is available)
+ nodelite-2-44pxmxAvnnAOwBg4tHPnkfvgjPwbc5QIsSstNU-YcJ1ovxVzCWpSGosPJOZh-a1tdl81fbgnLc9LLv-x2ywbPQ-- <- is-upper-case 2.0.2
+ nodelite-2-45DmULpySVvmq9Pj3X9B-62Xe-DJGov27QravQJU1LLcapR6-10i-gYVAucGGJpHBp5mYxIMK4nDAT-QDLr47g-- <- @babel/plugin-transform-block-scoping 7.28.5 (8.0.1 is available)
+ nodelite-2-45Llu-EwHKtAZYTPPVn3XZHBgakWMN3rokhEv5hu596XP-cNgplMg-Gj-1nmAvj-L0K7-N49zBKx5rah5u0QIQ-- <- through2 0.4.2 (4.0.2 is available)
+ nodelite-2-47UwBLPpQi1NoWzLuHNjRoHlYXMwIJoBf7MFou6viC-sIHWYygpvr0B6IAyh5sBdA2nr2LPIRww8lfaUVQINBA-- <- @babel/helper-define-polyfill-provider 0.6.8 (1.0.0 is available)
+ nodelite-2-48yv1eDS5Qrz6cbSDBBik0u7jCgC-eA9eZrl9MIN1LfKzFTuGt6EHgr31YM8yT9cjb5BplXb4Iz3VtOYmgt8Jg-- <- genfun 4.0.1 (5.0.0 is available)
+ nodelite-2-49Fg7WXkU3Vl2h6LbLtMQ-HyB6rXSIX7SqvBLQmssRBGN9I0PNvPmAmCWSOY6SOvrjhI-F7-bGAv9RtnsPA03g-- <- jest-watcher 29.7.0 (30.2.0 is available)
+ nodelite-2-49oNpRjWRvnU8NyGVmUaYG4jtTkNonFZI86MmGRDqBphEK2EXT9gdEUoQPZhuBM8yWHxCWbobltqYO5M4XrUvQ-- <- scroll-into-view-if-needed 3.1.0
+ nodelite-2-49WtAWS-tcsy93dRt6P0P3AMD2m5PvXRhuEA0kaXos5ZLlujtYmpmFsB-QvWUSxE1ZsstmYXfQ7L40-EcQgpAQ-- <- textextensions 2.6.0
+ nodelite-2-4aErSrCR-On-e5G2hDP0wjooqDdauzEbIq8hIkIe5pXV0rtWJZvdCEKL0ykZxex-IxIwBp0eGeV48hQN07dXtw-- <- @microsoft/tsdoc 0.15.1 (0.16.0 is available)
+ nodelite-2-4aUIteuyxtBUhVdiQqcDhKFitwfd9hqoSDYY2KRXiWtgoWJ9Bmise-KfEPDiVHWeJepvF8xJO9-9-WDIciMFFw-- <- @smithy/uuid 1.1.0
+ nodelite-2-4BAffykYOgO-5nzBWYwE3W90sBgLJoUPRWWcL8wlyiM8IB8ipJz3UMJ9KXQd1RKQXpKp8Tutn80HZtWsu2u76w-- <- @szmarczak/http-timer 4.0.6 (5.0.1 is available)
+ nodelite-2-4Bcg1P8xhUuqcii-S0Z9wiHIrQVPMermM1any-MX5GeGD7faD3-msQUDGLol9wOcz4-jbg-WJnGqoJF6LiBdtg-- <- basic-ftp 5.0.5
+ nodelite-2-4BqMbZksRkJQx2zAjrokiGMd07RqOa2IxIrrN10lyBe9xhn9DEvjUK79J6jkeiv9D9hQFXKb6g1jwU62jziJZA-- <- css-prefers-color-scheme 6.0.3 (9.0.1 is available)
+ nodelite-2-4bV5BfR2mqfQTJm-V5tPPdf-ZpuhiIvTuAB5g8kcrXOZpTT-QwwVRWBywX1ozr6lEuPdbHxwaJlm9G6mI2sfSQ-- <- json-buffer 3.0.1
+ nodelite-2-4D3B6Wf41KOYRFdszmDqMCGq5VV-uMAB273JILmO-3jAlh8X4qDtdtgCR3fxtbLEMzSx22QdhnDcJvu2u1fVwg-- <- chalk 3.0.0 (5.6.2 is available)
+ nodelite-2-4dbzIzqvjtgiM5rw1k5rEHtBANKmdudhGyBEajN01fEyhaAIhsoKNy6y7-IN93IfpFtwY9iqi7kD-xwKhQsNJA-- <- type-fest 0.8.1 (5.4.1 is available)
+ nodelite-2-4ddpsiHN9Pd4UIlWuKVK1C4IiZIdbwQvy9i7DUSI3xNJ89FPUFt8lxDYj8GzzfdllV0NkJTRxnG-FvLk0llidg-- <- @antv/event-emitter 0.1.3
+ nodelite-2-4diC9HaTE-KRAMWhDhrGOECgWZxoevMc5TlkObMqNSsVU62PYzXZ-SMTjzyGAFF1YusgxGcSWTEXBhp0CPwQ1A-- <- clean-stack 2.2.0 (5.2.0 is available)
+ nodelite-2-4Dj6M28JB-oAH8kFkTLUo-a2jwOFkuqb3yucU0CANcRRUbxS0cP0nZYCGjcc3BNXwRIsUVmDGgzawme7zvJHvg-- <- ansi-styles 6.2.3
+ nodelite-2-4eMDYQSFROPgbExE7btF37tCeXnGrMEPo0S2Ul00XIgWnxTLZGlJTSme42phtNpIBKVgbD-U1DWzVnMBhB9tUQ-- <- @types/hull.js 1.0.4
+ nodelite-2-4EzFTRIikzs47RGmdxbeUvLWtGedDUNkTcmzoeyg4sP-dvCexO47AaQL7VKy-gul85TOxw-IBgA8US2xwbToNA-- <- d3-contour 4.0.2
+ nodelite-2-4FbRdAX-bSdmo4AUFuS0WNiPz8NgFt-r8ThgNWmlrjQjt1Q7ZR9-zTlce2859x4KSXrwIsaeTqDoKQmtP8pLmQ-- <- http-errors 2.0.1
+ nodelite-2-4fCk79wshMdzMp2rH06qWrJE4iolqLhCUH-OiuIgU--RB0-94NlDL81atO7GX55uUKueo0txHNtvEyI6D7WdMw-- <- iconv-lite 0.6.3 (0.7.3 is available)
+ nodelite-2-4fQNItvelbNA9-sFgU-fhJo8ZFF-AS4Egk3GWwCW2jFtViukXbnztccafAdLhzE-0EiCogljtQQXP8aQ9J7sFg-- <- @types/jest 26.0.4 (30.0.0 is available)
+ nodelite-2-4gB8na07fecVVkOI6Rs4e7T6NOTki5EmL7TUduTs6bu3EdnSycntVJ4re8kgZA-wx9IueI2Y11bfbgwtzuE0KQ-- <- strip-json-comments 2.0.1 (5.0.3 is available)
+ nodelite-2-4gd7VpWNQNB4UKKCFFVcp1AVv-FMOgs9NKzjHKusc8jTMhd5eL1NqQqOpE0KzMds804-yHlglp3uxgluOqAPLw-- <- internal-slot 1.1.0
+ nodelite-2-4gl03wn3hj1HP3yzgdI7d3lCkF95F21Pz4BPGvKHinyQzALR5CapwC8yIi0Rh58DEMQ-SguC03wFj2k0M-mHhw-- <- responselike 2.0.1 (3.0.0 is available)
+ nodelite-2-4GlJ6rZDhQZFE0DPVKh0e9jmZ5egZfxTkp7bcRDuPlJXbAwhxcl2dINPUAsjLdejqaLsCeg8axcLjIbvBjN4pQ-- <- path-root-regex 0.1.2
+ nodelite-2-4GlTZ-EJM7WaW2HEZcyU317tIQDjkQIyENDLxYJfSWlfqguN-dHkZgyQTV-7ykvobU7yEH5gKvreNrH4B6QgIg-- <- @next/env 15.5.9 (16.2.0-canary.9 is available)
+ nodelite-2-4h6XqthmB4Hspji84wvgk-ElodTsGj-dbZqHJHHtKxj4mYq0ANSEEPX9ys3moJueqsRjwpaJYH7874Itwnj2ow-- <- @rollup/rollup-linux-x64-musl 4.63.1
+ nodelite-2-4hLB8Py4zZce5s4yd9XzopqwVv-yGNhV1Bl8NTmCq1763HeK2-EwVTv-leGeL13Dnh2wfbqowVPXCIO0z4taYw-- <- pako 1.0.11 (2.1.0 is available)
+ nodelite-2-4I7Td01quW-RpocfNayFdFVk1qSuoh0E7JrbRJ16nH01HhKFQ88INq9Sd-nd72zqRySlr9BmDA8xlEJ6vJMrYA-- <- aggregate-error 3.1.0 (5.0.0 is available)
+ nodelite-2-4IUO539b8FmF0odY6-SqANJdgwn1xs1GkPO5doZugwZ3ETF6JUdckk7RGmsfSf7ws8Qb2YB5It33mvNL-0acqA-- <- @next/swc-linux-x64-musl 15.5.7 (16.2.0-canary.9 is available)
+ nodelite-2-4jbtZXNAsfZbAHiiqjLPBiCl16dES1zI4Hpzzxw61Tk-loF-sBDBKx1ICKKKwIqQ7M0mFn1TmkN7euSncWgHiQ-- <- number-is-nan 1.0.1
+ nodelite-2-4JX6rEatQEvlmgU80wZyq9RT96HZJa88q8hp0pBd-LrczeDI4o6uA2M-uvxngVHo4Ihr8uibXxH6-70zhAFrVw-- <- @floating-ui/react-dom 2.1.6
+ nodelite-2-4LCcse-U2MHZ63HAJVE-v71o7yOdIe4cZ70Wpf8D-IyjDKYQLV5GD46B-hSTjJsvV5PztjvHoU580EftxjDZFQ-- <- yocto-queue 1.2.2
+ nodelite-2-4LM6Fw8eBQdwMYcES4yTnn2TqIasbXuwDx3um-QRs7S55aMKCBKBxvPXl2RiUjHwuJLTyYfxSpmfSAjQpcuP-A-- <- registry-auth-token 3.4.0 (5.1.0 is available)
+ nodelite-2-4LqMNoONzR43B1W0ek0fhXMsDNW-zxa1NdFAVMY-k28pgZLovR4G3PB5MrpTxCy1QaZCqNoiaKPr5w5qZHfSNw-- <- knitwork 1.3.0
+ nodelite-2-4LtOzh58S-5lX4ITKxnAK2USuNEvpdVV9AlgGQb8rJDHaLeHciwG4zlGr0j-SNWlr7x3vO1lDEsuePvtcDNCkw-- <- @webassemblyjs/ieee754 1.13.2
+ nodelite-2-4NcgsvJVHhA7trDnMmkGLLvWMHu2kSy-qHx6QwRhhJhdiYdNUrhdp-ERxen73sYtaeEOYeLJcWrQ60nzKi6rpg-- <- @swc/cli 0.1.65 (0.7.9 is available)
+ nodelite-2-4o6oPMDvQv-9gMi8rE6gWmsOjtUZUYIJHv7EB-GblyYdi8U6OqLl8rhHWIUZSL1dUU2dPwTdTgybCKf9EjIrQg-- <- @tanstack/react-virtual 3.13.13
+ nodelite-2-4o84y-E7dbif3lMns-p3UW6w6hLHEifbX-7zBJvaih1E9QNMZITENQ14GPYJC4JmhygYXsuuBb9bRA3xWEoOfg-- <- cloudinary 1.41.3 (2.8.0 is available)
+ nodelite-2-4OIPYlA6JXqtVn8zpHpGiI7vE6EQOAg16aGnDMIAlZVinnoZ8208tW1hAbjWydgN-4PLTT9q-O1K6AH-vALJGw-- <- email-addresses 5.0.0
+ nodelite-2-4ol06-1bLoFu1nwUqzdD4Y5RZ9oDdKeiHIsntug54Hcr1pgaHiPqHFEaXI1IFP-EsOfROQZ8Mig9VTIRza6Tjg-- <- @radix-ui/react-toolbar 1.1.11
+ nodelite-2-4pfM1Ff0x50o0tQwb5ucw-RzNyD0-YJME6IVcStalZuMWxdt3sR3huStTtxz4PUmvZfRguvDejasvQ2kifR11g-- <- lru-cache 11.5.2
+ nodelite-2-4PRT4nh1EImPbt2jASOKHX7PB7I-e4IWNLvkKFDxNhJlfjbYlleYQh285Z-3mPTHSAK-AvdMmw5BNNuYH8ShgQ-- <- spdx-license-ids 3.0.22
+ nodelite-2-4rfmaKgSIctHRDrA4wt8MLSI4rNA6wyD7XSTShghHrJfDEXujuOoZqvmPjtMr---kWfW9OV9USOOn8ie-7H-nw-- <- @ariakit/react-core 0.4.20
+ nodelite-2-4RkU9EsI6ZpBve5fseQlGNUWKMa1RLPQ1dnjnQoe07ldfIzcsGb5hC5W0Dm7u423KWzawlrpbjXBrXCEv9zazQ-- <- @aws-crypto/util 5.2.0
+ nodelite-2-4S9ksMGVWUshvgK0mKfvZky7leuG5-uoFVwMpAomJ8bMoDJiNHRVmc1EglwW-CmGVSqqWpEbXm9FmbRit22qoA-- <- @babel/plugin-transform-spread 7.29.8 (8.0.1 is available)
+ nodelite-2-4tTZYUg-8BICC3Yyb9rOeoKeijKbZHRXBEKObrfPmX4sQmYB15ZOUpoVBhAyJkOYVAM8EkPci6Uw5dLCwx2BEQ-- <- @probe.gl/env 3.6.0
+ nodelite-2-4tYFyifaFfGacoiObjJegolkwSU4xQNGbVgUiNYVUxbQ2x2lUsFvY4hVgVzGiIe6WLOPqycWXA40l-PWsxthUw-- <- caseless 0.12.0
+ nodelite-2-4UGewrYgqDFw9vV6zNV-ADmPAUAfJPKtGvb-VdpQAx25X5f3xXdGdyOEVFwkl8Hl-tl7-xbeHqSEM-D5-TirUg-- <- plur 4.0.0 (5.1.0 is available)
+ nodelite-2-4XaJ2zQdCzROZDivEVIDPkcQn8LMFSa8kj8Gxb-Lnwzv9A8VctNZ-lfivC-sV3ivW8ElJTERXZoPBRrZKkNKow-- <- strip-ansi 4.0.0 (7.2.0 is available)
+ nodelite-2-4XP60spRGjSZFf1qYH-dJIkK2znL3zQfl9KkOV9MkkRR-3Dls0dxaBsQPTloEc5BLXWPL9vsOxopxyKoMmDueg-- <- vite 7.3.6

Done in 2.4s
