Progress: resolved 1, reused 0, downloaded 0, added 0
Packages: +250
++++++++++++++++++++++++++++++++++++++++++++++++++++++++++++++++++++++++++++++++
Progress: resolved 250, reused 0, downloaded 249, added 249
Progress: resolved 250, reused 0, downloaded 250, added 250, done

dependencies:
+ nodelite-2-a4UGQaWPH59mOXUYnAG2ewncQS4i4F43Tv3JoAM-s2VDAmS9NsK8GpDMLrCHPksFT7h3K6TOoUNn2pb7RoXx4g-- <- yallist 3.1.1 (5.0.0 is available)
+ nodelite-2-a6WIAp89p3kpNoYStITT9RbTbTnqarU7D8N8F2CV-4Cl9fwCOZraLVuVFvlpsW0SbIiYtEnhCZBPLoNdRkjQFw-- <- @rollup/rollup-linux-x64-musl 4.45.1
+ nodelite-2-a85L9ZoXtNAey3Y6Z-eBWW658kO-MwR7zIafkIUPUMf3isZG0NCs2pjW2wtjxAKuJPxMAsHUIP4ZPGv0o5gyTA-- <- find-my-way-ts 0.1.6
+ nodelite-2-aAWcW57uxVNrQZqFXjITpW3sIUQmHGG3qSb9mUah9MgMC4NeWhNOlNjXEYq3HjRAvL6arUviZGGJsBg6z0zsWA-- <- finalhandler 1.1.2 (2.1.1 is available)
+ nodelite-2-aGZh6xMo6q9vq1JGcw58lZ1Z0-i0xB2x0XaauNIUXd6O1xXc3RwoWEBlsTQrY4KQ9Jf0s5rgD6SiNkaUdJegTA-- <- @babel/plugin-transform-nullish-coalescing-operator 7.27.1 (8.0.1 is available)
+ nodelite-2-Nb1srn7dvzkVx0J5h1vq8f48e3TIcbrS7e-UfAI-cDSef-n8yLh4zsAEsFkfpw6auTY-ZaspEvam-xs8nMnotQ-- <- tinybench 4.0.1 (5.1.0 is available)
+ nodelite-2-Nbjs2zjj0htNhzgiy5wu-3w09YetDx5pkrpI-kZotDlDUaYk0HVA5xrBVPdow4SAUIlhgKcJeJg4GRKW6xHusA-- <- playwright-core 1.54.1 (1.62.1 is available)
+ nodelite-2-Nc3IT5yHzflTfbjgqWcCPpo7DaKy4FnpB0l-zCAW0Tc7jxAiuqSxHasntB3D7887LSrA93kDJ9IXovxJYxyLCA-- <- pluralize 8.0.0
+ nodelite-2-Ne2YiiGN8bmrmJJEuTWTLJR32nh-JdL1-PSicowtNb0WFpn59GK8-lfD61bVtzguz7b3PBt74nxpv-Pw5po5Rg-- <- type-fest 0.7.1 (5.4.1 is available)
+ nodelite-2-NiSupZ4OeuGwr68lGIeym-ksIZMJodUGOSCZ-FSnTxcrekbvqrgdUxlJOMpijaKZVjAJrWrGs-6Jy8OMuyj9ow-- <- escape-html 1.0.3
+ nodelite-2-NlHwttCI-l5gCPR3D1nNXtWABUmBwvZpEQiD4IXSbIDq8BzLIK-7Ir5gTFSGZDUu37K5cMNp0hFtzO38sC7gWA-- <- scheduler 0.26.0 (0.27.0 is available)
+ nodelite-2-NoaMtzhxOrubeL-7UZuNTrejB4MPAJ0RpxZqXQf2qXuVlTPuG6Y8p4u9dKRaue4yjmC7ZhzVO2-Yyyn25znrPQ-- <- @types/pg 8.15.6
+ nodelite-2-NoZ4roiN7LnbKn9QqE1amc9DJfzvZXxF4xDavcOWt1BPkdx-m-0gJuPM-S0vCe7zTJMYUP0R8pO2XMr-Y8oLIg-- <- tsconfig-paths 4.2.0
+ nodelite-2-NqADB8VjPFLM2V0VvHUewwwsw0ZWBaIdgo-ieHtK3hasLz4qeCRjYcqfB6AQrBggRKppKF8L52-VqdVsO47Dlw-- <- has-tostringtag 1.0.2
+ nodelite-2-NuAESUOUMrlIXOfHKzD6bpPu3tYt3xvjNdRIQ-FeT0lNb4K8WR70CaDxhuNguS2XG-GjkyMwOzsN5ZktImfhLA-- <- object-keys 1.1.1
+ nodelite-2-NuaNSa6flKT5JaSYQzJok04JzTL1CA6aGhv5rfLW3PgqA-M2ChpZQnAC8h8i4ZFkBS8X5RqkDBHA7r4hej3K9A-- <- queue-microtask 1.2.3
+ nodelite-2-Nv9KddBcQSlQopmBHXSsZVY5xsdlZkdH-Iey0BlcBYggMd4two7cZnKOK9vmy3nY0O5RGH99z1PCeTpPqszUYg-- <- lru.min 1.1.2 (1.1.3 is available)
+ nodelite-2-O0yuUDnZeQDL-ncNGlJ78BiO4jnYI3bvMsD5prT0-nsgijG-LpNBIr63gTjVTNsiGkgQhiyCShTgxt8oXOrklA-- <- ast-types 0.14.2 (0.16.1 is available)
+ nodelite-2-O4aP3CLFNodg8eTHXECaH3B3CjicfzkxVtnrfLkOq0XNP7TIECGfHpK-C6vADZkWP75wzmdBnsIA8ksuJMk18g-- <- @azure/core-client 1.10.0 (1.10.1 is available)
+ nodelite-2-O5lz91xSOeoXP6DulyHfllpq-Eg00MWitZIbtPfoSEvqIHdl5gfcY6hYzDWnj0qD5tz52PI08u9qUvSVeUBeHw-- <- node-int64 0.4.0
+ nodelite-2-O8dpsF-r0WV-8MNRKfnmrtCWhuKjxrq2w-jpzBL5UZKTi2LeVWnWOmWRxFlesJONmc-wLAGvKQZEOanko0LFTg-- <- istanbul-lib-coverage 3.2.2
+ nodelite-2-O8jcjabXaleOG9DQ0-ARXWZBTfnP4WNAqzuiJK7ll44AmxGKv-J2M4TPjxjY3znBCfvBXFzucm1twdyFybFqEA-- <- @isaacs/cliui 8.0.2 (9.0.0 is available)
+ nodelite-2-OAlb-T7V4Op9OwdkjmguYRqncdlx5JiofwOAUkmTF-jNdHwzTaTs4sRAGpzLF3oOz5xAyDGrPgeIDFQmDOTiJw-- <- check-error 2.1.1 (2.1.3 is available)
+ nodelite-2-ObmnIF4hXNg1BqhnHmgbDETF8dLPCggZWBjkQfhZpbszZnYur5DUljTcCHii5LC3J5E0yeO-1LIMyH-UvHQgyw-- <- shell-quote 1.8.3
+ nodelite-2-OF8fFQSkbL7vJY9rfuegK1R7sPgQ6kFMkDamiEccNUvieQ-3urzfDFI616oPl8V7T9zRmnTkSjMOImYCAVRVuw-- <- @libsql/hrana-client 0.7.0
+ nodelite-2-OGlZQpz2yfahA-Rd1Y8Cd9SIEsqvXkLVoSw-cgwhnhFMDbsQFeZYoJJ7bIZBS9BcamUW96asq-npPWugM-RQBw-- <- jackspeak 3.4.3 (4.2.3 is available)
+ nodelite-2-OhYaY5sDsIka7H7AtijtI9jwGYLyl29eQn-W623DiN-MIv5sUqc4g7BIDThX-gb7di9f6xK02nkp8sdfFWZLTg-- <- node-abi 3.75.0 (3.96.0 is available)
+ nodelite-2-OJguuwlTYlN0gBZFRPqwOGNWssZjfIUdS7HMYtN8c1KmwpwHFBwTeFZrg9XZa-DFTitWOW5iTAG7tyCUPsCCyw-- <- @babel/plugin-transform-modules-commonjs 7.27.1 (8.0.1 is available)
+ nodelite-2-OJL18VbSw2RgtBm1f2P3J5kb892LCVJqMvslXxuxjAPex8OH7Eb8RBfgEo7VZSjgb-LOf4jhC4UFk5l5tAOHHA-- <- metro-core 0.82.5 (0.83.2 is available)
+ nodelite-2-OKHmb3-Kpm06HypvB3g6Q3zJuvyXcpxDpCS1PnU8OV6AJgSFaee-covXBcPbWc6XDDxtEPlbi3EMQ6nUiPaQtw-- <- @azure/core-rest-pipeline 1.22.0 (1.22.2 is available)
+ nodelite-2-OLETBj6w0OsagBwdXnPdN0cnMfF9opN69co-7ZrbfPGrdpPVNBUj02spi6B1N7wChLQiPn4CSH-zJvXw56gmHw-- <- domelementtype 2.3.0
+ nodelite-2-OnAYlL5b7LEkALw87fUVafQw5rVR9RjwGd4KUwNQ6DrrNmaVaUCgLipfVlzrPQ4tWOR9P0IXGNOx50jYCCdSJg-- <- b4a 1.6.7 (1.8.1 is available)
+ nodelite-2-Oo-0REFV59-rz3gfJNKQiBlwfHaSESl1pcGyABQsnnIfWOFt6JNj5gCog2U6MLZ--IGYD-nA8nI-mTShREReaA-- <- sprintf-js 1.1.3
+ nodelite-2-OO0pH2lK6a0hZnAdau5ItzHPI6pUlvI7jMVnxUQRtw4owF2wk8lOSabtGDCTP4Ggrg2MbGnWO9X8K1t4-fGMDw-- <- fs.realpath 1.0.0
+ nodelite-2-OpZ3zP-jT1PI7I8nemJX4AKmAX070ZkYPVWV-AaKTJl-tXCTGyVdC1a4SL8RUQYEwk-f34ZX8UTykN68FwrqAA-- <- statuses 1.5.0 (2.0.2 is available)
+ nodelite-2-OqbOk5oEQeAZ8WXWydlu9HJjz9WVdEIvamMCcXmuqUYjTknH-sqsWvhQ3vgwKFRR1HpjvNBKQ37nbJgYzGqGcg-- <- mimic-fn 2.1.0 (4.0.0 is available)
+ nodelite-2-OQtR36ZlnuTxKqoW4Sv6x5YIhOmClRd5pWsjZsddYxpWs517R0HkyiefQPIytCVh4ZcC5x9XaG8KTdd5iRQUfg-- <- @changesets/logger 0.1.1
+ nodelite-2-OuLGC46TjB5BbN1dH8JULVVZY4WTdkF7tV9Ys6wLL1rubZnCMstOhNHueU5bLCrnRuDhKPDM4g6sw4Bel5Gzqg-- <- @jridgewell/gen-mapping 0.3.12
+ nodelite-2-OWND8ei3VtNC9h7V60qff3SVobHr996CTwgxubgyQYEpg290h9J0buyECNNJexkFm5sOajh5G116RYA1c8ZMSw-- <- natural-compare 1.4.0
+ nodelite-2-OWyGEMsInZaA1seUIqa16qJX9zgo0f85Vll304hnxo4KhjWZTByzUartJ-GG7BZJ-m8eRj0xOkr9Kv9PBnV-ng-- <- @effect/build-utils 0.8.8
+ nodelite-2-OYu7XEzjkCQ3C5Ps3QIZsQfNpqoJyZZA99wd9aWd05NCtC5pWOkShK2mkL6HXQR6-Cy2lbNdPlZBpuQHXE63gA-- <- jsesc 2.5.2 (3.1.0 is available)
+ nodelite-2-P0efT1C9jIdVRefqjzOQ9Xml57zpOXnIuS-csaB4MdZbTdmGDLo8XhzBG1N7aO11gKDDkJvBLULeFTo46wwreA-- <- msgpackr-extract 3.0.3
+ nodelite-2-P8BjAsXvZS-VIDUI11hHCQEv74YT67YUi5JJFNWIqL235sBmjX4-qx9Muvls5ivyNENctx46xQLQ3aTuE7ssaQ-- <- callsites 3.1.0
+ nodelite-2-Pdlw-oPxN-aXdmM9R00JVC9WVFoCLTKJvDVLgmJ-qAffBMxsV85l-Lu7sNx4zSzPyoL2euImuEwHhOXdEgNFZQ-- <- pretty-format 29.7.0 (30.2.0 is available)
+ nodelite-2-PEIGCY5tSlUt50cqyMXfCzX-oOPqN0vuGqWzbcJ2xvnkzkq46oOpz7dQaTDBdfICb4N14-GARUDw2XV2N4tvzg-- <- ws 8.18.3
+ nodelite-2-PiU42r-xO4UbUS1buo3LPJkjlO7430Xn5SVAhdpzzsPHsjbYVflnnFdATgabnLude-Cqu25p6N-g2lw-PFsa4w-- <- spdx-exceptions 2.5.0
+ nodelite-2-PMSmkqxr106Xa156c2M265Z-FTrPl-oxd-rgOQy2tijQeK5TxQ43psO1ZCwhVOSdnn-RzkzlRz-eY4BgJBYVpg-- <- js-yaml 3.14.2 (5.4.1 is available)
+ nodelite-2-PpOwAdQ-YlXQ2vj8a3h8IipDuYRi3wceVQQGYWxNINccq40Anw7BlsEXCMbt1Zt-OLA6Fq9suIpIWD0OsnISlw-- <- find-up 4.1.0 (7.0.0 is available)
+ nodelite-2-PRp66vJ865SSqOlgqS8hujT5U4AOgMfhrwYIuIhfKaoSCZcirrmASQr8CX7cUg-RMih-hgznrjp99o-W4pJLHQ-- <- jsonwebtoken 9.0.2 (9.0.3 is available)
+ nodelite-2-PwwhEakHVKTdRNVOw--Gyh0-MzlCl4R6qKvkhuvLtPMggI1WAHt9sOwZxQLSGpUaDnrdyDsomoRgNnCfKNSXXg-- <- is-date-object 1.1.0
+ nodelite-2-PX1wu0AmAdPqOL1mWhqmlOd8kOIZQwGZw6rh7uby9fTc5lhaOWFLX3I6R1hrF9k3zUY40e6igsLGkDXK92LJNg-- <- obuf 1.1.2
+ nodelite-2-PXwfBhYu0hBCPw8Dn0E-WDYb7af3dSLVWKi3HGv84IdF4TyFoC0ysxFd0Goxw7nSv4T-PzEJQxsYsEiFCKo2BA-- <- micromatch 4.0.8
+ nodelite-2-PYAthTa2m2VKxuvSD3DPC-Gy-U-sOA1LAuT8mkmRuvw-NACSaeXEQ-NHcVF7rONl6qcaxV3Uuemwawk-7-SJLw-- <- accepts 1.3.8 (2.0.0 is available)
+ nodelite-2-PYRhNtZdm2wH-NT2k-oAJ6-f2VD2N2Dag0lGlx2vWgMSJXGNmlce5MiTQzoWAiIJtso30mjnfQCOKVH-kAQC-g-- <- @types/node 22.16.4 (26.4.1 is available)
+ nodelite-2-PZJF4qvPbDWZfXk0Tr-O5xaMhFoetA1gIVPgYLH6Bc6gAeyYxhGw268p-95SkADZDjB5CYPcVLvfQEjSVeR3Zw-- <- @libsql/core 0.12.0 (0.14.0 is available)
+ nodelite-2-Q-N6JNWvIvPnLDvjlE1OUBLPQHH6l3CltCEsHIujp45zQUSSh8K-gHnaEX45yAT1nyngnINhvWtzN-Nb9D8RAQ-- <- @babel/runtime 7.28.4 (8.0.0-beta.0 is available)
+ nodelite-2-Q0n9HRi4m6JuGIV1eFlmvJB7ZEVxu93IrMyiMsGC0lrMJMWzRgx6WGquyfQgZVb31vhGgXnfmPNNXmxnOkRBrg-- <- encodeurl 2.0.0
+ nodelite-2-Q5thBSxp5t8WPTTJQS59LrGqOZqOsrhDGDVm8azCqIBjSBd7nd9o2PM-mDulQQkh8h--4U6hFZnc-mul8t5pWQ-- <- split-ca 1.0.1
+ nodelite-2-QaKxh0eNIi2mE9p2vEdzfagOKHCcj1pJ56EEHGQOVxp8r9-iszLUUV7v89x9O1p-T-NlTM5W7jW6-cz4Fq1YVg-- <- whatwg-mimetype 4.0.0 (5.0.0 is available)
+ nodelite-2-Qb1gy5OrP5-zDf2Bvnzdl3jsTf1qXVMazbvCoKhtKqVs4-YK4ozX4gKQJJVyNe-cajNPn0KoC0MC3FUmaHWEmQ-- <- pretty-format 27.5.1 (30.2.0 is available)
+ nodelite-2-QB9NKEeDg3xxVwCCwJQ9-xycaz6pBB6iQ76wiWMl1927n0Kir6alPiP-yuiICLLU4jpMe08dXfpebuQppFA2zw-- <- get-port 7.1.0
+ nodelite-2-QEg3HPMll0o3t2ourKwOeUAZ159Kn9mx5pnzHRQO8-Wixmh88YdZRiIwat0iNzNNXn0yoEtXJqFpyW7eM8BV7g-- <- undici 7.16.0 (8.10.1 is available)
+ nodelite-2-QIXZUBJUx-2zHUdQujWejBkcD9-cs94tLn0-YL8UrCh-D5sCXZ4c7LaEH48pNwRY3MLDgqUFyhlCyjJPf1WP0A-- <- lru-cache 11.1.0
+ nodelite-2-QlAyL1jRpOeaqx7-leG1vJMp84g0xKP6gJmfELBpnI4O-9xPX-Hu5m1POk9Kl-veNkyth5t19hRlN6tNY1sjbA-- <- @opentelemetry/sdk-logs 0.208.0
+ nodelite-2-QldCVh-ztyKJJZLr4jXNUByx3gR-TDYZCRXEktiZoUR3PGy4qCmSbkxcIle8GEwGpb5JBZazlaJ-CxLidXdEbQ-- <- eslint 9.31.0
+ nodelite-2-QrWXB-ZQSVPmIWIhtEO9H-gwHaMGYiF5ChvoJ-K9ZGHG-sVsa6yiesAD1GC-x46sET00Xlwo1u49RVVVzvcSkw-- <- commander 7.2.0 (9.5.0 is available)
+ nodelite-2-QwGAmuvM17btKU5VqXfb-Giw4JcN0hjuufz3DYnpeVDvZLAObloM77bhMXiqry3Iio-Ai4phVRDwl6WU10-r5A-- <- @babel/helper-create-class-features-plugin 7.27.1 (8.0.1 is available)
+ nodelite-2-QyQQ6e66f-Ut-qUVjEce0E-wux5nAGLXYZDn1jr15JWstHsCH3l6VVrg8NKDptW9NEiBXKOJeGF-ydxeSDF3IQ-- <- ob1 0.82.5 (0.83.2 is available)
+ nodelite-2-QYqzpfwO3-CWf3XP-Z-tkQsfaLL-EnUlXWVkIk5FUPc4sBdTehEqZONuyRt2P67PXAk-NXmTBcc97zw9t1FQrw-- <- lodash.isnumber 3.0.3
+ nodelite-2-QZ3TrI90Y0i1ezWQdvreryjY0a5TK4J9gyDLIyhLBwV-EQUvyp5wR7TFPKCAexD4TDSWM0t3ulQDbYYjVtzTyA-- <- @opentelemetry/exporter-metrics-otlp-http 0.208.0
+ nodelite-2-R-rgrSRTRdU5mH14PZTCPZtW-zw3HDWNTS-1ZAQpL-5Upe-ye5K9WQkIysu4wBoiMwKynsz0a8qWuGsHgEvSAA-- <- dockerode 4.0.7 (4.0.9 is available)
+ nodelite-2-R3pbpkcIqv2Pm3dUwgjclDRVmWpTJW2DcMzcIhEXEx1oh-CEMObMm3KLmRJOdvhM7o4uQBnwr8pzRK2sJWIqfg-- <- has-bigints 1.1.0
+ nodelite-2-R4nPAVTAU0B9D35-Gk3uJf-7XYbQcyohSKdvAxIRSNghFl4e71hVoGnBNQz9cWaXxO2I10KTC-3jMdvvoKw6dQ-- <- p-try 2.2.0
+ nodelite-2-R79ZZ-0wAxKGu3oYMlz8jy-kbhsNrS7SKZ7PxEHBgJ5-F2mtFW2fK2cOtBh1cHYkQsbzFV7I-EoRKe6Yt0oK7A-- <- p-locate 4.1.0 (6.0.0 is available)
+ nodelite-2-R8Rdn8Hy72KKcebgLiv8jQcQkXoLMOGGv5uI1-k0l-snqkOzQ1R0ChUBCxWMlBsFMekWjq0wRudIweFs7sKT5A-- <- @smithy/util-utf8 2.3.0 (4.2.0 is available)
+ nodelite-2-RbJ5-jmFcNNCcDV5o9eTnBLJ-HszWV0P73bc-Ff4nS-rJj-YaS6IGyiOL0VoBYX-l1Wrl3k63h-KrH-nhJ0XvQ-- <- graceful-fs 4.2.11
+ nodelite-2-RBMg5FRL0I0gs51M-guSAj5-e14VQ4tpZnQNWwuDT66P14I43ItmPfIZRhO9fUVIPOAQXU47atlywZ-czoqFPA-- <- @eslint/object-schema 2.1.6 (3.0.5 is available)
+ nodelite-2-RdJUflcE3cUzKiMqQgsCu06FPu9UdIJO0beYbPhHN4k6apgJtifcoCtT9bcxOpYBtpD2kCM6Sbzg4CausW-PKQ-- <- js-tokens 4.0.0 (9.0.1 is available)
+ nodelite-2-Re10-NauLTMCudc7T5WLFLAwDhQ0JWdrMK-9B2M8zR5hRExKmsRDCBA7-aV-pNJFltmBFO5BAMlQFi-vq3nKOg-- <- tapable 2.2.2 (2.3.3 is available)
+ nodelite-2-RF0Fw-rO5AMf9MAyaRXI4AV0Ulj5lMHqVxxdSgiVbixSCXoEmmX-jk0CuJw4-3SqroYO9VoUh-HcuJivvtJemA-- <- semver 7.7.2 (7.8.5 is available)
+ nodelite-2-RGdriMmQQvZ2aqaQq3awNA6dCGtKpiDFcOzrTWrDAT2MiWrKQVPmxLGHl7Y2nNu6led0kEyoX0enY0qXYsv9zw-- <- is-decimal 1.0.4 (2.0.1 is available)
+ nodelite-2-Rgws8GfIfq2iNWCD3G1dTD9xwYsCof1-tc5S5X0Ahdb5CrAPE-k5P70XCWHqrFFurVCcKaHLJ-6DjIBHWVfLiw-- <- @opentelemetry/exporter-prometheus 0.208.0
+ nodelite-2-RGwwWnwQvkVfavKVt22FGLw-xYSdzARwm0ru6DhTVA3umU5hZc28V3kO4stgYryrTlLpuvgI9GiijltAjNbcqA-- <- debug 4.4.3
+ nodelite-2-RHxMLp9lnKHGHRng9QFhRCMbYAcVpn69smSGcq3f36xjgVVWThj4qqLbTLlq7Ssj8B-fIQ1EuCEGI2lKsyQeIw-- <- isexe 2.0.0 (3.1.1 is available)
+ nodelite-2-RJRdvCo6IAnPdsvP-7m6bsQqNnn1FCBX5ZNtFL98MmFF-4xAIJTIg1YbHW5DC2W5SKZanrC6i4HsJqlajw-dZw-- <- set-proto 1.0.0
+ nodelite-2-RkhPPp2zrqDAQA-2jNhnztcPAlv64XdhIp7a7454A5ovI7Bukxgt7MX7udwAu3zg1DcpPU0rz3VV1SeaqvY4-A-- <- @nodelib/fs.stat 2.0.5 (4.0.0 is available)
+ nodelite-2-RKtWF8pGmS87i2D6gqQu-l7EYRlVdfzemCJN-P3UOs--x1QE7mfhvzHIApBTRf7axvT6DMGwSwBXYCT0nfB9xw-- <- is-data-view 1.0.2
+ nodelite-2-RMr0FhtfXemyinomL4hrWcYJxmX6deFdCxpJzhDttxgO1-bcCnkk-9drydLVDmAMG7NE6aN-fl4F7ucU-90gAA-- <- cluster-key-slot 1.1.2
+ nodelite-2-ROmzCKrTnOwybPcJApAA6WBWij23HVfGVNKqqrZpuyZOHqK2CwHSvpGuyt-UNNvaIjEd8X5IFGp4Mh-Ie1IHJQ-- <- crc-32 1.2.2
+ nodelite-2-RQgQ4uQ-pLbqXfOmieB91ejmLwvSgv9nLx6sT6sD83s7umBypgg-OIBOBbEUiJXrfpnp9j0mRhYYdzp9uqq3lA-- <- @isaacs/ttlcache 1.4.1
+ nodelite-2-RRECPsj7iu-xb5oKYcsFHSppFNnsj-52OVTRKb4zP5onXwVF3zVmmToNcOfGC-CRDpfK-U584fMg38ZHCaElKQ-- <- color-convert 2.0.1 (3.1.2 is available)
+ nodelite-2-Rs66F0P-1kedk5lyYyH9uBzuiI-kNRmwJAR9quK6VOtIpZ2G-hMZd-HQbbv25MgCA6gEffoMZYxlTod4WcdrKA-- <- string.prototype.trim 1.2.10
+ nodelite-2-RwNA9Z-7PrK06rYLIzFMlaF-l73iwpzsqRIFgbMLbTcLD6cOao82TaWefPXQvB2fOC4AjuYSEndS7N-mTCbkdQ-- <- statuses 2.0.1 (2.0.2 is available)
+ nodelite-2-S6-9-T6x8j6cr-gNhp-U2olwo1n0jKj-682QVqsh7yXWV6ednHYqxFw0ZsY3LyzT0N8jaZ6jQY9YD99le3cmvg-- <- @ts-graphviz/common 2.1.5
+ nodelite-2-Sb487aTOCr9drQVL8pIxOzVhafOjZN9UU54hiN8PU3uAiSV7lx1yYNpbNmex2PK6dSJoNTSJUUswT651yww3Mg-- <- lodash.once 4.1.1
+ nodelite-2-SbKbANkN603Vi4jEZv49LeVJMn4yGwsbzZworEoyEiutsN3nJYdbO36zfhGJ6QEDpOZIFkDtnq5JRxmvl3jsoQ-- <- is-extglob 2.1.1
+ nodelite-2-SdsKMrI9TdgjdweUSR9MweHA4EJ8YxHn8DFaDisvhVlUOe4BF1tLD7GAj0lIqWVl-dPb-rExr0Btby5loQm20Q-- <- semver 7.7.3 (7.8.5 is available)
+ nodelite-2-SEYeGAIQIQX8NN6LDKprLjbrd5dARM5EXsd8GI-A5l0apYI1fGMWgPHSe4ZKL4eozlAyI-doUE9XbYS4xCkQ1w-- <- @types/glob 7.1.3 (8.1.0 is available)
+ nodelite-2-ShM1mz7rCjdssXt7Xz0u1-R2BJC7piWa3SJpUBiVjCf2A3XNn4cP6pUVaD8bLanpPVVn4IKzJuw3dOvkJ8IbYw-- <- @types/dockerode 3.3.47
+ nodelite-2-Sk5V6wVazPhq5MhpO-AUxJn5x7XSXGl1R93Vn7i-zS15KDVxQijejNCrz8340-2bgLBjR9GtEG8ZVKONDjcqGQ-- <- error-stack-parser 2.1.4
+ nodelite-2-Sp1ablJ0ivDkSzjcaJdxEunN5-XvksFJ2sMBFfq6x0ryhQV-2b-KwFe21cMpmHtPOSij8K99-wSfoEuTObmuMQ-- <- call-bind-apply-helpers 1.0.2
+ nodelite-2-SPkXWIkVZxhgwSwVq9rqj-4VFo7MnWwVaRNznfQDc-xPYHjXnPfLWn-4L6FF1cAz6e7dsqBeMawgl7QjUMj4Ow-- <- @typescript-eslint/type-utils 8.37.0
+ nodelite-2-Sx1pU8EM64o2BrqNpEO1CNLtKQwyhuXuqyfH7oGKCk-1a33d2r5saW8zNwm3j6BTExtjrv2BxTgzzkMwts6vGg-- <- @ioredis/commands 1.2.0 (1.5.0 is available)
+ nodelite-2-Sy8tpEmCce4Tq0oSOYdfqaBpA3hDM8SoxoFh5vzFsu2oL-znzGz8oVWW7xb4K920yYMUY-PIG31qZnFMfPWNCg-- <- @types/ssh2-streams 0.1.12
+ nodelite-2-SyHy3T1v2NUXn29OsWdxmK6RwHD-vkj3v8en8AOBZ1wBQ-hCAQ5bAQTD02kW4W9tUp-3Qh6J8r9EvntiyCmOOw-- <- github-from-package 0.0.0
+ nodelite-2-T1gkAiYYDWYx3V5Bmyu7HcfcvL7mUrTWiM6yOfa3PIphViJ-gFPbvidQ-veqSOHci-PxBcDabeUNCzpOODJZig-- <- http-proxy-agent 7.0.2
+ nodelite-2-T3C8OthBHfpFIjaGFa0q6rc58T2AsJ-jKAa-qPquMKBtYGJMc75WgNbk-ZbPBxeity6FxZsmg3bzoUaWQo4Mow-- <- @react-native/assets-registry 0.80.1 (0.81.5 is available)
+ nodelite-2-T9eIRCs6b0J1SHKYIvD8-KCJMcWZ900iZyxdnSCdqxN12Z1ijzT-jY5nrk72Jw4B0HGzms2NgpryArlJqvc3Lw-- <- libsql 0.4.7
+ nodelite-2-TbX3mj8n0odCBFVlY8AxkqcHASw3L60jIuF8jFP78az3C2YhmGvqbHBpAjTRH2-xqYunrJ9g1jSyjCjpoWzIAA-- <- which-boxed-primitive 1.1.1
+ nodelite-2-TcccoMhJOM3OebGhSBEmp3UZ2SfDMZUEBdRA-9ynfLi8yYajyWX3JiXArcJt4Umh4vISpspkQIY8ZZoCqjbviA-- <- strip-literal 3.0.0 (3.1.0 is available)
+ nodelite-2-TCCj4t55U90khlYkVV-0TfkJkAkUg3jZFA3Neb7unZT8CPok7iiRfaX0F-WnqWqt7OxhOn0uBKXCw4lbL8W0aQ-- <- @babel/traverse 7.28.5 (8.0.4 is available)
+ nodelite-2-TfPotjhszKLgFBzBhTOxNHDsutIxx9GTWjrL5Wh7Qx-ydxKhwUrlSFeLIn-ZaHPF-h0siVBkAQSuy6CADyTxgQ-- <- detective-stylus 4.0.0 (5.0.1 is available)
+ nodelite-2-TfySrs-5nm8fQJDcBDuUng3VOUKsd7S-zqvbOTiGXHfxX4wK31ard-hoNuvkicM-2YFzlpDgABOevKSsB4G-FA-- <- pirates 4.0.7
+ nodelite-2-ThVF6DCVhA8kUGy-aazFQ4kXQ7E1Ty7A3ypFOe0IcJV8O-M511G99AW24irKrW56Wt44yG9-ij8FaqoBGkuBXg-- <- @types/ws 8.18.1
+ nodelite-2-TizTzUddG-xYLA3NXodFM0fSbNizXjOKhqiQQwvhlspadZokn1KDy0NZFS0wuEubIYAV5-c1-lAr0TaaFXEXzw-- <- css-select 5.2.2 (6.0.0 is available)
+ nodelite-2-Tj-HTDSJJKaZnfiuw-iaF9skdPpTo2GtEly5JHnWV-hfv2Qj-9RKsGISQtLh2ox3l5EAGw487hnBee0sIJ6v2g-- <- natural-compare-lite 1.4.0 (1.4.1 is available)
+ nodelite-2-TjNPblN4BwAWMXU8s9AEz4JmQxnD1NNL7bNOY-AKUzyamc379FWASUhc-K1pL2noVb-XmZKLL68cjzLsiOAMaA-- <- proper-lockfile 4.1.2
+ nodelite-2-TPJXq8JqFaVYm2CWmPvnP2Iyo4ZSM7-QKcSmuMLDObfpH5fi7RUGmd-rTDf-rut-saiDiQEeVTNgAmJEdAOx0w-- <- encodeurl 1.0.2 (2.0.0 is available)
+ nodelite-2-Tpp60P6IUJDTuOq-5Z8cdskzJujfwqfOTkrwIwj7IRISpnkJnT6SyJ4PCPnGMoFjC9ddhal5KVIYtAt97ix05A-- <- ms 2.0.0 (2.1.3 is available)
+ nodelite-2-Tq6PixE0w-VMFfCgbONnkiQIVol-JJL7nRMi20fqzA4NRs9AfeqMGeRdPi3wIhYkxjeBaWh2rxwapn5Tu3IqOQ-- <- find-cache-dir 2.1.0 (4.0.0 is available)
+ nodelite-2-TR3KfrTZTYLPB6jUjfx6MF9WcWrHL9su5TObK4ZkYgBdWKPOFoSoQIdEuTuR82pmtxH2spWG9h6etwfr1pLBqQ-- <- import-fresh 3.3.1
+ nodelite-2-TSFvkIW6gGjN2p6zbXo20FzCABbyUAuq6tBvNRGsKdsSQ6a7rnV6ADfZ7f4iI3lIiXc4F4WWvtUfDw9CJ9pO5A-- <- @typescript-eslint/utils 8.37.0
+ nodelite-2-TtpcNJ3XAzx3Gq8sWRzJaVajRs0uVxA2YAkdb1jm2YkPz4G6egUFAyA3n5vtEIZefPk5Wa4UXbKuS5fKkJWdgA-- <- escape-string-regexp 4.0.0 (5.0.0 is available)
+ nodelite-2-Tu8jMlcX-9d8-QVzKIvM-uJtp07PKr82IUOYEphaWcoBhIYkoHpLXN3qO59nAI11ripznDsEzEv8nUxBVWajGg-- <- pg-pool 3.10.1
+ nodelite-2-Tub4ZKEXqbPjXgWLl2-3JpQAYBJ8-ikpQ2Ocj-q-r0LwE3UhENh7EUabyHjz2kCEsrRY83ew2DQdHluuiDQFzg-- <- @babel/helper-skip-transparent-expression-wrappers 7.27.1 (8.0.0-beta.0 is available)
+ nodelite-2-TwAZM-zE5Tq3lrEHvOlvwgj1XLWQCtaaibSN11Q-gGBAS7Y1uZSWwXXRe4iF6OXnaq1riyQAPFOBtYc77Mxq0g-- <- htmlparser2 10.0.0
+ nodelite-2-TwuEnCnxbc3rAvhf-LbG7tJUDzhqXyFnv3dtzLOPgCG-hODL7WFnsbwktkD7yUV0RrreP-l1PALq-YSg6VvjlA-- <- lodash.camelcase 4.3.0
+ nodelite-2-TYOanM3wGwNGsZN2cVTYPArw454xnXj5qmWF1bEoAc4-cU-ol7GVh7odevjp1FNHduHc3KZMcFduxU5Xc6uJRQ-- <- p-limit 3.1.0 (7.2.0 is available)
+ nodelite-2-Tz7zfjhLfsvR39ADOSk9us4421J-1ztVBo4rWUkF38hgHK5m0OCZ3NxFVpqHRkjctnwVa15igEUHFJp8MCS7vA-- <- resolve-dependency-path 3.0.2 (4.0.1 is available)
+ nodelite-2-U1jqHMShibMEWHdxYhj3rCMNCiLx5f35i4e3CEUuW-JSSszc-tVqc6WCAPdhwBymG5R-vgbcceagK0St7Cq6Eg-- <- @types/dockerode 3.3.42 (3.3.47 is available)
+ nodelite-2-U7VdrJFnJgo4xjrHpTzu0yrHPGImdsmD95ZlgYSEajAn2JKzDhDTPG9kBTefmObL2w-ngeZnilk-OV9CG3d7UA-- <- commander 6.2.1 (9.5.0 is available)
+ nodelite-2-UcjcJOWknrNkF6PLX83qcHM6KHgVKNkV62Y8a5uYDVv9ydGQVwAHMKqHdJje1VTWpljG0WYpCDhrCdAOYH4TWg-- <- split2 4.2.0
+ nodelite-2-UcVfVfaK4Sc4m7X3dUSoHoozQGBEFeDC-zVo06t98xe8CzHSZZBekNXH-tu0NalHolcJ-QAGqS46Hef7QXBIMw-- <- is-wsl 3.1.0 (3.1.1 is available)
+ nodelite-2-UEZIS3-by4OC8vL3P2dTXRETpebLI2NiI5vIrjaD-5UtrkFX-tNbwjTSRAGC--7CAo2pIcBaRgWmcBBHcsaCIw-- <- package-json-from-dist 1.0.1
+ nodelite-2-UfoeMA6fIJ8wTYFEUjelnaGI67v6-N7qXJEvQuIGa99l4xsCruSYOVSQ0uPANn4dAzm8lkYPaKLrrijLq7x23w-- <- is-core-module 2.16.1
+ nodelite-2-Ug69mNOpfvKDAc2Q8DRpMjjzdtrnv9HcSMX-4VsZxD1aZ6ZzrIE7rlzXBtWTyhULSMKg076AW6WR5iZpD0JiOg-- <- read-pkg 5.2.0 (9.0.1 is available)
+ nodelite-2-UGvjygr6F6tpH7o2qyqR6QYpwraIjKSdtzyBdyytFOHmPZY917kwdwLG0RbOjWOnKmnm3PeHjaoLLMie7kPLQw-- <- std-env 3.9.0
+ nodelite-2-Uhdk5sfqcee-9H-rCOJikYz67o0a2Tw2hGRPOG2Y1R2dg7brRe1uG0yaNQDHu-TO-uQPF-5eCapvYSmHUjt7JQ-- <- eslint-visitor-keys 4.2.1 (5.0.1 is available)
+ nodelite-2-UjgapumWlbMhkBgzT7Ykc5YXUT46F0iKu8SGXq0bcwP5dz-h0Plj6enJqjz1Zbq2l5WaqYnrVbwWOWMyF3F47g-- <- source-map 0.6.1 (0.8.0-beta.0 is available)
+ nodelite-2-UlLAnTPrFdNGoFtbSXwcGFQBtQZJCNjaN6hQNP3UPvuNXT1i82N26KL3dZeIpNalWywr9IuQuncaAfUaS1g6sQ-- <- @babel/core 7.28.0 (8.0.1 is available)
+ nodelite-2-UOiS2in6-Q0FK0R0q6UY9vYpQ21mr-Qn1KOnte7vsACuNJf514WvCCUHSRCPcgjPT2bAhNIJdlE6bVap1GKmeg-- <- extendable-error 0.1.7
+ nodelite-2-UpzcLCXolUWcNu5HtVMHYdXJjArjsF9C0aNnquZYY4uW-Vu0miy5YoWvbV345HauVvcAUnpRuhMMcqTcGOY2-w-- <- escape-string-regexp 2.0.0 (5.0.0 is available)
+ nodelite-2-UPzNGhsSjHD3Veb0xO-MwvasGe8eMyNrR-sT9gR8Q3DhOQZirgKhhXv-8hVsI0QpPjR004Z9iFxoJU6in3uGMg-- <- @changesets/read 0.6.5 (0.6.7 is available)
+ nodelite-2-UqKOQBL2x6-HWl3P-3QqFD4ncKq0I8Nuz9QItGv5WuKuMHuuwlhvqcZCoXGfc-P1QmfJE7VieykoYYmrOoFJxA-- <- @smithy/types 4.3.1 (4.9.0 is available)
+ nodelite-2-URMGH08NzYFhubNSGJrpUEphGKQwMQYBySzat5cAByY1-YgIRkULnIy3tAMeszlL-so2HbeilYloUmSpd7GdVw-- <- @babel/helper-optimise-call-expression 7.27.1 (8.0.0-beta.0 is available)
+ nodelite-2-UsZtOYEn4tWU2RGLOXr-o-xjRBftZRlG3dEWoaHr8j4GuypJ3isitGbVyjQKAuMu-xbiop8q224TjiZWc4XTZA-- <- stream-to-array 2.3.0
+ nodelite-2-Uth4vz0j-fkXCkbvutChUj03PDCokjbC6Wk9JT8hHEUtpy-EurNKAseb3-gO6Zi9VYBvwt61pgbzn1ovk942Qg-- <- @azure/identity 4.10.2 (4.13.0 is available)
+ nodelite-2-UVIHeVhxmxedbWPCfgS55Jg2rDfwf2BCKeylcPSqazLz5w3Kri7Q4xdBJubsr--VUzFLh0VjIvh13RaDA2-Xug-- <- happy-dom 17.6.3 (20.0.2 is available)
+ nodelite-2-UX6sGumvvqSaXgdKGUsgZWqcUyIXZ-vZTrlRT-iobiKhGL0zL4d3osHj3uqllWJK-i-sixDS-3COVEOFbupFyw-- <- detect-libc 2.0.2 (2.1.2 is available)
+ nodelite-2-UxC0Yv1Y4WRJiGQxQkP0hfdL0-5-6YvdfOOClRgJ0qppSarkhneSa6UvkMkms0AkdGimSH3Ikqm-6mkMmX7vGA-- <- ioredis 5.6.1 (5.9.2 is available)
+ nodelite-2-UxhIZQ-QInVdunkDAaiazvvT--fXL5Osr0JZlJulepYu6Jd7qJtDZjlur0emRlT71EN3ScPoE7gvsuIKKNavKw-- <- update-browserslist-db 1.1.3 (1.3.2 is available)
+ nodelite-2-UXSH262CSZY1tfu3G3Secr6uGLCFVPMhIqHjlgCUtCCcgihYc-xKs9djMTMUOb2j1mVSeU8EU6NWc-iQKU6Gfg-- <- string.prototype.trimstart 1.0.8
+ nodelite-2-UXWMKhLOwVKb728IUtQPXxfYU-usdybtUrK-8uGE8CQMvrhOpwvzDBwj0QhSL7MQc7vIsISBG8VQ8-IDQxpfQA-- <- source-map-js 1.2.1
+ nodelite-2-UzoZUr-XfVz3t3v4KyGEniVL9BDRoQtY7tOyrRybkVNjDFWyo1yhXNGrrBTQxp3ib9BLAWs7k2YKBQsFRkZG9A-- <- is-alphanumerical 1.0.4 (2.0.1 is available)
+ nodelite-2-V-JgOLFCS-R6Vcq0slCuaeWEdNC3ouDlJMNIsacH2VtALiu9mV4LPrHc5cDl8k5aw6J8jwgWWpiTo5RYhmIzvg-- <- fs-minipass 2.1.0 (3.0.3 is available)
+ nodelite-2-V0hjH4dGPh9Ao5p0MoRY6BVqtwCjhz6vI5LT8AJ55H-4g9-4vbHx1I54fS0XuclLhDHArPQCiMjDxjaL8fPxhw-- <- entities 4.5.0 (8.0.0 is available)
+ nodelite-2-V4BG07kuYSUkTCSBHG8G8TNhM-F19jXFWnQtzj-we8DrkpSBCee9Z3Ms8yiGer-dlmhe35-Xdgyo3-0rQKg7YA-- <- @sinonjs/fake-timers 10.3.0
+ nodelite-2-VCjCNfgMsby3tTdo02nbjtM-ewra6jPHmpThenkTYh8pG9ucZ-1P8So4u4FGBek-BjpOVsDCMoLA-iuBKIFXRA-- <- side-channel-map 1.0.1
+ nodelite-2-VIMnQi-Z4HT2Fxuwg5KrY174U1VdUIASQVWXXyqtNRtxSr9IYkn1rsI6Tb6HsrHCmB7gVpNwX6JxPTHcH6IoTA-- <- read-yaml-file 1.1.0 (2.1.0 is available)
+ nodelite-2-ViuymvFmcJi04qdZeDc2whTHryouGcDlaxPqarTD0ZE10ISpxGUVZGZDx4w01upyIynL3iu6IXH2bS1NhclQMw-- <- @eslint/config-helpers 0.3.0 (0.7.0 is available)
+ nodelite-2-VjeHSlIzpv-NyD3N0YuHfXOPDIixcA1q2ZV98wsMqcYlPmv2n3Yb2lYP9XMElnaFVXg5A7YLTeLu6V84uQDjmQ-- <- @istanbuljs/load-nyc-config 1.1.0
+ nodelite-2-VLghIWNM6ELQzo7zwmcg0NmTVyWKYjvIeM83yjp0wRDTmUnrM678fQbcKBo6n2CJEF0szoG--ytg-TKla89ALQ-- <- isarray 1.0.0 (2.0.5 is available)
+ nodelite-2-VpZrUqU5A69eQyW2c5CA1jtLecCsN2U-bD6VilrFDWq5-5UIEVO7nazS3TEcHf1zuPYO-sqGvUvW62g86RXZuA-- <- postgres-array 2.0.0 (3.0.4 is available)
+ nodelite-2-VqpjJZKadQB-PEbEwvFdO43Ax5dFBZ2UECszz8bQ7pi7wt--PWe1P6MN7eCnjsatYtBT6EuiClbjSWP2WrIoTw-- <- serve-static 1.16.2 (2.2.1 is available)
+ nodelite-2-VT2-G1VQs-9oz078bLrYbecdZKs912zQlkelYpuf-SXF-QvZDYJlbx-LSx-meSAwdDFnF8FVXW92AVjjkVmgFw-- <- @jridgewell/sourcemap-codec 1.5.4 (1.6.0 is available)
+ nodelite-2-Vvn3zZrhQZkkBE8LSuW3em98c0FwgO4nxzv6OdSxPKJIEKY2bGbHn-mhGIPerzI4twdxaP8-0-06HBpwf345Lw-- <- @protobufjs/utf8 1.1.0
+ nodelite-2-Vw8qHK3bZM9y-P10u3Vib8o-DdkvA2OtPtZvD871QKjy74Wj1WSKFILMPRPSdUSx5RFK1arlJzEtA4PkFgnbuA-- <- commander 12.1.0
+ nodelite-2-VwddBukDzu71offAQR975unBIGqfKZpM-8ZX6ySk8nYhVoo5CYaZyzt3YBvYtRtO-aoGlqxPg-B87NGVZ-fu6g-- <- webidl-conversions 7.0.0 (8.0.1 is available)
+ nodelite-2-VxPP4NqbUjj6MaAOafWeUn2cXWLcCtljklUtZf0Ind4XQ-QPtmA0b18zZy0jIQx-ExRVCR-ZQpBmik5lXshNsw-- <- fast-diff 1.3.0
+ nodelite-2-VYI6cHcD0fLokwqqPFFtDQhhSnlFWvU614J42eY6G0s8c-MBhi9QAWycLwIOGxlmD8I-XvGSOUV1kIDhJ70ZPg-- <- detective-scss 4.0.3 (5.0.1 is available)
+ nodelite-2-VyyPYFlOMNylG45GoAe0xDoLwWuowvf92F9kySqzYh8vmYm7D2u4iUJKa1tOUpS70Ku13ASrOkS4ScXFsTaCNQ-- <- @tybys/wasm-util 0.10.0
+ nodelite-2-W-scFDnwJXSccJYnOFdGiYr9srhbHPdxX9TvvACOFsIXdLilh3XuxQl-wXW6jEJfgIb0jTvoTlwwrqvuwymr6Q-- <- metro-babel-transformer 0.82.5 (0.83.2 is available)
+ nodelite-2-W3Bx6mdkRTGtlJISOvVD-lbqjTlPPUDTMnlXZFnVwi9NKJ6tiAk6LVdlhZMm17VZisqhKcgzpO5Wz91PCt5b0w-- <- lodash.includes 4.3.0
+ nodelite-2-W67iLl4J2EXEGTbfeHCffrjDfitvLANg0UlX3wFUUSTx92KXRFegMHUVgSqE-wvhAbi4WqjGg9czysTV2Epbew-- <- object-inspect 1.13.4
+ nodelite-2-W9pAhw0ja1Edb5GVdIF1mjZw-ASI0AlShXM83UUGe2DVr5TdAPEA1OA8m-g8zWp9x6On7gqufY-FatDbC3MDQg-- <- commondir 1.0.1
+ nodelite-2-WCtabS6t3c8SkpDBUlb1kjOs7l66xsGdKpIPZsg4wR-B3-u9UAum2odSsF9tnvxg80h4ZxLWMy4pRjOsFIqQpw-- <- pg-int8 1.0.1
+ nodelite-2-WFj2isz22JahUv-B788TlO3N6zL3nNJGU8CcZbPZvVEkBPaJdCV4vy5wyghty5ROFbCRnm132v8BScu5-1BQ8g-- <- eslint-import-resolver-node 0.3.9
+ nodelite-2-WhB9zCku7EGTj-HQQRz5aUQEUeoQZH2bWcltRErOpymJ4boYE6wL9Tbr23krRPSZ-C5zqNSrSw-Cc7sZZ4b7vg-- <- isobject 3.0.1 (4.0.0 is available)
+ nodelite-2-WjlahMgHmCJpqzU8bIBy4qtsZdU9lRlcZE3Lvyej6t4tuOuv1vk57OW3MBrj6hXBFx-nNoC9MPMTcr5YA7NQbg-- <- stacktrace-parser 0.1.11
+ nodelite-2-WkrWp9GR4KXfKGYzOLmTuGVi1UWFfws377n9cc55-tb6DuqyF6pcQ5AbiHEshaDpY9v6oaSr2XCDidGmMwdzIA-- <- dir-glob 3.0.1
+ nodelite-2-WMwm9LhRUo-WUaRN-vRuETqG89IgZphVSNkdFgeb6sS-E4OrDIN7t48CAewSHXc6C8lefD8KKfr5vY61brQlow-- <- ee-first 1.1.1
+ nodelite-2-WPS-HvHQTYnHisLo9McqBHOJk2FkHO-tlpvldyrnem4aeQp4hai3gythswg6p01oSoTl58rcpiFAjF2br2Ak2A-- <- side-channel-weakmap 1.0.2
+ nodelite-2-WpxBCKWPLr4xSsHgz511rFJAM-wS28w2zEO1QDNY5zM-S8ok70NNfztH0xwhqKyaK0OHCbN98LDAZuy1ctxDkA-- <- @types/yargs 17.0.33 (17.0.35 is available)
+ nodelite-2-WSzPgsdLtTcQwm4CROfS5ju2Wa1QQcVeT37jFjYzdFz1r9ahadC8B8-a4qxJxM-09F18iumCdRmlr96ZYkQvEg-- <- es-abstract 1.24.0 (1.24.2 is available)
+ nodelite-2-WT-d-cgqKkkKySYmqoZ8y3pxx7lx9vVejxW-W4DOFMYVSkErR-w7mf2u8m-y4-xHe7yY9DAXQMWQhpnMuFfScw-- <- @img/sharp-linuxmusl-x64 0.33.5 (0.34.5 is available)
+ nodelite-2-WUj2qlxaQtO4g6Pq5c29GTcWGDyd8itL8zTlipgECz3JesAiiOKotd8JU6otB3PACgG6xkJUyVhboMS-bje-jA-- <- escalade 3.2.0
+ nodelite-2-WUjGcAqP1gQacoQe-OBJsFA7Ld4DyXuUIjZ5cc75cLHvJ7dtNsTugphxIADwspS-AraAUePCKrSVtPLFj-F88w-- <- pathe 2.0.3
+ nodelite-2-WY-3TUME0x3KPYdRRxEJJvXRHV4PyPoUsxtZa78lwItwRQRHhd2U9xOscaT-YTf8uCXIAjeJOFBVEh-7FtD8Xg-- <- default-browser 5.2.1 (5.5.1 is available)
+ nodelite-2-X7BJ2yElsnOJ30pZF4uIIDfBEVgF4XEBxL9Bxhy6dnrm5hkzqmsWHGTiHqRiITNhMyFLyAiWndIJP7Z1NTteDg-- <- dom-accessibility-api 0.5.16 (0.6.3 is available)
+ nodelite-2-X7rqawQBvfdjS10YU1y1YVreA3SsLrW9dX2CewP2EbBJM4ypVNLDkO5y04gejPwKIY9lR-7r9gn3rFPt-kmWFg-- <- ini 4.1.3 (6.0.0 is available)
+ nodelite-2-Xa4Nw17FS9ApQFJ9umLiJS4orGjm7ZzwUrwamcGQuHSzDyth9boKDaycYdDcZDuqYATXw4HFXgaqWTctW-v1HA-- <- path-scurry 1.11.1 (2.0.2 is available)
+ nodelite-2-XeqoHbgVA8lx9ufrgYIKlYV4eubVCn3CL6Dh7sdHT793-hbDu-S7N786MqBxQZjzDG-YRKFSCNPTEwp8lREY9Q-- <- testcontainers 11.8.1
+ nodelite-2-Xf0nWe6RseziFMu-Ap9biiUbmplq6S9-p-7w7YXP-JBHhrUDDUhwa-vANyubuqfZWTveU--DYVGsDG7RKL-vEw-- <- require-from-string 2.0.2
+ nodelite-2-Xf6RaWVheyemaThV0kUfaAUvCNokFr-bH8Jxp-tTZfx7dAPA8z9ePnP9S9-Vspzuxxx9JRAXhnyccRj3GyCMdQ-- <- @types/bun 1.2.18 (1.3.8 is available)
+ nodelite-2-XFd-VEQ76HSpym80zxM68ieB77unNuoMwopU2TFT-ErUk5n4KvUTwW4beafAVUugrjV48l4BmmR0rh2MglBaiA-- <- detective-amd 5.0.2 (6.0.1 is available)
+ nodelite-2-XHPEwS0q6TaxcvG85-8EYkbiCux2XtWG2mkc47Ng2A77BQu9-DqIOJldST4HgPkuea7dvKSj5VgX3P1d4rW8Tg-- <- wcwidth 1.0.1
+ nodelite-2-XleUoc9uwGXqjWwXaUTZAmzMcFZ5858QA2vvx1Ur5xIcixXIP-8LnFDgRplU30us6teqdlskFfu-ae4K79Ooew-- <- type-check 0.4.0
+ nodelite-2-XlkWvfIm6RmsWtNJx-uqtKLS8eqFbxUg0ZzLXqY0caEy9l7hruX8IpiDnjsLavoBgqCCR71TqWO8MaXYheJ3RQ-- <- stack-utils 2.0.6
+ nodelite-2-XmOWe7eyHYH14cLdVPoyg-GOH3rYX--KpzrylJwSW98t3Nk-U8XOl8FWKOgwtzdb8lXGf6zYwDUzeHMWfxasyg-- <- json5 2.2.3
+ nodelite-2-Xni35NKzjgMrwevysHTCArtLDpPvye8zV-0E4EyYn43P7-7qvQwPh9BGkHewbMulVntbigmcT7rdX3BNo9wRJg-- <- tslib 1.14.1 (2.8.1 is available)
+ nodelite-2-XoqMijGZb9y3y2XskN-P1wUGiVwWZ5JmoDRwx5-3GmEplNyVM2s2Dg8ILFQm8rWM48orGy5YpI5Bl8U1y7ydlA-- <- @babel/plugin-syntax-object-rest-spread 7.8.3
+ nodelite-2-XXTUwCvisa5oacNGRP9SfNtYBNAMi-RPwBFmblZEF7N7swHYQS6-Zfk7SRwx4D5j3CH211YNRco1DEMNVfZCnQ-- <- file-entry-cache 8.0.0
+ nodelite-2-XxwI8EOhVQgWp6iDL-3b0r86f4d6AX6zSU55HfB4ydCEuXLXc5FcYeOu-nnGftS4TEju-11rt4KJPTMgbfmv4A-- <- glob-parent 6.0.2
+ nodelite-2-XYfuKMvj4O35f-pOXLObndIRvyQ---6AhODh-OKWj9S9498pHHn-IMszH-gt0fBCRWMNfk1ZSp5x3AifmnI2vg-- <- expand-template 2.0.3
+ nodelite-2-XyLVuhBVvdJTJr2FJJV2L1pc4MwSjMhcunRVgDE9k4wbb2ee7ORYnPewxMWUav12vxyfUM686MSGsqnVRIInuw-- <- ts-graphviz 2.1.6
+ nodelite-2-Y1IQok9821cC9onCx5otgFfRm7Lm-I-wwxOx738M-WLPZ9Q42m4IG5W0FNX8WLL2gYMZo3JkuXIH2DOpWM-qwA-- <- babel-plugin-istanbul 6.1.1 (7.0.1 is available)
+ nodelite-2-Y38VPSHcqkFrCpFnQ9vuSXmquuv5oXOKpGeT6aGrr3o3Gc9AlVa6JBfUSOCnbxGGZF--0ooI7KrPuUSztUdU5A-- <- strip-ansi 6.0.1 (7.2.0 is available)
+ nodelite-2-Y3wQdFg2Va6etvQ5I82yUhGdsKrcYox6p7FfL1LbK2J4V01F9TGlepTIhnK24t7koZibmg82KGglhA1XK5IsLQ-- <- mrmime 2.0.1
+ nodelite-2-Y7Wt51eKJSyi80hFrJCePGGNo5ktJCslFuboqJsbf57CCPcm5zztluPlc4-aD8sWsKvlwatezpV4U1efk8kpjg-- <- array.prototype.flatmap 1.3.3
+ nodelite-2-Yd3UES5mWCSqR-qNT93S3UoYUkqAZ9lLg8a7g9rimsWmYGK8cVToA4-sF3RrshdyV3sAGMXVUmpMYOw-dLpOuw-- <- neo-async 2.6.2
+ nodelite-2-YD6mZMeoypmheHT6b2BrVmQFvouEpRICuvPIREulx2OvP1xAxxeqkMQqZSTBefv0PiOBKGYFa2zQtY-gf-4eQw-- <- mysql2 3.14.2
+ nodelite-2-YgBpdJHPyQ2UE5x-hlSXcnejzAvD0b22U2OuAP-8OnlJT-PjWPxtgmGqKKc-RgTM63U9gN0YzrYc71R2WT-hTA-- <- open 10.2.0
+ nodelite-2-YgCtzMH0ptvZJslLM1ffsY4EuGaU0cx4XSdXLRFae8bPP4dS5xL1tNB3k2o-N64cHJpwU7dxKli-nZ2lUa5fLg-- <- pg-cloudflare 1.2.7 (1.3.0 is available)
+ nodelite-2-YHlZCB6lMTllWDtSPHz-ZXTsi8S00usEV6v1tjq8tOUZzw7DpSDWVXjXDre6ed1w-pd495ODpHZYSdkRTsa0HA-- <- jws 3.2.2 (4.0.1 is available)
+ nodelite-2-YJDaCJZEnBmcbw13fvdAM9AwNOJwOzrE4pqMqBq5nFiEqXUqHwlK4B-3pUw6JNvfSPtX05xFHtYy-1ni01eGCw-- <- fs-extra 7.0.1 (9.1.0 is available)
+ nodelite-2-Yk5mLhHtfIgW2W2WQZWSg5kuMZCVbvhFmC7rV4IO2QqnZdbEFPmQnCcGMAX2z-8Qj3B9hYYNjZOhWym-RwhePw-- <- @smithy/util-hex-encoding 4.0.0 (4.2.0 is available)
+ nodelite-2-YKWi9YuCU04B55h25cnOYZHxXYtEvQEbKST5vqRga7hWY9ydd3FZHdeQF8pyh-acWZvppw13M-LMGx0LABUVMA-- <- @azure/core-paging 1.6.2
+ nodelite-2-YLJpK0N1brcNJrs9WatuJFtHaV9q5aAOj-S4DI5S7jgHlRfm0PIbDCAFRYMQD5SHq7Fy6xsDhyutgS0QOAs0qw-- <- postcss-values-parser 6.0.2
+ nodelite-2-YP12bjz0bzo2lFxZDOPkRJSOkcqAzXCQQIV1wd7lzCTXE0NJNwoaeNBobJvcPhiODEWUYCXPANrZveFhtFu5vw-- <- @react-native/normalize-colors 0.80.1 (0.81.5 is available)
+ nodelite-2-Yqfm-XDx0-Prh3VSeEQCPU81yC-JWZ2pDPFSS4ZdpfZhp4MkFMaDC1UqseovEKwSUpnIL7-vK-Clp7bfh0iD7g-- <- @babel/plugin-syntax-import-meta 7.10.4
+ nodelite-2-YsGpe3WHLK8ZYi4tWDg2Jy3ebRz2rXowDxnld4bkQB00cc-1Zw9AWnC0i9ztDJitivtQvaI9KaLyKrc-hBW0yg-- <- fill-range 7.1.1
+ nodelite-2-YSpexBL-k4bfliAzMrRqn3M6-it02LutVyhVpDeMKrC-O9-pCe-5s8U2hYKa2vFLD5-vHhsKc8sOn-qGqII8Kg-- <- gpt-tokenizer 2.9.0
+ nodelite-2-YsYT2WuA8YIafp2RVF5CEfGhhyIVdPzlwQgxSjK-TUm3JoHP-Tcorbk3SfG0cNZ7D7-cYWa0ZBcvOaR0O8-LlA-- <- detective-sass 5.0.3 (6.0.1 is available)
+ nodelite-2-YTUo-Flmw4ZXiWfQKGcwwc11KnoRAYgzAE2E7mXKCjSviTKShtxBsN6YUUBB2gtaBzKzeKunxhUwNHQuRryhWA-- <- recast 0.23.11
+ nodelite-2-YuI2ZHQL78Q5HbhDiBA1X4LmYdXCKCMQIfw0pw7piHJwyREFebJUvrQN4cMssyES6x-vfUbx1CIpaQUKYdQZOw-- <- @humanfs/node 0.16.6 (0.16.8 is available)
+ nodelite-2-YVGIj2kamLSTxw6NsZjoBxfSwsn0ycdesmc4p-Q21c5zPuZ1pl-NfxVdxPtdHvmNVOQ6XSYG4AUtyt-Fi7D16Q-- <- wrap-ansi 7.0.0 (9.0.2 is available)
+ nodelite-2-YvjJow9FxbhFFKDSuFnVCe2WxXk1zWc22fFePVNEaWJEu8IrZVlda6N0uHwzZrUM1il7NC9Mlp4MaJYbYd9JSg-- <- @babel/helper-validator-option 7.27.1 (8.0.0-beta.0 is available)
+ nodelite-2-YyFaikqM5sH0ziFZCN3xDC7zeGaB-d0IUb9CATugHWbd1FRFwWwt4ld4OYMPWu5a3Xe01mGAULCdqhMlPl29Jg-- <- @protobufjs/codegen 2.0.4
+ nodelite-2-YZ21ryzRcyqxpyKggdYSoXx--d3sCJzM3lsYoaeg-FyXdADGJrUl-BW1KIglaVLJN5BBcMtWylkygY8zBp2MrQ-- <- filing-cabinet 4.2.0 (5.0.3 is available)
+ nodelite-2-YzfhzcTnZVPiLfP-oeKtDp2evwvHLMe0LOy7oe-hb9KKIumLNohYS9Hgp1ifwpu42YWxhZE8yieggz6JpqO-1w-- <- @typescript-eslint/visitor-keys 8.37.0
+ nodelite-2-YZo3K82SD7Riyi0E1EQPojLz7kpepnSQI9IyPbHHg1XXXevb5dJI7tpyN2ADxGcQbHG7vcyRHk0cbwqcQriUtg-- <- safer-buffer 2.1.2
+ nodelite-2-ZB7wHqaRGVw-9hST-OuFUReG7M8vKeq0-J2egIGLdvjHCmYqGARhzXmtgi-gVeZ5uXFF219aOc3Ls2yLg27tkw-- <- jest-validate 29.7.0 (30.2.0 is available)
+ nodelite-2-Zba82s87IFq9A9XmjiX5uZA-ARWDrB03OHlq-Vw1fSdt0I-4-Kutwy8BP4Y-y-aORMo61FQ0vIb5j44vSo5Pkg-- <- tinypool 1.1.1
+ nodelite-2-ZBxxZ5sL2HghephhpGAQdoskxplTwr7ICaehZwLIlfL6acuVgZPm8yBNuRAFBGEqtD-hmUeq9eqLg2ys9Xr-yw-- <- p-filter 2.1.0 (4.1.0 is available)
+ nodelite-2-ZcbTaIqJOfCc03QwD468Unz-5Ir8ATtvAHsK-FdXbDIbGfihqh9mrvdcYunQzqn4HrvWWaFyaxJhGZagaJJpPQ-- <- archiver 7.0.1
+ nodelite-2-ZDY-bPm5zTTF-YpCrAU9nK0UgICYPT0QtT1NZWFv4s--TNkcgVaT0g6-4R2uI4MjQjzysHB1zxuWL50hzaeXiw-- <- mime-types 2.1.35 (3.0.2 is available)
+ nodelite-2-ZE7Q1qxsDNXCkGPf1zqmhpZpwAKxKT-1s4Z432J1Mb2Gm26Y4tG-sJoug81AfAJTt6s7taO2vzNBAKfSR3SStg-- <- @clickhouse/client 1.11.2
+ nodelite-2-Zf5H2Kxt2xjTvbJvP2ZWLEICxA6j-hAmMzIlypy4xcBg1vKVnx89Wy0GbS-kf5cwCVFFzdCFh2XSCFNULS6csw-- <- es-errors 1.3.0
+ nodelite-2-ZgEeZXj30q-I0EN-CbSSpIyPaJ5HVQD18Z1m-u1FXbAeT94mr1zw50q4q6jiiC447Nl-YTcIYSAftiGqetwXCA-- <- exponential-backoff 3.1.3
+ nodelite-2-ZMERYes6pDydyuGidse7OsHxtbI7WVeUEozgR-g7rd0xUimYNlvZRE-K2MgZTjWy725IfelLeVcEM97mmtRGXw-- <- is-binary-path 2.1.0
+ nodelite-2-ZMp1V8ZFcPG5dIWnQLr3NSI1MiCU7UETdS-A0G8V-XWHvJv3ZsFqutJn1Y5RPmAPX6F3BiE397OqveU-9NCuIA-- <- @jridgewell/source-map 0.3.11
+ nodelite-2-ZQBvi1DcpJ4GDqanjucZ2Hj3wEO5pZDS89BWbkcrvdxksJorwUDDZamX9ldFkp9aw2lmBDLgkObEA4DWNJ9FYQ-- <- core-util-is 1.0.3
+ nodelite-2-ZqRXc-tZukToSNmh5C2iWMSoV3X1YUcPbqEM4DkEG5tNQXrQUZCNVGGv3IuicnkMtPfGf3Xtp8WCXs295iQ1pQ-- <- connect 3.7.0
+ nodelite-2-ZT55BDLV0yv0RBm2czMiZ-SqCGO7AvmOM3G-w2xhVPH-te0aKgFjmBvGlL1dH-ql2tgGO3MVrbb3jCKyvpgnxA-- <- @isaacs/brace-expansion 5.0.0
+ nodelite-2-ZUKRh6-kUFoAiTAtTYPZJ3hw9wNxx-BIBOijnlG9PnrJsCcSjs1wyyD6vJpaYtgnzDrKYRSqf3OO6Rfa93xsRg-- <- gopd 1.2.0
+ nodelite-2-ZVWUcfwY4E-yPitQJl481FjFo3K22D6qF0DuFH6Y-nbnE11GY5uguDxZMGXPQ8WQ0128MXQD7TnfHyK4oWoIJQ-- <- @napi-rs/wasm-runtime 0.2.12 (1.1.1 is available)
+ nodelite-2-ZX99e6tRweoUXqR-VBrslhda51Nh5MTQwou5tnUDgbtyM0dBgmhEDtWGP-xbKn6hqfPRHujUNwz5fy-wbbhnpw-- <- side-channel 1.1.0 (1.1.1 is available)
+ nodelite-2-ZXRY4jNvVgSVQ8DL3LTcakaAtXwTVUxE81hslsyD2AtoXW-wVob10HkOJ1X-pAlcI7D-2YoZKg5do8G-w6RYgA-- <- @istanbuljs/schema 0.1.3 (0.1.6 is available)
+ nodelite-2-ZYKh3Wh2z1PpEXWr0MpSBZ0V6mZHAQfYevttO11c51CaWjGTaadiKZ-wVt1PbMlDV5qhMFslpZCemhwOK7C89A-- <- slash 2.0.0 (5.1.0 is available)
+ nodelite-2-Zz-aZWSj8LE6zoxD-xrjh4VfkIG8Ya6LvYkZqtUQGJPZjYl53ypCaUwWqo7eI0x66KBGeRo-mlBEkMSeSZ38Nw-- <- undici-types 7.16.0 (8.3.0 is available)

Done in 1.6s using pnpm v10.17.1
