Progress: resolved 1, reused 0, downloaded 0, added 0
Progress: resolved 186, reused 0, downloaded 158, added 0
Packages: +190
++++++++++++++++++++++++++++++++++++++++++++++++++++++++++++++++++++++++++++++++
Progress: resolved 190, reused 1, downloaded 189, added 189
Progress: resolved 190, reused 1, downloaded 189, added 190, done

dependencies:
+ nodelite-2-wd4KdRy2YjLsE4Y7pz00470Iip06GlRHkG4dyLW7-hFMzEO2o7ixswCWp6J2VGZVAX64acknlv2Q0z02ebjmhw-- <- @aws-sdk/credential-provider-ini 3.782.0 (3.972.2 is available)
+ nodelite-2-wdbB5My48XKp2ZfJUlhnLVihzeuA1hgBnqB2J9ahV77wLS--YAJAlN8I-X3DIFIPZ3m5L7nplmlbhNiFDmXRDA-- <- npm-run-all2 8.0.4
+ nodelite-2-wfzX8kc1PMyUILA-1Z-EqoE4UCXGy0iRGMhPwdfae1-f0OXlLqCk-By-aMzgJBzR9AzS4CDizioG6Ss1gvAFJw-- <- @pkgr/utils 2.3.1 (2.4.2 is available)
+ nodelite-2-wgm9Ehl2jpeqP3zw-7mo3kRHFp5MEDhqAdwy1fTGkHAwnkGOVsgpvQhL8B5n1qlb01jV3n-bI0ZfZp5lWA1k4w-- <- @isaacs/fs-minipass 4.0.1
+ nodelite-2-whLdWMYL2TwI08hn8-ZqAbrVemu0LNaNNJZX73O6qaIdCTfXutsLhMkjdENX0qhsQ9uIimo4-aQOmXkoon2nDQ-- <- pathe 1.1.2 (2.0.3 is available)
+ nodelite-2-whrdktVs1h6gtR-09-QsNk2-FO-49j6ga1c55YZudfEG-oKJVvJLQi3zkOm5JjiUXAagWK2tI2kTGKJ2Ys7MGA-- <- @octokit/openapi-types 27.0.0
+ nodelite-2-wiBrwC1EhBelW12Zy26JeOUkQ5mRu-5o8rpsJk5-2t-Y5vE7e842qtZDQ2g1NpX-29HdyFeJ4nSIhI47ENSxlQ-- <- text-extensions 1.9.0 (2.4.0 is available)
+ nodelite-2-wjcXHgk-PPdmvR58Le9d7zQYWy-vKEU9Se44p2CrCDPiLr2FMyiT4Fyb5UFKFC66wGB3kPlgD7q3TnoqPS7SZA-- <- micromark-extension-directive 3.0.2 (4.0.0 is available)
+ nodelite-2-wkQCkSYoOGCRKERFWcxMVMOcYE2K1AaNLU8DXS9arxnLOUEWbOXKXiJUNzEpqZ3JOKpnha3jkFrumEjVliDe7A-- <- hast-util-parse-selector 4.0.0
+ nodelite-2-wkvS7mL-JMugcup3-rMitHmd9ecIGd2lhFhK9N3UUQ450h66d1r3Y9nvXzQAW1Lq-wyx61k-1pfKS5KuKiyEbg-- <- querystring 0.2.1
+ nodelite-2-wmeiSMxkZCSc-PM2w2VRsOYAZC8GdipNFRTsLSfodVqI9mbejKeXEGr8SckuLnrQPGe3oJN5c3K0vpoU9q-wCQ-- <- vue 3.5.13 (3.5.27 is available)
+ nodelite-2-wmJwA-8ihJixSoHKxZJRBQG1oY8Yr9pGLzRmSsNms0iNWyHHAlZCa7mmKiFR10YPZuz-2k169JiS-inOjBCZ2A-- <- pkg-types 2.1.0 (2.3.0 is available)
+ nodelite-2-wnD2ZE-l-SPC-uoS0vXeE9L1-0wuaMqKlfz9AMUo38JsyLSBWSFcHR1Rri62LZc12vLr1gb3jl7iwQhgwpAbGQ-- <- signal-exit 3.0.7 (4.1.0 is available)
+ nodelite-2-wpc-LXeiyiisxPlEkUzU6svyS1frIO3Mgxj1fdy7Pm8Ygzguax2N3Fa-D-ag1WqbOprdI-uY6wMUl8-a2G-iag-- <- eslint-visitor-keys 3.4.3 (5.0.1 is available)
+ nodelite-2-wpjnbvbi3A13b0DvijE45DRYDvwcP5Ttz7RTMkPWTkF1s6AHuo6O2UcwGyaogMAGa1QOOzFYfp5u4YQwMOQx5g-- <- @algolia/requester-fetch 5.20.2 (5.57.0 is available)
+ nodelite-2-wpoSFAxys6b2a2wHZ1XpDSgD7N9iVjg29Ph9uV-uaP9Ex-KXlkTZTeddxDPSYQpgvzKLGJke2UU0AzoGCjNIvQ-- <- shebang-regex 1.0.0 (3.0.0 is available)
+ nodelite-2-wpxZs9NoxZaJESJGIZTyDEaYpl0FKSA-FB9aJiyemKhMwkxQg63h4T1KJgUGHpTqPDNRcmmYLugrRjJlBtWvRA-- <- js-yaml 4.1.0 (5.4.1 is available)
+ nodelite-2-wuLJMmIBQYCsGZgYLTy5FIB2pF6Lfb6cXMSF8Qywwk3t20zWnAi7zLcQFdKQmIB8wyZpY5ER38x08GbwtR2cLA-- <- archiver-utils 5.0.2
+ nodelite-2-wvLeHgcVHKO8Sc-H-5lkGreJQVeYMm9rlmt8PuR1xE31rIuXhuzznUUqAt8MqLhB3MqJdFzlNAfpcWnxiFUcPw-- <- srcset 4.0.0
+ nodelite-2-wvUjBtSGN7-7SjNpq-9M2Tg350UZD3q62IFZLbRAR1bSMlCo1ZaeW-BJ-D090e4hIIZLBcTDWe4Mh4jvUDajzQ-- <- available-typed-arrays 1.0.7
+ nodelite-2-wwAfVY1jTFQEfxVfdYD5r5ieYGl-0g4nhekVxNMqE8E1JeRDd18OqiwAflzpgBIqxfqvCUkf-vl5JYyacMkNAQ-- <- @aws-sdk/credential-provider-imds 3.272.0
+ nodelite-2-wyVZtbRs6qDfFd8ap457w3XVntdvqcwBGxBoTvJQH9KGVKL-fB-h2k3C8AqiVxvUQKN1Ps-Ns46CNViOpVDhfQ-- <- cron-parser 3.5.0 (4.9.0 is available)
+ nodelite-2-wzsgA6WOq-09wrU1tsJ09udeR-YZRaeArL9e1wPbFg3GG2yDnC2ldKpxs4xunpFF9DgqCqOIra3bc1HWrJ37Ww-- <- format 0.2.2
+ nodelite-2-wzz6MKwpnshBAiRmn4jR8LYz-g8Ksg0o80XmwZDlordjwEk9SxBzTWC7F5ef1jhbrbOW2DJ5J6ayRukrJmnr0g-- <- @babel/plugin-transform-parameters 7.25.9 (8.0.1 is available)
+ nodelite-2-x--Cz4YrimQxQccJf5mKEbIa1NzeCRNI5Ecl-ekmlYaampdNLPalVyIcCZNNH3MvmqBugV5TMYZXv0ljslUlaw-- <- safe-regex-test 1.1.0
+ nodelite-2-x-12w-To-4GFfgJhBEpiDcLozRJGegY-Ei7-z0tSLkMmxGZNybVMSfWj9aJn8Z5Fc7dBUNJOOVgPv2H7IwulSQ-- <- p-locate 3.0.0 (6.0.0 is available)
+ nodelite-2-x-5fWmGMnbKQAaNwN-UZlV79qBLM9JFnJuJ03gIi5whrob0xV0ofNVHy9DhwGdsMJQc2OKv0oGmLzvaqvAVv-g-- <- cli-spinners 2.6.1 (2.9.2 is available)
+ nodelite-2-x-rqGMdzj-fWZvCOYForTghzbtqPDZ5gPwaoNGHdgDfF2QA-XZbCBp4Moo5scrkAMPhB7z26XM-AaHuIJdgauA-- <- @babel/regjsgen 0.8.0
+ nodelite-2-x-VAiMRL6UPkx-kudNvxTl6hB2XNNCG2r-7wixVfIYwu-2HKRXimwQyaumLjMveWvT2Hkd-cAJw-QBMfJ-EKVw-- <- batch 0.6.1
+ nodelite-2-x00IRNXNy63jwGkJmzPigoySHbaqpNuzKbBOmzK-g2OdZpQ9w-sxCN-VSB3ja7IAge2OP2qpfxTjeNcyjmW1uw-- <- inherits 2.0.3 (2.0.4 is available)
+ nodelite-2-x0Vn8spI-wuJ1O6S7gnbaQg8Pxh4NNHb7KSINmEWKiPE4RKOplvijn-NkmYmmRgP68mc70j2EbeTFRsrswaQeg-- <- mime 1.6.0 (4.1.0 is available)
+ nodelite-2-x511uiJ-57FIsbgUe5csJ13k3uzu25uWQE-XqfBis-sB0SFoiElJWXRkgEAUh0U6n40eT3ay5Ue4oPkRMu1LYw-- <- aws-sdk 2.1692.0
+ nodelite-2-x5RL9Y2p5-Sh3D38Fh9i-iQ5ZK-e4xuXRd-pGbM4D13tgo-MGwbttUk8emytcr1YYzBYs-apnUngBDFYfpjPuQ-- <- serve-handler 6.1.6
+ nodelite-2-x6w-ctOEmEXdWaa6TO4ilb7l9DxPR5bwEb6hILKuxfU1NqWT2mpJD9NJN7t3OTfxmVlOMrvtoFJGdgyzZ605lQ-- <- @vitest/spy 3.1.3 (4.0.7 is available)
+ nodelite-2-x7-VxdxOdlV3CYpjvRLBv5Lo9OJerlYanjwFrPR9fuGPjCiNiCzFgAWpiLAohSbsnH4ZAys3SBh-hq5rJosxUQ-- <- is-ssh 1.4.0 (1.4.1 is available)
+ nodelite-2-x8dy3RnvYdlUcPOjkEHqozhiwzKNSq7GcPuXFbnyMOCHxX8V3OgIg-pYuabl2sbUPfIJaeAQB7PMOK8DFIdoRA-- <- crypto-random-string 4.0.0
+ nodelite-2-x9yX7DOxeMAR-BgGVnNSAxmAj98NX-YxEMNFP-SDCEeNLb2r3i6Hh1ksMsnW8Ub5SLCpbescQqn9YEbE9554Sw-- <- postcss-colormin 6.1.0 (7.0.4 is available)
+ nodelite-2-xa7aad7q7OiT8oNZ1mU7NrISjlSkVdMbNxn9IuLZyL9AJEhs1Apba3I-u5riX1dIkdptP5EKDG5XDPByWxtehw-- <- @babel/plugin-transform-export-namespace-from 7.22.11 (8.0.1 is available)
+ nodelite-2-xAg7SOnEhrm5zI3puOOKyy1OMcMlIJZYNJY7xLBwSze0UjhPLnWfj2GF2EpT0jmzaJKIWKHLsaSSajf35bcYnA-- <- saxes 6.0.0
+ nodelite-2-xb3ZL6-L8b9JLLCx3ZdoZy4-2ECphCMo2PwqgP1tlfVq6M6YReyzBJtvWWtbDSpNr9hn96pkCiZqUcFEc-54Qg-- <- cosmiconfig 6.0.0 (9.0.0 is available)
+ nodelite-2-xbbCH5dCYU5T8LcEhhuh7HJ88HXuW3qsI3Y0zOZFKfZEHcpWiHU-Jxzk629Brsab-mMiHQti9wMP-845RPe3Vg-- <- json-schema-traverse 0.4.1 (1.0.0 is available)
+ nodelite-2-xceH2snhtb5M9liqDsmEw56le376mTZkEX-jEb-RxNFyegNul7eNslCXP9FDj-Lcu0X8KEyMceP2ntpaHrDEVA-- <- picocolors 1.1.1
+ nodelite-2-xckBUXyTIqT97tq2x2AMb-g163b5JFysYk0x4qxNFwbfQkmNZoiRHb6sPzI9-QV33WeuvVYBUIiD4NzNIyqaRQ-- <- functions-have-names 1.2.3
+ nodelite-2-xCna0opVPaueEbJoclj5C6OpDNi0Gynj-4d7tnuXGgQhTHPyAz8ZyClkVqpi5qvHTgxROdUEDxWqEO5jqRHZHQ-- <- @aws-sdk/credential-provider-web-identity 3.782.0 (3.972.2 is available)
+ nodelite-2-xCy9V055GLEqoFaHoC1SoLIaLmWctgCUaBaWxDZ7-Zx4CTyX7cJQLJOok-orfjZAh9kEYpjJa4d0KcJmCbctZA-- <- perfect-debounce 1.0.0 (2.0.0 is available)
+ nodelite-2-xDvOoLU5XRrcOZvnI6b8zA6n9O9ejNk-GExuz1yBuWUGn9KA97GI6HTs6u02wKara1CeVmZhH-0TZFdWScR89w-- <- parse-url 8.1.0 (9.2.0 is available)
+ nodelite-2-xebP81SNcPuNpPP3uzeW1NYXxI3rxyJzF3pD6sH4jE7o-IX-WtSpwnVU-qIsDPyk0d3hmFQ7mjqc6AtV604hbg-- <- update-browserslist-db 1.0.13 (1.3.2 is available)
+ nodelite-2-xelSayHH36ZgE7ZWhli7pW34hNbNl8Ojv5KVmkJD4hBdD3th8Tfk9vYasLM-mXWOZhFkgZfxhLSnrwRr4elSSg-- <- is-glob 4.0.3
+ nodelite-2-xeO57FpIu4p1Ri3Jq-EXq4ClRm86dVF2z--kvFnyqVYRavTZmaFaUBbWCOuuTh0o-g7DSsk6kc2vrS4Vl5oPOQ-- <- @humanwhocodes/retry 0.4.2 (0.4.3 is available)
+ nodelite-2-xfBaXQd9ryd9dlSDvnvI0lvxfLJlYAZzXomUYzLKtUeOQvOP5piqAWuGtrhWeqaXK9hhoM-iyJc5AV-XfsX3HQ-- <- lodash.uniq 4.5.0
+ nodelite-2-xfOoWjceHntRb3qFCrh5ZFORYH8XCdYpASltMhZ-Q0KZiOwjdE-Yl2QCiWdwD-lygV5bMCvauzgu5PxBX-Yerg-- <- image-size 1.0.2 (2.0.2 is available)
+ nodelite-2-xFuJpne9oFz5qDaodwmmG08e3CawH-2ZV8Qqza1Ko7Sk8POWbkRdwIoAWVhqvq0XeUzANEhKo2n0IXUGBm7A-w-- <- is-text-path 1.0.1 (2.0.0 is available)
+ nodelite-2-xfzUHGYOh3PGWZdBuY5r1czvE8EGWPAmhTWHqkw3-uAfUVWN-qrrLjMojiaiWyUgl-9XIFg05m5CJH9dnngh5Q-- <- @oxc-parser/binding-linux-x64-musl 0.56.5
+ nodelite-2-xgiMUWwGLWDrvZc9JibuEbXIbhXg6z2oUkemogSvQ4LKvrl-n0kbqP1Blk669mXzyWbqtSp6PpvNdwaE1aN5xQ-- <- @module-federation/runtime 0.5.1 (0.8.4 is available)
+ nodelite-2-xHjhDr3cNBK0BzdUJSPXZntQUx-mwMS5Rw4A7lPJ90XGAO6ISP-ePDNuo0vhqOZU-UD5JoodwCAAoZQd3FeAKw-- <- isarray 2.0.5
+ nodelite-2-xhLimgNCbCzsUppRTGXWkZywksuTThxaIB0HwbpsVLY5sceac4e1TZ-WKYqufQLaUy-gUSJGNdwD2jo3cXL0iA-- <- @smithy/middleware-endpoint 4.1.0 (4.4.12 is available)
+ nodelite-2-xHlTOmuCSotIA8TW1mDIM6X2O1SiX5P9IuDtqGonFhEK0qgRI4yeC6vMxEV2dgyr2TiD-2PQ10o-cOhdVAcwfg-- <- micromark-extension-gfm-tagfilter 2.0.0
+ nodelite-2-xikIi7c2FHXysxXe3COrVUPSheuBtpcfhbpFj4gmu7KRLYOzANztwUU0IbsqvMqzuNK2-glRGWCEqZo1WCLyAQ-- <- @webassemblyjs/wasm-parser 1.12.1
+ nodelite-2-xIp7-apCFJuUHdDLWe8O1HIkb0kQrOMb-0u6FXQjemHn-ii5LrIzU6bdECnsiTF-GjZkMEKg1xdiZwNqDYlZ6g-- <- path-to-regexp 1.9.0 (8.3.0 is available)
+ nodelite-2-xjgheKU0MegvXQcy62GVea0LjyOdMxN0-QH-ijN29W62ZlMhG7o7K-0AYqfpprvPwpWtuRjiyC5jnV2SxWye2w-- <- unplugin-vue-router 0.12.0
+ nodelite-2-xkjOecfnKGkSsOwtZ5Pz7Us-T6mrbPQrq0nh-aCO5V9nk5NLWmasAHumTKjiPJPWANe-kAZ84Jc8ooJkzZ88Sw-- <- fast-xml-parser 4.4.1 (5.3.3 is available)
+ nodelite-2-xKqzzWXDttJuOcawBt4KnKHHIf5oQ-Cxax-0PWFG-DFDgHNAdi-TXECADI-RYiFUMmx8792xsMbbgXj4CwnP4g-- <- jsesc 3.0.2 (3.1.0 is available)
+ nodelite-2-xKvGhPWw3k84Qjh8bI3ZeJjqnyadK-GEFtazSfZv-rKeTkTjOJho6mFqh2SM96iIcZokxiOpg78GazTSg8-KHA-- <- unified 11.0.5
+ nodelite-2-xkZhQ-d7IsLzL5-1G-rKtH3b9aKRyBQ9yaz1VwPTfkD2nUAyaco97BRN9YRJgJrSHY-SI265RaD1D2rt00Jjkg-- <- @lerna/create 9.0.1 (9.0.3 is available)
+ nodelite-2-xlx1yCK2Oc1APsPXDL2LdlNP6-uu8OCDdhOBSVT279M-S-y75O30C2VuD8T2ogdePBBl7PfPF4504tnLgX3zfw-- <- camelcase 7.0.1 (8.0.0 is available)
+ nodelite-2-xmHIy4F3scKVwMsQ4WnVaS8bHOx0DmVwRywosKhaILI0ywMDWPtBSku2HNxRvF7jtwDRsoEwYQSfbxj8b7RlJQ-- <- deprecation 2.3.1
+ nodelite-2-xNn4Pqkj2puRhKdKTm8t1YHC-BAjx6CEwRFXntTaRf-x16aqka6ouVoutm-QdkISTlT7e2zU7U4ZdlDLJd2Mcw-- <- micromark-util-html-tag-name 2.0.0 (2.0.1 is available)
+ nodelite-2-xO-xu6B5K2czEnQye6BHA7DolFFmS3LB7stHZFaOLb1pAwO1HWLS8fXA-eh0A2yIvltPVmx3eNNDBJA2SLHXFw-- <- @babel/helper-module-transforms 7.26.0 (8.0.1 is available)
+ nodelite-2-xoDlM2S4ortawSWORYqsdU-2rxdh4LRW9ytc3zmT37RIKQh6IHyKwwtKhKis9ah8ol07DCkZxPt8BBvPjC6v4g-- <- @types/retry 0.12.1 (0.12.5 is available)
+ nodelite-2-xoTMk0WXceiiIvsaquQQUaLLXSW1KJ159KP87VilruQm0LNNGxWzahxSS6T6i4Zg3ezp4vA4zuwiNUR53qmQAw-- <- @babel/plugin-transform-json-strings 7.25.9 (8.0.1 is available)
+ nodelite-2-xoZcL-Uu49KYDb3feu2n06gALD17p5CslO8Zk3mZ7-uTurK3lgjLws7LNetZ172Ap-GpzPCRXI83d2iDoYQD6Q-- <- @algolia/client-common 5.20.2 (5.57.0 is available)
+ nodelite-2-xpSdzRqYmy4YIVmjfGyYXKaI1SRnK6CTr-4Zmvyof8ANwvgfZgGdVtmgAvzh59gJm808mJCWQC9tFN0KF5dEXA-- <- postcss-discard-comments 7.0.0 (7.0.8 is available)
+ nodelite-2-xPZIikbx6jyzWvhms27uugIc0I4ykH4keRvoa3rxX5K7lEhkbd54rjj-dv60qOCTisoS-3bmwJTeyV1VNBrXaw-- <- @csstools/postcss-text-decoration-shorthand 4.0.1
+ nodelite-2-xq-q3SRMOxGivLhBNaUdC64hDTQwejJ-H0T-NB1XMtTVEwNTrfFF3gAxiyW0Bu-xWEGhjVKgUcMhCrUy2-uCWg-- <- buffer 4.9.2 (6.0.3 is available)
+ nodelite-2-xsKPbouuVX0x5v5TD5FX3m5W5z-HMDutcFkOskien3g7Zo8EtuIAhgtkGxG4voH3OU8PxNz0C6Oxegwoltrsog-- <- @hapi/statehood 8.0.1
+ nodelite-2-xsZH6PXaER4XoV-NiT7JHp1bJodJVT-cxeSH1G0f0tlT0lJqYuHUP3bUx2HtfTDvOagMINYp8rsqusxud3RXhw-- <- exsolve 1.0.4 (1.0.7 is available)
+ nodelite-2-xT47I-Eo0rwJmaXC4oilDGDWLohVhR6o-xAQcPQN8q6QBuZVL8qMYL85kLmST5cPjAorwvqIA4qXTRQoYHaL6g-- <- style-to-object 1.0.8 (1.0.9 is available)
+ nodelite-2-xuIq7cIOt09RPRJ19gdi4b-RiNvDFYe5JH-ggNvBqGqpQXcru3PcRmOZuHBKWK1Txf9-cQ-HMVN4d6z46LZP7A-- <- minipass-pipeline 1.2.4
+ nodelite-2-xuW7dzkUpcJq7QnhOsnNUgtYp3xRwpt2F7abdRYIpCsAt0hhUqia0EdxyXZQQpNmGtsCzYHryaKSV3q3GJnq7w-- <- superagent 9.0.2
+ nodelite-2-xV2bxeN6F7oYjZWTe-YPAy6MN2M-sL4u-Rlm2AHCIVGfo2p1yGmBHQ6vHehl4bRTZBdHu3TSkWdYgkwpYzAGSw-- <- modify-values 1.0.1
+ nodelite-2-xvsWESUJn0JN421Xb9MQw6AsMHRCUknCe0Wjlxvjud80mU4E6hQf1A6NzQKcYNmYw62MfzEtXc-badstZP3JpQ-- <- as-table 1.0.55
+ nodelite-2-xWT5gefv2HGSm4QHtgc1sYPbseOyf-FFDo2JbpE25GWl5BqTGO9IMwTYJRoIdjsF85GE-VegHxSCUt5EvoYTAw-- <- @babel/plugin-transform-modules-amd 7.23.0 (8.0.1 is available)
+ nodelite-2-xXDvecyTpGLrqFrvkrUSoxxfJI5AH7U8zxxtVclpsUtMCq4JQ290LY8AW5c7Ggnr-Y-oK-bQMbqK2qmtk3pN4g-- <- jszip 3.10.1
+ nodelite-2-xxOWJsBKtzAq7DY0J-DTzuz58K8e7sJbdgwkbMWQe8UYB6ekmsQ45q0M-tJDsGaZmbC-l7n57UV8Hl5tHxO9uw-- <- node-releases 2.0.19 (2.0.54 is available)
+ nodelite-2-xXqpXoINfFhgua9xiqD8fPFHgkoq1mmmpE92WlDbm9rNRd-EbRb-Gqf908T2DMfuHjjJlksiK2RbHVOdD-MqSw-- <- loader-utils 2.0.4 (3.3.1 is available)
+ nodelite-2-xyFwyhro-JEof6Ghe2iz2NcXoj2sloNsWr-XsERDK-oiPCfaNhl5ONfp-jQdAZRQQ0IJWNzH9zIZF7li91kh2w-- <- json-parse-even-better-errors 2.3.1 (5.0.0 is available)
+ nodelite-2-xYSH7AvuQ6nXkq42x0v5S8-Iry-cfulBz-DJQzhIyESdLD7425jXsPy4vn5cCXU-HhRN2kVw51Vd1K6-By4BQg-- <- knitwork 1.2.0 (1.3.0 is available)
+ nodelite-2-xyZLfs7TxPu-WKjHUs0jZOPinzBAI32kEUel6za0vH-JUTnFZ5zbHI1ZoGZRDm6oMjADtrli6FxtMlk-5ABPNw-- <- npm-registry-fetch 19.1.0
+ nodelite-2-xZFXEGbG7SNC3itwBzI3RYjq-cEhBkx2hJuKGIUOcEULmkQExXiHat2z-qkISYsuR-IKumhEfKKbV5qXmhICFQ-- <- temp-dir 1.0.0 (3.0.0 is available)
+ nodelite-2-y-8YjDFzWdQlSE9N5nzKMT3g4a5UBX1HKowfdXh0uvAnTaqqwqB92Jt4UXBAeKekDs5IaDKyJFR4X1gYVCgXcw-- <- undici 7.18.2 (8.10.1 is available)
+ nodelite-2-y-cI5Gg5WWqmSSDQftCT26wOLu0HSuPY1u6Q4Q97FBIfRC3hYztjYdUDHuTu6qPPT-tdsnWOUy2tr3qamVSQ4g-- <- @aws-sdk/client-sts 3.279.0 (3.975.0 is available)
+ nodelite-2-y-FyyR-w8vfIRq4eQcM1EYgSTnmHXPqaF-IgzgraytCFq5Xh8lllDVmAZolPJiZttZLeFSINPYMaEJ7-vWUa1w-- <- is-array-buffer 3.0.2 (3.0.5 is available)
+ nodelite-2-y-WKFlBR8BGXnsNlIHFGPZmyDf3DFMoLhaflAnyZgV6rG6xu-JwesTo2Q9R6XwYmtmwAFCkAk3e35jEdoeh-3g-- <- promise-retry 2.0.1
+ nodelite-2-y0m1JoUZSlPAjXVtPPW70aZWfIL-dSP7AFkRnniLCrK-8MDKog3TySTBmckD-RObVxH0v4Tox67-F14PdED2oQ-- <- shallowequal 1.1.0
+ nodelite-2-y10wOWt8yZpqXmOgRo77WaHEmhYQYGNA6y421PKsKYWEK8aW-cqAphborZDhqfyKrbZEN92CN1X2KbafY2s7Yw-- <- node-releases 2.0.14 (2.0.54 is available)
+ nodelite-2-y11nGElTIV-CT3Zv9t7VKl-Q3hTQoT9a1Qzezhhl6Rp21gJ-IVTW7Z3y9EWXhuUBC2Shnf-DX0antecpAwSP8w-- <- yargs-parser 20.2.9
+ nodelite-2-y1aNsEeoLXnWb6pI9TvfNPIxySyo4Un3OGxKn7rsNj8-tgSquzXEWkzfA5y6gU0fvzmQgvx3JBn-p51qQ8Xg9A-- <- youch 4.1.0-beta.6
+ nodelite-2-y3bGgqKj3QBdxLbLkomlohkvsA8gdAiUQlSBJnBhfn-BPxg4bc62d8TcBW15wavDfgexCgccckhcZvywyQYPOw-- <- rc 1.2.8
+ nodelite-2-y4Mg2tXshplEbSGzx7amzPwKKOCGuoSRP-CjEdwwk0FOGlUbq6lKuoyDZTNZkmxHdJtp54hdfY-JUrdL7Xfdug-- <- commander 10.0.1
+ nodelite-2-y5NUX-U9HhVsK-zihZwoq4r9dICLyV2jXGOriDAVOeKhq3LKVjgJbGO90FisozXLlJfvjHqgckGmJFBb9KYoWQ-- <- terser 5.34.0
+ nodelite-2-y6EEzULok0Qvz8yyLkCvVX-02ic-By2UdOhylwUOvOn9dvYc9mKICJuuU1n1XBI02YWsNsnrY1kc6DVbjcXbtw-- <- @babel/helper-compilation-targets 7.22.15 (8.0.0-beta.0 is available)
+ nodelite-2-y6OAwoSIf7FyjMIv94u-b5rdheZEjzR63GTyZJm5qh4Bi-2YgwLCcI-fPFZkL5PSixOt6ZNKm-w-Hfp-Bciwow-- <- fs-constants 1.0.0
+ nodelite-2-y8quW6p0WHkEhmErnfe58r7x0A70uKphQm8Sp8cV7tjNQwK56sNVK0M73LK3WuYmsuyrftut4xAkjjgU0twaMg-- <- @babel/plugin-transform-react-jsx-self 7.25.9 (7.29.7 is available)
+ nodelite-2-ya-UeJ6HVBYxrgYotAZo1KvPWlgB48kUJLDePFeneHsVujFaW5WNj2NgWCAE--B1Dl02BIfYlpNgBy8Kf8Rjmw-- <- http-proxy-middleware 2.0.6 (2.0.9 is available)
+ nodelite-2-yaduQFRKLXYOGgEn6AZau90j3ggSOyiqXU0F9JZfeXYhNa-Jk4X-s45A2zg5jns87GAFa34BBm2kXw4XpNcbdg-- <- figures 3.2.0 (6.1.0 is available)
+ nodelite-2-yblEwXAbGv1VQDmow7s38W77hzAgJAO50ztBLMcUyUBfxv1HC-LGwtiEN-Co6LtlqT-5uwVOxsD4TNIilWhwdQ-- <- ext-name 5.0.0
+ nodelite-2-ybx0WO1-8bSBLEWXZvEd7gMW3Sn3JFlW3TvX1nREbDLRNQNaeNN8WK0meBwPdAaOI7TtRRRJn-Es1zhrrCHu7g-- <- siginfo 2.0.0
+ nodelite-2-yBYjY9QX2hnRmZHAjG-f13MzmBzxzYgQhFrke06TTyKY5zSTEqkOeukBzIdVA3j3ulu8Qa3MbVFShV7T2RmGtQ-- <- object.values 1.2.0 (1.2.1 is available)
+ nodelite-2-yDYSgNMraqvnxiEXO4hi88-YZxaHC6QKzb5N84iRCTDeRO7ZALpir-lVmf-uXUhnwUr2O4HU8s-n6x-yNjQkHw-- <- form-data-encoder 2.1.4 (4.1.0 is available)
+ nodelite-2-yfkgDw1KR66rkT5A8ci4irzDysN7FRpq3ttJolR88OqQikAWqwA8j5VZyas-vjyBNFIJ7MfybJ9plMILI2UrCw-- <- @eslint/core 0.13.0 (1.2.1 is available)
+ nodelite-2-yg2d-Em4KizZC5niWhQaIomgf5WlL4vOOjZ5xGCmF8SnPE-mDWWXgvRExdcpCgh9lLRRa1-fSYp2ymmbJ1pI-A-- <- istanbul-lib-source-maps 5.0.6
+ nodelite-2-yGSza74xk0UG8k-pLh5oeoYirvIiWo5t0-o3zHHAO2tRDiZcxWP7fywNlXhqb6-r6sWvwi-RsyQMWhVLe4BVuA-- <- type-fest 1.4.0 (5.4.1 is available)
+ nodelite-2-yILWifhaSEEytfXI76kB9xEEiG1AiozaCJZ83A87ytjRiN-jVibXjedjCRNjoZviinhG-4UkalO3mWTd8u5O0Q-- <- read-cmd-shim 4.0.0 (5.0.0 is available)
+ nodelite-2-yizwGBpbCn4YomB2lzhZqrHLJoqFGXihNbib3ozhqF-cIp5ue-xSmOQrjNasEE62hFxsCcg-V-z23t4n8jMEng-- <- ssri 13.0.0
+ nodelite-2-yJ0RoswsAaKcvkmpCE4XxBRiy-whH2SdTBHWzs0gi4wkqTDhXMChjSdqBz-F4AeiDlP28rQqL33iHb-kjAMX6w-- <- @actions/github 9.0.0
+ nodelite-2-yjNnPr315-FjS4zIsUxYguYUPP2e1NK4d7E7ZOLiyYCcbFBiTMyID-2wvm2w6-pZ-odMA7cRkjhsPbltwBOrLg-- <- enquirer 2.3.6 (2.4.1 is available)
+ nodelite-2-yki5XnKuf750l50uGTllt6kKILY4nQ1eNIQatoXEByZ5dWgnKqbnqmTrBE5B4N7lrMJKQ2ytWMiTO2o0v6Ew-w-- <- cookie 0.7.2 (1.1.1 is available)
+ nodelite-2-yL-sLrpmtDaFEiUj1osRP4TI2MDz1AddJL-jZ7KSqvBuliN4xqYY54IfdN8qD8Toa6g1iloph1fxQNkjOxrrpQ-- <- @eslint/core 0.17.0 (1.2.1 is available)
+ nodelite-2-yLSH4py7oFH3oG-9K-XWrz1pSi3dfUrWEnInbxMfArOfc1-33BlGPQtLsOYwvdMy11AwUBetYuaRxSPqgkq-8g-- <- unicode-emoji-modifier-base 1.0.0
+ nodelite-2-yMBKppFur-fbHu9-6USUe03bZ4knMYiwFBcyiaXB8Go0qNehwX6inYPzK9U0NeQvGxKthcmHcaR8P5MStSRBAw-- <- arraybuffer.prototype.slice 1.0.2 (1.0.4 is available)
+ nodelite-2-yNyAdkBxB72gtZ4GrwXCM0ZUedo9nIbOMKfGjt6Cu6DXf0p8y1PViZAKDC8q8kv-fufx0WTjRBdSlyrvnP7hmA-- <- @npmcli/installed-package-contents 4.0.0
+ nodelite-2-yoxstj7Rg9dlNn9UQxzk4fcNivwv4nUYz7fYXBaKxvw-lnmPuOm-ikoELygbYq68Bls3D-D-NBPHiLwZdZZ4HA-- <- @babel/plugin-transform-unicode-regex 7.25.9 (8.0.1 is available)
+ nodelite-2-ypMKuglUrZUD99Tk2bUQ-xNQj43lPEfAeX2o9cTteAmShXy2VHDJpuwu1o0xqoKCt9jLVAvwyFKdLTPXKAfJyA-- <- multimatch 5.0.0 (6.0.0 is available)
+ nodelite-2-yQbXgO-OSZVD2IsiLlro-7Hf6Q18EJrKSEsdoMzKePKXct3gvD8oLcOQdIzGupr5Fj-EDe8gO-lxc1BzfMpxvA-- <- braces 3.0.3
+ nodelite-2-yQFE4H5R7jy98xRMnH3dOt3PQkORVtKTT2gn0U86JBHWMvoSZxvd1hw8UXxJtyp-bqW3yV7N1oTwDdX71It-Gg-- <- @edge-runtime/vm 2.0.2 (5.0.0 is available)
+ nodelite-2-ysW6wbjl1Y78txHUQ-Tldj2Rg1BI7rpMO9B9xAF6yAX3mQ7t6SUPQG-ewOGvH2208NBIl3qP5e-hDf0Q6r-1iw-- <- @aws-sdk/invalid-dependency 3.272.0
+ nodelite-2-yt6ZGME9f4F6WHwevrvpAjh42HMvocuSnSIHUGycBqXIJdhqGSPQzTpGF-1NLREk-58IdPxEMfPcFCjlMhclGw-- <- react-hook-form 7.69.0
+ nodelite-2-yvkRyxmFKEOQ4pNXCmJG5AEQNlXJS5LaONXo5-cLdTZdWvsZ1ioJEonLGAosKlMWE8lwUy-bJzMjcw8az73-Fg-- <- is-plain-obj 1.1.0 (4.1.0 is available)
+ nodelite-2-yVtV8zsdo8qFHe--3kw81dSLyF7D576A5cCFCi4X7B39tWT7SekaEFUnvnWJHz-9qO7qJTah1JbrDjWKqFtdWA-- <- @tufjs/canonical-json 2.0.0
+ nodelite-2-ywqV-5MmyL4E7ybXgKys4DugZbX0FC6LnwrhjuykIjnK9k8OQacQ7axGKnjDXWNhns0xot3bZI5h55H8yo9cJg-- <- cli-spinners 2.9.2
+ nodelite-2-yY5PpDlfVIU5-y-BSCxAJRBIS1Zc2dDG3Ujq-sR0U-JjUevW2JhocOF-soROYDSaAezOzOKuyyixhD6mBknSmQ-- <- unicode-canonical-property-names-ecmascript 2.0.0 (2.0.1 is available)
+ nodelite-2-yZbBqeM6TkpP9du-I2pUZnJsRMGGvOuIrhjzC1AwHwW-6he4mni6Bp-m8ijn0iOuZuPI2BfkCoSRunpyjnrQKg-- <- @babel/parser 7.28.4 (8.0.4 is available)
+ nodelite-2-yZeZ7z2Rx4gv-0E97oLTF3V6N25vglmwXGgoeju-W2YjsFvWzVtCDI7zRRb0mJhU6-jmSM8jP1DeQGbea-AiZQ-- <- @module-federation/runtime 0.8.4
+ nodelite-2-yzMTt9lEb8Gv7zRioUilSglI0c0smZ9k5D65677DLWLtWJaXIS3CqcGyUFByYKlnUj6TkjLVs54fBl6-TiGQDQ-- <- @isaacs/balanced-match 4.0.1
+ nodelite-2-z-paD6YUQsk-AbGCEM4PrOXSss5gd66QfcVBFTKR-HpFL9jCqikS94HYwKww6fQyO7IxrIIyUu-g0Ka9tUS2Cg-- <- dns-equal 1.0.0
+ nodelite-2-z-QT1XN4K4KYuslS23k62yDIDLwLFkzxOuMplDtObz0-y7VqJCaO2o-SPwHCvLFZh7xazvvoor2tA-hPz9ee7g-- <- @types/istanbul-lib-coverage 2.0.4 (2.0.6 is available)
+ nodelite-2-z-Uw-vLuy6gQe8cfaFWD7p0wVv8fJl3mbzXh33RS-0oW2wvUqiRXiQ69gLWSLpgB5-6sU-r6BlQR0MBILadqTQ-- <- lodash.get 4.4.2
+ nodelite-2-z08c1l761iKhDFtfXO04C7kTdPBLi41zwOZl00WS8b5eiaebNpY00HKbztwBq-e3vyqWNwWF3mP9YLUeqIrF-Q-- <- domutils 3.0.1 (3.2.2 is available)
+ nodelite-2-z0vtXSwucUJtANQWldhbtbt7BnL0vxiFjIdDLAatwhDYty2bad6s-rijD6Ri4YuYJubLzIJLUidCh09e1djEVQ-- <- is-core-module 2.15.1
+ nodelite-2-z0yWI-4FDrrweS8Zmt4Ej5HdJmky15-L2e6Wgn3-iK5fWzb6T3fhNFq2-MeTRb064c6Wr4N-wv0DzQTjNzHNGQ-- <- mimic-response 3.1.0 (4.0.0 is available)
+ nodelite-2-z2S-W9X73hAUUki-N-9Za2lBlun89zigOyGrsax-KUQ6wKW4ZoWpEYBkGhQjwAjjDCkWxhY0VKEhk8wzY7F5cA-- <- decamelize 1.2.0 (6.0.1 is available)
+ nodelite-2-z5xyF6uh8CbjAu9760KDKsH2FcDxZ2tFCsA4HIMWE6IkiYMXfVoa-4f9KX-FN0ZLsaMw1WNG2ETLA6N--YA-cg-- <- @types/serve-static 1.15.0 (2.2.0 is available)
+ nodelite-2-z6EbKajIpqGKU56y5KBUgy1dt1ihhQJgWzUlZHArA--X2ad7Cb5iF-AK1EWVL-Bo7Rz9uurpqw6SiBCefUbCGA-- <- jest-util 29.7.0 (30.2.0 is available)
+ nodelite-2-z6okREyK8in0486a22Oro0k-YsuyEjDXJt46FpgeOgXqKJ9ElM8QPll0iuLBkpbH33ENiNbIPLd1cuClRQnhiw-- <- @netlify/serverless-functions-api 1.36.0
+ nodelite-2-z7g62X7bYxCYmeNNuO9jmzxLQG95q9QxINCwpboVcNff3SJiHJbGrarxxOVMVmAh1MsrSfxWkVGv4P41ktnFsA-- <- @docusaurus/logger 3.7.0
+ nodelite-2-z81GNO7nnYMEhrGh9LeymoE4-Yr0Wn5McHIZMK5cfQCl-NDX08sCZgUc9-6MHni9IWuFLm1Z3HTCXu2z9fN62Q-- <- mz 2.7.0
+ nodelite-2-z9HJBCYw9Zr8BqXcllKIs5nI-QggAImbBdHphOzVYrz2CB4iQ6FzWyKmlqDZua-51nAu7FcemlbTc9VgQN5XDQ-- <- npm-install-checks 7.1.2 (8.0.0 is available)
+ nodelite-2-zAKMgGXUim0Jyd6CXK9lraBnD3H5yPGBPPOkC23a2BG6hsm4Zu6OQSjQuEtV0BHDf4aKHcUFvJiGRrFuW3MG8g-- <- ora 5.3.0 (8.2.0 is available)
+ nodelite-2-zB9CruMamjym81i2JZ3UMn54PKGsQzsJeo6xvN3HJJ4CAsQNB6iRutp2To77OfCNuoxspsIhzaPoO1zyCEhFOg-- <- is-bigint 1.0.4 (1.1.0 is available)
+ nodelite-2-zbB9rCJAT1rbjiVDb2hqKFHNYLxgtk8NURxZ3IZwD3F6NtxbXZQCnnSi1Lkx-IDohdPlFp222wVALIheZJQSEg-- <- ansi-styles 4.3.0 (6.2.3 is available)
+ nodelite-2-zBfiUPM5nD0YZSBT-o-fbCUlCcepMIdP0CJZxM1-KgA4f2T206f6VAg9e7mX35-KlMaIc5qXW34f3BnwJ3w-RA-- <- jsonpath-plus 7.2.0
+ nodelite-2-zCnTtlxNoAiDc3gqY2aYAWFx7XWWiasuF2K8Me5WbN8otHKTUKBwjPtNpRs-rbUZm7KxWAaNj7P1a-p52GbVug-- <- extend-shallow 2.0.1 (3.0.2 is available)
+ nodelite-2-zdu8XMNEDepKKR-XYOXAVPtWui0ly0NtohUscw-UmaHiAWT8hrV1rr--H6V-0DvJ3OQ19S979M0laLfX8rm82Q-- <- typedarray-to-buffer 3.1.5
+ nodelite-2-zer1KoZA54Q8RVHKOY5vMke0cCdNxMP3KBfDerjH-BYHh4nCIh-1Yy0t1pAEQF18ac-4z3OFclO-ZVH8azjR4A-- <- postcss-merge-longhand 7.0.4 (7.0.7 is available)
+ nodelite-2-zevQbhbau95nkoxSq3f-DC-SC-EEOUZd3DYqfSkMhY2-wfSeaHV1Ew4vk8e-x8lja31IbyuUa2uQ3JONqKbysw-- <- @babel/generator 7.26.2 (8.0.0-beta.4 is available)
+ nodelite-2-zf7LuNpHG0iEeiyCNwX4j3gDg1jgt1k3ZdXBKbZSoA3BbGQGvMiSvfbZRR3Dr3aeJe3ooWFZxOOG3IRStYp2Bw-- <- @babel/plugin-transform-sticky-regex 7.22.5 (8.0.1 is available)
+ nodelite-2-zfedSIzFhat-gFhWfHtgWvlec0nqB9YEIVrpuwjruLlXfUSnA8cJB0miHKwqDnQ7d32aKo2xt88-xZptwxbfhA-- <- @babel/helper-environment-visitor 7.22.20 (7.24.7 is available)
+ nodelite-2-zfETvRFA8o7EiNn--N5f-kaCw221hrpGsDmcpndVupkPzEc1Wuf3VgC0qby1BbHs7f5DVYjgtEU2LLh5bqeGfQ-- <- array.prototype.findlastindex 1.2.5 (1.2.6 is available)
+ nodelite-2-zFNpOpUO-tY2D85KrxJ-aqwnIfdEGi06UH2-xEb-Bp9Mwznmauqc9djbnBibJO5mpfUPPa8st6Sx65-vbeO45g-- <- search-insights 2.17.2 (2.17.3 is available)
+ nodelite-2-zhaCDicdLuWN5UbN5IMnFqNMhNfo919sH85y2-ea-5Yg9TsTkeZxpL-JLbp6cgYFS4sRLp3YV4S6yDuqVWHYOw-- <- builtin-modules 3.3.0 (5.0.0 is available)
+ nodelite-2-zHig5N-tPWARooBnb0Zx1MFcdfpyJrfTJ3Y5L-IFvUm8rM74hHz66z0gw0x4tijh5CorKkKUCnW82R2vmpeCRA-- <- compare-func 2.0.0
+ nodelite-2-zIHwmZPRshsCdpMDyVsqGmgyP0yT8GAgXUnkdAoJisxvf33k7yO6OuoKmcTGuXPWSsm8Oh88nZicRLA9Y0rUeA-- <- dotenv-expand 11.0.7
+ nodelite-2-zJ2mQYM18rEFOudeV4GShTGIQ7RbzA7ozbU9I-XBpm7kqgMywgmylMwXHxZJmkVoYkna9d2pVXVXPdYTP9ej8Q-- <- fresh 0.5.2 (2.0.0 is available)
+ nodelite-2-zJUfJLebCYzBdIz-Z9vqwFjIA7iSlLCFvVi7glMgnu2MK7XYigwsonXshy9wP9S7szF-nmwrelNaP3WGanstEg-- <- @esbuild/linux-x64 0.17.10 (0.28.2 is available)
+ nodelite-2-zJxVehUdMGIKsRaNt7apO2Gqp0BdqW5yaiGHXXmbpvxgBYVZnAql-BJb4RO5ad2MgpbZKn5G6nMnegrH1FcNYQ-- <- hpack.js 2.1.6
+ nodelite-2-zK0TB7Xd6JpCLmlLmufqykGE--TlOePD6qKClNW7hHDKFh-J7-7gCWGR7joEQEW1bKq3a3yUZSObOoWLFQ4ohg-- <- read-pkg-up 7.0.1 (8.0.0 is available)
+ nodelite-2-zK7YHHz4ZXpW89AHXUPbQVGKI7uvkd3hzusTdotCg1UxyaVtg0zFJSTfW-Dq5f7OBBVnq6cZIaC8Ti4hb6dtCA-- <- zip-stream 6.0.1
+ nodelite-2-zkDT5WAF4hSSoUgyfg5tFIxz8XQK-25W-TLVojJTMKBaxevLBBtLxgqguAuVQB8PVW79FVjHcU-GJ9tVbDZ9mQ-- <- cacheable-request 10.2.14
+ nodelite-2-zkVhZUA3y8mbz652WrL5x0fB0ehrBkulWT3TomAQ9iDtyXZvzKeEA6GPxAItBYeNYl5yngKRX612qHOhvMkDeg-- <- native-promise-only 0.8.1
+ nodelite-2-znyno9cHKQsK6PtxL5D19Fj9uwSzC2mB74cpT66fhgOadEUPyXFkbgwm5tvc3bt3NAy8ltE5MrghxovZRVnOjQ-- <- postcss-discard-empty 6.0.3 (7.0.3 is available)
+ nodelite-2-zptv57P3GpL-O0I7VdMJNBZCu-BPHVQUk55Ft8-QCJjTVxrnJHuVuX-0Bl2A6--2oyR-ZMEuFKwmzqqZ-U5nPQ-- <- jackspeak 4.1.1 (4.2.3 is available)
+ nodelite-2-zPukTwJMOu5X5uvm0fztwS5Zxyvmk38H-LfidkOMt3gbZVCyro2cD-ETzwzVPcWZA3JOyPznfUN-nkyFiyUbxg-- <- npm-packlist 10.0.3
+ nodelite-2-zrceR-XhGYU-d-opr2EKO7aRHUeiBI8qjtfHqADTwZd6Szfy16la6kqD0MIUs5z5hx6AaKa-PixpPrR289-I0A-- <- regenerate 1.4.2
+ nodelite-2-zREJHjhT5vJBMZX-IUbyI9zVtVfOLiTO66MrF-3GFZYZ7T4YILW5MSkEYHceSii-KtRk-4i3RE7E1CUXA2jHcA-- <- @inquirer/password 4.0.23
+ nodelite-2-zshzwQW7gG7hjpBlgeQP9RuyPGNxvJdzR8SUM3QhxCnLjWN2E7j3dOvpeDcQoETfHx0urRS7EtmVToql7YpU4A-- <- zip-stream 4.1.0 (6.0.1 is available)
+ nodelite-2-zsvcu7cWB28JJ60gVvjxPCI7ZU7jWGcpNACPiZGyVtjYXwcxyhXbYEVDSWKsSA6ERpz9XrpLYod8INQWfW3ECg-- <- @aws-sdk/middleware-sdk-s3 3.775.0 (3.972.3 is available)
+ nodelite-2-zt6OdqaDoOnJ1ZYsCYGt9YmWzDXl4vQdKTyJev62gFhRGKdx7mcT54V9KIjg-d2wi9EXsPvAPKe7i7WjfVWB8g-- <- @rtsao/scc 1.1.0
+ nodelite-2-ztisabK5C--ZWBdYC-Y9JCkp3M9qBv-XFvDtSw0d-XwfT3UaKeW-YTm-MD-QrPNxuecia46vkfEhewjwcYFjkg-- <- postcss-normalize-unicode 7.0.2 (7.0.9 is available)
+ nodelite-2-ztqyC3kLto0e9WbNp0aeP-M3kTt-nbaIveGmUxAtZa-8iFgKLUOD4YKM5j-f3QD89bra7UeumolZHKuOXnTmeQ-- <- html-tags 3.3.1
+ nodelite-2-zTU3DaZaF3Rt9rhN3uBMGQD3dD2-vFQqnvZCDv4dl5iOzq2IZQqTxu90r4E5J-nP70J3ilqVCrbho2eWaeW8Ow-- <- lunr 2.3.9
+ nodelite-2-zuVdFrMJiuCDQUMCzQaD6KL28MjnqqN8XnAqiEq9PNm-hCPTSGfrXCOfwj1ow4LFb-tNymJPwsNbVePc1xFqrQ-- <- @ungap/structured-clone 1.2.0 (1.4.0 is available)
+ nodelite-2-zV4Ky0v1F8dBrdYElwTvQhweQ0P7Kwc1aluqJsYtOBP01jXcWCyW2IEfI1YiqsG-Iy7ZR-o5LF1N-PGECBxHWA-- <- archive-type 4.0.0
+ nodelite-2-zw4SRzoUkd-cl-ZoE15A9o1oQd920Bb0iOJMQkQhl3jNc03YqVjAhG7scf9C5KWRU-R13Orf588uCC6525o02g-- <- es6-iterator 2.0.3
+ nodelite-2-zX4ebnnyXiykjhcBvKIf5TNvt8K7yX6bllTRZ14MiurKPjDpCAZujlszTdB8pcNXhZcOf-god4s9SjQa5GnytQ-- <- eslint-import-resolver-typescript 3.5.2 (4.4.4 is available)
+ nodelite-2-zx8IwP-ts9WvUM6NkVSkiU902QZL1bwPhaVaLynPtCsOTqp-ZKbNi-s6XJg3rfqpKGA-oc7Oxk5t8pOQJcwl-w-- <- postcss-convert-values 6.1.0 (7.0.7 is available)
+ nodelite-2-zymm5-u-sCsSWyD9qNaejV3DFvhCKclKdizYaJUuHA83RLjb7nSuGnddCHGv0hk-KY7BMAlsWeK4Ueg6EV6XQg-- <- is-fullwidth-code-point 3.0.0 (5.1.0 is available)
+ nodelite-2-zYt6cz-ivnTmiT-ksRVriMBOiuoUpDCJJlZ5KPl2-FRdvwU3f7MPh9qftvbkXJThragzUZieit2nyHUyw53Seg-- <- @actions/core 3.0.0
+ nodelite-2-zz06S8t0ozoDXMG-ube26zeCTNXcKIPJZJi8hBrF4idCLms4CG9QtK7qBl1boi5ODzFpjswb5JPmHCbMpjaYzg-- <- is-arrayish 0.2.1 (0.3.4 is available)
+ nodelite-2-zzNR-SdQSDJzc8joaeP8QQoCQr8NuYx2dIIytl1QeBEZHJ9uW6hebsrYgbz8hJwUQao3TWCMtmfV8Nu1twOLAw-- <- @jridgewell/trace-mapping 0.3.31

Done in 3s
