warning " > nodelite-2--IUQJ5VlZoAFsM5MHNT7g3RHSkA3eETqhRCdXv4niUMAKHQ7lb1yvAcuGPmm4soxhmtX13u4Li6ZToXtvSEH-A--@3.3.0" has unmet peer dependency "marked@^0.4.0 || ^0.5.0 || ^0.6.0 || ^0.7.0".
warning " > nodelite-2--OJ9konv95ClSTOJCmMZqpd5-YGsB2S-x6w3E1oaM8UuR5j8nTNHYSz8c9BEPGDOCMQYIEEGlVPj-VY64iTbGw--@2.2.0" has unmet peer dependency "postcss-selector-parser@^6.0.10".
warning " > nodelite-2--2K3A4TCP9orP4TNS7u3tGdRFVKqz-E6pX3aGnriPG0jU78of8wsUcqE4QAhWEU0d-WnMSF93Ah3F--vUtK-iQ--@5.0.0" has unmet peer dependency "postcss@^8.1.0".
warning " > nodelite-2--CUekqaAaZCQHleSK-9HajvcD-zdnJiKRiuUFq8ITE-0HsPzquf53cpFiqAwl-UfmJbR6n5uGPQSPdrmKOvHHg--@7.16.4" has unmet peer dependency "@babel/core@^7.0.0-0".
warning " > nodelite-2--yJWPzSZPo0EIoNIEVq-T8-BhU3bcKynCx2A8CrVQ9rSrMymTkByYUVId4BnUD8RQy3Bb3b70uiwdn5ji-StVQ--@3.9.1" has unmet peer dependency "selenium-webdriver@< 4.0.0".
warning " > nodelite-2-09lMt6UsUb3-34BbECKVbVwrT9bO6lILWln237z7sLaWnMsTi7Yc9fhX5DLpkJzAGfaReXI22wP41SZmnAA3Vw--@7.23.3" has unmet peer dependency "@babel/core@^7.0.0-0".
warning " > nodelite-2-0IDJYhgU8xDv1KY6-VgUwuQkVtmYzRwu-dMjnmdMafXYv86SWqfxkc7qdDvWS38vsjaEtv8e0vGOUQrAiMBLpQ--@12.1.11" has unmet peer dependency "postcss@^8.2".
warning " > nodelite-2-0QZ8qP-3RLDVBwBFoWAwCtgcDZJVwA5LUJRZU8x2YFfKNuFq161wK3cuGrALu5yiPu-vzwTAg-sMWVNeWeNyaw--@7.21.11" has unmet peer dependency "@babel/core@^7.0.0-0".
warning " > nodelite-2-0QqbP6B6HOh7-8iNR4CQU2Th-bbRtBp4KS9vcaZd1fZ0wSh5Fyssg0UCIHwxh-ka-pNDREbVLQnHCMHKZfPwfw--@7.23.4" has unmet peer dependency "@babel/core@^7.0.0-0".
warning " > nodelite-2-0ueD7rPqX8Pn1xJIjay0AZeIuDoF-V-VvMt-uOnn-4ezUKhZM-NokDeP6DwMNyIoYByuN-94IQnt5FEkaN59xQ--@4.0.1" has unmet peer dependency "postcss@^8.0.0".
warning " > nodelite-2-0wVnp9dxJ72ZUJDV27ZfbSj6iHLoytYZmh3rFcxNnvsJF3ktkzLDZPy-mA17HGsaQT3-DQsWYX1f1QGWkCoVUg--@7.14.5" has unmet peer dependency "@babel/core@^7.0.0-0".
warning " > nodelite-2-1-sA4dwrzBAyeUoQ6oxahHKmrZvsnLCg4RfxW3ZFGGmQkSNQPFNLV9CUEFQP1x9EYXHTo5p6xdhZM1Ne9p-AfA--@4.4.0" has unmet peer dependency "eslint@^6.0.0 || ^7.0.0 || >=8.0.0".
warning " > nodelite-2-17oIGVlqz6CchO9RFYn5U6ZpWRZIngayYCtrPRSgANSwC2V1Jb-iP74nVxzzXJte8b8BYxrL1yY96xfhTBrNNQ--@7.23.3" has unmet peer dependency "@babel/core@^7.0.0-0".
warning " > nodelite-2-1DyBLG5SH7PYCd00QlroiW60YJ4rWMuUGa-JBV0iZuqi4l4IK3twKPq5ZkEebmGqRjXWVgsUzfd3-nZveewgow--@6.19.0" has unmet peer dependency "eslint@^7.0.0 || ^8.0.0".
warning " > nodelite-2-1JGu8oCjVXLa9q9rFTo4MbeeA5FMe00-9C7lN4va606Rdb-HkxXtXsmEDrIraQ11fGz-WvKWa8gMuCKkrXpTsQ--@3.0.4" has unmet peer dependency "postcss@^8".
warning " > nodelite-2-1auuwmK-Rz13SJj36R-jqFPMJWyKEDd7lLSdOj4oJK0UTgGueSAtkrCvz9ewmgyU-P941Rv2fQwZJN8s6QruXw--@7.18.6" has unmet peer dependency "@babel/core@^7.0.0-0".
warning " > nodelite-2-1fmkBaCALD72CK2a9i468mA--tr9-1cBxRRMXOUaZqO43oWPR5imcyPjXwuv7PXbCid4ndlP5zWhidQVVa3hmA--@5.0.0" has unmet peer dependency "postcss@^8.1.0".
warning " > nodelite-2-2-u2zraspoACtrbFRnTijMiQtb4GW4BvatjaG-bCjYQo8kLTdevCUlwuBHx2sCnSyrI3x3qj4ZK1j5LQBgzmwA--@4.0.3" has unmet peer dependency "postcss@^8.1.0".
warning " > nodelite-2-29FkPLFjn4TPEa3RE7GpW-qbE8tlsu3jntNYNfcGsc49LphF1PQIiD-vMZ1z1xVOKt-93khA9tc2JBs3kBjA7w--@7.22.15" has unmet peer dependency "@babel/core@^7.0.0".
warning " > nodelite-2-2BShG-d5yoZyXZfVePH91urL5wTG6ASZU9M4o03lKK8u8UW1y08OMttBSOADTcJrnPMpvDXRG3G8fyLh4ovs8w--@7.18.6" has unmet peer dependency "@babel/core@^7.0.0-0".
warning " > nodelite-2-2fMkXEJkrmwgu2Bsv1Saxgj30IXZdJ-84lQcKKI7sm719oXs0BBw2ZENKdJdR1PjWndgLCEBNXJOri0fk7RYQA--@7.23.5" has unmet peer dependency "@babel/core@^7.0.0-0".
warning " > nodelite-2-2yrTAUZUab9s6CpxkxC4rVgFEVaR6-2Pipvi6qcgvnYiVqZcbDHEoBDhrXzyb7Efh2CCfHQNtcqWcIruDTIUeg--@4.2.4" has unmet peer dependency "postcss@^8.2".
warning " > nodelite-2-3kBGTNBBk9DQiPoXYS0g0BYlwTQYUTifqgKTjxUwEUkduRT2QOa0FPGBJ-NROQhGyYO5BuTJwGvBnqKDykac6A--@7.23.9" has unmet peer dependency "@babel/core@^7.0.0-0".
warning " > nodelite-2-3nVv-e2FQwsW8Aw6qTU6f-1rfcJ3hrcnvH-mu9i8YhxO-9sqbOfpL8m6PbET5-xKOlz-VSbp0RoYWYCtIsnmuA--@5.0.1" has unmet peer dependency "typescript@^3 || ^4 || ^5".
warning " > nodelite-2-4BqMbZksRkJQx2zAjrokiGMd07RqOa2IxIrrN10lyBe9xhn9DEvjUK79J6jkeiv9D9hQFXKb6g1jwU62jziJZA--@6.0.3" has unmet peer dependency "postcss@^8.4".
warning " > nodelite-2-4t15ViVnaFdrPC74be1gXBSMzXk3B4Us9lP7uLRQHTFpV5Dvt33pn-2MyyNxmN3VTTm3oTrZVMUmuw3oBnQ2oQ--@7.23.3" has unmet peer dependency "@babel/core@^7.0.0-0".
warning " > nodelite-2-5bQDGkXaxD46bPvQt08BUz9YSaO4S0fB1LB5JHQuXTfkGPI3-UUeS387C-e9jRie5GqT8u5kFTrMvAjtX4O5kA--@6.13.1" has unmet peer dependency "@typescript-eslint/parser@^6.0.0 || ^6.0.0-alpha".
warning " > nodelite-2-5bQDGkXaxD46bPvQt08BUz9YSaO4S0fB1LB5JHQuXTfkGPI3-UUeS387C-e9jRie5GqT8u5kFTrMvAjtX4O5kA--@6.13.1" has unmet peer dependency "eslint@^7.0.0 || ^8.0.0".
warning Ignored scripts due to flag.
