warning " > nodelite-2-MKfOBWzK0pZIrav9z-hkRqIk-2bTv9qvxHzPQc12RcVkMOzpIKnFCNYJip00ssKWYkd8Sf5g0Wr7pqJ-cmtuFg--@7.14.5" has unmet peer dependency "@babel/core@^7.0.0-0".
warning " > nodelite-2-MMxwpbtocxUsbmc8qtFY1AQYNTW5i-M4aNSv9zsKKRISaS5hMD7XVrw2eod0x0yEqZU3izLiPDZPmgr8glF-jQ--@2.9.1" has unmet peer dependency "@tiptap/core@^2.7.0".
warning " > nodelite-2-MMxwpbtocxUsbmc8qtFY1AQYNTW5i-M4aNSv9zsKKRISaS5hMD7XVrw2eod0x0yEqZU3izLiPDZPmgr8glF-jQ--@2.9.1" has unmet peer dependency "@tiptap/pm@^2.7.0".
warning " > nodelite-2-MPYGZr0qdbV5zZj8-2AuomVpnRVXRU5XKXb3HVniwRoRCreGlf5kOE081isNWeiLIi6IYkwTX9zE0-c7V8g81g--@11.0.2" has unmet peer dependency "rollup@^1.20.0".
warning " > nodelite-2-MTyJk98sHvSs-cvZ4nOauwTTG1JeonDjSGvGGUNHreGQns-Mpt6WX-dVzWBHgg-dYZhkC4X-zTDfkTU-Vy9y7Q--@7.27.1" has unmet peer dependency "@babel/core@^7.0.0-0".
warning " > nodelite-2-MUv6t0FhO5qHnS-W8XCbHmiRWOphNufpE1IVxhK5kuN3Td9FT1x4rx4K42s3RYdMXCXpfWkGSbCSd0Z64xA7Ng--@7.25.9" has unmet peer dependency "@babel/core@^7.0.0-0".
warning " > nodelite-2-MX0yLTwtZzr82sQ0zOjqimpZbzjMaK-h2pmlrLK7DCzlmiZLYFpoO94WmN1akRVo6ll-TdpHb53vihHLUMyvng--@1.0.13" has unmet peer dependency "@csstools/css-parser-algorithms@^2.7.1".
warning " > nodelite-2-MX0yLTwtZzr82sQ0zOjqimpZbzjMaK-h2pmlrLK7DCzlmiZLYFpoO94WmN1akRVo6ll-TdpHb53vihHLUMyvng--@1.0.13" has unmet peer dependency "@csstools/css-tokenizer@^2.4.1".
warning " > nodelite-2-MXf5laXo6c1IbEbegDmzGPwGNTsHZmEy6QGznu5Sh2UCWvueywb2ee-CCE4zQiZstxU9BMoQO9i6zUFSY0Kj0Q--@7.8.3" has unmet peer dependency "@babel/core@^7.0.0-0".
warning " > nodelite-2-MXyL4xvCjmgaORr-rtryDNFy3kU4qUbKlwtQqqsygd0xX3mhKjOLn6mQK8wfu0RkoE0pBE0nAasRoHua--QZ7A--@1.0.14" has unmet peer dependency "react@*".
warning " > nodelite-2-MXyL4xvCjmgaORr-rtryDNFy3kU4qUbKlwtQqqsygd0xX3mhKjOLn6mQK8wfu0RkoE0pBE0nAasRoHua--QZ7A--@1.0.14" has unmet peer dependency "react-native@*".
warning " > nodelite-2-MZwo0D0TYrQhT5FQzMqfy-nGZ28D1iFtpN7Su1ck5BPHS95--Y5O9S4kEvo76f2YOsqwYcT8ZGehSI1TnzuX2g--@3.0.10" has unmet peer dependency "postcss@^8.4".
warning " > nodelite-2-MfwFQ6SfwinsUVi0rNJm7rHZ31GyTcpVE5pgVA3hwFRb7COD4TzjUUwhGWKfO50-xdc2MQPuEBBJoqIMGt3JDw--@6.0.1" has unmet peer dependency "webpack@^5.82.0".
warning " > nodelite-2-MgR55l4q9KddUDITEzEFYn5ZsGDXMSsU9E-kh7fjRXTIC3RHqfCo8RPRbyReYJh44HQ-yomFkqbOFohXvDCiIQ--@7.26.3" has unmet peer dependency "@babel/core@^7.0.0-0".
warning " > nodelite-2-MlF1yu-gYh8u-sLUqA0YuA9JX0P4Hb69WlKc-9OLo-WCXuX6sy-KoIa-qJimgmr2dWqnypYKYPX37esjDBbhdw--@10.0.27" has unmet peer dependency "@emotion/core@^10.0.27".
warning " > nodelite-2-MlF1yu-gYh8u-sLUqA0YuA9JX0P4Hb69WlKc-9OLo-WCXuX6sy-KoIa-qJimgmr2dWqnypYKYPX37esjDBbhdw--@10.0.27" has unmet peer dependency "react@>=16.3.0".
warning " > nodelite-2-MrGRLZxLD-Zjj0gdU15dfs-HH-OXvnw-U4jJD8vpcP2CJQapPEv1IWwjc-qMg7ItBlPwSv1hRBbb7LeuANdcnw--@7.25.9" has unmet peer dependency "@babel/core@^7.0.0".
warning " > nodelite-2-MxUMSNvio1WwuS6WRLlQuv6nNPXwIWUFzBBAvL-tBdWfiKjiJnAa6eSSN5gtaacSqUkQ-Ce5Z1OzLRfeaWhADA--@2.0.19" has unmet peer dependency "postcss@^8.4".
warning " > nodelite-2-MxZ7acNNsoNaKpetxfwi3Z11Bgrh0T2EJlCV77v9N1vWK38-st3H1WJanmLbPNtc2ocvhHJrz-DjDz3CWxQ9rQ--@2.9.1" has unmet peer dependency "@tiptap/core@^2.7.0".
warning " > nodelite-2-MxZ7acNNsoNaKpetxfwi3Z11Bgrh0T2EJlCV77v9N1vWK38-st3H1WJanmLbPNtc2ocvhHJrz-DjDz3CWxQ9rQ--@2.9.1" has unmet peer dependency "@tiptap/pm@^2.7.0".
warning " > nodelite-2-N-iUlo9WR3-u9qGMmP4jiYfaD6pe9IvDTapZLFJz2D3xlTlCM1Bzy4Ab3g72Nbajo-0ZyW-W9hdz8Hbe4l97pQ--@1.0.9" has unmet peer dependency "react@^16.6.0 || ^17.0.0".
warning " > nodelite-2-N-iUlo9WR3-u9qGMmP4jiYfaD6pe9IvDTapZLFJz2D3xlTlCM1Bzy4Ab3g72Nbajo-0ZyW-W9hdz8Hbe4l97pQ--@1.0.9" has unmet peer dependency "react-dom@^16.6.0 || ^17.0.0".
warning " > nodelite-2-N-wH1vcn4oYawbJ13Y-FxcQrWk63jhfNa7jef0ih7PHSIHX2LB7GWE1rkPrOnka9kwMxb6hMl19p7lidA-EHmQ--@7.27.1" has unmet peer dependency "@babel/core@^7.0.0-0".
warning " > nodelite-2-N0xa8yz-u7HvGY5CqZeo5cwtTOyFQxOxxt15jeW1eAjLKZAcNrtrDGGJP18TX2eh5TfJ3I6OtmECJg9Q8-Yorw--@0.1.0" has unmet peer dependency "expo@*".
warning " > nodelite-2-N0xa8yz-u7HvGY5CqZeo5cwtTOyFQxOxxt15jeW1eAjLKZAcNrtrDGGJP18TX2eh5TfJ3I6OtmECJg9Q8-Yorw--@0.1.0" has unmet peer dependency "react@*".
warning " > nodelite-2-N0xa8yz-u7HvGY5CqZeo5cwtTOyFQxOxxt15jeW1eAjLKZAcNrtrDGGJP18TX2eh5TfJ3I6OtmECJg9Q8-Yorw--@0.1.0" has unmet peer dependency "react-native@*".
warning " > nodelite-2-N1NgI1PDCiAGWPTYrwqm8wpjv0bgDmkYHH72pNsqTCv9CObxjxftdYu6AKtGN-pnJa7FQjMm3v4sp8QJbFsYdQ--@12.1.5" has unmet peer dependency "postcss@^8.4".
warning " > nodelite-2-N2VQ5uPz3Z9ZcqI5tmeholn4d-1H14fKXszpjogZIrFbhaq0zNAtq8sAnw6VLiqGbL8YBzsnu7K9bBkTqaRimQ--@9.0.1" has unmet peer dependency "postcss@^8.4".
warning " > nodelite-2-NDigYR3PHqCnQLXYyoLbnEdzMMvzeiCWo1KOut7Q0CoIqg9tUAPKJ1iq-2nFhc5kZtexzutNY0LFjdwWL3Dw3Q--@1.0.0" has unmet peer dependency "tslib@2".
warning " > nodelite-2-NEul0cQ6tQPdNSHYzNYD-EfFabeYNvDwEiHB82kK-Tsfhfm84SM-baben-at2N51K7iRrJPr5hC5fi4-P88lNg--@3.17.0" has unmet peer dependency "react@^16.8.0 || ^17.0.0-rc.1 || ^18.0.0".
warning " > nodelite-2-NEwkF-ukXzI-Ku-6j6MhhqdMc5xMgDnuR6RwFPsoPq6UoHw9-ojifxg-sDj5e1gPoegNZ2nM8G6VmnPUGabg-g--@3.5.2" has unmet peer dependency "react@^16.8.0 || ^17.0.0-rc.1 || ^18.0.0".
warning " > nodelite-2-NFU3xcY-xwNaapVb-1uJ4n23XImoC86JNwkY-uduytSl2s9Ekc2EpzmRR63-ExitnW3Mab3Fba-wRPCT5oDILA--@8.0.1" has unmet peer dependency "postcss@^8.4".
warning " > nodelite-2-NIRE8Gha0XZTnbvh9JRZM7oI-6uLf6ozjB7myja29IX7hDvsZxITe0RFXBapcujlpXLU2uufssJPKpiwJm3vZQ--@3.8.0" has unmet peer dependency "react@^16.8.0 || ^17.0.0-rc.1 || ^18.0.0".
warning " > nodelite-2-NKk4pDbW2QXJOYnDSAYhta81CGwXOc-9tVw2WFs-1wacvxeKmh1Q-n36uAFcIdQOvVRqeGTJaYiqLFmF3fC3tA--@3.1.8" has unmet peer dependency "react@^16.8.0 || ^17.0.0-rc.1 || ^18.0.0".
warning " > nodelite-2-NMlFNeWgv1--uPsvLxvGQoIerPuVdXwK-EUek8OOkJ6wVOWPUizRBJU0hDqWZCOROVpfBgCemaC3m6jDOXi03g--@1.1.1" has unmet peer dependency "emoji-mart@^5.2".
warning " > nodelite-2-NMlFNeWgv1--uPsvLxvGQoIerPuVdXwK-EUek8OOkJ6wVOWPUizRBJU0hDqWZCOROVpfBgCemaC3m6jDOXi03g--@1.1.1" has unmet peer dependency "react@^16.8 || ^17 || ^18".
warning " > nodelite-2-NREkZsZVJS4xmTr8qzE5y8AfIPqsdQfRuUiLRTEzb7Qii8iFWCyDKaUV2c0rCuh4ljDZ98ALHP-PetiBV2nddA--@7.27.1" has unmet peer dependency "@babel/core@^7.0.0-0".
warning " > nodelite-2-NSq2fczJYKVRIsUJyNxrVUMhB27zb7N7pOFGQOhBKJrChbGcgEAqyZrmZswkPk18VMurEeJAaICbfm57vUeTbQ--@7.14.5" has unmet peer dependency "@babel/core@^7.0.0-0".
warning " > nodelite-2-NT7Ejn7Z-LjUH0Gv5KsBCxh7BH3fbLTV0ptHvpeMvrt3cPThHfJfst9Wrb7S8EvJ7vRTFI7z-VAvFVEQn-m5zQ--@7.25.9" has unmet peer dependency "@babel/core@^7.0.0-0".
warning " > nodelite-2-NVIY1W3ITDP5xQl50NgTKlZ0GrotKtLna08-uGY6ErQt6VEQZXla86x-CTddm5gZdcr-5GSsvMeTmWA5Ii6pkg--@7.14.5" has unmet peer dependency "@babel/core@^7.0.0-0".
warning " > nodelite-2-Nhh3TIEgN18mNbdXpd5Q8mSCBnrZQeY9V7Ca3dqYvNDStNIGRmJA6dmrIPMJ0kow3C7gcQbpsG2rPzy1Ks-AnA--@8.36.0" has unmet peer dependency "typescript@>=4.8.4 <5.9.0".
warning " > nodelite-2-NiaLH-7yqGksFGsFNvSRe2IV-qmEBAeDE64dYeD8OBrgp6lE8YoMeQJMtsv5ijo6MPyhuoOvFhI94reahBRDkw--@5.0.6" has unmet peer dependency "postcss@^8.2.15".
warning " > nodelite-2-Nl03d6T9ky516DGK2YMxrTqvnpUW63TnJMOMonj-Zae0JiPC5BC9xPMSL6L8fiSpA5vP88qfygavVQvnLp-6Cw--@7.26.3" has unmet peer dependency "@babel/core@^7.0.0-0".
warning " > nodelite-2-Nptf2FzlPCWYuJg41HBqXVT8ym6bXOevuCTbhxlUpjwtysGaIWFvDEjp4y-G7fl13FgOdjs7P-DmErqH7da0Ag--@27.5.1" has unmet peer dependency "@babel/core@^7.0.0".
warning " > nodelite-2-Nqcp-t5cTB8BinFkZgXiMJniQH0PsUt2k51FUhbdfeKvc4ACcG2uQniY-8-h1Yv6Kza4Q7lD7PQV0z0oicE0Mg--@1.1.11" has unmet peer dependency "react@^16.8 || ^17.0 || ^18.0 || ^19.0 || ^19.0.0-rc".
warning " > nodelite-2-Nqcp-t5cTB8BinFkZgXiMJniQH0PsUt2k51FUhbdfeKvc4ACcG2uQniY-8-h1Yv6Kza4Q7lD7PQV0z0oicE0Mg--@1.1.11" has unmet peer dependency "react-dom@^16.8 || ^17.0 || ^18.0 || ^19.0 || ^19.0.0-rc".
warning " > nodelite-2-NtQGmyQDXjQqQ-IzRkBVwEOz9lQ4zxAQZgoAYEtU9dJjnl1Oc98qnN7jcp-bE7O7aYzVpavXE3-VKXNzUbh7aw--@0.4.1" has unmet peer dependency "@babel/core@^7.0.0-0".
warning " > nodelite-2-NtVysVPkxxrwFGUUxGYhfux8k78pQB3JqYBXlLRZgdGUqTO5wU-UyHop5p70iEbGhB7q5KmiZiU0Y3KlJrScEw--@10.9.1" has unmet peer dependency "@types/node@*".
warning " > nodelite-2-NtVysVPkxxrwFGUUxGYhfux8k78pQB3JqYBXlLRZgdGUqTO5wU-UyHop5p70iEbGhB7q5KmiZiU0Y3KlJrScEw--@10.9.1" has unmet peer dependency "typescript@>=2.7".
warning " > nodelite-2-NuzCt5IIYOW0O30UvqktzHYR2ud5bOWbY0yaxWZ6G-aFzOMJvrs5YHNikrbdaT15-KNO31nPOy5Fim3ku6Zb5g--@7.20.11" has unmet peer dependency "@babel/core@^7.0.0-0".
warning " > nodelite-2-Nx054zovz6IIRWEB49RDRuXGI4Gy0GMgqG0cII9L3MxqgXz--rgII-RU58qpo4g7tNEx1jG7rRVH4ihZoP4esQ--@7.14.5" has unmet peer dependency "@babel/core@^7.0.0-0".
warning " > nodelite-2-NzGBXDa7aPsAcijXZeagnJBKBPMYLaJJzB8CQh6ncvyl2sIndLVWfbcDi0SBjRWk5VqEjXvf8tYwzoKf4Z07og--@5.1.0" has unmet peer dependency "postcss@^8.2.15".
warning " > nodelite-2-O0d0m04evaNzEPoSW-59Mezf8Qt0InfgGIBJnpC0h3NH-WjUAR7BIKUfysC6todmtiZ-A0oUVS8Gce0WhBrHsA--@7.0.1" has unmet peer dependency "eslint@^3.0.0 || ^4.0.0 || ^5.0.0 || ^6.0.0 || ^7.0.0 || ^8.0.0-0 || ^9.0.0".
warning " > nodelite-2-O0hDANrlwsKSKjiV64Ryx1FfNxkuByU9qXKz7vpMf8ZeR3OLAYzvib1RNeFvijM9-TUGp1zA40cwGknEp6D72w--@3.5.1" has unmet peer dependency "react@^16.8.0 || ^17.0.0-rc.1 || ^18.0.0".
warning " > nodelite-2-O0hDANrlwsKSKjiV64Ryx1FfNxkuByU9qXKz7vpMf8ZeR3OLAYzvib1RNeFvijM9-TUGp1zA40cwGknEp6D72w--@3.5.1" has unmet peer dependency "react-dom@^16.8.0 || ^17.0.0-rc.1 || ^18.0.0".
warning " > nodelite-2-O2Ixoapt5fa4VKZJgXhVwb6BHnzByIUDNMfZOhHWGMYk40GfGCho4MUfspLVrHAFLimgBPKXtCcJ8GC4YNZmfg--@0.11.0" has unmet peer dependency "eslint@^8.37.0 || ^9.0.0".
warning " > nodelite-2-O8morBEW-HsVG28gYDZPTrT9UUovQUlJue5YO836tiTJhuIWBm-zQHc7j388sHWtdH-xUZurK9olD2-pcqx5ww--@2.2.16" has unmet peer dependency "react@^16.8 || ^17.0 || ^18.0 || ^19.0 || ^19.0.0-rc".
warning " > nodelite-2-O8morBEW-HsVG28gYDZPTrT9UUovQUlJue5YO836tiTJhuIWBm-zQHc7j388sHWtdH-xUZurK9olD2-pcqx5ww--@2.2.16" has unmet peer dependency "react-dom@^16.8 || ^17.0 || ^18.0 || ^19.0 || ^19.0.0-rc".
warning " > nodelite-2-ODB7yg6lxhBVMeiH1c7E95FLD4E-TwmFjltiU-ethv7KPdCwgiFuOZg9zNRHyufStTDLl-dEFqI2Q1VPmCd78A--@7.17.0" has unmet peer dependency "eslint@^3.0.0 || ^4.0.0 || ^5.0.0 || ^6.0.0".
warning Ignored scripts due to flag.
