warning " > nodelite-2-PkEmDd5zpbz-7fudxyb6qL9sBMTPlzpSIh85AapGhjgRSUSRSGuJLj49R35fQ-44c4K5bHMPEsGZjMR0oDsGdg--@13.4.0" has unmet peer dependency "@angular/core@13.4.0".
warning " > nodelite-2-Q40HEhs9DJQyaZfUjjn6vE8Cv4GmMHCYuMGIWUnlxH6400VGxOuwWsPt4FxXxJkC-5eOzgn0z21M9gMT4MOhbw--@7.18.6" has unmet peer dependency "@babel/core@^7.0.0-0".
warning " > nodelite-2-QELlRWxSpgdwdJzSJn4WAhKC-hvw-AtHbbrIoncKHkhKKR-luAlKkgBDcri1EzWAo8f8VvYVryEHN4tax-V67A--@7.23.5" has unmet peer dependency "@babel/core@^7.0.0".
warning " > nodelite-2-QR41YXySiuN---dC9UArYOg4X86OAYP83OWTewpVx5ct1IZhjjgTLocj7QNxGhWoTqknsgpl7L-hGygCO-sdYw--@6.19.0" has unmet peer dependency "eslint@^7.0.0 || ^8.0.0".
warning " > nodelite-2-QcKuUU-dgNsstIK6HELFRT5Y3lbrMLEOwG-A4s5cA-fx3A3y-JTq3X9LaOj3OC3ALH0XqyrgQIgey-MIZ8Wczw--@6.0.4" has unmet peer dependency "postcss@^8.4".
warning " > nodelite-2-QnNTazY54YqgGxwIexMZva9gqbPa15t-x9VS-0fsEFWplwVpXYZivtgl43Z1vMpc1bdPP2PP8siFeVcnFvA3Cg--@7.23.3" has unmet peer dependency "@babel/core@^7.0.0-0".
warning " > nodelite-2-RDxHkAiEGI78gS2ofyvCsu7iycRv7oqw5xMWn9iMoR0N-7mf9D50ecQqUo5BZ9Zh2vH4bCUR-ktCqbB9m8vJjQ--@4.0.0" has unmet peer dependency "postcss@^8.1.0".
warning " > nodelite-2-RE9KL7pRj-3lkJjdSR2uKmqiG0gqjnoVCMbSLG93pWrmzNIhElmlkiDaK39aMHGl836dc68Usv9CEisyVnRqHQ--@13.4.0" has unmet peer dependency "rxjs@^6.5.3 || ^7.4.0".
warning " > nodelite-2-RE9KL7pRj-3lkJjdSR2uKmqiG0gqjnoVCMbSLG93pWrmzNIhElmlkiDaK39aMHGl836dc68Usv9CEisyVnRqHQ--@13.4.0" has unmet peer dependency "zone.js@~0.11.4".
warning " > nodelite-2-RHXxplCeLh9VjinvMrZONq7im4wjWGlRJAqmAVLXyZaXwfDWP73-oq4NdIp-OZwhQUMj0zjqDfM5Fj7qby-B4g--@5.0.4" has unmet peer dependency "postcss@^8.4".
warning " > nodelite-2-RrqQ-BQmU3Oyav3J-7-myfvRCq7Tbz-kKLLshUmMwNlDHExbGL7ARhajvoBJEvc-fCguPPu887N-3RRXBVKZUA--@7.23.3" has unmet peer dependency "@babel/core@^7.0.0-0".
warning " > nodelite-2-SOSkfJDddaM7mak6cPEpswyTRnuRltl429hMraQEglW-OkovnCzsiszTmsrlY--qLFjCpQDFRvjdm2wA5pPm9w--@7.21.0-placeholder-for-preset-env.2" has unmet peer dependency "@babel/core@^7.0.0-0".
warning " > nodelite-2-T7RjG4fRsdiGGzbQZ6Kj39qYt6O1-KIcR4FkUNsD3DUGkd-AzpwzN-xtk0DXlLWEz5BaVdK1SzMgQDVw879c4Q--@0.9.2" has unmet peer dependency "rxjs@^7.0.0".
warning " > nodelite-2-TTbAfBBRdWD7aNNOoVOBH4pN-KigV6LyapYNNlAPA8JwbovRti1E88m3sYAwsLi5ryhPKsE9APwnjFTgdUjTpw--@1.1.4" has unmet peer dependency "request@^2.34".
warning " > nodelite-2-UQuEtbqLNkPf5Nr-6PPRCtr9xypXY-g8y-Q7gPa0YK7eDhh0y2lWprXRnaYbW7ACgIUvpDKy9X2bZqxtGzBG9Q--@46.9.0" has unmet peer dependency "eslint@^7.0.0 || ^8.0.0".
warning " > nodelite-2-UveGcLsDkTh1oaagWSIFOuTdED1foQ11y-Hz6jKuHqAPX2Xx1i3VC6j6r3zfUCr97hA3yl1KdCg-23Tt6b2K2Q--@13.4.0" has unmet peer dependency "@angular/core@13.4.0".
warning " > nodelite-2-UveGcLsDkTh1oaagWSIFOuTdED1foQ11y-Hz6jKuHqAPX2Xx1i3VC6j6r3zfUCr97hA3yl1KdCg-23Tt6b2K2Q--@13.4.0" has unmet peer dependency "@angular/common@13.4.0".
warning " > nodelite-2-UzqRcRtWsDMTLrRWFvUBDwmw06tCQH9Rl1uAjfh6ijMSmGYQ-fpdB-cnqRC8EMh5tuuxSv0-TejGL-7vyj-50g--@7.23.3" has unmet peer dependency "@babel/core@^7.0.0-0".
warning " > nodelite-2-V6jIbLhdJK86MaLh4Jpghi8ho5fGzt3imHOBu-x0jlBaPYqDoWz4RDXjmMOfnh-JWNaQleEAByZLV0QzBT4YQQ--@7.23.4" has unmet peer dependency "@babel/core@^7.0.0-0".
warning " > nodelite-2-VS90XWtsHGqoM0t4KpH053c4ehxZ2E6HtGI7x68YFV0pTo-QmkV-YFA-NnlvK8guxZVNWGQhVNJGC39Q8XF4OQ--@3.0.3" has unmet peer dependency "postcss@^8.4".
warning " > nodelite-2-Vd8uewIixGP93sEnmTRIH6jHZYRQRkGPDPpapACMvitJKX8335VHNyqKTE-mZ-m3E2c5VznTZfSsSsS5IF7vUA--@5.27.1" has unmet peer dependency "eslint@^6.0.0 || ^7.0.0 || ^8.0.0".
warning " > nodelite-2-Vse0xpR1K9MNlp2j5w1pgWIJtm1a8qS0JwS9goFYcImjlHEmywP9VUF05aGBXzGpDJF86QXk4L0ypBmwPhGArw--@3.0.4" has unmet peer dependency "postcss@^8.4".
warning " > nodelite-2-VvfVYlrlBVu-77xVTOAoxQ6mZbnIq5FM0aGBSFEcIh03qHf-zNqA4DC-3XMUozTg7bZV3e3mZQ0i13VB6v5yUg--@7.23.3" has unmet peer dependency "@babel/core@^7.0.0-0".
warning " > nodelite-2-W7lliA-v9bNR83Qc3q1ip9CQMZ09CcHDbHfbLRDNuAhn1Mvkr1ZNF7hPmztMQvtTGVLJ9m8IZqWsTkXOml8dbw--@7.23.3" has unmet peer dependency "@babel/core@^7.0.0".
warning " > nodelite-2-WbbYpmAaKcux-P66bZ40bpWsBucjx-TTgVVzRZ9yUO8yQfVBlameJ0ZGVaPfH64hNSBh63a-ICP5nqOpBA0w-Q--@6.2.1" has unmet peer dependency "postcss@^7.0.0 || ^8.0.1".
warning " > nodelite-2-WbbYpmAaKcux-P66bZ40bpWsBucjx-TTgVVzRZ9yUO8yQfVBlameJ0ZGVaPfH64hNSBh63a-ICP5nqOpBA0w-Q--@6.2.1" has unmet peer dependency "webpack@^5.0.0".
warning " > nodelite-2-WwlxbfMNdVEpQjZmK5mhm7oSwD3dS6eU-Iwsi4Knl9wAletWem7kaRsGOG-8UEbRyqxY4SS5zvtfXwX-jMxUwQ--@7.23.3" has unmet peer dependency "@babel/core@^7.13.0".
warning " > nodelite-2-X8jSm8X1CMwxmK878qsUGJRmbysKNbdpTv-O1-v0LuY-ZkZrng5WYiekYSdg9m09OTmDDUWeEDsTE-17WYbAZw--@7.23.3" has unmet peer dependency "@babel/core@^7.0.0-0".
warning " > nodelite-2-XCuCbeuxWFyo3EYrgEYx7eHzwl76vaWcxtWXl00ka8d-WAOtMQ6Tf1D98ybYT5uwF9889fFpXAPw98mVnlo3MA--@13.3.9" has unmet peer dependency "@angular/core@^13.0.0 || ^14.0.0-0".
warning " > nodelite-2-XCuCbeuxWFyo3EYrgEYx7eHzwl76vaWcxtWXl00ka8d-WAOtMQ6Tf1D98ybYT5uwF9889fFpXAPw98mVnlo3MA--@13.3.9" has unmet peer dependency "@angular/common@^13.0.0 || ^14.0.0-0".
warning " > nodelite-2-XCuCbeuxWFyo3EYrgEYx7eHzwl76vaWcxtWXl00ka8d-WAOtMQ6Tf1D98ybYT5uwF9889fFpXAPw98mVnlo3MA--@13.3.9" has unmet peer dependency "rxjs@^6.5.3 || ^7.4.0".
warning " > nodelite-2-XIidXV8fDr0kKt28vqki84fRK8VW8eTuIa4PChv2MqKuT6C9UjmSKzen6KaWhWEoYvwxFCa7n-tC1SZ3tyq4SQ--@5.0.2" has unmet peer dependency "postcss@^8.2".
warning " > nodelite-2-XIq8t0rJPHf6Wvmbn9nFxU6ao4c7WhghTR5WyV8SrJfUFzyxhCm4nhC-iAp3HFhbAKLfYpgzhJ6t4XCtVwqO5A--@7.23.4" has unmet peer dependency "@babel/core@^7.0.0-0".
warning Ignored scripts due to flag.
