warning " > nodelite-2-C4bBaX2orvhK-LlwrY8oWGmSl4WolCfYm513gEccdWZj0CwGadbIADb0FtVEcI-WzUyjyoBj2JRP8g25E6IB8A--@6.17.0" has unmet peer dependency "eslint@^7.0.0 || ^8.0.0".
warning " > nodelite-2-DHbPqRaxW7GmnkxqZaaasgC5OaFTeTBrmr7MJUsqsSGePHWuJYWU4QS3Fn86zd-VESJgBGmq2aCDEUmzfjnRQA--@13.4.0" has unmet peer dependency "@angular/core@13.4.0".
warning " > nodelite-2-DHbPqRaxW7GmnkxqZaaasgC5OaFTeTBrmr7MJUsqsSGePHWuJYWU4QS3Fn86zd-VESJgBGmq2aCDEUmzfjnRQA--@13.4.0" has unmet peer dependency "rxjs@^6.5.3 || ^7.4.0".
warning " > nodelite-2-DUCUkQNklCQYnrBSSikjVChdc84-vMPDQSgJTHBZ64G9bA9w0Crc0rd2diujKbTdp6w2J47qkeHQLoi0rpLCdg--@6.19.0" has unmet peer dependency "@typescript-eslint/parser@^6.0.0 || ^6.0.0-alpha".
warning " > nodelite-2-DUCUkQNklCQYnrBSSikjVChdc84-vMPDQSgJTHBZ64G9bA9w0Crc0rd2diujKbTdp6w2J47qkeHQLoi0rpLCdg--@6.19.0" has unmet peer dependency "eslint@^7.0.0 || ^8.0.0".
warning " > nodelite-2-DjZyYrsHhkikAFNvSNKrpnziXukU1EChFAh9j4LAm6ndPLPW8cN0KhM7T-RAiOqsQ6ABfQ8hoKIs9IWMTjov-w--@5.2.2" has unmet peer dependency "webpack@^4.0.0 || ^5.0.0".
warning " > nodelite-2-EB2MELswq55OHUoRZLGg-zC7QWUKfNLpE57m-S2yr1uEneIgsTgrSzXP3NXEsMkVn76OlaVVnzN-ugObuYGwhg--@7.23.3" has unmet peer dependency "@babel/core@^7.0.0-0".
warning " > nodelite-2-ED2fgqZLmexWiN-YNFX26fx4gh5qHDhn1O2gvEhreLW2iI63Sqm4llRLCXALKrCnbN4Jy0VcMQZl-SAzqug-jg--@7.23.3" has unmet peer dependency "@babel/core@^7.0.0-0".
warning " > nodelite-2-EwMkYchxiDiKUhlJGzWsD9b2zvq-r2SSubcRrgP-jujMXFzqvANLt16lJANC-5uZ6hjI7lpRmI6O8JIl-8l1KA--@10.2.0" has unmet peer dependency "postcss@^8.2".
warning " > nodelite-2-FU8lcMgo-AL8ckd27B4V097ZPoIZNRHiCe3wpgkImT1qC0YwcyXZVn0MqQTTFSdC9a-aI8wPm3AbTClJEVw5Vw--@13.3.9" has unmet peer dependency "@angular/animations@^13.0.0 || ^14.0.0-0".
warning " > nodelite-2-FU8lcMgo-AL8ckd27B4V097ZPoIZNRHiCe3wpgkImT1qC0YwcyXZVn0MqQTTFSdC9a-aI8wPm3AbTClJEVw5Vw--@13.3.9" has unmet peer dependency "@angular/cdk@13.3.9".
warning " > nodelite-2-FU8lcMgo-AL8ckd27B4V097ZPoIZNRHiCe3wpgkImT1qC0YwcyXZVn0MqQTTFSdC9a-aI8wPm3AbTClJEVw5Vw--@13.3.9" has unmet peer dependency "@angular/core@^13.0.0 || ^14.0.0-0".
warning " > nodelite-2-FU8lcMgo-AL8ckd27B4V097ZPoIZNRHiCe3wpgkImT1qC0YwcyXZVn0MqQTTFSdC9a-aI8wPm3AbTClJEVw5Vw--@13.3.9" has unmet peer dependency "@angular/common@^13.0.0 || ^14.0.0-0".
warning " > nodelite-2-FU8lcMgo-AL8ckd27B4V097ZPoIZNRHiCe3wpgkImT1qC0YwcyXZVn0MqQTTFSdC9a-aI8wPm3AbTClJEVw5Vw--@13.3.9" has unmet peer dependency "@angular/forms@^13.0.0 || ^14.0.0-0".
warning " > nodelite-2-FU8lcMgo-AL8ckd27B4V097ZPoIZNRHiCe3wpgkImT1qC0YwcyXZVn0MqQTTFSdC9a-aI8wPm3AbTClJEVw5Vw--@13.3.9" has unmet peer dependency "@angular/platform-browser@^13.0.0 || ^14.0.0-0".
warning " > nodelite-2-FU8lcMgo-AL8ckd27B4V097ZPoIZNRHiCe3wpgkImT1qC0YwcyXZVn0MqQTTFSdC9a-aI8wPm3AbTClJEVw5Vw--@13.3.9" has unmet peer dependency "rxjs@^6.5.3 || ^7.4.0".
warning " > nodelite-2-Flok06AYNp7GV2oJPZZcP9vZdszev6vPBkHLwxwSpaIqx75wn6mUd3UFWsSsA0l8nXAKkyCmL-sR02m8RYGeHg--@7.23.3" has unmet peer dependency "@babel/core@^7.0.0-0".
warning " > nodelite-2-GKGWqWvYr04M7tn8dryIWvb0s8YM41z82iQv01yBtIylgxax0CwvSy6gc2Y02iuXwEfGWRlMicH0nvms9UZphw--@3.0.0" has unmet peer dependency "webpack@^5.0.0".
warning " > nodelite-2-GX-FuE-uBR6eskOK-4vkXgT6pDkexLokPaz-AbJna9s5Kzp-yl488pKPjhy0obB475ovfT1Wv8ho7U-cHNaRgQ--@3.1.2" has unmet peer dependency "postcss@^8.2".
warning " > nodelite-2-GzuSBcKkx62dGzZI1WVgTWvkkz84FZO5TC5T8dl-Tht-rAla6Dg-Mz9Yhypg-ezVACf-rgDuQt3kbWEv7LdUDQ--@7.23.4" has unmet peer dependency "@babel/core@^7.0.0-0".
warning " > nodelite-2-HZOyN9g-rtvnOU3Yh7kSxXrKbzgrm5X4GncPY1QOquu7epga5MxKHVpYu2hvQnry-H-JjckSYRb93iNfsioAGg--@7.23.3" has unmet peer dependency "@babel/core@^7.0.0-0".
warning " > nodelite-2-HrcgcIESLm9aIR842yhJ5RWan-gebQUJ6E-E5-rf0y9o6oj7w0Br-sWuL6kEQ-o-AdfvR1Je9jG18-gnpwjEyA--@0.1.6-no-external-plugins" has unmet peer dependency "@babel/core@^7.0.0-0 || ^8.0.0-0 <8.0.0".
warning " > nodelite-2-I1QXp1LxIvt8yLaib49dRW5Okt7Q4oaxao6tFVKS-anCdEOMtYwWVKoiOA1p34GOWIZjUK0E-zCp7-l1pfQyiw--@7.23.3" has unmet peer dependency "@babel/core@^7.0.0-0".
warning " > nodelite-2-ID2yj6K-4lKfhuU3-EX4UvNbIt7eACFbHmNUjzA-ep-B5971CknnA-9DEWKbRokfbbtblxxxXFJJrH47UEAMVg--@0.1.6" has unmet peer dependency "@babel/core@^7.0.0-0 || ^8.0.0-0 <8.0.0".
warning " > nodelite-2-IJ8R-ZCFMHOcDIqoABs82jal00VrZx8Xkgfe7TOKoaRPAW5nH-VFlG23bXpeGdrmtqI9UobFPgUKgCuFc7Lncw--@0.0.2" has unmet peer dependency "rxjs@^6.0.0".
warning " > nodelite-2-ISJJGgkIpDdBhWVu3jufsWpK3Rzo7bdiIXJjQc0ynKxVOVcg2oIrf2H2cejminGrptVc6q6-uynAHNCuWGbpVA--@8.10.2" has unmet peer dependency "typescript@>=2.7".
warning " > nodelite-2-IYY-HYS4fSddJLs2pAkMkKhHL07driUILPxGnGLblfWuoJBhRspyrVL3uZc3Q4iJXc1RJfaOno9oRw11FGyL6Q--@13.5.0" has unmet peer dependency "eslint@^7.0.0 || ^8.0.0".
warning " > nodelite-2-IYY-HYS4fSddJLs2pAkMkKhHL07driUILPxGnGLblfWuoJBhRspyrVL3uZc3Q4iJXc1RJfaOno9oRw11FGyL6Q--@13.5.0" has unmet peer dependency "typescript@*".
warning " > nodelite-2-IcC3Y5WhreIV0uT90ITqJVgRqFjGwH72hftwLxkslaX-FJDcL36mhsNdyN66BJiuX7R85xUxHq3PEb9cZrllJA--@0.1301.4" has unmet peer dependency "webpack@^5.30.0".
warning " > nodelite-2-IcC3Y5WhreIV0uT90ITqJVgRqFjGwH72hftwLxkslaX-FJDcL36mhsNdyN66BJiuX7R85xUxHq3PEb9cZrllJA--@0.1301.4" has unmet peer dependency "webpack-dev-server@^4.0.0".
warning Ignored scripts due to flag.
