warning " > nodelite-2-5dsDc7qVQGRoc6pvCL20eYgRUxepZ9FpeK28XhdXaIPP6kXr6nI1zAAKFQgP5OBkOfKaURp4WUpJzspg1f01Gg--@6.2.0" has unmet peer dependency "stylus@>=0.52.4".
warning " > nodelite-2-5dsDc7qVQGRoc6pvCL20eYgRUxepZ9FpeK28XhdXaIPP6kXr6nI1zAAKFQgP5OBkOfKaURp4WUpJzspg1f01Gg--@6.2.0" has unmet peer dependency "webpack@^5.0.0".
warning " > nodelite-2-5fhCsl1odX96u7ILKHBj4-Y8vipoqwsJMh4csSA8qFfxrZDEA4Ssku2DyNvMJSmZNOEBT750LfFPbtrnTP90BQ--@7.23.3" has unmet peer dependency "@babel/core@^7.0.0-0".
warning " > nodelite-2-5gdGbFon-PszYzqs83S3E5mpi7-y-8M9eC90MRTZfduQOYW76ig6SOSPNe41IG5LoP3FGBn2N0RjVDSQiS94kQ--@7.8.3" has unmet peer dependency "@babel/core@^7.0.0-0".
warning " > nodelite-2-5p6WTN0DdTGVQk6VjcEju19IgaHudalcfabD7yhDGeA6bcQnmL-CpveLJq-3hvfwd1aof6L386Ougkx6RfyMIQ--@3.5.2" has unmet peer dependency "ajv@^6.9.1".
warning " > nodelite-2-6IsY8jOeWibsengGlWIezp7cuZEFzNlAghFpzh9wiZwhQ42-hRcPnY-QV9HJoKTlujupinSlnQPiEy-u2C1ZfQ--@7.23.5" has unmet peer dependency "@babel/core@^7.0.0-0".
warning " > nodelite-2-6VPD0Pc1lpTqw0aKoeRTMiB-kWhAoT24PA-ksWSBrFtl5SIRVpZlwN3NNPQjehA2E-91FV3RjLWoVTglWcSV3Q--@7.8.3" has unmet peer dependency "@babel/core@^7.0.0-0".
warning " > nodelite-2-727YkEAPwSIQTv5im8QHz3upqp92JTWhidIC81Tdx4VJYIte-VndKf1qKrfnnhPLiPghStWfvC-iFaMCQu7Nqg--@7.18.6" has unmet peer dependency "@babel/core@^7.0.0".
warning " > nodelite-2-7bBs4ED9OmswdfDzpz4MpWgSrV7FXlc3zIagvLFjS5H-Mk7Snr21vQ6QwrsoCGMfNC4e4LQPdoULEt4ykz0SRQ--@7.23.3" has unmet peer dependency "@babel/core@^7.0.0".
warning " > nodelite-2-7nZPG1uzK2Ymhy-NbaOWTg3uibM2BmGASS4vHS4szRZAIR8R6GwA-xAujpdrXU5iyklrimWnLWU-BLF9suPTqg--@0.9.0" has unmet peer dependency "@babel/core@^7.4.0 || ^8.0.0-0 <8.0.0".
warning " > nodelite-2-7vd3UC6xKp0HLfua5IjZlcXvGAGy7cBAXTg2lyQ-8WpNhd6SiZ8Be-xm3FyBSYJx5GKcpRCzBh7RH4-0dnY-uQ--@10.4.16" has unmet peer dependency "postcss@^8.1.0".
warning " > nodelite-2-7xN-8khDIzym1oL9XyS6zP6Ges-Bo2B2xbPrjdMHEYyV3AQYhd-wXeru--3ODHF0zMjYmVadblSKrPrjEkL8mg--@12.4.0" has unmet peer dependency "webpack@^5.0.0".
warning " > nodelite-2-7yi25vDAoHAkbhAzX9dHx2yc6ntS4jQvejrNcC-csQJAXjj15e7VcWfMgLqBNAbOvqi5uIa9huOVwdHbf-sKqg--@8.0.2" has unmet peer dependency "postcss@^8.3".
warning " > nodelite-2-81nTOqM1dMwZ-aRXQ59zVubN9wHGqk6UtqRK--q-ciXmRy8fSolhGVvG09HHRGo4l6fr-c4ZhXUQH0uFW7PZbg--@7.23.4" has unmet peer dependency "@babel/core@^7.0.0-0".
warning " > nodelite-2-8Q3veQEDGe14dTYuwagbRtwxQDnytyg1JFu4-HwEMETeofocrB0U0ejBJIXoeG-t2oXZ8kzCyI0ZZfbT80VFNQ--@7.23.9" has unmet peer dependency "@babel/core@^7.0.0-0".
warning " > nodelite-2-8hOdmFYFSZhqg2C-JgLUQ-t52o5nirNwaWM2B9LWteozwIvM14VSwdsCAUET10qT-kmySAlseadmfeeSWFCy-Q--@0.3.3" has unmet peer dependency "@babel/core@^7.0.0-0".
warning " > nodelite-2-9EiNjVJOMwCO-43TqoTrgQ8jMwcAd0sWyXi9RPfIsLTj4R2MADDDQXELhffaUx-uJv2AYcxBgPwH6j4TIA4ytQ--@7.23.3" has unmet peer dependency "@babel/core@^7.0.0-0".
warning " > nodelite-2-9G3K1YqTq3F4Vt88Djx1UZ79PDyj-yKRnUy7cZGSMe-a7jkwD259uKKuUzQlPkGam7R-8RJwh5z4xO27fA1o2A--@7.23.4" has unmet peer dependency "@babel/core@^7.0.0-0".
warning " > nodelite-2-9H6YdfkcK-uOnY-K7-aA2xpzaAgkQn37yzWUMRK7OaPOqOpGS1-n0H5hxT9AUw9EsSjPW8SVyMJwYRtWs3X3ug--@7.10.4" has unmet peer dependency "@babel/core@^7.0.0-0".
warning " > nodelite-2-9T2r9rsvYzm5ndsBE8WgtrMlIT7VbtTfE7b3BQnudUqnBcBo7L758oc-o-pdj-dUV0l5wjwSdjeOH2DZtfv8qw--@4.0.7" has unmet peer dependency "postcss@^8.2".
warning " > nodelite-2-9sCtZkO6f-5ML9WcTLcIyV1yz9D1rf0tWc-ulKcvV30s0iZKS-ONyETvoWsr6vnrmW-X-KmuK3gV-w5EWnT37w--@7.1.6" has unmet peer dependency "postcss@^8.2".
warning " > nodelite-2-9x9K1YyeQVw0iOXJlIzwm8ltobIIv7j2iLyP2jIhEbqPRQ7ScNgwQufU2I0Gq11VjyG4gI4yMXt2VFags-1N3g--@7.23.4" has unmet peer dependency "@babel/core@^7.0.0-0".
warning " > nodelite-2-A2qPlgpxx2v--3meMqQyB1qqTg1h1dJvzca7TugM3Yc2USDY-fsRBiojAEo92HO7f5hW5mjAUF6qobOPzlBCBQ--@6.13.1" has unmet peer dependency "eslint@^7.0.0 || ^8.0.0".
warning " > nodelite-2-A7LFsKi4U4fomjqXJlZg-u0ft-n8-7n7lpffUP-ZULx-DtV9SGlNKZolHH6PE8Xl1ngCc0M11OaeZptXVkfKSw--@7.23.3" has unmet peer dependency "@babel/core@^7.0.0-0".
warning " > nodelite-2-A7clW3a0aSjm3ONU9o2HAILSegJCYlEZmOhmBRReVtIpY-Z-p7yIZ-wR41Z-UipwdGuqwtID-V-dOdZXjwi9gQ--@7.23.9" has unmet peer dependency "@babel/core@^7.0.0-0".
warning " > nodelite-2-ASA9W1aIy5ygskZYuWams4BzafD12ULvSypmaLJT2jvQ8G0M3I8PRQhC0h7mG0Z3LI05-agZjqSR9-K9yaQQjA--@1.3.0" has unmet peer dependency "postcss@^8.3".
warning " > nodelite-2-AV5KHWvCezW27GT90WATaDnfXBv99llDbtaj4bshq6DvAihMdNjaPDcUMa6EXKLRF-P2opFenJp89BXg91XLYg--@10.2.0" has unmet peer dependency "less@^3.5.0 || ^4.0.0".
warning " > nodelite-2-AV5KHWvCezW27GT90WATaDnfXBv99llDbtaj4bshq6DvAihMdNjaPDcUMa6EXKLRF-P2opFenJp89BXg91XLYg--@10.2.0" has unmet peer dependency "webpack@^5.0.0".
warning " > nodelite-2-BJ2pVK4KhUyMcqjuKs9RijV5tatNzNa73e-32aBVE-ejYPe37iH-6vAu9WvqUkB5OAYgLHzbSvzHnorybJCm9g--@14.0.2" has unmet peer dependency "postcss@^8.0.0".
warning " > nodelite-2-BbPC0cuExzhiMo4Ff1BTVwHpjjv28C5R-btTOGaCRC7UEz801up0JadwkeSk5Ued6TG34uaczuVuH6qyy5YUxw--@2.29.1" has unmet peer dependency "eslint@^2 || ^3 || ^4 || ^5 || ^6 || ^7.2.0 || ^8".
warning " > nodelite-2-BwQ8q0x2JG-3lxCVFohg-KbQM7plfpBwThdW9A6TMtWwLsbDA01Ek2Zb-AgDN39BiZsExm4qrXxjk-P1-fzGrA--@7.23.3" has unmet peer dependency "@babel/core@^7.0.0-0".
warning Ignored scripts due to flag.
