npm ERR! code ERESOLVE
npm ERR! ERESOLVE unable to resolve dependency tree
npm ERR! 
npm ERR! While resolving: react-transition-group@4.4.5
npm ERR! Found: react@18.0.0
npm ERR! node_modules/react
npm ERR!   dev react@"^18.0.0" from the root project
npm ERR! 
npm ERR! Could not resolve dependency:
npm ERR! peer react@"^16.8.0" from @restart/hooks@0.3.22
npm ERR! node_modules/@restart/hooks
npm ERR!   dev @restart/hooks@"^0.3.22" from the root project
npm ERR! 
npm ERR! Fix the upstream dependency conflict, or retry
npm ERR! this command with --force or --legacy-peer-deps
npm ERR! to accept an incorrect (and potentially broken) dependency resolution.
npm ERR! 
npm ERR! 
npm ERR! For a full report see:
npm ERR! /root/.npm/_logs/2026-09-04T06_39_44_540Z-eresolve-report.txt

npm ERR! A complete log of this run can be found in:
npm ERR!     /root/.npm/_logs/2026-09-04T06_39_44_540Z-debug-0.log
