npm WARN EBADENGINE Unsupported engine {
npm WARN EBADENGINE   package: 'nock@0.0.0-development',
npm WARN EBADENGINE   required: { node: '>=18.20.0 <20 || >=20.12.1' },
npm WARN EBADENGINE   current: { node: 'v18.19.1', npm: '9.2.0' }
npm WARN EBADENGINE }
npm WARN EBADENGINE Unsupported engine {
npm WARN EBADENGINE   package: '@semantic-release/commit-analyzer@13.0.0',
npm WARN EBADENGINE   required: { node: '>=20.8.1' },
npm WARN EBADENGINE   current: { node: 'v18.19.1', npm: '9.2.0' }
npm WARN EBADENGINE }
npm WARN EBADENGINE Unsupported engine {
npm WARN EBADENGINE   package: '@semantic-release/github@11.0.1',
npm WARN EBADENGINE   required: { node: '>=20.8.1' },
npm WARN EBADENGINE   current: { node: 'v18.19.1', npm: '9.2.0' }
npm WARN EBADENGINE }
npm WARN EBADENGINE Unsupported engine {
npm WARN EBADENGINE   package: '@semantic-release/npm@12.0.1',
npm WARN EBADENGINE   required: { node: '>=20.8.1' },
npm WARN EBADENGINE   current: { node: 'v18.19.1', npm: '9.2.0' }
npm WARN EBADENGINE }
npm WARN EBADENGINE Unsupported engine {
npm WARN EBADENGINE   package: '@semantic-release/release-notes-generator@14.0.1',
npm WARN EBADENGINE   required: { node: '>=20.8.1' },
npm WARN EBADENGINE   current: { node: 'v18.19.1', npm: '9.2.0' }
npm WARN EBADENGINE }
npm WARN EBADENGINE Unsupported engine {
npm WARN EBADENGINE   package: 'semantic-release@24.2.0',
npm WARN EBADENGINE   required: { node: '>=20.8.1' },
npm WARN EBADENGINE   current: { node: 'v18.19.1', npm: '9.2.0' }
npm WARN EBADENGINE }
