npm WARN ERESOLVE overriding peer dependency
npm WARN While resolving: cosmiconfig@8.3.6
npm WARN Found: typescript@4.9.4
npm WARN node_modules/typescript
npm WARN   dev typescript@"4.9.4" from the root project
npm WARN   1 more (cosmiconfig-typescript-loader)
npm WARN 
npm WARN Could not resolve dependency:
npm WARN peerOptional typescript@">=4.9.5" from cosmiconfig@8.3.6
npm WARN node_modules/cosmiconfig
npm WARN   cosmiconfig@"^8.3.6" from @commitlint/load@18.6.0
npm WARN   node_modules/@commitlint/load
npm WARN   1 more (cosmiconfig-typescript-loader)
npm WARN 
npm WARN Conflicting peer dependency: typescript@7.0.2
npm WARN node_modules/typescript
npm WARN   peerOptional typescript@">=4.9.5" from cosmiconfig@8.3.6
npm WARN   node_modules/cosmiconfig
npm WARN     cosmiconfig@"^8.3.6" from @commitlint/load@18.6.0
npm WARN     node_modules/@commitlint/load
npm WARN     1 more (cosmiconfig-typescript-loader)
npm ERR! code ERESOLVE
npm ERR! ERESOLVE could not resolve
npm ERR! 
npm ERR! While resolving: pug-loader@2.4.0
npm ERR! Found: pug@3.0.2
npm ERR! node_modules/pug
npm ERR!   dev pug@"3.0.2" from the root project
npm ERR! 
npm ERR! Could not resolve dependency:
npm ERR! peer pug@"^2.0.0" from pug-loader@2.4.0
npm ERR! node_modules/pug-loader
npm ERR!   dev pug-loader@"2.4.0" from the root project
npm ERR! 
npm ERR! Conflicting peer dependency: pug@2.0.4
npm ERR! node_modules/pug
npm ERR!   peer pug@"^2.0.0" from pug-loader@2.4.0
npm ERR!   node_modules/pug-loader
npm ERR!     dev pug-loader@"2.4.0" from the root project
npm ERR! 
npm ERR! Fix the upstream dependency conflict, or retry
npm ERR! this command with --force or --legacy-peer-deps
npm ERR! to accept an incorrect (and potentially broken) dependency resolution.
npm ERR! 
npm ERR! 
npm ERR! For a full report see:
npm ERR! /root/.npm/_logs/2026-09-04T06_30_19_377Z-eresolve-report.txt

npm ERR! A complete log of this run can be found in:
npm ERR!     /root/.npm/_logs/2026-09-04T06_30_19_377Z-debug-0.log
