➤ YN0000: ┌ Resolution step
➤ YN0002: │ @docsearch/react@npm:3.1.1 [29be6] doesn't provide @algolia/client-search (p06e9e), requested by @algolia/autocomplete-preset-algolia
➤ YN0002: │ @emotion/jest@workspace:packages/jest doesn't provide enzyme (pe2762), requested by enzyme-to-json
➤ YN0060: │ @emotion/native@workspace:packages/native provides react (pe3c9f) with version 16.14.0, which doesn't satisfy what react-native and some of its descendants request
➤ YN0002: │ @emotion/primitives@workspace:packages/primitives doesn't provide react-art (pc6054), requested by react-primitives
➤ YN0002: │ @emotion/primitives@workspace:packages/primitives doesn't provide react-dom (pad93d), requested by enzyme-adapter-react-16
➤ YN0002: │ @emotion/primitives@workspace:packages/primitives doesn't provide react-dom (pfc03f), requested by react-primitives
➤ YN0002: │ @emotion/primitives@workspace:packages/primitives doesn't provide react-native-web (peb228), requested by react-primitives
➤ YN0002: │ @parcel/node-resolver-core@npm:3.4.2 doesn't provide @parcel/core (p52aea), requested by @parcel/fs
➤ YN0002: │ @parcel/types@npm:2.13.2 doesn't provide @parcel/core (p00fcb), requested by @parcel/workers
➤ YN0002: │ babel-preset-emotion-dev@workspace:scripts/babel-preset-emotion-dev doesn't provide @babel/core (p97d18), requested by @babel/plugin-proposal-class-properties
➤ YN0002: │ babel-tester@workspace:scripts/babel-tester doesn't provide @babel/core (p3837f), requested by @babel/plugin-syntax-class-properties
➤ YN0002: │ babel-tester@workspace:scripts/babel-tester doesn't provide @babel/core (p440b4), requested by @babel/plugin-syntax-object-rest-spread
➤ YN0060: │ benchmarks@workspace:scripts/benchmarks provides react (p83a1a) with version 16.14.0, which doesn't satisfy what react-native-web requests
➤ YN0060: │ benchmarks@workspace:scripts/benchmarks provides react-dom (p3591a) with version 16.14.0, which doesn't satisfy what react-native-web requests
➤ YN0060: │ emotion-monorepo@workspace:. provides react (pbdc5f) with version 16.14.0, which doesn't satisfy what react-native and some of its descendants request
➤ YN0060: │ emotion-monorepo@workspace:. provides react (p1a43a) with version 16.14.0, which doesn't satisfy what react-dom requests
➤ YN0060: │ emotion-monorepo@workspace:. provides react (p639e7) with version 16.14.0, which doesn't satisfy what react-test-renderer and some of its descendants request
➤ YN0002: │ emotion-monorepo@workspace:. doesn't provide react-art (p71d09), requested by react-primitives
➤ YN0002: │ emotion-monorepo@workspace:. doesn't provide react-native-web (peed21), requested by react-primitives
➤ YN0060: │ emotion-site@workspace:site provides react (pce732) with version 16.14.0, which doesn't satisfy what next and some of its descendants request
➤ YN0060: │ emotion-site@workspace:site provides react-dom (pbd550) with version 16.14.0, which doesn't satisfy what next requests
➤ YN0060: │ nextjs-playground@workspace:playgrounds/nextjs provides react (pf136d) with version 16.14.0, which doesn't satisfy what next and some of its descendants request
➤ YN0060: │ nextjs-playground@workspace:playgrounds/nextjs provides react-dom (p1267e) with version 16.14.0, which doesn't satisfy what next requests
➤ YN0060: │ postcss-normalize@npm:8.0.1 provides browserslist (p31ded) with version 3.2.8, which doesn't satisfy what postcss-browser-comments requests
➤ YN0000: │ Some peer dependencies are incorrectly met; run yarn explain peer-requirements <hash> for details, where <hash> is the six-letter p-prefixed code
➤ YN0000: └ Completed in 0s 287ms
➤ YN0000: ┌ Fetch step
➤ YN0013: │ @lmdb/lmdb-linux-x64@npm:2.8.5 can't be found in the cache and will be fetched from the remote registry
➤ YN0013: │ @msgpackr-extract/msgpackr-extract-linux-x64@npm:3.0.3 can't be found in the cache and will be fetched from the remote registry
➤ YN0013: │ @next/swc-linux-x64-gnu@npm:12.2.0 can't be found in the cache and will be fetched from the remote registry
➤ YN0013: │ @parcel/watcher-linux-x64-glibc@npm:2.5.0 can't be found in the cache and will be fetched from the remote registry
➤ YN0013: │ @swc/core-linux-x64-gnu@npm:1.10.1 can't be found in the cache and will be fetched from the remote registry
➤ YN0013: │ @msgpackr-extract/msgpackr-extract-linux-x64@npm:3.0.3 can't be found in the cache and will be fetched from the remote registry
➤ YN0013: │ @next/swc-linux-x64-gnu@npm:12.2.0 can't be found in the cache and will be fetched from the remote registry
➤ YN0013: │ @parcel/watcher-linux-x64-glibc@npm:2.5.0 can't be found in the cache and will be fetched from the remote registry
➤ YN0013: │ @swc/core-linux-x64-gnu@npm:1.10.1 can't be found in the cache and will be fetched from the remote registry
➤ YN0013: │ lightningcss-linux-x64-gnu@npm:1.28.2 can't be found in the cache and will be fetched from the remote registry
➤ YN0000: └ Completed in 38s 456ms
➤ YN0000: ┌ Link step
➤ YN0073: │ Skipped due to mode=update-lockfile
➤ YN0000: └ Completed
➤ YN0000: Done with warnings in 39s 143ms
